Plan Test Shards	UNKNOWN STEP	﻿2026-02-25T19:46:53.3558082Z Current runner version: '2.331.0'
Plan Test Shards	UNKNOWN STEP	2026-02-25T19:46:53.3584415Z ##[group]Runner Image Provisioner
Plan Test Shards	UNKNOWN STEP	2026-02-25T19:46:53.3585215Z Hosted Compute Agent
Plan Test Shards	UNKNOWN STEP	2026-02-25T19:46:53.3585849Z Version: 20260213.493
Plan Test Shards	UNKNOWN STEP	2026-02-25T19:46:53.3586470Z Commit: 5c115507f6dd24b8de37d8bbe0bb4509d0cc0fa3
Plan Test Shards	UNKNOWN STEP	2026-02-25T19:46:53.3587131Z Build Date: 2026-02-13T00:28:41Z
Plan Test Shards	UNKNOWN STEP	2026-02-25T19:46:53.3587901Z Worker ID: {fae4117a-3b4b-499a-8bf2-8720459b1eea}
Plan Test Shards	UNKNOWN STEP	2026-02-25T19:46:53.3588597Z Azure Region: northcentralus
Plan Test Shards	UNKNOWN STEP	2026-02-25T19:46:53.3589140Z ##[endgroup]
Plan Test Shards	UNKNOWN STEP	2026-02-25T19:46:53.3591379Z ##[group]Operating System
Plan Test Shards	UNKNOWN STEP	2026-02-25T19:46:53.3591974Z Ubuntu
Plan Test Shards	UNKNOWN STEP	2026-02-25T19:46:53.3592462Z 24.04.3
Plan Test Shards	UNKNOWN STEP	2026-02-25T19:46:53.3593003Z LTS
Plan Test Shards	UNKNOWN STEP	2026-02-25T19:46:53.3593479Z ##[endgroup]
Plan Test Shards	UNKNOWN STEP	2026-02-25T19:46:53.3593943Z ##[group]Runner Image
Plan Test Shards	UNKNOWN STEP	2026-02-25T19:46:53.3594562Z Image: ubuntu-24.04
Plan Test Shards	UNKNOWN STEP	2026-02-25T19:46:53.3595087Z Version: 20260224.36.1
Plan Test Shards	UNKNOWN STEP	2026-02-25T19:46:53.3596306Z Included Software: https://github.com/actions/runner-images/blob/ubuntu24/20260224.36/images/ubuntu/Ubuntu2404-Readme.md
Plan Test Shards	UNKNOWN STEP	2026-02-25T19:46:53.3597790Z Image Release: https://github.com/actions/runner-images/releases/tag/ubuntu24%2F20260224.36
Plan Test Shards	UNKNOWN STEP	2026-02-25T19:46:53.3598676Z ##[endgroup]
Plan Test Shards	UNKNOWN STEP	2026-02-25T19:46:53.3600019Z ##[group]GITHUB_TOKEN Permissions
Plan Test Shards	UNKNOWN STEP	2026-02-25T19:46:53.3602080Z Contents: read
Plan Test Shards	UNKNOWN STEP	2026-02-25T19:46:53.3602714Z Metadata: read
Plan Test Shards	UNKNOWN STEP	2026-02-25T19:46:53.3603269Z Packages: read
Plan Test Shards	UNKNOWN STEP	2026-02-25T19:46:53.3603748Z ##[endgroup]
Plan Test Shards	UNKNOWN STEP	2026-02-25T19:46:53.3606090Z Secret source: Actions
Plan Test Shards	UNKNOWN STEP	2026-02-25T19:46:53.3607156Z Prepare workflow directory
Plan Test Shards	UNKNOWN STEP	2026-02-25T19:46:53.4010747Z Prepare all required actions
Plan Test Shards	UNKNOWN STEP	2026-02-25T19:46:53.4048636Z Getting action download info
Plan Test Shards	UNKNOWN STEP	2026-02-25T19:46:53.7148893Z Download action repository 'actions/checkout@v4' (SHA:34e114876b0b11c390a56381ad16ebd13914f8d5)
Plan Test Shards	UNKNOWN STEP	2026-02-25T19:46:53.9664668Z Complete job name: Plan Test Shards
Plan Test Shards	UNKNOWN STEP	2026-02-25T19:46:54.0376962Z ##[group]Run actions/checkout@v4
Plan Test Shards	UNKNOWN STEP	2026-02-25T19:46:54.0377850Z with:
Plan Test Shards	UNKNOWN STEP	2026-02-25T19:46:54.0378256Z   repository: floffel/substitution
Plan Test Shards	UNKNOWN STEP	2026-02-25T19:46:54.0378944Z   token: ***
Plan Test Shards	UNKNOWN STEP	2026-02-25T19:46:54.0379347Z   ssh-strict: true
Plan Test Shards	UNKNOWN STEP	2026-02-25T19:46:54.0379920Z   ssh-user: git
Plan Test Shards	UNKNOWN STEP	2026-02-25T19:46:54.0380328Z   persist-credentials: true
Plan Test Shards	UNKNOWN STEP	2026-02-25T19:46:54.0380774Z   clean: true
Plan Test Shards	UNKNOWN STEP	2026-02-25T19:46:54.0381179Z   sparse-checkout-cone-mode: true
Plan Test Shards	UNKNOWN STEP	2026-02-25T19:46:54.0381693Z   fetch-depth: 1
Plan Test Shards	UNKNOWN STEP	2026-02-25T19:46:54.0382118Z   fetch-tags: false
Plan Test Shards	UNKNOWN STEP	2026-02-25T19:46:54.0382549Z   show-progress: true
Plan Test Shards	UNKNOWN STEP	2026-02-25T19:46:54.0382988Z   lfs: false
Plan Test Shards	UNKNOWN STEP	2026-02-25T19:46:54.0383344Z   submodules: false
Plan Test Shards	UNKNOWN STEP	2026-02-25T19:46:54.0383745Z   set-safe-directory: true
Plan Test Shards	UNKNOWN STEP	2026-02-25T19:46:54.0384431Z env:
Plan Test Shards	UNKNOWN STEP	2026-02-25T19:46:54.0384946Z   CACHE_VERSION: v1
Plan Test Shards	UNKNOWN STEP	2026-02-25T19:46:54.0385489Z ##[endgroup]
Plan Test Shards	UNKNOWN STEP	2026-02-25T19:46:54.1525083Z Syncing repository: floffel/substitution
Plan Test Shards	UNKNOWN STEP	2026-02-25T19:46:54.1526774Z ##[group]Getting Git version info
Plan Test Shards	UNKNOWN STEP	2026-02-25T19:46:54.1527568Z Working directory is '/home/runner/work/substitution/substitution'
Plan Test Shards	UNKNOWN STEP	2026-02-25T19:46:54.1528978Z [command]/usr/bin/git version
Plan Test Shards	UNKNOWN STEP	2026-02-25T19:46:54.1615672Z git version 2.53.0
Plan Test Shards	UNKNOWN STEP	2026-02-25T19:46:54.1643132Z ##[endgroup]
Plan Test Shards	UNKNOWN STEP	2026-02-25T19:46:54.1659380Z Temporarily overriding HOME='/home/runner/work/_temp/440faf87-4cd2-4086-a024-2a4c5ed674b9' before making global git config changes
Plan Test Shards	UNKNOWN STEP	2026-02-25T19:46:54.1662160Z Adding repository directory to the temporary git global config as a safe directory
Plan Test Shards	UNKNOWN STEP	2026-02-25T19:46:54.1666748Z [command]/usr/bin/git config --global --add safe.directory /home/runner/work/substitution/substitution
Plan Test Shards	UNKNOWN STEP	2026-02-25T19:46:54.1710372Z Deleting the contents of '/home/runner/work/substitution/substitution'
Plan Test Shards	UNKNOWN STEP	2026-02-25T19:46:54.1714531Z ##[group]Initializing the repository
Plan Test Shards	UNKNOWN STEP	2026-02-25T19:46:54.1719569Z [command]/usr/bin/git init /home/runner/work/substitution/substitution
Plan Test Shards	UNKNOWN STEP	2026-02-25T19:46:54.1871386Z hint: Using 'master' as the name for the initial branch. This default branch name
Plan Test Shards	UNKNOWN STEP	2026-02-25T19:46:54.1873118Z hint: will change to "main" in Git 3.0. To configure the initial branch name
Plan Test Shards	UNKNOWN STEP	2026-02-25T19:46:54.1874334Z hint: to use in all of your new repositories, which will suppress this warning,
Plan Test Shards	UNKNOWN STEP	2026-02-25T19:46:54.1875851Z hint: call:
Plan Test Shards	UNKNOWN STEP	2026-02-25T19:46:54.1876416Z hint:
Plan Test Shards	UNKNOWN STEP	2026-02-25T19:46:54.1877332Z hint: 	git config --global init.defaultBranch <name>
Plan Test Shards	UNKNOWN STEP	2026-02-25T19:46:54.1878420Z hint:
Plan Test Shards	UNKNOWN STEP	2026-02-25T19:46:54.1879429Z hint: Names commonly chosen instead of 'master' are 'main', 'trunk' and
Plan Test Shards	UNKNOWN STEP	2026-02-25T19:46:54.1881307Z hint: 'development'. The just-created branch can be renamed via this command:
Plan Test Shards	UNKNOWN STEP	2026-02-25T19:46:54.1882597Z hint:
Plan Test Shards	UNKNOWN STEP	2026-02-25T19:46:54.1883278Z hint: 	git branch -m <name>
Plan Test Shards	UNKNOWN STEP	2026-02-25T19:46:54.1884072Z hint:
Plan Test Shards	UNKNOWN STEP	2026-02-25T19:46:54.1885067Z hint: Disable this message with "git config set advice.defaultBranchName false"
Plan Test Shards	UNKNOWN STEP	2026-02-25T19:46:54.1886833Z Initialized empty Git repository in /home/runner/work/substitution/substitution/.git/
Plan Test Shards	UNKNOWN STEP	2026-02-25T19:46:54.1890594Z [command]/usr/bin/git remote add origin https://github.com/floffel/substitution
Plan Test Shards	UNKNOWN STEP	2026-02-25T19:46:54.1932113Z ##[endgroup]
Plan Test Shards	UNKNOWN STEP	2026-02-25T19:46:54.1933311Z ##[group]Disabling automatic garbage collection
Plan Test Shards	UNKNOWN STEP	2026-02-25T19:46:54.1937443Z [command]/usr/bin/git config --local gc.auto 0
Plan Test Shards	UNKNOWN STEP	2026-02-25T19:46:54.1968747Z ##[endgroup]
Plan Test Shards	UNKNOWN STEP	2026-02-25T19:46:54.1970254Z ##[group]Setting up auth
Plan Test Shards	UNKNOWN STEP	2026-02-25T19:46:54.1976994Z [command]/usr/bin/git config --local --name-only --get-regexp core\.sshCommand
Plan Test Shards	UNKNOWN STEP	2026-02-25T19:46:54.2011046Z [command]/usr/bin/git submodule foreach --recursive sh -c "git config --local --name-only --get-regexp 'core\.sshCommand' && git config --local --unset-all 'core.sshCommand' || :"
Plan Test Shards	UNKNOWN STEP	2026-02-25T19:46:54.2406668Z [command]/usr/bin/git config --local --name-only --get-regexp http\.https\:\/\/github\.com\/\.extraheader
Plan Test Shards	UNKNOWN STEP	2026-02-25T19:46:54.2440973Z [command]/usr/bin/git submodule foreach --recursive sh -c "git config --local --name-only --get-regexp 'http\.https\:\/\/github\.com\/\.extraheader' && git config --local --unset-all 'http.https://github.com/.extraheader' || :"
Plan Test Shards	UNKNOWN STEP	2026-02-25T19:46:54.2676311Z [command]/usr/bin/git config --local --name-only --get-regexp ^includeIf\.gitdir:
Plan Test Shards	UNKNOWN STEP	2026-02-25T19:46:54.2717988Z [command]/usr/bin/git submodule foreach --recursive git config --local --show-origin --name-only --get-regexp remote.origin.url
Plan Test Shards	UNKNOWN STEP	2026-02-25T19:46:54.2960223Z [command]/usr/bin/git config --local http.https://github.com/.extraheader AUTHORIZATION: basic ***
Plan Test Shards	UNKNOWN STEP	2026-02-25T19:46:54.2997893Z ##[endgroup]
Plan Test Shards	UNKNOWN STEP	2026-02-25T19:46:54.2998765Z ##[group]Fetching the repository
Plan Test Shards	UNKNOWN STEP	2026-02-25T19:46:54.3007025Z [command]/usr/bin/git -c protocol.version=2 fetch --no-tags --prune --no-recurse-submodules --depth=1 origin +0408461b08eee1bbe2c516702bd1813b916d3e4c:refs/remotes/pull/1/merge
Plan Test Shards	UNKNOWN STEP	2026-02-25T19:46:55.4080860Z From https://github.com/floffel/substitution
Plan Test Shards	UNKNOWN STEP	2026-02-25T19:46:55.4082721Z  * [new ref]         0408461b08eee1bbe2c516702bd1813b916d3e4c -> pull/1/merge
Plan Test Shards	UNKNOWN STEP	2026-02-25T19:46:55.4120359Z ##[endgroup]
Plan Test Shards	UNKNOWN STEP	2026-02-25T19:46:55.4121694Z ##[group]Determining the checkout info
Plan Test Shards	UNKNOWN STEP	2026-02-25T19:46:55.4124181Z ##[endgroup]
Plan Test Shards	UNKNOWN STEP	2026-02-25T19:46:55.4129059Z [command]/usr/bin/git sparse-checkout disable
Plan Test Shards	UNKNOWN STEP	2026-02-25T19:46:55.4177301Z [command]/usr/bin/git config --local --unset-all extensions.worktreeConfig
Plan Test Shards	UNKNOWN STEP	2026-02-25T19:46:55.4207514Z ##[group]Checking out the ref
Plan Test Shards	UNKNOWN STEP	2026-02-25T19:46:55.4212265Z [command]/usr/bin/git checkout --progress --force refs/remotes/pull/1/merge
Plan Test Shards	UNKNOWN STEP	2026-02-25T19:46:55.7113188Z Note: switching to 'refs/remotes/pull/1/merge'.
Plan Test Shards	UNKNOWN STEP	2026-02-25T19:46:55.7114272Z 
Plan Test Shards	UNKNOWN STEP	2026-02-25T19:46:55.7115033Z You are in 'detached HEAD' state. You can look around, make experimental
Plan Test Shards	UNKNOWN STEP	2026-02-25T19:46:55.7116709Z changes and commit them, and you can discard any commits you make in this
Plan Test Shards	UNKNOWN STEP	2026-02-25T19:46:55.7118142Z state without impacting any branches by switching back to a branch.
Plan Test Shards	UNKNOWN STEP	2026-02-25T19:46:55.7118927Z 
Plan Test Shards	UNKNOWN STEP	2026-02-25T19:46:55.7119498Z If you want to create a new branch to retain commits you create, you may
Plan Test Shards	UNKNOWN STEP	2026-02-25T19:46:55.7121108Z do so (now or later) by using -c with the switch command. Example:
Plan Test Shards	UNKNOWN STEP	2026-02-25T19:46:55.7121974Z 
Plan Test Shards	UNKNOWN STEP	2026-02-25T19:46:55.7122333Z   git switch -c <new-branch-name>
Plan Test Shards	UNKNOWN STEP	2026-02-25T19:46:55.7122907Z 
Plan Test Shards	UNKNOWN STEP	2026-02-25T19:46:55.7123251Z Or undo this operation with:
Plan Test Shards	UNKNOWN STEP	2026-02-25T19:46:55.7123784Z 
Plan Test Shards	UNKNOWN STEP	2026-02-25T19:46:55.7124382Z   git switch -
Plan Test Shards	UNKNOWN STEP	2026-02-25T19:46:55.7124809Z 
Plan Test Shards	UNKNOWN STEP	2026-02-25T19:46:55.7125579Z Turn off this advice by setting config variable advice.detachedHead to false
Plan Test Shards	UNKNOWN STEP	2026-02-25T19:46:55.7126648Z 
Plan Test Shards	UNKNOWN STEP	2026-02-25T19:46:55.7127784Z HEAD is now at 0408461 Merge 86c2f4a4443179a61e99b4f5d2c467a0f9c43a72 into 74cc852017b0f1fdeb37326726f5fee7effe2248
Plan Test Shards	UNKNOWN STEP	2026-02-25T19:46:55.7131693Z ##[endgroup]
Plan Test Shards	UNKNOWN STEP	2026-02-25T19:46:55.7172518Z [command]/usr/bin/git log -1 --format=%H
Plan Test Shards	UNKNOWN STEP	2026-02-25T19:46:55.7196897Z 0408461b08eee1bbe2c516702bd1813b916d3e4c
Plan Test Shards	UNKNOWN STEP	2026-02-25T19:46:55.7416354Z ##[group]Run # Count integration test files
Plan Test Shards	UNKNOWN STEP	2026-02-25T19:46:55.7417853Z [36;1m# Count integration test files[0m
Plan Test Shards	UNKNOWN STEP	2026-02-25T19:46:55.7419845Z [36;1mTOTAL_TESTS=$(find integration_test -maxdepth 1 -name '*_test.dart' | wc -l)[0m
Plan Test Shards	UNKNOWN STEP	2026-02-25T19:46:55.7421858Z [36;1mecho "Total integration tests: $TOTAL_TESTS"[0m
Plan Test Shards	UNKNOWN STEP	2026-02-25T19:46:55.7423229Z [36;1m[0m
Plan Test Shards	UNKNOWN STEP	2026-02-25T19:46:55.7424384Z [36;1m# Max 5 tests per runner (increased sharding for speed)[0m
Plan Test Shards	UNKNOWN STEP	2026-02-25T19:46:55.7425867Z [36;1mMAX_PER_RUNNER=5[0m
Plan Test Shards	UNKNOWN STEP	2026-02-25T19:46:55.7427306Z [36;1mSHARD_COUNT=$(( (TOTAL_TESTS + MAX_PER_RUNNER - 1) / MAX_PER_RUNNER ))[0m
Plan Test Shards	UNKNOWN STEP	2026-02-25T19:46:55.7428869Z [36;1m[0m
Plan Test Shards	UNKNOWN STEP	2026-02-25T19:46:55.7429998Z [36;1mif [ "$SHARD_COUNT" -eq 0 ]; then SHARD_COUNT=1; fi[0m
Plan Test Shards	UNKNOWN STEP	2026-02-25T19:46:55.7431503Z [36;1mecho "Calculated shard count: $SHARD_COUNT"[0m
Plan Test Shards	UNKNOWN STEP	2026-02-25T19:46:55.7432744Z [36;1m[0m
Plan Test Shards	UNKNOWN STEP	2026-02-25T19:46:55.7433747Z [36;1m# Create a JSON array [0, 1, 2, ..., SHARD_COUNT-1][0m
Plan Test Shards	UNKNOWN STEP	2026-02-25T19:46:55.7435419Z [36;1mMATRIX_JSON=$(seq 0 $((SHARD_COUNT - 1)) | jq -R . | jq -s -c .)[0m
Plan Test Shards	UNKNOWN STEP	2026-02-25T19:46:55.7437112Z [36;1mecho "shard_matrix=$MATRIX_JSON" >> $GITHUB_OUTPUT[0m
Plan Test Shards	UNKNOWN STEP	2026-02-25T19:46:55.7438640Z [36;1mecho "shard_count=$SHARD_COUNT" >> $GITHUB_OUTPUT[0m
Plan Test Shards	UNKNOWN STEP	2026-02-25T19:46:55.7495020Z shell: /usr/bin/bash -e {0}
Plan Test Shards	UNKNOWN STEP	2026-02-25T19:46:55.7496054Z env:
Plan Test Shards	UNKNOWN STEP	2026-02-25T19:46:55.7496852Z   CACHE_VERSION: v1
Plan Test Shards	UNKNOWN STEP	2026-02-25T19:46:55.7497723Z ##[endgroup]
Plan Test Shards	UNKNOWN STEP	2026-02-25T19:46:55.7688923Z Total integration tests: 32
Plan Test Shards	UNKNOWN STEP	2026-02-25T19:46:55.7690944Z Calculated shard count: 7
Plan Test Shards	UNKNOWN STEP	2026-02-25T19:46:55.8156332Z Post job cleanup.
Plan Test Shards	UNKNOWN STEP	2026-02-25T19:46:55.9145128Z [command]/usr/bin/git version
Plan Test Shards	UNKNOWN STEP	2026-02-25T19:46:55.9182249Z git version 2.53.0
Plan Test Shards	UNKNOWN STEP	2026-02-25T19:46:55.9227464Z Temporarily overriding HOME='/home/runner/work/_temp/fdc379c4-e153-4de4-9de9-ce46f8ceae73' before making global git config changes
Plan Test Shards	UNKNOWN STEP	2026-02-25T19:46:55.9230482Z Adding repository directory to the temporary git global config as a safe directory
Plan Test Shards	UNKNOWN STEP	2026-02-25T19:46:55.9242842Z [command]/usr/bin/git config --global --add safe.directory /home/runner/work/substitution/substitution
Plan Test Shards	UNKNOWN STEP	2026-02-25T19:46:55.9281758Z [command]/usr/bin/git config --local --name-only --get-regexp core\.sshCommand
Plan Test Shards	UNKNOWN STEP	2026-02-25T19:46:55.9316541Z [command]/usr/bin/git submodule foreach --recursive sh -c "git config --local --name-only --get-regexp 'core\.sshCommand' && git config --local --unset-all 'core.sshCommand' || :"
Plan Test Shards	UNKNOWN STEP	2026-02-25T19:46:55.9563123Z [command]/usr/bin/git config --local --name-only --get-regexp http\.https\:\/\/github\.com\/\.extraheader
Plan Test Shards	UNKNOWN STEP	2026-02-25T19:46:55.9586846Z http.https://github.com/.extraheader
Plan Test Shards	UNKNOWN STEP	2026-02-25T19:46:55.9601688Z [command]/usr/bin/git config --local --unset-all http.https://github.com/.extraheader
Plan Test Shards	UNKNOWN STEP	2026-02-25T19:46:55.9638569Z [command]/usr/bin/git submodule foreach --recursive sh -c "git config --local --name-only --get-regexp 'http\.https\:\/\/github\.com\/\.extraheader' && git config --local --unset-all 'http.https://github.com/.extraheader' || :"
Plan Test Shards	UNKNOWN STEP	2026-02-25T19:46:55.9878295Z [command]/usr/bin/git config --local --name-only --get-regexp ^includeIf\.gitdir:
Plan Test Shards	UNKNOWN STEP	2026-02-25T19:46:55.9911362Z [command]/usr/bin/git submodule foreach --recursive git config --local --show-origin --name-only --get-regexp remote.origin.url
Plan Test Shards	UNKNOWN STEP	2026-02-25T19:46:56.0272770Z Evaluate and set job outputs
Plan Test Shards	UNKNOWN STEP	2026-02-25T19:46:56.0282169Z Set output 'shard_count'
Plan Test Shards	UNKNOWN STEP	2026-02-25T19:46:56.0284648Z Set output 'shard_matrix'
Plan Test Shards	UNKNOWN STEP	2026-02-25T19:46:56.0286658Z Cleaning up orphan processes
Setup & Validation	UNKNOWN STEP	﻿2026-02-25T19:47:01.4235665Z Current runner version: '2.331.0'
Setup & Validation	UNKNOWN STEP	2026-02-25T19:47:01.4260569Z ##[group]Runner Image Provisioner
Setup & Validation	UNKNOWN STEP	2026-02-25T19:47:01.4261457Z Hosted Compute Agent
Setup & Validation	UNKNOWN STEP	2026-02-25T19:47:01.4262130Z Version: 20260213.493
Setup & Validation	UNKNOWN STEP	2026-02-25T19:47:01.4262737Z Commit: 5c115507f6dd24b8de37d8bbe0bb4509d0cc0fa3
Setup & Validation	UNKNOWN STEP	2026-02-25T19:47:01.4263460Z Build Date: 2026-02-13T00:28:41Z
Setup & Validation	UNKNOWN STEP	2026-02-25T19:47:01.4264174Z Worker ID: {116cede2-3c30-4255-9f9c-a962be35e20d}
Setup & Validation	UNKNOWN STEP	2026-02-25T19:47:01.4264916Z Azure Region: westus3
Setup & Validation	UNKNOWN STEP	2026-02-25T19:47:01.4265446Z ##[endgroup]
Setup & Validation	UNKNOWN STEP	2026-02-25T19:47:01.4267461Z ##[group]Operating System
Setup & Validation	UNKNOWN STEP	2026-02-25T19:47:01.4268275Z Ubuntu
Setup & Validation	UNKNOWN STEP	2026-02-25T19:47:01.4268802Z 24.04.3
Setup & Validation	UNKNOWN STEP	2026-02-25T19:47:01.4269369Z LTS
Setup & Validation	UNKNOWN STEP	2026-02-25T19:47:01.4269833Z ##[endgroup]
Setup & Validation	UNKNOWN STEP	2026-02-25T19:47:01.4270349Z ##[group]Runner Image
Setup & Validation	UNKNOWN STEP	2026-02-25T19:47:01.4270870Z Image: ubuntu-24.04
Setup & Validation	UNKNOWN STEP	2026-02-25T19:47:01.4271464Z Version: 20260224.36.1
Setup & Validation	UNKNOWN STEP	2026-02-25T19:47:01.4272681Z Included Software: https://github.com/actions/runner-images/blob/ubuntu24/20260224.36/images/ubuntu/Ubuntu2404-Readme.md
Setup & Validation	UNKNOWN STEP	2026-02-25T19:47:01.4274221Z Image Release: https://github.com/actions/runner-images/releases/tag/ubuntu24%2F20260224.36
Setup & Validation	UNKNOWN STEP	2026-02-25T19:47:01.4275150Z ##[endgroup]
Setup & Validation	UNKNOWN STEP	2026-02-25T19:47:01.4276302Z ##[group]GITHUB_TOKEN Permissions
Setup & Validation	UNKNOWN STEP	2026-02-25T19:47:01.4278493Z Contents: read
Setup & Validation	UNKNOWN STEP	2026-02-25T19:47:01.4279065Z Metadata: read
Setup & Validation	UNKNOWN STEP	2026-02-25T19:47:01.4279827Z Packages: read
Setup & Validation	UNKNOWN STEP	2026-02-25T19:47:01.4280314Z ##[endgroup]
Setup & Validation	UNKNOWN STEP	2026-02-25T19:47:01.4282390Z Secret source: Actions
Setup & Validation	UNKNOWN STEP	2026-02-25T19:47:01.4283204Z Prepare workflow directory
Setup & Validation	UNKNOWN STEP	2026-02-25T19:47:01.4726273Z Prepare all required actions
Setup & Validation	UNKNOWN STEP	2026-02-25T19:47:01.4764645Z Getting action download info
Setup & Validation	UNKNOWN STEP	2026-02-25T19:47:01.8993937Z Download action repository 'actions/checkout@v4' (SHA:34e114876b0b11c390a56381ad16ebd13914f8d5)
Setup & Validation	UNKNOWN STEP	2026-02-25T19:47:03.1219174Z Download action repository 'subosito/flutter-action@v2' (SHA:fd55f4c5af5b953cc57a2be44cb082c8f6635e8e)
Setup & Validation	UNKNOWN STEP	2026-02-25T19:47:03.9055419Z Getting action download info
Setup & Validation	UNKNOWN STEP	2026-02-25T19:47:04.0923797Z Download action repository 'actions/cache@v4' (SHA:0057852bfaa89a56745cba8c7296529d2fc39830)
Setup & Validation	UNKNOWN STEP	2026-02-25T19:47:04.2836046Z Complete job name: Setup & Validation
Setup & Validation	UNKNOWN STEP	2026-02-25T19:47:04.3522112Z ##[group]Run actions/checkout@v4
Setup & Validation	UNKNOWN STEP	2026-02-25T19:47:04.3522754Z with:
Setup & Validation	UNKNOWN STEP	2026-02-25T19:47:04.3523027Z   repository: floffel/substitution
Setup & Validation	UNKNOWN STEP	2026-02-25T19:47:04.3523509Z   token: ***
Setup & Validation	UNKNOWN STEP	2026-02-25T19:47:04.3523759Z   ssh-strict: true
Setup & Validation	UNKNOWN STEP	2026-02-25T19:47:04.3524006Z   ssh-user: git
Setup & Validation	UNKNOWN STEP	2026-02-25T19:47:04.3524267Z   persist-credentials: true
Setup & Validation	UNKNOWN STEP	2026-02-25T19:47:04.3524551Z   clean: true
Setup & Validation	UNKNOWN STEP	2026-02-25T19:47:04.3524829Z   sparse-checkout-cone-mode: true
Setup & Validation	UNKNOWN STEP	2026-02-25T19:47:04.3525136Z   fetch-depth: 1
Setup & Validation	UNKNOWN STEP	2026-02-25T19:47:04.3525397Z   fetch-tags: false
Setup & Validation	UNKNOWN STEP	2026-02-25T19:47:04.3525653Z   show-progress: true
Setup & Validation	UNKNOWN STEP	2026-02-25T19:47:04.3525911Z   lfs: false
Setup & Validation	UNKNOWN STEP	2026-02-25T19:47:04.3526142Z   submodules: false
Setup & Validation	UNKNOWN STEP	2026-02-25T19:47:04.3526394Z   set-safe-directory: true
Setup & Validation	UNKNOWN STEP	2026-02-25T19:47:04.3526883Z env:
Setup & Validation	UNKNOWN STEP	2026-02-25T19:47:04.3527114Z   CACHE_VERSION: v1
Setup & Validation	UNKNOWN STEP	2026-02-25T19:47:04.3527365Z ##[endgroup]
Setup & Validation	UNKNOWN STEP	2026-02-25T19:47:04.4653254Z Syncing repository: floffel/substitution
Setup & Validation	UNKNOWN STEP	2026-02-25T19:47:04.4655083Z ##[group]Getting Git version info
Setup & Validation	UNKNOWN STEP	2026-02-25T19:47:04.4655660Z Working directory is '/home/runner/work/substitution/substitution'
Setup & Validation	UNKNOWN STEP	2026-02-25T19:47:04.4656344Z [command]/usr/bin/git version
Setup & Validation	UNKNOWN STEP	2026-02-25T19:47:04.5819816Z git version 2.53.0
Setup & Validation	UNKNOWN STEP	2026-02-25T19:47:04.5847490Z ##[endgroup]
Setup & Validation	UNKNOWN STEP	2026-02-25T19:47:04.5863099Z Temporarily overriding HOME='/home/runner/work/_temp/c170859b-d9da-4f0f-88f0-6022edd160d7' before making global git config changes
Setup & Validation	UNKNOWN STEP	2026-02-25T19:47:04.5864840Z Adding repository directory to the temporary git global config as a safe directory
Setup & Validation	UNKNOWN STEP	2026-02-25T19:47:04.5868822Z [command]/usr/bin/git config --global --add safe.directory /home/runner/work/substitution/substitution
Setup & Validation	UNKNOWN STEP	2026-02-25T19:47:04.5950601Z Deleting the contents of '/home/runner/work/substitution/substitution'
Setup & Validation	UNKNOWN STEP	2026-02-25T19:47:04.5954372Z ##[group]Initializing the repository
Setup & Validation	UNKNOWN STEP	2026-02-25T19:47:04.5958628Z [command]/usr/bin/git init /home/runner/work/substitution/substitution
Setup & Validation	UNKNOWN STEP	2026-02-25T19:47:04.6475840Z hint: Using 'master' as the name for the initial branch. This default branch name
Setup & Validation	UNKNOWN STEP	2026-02-25T19:47:04.6476788Z hint: will change to "main" in Git 3.0. To configure the initial branch name
Setup & Validation	UNKNOWN STEP	2026-02-25T19:47:04.6477480Z hint: to use in all of your new repositories, which will suppress this warning,
Setup & Validation	UNKNOWN STEP	2026-02-25T19:47:04.6478137Z hint: call:
Setup & Validation	UNKNOWN STEP	2026-02-25T19:47:04.6478386Z hint:
Setup & Validation	UNKNOWN STEP	2026-02-25T19:47:04.6478742Z hint: 	git config --global init.defaultBranch <name>
Setup & Validation	UNKNOWN STEP	2026-02-25T19:47:04.6479146Z hint:
Setup & Validation	UNKNOWN STEP	2026-02-25T19:47:04.6479528Z hint: Names commonly chosen instead of 'master' are 'main', 'trunk' and
Setup & Validation	UNKNOWN STEP	2026-02-25T19:47:04.6480165Z hint: 'development'. The just-created branch can be renamed via this command:
Setup & Validation	UNKNOWN STEP	2026-02-25T19:47:04.6480658Z hint:
Setup & Validation	UNKNOWN STEP	2026-02-25T19:47:04.6480928Z hint: 	git branch -m <name>
Setup & Validation	UNKNOWN STEP	2026-02-25T19:47:04.6481228Z hint:
Setup & Validation	UNKNOWN STEP	2026-02-25T19:47:04.6481637Z hint: Disable this message with "git config set advice.defaultBranchName false"
Setup & Validation	UNKNOWN STEP	2026-02-25T19:47:04.6507197Z Initialized empty Git repository in /home/runner/work/substitution/substitution/.git/
Setup & Validation	UNKNOWN STEP	2026-02-25T19:47:04.6520799Z [command]/usr/bin/git remote add origin https://github.com/floffel/substitution
Setup & Validation	UNKNOWN STEP	2026-02-25T19:47:04.6596853Z ##[endgroup]
Setup & Validation	UNKNOWN STEP	2026-02-25T19:47:04.6597496Z ##[group]Disabling automatic garbage collection
Setup & Validation	UNKNOWN STEP	2026-02-25T19:47:04.6601919Z [command]/usr/bin/git config --local gc.auto 0
Setup & Validation	UNKNOWN STEP	2026-02-25T19:47:04.6631850Z ##[endgroup]
Setup & Validation	UNKNOWN STEP	2026-02-25T19:47:04.6632388Z ##[group]Setting up auth
Setup & Validation	UNKNOWN STEP	2026-02-25T19:47:04.6638950Z [command]/usr/bin/git config --local --name-only --get-regexp core\.sshCommand
Setup & Validation	UNKNOWN STEP	2026-02-25T19:47:04.6669823Z [command]/usr/bin/git submodule foreach --recursive sh -c "git config --local --name-only --get-regexp 'core\.sshCommand' && git config --local --unset-all 'core.sshCommand' || :"
Setup & Validation	UNKNOWN STEP	2026-02-25T19:47:04.8833088Z [command]/usr/bin/git config --local --name-only --get-regexp http\.https\:\/\/github\.com\/\.extraheader
Setup & Validation	UNKNOWN STEP	2026-02-25T19:47:04.8866784Z [command]/usr/bin/git submodule foreach --recursive sh -c "git config --local --name-only --get-regexp 'http\.https\:\/\/github\.com\/\.extraheader' && git config --local --unset-all 'http.https://github.com/.extraheader' || :"
Setup & Validation	UNKNOWN STEP	2026-02-25T19:47:04.9101528Z [command]/usr/bin/git config --local --name-only --get-regexp ^includeIf\.gitdir:
Setup & Validation	UNKNOWN STEP	2026-02-25T19:47:04.9165561Z [command]/usr/bin/git submodule foreach --recursive git config --local --show-origin --name-only --get-regexp remote.origin.url
Setup & Validation	UNKNOWN STEP	2026-02-25T19:47:04.9412539Z [command]/usr/bin/git config --local http.https://github.com/.extraheader AUTHORIZATION: basic ***
Setup & Validation	UNKNOWN STEP	2026-02-25T19:47:04.9448581Z ##[endgroup]
Setup & Validation	UNKNOWN STEP	2026-02-25T19:47:04.9449426Z ##[group]Fetching the repository
Setup & Validation	UNKNOWN STEP	2026-02-25T19:47:04.9458075Z [command]/usr/bin/git -c protocol.version=2 fetch --no-tags --prune --no-recurse-submodules --depth=1 origin +0408461b08eee1bbe2c516702bd1813b916d3e4c:refs/remotes/pull/1/merge
Setup & Validation	UNKNOWN STEP	2026-02-25T19:47:06.5895304Z From https://github.com/floffel/substitution
Setup & Validation	UNKNOWN STEP	2026-02-25T19:47:06.5896399Z  * [new ref]         0408461b08eee1bbe2c516702bd1813b916d3e4c -> pull/1/merge
Setup & Validation	UNKNOWN STEP	2026-02-25T19:47:06.5973397Z ##[endgroup]
Setup & Validation	UNKNOWN STEP	2026-02-25T19:47:06.5974056Z ##[group]Determining the checkout info
Setup & Validation	UNKNOWN STEP	2026-02-25T19:47:06.5976168Z ##[endgroup]
Setup & Validation	UNKNOWN STEP	2026-02-25T19:47:06.5982659Z [command]/usr/bin/git sparse-checkout disable
Setup & Validation	UNKNOWN STEP	2026-02-25T19:47:06.6258306Z [command]/usr/bin/git config --local --unset-all extensions.worktreeConfig
Setup & Validation	UNKNOWN STEP	2026-02-25T19:47:06.6285137Z ##[group]Checking out the ref
Setup & Validation	UNKNOWN STEP	2026-02-25T19:47:06.6290728Z [command]/usr/bin/git checkout --progress --force refs/remotes/pull/1/merge
Setup & Validation	UNKNOWN STEP	2026-02-25T19:47:06.9193073Z Note: switching to 'refs/remotes/pull/1/merge'.
Setup & Validation	UNKNOWN STEP	2026-02-25T19:47:06.9193615Z 
Setup & Validation	UNKNOWN STEP	2026-02-25T19:47:06.9194023Z You are in 'detached HEAD' state. You can look around, make experimental
Setup & Validation	UNKNOWN STEP	2026-02-25T19:47:06.9195032Z changes and commit them, and you can discard any commits you make in this
Setup & Validation	UNKNOWN STEP	2026-02-25T19:47:06.9196018Z state without impacting any branches by switching back to a branch.
Setup & Validation	UNKNOWN STEP	2026-02-25T19:47:06.9196606Z 
Setup & Validation	UNKNOWN STEP	2026-02-25T19:47:06.9198553Z If you want to create a new branch to retain commits you create, you may
Setup & Validation	UNKNOWN STEP	2026-02-25T19:47:06.9199594Z do so (now or later) by using -c with the switch command. Example:
Setup & Validation	UNKNOWN STEP	2026-02-25T19:47:06.9200031Z 
Setup & Validation	UNKNOWN STEP	2026-02-25T19:47:06.9200241Z   git switch -c <new-branch-name>
Setup & Validation	UNKNOWN STEP	2026-02-25T19:47:06.9200507Z 
Setup & Validation	UNKNOWN STEP	2026-02-25T19:47:06.9200659Z Or undo this operation with:
Setup & Validation	UNKNOWN STEP	2026-02-25T19:47:06.9200924Z 
Setup & Validation	UNKNOWN STEP	2026-02-25T19:47:06.9201053Z   git switch -
Setup & Validation	UNKNOWN STEP	2026-02-25T19:47:06.9201317Z 
Setup & Validation	UNKNOWN STEP	2026-02-25T19:47:06.9201670Z Turn off this advice by setting config variable advice.detachedHead to false
Setup & Validation	UNKNOWN STEP	2026-02-25T19:47:06.9202232Z 
Setup & Validation	UNKNOWN STEP	2026-02-25T19:47:06.9202871Z HEAD is now at 0408461 Merge 86c2f4a4443179a61e99b4f5d2c467a0f9c43a72 into 74cc852017b0f1fdeb37326726f5fee7effe2248
Setup & Validation	UNKNOWN STEP	2026-02-25T19:47:06.9214077Z ##[endgroup]
Setup & Validation	UNKNOWN STEP	2026-02-25T19:47:06.9261004Z [command]/usr/bin/git log -1 --format=%H
Setup & Validation	UNKNOWN STEP	2026-02-25T19:47:06.9286968Z 0408461b08eee1bbe2c516702bd1813b916d3e4c
Setup & Validation	UNKNOWN STEP	2026-02-25T19:47:06.9680234Z ##[group]Run subosito/flutter-action@v2
Setup & Validation	UNKNOWN STEP	2026-02-25T19:47:06.9680543Z with:
Setup & Validation	UNKNOWN STEP	2026-02-25T19:47:06.9680720Z   channel: stable
Setup & Validation	UNKNOWN STEP	2026-02-25T19:47:06.9680908Z   cache: true
Setup & Validation	UNKNOWN STEP	2026-02-25T19:47:06.9681087Z   architecture: X64
Setup & Validation	UNKNOWN STEP	2026-02-25T19:47:06.9681291Z   pub-cache-path: default
Setup & Validation	UNKNOWN STEP	2026-02-25T19:47:06.9681509Z   dry-run: false
Setup & Validation	UNKNOWN STEP	2026-02-25T19:47:06.9681825Z   git-source: https://github.com/flutter/flutter.git
Setup & Validation	UNKNOWN STEP	2026-02-25T19:47:06.9682117Z env:
Setup & Validation	UNKNOWN STEP	2026-02-25T19:47:06.9682270Z   CACHE_VERSION: v1
Setup & Validation	UNKNOWN STEP	2026-02-25T19:47:06.9682454Z ##[endgroup]
Setup & Validation	UNKNOWN STEP	2026-02-25T19:47:06.9787095Z ##[group]Run chmod +x "$GITHUB_ACTION_PATH/setup.sh"
Setup & Validation	UNKNOWN STEP	2026-02-25T19:47:06.9787501Z [36;1mchmod +x "$GITHUB_ACTION_PATH/setup.sh"[0m
Setup & Validation	UNKNOWN STEP	2026-02-25T19:47:06.9839566Z shell: /usr/bin/bash --noprofile --norc -e -o pipefail {0}
Setup & Validation	UNKNOWN STEP	2026-02-25T19:47:06.9839901Z env:
Setup & Validation	UNKNOWN STEP	2026-02-25T19:47:06.9840074Z   CACHE_VERSION: v1
Setup & Validation	UNKNOWN STEP	2026-02-25T19:47:06.9840267Z ##[endgroup]
Setup & Validation	UNKNOWN STEP	2026-02-25T19:47:06.9993066Z ##[group]Run $GITHUB_ACTION_PATH/setup.sh -p \
Setup & Validation	UNKNOWN STEP	2026-02-25T19:47:06.9993452Z [36;1m$GITHUB_ACTION_PATH/setup.sh -p \[0m
Setup & Validation	UNKNOWN STEP	2026-02-25T19:47:06.9993807Z [36;1m  -n '' \[0m
Setup & Validation	UNKNOWN STEP	2026-02-25T19:47:06.9994035Z [36;1m  -f '' \[0m
Setup & Validation	UNKNOWN STEP	2026-02-25T19:47:06.9994216Z [36;1m  -a 'X64' \[0m
Setup & Validation	UNKNOWN STEP	2026-02-25T19:47:06.9994404Z [36;1m  -k '' \[0m
Setup & Validation	UNKNOWN STEP	2026-02-25T19:47:06.9994577Z [36;1m  -c '' \[0m
Setup & Validation	UNKNOWN STEP	2026-02-25T19:47:06.9994742Z [36;1m  -l '' \[0m
Setup & Validation	UNKNOWN STEP	2026-02-25T19:47:06.9994928Z [36;1m  -d 'default' \[0m
Setup & Validation	UNKNOWN STEP	2026-02-25T19:47:06.9995215Z [36;1m  -g 'https://github.com/flutter/flutter.git' \[0m
Setup & Validation	UNKNOWN STEP	2026-02-25T19:47:06.9995513Z [36;1m  stable[0m
Setup & Validation	UNKNOWN STEP	2026-02-25T19:47:07.0042469Z shell: /usr/bin/bash --noprofile --norc -e -o pipefail {0}
Setup & Validation	UNKNOWN STEP	2026-02-25T19:47:07.0042797Z env:
Setup & Validation	UNKNOWN STEP	2026-02-25T19:47:07.0042970Z   CACHE_VERSION: v1
Setup & Validation	UNKNOWN STEP	2026-02-25T19:47:07.0043156Z ##[endgroup]
Setup & Validation	UNKNOWN STEP	2026-02-25T19:47:07.2671435Z ##[group]Run actions/cache@v4
Setup & Validation	UNKNOWN STEP	2026-02-25T19:47:07.2671656Z with:
Setup & Validation	UNKNOWN STEP	2026-02-25T19:47:07.2671884Z   path: /opt/hostedtoolcache/flutter/stable-3.41.2-x64
Setup & Validation	UNKNOWN STEP	2026-02-25T19:47:07.2672351Z   key: flutter-linux-stable-3.41.2-x64-90673a4eef275d1a6692c26ac80d6d746d41a73a
Setup & Validation	UNKNOWN STEP	2026-02-25T19:47:07.2672757Z   enableCrossOsArchive: false
Setup & Validation	UNKNOWN STEP	2026-02-25T19:47:07.2672991Z   fail-on-cache-miss: false
Setup & Validation	UNKNOWN STEP	2026-02-25T19:47:07.2673197Z   lookup-only: false
Setup & Validation	UNKNOWN STEP	2026-02-25T19:47:07.2673391Z   save-always: false
Setup & Validation	UNKNOWN STEP	2026-02-25T19:47:07.2673564Z env:
Setup & Validation	UNKNOWN STEP	2026-02-25T19:47:07.2673724Z   CACHE_VERSION: v1
Setup & Validation	UNKNOWN STEP	2026-02-25T19:47:07.2673898Z ##[endgroup]
Setup & Validation	UNKNOWN STEP	2026-02-25T19:47:07.6815136Z Cache hit for: flutter-linux-stable-3.41.2-x64-90673a4eef275d1a6692c26ac80d6d746d41a73a
Setup & Validation	UNKNOWN STEP	2026-02-25T19:47:08.9102306Z Received 37748736 of 1665993529 (2.3%), 35.9 MBs/sec
Setup & Validation	UNKNOWN STEP	2026-02-25T19:47:09.9138795Z Received 155189248 of 1665993529 (9.3%), 73.9 MBs/sec
Setup & Validation	UNKNOWN STEP	2026-02-25T19:47:10.9116260Z Received 306184192 of 1665993529 (18.4%), 97.2 MBs/sec
Setup & Validation	UNKNOWN STEP	2026-02-25T19:47:11.9120861Z Received 461373440 of 1665993529 (27.7%), 109.9 MBs/sec
Setup & Validation	UNKNOWN STEP	2026-02-25T19:47:12.9138787Z Received 616562688 of 1665993529 (37.0%), 117.5 MBs/sec
Setup & Validation	UNKNOWN STEP	2026-02-25T19:47:13.9154435Z Received 771751936 of 1665993529 (46.3%), 122.5 MBs/sec
Setup & Validation	UNKNOWN STEP	2026-02-25T19:47:14.9157267Z Received 931135488 of 1665993529 (55.9%), 126.7 MBs/sec
Setup & Validation	UNKNOWN STEP	2026-02-25T19:47:15.9165973Z Received 1073741824 of 1665993529 (64.5%), 127.9 MBs/sec
Setup & Validation	UNKNOWN STEP	2026-02-25T19:47:16.9167908Z Received 1241513984 of 1665993529 (74.5%), 131.4 MBs/sec
Setup & Validation	UNKNOWN STEP	2026-02-25T19:47:17.9210709Z Received 1388314624 of 1665993529 (83.3%), 132.2 MBs/sec
Setup & Validation	UNKNOWN STEP	2026-02-25T19:47:18.9222068Z Received 1530920960 of 1665993529 (91.9%), 132.6 MBs/sec
Setup & Validation	UNKNOWN STEP	2026-02-25T19:47:19.8110216Z Received 1665993529 of 1665993529 (100.0%), 133.5 MBs/sec
Setup & Validation	UNKNOWN STEP	2026-02-25T19:47:19.8113129Z Cache Size: ~1589 MB (1665993529 B)
Setup & Validation	UNKNOWN STEP	2026-02-25T19:47:19.8247006Z [command]/usr/bin/tar -xf /home/runner/work/_temp/5fad11bd-3472-488d-b45d-aa9a92f7ad7a/cache.tzst -P -C /home/runner/work/substitution/substitution --use-compress-program unzstd
Setup & Validation	UNKNOWN STEP	2026-02-25T19:47:24.8495584Z Cache restored successfully
Setup & Validation	UNKNOWN STEP	2026-02-25T19:47:25.1834762Z Cache restored from key: flutter-linux-stable-3.41.2-x64-90673a4eef275d1a6692c26ac80d6d746d41a73a
Setup & Validation	UNKNOWN STEP	2026-02-25T19:47:25.3214854Z ##[group]Run actions/cache@v4
Setup & Validation	UNKNOWN STEP	2026-02-25T19:47:25.3215313Z with:
Setup & Validation	UNKNOWN STEP	2026-02-25T19:47:25.3215510Z   path: /home/runner/.pub-cache
Setup & Validation	UNKNOWN STEP	2026-02-25T19:47:25.3216216Z   key: flutter-pub-linux-stable-3.41.2-x64-90673a4eef275d1a6692c26ac80d6d746d41a73a-fabacfc13d2b7e18a7fb2822593662b03764f624bf41fd351cdabec60fb27783
Setup & Validation	UNKNOWN STEP	2026-02-25T19:47:25.3216951Z   enableCrossOsArchive: false
Setup & Validation	UNKNOWN STEP	2026-02-25T19:47:25.3217182Z   fail-on-cache-miss: false
Setup & Validation	UNKNOWN STEP	2026-02-25T19:47:25.3217401Z   lookup-only: false
Setup & Validation	UNKNOWN STEP	2026-02-25T19:47:25.3217595Z   save-always: false
Setup & Validation	UNKNOWN STEP	2026-02-25T19:47:25.3218128Z env:
Setup & Validation	UNKNOWN STEP	2026-02-25T19:47:25.3218304Z   CACHE_VERSION: v1
Setup & Validation	UNKNOWN STEP	2026-02-25T19:47:25.3218492Z ##[endgroup]
Setup & Validation	UNKNOWN STEP	2026-02-25T19:47:25.6872583Z Cache hit for: flutter-pub-linux-stable-3.41.2-x64-90673a4eef275d1a6692c26ac80d6d746d41a73a-fabacfc13d2b7e18a7fb2822593662b03764f624bf41fd351cdabec60fb27783
Setup & Validation	UNKNOWN STEP	2026-02-25T19:47:26.9232864Z Received 29360128 of 133563121 (22.0%), 28.0 MBs/sec
Setup & Validation	UNKNOWN STEP	2026-02-25T19:47:27.7620064Z Received 133563121 of 133563121 (100.0%), 69.4 MBs/sec
Setup & Validation	UNKNOWN STEP	2026-02-25T19:47:27.7620573Z Cache Size: ~127 MB (133563121 B)
Setup & Validation	UNKNOWN STEP	2026-02-25T19:47:27.7672866Z [command]/usr/bin/tar -xf /home/runner/work/_temp/b8714382-75a2-4257-9c40-38cb65d576e8/cache.tzst -P -C /home/runner/work/substitution/substitution --use-compress-program unzstd
Setup & Validation	UNKNOWN STEP	2026-02-25T19:47:29.2804072Z Cache restored successfully
Setup & Validation	UNKNOWN STEP	2026-02-25T19:47:29.3163431Z Cache restored from key: flutter-pub-linux-stable-3.41.2-x64-90673a4eef275d1a6692c26ac80d6d746d41a73a-fabacfc13d2b7e18a7fb2822593662b03764f624bf41fd351cdabec60fb27783
Setup & Validation	UNKNOWN STEP	2026-02-25T19:47:29.3283730Z ##[group]Run $GITHUB_ACTION_PATH/setup.sh \
Setup & Validation	UNKNOWN STEP	2026-02-25T19:47:29.3284066Z [36;1m$GITHUB_ACTION_PATH/setup.sh \[0m
Setup & Validation	UNKNOWN STEP	2026-02-25T19:47:29.3284339Z [36;1m  -n '3.41.2' \[0m
Setup & Validation	UNKNOWN STEP	2026-02-25T19:47:29.3284559Z [36;1m  -a 'x64' \[0m
Setup & Validation	UNKNOWN STEP	2026-02-25T19:47:29.3284857Z [36;1m  -c '/opt/hostedtoolcache/flutter/stable-3.41.2-x64' \[0m
Setup & Validation	UNKNOWN STEP	2026-02-25T19:47:29.3285213Z [36;1m  -d '/home/runner/.pub-cache' \[0m
Setup & Validation	UNKNOWN STEP	2026-02-25T19:47:29.3285461Z [36;1m  stable[0m
Setup & Validation	UNKNOWN STEP	2026-02-25T19:47:29.3333668Z shell: /usr/bin/bash --noprofile --norc -e -o pipefail {0}
Setup & Validation	UNKNOWN STEP	2026-02-25T19:47:29.3334026Z env:
Setup & Validation	UNKNOWN STEP	2026-02-25T19:47:29.3334197Z   CACHE_VERSION: v1
Setup & Validation	UNKNOWN STEP	2026-02-25T19:47:29.3334391Z ##[endgroup]
Setup & Validation	UNKNOWN STEP	2026-02-25T19:47:29.5734336Z ##[group]Run flutter pub get
Setup & Validation	UNKNOWN STEP	2026-02-25T19:47:29.5734626Z [36;1mflutter pub get[0m
Setup & Validation	UNKNOWN STEP	2026-02-25T19:47:29.5785470Z shell: /usr/bin/bash -e {0}
Setup & Validation	UNKNOWN STEP	2026-02-25T19:47:29.5785718Z env:
Setup & Validation	UNKNOWN STEP	2026-02-25T19:47:29.5785891Z   CACHE_VERSION: v1
Setup & Validation	UNKNOWN STEP	2026-02-25T19:47:29.5786186Z   FLUTTER_ROOT: /opt/hostedtoolcache/flutter/stable-3.41.2-x64
Setup & Validation	UNKNOWN STEP	2026-02-25T19:47:29.5786548Z   PUB_CACHE: /home/runner/.pub-cache
Setup & Validation	UNKNOWN STEP	2026-02-25T19:47:29.5786806Z ##[endgroup]
Setup & Validation	UNKNOWN STEP	2026-02-25T19:47:29.9873480Z Resolving dependencies...
Setup & Validation	UNKNOWN STEP	2026-02-25T19:47:30.3210898Z Downloading packages...
Setup & Validation	UNKNOWN STEP	2026-02-25T19:47:30.3815888Z   _fe_analyzer_shared 91.0.0 (96.0.0 available)
Setup & Validation	UNKNOWN STEP	2026-02-25T19:47:30.3816402Z   analyzer 8.4.1 (10.2.0 available)
Setup & Validation	UNKNOWN STEP	2026-02-25T19:47:30.3816862Z > characters 1.4.1 (was 1.4.0)
Setup & Validation	UNKNOWN STEP	2026-02-25T19:47:30.3817222Z > matcher 0.12.18 (was 0.12.17)
Setup & Validation	UNKNOWN STEP	2026-02-25T19:47:30.3817595Z > material_color_utilities 0.13.0 (was 0.11.1)
Setup & Validation	UNKNOWN STEP	2026-02-25T19:47:30.3818333Z   meta 1.17.0 (1.18.1 available)
Setup & Validation	UNKNOWN STEP	2026-02-25T19:47:30.3818784Z   sqflite_common_ffi 2.3.7+1 (2.4.0+2 available)
Setup & Validation	UNKNOWN STEP	2026-02-25T19:47:30.3819185Z   sqlite3 2.9.4 (3.1.6 available)
Setup & Validation	UNKNOWN STEP	2026-02-25T19:47:30.3819761Z > test_api 0.7.9 (was 0.7.7)
Setup & Validation	UNKNOWN STEP	2026-02-25T19:47:30.3820081Z > test_core 0.6.15 (was 0.6.12)
Setup & Validation	UNKNOWN STEP	2026-02-25T19:47:30.3820408Z   unorm_dart 0.2.0 (0.3.2 available)
Setup & Validation	UNKNOWN STEP	2026-02-25T19:47:30.3820750Z   win32 5.15.0 (6.0.0 available)
Setup & Validation	UNKNOWN STEP	2026-02-25T19:47:30.3821089Z Changed 5 dependencies!
Setup & Validation	UNKNOWN STEP	2026-02-25T19:47:30.3825885Z 7 packages have newer versions incompatible with dependency constraints.
Setup & Validation	UNKNOWN STEP	2026-02-25T19:47:30.3826495Z Try `flutter pub outdated` for more information.
Setup & Validation	UNKNOWN STEP	2026-02-25T19:47:31.0110930Z ##[group]Run flutter doctor -v
Setup & Validation	UNKNOWN STEP	2026-02-25T19:47:31.0111231Z [36;1mflutter doctor -v[0m
Setup & Validation	UNKNOWN STEP	2026-02-25T19:47:31.0159128Z shell: /usr/bin/bash -e {0}
Setup & Validation	UNKNOWN STEP	2026-02-25T19:47:31.0159368Z env:
Setup & Validation	UNKNOWN STEP	2026-02-25T19:47:31.0159538Z   CACHE_VERSION: v1
Setup & Validation	UNKNOWN STEP	2026-02-25T19:47:31.0159822Z   FLUTTER_ROOT: /opt/hostedtoolcache/flutter/stable-3.41.2-x64
Setup & Validation	UNKNOWN STEP	2026-02-25T19:47:31.0160180Z   PUB_CACHE: /home/runner/.pub-cache
Setup & Validation	UNKNOWN STEP	2026-02-25T19:47:31.0160438Z ##[endgroup]
Setup & Validation	UNKNOWN STEP	2026-02-25T19:47:31.9996987Z [✓] Flutter (Channel stable, 3.41.2, on Ubuntu 24.04.3 LTS 6.14.0-1017-azure, locale C.UTF-8) [43ms]
Setup & Validation	UNKNOWN STEP	2026-02-25T19:47:32.0002243Z     • Flutter version 3.41.2 on channel stable at /opt/hostedtoolcache/flutter/stable-3.41.2-x64
Setup & Validation	UNKNOWN STEP	2026-02-25T19:47:32.0003574Z     • Upstream repository https://github.com/flutter/flutter.git
Setup & Validation	UNKNOWN STEP	2026-02-25T19:47:32.0005064Z     • Framework revision 90673a4eef (7 days ago), 2026-02-18 13:54:59 -0800
Setup & Validation	UNKNOWN STEP	2026-02-25T19:47:32.0006099Z     • Engine revision 6c0baaebf7
Setup & Validation	UNKNOWN STEP	2026-02-25T19:47:32.0006949Z     • Dart version 3.11.0
Setup & Validation	UNKNOWN STEP	2026-02-25T19:47:32.0007874Z     • DevTools version 2.54.1
Setup & Validation	UNKNOWN STEP	2026-02-25T19:47:32.0010647Z     • Feature flags: enable-web, enable-linux-desktop, enable-macos-desktop, enable-windows-desktop, enable-android, enable-ios, cli-animations, enable-native-assets, omit-legacy-version-file, enable-lldb-debugging, enable-uiscene-migration
Setup & Validation	UNKNOWN STEP	2026-02-25T19:47:32.0013010Z 
Setup & Validation	UNKNOWN STEP	2026-02-25T19:47:40.1063744Z [!] Android toolchain - develop for Android devices (Android SDK version 36.1.0) [8.9s]
Setup & Validation	UNKNOWN STEP	2026-02-25T19:47:40.1064925Z     • Android SDK at /usr/local/lib/android/sdk
Setup & Validation	UNKNOWN STEP	2026-02-25T19:47:40.1065613Z     • Emulator version unknown
Setup & Validation	UNKNOWN STEP	2026-02-25T19:47:40.1066260Z     • Platform android-36-ext18, build-tools 36.1.0
Setup & Validation	UNKNOWN STEP	2026-02-25T19:47:40.1066959Z     • ANDROID_HOME = /usr/local/lib/android/sdk
Setup & Validation	UNKNOWN STEP	2026-02-25T19:47:40.1067606Z     • ANDROID_SDK_ROOT = /usr/local/lib/android/sdk
Setup & Validation	UNKNOWN STEP	2026-02-25T19:47:40.1070331Z     • Java binary at: /usr/lib/jvm/temurin-17-jdk-amd64/bin/java
Setup & Validation	UNKNOWN STEP	2026-02-25T19:47:40.1071141Z       This JDK is specified by the JAVA_HOME environment variable.
Setup & Validation	UNKNOWN STEP	2026-02-25T19:47:40.1071997Z       To manually set the JDK path, use: `flutter config --jdk-dir="path/to/jdk"`.
Setup & Validation	UNKNOWN STEP	2026-02-25T19:47:40.1073121Z     • Java version OpenJDK Runtime Environment Temurin-17.0.18+8 (build 17.0.18+8)
Setup & Validation	UNKNOWN STEP	2026-02-25T19:47:40.1074164Z     ! Some Android licenses not accepted. To resolve this, run: flutter doctor --android-licenses
Setup & Validation	UNKNOWN STEP	2026-02-25T19:47:40.1074800Z 
Setup & Validation	UNKNOWN STEP	2026-02-25T19:47:40.1076029Z [✓] Chrome - develop for the web [769ms]
Setup & Validation	UNKNOWN STEP	2026-02-25T19:47:40.1076824Z     • Chrome at google-chrome
Setup & Validation	UNKNOWN STEP	2026-02-25T19:47:40.1077145Z 
Setup & Validation	UNKNOWN STEP	2026-02-25T19:47:40.1080122Z [✗] Linux toolchain - develop for Linux desktop [4.7s]
Setup & Validation	UNKNOWN STEP	2026-02-25T19:47:40.1080828Z     • Ubuntu clang version 18.1.3 (1ubuntu1)
Setup & Validation	UNKNOWN STEP	2026-02-25T19:47:40.1081410Z     • cmake version 3.31.6
Setup & Validation	UNKNOWN STEP	2026-02-25T19:47:40.1082179Z     • ninja version 1.13.2
Setup & Validation	UNKNOWN STEP	2026-02-25T19:47:40.1082967Z     • pkg-config version 1.8.1
Setup & Validation	UNKNOWN STEP	2026-02-25T19:47:40.1084146Z     ✗ GTK 3.0 development libraries are required for Linux development.
Setup & Validation	UNKNOWN STEP	2026-02-25T19:47:40.1085097Z       They are likely available from your distribution (e.g.: apt install libgtk-3-dev)
Setup & Validation	UNKNOWN STEP	2026-02-25T19:47:40.1085946Z     ! Unable to access driver information using 'eglinfo'.
Setup & Validation	UNKNOWN STEP	2026-02-25T19:47:40.1086798Z       It is likely available from your distribution (e.g.: apt install mesa-utils)
Setup & Validation	UNKNOWN STEP	2026-02-25T19:47:40.1087342Z 
Setup & Validation	UNKNOWN STEP	2026-02-25T19:47:40.1088641Z [✓] Connected device (2 available) [3.7s]
Setup & Validation	UNKNOWN STEP	2026-02-25T19:47:40.1090155Z     • Linux (desktop) • linux  • linux-x64      • Ubuntu 24.04.3 LTS 6.14.0-1017-azure
Setup & Validation	UNKNOWN STEP	2026-02-25T19:47:40.1091168Z     • Chrome (web)    • chrome • web-javascript • Google Chrome 145.0.7632.116
Setup & Validation	UNKNOWN STEP	2026-02-25T19:47:40.1092060Z 
Setup & Validation	UNKNOWN STEP	2026-02-25T19:47:40.1094164Z [✓] Network resources [1,041ms]
Setup & Validation	UNKNOWN STEP	2026-02-25T19:47:40.1096231Z     • All expected network resources are available.
Setup & Validation	UNKNOWN STEP	2026-02-25T19:47:40.1097250Z 
Setup & Validation	UNKNOWN STEP	2026-02-25T19:47:40.1097949Z ! Doctor found issues in 2 categories.
Setup & Validation	UNKNOWN STEP	2026-02-25T19:47:40.1258913Z ##[group]Run flutter analyze --no-pub
Setup & Validation	UNKNOWN STEP	2026-02-25T19:47:40.1259255Z [36;1mflutter analyze --no-pub[0m
Setup & Validation	UNKNOWN STEP	2026-02-25T19:47:40.1308254Z shell: /usr/bin/bash -e {0}
Setup & Validation	UNKNOWN STEP	2026-02-25T19:47:40.1308502Z env:
Setup & Validation	UNKNOWN STEP	2026-02-25T19:47:40.1308679Z   CACHE_VERSION: v1
Setup & Validation	UNKNOWN STEP	2026-02-25T19:47:40.1308978Z   FLUTTER_ROOT: /opt/hostedtoolcache/flutter/stable-3.41.2-x64
Setup & Validation	UNKNOWN STEP	2026-02-25T19:47:40.1309331Z   PUB_CACHE: /home/runner/.pub-cache
Setup & Validation	UNKNOWN STEP	2026-02-25T19:47:40.1309593Z ##[endgroup]
Setup & Validation	UNKNOWN STEP	2026-02-25T19:48:07.0326072Z Analyzing substitution...                                       
Setup & Validation	UNKNOWN STEP	2026-02-25T19:48:07.0343503Z No issues found! (ran in 26.4s)
Setup & Validation	UNKNOWN STEP	2026-02-25T19:48:07.0715113Z Post job cleanup.
Setup & Validation	UNKNOWN STEP	2026-02-25T19:48:07.2001578Z Post job cleanup.
Setup & Validation	UNKNOWN STEP	2026-02-25T19:48:07.3317238Z Cache hit occurred on the primary key flutter-pub-linux-stable-3.41.2-x64-90673a4eef275d1a6692c26ac80d6d746d41a73a-fabacfc13d2b7e18a7fb2822593662b03764f624bf41fd351cdabec60fb27783, not saving cache.
Setup & Validation	UNKNOWN STEP	2026-02-25T19:48:07.3398664Z Post job cleanup.
Setup & Validation	UNKNOWN STEP	2026-02-25T19:48:07.4756151Z Cache hit occurred on the primary key flutter-linux-stable-3.41.2-x64-90673a4eef275d1a6692c26ac80d6d746d41a73a, not saving cache.
Setup & Validation	UNKNOWN STEP	2026-02-25T19:48:07.4868093Z Post job cleanup.
Setup & Validation	UNKNOWN STEP	2026-02-25T19:48:07.5831141Z [command]/usr/bin/git version
Setup & Validation	UNKNOWN STEP	2026-02-25T19:48:07.5873683Z git version 2.53.0
Setup & Validation	UNKNOWN STEP	2026-02-25T19:48:07.5926849Z Temporarily overriding HOME='/home/runner/work/_temp/ecd66f6f-c4d0-4f93-a6ac-396f54c155b5' before making global git config changes
Setup & Validation	UNKNOWN STEP	2026-02-25T19:48:07.5928786Z Adding repository directory to the temporary git global config as a safe directory
Setup & Validation	UNKNOWN STEP	2026-02-25T19:48:07.5933839Z [command]/usr/bin/git config --global --add safe.directory /home/runner/work/substitution/substitution
Setup & Validation	UNKNOWN STEP	2026-02-25T19:48:07.5973184Z [command]/usr/bin/git config --local --name-only --get-regexp core\.sshCommand
Setup & Validation	UNKNOWN STEP	2026-02-25T19:48:07.6011558Z [command]/usr/bin/git submodule foreach --recursive sh -c "git config --local --name-only --get-regexp 'core\.sshCommand' && git config --local --unset-all 'core.sshCommand' || :"
Setup & Validation	UNKNOWN STEP	2026-02-25T19:48:07.6311101Z [command]/usr/bin/git config --local --name-only --get-regexp http\.https\:\/\/github\.com\/\.extraheader
Setup & Validation	UNKNOWN STEP	2026-02-25T19:48:07.6334711Z http.https://github.com/.extraheader
Setup & Validation	UNKNOWN STEP	2026-02-25T19:48:07.6353141Z [command]/usr/bin/git config --local --unset-all http.https://github.com/.extraheader
Setup & Validation	UNKNOWN STEP	2026-02-25T19:48:07.6388953Z [command]/usr/bin/git submodule foreach --recursive sh -c "git config --local --name-only --get-regexp 'http\.https\:\/\/github\.com\/\.extraheader' && git config --local --unset-all 'http.https://github.com/.extraheader' || :"
Setup & Validation	UNKNOWN STEP	2026-02-25T19:48:07.6637040Z [command]/usr/bin/git config --local --name-only --get-regexp ^includeIf\.gitdir:
Setup & Validation	UNKNOWN STEP	2026-02-25T19:48:07.6669358Z [command]/usr/bin/git submodule foreach --recursive git config --local --show-origin --name-only --get-regexp remote.origin.url
Setup & Validation	UNKNOWN STEP	2026-02-25T19:48:07.7066112Z Cleaning up orphan processes
Setup & Validation	UNKNOWN STEP	2026-02-25T19:48:07.7360968Z Terminate orphan process: pid (2682) (adb)
Unit & Widget Tests	UNKNOWN STEP	﻿2026-02-25T19:48:14.1837408Z Current runner version: '2.331.0'
Unit & Widget Tests	UNKNOWN STEP	2026-02-25T19:48:14.1862590Z ##[group]Runner Image Provisioner
Unit & Widget Tests	UNKNOWN STEP	2026-02-25T19:48:14.1863619Z Hosted Compute Agent
Unit & Widget Tests	UNKNOWN STEP	2026-02-25T19:48:14.1864206Z Version: 20260213.493
Unit & Widget Tests	UNKNOWN STEP	2026-02-25T19:48:14.1864782Z Commit: 5c115507f6dd24b8de37d8bbe0bb4509d0cc0fa3
Unit & Widget Tests	UNKNOWN STEP	2026-02-25T19:48:14.1865551Z Build Date: 2026-02-13T00:28:41Z
Unit & Widget Tests	UNKNOWN STEP	2026-02-25T19:48:14.1866184Z Worker ID: {45ab1609-f4c4-4d78-b07a-610e2bef99ec}
Unit & Widget Tests	UNKNOWN STEP	2026-02-25T19:48:14.1866873Z Azure Region: westus
Unit & Widget Tests	UNKNOWN STEP	2026-02-25T19:48:14.1867464Z ##[endgroup]
Unit & Widget Tests	UNKNOWN STEP	2026-02-25T19:48:14.1869218Z ##[group]Operating System
Unit & Widget Tests	UNKNOWN STEP	2026-02-25T19:48:14.1869846Z Ubuntu
Unit & Widget Tests	UNKNOWN STEP	2026-02-25T19:48:14.1870357Z 24.04.3
Unit & Widget Tests	UNKNOWN STEP	2026-02-25T19:48:14.1870848Z LTS
Unit & Widget Tests	UNKNOWN STEP	2026-02-25T19:48:14.1871269Z ##[endgroup]
Unit & Widget Tests	UNKNOWN STEP	2026-02-25T19:48:14.1872039Z ##[group]Runner Image
Unit & Widget Tests	UNKNOWN STEP	2026-02-25T19:48:14.1872599Z Image: ubuntu-24.04
Unit & Widget Tests	UNKNOWN STEP	2026-02-25T19:48:14.1873121Z Version: 20260224.36.1
Unit & Widget Tests	UNKNOWN STEP	2026-02-25T19:48:14.1874376Z Included Software: https://github.com/actions/runner-images/blob/ubuntu24/20260224.36/images/ubuntu/Ubuntu2404-Readme.md
Unit & Widget Tests	UNKNOWN STEP	2026-02-25T19:48:14.1875796Z Image Release: https://github.com/actions/runner-images/releases/tag/ubuntu24%2F20260224.36
Unit & Widget Tests	UNKNOWN STEP	2026-02-25T19:48:14.1876759Z ##[endgroup]
Unit & Widget Tests	UNKNOWN STEP	2026-02-25T19:48:14.1877855Z ##[group]GITHUB_TOKEN Permissions
Unit & Widget Tests	UNKNOWN STEP	2026-02-25T19:48:14.1879609Z Contents: read
Unit & Widget Tests	UNKNOWN STEP	2026-02-25T19:48:14.1880241Z Metadata: read
Unit & Widget Tests	UNKNOWN STEP	2026-02-25T19:48:14.1880883Z Packages: read
Unit & Widget Tests	UNKNOWN STEP	2026-02-25T19:48:14.1881704Z ##[endgroup]
Unit & Widget Tests	UNKNOWN STEP	2026-02-25T19:48:14.1883945Z Secret source: Actions
Unit & Widget Tests	UNKNOWN STEP	2026-02-25T19:48:14.1884665Z Prepare workflow directory
Unit & Widget Tests	UNKNOWN STEP	2026-02-25T19:48:14.2314355Z Prepare all required actions
Unit & Widget Tests	UNKNOWN STEP	2026-02-25T19:48:14.2370257Z Getting action download info
Unit & Widget Tests	UNKNOWN STEP	2026-02-25T19:48:14.6892847Z Download action repository 'actions/checkout@v4' (SHA:34e114876b0b11c390a56381ad16ebd13914f8d5)
Unit & Widget Tests	UNKNOWN STEP	2026-02-25T19:48:14.8298006Z Download action repository 'subosito/flutter-action@v2' (SHA:fd55f4c5af5b953cc57a2be44cb082c8f6635e8e)
Unit & Widget Tests	UNKNOWN STEP	2026-02-25T19:48:15.7963408Z Getting action download info
Unit & Widget Tests	UNKNOWN STEP	2026-02-25T19:48:15.9742728Z Download action repository 'actions/cache@v4' (SHA:0057852bfaa89a56745cba8c7296529d2fc39830)
Unit & Widget Tests	UNKNOWN STEP	2026-02-25T19:48:16.1339683Z Complete job name: Unit & Widget Tests
Unit & Widget Tests	UNKNOWN STEP	2026-02-25T19:48:16.2136067Z ##[group]Run actions/checkout@v4
Unit & Widget Tests	UNKNOWN STEP	2026-02-25T19:48:16.2137338Z with:
Unit & Widget Tests	UNKNOWN STEP	2026-02-25T19:48:16.2138076Z   repository: floffel/substitution
Unit & Widget Tests	UNKNOWN STEP	2026-02-25T19:48:16.2139291Z   token: ***
Unit & Widget Tests	UNKNOWN STEP	2026-02-25T19:48:16.2140006Z   ssh-strict: true
Unit & Widget Tests	UNKNOWN STEP	2026-02-25T19:48:16.2140749Z   ssh-user: git
Unit & Widget Tests	UNKNOWN STEP	2026-02-25T19:48:16.2141748Z   persist-credentials: true
Unit & Widget Tests	UNKNOWN STEP	2026-02-25T19:48:16.2142615Z   clean: true
Unit & Widget Tests	UNKNOWN STEP	2026-02-25T19:48:16.2143387Z   sparse-checkout-cone-mode: true
Unit & Widget Tests	UNKNOWN STEP	2026-02-25T19:48:16.2144308Z   fetch-depth: 1
Unit & Widget Tests	UNKNOWN STEP	2026-02-25T19:48:16.2145057Z   fetch-tags: false
Unit & Widget Tests	UNKNOWN STEP	2026-02-25T19:48:16.2145819Z   show-progress: true
Unit & Widget Tests	UNKNOWN STEP	2026-02-25T19:48:16.2146595Z   lfs: false
Unit & Widget Tests	UNKNOWN STEP	2026-02-25T19:48:16.2147296Z   submodules: false
Unit & Widget Tests	UNKNOWN STEP	2026-02-25T19:48:16.2148076Z   set-safe-directory: true
Unit & Widget Tests	UNKNOWN STEP	2026-02-25T19:48:16.2149307Z env:
Unit & Widget Tests	UNKNOWN STEP	2026-02-25T19:48:16.2150012Z   CACHE_VERSION: v1
Unit & Widget Tests	UNKNOWN STEP	2026-02-25T19:48:16.2150756Z ##[endgroup]
Unit & Widget Tests	UNKNOWN STEP	2026-02-25T19:48:16.3294250Z Syncing repository: floffel/substitution
Unit & Widget Tests	UNKNOWN STEP	2026-02-25T19:48:16.3298158Z ##[group]Getting Git version info
Unit & Widget Tests	UNKNOWN STEP	2026-02-25T19:48:16.3300523Z Working directory is '/home/runner/work/substitution/substitution'
Unit & Widget Tests	UNKNOWN STEP	2026-02-25T19:48:16.3304651Z [command]/usr/bin/git version
Unit & Widget Tests	UNKNOWN STEP	2026-02-25T19:48:16.3373292Z git version 2.53.0
Unit & Widget Tests	UNKNOWN STEP	2026-02-25T19:48:16.3399609Z ##[endgroup]
Unit & Widget Tests	UNKNOWN STEP	2026-02-25T19:48:16.3414636Z Temporarily overriding HOME='/home/runner/work/_temp/d93a04cd-0a13-4a9a-84fe-d5a12cf574de' before making global git config changes
Unit & Widget Tests	UNKNOWN STEP	2026-02-25T19:48:16.3418226Z Adding repository directory to the temporary git global config as a safe directory
Unit & Widget Tests	UNKNOWN STEP	2026-02-25T19:48:16.3422044Z [command]/usr/bin/git config --global --add safe.directory /home/runner/work/substitution/substitution
Unit & Widget Tests	UNKNOWN STEP	2026-02-25T19:48:16.3459906Z Deleting the contents of '/home/runner/work/substitution/substitution'
Unit & Widget Tests	UNKNOWN STEP	2026-02-25T19:48:16.3463824Z ##[group]Initializing the repository
Unit & Widget Tests	UNKNOWN STEP	2026-02-25T19:48:16.3468021Z [command]/usr/bin/git init /home/runner/work/substitution/substitution
Unit & Widget Tests	UNKNOWN STEP	2026-02-25T19:48:16.3571536Z hint: Using 'master' as the name for the initial branch. This default branch name
Unit & Widget Tests	UNKNOWN STEP	2026-02-25T19:48:16.3573465Z hint: will change to "main" in Git 3.0. To configure the initial branch name
Unit & Widget Tests	UNKNOWN STEP	2026-02-25T19:48:16.3576263Z hint: to use in all of your new repositories, which will suppress this warning,
Unit & Widget Tests	UNKNOWN STEP	2026-02-25T19:48:16.3578551Z hint: call:
Unit & Widget Tests	UNKNOWN STEP	2026-02-25T19:48:16.3579283Z hint:
Unit & Widget Tests	UNKNOWN STEP	2026-02-25T19:48:16.3580521Z hint: 	git config --global init.defaultBranch <name>
Unit & Widget Tests	UNKNOWN STEP	2026-02-25T19:48:16.3581829Z hint:
Unit & Widget Tests	UNKNOWN STEP	2026-02-25T19:48:16.3582915Z hint: Names commonly chosen instead of 'master' are 'main', 'trunk' and
Unit & Widget Tests	UNKNOWN STEP	2026-02-25T19:48:16.3584717Z hint: 'development'. The just-created branch can be renamed via this command:
Unit & Widget Tests	UNKNOWN STEP	2026-02-25T19:48:16.3586410Z hint:
Unit & Widget Tests	UNKNOWN STEP	2026-02-25T19:48:16.3587245Z hint: 	git branch -m <name>
Unit & Widget Tests	UNKNOWN STEP	2026-02-25T19:48:16.3588100Z hint:
Unit & Widget Tests	UNKNOWN STEP	2026-02-25T19:48:16.3589203Z hint: Disable this message with "git config set advice.defaultBranchName false"
Unit & Widget Tests	UNKNOWN STEP	2026-02-25T19:48:16.3591165Z Initialized empty Git repository in /home/runner/work/substitution/substitution/.git/
Unit & Widget Tests	UNKNOWN STEP	2026-02-25T19:48:16.3594711Z [command]/usr/bin/git remote add origin https://github.com/floffel/substitution
Unit & Widget Tests	UNKNOWN STEP	2026-02-25T19:48:16.3626541Z ##[endgroup]
Unit & Widget Tests	UNKNOWN STEP	2026-02-25T19:48:16.3628059Z ##[group]Disabling automatic garbage collection
Unit & Widget Tests	UNKNOWN STEP	2026-02-25T19:48:16.3629816Z [command]/usr/bin/git config --local gc.auto 0
Unit & Widget Tests	UNKNOWN STEP	2026-02-25T19:48:16.3660595Z ##[endgroup]
Unit & Widget Tests	UNKNOWN STEP	2026-02-25T19:48:16.3662493Z ##[group]Setting up auth
Unit & Widget Tests	UNKNOWN STEP	2026-02-25T19:48:16.3666222Z [command]/usr/bin/git config --local --name-only --get-regexp core\.sshCommand
Unit & Widget Tests	UNKNOWN STEP	2026-02-25T19:48:16.3697677Z [command]/usr/bin/git submodule foreach --recursive sh -c "git config --local --name-only --get-regexp 'core\.sshCommand' && git config --local --unset-all 'core.sshCommand' || :"
Unit & Widget Tests	UNKNOWN STEP	2026-02-25T19:48:16.4054568Z [command]/usr/bin/git config --local --name-only --get-regexp http\.https\:\/\/github\.com\/\.extraheader
Unit & Widget Tests	UNKNOWN STEP	2026-02-25T19:48:16.4089265Z [command]/usr/bin/git submodule foreach --recursive sh -c "git config --local --name-only --get-regexp 'http\.https\:\/\/github\.com\/\.extraheader' && git config --local --unset-all 'http.https://github.com/.extraheader' || :"
Unit & Widget Tests	UNKNOWN STEP	2026-02-25T19:48:16.4330565Z [command]/usr/bin/git config --local --name-only --get-regexp ^includeIf\.gitdir:
Unit & Widget Tests	UNKNOWN STEP	2026-02-25T19:48:16.4374033Z [command]/usr/bin/git submodule foreach --recursive git config --local --show-origin --name-only --get-regexp remote.origin.url
Unit & Widget Tests	UNKNOWN STEP	2026-02-25T19:48:16.4613450Z [command]/usr/bin/git config --local http.https://github.com/.extraheader AUTHORIZATION: basic ***
Unit & Widget Tests	UNKNOWN STEP	2026-02-25T19:48:16.4648834Z ##[endgroup]
Unit & Widget Tests	UNKNOWN STEP	2026-02-25T19:48:16.4650191Z ##[group]Fetching the repository
Unit & Widget Tests	UNKNOWN STEP	2026-02-25T19:48:16.4657915Z [command]/usr/bin/git -c protocol.version=2 fetch --no-tags --prune --no-recurse-submodules --depth=1 origin +0408461b08eee1bbe2c516702bd1813b916d3e4c:refs/remotes/pull/1/merge
Unit & Widget Tests	UNKNOWN STEP	2026-02-25T19:48:18.0481177Z From https://github.com/floffel/substitution
Unit & Widget Tests	UNKNOWN STEP	2026-02-25T19:48:18.0482940Z  * [new ref]         0408461b08eee1bbe2c516702bd1813b916d3e4c -> pull/1/merge
Unit & Widget Tests	UNKNOWN STEP	2026-02-25T19:48:18.0519168Z ##[endgroup]
Unit & Widget Tests	UNKNOWN STEP	2026-02-25T19:48:18.0520357Z ##[group]Determining the checkout info
Unit & Widget Tests	UNKNOWN STEP	2026-02-25T19:48:18.0521370Z ##[endgroup]
Unit & Widget Tests	UNKNOWN STEP	2026-02-25T19:48:18.0527406Z [command]/usr/bin/git sparse-checkout disable
Unit & Widget Tests	UNKNOWN STEP	2026-02-25T19:48:18.0569735Z [command]/usr/bin/git config --local --unset-all extensions.worktreeConfig
Unit & Widget Tests	UNKNOWN STEP	2026-02-25T19:48:18.0595665Z ##[group]Checking out the ref
Unit & Widget Tests	UNKNOWN STEP	2026-02-25T19:48:18.0599650Z [command]/usr/bin/git checkout --progress --force refs/remotes/pull/1/merge
Unit & Widget Tests	UNKNOWN STEP	2026-02-25T19:48:18.3447817Z Note: switching to 'refs/remotes/pull/1/merge'.
Unit & Widget Tests	UNKNOWN STEP	2026-02-25T19:48:18.3448338Z 
Unit & Widget Tests	UNKNOWN STEP	2026-02-25T19:48:18.3448708Z You are in 'detached HEAD' state. You can look around, make experimental
Unit & Widget Tests	UNKNOWN STEP	2026-02-25T19:48:18.3449630Z changes and commit them, and you can discard any commits you make in this
Unit & Widget Tests	UNKNOWN STEP	2026-02-25T19:48:18.3450508Z state without impacting any branches by switching back to a branch.
Unit & Widget Tests	UNKNOWN STEP	2026-02-25T19:48:18.3451019Z 
Unit & Widget Tests	UNKNOWN STEP	2026-02-25T19:48:18.3451379Z If you want to create a new branch to retain commits you create, you may
Unit & Widget Tests	UNKNOWN STEP	2026-02-25T19:48:18.3452954Z do so (now or later) by using -c with the switch command. Example:
Unit & Widget Tests	UNKNOWN STEP	2026-02-25T19:48:18.3453446Z 
Unit & Widget Tests	UNKNOWN STEP	2026-02-25T19:48:18.3453649Z   git switch -c <new-branch-name>
Unit & Widget Tests	UNKNOWN STEP	2026-02-25T19:48:18.3453960Z 
Unit & Widget Tests	UNKNOWN STEP	2026-02-25T19:48:18.3454156Z Or undo this operation with:
Unit & Widget Tests	UNKNOWN STEP	2026-02-25T19:48:18.3454489Z 
Unit & Widget Tests	UNKNOWN STEP	2026-02-25T19:48:18.3454652Z   git switch -
Unit & Widget Tests	UNKNOWN STEP	2026-02-25T19:48:18.3454919Z 
Unit & Widget Tests	UNKNOWN STEP	2026-02-25T19:48:18.3455314Z Turn off this advice by setting config variable advice.detachedHead to false
Unit & Widget Tests	UNKNOWN STEP	2026-02-25T19:48:18.3455870Z 
Unit & Widget Tests	UNKNOWN STEP	2026-02-25T19:48:18.3456516Z HEAD is now at 0408461 Merge 86c2f4a4443179a61e99b4f5d2c467a0f9c43a72 into 74cc852017b0f1fdeb37326726f5fee7effe2248
Unit & Widget Tests	UNKNOWN STEP	2026-02-25T19:48:18.3468010Z ##[endgroup]
Unit & Widget Tests	UNKNOWN STEP	2026-02-25T19:48:18.3507306Z [command]/usr/bin/git log -1 --format=%H
Unit & Widget Tests	UNKNOWN STEP	2026-02-25T19:48:18.3530782Z 0408461b08eee1bbe2c516702bd1813b916d3e4c
Unit & Widget Tests	UNKNOWN STEP	2026-02-25T19:48:18.3929358Z ##[group]Run subosito/flutter-action@v2
Unit & Widget Tests	UNKNOWN STEP	2026-02-25T19:48:18.3929717Z with:
Unit & Widget Tests	UNKNOWN STEP	2026-02-25T19:48:18.3929931Z   channel: stable
Unit & Widget Tests	UNKNOWN STEP	2026-02-25T19:48:18.3930162Z   cache: true
Unit & Widget Tests	UNKNOWN STEP	2026-02-25T19:48:18.3930394Z   architecture: X64
Unit & Widget Tests	UNKNOWN STEP	2026-02-25T19:48:18.3930644Z   pub-cache-path: default
Unit & Widget Tests	UNKNOWN STEP	2026-02-25T19:48:18.3930905Z   dry-run: false
Unit & Widget Tests	UNKNOWN STEP	2026-02-25T19:48:18.3931198Z   git-source: https://github.com/flutter/flutter.git
Unit & Widget Tests	UNKNOWN STEP	2026-02-25T19:48:18.3931900Z env:
Unit & Widget Tests	UNKNOWN STEP	2026-02-25T19:48:18.3932106Z   CACHE_VERSION: v1
Unit & Widget Tests	UNKNOWN STEP	2026-02-25T19:48:18.3932340Z ##[endgroup]
Unit & Widget Tests	UNKNOWN STEP	2026-02-25T19:48:18.4041951Z ##[group]Run chmod +x "$GITHUB_ACTION_PATH/setup.sh"
Unit & Widget Tests	UNKNOWN STEP	2026-02-25T19:48:18.4042412Z [36;1mchmod +x "$GITHUB_ACTION_PATH/setup.sh"[0m
Unit & Widget Tests	UNKNOWN STEP	2026-02-25T19:48:18.4099013Z shell: /usr/bin/bash --noprofile --norc -e -o pipefail {0}
Unit & Widget Tests	UNKNOWN STEP	2026-02-25T19:48:18.4099421Z env:
Unit & Widget Tests	UNKNOWN STEP	2026-02-25T19:48:18.4099644Z   CACHE_VERSION: v1
Unit & Widget Tests	UNKNOWN STEP	2026-02-25T19:48:18.4099889Z ##[endgroup]
Unit & Widget Tests	UNKNOWN STEP	2026-02-25T19:48:18.4269536Z ##[group]Run $GITHUB_ACTION_PATH/setup.sh -p \
Unit & Widget Tests	UNKNOWN STEP	2026-02-25T19:48:18.4269998Z [36;1m$GITHUB_ACTION_PATH/setup.sh -p \[0m
Unit & Widget Tests	UNKNOWN STEP	2026-02-25T19:48:18.4270316Z [36;1m  -n '' \[0m
Unit & Widget Tests	UNKNOWN STEP	2026-02-25T19:48:18.4270551Z [36;1m  -f '' \[0m
Unit & Widget Tests	UNKNOWN STEP	2026-02-25T19:48:18.4270776Z [36;1m  -a 'X64' \[0m
Unit & Widget Tests	UNKNOWN STEP	2026-02-25T19:48:18.4271022Z [36;1m  -k '' \[0m
Unit & Widget Tests	UNKNOWN STEP	2026-02-25T19:48:18.4271242Z [36;1m  -c '' \[0m
Unit & Widget Tests	UNKNOWN STEP	2026-02-25T19:48:18.4271718Z [36;1m  -l '' \[0m
Unit & Widget Tests	UNKNOWN STEP	2026-02-25T19:48:18.4272035Z [36;1m  -d 'default' \[0m
Unit & Widget Tests	UNKNOWN STEP	2026-02-25T19:48:18.4272408Z [36;1m  -g 'https://github.com/flutter/flutter.git' \[0m
Unit & Widget Tests	UNKNOWN STEP	2026-02-25T19:48:18.4272772Z [36;1m  stable[0m
Unit & Widget Tests	UNKNOWN STEP	2026-02-25T19:48:18.4320894Z shell: /usr/bin/bash --noprofile --norc -e -o pipefail {0}
Unit & Widget Tests	UNKNOWN STEP	2026-02-25T19:48:18.4321287Z env:
Unit & Widget Tests	UNKNOWN STEP	2026-02-25T19:48:18.4321820Z   CACHE_VERSION: v1
Unit & Widget Tests	UNKNOWN STEP	2026-02-25T19:48:18.4322084Z ##[endgroup]
Unit & Widget Tests	UNKNOWN STEP	2026-02-25T19:48:18.6235754Z ##[group]Run actions/cache@v4
Unit & Widget Tests	UNKNOWN STEP	2026-02-25T19:48:18.6236054Z with:
Unit & Widget Tests	UNKNOWN STEP	2026-02-25T19:48:18.6236346Z   path: /opt/hostedtoolcache/flutter/stable-3.41.2-x64
Unit & Widget Tests	UNKNOWN STEP	2026-02-25T19:48:18.6236864Z   key: flutter-linux-stable-3.41.2-x64-90673a4eef275d1a6692c26ac80d6d746d41a73a
Unit & Widget Tests	UNKNOWN STEP	2026-02-25T19:48:18.6237338Z   enableCrossOsArchive: false
Unit & Widget Tests	UNKNOWN STEP	2026-02-25T19:48:18.6237634Z   fail-on-cache-miss: false
Unit & Widget Tests	UNKNOWN STEP	2026-02-25T19:48:18.6237899Z   lookup-only: false
Unit & Widget Tests	UNKNOWN STEP	2026-02-25T19:48:18.6238157Z   save-always: false
Unit & Widget Tests	UNKNOWN STEP	2026-02-25T19:48:18.6238382Z env:
Unit & Widget Tests	UNKNOWN STEP	2026-02-25T19:48:18.6238591Z   CACHE_VERSION: v1
Unit & Widget Tests	UNKNOWN STEP	2026-02-25T19:48:18.6238813Z ##[endgroup]
Unit & Widget Tests	UNKNOWN STEP	2026-02-25T19:48:19.0664508Z Cache hit for: flutter-linux-stable-3.41.2-x64-90673a4eef275d1a6692c26ac80d6d746d41a73a
Unit & Widget Tests	UNKNOWN STEP	2026-02-25T19:48:20.3731331Z Received 4194304 of 1665993529 (0.3%), 4.0 MBs/sec
Unit & Widget Tests	UNKNOWN STEP	2026-02-25T19:48:21.3732185Z Received 130023424 of 1665993529 (7.8%), 62.0 MBs/sec
Unit & Widget Tests	UNKNOWN STEP	2026-02-25T19:48:22.3786121Z Received 247463936 of 1665993529 (14.9%), 78.5 MBs/sec
Unit & Widget Tests	UNKNOWN STEP	2026-02-25T19:48:23.3777638Z Received 335544320 of 1665993529 (20.1%), 79.9 MBs/sec
Unit & Widget Tests	UNKNOWN STEP	2026-02-25T19:48:24.3780613Z Received 419430400 of 1665993529 (25.2%), 79.9 MBs/sec
Unit & Widget Tests	UNKNOWN STEP	2026-02-25T19:48:25.4239783Z Received 536870912 of 1665993529 (32.2%), 84.6 MBs/sec
Unit & Widget Tests	UNKNOWN STEP	2026-02-25T19:48:26.4242860Z Received 654311424 of 1665993529 (39.3%), 88.5 MBs/sec
Unit & Widget Tests	UNKNOWN STEP	2026-02-25T19:48:27.4251978Z Received 754974720 of 1665993529 (45.3%), 89.4 MBs/sec
Unit & Widget Tests	UNKNOWN STEP	2026-02-25T19:48:28.4258855Z Received 851443712 of 1665993529 (51.1%), 89.7 MBs/sec
Unit & Widget Tests	UNKNOWN STEP	2026-02-25T19:48:29.4252587Z Received 935329792 of 1665993529 (56.1%), 88.7 MBs/sec
Unit & Widget Tests	UNKNOWN STEP	2026-02-25T19:48:30.4259138Z Received 1002438656 of 1665993529 (60.2%), 86.5 MBs/sec
Unit & Widget Tests	UNKNOWN STEP	2026-02-25T19:48:31.4266785Z Received 1107296256 of 1665993529 (66.5%), 87.6 MBs/sec
Unit & Widget Tests	UNKNOWN STEP	2026-02-25T19:48:32.4277360Z Received 1207959552 of 1665993529 (72.5%), 88.2 MBs/sec
Unit & Widget Tests	UNKNOWN STEP	2026-02-25T19:48:33.4285679Z Received 1329594368 of 1665993529 (79.8%), 90.2 MBs/sec
Unit & Widget Tests	UNKNOWN STEP	2026-02-25T19:48:34.4290548Z Received 1430257664 of 1665993529 (85.9%), 90.6 MBs/sec
Unit & Widget Tests	UNKNOWN STEP	2026-02-25T19:48:35.4333534Z Received 1526726656 of 1665993529 (91.6%), 90.7 MBs/sec
Unit & Widget Tests	UNKNOWN STEP	2026-02-25T19:48:36.4325153Z Received 1623195648 of 1665993529 (97.4%), 90.7 MBs/sec
Unit & Widget Tests	UNKNOWN STEP	2026-02-25T19:48:36.8225304Z Received 1665993529 of 1665993529 (100.0%), 91.0 MBs/sec
Unit & Widget Tests	UNKNOWN STEP	2026-02-25T19:48:36.8229175Z Cache Size: ~1589 MB (1665993529 B)
Unit & Widget Tests	UNKNOWN STEP	2026-02-25T19:48:36.8274670Z [command]/usr/bin/tar -xf /home/runner/work/_temp/0c8d4957-a57d-4c5d-aa01-82e8d36fd6af/cache.tzst -P -C /home/runner/work/substitution/substitution --use-compress-program unzstd
Unit & Widget Tests	UNKNOWN STEP	2026-02-25T19:48:42.0108390Z Cache restored successfully
Unit & Widget Tests	UNKNOWN STEP	2026-02-25T19:48:42.3203338Z Cache restored from key: flutter-linux-stable-3.41.2-x64-90673a4eef275d1a6692c26ac80d6d746d41a73a
Unit & Widget Tests	UNKNOWN STEP	2026-02-25T19:48:42.4437034Z ##[group]Run actions/cache@v4
Unit & Widget Tests	UNKNOWN STEP	2026-02-25T19:48:42.4437348Z with:
Unit & Widget Tests	UNKNOWN STEP	2026-02-25T19:48:42.4437610Z   path: /home/runner/.pub-cache
Unit & Widget Tests	UNKNOWN STEP	2026-02-25T19:48:42.4438541Z   key: flutter-pub-linux-stable-3.41.2-x64-90673a4eef275d1a6692c26ac80d6d746d41a73a-fabacfc13d2b7e18a7fb2822593662b03764f624bf41fd351cdabec60fb27783
Unit & Widget Tests	UNKNOWN STEP	2026-02-25T19:48:42.4439515Z   enableCrossOsArchive: false
Unit & Widget Tests	UNKNOWN STEP	2026-02-25T19:48:42.4439822Z   fail-on-cache-miss: false
Unit & Widget Tests	UNKNOWN STEP	2026-02-25T19:48:42.4440112Z   lookup-only: false
Unit & Widget Tests	UNKNOWN STEP	2026-02-25T19:48:42.4440400Z   save-always: false
Unit & Widget Tests	UNKNOWN STEP	2026-02-25T19:48:42.4440676Z env:
Unit & Widget Tests	UNKNOWN STEP	2026-02-25T19:48:42.4440913Z   CACHE_VERSION: v1
Unit & Widget Tests	UNKNOWN STEP	2026-02-25T19:48:42.4441157Z ##[endgroup]
Unit & Widget Tests	UNKNOWN STEP	2026-02-25T19:48:42.8624740Z Cache hit for: flutter-pub-linux-stable-3.41.2-x64-90673a4eef275d1a6692c26ac80d6d746d41a73a-fabacfc13d2b7e18a7fb2822593662b03764f624bf41fd351cdabec60fb27783
Unit & Widget Tests	UNKNOWN STEP	2026-02-25T19:48:44.1977651Z Received 8388608 of 133563121 (6.3%), 8.0 MBs/sec
Unit & Widget Tests	UNKNOWN STEP	2026-02-25T19:48:45.2789894Z Received 133563121 of 133563121 (100.0%), 61.2 MBs/sec
Unit & Widget Tests	UNKNOWN STEP	2026-02-25T19:48:45.2793638Z Cache Size: ~127 MB (133563121 B)
Unit & Widget Tests	UNKNOWN STEP	2026-02-25T19:48:45.2856621Z [command]/usr/bin/tar -xf /home/runner/work/_temp/8b8438f0-2da5-454f-86f0-c74a88ec171d/cache.tzst -P -C /home/runner/work/substitution/substitution --use-compress-program unzstd
Unit & Widget Tests	UNKNOWN STEP	2026-02-25T19:48:46.8283892Z Cache restored successfully
Unit & Widget Tests	UNKNOWN STEP	2026-02-25T19:48:46.8651183Z Cache restored from key: flutter-pub-linux-stable-3.41.2-x64-90673a4eef275d1a6692c26ac80d6d746d41a73a-fabacfc13d2b7e18a7fb2822593662b03764f624bf41fd351cdabec60fb27783
Unit & Widget Tests	UNKNOWN STEP	2026-02-25T19:48:46.8776027Z ##[group]Run $GITHUB_ACTION_PATH/setup.sh \
Unit & Widget Tests	UNKNOWN STEP	2026-02-25T19:48:46.8776390Z [36;1m$GITHUB_ACTION_PATH/setup.sh \[0m
Unit & Widget Tests	UNKNOWN STEP	2026-02-25T19:48:46.8776667Z [36;1m  -n '3.41.2' \[0m
Unit & Widget Tests	UNKNOWN STEP	2026-02-25T19:48:46.8776886Z [36;1m  -a 'x64' \[0m
Unit & Widget Tests	UNKNOWN STEP	2026-02-25T19:48:46.8777191Z [36;1m  -c '/opt/hostedtoolcache/flutter/stable-3.41.2-x64' \[0m
Unit & Widget Tests	UNKNOWN STEP	2026-02-25T19:48:46.8777565Z [36;1m  -d '/home/runner/.pub-cache' \[0m
Unit & Widget Tests	UNKNOWN STEP	2026-02-25T19:48:46.8777827Z [36;1m  stable[0m
Unit & Widget Tests	UNKNOWN STEP	2026-02-25T19:48:46.8826147Z shell: /usr/bin/bash --noprofile --norc -e -o pipefail {0}
Unit & Widget Tests	UNKNOWN STEP	2026-02-25T19:48:46.8826503Z env:
Unit & Widget Tests	UNKNOWN STEP	2026-02-25T19:48:46.8826692Z   CACHE_VERSION: v1
Unit & Widget Tests	UNKNOWN STEP	2026-02-25T19:48:46.8826901Z ##[endgroup]
Unit & Widget Tests	UNKNOWN STEP	2026-02-25T19:48:47.6602694Z ##[group]Run flutter pub get
Unit & Widget Tests	UNKNOWN STEP	2026-02-25T19:48:47.6602998Z [36;1mflutter pub get[0m
Unit & Widget Tests	UNKNOWN STEP	2026-02-25T19:48:47.6653719Z shell: /usr/bin/bash -e {0}
Unit & Widget Tests	UNKNOWN STEP	2026-02-25T19:48:47.6653980Z env:
Unit & Widget Tests	UNKNOWN STEP	2026-02-25T19:48:47.6654165Z   CACHE_VERSION: v1
Unit & Widget Tests	UNKNOWN STEP	2026-02-25T19:48:47.6654471Z   FLUTTER_ROOT: /opt/hostedtoolcache/flutter/stable-3.41.2-x64
Unit & Widget Tests	UNKNOWN STEP	2026-02-25T19:48:47.6654839Z   PUB_CACHE: /home/runner/.pub-cache
Unit & Widget Tests	UNKNOWN STEP	2026-02-25T19:48:47.6655100Z ##[endgroup]
Unit & Widget Tests	UNKNOWN STEP	2026-02-25T19:48:48.0705367Z Resolving dependencies...
Unit & Widget Tests	UNKNOWN STEP	2026-02-25T19:48:48.4367221Z Downloading packages...
Unit & Widget Tests	UNKNOWN STEP	2026-02-25T19:48:48.6260162Z   _fe_analyzer_shared 91.0.0 (96.0.0 available)
Unit & Widget Tests	UNKNOWN STEP	2026-02-25T19:48:48.6261995Z   analyzer 8.4.1 (10.2.0 available)
Unit & Widget Tests	UNKNOWN STEP	2026-02-25T19:48:48.6268039Z > characters 1.4.1 (was 1.4.0)
Unit & Widget Tests	UNKNOWN STEP	2026-02-25T19:48:48.6268628Z > matcher 0.12.18 (was 0.12.17)
Unit & Widget Tests	UNKNOWN STEP	2026-02-25T19:48:48.6269231Z > material_color_utilities 0.13.0 (was 0.11.1)
Unit & Widget Tests	UNKNOWN STEP	2026-02-25T19:48:48.6269833Z   meta 1.17.0 (1.18.1 available)
Unit & Widget Tests	UNKNOWN STEP	2026-02-25T19:48:48.6270484Z   sqflite_common_ffi 2.3.7+1 (2.4.0+2 available)
Unit & Widget Tests	UNKNOWN STEP	2026-02-25T19:48:48.6271132Z   sqlite3 2.9.4 (3.1.6 available)
Unit & Widget Tests	UNKNOWN STEP	2026-02-25T19:48:48.6271922Z > test_api 0.7.9 (was 0.7.7)
Unit & Widget Tests	UNKNOWN STEP	2026-02-25T19:48:48.6273700Z > test_core 0.6.15 (was 0.6.12)
Unit & Widget Tests	UNKNOWN STEP	2026-02-25T19:48:48.6274146Z   unorm_dart 0.2.0 (0.3.2 available)
Unit & Widget Tests	UNKNOWN STEP	2026-02-25T19:48:48.6274452Z   win32 5.15.0 (6.0.0 available)
Unit & Widget Tests	UNKNOWN STEP	2026-02-25T19:48:48.6274760Z Changed 5 dependencies!
Unit & Widget Tests	UNKNOWN STEP	2026-02-25T19:48:48.6276908Z 7 packages have newer versions incompatible with dependency constraints.
Unit & Widget Tests	UNKNOWN STEP	2026-02-25T19:48:48.6277755Z Try `flutter pub outdated` for more information.
Unit & Widget Tests	UNKNOWN STEP	2026-02-25T19:48:49.7467670Z ##[group]Run ./scripts/test.sh unit --no-docker
Unit & Widget Tests	UNKNOWN STEP	2026-02-25T19:48:49.7468077Z [36;1m./scripts/test.sh unit --no-docker[0m
Unit & Widget Tests	UNKNOWN STEP	2026-02-25T19:48:49.7516407Z shell: /usr/bin/bash -e {0}
Unit & Widget Tests	UNKNOWN STEP	2026-02-25T19:48:49.7516659Z env:
Unit & Widget Tests	UNKNOWN STEP	2026-02-25T19:48:49.7516849Z   CACHE_VERSION: v1
Unit & Widget Tests	UNKNOWN STEP	2026-02-25T19:48:49.7517155Z   FLUTTER_ROOT: /opt/hostedtoolcache/flutter/stable-3.41.2-x64
Unit & Widget Tests	UNKNOWN STEP	2026-02-25T19:48:49.7517533Z   PUB_CACHE: /home/runner/.pub-cache
Unit & Widget Tests	UNKNOWN STEP	2026-02-25T19:48:49.7517801Z ##[endgroup]
Unit & Widget Tests	UNKNOWN STEP	2026-02-25T19:48:49.7698660Z [1m
Unit & Widget Tests	UNKNOWN STEP	2026-02-25T19:48:49.7699164Z   Substitution Test Runner
Unit & Widget Tests	UNKNOWN STEP	2026-02-25T19:48:49.7713363Z   2026-02-25 19:48:49
Unit & Widget Tests	UNKNOWN STEP	2026-02-25T19:48:49.7713912Z   Targets: unit
Unit & Widget Tests	UNKNOWN STEP	2026-02-25T19:48:49.7714463Z [0m
Unit & Widget Tests	UNKNOWN STEP	2026-02-25T19:48:49.7721168Z [0;34m[INFO][0m Fetching Flutter dependencies...
Unit & Widget Tests	UNKNOWN STEP	2026-02-25T19:48:50.8613411Z   unorm_dart 0.2.0 (0.3.2 available)
Unit & Widget Tests	UNKNOWN STEP	2026-02-25T19:48:50.8613943Z   win32 5.15.0 (6.0.0 available)
Unit & Widget Tests	UNKNOWN STEP	2026-02-25T19:48:50.8614333Z Got dependencies!
Unit & Widget Tests	UNKNOWN STEP	2026-02-25T19:48:50.8614857Z 7 packages have newer versions incompatible with dependency constraints.
Unit & Widget Tests	UNKNOWN STEP	2026-02-25T19:48:50.8615317Z Try `flutter pub outdated` for more information.
Unit & Widget Tests	UNKNOWN STEP	2026-02-25T19:48:50.8616186Z [0;32m[OK][0m Dependencies fetched
Unit & Widget Tests	UNKNOWN STEP	2026-02-25T19:48:50.8633861Z [0;34m[INFO][0m Target: unit
Unit & Widget Tests	UNKNOWN STEP	2026-02-25T19:48:50.8634371Z 
Unit & Widget Tests	UNKNOWN STEP	2026-02-25T19:48:50.8634903Z [1m━━━ Unit Tests ━━━[0m
Unit & Widget Tests	UNKNOWN STEP	2026-02-25T19:48:50.8635191Z 
Unit & Widget Tests	UNKNOWN STEP	2026-02-25T19:48:50.8656233Z [0;34m[INFO][0m Running unit tests...
Unit & Widget Tests	UNKNOWN STEP	2026-02-25T19:48:53.5224356Z 00:00 +0: loading /home/runner/work/substitution/substitution/test/unit/profile_update_test.dart
Unit & Widget Tests	UNKNOWN STEP	2026-02-25T19:49:05.1881000Z 00:00 +0: /home/runner/work/substitution/substitution/test/unit/session_persistence_test.dart: (setUpAll)
Unit & Widget Tests	UNKNOWN STEP	2026-02-25T19:49:05.2045902Z 00:00 +0: /home/runner/work/substitution/substitution/test/unit/profile_update_test.dart: Profile Update setDisplayName updates profile
Unit & Widget Tests	UNKNOWN STEP	2026-02-25T19:49:05.2102107Z 00:00 +1: /home/runner/work/substitution/substitution/test/unit/session_persistence_test.dart: Session Persistence 1. Client is initialized with correct store name
Unit & Widget Tests	UNKNOWN STEP	2026-02-25T19:49:05.2120101Z 00:00 +2: /home/runner/work/substitution/substitution/test/unit/profile_update_test.dart: Profile Update setAvatar uploads new profile picture
Unit & Widget Tests	UNKNOWN STEP	2026-02-25T19:49:05.2182505Z 00:00 +3: /home/runner/work/substitution/substitution/test/unit/session_persistence_test.dart: Session Persistence 2. client.init() is called during app startup
Unit & Widget Tests	UNKNOWN STEP	2026-02-25T19:49:05.2204743Z 00:00 +4: /home/runner/work/substitution/substitution/test/unit/session_persistence_test.dart: Session Persistence 2. client.init() is called during app startup
Unit & Widget Tests	UNKNOWN STEP	2026-02-25T19:49:05.2340924Z 00:00 +5: /home/runner/work/substitution/substitution/test/unit/session_persistence_test.dart: Session Persistence 3. Logged-in state persists (isLogged returns true)
Unit & Widget Tests	UNKNOWN STEP	2026-02-25T19:49:05.2366498Z 00:00 +6: /home/runner/work/substitution/substitution/test/unit/session_persistence_test.dart: Session Persistence 4. Logged-out state when not authenticated
Unit & Widget Tests	UNKNOWN STEP	2026-02-25T19:49:05.2582591Z 00:00 +7: /home/runner/work/substitution/substitution/test/unit/session_persistence_test.dart: (tearDownAll)
Unit & Widget Tests	UNKNOWN STEP	2026-02-25T19:49:06.1012901Z 00:00 +7: /home/runner/work/substitution/substitution/test/unit/room_search_test.dart: (setUpAll)
Unit & Widget Tests	UNKNOWN STEP	2026-02-25T19:49:06.1165365Z 00:00 +7: /home/runner/work/substitution/substitution/test/unit/room_search_test.dart: Room Search Tests queryPublicRooms called with correct server and search filter
Unit & Widget Tests	UNKNOWN STEP	2026-02-25T19:49:06.1422019Z 00:00 +8: /home/runner/work/substitution/substitution/test/unit/room_search_test.dart: Room Search Tests Pagination: since token is passed for next page
Unit & Widget Tests	UNKNOWN STEP	2026-02-25T19:49:06.1465744Z 00:00 +9: /home/runner/work/substitution/substitution/test/unit/room_search_test.dart: Room Search Tests Race condition: outdated response is discarded
Unit & Widget Tests	UNKNOWN STEP	2026-02-25T19:49:06.2527882Z 00:01 +10: /home/runner/work/substitution/substitution/test/unit/room_search_test.dart: (tearDownAll)
Unit & Widget Tests	UNKNOWN STEP	2026-02-25T19:49:06.4165799Z 00:01 +10: /home/runner/work/substitution/substitution/test/unit/timeline_merge_test.dart: Timeline Merge & Filter Logic Events from multiple rooms sorted by originServerTs descending
Unit & Widget Tests	UNKNOWN STEP	2026-02-25T19:49:06.4503342Z 00:01 +11: /home/runner/work/substitution/substitution/test/unit/timeline_merge_test.dart: Timeline Merge & Filter Logic Only m.room.message events pass filter
Unit & Widget Tests	UNKNOWN STEP	2026-02-25T19:49:06.4530910Z 00:01 +12: /home/runner/work/substitution/substitution/test/unit/timeline_merge_test.dart: Timeline Merge & Filter Logic Replies/threads/edits excluded by relationshipType filter
Unit & Widget Tests	UNKNOWN STEP	2026-02-25T19:49:06.4562287Z 00:01 +13: /home/runner/work/substitution/substitution/test/unit/timeline_merge_test.dart: Timeline Merge & Filter Logic Only sender power level >= 50 events shown
Unit & Widget Tests	UNKNOWN STEP	2026-02-25T19:49:06.4604518Z 00:01 +14: /home/runner/work/substitution/substitution/test/unit/timeline_merge_test.dart: Timeline Merge & Filter Logic Only rooms with substitution account data included
Unit & Widget Tests	UNKNOWN STEP	2026-02-25T19:49:08.4064160Z 00:03 +15: /home/runner/work/substitution/substitution/test/unit/room_permissions_test.dart: Room Permissions Logic Tests (setUpAll)
Unit & Widget Tests	UNKNOWN STEP	2026-02-25T19:49:08.4395738Z [90m[🌎 Easy Localization] [DEBUG] Localization initialized[0m
Unit & Widget Tests	UNKNOWN STEP	2026-02-25T19:49:08.4425445Z 00:03 +15: /home/runner/work/substitution/substitution/test/unit/room_permissions_test.dart: Room Permissions Logic Tests setPower() calls room.setPower with correct userId and level
Unit & Widget Tests	UNKNOWN STEP	2026-02-25T19:49:08.4694820Z 00:03 +16: /home/runner/work/substitution/substitution/test/unit/room_permissions_test.dart: Room Permissions Logic Tests Blog mode updates events_default to 50
Unit & Widget Tests	UNKNOWN STEP	2026-02-25T19:49:08.4761793Z 00:03 +17: /home/runner/work/substitution/substitution/test/unit/room_permissions_test.dart: Room Permissions Logic Tests Community mode updates events_default to 0
Unit & Widget Tests	UNKNOWN STEP	2026-02-25T19:49:08.4793337Z 00:03 +18: /home/runner/work/substitution/substitution/test/unit/room_permissions_test.dart: Room Permissions Logic Tests Only room admins (power >= 100) can change permissions
Unit & Widget Tests	UNKNOWN STEP	2026-02-25T19:49:08.4833305Z 00:03 +19: /home/runner/work/substitution/substitution/test/unit/room_permissions_test.dart: Room Permissions Logic Tests (tearDownAll)
Unit & Widget Tests	UNKNOWN STEP	2026-02-25T19:49:08.7062850Z 00:03 +19: /home/runner/work/substitution/substitution/test/unit/user_profile_fetch_test.dart: User Profile Fetch client.getProfileFromUserId is called with correct userId
Unit & Widget Tests	UNKNOWN STEP	2026-02-25T19:49:08.7397696Z 00:03 +20: /home/runner/work/substitution/substitution/test/unit/user_profile_fetch_test.dart: User Profile Fetch Rooms are filtered to show only rooms where user has power level >= 50
Unit & Widget Tests	UNKNOWN STEP	2026-02-25T19:49:09.2333807Z 00:04 +21: /home/runner/work/substitution/substitution/test/unit/login_logic_test.dart: (setUpAll)
Unit & Widget Tests	UNKNOWN STEP	2026-02-25T19:49:09.2508920Z 00:04 +21: /home/runner/work/substitution/substitution/test/unit/login_logic_test.dart: Login Logic 1. Login call uses correct parameters
Unit & Widget Tests	UNKNOWN STEP	2026-02-25T19:49:09.2778809Z 00:04 +22: /home/runner/work/substitution/substitution/test/unit/login_logic_test.dart: Login Logic 2. SSO URL is constructed correctly (generic, no provider id)
Unit & Widget Tests	UNKNOWN STEP	2026-02-25T19:49:09.2853651Z 00:04 +23: /home/runner/work/substitution/substitution/test/unit/login_logic_test.dart: Login Logic 3. SSO URL includes provider id in path for provider-specific redirect
Unit & Widget Tests	UNKNOWN STEP	2026-02-25T19:49:09.2878086Z 00:04 +24: /home/runner/work/substitution/substitution/test/unit/login_logic_test.dart: Login Logic 4. AuthState.ssoProviders parses identity_providers correctly
Unit & Widget Tests	UNKNOWN STEP	2026-02-25T19:49:09.2949466Z 00:04 +25: /home/runner/work/substitution/substitution/test/unit/login_logic_test.dart: Login Logic 5. AuthState.hasPasswordFlow returns true when password flow present
Unit & Widget Tests	UNKNOWN STEP	2026-02-25T19:49:09.2985026Z 00:04 +26: /home/runner/work/substitution/substitution/test/unit/login_logic_test.dart: Login Logic 6. AuthState.hasPasswordFlow returns false for SSO-only server
Unit & Widget Tests	UNKNOWN STEP	2026-02-25T19:49:09.3006856Z 00:04 +27: /home/runner/work/substitution/substitution/test/unit/login_logic_test.dart: Login Logic 7. AuthState.hasPasswordFlow returns true when flows are not yet set
Unit & Widget Tests	UNKNOWN STEP	2026-02-25T19:49:09.3027324Z 00:04 +28: /home/runner/work/substitution/substitution/test/unit/login_logic_test.dart: Login Logic 8. AuthState.ssoProviders returns single unnamed provider when identity_providers absent
Unit & Widget Tests	UNKNOWN STEP	2026-02-25T19:49:09.3056827Z 00:04 +29: /home/runner/work/substitution/substitution/test/unit/login_logic_test.dart: (tearDownAll)
Unit & Widget Tests	UNKNOWN STEP	2026-02-25T19:49:09.5007572Z 00:04 +29: /home/runner/work/substitution/substitution/test/unit/room_leave_test.dart: (setUpAll)
Unit & Widget Tests	UNKNOWN STEP	2026-02-25T19:49:09.5150887Z 00:04 +29: /home/runner/work/substitution/substitution/test/unit/room_leave_test.dart: Room Leave Tests client.leaveRoom(roomId) is called with correct room ID
Unit & Widget Tests	UNKNOWN STEP	2026-02-25T19:49:09.5380365Z 00:04 +30: /home/runner/work/substitution/substitution/test/unit/room_leave_test.dart: Room Leave Tests Account data updated to remove substitution flag
Unit & Widget Tests	UNKNOWN STEP	2026-02-25T19:49:09.5506050Z 00:04 +31: /home/runner/work/substitution/substitution/test/unit/room_leave_test.dart: (tearDownAll)
Unit & Widget Tests	UNKNOWN STEP	2026-02-25T19:49:10.1848423Z 00:04 +31: /home/runner/work/substitution/substitution/test/unit/connectivity_service_test.dart: Connectivity Service Tests isOnline returns true when connected
Unit & Widget Tests	UNKNOWN STEP	2026-02-25T19:49:10.2065659Z 00:05 +32: /home/runner/work/substitution/substitution/test/unit/connectivity_service_test.dart: Connectivity Service Tests isOnline returns false when disconnected
Unit & Widget Tests	UNKNOWN STEP	2026-02-25T19:49:10.2099091Z 00:05 +33: /home/runner/work/substitution/substitution/test/unit/connectivity_service_test.dart: Connectivity Service Tests Stream emits correct events on change
Unit & Widget Tests	UNKNOWN STEP	2026-02-25T19:49:10.4136517Z 00:05 +34: /home/runner/work/substitution/substitution/test/unit/theme_service_test.dart: (setUpAll)
Unit & Widget Tests	UNKNOWN STEP	2026-02-25T19:49:10.4341693Z 00:05 +34: /home/runner/work/substitution/substitution/test/unit/theme_service_test.dart: ThemeService Default theme mode is ThemeMode.system
Unit & Widget Tests	UNKNOWN STEP	2026-02-25T19:49:10.4476656Z 00:05 +35: /home/runner/work/substitution/substitution/test/unit/theme_service_test.dart: ThemeService toggleTheme() switches between light and dark
Unit & Widget Tests	UNKNOWN STEP	2026-02-25T19:49:10.4522185Z 00:05 +36: /home/runner/work/substitution/substitution/test/unit/theme_service_test.dart: ThemeService setThemeMode() persists to SharedPreferences
Unit & Widget Tests	UNKNOWN STEP	2026-02-25T19:49:10.4547802Z 00:05 +37: /home/runner/work/substitution/substitution/test/unit/theme_service_test.dart: ThemeService Loading from SharedPreferences restores saved theme
Unit & Widget Tests	UNKNOWN STEP	2026-02-25T19:49:10.4568331Z 00:05 +38: /home/runner/work/substitution/substitution/test/unit/theme_service_test.dart: ThemeService notifyListeners() is called on change
Unit & Widget Tests	UNKNOWN STEP	2026-02-25T19:49:10.4607409Z 00:05 +39: /home/runner/work/substitution/substitution/test/unit/theme_service_test.dart: (tearDownAll)
Unit & Widget Tests	UNKNOWN STEP	2026-02-25T19:49:11.2046893Z 00:06 +39: /home/runner/work/substitution/substitution/test/unit/reaction_aggregation_test.dart: (setUpAll)
Unit & Widget Tests	UNKNOWN STEP	2026-02-25T19:49:11.2365451Z [90m[🌎 Easy Localization] [DEBUG] Localization initialized[0m
Unit & Widget Tests	UNKNOWN STEP	2026-02-25T19:49:11.2434699Z 00:06 +39: /home/runner/work/substitution/substitution/test/unit/reaction_aggregation_test.dart: Reaction Aggregation Multiple reactions with same emoji should be counted correctly
Unit & Widget Tests	UNKNOWN STEP	2026-02-25T19:49:11.2699402Z 00:06 +40: /home/runner/work/substitution/substitution/test/unit/reaction_aggregation_test.dart: Reaction Aggregation User IDs should be tracked per reaction emoji
Unit & Widget Tests	UNKNOWN STEP	2026-02-25T19:49:11.2759476Z 00:06 +41: /home/runner/work/substitution/substitution/test/unit/reaction_aggregation_test.dart: Reaction Aggregation Duplicate reactions from same user should be deduplicated
Unit & Widget Tests	UNKNOWN STEP	2026-02-25T19:49:11.2800440Z 00:06 +42: /home/runner/work/substitution/substitution/test/unit/reaction_aggregation_test.dart: (tearDownAll)
Unit & Widget Tests	UNKNOWN STEP	2026-02-25T19:49:11.5437235Z 00:06 +42: /home/runner/work/substitution/substitution/test/unit/key_verification_test.dart: Key Verification Unit Tests client.userDeviceKeys returns device list
Unit & Widget Tests	UNKNOWN STEP	2026-02-25T19:49:11.5778255Z 00:06 +43: /home/runner/work/substitution/substitution/test/unit/key_verification_test.dart: Key Verification Unit Tests Verification state mapping (verified, unverified, blocked)
Unit & Widget Tests	UNKNOWN STEP	2026-02-25T19:49:11.5821230Z 00:06 +44: /home/runner/work/substitution/substitution/test/unit/key_verification_test.dart: Key Verification Unit Tests Device properties mapped correctly
Unit & Widget Tests	UNKNOWN STEP	2026-02-25T19:49:12.0522532Z 00:06 +45: /home/runner/work/substitution/substitution/test/unit/room_join_test.dart: (setUpAll)
Unit & Widget Tests	UNKNOWN STEP	2026-02-25T19:49:12.0717330Z 00:06 +45: /home/runner/work/substitution/substitution/test/unit/room_join_test.dart: Room Join Tests client.joinRoom(roomId) is called with correct room ID
Unit & Widget Tests	UNKNOWN STEP	2026-02-25T19:49:12.0935458Z 00:06 +46: /home/runner/work/substitution/substitution/test/unit/room_join_test.dart: Room Join Tests Account data {"joined": true} set after join
Unit & Widget Tests	UNKNOWN STEP	2026-02-25T19:49:12.1031035Z 00:06 +47: /home/runner/work/substitution/substitution/test/unit/room_join_test.dart: Room Join Tests isRoomInSubstitution() returns true after join
Unit & Widget Tests	UNKNOWN STEP	2026-02-25T19:49:12.1076786Z 00:06 +48: /home/runner/work/substitution/substitution/test/unit/room_join_test.dart: (tearDownAll)
Unit & Widget Tests	UNKNOWN STEP	2026-02-25T19:49:12.3665461Z 00:07 +48: /home/runner/work/substitution/substitution/test/unit/homeserver_validation_test.dart: (setUpAll)
Unit & Widget Tests	UNKNOWN STEP	2026-02-25T19:49:12.3940574Z [90m[🌎 Easy Localization] [DEBUG] Localization initialized[0m
Unit & Widget Tests	UNKNOWN STEP	2026-02-25T19:49:12.3969405Z 00:07 +48: /home/runner/work/substitution/substitution/test/unit/homeserver_validation_test.dart: Homeserver Validation 1. Valid homeserver URL makes checkHomeserver call
Unit & Widget Tests	UNKNOWN STEP	2026-02-25T19:49:12.4316037Z 00:07 +49: /home/runner/work/substitution/substitution/test/unit/homeserver_validation_test.dart: Homeserver Validation 2. Invalid URL throws exception
Unit & Widget Tests	UNKNOWN STEP	2026-02-25T19:49:12.4395267Z 00:07 +50: /home/runner/work/substitution/substitution/test/unit/homeserver_validation_test.dart: Homeserver Validation 3. Empty input validation prevents submission
Unit & Widget Tests	UNKNOWN STEP	2026-02-25T19:49:12.4452735Z 00:07 +51: /home/runner/work/substitution/substitution/test/unit/homeserver_validation_test.dart: Homeserver Validation 4. Default value is matrix.org
Unit & Widget Tests	UNKNOWN STEP	2026-02-25T19:49:12.4512128Z 00:07 +52: /home/runner/work/substitution/substitution/test/unit/homeserver_validation_test.dart: (tearDownAll)
Unit & Widget Tests	UNKNOWN STEP	2026-02-25T19:49:13.0155213Z 00:07 +52: /home/runner/work/substitution/substitution/test/unit/reaction_send_test.dart: (setUpAll)
Unit & Widget Tests	UNKNOWN STEP	2026-02-25T19:49:13.0386820Z [90m[🌎 Easy Localization] [DEBUG] Localization initialized[0m
Unit & Widget Tests	UNKNOWN STEP	2026-02-25T19:49:13.0425044Z 00:07 +52: /home/runner/work/substitution/substitution/test/unit/reaction_send_test.dart: Reaction Send should call event.room.sendReaction with correct event ID and emoji
Unit & Widget Tests	UNKNOWN STEP	2026-02-25T19:49:13.0656577Z 00:07 +53: /home/runner/work/substitution/substitution/test/unit/reaction_send_test.dart: Reaction Send should map selected emoji to correct unicode key
Unit & Widget Tests	UNKNOWN STEP	2026-02-25T19:49:13.0739442Z 00:07 +54: /home/runner/work/substitution/substitution/test/unit/reaction_send_test.dart: (tearDownAll)
Unit & Widget Tests	UNKNOWN STEP	2026-02-25T19:49:13.2372621Z 00:08 +54: /home/runner/work/substitution/substitution/test/unit/cache_clear_test.dart: Cache Clear client.logout() is called
Unit & Widget Tests	UNKNOWN STEP	2026-02-25T19:49:13.2645828Z 00:08 +55: /home/runner/work/substitution/substitution/test/unit/cache_clear_test.dart: Cache Clear client.database.clear() clears all data
Unit & Widget Tests	UNKNOWN STEP	2026-02-25T19:49:13.2698116Z 00:08 +56: /home/runner/work/substitution/substitution/test/unit/cache_clear_test.dart: Cache Clear After cache clear, client.isLogged() returns false
Unit & Widget Tests	UNKNOWN STEP	2026-02-25T19:49:13.2990620Z 00:08 +57: All tests passed!
Unit & Widget Tests	UNKNOWN STEP	2026-02-25T19:49:13.4016538Z [0;32m[OK][0m Unit tests passed
Unit & Widget Tests	UNKNOWN STEP	2026-02-25T19:49:13.4016907Z 
Unit & Widget Tests	UNKNOWN STEP	2026-02-25T19:49:13.4017404Z [1m══════════════════════════════════════════════════════════[0m
Unit & Widget Tests	UNKNOWN STEP	2026-02-25T19:49:13.4018038Z [1m  Test Results Summary[0m
Unit & Widget Tests	UNKNOWN STEP	2026-02-25T19:49:13.4018705Z [1m══════════════════════════════════════════════════════════[0m
Unit & Widget Tests	UNKNOWN STEP	2026-02-25T19:49:13.4019106Z 
Unit & Widget Tests	UNKNOWN STEP	2026-02-25T19:49:13.4019338Z   TARGET             PASSED   FAILED  SKIPPED   DURATION
Unit & Widget Tests	UNKNOWN STEP	2026-02-25T19:49:13.4020053Z   ──────────────── ──────── ──────── ──────── ──────────
Unit & Widget Tests	UNKNOWN STEP	2026-02-25T19:49:13.4020737Z   [0;32munit            [0m       57        0        0     0m 23s
Unit & Widget Tests	UNKNOWN STEP	2026-02-25T19:49:13.4021133Z 
Unit & Widget Tests	UNKNOWN STEP	2026-02-25T19:49:13.4021578Z   ──────────────── ──────── ──────── ────────
Unit & Widget Tests	UNKNOWN STEP	2026-02-25T19:49:13.4022350Z   [0;32mTOTAL                  57        0        0[0m
Unit & Widget Tests	UNKNOWN STEP	2026-02-25T19:49:13.4022650Z 
Unit & Widget Tests	UNKNOWN STEP	2026-02-25T19:49:13.4022811Z   [0;32m[1mRESULT: PASSED[0m
Unit & Widget Tests	UNKNOWN STEP	2026-02-25T19:49:13.4023004Z 
Unit & Widget Tests	UNKNOWN STEP	2026-02-25T19:49:13.4023257Z [1m══════════════════════════════════════════════════════════[0m
Unit & Widget Tests	UNKNOWN STEP	2026-02-25T19:49:13.4023563Z 
Unit & Widget Tests	UNKNOWN STEP	2026-02-25T19:49:13.4023738Z [0;34m[INFO][0m Cleaning up...
Unit & Widget Tests	UNKNOWN STEP	2026-02-25T19:49:13.4166920Z [0;34m[INFO][0m Cleanup complete
Unit & Widget Tests	UNKNOWN STEP	2026-02-25T19:49:13.4305134Z Post job cleanup.
Unit & Widget Tests	UNKNOWN STEP	2026-02-25T19:49:13.5448138Z Post job cleanup.
Unit & Widget Tests	UNKNOWN STEP	2026-02-25T19:49:13.6768519Z Cache hit occurred on the primary key flutter-pub-linux-stable-3.41.2-x64-90673a4eef275d1a6692c26ac80d6d746d41a73a-fabacfc13d2b7e18a7fb2822593662b03764f624bf41fd351cdabec60fb27783, not saving cache.
Unit & Widget Tests	UNKNOWN STEP	2026-02-25T19:49:13.6864866Z Post job cleanup.
Unit & Widget Tests	UNKNOWN STEP	2026-02-25T19:49:13.8166135Z Cache hit occurred on the primary key flutter-linux-stable-3.41.2-x64-90673a4eef275d1a6692c26ac80d6d746d41a73a, not saving cache.
Unit & Widget Tests	UNKNOWN STEP	2026-02-25T19:49:13.8275778Z Post job cleanup.
Unit & Widget Tests	UNKNOWN STEP	2026-02-25T19:49:13.9244708Z [command]/usr/bin/git version
Unit & Widget Tests	UNKNOWN STEP	2026-02-25T19:49:13.9281920Z git version 2.53.0
Unit & Widget Tests	UNKNOWN STEP	2026-02-25T19:49:13.9333215Z Temporarily overriding HOME='/home/runner/work/_temp/4762bf33-13e4-4a0e-9410-4b28dfbb4335' before making global git config changes
Unit & Widget Tests	UNKNOWN STEP	2026-02-25T19:49:13.9334592Z Adding repository directory to the temporary git global config as a safe directory
Unit & Widget Tests	UNKNOWN STEP	2026-02-25T19:49:13.9339673Z [command]/usr/bin/git config --global --add safe.directory /home/runner/work/substitution/substitution
Unit & Widget Tests	UNKNOWN STEP	2026-02-25T19:49:13.9376033Z [command]/usr/bin/git config --local --name-only --get-regexp core\.sshCommand
Unit & Widget Tests	UNKNOWN STEP	2026-02-25T19:49:13.9411921Z [command]/usr/bin/git submodule foreach --recursive sh -c "git config --local --name-only --get-regexp 'core\.sshCommand' && git config --local --unset-all 'core.sshCommand' || :"
Unit & Widget Tests	UNKNOWN STEP	2026-02-25T19:49:13.9667379Z [command]/usr/bin/git config --local --name-only --get-regexp http\.https\:\/\/github\.com\/\.extraheader
Unit & Widget Tests	UNKNOWN STEP	2026-02-25T19:49:13.9692597Z http.https://github.com/.extraheader
Unit & Widget Tests	UNKNOWN STEP	2026-02-25T19:49:13.9705992Z [command]/usr/bin/git config --local --unset-all http.https://github.com/.extraheader
Unit & Widget Tests	UNKNOWN STEP	2026-02-25T19:49:13.9738535Z [command]/usr/bin/git submodule foreach --recursive sh -c "git config --local --name-only --get-regexp 'http\.https\:\/\/github\.com\/\.extraheader' && git config --local --unset-all 'http.https://github.com/.extraheader' || :"
Unit & Widget Tests	UNKNOWN STEP	2026-02-25T19:49:13.9974843Z [command]/usr/bin/git config --local --name-only --get-regexp ^includeIf\.gitdir:
Unit & Widget Tests	UNKNOWN STEP	2026-02-25T19:49:14.0007624Z [command]/usr/bin/git submodule foreach --recursive git config --local --show-origin --name-only --get-regexp remote.origin.url
Unit & Widget Tests	UNKNOWN STEP	2026-02-25T19:49:14.0373976Z Cleaning up orphan processes
Linux Desktop Tests (1)	UNKNOWN STEP	﻿2026-02-25T19:48:13.4279718Z Current runner version: '2.331.0'
Linux Desktop Tests (1)	UNKNOWN STEP	2026-02-25T19:48:13.4304225Z ##[group]Runner Image Provisioner
Linux Desktop Tests (1)	UNKNOWN STEP	2026-02-25T19:48:13.4305067Z Hosted Compute Agent
Linux Desktop Tests (1)	UNKNOWN STEP	2026-02-25T19:48:13.4305697Z Version: 20260213.493
Linux Desktop Tests (1)	UNKNOWN STEP	2026-02-25T19:48:13.4306267Z Commit: 5c115507f6dd24b8de37d8bbe0bb4509d0cc0fa3
Linux Desktop Tests (1)	UNKNOWN STEP	2026-02-25T19:48:13.4307092Z Build Date: 2026-02-13T00:28:41Z
Linux Desktop Tests (1)	UNKNOWN STEP	2026-02-25T19:48:13.4307778Z Worker ID: {b74b9447-0f5a-4ffb-b951-19bcbf927fb4}
Linux Desktop Tests (1)	UNKNOWN STEP	2026-02-25T19:48:13.4308431Z Azure Region: centralus
Linux Desktop Tests (1)	UNKNOWN STEP	2026-02-25T19:48:13.4309422Z ##[endgroup]
Linux Desktop Tests (1)	UNKNOWN STEP	2026-02-25T19:48:13.4310977Z ##[group]Operating System
Linux Desktop Tests (1)	UNKNOWN STEP	2026-02-25T19:48:13.4311587Z Ubuntu
Linux Desktop Tests (1)	UNKNOWN STEP	2026-02-25T19:48:13.4312001Z 24.04.3
Linux Desktop Tests (1)	UNKNOWN STEP	2026-02-25T19:48:13.4312558Z LTS
Linux Desktop Tests (1)	UNKNOWN STEP	2026-02-25T19:48:13.4312985Z ##[endgroup]
Linux Desktop Tests (1)	UNKNOWN STEP	2026-02-25T19:48:13.4313470Z ##[group]Runner Image
Linux Desktop Tests (1)	UNKNOWN STEP	2026-02-25T19:48:13.4314134Z Image: ubuntu-24.04
Linux Desktop Tests (1)	UNKNOWN STEP	2026-02-25T19:48:13.4314617Z Version: 20260224.36.1
Linux Desktop Tests (1)	UNKNOWN STEP	2026-02-25T19:48:13.4315795Z Included Software: https://github.com/actions/runner-images/blob/ubuntu24/20260224.36/images/ubuntu/Ubuntu2404-Readme.md
Linux Desktop Tests (1)	UNKNOWN STEP	2026-02-25T19:48:13.4317255Z Image Release: https://github.com/actions/runner-images/releases/tag/ubuntu24%2F20260224.36
Linux Desktop Tests (1)	UNKNOWN STEP	2026-02-25T19:48:13.4318185Z ##[endgroup]
Linux Desktop Tests (1)	UNKNOWN STEP	2026-02-25T19:48:13.4319537Z ##[group]GITHUB_TOKEN Permissions
Linux Desktop Tests (1)	UNKNOWN STEP	2026-02-25T19:48:13.4321330Z Contents: read
Linux Desktop Tests (1)	UNKNOWN STEP	2026-02-25T19:48:13.4321975Z Metadata: read
Linux Desktop Tests (1)	UNKNOWN STEP	2026-02-25T19:48:13.4322453Z Packages: read
Linux Desktop Tests (1)	UNKNOWN STEP	2026-02-25T19:48:13.4322953Z ##[endgroup]
Linux Desktop Tests (1)	UNKNOWN STEP	2026-02-25T19:48:13.4325019Z Secret source: Actions
Linux Desktop Tests (1)	UNKNOWN STEP	2026-02-25T19:48:13.4325753Z Prepare workflow directory
Linux Desktop Tests (1)	UNKNOWN STEP	2026-02-25T19:48:13.4777521Z Prepare all required actions
Linux Desktop Tests (1)	UNKNOWN STEP	2026-02-25T19:48:13.4833036Z Getting action download info
Linux Desktop Tests (1)	UNKNOWN STEP	2026-02-25T19:48:13.8553732Z Download action repository 'actions/checkout@v4' (SHA:34e114876b0b11c390a56381ad16ebd13914f8d5)
Linux Desktop Tests (1)	UNKNOWN STEP	2026-02-25T19:48:13.9643468Z Download action repository 'subosito/flutter-action@v2' (SHA:fd55f4c5af5b953cc57a2be44cb082c8f6635e8e)
Linux Desktop Tests (1)	UNKNOWN STEP	2026-02-25T19:48:14.4789641Z Getting action download info
Linux Desktop Tests (1)	UNKNOWN STEP	2026-02-25T19:48:14.6478738Z Download action repository 'actions/cache@v4' (SHA:0057852bfaa89a56745cba8c7296529d2fc39830)
Linux Desktop Tests (1)	UNKNOWN STEP	2026-02-25T19:48:14.8110592Z Complete job name: Linux Desktop Tests (1)
Linux Desktop Tests (1)	UNKNOWN STEP	2026-02-25T19:48:14.8986995Z ##[group]Run actions/checkout@v4
Linux Desktop Tests (1)	UNKNOWN STEP	2026-02-25T19:48:14.8988270Z with:
Linux Desktop Tests (1)	UNKNOWN STEP	2026-02-25T19:48:14.8989247Z   repository: floffel/substitution
Linux Desktop Tests (1)	UNKNOWN STEP	2026-02-25T19:48:14.8990470Z   token: ***
Linux Desktop Tests (1)	UNKNOWN STEP	2026-02-25T19:48:14.8991181Z   ssh-strict: true
Linux Desktop Tests (1)	UNKNOWN STEP	2026-02-25T19:48:14.8991906Z   ssh-user: git
Linux Desktop Tests (1)	UNKNOWN STEP	2026-02-25T19:48:14.8992659Z   persist-credentials: true
Linux Desktop Tests (1)	UNKNOWN STEP	2026-02-25T19:48:14.8993483Z   clean: true
Linux Desktop Tests (1)	UNKNOWN STEP	2026-02-25T19:48:14.8994241Z   sparse-checkout-cone-mode: true
Linux Desktop Tests (1)	UNKNOWN STEP	2026-02-25T19:48:14.8995152Z   fetch-depth: 1
Linux Desktop Tests (1)	UNKNOWN STEP	2026-02-25T19:48:14.8995884Z   fetch-tags: false
Linux Desktop Tests (1)	UNKNOWN STEP	2026-02-25T19:48:14.8996654Z   show-progress: true
Linux Desktop Tests (1)	UNKNOWN STEP	2026-02-25T19:48:14.8997413Z   lfs: false
Linux Desktop Tests (1)	UNKNOWN STEP	2026-02-25T19:48:14.8998125Z   submodules: false
Linux Desktop Tests (1)	UNKNOWN STEP	2026-02-25T19:48:14.8999008Z   set-safe-directory: true
Linux Desktop Tests (1)	UNKNOWN STEP	2026-02-25T19:48:14.9000110Z env:
Linux Desktop Tests (1)	UNKNOWN STEP	2026-02-25T19:48:14.9000784Z   CACHE_VERSION: v1
Linux Desktop Tests (1)	UNKNOWN STEP	2026-02-25T19:48:14.9001508Z ##[endgroup]
Linux Desktop Tests (1)	UNKNOWN STEP	2026-02-25T19:48:15.0128164Z Syncing repository: floffel/substitution
Linux Desktop Tests (1)	UNKNOWN STEP	2026-02-25T19:48:15.0131115Z ##[group]Getting Git version info
Linux Desktop Tests (1)	UNKNOWN STEP	2026-02-25T19:48:15.0132522Z Working directory is '/home/runner/work/substitution/substitution'
Linux Desktop Tests (1)	UNKNOWN STEP	2026-02-25T19:48:15.0134559Z [command]/usr/bin/git version
Linux Desktop Tests (1)	UNKNOWN STEP	2026-02-25T19:48:15.0198243Z git version 2.53.0
Linux Desktop Tests (1)	UNKNOWN STEP	2026-02-25T19:48:15.0225976Z ##[endgroup]
Linux Desktop Tests (1)	UNKNOWN STEP	2026-02-25T19:48:15.0243297Z Temporarily overriding HOME='/home/runner/work/_temp/0802d96d-e53d-46b5-adc0-3099e5d4d4c7' before making global git config changes
Linux Desktop Tests (1)	UNKNOWN STEP	2026-02-25T19:48:15.0248032Z Adding repository directory to the temporary git global config as a safe directory
Linux Desktop Tests (1)	UNKNOWN STEP	2026-02-25T19:48:15.0252241Z [command]/usr/bin/git config --global --add safe.directory /home/runner/work/substitution/substitution
Linux Desktop Tests (1)	UNKNOWN STEP	2026-02-25T19:48:15.0290429Z Deleting the contents of '/home/runner/work/substitution/substitution'
Linux Desktop Tests (1)	UNKNOWN STEP	2026-02-25T19:48:15.0294498Z ##[group]Initializing the repository
Linux Desktop Tests (1)	UNKNOWN STEP	2026-02-25T19:48:15.0300122Z [command]/usr/bin/git init /home/runner/work/substitution/substitution
Linux Desktop Tests (1)	UNKNOWN STEP	2026-02-25T19:48:15.0383682Z hint: Using 'master' as the name for the initial branch. This default branch name
Linux Desktop Tests (1)	UNKNOWN STEP	2026-02-25T19:48:15.0386443Z hint: will change to "main" in Git 3.0. To configure the initial branch name
Linux Desktop Tests (1)	UNKNOWN STEP	2026-02-25T19:48:15.0389380Z hint: to use in all of your new repositories, which will suppress this warning,
Linux Desktop Tests (1)	UNKNOWN STEP	2026-02-25T19:48:15.0391931Z hint: call:
Linux Desktop Tests (1)	UNKNOWN STEP	2026-02-25T19:48:15.0393246Z hint:
Linux Desktop Tests (1)	UNKNOWN STEP	2026-02-25T19:48:15.0394935Z hint: 	git config --global init.defaultBranch <name>
Linux Desktop Tests (1)	UNKNOWN STEP	2026-02-25T19:48:15.0396892Z hint:
Linux Desktop Tests (1)	UNKNOWN STEP	2026-02-25T19:48:15.0398990Z hint: Names commonly chosen instead of 'master' are 'main', 'trunk' and
Linux Desktop Tests (1)	UNKNOWN STEP	2026-02-25T19:48:15.0402189Z hint: 'development'. The just-created branch can be renamed via this command:
Linux Desktop Tests (1)	UNKNOWN STEP	2026-02-25T19:48:15.0404696Z hint:
Linux Desktop Tests (1)	UNKNOWN STEP	2026-02-25T19:48:15.0405953Z hint: 	git branch -m <name>
Linux Desktop Tests (1)	UNKNOWN STEP	2026-02-25T19:48:15.0407406Z hint:
Linux Desktop Tests (1)	UNKNOWN STEP	2026-02-25T19:48:15.0409657Z hint: Disable this message with "git config set advice.defaultBranchName false"
Linux Desktop Tests (1)	UNKNOWN STEP	2026-02-25T19:48:15.0411852Z Initialized empty Git repository in /home/runner/work/substitution/substitution/.git/
Linux Desktop Tests (1)	UNKNOWN STEP	2026-02-25T19:48:15.0416158Z [command]/usr/bin/git remote add origin https://github.com/floffel/substitution
Linux Desktop Tests (1)	UNKNOWN STEP	2026-02-25T19:48:15.0440701Z ##[endgroup]
Linux Desktop Tests (1)	UNKNOWN STEP	2026-02-25T19:48:15.0443016Z ##[group]Disabling automatic garbage collection
Linux Desktop Tests (1)	UNKNOWN STEP	2026-02-25T19:48:15.0445258Z [command]/usr/bin/git config --local gc.auto 0
Linux Desktop Tests (1)	UNKNOWN STEP	2026-02-25T19:48:15.0477617Z ##[endgroup]
Linux Desktop Tests (1)	UNKNOWN STEP	2026-02-25T19:48:15.0480011Z ##[group]Setting up auth
Linux Desktop Tests (1)	UNKNOWN STEP	2026-02-25T19:48:15.0486279Z [command]/usr/bin/git config --local --name-only --get-regexp core\.sshCommand
Linux Desktop Tests (1)	UNKNOWN STEP	2026-02-25T19:48:15.0521722Z [command]/usr/bin/git submodule foreach --recursive sh -c "git config --local --name-only --get-regexp 'core\.sshCommand' && git config --local --unset-all 'core.sshCommand' || :"
Linux Desktop Tests (1)	UNKNOWN STEP	2026-02-25T19:48:15.0936333Z [command]/usr/bin/git config --local --name-only --get-regexp http\.https\:\/\/github\.com\/\.extraheader
Linux Desktop Tests (1)	UNKNOWN STEP	2026-02-25T19:48:15.0972665Z [command]/usr/bin/git submodule foreach --recursive sh -c "git config --local --name-only --get-regexp 'http\.https\:\/\/github\.com\/\.extraheader' && git config --local --unset-all 'http.https://github.com/.extraheader' || :"
Linux Desktop Tests (1)	UNKNOWN STEP	2026-02-25T19:48:15.1207944Z [command]/usr/bin/git config --local --name-only --get-regexp ^includeIf\.gitdir:
Linux Desktop Tests (1)	UNKNOWN STEP	2026-02-25T19:48:15.1242268Z [command]/usr/bin/git submodule foreach --recursive git config --local --show-origin --name-only --get-regexp remote.origin.url
Linux Desktop Tests (1)	UNKNOWN STEP	2026-02-25T19:48:15.1477156Z [command]/usr/bin/git config --local http.https://github.com/.extraheader AUTHORIZATION: basic ***
Linux Desktop Tests (1)	UNKNOWN STEP	2026-02-25T19:48:15.1513578Z ##[endgroup]
Linux Desktop Tests (1)	UNKNOWN STEP	2026-02-25T19:48:15.1515885Z ##[group]Fetching the repository
Linux Desktop Tests (1)	UNKNOWN STEP	2026-02-25T19:48:15.1525293Z [command]/usr/bin/git -c protocol.version=2 fetch --no-tags --prune --no-recurse-submodules --depth=1 origin +0408461b08eee1bbe2c516702bd1813b916d3e4c:refs/remotes/pull/1/merge
Linux Desktop Tests (1)	UNKNOWN STEP	2026-02-25T19:48:16.2800052Z From https://github.com/floffel/substitution
Linux Desktop Tests (1)	UNKNOWN STEP	2026-02-25T19:48:16.2802004Z  * [new ref]         0408461b08eee1bbe2c516702bd1813b916d3e4c -> pull/1/merge
Linux Desktop Tests (1)	UNKNOWN STEP	2026-02-25T19:48:16.2835439Z ##[endgroup]
Linux Desktop Tests (1)	UNKNOWN STEP	2026-02-25T19:48:16.2836284Z ##[group]Determining the checkout info
Linux Desktop Tests (1)	UNKNOWN STEP	2026-02-25T19:48:16.2838238Z ##[endgroup]
Linux Desktop Tests (1)	UNKNOWN STEP	2026-02-25T19:48:16.2843983Z [command]/usr/bin/git sparse-checkout disable
Linux Desktop Tests (1)	UNKNOWN STEP	2026-02-25T19:48:16.2887045Z [command]/usr/bin/git config --local --unset-all extensions.worktreeConfig
Linux Desktop Tests (1)	UNKNOWN STEP	2026-02-25T19:48:16.2914840Z ##[group]Checking out the ref
Linux Desktop Tests (1)	UNKNOWN STEP	2026-02-25T19:48:16.2919494Z [command]/usr/bin/git checkout --progress --force refs/remotes/pull/1/merge
Linux Desktop Tests (1)	UNKNOWN STEP	2026-02-25T19:48:16.5780850Z Note: switching to 'refs/remotes/pull/1/merge'.
Linux Desktop Tests (1)	UNKNOWN STEP	2026-02-25T19:48:16.5781390Z 
Linux Desktop Tests (1)	UNKNOWN STEP	2026-02-25T19:48:16.5781797Z You are in 'detached HEAD' state. You can look around, make experimental
Linux Desktop Tests (1)	UNKNOWN STEP	2026-02-25T19:48:16.5782748Z changes and commit them, and you can discard any commits you make in this
Linux Desktop Tests (1)	UNKNOWN STEP	2026-02-25T19:48:16.5783752Z state without impacting any branches by switching back to a branch.
Linux Desktop Tests (1)	UNKNOWN STEP	2026-02-25T19:48:16.5784336Z 
Linux Desktop Tests (1)	UNKNOWN STEP	2026-02-25T19:48:16.5784722Z If you want to create a new branch to retain commits you create, you may
Linux Desktop Tests (1)	UNKNOWN STEP	2026-02-25T19:48:16.5786156Z do so (now or later) by using -c with the switch command. Example:
Linux Desktop Tests (1)	UNKNOWN STEP	2026-02-25T19:48:16.5786683Z 
Linux Desktop Tests (1)	UNKNOWN STEP	2026-02-25T19:48:16.5786907Z   git switch -c <new-branch-name>
Linux Desktop Tests (1)	UNKNOWN STEP	2026-02-25T19:48:16.5787268Z 
Linux Desktop Tests (1)	UNKNOWN STEP	2026-02-25T19:48:16.5787500Z Or undo this operation with:
Linux Desktop Tests (1)	UNKNOWN STEP	2026-02-25T19:48:16.5787836Z 
Linux Desktop Tests (1)	UNKNOWN STEP	2026-02-25T19:48:16.5788084Z   git switch -
Linux Desktop Tests (1)	UNKNOWN STEP	2026-02-25T19:48:16.5788354Z 
Linux Desktop Tests (1)	UNKNOWN STEP	2026-02-25T19:48:16.5789008Z Turn off this advice by setting config variable advice.detachedHead to false
Linux Desktop Tests (1)	UNKNOWN STEP	2026-02-25T19:48:16.5789668Z 
Linux Desktop Tests (1)	UNKNOWN STEP	2026-02-25T19:48:16.5790437Z HEAD is now at 0408461 Merge 86c2f4a4443179a61e99b4f5d2c467a0f9c43a72 into 74cc852017b0f1fdeb37326726f5fee7effe2248
Linux Desktop Tests (1)	UNKNOWN STEP	2026-02-25T19:48:16.5801107Z ##[endgroup]
Linux Desktop Tests (1)	UNKNOWN STEP	2026-02-25T19:48:16.5840098Z [command]/usr/bin/git log -1 --format=%H
Linux Desktop Tests (1)	UNKNOWN STEP	2026-02-25T19:48:16.5863653Z 0408461b08eee1bbe2c516702bd1813b916d3e4c
Linux Desktop Tests (1)	UNKNOWN STEP	2026-02-25T19:48:16.6123261Z ##[group]Run sudo apt-get update -q
Linux Desktop Tests (1)	UNKNOWN STEP	2026-02-25T19:48:16.6123712Z [36;1msudo apt-get update -q[0m
Linux Desktop Tests (1)	UNKNOWN STEP	2026-02-25T19:48:16.6124055Z [36;1msudo apt-get install -y \[0m
Linux Desktop Tests (1)	UNKNOWN STEP	2026-02-25T19:48:16.6124450Z [36;1m  clang cmake ninja-build pkg-config \[0m
Linux Desktop Tests (1)	UNKNOWN STEP	2026-02-25T19:48:16.6124890Z [36;1m  libgtk-3-dev liblzma-dev libstdc++-12-dev \[0m
Linux Desktop Tests (1)	UNKNOWN STEP	2026-02-25T19:48:16.6125364Z [36;1m  libsecret-1-dev libjsoncpp-dev libsqlite3-dev \[0m
Linux Desktop Tests (1)	UNKNOWN STEP	2026-02-25T19:48:16.6125839Z [36;1m  libgl1-mesa-dev libegl1-mesa-dev libgles2-mesa-dev \[0m
Linux Desktop Tests (1)	UNKNOWN STEP	2026-02-25T19:48:16.6126297Z [36;1m  libblkid-dev libdbus-1-dev libatk1.0-dev \[0m
Linux Desktop Tests (1)	UNKNOWN STEP	2026-02-25T19:48:16.6126643Z [36;1m  xvfb[0m
Linux Desktop Tests (1)	UNKNOWN STEP	2026-02-25T19:48:16.6181823Z shell: /usr/bin/bash -e {0}
Linux Desktop Tests (1)	UNKNOWN STEP	2026-02-25T19:48:16.6182146Z env:
Linux Desktop Tests (1)	UNKNOWN STEP	2026-02-25T19:48:16.6182373Z   CACHE_VERSION: v1
Linux Desktop Tests (1)	UNKNOWN STEP	2026-02-25T19:48:16.6182620Z ##[endgroup]
Linux Desktop Tests (1)	UNKNOWN STEP	2026-02-25T19:48:16.7000418Z Get:1 file:/etc/apt/apt-mirrors.txt Mirrorlist [144 B]
Linux Desktop Tests (1)	UNKNOWN STEP	2026-02-25T19:48:16.7331870Z Hit:2 http://azure.archive.ubuntu.com/ubuntu noble InRelease
Linux Desktop Tests (1)	UNKNOWN STEP	2026-02-25T19:48:16.7338113Z Hit:6 https://packages.microsoft.com/repos/azure-cli noble InRelease
Linux Desktop Tests (1)	UNKNOWN STEP	2026-02-25T19:48:16.7360641Z Get:3 http://azure.archive.ubuntu.com/ubuntu noble-updates InRelease [126 kB]
Linux Desktop Tests (1)	UNKNOWN STEP	2026-02-25T19:48:16.7395355Z Get:4 http://azure.archive.ubuntu.com/ubuntu noble-backports InRelease [126 kB]
Linux Desktop Tests (1)	UNKNOWN STEP	2026-02-25T19:48:16.7425194Z Get:7 https://packages.microsoft.com/ubuntu/24.04/prod noble InRelease [3600 B]
Linux Desktop Tests (1)	UNKNOWN STEP	2026-02-25T19:48:16.7450515Z Get:5 http://azure.archive.ubuntu.com/ubuntu noble-security InRelease [126 kB]
Linux Desktop Tests (1)	UNKNOWN STEP	2026-02-25T19:48:16.9231241Z Get:8 http://azure.archive.ubuntu.com/ubuntu noble-updates/main amd64 Packages [1800 kB]
Linux Desktop Tests (1)	UNKNOWN STEP	2026-02-25T19:48:16.9411839Z Get:9 http://azure.archive.ubuntu.com/ubuntu noble-updates/main Translation-en [331 kB]
Linux Desktop Tests (1)	UNKNOWN STEP	2026-02-25T19:48:16.9441333Z Get:10 http://azure.archive.ubuntu.com/ubuntu noble-updates/main amd64 Components [175 kB]
Linux Desktop Tests (1)	UNKNOWN STEP	2026-02-25T19:48:16.9735198Z Get:11 http://azure.archive.ubuntu.com/ubuntu noble-updates/main amd64 c-n-f Metadata [16.5 kB]
Linux Desktop Tests (1)	UNKNOWN STEP	2026-02-25T19:48:16.9746283Z Get:12 http://azure.archive.ubuntu.com/ubuntu noble-updates/universe amd64 Packages [1557 kB]
Linux Desktop Tests (1)	UNKNOWN STEP	2026-02-25T19:48:16.9851904Z Get:13 http://azure.archive.ubuntu.com/ubuntu noble-updates/universe Translation-en [316 kB]
Linux Desktop Tests (1)	UNKNOWN STEP	2026-02-25T19:48:16.9880243Z Get:14 http://azure.archive.ubuntu.com/ubuntu noble-updates/universe amd64 Components [386 kB]
Linux Desktop Tests (1)	UNKNOWN STEP	2026-02-25T19:48:16.9899328Z Get:15 http://azure.archive.ubuntu.com/ubuntu noble-updates/universe amd64 c-n-f Metadata [32.7 kB]
Linux Desktop Tests (1)	UNKNOWN STEP	2026-02-25T19:48:16.9913335Z Get:16 http://azure.archive.ubuntu.com/ubuntu noble-updates/restricted amd64 Packages [2735 kB]
Linux Desktop Tests (1)	UNKNOWN STEP	2026-02-25T19:48:17.0072144Z Get:17 http://azure.archive.ubuntu.com/ubuntu noble-updates/restricted Translation-en [630 kB]
Linux Desktop Tests (1)	UNKNOWN STEP	2026-02-25T19:48:17.0533390Z Get:18 http://azure.archive.ubuntu.com/ubuntu noble-updates/restricted amd64 Components [212 B]
Linux Desktop Tests (1)	UNKNOWN STEP	2026-02-25T19:48:17.0548180Z Get:19 http://azure.archive.ubuntu.com/ubuntu noble-updates/multiverse amd64 Components [940 B]
Linux Desktop Tests (1)	UNKNOWN STEP	2026-02-25T19:48:17.0563280Z Get:20 http://azure.archive.ubuntu.com/ubuntu noble-backports/main amd64 Components [7296 B]
Linux Desktop Tests (1)	UNKNOWN STEP	2026-02-25T19:48:17.0575771Z Get:21 http://azure.archive.ubuntu.com/ubuntu noble-backports/universe amd64 Components [10.5 kB]
Linux Desktop Tests (1)	UNKNOWN STEP	2026-02-25T19:48:17.0597355Z Get:22 http://azure.archive.ubuntu.com/ubuntu noble-backports/restricted amd64 Components [216 B]
Linux Desktop Tests (1)	UNKNOWN STEP	2026-02-25T19:48:17.0604383Z Get:23 http://azure.archive.ubuntu.com/ubuntu noble-backports/multiverse amd64 Components [212 B]
Linux Desktop Tests (1)	UNKNOWN STEP	2026-02-25T19:48:17.0704433Z Get:24 https://packages.microsoft.com/ubuntu/24.04/prod noble/main arm64 Packages [74.9 kB]
Linux Desktop Tests (1)	UNKNOWN STEP	2026-02-25T19:48:17.0759417Z Get:25 https://packages.microsoft.com/ubuntu/24.04/prod noble/main amd64 Packages [96.0 kB]
Linux Desktop Tests (1)	UNKNOWN STEP	2026-02-25T19:48:17.0801419Z Get:26 https://packages.microsoft.com/ubuntu/24.04/prod noble/main armhf Packages [11.4 kB]
Linux Desktop Tests (1)	UNKNOWN STEP	2026-02-25T19:48:17.1415090Z Get:27 http://azure.archive.ubuntu.com/ubuntu noble-security/main amd64 Packages [1491 kB]
Linux Desktop Tests (1)	UNKNOWN STEP	2026-02-25T19:48:17.1555003Z Get:28 http://azure.archive.ubuntu.com/ubuntu noble-security/main Translation-en [239 kB]
Linux Desktop Tests (1)	UNKNOWN STEP	2026-02-25T19:48:17.1576190Z Get:29 http://azure.archive.ubuntu.com/ubuntu noble-security/main amd64 Components [21.5 kB]
Linux Desktop Tests (1)	UNKNOWN STEP	2026-02-25T19:48:17.1585378Z Get:30 http://azure.archive.ubuntu.com/ubuntu noble-security/main amd64 c-n-f Metadata [9932 B]
Linux Desktop Tests (1)	UNKNOWN STEP	2026-02-25T19:48:17.1597464Z Get:31 http://azure.archive.ubuntu.com/ubuntu noble-security/universe amd64 Packages [936 kB]
Linux Desktop Tests (1)	UNKNOWN STEP	2026-02-25T19:48:17.1673341Z Get:32 http://azure.archive.ubuntu.com/ubuntu noble-security/universe Translation-en [216 kB]
Linux Desktop Tests (1)	UNKNOWN STEP	2026-02-25T19:48:17.1692445Z Get:33 http://azure.archive.ubuntu.com/ubuntu noble-security/universe amd64 Components [74.2 kB]
Linux Desktop Tests (1)	UNKNOWN STEP	2026-02-25T19:48:17.1704971Z Get:34 http://azure.archive.ubuntu.com/ubuntu noble-security/universe amd64 c-n-f Metadata [20.1 kB]
Linux Desktop Tests (1)	UNKNOWN STEP	2026-02-25T19:48:17.2153225Z Get:35 http://azure.archive.ubuntu.com/ubuntu noble-security/restricted amd64 Packages [2557 kB]
Linux Desktop Tests (1)	UNKNOWN STEP	2026-02-25T19:48:17.2293072Z Get:36 http://azure.archive.ubuntu.com/ubuntu noble-security/restricted Translation-en [594 kB]
Linux Desktop Tests (1)	UNKNOWN STEP	2026-02-25T19:48:17.2324970Z Get:37 http://azure.archive.ubuntu.com/ubuntu noble-security/restricted amd64 Components [212 B]
Linux Desktop Tests (1)	UNKNOWN STEP	2026-02-25T19:48:17.2341720Z Get:38 http://azure.archive.ubuntu.com/ubuntu noble-security/multiverse amd64 Components [212 B]
Linux Desktop Tests (1)	UNKNOWN STEP	2026-02-25T19:48:22.5787675Z Fetched 14.7 MB in 2s (8532 kB/s)
Linux Desktop Tests (1)	UNKNOWN STEP	2026-02-25T19:48:23.3748012Z Reading package lists...
Linux Desktop Tests (1)	UNKNOWN STEP	2026-02-25T19:48:23.4094046Z Reading package lists...
Linux Desktop Tests (1)	UNKNOWN STEP	2026-02-25T19:48:23.5955789Z Building dependency tree...
Linux Desktop Tests (1)	UNKNOWN STEP	2026-02-25T19:48:23.5963667Z Reading state information...
Linux Desktop Tests (1)	UNKNOWN STEP	2026-02-25T19:48:23.7731292Z pkg-config is already the newest version (1.8.1-2build1).
Linux Desktop Tests (1)	UNKNOWN STEP	2026-02-25T19:48:23.7732137Z libstdc++-12-dev is already the newest version (12.4.0-2ubuntu1~24.04.1).
Linux Desktop Tests (1)	UNKNOWN STEP	2026-02-25T19:48:23.7732837Z libstdc++-12-dev set to manually installed.
Linux Desktop Tests (1)	UNKNOWN STEP	2026-02-25T19:48:23.7733588Z libsqlite3-dev is already the newest version (3.45.1-1ubuntu2.5).
Linux Desktop Tests (1)	UNKNOWN STEP	2026-02-25T19:48:23.7734660Z xvfb is already the newest version (2:21.1.12-1ubuntu1.5).
Linux Desktop Tests (1)	UNKNOWN STEP	2026-02-25T19:48:23.7737200Z The following additional packages will be installed:
Linux Desktop Tests (1)	UNKNOWN STEP	2026-02-25T19:48:23.7738244Z   bzip2-doc cmake-data gir1.2-atk-1.0 gir1.2-atspi-2.0 gir1.2-freedesktop
Linux Desktop Tests (1)	UNKNOWN STEP	2026-02-25T19:48:23.7739343Z   gir1.2-freedesktop-dev gir1.2-gdkpixbuf-2.0 gir1.2-glib-2.0
Linux Desktop Tests (1)	UNKNOWN STEP	2026-02-25T19:48:23.7740423Z   gir1.2-glib-2.0-dev gir1.2-gtk-3.0 gir1.2-harfbuzz-0.0 gir1.2-pango-1.0
Linux Desktop Tests (1)	UNKNOWN STEP	2026-02-25T19:48:23.7741183Z   gir1.2-secret-1 libatk-bridge2.0-dev libatspi2.0-dev libbrotli-dev
Linux Desktop Tests (1)	UNKNOWN STEP	2026-02-25T19:48:23.7741918Z   libbz2-dev libcairo-script-interpreter2 libcairo2-dev libdatrie-dev
Linux Desktop Tests (1)	UNKNOWN STEP	2026-02-25T19:48:23.7742734Z   libdeflate-dev libegl-dev libegl-mesa0 libegl1 libepoxy-dev
Linux Desktop Tests (1)	UNKNOWN STEP	2026-02-25T19:48:23.7743526Z   libfontconfig-dev libfreetype-dev libfribidi-dev libgcrypt20-dev
Linux Desktop Tests (1)	UNKNOWN STEP	2026-02-25T19:48:23.7744302Z   libgdk-pixbuf-2.0-dev libgdk-pixbuf2.0-bin libgirepository-2.0-0 libgl-dev
Linux Desktop Tests (1)	UNKNOWN STEP	2026-02-25T19:48:23.7745263Z   libgles-dev libgles1 libgles2 libglib2.0-0t64 libglib2.0-bin libglib2.0-data
Linux Desktop Tests (1)	UNKNOWN STEP	2026-02-25T19:48:23.7746089Z   libglib2.0-dev libglib2.0-dev-bin libglvnd-core-dev libglvnd-dev libglx-dev
Linux Desktop Tests (1)	UNKNOWN STEP	2026-02-25T19:48:23.7746878Z   libgpg-error-dev libgraphite2-dev libharfbuzz-cairo0 libharfbuzz-dev
Linux Desktop Tests (1)	UNKNOWN STEP	2026-02-25T19:48:23.7747589Z   libharfbuzz-gobject0 libharfbuzz-icu0 libharfbuzz-subset0 libice-dev
Linux Desktop Tests (1)	UNKNOWN STEP	2026-02-25T19:48:23.7750455Z   libjbig-dev libjpeg-dev libjpeg-turbo8-dev libjpeg8-dev libjsoncpp25
Linux Desktop Tests (1)	UNKNOWN STEP	2026-02-25T19:48:23.7751259Z   liblerc-dev libmount-dev libopengl-dev libopengl0 libpango1.0-dev
Linux Desktop Tests (1)	UNKNOWN STEP	2026-02-25T19:48:23.7752097Z   libpangoxft-1.0-0 libpixman-1-dev libpng-dev libpng-tools libpng16-16t64
Linux Desktop Tests (1)	UNKNOWN STEP	2026-02-25T19:48:23.7752864Z   libpthread-stubs0-dev librhash0 libsecret-1-0 libsecret-common
Linux Desktop Tests (1)	UNKNOWN STEP	2026-02-25T19:48:23.7753629Z   libselinux1-dev libsepol-dev libsharpyuv-dev libsm-dev libthai-dev
Linux Desktop Tests (1)	UNKNOWN STEP	2026-02-25T19:48:23.7754455Z   libtiff-dev libtiffxx6 libwayland-bin libwayland-dev libwayland-server0
Linux Desktop Tests (1)	UNKNOWN STEP	2026-02-25T19:48:23.7755281Z   libwebp-dev libwebpdecoder3 libx11-dev libxau-dev libxcb-render0-dev
Linux Desktop Tests (1)	UNKNOWN STEP	2026-02-25T19:48:23.7756393Z   libxcb-shm0-dev libxcb1-dev libxcomposite-dev libxcursor-dev libxdamage-dev
Linux Desktop Tests (1)	UNKNOWN STEP	2026-02-25T19:48:23.7757241Z   libxdmcp-dev libxext-dev libxfixes-dev libxft-dev libxi-dev libxinerama-dev
Linux Desktop Tests (1)	UNKNOWN STEP	2026-02-25T19:48:23.7758073Z   libxkbcommon-dev libxrandr-dev libxrender-dev libxtst-dev pango1.0-tools
Linux Desktop Tests (1)	UNKNOWN STEP	2026-02-25T19:48:23.7759096Z   uuid-dev wayland-protocols x11proto-dev xorg-sgml-doctools xtrans-dev
Linux Desktop Tests (1)	UNKNOWN STEP	2026-02-25T19:48:23.7759754Z Suggested packages:
Linux Desktop Tests (1)	UNKNOWN STEP	2026-02-25T19:48:23.7760238Z   cmake-doc cmake-format elpa-cmake-mode libcairo2-doc libdatrie-doc
Linux Desktop Tests (1)	UNKNOWN STEP	2026-02-25T19:48:23.7760959Z   freetype2-doc libgcrypt20-doc low-memory-monitor libglib2.0-doc
Linux Desktop Tests (1)	UNKNOWN STEP	2026-02-25T19:48:23.7761693Z   libxml2-utils libgraphite2-utils libgtk-3-doc libice-doc liblzma-doc
Linux Desktop Tests (1)	UNKNOWN STEP	2026-02-25T19:48:23.7762464Z   libpango1.0-doc libsm-doc libthai-doc libwayland-doc libx11-doc libxcb-doc
Linux Desktop Tests (1)	UNKNOWN STEP	2026-02-25T19:48:23.7763088Z   libxext-doc graphicsmagick
Linux Desktop Tests (1)	UNKNOWN STEP	2026-02-25T19:48:23.8332212Z The following NEW packages will be installed:
Linux Desktop Tests (1)	UNKNOWN STEP	2026-02-25T19:48:23.8332978Z   bzip2-doc clang cmake cmake-data gir1.2-atk-1.0 gir1.2-atspi-2.0
Linux Desktop Tests (1)	UNKNOWN STEP	2026-02-25T19:48:23.8333938Z   gir1.2-freedesktop gir1.2-freedesktop-dev gir1.2-gdkpixbuf-2.0
Linux Desktop Tests (1)	UNKNOWN STEP	2026-02-25T19:48:23.8334714Z   gir1.2-glib-2.0-dev gir1.2-gtk-3.0 gir1.2-harfbuzz-0.0 gir1.2-pango-1.0
Linux Desktop Tests (1)	UNKNOWN STEP	2026-02-25T19:48:23.8335544Z   gir1.2-secret-1 libatk-bridge2.0-dev libatk1.0-dev libatspi2.0-dev
Linux Desktop Tests (1)	UNKNOWN STEP	2026-02-25T19:48:23.8336357Z   libblkid-dev libbrotli-dev libbz2-dev libcairo-script-interpreter2
Linux Desktop Tests (1)	UNKNOWN STEP	2026-02-25T19:48:23.8337194Z   libcairo2-dev libdatrie-dev libdbus-1-dev libdeflate-dev libegl-dev
Linux Desktop Tests (1)	UNKNOWN STEP	2026-02-25T19:48:23.8338012Z   libegl-mesa0 libegl1 libegl1-mesa-dev libepoxy-dev libfontconfig-dev
Linux Desktop Tests (1)	UNKNOWN STEP	2026-02-25T19:48:23.8339169Z   libfreetype-dev libfribidi-dev libgcrypt20-dev libgdk-pixbuf-2.0-dev
Linux Desktop Tests (1)	UNKNOWN STEP	2026-02-25T19:48:23.8340040Z   libgdk-pixbuf2.0-bin libgirepository-2.0-0 libgl-dev libgl1-mesa-dev
Linux Desktop Tests (1)	UNKNOWN STEP	2026-02-25T19:48:23.8340867Z   libgles-dev libgles1 libgles2 libgles2-mesa-dev libglib2.0-dev
Linux Desktop Tests (1)	UNKNOWN STEP	2026-02-25T19:48:23.8341604Z   libglib2.0-dev-bin libglvnd-core-dev libglvnd-dev libglx-dev
Linux Desktop Tests (1)	UNKNOWN STEP	2026-02-25T19:48:23.8342371Z   libgpg-error-dev libgraphite2-dev libgtk-3-dev libharfbuzz-cairo0
Linux Desktop Tests (1)	UNKNOWN STEP	2026-02-25T19:48:23.8343227Z   libharfbuzz-dev libharfbuzz-gobject0 libharfbuzz-icu0 libharfbuzz-subset0
Linux Desktop Tests (1)	UNKNOWN STEP	2026-02-25T19:48:23.8344082Z   libice-dev libjbig-dev libjpeg-dev libjpeg-turbo8-dev libjpeg8-dev
Linux Desktop Tests (1)	UNKNOWN STEP	2026-02-25T19:48:23.8344781Z   libjsoncpp-dev libjsoncpp25 liblerc-dev liblzma-dev libmount-dev
Linux Desktop Tests (1)	UNKNOWN STEP	2026-02-25T19:48:23.8345535Z   libopengl-dev libopengl0 libpango1.0-dev libpangoxft-1.0-0 libpixman-1-dev
Linux Desktop Tests (1)	UNKNOWN STEP	2026-02-25T19:48:23.8346372Z   libpng-dev libpng-tools libpthread-stubs0-dev librhash0 libsecret-1-0
Linux Desktop Tests (1)	UNKNOWN STEP	2026-02-25T19:48:23.8347155Z   libsecret-1-dev libsecret-common libselinux1-dev libsepol-dev
Linux Desktop Tests (1)	UNKNOWN STEP	2026-02-25T19:48:23.8347956Z   libsharpyuv-dev libsm-dev libthai-dev libtiff-dev libtiffxx6 libwayland-bin
Linux Desktop Tests (1)	UNKNOWN STEP	2026-02-25T19:48:23.8348977Z   libwayland-dev libwayland-server0 libwebp-dev libwebpdecoder3 libx11-dev
Linux Desktop Tests (1)	UNKNOWN STEP	2026-02-25T19:48:23.8349853Z   libxau-dev libxcb-render0-dev libxcb-shm0-dev libxcb1-dev libxcomposite-dev
Linux Desktop Tests (1)	UNKNOWN STEP	2026-02-25T19:48:23.8350660Z   libxcursor-dev libxdamage-dev libxdmcp-dev libxext-dev libxfixes-dev
Linux Desktop Tests (1)	UNKNOWN STEP	2026-02-25T19:48:23.8351427Z   libxft-dev libxi-dev libxinerama-dev libxkbcommon-dev libxrandr-dev
Linux Desktop Tests (1)	UNKNOWN STEP	2026-02-25T19:48:23.8352126Z   libxrender-dev libxtst-dev ninja-build pango1.0-tools uuid-dev
Linux Desktop Tests (1)	UNKNOWN STEP	2026-02-25T19:48:23.8353294Z   wayland-protocols x11proto-dev xorg-sgml-doctools xtrans-dev
Linux Desktop Tests (1)	UNKNOWN STEP	2026-02-25T19:48:23.8353924Z The following packages will be upgraded:
Linux Desktop Tests (1)	UNKNOWN STEP	2026-02-25T19:48:23.8354547Z   gir1.2-glib-2.0 libglib2.0-0t64 libglib2.0-bin libglib2.0-data
Linux Desktop Tests (1)	UNKNOWN STEP	2026-02-25T19:48:23.8357453Z   libpng16-16t64
Linux Desktop Tests (1)	UNKNOWN STEP	2026-02-25T19:48:23.8563736Z 5 upgraded, 115 newly installed, 0 to remove and 27 not upgraded.
Linux Desktop Tests (1)	UNKNOWN STEP	2026-02-25T19:48:23.8564413Z Need to get 30.4 MB of archives.
Linux Desktop Tests (1)	UNKNOWN STEP	2026-02-25T19:48:23.8565030Z After this operation, 139 MB of additional disk space will be used.
Linux Desktop Tests (1)	UNKNOWN STEP	2026-02-25T19:48:23.8565691Z Get:1 file:/etc/apt/apt-mirrors.txt Mirrorlist [144 B]
Linux Desktop Tests (1)	UNKNOWN STEP	2026-02-25T19:48:23.9102508Z Get:2 http://azure.archive.ubuntu.com/ubuntu noble-updates/main amd64 libglib2.0-data all 2.80.0-6ubuntu3.8 [49.6 kB]
Linux Desktop Tests (1)	UNKNOWN STEP	2026-02-25T19:48:23.9476891Z Get:3 http://azure.archive.ubuntu.com/ubuntu noble-updates/main amd64 libglib2.0-bin amd64 2.80.0-6ubuntu3.8 [97.9 kB]
Linux Desktop Tests (1)	UNKNOWN STEP	2026-02-25T19:48:23.9891006Z Get:4 http://azure.archive.ubuntu.com/ubuntu noble-updates/main amd64 gir1.2-glib-2.0 amd64 2.80.0-6ubuntu3.8 [183 kB]
Linux Desktop Tests (1)	UNKNOWN STEP	2026-02-25T19:48:24.0311013Z Get:5 http://azure.archive.ubuntu.com/ubuntu noble-updates/main amd64 libglib2.0-0t64 amd64 2.80.0-6ubuntu3.8 [1545 kB]
Linux Desktop Tests (1)	UNKNOWN STEP	2026-02-25T19:48:24.0833670Z Get:6 http://azure.archive.ubuntu.com/ubuntu noble-updates/main amd64 libpng16-16t64 amd64 1.6.43-5ubuntu0.5 [188 kB]
Linux Desktop Tests (1)	UNKNOWN STEP	2026-02-25T19:48:24.1147776Z Get:7 http://azure.archive.ubuntu.com/ubuntu noble-updates/main amd64 bzip2-doc all 1.0.8-5.1build0.1 [499 kB]
Linux Desktop Tests (1)	UNKNOWN STEP	2026-02-25T19:48:24.1481574Z Get:8 http://azure.archive.ubuntu.com/ubuntu noble/universe amd64 clang amd64 1:18.0-59~exp2 [5846 B]
Linux Desktop Tests (1)	UNKNOWN STEP	2026-02-25T19:48:24.1770026Z Get:9 http://azure.archive.ubuntu.com/ubuntu noble/main amd64 libjsoncpp25 amd64 1.9.5-6build1 [82.8 kB]
Linux Desktop Tests (1)	UNKNOWN STEP	2026-02-25T19:48:24.2077077Z Get:10 http://azure.archive.ubuntu.com/ubuntu noble/main amd64 librhash0 amd64 1.4.3-3build1 [129 kB]
Linux Desktop Tests (1)	UNKNOWN STEP	2026-02-25T19:48:24.2378153Z Get:11 http://azure.archive.ubuntu.com/ubuntu noble/main amd64 cmake-data all 3.28.3-1build7 [2155 kB]
Linux Desktop Tests (1)	UNKNOWN STEP	2026-02-25T19:48:24.2860155Z Get:12 http://azure.archive.ubuntu.com/ubuntu noble/main amd64 cmake amd64 3.28.3-1build7 [11.2 MB]
Linux Desktop Tests (1)	UNKNOWN STEP	2026-02-25T19:48:24.4169141Z Get:13 http://azure.archive.ubuntu.com/ubuntu noble/main amd64 gir1.2-atk-1.0 amd64 2.52.0-1build1 [23.1 kB]
Linux Desktop Tests (1)	UNKNOWN STEP	2026-02-25T19:48:24.4459886Z Get:14 http://azure.archive.ubuntu.com/ubuntu noble/main amd64 gir1.2-freedesktop amd64 1.80.1-1 [49.7 kB]
Linux Desktop Tests (1)	UNKNOWN STEP	2026-02-25T19:48:24.4755970Z Get:15 http://azure.archive.ubuntu.com/ubuntu noble/main amd64 gir1.2-atspi-2.0 amd64 2.52.0-1build1 [19.8 kB]
Linux Desktop Tests (1)	UNKNOWN STEP	2026-02-25T19:48:24.5046058Z Get:16 http://azure.archive.ubuntu.com/ubuntu noble-updates/main amd64 gir1.2-glib-2.0-dev amd64 2.80.0-6ubuntu3.8 [848 kB]
Linux Desktop Tests (1)	UNKNOWN STEP	2026-02-25T19:48:24.5419040Z Get:17 http://azure.archive.ubuntu.com/ubuntu noble/main amd64 gir1.2-freedesktop-dev amd64 1.80.1-1 [28.8 kB]
Linux Desktop Tests (1)	UNKNOWN STEP	2026-02-25T19:48:24.5711119Z Get:18 http://azure.archive.ubuntu.com/ubuntu noble-updates/main amd64 gir1.2-gdkpixbuf-2.0 amd64 2.42.10+dfsg-3ubuntu3.2 [9488 B]
Linux Desktop Tests (1)	UNKNOWN STEP	2026-02-25T19:48:24.6002067Z Get:19 http://azure.archive.ubuntu.com/ubuntu noble/main amd64 libharfbuzz-gobject0 amd64 8.3.0-2build2 [34.3 kB]
Linux Desktop Tests (1)	UNKNOWN STEP	2026-02-25T19:48:24.6754939Z Get:20 http://azure.archive.ubuntu.com/ubuntu noble/main amd64 gir1.2-harfbuzz-0.0 amd64 8.3.0-2build2 [44.5 kB]
Linux Desktop Tests (1)	UNKNOWN STEP	2026-02-25T19:48:24.7055724Z Get:21 http://azure.archive.ubuntu.com/ubuntu noble/main amd64 libpangoxft-1.0-0 amd64 1.52.1+ds-1build1 [20.3 kB]
Linux Desktop Tests (1)	UNKNOWN STEP	2026-02-25T19:48:24.7416261Z Get:22 http://azure.archive.ubuntu.com/ubuntu noble/main amd64 gir1.2-pango-1.0 amd64 1.52.1+ds-1build1 [34.8 kB]
Linux Desktop Tests (1)	UNKNOWN STEP	2026-02-25T19:48:24.7776975Z Get:23 http://azure.archive.ubuntu.com/ubuntu noble-updates/main amd64 gir1.2-gtk-3.0 amd64 3.24.41-4ubuntu1.3 [245 kB]
Linux Desktop Tests (1)	UNKNOWN STEP	2026-02-25T19:48:24.8154729Z Get:24 http://azure.archive.ubuntu.com/ubuntu noble/main amd64 libsecret-common all 0.21.4-1build3 [4962 B]
Linux Desktop Tests (1)	UNKNOWN STEP	2026-02-25T19:48:24.8514152Z Get:25 http://azure.archive.ubuntu.com/ubuntu noble/main amd64 libsecret-1-0 amd64 0.21.4-1build3 [116 kB]
Linux Desktop Tests (1)	UNKNOWN STEP	2026-02-25T19:48:24.8885299Z Get:26 http://azure.archive.ubuntu.com/ubuntu noble/main amd64 gir1.2-secret-1 amd64 0.21.4-1build3 [9424 B]
Linux Desktop Tests (1)	UNKNOWN STEP	2026-02-25T19:48:24.9303785Z Get:27 http://azure.archive.ubuntu.com/ubuntu noble-updates/main amd64 libglib2.0-dev-bin amd64 2.80.0-6ubuntu3.8 [138 kB]
Linux Desktop Tests (1)	UNKNOWN STEP	2026-02-25T19:48:24.9789889Z Get:28 http://azure.archive.ubuntu.com/ubuntu noble-updates/main amd64 uuid-dev amd64 2.39.3-9ubuntu6.4 [33.5 kB]
Linux Desktop Tests (1)	UNKNOWN STEP	2026-02-25T19:48:25.0213397Z Get:29 http://azure.archive.ubuntu.com/ubuntu noble-updates/main amd64 libblkid-dev amd64 2.39.3-9ubuntu6.4 [204 kB]
Linux Desktop Tests (1)	UNKNOWN STEP	2026-02-25T19:48:25.0737355Z Get:30 http://azure.archive.ubuntu.com/ubuntu noble/main amd64 libsepol-dev amd64 3.5-2build1 [384 kB]
Linux Desktop Tests (1)	UNKNOWN STEP	2026-02-25T19:48:25.1412023Z Get:31 http://azure.archive.ubuntu.com/ubuntu noble-updates/main amd64 libselinux1-dev amd64 3.5-2ubuntu2.1 [164 kB]
Linux Desktop Tests (1)	UNKNOWN STEP	2026-02-25T19:48:25.1905566Z Get:32 http://azure.archive.ubuntu.com/ubuntu noble-updates/main amd64 libmount-dev amd64 2.39.3-9ubuntu6.4 [14.9 kB]
Linux Desktop Tests (1)	UNKNOWN STEP	2026-02-25T19:48:25.2320141Z Get:33 http://azure.archive.ubuntu.com/ubuntu noble-updates/main amd64 libgirepository-2.0-0 amd64 2.80.0-6ubuntu3.8 [73.6 kB]
Linux Desktop Tests (1)	UNKNOWN STEP	2026-02-25T19:48:25.2767299Z Get:34 http://azure.archive.ubuntu.com/ubuntu noble-updates/main amd64 libglib2.0-dev amd64 2.80.0-6ubuntu3.8 [1860 kB]
Linux Desktop Tests (1)	UNKNOWN STEP	2026-02-25T19:48:25.3994744Z Get:35 http://azure.archive.ubuntu.com/ubuntu noble/main amd64 libatk1.0-dev amd64 2.52.0-1build1 [100 kB]
Linux Desktop Tests (1)	UNKNOWN STEP	2026-02-25T19:48:25.4364392Z Get:36 http://azure.archive.ubuntu.com/ubuntu noble-updates/main amd64 libdbus-1-dev amd64 1.14.10-4ubuntu4.1 [190 kB]
Linux Desktop Tests (1)	UNKNOWN STEP	2026-02-25T19:48:25.4734659Z Get:37 http://azure.archive.ubuntu.com/ubuntu noble/main amd64 xorg-sgml-doctools all 1:1.11-1.1 [10.9 kB]
Linux Desktop Tests (1)	UNKNOWN STEP	2026-02-25T19:48:25.5099844Z Get:38 http://azure.archive.ubuntu.com/ubuntu noble/main amd64 x11proto-dev all 2023.2-1 [602 kB]
Linux Desktop Tests (1)	UNKNOWN STEP	2026-02-25T19:48:25.6045434Z Get:39 http://azure.archive.ubuntu.com/ubuntu noble/main amd64 libxau-dev amd64 1:1.0.9-1build6 [9570 B]
Linux Desktop Tests (1)	UNKNOWN STEP	2026-02-25T19:48:25.6462757Z Get:40 http://azure.archive.ubuntu.com/ubuntu noble/main amd64 libxdmcp-dev amd64 1:1.1.3-0ubuntu6 [26.5 kB]
Linux Desktop Tests (1)	UNKNOWN STEP	2026-02-25T19:48:25.6827871Z Get:41 http://azure.archive.ubuntu.com/ubuntu noble/main amd64 xtrans-dev all 1.4.0-1 [68.9 kB]
Linux Desktop Tests (1)	UNKNOWN STEP	2026-02-25T19:48:25.7191724Z Get:42 http://azure.archive.ubuntu.com/ubuntu noble/main amd64 libpthread-stubs0-dev amd64 0.4-1build3 [4746 B]
Linux Desktop Tests (1)	UNKNOWN STEP	2026-02-25T19:48:25.7560655Z Get:43 http://azure.archive.ubuntu.com/ubuntu noble/main amd64 libxcb1-dev amd64 1.15-1ubuntu2 [85.8 kB]
Linux Desktop Tests (1)	UNKNOWN STEP	2026-02-25T19:48:25.7930444Z Get:44 http://azure.archive.ubuntu.com/ubuntu noble/main amd64 libx11-dev amd64 2:1.8.7-1build1 [732 kB]
Linux Desktop Tests (1)	UNKNOWN STEP	2026-02-25T19:48:25.8374244Z Get:45 http://azure.archive.ubuntu.com/ubuntu noble/main amd64 libxext-dev amd64 2:1.3.4-1build2 [83.5 kB]
Linux Desktop Tests (1)	UNKNOWN STEP	2026-02-25T19:48:25.8741236Z Get:46 http://azure.archive.ubuntu.com/ubuntu noble/main amd64 libxfixes-dev amd64 1:6.0.0-2build1 [12.1 kB]
Linux Desktop Tests (1)	UNKNOWN STEP	2026-02-25T19:48:25.9105713Z Get:47 http://azure.archive.ubuntu.com/ubuntu noble/main amd64 libxi-dev amd64 2:1.8.1-1build1 [194 kB]
Linux Desktop Tests (1)	UNKNOWN STEP	2026-02-25T19:48:25.9481666Z Get:48 http://azure.archive.ubuntu.com/ubuntu noble/main amd64 libxtst-dev amd64 2:1.2.3-1.1build1 [15.9 kB]
Linux Desktop Tests (1)	UNKNOWN STEP	2026-02-25T19:48:25.9843621Z Get:49 http://azure.archive.ubuntu.com/ubuntu noble/main amd64 libatspi2.0-dev amd64 2.52.0-1build1 [76.2 kB]
Linux Desktop Tests (1)	UNKNOWN STEP	2026-02-25T19:48:26.0210073Z Get:50 http://azure.archive.ubuntu.com/ubuntu noble/main amd64 libatk-bridge2.0-dev amd64 2.52.0-1build1 [4284 B]
Linux Desktop Tests (1)	UNKNOWN STEP	2026-02-25T19:48:26.0631505Z Get:51 http://azure.archive.ubuntu.com/ubuntu noble/main amd64 libbrotli-dev amd64 1.1.0-2build2 [353 kB]
Linux Desktop Tests (1)	UNKNOWN STEP	2026-02-25T19:48:26.1104176Z Get:52 http://azure.archive.ubuntu.com/ubuntu noble-updates/main amd64 libbz2-dev amd64 1.0.8-5.1build0.1 [33.6 kB]
Linux Desktop Tests (1)	UNKNOWN STEP	2026-02-25T19:48:26.1522635Z Get:53 http://azure.archive.ubuntu.com/ubuntu noble/main amd64 libcairo-script-interpreter2 amd64 1.18.0-3build1 [60.3 kB]
Linux Desktop Tests (1)	UNKNOWN STEP	2026-02-25T19:48:26.1944842Z Get:54 http://azure.archive.ubuntu.com/ubuntu noble-updates/main amd64 libpng-dev amd64 1.6.43-5ubuntu0.5 [265 kB]
Linux Desktop Tests (1)	UNKNOWN STEP	2026-02-25T19:48:26.2386790Z Get:55 http://azure.archive.ubuntu.com/ubuntu noble/main amd64 libfreetype-dev amd64 2.13.2+dfsg-1build3 [575 kB]
Linux Desktop Tests (1)	UNKNOWN STEP	2026-02-25T19:48:26.2871948Z Get:56 http://azure.archive.ubuntu.com/ubuntu noble/main amd64 libfontconfig-dev amd64 2.15.0-1.1ubuntu2 [161 kB]
Linux Desktop Tests (1)	UNKNOWN STEP	2026-02-25T19:48:26.3608125Z Get:57 http://azure.archive.ubuntu.com/ubuntu noble/main amd64 libpixman-1-dev amd64 0.42.2-1build1 [296 kB]
Linux Desktop Tests (1)	UNKNOWN STEP	2026-02-25T19:48:26.4110763Z Get:58 http://azure.archive.ubuntu.com/ubuntu noble/main amd64 libice-dev amd64 2:1.0.10-1build3 [51.0 kB]
Linux Desktop Tests (1)	UNKNOWN STEP	2026-02-25T19:48:26.4532547Z Get:59 http://azure.archive.ubuntu.com/ubuntu noble/main amd64 libsm-dev amd64 2:1.2.3-1build3 [17.8 kB]
Linux Desktop Tests (1)	UNKNOWN STEP	2026-02-25T19:48:26.4950061Z Get:60 http://azure.archive.ubuntu.com/ubuntu noble/main amd64 libxcb-render0-dev amd64 1.15-1ubuntu2 [19.6 kB]
Linux Desktop Tests (1)	UNKNOWN STEP	2026-02-25T19:48:26.5370362Z Get:61 http://azure.archive.ubuntu.com/ubuntu noble/main amd64 libxcb-shm0-dev amd64 1.15-1ubuntu2 [8246 B]
Linux Desktop Tests (1)	UNKNOWN STEP	2026-02-25T19:48:26.5786378Z Get:62 http://azure.archive.ubuntu.com/ubuntu noble/main amd64 libxrender-dev amd64 1:0.9.10-1.1build1 [26.3 kB]
Linux Desktop Tests (1)	UNKNOWN STEP	2026-02-25T19:48:26.6210172Z Get:63 http://azure.archive.ubuntu.com/ubuntu noble/main amd64 libcairo2-dev amd64 1.18.0-3build1 [41.1 kB]
Linux Desktop Tests (1)	UNKNOWN STEP	2026-02-25T19:48:26.6629510Z Get:64 http://azure.archive.ubuntu.com/ubuntu noble/main amd64 libdatrie-dev amd64 0.2.13-3build1 [19.4 kB]
Linux Desktop Tests (1)	UNKNOWN STEP	2026-02-25T19:48:26.7043885Z Get:65 http://azure.archive.ubuntu.com/ubuntu noble-updates/main amd64 libdeflate-dev amd64 1.19-1build1.1 [50.9 kB]
Linux Desktop Tests (1)	UNKNOWN STEP	2026-02-25T19:48:26.7465359Z Get:66 http://azure.archive.ubuntu.com/ubuntu noble-updates/main amd64 libegl-mesa0 amd64 25.2.8-0ubuntu0.24.04.1 [117 kB]
Linux Desktop Tests (1)	UNKNOWN STEP	2026-02-25T19:48:26.7890240Z Get:67 http://azure.archive.ubuntu.com/ubuntu noble/main amd64 libegl1 amd64 1.7.0-1build1 [28.7 kB]
Linux Desktop Tests (1)	UNKNOWN STEP	2026-02-25T19:48:26.8309393Z Get:68 http://azure.archive.ubuntu.com/ubuntu noble/main amd64 libglx-dev amd64 1.7.0-1build1 [14.2 kB]
Linux Desktop Tests (1)	UNKNOWN STEP	2026-02-25T19:48:26.8766032Z Get:69 http://azure.archive.ubuntu.com/ubuntu noble/main amd64 libgl-dev amd64 1.7.0-1build1 [102 kB]
Linux Desktop Tests (1)	UNKNOWN STEP	2026-02-25T19:48:26.9192596Z Get:70 http://azure.archive.ubuntu.com/ubuntu noble/main amd64 libegl-dev amd64 1.7.0-1build1 [18.2 kB]
Linux Desktop Tests (1)	UNKNOWN STEP	2026-02-25T19:48:26.9610162Z Get:71 http://azure.archive.ubuntu.com/ubuntu noble/main amd64 libglvnd-core-dev amd64 1.7.0-1build1 [13.6 kB]
Linux Desktop Tests (1)	UNKNOWN STEP	2026-02-25T19:48:27.0057026Z Get:72 http://azure.archive.ubuntu.com/ubuntu noble/main amd64 libgles1 amd64 1.7.0-1build1 [11.6 kB]
Linux Desktop Tests (1)	UNKNOWN STEP	2026-02-25T19:48:27.0480297Z Get:73 http://azure.archive.ubuntu.com/ubuntu noble/main amd64 libgles2 amd64 1.7.0-1build1 [17.1 kB]
Linux Desktop Tests (1)	UNKNOWN STEP	2026-02-25T19:48:27.0899316Z Get:74 http://azure.archive.ubuntu.com/ubuntu noble/main amd64 libgles-dev amd64 1.7.0-1build1 [50.5 kB]
Linux Desktop Tests (1)	UNKNOWN STEP	2026-02-25T19:48:27.1316738Z Get:75 http://azure.archive.ubuntu.com/ubuntu noble/main amd64 libopengl0 amd64 1.7.0-1build1 [32.8 kB]
Linux Desktop Tests (1)	UNKNOWN STEP	2026-02-25T19:48:27.1754410Z Get:76 http://azure.archive.ubuntu.com/ubuntu noble/main amd64 libopengl-dev amd64 1.7.0-1build1 [3454 B]
Linux Desktop Tests (1)	UNKNOWN STEP	2026-02-25T19:48:27.2167793Z Get:77 http://azure.archive.ubuntu.com/ubuntu noble/main amd64 libglvnd-dev amd64 1.7.0-1build1 [3198 B]
Linux Desktop Tests (1)	UNKNOWN STEP	2026-02-25T19:48:27.2589651Z Get:78 http://azure.archive.ubuntu.com/ubuntu noble-updates/main amd64 libegl1-mesa-dev amd64 25.2.8-0ubuntu0.24.04.1 [26.4 kB]
Linux Desktop Tests (1)	UNKNOWN STEP	2026-02-25T19:48:27.3012547Z Get:79 http://azure.archive.ubuntu.com/ubuntu noble/main amd64 libepoxy-dev amd64 1.5.10-1build1 [132 kB]
Linux Desktop Tests (1)	UNKNOWN STEP	2026-02-25T19:48:27.3439013Z Get:80 http://azure.archive.ubuntu.com/ubuntu noble/main amd64 libfribidi-dev amd64 1.0.13-3build1 [64.8 kB]
Linux Desktop Tests (1)	UNKNOWN STEP	2026-02-25T19:48:27.3861921Z Get:81 http://azure.archive.ubuntu.com/ubuntu noble-updates/main amd64 libgpg-error-dev amd64 1.47-3build2.1 [128 kB]
Linux Desktop Tests (1)	UNKNOWN STEP	2026-02-25T19:48:27.4300643Z Get:82 http://azure.archive.ubuntu.com/ubuntu noble/main amd64 libgcrypt20-dev amd64 1.10.3-2build1 [592 kB]
Linux Desktop Tests (1)	UNKNOWN STEP	2026-02-25T19:48:27.4852505Z Get:83 http://azure.archive.ubuntu.com/ubuntu noble-updates/main amd64 libgdk-pixbuf2.0-bin amd64 2.42.10+dfsg-3ubuntu3.2 [13.9 kB]
Linux Desktop Tests (1)	UNKNOWN STEP	2026-02-25T19:48:27.5290720Z Get:84 http://azure.archive.ubuntu.com/ubuntu noble/main amd64 libjpeg-turbo8-dev amd64 2.1.5-2ubuntu2 [295 kB]
Linux Desktop Tests (1)	UNKNOWN STEP	2026-02-25T19:48:27.5727565Z Get:85 http://azure.archive.ubuntu.com/ubuntu noble/main amd64 libjpeg8-dev amd64 8c-2ubuntu11 [1484 B]
Linux Desktop Tests (1)	UNKNOWN STEP	2026-02-25T19:48:27.6146445Z Get:86 http://azure.archive.ubuntu.com/ubuntu noble/main amd64 libjpeg-dev amd64 8c-2ubuntu11 [1482 B]
Linux Desktop Tests (1)	UNKNOWN STEP	2026-02-25T19:48:27.6561702Z Get:87 http://azure.archive.ubuntu.com/ubuntu noble/main amd64 libjbig-dev amd64 2.1-6.1ubuntu2 [27.9 kB]
Linux Desktop Tests (1)	UNKNOWN STEP	2026-02-25T19:48:27.6996066Z Get:88 http://azure.archive.ubuntu.com/ubuntu noble-updates/main amd64 liblzma-dev amd64 5.6.1+really5.4.5-1ubuntu0.2 [176 kB]
Linux Desktop Tests (1)	UNKNOWN STEP	2026-02-25T19:48:27.7430632Z Get:89 http://azure.archive.ubuntu.com/ubuntu noble/main amd64 libwebpdecoder3 amd64 1.3.2-0.4build3 [114 kB]
Linux Desktop Tests (1)	UNKNOWN STEP	2026-02-25T19:48:27.7854660Z Get:90 http://azure.archive.ubuntu.com/ubuntu noble/main amd64 libsharpyuv-dev amd64 1.3.2-0.4build3 [16.0 kB]
Linux Desktop Tests (1)	UNKNOWN STEP	2026-02-25T19:48:27.8272010Z Get:91 http://azure.archive.ubuntu.com/ubuntu noble/main amd64 libwebp-dev amd64 1.3.2-0.4build3 [367 kB]
Linux Desktop Tests (1)	UNKNOWN STEP	2026-02-25T19:48:27.8734138Z Get:92 http://azure.archive.ubuntu.com/ubuntu noble-updates/main amd64 libtiffxx6 amd64 4.5.1+git230720-4ubuntu2.4 [5648 B]
Linux Desktop Tests (1)	UNKNOWN STEP	2026-02-25T19:48:27.9157625Z Get:93 http://azure.archive.ubuntu.com/ubuntu noble/main amd64 liblerc-dev amd64 4.0.0+ds-4ubuntu2 [182 kB]
Linux Desktop Tests (1)	UNKNOWN STEP	2026-02-25T19:48:27.9589017Z Get:94 http://azure.archive.ubuntu.com/ubuntu noble-updates/main amd64 libtiff-dev amd64 4.5.1+git230720-4ubuntu2.4 [338 kB]
Linux Desktop Tests (1)	UNKNOWN STEP	2026-02-25T19:48:28.0046873Z Get:95 http://azure.archive.ubuntu.com/ubuntu noble-updates/main amd64 libgdk-pixbuf-2.0-dev amd64 2.42.10+dfsg-3ubuntu3.2 [48.0 kB]
Linux Desktop Tests (1)	UNKNOWN STEP	2026-02-25T19:48:28.0465783Z Get:96 http://azure.archive.ubuntu.com/ubuntu noble-updates/main amd64 libgles2-mesa-dev amd64 25.2.8-0ubuntu0.24.04.1 [22.5 kB]
Linux Desktop Tests (1)	UNKNOWN STEP	2026-02-25T19:48:28.0902316Z Get:97 http://azure.archive.ubuntu.com/ubuntu noble/main amd64 libgraphite2-dev amd64 1.3.14-2build1 [14.7 kB]
Linux Desktop Tests (1)	UNKNOWN STEP	2026-02-25T19:48:28.1319517Z Get:98 http://azure.archive.ubuntu.com/ubuntu noble/main amd64 libharfbuzz-icu0 amd64 8.3.0-2build2 [13.3 kB]
Linux Desktop Tests (1)	UNKNOWN STEP	2026-02-25T19:48:28.1739238Z Get:99 http://azure.archive.ubuntu.com/ubuntu noble/main amd64 libharfbuzz-subset0 amd64 8.3.0-2build2 [448 kB]
Linux Desktop Tests (1)	UNKNOWN STEP	2026-02-25T19:48:28.2203194Z Get:100 http://azure.archive.ubuntu.com/ubuntu noble/main amd64 libharfbuzz-cairo0 amd64 8.3.0-2build2 [26.2 kB]
Linux Desktop Tests (1)	UNKNOWN STEP	2026-02-25T19:48:28.2625337Z Get:101 http://azure.archive.ubuntu.com/ubuntu noble/main amd64 libharfbuzz-dev amd64 8.3.0-2build2 [142 kB]
Linux Desktop Tests (1)	UNKNOWN STEP	2026-02-25T19:48:28.3050674Z Get:102 http://azure.archive.ubuntu.com/ubuntu noble/main amd64 libthai-dev amd64 0.1.29-2build1 [26.6 kB]
Linux Desktop Tests (1)	UNKNOWN STEP	2026-02-25T19:48:28.4212102Z Get:103 http://azure.archive.ubuntu.com/ubuntu noble/main amd64 libxft-dev amd64 2.3.6-1build1 [64.3 kB]
Linux Desktop Tests (1)	UNKNOWN STEP	2026-02-25T19:48:28.8859971Z Get:104 http://azure.archive.ubuntu.com/ubuntu noble/main amd64 pango1.0-tools amd64 1.52.1+ds-1build1 [36.7 kB]
Linux Desktop Tests (1)	UNKNOWN STEP	2026-02-25T19:48:29.2385799Z Get:105 http://azure.archive.ubuntu.com/ubuntu noble/main amd64 libpango1.0-dev amd64 1.52.1+ds-1build1 [147 kB]
Linux Desktop Tests (1)	UNKNOWN STEP	2026-02-25T19:48:29.9569609Z Get:106 http://azure.archive.ubuntu.com/ubuntu noble/main amd64 libwayland-server0 amd64 1.22.0-2.1build1 [33.9 kB]
Linux Desktop Tests (1)	UNKNOWN STEP	2026-02-25T19:48:30.4967099Z Get:107 http://azure.archive.ubuntu.com/ubuntu noble/main amd64 libwayland-bin amd64 1.22.0-2.1build1 [20.6 kB]
Linux Desktop Tests (1)	UNKNOWN STEP	2026-02-25T19:48:30.7753092Z Get:108 http://azure.archive.ubuntu.com/ubuntu noble/main amd64 libwayland-dev amd64 1.22.0-2.1build1 [71.3 kB]
Linux Desktop Tests (1)	UNKNOWN STEP	2026-02-25T19:48:31.2971161Z Get:109 http://azure.archive.ubuntu.com/ubuntu noble/main amd64 libxcomposite-dev amd64 1:0.4.5-1build3 [9374 B]
Linux Desktop Tests (1)	UNKNOWN STEP	2026-02-25T19:48:31.4699691Z Get:110 http://azure.archive.ubuntu.com/ubuntu noble/main amd64 libxcursor-dev amd64 1:1.2.1-1build1 [31.8 kB]
Linux Desktop Tests (1)	UNKNOWN STEP	2026-02-25T19:48:31.7918183Z Get:111 http://azure.archive.ubuntu.com/ubuntu noble/main amd64 libxdamage-dev amd64 1:1.1.6-1build1 [5270 B]
Linux Desktop Tests (1)	UNKNOWN STEP	2026-02-25T19:48:31.9556691Z Get:112 http://azure.archive.ubuntu.com/ubuntu noble/main amd64 libxinerama-dev amd64 2:1.1.4-3build1 [7988 B]
Linux Desktop Tests (1)	UNKNOWN STEP	2026-02-25T19:48:32.1319746Z Get:113 http://azure.archive.ubuntu.com/ubuntu noble/main amd64 libxkbcommon-dev amd64 1.6.0-1build1 [56.3 kB]
Linux Desktop Tests (1)	UNKNOWN STEP	2026-02-25T19:48:32.5351494Z Get:114 http://azure.archive.ubuntu.com/ubuntu noble/main amd64 libxrandr-dev amd64 2:1.5.2-2build1 [26.4 kB]
Linux Desktop Tests (1)	UNKNOWN STEP	2026-02-25T19:48:32.7929043Z Get:115 http://azure.archive.ubuntu.com/ubuntu noble-updates/main amd64 wayland-protocols all 1.45-1~ubuntu0.24.04.1 [114 kB]
Linux Desktop Tests (1)	UNKNOWN STEP	2026-02-25T19:48:33.4635391Z Get:116 http://azure.archive.ubuntu.com/ubuntu noble-updates/main amd64 libgtk-3-dev amd64 3.24.41-4ubuntu1.3 [1096 kB]
Linux Desktop Tests (1)	UNKNOWN STEP	2026-02-25T19:48:38.9417384Z Get:117 http://azure.archive.ubuntu.com/ubuntu noble-updates/main amd64 libpng-tools amd64 1.6.43-5ubuntu0.5 [28.5 kB]
Linux Desktop Tests (1)	UNKNOWN STEP	2026-02-25T19:48:39.1749779Z Get:118 http://azure.archive.ubuntu.com/ubuntu noble/universe amd64 libsecret-1-dev amd64 0.21.4-1build3 [129 kB]
Linux Desktop Tests (1)	UNKNOWN STEP	2026-02-25T19:48:39.9945037Z Get:119 http://azure.archive.ubuntu.com/ubuntu noble/universe amd64 ninja-build amd64 1.11.1-2 [129 kB]
Linux Desktop Tests (1)	UNKNOWN STEP	2026-02-25T19:48:40.8248166Z Get:120 http://azure.archive.ubuntu.com/ubuntu noble-updates/main amd64 libgl1-mesa-dev amd64 25.2.8-0ubuntu0.24.04.1 [22.5 kB]
Linux Desktop Tests (1)	UNKNOWN STEP	2026-02-25T19:48:41.0765186Z Get:121 http://azure.archive.ubuntu.com/ubuntu noble/main amd64 libjsoncpp-dev amd64 1.9.5-6build1 [23.0 kB]
Linux Desktop Tests (1)	UNKNOWN STEP	2026-02-25T19:48:41.5506410Z Fetched 30.4 MB in 17s (1750 kB/s)
Linux Desktop Tests (1)	UNKNOWN STEP	2026-02-25T19:48:41.5999157Z (Reading database ... 
Linux Desktop Tests (1)	UNKNOWN STEP	2026-02-25T19:48:41.5999605Z (Reading database ... 5%
Linux Desktop Tests (1)	UNKNOWN STEP	2026-02-25T19:48:41.5999925Z (Reading database ... 10%
Linux Desktop Tests (1)	UNKNOWN STEP	2026-02-25T19:48:41.6000227Z (Reading database ... 15%
Linux Desktop Tests (1)	UNKNOWN STEP	2026-02-25T19:48:41.6000537Z (Reading database ... 20%
Linux Desktop Tests (1)	UNKNOWN STEP	2026-02-25T19:48:41.6000842Z (Reading database ... 25%
Linux Desktop Tests (1)	UNKNOWN STEP	2026-02-25T19:48:41.6001166Z (Reading database ... 30%
Linux Desktop Tests (1)	UNKNOWN STEP	2026-02-25T19:48:41.6001485Z (Reading database ... 35%
Linux Desktop Tests (1)	UNKNOWN STEP	2026-02-25T19:48:41.6001805Z (Reading database ... 40%
Linux Desktop Tests (1)	UNKNOWN STEP	2026-02-25T19:48:41.6002120Z (Reading database ... 45%
Linux Desktop Tests (1)	UNKNOWN STEP	2026-02-25T19:48:41.6002477Z (Reading database ... 50%
Linux Desktop Tests (1)	UNKNOWN STEP	2026-02-25T19:48:41.6087485Z (Reading database ... 55%
Linux Desktop Tests (1)	UNKNOWN STEP	2026-02-25T19:48:41.6503715Z (Reading database ... 60%
Linux Desktop Tests (1)	UNKNOWN STEP	2026-02-25T19:48:41.7103650Z (Reading database ... 65%
Linux Desktop Tests (1)	UNKNOWN STEP	2026-02-25T19:48:41.7362935Z (Reading database ... 70%
Linux Desktop Tests (1)	UNKNOWN STEP	2026-02-25T19:48:41.7692771Z (Reading database ... 75%
Linux Desktop Tests (1)	UNKNOWN STEP	2026-02-25T19:48:41.8157632Z (Reading database ... 80%
Linux Desktop Tests (1)	UNKNOWN STEP	2026-02-25T19:48:41.9118093Z (Reading database ... 85%
Linux Desktop Tests (1)	UNKNOWN STEP	2026-02-25T19:48:42.0193328Z (Reading database ... 90%
Linux Desktop Tests (1)	UNKNOWN STEP	2026-02-25T19:48:42.1200875Z (Reading database ... 95%
Linux Desktop Tests (1)	UNKNOWN STEP	2026-02-25T19:48:42.1201297Z (Reading database ... 100%
Linux Desktop Tests (1)	UNKNOWN STEP	2026-02-25T19:48:42.1201805Z (Reading database ... 218749 files and directories currently installed.)
Linux Desktop Tests (1)	UNKNOWN STEP	2026-02-25T19:48:42.1244040Z Preparing to unpack .../000-libglib2.0-data_2.80.0-6ubuntu3.8_all.deb ...
Linux Desktop Tests (1)	UNKNOWN STEP	2026-02-25T19:48:42.1285954Z Unpacking libglib2.0-data (2.80.0-6ubuntu3.8) over (2.80.0-6ubuntu3.7) ...
Linux Desktop Tests (1)	UNKNOWN STEP	2026-02-25T19:48:42.1676404Z Preparing to unpack .../001-libglib2.0-bin_2.80.0-6ubuntu3.8_amd64.deb ...
Linux Desktop Tests (1)	UNKNOWN STEP	2026-02-25T19:48:42.1708215Z Unpacking libglib2.0-bin (2.80.0-6ubuntu3.8) over (2.80.0-6ubuntu3.7) ...
Linux Desktop Tests (1)	UNKNOWN STEP	2026-02-25T19:48:42.2243654Z Preparing to unpack .../002-gir1.2-glib-2.0_2.80.0-6ubuntu3.8_amd64.deb ...
Linux Desktop Tests (1)	UNKNOWN STEP	2026-02-25T19:48:42.2274962Z Unpacking gir1.2-glib-2.0:amd64 (2.80.0-6ubuntu3.8) over (2.80.0-6ubuntu3.7) ...
Linux Desktop Tests (1)	UNKNOWN STEP	2026-02-25T19:48:42.2728926Z Preparing to unpack .../003-libglib2.0-0t64_2.80.0-6ubuntu3.8_amd64.deb ...
Linux Desktop Tests (1)	UNKNOWN STEP	2026-02-25T19:48:42.2805749Z Unpacking libglib2.0-0t64:amd64 (2.80.0-6ubuntu3.8) over (2.80.0-6ubuntu3.7) ...
Linux Desktop Tests (1)	UNKNOWN STEP	2026-02-25T19:48:42.3429401Z Preparing to unpack .../004-libpng16-16t64_1.6.43-5ubuntu0.5_amd64.deb ...
Linux Desktop Tests (1)	UNKNOWN STEP	2026-02-25T19:48:42.3614736Z Unpacking libpng16-16t64:amd64 (1.6.43-5ubuntu0.5) over (1.6.43-5ubuntu0.3) ...
Linux Desktop Tests (1)	UNKNOWN STEP	2026-02-25T19:48:42.3915693Z Selecting previously unselected package bzip2-doc.
Linux Desktop Tests (1)	UNKNOWN STEP	2026-02-25T19:48:42.4076205Z Preparing to unpack .../005-bzip2-doc_1.0.8-5.1build0.1_all.deb ...
Linux Desktop Tests (1)	UNKNOWN STEP	2026-02-25T19:48:42.4086760Z Unpacking bzip2-doc (1.0.8-5.1build0.1) ...
Linux Desktop Tests (1)	UNKNOWN STEP	2026-02-25T19:48:42.4350499Z Selecting previously unselected package clang.
Linux Desktop Tests (1)	UNKNOWN STEP	2026-02-25T19:48:42.4510693Z Preparing to unpack .../006-clang_1%3a18.0-59~exp2_amd64.deb ...
Linux Desktop Tests (1)	UNKNOWN STEP	2026-02-25T19:48:42.4520423Z Unpacking clang (1:18.0-59~exp2) ...
Linux Desktop Tests (1)	UNKNOWN STEP	2026-02-25T19:48:42.4752454Z Selecting previously unselected package libjsoncpp25:amd64.
Linux Desktop Tests (1)	UNKNOWN STEP	2026-02-25T19:48:42.4913874Z Preparing to unpack .../007-libjsoncpp25_1.9.5-6build1_amd64.deb ...
Linux Desktop Tests (1)	UNKNOWN STEP	2026-02-25T19:48:42.4925489Z Unpacking libjsoncpp25:amd64 (1.9.5-6build1) ...
Linux Desktop Tests (1)	UNKNOWN STEP	2026-02-25T19:48:42.5169514Z Selecting previously unselected package librhash0:amd64.
Linux Desktop Tests (1)	UNKNOWN STEP	2026-02-25T19:48:42.5327459Z Preparing to unpack .../008-librhash0_1.4.3-3build1_amd64.deb ...
Linux Desktop Tests (1)	UNKNOWN STEP	2026-02-25T19:48:42.5339395Z Unpacking librhash0:amd64 (1.4.3-3build1) ...
Linux Desktop Tests (1)	UNKNOWN STEP	2026-02-25T19:48:42.5582656Z Selecting previously unselected package cmake-data.
Linux Desktop Tests (1)	UNKNOWN STEP	2026-02-25T19:48:42.5740636Z Preparing to unpack .../009-cmake-data_3.28.3-1build7_all.deb ...
Linux Desktop Tests (1)	UNKNOWN STEP	2026-02-25T19:48:42.5811528Z Unpacking cmake-data (3.28.3-1build7) ...
Linux Desktop Tests (1)	UNKNOWN STEP	2026-02-25T19:48:43.1636931Z Selecting previously unselected package cmake.
Linux Desktop Tests (1)	UNKNOWN STEP	2026-02-25T19:48:43.1814339Z Preparing to unpack .../010-cmake_3.28.3-1build7_amd64.deb ...
Linux Desktop Tests (1)	UNKNOWN STEP	2026-02-25T19:48:43.1823964Z Unpacking cmake (3.28.3-1build7) ...
Linux Desktop Tests (1)	UNKNOWN STEP	2026-02-25T19:48:43.3442048Z Selecting previously unselected package gir1.2-atk-1.0:amd64.
Linux Desktop Tests (1)	UNKNOWN STEP	2026-02-25T19:48:43.3602845Z Preparing to unpack .../011-gir1.2-atk-1.0_2.52.0-1build1_amd64.deb ...
Linux Desktop Tests (1)	UNKNOWN STEP	2026-02-25T19:48:43.3623137Z Unpacking gir1.2-atk-1.0:amd64 (2.52.0-1build1) ...
Linux Desktop Tests (1)	UNKNOWN STEP	2026-02-25T19:48:43.3831355Z Selecting previously unselected package gir1.2-freedesktop:amd64.
Linux Desktop Tests (1)	UNKNOWN STEP	2026-02-25T19:48:43.3991632Z Preparing to unpack .../012-gir1.2-freedesktop_1.80.1-1_amd64.deb ...
Linux Desktop Tests (1)	UNKNOWN STEP	2026-02-25T19:48:43.4001650Z Unpacking gir1.2-freedesktop:amd64 (1.80.1-1) ...
Linux Desktop Tests (1)	UNKNOWN STEP	2026-02-25T19:48:43.4229393Z Selecting previously unselected package gir1.2-atspi-2.0:amd64.
Linux Desktop Tests (1)	UNKNOWN STEP	2026-02-25T19:48:43.4391054Z Preparing to unpack .../013-gir1.2-atspi-2.0_2.52.0-1build1_amd64.deb ...
Linux Desktop Tests (1)	UNKNOWN STEP	2026-02-25T19:48:43.4402535Z Unpacking gir1.2-atspi-2.0:amd64 (2.52.0-1build1) ...
Linux Desktop Tests (1)	UNKNOWN STEP	2026-02-25T19:48:43.4614895Z Selecting previously unselected package gir1.2-glib-2.0-dev:amd64.
Linux Desktop Tests (1)	UNKNOWN STEP	2026-02-25T19:48:43.4778800Z Preparing to unpack .../014-gir1.2-glib-2.0-dev_2.80.0-6ubuntu3.8_amd64.deb ...
Linux Desktop Tests (1)	UNKNOWN STEP	2026-02-25T19:48:43.4790465Z Unpacking gir1.2-glib-2.0-dev:amd64 (2.80.0-6ubuntu3.8) ...
Linux Desktop Tests (1)	UNKNOWN STEP	2026-02-25T19:48:43.5363766Z Selecting previously unselected package gir1.2-freedesktop-dev:amd64.
Linux Desktop Tests (1)	UNKNOWN STEP	2026-02-25T19:48:43.5526729Z Preparing to unpack .../015-gir1.2-freedesktop-dev_1.80.1-1_amd64.deb ...
Linux Desktop Tests (1)	UNKNOWN STEP	2026-02-25T19:48:43.5536400Z Unpacking gir1.2-freedesktop-dev:amd64 (1.80.1-1) ...
Linux Desktop Tests (1)	UNKNOWN STEP	2026-02-25T19:48:43.5765059Z Selecting previously unselected package gir1.2-gdkpixbuf-2.0:amd64.
Linux Desktop Tests (1)	UNKNOWN STEP	2026-02-25T19:48:43.5927482Z Preparing to unpack .../016-gir1.2-gdkpixbuf-2.0_2.42.10+dfsg-3ubuntu3.2_amd64.deb ...
Linux Desktop Tests (1)	UNKNOWN STEP	2026-02-25T19:48:43.5938113Z Unpacking gir1.2-gdkpixbuf-2.0:amd64 (2.42.10+dfsg-3ubuntu3.2) ...
Linux Desktop Tests (1)	UNKNOWN STEP	2026-02-25T19:48:43.6161723Z Selecting previously unselected package libharfbuzz-gobject0:amd64.
Linux Desktop Tests (1)	UNKNOWN STEP	2026-02-25T19:48:43.6322406Z Preparing to unpack .../017-libharfbuzz-gobject0_8.3.0-2build2_amd64.deb ...
Linux Desktop Tests (1)	UNKNOWN STEP	2026-02-25T19:48:43.6333414Z Unpacking libharfbuzz-gobject0:amd64 (8.3.0-2build2) ...
Linux Desktop Tests (1)	UNKNOWN STEP	2026-02-25T19:48:43.6549059Z Selecting previously unselected package gir1.2-harfbuzz-0.0:amd64.
Linux Desktop Tests (1)	UNKNOWN STEP	2026-02-25T19:48:43.6710526Z Preparing to unpack .../018-gir1.2-harfbuzz-0.0_8.3.0-2build2_amd64.deb ...
Linux Desktop Tests (1)	UNKNOWN STEP	2026-02-25T19:48:43.6720651Z Unpacking gir1.2-harfbuzz-0.0:amd64 (8.3.0-2build2) ...
Linux Desktop Tests (1)	UNKNOWN STEP	2026-02-25T19:48:43.6965275Z Selecting previously unselected package libpangoxft-1.0-0:amd64.
Linux Desktop Tests (1)	UNKNOWN STEP	2026-02-25T19:48:43.7125471Z Preparing to unpack .../019-libpangoxft-1.0-0_1.52.1+ds-1build1_amd64.deb ...
Linux Desktop Tests (1)	UNKNOWN STEP	2026-02-25T19:48:43.7137984Z Unpacking libpangoxft-1.0-0:amd64 (1.52.1+ds-1build1) ...
Linux Desktop Tests (1)	UNKNOWN STEP	2026-02-25T19:48:43.7343469Z Selecting previously unselected package gir1.2-pango-1.0:amd64.
Linux Desktop Tests (1)	UNKNOWN STEP	2026-02-25T19:48:43.7503013Z Preparing to unpack .../020-gir1.2-pango-1.0_1.52.1+ds-1build1_amd64.deb ...
Linux Desktop Tests (1)	UNKNOWN STEP	2026-02-25T19:48:43.7512607Z Unpacking gir1.2-pango-1.0:amd64 (1.52.1+ds-1build1) ...
Linux Desktop Tests (1)	UNKNOWN STEP	2026-02-25T19:48:43.7726377Z Selecting previously unselected package gir1.2-gtk-3.0:amd64.
Linux Desktop Tests (1)	UNKNOWN STEP	2026-02-25T19:48:43.7889486Z Preparing to unpack .../021-gir1.2-gtk-3.0_3.24.41-4ubuntu1.3_amd64.deb ...
Linux Desktop Tests (1)	UNKNOWN STEP	2026-02-25T19:48:43.7899385Z Unpacking gir1.2-gtk-3.0:amd64 (3.24.41-4ubuntu1.3) ...
Linux Desktop Tests (1)	UNKNOWN STEP	2026-02-25T19:48:43.8159000Z Selecting previously unselected package libsecret-common.
Linux Desktop Tests (1)	UNKNOWN STEP	2026-02-25T19:48:43.8317833Z Preparing to unpack .../022-libsecret-common_0.21.4-1build3_all.deb ...
Linux Desktop Tests (1)	UNKNOWN STEP	2026-02-25T19:48:43.8327387Z Unpacking libsecret-common (0.21.4-1build3) ...
Linux Desktop Tests (1)	UNKNOWN STEP	2026-02-25T19:48:43.8540962Z Selecting previously unselected package libsecret-1-0:amd64.
Linux Desktop Tests (1)	UNKNOWN STEP	2026-02-25T19:48:43.8699349Z Preparing to unpack .../023-libsecret-1-0_0.21.4-1build3_amd64.deb ...
Linux Desktop Tests (1)	UNKNOWN STEP	2026-02-25T19:48:43.8709629Z Unpacking libsecret-1-0:amd64 (0.21.4-1build3) ...
Linux Desktop Tests (1)	UNKNOWN STEP	2026-02-25T19:48:43.8937855Z Selecting previously unselected package gir1.2-secret-1:amd64.
Linux Desktop Tests (1)	UNKNOWN STEP	2026-02-25T19:48:43.9095256Z Preparing to unpack .../024-gir1.2-secret-1_0.21.4-1build3_amd64.deb ...
Linux Desktop Tests (1)	UNKNOWN STEP	2026-02-25T19:48:43.9105512Z Unpacking gir1.2-secret-1:amd64 (0.21.4-1build3) ...
Linux Desktop Tests (1)	UNKNOWN STEP	2026-02-25T19:48:43.9326295Z Selecting previously unselected package libglib2.0-dev-bin.
Linux Desktop Tests (1)	UNKNOWN STEP	2026-02-25T19:48:43.9486830Z Preparing to unpack .../025-libglib2.0-dev-bin_2.80.0-6ubuntu3.8_amd64.deb ...
Linux Desktop Tests (1)	UNKNOWN STEP	2026-02-25T19:48:43.9497152Z Unpacking libglib2.0-dev-bin (2.80.0-6ubuntu3.8) ...
Linux Desktop Tests (1)	UNKNOWN STEP	2026-02-25T19:48:43.9848454Z Selecting previously unselected package uuid-dev:amd64.
Linux Desktop Tests (1)	UNKNOWN STEP	2026-02-25T19:48:44.0012176Z Preparing to unpack .../026-uuid-dev_2.39.3-9ubuntu6.4_amd64.deb ...
Linux Desktop Tests (1)	UNKNOWN STEP	2026-02-25T19:48:44.0023228Z Unpacking uuid-dev:amd64 (2.39.3-9ubuntu6.4) ...
Linux Desktop Tests (1)	UNKNOWN STEP	2026-02-25T19:48:44.0300465Z Selecting previously unselected package libblkid-dev:amd64.
Linux Desktop Tests (1)	UNKNOWN STEP	2026-02-25T19:48:44.0468849Z Preparing to unpack .../027-libblkid-dev_2.39.3-9ubuntu6.4_amd64.deb ...
Linux Desktop Tests (1)	UNKNOWN STEP	2026-02-25T19:48:44.0480383Z Unpacking libblkid-dev:amd64 (2.39.3-9ubuntu6.4) ...
Linux Desktop Tests (1)	UNKNOWN STEP	2026-02-25T19:48:44.0747255Z Selecting previously unselected package libsepol-dev:amd64.
Linux Desktop Tests (1)	UNKNOWN STEP	2026-02-25T19:48:44.0907744Z Preparing to unpack .../028-libsepol-dev_3.5-2build1_amd64.deb ...
Linux Desktop Tests (1)	UNKNOWN STEP	2026-02-25T19:48:44.0917375Z Unpacking libsepol-dev:amd64 (3.5-2build1) ...
Linux Desktop Tests (1)	UNKNOWN STEP	2026-02-25T19:48:44.1263043Z Selecting previously unselected package libselinux1-dev:amd64.
Linux Desktop Tests (1)	UNKNOWN STEP	2026-02-25T19:48:44.1425947Z Preparing to unpack .../029-libselinux1-dev_3.5-2ubuntu2.1_amd64.deb ...
Linux Desktop Tests (1)	UNKNOWN STEP	2026-02-25T19:48:44.1437661Z Unpacking libselinux1-dev:amd64 (3.5-2ubuntu2.1) ...
Linux Desktop Tests (1)	UNKNOWN STEP	2026-02-25T19:48:44.1916812Z Selecting previously unselected package libmount-dev:amd64.
Linux Desktop Tests (1)	UNKNOWN STEP	2026-02-25T19:48:44.2077962Z Preparing to unpack .../030-libmount-dev_2.39.3-9ubuntu6.4_amd64.deb ...
Linux Desktop Tests (1)	UNKNOWN STEP	2026-02-25T19:48:44.2088879Z Unpacking libmount-dev:amd64 (2.39.3-9ubuntu6.4) ...
Linux Desktop Tests (1)	UNKNOWN STEP	2026-02-25T19:48:44.2313203Z Selecting previously unselected package libgirepository-2.0-0:amd64.
Linux Desktop Tests (1)	UNKNOWN STEP	2026-02-25T19:48:44.2474611Z Preparing to unpack .../031-libgirepository-2.0-0_2.80.0-6ubuntu3.8_amd64.deb ...
Linux Desktop Tests (1)	UNKNOWN STEP	2026-02-25T19:48:44.2485447Z Unpacking libgirepository-2.0-0:amd64 (2.80.0-6ubuntu3.8) ...
Linux Desktop Tests (1)	UNKNOWN STEP	2026-02-25T19:48:44.2709894Z Selecting previously unselected package libglib2.0-dev:amd64.
Linux Desktop Tests (1)	UNKNOWN STEP	2026-02-25T19:48:44.2870295Z Preparing to unpack .../032-libglib2.0-dev_2.80.0-6ubuntu3.8_amd64.deb ...
Linux Desktop Tests (1)	UNKNOWN STEP	2026-02-25T19:48:44.2881710Z Unpacking libglib2.0-dev:amd64 (2.80.0-6ubuntu3.8) ...
Linux Desktop Tests (1)	UNKNOWN STEP	2026-02-25T19:48:44.3987131Z Selecting previously unselected package libatk1.0-dev:amd64.
Linux Desktop Tests (1)	UNKNOWN STEP	2026-02-25T19:48:44.4148980Z Preparing to unpack .../033-libatk1.0-dev_2.52.0-1build1_amd64.deb ...
Linux Desktop Tests (1)	UNKNOWN STEP	2026-02-25T19:48:44.4159932Z Unpacking libatk1.0-dev:amd64 (2.52.0-1build1) ...
Linux Desktop Tests (1)	UNKNOWN STEP	2026-02-25T19:48:44.4487731Z Selecting previously unselected package libdbus-1-dev:amd64.
Linux Desktop Tests (1)	UNKNOWN STEP	2026-02-25T19:48:44.4647599Z Preparing to unpack .../034-libdbus-1-dev_1.14.10-4ubuntu4.1_amd64.deb ...
Linux Desktop Tests (1)	UNKNOWN STEP	2026-02-25T19:48:44.4658143Z Unpacking libdbus-1-dev:amd64 (1.14.10-4ubuntu4.1) ...
Linux Desktop Tests (1)	UNKNOWN STEP	2026-02-25T19:48:44.4970611Z Selecting previously unselected package xorg-sgml-doctools.
Linux Desktop Tests (1)	UNKNOWN STEP	2026-02-25T19:48:44.5138750Z Preparing to unpack .../035-xorg-sgml-doctools_1%3a1.11-1.1_all.deb ...
Linux Desktop Tests (1)	UNKNOWN STEP	2026-02-25T19:48:44.5148919Z Unpacking xorg-sgml-doctools (1:1.11-1.1) ...
Linux Desktop Tests (1)	UNKNOWN STEP	2026-02-25T19:48:44.5445051Z Selecting previously unselected package x11proto-dev.
Linux Desktop Tests (1)	UNKNOWN STEP	2026-02-25T19:48:44.5605765Z Preparing to unpack .../036-x11proto-dev_2023.2-1_all.deb ...
Linux Desktop Tests (1)	UNKNOWN STEP	2026-02-25T19:48:44.5616644Z Unpacking x11proto-dev (2023.2-1) ...
Linux Desktop Tests (1)	UNKNOWN STEP	2026-02-25T19:48:44.6161919Z Selecting previously unselected package libxau-dev:amd64.
Linux Desktop Tests (1)	UNKNOWN STEP	2026-02-25T19:48:44.6323206Z Preparing to unpack .../037-libxau-dev_1%3a1.0.9-1build6_amd64.deb ...
Linux Desktop Tests (1)	UNKNOWN STEP	2026-02-25T19:48:44.6333696Z Unpacking libxau-dev:amd64 (1:1.0.9-1build6) ...
Linux Desktop Tests (1)	UNKNOWN STEP	2026-02-25T19:48:44.6555476Z Selecting previously unselected package libxdmcp-dev:amd64.
Linux Desktop Tests (1)	UNKNOWN STEP	2026-02-25T19:48:44.6715341Z Preparing to unpack .../038-libxdmcp-dev_1%3a1.1.3-0ubuntu6_amd64.deb ...
Linux Desktop Tests (1)	UNKNOWN STEP	2026-02-25T19:48:44.6725365Z Unpacking libxdmcp-dev:amd64 (1:1.1.3-0ubuntu6) ...
Linux Desktop Tests (1)	UNKNOWN STEP	2026-02-25T19:48:44.6938735Z Selecting previously unselected package xtrans-dev.
Linux Desktop Tests (1)	UNKNOWN STEP	2026-02-25T19:48:44.7098072Z Preparing to unpack .../039-xtrans-dev_1.4.0-1_all.deb ...
Linux Desktop Tests (1)	UNKNOWN STEP	2026-02-25T19:48:44.7107138Z Unpacking xtrans-dev (1.4.0-1) ...
Linux Desktop Tests (1)	UNKNOWN STEP	2026-02-25T19:48:44.7364691Z Selecting previously unselected package libpthread-stubs0-dev:amd64.
Linux Desktop Tests (1)	UNKNOWN STEP	2026-02-25T19:48:44.7527465Z Preparing to unpack .../040-libpthread-stubs0-dev_0.4-1build3_amd64.deb ...
Linux Desktop Tests (1)	UNKNOWN STEP	2026-02-25T19:48:44.7537057Z Unpacking libpthread-stubs0-dev:amd64 (0.4-1build3) ...
Linux Desktop Tests (1)	UNKNOWN STEP	2026-02-25T19:48:44.7747042Z Selecting previously unselected package libxcb1-dev:amd64.
Linux Desktop Tests (1)	UNKNOWN STEP	2026-02-25T19:48:44.7909378Z Preparing to unpack .../041-libxcb1-dev_1.15-1ubuntu2_amd64.deb ...
Linux Desktop Tests (1)	UNKNOWN STEP	2026-02-25T19:48:44.7920606Z Unpacking libxcb1-dev:amd64 (1.15-1ubuntu2) ...
Linux Desktop Tests (1)	UNKNOWN STEP	2026-02-25T19:48:44.8165018Z Selecting previously unselected package libx11-dev:amd64.
Linux Desktop Tests (1)	UNKNOWN STEP	2026-02-25T19:48:44.8326997Z Preparing to unpack .../042-libx11-dev_2%3a1.8.7-1build1_amd64.deb ...
Linux Desktop Tests (1)	UNKNOWN STEP	2026-02-25T19:48:44.8337622Z Unpacking libx11-dev:amd64 (2:1.8.7-1build1) ...
Linux Desktop Tests (1)	UNKNOWN STEP	2026-02-25T19:48:44.8666526Z Selecting previously unselected package libxext-dev:amd64.
Linux Desktop Tests (1)	UNKNOWN STEP	2026-02-25T19:48:44.8831953Z Preparing to unpack .../043-libxext-dev_2%3a1.3.4-1build2_amd64.deb ...
Linux Desktop Tests (1)	UNKNOWN STEP	2026-02-25T19:48:44.8842432Z Unpacking libxext-dev:amd64 (2:1.3.4-1build2) ...
Linux Desktop Tests (1)	UNKNOWN STEP	2026-02-25T19:48:44.9169187Z Selecting previously unselected package libxfixes-dev:amd64.
Linux Desktop Tests (1)	UNKNOWN STEP	2026-02-25T19:48:44.9333384Z Preparing to unpack .../044-libxfixes-dev_1%3a6.0.0-2build1_amd64.deb ...
Linux Desktop Tests (1)	UNKNOWN STEP	2026-02-25T19:48:44.9344370Z Unpacking libxfixes-dev:amd64 (1:6.0.0-2build1) ...
Linux Desktop Tests (1)	UNKNOWN STEP	2026-02-25T19:48:44.9568840Z Selecting previously unselected package libxi-dev:amd64.
Linux Desktop Tests (1)	UNKNOWN STEP	2026-02-25T19:48:44.9733710Z Preparing to unpack .../045-libxi-dev_2%3a1.8.1-1build1_amd64.deb ...
Linux Desktop Tests (1)	UNKNOWN STEP	2026-02-25T19:48:44.9743273Z Unpacking libxi-dev:amd64 (2:1.8.1-1build1) ...
Linux Desktop Tests (1)	UNKNOWN STEP	2026-02-25T19:48:45.0092636Z Selecting previously unselected package libxtst-dev:amd64.
Linux Desktop Tests (1)	UNKNOWN STEP	2026-02-25T19:48:45.0260024Z Preparing to unpack .../046-libxtst-dev_2%3a1.2.3-1.1build1_amd64.deb ...
Linux Desktop Tests (1)	UNKNOWN STEP	2026-02-25T19:48:45.0271025Z Unpacking libxtst-dev:amd64 (2:1.2.3-1.1build1) ...
Linux Desktop Tests (1)	UNKNOWN STEP	2026-02-25T19:48:45.0519255Z Selecting previously unselected package libatspi2.0-dev:amd64.
Linux Desktop Tests (1)	UNKNOWN STEP	2026-02-25T19:48:45.0682661Z Preparing to unpack .../047-libatspi2.0-dev_2.52.0-1build1_amd64.deb ...
Linux Desktop Tests (1)	UNKNOWN STEP	2026-02-25T19:48:45.0693552Z Unpacking libatspi2.0-dev:amd64 (2.52.0-1build1) ...
Linux Desktop Tests (1)	UNKNOWN STEP	2026-02-25T19:48:45.0993358Z Selecting previously unselected package libatk-bridge2.0-dev:amd64.
Linux Desktop Tests (1)	UNKNOWN STEP	2026-02-25T19:48:45.1155196Z Preparing to unpack .../048-libatk-bridge2.0-dev_2.52.0-1build1_amd64.deb ...
Linux Desktop Tests (1)	UNKNOWN STEP	2026-02-25T19:48:45.1165866Z Unpacking libatk-bridge2.0-dev:amd64 (2.52.0-1build1) ...
Linux Desktop Tests (1)	UNKNOWN STEP	2026-02-25T19:48:45.1379753Z Selecting previously unselected package libbrotli-dev:amd64.
Linux Desktop Tests (1)	UNKNOWN STEP	2026-02-25T19:48:45.1540644Z Preparing to unpack .../049-libbrotli-dev_1.1.0-2build2_amd64.deb ...
Linux Desktop Tests (1)	UNKNOWN STEP	2026-02-25T19:48:45.1551584Z Unpacking libbrotli-dev:amd64 (1.1.0-2build2) ...
Linux Desktop Tests (1)	UNKNOWN STEP	2026-02-25T19:48:45.1820420Z Selecting previously unselected package libbz2-dev:amd64.
Linux Desktop Tests (1)	UNKNOWN STEP	2026-02-25T19:48:45.1984580Z Preparing to unpack .../050-libbz2-dev_1.0.8-5.1build0.1_amd64.deb ...
Linux Desktop Tests (1)	UNKNOWN STEP	2026-02-25T19:48:45.1994703Z Unpacking libbz2-dev:amd64 (1.0.8-5.1build0.1) ...
Linux Desktop Tests (1)	UNKNOWN STEP	2026-02-25T19:48:45.2209108Z Selecting previously unselected package libcairo-script-interpreter2:amd64.
Linux Desktop Tests (1)	UNKNOWN STEP	2026-02-25T19:48:45.2372799Z Preparing to unpack .../051-libcairo-script-interpreter2_1.18.0-3build1_amd64.deb ...
Linux Desktop Tests (1)	UNKNOWN STEP	2026-02-25T19:48:45.2382123Z Unpacking libcairo-script-interpreter2:amd64 (1.18.0-3build1) ...
Linux Desktop Tests (1)	UNKNOWN STEP	2026-02-25T19:48:45.2596464Z Selecting previously unselected package libpng-dev:amd64.
Linux Desktop Tests (1)	UNKNOWN STEP	2026-02-25T19:48:45.2761132Z Preparing to unpack .../052-libpng-dev_1.6.43-5ubuntu0.5_amd64.deb ...
Linux Desktop Tests (1)	UNKNOWN STEP	2026-02-25T19:48:45.2770803Z Unpacking libpng-dev:amd64 (1.6.43-5ubuntu0.5) ...
Linux Desktop Tests (1)	UNKNOWN STEP	2026-02-25T19:48:45.3070788Z Selecting previously unselected package libfreetype-dev:amd64.
Linux Desktop Tests (1)	UNKNOWN STEP	2026-02-25T19:48:45.3239672Z Preparing to unpack .../053-libfreetype-dev_2.13.2+dfsg-1build3_amd64.deb ...
Linux Desktop Tests (1)	UNKNOWN STEP	2026-02-25T19:48:45.3248085Z Unpacking libfreetype-dev:amd64 (2.13.2+dfsg-1build3) ...
Linux Desktop Tests (1)	UNKNOWN STEP	2026-02-25T19:48:45.3605366Z Selecting previously unselected package libfontconfig-dev:amd64.
Linux Desktop Tests (1)	UNKNOWN STEP	2026-02-25T19:48:45.3773746Z Preparing to unpack .../054-libfontconfig-dev_2.15.0-1.1ubuntu2_amd64.deb ...
Linux Desktop Tests (1)	UNKNOWN STEP	2026-02-25T19:48:45.3782174Z Unpacking libfontconfig-dev:amd64 (2.15.0-1.1ubuntu2) ...
Linux Desktop Tests (1)	UNKNOWN STEP	2026-02-25T19:48:45.4031831Z Selecting previously unselected package libpixman-1-dev:amd64.
Linux Desktop Tests (1)	UNKNOWN STEP	2026-02-25T19:48:45.4203202Z Preparing to unpack .../055-libpixman-1-dev_0.42.2-1build1_amd64.deb ...
Linux Desktop Tests (1)	UNKNOWN STEP	2026-02-25T19:48:45.4211186Z Unpacking libpixman-1-dev:amd64 (0.42.2-1build1) ...
Linux Desktop Tests (1)	UNKNOWN STEP	2026-02-25T19:48:45.4473320Z Selecting previously unselected package libice-dev:amd64.
Linux Desktop Tests (1)	UNKNOWN STEP	2026-02-25T19:48:45.4640384Z Preparing to unpack .../056-libice-dev_2%3a1.0.10-1build3_amd64.deb ...
Linux Desktop Tests (1)	UNKNOWN STEP	2026-02-25T19:48:45.4649411Z Unpacking libice-dev:amd64 (2:1.0.10-1build3) ...
Linux Desktop Tests (1)	UNKNOWN STEP	2026-02-25T19:48:45.4877954Z Selecting previously unselected package libsm-dev:amd64.
Linux Desktop Tests (1)	UNKNOWN STEP	2026-02-25T19:48:45.5041925Z Preparing to unpack .../057-libsm-dev_2%3a1.2.3-1build3_amd64.deb ...
Linux Desktop Tests (1)	UNKNOWN STEP	2026-02-25T19:48:45.5050740Z Unpacking libsm-dev:amd64 (2:1.2.3-1build3) ...
Linux Desktop Tests (1)	UNKNOWN STEP	2026-02-25T19:48:45.5262192Z Selecting previously unselected package libxcb-render0-dev:amd64.
Linux Desktop Tests (1)	UNKNOWN STEP	2026-02-25T19:48:45.5427010Z Preparing to unpack .../058-libxcb-render0-dev_1.15-1ubuntu2_amd64.deb ...
Linux Desktop Tests (1)	UNKNOWN STEP	2026-02-25T19:48:45.5438877Z Unpacking libxcb-render0-dev:amd64 (1.15-1ubuntu2) ...
Linux Desktop Tests (1)	UNKNOWN STEP	2026-02-25T19:48:45.5647551Z Selecting previously unselected package libxcb-shm0-dev:amd64.
Linux Desktop Tests (1)	UNKNOWN STEP	2026-02-25T19:48:45.5813558Z Preparing to unpack .../059-libxcb-shm0-dev_1.15-1ubuntu2_amd64.deb ...
Linux Desktop Tests (1)	UNKNOWN STEP	2026-02-25T19:48:45.5823003Z Unpacking libxcb-shm0-dev:amd64 (1.15-1ubuntu2) ...
Linux Desktop Tests (1)	UNKNOWN STEP	2026-02-25T19:48:45.6029860Z Selecting previously unselected package libxrender-dev:amd64.
Linux Desktop Tests (1)	UNKNOWN STEP	2026-02-25T19:48:45.6192412Z Preparing to unpack .../060-libxrender-dev_1%3a0.9.10-1.1build1_amd64.deb ...
Linux Desktop Tests (1)	UNKNOWN STEP	2026-02-25T19:48:45.6201234Z Unpacking libxrender-dev:amd64 (1:0.9.10-1.1build1) ...
Linux Desktop Tests (1)	UNKNOWN STEP	2026-02-25T19:48:45.6417198Z Selecting previously unselected package libcairo2-dev:amd64.
Linux Desktop Tests (1)	UNKNOWN STEP	2026-02-25T19:48:45.6586141Z Preparing to unpack .../061-libcairo2-dev_1.18.0-3build1_amd64.deb ...
Linux Desktop Tests (1)	UNKNOWN STEP	2026-02-25T19:48:45.6594365Z Unpacking libcairo2-dev:amd64 (1.18.0-3build1) ...
Linux Desktop Tests (1)	UNKNOWN STEP	2026-02-25T19:48:45.6848032Z Selecting previously unselected package libdatrie-dev:amd64.
Linux Desktop Tests (1)	UNKNOWN STEP	2026-02-25T19:48:45.7010338Z Preparing to unpack .../062-libdatrie-dev_0.2.13-3build1_amd64.deb ...
Linux Desktop Tests (1)	UNKNOWN STEP	2026-02-25T19:48:45.7018976Z Unpacking libdatrie-dev:amd64 (0.2.13-3build1) ...
Linux Desktop Tests (1)	UNKNOWN STEP	2026-02-25T19:48:45.7224428Z Selecting previously unselected package libdeflate-dev:amd64.
Linux Desktop Tests (1)	UNKNOWN STEP	2026-02-25T19:48:45.7384805Z Preparing to unpack .../063-libdeflate-dev_1.19-1build1.1_amd64.deb ...
Linux Desktop Tests (1)	UNKNOWN STEP	2026-02-25T19:48:45.7392433Z Unpacking libdeflate-dev:amd64 (1.19-1build1.1) ...
Linux Desktop Tests (1)	UNKNOWN STEP	2026-02-25T19:48:45.7637016Z Selecting previously unselected package libegl-mesa0:amd64.
Linux Desktop Tests (1)	UNKNOWN STEP	2026-02-25T19:48:45.7797164Z Preparing to unpack .../064-libegl-mesa0_25.2.8-0ubuntu0.24.04.1_amd64.deb ...
Linux Desktop Tests (1)	UNKNOWN STEP	2026-02-25T19:48:45.7806294Z Unpacking libegl-mesa0:amd64 (25.2.8-0ubuntu0.24.04.1) ...
Linux Desktop Tests (1)	UNKNOWN STEP	2026-02-25T19:48:45.8045437Z Selecting previously unselected package libegl1:amd64.
Linux Desktop Tests (1)	UNKNOWN STEP	2026-02-25T19:48:45.8205647Z Preparing to unpack .../065-libegl1_1.7.0-1build1_amd64.deb ...
Linux Desktop Tests (1)	UNKNOWN STEP	2026-02-25T19:48:45.8213927Z Unpacking libegl1:amd64 (1.7.0-1build1) ...
Linux Desktop Tests (1)	UNKNOWN STEP	2026-02-25T19:48:45.8420446Z Selecting previously unselected package libglx-dev:amd64.
Linux Desktop Tests (1)	UNKNOWN STEP	2026-02-25T19:48:45.8580676Z Preparing to unpack .../066-libglx-dev_1.7.0-1build1_amd64.deb ...
Linux Desktop Tests (1)	UNKNOWN STEP	2026-02-25T19:48:45.8589460Z Unpacking libglx-dev:amd64 (1.7.0-1build1) ...
Linux Desktop Tests (1)	UNKNOWN STEP	2026-02-25T19:48:45.8815412Z Selecting previously unselected package libgl-dev:amd64.
Linux Desktop Tests (1)	UNKNOWN STEP	2026-02-25T19:48:45.8975362Z Preparing to unpack .../067-libgl-dev_1.7.0-1build1_amd64.deb ...
Linux Desktop Tests (1)	UNKNOWN STEP	2026-02-25T19:48:45.8985037Z Unpacking libgl-dev:amd64 (1.7.0-1build1) ...
Linux Desktop Tests (1)	UNKNOWN STEP	2026-02-25T19:48:45.9231736Z Selecting previously unselected package libegl-dev:amd64.
Linux Desktop Tests (1)	UNKNOWN STEP	2026-02-25T19:48:45.9390551Z Preparing to unpack .../068-libegl-dev_1.7.0-1build1_amd64.deb ...
Linux Desktop Tests (1)	UNKNOWN STEP	2026-02-25T19:48:45.9401095Z Unpacking libegl-dev:amd64 (1.7.0-1build1) ...
Linux Desktop Tests (1)	UNKNOWN STEP	2026-02-25T19:48:45.9605140Z Selecting previously unselected package libglvnd-core-dev:amd64.
Linux Desktop Tests (1)	UNKNOWN STEP	2026-02-25T19:48:45.9764472Z Preparing to unpack .../069-libglvnd-core-dev_1.7.0-1build1_amd64.deb ...
Linux Desktop Tests (1)	UNKNOWN STEP	2026-02-25T19:48:45.9772680Z Unpacking libglvnd-core-dev:amd64 (1.7.0-1build1) ...
Linux Desktop Tests (1)	UNKNOWN STEP	2026-02-25T19:48:45.9998332Z Selecting previously unselected package libgles1:amd64.
Linux Desktop Tests (1)	UNKNOWN STEP	2026-02-25T19:48:46.0159495Z Preparing to unpack .../070-libgles1_1.7.0-1build1_amd64.deb ...
Linux Desktop Tests (1)	UNKNOWN STEP	2026-02-25T19:48:46.0169397Z Unpacking libgles1:amd64 (1.7.0-1build1) ...
Linux Desktop Tests (1)	UNKNOWN STEP	2026-02-25T19:48:46.0386784Z Selecting previously unselected package libgles2:amd64.
Linux Desktop Tests (1)	UNKNOWN STEP	2026-02-25T19:48:46.0551022Z Preparing to unpack .../071-libgles2_1.7.0-1build1_amd64.deb ...
Linux Desktop Tests (1)	UNKNOWN STEP	2026-02-25T19:48:46.0559158Z Unpacking libgles2:amd64 (1.7.0-1build1) ...
Linux Desktop Tests (1)	UNKNOWN STEP	2026-02-25T19:48:46.0799290Z Selecting previously unselected package libgles-dev:amd64.
Linux Desktop Tests (1)	UNKNOWN STEP	2026-02-25T19:48:46.0961794Z Preparing to unpack .../072-libgles-dev_1.7.0-1build1_amd64.deb ...
Linux Desktop Tests (1)	UNKNOWN STEP	2026-02-25T19:48:46.0971508Z Unpacking libgles-dev:amd64 (1.7.0-1build1) ...
Linux Desktop Tests (1)	UNKNOWN STEP	2026-02-25T19:48:46.1236052Z Selecting previously unselected package libopengl0:amd64.
Linux Desktop Tests (1)	UNKNOWN STEP	2026-02-25T19:48:46.1399253Z Preparing to unpack .../073-libopengl0_1.7.0-1build1_amd64.deb ...
Linux Desktop Tests (1)	UNKNOWN STEP	2026-02-25T19:48:46.1408275Z Unpacking libopengl0:amd64 (1.7.0-1build1) ...
Linux Desktop Tests (1)	UNKNOWN STEP	2026-02-25T19:48:46.1625992Z Selecting previously unselected package libopengl-dev:amd64.
Linux Desktop Tests (1)	UNKNOWN STEP	2026-02-25T19:48:46.1788051Z Preparing to unpack .../074-libopengl-dev_1.7.0-1build1_amd64.deb ...
Linux Desktop Tests (1)	UNKNOWN STEP	2026-02-25T19:48:46.1796681Z Unpacking libopengl-dev:amd64 (1.7.0-1build1) ...
Linux Desktop Tests (1)	UNKNOWN STEP	2026-02-25T19:48:46.2000169Z Selecting previously unselected package libglvnd-dev:amd64.
Linux Desktop Tests (1)	UNKNOWN STEP	2026-02-25T19:48:46.2162085Z Preparing to unpack .../075-libglvnd-dev_1.7.0-1build1_amd64.deb ...
Linux Desktop Tests (1)	UNKNOWN STEP	2026-02-25T19:48:46.2170698Z Unpacking libglvnd-dev:amd64 (1.7.0-1build1) ...
Linux Desktop Tests (1)	UNKNOWN STEP	2026-02-25T19:48:46.2376775Z Selecting previously unselected package libegl1-mesa-dev:amd64.
Linux Desktop Tests (1)	UNKNOWN STEP	2026-02-25T19:48:46.2539712Z Preparing to unpack .../076-libegl1-mesa-dev_25.2.8-0ubuntu0.24.04.1_amd64.deb ...
Linux Desktop Tests (1)	UNKNOWN STEP	2026-02-25T19:48:46.2661834Z Unpacking libegl1-mesa-dev:amd64 (25.2.8-0ubuntu0.24.04.1) ...
Linux Desktop Tests (1)	UNKNOWN STEP	2026-02-25T19:48:46.2880983Z Selecting previously unselected package libepoxy-dev:amd64.
Linux Desktop Tests (1)	UNKNOWN STEP	2026-02-25T19:48:46.3042833Z Preparing to unpack .../077-libepoxy-dev_1.5.10-1build1_amd64.deb ...
Linux Desktop Tests (1)	UNKNOWN STEP	2026-02-25T19:48:46.3050056Z Unpacking libepoxy-dev:amd64 (1.5.10-1build1) ...
Linux Desktop Tests (1)	UNKNOWN STEP	2026-02-25T19:48:46.3318824Z Selecting previously unselected package libfribidi-dev:amd64.
Linux Desktop Tests (1)	UNKNOWN STEP	2026-02-25T19:48:46.3484147Z Preparing to unpack .../078-libfribidi-dev_1.0.13-3build1_amd64.deb ...
Linux Desktop Tests (1)	UNKNOWN STEP	2026-02-25T19:48:46.3491272Z Unpacking libfribidi-dev:amd64 (1.0.13-3build1) ...
Linux Desktop Tests (1)	UNKNOWN STEP	2026-02-25T19:48:46.3796569Z Selecting previously unselected package libgpg-error-dev.
Linux Desktop Tests (1)	UNKNOWN STEP	2026-02-25T19:48:46.3960292Z Preparing to unpack .../079-libgpg-error-dev_1.47-3build2.1_amd64.deb ...
Linux Desktop Tests (1)	UNKNOWN STEP	2026-02-25T19:48:46.3967993Z Unpacking libgpg-error-dev (1.47-3build2.1) ...
Linux Desktop Tests (1)	UNKNOWN STEP	2026-02-25T19:48:46.4217244Z Selecting previously unselected package libgcrypt20-dev.
Linux Desktop Tests (1)	UNKNOWN STEP	2026-02-25T19:48:46.4378931Z Preparing to unpack .../080-libgcrypt20-dev_1.10.3-2build1_amd64.deb ...
Linux Desktop Tests (1)	UNKNOWN STEP	2026-02-25T19:48:46.4388291Z Unpacking libgcrypt20-dev (1.10.3-2build1) ...
Linux Desktop Tests (1)	UNKNOWN STEP	2026-02-25T19:48:46.4708435Z Selecting previously unselected package libgdk-pixbuf2.0-bin.
Linux Desktop Tests (1)	UNKNOWN STEP	2026-02-25T19:48:46.4871091Z Preparing to unpack .../081-libgdk-pixbuf2.0-bin_2.42.10+dfsg-3ubuntu3.2_amd64.deb ...
Linux Desktop Tests (1)	UNKNOWN STEP	2026-02-25T19:48:46.4878414Z Unpacking libgdk-pixbuf2.0-bin (2.42.10+dfsg-3ubuntu3.2) ...
Linux Desktop Tests (1)	UNKNOWN STEP	2026-02-25T19:48:46.5113710Z Selecting previously unselected package libjpeg-turbo8-dev:amd64.
Linux Desktop Tests (1)	UNKNOWN STEP	2026-02-25T19:48:46.5279814Z Preparing to unpack .../082-libjpeg-turbo8-dev_2.1.5-2ubuntu2_amd64.deb ...
Linux Desktop Tests (1)	UNKNOWN STEP	2026-02-25T19:48:46.5287597Z Unpacking libjpeg-turbo8-dev:amd64 (2.1.5-2ubuntu2) ...
Linux Desktop Tests (1)	UNKNOWN STEP	2026-02-25T19:48:46.5543967Z Selecting previously unselected package libjpeg8-dev:amd64.
Linux Desktop Tests (1)	UNKNOWN STEP	2026-02-25T19:48:46.5711366Z Preparing to unpack .../083-libjpeg8-dev_8c-2ubuntu11_amd64.deb ...
Linux Desktop Tests (1)	UNKNOWN STEP	2026-02-25T19:48:46.5729712Z Unpacking libjpeg8-dev:amd64 (8c-2ubuntu11) ...
Linux Desktop Tests (1)	UNKNOWN STEP	2026-02-25T19:48:46.5945612Z Selecting previously unselected package libjpeg-dev:amd64.
Linux Desktop Tests (1)	UNKNOWN STEP	2026-02-25T19:48:46.6111232Z Preparing to unpack .../084-libjpeg-dev_8c-2ubuntu11_amd64.deb ...
Linux Desktop Tests (1)	UNKNOWN STEP	2026-02-25T19:48:46.6120354Z Unpacking libjpeg-dev:amd64 (8c-2ubuntu11) ...
Linux Desktop Tests (1)	UNKNOWN STEP	2026-02-25T19:48:46.6313899Z Selecting previously unselected package libjbig-dev:amd64.
Linux Desktop Tests (1)	UNKNOWN STEP	2026-02-25T19:48:46.6474916Z Preparing to unpack .../085-libjbig-dev_2.1-6.1ubuntu2_amd64.deb ...
Linux Desktop Tests (1)	UNKNOWN STEP	2026-02-25T19:48:46.6482406Z Unpacking libjbig-dev:amd64 (2.1-6.1ubuntu2) ...
Linux Desktop Tests (1)	UNKNOWN STEP	2026-02-25T19:48:46.6685713Z Selecting previously unselected package liblzma-dev:amd64.
Linux Desktop Tests (1)	UNKNOWN STEP	2026-02-25T19:48:46.6847002Z Preparing to unpack .../086-liblzma-dev_5.6.1+really5.4.5-1ubuntu0.2_amd64.deb ...
Linux Desktop Tests (1)	UNKNOWN STEP	2026-02-25T19:48:46.6855054Z Unpacking liblzma-dev:amd64 (5.6.1+really5.4.5-1ubuntu0.2) ...
Linux Desktop Tests (1)	UNKNOWN STEP	2026-02-25T19:48:46.7140405Z Selecting previously unselected package libwebpdecoder3:amd64.
Linux Desktop Tests (1)	UNKNOWN STEP	2026-02-25T19:48:46.7302212Z Preparing to unpack .../087-libwebpdecoder3_1.3.2-0.4build3_amd64.deb ...
Linux Desktop Tests (1)	UNKNOWN STEP	2026-02-25T19:48:46.7312519Z Unpacking libwebpdecoder3:amd64 (1.3.2-0.4build3) ...
Linux Desktop Tests (1)	UNKNOWN STEP	2026-02-25T19:48:46.7540257Z Selecting previously unselected package libsharpyuv-dev:amd64.
Linux Desktop Tests (1)	UNKNOWN STEP	2026-02-25T19:48:46.7702792Z Preparing to unpack .../088-libsharpyuv-dev_1.3.2-0.4build3_amd64.deb ...
Linux Desktop Tests (1)	UNKNOWN STEP	2026-02-25T19:48:46.7713166Z Unpacking libsharpyuv-dev:amd64 (1.3.2-0.4build3) ...
Linux Desktop Tests (1)	UNKNOWN STEP	2026-02-25T19:48:46.7929189Z Selecting previously unselected package libwebp-dev:amd64.
Linux Desktop Tests (1)	UNKNOWN STEP	2026-02-25T19:48:46.8093275Z Preparing to unpack .../089-libwebp-dev_1.3.2-0.4build3_amd64.deb ...
Linux Desktop Tests (1)	UNKNOWN STEP	2026-02-25T19:48:46.8103129Z Unpacking libwebp-dev:amd64 (1.3.2-0.4build3) ...
Linux Desktop Tests (1)	UNKNOWN STEP	2026-02-25T19:48:46.8439580Z Selecting previously unselected package libtiffxx6:amd64.
Linux Desktop Tests (1)	UNKNOWN STEP	2026-02-25T19:48:46.8606415Z Preparing to unpack .../090-libtiffxx6_4.5.1+git230720-4ubuntu2.4_amd64.deb ...
Linux Desktop Tests (1)	UNKNOWN STEP	2026-02-25T19:48:46.8615593Z Unpacking libtiffxx6:amd64 (4.5.1+git230720-4ubuntu2.4) ...
Linux Desktop Tests (1)	UNKNOWN STEP	2026-02-25T19:48:46.8833671Z Selecting previously unselected package liblerc-dev:amd64.
Linux Desktop Tests (1)	UNKNOWN STEP	2026-02-25T19:48:46.8996325Z Preparing to unpack .../091-liblerc-dev_4.0.0+ds-4ubuntu2_amd64.deb ...
Linux Desktop Tests (1)	UNKNOWN STEP	2026-02-25T19:48:46.9004095Z Unpacking liblerc-dev:amd64 (4.0.0+ds-4ubuntu2) ...
Linux Desktop Tests (1)	UNKNOWN STEP	2026-02-25T19:48:46.9255161Z Selecting previously unselected package libtiff-dev:amd64.
Linux Desktop Tests (1)	UNKNOWN STEP	2026-02-25T19:48:46.9419432Z Preparing to unpack .../092-libtiff-dev_4.5.1+git230720-4ubuntu2.4_amd64.deb ...
Linux Desktop Tests (1)	UNKNOWN STEP	2026-02-25T19:48:46.9427895Z Unpacking libtiff-dev:amd64 (4.5.1+git230720-4ubuntu2.4) ...
Linux Desktop Tests (1)	UNKNOWN STEP	2026-02-25T19:48:46.9783460Z Selecting previously unselected package libgdk-pixbuf-2.0-dev:amd64.
Linux Desktop Tests (1)	UNKNOWN STEP	2026-02-25T19:48:46.9947167Z Preparing to unpack .../093-libgdk-pixbuf-2.0-dev_2.42.10+dfsg-3ubuntu3.2_amd64.deb ...
Linux Desktop Tests (1)	UNKNOWN STEP	2026-02-25T19:48:46.9956061Z Unpacking libgdk-pixbuf-2.0-dev:amd64 (2.42.10+dfsg-3ubuntu3.2) ...
Linux Desktop Tests (1)	UNKNOWN STEP	2026-02-25T19:48:47.0212232Z Selecting previously unselected package libgles2-mesa-dev:amd64.
Linux Desktop Tests (1)	UNKNOWN STEP	2026-02-25T19:48:47.0375888Z Preparing to unpack .../094-libgles2-mesa-dev_25.2.8-0ubuntu0.24.04.1_amd64.deb ...
Linux Desktop Tests (1)	UNKNOWN STEP	2026-02-25T19:48:47.0384957Z Unpacking libgles2-mesa-dev:amd64 (25.2.8-0ubuntu0.24.04.1) ...
Linux Desktop Tests (1)	UNKNOWN STEP	2026-02-25T19:48:47.0596219Z Selecting previously unselected package libgraphite2-dev:amd64.
Linux Desktop Tests (1)	UNKNOWN STEP	2026-02-25T19:48:47.0759418Z Preparing to unpack .../095-libgraphite2-dev_1.3.14-2build1_amd64.deb ...
Linux Desktop Tests (1)	UNKNOWN STEP	2026-02-25T19:48:47.0766957Z Unpacking libgraphite2-dev:amd64 (1.3.14-2build1) ...
Linux Desktop Tests (1)	UNKNOWN STEP	2026-02-25T19:48:47.0984670Z Selecting previously unselected package libharfbuzz-icu0:amd64.
Linux Desktop Tests (1)	UNKNOWN STEP	2026-02-25T19:48:47.1145832Z Preparing to unpack .../096-libharfbuzz-icu0_8.3.0-2build2_amd64.deb ...
Linux Desktop Tests (1)	UNKNOWN STEP	2026-02-25T19:48:47.1155253Z Unpacking libharfbuzz-icu0:amd64 (8.3.0-2build2) ...
Linux Desktop Tests (1)	UNKNOWN STEP	2026-02-25T19:48:47.1369077Z Selecting previously unselected package libharfbuzz-subset0:amd64.
Linux Desktop Tests (1)	UNKNOWN STEP	2026-02-25T19:48:47.1529346Z Preparing to unpack .../097-libharfbuzz-subset0_8.3.0-2build2_amd64.deb ...
Linux Desktop Tests (1)	UNKNOWN STEP	2026-02-25T19:48:47.1538073Z Unpacking libharfbuzz-subset0:amd64 (8.3.0-2build2) ...
Linux Desktop Tests (1)	UNKNOWN STEP	2026-02-25T19:48:47.1801345Z Selecting previously unselected package libharfbuzz-cairo0:amd64.
Linux Desktop Tests (1)	UNKNOWN STEP	2026-02-25T19:48:47.1961634Z Preparing to unpack .../098-libharfbuzz-cairo0_8.3.0-2build2_amd64.deb ...
Linux Desktop Tests (1)	UNKNOWN STEP	2026-02-25T19:48:47.1969855Z Unpacking libharfbuzz-cairo0:amd64 (8.3.0-2build2) ...
Linux Desktop Tests (1)	UNKNOWN STEP	2026-02-25T19:48:47.2169530Z Selecting previously unselected package libharfbuzz-dev:amd64.
Linux Desktop Tests (1)	UNKNOWN STEP	2026-02-25T19:48:47.2328965Z Preparing to unpack .../099-libharfbuzz-dev_8.3.0-2build2_amd64.deb ...
Linux Desktop Tests (1)	UNKNOWN STEP	2026-02-25T19:48:47.2336942Z Unpacking libharfbuzz-dev:amd64 (8.3.0-2build2) ...
Linux Desktop Tests (1)	UNKNOWN STEP	2026-02-25T19:48:47.2664328Z Selecting previously unselected package libthai-dev:amd64.
Linux Desktop Tests (1)	UNKNOWN STEP	2026-02-25T19:48:47.2824167Z Preparing to unpack .../100-libthai-dev_0.1.29-2build1_amd64.deb ...
Linux Desktop Tests (1)	UNKNOWN STEP	2026-02-25T19:48:47.2833985Z Unpacking libthai-dev:amd64 (0.1.29-2build1) ...
Linux Desktop Tests (1)	UNKNOWN STEP	2026-02-25T19:48:47.3070985Z Selecting previously unselected package libxft-dev:amd64.
Linux Desktop Tests (1)	UNKNOWN STEP	2026-02-25T19:48:47.3229509Z Preparing to unpack .../101-libxft-dev_2.3.6-1build1_amd64.deb ...
Linux Desktop Tests (1)	UNKNOWN STEP	2026-02-25T19:48:47.3238678Z Unpacking libxft-dev:amd64 (2.3.6-1build1) ...
Linux Desktop Tests (1)	UNKNOWN STEP	2026-02-25T19:48:47.3515160Z Selecting previously unselected package pango1.0-tools.
Linux Desktop Tests (1)	UNKNOWN STEP	2026-02-25T19:48:47.3673291Z Preparing to unpack .../102-pango1.0-tools_1.52.1+ds-1build1_amd64.deb ...
Linux Desktop Tests (1)	UNKNOWN STEP	2026-02-25T19:48:47.3681788Z Unpacking pango1.0-tools (1.52.1+ds-1build1) ...
Linux Desktop Tests (1)	UNKNOWN STEP	2026-02-25T19:48:47.3895622Z Selecting previously unselected package libpango1.0-dev:amd64.
Linux Desktop Tests (1)	UNKNOWN STEP	2026-02-25T19:48:47.4056713Z Preparing to unpack .../103-libpango1.0-dev_1.52.1+ds-1build1_amd64.deb ...
Linux Desktop Tests (1)	UNKNOWN STEP	2026-02-25T19:48:47.4065462Z Unpacking libpango1.0-dev:amd64 (1.52.1+ds-1build1) ...
Linux Desktop Tests (1)	UNKNOWN STEP	2026-02-25T19:48:47.4422636Z Selecting previously unselected package libwayland-server0:amd64.
Linux Desktop Tests (1)	UNKNOWN STEP	2026-02-25T19:48:47.4586815Z Preparing to unpack .../104-libwayland-server0_1.22.0-2.1build1_amd64.deb ...
Linux Desktop Tests (1)	UNKNOWN STEP	2026-02-25T19:48:47.4596591Z Unpacking libwayland-server0:amd64 (1.22.0-2.1build1) ...
Linux Desktop Tests (1)	UNKNOWN STEP	2026-02-25T19:48:47.4804626Z Selecting previously unselected package libwayland-bin.
Linux Desktop Tests (1)	UNKNOWN STEP	2026-02-25T19:48:47.4968487Z Preparing to unpack .../105-libwayland-bin_1.22.0-2.1build1_amd64.deb ...
Linux Desktop Tests (1)	UNKNOWN STEP	2026-02-25T19:48:47.4977069Z Unpacking libwayland-bin (1.22.0-2.1build1) ...
Linux Desktop Tests (1)	UNKNOWN STEP	2026-02-25T19:48:47.5187630Z Selecting previously unselected package libwayland-dev:amd64.
Linux Desktop Tests (1)	UNKNOWN STEP	2026-02-25T19:48:47.5350715Z Preparing to unpack .../106-libwayland-dev_1.22.0-2.1build1_amd64.deb ...
Linux Desktop Tests (1)	UNKNOWN STEP	2026-02-25T19:48:47.5358142Z Unpacking libwayland-dev:amd64 (1.22.0-2.1build1) ...
Linux Desktop Tests (1)	UNKNOWN STEP	2026-02-25T19:48:47.5611221Z Selecting previously unselected package libxcomposite-dev:amd64.
Linux Desktop Tests (1)	UNKNOWN STEP	2026-02-25T19:48:47.5775980Z Preparing to unpack .../107-libxcomposite-dev_1%3a0.4.5-1build3_amd64.deb ...
Linux Desktop Tests (1)	UNKNOWN STEP	2026-02-25T19:48:47.5784381Z Unpacking libxcomposite-dev:amd64 (1:0.4.5-1build3) ...
Linux Desktop Tests (1)	UNKNOWN STEP	2026-02-25T19:48:47.6008807Z Selecting previously unselected package libxcursor-dev:amd64.
Linux Desktop Tests (1)	UNKNOWN STEP	2026-02-25T19:48:47.6176639Z Preparing to unpack .../108-libxcursor-dev_1%3a1.2.1-1build1_amd64.deb ...
Linux Desktop Tests (1)	UNKNOWN STEP	2026-02-25T19:48:47.6185248Z Unpacking libxcursor-dev:amd64 (1:1.2.1-1build1) ...
Linux Desktop Tests (1)	UNKNOWN STEP	2026-02-25T19:48:47.6462065Z Selecting previously unselected package libxdamage-dev:amd64.
Linux Desktop Tests (1)	UNKNOWN STEP	2026-02-25T19:48:47.6623440Z Preparing to unpack .../109-libxdamage-dev_1%3a1.1.6-1build1_amd64.deb ...
Linux Desktop Tests (1)	UNKNOWN STEP	2026-02-25T19:48:47.6631604Z Unpacking libxdamage-dev:amd64 (1:1.1.6-1build1) ...
Linux Desktop Tests (1)	UNKNOWN STEP	2026-02-25T19:48:47.6844097Z Selecting previously unselected package libxinerama-dev:amd64.
Linux Desktop Tests (1)	UNKNOWN STEP	2026-02-25T19:48:47.7005275Z Preparing to unpack .../110-libxinerama-dev_2%3a1.1.4-3build1_amd64.deb ...
Linux Desktop Tests (1)	UNKNOWN STEP	2026-02-25T19:48:47.7012829Z Unpacking libxinerama-dev:amd64 (2:1.1.4-3build1) ...
Linux Desktop Tests (1)	UNKNOWN STEP	2026-02-25T19:48:47.7231897Z Selecting previously unselected package libxkbcommon-dev:amd64.
Linux Desktop Tests (1)	UNKNOWN STEP	2026-02-25T19:48:47.7393758Z Preparing to unpack .../111-libxkbcommon-dev_1.6.0-1build1_amd64.deb ...
Linux Desktop Tests (1)	UNKNOWN STEP	2026-02-25T19:48:47.7401859Z Unpacking libxkbcommon-dev:amd64 (1.6.0-1build1) ...
Linux Desktop Tests (1)	UNKNOWN STEP	2026-02-25T19:48:47.7629148Z Selecting previously unselected package libxrandr-dev:amd64.
Linux Desktop Tests (1)	UNKNOWN STEP	2026-02-25T19:48:47.7790923Z Preparing to unpack .../112-libxrandr-dev_2%3a1.5.2-2build1_amd64.deb ...
Linux Desktop Tests (1)	UNKNOWN STEP	2026-02-25T19:48:47.7801237Z Unpacking libxrandr-dev:amd64 (2:1.5.2-2build1) ...
Linux Desktop Tests (1)	UNKNOWN STEP	2026-02-25T19:48:47.8037467Z Selecting previously unselected package wayland-protocols.
Linux Desktop Tests (1)	UNKNOWN STEP	2026-02-25T19:48:47.8197476Z Preparing to unpack .../113-wayland-protocols_1.45-1~ubuntu0.24.04.1_all.deb ...
Linux Desktop Tests (1)	UNKNOWN STEP	2026-02-25T19:48:47.8204886Z Unpacking wayland-protocols (1.45-1~ubuntu0.24.04.1) ...
Linux Desktop Tests (1)	UNKNOWN STEP	2026-02-25T19:48:47.8591211Z Selecting previously unselected package libgtk-3-dev:amd64.
Linux Desktop Tests (1)	UNKNOWN STEP	2026-02-25T19:48:47.8752192Z Preparing to unpack .../114-libgtk-3-dev_3.24.41-4ubuntu1.3_amd64.deb ...
Linux Desktop Tests (1)	UNKNOWN STEP	2026-02-25T19:48:47.8761855Z Unpacking libgtk-3-dev:amd64 (3.24.41-4ubuntu1.3) ...
Linux Desktop Tests (1)	UNKNOWN STEP	2026-02-25T19:48:48.0066435Z Selecting previously unselected package libpng-tools.
Linux Desktop Tests (1)	UNKNOWN STEP	2026-02-25T19:48:48.0232326Z Preparing to unpack .../115-libpng-tools_1.6.43-5ubuntu0.5_amd64.deb ...
Linux Desktop Tests (1)	UNKNOWN STEP	2026-02-25T19:48:48.0240152Z Unpacking libpng-tools (1.6.43-5ubuntu0.5) ...
Linux Desktop Tests (1)	UNKNOWN STEP	2026-02-25T19:48:48.0455693Z Selecting previously unselected package libsecret-1-dev:amd64.
Linux Desktop Tests (1)	UNKNOWN STEP	2026-02-25T19:48:48.0619683Z Preparing to unpack .../116-libsecret-1-dev_0.21.4-1build3_amd64.deb ...
Linux Desktop Tests (1)	UNKNOWN STEP	2026-02-25T19:48:48.0627567Z Unpacking libsecret-1-dev:amd64 (0.21.4-1build3) ...
Linux Desktop Tests (1)	UNKNOWN STEP	2026-02-25T19:48:48.1452600Z Selecting previously unselected package ninja-build.
Linux Desktop Tests (1)	UNKNOWN STEP	2026-02-25T19:48:48.1617922Z Preparing to unpack .../117-ninja-build_1.11.1-2_amd64.deb ...
Linux Desktop Tests (1)	UNKNOWN STEP	2026-02-25T19:48:48.1625880Z Unpacking ninja-build (1.11.1-2) ...
Linux Desktop Tests (1)	UNKNOWN STEP	2026-02-25T19:48:48.1880624Z Selecting previously unselected package libgl1-mesa-dev:amd64.
Linux Desktop Tests (1)	UNKNOWN STEP	2026-02-25T19:48:48.2043272Z Preparing to unpack .../118-libgl1-mesa-dev_25.2.8-0ubuntu0.24.04.1_amd64.deb ...
Linux Desktop Tests (1)	UNKNOWN STEP	2026-02-25T19:48:48.2051235Z Unpacking libgl1-mesa-dev:amd64 (25.2.8-0ubuntu0.24.04.1) ...
Linux Desktop Tests (1)	UNKNOWN STEP	2026-02-25T19:48:48.2257096Z Selecting previously unselected package libjsoncpp-dev:amd64.
Linux Desktop Tests (1)	UNKNOWN STEP	2026-02-25T19:48:48.2420872Z Preparing to unpack .../119-libjsoncpp-dev_1.9.5-6build1_amd64.deb ...
Linux Desktop Tests (1)	UNKNOWN STEP	2026-02-25T19:48:48.2429970Z Unpacking libjsoncpp-dev:amd64 (1.9.5-6build1) ...
Linux Desktop Tests (1)	UNKNOWN STEP	2026-02-25T19:48:48.2930959Z Setting up libcairo-script-interpreter2:amd64 (1.18.0-3build1) ...
Linux Desktop Tests (1)	UNKNOWN STEP	2026-02-25T19:48:48.2954929Z Setting up bzip2-doc (1.0.8-5.1build0.1) ...
Linux Desktop Tests (1)	UNKNOWN STEP	2026-02-25T19:48:48.2977172Z Setting up libwayland-server0:amd64 (1.22.0-2.1build1) ...
Linux Desktop Tests (1)	UNKNOWN STEP	2026-02-25T19:48:48.2999049Z Setting up libjpeg-turbo8-dev:amd64 (2.1.5-2ubuntu2) ...
Linux Desktop Tests (1)	UNKNOWN STEP	2026-02-25T19:48:48.3019349Z Setting up libharfbuzz-icu0:amd64 (8.3.0-2build2) ...
Linux Desktop Tests (1)	UNKNOWN STEP	2026-02-25T19:48:48.3039447Z Setting up libpixman-1-dev:amd64 (0.42.2-1build1) ...
Linux Desktop Tests (1)	UNKNOWN STEP	2026-02-25T19:48:48.3064275Z Setting up libglvnd-core-dev:amd64 (1.7.0-1build1) ...
Linux Desktop Tests (1)	UNKNOWN STEP	2026-02-25T19:48:48.3084677Z Setting up libfribidi-dev:amd64 (1.0.13-3build1) ...
Linux Desktop Tests (1)	UNKNOWN STEP	2026-02-25T19:48:48.3106540Z Setting up libxkbcommon-dev:amd64 (1.6.0-1build1) ...
Linux Desktop Tests (1)	UNKNOWN STEP	2026-02-25T19:48:48.3132815Z Setting up libjbig-dev:amd64 (2.1-6.1ubuntu2) ...
Linux Desktop Tests (1)	UNKNOWN STEP	2026-02-25T19:48:48.3155854Z Setting up libwebpdecoder3:amd64 (1.3.2-0.4build3) ...
Linux Desktop Tests (1)	UNKNOWN STEP	2026-02-25T19:48:48.3179529Z Setting up libpthread-stubs0-dev:amd64 (0.4-1build3) ...
Linux Desktop Tests (1)	UNKNOWN STEP	2026-02-25T19:48:48.3203550Z Setting up libopengl0:amd64 (1.7.0-1build1) ...
Linux Desktop Tests (1)	UNKNOWN STEP	2026-02-25T19:48:48.3228982Z Setting up ninja-build (1.11.1-2) ...
Linux Desktop Tests (1)	UNKNOWN STEP	2026-02-25T19:48:48.3249863Z Setting up xtrans-dev (1.4.0-1) ...
Linux Desktop Tests (1)	UNKNOWN STEP	2026-02-25T19:48:48.3273339Z Setting up libwayland-bin (1.22.0-2.1build1) ...
Linux Desktop Tests (1)	UNKNOWN STEP	2026-02-25T19:48:48.3299439Z Setting up libgraphite2-dev:amd64 (1.3.14-2build1) ...
Linux Desktop Tests (1)	UNKNOWN STEP	2026-02-25T19:48:48.3321804Z Setting up libglib2.0-0t64:amd64 (2.80.0-6ubuntu3.8) ...
Linux Desktop Tests (1)	UNKNOWN STEP	2026-02-25T19:48:48.3472835Z Setting up libegl-mesa0:amd64 (25.2.8-0ubuntu0.24.04.1) ...
Linux Desktop Tests (1)	UNKNOWN STEP	2026-02-25T19:48:48.3492201Z Setting up libglib2.0-data (2.80.0-6ubuntu3.8) ...
Linux Desktop Tests (1)	UNKNOWN STEP	2026-02-25T19:48:48.3514634Z Setting up libgles2:amd64 (1.7.0-1build1) ...
Linux Desktop Tests (1)	UNKNOWN STEP	2026-02-25T19:48:48.3535151Z Setting up libharfbuzz-cairo0:amd64 (8.3.0-2build2) ...
Linux Desktop Tests (1)	UNKNOWN STEP	2026-02-25T19:48:48.3558785Z Setting up libdbus-1-dev:amd64 (1.14.10-4ubuntu4.1) ...
Linux Desktop Tests (1)	UNKNOWN STEP	2026-02-25T19:48:48.5077782Z Setting up libgpg-error-dev (1.47-3build2.1) ...
Linux Desktop Tests (1)	UNKNOWN STEP	2026-02-25T19:48:48.5102272Z Setting up uuid-dev:amd64 (2.39.3-9ubuntu6.4) ...
Linux Desktop Tests (1)	UNKNOWN STEP	2026-02-25T19:48:48.5126422Z Setting up clang (1:18.0-59~exp2) ...
Linux Desktop Tests (1)	UNKNOWN STEP	2026-02-25T19:48:48.5360845Z Setting up libgles1:amd64 (1.7.0-1build1) ...
Linux Desktop Tests (1)	UNKNOWN STEP	2026-02-25T19:48:48.5382507Z Setting up libpng16-16t64:amd64 (1.6.43-5ubuntu0.5) ...
Linux Desktop Tests (1)	UNKNOWN STEP	2026-02-25T19:48:48.5405292Z Setting up libjsoncpp25:amd64 (1.9.5-6build1) ...
Linux Desktop Tests (1)	UNKNOWN STEP	2026-02-25T19:48:48.5424423Z Setting up libsepol-dev:amd64 (3.5-2build1) ...
Linux Desktop Tests (1)	UNKNOWN STEP	2026-02-25T19:48:48.5447700Z Setting up gir1.2-glib-2.0:amd64 (2.80.0-6ubuntu3.8) ...
Linux Desktop Tests (1)	UNKNOWN STEP	2026-02-25T19:48:48.5470247Z Setting up liblerc-dev:amd64 (4.0.0+ds-4ubuntu2) ...
Linux Desktop Tests (1)	UNKNOWN STEP	2026-02-25T19:48:48.5493035Z Setting up liblzma-dev:amd64 (5.6.1+really5.4.5-1ubuntu0.2) ...
Linux Desktop Tests (1)	UNKNOWN STEP	2026-02-25T19:48:48.5516763Z Setting up wayland-protocols (1.45-1~ubuntu0.24.04.1) ...
Linux Desktop Tests (1)	UNKNOWN STEP	2026-02-25T19:48:48.5536673Z Setting up libdatrie-dev:amd64 (0.2.13-3build1) ...
Linux Desktop Tests (1)	UNKNOWN STEP	2026-02-25T19:48:48.5559634Z Setting up gir1.2-glib-2.0-dev:amd64 (2.80.0-6ubuntu3.8) ...
Linux Desktop Tests (1)	UNKNOWN STEP	2026-02-25T19:48:48.5580806Z Setting up libgdk-pixbuf2.0-bin (2.42.10+dfsg-3ubuntu3.2) ...
Linux Desktop Tests (1)	UNKNOWN STEP	2026-02-25T19:48:48.5601149Z Setting up librhash0:amd64 (1.4.3-3build1) ...
Linux Desktop Tests (1)	UNKNOWN STEP	2026-02-25T19:48:48.5625681Z Setting up libegl1:amd64 (1.7.0-1build1) ...
Linux Desktop Tests (1)	UNKNOWN STEP	2026-02-25T19:48:48.5675862Z Setting up libharfbuzz-subset0:amd64 (8.3.0-2build2) ...
Linux Desktop Tests (1)	UNKNOWN STEP	2026-02-25T19:48:48.5698167Z Setting up xorg-sgml-doctools (1:1.11-1.1) ...
Linux Desktop Tests (1)	UNKNOWN STEP	2026-02-25T19:48:48.5720510Z Setting up cmake-data (3.28.3-1build7) ...
Linux Desktop Tests (1)	UNKNOWN STEP	2026-02-25T19:48:48.5787797Z Setting up libopengl-dev:amd64 (1.7.0-1build1) ...
Linux Desktop Tests (1)	UNKNOWN STEP	2026-02-25T19:48:48.5812216Z Setting up libjpeg8-dev:amd64 (8c-2ubuntu11) ...
Linux Desktop Tests (1)	UNKNOWN STEP	2026-02-25T19:48:48.5831649Z Setting up libsharpyuv-dev:amd64 (1.3.2-0.4build3) ...
Linux Desktop Tests (1)	UNKNOWN STEP	2026-02-25T19:48:48.5853377Z Setting up libtiffxx6:amd64 (4.5.1+git230720-4ubuntu2.4) ...
Linux Desktop Tests (1)	UNKNOWN STEP	2026-02-25T19:48:48.5875096Z Setting up libdeflate-dev:amd64 (1.19-1build1.1) ...
Linux Desktop Tests (1)	UNKNOWN STEP	2026-02-25T19:48:48.5895111Z Setting up libbrotli-dev:amd64 (1.1.0-2build2) ...
Linux Desktop Tests (1)	UNKNOWN STEP	2026-02-25T19:48:48.5916575Z Setting up libsecret-common (0.21.4-1build3) ...
Linux Desktop Tests (1)	UNKNOWN STEP	2026-02-25T19:48:48.5937419Z Setting up libbz2-dev:amd64 (1.0.8-5.1build0.1) ...
Linux Desktop Tests (1)	UNKNOWN STEP	2026-02-25T19:48:48.5962712Z Setting up libglib2.0-dev-bin (2.80.0-6ubuntu3.8) ...
Linux Desktop Tests (1)	UNKNOWN STEP	2026-02-25T19:48:48.7558978Z Setting up libblkid-dev:amd64 (2.39.3-9ubuntu6.4) ...
Linux Desktop Tests (1)	UNKNOWN STEP	2026-02-25T19:48:48.7581624Z Setting up libjsoncpp-dev:amd64 (1.9.5-6build1) ...
Linux Desktop Tests (1)	UNKNOWN STEP	2026-02-25T19:48:48.7603059Z Setting up gir1.2-freedesktop:amd64 (1.80.1-1) ...
Linux Desktop Tests (1)	UNKNOWN STEP	2026-02-25T19:48:48.7624619Z Setting up libpangoxft-1.0-0:amd64 (1.52.1+ds-1build1) ...
Linux Desktop Tests (1)	UNKNOWN STEP	2026-02-25T19:48:48.7647125Z Setting up gir1.2-gdkpixbuf-2.0:amd64 (2.42.10+dfsg-3ubuntu3.2) ...
Linux Desktop Tests (1)	UNKNOWN STEP	2026-02-25T19:48:48.7666028Z Setting up libpng-tools (1.6.43-5ubuntu0.5) ...
Linux Desktop Tests (1)	UNKNOWN STEP	2026-02-25T19:48:48.7687574Z Setting up libgirepository-2.0-0:amd64 (2.80.0-6ubuntu3.8) ...
Linux Desktop Tests (1)	UNKNOWN STEP	2026-02-25T19:48:48.7711616Z Setting up gir1.2-atk-1.0:amd64 (2.52.0-1build1) ...
Linux Desktop Tests (1)	UNKNOWN STEP	2026-02-25T19:48:48.7731977Z Setting up libselinux1-dev:amd64 (3.5-2ubuntu2.1) ...
Linux Desktop Tests (1)	UNKNOWN STEP	2026-02-25T19:48:48.7754610Z Setting up libpng-dev:amd64 (1.6.43-5ubuntu0.5) ...
Linux Desktop Tests (1)	UNKNOWN STEP	2026-02-25T19:48:48.7778796Z Setting up pango1.0-tools (1.52.1+ds-1build1) ...
Linux Desktop Tests (1)	UNKNOWN STEP	2026-02-25T19:48:48.7799247Z Setting up libjpeg-dev:amd64 (8c-2ubuntu11) ...
Linux Desktop Tests (1)	UNKNOWN STEP	2026-02-25T19:48:48.7823322Z Setting up libglib2.0-bin (2.80.0-6ubuntu3.8) ...
Linux Desktop Tests (1)	UNKNOWN STEP	2026-02-25T19:48:48.7843518Z Setting up libharfbuzz-gobject0:amd64 (8.3.0-2build2) ...
Linux Desktop Tests (1)	UNKNOWN STEP	2026-02-25T19:48:48.7884696Z Setting up gir1.2-atspi-2.0:amd64 (2.52.0-1build1) ...
Linux Desktop Tests (1)	UNKNOWN STEP	2026-02-25T19:48:48.7907900Z Setting up libwayland-dev:amd64 (1.22.0-2.1build1) ...
Linux Desktop Tests (1)	UNKNOWN STEP	2026-02-25T19:48:48.7928763Z Setting up gir1.2-harfbuzz-0.0:amd64 (8.3.0-2build2) ...
Linux Desktop Tests (1)	UNKNOWN STEP	2026-02-25T19:48:48.7951303Z Setting up libfreetype-dev:amd64 (2.13.2+dfsg-1build3) ...
Linux Desktop Tests (1)	UNKNOWN STEP	2026-02-25T19:48:48.7974285Z Setting up gir1.2-pango-1.0:amd64 (1.52.1+ds-1build1) ...
Linux Desktop Tests (1)	UNKNOWN STEP	2026-02-25T19:48:48.7995847Z Setting up libsecret-1-0:amd64 (0.21.4-1build3) ...
Linux Desktop Tests (1)	UNKNOWN STEP	2026-02-25T19:48:48.8021128Z Setting up libwebp-dev:amd64 (1.3.2-0.4build3) ...
Linux Desktop Tests (1)	UNKNOWN STEP	2026-02-25T19:48:48.8041923Z Setting up gir1.2-secret-1:amd64 (0.21.4-1build3) ...
Linux Desktop Tests (1)	UNKNOWN STEP	2026-02-25T19:48:48.8062839Z Setting up libgcrypt20-dev (1.10.3-2build1) ...
Linux Desktop Tests (1)	UNKNOWN STEP	2026-02-25T19:48:48.8086305Z Setting up libtiff-dev:amd64 (4.5.1+git230720-4ubuntu2.4) ...
Linux Desktop Tests (1)	UNKNOWN STEP	2026-02-25T19:48:48.8106497Z Setting up gir1.2-freedesktop-dev:amd64 (1.80.1-1) ...
Linux Desktop Tests (1)	UNKNOWN STEP	2026-02-25T19:48:48.8129053Z Setting up libthai-dev:amd64 (0.1.29-2build1) ...
Linux Desktop Tests (1)	UNKNOWN STEP	2026-02-25T19:48:48.8152173Z Setting up cmake (3.28.3-1build7) ...
Linux Desktop Tests (1)	UNKNOWN STEP	2026-02-25T19:48:48.8177129Z Setting up libmount-dev:amd64 (2.39.3-9ubuntu6.4) ...
Linux Desktop Tests (1)	UNKNOWN STEP	2026-02-25T19:48:48.8199122Z Setting up libfontconfig-dev:amd64 (2.15.0-1.1ubuntu2) ...
Linux Desktop Tests (1)	UNKNOWN STEP	2026-02-25T19:48:48.8223823Z Setting up gir1.2-gtk-3.0:amd64 (3.24.41-4ubuntu1.3) ...
Linux Desktop Tests (1)	UNKNOWN STEP	2026-02-25T19:48:48.8245134Z Setting up libglib2.0-dev:amd64 (2.80.0-6ubuntu3.8) ...
Linux Desktop Tests (1)	UNKNOWN STEP	2026-02-25T19:48:48.8267956Z Setting up libatk1.0-dev:amd64 (2.52.0-1build1) ...
Linux Desktop Tests (1)	UNKNOWN STEP	2026-02-25T19:48:48.8290892Z Setting up libgdk-pixbuf-2.0-dev:amd64 (2.42.10+dfsg-3ubuntu3.2) ...
Linux Desktop Tests (1)	UNKNOWN STEP	2026-02-25T19:48:48.8422804Z Setting up libharfbuzz-dev:amd64 (8.3.0-2build2) ...
Linux Desktop Tests (1)	UNKNOWN STEP	2026-02-25T19:48:48.8447196Z Setting up libsecret-1-dev:amd64 (0.21.4-1build3) ...
Linux Desktop Tests (1)	UNKNOWN STEP	2026-02-25T19:48:48.8737293Z Processing triggers for libc-bin (2.39-0ubuntu8.7) ...
Linux Desktop Tests (1)	UNKNOWN STEP	2026-02-25T19:48:48.9081549Z Processing triggers for man-db (2.12.0-4build2) ...
Linux Desktop Tests (1)	UNKNOWN STEP	2026-02-25T19:48:48.9104752Z Not building database; man-db/auto-update is not 'true'.
Linux Desktop Tests (1)	UNKNOWN STEP	2026-02-25T19:48:48.9140126Z Processing triggers for sgml-base (1.31) ...
Linux Desktop Tests (1)	UNKNOWN STEP	2026-02-25T19:48:48.9305617Z Processing triggers for install-info (7.1-3build2) ...
Linux Desktop Tests (1)	UNKNOWN STEP	2026-02-25T19:48:49.0345123Z Setting up x11proto-dev (2023.2-1) ...
Linux Desktop Tests (1)	UNKNOWN STEP	2026-02-25T19:48:49.0388891Z Setting up libxau-dev:amd64 (1:1.0.9-1build6) ...
Linux Desktop Tests (1)	UNKNOWN STEP	2026-02-25T19:48:49.0415021Z Setting up libice-dev:amd64 (2:1.0.10-1build3) ...
Linux Desktop Tests (1)	UNKNOWN STEP	2026-02-25T19:48:49.0440038Z Setting up libsm-dev:amd64 (2:1.2.3-1build3) ...
Linux Desktop Tests (1)	UNKNOWN STEP	2026-02-25T19:48:49.0481159Z Setting up libxdmcp-dev:amd64 (1:1.1.3-0ubuntu6) ...
Linux Desktop Tests (1)	UNKNOWN STEP	2026-02-25T19:48:49.0571021Z Setting up libxcb1-dev:amd64 (1.15-1ubuntu2) ...
Linux Desktop Tests (1)	UNKNOWN STEP	2026-02-25T19:48:49.0603798Z Setting up libx11-dev:amd64 (2:1.8.7-1build1) ...
Linux Desktop Tests (1)	UNKNOWN STEP	2026-02-25T19:48:49.0637298Z Setting up libxfixes-dev:amd64 (1:6.0.0-2build1) ...
Linux Desktop Tests (1)	UNKNOWN STEP	2026-02-25T19:48:49.0659343Z Setting up libxcb-shm0-dev:amd64 (1.15-1ubuntu2) ...
Linux Desktop Tests (1)	UNKNOWN STEP	2026-02-25T19:48:49.0696015Z Setting up libxcb-render0-dev:amd64 (1.15-1ubuntu2) ...
Linux Desktop Tests (1)	UNKNOWN STEP	2026-02-25T19:48:49.0718827Z Setting up libxext-dev:amd64 (2:1.3.4-1build2) ...
Linux Desktop Tests (1)	UNKNOWN STEP	2026-02-25T19:48:49.0746524Z Setting up libglx-dev:amd64 (1.7.0-1build1) ...
Linux Desktop Tests (1)	UNKNOWN STEP	2026-02-25T19:48:49.0784095Z Setting up libxi-dev:amd64 (2:1.8.1-1build1) ...
Linux Desktop Tests (1)	UNKNOWN STEP	2026-02-25T19:48:49.0807404Z Setting up libxrender-dev:amd64 (1:0.9.10-1.1build1) ...
Linux Desktop Tests (1)	UNKNOWN STEP	2026-02-25T19:48:49.0834431Z Setting up libgl-dev:amd64 (1.7.0-1build1) ...
Linux Desktop Tests (1)	UNKNOWN STEP	2026-02-25T19:48:49.0859221Z Setting up libxft-dev:amd64 (2.3.6-1build1) ...
Linux Desktop Tests (1)	UNKNOWN STEP	2026-02-25T19:48:49.0885410Z Setting up libxtst-dev:amd64 (2:1.2.3-1.1build1) ...
Linux Desktop Tests (1)	UNKNOWN STEP	2026-02-25T19:48:49.0912087Z Setting up libxdamage-dev:amd64 (1:1.1.6-1build1) ...
Linux Desktop Tests (1)	UNKNOWN STEP	2026-02-25T19:48:49.0938328Z Setting up libatspi2.0-dev:amd64 (2.52.0-1build1) ...
Linux Desktop Tests (1)	UNKNOWN STEP	2026-02-25T19:48:49.0980028Z Setting up libegl-dev:amd64 (1.7.0-1build1) ...
Linux Desktop Tests (1)	UNKNOWN STEP	2026-02-25T19:48:49.1002178Z Setting up libxcomposite-dev:amd64 (1:0.4.5-1build3) ...
Linux Desktop Tests (1)	UNKNOWN STEP	2026-02-25T19:48:49.1030364Z Setting up libxcursor-dev:amd64 (1:1.2.1-1build1) ...
Linux Desktop Tests (1)	UNKNOWN STEP	2026-02-25T19:48:49.1060070Z Setting up libepoxy-dev:amd64 (1.5.10-1build1) ...
Linux Desktop Tests (1)	UNKNOWN STEP	2026-02-25T19:48:49.1090619Z Setting up libatk-bridge2.0-dev:amd64 (2.52.0-1build1) ...
Linux Desktop Tests (1)	UNKNOWN STEP	2026-02-25T19:48:49.1116667Z Setting up libxrandr-dev:amd64 (2:1.5.2-2build1) ...
Linux Desktop Tests (1)	UNKNOWN STEP	2026-02-25T19:48:49.1144717Z Setting up libxinerama-dev:amd64 (2:1.1.4-3build1) ...
Linux Desktop Tests (1)	UNKNOWN STEP	2026-02-25T19:48:49.1174350Z Setting up libcairo2-dev:amd64 (1.18.0-3build1) ...
Linux Desktop Tests (1)	UNKNOWN STEP	2026-02-25T19:48:49.1211667Z Setting up libgles-dev:amd64 (1.7.0-1build1) ...
Linux Desktop Tests (1)	UNKNOWN STEP	2026-02-25T19:48:49.1256594Z Setting up libglvnd-dev:amd64 (1.7.0-1build1) ...
Linux Desktop Tests (1)	UNKNOWN STEP	2026-02-25T19:48:49.1283833Z Setting up libpango1.0-dev:amd64 (1.52.1+ds-1build1) ...
Linux Desktop Tests (1)	UNKNOWN STEP	2026-02-25T19:48:49.1313042Z Setting up libgl1-mesa-dev:amd64 (25.2.8-0ubuntu0.24.04.1) ...
Linux Desktop Tests (1)	UNKNOWN STEP	2026-02-25T19:48:49.1340231Z Setting up libegl1-mesa-dev:amd64 (25.2.8-0ubuntu0.24.04.1) ...
Linux Desktop Tests (1)	UNKNOWN STEP	2026-02-25T19:48:49.1373151Z Setting up libgtk-3-dev:amd64 (3.24.41-4ubuntu1.3) ...
Linux Desktop Tests (1)	UNKNOWN STEP	2026-02-25T19:48:49.1399128Z Setting up libgles2-mesa-dev:amd64 (25.2.8-0ubuntu0.24.04.1) ...
Linux Desktop Tests (1)	UNKNOWN STEP	2026-02-25T19:48:49.7574745Z 
Linux Desktop Tests (1)	UNKNOWN STEP	2026-02-25T19:48:49.7575195Z Running kernel seems to be up-to-date.
Linux Desktop Tests (1)	UNKNOWN STEP	2026-02-25T19:48:49.7575468Z 
Linux Desktop Tests (1)	UNKNOWN STEP	2026-02-25T19:48:49.7575563Z Restarting services...
Linux Desktop Tests (1)	UNKNOWN STEP	2026-02-25T19:48:49.8046502Z  systemctl restart packagekit.service php8.3-fpm.service polkit.service udisks2.service
Linux Desktop Tests (1)	UNKNOWN STEP	2026-02-25T19:48:49.9877516Z 
Linux Desktop Tests (1)	UNKNOWN STEP	2026-02-25T19:48:49.9878929Z Service restarts being deferred:
Linux Desktop Tests (1)	UNKNOWN STEP	2026-02-25T19:48:49.9880005Z  systemctl restart ModemManager.service
Linux Desktop Tests (1)	UNKNOWN STEP	2026-02-25T19:48:49.9881573Z  systemctl restart networkd-dispatcher.service
Linux Desktop Tests (1)	UNKNOWN STEP	2026-02-25T19:48:49.9881922Z 
Linux Desktop Tests (1)	UNKNOWN STEP	2026-02-25T19:48:49.9882058Z No containers need to be restarted.
Linux Desktop Tests (1)	UNKNOWN STEP	2026-02-25T19:48:49.9882623Z 
Linux Desktop Tests (1)	UNKNOWN STEP	2026-02-25T19:48:49.9882815Z No user sessions are running outdated binaries.
Linux Desktop Tests (1)	UNKNOWN STEP	2026-02-25T19:48:49.9883128Z 
Linux Desktop Tests (1)	UNKNOWN STEP	2026-02-25T19:48:49.9883417Z No VM guests are running outdated hypervisor (qemu) binaries on this host.
Linux Desktop Tests (1)	UNKNOWN STEP	2026-02-25T19:48:50.9151496Z ##[group]Run subosito/flutter-action@v2
Linux Desktop Tests (1)	UNKNOWN STEP	2026-02-25T19:48:50.9151783Z with:
Linux Desktop Tests (1)	UNKNOWN STEP	2026-02-25T19:48:50.9151947Z   channel: stable
Linux Desktop Tests (1)	UNKNOWN STEP	2026-02-25T19:48:50.9152121Z   cache: true
Linux Desktop Tests (1)	UNKNOWN STEP	2026-02-25T19:48:50.9152284Z   architecture: X64
Linux Desktop Tests (1)	UNKNOWN STEP	2026-02-25T19:48:50.9152476Z   pub-cache-path: default
Linux Desktop Tests (1)	UNKNOWN STEP	2026-02-25T19:48:50.9152672Z   dry-run: false
Linux Desktop Tests (1)	UNKNOWN STEP	2026-02-25T19:48:50.9152914Z   git-source: https://github.com/flutter/flutter.git
Linux Desktop Tests (1)	UNKNOWN STEP	2026-02-25T19:48:50.9153197Z env:
Linux Desktop Tests (1)	UNKNOWN STEP	2026-02-25T19:48:50.9153355Z   CACHE_VERSION: v1
Linux Desktop Tests (1)	UNKNOWN STEP	2026-02-25T19:48:50.9153533Z ##[endgroup]
Linux Desktop Tests (1)	UNKNOWN STEP	2026-02-25T19:48:50.9248189Z ##[group]Run chmod +x "$GITHUB_ACTION_PATH/setup.sh"
Linux Desktop Tests (1)	UNKNOWN STEP	2026-02-25T19:48:50.9248687Z [36;1mchmod +x "$GITHUB_ACTION_PATH/setup.sh"[0m
Linux Desktop Tests (1)	UNKNOWN STEP	2026-02-25T19:48:50.9299117Z shell: /usr/bin/bash --noprofile --norc -e -o pipefail {0}
Linux Desktop Tests (1)	UNKNOWN STEP	2026-02-25T19:48:50.9299432Z env:
Linux Desktop Tests (1)	UNKNOWN STEP	2026-02-25T19:48:50.9299598Z   CACHE_VERSION: v1
Linux Desktop Tests (1)	UNKNOWN STEP	2026-02-25T19:48:50.9299772Z ##[endgroup]
Linux Desktop Tests (1)	UNKNOWN STEP	2026-02-25T19:48:50.9424699Z ##[group]Run $GITHUB_ACTION_PATH/setup.sh -p \
Linux Desktop Tests (1)	UNKNOWN STEP	2026-02-25T19:48:50.9425077Z [36;1m$GITHUB_ACTION_PATH/setup.sh -p \[0m
Linux Desktop Tests (1)	UNKNOWN STEP	2026-02-25T19:48:50.9425333Z [36;1m  -n '' \[0m
Linux Desktop Tests (1)	UNKNOWN STEP	2026-02-25T19:48:50.9425521Z [36;1m  -f '' \[0m
Linux Desktop Tests (1)	UNKNOWN STEP	2026-02-25T19:48:50.9425689Z [36;1m  -a 'X64' \[0m
Linux Desktop Tests (1)	UNKNOWN STEP	2026-02-25T19:48:50.9425873Z [36;1m  -k '' \[0m
Linux Desktop Tests (1)	UNKNOWN STEP	2026-02-25T19:48:50.9426035Z [36;1m  -c '' \[0m
Linux Desktop Tests (1)	UNKNOWN STEP	2026-02-25T19:48:50.9426213Z [36;1m  -l '' \[0m
Linux Desktop Tests (1)	UNKNOWN STEP	2026-02-25T19:48:50.9426381Z [36;1m  -d 'default' \[0m
Linux Desktop Tests (1)	UNKNOWN STEP	2026-02-25T19:48:50.9426656Z [36;1m  -g 'https://github.com/flutter/flutter.git' \[0m
Linux Desktop Tests (1)	UNKNOWN STEP	2026-02-25T19:48:50.9426939Z [36;1m  stable[0m
Linux Desktop Tests (1)	UNKNOWN STEP	2026-02-25T19:48:50.9471712Z shell: /usr/bin/bash --noprofile --norc -e -o pipefail {0}
Linux Desktop Tests (1)	UNKNOWN STEP	2026-02-25T19:48:50.9472028Z env:
Linux Desktop Tests (1)	UNKNOWN STEP	2026-02-25T19:48:50.9472187Z   CACHE_VERSION: v1
Linux Desktop Tests (1)	UNKNOWN STEP	2026-02-25T19:48:50.9472387Z ##[endgroup]
Linux Desktop Tests (1)	UNKNOWN STEP	2026-02-25T19:48:51.2377165Z ##[group]Run actions/cache@v4
Linux Desktop Tests (1)	UNKNOWN STEP	2026-02-25T19:48:51.2377389Z with:
Linux Desktop Tests (1)	UNKNOWN STEP	2026-02-25T19:48:51.2377611Z   path: /opt/hostedtoolcache/flutter/stable-3.41.2-x64
Linux Desktop Tests (1)	UNKNOWN STEP	2026-02-25T19:48:51.2378069Z   key: flutter-linux-stable-3.41.2-x64-90673a4eef275d1a6692c26ac80d6d746d41a73a
Linux Desktop Tests (1)	UNKNOWN STEP	2026-02-25T19:48:51.2378485Z   enableCrossOsArchive: false
Linux Desktop Tests (1)	UNKNOWN STEP	2026-02-25T19:48:51.2379019Z   fail-on-cache-miss: false
Linux Desktop Tests (1)	UNKNOWN STEP	2026-02-25T19:48:51.2379232Z   lookup-only: false
Linux Desktop Tests (1)	UNKNOWN STEP	2026-02-25T19:48:51.2379410Z   save-always: false
Linux Desktop Tests (1)	UNKNOWN STEP	2026-02-25T19:48:51.2379584Z env:
Linux Desktop Tests (1)	UNKNOWN STEP	2026-02-25T19:48:51.2379731Z   CACHE_VERSION: v1
Linux Desktop Tests (1)	UNKNOWN STEP	2026-02-25T19:48:51.2379908Z ##[endgroup]
Linux Desktop Tests (1)	UNKNOWN STEP	2026-02-25T19:48:51.5093842Z Cache hit for: flutter-linux-stable-3.41.2-x64-90673a4eef275d1a6692c26ac80d6d746d41a73a
Linux Desktop Tests (1)	UNKNOWN STEP	2026-02-25T19:48:52.6479880Z Received 104857600 of 1665993529 (6.3%), 100.0 MBs/sec
Linux Desktop Tests (1)	UNKNOWN STEP	2026-02-25T19:48:53.6516679Z Received 268435456 of 1665993529 (16.1%), 127.7 MBs/sec
Linux Desktop Tests (1)	UNKNOWN STEP	2026-02-25T19:48:54.6540335Z Received 406847488 of 1665993529 (24.4%), 129.1 MBs/sec
Linux Desktop Tests (1)	UNKNOWN STEP	2026-02-25T19:48:55.6533783Z Received 612368384 of 1665993529 (36.8%), 145.8 MBs/sec
Linux Desktop Tests (1)	UNKNOWN STEP	2026-02-25T19:48:56.6598159Z Received 801112064 of 1665993529 (48.1%), 152.6 MBs/sec
Linux Desktop Tests (1)	UNKNOWN STEP	2026-02-25T19:48:57.6556165Z Received 939524096 of 1665993529 (56.4%), 149.1 MBs/sec
Linux Desktop Tests (1)	UNKNOWN STEP	2026-02-25T19:48:58.6573052Z Received 1153433600 of 1665993529 (69.2%), 156.9 MBs/sec
Linux Desktop Tests (1)	UNKNOWN STEP	2026-02-25T19:48:59.6580311Z Received 1333788672 of 1665993529 (80.1%), 158.8 MBs/sec
Linux Desktop Tests (1)	UNKNOWN STEP	2026-02-25T19:49:00.7069478Z Received 1476395008 of 1665993529 (88.6%), 155.4 MBs/sec
Linux Desktop Tests (1)	UNKNOWN STEP	2026-02-25T19:49:01.7074951Z Received 1639972864 of 1665993529 (98.4%), 155.5 MBs/sec
Linux Desktop Tests (1)	UNKNOWN STEP	2026-02-25T19:49:01.8511618Z Received 1665993529 of 1665993529 (100.0%), 155.7 MBs/sec
Linux Desktop Tests (1)	UNKNOWN STEP	2026-02-25T19:49:01.8514266Z Cache Size: ~1589 MB (1665993529 B)
Linux Desktop Tests (1)	UNKNOWN STEP	2026-02-25T19:49:01.8622669Z [command]/usr/bin/tar -xf /home/runner/work/_temp/cd490976-aa7d-48d9-9755-1352dbb84aa3/cache.tzst -P -C /home/runner/work/substitution/substitution --use-compress-program unzstd
Linux Desktop Tests (1)	UNKNOWN STEP	2026-02-25T19:49:07.0743235Z Cache restored successfully
Linux Desktop Tests (1)	UNKNOWN STEP	2026-02-25T19:49:07.3885568Z Cache restored from key: flutter-linux-stable-3.41.2-x64-90673a4eef275d1a6692c26ac80d6d746d41a73a
Linux Desktop Tests (1)	UNKNOWN STEP	2026-02-25T19:49:07.5110588Z ##[group]Run actions/cache@v4
Linux Desktop Tests (1)	UNKNOWN STEP	2026-02-25T19:49:07.5110818Z with:
Linux Desktop Tests (1)	UNKNOWN STEP	2026-02-25T19:49:07.5111006Z   path: /home/runner/.pub-cache
Linux Desktop Tests (1)	UNKNOWN STEP	2026-02-25T19:49:07.5111924Z   key: flutter-pub-linux-stable-3.41.2-x64-90673a4eef275d1a6692c26ac80d6d746d41a73a-fabacfc13d2b7e18a7fb2822593662b03764f624bf41fd351cdabec60fb27783
Linux Desktop Tests (1)	UNKNOWN STEP	2026-02-25T19:49:07.5112641Z   enableCrossOsArchive: false
Linux Desktop Tests (1)	UNKNOWN STEP	2026-02-25T19:49:07.5112873Z   fail-on-cache-miss: false
Linux Desktop Tests (1)	UNKNOWN STEP	2026-02-25T19:49:07.5113091Z   lookup-only: false
Linux Desktop Tests (1)	UNKNOWN STEP	2026-02-25T19:49:07.5113283Z   save-always: false
Linux Desktop Tests (1)	UNKNOWN STEP	2026-02-25T19:49:07.5113456Z env:
Linux Desktop Tests (1)	UNKNOWN STEP	2026-02-25T19:49:07.5113621Z   CACHE_VERSION: v1
Linux Desktop Tests (1)	UNKNOWN STEP	2026-02-25T19:49:07.5113811Z ##[endgroup]
Linux Desktop Tests (1)	UNKNOWN STEP	2026-02-25T19:49:07.7781078Z Cache hit for: flutter-pub-linux-stable-3.41.2-x64-90673a4eef275d1a6692c26ac80d6d746d41a73a-fabacfc13d2b7e18a7fb2822593662b03764f624bf41fd351cdabec60fb27783
Linux Desktop Tests (1)	UNKNOWN STEP	2026-02-25T19:49:08.9298258Z Received 104857600 of 133563121 (78.5%), 100.0 MBs/sec
Linux Desktop Tests (1)	UNKNOWN STEP	2026-02-25T19:49:09.1046678Z Received 133563121 of 133563121 (100.0%), 108.4 MBs/sec
Linux Desktop Tests (1)	UNKNOWN STEP	2026-02-25T19:49:09.1048096Z Cache Size: ~127 MB (133563121 B)
Linux Desktop Tests (1)	UNKNOWN STEP	2026-02-25T19:49:09.1078426Z [command]/usr/bin/tar -xf /home/runner/work/_temp/05145fcf-8fb3-444f-9fa8-415b6463a5bd/cache.tzst -P -C /home/runner/work/substitution/substitution --use-compress-program unzstd
Linux Desktop Tests (1)	UNKNOWN STEP	2026-02-25T19:49:10.7112923Z Cache restored successfully
Linux Desktop Tests (1)	UNKNOWN STEP	2026-02-25T19:49:10.7462905Z Cache restored from key: flutter-pub-linux-stable-3.41.2-x64-90673a4eef275d1a6692c26ac80d6d746d41a73a-fabacfc13d2b7e18a7fb2822593662b03764f624bf41fd351cdabec60fb27783
Linux Desktop Tests (1)	UNKNOWN STEP	2026-02-25T19:49:10.7604658Z ##[group]Run $GITHUB_ACTION_PATH/setup.sh \
Linux Desktop Tests (1)	UNKNOWN STEP	2026-02-25T19:49:10.7604983Z [36;1m$GITHUB_ACTION_PATH/setup.sh \[0m
Linux Desktop Tests (1)	UNKNOWN STEP	2026-02-25T19:49:10.7605244Z [36;1m  -n '3.41.2' \[0m
Linux Desktop Tests (1)	UNKNOWN STEP	2026-02-25T19:49:10.7605460Z [36;1m  -a 'x64' \[0m
Linux Desktop Tests (1)	UNKNOWN STEP	2026-02-25T19:49:10.7605764Z [36;1m  -c '/opt/hostedtoolcache/flutter/stable-3.41.2-x64' \[0m
Linux Desktop Tests (1)	UNKNOWN STEP	2026-02-25T19:49:10.7606131Z [36;1m  -d '/home/runner/.pub-cache' \[0m
Linux Desktop Tests (1)	UNKNOWN STEP	2026-02-25T19:49:10.7606400Z [36;1m  stable[0m
Linux Desktop Tests (1)	UNKNOWN STEP	2026-02-25T19:49:10.7655078Z shell: /usr/bin/bash --noprofile --norc -e -o pipefail {0}
Linux Desktop Tests (1)	UNKNOWN STEP	2026-02-25T19:49:10.7655413Z env:
Linux Desktop Tests (1)	UNKNOWN STEP	2026-02-25T19:49:10.7655587Z   CACHE_VERSION: v1
Linux Desktop Tests (1)	UNKNOWN STEP	2026-02-25T19:49:10.7655798Z ##[endgroup]
Linux Desktop Tests (1)	UNKNOWN STEP	2026-02-25T19:49:11.0518460Z ##[group]Run flutter precache --linux
Linux Desktop Tests (1)	UNKNOWN STEP	2026-02-25T19:49:11.0519162Z [36;1mflutter precache --linux[0m
Linux Desktop Tests (1)	UNKNOWN STEP	2026-02-25T19:49:11.0519501Z [36;1mflutter pub get[0m
Linux Desktop Tests (1)	UNKNOWN STEP	2026-02-25T19:49:11.0570269Z shell: /usr/bin/bash -e {0}
Linux Desktop Tests (1)	UNKNOWN STEP	2026-02-25T19:49:11.0570516Z env:
Linux Desktop Tests (1)	UNKNOWN STEP	2026-02-25T19:49:11.0570688Z   CACHE_VERSION: v1
Linux Desktop Tests (1)	UNKNOWN STEP	2026-02-25T19:49:11.0570985Z   FLUTTER_ROOT: /opt/hostedtoolcache/flutter/stable-3.41.2-x64
Linux Desktop Tests (1)	UNKNOWN STEP	2026-02-25T19:49:11.0571336Z   PUB_CACHE: /home/runner/.pub-cache
Linux Desktop Tests (1)	UNKNOWN STEP	2026-02-25T19:49:11.0571587Z ##[endgroup]
Linux Desktop Tests (1)	UNKNOWN STEP	2026-02-25T19:49:11.6067390Z Resolving dependencies...
Linux Desktop Tests (1)	UNKNOWN STEP	2026-02-25T19:49:12.0793369Z Downloading packages...
Linux Desktop Tests (1)	UNKNOWN STEP	2026-02-25T19:49:12.1671510Z   _fe_analyzer_shared 91.0.0 (96.0.0 available)
Linux Desktop Tests (1)	UNKNOWN STEP	2026-02-25T19:49:12.1671908Z   analyzer 8.4.1 (10.2.0 available)
Linux Desktop Tests (1)	UNKNOWN STEP	2026-02-25T19:49:12.1672191Z > characters 1.4.1 (was 1.4.0)
Linux Desktop Tests (1)	UNKNOWN STEP	2026-02-25T19:49:12.1672581Z > matcher 0.12.18 (was 0.12.17)
Linux Desktop Tests (1)	UNKNOWN STEP	2026-02-25T19:49:12.1672994Z > material_color_utilities 0.13.0 (was 0.11.1)
Linux Desktop Tests (1)	UNKNOWN STEP	2026-02-25T19:49:12.1673632Z   meta 1.17.0 (1.18.1 available)
Linux Desktop Tests (1)	UNKNOWN STEP	2026-02-25T19:49:12.1673908Z   sqflite_common_ffi 2.3.7+1 (2.4.0+2 available)
Linux Desktop Tests (1)	UNKNOWN STEP	2026-02-25T19:49:12.1674234Z   sqlite3 2.9.4 (3.1.6 available)
Linux Desktop Tests (1)	UNKNOWN STEP	2026-02-25T19:49:12.1674501Z > test_api 0.7.9 (was 0.7.7)
Linux Desktop Tests (1)	UNKNOWN STEP	2026-02-25T19:49:12.1674755Z > test_core 0.6.15 (was 0.6.12)
Linux Desktop Tests (1)	UNKNOWN STEP	2026-02-25T19:49:12.1675010Z   unorm_dart 0.2.0 (0.3.2 available)
Linux Desktop Tests (1)	UNKNOWN STEP	2026-02-25T19:49:12.1675271Z   win32 5.15.0 (6.0.0 available)
Linux Desktop Tests (1)	UNKNOWN STEP	2026-02-25T19:49:12.1675548Z Changed 5 dependencies!
Linux Desktop Tests (1)	UNKNOWN STEP	2026-02-25T19:49:12.1682688Z 7 packages have newer versions incompatible with dependency constraints.
Linux Desktop Tests (1)	UNKNOWN STEP	2026-02-25T19:49:12.1683208Z Try `flutter pub outdated` for more information.
Linux Desktop Tests (1)	UNKNOWN STEP	2026-02-25T19:49:12.8515984Z ##[group]Run flutter config --enable-linux-desktop
Linux Desktop Tests (1)	UNKNOWN STEP	2026-02-25T19:49:12.8516394Z [36;1mflutter config --enable-linux-desktop[0m
Linux Desktop Tests (1)	UNKNOWN STEP	2026-02-25T19:49:12.8564711Z shell: /usr/bin/bash -e {0}
Linux Desktop Tests (1)	UNKNOWN STEP	2026-02-25T19:49:12.8564951Z env:
Linux Desktop Tests (1)	UNKNOWN STEP	2026-02-25T19:49:12.8565123Z   CACHE_VERSION: v1
Linux Desktop Tests (1)	UNKNOWN STEP	2026-02-25T19:49:12.8565412Z   FLUTTER_ROOT: /opt/hostedtoolcache/flutter/stable-3.41.2-x64
Linux Desktop Tests (1)	UNKNOWN STEP	2026-02-25T19:49:12.8565774Z   PUB_CACHE: /home/runner/.pub-cache
Linux Desktop Tests (1)	UNKNOWN STEP	2026-02-25T19:49:12.8566019Z ##[endgroup]
Linux Desktop Tests (1)	UNKNOWN STEP	2026-02-25T19:49:13.1185251Z Setting "enable-linux-desktop" value to "true".
Linux Desktop Tests (1)	UNKNOWN STEP	2026-02-25T19:49:13.1185723Z 
Linux Desktop Tests (1)	UNKNOWN STEP	2026-02-25T19:49:13.1186065Z You may need to restart any open editors for them to read new settings.
Linux Desktop Tests (1)	UNKNOWN STEP	2026-02-25T19:49:13.1256877Z ##[group]Run docker compose up -d postgres matrix-synapse redis
Linux Desktop Tests (1)	UNKNOWN STEP	2026-02-25T19:49:13.1257350Z [36;1mdocker compose up -d postgres matrix-synapse redis[0m
Linux Desktop Tests (1)	UNKNOWN STEP	2026-02-25T19:49:13.1257664Z [36;1msleep 10[0m
Linux Desktop Tests (1)	UNKNOWN STEP	2026-02-25T19:49:13.1257899Z [36;1mdocker compose run --rm matrix-init[0m
Linux Desktop Tests (1)	UNKNOWN STEP	2026-02-25T19:49:13.1258474Z [36;1mtimeout 60 bash -c 'until curl -sf http://localhost:8008/_matrix/client/versions > /dev/null 2>&1; do sleep 2; done'[0m
Linux Desktop Tests (1)	UNKNOWN STEP	2026-02-25T19:49:13.1307947Z shell: /usr/bin/bash -e {0}
Linux Desktop Tests (1)	UNKNOWN STEP	2026-02-25T19:49:13.1308188Z env:
Linux Desktop Tests (1)	UNKNOWN STEP	2026-02-25T19:49:13.1308358Z   CACHE_VERSION: v1
Linux Desktop Tests (1)	UNKNOWN STEP	2026-02-25T19:49:13.1308888Z   FLUTTER_ROOT: /opt/hostedtoolcache/flutter/stable-3.41.2-x64
Linux Desktop Tests (1)	UNKNOWN STEP	2026-02-25T19:49:13.1309270Z   PUB_CACHE: /home/runner/.pub-cache
Linux Desktop Tests (1)	UNKNOWN STEP	2026-02-25T19:49:13.1309518Z ##[endgroup]
Linux Desktop Tests (1)	UNKNOWN STEP	2026-02-25T19:49:14.8819467Z time="2026-02-25T19:49:14Z" level=warning msg="/home/runner/work/substitution/substitution/docker-compose.yml: the attribute `version` is obsolete, it will be ignored, please remove it to avoid potential confusion"
Linux Desktop Tests (1)	UNKNOWN STEP	2026-02-25T19:49:14.9060159Z  dex Pulling 
Linux Desktop Tests (1)	UNKNOWN STEP	2026-02-25T19:49:14.9060560Z  redis Pulling 
Linux Desktop Tests (1)	UNKNOWN STEP	2026-02-25T19:49:14.9061010Z  matrix-synapse Pulling 
Linux Desktop Tests (1)	UNKNOWN STEP	2026-02-25T19:49:14.9065238Z  postgres Pulling 
Linux Desktop Tests (1)	UNKNOWN STEP	2026-02-25T19:49:15.6170749Z  0c8d55a45c0d Pulling fs layer 
Linux Desktop Tests (1)	UNKNOWN STEP	2026-02-25T19:49:15.6171274Z  03af238a5946 Pulling fs layer 
Linux Desktop Tests (1)	UNKNOWN STEP	2026-02-25T19:49:15.6171724Z  686599c79c87 Pulling fs layer 
Linux Desktop Tests (1)	UNKNOWN STEP	2026-02-25T19:49:15.6172158Z  f1cadbd7abd2 Pulling fs layer 
Linux Desktop Tests (1)	UNKNOWN STEP	2026-02-25T19:49:15.6172597Z  3ee96ea8e5d2 Pulling fs layer 
Linux Desktop Tests (1)	UNKNOWN STEP	2026-02-25T19:49:15.6173023Z  a954d256f742 Pulling fs layer 
Linux Desktop Tests (1)	UNKNOWN STEP	2026-02-25T19:49:15.6173456Z  c7ce85987d6d Pulling fs layer 
Linux Desktop Tests (1)	UNKNOWN STEP	2026-02-25T19:49:15.6173809Z  7807da78b90b Pulling fs layer 
Linux Desktop Tests (1)	UNKNOWN STEP	2026-02-25T19:49:15.6174056Z  0478cd5c1079 Pulling fs layer 
Linux Desktop Tests (1)	UNKNOWN STEP	2026-02-25T19:49:15.6174278Z  3a02ac06be95 Pulling fs layer 
Linux Desktop Tests (1)	UNKNOWN STEP	2026-02-25T19:49:15.6174507Z  a954d256f742 Waiting 
Linux Desktop Tests (1)	UNKNOWN STEP	2026-02-25T19:49:15.6174704Z  3ee96ea8e5d2 Waiting 
Linux Desktop Tests (1)	UNKNOWN STEP	2026-02-25T19:49:15.6174908Z  c7ce85987d6d Waiting 
Linux Desktop Tests (1)	UNKNOWN STEP	2026-02-25T19:49:15.6175109Z  0478cd5c1079 Waiting 
Linux Desktop Tests (1)	UNKNOWN STEP	2026-02-25T19:49:15.6175295Z  7807da78b90b Waiting 
Linux Desktop Tests (1)	UNKNOWN STEP	2026-02-25T19:49:15.6175481Z  3a02ac06be95 Waiting 
Linux Desktop Tests (1)	UNKNOWN STEP	2026-02-25T19:49:15.6175674Z  f1cadbd7abd2 Waiting 
Linux Desktop Tests (1)	UNKNOWN STEP	2026-02-25T19:49:15.6240192Z  d25f557d7f31 Pulling fs layer 
Linux Desktop Tests (1)	UNKNOWN STEP	2026-02-25T19:49:15.6240798Z  9acd5b82521c Pulling fs layer 
Linux Desktop Tests (1)	UNKNOWN STEP	2026-02-25T19:49:15.6241225Z  10d78728ec4d Pulling fs layer 
Linux Desktop Tests (1)	UNKNOWN STEP	2026-02-25T19:49:15.6241621Z  e0d49f520b92 Pulling fs layer 
Linux Desktop Tests (1)	UNKNOWN STEP	2026-02-25T19:49:15.6242024Z  d25f557d7f31 Waiting 
Linux Desktop Tests (1)	UNKNOWN STEP	2026-02-25T19:49:15.6242378Z  5de905603ac5 Pulling fs layer 
Linux Desktop Tests (1)	UNKNOWN STEP	2026-02-25T19:49:15.6242738Z  9acd5b82521c Waiting 
Linux Desktop Tests (1)	UNKNOWN STEP	2026-02-25T19:49:15.6242955Z  808bb02340fa Pulling fs layer 
Linux Desktop Tests (1)	UNKNOWN STEP	2026-02-25T19:49:15.6243459Z  10d78728ec4d Waiting 
Linux Desktop Tests (1)	UNKNOWN STEP	2026-02-25T19:49:15.6243673Z  c0970b69197c Pulling fs layer 
Linux Desktop Tests (1)	UNKNOWN STEP	2026-02-25T19:49:15.6243898Z  e0d49f520b92 Waiting 
Linux Desktop Tests (1)	UNKNOWN STEP	2026-02-25T19:49:15.6244100Z  9de5f206730a Pulling fs layer 
Linux Desktop Tests (1)	UNKNOWN STEP	2026-02-25T19:49:15.6244331Z  5de905603ac5 Waiting 
Linux Desktop Tests (1)	UNKNOWN STEP	2026-02-25T19:49:15.6244538Z  24e28b7dc0a2 Pulling fs layer 
Linux Desktop Tests (1)	UNKNOWN STEP	2026-02-25T19:49:15.6244768Z  808bb02340fa Waiting 
Linux Desktop Tests (1)	UNKNOWN STEP	2026-02-25T19:49:15.6244972Z  830180cf89a8 Pulling fs layer 
Linux Desktop Tests (1)	UNKNOWN STEP	2026-02-25T19:49:15.6245205Z  c0970b69197c Waiting 
Linux Desktop Tests (1)	UNKNOWN STEP	2026-02-25T19:49:15.6245390Z  9de5f206730a Waiting 
Linux Desktop Tests (1)	UNKNOWN STEP	2026-02-25T19:49:15.6245585Z  830180cf89a8 Waiting 
Linux Desktop Tests (1)	UNKNOWN STEP	2026-02-25T19:49:15.6245777Z  24e28b7dc0a2 Waiting 
Linux Desktop Tests (1)	UNKNOWN STEP	2026-02-25T19:49:15.6856268Z  bc1da058f299 Pulling fs layer 
Linux Desktop Tests (1)	UNKNOWN STEP	2026-02-25T19:49:15.6856645Z  09a5a0c32a23 Pulling fs layer 
Linux Desktop Tests (1)	UNKNOWN STEP	2026-02-25T19:49:15.6857062Z  bd53938b1271 Pulling fs layer 
Linux Desktop Tests (1)	UNKNOWN STEP	2026-02-25T19:49:15.6857428Z  9fe3744a2eac Pulling fs layer 
Linux Desktop Tests (1)	UNKNOWN STEP	2026-02-25T19:49:15.6857864Z  7ad54b3c4cef Pulling fs layer 
Linux Desktop Tests (1)	UNKNOWN STEP	2026-02-25T19:49:15.6858237Z  2a97533d89ca Pulling fs layer 
Linux Desktop Tests (1)	UNKNOWN STEP	2026-02-25T19:49:15.6858484Z  4f4fb700ef54 Pulling fs layer 
Linux Desktop Tests (1)	UNKNOWN STEP	2026-02-25T19:49:15.6858970Z  09a5a0c32a23 Waiting 
Linux Desktop Tests (1)	UNKNOWN STEP	2026-02-25T19:49:15.6859284Z  1c2c8d1ee428 Pulling fs layer 
Linux Desktop Tests (1)	UNKNOWN STEP	2026-02-25T19:49:15.6859569Z  9fe3744a2eac Waiting 
Linux Desktop Tests (1)	UNKNOWN STEP	2026-02-25T19:49:15.6859833Z  bd53938b1271 Waiting 
Linux Desktop Tests (1)	UNKNOWN STEP	2026-02-25T19:49:15.6860142Z  7ad54b3c4cef Waiting 
Linux Desktop Tests (1)	UNKNOWN STEP	2026-02-25T19:49:15.6860394Z  bc1da058f299 Waiting 
Linux Desktop Tests (1)	UNKNOWN STEP	2026-02-25T19:49:15.6861502Z  2a97533d89ca Waiting 
Linux Desktop Tests (1)	UNKNOWN STEP	2026-02-25T19:49:15.6861779Z  1c2c8d1ee428 Waiting 
Linux Desktop Tests (1)	UNKNOWN STEP	2026-02-25T19:49:15.6861979Z  4f4fb700ef54 Waiting 
Linux Desktop Tests (1)	UNKNOWN STEP	2026-02-25T19:49:15.7275934Z  589002ba0eae Pulling fs layer 
Linux Desktop Tests (1)	UNKNOWN STEP	2026-02-25T19:49:15.7276416Z  5ffb427686b6 Pulling fs layer 
Linux Desktop Tests (1)	UNKNOWN STEP	2026-02-25T19:49:15.7276780Z  630177b00352 Pulling fs layer 
Linux Desktop Tests (1)	UNKNOWN STEP	2026-02-25T19:49:15.7277211Z  6c18ff1f33d0 Pulling fs layer 
Linux Desktop Tests (1)	UNKNOWN STEP	2026-02-25T19:49:15.7277621Z  13e46e455d3b Pulling fs layer 
Linux Desktop Tests (1)	UNKNOWN STEP	2026-02-25T19:49:15.7278013Z  b4403f29458a Pulling fs layer 
Linux Desktop Tests (1)	UNKNOWN STEP	2026-02-25T19:49:15.7278394Z  589002ba0eae Waiting 
Linux Desktop Tests (1)	UNKNOWN STEP	2026-02-25T19:49:15.7278983Z  40aaa75af6ce Pulling fs layer 
Linux Desktop Tests (1)	UNKNOWN STEP	2026-02-25T19:49:15.7279442Z  162bdab1e0a7 Pulling fs layer 
Linux Desktop Tests (1)	UNKNOWN STEP	2026-02-25T19:49:15.7279857Z  ebff7b0ec73e Pulling fs layer 
Linux Desktop Tests (1)	UNKNOWN STEP	2026-02-25T19:49:15.7280247Z  5ffb427686b6 Waiting 
Linux Desktop Tests (1)	UNKNOWN STEP	2026-02-25T19:49:15.7280604Z  c02179436571 Pulling fs layer 
Linux Desktop Tests (1)	UNKNOWN STEP	2026-02-25T19:49:15.7281005Z  8243369e9866 Pulling fs layer 
Linux Desktop Tests (1)	UNKNOWN STEP	2026-02-25T19:49:15.7281375Z  630177b00352 Waiting 
Linux Desktop Tests (1)	UNKNOWN STEP	2026-02-25T19:49:15.7281746Z  13e46e455d3b Waiting 
Linux Desktop Tests (1)	UNKNOWN STEP	2026-02-25T19:49:15.7282110Z  b4403f29458a Waiting 
Linux Desktop Tests (1)	UNKNOWN STEP	2026-02-25T19:49:15.7282337Z  40aaa75af6ce Waiting 
Linux Desktop Tests (1)	UNKNOWN STEP	2026-02-25T19:49:15.7282541Z  6c18ff1f33d0 Waiting 
Linux Desktop Tests (1)	UNKNOWN STEP	2026-02-25T19:49:15.7282742Z  162bdab1e0a7 Waiting 
Linux Desktop Tests (1)	UNKNOWN STEP	2026-02-25T19:49:15.7282936Z  ebff7b0ec73e Waiting 
Linux Desktop Tests (1)	UNKNOWN STEP	2026-02-25T19:49:15.7283125Z  c02179436571 Waiting 
Linux Desktop Tests (1)	UNKNOWN STEP	2026-02-25T19:49:15.7283310Z  8243369e9866 Waiting 
Linux Desktop Tests (1)	UNKNOWN STEP	2026-02-25T19:49:15.8172955Z  03af238a5946 Downloading [>                                                  ]  13.52kB/1.293MB
Linux Desktop Tests (1)	UNKNOWN STEP	2026-02-25T19:49:15.8443154Z  0c8d55a45c0d Downloading [>                                                  ]  298.8kB/29.78MB
Linux Desktop Tests (1)	UNKNOWN STEP	2026-02-25T19:49:15.8823502Z  03af238a5946 Verifying Checksum 
Linux Desktop Tests (1)	UNKNOWN STEP	2026-02-25T19:49:15.8824712Z  03af238a5946 Download complete 
Linux Desktop Tests (1)	UNKNOWN STEP	2026-02-25T19:49:15.8831558Z  686599c79c87 Downloading [>                                                  ]  122.2kB/11.8MB
Linux Desktop Tests (1)	UNKNOWN STEP	2026-02-25T19:49:15.9451513Z  0c8d55a45c0d Downloading [==================>                                ]  11.08MB/29.78MB
Linux Desktop Tests (1)	UNKNOWN STEP	2026-02-25T19:49:16.0013612Z  686599c79c87 Downloading [===========>                                       ]  2.828MB/11.8MB
Linux Desktop Tests (1)	UNKNOWN STEP	2026-02-25T19:49:16.0286737Z  0c8d55a45c0d Verifying Checksum 
Linux Desktop Tests (1)	UNKNOWN STEP	2026-02-25T19:49:16.0290144Z  0c8d55a45c0d Download complete 
Linux Desktop Tests (1)	UNKNOWN STEP	2026-02-25T19:49:16.0646399Z  0c8d55a45c0d Extracting [>                                                  ]  327.7kB/29.78MB
Linux Desktop Tests (1)	UNKNOWN STEP	2026-02-25T19:49:16.0760579Z  f1cadbd7abd2 Downloading [==================================================>]     252B/252B
Linux Desktop Tests (1)	UNKNOWN STEP	2026-02-25T19:49:16.0762941Z  f1cadbd7abd2 Verifying Checksum 
Linux Desktop Tests (1)	UNKNOWN STEP	2026-02-25T19:49:16.0763526Z  f1cadbd7abd2 Download complete 
Linux Desktop Tests (1)	UNKNOWN STEP	2026-02-25T19:49:16.1049580Z  686599c79c87 Downloading [==================>                                ]   4.47MB/11.8MB
Linux Desktop Tests (1)	UNKNOWN STEP	2026-02-25T19:49:16.1665243Z  0c8d55a45c0d Extracting [===========>                                       ]  6.554MB/29.78MB
Linux Desktop Tests (1)	UNKNOWN STEP	2026-02-25T19:49:16.2053071Z  686599c79c87 Downloading [================================>                  ]  7.772MB/11.8MB
Linux Desktop Tests (1)	UNKNOWN STEP	2026-02-25T19:49:16.2314951Z  3ee96ea8e5d2 Download complete 
Linux Desktop Tests (1)	UNKNOWN STEP	2026-02-25T19:49:16.2545139Z  686599c79c87 Verifying Checksum 
Linux Desktop Tests (1)	UNKNOWN STEP	2026-02-25T19:49:16.2545881Z  686599c79c87 Download complete 
Linux Desktop Tests (1)	UNKNOWN STEP	2026-02-25T19:49:16.2665966Z  0c8d55a45c0d Extracting [=================>                                 ]  10.49MB/29.78MB
Linux Desktop Tests (1)	UNKNOWN STEP	2026-02-25T19:49:16.3080083Z  a954d256f742 Downloading [>                                                  ]  223.3kB/21.98MB
Linux Desktop Tests (1)	UNKNOWN STEP	2026-02-25T19:49:16.3695411Z  0c8d55a45c0d Extracting [========================>                          ]  14.75MB/29.78MB
Linux Desktop Tests (1)	UNKNOWN STEP	2026-02-25T19:49:16.4085560Z  a954d256f742 Downloading [====================>                              ]  9.142MB/21.98MB
Linux Desktop Tests (1)	UNKNOWN STEP	2026-02-25T19:49:16.4468044Z  c7ce85987d6d Downloading [==>                                                ]     719B/13.29kB
Linux Desktop Tests (1)	UNKNOWN STEP	2026-02-25T19:49:16.4470560Z  c7ce85987d6d Verifying Checksum 
Linux Desktop Tests (1)	UNKNOWN STEP	2026-02-25T19:49:16.4472009Z  c7ce85987d6d Download complete 
Linux Desktop Tests (1)	UNKNOWN STEP	2026-02-25T19:49:16.4705338Z  0c8d55a45c0d Extracting [====================================>              ]  21.95MB/29.78MB
Linux Desktop Tests (1)	UNKNOWN STEP	2026-02-25T19:49:16.4734462Z  a954d256f742 Verifying Checksum 
Linux Desktop Tests (1)	UNKNOWN STEP	2026-02-25T19:49:16.4736284Z  a954d256f742 Download complete 
Linux Desktop Tests (1)	UNKNOWN STEP	2026-02-25T19:49:16.4764823Z  7807da78b90b Downloading [>                                                  ]  462.7kB/45.54MB
Linux Desktop Tests (1)	UNKNOWN STEP	2026-02-25T19:49:16.5797482Z  7807da78b90b Downloading [===========>                                       ]   10.7MB/45.54MB
Linux Desktop Tests (1)	UNKNOWN STEP	2026-02-25T19:49:16.6561653Z  0478cd5c1079 Downloading [==========>                                        ]     720B/3.507kB
Linux Desktop Tests (1)	UNKNOWN STEP	2026-02-25T19:49:16.6635093Z  0478cd5c1079 Downloading [==================================================>]  3.507kB/3.507kB
Linux Desktop Tests (1)	UNKNOWN STEP	2026-02-25T19:49:16.6635829Z  0478cd5c1079 Download complete 
Linux Desktop Tests (1)	UNKNOWN STEP	2026-02-25T19:49:16.6636484Z  3a02ac06be95 Downloading [==========>                                        ]     720B/3.462kB
Linux Desktop Tests (1)	UNKNOWN STEP	2026-02-25T19:49:16.6639044Z  3a02ac06be95 Verifying Checksum 
Linux Desktop Tests (1)	UNKNOWN STEP	2026-02-25T19:49:16.6643273Z  3a02ac06be95 Download complete 
Linux Desktop Tests (1)	UNKNOWN STEP	2026-02-25T19:49:16.6817448Z  7807da78b90b Downloading [=====================>                             ]     20MB/45.54MB
Linux Desktop Tests (1)	UNKNOWN STEP	2026-02-25T19:49:16.6899734Z  0c8d55a45c0d Extracting [============================================>      ]  26.21MB/29.78MB
Linux Desktop Tests (1)	UNKNOWN STEP	2026-02-25T19:49:16.7897596Z  7807da78b90b Downloading [============================>                      ]  26.03MB/45.54MB
Linux Desktop Tests (1)	UNKNOWN STEP	2026-02-25T19:49:16.7952907Z  0c8d55a45c0d Extracting [===============================================>   ]  28.51MB/29.78MB
Linux Desktop Tests (1)	UNKNOWN STEP	2026-02-25T19:49:16.8181409Z  d25f557d7f31 Downloading [>                                                  ]   36.9kB/3.622MB
Linux Desktop Tests (1)	UNKNOWN STEP	2026-02-25T19:49:16.8583267Z  9acd5b82521c Downloading [>                                                  ]  1.378kB/127.5kB
Linux Desktop Tests (1)	UNKNOWN STEP	2026-02-25T19:49:16.8864245Z  9acd5b82521c Downloading [==================================================>]  127.5kB/127.5kB
Linux Desktop Tests (1)	UNKNOWN STEP	2026-02-25T19:49:16.8866910Z  9acd5b82521c Download complete 
Linux Desktop Tests (1)	UNKNOWN STEP	2026-02-25T19:49:16.8967646Z  7807da78b90b Downloading [=========================================>         ]  37.61MB/45.54MB
Linux Desktop Tests (1)	UNKNOWN STEP	2026-02-25T19:49:16.8975607Z  d25f557d7f31 Verifying Checksum 
Linux Desktop Tests (1)	UNKNOWN STEP	2026-02-25T19:49:16.8976120Z  d25f557d7f31 Download complete 
Linux Desktop Tests (1)	UNKNOWN STEP	2026-02-25T19:49:16.8987336Z  d25f557d7f31 Extracting [>                                                  ]  65.54kB/3.622MB
Linux Desktop Tests (1)	UNKNOWN STEP	2026-02-25T19:49:16.9753120Z  d25f557d7f31 Extracting [==================================================>]  3.622MB/3.622MB
Linux Desktop Tests (1)	UNKNOWN STEP	2026-02-25T19:49:16.9979484Z  0c8d55a45c0d Extracting [================================================>  ]  29.16MB/29.78MB
Linux Desktop Tests (1)	UNKNOWN STEP	2026-02-25T19:49:17.0170115Z  7807da78b90b Downloading [==============================================>    ]  42.71MB/45.54MB
Linux Desktop Tests (1)	UNKNOWN STEP	2026-02-25T19:49:17.0286403Z  d25f557d7f31 Pull complete 
Linux Desktop Tests (1)	UNKNOWN STEP	2026-02-25T19:49:17.0303512Z  9acd5b82521c Extracting [============>                                      ]  32.77kB/127.5kB
Linux Desktop Tests (1)	UNKNOWN STEP	2026-02-25T19:49:17.0323021Z  9acd5b82521c Extracting [==================================================>]  127.5kB/127.5kB
Linux Desktop Tests (1)	UNKNOWN STEP	2026-02-25T19:49:17.0562381Z  e0d49f520b92 Downloading [==================================================>]     961B/961B
Linux Desktop Tests (1)	UNKNOWN STEP	2026-02-25T19:49:17.0563897Z  e0d49f520b92 Verifying Checksum 
Linux Desktop Tests (1)	UNKNOWN STEP	2026-02-25T19:49:17.0564591Z  e0d49f520b92 Download complete 
Linux Desktop Tests (1)	UNKNOWN STEP	2026-02-25T19:49:17.0652076Z  10d78728ec4d Downloading [==================================================>]     122B/122B
Linux Desktop Tests (1)	UNKNOWN STEP	2026-02-25T19:49:17.0652827Z  10d78728ec4d Verifying Checksum 
Linux Desktop Tests (1)	UNKNOWN STEP	2026-02-25T19:49:17.0653261Z  10d78728ec4d Download complete 
Linux Desktop Tests (1)	UNKNOWN STEP	2026-02-25T19:49:17.0898641Z  7807da78b90b Download complete 
Linux Desktop Tests (1)	UNKNOWN STEP	2026-02-25T19:49:17.1187139Z  0c8d55a45c0d Extracting [==================================================>]  29.78MB/29.78MB
Linux Desktop Tests (1)	UNKNOWN STEP	2026-02-25T19:49:17.2112508Z  808bb02340fa Downloading [>                                                  ]  1.378kB/90.98kB
Linux Desktop Tests (1)	UNKNOWN STEP	2026-02-25T19:49:17.2287872Z  5de905603ac5 Downloading [====>                                              ]  1.378kB/17.03kB
Linux Desktop Tests (1)	UNKNOWN STEP	2026-02-25T19:49:17.2702720Z  5de905603ac5 Downloading [==================================================>]  17.03kB/17.03kB
Linux Desktop Tests (1)	UNKNOWN STEP	2026-02-25T19:49:17.2707702Z  808bb02340fa Downloading [==================================================>]  90.98kB/90.98kB
Linux Desktop Tests (1)	UNKNOWN STEP	2026-02-25T19:49:17.2708385Z  808bb02340fa Verifying Checksum 
Linux Desktop Tests (1)	UNKNOWN STEP	2026-02-25T19:49:17.2709032Z  808bb02340fa Download complete 
Linux Desktop Tests (1)	UNKNOWN STEP	2026-02-25T19:49:17.2709368Z  5de905603ac5 Verifying Checksum 
Linux Desktop Tests (1)	UNKNOWN STEP	2026-02-25T19:49:17.2709745Z  5de905603ac5 Download complete 
Linux Desktop Tests (1)	UNKNOWN STEP	2026-02-25T19:49:17.2923132Z  c0970b69197c Downloading [>                                                  ]  163.8kB/14.88MB
Linux Desktop Tests (1)	UNKNOWN STEP	2026-02-25T19:49:17.3215772Z  0c8d55a45c0d Pull complete 
Linux Desktop Tests (1)	UNKNOWN STEP	2026-02-25T19:49:17.3278020Z  03af238a5946 Extracting [=>                                                 ]  32.77kB/1.293MB
Linux Desktop Tests (1)	UNKNOWN STEP	2026-02-25T19:49:17.3853887Z  c0970b69197c Download complete 
Linux Desktop Tests (1)	UNKNOWN STEP	2026-02-25T19:49:17.4173294Z  24e28b7dc0a2 Downloading [>                                                  ]  1.378kB/83.13kB
Linux Desktop Tests (1)	UNKNOWN STEP	2026-02-25T19:49:17.4175452Z  9de5f206730a Downloading [>                                                  ]  8.268kB/766.3kB
Linux Desktop Tests (1)	UNKNOWN STEP	2026-02-25T19:49:17.4588011Z  24e28b7dc0a2 Download complete 
Linux Desktop Tests (1)	UNKNOWN STEP	2026-02-25T19:49:17.4626515Z  03af238a5946 Extracting [=============>                                     ]  360.4kB/1.293MB
Linux Desktop Tests (1)	UNKNOWN STEP	2026-02-25T19:49:17.4740053Z  9de5f206730a Downloading [==================================================>]  766.3kB/766.3kB
Linux Desktop Tests (1)	UNKNOWN STEP	2026-02-25T19:49:17.4745982Z  9de5f206730a Verifying Checksum 
Linux Desktop Tests (1)	UNKNOWN STEP	2026-02-25T19:49:17.4746452Z  9de5f206730a Download complete 
Linux Desktop Tests (1)	UNKNOWN STEP	2026-02-25T19:49:17.5310195Z  03af238a5946 Extracting [==================================================>]  1.293MB/1.293MB
Linux Desktop Tests (1)	UNKNOWN STEP	2026-02-25T19:49:17.5312230Z  03af238a5946 Extracting [==================================================>]  1.293MB/1.293MB
Linux Desktop Tests (1)	UNKNOWN STEP	2026-02-25T19:49:17.6282672Z  830180cf89a8 Downloading [>                                                  ]  147.5kB/14.63MB
Linux Desktop Tests (1)	UNKNOWN STEP	2026-02-25T19:49:17.6551903Z  bc1da058f299 Downloading [>                                                  ]  36.77kB/3.644MB
Linux Desktop Tests (1)	UNKNOWN STEP	2026-02-25T19:49:17.6727352Z  09a5a0c32a23 Downloading [======================================>            ]     721B/948B
Linux Desktop Tests (1)	UNKNOWN STEP	2026-02-25T19:49:17.6728338Z  09a5a0c32a23 Downloading [==================================================>]     948B/948B
Linux Desktop Tests (1)	UNKNOWN STEP	2026-02-25T19:49:17.6729232Z  09a5a0c32a23 Verifying Checksum 
Linux Desktop Tests (1)	UNKNOWN STEP	2026-02-25T19:49:17.6729669Z  09a5a0c32a23 Download complete 
Linux Desktop Tests (1)	UNKNOWN STEP	2026-02-25T19:49:17.7262933Z  830180cf89a8 Verifying Checksum 
Linux Desktop Tests (1)	UNKNOWN STEP	2026-02-25T19:49:17.7263429Z  830180cf89a8 Download complete 
Linux Desktop Tests (1)	UNKNOWN STEP	2026-02-25T19:49:17.7443189Z  bc1da058f299 Downloading [==================================================>]  3.644MB/3.644MB
Linux Desktop Tests (1)	UNKNOWN STEP	2026-02-25T19:49:17.7444134Z  bc1da058f299 Verifying Checksum 
Linux Desktop Tests (1)	UNKNOWN STEP	2026-02-25T19:49:17.7444975Z  bc1da058f299 Download complete 
Linux Desktop Tests (1)	UNKNOWN STEP	2026-02-25T19:49:17.7450095Z  bc1da058f299 Extracting [>                                                  ]  65.54kB/3.644MB
Linux Desktop Tests (1)	UNKNOWN STEP	2026-02-25T19:49:17.8459661Z  bc1da058f299 Extracting [======================================>            ]  2.818MB/3.644MB
Linux Desktop Tests (1)	UNKNOWN STEP	2026-02-25T19:49:17.8582373Z  bc1da058f299 Extracting [==================================================>]  3.644MB/3.644MB
Linux Desktop Tests (1)	UNKNOWN STEP	2026-02-25T19:49:17.8586765Z  bc1da058f299 Extracting [==================================================>]  3.644MB/3.644MB
Linux Desktop Tests (1)	UNKNOWN STEP	2026-02-25T19:49:17.8794971Z  bd53938b1271 Downloading [>                                                  ]  2.087kB/173.4kB
Linux Desktop Tests (1)	UNKNOWN STEP	2026-02-25T19:49:17.8833382Z  bc1da058f299 Pull complete 
Linux Desktop Tests (1)	UNKNOWN STEP	2026-02-25T19:49:17.8845455Z  09a5a0c32a23 Extracting [==================================================>]     948B/948B
Linux Desktop Tests (1)	UNKNOWN STEP	2026-02-25T19:49:17.8849914Z  09a5a0c32a23 Extracting [==================================================>]     948B/948B
Linux Desktop Tests (1)	UNKNOWN STEP	2026-02-25T19:49:17.9071887Z  bd53938b1271 Downloading [==================================================>]  173.4kB/173.4kB
Linux Desktop Tests (1)	UNKNOWN STEP	2026-02-25T19:49:17.9072781Z  bd53938b1271 Verifying Checksum 
Linux Desktop Tests (1)	UNKNOWN STEP	2026-02-25T19:49:17.9073235Z  bd53938b1271 Download complete 
Linux Desktop Tests (1)	UNKNOWN STEP	2026-02-25T19:49:17.9270252Z  9fe3744a2eac Downloading [>                                                  ]   10.3kB/1.003MB
Linux Desktop Tests (1)	UNKNOWN STEP	2026-02-25T19:49:17.9620855Z  7ad54b3c4cef Downloading [>                                                  ]  126.5kB/12.41MB
Linux Desktop Tests (1)	UNKNOWN STEP	2026-02-25T19:49:17.9881916Z  9fe3744a2eac Verifying Checksum 
Linux Desktop Tests (1)	UNKNOWN STEP	2026-02-25T19:49:17.9882939Z  9fe3744a2eac Download complete 
Linux Desktop Tests (1)	UNKNOWN STEP	2026-02-25T19:49:18.0658341Z  7ad54b3c4cef Downloading [======>                                            ]  1.692MB/12.41MB
Linux Desktop Tests (1)	UNKNOWN STEP	2026-02-25T19:49:18.0986389Z  2a97533d89ca Downloading [==================================================>]     100B/100B
Linux Desktop Tests (1)	UNKNOWN STEP	2026-02-25T19:49:18.0987128Z  2a97533d89ca Download complete 
Linux Desktop Tests (1)	UNKNOWN STEP	2026-02-25T19:49:18.1169662Z  7ad54b3c4cef Verifying Checksum 
Linux Desktop Tests (1)	UNKNOWN STEP	2026-02-25T19:49:18.1170122Z  7ad54b3c4cef Download complete 
Linux Desktop Tests (1)	UNKNOWN STEP	2026-02-25T19:49:18.1746525Z  4f4fb700ef54 Downloading [==================================================>]      32B/32B
Linux Desktop Tests (1)	UNKNOWN STEP	2026-02-25T19:49:18.1748454Z  4f4fb700ef54 Verifying Checksum 
Linux Desktop Tests (1)	UNKNOWN STEP	2026-02-25T19:49:18.1749319Z  4f4fb700ef54 Download complete 
Linux Desktop Tests (1)	UNKNOWN STEP	2026-02-25T19:49:18.3401567Z  589002ba0eae Downloading [>                                                  ]  39.05kB/3.862MB
Linux Desktop Tests (1)	UNKNOWN STEP	2026-02-25T19:49:18.3429316Z  5ffb427686b6 Downloading [=====================================>             ]     721B/972B
Linux Desktop Tests (1)	UNKNOWN STEP	2026-02-25T19:49:18.3430272Z  5ffb427686b6 Downloading [==================================================>]     972B/972B
Linux Desktop Tests (1)	UNKNOWN STEP	2026-02-25T19:49:18.3430954Z  5ffb427686b6 Verifying Checksum 
Linux Desktop Tests (1)	UNKNOWN STEP	2026-02-25T19:49:18.3431442Z  5ffb427686b6 Download complete 
Linux Desktop Tests (1)	UNKNOWN STEP	2026-02-25T19:49:18.3669407Z  1c2c8d1ee428 Downloading [==================================================>]     576B/576B
Linux Desktop Tests (1)	UNKNOWN STEP	2026-02-25T19:49:18.3670106Z  1c2c8d1ee428 Verifying Checksum 
Linux Desktop Tests (1)	UNKNOWN STEP	2026-02-25T19:49:18.3670724Z  1c2c8d1ee428 Download complete 
Linux Desktop Tests (1)	UNKNOWN STEP	2026-02-25T19:49:18.4336211Z  589002ba0eae Verifying Checksum 
Linux Desktop Tests (1)	UNKNOWN STEP	2026-02-25T19:49:18.4336790Z  589002ba0eae Download complete 
Linux Desktop Tests (1)	UNKNOWN STEP	2026-02-25T19:49:18.4348241Z  589002ba0eae Extracting [>                                                  ]  65.54kB/3.862MB
Linux Desktop Tests (1)	UNKNOWN STEP	2026-02-25T19:49:18.5156177Z  630177b00352 Downloading [>                                                  ]  9.373kB/922.9kB
Linux Desktop Tests (1)	UNKNOWN STEP	2026-02-25T19:49:18.5353946Z  589002ba0eae Extracting [==============================>                    ]  2.359MB/3.862MB
Linux Desktop Tests (1)	UNKNOWN STEP	2026-02-25T19:49:18.5522908Z  589002ba0eae Extracting [==================================================>]  3.862MB/3.862MB
Linux Desktop Tests (1)	UNKNOWN STEP	2026-02-25T19:49:18.5527384Z  589002ba0eae Extracting [==================================================>]  3.862MB/3.862MB
Linux Desktop Tests (1)	UNKNOWN STEP	2026-02-25T19:49:18.5607029Z  6c18ff1f33d0 Downloading [==================================================>]     173B/173B
Linux Desktop Tests (1)	UNKNOWN STEP	2026-02-25T19:49:18.5607749Z  6c18ff1f33d0 Verifying Checksum 
Linux Desktop Tests (1)	UNKNOWN STEP	2026-02-25T19:49:18.5608200Z  6c18ff1f33d0 Download complete 
Linux Desktop Tests (1)	UNKNOWN STEP	2026-02-25T19:49:18.5706845Z  630177b00352 Verifying Checksum 
Linux Desktop Tests (1)	UNKNOWN STEP	2026-02-25T19:49:18.5707354Z  630177b00352 Download complete 
Linux Desktop Tests (1)	UNKNOWN STEP	2026-02-25T19:49:18.5820745Z  589002ba0eae Pull complete 
Linux Desktop Tests (1)	UNKNOWN STEP	2026-02-25T19:49:18.6145417Z  5ffb427686b6 Extracting [==================================================>]     972B/972B
Linux Desktop Tests (1)	UNKNOWN STEP	2026-02-25T19:49:18.6149266Z  5ffb427686b6 Extracting [==================================================>]     972B/972B
Linux Desktop Tests (1)	UNKNOWN STEP	2026-02-25T19:49:18.6462347Z  13e46e455d3b Downloading [==================================================>]     116B/116B
Linux Desktop Tests (1)	UNKNOWN STEP	2026-02-25T19:49:18.6463075Z  13e46e455d3b Verifying Checksum 
Linux Desktop Tests (1)	UNKNOWN STEP	2026-02-25T19:49:18.6463454Z  13e46e455d3b Download complete 
Linux Desktop Tests (1)	UNKNOWN STEP	2026-02-25T19:49:18.6658168Z  9acd5b82521c Pull complete 
Linux Desktop Tests (1)	UNKNOWN STEP	2026-02-25T19:49:18.6684433Z  09a5a0c32a23 Pull complete 
Linux Desktop Tests (1)	UNKNOWN STEP	2026-02-25T19:49:18.6690085Z  10d78728ec4d Extracting [==================================================>]     122B/122B
Linux Desktop Tests (1)	UNKNOWN STEP	2026-02-25T19:49:18.6691019Z  10d78728ec4d Extracting [==================================================>]     122B/122B
Linux Desktop Tests (1)	UNKNOWN STEP	2026-02-25T19:49:18.6697065Z  03af238a5946 Pull complete 
Linux Desktop Tests (1)	UNKNOWN STEP	2026-02-25T19:49:18.6697503Z  5ffb427686b6 Pull complete 
Linux Desktop Tests (1)	UNKNOWN STEP	2026-02-25T19:49:18.6729118Z  630177b00352 Extracting [=>                                                 ]  32.77kB/922.9kB
Linux Desktop Tests (1)	UNKNOWN STEP	2026-02-25T19:49:18.6790897Z  bd53938b1271 Extracting [=========>                                         ]  32.77kB/173.4kB
Linux Desktop Tests (1)	UNKNOWN STEP	2026-02-25T19:49:18.6802058Z  686599c79c87 Extracting [>                                                  ]  131.1kB/11.8MB
Linux Desktop Tests (1)	UNKNOWN STEP	2026-02-25T19:49:18.6815951Z  10d78728ec4d Pull complete 
Linux Desktop Tests (1)	UNKNOWN STEP	2026-02-25T19:49:18.6843370Z  e0d49f520b92 Extracting [==================================================>]     961B/961B
Linux Desktop Tests (1)	UNKNOWN STEP	2026-02-25T19:49:18.6844071Z  e0d49f520b92 Extracting [==================================================>]     961B/961B
Linux Desktop Tests (1)	UNKNOWN STEP	2026-02-25T19:49:18.6853804Z  bd53938b1271 Extracting [==================================================>]  173.4kB/173.4kB
Linux Desktop Tests (1)	UNKNOWN STEP	2026-02-25T19:49:18.6913306Z  e0d49f520b92 Pull complete 
Linux Desktop Tests (1)	UNKNOWN STEP	2026-02-25T19:49:18.6943416Z  5de905603ac5 Extracting [==================================================>]  17.03kB/17.03kB
Linux Desktop Tests (1)	UNKNOWN STEP	2026-02-25T19:49:18.6954274Z  5de905603ac5 Extracting [==================================================>]  17.03kB/17.03kB
Linux Desktop Tests (1)	UNKNOWN STEP	2026-02-25T19:49:18.7099541Z  5de905603ac5 Pull complete 
Linux Desktop Tests (1)	UNKNOWN STEP	2026-02-25T19:49:18.7121284Z  808bb02340fa Extracting [==================>                                ]  32.77kB/90.98kB
Linux Desktop Tests (1)	UNKNOWN STEP	2026-02-25T19:49:18.7127715Z  808bb02340fa Extracting [==================================================>]  90.98kB/90.98kB
Linux Desktop Tests (1)	UNKNOWN STEP	2026-02-25T19:49:18.7131866Z  808bb02340fa Extracting [==================================================>]  90.98kB/90.98kB
Linux Desktop Tests (1)	UNKNOWN STEP	2026-02-25T19:49:18.7228423Z  630177b00352 Extracting [==================================================>]  922.9kB/922.9kB
Linux Desktop Tests (1)	UNKNOWN STEP	2026-02-25T19:49:18.7387281Z  630177b00352 Pull complete 
Linux Desktop Tests (1)	UNKNOWN STEP	2026-02-25T19:49:18.7390354Z  808bb02340fa Pull complete 
Linux Desktop Tests (1)	UNKNOWN STEP	2026-02-25T19:49:18.7403571Z  6c18ff1f33d0 Extracting [==================================================>]     173B/173B
Linux Desktop Tests (1)	UNKNOWN STEP	2026-02-25T19:49:18.7408024Z  6c18ff1f33d0 Extracting [==================================================>]     173B/173B
Linux Desktop Tests (1)	UNKNOWN STEP	2026-02-25T19:49:18.7435489Z  c0970b69197c Extracting [>                                                  ]  163.8kB/14.88MB
Linux Desktop Tests (1)	UNKNOWN STEP	2026-02-25T19:49:18.7505715Z  40aaa75af6ce Downloading [===>                                               ]     700B/9.62kB
Linux Desktop Tests (1)	UNKNOWN STEP	2026-02-25T19:49:18.7507599Z  40aaa75af6ce Downloading [==================================================>]   9.62kB/9.62kB
Linux Desktop Tests (1)	UNKNOWN STEP	2026-02-25T19:49:18.7511926Z  40aaa75af6ce Verifying Checksum 
Linux Desktop Tests (1)	UNKNOWN STEP	2026-02-25T19:49:18.7512896Z  40aaa75af6ce Download complete 
Linux Desktop Tests (1)	UNKNOWN STEP	2026-02-25T19:49:18.7516293Z  bd53938b1271 Extracting [==================================================>]  173.4kB/173.4kB
Linux Desktop Tests (1)	UNKNOWN STEP	2026-02-25T19:49:18.7572710Z  6c18ff1f33d0 Pull complete 
Linux Desktop Tests (1)	UNKNOWN STEP	2026-02-25T19:49:18.7597073Z  13e46e455d3b Extracting [==================================================>]     116B/116B
Linux Desktop Tests (1)	UNKNOWN STEP	2026-02-25T19:49:18.7598342Z  13e46e455d3b Extracting [==================================================>]     116B/116B
Linux Desktop Tests (1)	UNKNOWN STEP	2026-02-25T19:49:18.7613878Z  b4403f29458a Downloading [>                                                  ]  538.8kB/105.2MB
Linux Desktop Tests (1)	UNKNOWN STEP	2026-02-25T19:49:18.7677834Z  13e46e455d3b Pull complete 
Linux Desktop Tests (1)	UNKNOWN STEP	2026-02-25T19:49:18.8075613Z  686599c79c87 Extracting [===>                                               ]  786.4kB/11.8MB
Linux Desktop Tests (1)	UNKNOWN STEP	2026-02-25T19:49:18.8455997Z  c0970b69197c Extracting [=================>                                 ]  5.079MB/14.88MB
Linux Desktop Tests (1)	UNKNOWN STEP	2026-02-25T19:49:18.8622237Z  b4403f29458a Downloading [=====>                                             ]  10.67MB/105.2MB
Linux Desktop Tests (1)	UNKNOWN STEP	2026-02-25T19:49:18.8714308Z  162bdab1e0a7 Download complete 
Linux Desktop Tests (1)	UNKNOWN STEP	2026-02-25T19:49:18.9140858Z  686599c79c87 Extracting [============>                                      ]  3.015MB/11.8MB
Linux Desktop Tests (1)	UNKNOWN STEP	2026-02-25T19:49:18.9466847Z  c0970b69197c Extracting [=================================>                 ]   9.83MB/14.88MB
Linux Desktop Tests (1)	UNKNOWN STEP	2026-02-25T19:49:18.9634131Z  b4403f29458a Downloading [============>                                      ]  25.56MB/105.2MB
Linux Desktop Tests (1)	UNKNOWN STEP	2026-02-25T19:49:18.9761275Z  ebff7b0ec73e Downloading [==================================================>]     170B/170B
Linux Desktop Tests (1)	UNKNOWN STEP	2026-02-25T19:49:18.9764915Z  ebff7b0ec73e Verifying Checksum 
Linux Desktop Tests (1)	UNKNOWN STEP	2026-02-25T19:49:18.9768186Z  ebff7b0ec73e Download complete 
Linux Desktop Tests (1)	UNKNOWN STEP	2026-02-25T19:49:18.9821997Z  bd53938b1271 Pull complete 
Linux Desktop Tests (1)	UNKNOWN STEP	2026-02-25T19:49:18.9838220Z  9fe3744a2eac Extracting [=>                                                 ]  32.77kB/1.003MB
Linux Desktop Tests (1)	UNKNOWN STEP	2026-02-25T19:49:19.0136700Z  9fe3744a2eac Extracting [==================================================>]  1.003MB/1.003MB
Linux Desktop Tests (1)	UNKNOWN STEP	2026-02-25T19:49:19.0139651Z  9fe3744a2eac Extracting [==================================================>]  1.003MB/1.003MB
Linux Desktop Tests (1)	UNKNOWN STEP	2026-02-25T19:49:19.0370992Z  9fe3744a2eac Pull complete 
Linux Desktop Tests (1)	UNKNOWN STEP	2026-02-25T19:49:19.0383603Z  686599c79c87 Extracting [================>                                  ]  3.801MB/11.8MB
Linux Desktop Tests (1)	UNKNOWN STEP	2026-02-25T19:49:19.0427967Z  7ad54b3c4cef Extracting [>                                                  ]  131.1kB/12.41MB
Linux Desktop Tests (1)	UNKNOWN STEP	2026-02-25T19:49:19.0431706Z  c0970b69197c Extracting [==================================================>]  14.88MB/14.88MB
Linux Desktop Tests (1)	UNKNOWN STEP	2026-02-25T19:49:19.0586985Z  c0970b69197c Pull complete 
Linux Desktop Tests (1)	UNKNOWN STEP	2026-02-25T19:49:19.0612724Z  9de5f206730a Extracting [==>                                                ]  32.77kB/766.3kB
Linux Desktop Tests (1)	UNKNOWN STEP	2026-02-25T19:49:19.0673864Z  b4403f29458a Downloading [====================>                              ]  43.23MB/105.2MB
Linux Desktop Tests (1)	UNKNOWN STEP	2026-02-25T19:49:19.0772811Z  c02179436571 Downloading [=====>                                             ]     700B/5.84kB
Linux Desktop Tests (1)	UNKNOWN STEP	2026-02-25T19:49:19.0779272Z  c02179436571 Download complete 
Linux Desktop Tests (1)	UNKNOWN STEP	2026-02-25T19:49:19.0814827Z  9de5f206730a Extracting [==================================================>]  766.3kB/766.3kB
Linux Desktop Tests (1)	UNKNOWN STEP	2026-02-25T19:49:19.0999461Z  9de5f206730a Pull complete 
Linux Desktop Tests (1)	UNKNOWN STEP	2026-02-25T19:49:19.1019730Z  24e28b7dc0a2 Extracting [===================>                               ]  32.77kB/83.13kB
Linux Desktop Tests (1)	UNKNOWN STEP	2026-02-25T19:49:19.1031458Z  24e28b7dc0a2 Extracting [==================================================>]  83.13kB/83.13kB
Linux Desktop Tests (1)	UNKNOWN STEP	2026-02-25T19:49:19.1037982Z  24e28b7dc0a2 Extracting [==================================================>]  83.13kB/83.13kB
Linux Desktop Tests (1)	UNKNOWN STEP	2026-02-25T19:49:19.1362508Z  24e28b7dc0a2 Pull complete 
Linux Desktop Tests (1)	UNKNOWN STEP	2026-02-25T19:49:19.1390329Z  830180cf89a8 Extracting [>                                                  ]  163.8kB/14.63MB
Linux Desktop Tests (1)	UNKNOWN STEP	2026-02-25T19:49:19.1429347Z  7ad54b3c4cef Extracting [==========>                                        ]  2.621MB/12.41MB
Linux Desktop Tests (1)	UNKNOWN STEP	2026-02-25T19:49:19.1478380Z  686599c79c87 Extracting [=========================>                         ]  6.029MB/11.8MB
Linux Desktop Tests (1)	UNKNOWN STEP	2026-02-25T19:49:19.1681589Z  b4403f29458a Downloading [===========================>                       ]  57.07MB/105.2MB
Linux Desktop Tests (1)	UNKNOWN STEP	2026-02-25T19:49:19.2150888Z  8243369e9866 Downloading [==================================================>]     186B/186B
Linux Desktop Tests (1)	UNKNOWN STEP	2026-02-25T19:49:19.2152631Z  8243369e9866 Verifying Checksum 
Linux Desktop Tests (1)	UNKNOWN STEP	2026-02-25T19:49:19.2153969Z  8243369e9866 Download complete 
Linux Desktop Tests (1)	UNKNOWN STEP	2026-02-25T19:49:19.2403142Z  830180cf89a8 Extracting [==============>                                    ]  4.096MB/14.63MB
Linux Desktop Tests (1)	UNKNOWN STEP	2026-02-25T19:49:19.2449638Z  7ad54b3c4cef Extracting [=============================>                     ]  7.209MB/12.41MB
Linux Desktop Tests (1)	UNKNOWN STEP	2026-02-25T19:49:19.2483770Z  686599c79c87 Extracting [================================>                  ]  7.602MB/11.8MB
Linux Desktop Tests (1)	UNKNOWN STEP	2026-02-25T19:49:19.2697623Z  b4403f29458a Downloading [===================================>               ]   74.1MB/105.2MB
Linux Desktop Tests (1)	UNKNOWN STEP	2026-02-25T19:49:19.3433099Z  830180cf89a8 Extracting [===========================>                       ]  8.028MB/14.63MB
Linux Desktop Tests (1)	UNKNOWN STEP	2026-02-25T19:49:19.3469751Z  7ad54b3c4cef Extracting [=================================================> ]  12.19MB/12.41MB
Linux Desktop Tests (1)	UNKNOWN STEP	2026-02-25T19:49:19.3507902Z  7ad54b3c4cef Extracting [==================================================>]  12.41MB/12.41MB
Linux Desktop Tests (1)	UNKNOWN STEP	2026-02-25T19:49:19.3627757Z  686599c79c87 Extracting [======================================>            ]  9.175MB/11.8MB
Linux Desktop Tests (1)	UNKNOWN STEP	2026-02-25T19:49:19.3758998Z  b4403f29458a Downloading [=======================================>           ]  83.18MB/105.2MB
Linux Desktop Tests (1)	UNKNOWN STEP	2026-02-25T19:49:19.4061443Z  7ad54b3c4cef Pull complete 
Linux Desktop Tests (1)	UNKNOWN STEP	2026-02-25T19:49:19.4073455Z  2a97533d89ca Extracting [==================================================>]     100B/100B
Linux Desktop Tests (1)	UNKNOWN STEP	2026-02-25T19:49:19.4081138Z  2a97533d89ca Extracting [==================================================>]     100B/100B
Linux Desktop Tests (1)	UNKNOWN STEP	2026-02-25T19:49:19.4239567Z  2a97533d89ca Pull complete 
Linux Desktop Tests (1)	UNKNOWN STEP	2026-02-25T19:49:19.4245825Z  4f4fb700ef54 Extracting [==================================================>]      32B/32B
Linux Desktop Tests (1)	UNKNOWN STEP	2026-02-25T19:49:19.4246834Z  4f4fb700ef54 Extracting [==================================================>]      32B/32B
Linux Desktop Tests (1)	UNKNOWN STEP	2026-02-25T19:49:19.4366506Z  4f4fb700ef54 Pull complete 
Linux Desktop Tests (1)	UNKNOWN STEP	2026-02-25T19:49:19.4441258Z  1c2c8d1ee428 Extracting [==================================================>]     576B/576B
Linux Desktop Tests (1)	UNKNOWN STEP	2026-02-25T19:49:19.4448353Z  830180cf89a8 Extracting [======================================>            ]   11.3MB/14.63MB
Linux Desktop Tests (1)	UNKNOWN STEP	2026-02-25T19:49:19.4450902Z  1c2c8d1ee428 Extracting [==================================================>]     576B/576B
Linux Desktop Tests (1)	UNKNOWN STEP	2026-02-25T19:49:19.4595379Z  1c2c8d1ee428 Pull complete 
Linux Desktop Tests (1)	UNKNOWN STEP	2026-02-25T19:49:19.4669267Z  redis Pulled 
Linux Desktop Tests (1)	UNKNOWN STEP	2026-02-25T19:49:19.4730800Z  686599c79c87 Extracting [==========================================>        ]  10.09MB/11.8MB
Linux Desktop Tests (1)	UNKNOWN STEP	2026-02-25T19:49:19.4759898Z  b4403f29458a Downloading [=========================================>         ]  87.98MB/105.2MB
Linux Desktop Tests (1)	UNKNOWN STEP	2026-02-25T19:49:19.5013563Z  830180cf89a8 Extracting [==================================================>]  14.63MB/14.63MB
Linux Desktop Tests (1)	UNKNOWN STEP	2026-02-25T19:49:19.5177332Z  830180cf89a8 Pull complete 
Linux Desktop Tests (1)	UNKNOWN STEP	2026-02-25T19:49:19.5238240Z  dex Pulled 
Linux Desktop Tests (1)	UNKNOWN STEP	2026-02-25T19:49:19.5781635Z  686599c79c87 Extracting [=============================================>     ]  10.75MB/11.8MB
Linux Desktop Tests (1)	UNKNOWN STEP	2026-02-25T19:49:19.5827011Z  b4403f29458a Downloading [=================================================> ]  103.4MB/105.2MB
Linux Desktop Tests (1)	UNKNOWN STEP	2026-02-25T19:49:19.6054270Z  b4403f29458a Verifying Checksum 
Linux Desktop Tests (1)	UNKNOWN STEP	2026-02-25T19:49:19.6055090Z  b4403f29458a Download complete 
Linux Desktop Tests (1)	UNKNOWN STEP	2026-02-25T19:49:19.6146931Z  b4403f29458a Extracting [>                                                  ]  557.1kB/105.2MB
Linux Desktop Tests (1)	UNKNOWN STEP	2026-02-25T19:49:19.6567441Z  686599c79c87 Extracting [==================================================>]   11.8MB/11.8MB
Linux Desktop Tests (1)	UNKNOWN STEP	2026-02-25T19:49:19.6855808Z  686599c79c87 Pull complete 
Linux Desktop Tests (1)	UNKNOWN STEP	2026-02-25T19:49:19.6889613Z  f1cadbd7abd2 Extracting [==================================================>]     252B/252B
Linux Desktop Tests (1)	UNKNOWN STEP	2026-02-25T19:49:19.6890914Z  f1cadbd7abd2 Extracting [==================================================>]     252B/252B
Linux Desktop Tests (1)	UNKNOWN STEP	2026-02-25T19:49:19.7100150Z  f1cadbd7abd2 Pull complete 
Linux Desktop Tests (1)	UNKNOWN STEP	2026-02-25T19:49:19.7114219Z  3ee96ea8e5d2 Extracting [==================================================>]     250B/250B
Linux Desktop Tests (1)	UNKNOWN STEP	2026-02-25T19:49:19.7120454Z  3ee96ea8e5d2 Extracting [==================================================>]     250B/250B
Linux Desktop Tests (1)	UNKNOWN STEP	2026-02-25T19:49:19.7165529Z  b4403f29458a Extracting [=>                                                 ]  2.785MB/105.2MB
Linux Desktop Tests (1)	UNKNOWN STEP	2026-02-25T19:49:19.7237754Z  3ee96ea8e5d2 Pull complete 
Linux Desktop Tests (1)	UNKNOWN STEP	2026-02-25T19:49:19.7270728Z  a954d256f742 Extracting [>                                                  ]  229.4kB/21.98MB
Linux Desktop Tests (1)	UNKNOWN STEP	2026-02-25T19:49:19.8234547Z  b4403f29458a Extracting [====>                                              ]  10.03MB/105.2MB
Linux Desktop Tests (1)	UNKNOWN STEP	2026-02-25T19:49:19.8346023Z  a954d256f742 Extracting [=====>                                             ]  2.294MB/21.98MB
Linux Desktop Tests (1)	UNKNOWN STEP	2026-02-25T19:49:19.9267283Z  b4403f29458a Extracting [========>                                          ]  17.83MB/105.2MB
Linux Desktop Tests (1)	UNKNOWN STEP	2026-02-25T19:49:19.9373307Z  a954d256f742 Extracting [==============>                                    ]  6.423MB/21.98MB
Linux Desktop Tests (1)	UNKNOWN STEP	2026-02-25T19:49:20.0325850Z  b4403f29458a Extracting [============>                                      ]  25.62MB/105.2MB
Linux Desktop Tests (1)	UNKNOWN STEP	2026-02-25T19:49:20.0416113Z  a954d256f742 Extracting [==============================>                    ]  13.53MB/21.98MB
Linux Desktop Tests (1)	UNKNOWN STEP	2026-02-25T19:49:20.1374891Z  b4403f29458a Extracting [===============>                                   ]  32.87MB/105.2MB
Linux Desktop Tests (1)	UNKNOWN STEP	2026-02-25T19:49:20.1524095Z  a954d256f742 Extracting [=============================================>     ]  19.96MB/21.98MB
Linux Desktop Tests (1)	UNKNOWN STEP	2026-02-25T19:49:20.2344205Z  a954d256f742 Extracting [==================================================>]  21.98MB/21.98MB
Linux Desktop Tests (1)	UNKNOWN STEP	2026-02-25T19:49:20.2399702Z  b4403f29458a Extracting [===================>                               ]  40.67MB/105.2MB
Linux Desktop Tests (1)	UNKNOWN STEP	2026-02-25T19:49:20.3248707Z  a954d256f742 Pull complete 
Linux Desktop Tests (1)	UNKNOWN STEP	2026-02-25T19:49:20.3267882Z  c7ce85987d6d Extracting [==================================================>]  13.29kB/13.29kB
Linux Desktop Tests (1)	UNKNOWN STEP	2026-02-25T19:49:20.3272886Z  c7ce85987d6d Extracting [==================================================>]  13.29kB/13.29kB
Linux Desktop Tests (1)	UNKNOWN STEP	2026-02-25T19:49:20.3437688Z  b4403f29458a Extracting [=======================>                           ]  48.46MB/105.2MB
Linux Desktop Tests (1)	UNKNOWN STEP	2026-02-25T19:49:20.3565549Z  c7ce85987d6d Pull complete 
Linux Desktop Tests (1)	UNKNOWN STEP	2026-02-25T19:49:20.3844355Z  7807da78b90b Extracting [>                                                  ]  458.8kB/45.54MB
Linux Desktop Tests (1)	UNKNOWN STEP	2026-02-25T19:49:20.4499318Z  b4403f29458a Extracting [========================>                          ]  52.36MB/105.2MB
Linux Desktop Tests (1)	UNKNOWN STEP	2026-02-25T19:49:20.5552858Z  b4403f29458a Extracting [===========================>                       ]  58.49MB/105.2MB
Linux Desktop Tests (1)	UNKNOWN STEP	2026-02-25T19:49:20.5715511Z  7807da78b90b Extracting [===>                                               ]  2.753MB/45.54MB
Linux Desktop Tests (1)	UNKNOWN STEP	2026-02-25T19:49:20.6552252Z  b4403f29458a Extracting [==============================>                    ]  65.18MB/105.2MB
Linux Desktop Tests (1)	UNKNOWN STEP	2026-02-25T19:49:20.6770694Z  7807da78b90b Extracting [=====>                                             ]  5.046MB/45.54MB
Linux Desktop Tests (1)	UNKNOWN STEP	2026-02-25T19:49:20.7573065Z  b4403f29458a Extracting [==================================>                ]  72.42MB/105.2MB
Linux Desktop Tests (1)	UNKNOWN STEP	2026-02-25T19:49:20.7906215Z  7807da78b90b Extracting [=========>                                         ]  8.258MB/45.54MB
Linux Desktop Tests (1)	UNKNOWN STEP	2026-02-25T19:49:20.9163942Z  b4403f29458a Extracting [===================================>               ]   75.2MB/105.2MB
Linux Desktop Tests (1)	UNKNOWN STEP	2026-02-25T19:49:20.9255591Z  7807da78b90b Extracting [==========>                                        ]  9.175MB/45.54MB
Linux Desktop Tests (1)	UNKNOWN STEP	2026-02-25T19:49:21.0279200Z  7807da78b90b Extracting [==============>                                    ]  12.85MB/45.54MB
Linux Desktop Tests (1)	UNKNOWN STEP	2026-02-25T19:49:21.1064139Z  b4403f29458a Extracting [====================================>              ]  76.32MB/105.2MB
Linux Desktop Tests (1)	UNKNOWN STEP	2026-02-25T19:49:21.1281999Z  7807da78b90b Extracting [==================>                                ]  16.97MB/45.54MB
Linux Desktop Tests (1)	UNKNOWN STEP	2026-02-25T19:49:21.2254578Z  b4403f29458a Extracting [=====================================>             ]   79.1MB/105.2MB
Linux Desktop Tests (1)	UNKNOWN STEP	2026-02-25T19:49:21.3046156Z  7807da78b90b Extracting [=====================>                             ]  19.27MB/45.54MB
Linux Desktop Tests (1)	UNKNOWN STEP	2026-02-25T19:49:21.3311724Z  b4403f29458a Extracting [=======================================>           ]  82.44MB/105.2MB
Linux Desktop Tests (1)	UNKNOWN STEP	2026-02-25T19:49:21.4382953Z  b4403f29458a Extracting [========================================>          ]  85.79MB/105.2MB
Linux Desktop Tests (1)	UNKNOWN STEP	2026-02-25T19:49:21.4882667Z  7807da78b90b Extracting [=======================>                           ]  21.56MB/45.54MB
Linux Desktop Tests (1)	UNKNOWN STEP	2026-02-25T19:49:21.5480489Z  b4403f29458a Extracting [==========================================>        ]  90.24MB/105.2MB
Linux Desktop Tests (1)	UNKNOWN STEP	2026-02-25T19:49:21.5922617Z  7807da78b90b Extracting [=============================>                     ]  27.07MB/45.54MB
Linux Desktop Tests (1)	UNKNOWN STEP	2026-02-25T19:49:21.6880281Z  b4403f29458a Extracting [===========================================>       ]  92.47MB/105.2MB
Linux Desktop Tests (1)	UNKNOWN STEP	2026-02-25T19:49:21.7182526Z  7807da78b90b Extracting [==============================>                    ]  27.98MB/45.54MB
Linux Desktop Tests (1)	UNKNOWN STEP	2026-02-25T19:49:21.7909314Z  b4403f29458a Extracting [================================================>  ]  101.4MB/105.2MB
Linux Desktop Tests (1)	UNKNOWN STEP	2026-02-25T19:49:21.8580069Z  b4403f29458a Extracting [==================================================>]  105.2MB/105.2MB
Linux Desktop Tests (1)	UNKNOWN STEP	2026-02-25T19:49:22.0114180Z  7807da78b90b Extracting [=================================>                 ]  30.74MB/45.54MB
Linux Desktop Tests (1)	UNKNOWN STEP	2026-02-25T19:49:22.1167548Z  7807da78b90b Extracting [==================================>                ]  31.65MB/45.54MB
Linux Desktop Tests (1)	UNKNOWN STEP	2026-02-25T19:49:22.2697080Z  7807da78b90b Extracting [===================================>               ]  32.57MB/45.54MB
Linux Desktop Tests (1)	UNKNOWN STEP	2026-02-25T19:49:22.3712378Z  7807da78b90b Extracting [====================================>              ]  33.49MB/45.54MB
Linux Desktop Tests (1)	UNKNOWN STEP	2026-02-25T19:49:22.4682761Z  b4403f29458a Pull complete 
Linux Desktop Tests (1)	UNKNOWN STEP	2026-02-25T19:49:22.4696011Z  40aaa75af6ce Extracting [==================================================>]   9.62kB/9.62kB
Linux Desktop Tests (1)	UNKNOWN STEP	2026-02-25T19:49:22.4699153Z  40aaa75af6ce Extracting [==================================================>]   9.62kB/9.62kB
Linux Desktop Tests (1)	UNKNOWN STEP	2026-02-25T19:49:22.4850867Z  7807da78b90b Extracting [=====================================>             ]  34.41MB/45.54MB
Linux Desktop Tests (1)	UNKNOWN STEP	2026-02-25T19:49:22.5118010Z  40aaa75af6ce Pull complete 
Linux Desktop Tests (1)	UNKNOWN STEP	2026-02-25T19:49:22.5129811Z  162bdab1e0a7 Extracting [==================================================>]     128B/128B
Linux Desktop Tests (1)	UNKNOWN STEP	2026-02-25T19:49:22.5138939Z  162bdab1e0a7 Extracting [==================================================>]     128B/128B
Linux Desktop Tests (1)	UNKNOWN STEP	2026-02-25T19:49:22.5229460Z  162bdab1e0a7 Pull complete 
Linux Desktop Tests (1)	UNKNOWN STEP	2026-02-25T19:49:22.5329379Z  ebff7b0ec73e Extracting [==================================================>]     170B/170B
Linux Desktop Tests (1)	UNKNOWN STEP	2026-02-25T19:49:22.5335422Z  ebff7b0ec73e Extracting [==================================================>]     170B/170B
Linux Desktop Tests (1)	UNKNOWN STEP	2026-02-25T19:49:22.5430128Z  ebff7b0ec73e Pull complete 
Linux Desktop Tests (1)	UNKNOWN STEP	2026-02-25T19:49:22.5443030Z  c02179436571 Extracting [==================================================>]   5.84kB/5.84kB
Linux Desktop Tests (1)	UNKNOWN STEP	2026-02-25T19:49:22.5449945Z  c02179436571 Extracting [==================================================>]   5.84kB/5.84kB
Linux Desktop Tests (1)	UNKNOWN STEP	2026-02-25T19:49:22.5540024Z  c02179436571 Pull complete 
Linux Desktop Tests (1)	UNKNOWN STEP	2026-02-25T19:49:22.5552236Z  8243369e9866 Extracting [==================================================>]     186B/186B
Linux Desktop Tests (1)	UNKNOWN STEP	2026-02-25T19:49:22.5556800Z  8243369e9866 Extracting [==================================================>]     186B/186B
Linux Desktop Tests (1)	UNKNOWN STEP	2026-02-25T19:49:22.5654670Z  8243369e9866 Pull complete 
Linux Desktop Tests (1)	UNKNOWN STEP	2026-02-25T19:49:22.5712675Z  postgres Pulled 
Linux Desktop Tests (1)	UNKNOWN STEP	2026-02-25T19:49:22.6526701Z  7807da78b90b Extracting [======================================>            ]  34.87MB/45.54MB
Linux Desktop Tests (1)	UNKNOWN STEP	2026-02-25T19:49:22.7658482Z  7807da78b90b Extracting [============================================>      ]  40.83MB/45.54MB
Linux Desktop Tests (1)	UNKNOWN STEP	2026-02-25T19:49:22.9131297Z  7807da78b90b Extracting [==============================================>    ]  42.21MB/45.54MB
Linux Desktop Tests (1)	UNKNOWN STEP	2026-02-25T19:49:23.0520042Z  7807da78b90b Extracting [===============================================>   ]  43.58MB/45.54MB
Linux Desktop Tests (1)	UNKNOWN STEP	2026-02-25T19:49:23.1589024Z  7807da78b90b Extracting [=================================================> ]  44.96MB/45.54MB
Linux Desktop Tests (1)	UNKNOWN STEP	2026-02-25T19:49:23.1741543Z  7807da78b90b Extracting [==================================================>]  45.54MB/45.54MB
Linux Desktop Tests (1)	UNKNOWN STEP	2026-02-25T19:49:23.2580109Z  7807da78b90b Pull complete 
Linux Desktop Tests (1)	UNKNOWN STEP	2026-02-25T19:49:23.2590890Z  0478cd5c1079 Extracting [==================================================>]  3.507kB/3.507kB
Linux Desktop Tests (1)	UNKNOWN STEP	2026-02-25T19:49:23.2593988Z  0478cd5c1079 Extracting [==================================================>]  3.507kB/3.507kB
Linux Desktop Tests (1)	UNKNOWN STEP	2026-02-25T19:49:23.2671668Z  0478cd5c1079 Pull complete 
Linux Desktop Tests (1)	UNKNOWN STEP	2026-02-25T19:49:23.2683250Z  3a02ac06be95 Extracting [==================================================>]  3.462kB/3.462kB
Linux Desktop Tests (1)	UNKNOWN STEP	2026-02-25T19:49:23.2688054Z  3a02ac06be95 Extracting [==================================================>]  3.462kB/3.462kB
Linux Desktop Tests (1)	UNKNOWN STEP	2026-02-25T19:49:23.2749766Z  3a02ac06be95 Pull complete 
Linux Desktop Tests (1)	UNKNOWN STEP	2026-02-25T19:49:23.2805891Z  matrix-synapse Pulled 
Linux Desktop Tests (1)	UNKNOWN STEP	2026-02-25T19:49:23.2832117Z  Network substitution_substitution_network  Creating
Linux Desktop Tests (1)	UNKNOWN STEP	2026-02-25T19:49:23.3240990Z  Network substitution_substitution_network  Created
Linux Desktop Tests (1)	UNKNOWN STEP	2026-02-25T19:49:23.3246751Z  Container substitution-dex-1  Creating
Linux Desktop Tests (1)	UNKNOWN STEP	2026-02-25T19:49:23.3247294Z  Container substitution-redis-1  Creating
Linux Desktop Tests (1)	UNKNOWN STEP	2026-02-25T19:49:23.3247620Z  Container substitution-postgres-1  Creating
Linux Desktop Tests (1)	UNKNOWN STEP	2026-02-25T19:49:23.3494701Z  Container substitution-dex-1  Created
Linux Desktop Tests (1)	UNKNOWN STEP	2026-02-25T19:49:23.3495341Z  Container substitution-postgres-1  Created
Linux Desktop Tests (1)	UNKNOWN STEP	2026-02-25T19:49:23.3495859Z  Container substitution-redis-1  Created
Linux Desktop Tests (1)	UNKNOWN STEP	2026-02-25T19:49:23.3496383Z  Container substitution-matrix-synapse-1  Creating
Linux Desktop Tests (1)	UNKNOWN STEP	2026-02-25T19:49:23.3592792Z  Container substitution-matrix-synapse-1  Created
Linux Desktop Tests (1)	UNKNOWN STEP	2026-02-25T19:49:23.3605013Z  Container substitution-dex-1  Starting
Linux Desktop Tests (1)	UNKNOWN STEP	2026-02-25T19:49:23.3613340Z  Container substitution-postgres-1  Starting
Linux Desktop Tests (1)	UNKNOWN STEP	2026-02-25T19:49:23.3613883Z  Container substitution-redis-1  Starting
Linux Desktop Tests (1)	UNKNOWN STEP	2026-02-25T19:49:23.7469599Z  Container substitution-redis-1  Started
Linux Desktop Tests (1)	UNKNOWN STEP	2026-02-25T19:49:23.7569579Z  Container substitution-postgres-1  Started
Linux Desktop Tests (1)	UNKNOWN STEP	2026-02-25T19:49:23.7619551Z  Container substitution-dex-1  Started
Linux Desktop Tests (1)	UNKNOWN STEP	2026-02-25T19:49:23.7622091Z  Container substitution-dex-1  Waiting
Linux Desktop Tests (1)	UNKNOWN STEP	2026-02-25T19:49:23.7622919Z  Container substitution-postgres-1  Waiting
Linux Desktop Tests (1)	UNKNOWN STEP	2026-02-25T19:49:29.2636264Z  Container substitution-dex-1  Healthy
Linux Desktop Tests (1)	UNKNOWN STEP	2026-02-25T19:49:34.2637797Z  Container substitution-postgres-1  Healthy
Linux Desktop Tests (1)	UNKNOWN STEP	2026-02-25T19:49:34.2638449Z  Container substitution-matrix-synapse-1  Starting
Linux Desktop Tests (1)	UNKNOWN STEP	2026-02-25T19:49:34.4159126Z  Container substitution-matrix-synapse-1  Started
Linux Desktop Tests (1)	UNKNOWN STEP	2026-02-25T19:49:44.4971566Z time="2026-02-25T19:49:44Z" level=warning msg="/home/runner/work/substitution/substitution/docker-compose.yml: the attribute `version` is obsolete, it will be ignored, please remove it to avoid potential confusion"
Linux Desktop Tests (1)	UNKNOWN STEP	2026-02-25T19:49:44.5064609Z  Container substitution-postgres-1  Running
Linux Desktop Tests (1)	UNKNOWN STEP	2026-02-25T19:49:44.5070707Z  Container substitution-dex-1  Running
Linux Desktop Tests (1)	UNKNOWN STEP	2026-02-25T19:49:44.5071405Z  Container substitution-matrix-synapse-1  Running
Linux Desktop Tests (1)	UNKNOWN STEP	2026-02-25T19:49:44.5081516Z  Container substitution-postgres-1  Waiting
Linux Desktop Tests (1)	UNKNOWN STEP	2026-02-25T19:49:44.5082204Z  Container substitution-dex-1  Waiting
Linux Desktop Tests (1)	UNKNOWN STEP	2026-02-25T19:49:45.0102352Z  Container substitution-dex-1  Healthy
Linux Desktop Tests (1)	UNKNOWN STEP	2026-02-25T19:49:45.0103036Z  Container substitution-postgres-1  Healthy
Linux Desktop Tests (1)	UNKNOWN STEP	2026-02-25T19:49:45.0116386Z  matrix-init Pulling 
Linux Desktop Tests (1)	UNKNOWN STEP	2026-02-25T19:49:45.6995493Z  589002ba0eae Already exists 
Linux Desktop Tests (1)	UNKNOWN STEP	2026-02-25T19:49:45.7008490Z  aca07fe076f1 Pulling fs layer 
Linux Desktop Tests (1)	UNKNOWN STEP	2026-02-25T19:49:45.7009260Z  6dafe251d313 Pulling fs layer 
Linux Desktop Tests (1)	UNKNOWN STEP	2026-02-25T19:49:45.7009684Z  fa340e77c336 Pulling fs layer 
Linux Desktop Tests (1)	UNKNOWN STEP	2026-02-25T19:49:45.8981666Z  aca07fe076f1 Downloading [>                                                  ]  4.824kB/460.9kB
Linux Desktop Tests (1)	UNKNOWN STEP	2026-02-25T19:49:45.9142236Z  fa340e77c336 Downloading [==================================================>]     247B/247B
Linux Desktop Tests (1)	UNKNOWN STEP	2026-02-25T19:49:45.9142681Z  fa340e77c336 Verifying Checksum 
Linux Desktop Tests (1)	UNKNOWN STEP	2026-02-25T19:49:45.9142967Z  fa340e77c336 Download complete 
Linux Desktop Tests (1)	UNKNOWN STEP	2026-02-25T19:49:45.9342480Z  aca07fe076f1 Downloading [==================================================>]  460.9kB/460.9kB
Linux Desktop Tests (1)	UNKNOWN STEP	2026-02-25T19:49:45.9343200Z  aca07fe076f1 Download complete 
Linux Desktop Tests (1)	UNKNOWN STEP	2026-02-25T19:49:45.9343799Z  aca07fe076f1 Extracting [===>                                               ]  32.77kB/460.9kB
Linux Desktop Tests (1)	UNKNOWN STEP	2026-02-25T19:49:45.9525898Z  6dafe251d313 Downloading [>                                                  ]  164.1kB/16.02MB
Linux Desktop Tests (1)	UNKNOWN STEP	2026-02-25T19:49:46.0546335Z  6dafe251d313 Downloading [=======================================>           ]  12.75MB/16.02MB
Linux Desktop Tests (1)	UNKNOWN STEP	2026-02-25T19:49:46.0606695Z  aca07fe076f1 Extracting [==================================================>]  460.9kB/460.9kB
Linux Desktop Tests (1)	UNKNOWN STEP	2026-02-25T19:49:46.0725200Z  6dafe251d313 Verifying Checksum 
Linux Desktop Tests (1)	UNKNOWN STEP	2026-02-25T19:49:46.0726141Z  6dafe251d313 Download complete 
Linux Desktop Tests (1)	UNKNOWN STEP	2026-02-25T19:49:46.2170451Z  aca07fe076f1 Pull complete 
Linux Desktop Tests (1)	UNKNOWN STEP	2026-02-25T19:49:46.2193629Z  6dafe251d313 Extracting [>                                                  ]  163.8kB/16.02MB
Linux Desktop Tests (1)	UNKNOWN STEP	2026-02-25T19:49:46.3196567Z  6dafe251d313 Extracting [========>                                          ]  2.785MB/16.02MB
Linux Desktop Tests (1)	UNKNOWN STEP	2026-02-25T19:49:46.4360065Z  6dafe251d313 Extracting [=================>                                 ]  5.734MB/16.02MB
Linux Desktop Tests (1)	UNKNOWN STEP	2026-02-25T19:49:46.5365147Z  6dafe251d313 Extracting [================================>                  ]  10.49MB/16.02MB
Linux Desktop Tests (1)	UNKNOWN STEP	2026-02-25T19:49:46.6509599Z  6dafe251d313 Extracting [=======================================>           ]  12.78MB/16.02MB
Linux Desktop Tests (1)	UNKNOWN STEP	2026-02-25T19:49:46.7582377Z  6dafe251d313 Extracting [============================================>      ]  14.25MB/16.02MB
Linux Desktop Tests (1)	UNKNOWN STEP	2026-02-25T19:49:46.8748917Z  6dafe251d313 Extracting [===============================================>   ]  15.07MB/16.02MB
Linux Desktop Tests (1)	UNKNOWN STEP	2026-02-25T19:49:46.9688192Z  6dafe251d313 Extracting [==================================================>]  16.02MB/16.02MB
Linux Desktop Tests (1)	UNKNOWN STEP	2026-02-25T19:49:47.0392693Z  6dafe251d313 Pull complete 
Linux Desktop Tests (1)	UNKNOWN STEP	2026-02-25T19:49:47.0403098Z  fa340e77c336 Extracting [==================================================>]     247B/247B
Linux Desktop Tests (1)	UNKNOWN STEP	2026-02-25T19:49:47.0408857Z  fa340e77c336 Extracting [==================================================>]     247B/247B
Linux Desktop Tests (1)	UNKNOWN STEP	2026-02-25T19:49:47.0492020Z  fa340e77c336 Pull complete 
Linux Desktop Tests (1)	UNKNOWN STEP	2026-02-25T19:49:47.0558965Z  matrix-init Pulled 
Linux Desktop Tests (1)	UNKNOWN STEP	2026-02-25T19:49:49.8888470Z Collecting requests
Linux Desktop Tests (1)	UNKNOWN STEP	2026-02-25T19:49:49.9641923Z   Downloading requests-2.32.5-py3-none-any.whl.metadata (4.9 kB)
Linux Desktop Tests (1)	UNKNOWN STEP	2026-02-25T19:49:50.1084182Z Collecting charset_normalizer<4,>=2 (from requests)
Linux Desktop Tests (1)	UNKNOWN STEP	2026-02-25T19:49:50.1393466Z   Downloading charset_normalizer-3.4.4-cp311-cp311-musllinux_1_2_x86_64.whl.metadata (37 kB)
Linux Desktop Tests (1)	UNKNOWN STEP	2026-02-25T19:49:50.1850651Z Collecting idna<4,>=2.5 (from requests)
Linux Desktop Tests (1)	UNKNOWN STEP	2026-02-25T19:49:50.2032498Z   Downloading idna-3.11-py3-none-any.whl.metadata (8.4 kB)
Linux Desktop Tests (1)	UNKNOWN STEP	2026-02-25T19:49:50.2655983Z Collecting urllib3<3,>=1.21.1 (from requests)
Linux Desktop Tests (1)	UNKNOWN STEP	2026-02-25T19:49:50.2831200Z   Downloading urllib3-2.6.3-py3-none-any.whl.metadata (6.9 kB)
Linux Desktop Tests (1)	UNKNOWN STEP	2026-02-25T19:49:50.3234869Z Collecting certifi>=2017.4.17 (from requests)
Linux Desktop Tests (1)	UNKNOWN STEP	2026-02-25T19:49:50.3405060Z   Downloading certifi-2026.2.25-py3-none-any.whl.metadata (2.5 kB)
Linux Desktop Tests (1)	UNKNOWN STEP	2026-02-25T19:49:50.3741413Z Downloading requests-2.32.5-py3-none-any.whl (64 kB)
Linux Desktop Tests (1)	UNKNOWN STEP	2026-02-25T19:49:50.3834943Z    ━━━━━━━━━━━━━━━━━━━━━━━━━━━━━━━━━━━━━━━━ 64.7/64.7 kB 8.5 MB/s eta 0:00:00
Linux Desktop Tests (1)	UNKNOWN STEP	2026-02-25T19:49:50.3998027Z Downloading certifi-2026.2.25-py3-none-any.whl (153 kB)
Linux Desktop Tests (1)	UNKNOWN STEP	2026-02-25T19:49:50.4177521Z    ━━━━━━━━━━━━━━━━━━━━━━━━━━━━━━━━━━━━━━━━ 153.7/153.7 kB 9.3 MB/s eta 0:00:00
Linux Desktop Tests (1)	UNKNOWN STEP	2026-02-25T19:49:50.4367190Z Downloading charset_normalizer-3.4.4-cp311-cp311-musllinux_1_2_x86_64.whl (152 kB)
Linux Desktop Tests (1)	UNKNOWN STEP	2026-02-25T19:49:50.4427113Z    ━━━━━━━━━━━━━━━━━━━━━━━━━━━━━━━━━━━━━━━━ 153.0/153.0 kB 37.3 MB/s eta 0:00:00
Linux Desktop Tests (1)	UNKNOWN STEP	2026-02-25T19:49:50.4607166Z Downloading idna-3.11-py3-none-any.whl (71 kB)
Linux Desktop Tests (1)	UNKNOWN STEP	2026-02-25T19:49:50.4657863Z    ━━━━━━━━━━━━━━━━━━━━━━━━━━━━━━━━━━━━━━━━ 71.0/71.0 kB 23.8 MB/s eta 0:00:00
Linux Desktop Tests (1)	UNKNOWN STEP	2026-02-25T19:49:50.4845048Z Downloading urllib3-2.6.3-py3-none-any.whl (131 kB)
Linux Desktop Tests (1)	UNKNOWN STEP	2026-02-25T19:49:50.4903323Z    ━━━━━━━━━━━━━━━━━━━━━━━━━━━━━━━━━━━━━━━━ 131.6/131.6 kB 35.6 MB/s eta 0:00:00
Linux Desktop Tests (1)	UNKNOWN STEP	2026-02-25T19:49:50.5614901Z Installing collected packages: urllib3, idna, charset_normalizer, certifi, requests
Linux Desktop Tests (1)	UNKNOWN STEP	2026-02-25T19:49:50.8971111Z Successfully installed certifi-2026.2.25 charset_normalizer-3.4.4 idna-3.11 requests-2.32.5 urllib3-2.6.3
Linux Desktop Tests (1)	UNKNOWN STEP	2026-02-25T19:49:50.8976287Z WARNING: Running pip as the 'root' user can result in broken permissions and conflicting behaviour with the system package manager. It is recommended to use a virtual environment instead: https://pip.pypa.io/warnings/venv
Linux Desktop Tests (1)	UNKNOWN STEP	2026-02-25T19:49:51.0122611Z 
Linux Desktop Tests (1)	UNKNOWN STEP	2026-02-25T19:49:51.0123445Z [notice] A new release of pip is available: 24.0 -> 26.0.1
Linux Desktop Tests (1)	UNKNOWN STEP	2026-02-25T19:49:51.0124087Z [notice] To update, run: pip install --upgrade pip
Linux Desktop Tests (1)	UNKNOWN STEP	2026-02-25T19:49:58.2139072Z Initializing Matrix Synapse test server...
Linux Desktop Tests (1)	UNKNOWN STEP	2026-02-25T19:49:58.2139495Z 
Linux Desktop Tests (1)	UNKNOWN STEP	2026-02-25T19:49:58.2139936Z ✓ Synapse server is ready
Linux Desktop Tests (1)	UNKNOWN STEP	2026-02-25T19:49:58.2140189Z 
Linux Desktop Tests (1)	UNKNOWN STEP	2026-02-25T19:49:58.2140333Z Creating test users...
Linux Desktop Tests (1)	UNKNOWN STEP	2026-02-25T19:49:58.2140775Z ✓ Created user: testuser1
Linux Desktop Tests (1)	UNKNOWN STEP	2026-02-25T19:49:58.2141620Z ✓ Created user: testuser2
Linux Desktop Tests (1)	UNKNOWN STEP	2026-02-25T19:49:58.2142052Z ✓ Created admin user: testadmin
Linux Desktop Tests (1)	UNKNOWN STEP	2026-02-25T19:49:58.2142323Z 
Linux Desktop Tests (1)	UNKNOWN STEP	2026-02-25T19:49:58.2142525Z Creating test rooms and populating with data...
Linux Desktop Tests (1)	UNKNOWN STEP	2026-02-25T19:49:58.2143178Z ✓ Logged in user: @testadmin:test.matrix.local
Linux Desktop Tests (1)	UNKNOWN STEP	2026-02-25T19:49:58.2143756Z ✓ Admin token acquired
Linux Desktop Tests (1)	UNKNOWN STEP	2026-02-25T19:49:58.2144242Z ✓ Logged in user: @testuser1:test.matrix.local
Linux Desktop Tests (1)	UNKNOWN STEP	2026-02-25T19:49:58.2144971Z ✓ Created room: test_general (!FtbVbszFZxQYwoOUlz:test.matrix.local)
Linux Desktop Tests (1)	UNKNOWN STEP	2026-02-25T19:49:58.2145690Z ✓ Logged in user: @testuser2:test.matrix.local
Linux Desktop Tests (1)	UNKNOWN STEP	2026-02-25T19:49:58.2146216Z   ✓ User testuser2 joined room
Linux Desktop Tests (1)	UNKNOWN STEP	2026-02-25T19:49:58.2146710Z ✓ Logged in user: @testadmin:test.matrix.local
Linux Desktop Tests (1)	UNKNOWN STEP	2026-02-25T19:49:58.2147226Z   ✓ User testadmin joined room
Linux Desktop Tests (1)	UNKNOWN STEP	2026-02-25T19:49:58.2147667Z   ✓ Published room to directory
Linux Desktop Tests (1)	UNKNOWN STEP	2026-02-25T19:49:58.2147979Z   ✓ Posted 5 messages to room
Linux Desktop Tests (1)	UNKNOWN STEP	2026-02-25T19:49:58.2148250Z   Seeding media messages (image, video, audio)...
Linux Desktop Tests (1)	UNKNOWN STEP	2026-02-25T19:49:58.2149084Z   ✓ Uploaded media 'test_image.png': mxc://test.matrix.local/CLLJhgOjqXdRbPnxDiRVlEne
Linux Desktop Tests (1)	UNKNOWN STEP	2026-02-25T19:49:58.2149563Z   ✓ Posted m.image message to room
Linux Desktop Tests (1)	UNKNOWN STEP	2026-02-25T19:49:58.2150013Z   ✓ Uploaded media 'test_video.mp4': mxc://test.matrix.local/SMGsGlTUFvkMSMrqxPQBNiZc
Linux Desktop Tests (1)	UNKNOWN STEP	2026-02-25T19:49:58.2150446Z   ✓ Posted m.video message to room
Linux Desktop Tests (1)	UNKNOWN STEP	2026-02-25T19:49:58.2151110Z   ✓ Uploaded media 'test_audio.mp3': mxc://test.matrix.local/tdBbkBHjVjxowzZfJHCxBMgi
Linux Desktop Tests (1)	UNKNOWN STEP	2026-02-25T19:49:58.2151551Z   ✓ Posted m.audio message to room
Linux Desktop Tests (1)	UNKNOWN STEP	2026-02-25T19:49:58.2151947Z ✓ Created room: test_photos (!gSzlFPBmlLbXvbIGto:test.matrix.local)
Linux Desktop Tests (1)	UNKNOWN STEP	2026-02-25T19:49:58.2152366Z ✓ Logged in user: @testuser2:test.matrix.local
Linux Desktop Tests (1)	UNKNOWN STEP	2026-02-25T19:49:58.2152673Z   ✓ User testuser2 joined room
Linux Desktop Tests (1)	UNKNOWN STEP	2026-02-25T19:49:58.2152962Z ✓ Logged in user: @testadmin:test.matrix.local
Linux Desktop Tests (1)	UNKNOWN STEP	2026-02-25T19:49:58.2153256Z   ✓ User testadmin joined room
Linux Desktop Tests (1)	UNKNOWN STEP	2026-02-25T19:49:58.2153507Z   ✓ Published room to directory
Linux Desktop Tests (1)	UNKNOWN STEP	2026-02-25T19:49:58.2153767Z   ✓ Posted 3 messages to room
Linux Desktop Tests (1)	UNKNOWN STEP	2026-02-25T19:49:58.2154069Z   Seeding media messages (image, video, audio)...
Linux Desktop Tests (1)	UNKNOWN STEP	2026-02-25T19:49:58.2154553Z   ✓ Uploaded media 'test_image.png': mxc://test.matrix.local/qvQFbDMJzfyygmHDOcmjmmbj
Linux Desktop Tests (1)	UNKNOWN STEP	2026-02-25T19:49:58.2154993Z   ✓ Posted m.image message to room
Linux Desktop Tests (1)	UNKNOWN STEP	2026-02-25T19:49:58.2155447Z   ✓ Uploaded media 'test_video.mp4': mxc://test.matrix.local/pynQoYagsATNXXNxdmByXbrh
Linux Desktop Tests (1)	UNKNOWN STEP	2026-02-25T19:49:58.2155878Z   ✓ Posted m.video message to room
Linux Desktop Tests (1)	UNKNOWN STEP	2026-02-25T19:49:58.2156307Z   ✓ Uploaded media 'test_audio.mp3': mxc://test.matrix.local/hoBbVEyxPSLzXzvgJcvGDVzN
Linux Desktop Tests (1)	UNKNOWN STEP	2026-02-25T19:49:58.2156727Z   ✓ Posted m.audio message to room
Linux Desktop Tests (1)	UNKNOWN STEP	2026-02-25T19:49:58.2157094Z ✓ Created room: test_art (!ECaylAHkufusrQLGIA:test.matrix.local)
Linux Desktop Tests (1)	UNKNOWN STEP	2026-02-25T19:49:58.2157489Z ✓ Logged in user: @testuser2:test.matrix.local
Linux Desktop Tests (1)	UNKNOWN STEP	2026-02-25T19:49:58.2157795Z   ✓ User testuser2 joined room
Linux Desktop Tests (1)	UNKNOWN STEP	2026-02-25T19:49:58.2158085Z ✓ Logged in user: @testadmin:test.matrix.local
Linux Desktop Tests (1)	UNKNOWN STEP	2026-02-25T19:49:58.2158381Z   ✓ User testadmin joined room
Linux Desktop Tests (1)	UNKNOWN STEP	2026-02-25T19:49:58.2158976Z   ✓ Published room to directory
Linux Desktop Tests (1)	UNKNOWN STEP	2026-02-25T19:49:58.2159426Z ✓ Uploaded dummy avatar: mxc://test.matrix.local/yOFmpTKoaPuEHXKrOeRnBaiY
Linux Desktop Tests (1)	UNKNOWN STEP	2026-02-25T19:49:58.2159959Z   ✓ Set room avatar to mxc://test.matrix.local/yOFmpTKoaPuEHXKrOeRnBaiY
Linux Desktop Tests (1)	UNKNOWN STEP	2026-02-25T19:49:58.2160466Z ✓ Created room: test_invite_only (!gwfBrkBcyJlTLEVsQt:test.matrix.local)
Linux Desktop Tests (1)	UNKNOWN STEP	2026-02-25T19:49:58.2160928Z   ℹ Skipping user invites for room (discovery test)
Linux Desktop Tests (1)	UNKNOWN STEP	2026-02-25T19:49:58.2161261Z   ✓ Published room to directory
Linux Desktop Tests (1)	UNKNOWN STEP	2026-02-25T19:49:58.2161522Z   ✓ Posted 2 messages to room
Linux Desktop Tests (1)	UNKNOWN STEP	2026-02-25T19:49:58.2161891Z ✓ Created room: test_avatar (!vqYfehlSISCTJLXOZD:test.matrix.local)
Linux Desktop Tests (1)	UNKNOWN STEP	2026-02-25T19:49:58.2162303Z ✓ Logged in user: @testuser2:test.matrix.local
Linux Desktop Tests (1)	UNKNOWN STEP	2026-02-25T19:49:58.2162608Z   ✓ User testuser2 joined room
Linux Desktop Tests (1)	UNKNOWN STEP	2026-02-25T19:49:58.2162899Z ✓ Logged in user: @testadmin:test.matrix.local
Linux Desktop Tests (1)	UNKNOWN STEP	2026-02-25T19:49:58.2163192Z   ✓ User testadmin joined room
Linux Desktop Tests (1)	UNKNOWN STEP	2026-02-25T19:49:58.2163443Z   ✓ Published room to directory
Linux Desktop Tests (1)	UNKNOWN STEP	2026-02-25T19:49:58.2163846Z ✓ Uploaded dummy avatar: mxc://test.matrix.local/gYcgTOfnrJoCgsHOnOPQxToa
Linux Desktop Tests (1)	UNKNOWN STEP	2026-02-25T19:49:58.2164550Z   ✓ Set room avatar to mxc://test.matrix.local/gYcgTOfnrJoCgsHOnOPQxToa
Linux Desktop Tests (1)	UNKNOWN STEP	2026-02-25T19:49:58.2164832Z 
Linux Desktop Tests (1)	UNKNOWN STEP	2026-02-25T19:49:58.2164934Z ============================================================
Linux Desktop Tests (1)	UNKNOWN STEP	2026-02-25T19:49:58.2165283Z ✅ Matrix test server initialized successfully!
Linux Desktop Tests (1)	UNKNOWN STEP	2026-02-25T19:49:58.2165588Z ============================================================
Linux Desktop Tests (1)	UNKNOWN STEP	2026-02-25T19:49:58.2165776Z 
Linux Desktop Tests (1)	UNKNOWN STEP	2026-02-25T19:49:58.2165887Z 📝 Test Users:
Linux Desktop Tests (1)	UNKNOWN STEP	2026-02-25T19:49:58.2166057Z   testuser1
Linux Desktop Tests (1)	UNKNOWN STEP	2026-02-25T19:49:58.2166242Z     ID: @testuser1:test.matrix.local
Linux Desktop Tests (1)	UNKNOWN STEP	2026-02-25T19:49:58.2166490Z     Password: testpass123
Linux Desktop Tests (1)	UNKNOWN STEP	2026-02-25T19:49:58.2166691Z   testuser2
Linux Desktop Tests (1)	UNKNOWN STEP	2026-02-25T19:49:58.2166866Z     ID: @testuser2:test.matrix.local
Linux Desktop Tests (1)	UNKNOWN STEP	2026-02-25T19:49:58.2167104Z     Password: testpass123
Linux Desktop Tests (1)	UNKNOWN STEP	2026-02-25T19:49:58.2167294Z   testadmin
Linux Desktop Tests (1)	UNKNOWN STEP	2026-02-25T19:49:58.2167474Z     ID: @testadmin:test.matrix.local
Linux Desktop Tests (1)	UNKNOWN STEP	2026-02-25T19:49:58.2167710Z     Password: testpass123
Linux Desktop Tests (1)	UNKNOWN STEP	2026-02-25T19:49:58.2167839Z 
Linux Desktop Tests (1)	UNKNOWN STEP	2026-02-25T19:49:58.2167955Z 🏠 Test Rooms:
Linux Desktop Tests (1)	UNKNOWN STEP	2026-02-25T19:49:58.2168138Z   test_general (with messages)
Linux Desktop Tests (1)	UNKNOWN STEP	2026-02-25T19:49:58.2168394Z     ID: !FtbVbszFZxQYwoOUlz:test.matrix.local
Linux Desktop Tests (1)	UNKNOWN STEP	2026-02-25T19:49:58.2169443Z   test_photos (with messages)
Linux Desktop Tests (1)	UNKNOWN STEP	2026-02-25T19:49:58.2169708Z     ID: !gSzlFPBmlLbXvbIGto:test.matrix.local
Linux Desktop Tests (1)	UNKNOWN STEP	2026-02-25T19:49:58.2169975Z   test_art (empty)
Linux Desktop Tests (1)	UNKNOWN STEP	2026-02-25T19:49:58.2170357Z     ID: !ECaylAHkufusrQLGIA:test.matrix.local
Linux Desktop Tests (1)	UNKNOWN STEP	2026-02-25T19:49:58.2170637Z   test_invite_only (with messages)
Linux Desktop Tests (1)	UNKNOWN STEP	2026-02-25T19:49:58.2170894Z     ID: !gwfBrkBcyJlTLEVsQt:test.matrix.local
Linux Desktop Tests (1)	UNKNOWN STEP	2026-02-25T19:49:58.2171143Z   test_avatar (empty)
Linux Desktop Tests (1)	UNKNOWN STEP	2026-02-25T19:49:58.2171364Z     ID: !vqYfehlSISCTJLXOZD:test.matrix.local
Linux Desktop Tests (1)	UNKNOWN STEP	2026-02-25T19:49:58.2171548Z 
Linux Desktop Tests (1)	UNKNOWN STEP	2026-02-25T19:49:58.2171708Z 🔑 Test Credentials for Integration Tests:
Linux Desktop Tests (1)	UNKNOWN STEP	2026-02-25T19:49:58.2171988Z   Server:    http://matrix-synapse:8008
Linux Desktop Tests (1)	UNKNOWN STEP	2026-02-25T19:49:58.2172241Z   Test User: testuser1
Linux Desktop Tests (1)	UNKNOWN STEP	2026-02-25T19:49:58.2172444Z   Password:  testpass123
Linux Desktop Tests (1)	UNKNOWN STEP	2026-02-25T19:49:58.2172580Z 
Linux Desktop Tests (1)	UNKNOWN STEP	2026-02-25T19:49:58.2172654Z Room Status:
Linux Desktop Tests (1)	UNKNOWN STEP	2026-02-25T19:49:58.2173036Z   test_general - 5 text + image/video/audio messages (for testing message lists and media rendering)
Linux Desktop Tests (1)	UNKNOWN STEP	2026-02-25T19:49:58.2173618Z   test_photos  - 3 text + image/video/audio messages (for testing photo/media content)
Linux Desktop Tests (1)	UNKNOWN STEP	2026-02-25T19:49:58.2174065Z   test_art     - 0 messages (for testing empty rooms)
Linux Desktop Tests (1)	UNKNOWN STEP	2026-02-25T19:49:58.2174435Z ✓ Logged in user: @testuser1:test.matrix.local
Linux Desktop Tests (1)	UNKNOWN STEP	2026-02-25T19:49:58.2174638Z 
Linux Desktop Tests (1)	UNKNOWN STEP	2026-02-25T19:49:58.2174776Z   📋 Public room directory has 5 room(s):
Linux Desktop Tests (1)	UNKNOWN STEP	2026-02-25T19:49:58.2175092Z     - test_avatar (!vqYfehlSISCTJLXOZD:test.matrix.local)
Linux Desktop Tests (1)	UNKNOWN STEP	2026-02-25T19:49:58.2175468Z     - test_photos (!gSzlFPBmlLbXvbIGto:test.matrix.local)
Linux Desktop Tests (1)	UNKNOWN STEP	2026-02-25T19:49:58.2175820Z     - test_general (!FtbVbszFZxQYwoOUlz:test.matrix.local)
Linux Desktop Tests (1)	UNKNOWN STEP	2026-02-25T19:49:58.2176163Z     - test_art (!ECaylAHkufusrQLGIA:test.matrix.local)
Linux Desktop Tests (1)	UNKNOWN STEP	2026-02-25T19:49:58.2176515Z     - test_invite_only (!gwfBrkBcyJlTLEVsQt:test.matrix.local)
Linux Desktop Tests (1)	UNKNOWN STEP	2026-02-25T19:49:58.2176745Z 
Linux Desktop Tests (1)	UNKNOWN STEP	2026-02-25T19:49:58.3664286Z ##[group]Run xvfb-run --auto-servernum --server-args="-screen 0 1280x1024x24" ./scripts/test.sh linux --no-docker --shard 1 --total-shards 7
Linux Desktop Tests (1)	UNKNOWN STEP	2026-02-25T19:49:58.3665289Z [36;1mxvfb-run --auto-servernum --server-args="-screen 0 1280x1024x24" ./scripts/test.sh linux --no-docker --shard 1 --total-shards 7[0m
Linux Desktop Tests (1)	UNKNOWN STEP	2026-02-25T19:49:58.3715501Z shell: /usr/bin/bash -e {0}
Linux Desktop Tests (1)	UNKNOWN STEP	2026-02-25T19:49:58.3715747Z env:
Linux Desktop Tests (1)	UNKNOWN STEP	2026-02-25T19:49:58.3715925Z   CACHE_VERSION: v1
Linux Desktop Tests (1)	UNKNOWN STEP	2026-02-25T19:49:58.3716236Z   FLUTTER_ROOT: /opt/hostedtoolcache/flutter/stable-3.41.2-x64
Linux Desktop Tests (1)	UNKNOWN STEP	2026-02-25T19:49:58.3716587Z   PUB_CACHE: /home/runner/.pub-cache
Linux Desktop Tests (1)	UNKNOWN STEP	2026-02-25T19:49:58.3716871Z   MATRIX_SERVER: http://localhost:8008
Linux Desktop Tests (1)	UNKNOWN STEP	2026-02-25T19:49:58.3717146Z   MATRIX_TEST_USER: testuser1
Linux Desktop Tests (1)	UNKNOWN STEP	2026-02-25T19:49:58.3717385Z   MATRIX_TEST_PASSWORD: testpass123
Linux Desktop Tests (1)	UNKNOWN STEP	2026-02-25T19:49:58.3717626Z ##[endgroup]
Linux Desktop Tests (1)	UNKNOWN STEP	2026-02-25T19:50:02.1928779Z [1m
Linux Desktop Tests (1)	UNKNOWN STEP	2026-02-25T19:50:02.1929191Z   Substitution Test Runner
Linux Desktop Tests (1)	UNKNOWN STEP	2026-02-25T19:50:02.1943124Z   2026-02-25 19:50:02
Linux Desktop Tests (1)	UNKNOWN STEP	2026-02-25T19:50:02.1943578Z   Targets: linux
Linux Desktop Tests (1)	UNKNOWN STEP	2026-02-25T19:50:02.1944346Z [0m
Linux Desktop Tests (1)	UNKNOWN STEP	2026-02-25T19:50:02.1951962Z [0;34m[INFO][0m Fetching Flutter dependencies...
Linux Desktop Tests (1)	UNKNOWN STEP	2026-02-25T19:50:03.3387068Z   unorm_dart 0.2.0 (0.3.2 available)
Linux Desktop Tests (1)	UNKNOWN STEP	2026-02-25T19:50:03.3387556Z   win32 5.15.0 (6.0.0 available)
Linux Desktop Tests (1)	UNKNOWN STEP	2026-02-25T19:50:03.3387934Z Got dependencies!
Linux Desktop Tests (1)	UNKNOWN STEP	2026-02-25T19:50:03.3388444Z 7 packages have newer versions incompatible with dependency constraints.
Linux Desktop Tests (1)	UNKNOWN STEP	2026-02-25T19:50:03.3389380Z Try `flutter pub outdated` for more information.
Linux Desktop Tests (1)	UNKNOWN STEP	2026-02-25T19:50:03.3390154Z [0;32m[OK][0m Dependencies fetched
Linux Desktop Tests (1)	UNKNOWN STEP	2026-02-25T19:50:03.3408688Z [0;34m[INFO][0m Target: linux
Linux Desktop Tests (1)	UNKNOWN STEP	2026-02-25T19:50:03.3409211Z 
Linux Desktop Tests (1)	UNKNOWN STEP	2026-02-25T19:50:03.3410142Z [1m━━━ Linux Desktop Tests ━━━[0m
Linux Desktop Tests (1)	UNKNOWN STEP	2026-02-25T19:50:03.3410466Z 
Linux Desktop Tests (1)	UNKNOWN STEP	2026-02-25T19:50:03.3418188Z [0;34m[INFO][0m Enabling Linux desktop support...
Linux Desktop Tests (1)	UNKNOWN STEP	2026-02-25T19:50:03.6540289Z [0;34m[INFO][0m Shard 1/7: running 5 of 32 files
Linux Desktop Tests (1)	UNKNOWN STEP	2026-02-25T19:50:03.6540895Z [0;34m[INFO][0m Running 5 integration test(s) on Linux...
Linux Desktop Tests (1)	UNKNOWN STEP	2026-02-25T19:50:03.6541420Z [0;34m[INFO][0m   Running: integration_test/comment_nesting_test.dart
Linux Desktop Tests (1)	UNKNOWN STEP	2026-02-25T19:50:05.3267606Z 00:00 +0: loading /home/runner/work/substitution/substitution/integration_test/comment_nesting_test.dart
Linux Desktop Tests (1)	UNKNOWN STEP	2026-02-25T19:50:38.6003853Z Building Linux application...                                   
Linux Desktop Tests (1)	UNKNOWN STEP	2026-02-25T19:50:38.6035383Z ✓ Built build/linux/x64/debug/bundle/substitution
Linux Desktop Tests (1)	UNKNOWN STEP	2026-02-25T19:50:42.2408068Z 00:00 +0: (setUpAll)
Linux Desktop Tests (1)	UNKNOWN STEP	2026-02-25T19:50:42.3055425Z 00:00 +0: Comment Nesting and Collapsing Test Deeply nested comments render without overflow and can be collapsed
Linux Desktop Tests (1)	UNKNOWN STEP	2026-02-25T19:50:42.8609315Z *** sqflite warning ***
Linux Desktop Tests (1)	UNKNOWN STEP	2026-02-25T19:50:42.8611753Z 
Linux Desktop Tests (1)	UNKNOWN STEP	2026-02-25T19:50:42.8612396Z You are changing sqflite default factory.
Linux Desktop Tests (1)	UNKNOWN STEP	2026-02-25T19:50:42.8612860Z Be aware of the potential side effects. Any library using sqflite
Linux Desktop Tests (1)	UNKNOWN STEP	2026-02-25T19:50:42.8613284Z will have this factory as the default for all operations.
Linux Desktop Tests (1)	UNKNOWN STEP	2026-02-25T19:50:42.8613521Z 
Linux Desktop Tests (1)	UNKNOWN STEP	2026-02-25T19:50:42.8613612Z *** sqflite warning ***
Linux Desktop Tests (1)	UNKNOWN STEP	2026-02-25T19:50:42.8613775Z 
Linux Desktop Tests (1)	UNKNOWN STEP	2026-02-25T19:50:42.9825657Z [90m[🌎 Easy Localization] [DEBUG] Localization initialized[0m
Linux Desktop Tests (1)	UNKNOWN STEP	2026-02-25T19:50:42.9855631Z [Matrix] [32mInitialize client Substitution[0m
Linux Desktop Tests (1)	UNKNOWN STEP	2026-02-25T19:50:42.9963410Z [Matrix] [32mUser is not logged in.[0m
Linux Desktop Tests (1)	UNKNOWN STEP	2026-02-25T19:50:42.9997118Z [90m[🌎 Easy Localization] [DEBUG] Start[0m
Linux Desktop Tests (1)	UNKNOWN STEP	2026-02-25T19:50:43.3744555Z [90m[🌎 Easy Localization] [DEBUG] Init state[0m
Linux Desktop Tests (1)	UNKNOWN STEP	2026-02-25T19:50:43.3758233Z [90m[🌎 Easy Localization] [DEBUG] Build[0m
Linux Desktop Tests (1)	UNKNOWN STEP	2026-02-25T19:50:43.3764058Z [90m[🌎 Easy Localization] [DEBUG] Init Localization Delegate[0m
Linux Desktop Tests (1)	UNKNOWN STEP	2026-02-25T19:50:43.3769969Z [90m[🌎 Easy Localization] [DEBUG] Init provider[0m
Linux Desktop Tests (1)	UNKNOWN STEP	2026-02-25T19:50:43.5187466Z [90m[🌎 Easy Localization] [DEBUG] Load Localization Delegate[0m
Linux Desktop Tests (1)	UNKNOWN STEP	2026-02-25T19:50:43.5195776Z [90m[🌎 Easy Localization] [DEBUG] Load asset from assets/translations[0m
Linux Desktop Tests (1)	UNKNOWN STEP	2026-02-25T19:50:44.1313724Z [90m[🌎 Easy Localization] [DEBUG] Build[0m
Linux Desktop Tests (1)	UNKNOWN STEP	2026-02-25T19:50:44.1314986Z [90m[🌎 Easy Localization] [DEBUG] Init Localization Delegate[0m
Linux Desktop Tests (1)	UNKNOWN STEP	2026-02-25T19:50:44.1315730Z [90m[🌎 Easy Localization] [DEBUG] Init provider[0m
Linux Desktop Tests (1)	UNKNOWN STEP	2026-02-25T19:50:45.7954601Z Waiting for globalMatrixClient to be initialized...
Linux Desktop Tests (1)	UNKNOWN STEP	2026-02-25T19:50:45.7956592Z globalMatrixClient initialized!
Linux Desktop Tests (1)	UNKNOWN STEP	2026-02-25T19:50:45.7957128Z Step 1: Checking for Age Gate, Intro, or Login fields...
Linux Desktop Tests (1)	UNKNOWN STEP	2026-02-25T19:50:46.3239132Z Found screen! AgeGate: true, Intro: false, Username: false, Host: false
Linux Desktop Tests (1)	UNKNOWN STEP	2026-02-25T19:50:46.3240225Z Tapping Age Gate confirm button...
Linux Desktop Tests (1)	UNKNOWN STEP	2026-02-25T19:50:47.5330741Z Transition after Age Gate complete. Intro: true, Username: false, Host: false
Linux Desktop Tests (1)	UNKNOWN STEP	2026-02-25T19:50:47.5340524Z Step 2: Navigating through onboarding...
Linux Desktop Tests (1)	UNKNOWN STEP	2026-02-25T19:50:49.6027046Z Tapping Next button at step 0...
Linux Desktop Tests (1)	UNKNOWN STEP	2026-02-25T19:50:51.6999122Z Tapping Next button at step 1...
Linux Desktop Tests (1)	UNKNOWN STEP	2026-02-25T19:50:53.7846748Z Reached target page at step 2. Host: true, Username: false
Linux Desktop Tests (1)	UNKNOWN STEP	2026-02-25T19:50:53.7849919Z Onboarding navigation complete.
Linux Desktop Tests (1)	UNKNOWN STEP	2026-02-25T19:50:53.7853249Z Step 3: Entering host URL: http://localhost:8008
Linux Desktop Tests (1)	UNKNOWN STEP	2026-02-25T19:50:55.9832611Z Tapping host submit button...
Linux Desktop Tests (1)	UNKNOWN STEP	2026-02-25T19:50:58.0912738Z Waiting for login page to appear...
Linux Desktop Tests (1)	UNKNOWN STEP	2026-02-25T19:50:58.6578191Z Login page reached.
Linux Desktop Tests (1)	UNKNOWN STEP	2026-02-25T19:50:58.6579180Z Step 4: Looking for login fields...
Linux Desktop Tests (1)	UNKNOWN STEP	2026-02-25T19:50:58.6615102Z Entering username: testuser1
Linux Desktop Tests (1)	UNKNOWN STEP	2026-02-25T19:51:00.7994806Z Entering password...
Linux Desktop Tests (1)	UNKNOWN STEP	2026-02-25T19:51:02.9018240Z Tapping login submit button...
Linux Desktop Tests (1)	UNKNOWN STEP	2026-02-25T19:51:04.9792079Z Step 5: Waiting for finished page (introGoButton)...
Linux Desktop Tests (1)	UNKNOWN STEP	2026-02-25T19:51:05.2717394Z [Matrix] [32mInitialize client Substitution[0m
Linux Desktop Tests (1)	UNKNOWN STEP	2026-02-25T19:51:05.2995887Z [Matrix] [32mSuccessfully connected as testuser1 with http://localhost:8008[0m
Linux Desktop Tests (1)	UNKNOWN STEP	2026-02-25T19:51:06.5872909Z Finished page reached.
Linux Desktop Tests (1)	UNKNOWN STEP	2026-02-25T19:51:06.5876731Z Tapping Go button...
Linux Desktop Tests (1)	UNKNOWN STEP	2026-02-25T19:51:06.5917547Z Waiting for feed (Scrollable)...
Linux Desktop Tests (1)	UNKNOWN STEP	2026-02-25T19:51:06.7689855Z checking room test_general id: !FtbVbszFZxQYwoOUlz:test.matrix.local
Linux Desktop Tests (1)	UNKNOWN STEP	2026-02-25T19:51:06.7691123Z checking room test_photos id: !gSzlFPBmlLbXvbIGto:test.matrix.local
Linux Desktop Tests (1)	UNKNOWN STEP	2026-02-25T19:51:06.7691975Z checking room test_invite_only id: !gwfBrkBcyJlTLEVsQt:test.matrix.local
Linux Desktop Tests (1)	UNKNOWN STEP	2026-02-25T19:51:06.7692822Z checking room test_avatar id: !vqYfehlSISCTJLXOZD:test.matrix.local
Linux Desktop Tests (1)	UNKNOWN STEP	2026-02-25T19:51:06.7693590Z checking room test_art id: !ECaylAHkufusrQLGIA:test.matrix.local
Linux Desktop Tests (1)	UNKNOWN STEP	2026-02-25T19:51:06.7694202Z start quering new events...
Linux Desktop Tests (1)	UNKNOWN STEP	2026-02-25T19:51:06.7694748Z finished...
Linux Desktop Tests (1)	UNKNOWN STEP	2026-02-25T19:51:06.7699905Z ret is empty...
Linux Desktop Tests (1)	UNKNOWN STEP	2026-02-25T19:51:06.7700410Z no new things to append...
Linux Desktop Tests (1)	UNKNOWN STEP	2026-02-25T19:51:07.1069889Z Feed reached.
Linux Desktop Tests (1)	UNKNOWN STEP	2026-02-25T19:51:07.1070324Z Found room: ${room.name} (${room.id})
Linux Desktop Tests (1)	UNKNOWN STEP	2026-02-25T19:51:07.3809680Z [Matrix] [32mNo more events found in the store. Request from server...[0m
Linux Desktop Tests (1)	UNKNOWN STEP	2026-02-25T19:51:07.4949826Z [Matrix] [32mNo more events found in the store. Request from server...[0m
Linux Desktop Tests (1)	UNKNOWN STEP	2026-02-25T19:51:07.6028225Z [Matrix] [32mNo more events found in the store. Request from server...[0m
Linux Desktop Tests (1)	UNKNOWN STEP	2026-02-25T19:51:07.6029282Z [Matrix] [32mNo more events to request from server...[0m
Linux Desktop Tests (1)	UNKNOWN STEP	2026-02-25T19:51:07.6838001Z [Matrix] [32mNo more events found in the store. Request from server...[0m
Linux Desktop Tests (1)	UNKNOWN STEP	2026-02-25T19:51:07.6840164Z [Matrix] [32mNo more events to request from server...[0m
Linux Desktop Tests (1)	UNKNOWN STEP	2026-02-25T19:51:07.7621979Z [Matrix] [32mNo more events found in the store. Request from server...[0m
Linux Desktop Tests (1)	UNKNOWN STEP	2026-02-25T19:51:07.7622804Z [Matrix] [32mNo more events to request from server...[0m
Linux Desktop Tests (1)	UNKNOWN STEP	2026-02-25T19:51:07.8407540Z [Matrix] [32mNo more events found in the store. Request from server...[0m
Linux Desktop Tests (1)	UNKNOWN STEP	2026-02-25T19:51:07.8408459Z [Matrix] [32mNo more events to request from server...[0m
Linux Desktop Tests (1)	UNKNOWN STEP	2026-02-25T19:51:07.9102341Z [Matrix] [32mNo more events found in the store. Request from server...[0m
Linux Desktop Tests (1)	UNKNOWN STEP	2026-02-25T19:51:07.9102895Z [Matrix] [32mNo more events to request from server...[0m
Linux Desktop Tests (1)	UNKNOWN STEP	2026-02-25T19:51:07.9944578Z [Matrix] [32mNo more events found in the store. Request from server...[0m
Linux Desktop Tests (1)	UNKNOWN STEP	2026-02-25T19:51:07.9946051Z [Matrix] [32mNo more events to request from server...[0m
Linux Desktop Tests (1)	UNKNOWN STEP	2026-02-25T19:51:08.0756373Z [Matrix] [32mNo more events found in the store. Request from server...[0m
Linux Desktop Tests (1)	UNKNOWN STEP	2026-02-25T19:51:08.0757002Z [Matrix] [32mNo more events to request from server...[0m
Linux Desktop Tests (1)	UNKNOWN STEP	2026-02-25T19:51:08.1526959Z [Matrix] [32mNo more events found in the store. Request from server...[0m
Linux Desktop Tests (1)	UNKNOWN STEP	2026-02-25T19:51:08.1527844Z [Matrix] [32mNo more events to request from server...[0m
Linux Desktop Tests (1)	UNKNOWN STEP	2026-02-25T19:51:08.1528859Z ✓ Recursively generated thread with 10 layers
Linux Desktop Tests (1)	UNKNOWN STEP	2026-02-25T19:51:13.5951285Z [comments] checking event $zShffdXXkxasNYWvBGqzVxrD6Shamsp9C7_kttXyLAM
Linux Desktop Tests (1)	UNKNOWN STEP	2026-02-25T19:51:13.5952217Z [comments] contentvaluetry: $yPwV52qoxnWjxkopoO5noAZ95s70CJwhQnEAj-l0MsM
Linux Desktop Tests (1)	UNKNOWN STEP	2026-02-25T19:51:13.5961275Z [comments] checking event $yPwV52qoxnWjxkopoO5noAZ95s70CJwhQnEAj-l0MsM
Linux Desktop Tests (1)	UNKNOWN STEP	2026-02-25T19:51:13.5962182Z [comments] contentvaluetry: $SQqVv9XGzwPn8h9gdKdm8d9xHn82p_UivzW7s8ShzFE
Linux Desktop Tests (1)	UNKNOWN STEP	2026-02-25T19:51:13.5963063Z [comments] checking event $SQqVv9XGzwPn8h9gdKdm8d9xHn82p_UivzW7s8ShzFE
Linux Desktop Tests (1)	UNKNOWN STEP	2026-02-25T19:51:13.5967639Z [comments] contentvaluetry: $zoqwBNV-YOXADAdCwOtN7L37Plxy5mc0415ChZ3iFC4
Linux Desktop Tests (1)	UNKNOWN STEP	2026-02-25T19:51:13.5968733Z [comments] checking event $zoqwBNV-YOXADAdCwOtN7L37Plxy5mc0415ChZ3iFC4
Linux Desktop Tests (1)	UNKNOWN STEP	2026-02-25T19:51:13.5969594Z [comments] contentvaluetry: $wlGqKvMUa7rHJVpIOGiCDyMnxRpPZNPEFZQE0LdlSEY
Linux Desktop Tests (1)	UNKNOWN STEP	2026-02-25T19:51:13.5970124Z [comments] checking event $wlGqKvMUa7rHJVpIOGiCDyMnxRpPZNPEFZQE0LdlSEY
Linux Desktop Tests (1)	UNKNOWN STEP	2026-02-25T19:51:13.5970616Z [comments] contentvaluetry: $HdZ27TUvQzgvxemkRdZnD506mHhjd_OkGKcuVAyL1CI
Linux Desktop Tests (1)	UNKNOWN STEP	2026-02-25T19:51:13.5971419Z [comments] checking event $HdZ27TUvQzgvxemkRdZnD506mHhjd_OkGKcuVAyL1CI
Linux Desktop Tests (1)	UNKNOWN STEP	2026-02-25T19:51:13.5972217Z [comments] contentvaluetry: $TnU06Pb0HGApimOmewDhR93fH6-weB_vz7xSDfGNd6c
Linux Desktop Tests (1)	UNKNOWN STEP	2026-02-25T19:51:13.5973034Z [comments] checking event $TnU06Pb0HGApimOmewDhR93fH6-weB_vz7xSDfGNd6c
Linux Desktop Tests (1)	UNKNOWN STEP	2026-02-25T19:51:13.5975794Z [comments] contentvaluetry: $XDC5By7B4tCHtO_xhZrV2smuVSTCE6_VDKidFrNH4bo
Linux Desktop Tests (1)	UNKNOWN STEP	2026-02-25T19:51:13.5976598Z [comments] checking event $XDC5By7B4tCHtO_xhZrV2smuVSTCE6_VDKidFrNH4bo
Linux Desktop Tests (1)	UNKNOWN STEP	2026-02-25T19:51:13.5977414Z [comments] contentvaluetry: $1xhIdcWtoXRyira6vEFwg7C0R4zc4zlmUVK1PgJNaIQ
Linux Desktop Tests (1)	UNKNOWN STEP	2026-02-25T19:51:13.5978248Z [comments] checking event $1xhIdcWtoXRyira6vEFwg7C0R4zc4zlmUVK1PgJNaIQ
Linux Desktop Tests (1)	UNKNOWN STEP	2026-02-25T19:51:13.5979289Z [comments] contentvaluetry: $KYV-t0m4p4NaqCJ3RUmVZfkjWYLo08ZTWhX3LEctWAU
Linux Desktop Tests (1)	UNKNOWN STEP	2026-02-25T19:51:13.5980098Z [comments] checking event $KYV-t0m4p4NaqCJ3RUmVZfkjWYLo08ZTWhX3LEctWAU
Linux Desktop Tests (1)	UNKNOWN STEP	2026-02-25T19:51:13.5980912Z [comments] contentvaluetry: $vHcmfU7Ywi7JcJHrHtKHtEB4YXADMEYkz4jp3yQ47zQ
Linux Desktop Tests (1)	UNKNOWN STEP	2026-02-25T19:51:13.8316446Z start getting reactions
Linux Desktop Tests (1)	UNKNOWN STEP	2026-02-25T19:51:13.8565301Z start getting reactions
Linux Desktop Tests (1)	UNKNOWN STEP	2026-02-25T19:51:13.8967469Z got timeline for event id
Linux Desktop Tests (1)	UNKNOWN STEP	2026-02-25T19:51:13.8968045Z $vHcmfU7Ywi7JcJHrHtKHtEB4YXADMEYkz4jp3yQ47zQ
Linux Desktop Tests (1)	UNKNOWN STEP	2026-02-25T19:51:13.8968852Z has aggregated events?
Linux Desktop Tests (1)	UNKNOWN STEP	2026-02-25T19:51:13.8971636Z false
Linux Desktop Tests (1)	UNKNOWN STEP	2026-02-25T19:51:13.8971926Z got events
Linux Desktop Tests (1)	UNKNOWN STEP	2026-02-25T19:51:13.8972232Z {}
Linux Desktop Tests (1)	UNKNOWN STEP	2026-02-25T19:51:13.9078166Z [comments] checking event $zShffdXXkxasNYWvBGqzVxrD6Shamsp9C7_kttXyLAM
Linux Desktop Tests (1)	UNKNOWN STEP	2026-02-25T19:51:13.9079582Z [comments] contentvaluetry: $yPwV52qoxnWjxkopoO5noAZ95s70CJwhQnEAj-l0MsM
Linux Desktop Tests (1)	UNKNOWN STEP	2026-02-25T19:51:13.9088412Z [comments] checking event $yPwV52qoxnWjxkopoO5noAZ95s70CJwhQnEAj-l0MsM
Linux Desktop Tests (1)	UNKNOWN STEP	2026-02-25T19:51:13.9089754Z [comments] contentvaluetry: $SQqVv9XGzwPn8h9gdKdm8d9xHn82p_UivzW7s8ShzFE
Linux Desktop Tests (1)	UNKNOWN STEP	2026-02-25T19:51:13.9093627Z [comments] checking event $SQqVv9XGzwPn8h9gdKdm8d9xHn82p_UivzW7s8ShzFE
Linux Desktop Tests (1)	UNKNOWN STEP	2026-02-25T19:51:13.9094537Z [comments] contentvaluetry: $zoqwBNV-YOXADAdCwOtN7L37Plxy5mc0415ChZ3iFC4
Linux Desktop Tests (1)	UNKNOWN STEP	2026-02-25T19:51:13.9095677Z [comments] checking event $zoqwBNV-YOXADAdCwOtN7L37Plxy5mc0415ChZ3iFC4
Linux Desktop Tests (1)	UNKNOWN STEP	2026-02-25T19:51:13.9096611Z [comments] contentvaluetry: $wlGqKvMUa7rHJVpIOGiCDyMnxRpPZNPEFZQE0LdlSEY
Linux Desktop Tests (1)	UNKNOWN STEP	2026-02-25T19:51:13.9103005Z [comments] checking event $wlGqKvMUa7rHJVpIOGiCDyMnxRpPZNPEFZQE0LdlSEY
Linux Desktop Tests (1)	UNKNOWN STEP	2026-02-25T19:51:13.9103743Z [comments] contentvaluetry: $HdZ27TUvQzgvxemkRdZnD506mHhjd_OkGKcuVAyL1CI
Linux Desktop Tests (1)	UNKNOWN STEP	2026-02-25T19:51:13.9110060Z [comments] checking event $HdZ27TUvQzgvxemkRdZnD506mHhjd_OkGKcuVAyL1CI
Linux Desktop Tests (1)	UNKNOWN STEP	2026-02-25T19:51:13.9111265Z [comments] contentvaluetry: $TnU06Pb0HGApimOmewDhR93fH6-weB_vz7xSDfGNd6c
Linux Desktop Tests (1)	UNKNOWN STEP	2026-02-25T19:51:13.9112347Z [comments] checking event $TnU06Pb0HGApimOmewDhR93fH6-weB_vz7xSDfGNd6c
Linux Desktop Tests (1)	UNKNOWN STEP	2026-02-25T19:51:13.9113075Z [comments] contentvaluetry: $XDC5By7B4tCHtO_xhZrV2smuVSTCE6_VDKidFrNH4bo
Linux Desktop Tests (1)	UNKNOWN STEP	2026-02-25T19:51:13.9113849Z [comments] checking event $XDC5By7B4tCHtO_xhZrV2smuVSTCE6_VDKidFrNH4bo
Linux Desktop Tests (1)	UNKNOWN STEP	2026-02-25T19:51:13.9114561Z [comments] contentvaluetry: $1xhIdcWtoXRyira6vEFwg7C0R4zc4zlmUVK1PgJNaIQ
Linux Desktop Tests (1)	UNKNOWN STEP	2026-02-25T19:51:13.9115275Z [comments] checking event $1xhIdcWtoXRyira6vEFwg7C0R4zc4zlmUVK1PgJNaIQ
Linux Desktop Tests (1)	UNKNOWN STEP	2026-02-25T19:51:13.9115980Z [comments] contentvaluetry: $KYV-t0m4p4NaqCJ3RUmVZfkjWYLo08ZTWhX3LEctWAU
Linux Desktop Tests (1)	UNKNOWN STEP	2026-02-25T19:51:13.9116691Z [comments] checking event $KYV-t0m4p4NaqCJ3RUmVZfkjWYLo08ZTWhX3LEctWAU
Linux Desktop Tests (1)	UNKNOWN STEP	2026-02-25T19:51:13.9117408Z [comments] contentvaluetry: $vHcmfU7Ywi7JcJHrHtKHtEB4YXADMEYkz4jp3yQ47zQ
Linux Desktop Tests (1)	UNKNOWN STEP	2026-02-25T19:51:13.9119243Z got timeline for event id
Linux Desktop Tests (1)	UNKNOWN STEP	2026-02-25T19:51:13.9119636Z $KYV-t0m4p4NaqCJ3RUmVZfkjWYLo08ZTWhX3LEctWAU
Linux Desktop Tests (1)	UNKNOWN STEP	2026-02-25T19:51:13.9120054Z has aggregated events?
Linux Desktop Tests (1)	UNKNOWN STEP	2026-02-25T19:51:13.9120346Z false
Linux Desktop Tests (1)	UNKNOWN STEP	2026-02-25T19:51:13.9120576Z got events
Linux Desktop Tests (1)	UNKNOWN STEP	2026-02-25T19:51:13.9120815Z {}
Linux Desktop Tests (1)	UNKNOWN STEP	2026-02-25T19:51:13.9965057Z start getting reactions
Linux Desktop Tests (1)	UNKNOWN STEP	2026-02-25T19:51:14.0283097Z [comments] checking event $zShffdXXkxasNYWvBGqzVxrD6Shamsp9C7_kttXyLAM
Linux Desktop Tests (1)	UNKNOWN STEP	2026-02-25T19:51:14.0284943Z [comments] contentvaluetry: $yPwV52qoxnWjxkopoO5noAZ95s70CJwhQnEAj-l0MsM
Linux Desktop Tests (1)	UNKNOWN STEP	2026-02-25T19:51:14.0287490Z [comments] checking event $yPwV52qoxnWjxkopoO5noAZ95s70CJwhQnEAj-l0MsM
Linux Desktop Tests (1)	UNKNOWN STEP	2026-02-25T19:51:14.0288375Z [comments] contentvaluetry: $SQqVv9XGzwPn8h9gdKdm8d9xHn82p_UivzW7s8ShzFE
Linux Desktop Tests (1)	UNKNOWN STEP	2026-02-25T19:51:14.0296762Z [comments] checking event $SQqVv9XGzwPn8h9gdKdm8d9xHn82p_UivzW7s8ShzFE
Linux Desktop Tests (1)	UNKNOWN STEP	2026-02-25T19:51:14.0297832Z [comments] contentvaluetry: $zoqwBNV-YOXADAdCwOtN7L37Plxy5mc0415ChZ3iFC4
Linux Desktop Tests (1)	UNKNOWN STEP	2026-02-25T19:51:14.0300162Z [comments] checking event $zoqwBNV-YOXADAdCwOtN7L37Plxy5mc0415ChZ3iFC4
Linux Desktop Tests (1)	UNKNOWN STEP	2026-02-25T19:51:14.0302553Z [comments] contentvaluetry: $wlGqKvMUa7rHJVpIOGiCDyMnxRpPZNPEFZQE0LdlSEY
Linux Desktop Tests (1)	UNKNOWN STEP	2026-02-25T19:51:14.0303430Z [comments] checking event $wlGqKvMUa7rHJVpIOGiCDyMnxRpPZNPEFZQE0LdlSEY
Linux Desktop Tests (1)	UNKNOWN STEP	2026-02-25T19:51:14.0304288Z [comments] contentvaluetry: $HdZ27TUvQzgvxemkRdZnD506mHhjd_OkGKcuVAyL1CI
Linux Desktop Tests (1)	UNKNOWN STEP	2026-02-25T19:51:14.0305127Z [comments] checking event $HdZ27TUvQzgvxemkRdZnD506mHhjd_OkGKcuVAyL1CI
Linux Desktop Tests (1)	UNKNOWN STEP	2026-02-25T19:51:14.0305958Z [comments] contentvaluetry: $TnU06Pb0HGApimOmewDhR93fH6-weB_vz7xSDfGNd6c
Linux Desktop Tests (1)	UNKNOWN STEP	2026-02-25T19:51:14.0306777Z [comments] checking event $TnU06Pb0HGApimOmewDhR93fH6-weB_vz7xSDfGNd6c
Linux Desktop Tests (1)	UNKNOWN STEP	2026-02-25T19:51:14.0307577Z [comments] contentvaluetry: $XDC5By7B4tCHtO_xhZrV2smuVSTCE6_VDKidFrNH4bo
Linux Desktop Tests (1)	UNKNOWN STEP	2026-02-25T19:51:14.0308381Z [comments] checking event $XDC5By7B4tCHtO_xhZrV2smuVSTCE6_VDKidFrNH4bo
Linux Desktop Tests (1)	UNKNOWN STEP	2026-02-25T19:51:14.0309439Z [comments] contentvaluetry: $1xhIdcWtoXRyira6vEFwg7C0R4zc4zlmUVK1PgJNaIQ
Linux Desktop Tests (1)	UNKNOWN STEP	2026-02-25T19:51:14.0310301Z [comments] checking event $1xhIdcWtoXRyira6vEFwg7C0R4zc4zlmUVK1PgJNaIQ
Linux Desktop Tests (1)	UNKNOWN STEP	2026-02-25T19:51:14.0311167Z [comments] contentvaluetry: $KYV-t0m4p4NaqCJ3RUmVZfkjWYLo08ZTWhX3LEctWAU
Linux Desktop Tests (1)	UNKNOWN STEP	2026-02-25T19:51:14.0312015Z [comments] checking event $KYV-t0m4p4NaqCJ3RUmVZfkjWYLo08ZTWhX3LEctWAU
Linux Desktop Tests (1)	UNKNOWN STEP	2026-02-25T19:51:14.0312894Z [comments] contentvaluetry: $vHcmfU7Ywi7JcJHrHtKHtEB4YXADMEYkz4jp3yQ47zQ
Linux Desktop Tests (1)	UNKNOWN STEP	2026-02-25T19:51:14.0323003Z got timeline for event id
Linux Desktop Tests (1)	UNKNOWN STEP	2026-02-25T19:51:14.0327882Z $1xhIdcWtoXRyira6vEFwg7C0R4zc4zlmUVK1PgJNaIQ
Linux Desktop Tests (1)	UNKNOWN STEP	2026-02-25T19:51:14.0328433Z has aggregated events?
Linux Desktop Tests (1)	UNKNOWN STEP	2026-02-25T19:51:14.0328988Z false
Linux Desktop Tests (1)	UNKNOWN STEP	2026-02-25T19:51:14.0331945Z got events
Linux Desktop Tests (1)	UNKNOWN STEP	2026-02-25T19:51:14.0332601Z {}
Linux Desktop Tests (1)	UNKNOWN STEP	2026-02-25T19:51:14.1407392Z start getting reactions
Linux Desktop Tests (1)	UNKNOWN STEP	2026-02-25T19:51:14.1665821Z [comments] checking event $zShffdXXkxasNYWvBGqzVxrD6Shamsp9C7_kttXyLAM
Linux Desktop Tests (1)	UNKNOWN STEP	2026-02-25T19:51:14.1667672Z [comments] contentvaluetry: $yPwV52qoxnWjxkopoO5noAZ95s70CJwhQnEAj-l0MsM
Linux Desktop Tests (1)	UNKNOWN STEP	2026-02-25T19:51:14.1669676Z [comments] checking event $yPwV52qoxnWjxkopoO5noAZ95s70CJwhQnEAj-l0MsM
Linux Desktop Tests (1)	UNKNOWN STEP	2026-02-25T19:51:14.1671030Z [comments] contentvaluetry: $SQqVv9XGzwPn8h9gdKdm8d9xHn82p_UivzW7s8ShzFE
Linux Desktop Tests (1)	UNKNOWN STEP	2026-02-25T19:51:14.1671946Z [comments] checking event $SQqVv9XGzwPn8h9gdKdm8d9xHn82p_UivzW7s8ShzFE
Linux Desktop Tests (1)	UNKNOWN STEP	2026-02-25T19:51:14.1672771Z [comments] contentvaluetry: $zoqwBNV-YOXADAdCwOtN7L37Plxy5mc0415ChZ3iFC4
Linux Desktop Tests (1)	UNKNOWN STEP	2026-02-25T19:51:14.1673945Z [comments] checking event $zoqwBNV-YOXADAdCwOtN7L37Plxy5mc0415ChZ3iFC4
Linux Desktop Tests (1)	UNKNOWN STEP	2026-02-25T19:51:14.1674833Z [comments] contentvaluetry: $wlGqKvMUa7rHJVpIOGiCDyMnxRpPZNPEFZQE0LdlSEY
Linux Desktop Tests (1)	UNKNOWN STEP	2026-02-25T19:51:14.1675683Z [comments] checking event $wlGqKvMUa7rHJVpIOGiCDyMnxRpPZNPEFZQE0LdlSEY
Linux Desktop Tests (1)	UNKNOWN STEP	2026-02-25T19:51:14.1676466Z [comments] contentvaluetry: $HdZ27TUvQzgvxemkRdZnD506mHhjd_OkGKcuVAyL1CI
Linux Desktop Tests (1)	UNKNOWN STEP	2026-02-25T19:51:14.1677276Z [comments] checking event $HdZ27TUvQzgvxemkRdZnD506mHhjd_OkGKcuVAyL1CI
Linux Desktop Tests (1)	UNKNOWN STEP	2026-02-25T19:51:14.1690335Z [comments] contentvaluetry: $TnU06Pb0HGApimOmewDhR93fH6-weB_vz7xSDfGNd6c
Linux Desktop Tests (1)	UNKNOWN STEP	2026-02-25T19:51:14.1691213Z [comments] checking event $TnU06Pb0HGApimOmewDhR93fH6-weB_vz7xSDfGNd6c
Linux Desktop Tests (1)	UNKNOWN STEP	2026-02-25T19:51:14.1692051Z [comments] contentvaluetry: $XDC5By7B4tCHtO_xhZrV2smuVSTCE6_VDKidFrNH4bo
Linux Desktop Tests (1)	UNKNOWN STEP	2026-02-25T19:51:14.1692873Z [comments] checking event $XDC5By7B4tCHtO_xhZrV2smuVSTCE6_VDKidFrNH4bo
Linux Desktop Tests (1)	UNKNOWN STEP	2026-02-25T19:51:14.1695675Z [comments] contentvaluetry: $1xhIdcWtoXRyira6vEFwg7C0R4zc4zlmUVK1PgJNaIQ
Linux Desktop Tests (1)	UNKNOWN STEP	2026-02-25T19:51:14.1697001Z [comments] checking event $1xhIdcWtoXRyira6vEFwg7C0R4zc4zlmUVK1PgJNaIQ
Linux Desktop Tests (1)	UNKNOWN STEP	2026-02-25T19:51:14.1698134Z [comments] contentvaluetry: $KYV-t0m4p4NaqCJ3RUmVZfkjWYLo08ZTWhX3LEctWAU
Linux Desktop Tests (1)	UNKNOWN STEP	2026-02-25T19:51:14.1699173Z [comments] checking event $KYV-t0m4p4NaqCJ3RUmVZfkjWYLo08ZTWhX3LEctWAU
Linux Desktop Tests (1)	UNKNOWN STEP	2026-02-25T19:51:14.1699775Z [comments] contentvaluetry: $vHcmfU7Ywi7JcJHrHtKHtEB4YXADMEYkz4jp3yQ47zQ
Linux Desktop Tests (1)	UNKNOWN STEP	2026-02-25T19:51:14.1732469Z got timeline for event id
Linux Desktop Tests (1)	UNKNOWN STEP	2026-02-25T19:51:14.1734418Z $XDC5By7B4tCHtO_xhZrV2smuVSTCE6_VDKidFrNH4bo
Linux Desktop Tests (1)	UNKNOWN STEP	2026-02-25T19:51:14.1736328Z has aggregated events?
Linux Desktop Tests (1)	UNKNOWN STEP	2026-02-25T19:51:14.1736722Z false
Linux Desktop Tests (1)	UNKNOWN STEP	2026-02-25T19:51:14.1739211Z got events
Linux Desktop Tests (1)	UNKNOWN STEP	2026-02-25T19:51:14.1739926Z {}
Linux Desktop Tests (1)	UNKNOWN STEP	2026-02-25T19:51:14.2769516Z start getting reactions
Linux Desktop Tests (1)	UNKNOWN STEP	2026-02-25T19:51:14.3067736Z got timeline for event id
Linux Desktop Tests (1)	UNKNOWN STEP	2026-02-25T19:51:14.3070100Z $TnU06Pb0HGApimOmewDhR93fH6-weB_vz7xSDfGNd6c
Linux Desktop Tests (1)	UNKNOWN STEP	2026-02-25T19:51:14.3072885Z has aggregated events?
Linux Desktop Tests (1)	UNKNOWN STEP	2026-02-25T19:51:14.3073244Z false
Linux Desktop Tests (1)	UNKNOWN STEP	2026-02-25T19:51:14.3073506Z got events
Linux Desktop Tests (1)	UNKNOWN STEP	2026-02-25T19:51:14.3073776Z {}
Linux Desktop Tests (1)	UNKNOWN STEP	2026-02-25T19:51:24.6863129Z === Text widgets on screen after navigation + pump: t | testuser1 | #test_avatar:test.matrix.local: test_avatar | Continue this thread... | Substitution ===
Linux Desktop Tests (1)	UNKNOWN STEP	2026-02-25T19:51:24.6870211Z === CommentWidgets count: 4 ===
Linux Desktop Tests (1)	UNKNOWN STEP	2026-02-25T19:51:24.8462870Z start getting reactions
Linux Desktop Tests (1)	UNKNOWN STEP	2026-02-25T19:51:24.8588732Z [comments] checking event $zShffdXXkxasNYWvBGqzVxrD6Shamsp9C7_kttXyLAM
Linux Desktop Tests (1)	UNKNOWN STEP	2026-02-25T19:51:24.8592648Z [comments] contentvaluetry: $yPwV52qoxnWjxkopoO5noAZ95s70CJwhQnEAj-l0MsM
Linux Desktop Tests (1)	UNKNOWN STEP	2026-02-25T19:51:24.8607773Z [comments] checking event $yPwV52qoxnWjxkopoO5noAZ95s70CJwhQnEAj-l0MsM
Linux Desktop Tests (1)	UNKNOWN STEP	2026-02-25T19:51:24.8610094Z [comments] contentvaluetry: $SQqVv9XGzwPn8h9gdKdm8d9xHn82p_UivzW7s8ShzFE
Linux Desktop Tests (1)	UNKNOWN STEP	2026-02-25T19:51:24.8610975Z [comments] checking event $SQqVv9XGzwPn8h9gdKdm8d9xHn82p_UivzW7s8ShzFE
Linux Desktop Tests (1)	UNKNOWN STEP	2026-02-25T19:51:24.8611835Z [comments] contentvaluetry: $zoqwBNV-YOXADAdCwOtN7L37Plxy5mc0415ChZ3iFC4
Linux Desktop Tests (1)	UNKNOWN STEP	2026-02-25T19:51:24.8614404Z [comments] checking event $zoqwBNV-YOXADAdCwOtN7L37Plxy5mc0415ChZ3iFC4
Linux Desktop Tests (1)	UNKNOWN STEP	2026-02-25T19:51:24.8616719Z [comments] contentvaluetry: $wlGqKvMUa7rHJVpIOGiCDyMnxRpPZNPEFZQE0LdlSEY
Linux Desktop Tests (1)	UNKNOWN STEP	2026-02-25T19:51:24.8617671Z [comments] checking event $wlGqKvMUa7rHJVpIOGiCDyMnxRpPZNPEFZQE0LdlSEY
Linux Desktop Tests (1)	UNKNOWN STEP	2026-02-25T19:51:24.8618726Z [comments] contentvaluetry: $HdZ27TUvQzgvxemkRdZnD506mHhjd_OkGKcuVAyL1CI
Linux Desktop Tests (1)	UNKNOWN STEP	2026-02-25T19:51:24.8619568Z [comments] checking event $HdZ27TUvQzgvxemkRdZnD506mHhjd_OkGKcuVAyL1CI
Linux Desktop Tests (1)	UNKNOWN STEP	2026-02-25T19:51:24.8620389Z [comments] contentvaluetry: $TnU06Pb0HGApimOmewDhR93fH6-weB_vz7xSDfGNd6c
Linux Desktop Tests (1)	UNKNOWN STEP	2026-02-25T19:51:24.8621217Z [comments] checking event $TnU06Pb0HGApimOmewDhR93fH6-weB_vz7xSDfGNd6c
Linux Desktop Tests (1)	UNKNOWN STEP	2026-02-25T19:51:24.8622069Z [comments] contentvaluetry: $XDC5By7B4tCHtO_xhZrV2smuVSTCE6_VDKidFrNH4bo
Linux Desktop Tests (1)	UNKNOWN STEP	2026-02-25T19:51:24.8623104Z [comments] checking event $XDC5By7B4tCHtO_xhZrV2smuVSTCE6_VDKidFrNH4bo
Linux Desktop Tests (1)	UNKNOWN STEP	2026-02-25T19:51:24.8623808Z [comments] contentvaluetry: $1xhIdcWtoXRyira6vEFwg7C0R4zc4zlmUVK1PgJNaIQ
Linux Desktop Tests (1)	UNKNOWN STEP	2026-02-25T19:51:24.8624358Z [comments] checking event $1xhIdcWtoXRyira6vEFwg7C0R4zc4zlmUVK1PgJNaIQ
Linux Desktop Tests (1)	UNKNOWN STEP	2026-02-25T19:51:24.8624861Z [comments] contentvaluetry: $KYV-t0m4p4NaqCJ3RUmVZfkjWYLo08ZTWhX3LEctWAU
Linux Desktop Tests (1)	UNKNOWN STEP	2026-02-25T19:51:24.8625614Z [comments] checking event $KYV-t0m4p4NaqCJ3RUmVZfkjWYLo08ZTWhX3LEctWAU
Linux Desktop Tests (1)	UNKNOWN STEP	2026-02-25T19:51:24.8626109Z [comments] contentvaluetry: $vHcmfU7Ywi7JcJHrHtKHtEB4YXADMEYkz4jp3yQ47zQ
Linux Desktop Tests (1)	UNKNOWN STEP	2026-02-25T19:51:24.8658872Z got timeline for event id
Linux Desktop Tests (1)	UNKNOWN STEP	2026-02-25T19:51:24.8663347Z $TnU06Pb0HGApimOmewDhR93fH6-weB_vz7xSDfGNd6c
Linux Desktop Tests (1)	UNKNOWN STEP	2026-02-25T19:51:24.8666291Z has aggregated events?
Linux Desktop Tests (1)	UNKNOWN STEP	2026-02-25T19:51:24.8666648Z false
Linux Desktop Tests (1)	UNKNOWN STEP	2026-02-25T19:51:24.8669766Z got events
Linux Desktop Tests (1)	UNKNOWN STEP	2026-02-25T19:51:24.8670060Z {}
Linux Desktop Tests (1)	UNKNOWN STEP	2026-02-25T19:51:24.9853671Z start getting reactions
Linux Desktop Tests (1)	UNKNOWN STEP	2026-02-25T19:51:24.9937505Z start getting reactions
Linux Desktop Tests (1)	UNKNOWN STEP	2026-02-25T19:51:25.0268054Z got timeline for event id
Linux Desktop Tests (1)	UNKNOWN STEP	2026-02-25T19:51:25.0269987Z $vHcmfU7Ywi7JcJHrHtKHtEB4YXADMEYkz4jp3yQ47zQ
Linux Desktop Tests (1)	UNKNOWN STEP	2026-02-25T19:51:25.0271313Z has aggregated events?
Linux Desktop Tests (1)	UNKNOWN STEP	2026-02-25T19:51:25.0273501Z false
Linux Desktop Tests (1)	UNKNOWN STEP	2026-02-25T19:51:25.0273793Z got events
Linux Desktop Tests (1)	UNKNOWN STEP	2026-02-25T19:51:25.0274075Z {}
Linux Desktop Tests (1)	UNKNOWN STEP	2026-02-25T19:51:25.0336079Z [comments] checking event $zShffdXXkxasNYWvBGqzVxrD6Shamsp9C7_kttXyLAM
Linux Desktop Tests (1)	UNKNOWN STEP	2026-02-25T19:51:25.0342357Z [comments] contentvaluetry: $yPwV52qoxnWjxkopoO5noAZ95s70CJwhQnEAj-l0MsM
Linux Desktop Tests (1)	UNKNOWN STEP	2026-02-25T19:51:25.0345210Z [comments] checking event $yPwV52qoxnWjxkopoO5noAZ95s70CJwhQnEAj-l0MsM
Linux Desktop Tests (1)	UNKNOWN STEP	2026-02-25T19:51:25.0347152Z [comments] contentvaluetry: $SQqVv9XGzwPn8h9gdKdm8d9xHn82p_UivzW7s8ShzFE
Linux Desktop Tests (1)	UNKNOWN STEP	2026-02-25T19:51:25.0348009Z [comments] checking event $SQqVv9XGzwPn8h9gdKdm8d9xHn82p_UivzW7s8ShzFE
Linux Desktop Tests (1)	UNKNOWN STEP	2026-02-25T19:51:25.0349036Z [comments] contentvaluetry: $zoqwBNV-YOXADAdCwOtN7L37Plxy5mc0415ChZ3iFC4
Linux Desktop Tests (1)	UNKNOWN STEP	2026-02-25T19:51:25.0349890Z [comments] checking event $zoqwBNV-YOXADAdCwOtN7L37Plxy5mc0415ChZ3iFC4
Linux Desktop Tests (1)	UNKNOWN STEP	2026-02-25T19:51:25.0350749Z [comments] contentvaluetry: $wlGqKvMUa7rHJVpIOGiCDyMnxRpPZNPEFZQE0LdlSEY
Linux Desktop Tests (1)	UNKNOWN STEP	2026-02-25T19:51:25.0351624Z [comments] checking event $wlGqKvMUa7rHJVpIOGiCDyMnxRpPZNPEFZQE0LdlSEY
Linux Desktop Tests (1)	UNKNOWN STEP	2026-02-25T19:51:25.0352478Z [comments] contentvaluetry: $HdZ27TUvQzgvxemkRdZnD506mHhjd_OkGKcuVAyL1CI
Linux Desktop Tests (1)	UNKNOWN STEP	2026-02-25T19:51:25.0353307Z [comments] checking event $HdZ27TUvQzgvxemkRdZnD506mHhjd_OkGKcuVAyL1CI
Linux Desktop Tests (1)	UNKNOWN STEP	2026-02-25T19:51:25.0354158Z [comments] contentvaluetry: $TnU06Pb0HGApimOmewDhR93fH6-weB_vz7xSDfGNd6c
Linux Desktop Tests (1)	UNKNOWN STEP	2026-02-25T19:51:25.0354980Z [comments] checking event $TnU06Pb0HGApimOmewDhR93fH6-weB_vz7xSDfGNd6c
Linux Desktop Tests (1)	UNKNOWN STEP	2026-02-25T19:51:25.0355818Z [comments] contentvaluetry: $XDC5By7B4tCHtO_xhZrV2smuVSTCE6_VDKidFrNH4bo
Linux Desktop Tests (1)	UNKNOWN STEP	2026-02-25T19:51:25.0356989Z [comments] checking event $XDC5By7B4tCHtO_xhZrV2smuVSTCE6_VDKidFrNH4bo
Linux Desktop Tests (1)	UNKNOWN STEP	2026-02-25T19:51:25.0357833Z [comments] contentvaluetry: $1xhIdcWtoXRyira6vEFwg7C0R4zc4zlmUVK1PgJNaIQ
Linux Desktop Tests (1)	UNKNOWN STEP	2026-02-25T19:51:25.0358889Z [comments] checking event $1xhIdcWtoXRyira6vEFwg7C0R4zc4zlmUVK1PgJNaIQ
Linux Desktop Tests (1)	UNKNOWN STEP	2026-02-25T19:51:25.0359740Z [comments] contentvaluetry: $KYV-t0m4p4NaqCJ3RUmVZfkjWYLo08ZTWhX3LEctWAU
Linux Desktop Tests (1)	UNKNOWN STEP	2026-02-25T19:51:25.0360606Z [comments] checking event $KYV-t0m4p4NaqCJ3RUmVZfkjWYLo08ZTWhX3LEctWAU
Linux Desktop Tests (1)	UNKNOWN STEP	2026-02-25T19:51:25.0361499Z [comments] contentvaluetry: $vHcmfU7Ywi7JcJHrHtKHtEB4YXADMEYkz4jp3yQ47zQ
Linux Desktop Tests (1)	UNKNOWN STEP	2026-02-25T19:51:25.0399962Z got timeline for event id
Linux Desktop Tests (1)	UNKNOWN STEP	2026-02-25T19:51:25.0402527Z $KYV-t0m4p4NaqCJ3RUmVZfkjWYLo08ZTWhX3LEctWAU
Linux Desktop Tests (1)	UNKNOWN STEP	2026-02-25T19:51:25.0404160Z has aggregated events?
Linux Desktop Tests (1)	UNKNOWN STEP	2026-02-25T19:51:25.0409911Z false
Linux Desktop Tests (1)	UNKNOWN STEP	2026-02-25T19:51:25.0410235Z got events
Linux Desktop Tests (1)	UNKNOWN STEP	2026-02-25T19:51:25.0410606Z {}
Linux Desktop Tests (1)	UNKNOWN STEP	2026-02-25T19:51:25.1272585Z start getting reactions
Linux Desktop Tests (1)	UNKNOWN STEP	2026-02-25T19:51:25.1575255Z [comments] checking event $zShffdXXkxasNYWvBGqzVxrD6Shamsp9C7_kttXyLAM
Linux Desktop Tests (1)	UNKNOWN STEP	2026-02-25T19:51:25.1577608Z [comments] contentvaluetry: $yPwV52qoxnWjxkopoO5noAZ95s70CJwhQnEAj-l0MsM
Linux Desktop Tests (1)	UNKNOWN STEP	2026-02-25T19:51:25.1578491Z [comments] checking event $yPwV52qoxnWjxkopoO5noAZ95s70CJwhQnEAj-l0MsM
Linux Desktop Tests (1)	UNKNOWN STEP	2026-02-25T19:51:25.1579574Z [comments] contentvaluetry: $SQqVv9XGzwPn8h9gdKdm8d9xHn82p_UivzW7s8ShzFE
Linux Desktop Tests (1)	UNKNOWN STEP	2026-02-25T19:51:25.1580443Z [comments] checking event $SQqVv9XGzwPn8h9gdKdm8d9xHn82p_UivzW7s8ShzFE
Linux Desktop Tests (1)	UNKNOWN STEP	2026-02-25T19:51:25.1581302Z [comments] contentvaluetry: $zoqwBNV-YOXADAdCwOtN7L37Plxy5mc0415ChZ3iFC4
Linux Desktop Tests (1)	UNKNOWN STEP	2026-02-25T19:51:25.1582137Z [comments] checking event $zoqwBNV-YOXADAdCwOtN7L37Plxy5mc0415ChZ3iFC4
Linux Desktop Tests (1)	UNKNOWN STEP	2026-02-25T19:51:25.1593769Z [comments] contentvaluetry: $wlGqKvMUa7rHJVpIOGiCDyMnxRpPZNPEFZQE0LdlSEY
Linux Desktop Tests (1)	UNKNOWN STEP	2026-02-25T19:51:25.1594981Z [comments] checking event $wlGqKvMUa7rHJVpIOGiCDyMnxRpPZNPEFZQE0LdlSEY
Linux Desktop Tests (1)	UNKNOWN STEP	2026-02-25T19:51:25.1595837Z [comments] contentvaluetry: $HdZ27TUvQzgvxemkRdZnD506mHhjd_OkGKcuVAyL1CI
Linux Desktop Tests (1)	UNKNOWN STEP	2026-02-25T19:51:25.1596630Z [comments] checking event $HdZ27TUvQzgvxemkRdZnD506mHhjd_OkGKcuVAyL1CI
Linux Desktop Tests (1)	UNKNOWN STEP	2026-02-25T19:51:25.1597375Z [comments] contentvaluetry: $TnU06Pb0HGApimOmewDhR93fH6-weB_vz7xSDfGNd6c
Linux Desktop Tests (1)	UNKNOWN STEP	2026-02-25T19:51:25.1598084Z [comments] checking event $TnU06Pb0HGApimOmewDhR93fH6-weB_vz7xSDfGNd6c
Linux Desktop Tests (1)	UNKNOWN STEP	2026-02-25T19:51:25.1599040Z [comments] contentvaluetry: $XDC5By7B4tCHtO_xhZrV2smuVSTCE6_VDKidFrNH4bo
Linux Desktop Tests (1)	UNKNOWN STEP	2026-02-25T19:51:25.1599797Z [comments] checking event $XDC5By7B4tCHtO_xhZrV2smuVSTCE6_VDKidFrNH4bo
Linux Desktop Tests (1)	UNKNOWN STEP	2026-02-25T19:51:25.1600401Z [comments] contentvaluetry: $1xhIdcWtoXRyira6vEFwg7C0R4zc4zlmUVK1PgJNaIQ
Linux Desktop Tests (1)	UNKNOWN STEP	2026-02-25T19:51:25.1600891Z [comments] checking event $1xhIdcWtoXRyira6vEFwg7C0R4zc4zlmUVK1PgJNaIQ
Linux Desktop Tests (1)	UNKNOWN STEP	2026-02-25T19:51:25.1601380Z [comments] contentvaluetry: $KYV-t0m4p4NaqCJ3RUmVZfkjWYLo08ZTWhX3LEctWAU
Linux Desktop Tests (1)	UNKNOWN STEP	2026-02-25T19:51:25.1601874Z [comments] checking event $KYV-t0m4p4NaqCJ3RUmVZfkjWYLo08ZTWhX3LEctWAU
Linux Desktop Tests (1)	UNKNOWN STEP	2026-02-25T19:51:25.1602586Z [comments] contentvaluetry: $vHcmfU7Ywi7JcJHrHtKHtEB4YXADMEYkz4jp3yQ47zQ
Linux Desktop Tests (1)	UNKNOWN STEP	2026-02-25T19:51:25.1635145Z got timeline for event id
Linux Desktop Tests (1)	UNKNOWN STEP	2026-02-25T19:51:25.1639073Z $1xhIdcWtoXRyira6vEFwg7C0R4zc4zlmUVK1PgJNaIQ
Linux Desktop Tests (1)	UNKNOWN STEP	2026-02-25T19:51:25.1641445Z has aggregated events?
Linux Desktop Tests (1)	UNKNOWN STEP	2026-02-25T19:51:25.1644009Z false
Linux Desktop Tests (1)	UNKNOWN STEP	2026-02-25T19:51:25.1644358Z got events
Linux Desktop Tests (1)	UNKNOWN STEP	2026-02-25T19:51:25.1644831Z {}
Linux Desktop Tests (1)	UNKNOWN STEP	2026-02-25T19:51:25.2579110Z start getting reactions
Linux Desktop Tests (1)	UNKNOWN STEP	2026-02-25T19:51:25.2655637Z ✓ Navigated into deep nested Post view via continuation button (can pop: true)
Linux Desktop Tests (1)	UNKNOWN STEP	2026-02-25T19:51:25.2856667Z [comments] checking event $zShffdXXkxasNYWvBGqzVxrD6Shamsp9C7_kttXyLAM
Linux Desktop Tests (1)	UNKNOWN STEP	2026-02-25T19:51:25.2859469Z [comments] contentvaluetry: $yPwV52qoxnWjxkopoO5noAZ95s70CJwhQnEAj-l0MsM
Linux Desktop Tests (1)	UNKNOWN STEP	2026-02-25T19:51:25.2860389Z [comments] checking event $yPwV52qoxnWjxkopoO5noAZ95s70CJwhQnEAj-l0MsM
Linux Desktop Tests (1)	UNKNOWN STEP	2026-02-25T19:51:25.2861262Z [comments] contentvaluetry: $SQqVv9XGzwPn8h9gdKdm8d9xHn82p_UivzW7s8ShzFE
Linux Desktop Tests (1)	UNKNOWN STEP	2026-02-25T19:51:25.2868263Z [comments] checking event $SQqVv9XGzwPn8h9gdKdm8d9xHn82p_UivzW7s8ShzFE
Linux Desktop Tests (1)	UNKNOWN STEP	2026-02-25T19:51:25.2869363Z [comments] contentvaluetry: $zoqwBNV-YOXADAdCwOtN7L37Plxy5mc0415ChZ3iFC4
Linux Desktop Tests (1)	UNKNOWN STEP	2026-02-25T19:51:25.2870229Z [comments] checking event $zoqwBNV-YOXADAdCwOtN7L37Plxy5mc0415ChZ3iFC4
Linux Desktop Tests (1)	UNKNOWN STEP	2026-02-25T19:51:25.2871088Z [comments] contentvaluetry: $wlGqKvMUa7rHJVpIOGiCDyMnxRpPZNPEFZQE0LdlSEY
Linux Desktop Tests (1)	UNKNOWN STEP	2026-02-25T19:51:25.2871986Z [comments] checking event $wlGqKvMUa7rHJVpIOGiCDyMnxRpPZNPEFZQE0LdlSEY
Linux Desktop Tests (1)	UNKNOWN STEP	2026-02-25T19:51:25.2872865Z [comments] contentvaluetry: $HdZ27TUvQzgvxemkRdZnD506mHhjd_OkGKcuVAyL1CI
Linux Desktop Tests (1)	UNKNOWN STEP	2026-02-25T19:51:25.2873695Z [comments] checking event $HdZ27TUvQzgvxemkRdZnD506mHhjd_OkGKcuVAyL1CI
Linux Desktop Tests (1)	UNKNOWN STEP	2026-02-25T19:51:25.2876039Z [comments] contentvaluetry: $TnU06Pb0HGApimOmewDhR93fH6-weB_vz7xSDfGNd6c
Linux Desktop Tests (1)	UNKNOWN STEP	2026-02-25T19:51:25.2876916Z [comments] checking event $TnU06Pb0HGApimOmewDhR93fH6-weB_vz7xSDfGNd6c
Linux Desktop Tests (1)	UNKNOWN STEP	2026-02-25T19:51:25.2877771Z [comments] contentvaluetry: $XDC5By7B4tCHtO_xhZrV2smuVSTCE6_VDKidFrNH4bo
Linux Desktop Tests (1)	UNKNOWN STEP	2026-02-25T19:51:25.2878782Z [comments] checking event $XDC5By7B4tCHtO_xhZrV2smuVSTCE6_VDKidFrNH4bo
Linux Desktop Tests (1)	UNKNOWN STEP	2026-02-25T19:51:25.2879570Z [comments] contentvaluetry: $1xhIdcWtoXRyira6vEFwg7C0R4zc4zlmUVK1PgJNaIQ
Linux Desktop Tests (1)	UNKNOWN STEP	2026-02-25T19:51:25.2880249Z [comments] checking event $1xhIdcWtoXRyira6vEFwg7C0R4zc4zlmUVK1PgJNaIQ
Linux Desktop Tests (1)	UNKNOWN STEP	2026-02-25T19:51:25.2881088Z [comments] contentvaluetry: $KYV-t0m4p4NaqCJ3RUmVZfkjWYLo08ZTWhX3LEctWAU
Linux Desktop Tests (1)	UNKNOWN STEP	2026-02-25T19:51:25.2881652Z [comments] checking event $KYV-t0m4p4NaqCJ3RUmVZfkjWYLo08ZTWhX3LEctWAU
Linux Desktop Tests (1)	UNKNOWN STEP	2026-02-25T19:51:25.2882129Z [comments] contentvaluetry: $vHcmfU7Ywi7JcJHrHtKHtEB4YXADMEYkz4jp3yQ47zQ
Linux Desktop Tests (1)	UNKNOWN STEP	2026-02-25T19:51:25.2915395Z got timeline for event id
Linux Desktop Tests (1)	UNKNOWN STEP	2026-02-25T19:51:25.2918111Z $XDC5By7B4tCHtO_xhZrV2smuVSTCE6_VDKidFrNH4bo
Linux Desktop Tests (1)	UNKNOWN STEP	2026-02-25T19:51:25.2919352Z has aggregated events?
Linux Desktop Tests (1)	UNKNOWN STEP	2026-02-25T19:51:25.2921246Z false
Linux Desktop Tests (1)	UNKNOWN STEP	2026-02-25T19:51:25.2921860Z got events
Linux Desktop Tests (1)	UNKNOWN STEP	2026-02-25T19:51:25.2922611Z {}
Linux Desktop Tests (1)	UNKNOWN STEP	2026-02-25T19:51:25.5371851Z [comments] checking event $zShffdXXkxasNYWvBGqzVxrD6Shamsp9C7_kttXyLAM
Linux Desktop Tests (1)	UNKNOWN STEP	2026-02-25T19:51:25.5373535Z [comments] contentvaluetry: $yPwV52qoxnWjxkopoO5noAZ95s70CJwhQnEAj-l0MsM
Linux Desktop Tests (1)	UNKNOWN STEP	2026-02-25T19:51:25.5374971Z [comments] checking event $yPwV52qoxnWjxkopoO5noAZ95s70CJwhQnEAj-l0MsM
Linux Desktop Tests (1)	UNKNOWN STEP	2026-02-25T19:51:25.5377308Z [comments] contentvaluetry: $SQqVv9XGzwPn8h9gdKdm8d9xHn82p_UivzW7s8ShzFE
Linux Desktop Tests (1)	UNKNOWN STEP	2026-02-25T19:51:25.5378287Z [comments] checking event $SQqVv9XGzwPn8h9gdKdm8d9xHn82p_UivzW7s8ShzFE
Linux Desktop Tests (1)	UNKNOWN STEP	2026-02-25T19:51:25.5379469Z [comments] contentvaluetry: $zoqwBNV-YOXADAdCwOtN7L37Plxy5mc0415ChZ3iFC4
Linux Desktop Tests (1)	UNKNOWN STEP	2026-02-25T19:51:25.5386045Z [comments] checking event $zoqwBNV-YOXADAdCwOtN7L37Plxy5mc0415ChZ3iFC4
Linux Desktop Tests (1)	UNKNOWN STEP	2026-02-25T19:51:25.5386919Z [comments] contentvaluetry: $wlGqKvMUa7rHJVpIOGiCDyMnxRpPZNPEFZQE0LdlSEY
Linux Desktop Tests (1)	UNKNOWN STEP	2026-02-25T19:51:25.5387796Z [comments] checking event $wlGqKvMUa7rHJVpIOGiCDyMnxRpPZNPEFZQE0LdlSEY
Linux Desktop Tests (1)	UNKNOWN STEP	2026-02-25T19:51:25.5388960Z [comments] contentvaluetry: $HdZ27TUvQzgvxemkRdZnD506mHhjd_OkGKcuVAyL1CI
Linux Desktop Tests (1)	UNKNOWN STEP	2026-02-25T19:51:25.5389518Z [comments] checking event $HdZ27TUvQzgvxemkRdZnD506mHhjd_OkGKcuVAyL1CI
Linux Desktop Tests (1)	UNKNOWN STEP	2026-02-25T19:51:25.5390020Z [comments] contentvaluetry: $TnU06Pb0HGApimOmewDhR93fH6-weB_vz7xSDfGNd6c
Linux Desktop Tests (1)	UNKNOWN STEP	2026-02-25T19:51:25.5393741Z [comments] checking event $TnU06Pb0HGApimOmewDhR93fH6-weB_vz7xSDfGNd6c
Linux Desktop Tests (1)	UNKNOWN STEP	2026-02-25T19:51:25.5394600Z [comments] contentvaluetry: $XDC5By7B4tCHtO_xhZrV2smuVSTCE6_VDKidFrNH4bo
Linux Desktop Tests (1)	UNKNOWN STEP	2026-02-25T19:51:25.5395382Z [comments] checking event $XDC5By7B4tCHtO_xhZrV2smuVSTCE6_VDKidFrNH4bo
Linux Desktop Tests (1)	UNKNOWN STEP	2026-02-25T19:51:25.5395886Z [comments] contentvaluetry: $1xhIdcWtoXRyira6vEFwg7C0R4zc4zlmUVK1PgJNaIQ
Linux Desktop Tests (1)	UNKNOWN STEP	2026-02-25T19:51:25.5396379Z [comments] checking event $1xhIdcWtoXRyira6vEFwg7C0R4zc4zlmUVK1PgJNaIQ
Linux Desktop Tests (1)	UNKNOWN STEP	2026-02-25T19:51:25.5396883Z [comments] contentvaluetry: $KYV-t0m4p4NaqCJ3RUmVZfkjWYLo08ZTWhX3LEctWAU
Linux Desktop Tests (1)	UNKNOWN STEP	2026-02-25T19:51:25.5397370Z [comments] checking event $KYV-t0m4p4NaqCJ3RUmVZfkjWYLo08ZTWhX3LEctWAU
Linux Desktop Tests (1)	UNKNOWN STEP	2026-02-25T19:51:25.5397851Z [comments] contentvaluetry: $vHcmfU7Ywi7JcJHrHtKHtEB4YXADMEYkz4jp3yQ47zQ
Linux Desktop Tests (1)	UNKNOWN STEP	2026-02-25T19:51:25.6450666Z start getting reactions
Linux Desktop Tests (1)	UNKNOWN STEP	2026-02-25T19:51:25.6538052Z start getting reactions
Linux Desktop Tests (1)	UNKNOWN STEP	2026-02-25T19:51:25.6790790Z got timeline for event id
Linux Desktop Tests (1)	UNKNOWN STEP	2026-02-25T19:51:25.6791349Z $vHcmfU7Ywi7JcJHrHtKHtEB4YXADMEYkz4jp3yQ47zQ
Linux Desktop Tests (1)	UNKNOWN STEP	2026-02-25T19:51:25.6795820Z has aggregated events?
Linux Desktop Tests (1)	UNKNOWN STEP	2026-02-25T19:51:25.6796180Z false
Linux Desktop Tests (1)	UNKNOWN STEP	2026-02-25T19:51:25.6796464Z got events
Linux Desktop Tests (1)	UNKNOWN STEP	2026-02-25T19:51:25.6796742Z {}
Linux Desktop Tests (1)	UNKNOWN STEP	2026-02-25T19:51:25.6852694Z [comments] checking event $zShffdXXkxasNYWvBGqzVxrD6Shamsp9C7_kttXyLAM
Linux Desktop Tests (1)	UNKNOWN STEP	2026-02-25T19:51:25.6857950Z [comments] contentvaluetry: $yPwV52qoxnWjxkopoO5noAZ95s70CJwhQnEAj-l0MsM
Linux Desktop Tests (1)	UNKNOWN STEP	2026-02-25T19:51:25.6862541Z [comments] checking event $yPwV52qoxnWjxkopoO5noAZ95s70CJwhQnEAj-l0MsM
Linux Desktop Tests (1)	UNKNOWN STEP	2026-02-25T19:51:25.6868435Z [comments] contentvaluetry: $SQqVv9XGzwPn8h9gdKdm8d9xHn82p_UivzW7s8ShzFE
Linux Desktop Tests (1)	UNKNOWN STEP	2026-02-25T19:51:25.6869884Z [comments] checking event $SQqVv9XGzwPn8h9gdKdm8d9xHn82p_UivzW7s8ShzFE
Linux Desktop Tests (1)	UNKNOWN STEP	2026-02-25T19:51:25.6871123Z [comments] contentvaluetry: $zoqwBNV-YOXADAdCwOtN7L37Plxy5mc0415ChZ3iFC4
Linux Desktop Tests (1)	UNKNOWN STEP	2026-02-25T19:51:25.6872251Z [comments] checking event $zoqwBNV-YOXADAdCwOtN7L37Plxy5mc0415ChZ3iFC4
Linux Desktop Tests (1)	UNKNOWN STEP	2026-02-25T19:51:25.6872866Z [comments] contentvaluetry: $wlGqKvMUa7rHJVpIOGiCDyMnxRpPZNPEFZQE0LdlSEY
Linux Desktop Tests (1)	UNKNOWN STEP	2026-02-25T19:51:25.6873719Z [comments] checking event $wlGqKvMUa7rHJVpIOGiCDyMnxRpPZNPEFZQE0LdlSEY
Linux Desktop Tests (1)	UNKNOWN STEP	2026-02-25T19:51:25.6874645Z [comments] contentvaluetry: $HdZ27TUvQzgvxemkRdZnD506mHhjd_OkGKcuVAyL1CI
Linux Desktop Tests (1)	UNKNOWN STEP	2026-02-25T19:51:25.6875436Z [comments] checking event $HdZ27TUvQzgvxemkRdZnD506mHhjd_OkGKcuVAyL1CI
Linux Desktop Tests (1)	UNKNOWN STEP	2026-02-25T19:51:25.6876228Z [comments] contentvaluetry: $TnU06Pb0HGApimOmewDhR93fH6-weB_vz7xSDfGNd6c
Linux Desktop Tests (1)	UNKNOWN STEP	2026-02-25T19:51:25.6878411Z [comments] checking event $TnU06Pb0HGApimOmewDhR93fH6-weB_vz7xSDfGNd6c
Linux Desktop Tests (1)	UNKNOWN STEP	2026-02-25T19:51:25.6879457Z [comments] contentvaluetry: $XDC5By7B4tCHtO_xhZrV2smuVSTCE6_VDKidFrNH4bo
Linux Desktop Tests (1)	UNKNOWN STEP	2026-02-25T19:51:25.6880258Z [comments] checking event $XDC5By7B4tCHtO_xhZrV2smuVSTCE6_VDKidFrNH4bo
Linux Desktop Tests (1)	UNKNOWN STEP	2026-02-25T19:51:25.6880979Z [comments] contentvaluetry: $1xhIdcWtoXRyira6vEFwg7C0R4zc4zlmUVK1PgJNaIQ
Linux Desktop Tests (1)	UNKNOWN STEP	2026-02-25T19:51:25.6881505Z [comments] checking event $1xhIdcWtoXRyira6vEFwg7C0R4zc4zlmUVK1PgJNaIQ
Linux Desktop Tests (1)	UNKNOWN STEP	2026-02-25T19:51:25.6881995Z [comments] contentvaluetry: $KYV-t0m4p4NaqCJ3RUmVZfkjWYLo08ZTWhX3LEctWAU
Linux Desktop Tests (1)	UNKNOWN STEP	2026-02-25T19:51:25.6882938Z [comments] checking event $KYV-t0m4p4NaqCJ3RUmVZfkjWYLo08ZTWhX3LEctWAU
Linux Desktop Tests (1)	UNKNOWN STEP	2026-02-25T19:51:25.6883794Z [comments] contentvaluetry: $vHcmfU7Ywi7JcJHrHtKHtEB4YXADMEYkz4jp3yQ47zQ
Linux Desktop Tests (1)	UNKNOWN STEP	2026-02-25T19:51:25.6921619Z got timeline for event id
Linux Desktop Tests (1)	UNKNOWN STEP	2026-02-25T19:51:25.6924005Z $KYV-t0m4p4NaqCJ3RUmVZfkjWYLo08ZTWhX3LEctWAU
Linux Desktop Tests (1)	UNKNOWN STEP	2026-02-25T19:51:25.6927074Z has aggregated events?
Linux Desktop Tests (1)	UNKNOWN STEP	2026-02-25T19:51:25.6930121Z false
Linux Desktop Tests (1)	UNKNOWN STEP	2026-02-25T19:51:25.6930415Z got events
Linux Desktop Tests (1)	UNKNOWN STEP	2026-02-25T19:51:25.6932160Z {}
Linux Desktop Tests (1)	UNKNOWN STEP	2026-02-25T19:51:25.7772337Z start getting reactions
Linux Desktop Tests (1)	UNKNOWN STEP	2026-02-25T19:51:25.8066045Z [comments] checking event $zShffdXXkxasNYWvBGqzVxrD6Shamsp9C7_kttXyLAM
Linux Desktop Tests (1)	UNKNOWN STEP	2026-02-25T19:51:25.8067445Z [comments] contentvaluetry: $yPwV52qoxnWjxkopoO5noAZ95s70CJwhQnEAj-l0MsM
Linux Desktop Tests (1)	UNKNOWN STEP	2026-02-25T19:51:25.8068930Z [comments] checking event $yPwV52qoxnWjxkopoO5noAZ95s70CJwhQnEAj-l0MsM
Linux Desktop Tests (1)	UNKNOWN STEP	2026-02-25T19:51:25.8070217Z [comments] contentvaluetry: $SQqVv9XGzwPn8h9gdKdm8d9xHn82p_UivzW7s8ShzFE
Linux Desktop Tests (1)	UNKNOWN STEP	2026-02-25T19:51:25.8071290Z [comments] checking event $SQqVv9XGzwPn8h9gdKdm8d9xHn82p_UivzW7s8ShzFE
Linux Desktop Tests (1)	UNKNOWN STEP	2026-02-25T19:51:25.8072535Z [comments] contentvaluetry: $zoqwBNV-YOXADAdCwOtN7L37Plxy5mc0415ChZ3iFC4
Linux Desktop Tests (1)	UNKNOWN STEP	2026-02-25T19:51:25.8076649Z [comments] checking event $zoqwBNV-YOXADAdCwOtN7L37Plxy5mc0415ChZ3iFC4
Linux Desktop Tests (1)	UNKNOWN STEP	2026-02-25T19:51:25.8077491Z [comments] contentvaluetry: $wlGqKvMUa7rHJVpIOGiCDyMnxRpPZNPEFZQE0LdlSEY
Linux Desktop Tests (1)	UNKNOWN STEP	2026-02-25T19:51:25.8078367Z [comments] checking event $wlGqKvMUa7rHJVpIOGiCDyMnxRpPZNPEFZQE0LdlSEY
Linux Desktop Tests (1)	UNKNOWN STEP	2026-02-25T19:51:25.8079451Z [comments] contentvaluetry: $HdZ27TUvQzgvxemkRdZnD506mHhjd_OkGKcuVAyL1CI
Linux Desktop Tests (1)	UNKNOWN STEP	2026-02-25T19:51:25.8080280Z [comments] checking event $HdZ27TUvQzgvxemkRdZnD506mHhjd_OkGKcuVAyL1CI
Linux Desktop Tests (1)	UNKNOWN STEP	2026-02-25T19:51:25.8081117Z [comments] contentvaluetry: $TnU06Pb0HGApimOmewDhR93fH6-weB_vz7xSDfGNd6c
Linux Desktop Tests (1)	UNKNOWN STEP	2026-02-25T19:51:25.8081950Z [comments] checking event $TnU06Pb0HGApimOmewDhR93fH6-weB_vz7xSDfGNd6c
Linux Desktop Tests (1)	UNKNOWN STEP	2026-02-25T19:51:25.8082797Z [comments] contentvaluetry: $XDC5By7B4tCHtO_xhZrV2smuVSTCE6_VDKidFrNH4bo
Linux Desktop Tests (1)	UNKNOWN STEP	2026-02-25T19:51:25.8083610Z [comments] checking event $XDC5By7B4tCHtO_xhZrV2smuVSTCE6_VDKidFrNH4bo
Linux Desktop Tests (1)	UNKNOWN STEP	2026-02-25T19:51:25.8084759Z [comments] contentvaluetry: $1xhIdcWtoXRyira6vEFwg7C0R4zc4zlmUVK1PgJNaIQ
Linux Desktop Tests (1)	UNKNOWN STEP	2026-02-25T19:51:25.8085494Z [comments] checking event $1xhIdcWtoXRyira6vEFwg7C0R4zc4zlmUVK1PgJNaIQ
Linux Desktop Tests (1)	UNKNOWN STEP	2026-02-25T19:51:25.8085986Z [comments] contentvaluetry: $KYV-t0m4p4NaqCJ3RUmVZfkjWYLo08ZTWhX3LEctWAU
Linux Desktop Tests (1)	UNKNOWN STEP	2026-02-25T19:51:25.8086454Z [comments] checking event $KYV-t0m4p4NaqCJ3RUmVZfkjWYLo08ZTWhX3LEctWAU
Linux Desktop Tests (1)	UNKNOWN STEP	2026-02-25T19:51:25.8086929Z [comments] contentvaluetry: $vHcmfU7Ywi7JcJHrHtKHtEB4YXADMEYkz4jp3yQ47zQ
Linux Desktop Tests (1)	UNKNOWN STEP	2026-02-25T19:51:25.8125996Z got timeline for event id
Linux Desktop Tests (1)	UNKNOWN STEP	2026-02-25T19:51:25.8127940Z $1xhIdcWtoXRyira6vEFwg7C0R4zc4zlmUVK1PgJNaIQ
Linux Desktop Tests (1)	UNKNOWN STEP	2026-02-25T19:51:25.8130466Z has aggregated events?
Linux Desktop Tests (1)	UNKNOWN STEP	2026-02-25T19:51:25.8131204Z false
Linux Desktop Tests (1)	UNKNOWN STEP	2026-02-25T19:51:25.8133526Z got events
Linux Desktop Tests (1)	UNKNOWN STEP	2026-02-25T19:51:25.8133872Z {}
Linux Desktop Tests (1)	UNKNOWN STEP	2026-02-25T19:51:25.9075775Z start getting reactions
Linux Desktop Tests (1)	UNKNOWN STEP	2026-02-25T19:51:25.9315029Z [comments] checking event $zShffdXXkxasNYWvBGqzVxrD6Shamsp9C7_kttXyLAM
Linux Desktop Tests (1)	UNKNOWN STEP	2026-02-25T19:51:25.9316452Z [comments] contentvaluetry: $yPwV52qoxnWjxkopoO5noAZ95s70CJwhQnEAj-l0MsM
Linux Desktop Tests (1)	UNKNOWN STEP	2026-02-25T19:51:25.9319776Z [comments] checking event $yPwV52qoxnWjxkopoO5noAZ95s70CJwhQnEAj-l0MsM
Linux Desktop Tests (1)	UNKNOWN STEP	2026-02-25T19:51:25.9320656Z [comments] contentvaluetry: $SQqVv9XGzwPn8h9gdKdm8d9xHn82p_UivzW7s8ShzFE
Linux Desktop Tests (1)	UNKNOWN STEP	2026-02-25T19:51:25.9323654Z [comments] checking event $SQqVv9XGzwPn8h9gdKdm8d9xHn82p_UivzW7s8ShzFE
Linux Desktop Tests (1)	UNKNOWN STEP	2026-02-25T19:51:25.9324501Z [comments] contentvaluetry: $zoqwBNV-YOXADAdCwOtN7L37Plxy5mc0415ChZ3iFC4
Linux Desktop Tests (1)	UNKNOWN STEP	2026-02-25T19:51:25.9325355Z [comments] checking event $zoqwBNV-YOXADAdCwOtN7L37Plxy5mc0415ChZ3iFC4
Linux Desktop Tests (1)	UNKNOWN STEP	2026-02-25T19:51:25.9326193Z [comments] contentvaluetry: $wlGqKvMUa7rHJVpIOGiCDyMnxRpPZNPEFZQE0LdlSEY
Linux Desktop Tests (1)	UNKNOWN STEP	2026-02-25T19:51:25.9327073Z [comments] checking event $wlGqKvMUa7rHJVpIOGiCDyMnxRpPZNPEFZQE0LdlSEY
Linux Desktop Tests (1)	UNKNOWN STEP	2026-02-25T19:51:25.9327925Z [comments] contentvaluetry: $HdZ27TUvQzgvxemkRdZnD506mHhjd_OkGKcuVAyL1CI
Linux Desktop Tests (1)	UNKNOWN STEP	2026-02-25T19:51:25.9328970Z [comments] checking event $HdZ27TUvQzgvxemkRdZnD506mHhjd_OkGKcuVAyL1CI
Linux Desktop Tests (1)	UNKNOWN STEP	2026-02-25T19:51:25.9329831Z [comments] contentvaluetry: $TnU06Pb0HGApimOmewDhR93fH6-weB_vz7xSDfGNd6c
Linux Desktop Tests (1)	UNKNOWN STEP	2026-02-25T19:51:25.9333058Z [comments] checking event $TnU06Pb0HGApimOmewDhR93fH6-weB_vz7xSDfGNd6c
Linux Desktop Tests (1)	UNKNOWN STEP	2026-02-25T19:51:25.9333920Z [comments] contentvaluetry: $XDC5By7B4tCHtO_xhZrV2smuVSTCE6_VDKidFrNH4bo
Linux Desktop Tests (1)	UNKNOWN STEP	2026-02-25T19:51:25.9334719Z [comments] checking event $XDC5By7B4tCHtO_xhZrV2smuVSTCE6_VDKidFrNH4bo
Linux Desktop Tests (1)	UNKNOWN STEP	2026-02-25T19:51:25.9335291Z [comments] contentvaluetry: $1xhIdcWtoXRyira6vEFwg7C0R4zc4zlmUVK1PgJNaIQ
Linux Desktop Tests (1)	UNKNOWN STEP	2026-02-25T19:51:25.9335987Z [comments] checking event $1xhIdcWtoXRyira6vEFwg7C0R4zc4zlmUVK1PgJNaIQ
Linux Desktop Tests (1)	UNKNOWN STEP	2026-02-25T19:51:25.9336748Z [comments] contentvaluetry: $KYV-t0m4p4NaqCJ3RUmVZfkjWYLo08ZTWhX3LEctWAU
Linux Desktop Tests (1)	UNKNOWN STEP	2026-02-25T19:51:25.9337434Z [comments] checking event $KYV-t0m4p4NaqCJ3RUmVZfkjWYLo08ZTWhX3LEctWAU
Linux Desktop Tests (1)	UNKNOWN STEP	2026-02-25T19:51:25.9338090Z [comments] contentvaluetry: $vHcmfU7Ywi7JcJHrHtKHtEB4YXADMEYkz4jp3yQ47zQ
Linux Desktop Tests (1)	UNKNOWN STEP	2026-02-25T19:51:25.9437456Z got timeline for event id
Linux Desktop Tests (1)	UNKNOWN STEP	2026-02-25T19:51:25.9437898Z $XDC5By7B4tCHtO_xhZrV2smuVSTCE6_VDKidFrNH4bo
Linux Desktop Tests (1)	UNKNOWN STEP	2026-02-25T19:51:25.9438304Z has aggregated events?
Linux Desktop Tests (1)	UNKNOWN STEP	2026-02-25T19:51:25.9439085Z false
Linux Desktop Tests (1)	UNKNOWN STEP	2026-02-25T19:51:25.9439340Z got events
Linux Desktop Tests (1)	UNKNOWN STEP	2026-02-25T19:51:25.9439847Z {}
Linux Desktop Tests (1)	UNKNOWN STEP	2026-02-25T19:51:26.0418697Z start getting reactions
Linux Desktop Tests (1)	UNKNOWN STEP	2026-02-25T19:51:26.0676211Z got timeline for event id
Linux Desktop Tests (1)	UNKNOWN STEP	2026-02-25T19:51:26.0676582Z $TnU06Pb0HGApimOmewDhR93fH6-weB_vz7xSDfGNd6c
Linux Desktop Tests (1)	UNKNOWN STEP	2026-02-25T19:51:26.0679319Z has aggregated events?
Linux Desktop Tests (1)	UNKNOWN STEP	2026-02-25T19:51:26.0679830Z false
Linux Desktop Tests (1)	UNKNOWN STEP	2026-02-25T19:51:26.0680433Z got events
Linux Desktop Tests (1)	UNKNOWN STEP	2026-02-25T19:51:26.0680730Z {}
Linux Desktop Tests (1)	UNKNOWN STEP	2026-02-25T19:51:26.2834615Z ✓ Returned to main thread view successfully
Linux Desktop Tests (1)	UNKNOWN STEP	2026-02-25T19:51:26.3859359Z 00:44 +1: (tearDownAll)
Linux Desktop Tests (1)	UNKNOWN STEP	2026-02-25T19:51:26.4014195Z 00:44 +1: All tests passed!
Linux Desktop Tests (1)	UNKNOWN STEP	2026-02-25T19:51:26.4456673Z [0;34m[INFO][0m   Running: integration_test/followfeeds_with_matrix_test.dart
Linux Desktop Tests (1)	UNKNOWN STEP	2026-02-25T19:51:27.4879742Z 00:00 +0: loading /home/runner/work/substitution/substitution/integration_test/followfeeds_with_matrix_test.dart
Linux Desktop Tests (1)	UNKNOWN STEP	2026-02-25T19:51:53.4575051Z Building Linux application...                                   
Linux Desktop Tests (1)	UNKNOWN STEP	2026-02-25T19:51:53.4606195Z ✓ Built build/linux/x64/debug/bundle/substitution
Linux Desktop Tests (1)	UNKNOWN STEP	2026-02-25T19:51:54.1695152Z 00:00 +0: (setUpAll)
Linux Desktop Tests (1)	UNKNOWN STEP	2026-02-25T19:51:54.1892741Z 00:00 +0: Follow Feeds Search with Real Matrix Server Rooms are displayed by default when no search term is entered
Linux Desktop Tests (1)	UNKNOWN STEP	2026-02-25T19:51:54.5763111Z *** sqflite warning ***
Linux Desktop Tests (1)	UNKNOWN STEP	2026-02-25T19:51:54.5763355Z 
Linux Desktop Tests (1)	UNKNOWN STEP	2026-02-25T19:51:54.5763480Z You are changing sqflite default factory.
Linux Desktop Tests (1)	UNKNOWN STEP	2026-02-25T19:51:54.5763912Z Be aware of the potential side effects. Any library using sqflite
Linux Desktop Tests (1)	UNKNOWN STEP	2026-02-25T19:51:54.5764401Z will have this factory as the default for all operations.
Linux Desktop Tests (1)	UNKNOWN STEP	2026-02-25T19:51:54.5764677Z 
Linux Desktop Tests (1)	UNKNOWN STEP	2026-02-25T19:51:54.5764772Z *** sqflite warning ***
Linux Desktop Tests (1)	UNKNOWN STEP	2026-02-25T19:51:54.5764936Z 
Linux Desktop Tests (1)	UNKNOWN STEP	2026-02-25T19:51:54.5781752Z Waiting for globalMatrixClient to be initialized...
Linux Desktop Tests (1)	UNKNOWN STEP	2026-02-25T19:51:54.7109973Z [90m[🌎 Easy Localization] [DEBUG] Localization initialized[0m
Linux Desktop Tests (1)	UNKNOWN STEP	2026-02-25T19:51:54.7131674Z [Matrix] [32mInitialize client Substitution[0m
Linux Desktop Tests (1)	UNKNOWN STEP	2026-02-25T19:51:54.7213772Z [Matrix] [32mUser is not logged in.[0m
Linux Desktop Tests (1)	UNKNOWN STEP	2026-02-25T19:51:54.7248831Z [90m[🌎 Easy Localization] [DEBUG] Start[0m
Linux Desktop Tests (1)	UNKNOWN STEP	2026-02-25T19:51:55.1058152Z [90m[🌎 Easy Localization] [DEBUG] Init state[0m
Linux Desktop Tests (1)	UNKNOWN STEP	2026-02-25T19:51:55.1074944Z [90m[🌎 Easy Localization] [DEBUG] Build[0m
Linux Desktop Tests (1)	UNKNOWN STEP	2026-02-25T19:51:55.1081048Z [90m[🌎 Easy Localization] [DEBUG] Init Localization Delegate[0m
Linux Desktop Tests (1)	UNKNOWN STEP	2026-02-25T19:51:55.1086326Z [90m[🌎 Easy Localization] [DEBUG] Init provider[0m
Linux Desktop Tests (1)	UNKNOWN STEP	2026-02-25T19:51:55.2456200Z [90m[🌎 Easy Localization] [DEBUG] Load Localization Delegate[0m
Linux Desktop Tests (1)	UNKNOWN STEP	2026-02-25T19:51:55.2469785Z [90m[🌎 Easy Localization] [DEBUG] Load asset from assets/translations[0m
Linux Desktop Tests (1)	UNKNOWN STEP	2026-02-25T19:51:55.3513044Z globalMatrixClient initialized!
Linux Desktop Tests (1)	UNKNOWN STEP	2026-02-25T19:51:55.3661334Z Starting programmatic login for test user...
Linux Desktop Tests (1)	UNKNOWN STEP	2026-02-25T19:51:55.7559996Z [Matrix] [32mInitialize client Substitution[0m
Linux Desktop Tests (1)	UNKNOWN STEP	2026-02-25T19:51:55.7878304Z [Matrix] [32mSuccessfully connected as testuser1 with http://localhost:8008[0m
Linux Desktop Tests (1)	UNKNOWN STEP	2026-02-25T19:51:56.0993848Z Login success, navigating to Feed...
Linux Desktop Tests (1)	UNKNOWN STEP	2026-02-25T19:51:56.3637784Z [90m[🌎 Easy Localization] [DEBUG] Build[0m
Linux Desktop Tests (1)	UNKNOWN STEP	2026-02-25T19:51:56.3642290Z [90m[🌎 Easy Localization] [DEBUG] Init Localization Delegate[0m
Linux Desktop Tests (1)	UNKNOWN STEP	2026-02-25T19:51:56.3643286Z [90m[🌎 Easy Localization] [DEBUG] Init provider[0m
Linux Desktop Tests (1)	UNKNOWN STEP	2026-02-25T19:51:56.8446982Z checking room test_general id: !FtbVbszFZxQYwoOUlz:test.matrix.local
Linux Desktop Tests (1)	UNKNOWN STEP	2026-02-25T19:51:56.8459778Z checking room test_photos id: !gSzlFPBmlLbXvbIGto:test.matrix.local
Linux Desktop Tests (1)	UNKNOWN STEP	2026-02-25T19:51:56.8460833Z checking room test_invite_only id: !gwfBrkBcyJlTLEVsQt:test.matrix.local
Linux Desktop Tests (1)	UNKNOWN STEP	2026-02-25T19:51:56.8463977Z checking room test_avatar id: !vqYfehlSISCTJLXOZD:test.matrix.local
Linux Desktop Tests (1)	UNKNOWN STEP	2026-02-25T19:51:56.8464757Z checking room test_art id: !ECaylAHkufusrQLGIA:test.matrix.local
Linux Desktop Tests (1)	UNKNOWN STEP	2026-02-25T19:51:56.8470357Z start quering new events...
Linux Desktop Tests (1)	UNKNOWN STEP	2026-02-25T19:51:56.8470723Z finished...
Linux Desktop Tests (1)	UNKNOWN STEP	2026-02-25T19:51:56.8471017Z ret is empty...
Linux Desktop Tests (1)	UNKNOWN STEP	2026-02-25T19:51:56.8471326Z no new things to append...
Linux Desktop Tests (1)	UNKNOWN STEP	2026-02-25T19:51:58.9337464Z [FollowFeeds] Fetching rooms for generation 0, server: 'test.matrix.local', search: 'null'
Linux Desktop Tests (1)	UNKNOWN STEP	2026-02-25T19:51:58.9338701Z [FollowFeeds] Calling queryPublicRooms...
Linux Desktop Tests (1)	UNKNOWN STEP	2026-02-25T19:51:59.5610625Z [34m[🌎 Easy Localization] [WARNING] Localization key [settings.room.permissions] not found[0m
Linux Desktop Tests (1)	UNKNOWN STEP	2026-02-25T19:51:59.6033325Z [34m[🌎 Easy Localization] [WARNING] Localization key [settings.room.permissions] not found[0m
Linux Desktop Tests (1)	UNKNOWN STEP	2026-02-25T19:51:59.6142351Z [34m[🌎 Easy Localization] [WARNING] Localization key [settings.room.permissions] not found[0m
Linux Desktop Tests (1)	UNKNOWN STEP	2026-02-25T19:51:59.6254732Z [34m[🌎 Easy Localization] [WARNING] Localization key [settings.room.permissions] not found[0m
Linux Desktop Tests (1)	UNKNOWN STEP	2026-02-25T19:51:59.6360476Z [34m[🌎 Easy Localization] [WARNING] Localization key [settings.room.permissions] not found[0m
Linux Desktop Tests (1)	UNKNOWN STEP	2026-02-25T19:51:59.7323134Z Failed to load avatar: mxc://test.matrix.local/gYcgTOfnrJoCgsHOnOPQxToa
Linux Desktop Tests (1)	UNKNOWN STEP	2026-02-25T19:51:59.7324010Z Failed to load avatar: mxc://test.matrix.local/yOFmpTKoaPuEHXKrOeRnBaiY
Linux Desktop Tests (1)	UNKNOWN STEP	2026-02-25T19:51:59.7444562Z checking room test_general id: !FtbVbszFZxQYwoOUlz:test.matrix.local
Linux Desktop Tests (1)	UNKNOWN STEP	2026-02-25T19:51:59.7452324Z checking room test_photos id: !gSzlFPBmlLbXvbIGto:test.matrix.local
Linux Desktop Tests (1)	UNKNOWN STEP	2026-02-25T19:51:59.7458302Z checking room test_invite_only id: !gwfBrkBcyJlTLEVsQt:test.matrix.local
Linux Desktop Tests (1)	UNKNOWN STEP	2026-02-25T19:51:59.7459473Z checking room test_avatar id: !vqYfehlSISCTJLXOZD:test.matrix.local
Linux Desktop Tests (1)	UNKNOWN STEP	2026-02-25T19:51:59.7460226Z checking room test_art id: !ECaylAHkufusrQLGIA:test.matrix.local
Linux Desktop Tests (1)	UNKNOWN STEP	2026-02-25T19:51:59.7460809Z start quering new events...
Linux Desktop Tests (1)	UNKNOWN STEP	2026-02-25T19:51:59.7461215Z finished...
Linux Desktop Tests (1)	UNKNOWN STEP	2026-02-25T19:51:59.7461518Z ret is empty...
Linux Desktop Tests (1)	UNKNOWN STEP	2026-02-25T19:51:59.7461760Z no new things to append...
Linux Desktop Tests (1)	UNKNOWN STEP	2026-02-25T19:52:00.2704872Z [34m[🌎 Easy Localization] [WARNING] Localization key [settings.room.permissions] not found[0m
Linux Desktop Tests (1)	UNKNOWN STEP	2026-02-25T19:52:00.2795572Z [34m[🌎 Easy Localization] [WARNING] Localization key [settings.room.permissions] not found[0m
Linux Desktop Tests (1)	UNKNOWN STEP	2026-02-25T19:52:00.2839794Z [34m[🌎 Easy Localization] [WARNING] Localization key [settings.room.permissions] not found[0m
Linux Desktop Tests (1)	UNKNOWN STEP	2026-02-25T19:52:00.2888109Z [34m[🌎 Easy Localization] [WARNING] Localization key [settings.room.permissions] not found[0m
Linux Desktop Tests (1)	UNKNOWN STEP	2026-02-25T19:52:00.2932559Z [34m[🌎 Easy Localization] [WARNING] Localization key [settings.room.permissions] not found[0m
Linux Desktop Tests (1)	UNKNOWN STEP	2026-02-25T19:52:06.4881416Z ✓ Initial display check passed: found "test_general" without searching.
Linux Desktop Tests (1)	UNKNOWN STEP	2026-02-25T19:52:06.5660838Z 00:12 +1: Follow Feeds Search with Real Matrix Server User can navigate to Follow Feeds and search for a room successfully
Linux Desktop Tests (1)	UNKNOWN STEP	2026-02-25T19:52:06.6303597Z *** sqflite warning ***
Linux Desktop Tests (1)	UNKNOWN STEP	2026-02-25T19:52:06.6304328Z 
Linux Desktop Tests (1)	UNKNOWN STEP	2026-02-25T19:52:06.6304737Z You are changing sqflite default factory.
Linux Desktop Tests (1)	UNKNOWN STEP	2026-02-25T19:52:06.6305473Z Be aware of the potential side effects. Any library using sqflite
Linux Desktop Tests (1)	UNKNOWN STEP	2026-02-25T19:52:06.6306227Z will have this factory as the default for all operations.
Linux Desktop Tests (1)	UNKNOWN STEP	2026-02-25T19:52:06.6306666Z 
Linux Desktop Tests (1)	UNKNOWN STEP	2026-02-25T19:52:06.6306814Z *** sqflite warning ***
Linux Desktop Tests (1)	UNKNOWN STEP	2026-02-25T19:52:06.6307069Z 
Linux Desktop Tests (1)	UNKNOWN STEP	2026-02-25T19:52:06.6307303Z Waiting for globalMatrixClient to be initialized...
Linux Desktop Tests (1)	UNKNOWN STEP	2026-02-25T19:52:06.6924477Z [90m[🌎 Easy Localization] [DEBUG] Localization initialized[0m
Linux Desktop Tests (1)	UNKNOWN STEP	2026-02-25T19:52:06.6925895Z [Matrix] [32mInitialize client Substitution[0m
Linux Desktop Tests (1)	UNKNOWN STEP	2026-02-25T19:52:06.6937126Z [Matrix] [32mUser is not logged in.[0m
Linux Desktop Tests (1)	UNKNOWN STEP	2026-02-25T19:52:06.6941475Z [90m[🌎 Easy Localization] [DEBUG] Start[0m
Linux Desktop Tests (1)	UNKNOWN STEP	2026-02-25T19:52:07.1479042Z 00:12 +1: Follow Feeds Search with Real Matrix Server Rooms are displayed by default when no search term is entered
Linux Desktop Tests (1)	UNKNOWN STEP	2026-02-25T19:52:07.1480202Z [90m[🌎 Easy Localization] [DEBUG] Init state[0m
Linux Desktop Tests (1)	UNKNOWN STEP	2026-02-25T19:52:07.1481732Z [90m[🌎 Easy Localization] [DEBUG] Build[0m
Linux Desktop Tests (1)	UNKNOWN STEP	2026-02-25T19:52:07.1483698Z [90m[🌎 Easy Localization] [DEBUG] Init Localization Delegate[0m
Linux Desktop Tests (1)	UNKNOWN STEP	2026-02-25T19:52:07.1484464Z [90m[🌎 Easy Localization] [DEBUG] Init provider[0m
Linux Desktop Tests (1)	UNKNOWN STEP	2026-02-25T19:52:07.1564367Z [90m[🌎 Easy Localization] [DEBUG] Load Localization Delegate[0m
Linux Desktop Tests (1)	UNKNOWN STEP	2026-02-25T19:52:07.1566806Z [90m[🌎 Easy Localization] [DEBUG] Load asset from assets/translations[0m
Linux Desktop Tests (1)	UNKNOWN STEP	2026-02-25T19:52:07.1596168Z 00:12 +1: Follow Feeds Search with Real Matrix Server User can navigate to Follow Feeds and search for a room successfully
Linux Desktop Tests (1)	UNKNOWN STEP	2026-02-25T19:52:07.1597625Z globalMatrixClient initialized!
Linux Desktop Tests (1)	UNKNOWN STEP	2026-02-25T19:52:07.1632964Z Starting programmatic login for test user...
Linux Desktop Tests (1)	UNKNOWN STEP	2026-02-25T19:52:07.4796774Z 00:13 +1: Follow Feeds Search with Real Matrix Server Rooms are displayed by default when no search term is entered
Linux Desktop Tests (1)	UNKNOWN STEP	2026-02-25T19:52:07.4800101Z [Matrix] [33mCurrent sync request ID has changed. Dropping this sync loop![0m
Linux Desktop Tests (1)	UNKNOWN STEP	2026-02-25T19:52:07.4806299Z 00:13 +1: Follow Feeds Search with Real Matrix Server User can navigate to Follow Feeds and search for a room successfully
Linux Desktop Tests (1)	UNKNOWN STEP	2026-02-25T19:52:07.4807448Z [Matrix] [32mInitialize client Substitution[0m
Linux Desktop Tests (1)	UNKNOWN STEP	2026-02-25T19:52:07.4975807Z [Matrix] [32mSuccessfully connected as testuser1 with http://localhost:8008[0m
Linux Desktop Tests (1)	UNKNOWN STEP	2026-02-25T19:52:07.7168724Z Login success, navigating to Feed...
Linux Desktop Tests (1)	UNKNOWN STEP	2026-02-25T19:52:07.9801861Z 00:13 +1: Follow Feeds Search with Real Matrix Server Rooms are displayed by default when no search term is entered
Linux Desktop Tests (1)	UNKNOWN STEP	2026-02-25T19:52:07.9803247Z [90m[🌎 Easy Localization] [DEBUG] Build[0m
Linux Desktop Tests (1)	UNKNOWN STEP	2026-02-25T19:52:07.9813759Z [90m[🌎 Easy Localization] [DEBUG] Init Localization Delegate[0m
Linux Desktop Tests (1)	UNKNOWN STEP	2026-02-25T19:52:07.9814887Z [90m[🌎 Easy Localization] [DEBUG] Init provider[0m
Linux Desktop Tests (1)	UNKNOWN STEP	2026-02-25T19:52:08.0637525Z checking room test_general id: !FtbVbszFZxQYwoOUlz:test.matrix.local
Linux Desktop Tests (1)	UNKNOWN STEP	2026-02-25T19:52:08.0639218Z checking room test_photos id: !gSzlFPBmlLbXvbIGto:test.matrix.local
Linux Desktop Tests (1)	UNKNOWN STEP	2026-02-25T19:52:08.0642129Z checking room test_invite_only id: !gwfBrkBcyJlTLEVsQt:test.matrix.local
Linux Desktop Tests (1)	UNKNOWN STEP	2026-02-25T19:52:08.0642938Z checking room test_avatar id: !vqYfehlSISCTJLXOZD:test.matrix.local
Linux Desktop Tests (1)	UNKNOWN STEP	2026-02-25T19:52:08.0643663Z checking room test_art id: !ECaylAHkufusrQLGIA:test.matrix.local
Linux Desktop Tests (1)	UNKNOWN STEP	2026-02-25T19:52:08.0644225Z start quering new events...
Linux Desktop Tests (1)	UNKNOWN STEP	2026-02-25T19:52:08.0645963Z finished...
Linux Desktop Tests (1)	UNKNOWN STEP	2026-02-25T19:52:08.0646501Z ret is empty...
Linux Desktop Tests (1)	UNKNOWN STEP	2026-02-25T19:52:08.0647110Z no new things to append...
Linux Desktop Tests (1)	UNKNOWN STEP	2026-02-25T19:52:10.4091206Z [FollowFeeds] Fetching rooms for generation 0, server: 'test.matrix.local', search: 'null'
Linux Desktop Tests (1)	UNKNOWN STEP	2026-02-25T19:52:10.4098924Z [FollowFeeds] Calling queryPublicRooms...
Linux Desktop Tests (1)	UNKNOWN STEP	2026-02-25T19:52:10.9604704Z [34m[🌎 Easy Localization] [WARNING] Localization key [settings.room.permissions] not found[0m
Linux Desktop Tests (1)	UNKNOWN STEP	2026-02-25T19:52:10.9707189Z [34m[🌎 Easy Localization] [WARNING] Localization key [settings.room.permissions] not found[0m
Linux Desktop Tests (1)	UNKNOWN STEP	2026-02-25T19:52:10.9853741Z [34m[🌎 Easy Localization] [WARNING] Localization key [settings.room.permissions] not found[0m
Linux Desktop Tests (1)	UNKNOWN STEP	2026-02-25T19:52:10.9947187Z [34m[🌎 Easy Localization] [WARNING] Localization key [settings.room.permissions] not found[0m
Linux Desktop Tests (1)	UNKNOWN STEP	2026-02-25T19:52:11.0032256Z [34m[🌎 Easy Localization] [WARNING] Localization key [settings.room.permissions] not found[0m
Linux Desktop Tests (1)	UNKNOWN STEP	2026-02-25T19:52:11.0440938Z Failed to load avatar: mxc://test.matrix.local/gYcgTOfnrJoCgsHOnOPQxToa
Linux Desktop Tests (1)	UNKNOWN STEP	2026-02-25T19:52:11.0441799Z Failed to load avatar: mxc://test.matrix.local/yOFmpTKoaPuEHXKrOeRnBaiY
Linux Desktop Tests (1)	UNKNOWN STEP	2026-02-25T19:52:11.0603011Z checking room test_general id: !FtbVbszFZxQYwoOUlz:test.matrix.local
Linux Desktop Tests (1)	UNKNOWN STEP	2026-02-25T19:52:11.0604266Z checking room test_photos id: !gSzlFPBmlLbXvbIGto:test.matrix.local
Linux Desktop Tests (1)	UNKNOWN STEP	2026-02-25T19:52:11.0607375Z checking room test_invite_only id: !gwfBrkBcyJlTLEVsQt:test.matrix.local
Linux Desktop Tests (1)	UNKNOWN STEP	2026-02-25T19:52:11.0608226Z checking room test_avatar id: !vqYfehlSISCTJLXOZD:test.matrix.local
Linux Desktop Tests (1)	UNKNOWN STEP	2026-02-25T19:52:11.0609149Z checking room test_art id: !ECaylAHkufusrQLGIA:test.matrix.local
Linux Desktop Tests (1)	UNKNOWN STEP	2026-02-25T19:52:11.0613353Z start quering new events...
Linux Desktop Tests (1)	UNKNOWN STEP	2026-02-25T19:52:11.0613722Z finished...
Linux Desktop Tests (1)	UNKNOWN STEP	2026-02-25T19:52:11.0613910Z ret is empty...
Linux Desktop Tests (1)	UNKNOWN STEP	2026-02-25T19:52:11.0614110Z no new things to append...
Linux Desktop Tests (1)	UNKNOWN STEP	2026-02-25T19:52:11.5744905Z [34m[🌎 Easy Localization] [WARNING] Localization key [settings.room.permissions] not found[0m
Linux Desktop Tests (1)	UNKNOWN STEP	2026-02-25T19:52:11.5782074Z [34m[🌎 Easy Localization] [WARNING] Localization key [settings.room.permissions] not found[0m
Linux Desktop Tests (1)	UNKNOWN STEP	2026-02-25T19:52:11.5818470Z [34m[🌎 Easy Localization] [WARNING] Localization key [settings.room.permissions] not found[0m
Linux Desktop Tests (1)	UNKNOWN STEP	2026-02-25T19:52:11.5859069Z [34m[🌎 Easy Localization] [WARNING] Localization key [settings.room.permissions] not found[0m
Linux Desktop Tests (1)	UNKNOWN STEP	2026-02-25T19:52:11.5895417Z [34m[🌎 Easy Localization] [WARNING] Localization key [settings.room.permissions] not found[0m
Linux Desktop Tests (1)	UNKNOWN STEP	2026-02-25T19:52:16.4238003Z [FollowFeeds] Fetching rooms for generation 1, server: 'test.matrix.local', search: 'test_art'
Linux Desktop Tests (1)	UNKNOWN STEP	2026-02-25T19:52:16.4238686Z [FollowFeeds] Calling queryPublicRooms...
Linux Desktop Tests (1)	UNKNOWN STEP	2026-02-25T19:52:16.9578102Z [34m[🌎 Easy Localization] [WARNING] Localization key [settings.room.permissions] not found[0m
Linux Desktop Tests (1)	UNKNOWN STEP	2026-02-25T19:52:16.9825611Z Failed to load avatar: mxc://test.matrix.local/yOFmpTKoaPuEHXKrOeRnBaiY
Linux Desktop Tests (1)	UNKNOWN STEP	2026-02-25T19:52:17.5051551Z [34m[🌎 Easy Localization] [WARNING] Localization key [settings.room.permissions] not found[0m
Linux Desktop Tests (1)	UNKNOWN STEP	2026-02-25T19:52:24.2335306Z 00:30 +1: Follow Feeds Search with Real Matrix Server User can navigate to Follow Feeds and search for a room successfully
Linux Desktop Tests (1)	UNKNOWN STEP	2026-02-25T19:52:24.2336292Z Diagnostic: All ListTile count: 1
Linux Desktop Tests (1)	UNKNOWN STEP	2026-02-25T19:52:24.2336997Z ✓ Found room "test_art". Search is working.
Linux Desktop Tests (1)	UNKNOWN STEP	2026-02-25T19:52:24.2772302Z 00:30 +2: Follow Feeds Search with Real Matrix Server Room avatars are displayed correctly
Linux Desktop Tests (1)	UNKNOWN STEP	2026-02-25T19:52:24.3430560Z *** sqflite warning ***
Linux Desktop Tests (1)	UNKNOWN STEP	2026-02-25T19:52:24.3431135Z 
Linux Desktop Tests (1)	UNKNOWN STEP	2026-02-25T19:52:24.3431431Z You are changing sqflite default factory.
Linux Desktop Tests (1)	UNKNOWN STEP	2026-02-25T19:52:24.3431985Z Be aware of the potential side effects. Any library using sqflite
Linux Desktop Tests (1)	UNKNOWN STEP	2026-02-25T19:52:24.3432544Z will have this factory as the default for all operations.
Linux Desktop Tests (1)	UNKNOWN STEP	2026-02-25T19:52:24.3432870Z 
Linux Desktop Tests (1)	UNKNOWN STEP	2026-02-25T19:52:24.3432986Z *** sqflite warning ***
Linux Desktop Tests (1)	UNKNOWN STEP	2026-02-25T19:52:24.3433168Z 
Linux Desktop Tests (1)	UNKNOWN STEP	2026-02-25T19:52:24.3433352Z Waiting for globalMatrixClient to be initialized...
Linux Desktop Tests (1)	UNKNOWN STEP	2026-02-25T19:52:24.3941181Z [90m[🌎 Easy Localization] [DEBUG] Localization initialized[0m
Linux Desktop Tests (1)	UNKNOWN STEP	2026-02-25T19:52:24.3942198Z [Matrix] [32mInitialize client Substitution[0m
Linux Desktop Tests (1)	UNKNOWN STEP	2026-02-25T19:52:24.3959151Z [Matrix] [32mUser is not logged in.[0m
Linux Desktop Tests (1)	UNKNOWN STEP	2026-02-25T19:52:24.3961843Z [90m[🌎 Easy Localization] [DEBUG] Start[0m
Linux Desktop Tests (1)	UNKNOWN STEP	2026-02-25T19:52:24.8481929Z 00:30 +2: Follow Feeds Search with Real Matrix Server Rooms are displayed by default when no search term is entered
Linux Desktop Tests (1)	UNKNOWN STEP	2026-02-25T19:52:24.8483619Z [90m[🌎 Easy Localization] [DEBUG] Init state[0m
Linux Desktop Tests (1)	UNKNOWN STEP	2026-02-25T19:52:24.8484678Z [90m[🌎 Easy Localization] [DEBUG] Build[0m
Linux Desktop Tests (1)	UNKNOWN STEP	2026-02-25T19:52:24.8485957Z [90m[🌎 Easy Localization] [DEBUG] Init Localization Delegate[0m
Linux Desktop Tests (1)	UNKNOWN STEP	2026-02-25T19:52:24.8486872Z [90m[🌎 Easy Localization] [DEBUG] Init provider[0m
Linux Desktop Tests (1)	UNKNOWN STEP	2026-02-25T19:52:24.8540833Z [90m[🌎 Easy Localization] [DEBUG] Load Localization Delegate[0m
Linux Desktop Tests (1)	UNKNOWN STEP	2026-02-25T19:52:24.8542811Z [90m[🌎 Easy Localization] [DEBUG] Load asset from assets/translations[0m
Linux Desktop Tests (1)	UNKNOWN STEP	2026-02-25T19:52:24.8571511Z 00:30 +2: Follow Feeds Search with Real Matrix Server Room avatars are displayed correctly
Linux Desktop Tests (1)	UNKNOWN STEP	2026-02-25T19:52:24.8571973Z globalMatrixClient initialized!
Linux Desktop Tests (1)	UNKNOWN STEP	2026-02-25T19:52:24.8607861Z Starting programmatic login for test user...
Linux Desktop Tests (1)	UNKNOWN STEP	2026-02-25T19:52:25.1763430Z [Matrix] [32mInitialize client Substitution[0m
Linux Desktop Tests (1)	UNKNOWN STEP	2026-02-25T19:52:25.1776749Z 00:31 +2: Follow Feeds Search with Real Matrix Server User can navigate to Follow Feeds and search for a room successfully
Linux Desktop Tests (1)	UNKNOWN STEP	2026-02-25T19:52:25.1778104Z [Matrix] [33mCurrent sync request ID has changed. Dropping this sync loop![0m
Linux Desktop Tests (1)	UNKNOWN STEP	2026-02-25T19:52:25.1927310Z 00:31 +2: Follow Feeds Search with Real Matrix Server Room avatars are displayed correctly
Linux Desktop Tests (1)	UNKNOWN STEP	2026-02-25T19:52:25.1928725Z [Matrix] [32mSuccessfully connected as testuser1 with http://localhost:8008[0m
Linux Desktop Tests (1)	UNKNOWN STEP	2026-02-25T19:52:25.4115918Z Login success, navigating to Feed...
Linux Desktop Tests (1)	UNKNOWN STEP	2026-02-25T19:52:25.6802567Z 00:31 +2: Follow Feeds Search with Real Matrix Server Rooms are displayed by default when no search term is entered
Linux Desktop Tests (1)	UNKNOWN STEP	2026-02-25T19:52:25.6804092Z [90m[🌎 Easy Localization] [DEBUG] Build[0m
Linux Desktop Tests (1)	UNKNOWN STEP	2026-02-25T19:52:25.6804955Z [90m[🌎 Easy Localization] [DEBUG] Init Localization Delegate[0m
Linux Desktop Tests (1)	UNKNOWN STEP	2026-02-25T19:52:25.6805844Z [90m[🌎 Easy Localization] [DEBUG] Init provider[0m
Linux Desktop Tests (1)	UNKNOWN STEP	2026-02-25T19:52:25.7541486Z checking room test_general id: !FtbVbszFZxQYwoOUlz:test.matrix.local
Linux Desktop Tests (1)	UNKNOWN STEP	2026-02-25T19:52:25.7542353Z checking room test_photos id: !gSzlFPBmlLbXvbIGto:test.matrix.local
Linux Desktop Tests (1)	UNKNOWN STEP	2026-02-25T19:52:25.7545163Z checking room test_invite_only id: !gwfBrkBcyJlTLEVsQt:test.matrix.local
Linux Desktop Tests (1)	UNKNOWN STEP	2026-02-25T19:52:25.7547017Z checking room test_avatar id: !vqYfehlSISCTJLXOZD:test.matrix.local
Linux Desktop Tests (1)	UNKNOWN STEP	2026-02-25T19:52:25.7547805Z checking room test_art id: !ECaylAHkufusrQLGIA:test.matrix.local
Linux Desktop Tests (1)	UNKNOWN STEP	2026-02-25T19:52:25.7548379Z start quering new events...
Linux Desktop Tests (1)	UNKNOWN STEP	2026-02-25T19:52:25.7548961Z finished...
Linux Desktop Tests (1)	UNKNOWN STEP	2026-02-25T19:52:25.7549298Z ret is empty...
Linux Desktop Tests (1)	UNKNOWN STEP	2026-02-25T19:52:25.7549874Z no new things to append...
Linux Desktop Tests (1)	UNKNOWN STEP	2026-02-25T19:52:27.5880179Z [FollowFeeds] Fetching rooms for generation 0, server: 'test.matrix.local', search: 'null'
Linux Desktop Tests (1)	UNKNOWN STEP	2026-02-25T19:52:27.5880993Z [FollowFeeds] Calling queryPublicRooms...
Linux Desktop Tests (1)	UNKNOWN STEP	2026-02-25T19:52:28.1271734Z [34m[🌎 Easy Localization] [WARNING] Localization key [settings.room.permissions] not found[0m
Linux Desktop Tests (1)	UNKNOWN STEP	2026-02-25T19:52:28.1368339Z [34m[🌎 Easy Localization] [WARNING] Localization key [settings.room.permissions] not found[0m
Linux Desktop Tests (1)	UNKNOWN STEP	2026-02-25T19:52:28.1457333Z [34m[🌎 Easy Localization] [WARNING] Localization key [settings.room.permissions] not found[0m
Linux Desktop Tests (1)	UNKNOWN STEP	2026-02-25T19:52:28.1549514Z [34m[🌎 Easy Localization] [WARNING] Localization key [settings.room.permissions] not found[0m
Linux Desktop Tests (1)	UNKNOWN STEP	2026-02-25T19:52:28.1633621Z [34m[🌎 Easy Localization] [WARNING] Localization key [settings.room.permissions] not found[0m
Linux Desktop Tests (1)	UNKNOWN STEP	2026-02-25T19:52:28.1959474Z Failed to load avatar: mxc://test.matrix.local/gYcgTOfnrJoCgsHOnOPQxToa
Linux Desktop Tests (1)	UNKNOWN STEP	2026-02-25T19:52:28.1960367Z Failed to load avatar: mxc://test.matrix.local/yOFmpTKoaPuEHXKrOeRnBaiY
Linux Desktop Tests (1)	UNKNOWN STEP	2026-02-25T19:52:28.2156286Z checking room test_general id: !FtbVbszFZxQYwoOUlz:test.matrix.local
Linux Desktop Tests (1)	UNKNOWN STEP	2026-02-25T19:52:28.2159404Z checking room test_photos id: !gSzlFPBmlLbXvbIGto:test.matrix.local
Linux Desktop Tests (1)	UNKNOWN STEP	2026-02-25T19:52:28.2160532Z checking room test_invite_only id: !gwfBrkBcyJlTLEVsQt:test.matrix.local
Linux Desktop Tests (1)	UNKNOWN STEP	2026-02-25T19:52:28.2161468Z checking room test_avatar id: !vqYfehlSISCTJLXOZD:test.matrix.local
Linux Desktop Tests (1)	UNKNOWN STEP	2026-02-25T19:52:28.2162198Z checking room test_art id: !ECaylAHkufusrQLGIA:test.matrix.local
Linux Desktop Tests (1)	UNKNOWN STEP	2026-02-25T19:52:28.2164930Z start quering new events...
Linux Desktop Tests (1)	UNKNOWN STEP	2026-02-25T19:52:28.2165213Z finished...
Linux Desktop Tests (1)	UNKNOWN STEP	2026-02-25T19:52:28.2165411Z ret is empty...
Linux Desktop Tests (1)	UNKNOWN STEP	2026-02-25T19:52:28.2165611Z no new things to append...
Linux Desktop Tests (1)	UNKNOWN STEP	2026-02-25T19:52:30.2244831Z [34m[🌎 Easy Localization] [WARNING] Localization key [settings.room.permissions] not found[0m
Linux Desktop Tests (1)	UNKNOWN STEP	2026-02-25T19:52:30.2281623Z [34m[🌎 Easy Localization] [WARNING] Localization key [settings.room.permissions] not found[0m
Linux Desktop Tests (1)	UNKNOWN STEP	2026-02-25T19:52:30.2327259Z [34m[🌎 Easy Localization] [WARNING] Localization key [settings.room.permissions] not found[0m
Linux Desktop Tests (1)	UNKNOWN STEP	2026-02-25T19:52:30.2369292Z [34m[🌎 Easy Localization] [WARNING] Localization key [settings.room.permissions] not found[0m
Linux Desktop Tests (1)	UNKNOWN STEP	2026-02-25T19:52:30.2409951Z [34m[🌎 Easy Localization] [WARNING] Localization key [settings.room.permissions] not found[0m
Linux Desktop Tests (1)	UNKNOWN STEP	2026-02-25T19:52:30.2754251Z 00:36 +2: Follow Feeds Search with Real Matrix Server Room avatars are displayed correctly
Linux Desktop Tests (1)	UNKNOWN STEP	2026-02-25T19:52:30.2754865Z Avatar leading widget: CircleAvatar
Linux Desktop Tests (1)	UNKNOWN STEP	2026-02-25T19:52:30.2830199Z ✓ Room avatar display verified for 'test_art' (CircleAvatar).
Linux Desktop Tests (1)	UNKNOWN STEP	2026-02-25T19:52:30.3432626Z 00:36 +3: (tearDownAll)
Linux Desktop Tests (1)	UNKNOWN STEP	2026-02-25T19:52:30.3642343Z 00:36 +3: All tests passed!
Linux Desktop Tests (1)	UNKNOWN STEP	2026-02-25T19:52:30.4173112Z [0;34m[INFO][0m   Running: integration_test/message_types_with_matrix_test.dart
Linux Desktop Tests (1)	UNKNOWN STEP	2026-02-25T19:52:31.4532874Z 00:00 +0: loading /home/runner/work/substitution/substitution/integration_test/message_types_with_matrix_test.dart
Linux Desktop Tests (1)	UNKNOWN STEP	2026-02-25T19:52:57.5955376Z Building Linux application...                                   
Linux Desktop Tests (1)	UNKNOWN STEP	2026-02-25T19:52:57.5984553Z ✓ Built build/linux/x64/debug/bundle/substitution
Linux Desktop Tests (1)	UNKNOWN STEP	2026-02-25T19:52:58.3042265Z 00:00 +0: (setUpAll)
Linux Desktop Tests (1)	UNKNOWN STEP	2026-02-25T19:52:58.3246397Z 00:00 +0: Message Type Rendering with Real Matrix Server Feed renders m.text messages from the Matrix server
Linux Desktop Tests (1)	UNKNOWN STEP	2026-02-25T19:52:58.7029101Z *** sqflite warning ***
Linux Desktop Tests (1)	UNKNOWN STEP	2026-02-25T19:52:58.7030986Z 
Linux Desktop Tests (1)	UNKNOWN STEP	2026-02-25T19:52:58.7031677Z You are changing sqflite default factory.
Linux Desktop Tests (1)	UNKNOWN STEP	2026-02-25T19:52:58.7032383Z Be aware of the potential side effects. Any library using sqflite
Linux Desktop Tests (1)	UNKNOWN STEP	2026-02-25T19:52:58.7033076Z will have this factory as the default for all operations.
Linux Desktop Tests (1)	UNKNOWN STEP	2026-02-25T19:52:58.7033827Z 
Linux Desktop Tests (1)	UNKNOWN STEP	2026-02-25T19:52:58.7033999Z *** sqflite warning ***
Linux Desktop Tests (1)	UNKNOWN STEP	2026-02-25T19:52:58.7034185Z 
Linux Desktop Tests (1)	UNKNOWN STEP	2026-02-25T19:52:58.7690177Z Waiting for globalMatrixClient to be initialized...
Linux Desktop Tests (1)	UNKNOWN STEP	2026-02-25T19:52:58.8397496Z [90m[🌎 Easy Localization] [DEBUG] Localization initialized[0m
Linux Desktop Tests (1)	UNKNOWN STEP	2026-02-25T19:52:58.8421918Z [Matrix] [32mInitialize client Substitution[0m
Linux Desktop Tests (1)	UNKNOWN STEP	2026-02-25T19:52:58.8501714Z [Matrix] [32mUser is not logged in.[0m
Linux Desktop Tests (1)	UNKNOWN STEP	2026-02-25T19:52:58.8538853Z [90m[🌎 Easy Localization] [DEBUG] Start[0m
Linux Desktop Tests (1)	UNKNOWN STEP	2026-02-25T19:52:59.2956260Z [90m[🌎 Easy Localization] [DEBUG] Init state[0m
Linux Desktop Tests (1)	UNKNOWN STEP	2026-02-25T19:52:59.2972922Z [90m[🌎 Easy Localization] [DEBUG] Build[0m
Linux Desktop Tests (1)	UNKNOWN STEP	2026-02-25T19:52:59.2978483Z [90m[🌎 Easy Localization] [DEBUG] Init Localization Delegate[0m
Linux Desktop Tests (1)	UNKNOWN STEP	2026-02-25T19:52:59.2988072Z [90m[🌎 Easy Localization] [DEBUG] Init provider[0m
Linux Desktop Tests (1)	UNKNOWN STEP	2026-02-25T19:52:59.4315495Z [90m[🌎 Easy Localization] [DEBUG] Load Localization Delegate[0m
Linux Desktop Tests (1)	UNKNOWN STEP	2026-02-25T19:52:59.4330454Z [90m[🌎 Easy Localization] [DEBUG] Load asset from assets/translations[0m
Linux Desktop Tests (1)	UNKNOWN STEP	2026-02-25T19:52:59.5416531Z globalMatrixClient initialized!
Linux Desktop Tests (1)	UNKNOWN STEP	2026-02-25T19:52:59.5418044Z Step 1: Checking for Age Gate, Intro, or Login fields...
Linux Desktop Tests (1)	UNKNOWN STEP	2026-02-25T19:53:00.0538051Z [90m[🌎 Easy Localization] [DEBUG] Build[0m
Linux Desktop Tests (1)	UNKNOWN STEP	2026-02-25T19:53:00.0539051Z [90m[🌎 Easy Localization] [DEBUG] Init Localization Delegate[0m
Linux Desktop Tests (1)	UNKNOWN STEP	2026-02-25T19:53:00.0539882Z [90m[🌎 Easy Localization] [DEBUG] Init provider[0m
Linux Desktop Tests (1)	UNKNOWN STEP	2026-02-25T19:53:00.6426143Z Found screen! AgeGate: false, Intro: true, Username: false, Host: false
Linux Desktop Tests (1)	UNKNOWN STEP	2026-02-25T19:53:00.6440570Z Step 2: Navigating through onboarding...
Linux Desktop Tests (1)	UNKNOWN STEP	2026-02-25T19:53:02.7254921Z Tapping Next button at step 0...
Linux Desktop Tests (1)	UNKNOWN STEP	2026-02-25T19:53:04.8895224Z Tapping Next button at step 1...
Linux Desktop Tests (1)	UNKNOWN STEP	2026-02-25T19:53:06.9727370Z Reached target page at step 2. Host: true, Username: false
Linux Desktop Tests (1)	UNKNOWN STEP	2026-02-25T19:53:06.9729919Z Onboarding navigation complete.
Linux Desktop Tests (1)	UNKNOWN STEP	2026-02-25T19:53:06.9730464Z Step 3: Entering host URL: http://localhost:8008
Linux Desktop Tests (1)	UNKNOWN STEP	2026-02-25T19:53:09.1883500Z Tapping host submit button...
Linux Desktop Tests (1)	UNKNOWN STEP	2026-02-25T19:53:11.2994045Z Waiting for login page to appear...
Linux Desktop Tests (1)	UNKNOWN STEP	2026-02-25T19:53:11.8488200Z Login page reached.
Linux Desktop Tests (1)	UNKNOWN STEP	2026-02-25T19:53:11.8489267Z Step 4: Looking for login fields...
Linux Desktop Tests (1)	UNKNOWN STEP	2026-02-25T19:53:11.8513383Z Entering username: testuser1
Linux Desktop Tests (1)	UNKNOWN STEP	2026-02-25T19:53:13.9718675Z Entering password...
Linux Desktop Tests (1)	UNKNOWN STEP	2026-02-25T19:53:16.0719140Z Tapping login submit button...
Linux Desktop Tests (1)	UNKNOWN STEP	2026-02-25T19:53:18.1534174Z Step 5: Waiting for finished page (introGoButton)...
Linux Desktop Tests (1)	UNKNOWN STEP	2026-02-25T19:53:18.4484825Z [Matrix] [32mInitialize client Substitution[0m
Linux Desktop Tests (1)	UNKNOWN STEP	2026-02-25T19:53:18.4764186Z [Matrix] [32mSuccessfully connected as testuser1 with http://localhost:8008[0m
Linux Desktop Tests (1)	UNKNOWN STEP	2026-02-25T19:53:19.7496441Z Finished page reached.
Linux Desktop Tests (1)	UNKNOWN STEP	2026-02-25T19:53:19.7497841Z Tapping Go button...
Linux Desktop Tests (1)	UNKNOWN STEP	2026-02-25T19:53:19.7545070Z Waiting for feed (Scrollable)...
Linux Desktop Tests (1)	UNKNOWN STEP	2026-02-25T19:53:19.9121650Z checking room test_general id: !FtbVbszFZxQYwoOUlz:test.matrix.local
Linux Desktop Tests (1)	UNKNOWN STEP	2026-02-25T19:53:19.9124115Z checking room test_photos id: !gSzlFPBmlLbXvbIGto:test.matrix.local
Linux Desktop Tests (1)	UNKNOWN STEP	2026-02-25T19:53:19.9129568Z checking room test_invite_only id: !gwfBrkBcyJlTLEVsQt:test.matrix.local
Linux Desktop Tests (1)	UNKNOWN STEP	2026-02-25T19:53:19.9130535Z checking room test_avatar id: !vqYfehlSISCTJLXOZD:test.matrix.local
Linux Desktop Tests (1)	UNKNOWN STEP	2026-02-25T19:53:19.9131299Z checking room test_art id: !ECaylAHkufusrQLGIA:test.matrix.local
Linux Desktop Tests (1)	UNKNOWN STEP	2026-02-25T19:53:19.9131913Z start quering new events...
Linux Desktop Tests (1)	UNKNOWN STEP	2026-02-25T19:53:19.9140240Z finished...
Linux Desktop Tests (1)	UNKNOWN STEP	2026-02-25T19:53:19.9142739Z ret is empty...
Linux Desktop Tests (1)	UNKNOWN STEP	2026-02-25T19:53:19.9143137Z no new things to append...
Linux Desktop Tests (1)	UNKNOWN STEP	2026-02-25T19:53:20.2834275Z Feed reached.
Linux Desktop Tests (1)	UNKNOWN STEP	2026-02-25T19:53:20.2836528Z ✓ m.text messages are visible in the feed
Linux Desktop Tests (1)	UNKNOWN STEP	2026-02-25T19:53:20.3610628Z 00:22 +1: Message Type Rendering with Real Matrix Server Feed renders m.image messages from the Matrix server
Linux Desktop Tests (1)	UNKNOWN STEP	2026-02-25T19:53:20.4274547Z *** sqflite warning ***
Linux Desktop Tests (1)	UNKNOWN STEP	2026-02-25T19:53:20.4275331Z 
Linux Desktop Tests (1)	UNKNOWN STEP	2026-02-25T19:53:20.4280295Z You are changing sqflite default factory.
Linux Desktop Tests (1)	UNKNOWN STEP	2026-02-25T19:53:20.4280886Z Be aware of the potential side effects. Any library using sqflite
Linux Desktop Tests (1)	UNKNOWN STEP	2026-02-25T19:53:20.4281540Z will have this factory as the default for all operations.
Linux Desktop Tests (1)	UNKNOWN STEP	2026-02-25T19:53:20.4282211Z 
Linux Desktop Tests (1)	UNKNOWN STEP	2026-02-25T19:53:20.4282335Z *** sqflite warning ***
Linux Desktop Tests (1)	UNKNOWN STEP	2026-02-25T19:53:20.4282528Z 
Linux Desktop Tests (1)	UNKNOWN STEP	2026-02-25T19:53:20.4674691Z Waiting for globalMatrixClient to be initialized...
Linux Desktop Tests (1)	UNKNOWN STEP	2026-02-25T19:53:20.4959401Z [90m[🌎 Easy Localization] [DEBUG] Localization initialized[0m
Linux Desktop Tests (1)	UNKNOWN STEP	2026-02-25T19:53:20.4961414Z [Matrix] [32mInitialize client Substitution[0m
Linux Desktop Tests (1)	UNKNOWN STEP	2026-02-25T19:53:20.4972467Z [Matrix] [32mUser is not logged in.[0m
Linux Desktop Tests (1)	UNKNOWN STEP	2026-02-25T19:53:20.4974118Z [90m[🌎 Easy Localization] [DEBUG] Start[0m
Linux Desktop Tests (1)	UNKNOWN STEP	2026-02-25T19:53:20.9870411Z 00:22 +1: Message Type Rendering with Real Matrix Server Feed renders m.text messages from the Matrix server
Linux Desktop Tests (1)	UNKNOWN STEP	2026-02-25T19:53:20.9873177Z [90m[🌎 Easy Localization] [DEBUG] Init state[0m
Linux Desktop Tests (1)	UNKNOWN STEP	2026-02-25T19:53:20.9873926Z [90m[🌎 Easy Localization] [DEBUG] Build[0m
Linux Desktop Tests (1)	UNKNOWN STEP	2026-02-25T19:53:20.9875598Z [90m[🌎 Easy Localization] [DEBUG] Init Localization Delegate[0m
Linux Desktop Tests (1)	UNKNOWN STEP	2026-02-25T19:53:20.9876708Z [90m[🌎 Easy Localization] [DEBUG] Init provider[0m
Linux Desktop Tests (1)	UNKNOWN STEP	2026-02-25T19:53:20.9969176Z [90m[🌎 Easy Localization] [DEBUG] Load Localization Delegate[0m
Linux Desktop Tests (1)	UNKNOWN STEP	2026-02-25T19:53:20.9976976Z [90m[🌎 Easy Localization] [DEBUG] Load asset from assets/translations[0m
Linux Desktop Tests (1)	UNKNOWN STEP	2026-02-25T19:53:21.0004879Z 00:22 +1: Message Type Rendering with Real Matrix Server Feed renders m.image messages from the Matrix server
Linux Desktop Tests (1)	UNKNOWN STEP	2026-02-25T19:53:21.0005777Z globalMatrixClient initialized!
Linux Desktop Tests (1)	UNKNOWN STEP	2026-02-25T19:53:21.0006584Z Step 1: Checking for Age Gate, Intro, or Login fields...
Linux Desktop Tests (1)	UNKNOWN STEP	2026-02-25T19:53:21.5203707Z 00:23 +1: Message Type Rendering with Real Matrix Server Feed renders m.text messages from the Matrix server
Linux Desktop Tests (1)	UNKNOWN STEP	2026-02-25T19:53:21.5204937Z [90m[🌎 Easy Localization] [DEBUG] Build[0m
Linux Desktop Tests (1)	UNKNOWN STEP	2026-02-25T19:53:21.5206488Z [90m[🌎 Easy Localization] [DEBUG] Init Localization Delegate[0m
Linux Desktop Tests (1)	UNKNOWN STEP	2026-02-25T19:53:21.5207270Z [90m[🌎 Easy Localization] [DEBUG] Init provider[0m
Linux Desktop Tests (1)	UNKNOWN STEP	2026-02-25T19:53:21.5575358Z 00:23 +1: Message Type Rendering with Real Matrix Server Feed renders m.image messages from the Matrix server
Linux Desktop Tests (1)	UNKNOWN STEP	2026-02-25T19:53:21.5576457Z Found screen! AgeGate: false, Intro: true, Username: false, Host: false
Linux Desktop Tests (1)	UNKNOWN STEP	2026-02-25T19:53:21.5577130Z Step 2: Navigating through onboarding...
Linux Desktop Tests (1)	UNKNOWN STEP	2026-02-25T19:53:23.6221329Z Tapping Next button at step 0...
Linux Desktop Tests (1)	UNKNOWN STEP	2026-02-25T19:53:25.7052809Z Tapping Next button at step 1...
Linux Desktop Tests (1)	UNKNOWN STEP	2026-02-25T19:53:27.7890297Z Reached target page at step 2. Host: true, Username: false
Linux Desktop Tests (1)	UNKNOWN STEP	2026-02-25T19:53:27.7897787Z Onboarding navigation complete.
Linux Desktop Tests (1)	UNKNOWN STEP	2026-02-25T19:53:27.7898293Z Step 3: Entering host URL: http://localhost:8008
Linux Desktop Tests (1)	UNKNOWN STEP	2026-02-25T19:53:29.9231517Z Tapping host submit button...
Linux Desktop Tests (1)	UNKNOWN STEP	2026-02-25T19:53:31.9958889Z Waiting for login page to appear...
Linux Desktop Tests (1)	UNKNOWN STEP	2026-02-25T19:53:32.5330660Z Login page reached.
Linux Desktop Tests (1)	UNKNOWN STEP	2026-02-25T19:53:32.5331524Z Step 4: Looking for login fields...
Linux Desktop Tests (1)	UNKNOWN STEP	2026-02-25T19:53:32.5332921Z Entering username: testuser1
Linux Desktop Tests (1)	UNKNOWN STEP	2026-02-25T19:53:34.6544946Z Entering password...
Linux Desktop Tests (1)	UNKNOWN STEP	2026-02-25T19:53:36.7721969Z Tapping login submit button...
Linux Desktop Tests (1)	UNKNOWN STEP	2026-02-25T19:53:38.8458465Z Step 5: Waiting for finished page (introGoButton)...
Linux Desktop Tests (1)	UNKNOWN STEP	2026-02-25T19:53:39.1408999Z 00:40 +1: Message Type Rendering with Real Matrix Server Feed renders m.text messages from the Matrix server
Linux Desktop Tests (1)	UNKNOWN STEP	2026-02-25T19:53:39.1411562Z [Matrix] [33mCurrent sync request ID has changed. Dropping this sync loop![0m
Linux Desktop Tests (1)	UNKNOWN STEP	2026-02-25T19:53:39.1413346Z 00:40 +1: Message Type Rendering with Real Matrix Server Feed renders m.image messages from the Matrix server
Linux Desktop Tests (1)	UNKNOWN STEP	2026-02-25T19:53:39.1414349Z [Matrix] [32mInitialize client Substitution[0m
Linux Desktop Tests (1)	UNKNOWN STEP	2026-02-25T19:53:39.1576416Z [Matrix] [32mSuccessfully connected as testuser1 with http://localhost:8008[0m
Linux Desktop Tests (1)	UNKNOWN STEP	2026-02-25T19:53:40.4236720Z Finished page reached.
Linux Desktop Tests (1)	UNKNOWN STEP	2026-02-25T19:53:40.4238297Z Tapping Go button...
Linux Desktop Tests (1)	UNKNOWN STEP	2026-02-25T19:53:40.4279149Z Waiting for feed (Scrollable)...
Linux Desktop Tests (1)	UNKNOWN STEP	2026-02-25T19:53:40.5500955Z 00:42 +1: Message Type Rendering with Real Matrix Server Feed renders m.text messages from the Matrix server
Linux Desktop Tests (1)	UNKNOWN STEP	2026-02-25T19:53:40.5502066Z checking room test_general id: !FtbVbszFZxQYwoOUlz:test.matrix.local
Linux Desktop Tests (1)	UNKNOWN STEP	2026-02-25T19:53:40.5504627Z checking room test_photos id: !gSzlFPBmlLbXvbIGto:test.matrix.local
Linux Desktop Tests (1)	UNKNOWN STEP	2026-02-25T19:53:40.5505774Z checking room test_invite_only id: !gwfBrkBcyJlTLEVsQt:test.matrix.local
Linux Desktop Tests (1)	UNKNOWN STEP	2026-02-25T19:53:40.5506687Z checking room test_avatar id: !vqYfehlSISCTJLXOZD:test.matrix.local
Linux Desktop Tests (1)	UNKNOWN STEP	2026-02-25T19:53:40.5512073Z checking room test_art id: !ECaylAHkufusrQLGIA:test.matrix.local
Linux Desktop Tests (1)	UNKNOWN STEP	2026-02-25T19:53:40.5512683Z start quering new events...
Linux Desktop Tests (1)	UNKNOWN STEP	2026-02-25T19:53:40.5513054Z finished...
Linux Desktop Tests (1)	UNKNOWN STEP	2026-02-25T19:53:40.5513353Z ret is empty...
Linux Desktop Tests (1)	UNKNOWN STEP	2026-02-25T19:53:40.5513673Z no new things to append...
Linux Desktop Tests (1)	UNKNOWN STEP	2026-02-25T19:53:40.9452627Z 00:42 +1: Message Type Rendering with Real Matrix Server Feed renders m.image messages from the Matrix server
Linux Desktop Tests (1)	UNKNOWN STEP	2026-02-25T19:53:40.9453371Z Feed reached.
Linux Desktop Tests (1)	UNKNOWN STEP	2026-02-25T19:53:51.3063554Z ⚠ No FileDisplay widgets found — the seeded m.image event may not have synced yet or the feed does not show it on first load. Checking for Image widgets as a fallback.
Linux Desktop Tests (1)	UNKNOWN STEP	2026-02-25T19:53:51.3065074Z ⚠ No Image widgets found either — the m.image message may require more sync time. Feed is accessible.
Linux Desktop Tests (1)	UNKNOWN STEP	2026-02-25T19:53:51.3464824Z 00:53 +2: Message Type Rendering with Real Matrix Server Feed renders m.video messages from the Matrix server
Linux Desktop Tests (1)	UNKNOWN STEP	2026-02-25T19:53:51.4054054Z *** sqflite warning ***
Linux Desktop Tests (1)	UNKNOWN STEP	2026-02-25T19:53:51.4054817Z 
Linux Desktop Tests (1)	UNKNOWN STEP	2026-02-25T19:53:51.4058269Z You are changing sqflite default factory.
Linux Desktop Tests (1)	UNKNOWN STEP	2026-02-25T19:53:51.4059080Z Be aware of the potential side effects. Any library using sqflite
Linux Desktop Tests (1)	UNKNOWN STEP	2026-02-25T19:53:51.4063838Z will have this factory as the default for all operations.
Linux Desktop Tests (1)	UNKNOWN STEP	2026-02-25T19:53:51.4064248Z 
Linux Desktop Tests (1)	UNKNOWN STEP	2026-02-25T19:53:51.4064374Z *** sqflite warning ***
Linux Desktop Tests (1)	UNKNOWN STEP	2026-02-25T19:53:51.4064596Z 
Linux Desktop Tests (1)	UNKNOWN STEP	2026-02-25T19:53:51.4387003Z Waiting for globalMatrixClient to be initialized...
Linux Desktop Tests (1)	UNKNOWN STEP	2026-02-25T19:53:51.4659164Z [90m[🌎 Easy Localization] [DEBUG] Localization initialized[0m
Linux Desktop Tests (1)	UNKNOWN STEP	2026-02-25T19:53:51.4661417Z [Matrix] [32mInitialize client Substitution[0m
Linux Desktop Tests (1)	UNKNOWN STEP	2026-02-25T19:53:51.4666275Z [Matrix] [32mUser is not logged in.[0m
Linux Desktop Tests (1)	UNKNOWN STEP	2026-02-25T19:53:51.4673196Z [90m[🌎 Easy Localization] [DEBUG] Start[0m
Linux Desktop Tests (1)	UNKNOWN STEP	2026-02-25T19:53:51.9535999Z 00:53 +2: Message Type Rendering with Real Matrix Server Feed renders m.text messages from the Matrix server
Linux Desktop Tests (1)	UNKNOWN STEP	2026-02-25T19:53:51.9537242Z [90m[🌎 Easy Localization] [DEBUG] Init state[0m
Linux Desktop Tests (1)	UNKNOWN STEP	2026-02-25T19:53:51.9537837Z [90m[🌎 Easy Localization] [DEBUG] Build[0m
Linux Desktop Tests (1)	UNKNOWN STEP	2026-02-25T19:53:51.9539962Z [90m[🌎 Easy Localization] [DEBUG] Init Localization Delegate[0m
Linux Desktop Tests (1)	UNKNOWN STEP	2026-02-25T19:53:51.9540726Z [90m[🌎 Easy Localization] [DEBUG] Init provider[0m
Linux Desktop Tests (1)	UNKNOWN STEP	2026-02-25T19:53:51.9576289Z [90m[🌎 Easy Localization] [DEBUG] Load Localization Delegate[0m
Linux Desktop Tests (1)	UNKNOWN STEP	2026-02-25T19:53:51.9578072Z [90m[🌎 Easy Localization] [DEBUG] Load asset from assets/translations[0m
Linux Desktop Tests (1)	UNKNOWN STEP	2026-02-25T19:53:51.9599106Z 00:53 +2: Message Type Rendering with Real Matrix Server Feed renders m.video messages from the Matrix server
Linux Desktop Tests (1)	UNKNOWN STEP	2026-02-25T19:53:51.9599972Z globalMatrixClient initialized!
Linux Desktop Tests (1)	UNKNOWN STEP	2026-02-25T19:53:51.9600622Z Step 1: Checking for Age Gate, Intro, or Login fields...
Linux Desktop Tests (1)	UNKNOWN STEP	2026-02-25T19:53:52.4701614Z 00:54 +2: Message Type Rendering with Real Matrix Server Feed renders m.text messages from the Matrix server
Linux Desktop Tests (1)	UNKNOWN STEP	2026-02-25T19:53:52.4702861Z [90m[🌎 Easy Localization] [DEBUG] Build[0m
Linux Desktop Tests (1)	UNKNOWN STEP	2026-02-25T19:53:52.4703583Z [90m[🌎 Easy Localization] [DEBUG] Init Localization Delegate[0m
Linux Desktop Tests (1)	UNKNOWN STEP	2026-02-25T19:53:52.4704312Z [90m[🌎 Easy Localization] [DEBUG] Init provider[0m
Linux Desktop Tests (1)	UNKNOWN STEP	2026-02-25T19:53:52.5053996Z 00:54 +2: Message Type Rendering with Real Matrix Server Feed renders m.video messages from the Matrix server
Linux Desktop Tests (1)	UNKNOWN STEP	2026-02-25T19:53:52.5055247Z Found screen! AgeGate: false, Intro: true, Username: false, Host: false
Linux Desktop Tests (1)	UNKNOWN STEP	2026-02-25T19:53:52.5058231Z Step 2: Navigating through onboarding...
Linux Desktop Tests (1)	UNKNOWN STEP	2026-02-25T19:53:54.5719183Z Tapping Next button at step 0...
Linux Desktop Tests (1)	UNKNOWN STEP	2026-02-25T19:53:56.6562168Z Tapping Next button at step 1...
Linux Desktop Tests (1)	UNKNOWN STEP	2026-02-25T19:53:58.7395301Z Reached target page at step 2. Host: true, Username: false
Linux Desktop Tests (1)	UNKNOWN STEP	2026-02-25T19:53:58.7395911Z Onboarding navigation complete.
Linux Desktop Tests (1)	UNKNOWN STEP	2026-02-25T19:53:58.7396376Z Step 3: Entering host URL: http://localhost:8008
Linux Desktop Tests (1)	UNKNOWN STEP	2026-02-25T19:54:00.8559057Z Tapping host submit button...
Linux Desktop Tests (1)	UNKNOWN STEP	2026-02-25T19:54:02.9281847Z Waiting for login page to appear...
Linux Desktop Tests (1)	UNKNOWN STEP	2026-02-25T19:54:03.4507125Z Login page reached.
Linux Desktop Tests (1)	UNKNOWN STEP	2026-02-25T19:54:03.4507567Z Step 4: Looking for login fields...
Linux Desktop Tests (1)	UNKNOWN STEP	2026-02-25T19:54:03.4508786Z Entering username: testuser1
Linux Desktop Tests (1)	UNKNOWN STEP	2026-02-25T19:54:05.5561848Z Entering password...
Linux Desktop Tests (1)	UNKNOWN STEP	2026-02-25T19:54:07.6724687Z Tapping login submit button...
Linux Desktop Tests (1)	UNKNOWN STEP	2026-02-25T19:54:09.3920094Z 01:11 +2: Message Type Rendering with Real Matrix Server Feed renders m.image messages from the Matrix server
Linux Desktop Tests (1)	UNKNOWN STEP	2026-02-25T19:54:09.3920995Z [Matrix] [33mCurrent sync request ID has changed. Dropping this sync loop![0m
Linux Desktop Tests (1)	UNKNOWN STEP	2026-02-25T19:54:09.7446368Z 01:11 +2: Message Type Rendering with Real Matrix Server Feed renders m.video messages from the Matrix server
Linux Desktop Tests (1)	UNKNOWN STEP	2026-02-25T19:54:09.7447277Z Step 5: Waiting for finished page (introGoButton)...
Linux Desktop Tests (1)	UNKNOWN STEP	2026-02-25T19:54:10.0354984Z [Matrix] [32mInitialize client Substitution[0m
Linux Desktop Tests (1)	UNKNOWN STEP	2026-02-25T19:54:10.0514905Z [Matrix] [32mSuccessfully connected as testuser1 with http://localhost:8008[0m
Linux Desktop Tests (1)	UNKNOWN STEP	2026-02-25T19:54:11.3228455Z Finished page reached.
Linux Desktop Tests (1)	UNKNOWN STEP	2026-02-25T19:54:11.3229026Z Tapping Go button...
Linux Desktop Tests (1)	UNKNOWN STEP	2026-02-25T19:54:11.3267443Z Waiting for feed (Scrollable)...
Linux Desktop Tests (1)	UNKNOWN STEP	2026-02-25T19:54:11.4532392Z 01:13 +2: Message Type Rendering with Real Matrix Server Feed renders m.text messages from the Matrix server
Linux Desktop Tests (1)	UNKNOWN STEP	2026-02-25T19:54:11.4535288Z checking room test_general id: !FtbVbszFZxQYwoOUlz:test.matrix.local
Linux Desktop Tests (1)	UNKNOWN STEP	2026-02-25T19:54:11.4537327Z checking room test_photos id: !gSzlFPBmlLbXvbIGto:test.matrix.local
Linux Desktop Tests (1)	UNKNOWN STEP	2026-02-25T19:54:11.4538190Z checking room test_invite_only id: !gwfBrkBcyJlTLEVsQt:test.matrix.local
Linux Desktop Tests (1)	UNKNOWN STEP	2026-02-25T19:54:11.4539304Z checking room test_avatar id: !vqYfehlSISCTJLXOZD:test.matrix.local
Linux Desktop Tests (1)	UNKNOWN STEP	2026-02-25T19:54:11.4540083Z checking room test_art id: !ECaylAHkufusrQLGIA:test.matrix.local
Linux Desktop Tests (1)	UNKNOWN STEP	2026-02-25T19:54:11.4540803Z start quering new events...
Linux Desktop Tests (1)	UNKNOWN STEP	2026-02-25T19:54:11.4541125Z finished...
Linux Desktop Tests (1)	UNKNOWN STEP	2026-02-25T19:54:11.4541383Z ret is empty...
Linux Desktop Tests (1)	UNKNOWN STEP	2026-02-25T19:54:11.4541698Z no new things to append...
Linux Desktop Tests (1)	UNKNOWN STEP	2026-02-25T19:54:11.8419770Z 01:13 +2: Message Type Rendering with Real Matrix Server Feed renders m.video messages from the Matrix server
Linux Desktop Tests (1)	UNKNOWN STEP	2026-02-25T19:54:11.8420398Z Feed reached.
Linux Desktop Tests (1)	UNKNOWN STEP	2026-02-25T19:54:22.1725931Z ⚠ No FileDisplay widgets found for m.video — the event may not have synced yet. Feed is still accessible.
Linux Desktop Tests (1)	UNKNOWN STEP	2026-02-25T19:54:22.2115827Z 01:23 +3: Message Type Rendering with Real Matrix Server Feed renders m.audio messages from the Matrix server
Linux Desktop Tests (1)	UNKNOWN STEP	2026-02-25T19:54:22.2697966Z *** sqflite warning ***
Linux Desktop Tests (1)	UNKNOWN STEP	2026-02-25T19:54:22.2698257Z 
Linux Desktop Tests (1)	UNKNOWN STEP	2026-02-25T19:54:22.2698430Z You are changing sqflite default factory.
Linux Desktop Tests (1)	UNKNOWN STEP	2026-02-25T19:54:22.2699215Z Be aware of the potential side effects. Any library using sqflite
Linux Desktop Tests (1)	UNKNOWN STEP	2026-02-25T19:54:22.2699876Z will have this factory as the default for all operations.
Linux Desktop Tests (1)	UNKNOWN STEP	2026-02-25T19:54:22.2700266Z 
Linux Desktop Tests (1)	UNKNOWN STEP	2026-02-25T19:54:22.2700391Z *** sqflite warning ***
Linux Desktop Tests (1)	UNKNOWN STEP	2026-02-25T19:54:22.2700599Z 
Linux Desktop Tests (1)	UNKNOWN STEP	2026-02-25T19:54:22.3033788Z Waiting for globalMatrixClient to be initialized...
Linux Desktop Tests (1)	UNKNOWN STEP	2026-02-25T19:54:22.3242044Z [90m[🌎 Easy Localization] [DEBUG] Localization initialized[0m
Linux Desktop Tests (1)	UNKNOWN STEP	2026-02-25T19:54:22.3243776Z [Matrix] [32mInitialize client Substitution[0m
Linux Desktop Tests (1)	UNKNOWN STEP	2026-02-25T19:54:22.3261148Z [Matrix] [32mUser is not logged in.[0m
Linux Desktop Tests (1)	UNKNOWN STEP	2026-02-25T19:54:22.3264252Z [90m[🌎 Easy Localization] [DEBUG] Start[0m
Linux Desktop Tests (1)	UNKNOWN STEP	2026-02-25T19:54:22.8202725Z 01:24 +3: Message Type Rendering with Real Matrix Server Feed renders m.text messages from the Matrix server
Linux Desktop Tests (1)	UNKNOWN STEP	2026-02-25T19:54:22.8205254Z [90m[🌎 Easy Localization] [DEBUG] Init state[0m
Linux Desktop Tests (1)	UNKNOWN STEP	2026-02-25T19:54:22.8205869Z [90m[🌎 Easy Localization] [DEBUG] Build[0m
Linux Desktop Tests (1)	UNKNOWN STEP	2026-02-25T19:54:22.8206432Z [90m[🌎 Easy Localization] [DEBUG] Init Localization Delegate[0m
Linux Desktop Tests (1)	UNKNOWN STEP	2026-02-25T19:54:22.8206868Z [90m[🌎 Easy Localization] [DEBUG] Init provider[0m
Linux Desktop Tests (1)	UNKNOWN STEP	2026-02-25T19:54:22.8285836Z [90m[🌎 Easy Localization] [DEBUG] Load Localization Delegate[0m
Linux Desktop Tests (1)	UNKNOWN STEP	2026-02-25T19:54:22.8287109Z [90m[🌎 Easy Localization] [DEBUG] Load asset from assets/translations[0m
Linux Desktop Tests (1)	UNKNOWN STEP	2026-02-25T19:54:22.8317933Z 01:24 +3: Message Type Rendering with Real Matrix Server Feed renders m.audio messages from the Matrix server
Linux Desktop Tests (1)	UNKNOWN STEP	2026-02-25T19:54:22.8318999Z globalMatrixClient initialized!
Linux Desktop Tests (1)	UNKNOWN STEP	2026-02-25T19:54:22.8320171Z Step 1: Checking for Age Gate, Intro, or Login fields...
Linux Desktop Tests (1)	UNKNOWN STEP	2026-02-25T19:54:23.3359248Z 01:25 +3: Message Type Rendering with Real Matrix Server Feed renders m.text messages from the Matrix server
Linux Desktop Tests (1)	UNKNOWN STEP	2026-02-25T19:54:23.3360744Z [90m[🌎 Easy Localization] [DEBUG] Build[0m
Linux Desktop Tests (1)	UNKNOWN STEP	2026-02-25T19:54:23.3361316Z [90m[🌎 Easy Localization] [DEBUG] Init Localization Delegate[0m
Linux Desktop Tests (1)	UNKNOWN STEP	2026-02-25T19:54:23.3361774Z [90m[🌎 Easy Localization] [DEBUG] Init provider[0m
Linux Desktop Tests (1)	UNKNOWN STEP	2026-02-25T19:54:23.3776243Z 01:25 +3: Message Type Rendering with Real Matrix Server Feed renders m.audio messages from the Matrix server
Linux Desktop Tests (1)	UNKNOWN STEP	2026-02-25T19:54:23.3777307Z Found screen! AgeGate: false, Intro: true, Username: false, Host: false
Linux Desktop Tests (1)	UNKNOWN STEP	2026-02-25T19:54:23.3777973Z Step 2: Navigating through onboarding...
Linux Desktop Tests (1)	UNKNOWN STEP	2026-02-25T19:54:25.4391766Z Tapping Next button at step 0...
Linux Desktop Tests (1)	UNKNOWN STEP	2026-02-25T19:54:27.5054022Z Tapping Next button at step 1...
Linux Desktop Tests (1)	UNKNOWN STEP	2026-02-25T19:54:29.5720976Z Reached target page at step 2. Host: true, Username: false
Linux Desktop Tests (1)	UNKNOWN STEP	2026-02-25T19:54:29.5721605Z Onboarding navigation complete.
Linux Desktop Tests (1)	UNKNOWN STEP	2026-02-25T19:54:29.5722700Z Step 3: Entering host URL: http://localhost:8008
Linux Desktop Tests (1)	UNKNOWN STEP	2026-02-25T19:54:31.6880865Z Tapping host submit button...
Linux Desktop Tests (1)	UNKNOWN STEP	2026-02-25T19:54:33.7604828Z Waiting for login page to appear...
Linux Desktop Tests (1)	UNKNOWN STEP	2026-02-25T19:54:34.2847393Z Login page reached.
Linux Desktop Tests (1)	UNKNOWN STEP	2026-02-25T19:54:34.2850249Z Step 4: Looking for login fields...
Linux Desktop Tests (1)	UNKNOWN STEP	2026-02-25T19:54:34.2851192Z Entering username: testuser1
Linux Desktop Tests (1)	UNKNOWN STEP	2026-02-25T19:54:36.3886641Z Entering password...
Linux Desktop Tests (1)	UNKNOWN STEP	2026-02-25T19:54:38.4881686Z Tapping login submit button...
Linux Desktop Tests (1)	UNKNOWN STEP	2026-02-25T19:54:40.2874141Z 01:41 +3: Message Type Rendering with Real Matrix Server Feed renders m.video messages from the Matrix server
Linux Desktop Tests (1)	UNKNOWN STEP	2026-02-25T19:54:40.2875225Z [Matrix] [33mCurrent sync request ID has changed. Dropping this sync loop![0m
Linux Desktop Tests (1)	UNKNOWN STEP	2026-02-25T19:54:40.5609136Z 01:42 +3: Message Type Rendering with Real Matrix Server Feed renders m.audio messages from the Matrix server
Linux Desktop Tests (1)	UNKNOWN STEP	2026-02-25T19:54:40.5610122Z Step 5: Waiting for finished page (introGoButton)...
Linux Desktop Tests (1)	UNKNOWN STEP	2026-02-25T19:54:40.8512274Z [Matrix] [32mInitialize client Substitution[0m
Linux Desktop Tests (1)	UNKNOWN STEP	2026-02-25T19:54:40.8665359Z [Matrix] [32mSuccessfully connected as testuser1 with http://localhost:8008[0m
Linux Desktop Tests (1)	UNKNOWN STEP	2026-02-25T19:54:42.1402787Z Finished page reached.
Linux Desktop Tests (1)	UNKNOWN STEP	2026-02-25T19:54:42.1403085Z Tapping Go button...
Linux Desktop Tests (1)	UNKNOWN STEP	2026-02-25T19:54:42.1439672Z Waiting for feed (Scrollable)...
Linux Desktop Tests (1)	UNKNOWN STEP	2026-02-25T19:54:42.2667336Z 01:43 +3: Message Type Rendering with Real Matrix Server Feed renders m.text messages from the Matrix server
Linux Desktop Tests (1)	UNKNOWN STEP	2026-02-25T19:54:42.2668384Z checking room test_general id: !FtbVbszFZxQYwoOUlz:test.matrix.local
Linux Desktop Tests (1)	UNKNOWN STEP	2026-02-25T19:54:42.2671649Z checking room test_photos id: !gSzlFPBmlLbXvbIGto:test.matrix.local
Linux Desktop Tests (1)	UNKNOWN STEP	2026-02-25T19:54:42.2672236Z checking room test_invite_only id: !gwfBrkBcyJlTLEVsQt:test.matrix.local
Linux Desktop Tests (1)	UNKNOWN STEP	2026-02-25T19:54:42.2672719Z checking room test_avatar id: !vqYfehlSISCTJLXOZD:test.matrix.local
Linux Desktop Tests (1)	UNKNOWN STEP	2026-02-25T19:54:42.2673163Z checking room test_art id: !ECaylAHkufusrQLGIA:test.matrix.local
Linux Desktop Tests (1)	UNKNOWN STEP	2026-02-25T19:54:42.2674414Z start quering new events...
Linux Desktop Tests (1)	UNKNOWN STEP	2026-02-25T19:54:42.2674854Z finished...
Linux Desktop Tests (1)	UNKNOWN STEP	2026-02-25T19:54:42.2675824Z ret is empty...
Linux Desktop Tests (1)	UNKNOWN STEP	2026-02-25T19:54:42.2676042Z no new things to append...
Linux Desktop Tests (1)	UNKNOWN STEP	2026-02-25T19:54:42.6592748Z 01:44 +3: Message Type Rendering with Real Matrix Server Feed renders m.audio messages from the Matrix server
Linux Desktop Tests (1)	UNKNOWN STEP	2026-02-25T19:54:42.6593274Z Feed reached.
Linux Desktop Tests (1)	UNKNOWN STEP	2026-02-25T19:54:52.9897166Z ⚠ No FileDisplay/audiotrack widgets found for m.audio — the event may not have synced yet. Feed is still accessible.
Linux Desktop Tests (1)	UNKNOWN STEP	2026-02-25T19:54:53.0298771Z 01:54 +4: Message Type Rendering with Real Matrix Server Feed handles all message types in the same room without crashing
Linux Desktop Tests (1)	UNKNOWN STEP	2026-02-25T19:54:53.0904555Z *** sqflite warning ***
Linux Desktop Tests (1)	UNKNOWN STEP	2026-02-25T19:54:53.0904854Z 
Linux Desktop Tests (1)	UNKNOWN STEP	2026-02-25T19:54:53.0905029Z You are changing sqflite default factory.
Linux Desktop Tests (1)	UNKNOWN STEP	2026-02-25T19:54:53.0905599Z Be aware of the potential side effects. Any library using sqflite
Linux Desktop Tests (1)	UNKNOWN STEP	2026-02-25T19:54:53.0906252Z will have this factory as the default for all operations.
Linux Desktop Tests (1)	UNKNOWN STEP	2026-02-25T19:54:53.0906715Z 
Linux Desktop Tests (1)	UNKNOWN STEP	2026-02-25T19:54:53.0907499Z *** sqflite warning ***
Linux Desktop Tests (1)	UNKNOWN STEP	2026-02-25T19:54:53.0912078Z 
Linux Desktop Tests (1)	UNKNOWN STEP	2026-02-25T19:54:53.1253849Z Waiting for globalMatrixClient to be initialized...
Linux Desktop Tests (1)	UNKNOWN STEP	2026-02-25T19:54:53.1593314Z [90m[🌎 Easy Localization] [DEBUG] Localization initialized[0m
Linux Desktop Tests (1)	UNKNOWN STEP	2026-02-25T19:54:53.1594794Z [Matrix] [32mInitialize client Substitution[0m
Linux Desktop Tests (1)	UNKNOWN STEP	2026-02-25T19:54:53.1600934Z [Matrix] [32mUser is not logged in.[0m
Linux Desktop Tests (1)	UNKNOWN STEP	2026-02-25T19:54:53.1601628Z [90m[🌎 Easy Localization] [DEBUG] Start[0m
Linux Desktop Tests (1)	UNKNOWN STEP	2026-02-25T19:54:53.6366614Z 01:55 +4: Message Type Rendering with Real Matrix Server Feed renders m.text messages from the Matrix server
Linux Desktop Tests (1)	UNKNOWN STEP	2026-02-25T19:54:53.6368898Z [90m[🌎 Easy Localization] [DEBUG] Init state[0m
Linux Desktop Tests (1)	UNKNOWN STEP	2026-02-25T19:54:53.6369609Z [90m[🌎 Easy Localization] [DEBUG] Build[0m
Linux Desktop Tests (1)	UNKNOWN STEP	2026-02-25T19:54:53.6370316Z [90m[🌎 Easy Localization] [DEBUG] Init Localization Delegate[0m
Linux Desktop Tests (1)	UNKNOWN STEP	2026-02-25T19:54:53.6371017Z [90m[🌎 Easy Localization] [DEBUG] Init provider[0m
Linux Desktop Tests (1)	UNKNOWN STEP	2026-02-25T19:54:53.6404361Z [90m[🌎 Easy Localization] [DEBUG] Load Localization Delegate[0m
Linux Desktop Tests (1)	UNKNOWN STEP	2026-02-25T19:54:53.6406135Z [90m[🌎 Easy Localization] [DEBUG] Load asset from assets/translations[0m
Linux Desktop Tests (1)	UNKNOWN STEP	2026-02-25T19:54:53.6424086Z 01:55 +4: Message Type Rendering with Real Matrix Server Feed handles all message types in the same room without crashing
Linux Desktop Tests (1)	UNKNOWN STEP	2026-02-25T19:54:53.6424844Z globalMatrixClient initialized!
Linux Desktop Tests (1)	UNKNOWN STEP	2026-02-25T19:54:53.6425495Z Step 1: Checking for Age Gate, Intro, or Login fields...
Linux Desktop Tests (1)	UNKNOWN STEP	2026-02-25T19:54:54.1529239Z 01:55 +4: Message Type Rendering with Real Matrix Server Feed renders m.text messages from the Matrix server
Linux Desktop Tests (1)	UNKNOWN STEP	2026-02-25T19:54:54.1530900Z [90m[🌎 Easy Localization] [DEBUG] Build[0m
Linux Desktop Tests (1)	UNKNOWN STEP	2026-02-25T19:54:54.1531629Z [90m[🌎 Easy Localization] [DEBUG] Init Localization Delegate[0m
Linux Desktop Tests (1)	UNKNOWN STEP	2026-02-25T19:54:54.1532369Z [90m[🌎 Easy Localization] [DEBUG] Init provider[0m
Linux Desktop Tests (1)	UNKNOWN STEP	2026-02-25T19:54:54.2019490Z 01:55 +4: Message Type Rendering with Real Matrix Server Feed handles all message types in the same room without crashing
Linux Desktop Tests (1)	UNKNOWN STEP	2026-02-25T19:54:54.2020631Z Found screen! AgeGate: false, Intro: true, Username: false, Host: false
Linux Desktop Tests (1)	UNKNOWN STEP	2026-02-25T19:54:54.2021280Z Step 2: Navigating through onboarding...
Linux Desktop Tests (1)	UNKNOWN STEP	2026-02-25T19:54:56.2560081Z Tapping Next button at step 0...
Linux Desktop Tests (1)	UNKNOWN STEP	2026-02-25T19:54:58.3210439Z Tapping Next button at step 1...
Linux Desktop Tests (1)	UNKNOWN STEP	2026-02-25T19:55:00.3885550Z Reached target page at step 2. Host: true, Username: false
Linux Desktop Tests (1)	UNKNOWN STEP	2026-02-25T19:55:00.3886693Z Onboarding navigation complete.
Linux Desktop Tests (1)	UNKNOWN STEP	2026-02-25T19:55:00.3888272Z Step 3: Entering host URL: http://localhost:8008
Linux Desktop Tests (1)	UNKNOWN STEP	2026-02-25T19:55:02.4880859Z Tapping host submit button...
Linux Desktop Tests (1)	UNKNOWN STEP	2026-02-25T19:55:04.5618961Z Waiting for login page to appear...
Linux Desktop Tests (1)	UNKNOWN STEP	2026-02-25T19:55:05.0835306Z Login page reached.
Linux Desktop Tests (1)	UNKNOWN STEP	2026-02-25T19:55:05.0840830Z Step 4: Looking for login fields...
Linux Desktop Tests (1)	UNKNOWN STEP	2026-02-25T19:55:05.0841452Z Entering username: testuser1
Linux Desktop Tests (1)	UNKNOWN STEP	2026-02-25T19:55:07.1873428Z Entering password...
Linux Desktop Tests (1)	UNKNOWN STEP	2026-02-25T19:55:09.2888255Z Tapping login submit button...
Linux Desktop Tests (1)	UNKNOWN STEP	2026-02-25T19:55:11.0851342Z 02:12 +4: Message Type Rendering with Real Matrix Server Feed renders m.audio messages from the Matrix server
Linux Desktop Tests (1)	UNKNOWN STEP	2026-02-25T19:55:11.0852526Z [Matrix] [33mCurrent sync request ID has changed. Dropping this sync loop![0m
Linux Desktop Tests (1)	UNKNOWN STEP	2026-02-25T19:55:11.3610201Z 02:13 +4: Message Type Rendering with Real Matrix Server Feed handles all message types in the same room without crashing
Linux Desktop Tests (1)	UNKNOWN STEP	2026-02-25T19:55:11.3612786Z Step 5: Waiting for finished page (introGoButton)...
Linux Desktop Tests (1)	UNKNOWN STEP	2026-02-25T19:55:11.6536676Z [Matrix] [32mInitialize client Substitution[0m
Linux Desktop Tests (1)	UNKNOWN STEP	2026-02-25T19:55:11.6705347Z [Matrix] [32mSuccessfully connected as testuser1 with http://localhost:8008[0m
Linux Desktop Tests (1)	UNKNOWN STEP	2026-02-25T19:55:12.9402349Z Finished page reached.
Linux Desktop Tests (1)	UNKNOWN STEP	2026-02-25T19:55:12.9402815Z Tapping Go button...
Linux Desktop Tests (1)	UNKNOWN STEP	2026-02-25T19:55:12.9440917Z Waiting for feed (Scrollable)...
Linux Desktop Tests (1)	UNKNOWN STEP	2026-02-25T19:55:13.0655331Z 02:14 +4: Message Type Rendering with Real Matrix Server Feed renders m.text messages from the Matrix server
Linux Desktop Tests (1)	UNKNOWN STEP	2026-02-25T19:55:13.0658181Z checking room test_general id: !FtbVbszFZxQYwoOUlz:test.matrix.local
Linux Desktop Tests (1)	UNKNOWN STEP	2026-02-25T19:55:13.0660838Z checking room test_photos id: !gSzlFPBmlLbXvbIGto:test.matrix.local
Linux Desktop Tests (1)	UNKNOWN STEP	2026-02-25T19:55:13.0662024Z checking room test_invite_only id: !gwfBrkBcyJlTLEVsQt:test.matrix.local
Linux Desktop Tests (1)	UNKNOWN STEP	2026-02-25T19:55:13.0663198Z checking room test_avatar id: !vqYfehlSISCTJLXOZD:test.matrix.local
Linux Desktop Tests (1)	UNKNOWN STEP	2026-02-25T19:55:13.0663985Z checking room test_art id: !ECaylAHkufusrQLGIA:test.matrix.local
Linux Desktop Tests (1)	UNKNOWN STEP	2026-02-25T19:55:13.0664588Z start quering new events...
Linux Desktop Tests (1)	UNKNOWN STEP	2026-02-25T19:55:13.0664966Z finished...
Linux Desktop Tests (1)	UNKNOWN STEP	2026-02-25T19:55:13.0665256Z ret is empty...
Linux Desktop Tests (1)	UNKNOWN STEP	2026-02-25T19:55:13.0665569Z no new things to append...
Linux Desktop Tests (1)	UNKNOWN STEP	2026-02-25T19:55:13.4583591Z 02:15 +4: Message Type Rendering with Real Matrix Server Feed handles all message types in the same room without crashing
Linux Desktop Tests (1)	UNKNOWN STEP	2026-02-25T19:55:13.4584264Z Feed reached.
Linux Desktop Tests (1)	UNKNOWN STEP	2026-02-25T19:55:34.1228469Z ✓ Feed renders mixed message types (text/image/video/audio) without crashing
Linux Desktop Tests (1)	UNKNOWN STEP	2026-02-25T19:55:34.1635103Z 02:35 +5: (tearDownAll)
Linux Desktop Tests (1)	UNKNOWN STEP	2026-02-25T19:55:34.1890237Z 02:35 +5: All tests passed!
Linux Desktop Tests (1)	UNKNOWN STEP	2026-02-25T19:55:34.2414756Z [0;34m[INFO][0m   Running: integration_test/profile_view_test.dart
Linux Desktop Tests (1)	UNKNOWN STEP	2026-02-25T19:55:35.2561577Z 00:00 +0: loading /home/runner/work/substitution/substitution/integration_test/profile_view_test.dart
Linux Desktop Tests (1)	UNKNOWN STEP	2026-02-25T19:55:53.6668263Z Building Linux application...                                   
Linux Desktop Tests (1)	UNKNOWN STEP	2026-02-25T19:55:53.6698820Z ✓ Built build/linux/x64/debug/bundle/substitution
Linux Desktop Tests (1)	UNKNOWN STEP	2026-02-25T19:55:54.2476834Z Warning: A tag was used that wasn't specified in dart_test.yaml.
Linux Desktop Tests (1)	UNKNOWN STEP	2026-02-25T19:55:54.2477474Z   integration was used in the suite itself
Linux Desktop Tests (1)	UNKNOWN STEP	2026-02-25T19:55:54.2477679Z 
Linux Desktop Tests (1)	UNKNOWN STEP	2026-02-25T19:55:54.2512883Z 00:00 +0: Profile View Integration Tests View post -> tap avatar -> see profile -> tap their room -> see room feed
Linux Desktop Tests (1)	UNKNOWN STEP	2026-02-25T19:55:54.4905890Z 00:00 +1: (tearDownAll)
Linux Desktop Tests (1)	UNKNOWN STEP	2026-02-25T19:55:54.5171023Z 00:00 +1: All tests passed!
Linux Desktop Tests (1)	UNKNOWN STEP	2026-02-25T19:55:54.5592008Z [0;34m[INFO][0m   Running: integration_test/room_feed_with_matrix_test.dart
Linux Desktop Tests (1)	UNKNOWN STEP	2026-02-25T19:55:55.5972635Z 00:00 +0: loading /home/runner/work/substitution/substitution/integration_test/room_feed_with_matrix_test.dart
Linux Desktop Tests (1)	UNKNOWN STEP	2026-02-25T19:56:21.3318064Z Building Linux application...                                   
Linux Desktop Tests (1)	UNKNOWN STEP	2026-02-25T19:56:21.3347967Z ✓ Built build/linux/x64/debug/bundle/substitution
Linux Desktop Tests (1)	UNKNOWN STEP	2026-02-25T19:56:22.0171075Z 00:00 +0: (setUpAll)
Linux Desktop Tests (1)	UNKNOWN STEP	2026-02-25T19:56:22.0362971Z 00:00 +0: Individual Room Feed with Real Matrix Server View individual room feed (test_general with 5 messages)
Linux Desktop Tests (1)	UNKNOWN STEP	2026-02-25T19:56:22.4096426Z *** sqflite warning ***
Linux Desktop Tests (1)	UNKNOWN STEP	2026-02-25T19:56:22.4096748Z 
Linux Desktop Tests (1)	UNKNOWN STEP	2026-02-25T19:56:22.4096925Z You are changing sqflite default factory.
Linux Desktop Tests (1)	UNKNOWN STEP	2026-02-25T19:56:22.4097533Z Be aware of the potential side effects. Any library using sqflite
Linux Desktop Tests (1)	UNKNOWN STEP	2026-02-25T19:56:22.4098200Z will have this factory as the default for all operations.
Linux Desktop Tests (1)	UNKNOWN STEP	2026-02-25T19:56:22.4098777Z 
Linux Desktop Tests (1)	UNKNOWN STEP	2026-02-25T19:56:22.4098917Z *** sqflite warning ***
Linux Desktop Tests (1)	UNKNOWN STEP	2026-02-25T19:56:22.4099135Z 
Linux Desktop Tests (1)	UNKNOWN STEP	2026-02-25T19:56:22.5314391Z [90m[🌎 Easy Localization] [DEBUG] Localization initialized[0m
Linux Desktop Tests (1)	UNKNOWN STEP	2026-02-25T19:56:22.5334889Z [Matrix] [32mInitialize client Substitution[0m
Linux Desktop Tests (1)	UNKNOWN STEP	2026-02-25T19:56:22.5411695Z [Matrix] [32mUser is not logged in.[0m
Linux Desktop Tests (1)	UNKNOWN STEP	2026-02-25T19:56:22.5445873Z [90m[🌎 Easy Localization] [DEBUG] Start[0m
Linux Desktop Tests (1)	UNKNOWN STEP	2026-02-25T19:56:22.9282403Z [90m[🌎 Easy Localization] [DEBUG] Init state[0m
Linux Desktop Tests (1)	UNKNOWN STEP	2026-02-25T19:56:22.9295578Z [90m[🌎 Easy Localization] [DEBUG] Build[0m
Linux Desktop Tests (1)	UNKNOWN STEP	2026-02-25T19:56:22.9303545Z [90m[🌎 Easy Localization] [DEBUG] Init Localization Delegate[0m
Linux Desktop Tests (1)	UNKNOWN STEP	2026-02-25T19:56:22.9309217Z [90m[🌎 Easy Localization] [DEBUG] Init provider[0m
Linux Desktop Tests (1)	UNKNOWN STEP	2026-02-25T19:56:23.0628951Z [90m[🌎 Easy Localization] [DEBUG] Load Localization Delegate[0m
Linux Desktop Tests (1)	UNKNOWN STEP	2026-02-25T19:56:23.0642942Z [90m[🌎 Easy Localization] [DEBUG] Load asset from assets/translations[0m
Linux Desktop Tests (1)	UNKNOWN STEP	2026-02-25T19:56:23.6871182Z [90m[🌎 Easy Localization] [DEBUG] Build[0m
Linux Desktop Tests (1)	UNKNOWN STEP	2026-02-25T19:56:23.6872030Z [90m[🌎 Easy Localization] [DEBUG] Init Localization Delegate[0m
Linux Desktop Tests (1)	UNKNOWN STEP	2026-02-25T19:56:23.6872830Z [90m[🌎 Easy Localization] [DEBUG] Init provider[0m
Linux Desktop Tests (1)	UNKNOWN STEP	2026-02-25T19:56:25.3211229Z Waiting for globalMatrixClient to be initialized...
Linux Desktop Tests (1)	UNKNOWN STEP	2026-02-25T19:56:25.3213339Z globalMatrixClient initialized!
Linux Desktop Tests (1)	UNKNOWN STEP	2026-02-25T19:56:25.3215211Z Step 1: Checking for Age Gate, Intro, or Login fields...
Linux Desktop Tests (1)	UNKNOWN STEP	2026-02-25T19:56:25.8482683Z Found screen! AgeGate: false, Intro: true, Username: false, Host: false
Linux Desktop Tests (1)	UNKNOWN STEP	2026-02-25T19:56:25.8493705Z Step 2: Navigating through onboarding...
Linux Desktop Tests (1)	UNKNOWN STEP	2026-02-25T19:56:27.9250433Z Tapping Next button at step 0...
Linux Desktop Tests (1)	UNKNOWN STEP	2026-02-25T19:56:30.0879769Z Tapping Next button at step 1...
Linux Desktop Tests (1)	UNKNOWN STEP	2026-02-25T19:56:32.1727108Z Reached target page at step 2. Host: true, Username: false
Linux Desktop Tests (1)	UNKNOWN STEP	2026-02-25T19:56:32.1730985Z Onboarding navigation complete.
Linux Desktop Tests (1)	UNKNOWN STEP	2026-02-25T19:56:32.1731473Z Step 3: Entering host URL: http://localhost:8008
Linux Desktop Tests (1)	UNKNOWN STEP	2026-02-25T19:56:34.3895066Z Tapping host submit button...
Linux Desktop Tests (1)	UNKNOWN STEP	2026-02-25T19:56:36.5004431Z Waiting for login page to appear...
Linux Desktop Tests (1)	UNKNOWN STEP	2026-02-25T19:56:37.1072461Z Login page reached.
Linux Desktop Tests (1)	UNKNOWN STEP	2026-02-25T19:56:37.1072903Z Step 4: Looking for login fields...
Linux Desktop Tests (1)	UNKNOWN STEP	2026-02-25T19:56:37.1097900Z Entering username: testuser1
Linux Desktop Tests (1)	UNKNOWN STEP	2026-02-25T19:56:39.2537972Z Entering password...
Linux Desktop Tests (1)	UNKNOWN STEP	2026-02-25T19:56:41.3707396Z Tapping login submit button...
Linux Desktop Tests (1)	UNKNOWN STEP	2026-02-25T19:56:43.4502250Z Step 5: Waiting for finished page (introGoButton)...
Linux Desktop Tests (1)	UNKNOWN STEP	2026-02-25T19:56:43.7420147Z [Matrix] [32mInitialize client Substitution[0m
Linux Desktop Tests (1)	UNKNOWN STEP	2026-02-25T19:56:43.7717034Z [Matrix] [32mSuccessfully connected as testuser1 with http://localhost:8008[0m
Linux Desktop Tests (1)	UNKNOWN STEP	2026-02-25T19:56:45.0611858Z Finished page reached.
Linux Desktop Tests (1)	UNKNOWN STEP	2026-02-25T19:56:45.0612647Z Tapping Go button...
Linux Desktop Tests (1)	UNKNOWN STEP	2026-02-25T19:56:45.0659799Z Waiting for feed (Scrollable)...
Linux Desktop Tests (1)	UNKNOWN STEP	2026-02-25T19:56:45.2275487Z checking room test_general id: !FtbVbszFZxQYwoOUlz:test.matrix.local
Linux Desktop Tests (1)	UNKNOWN STEP	2026-02-25T19:56:45.2279590Z checking room test_photos id: !gSzlFPBmlLbXvbIGto:test.matrix.local
Linux Desktop Tests (1)	UNKNOWN STEP	2026-02-25T19:56:45.2280866Z checking room test_invite_only id: !gwfBrkBcyJlTLEVsQt:test.matrix.local
Linux Desktop Tests (1)	UNKNOWN STEP	2026-02-25T19:56:45.2287022Z checking room test_avatar id: !vqYfehlSISCTJLXOZD:test.matrix.local
Linux Desktop Tests (1)	UNKNOWN STEP	2026-02-25T19:56:45.2287826Z checking room test_art id: !ECaylAHkufusrQLGIA:test.matrix.local
Linux Desktop Tests (1)	UNKNOWN STEP	2026-02-25T19:56:45.2289220Z start quering new events...
Linux Desktop Tests (1)	UNKNOWN STEP	2026-02-25T19:56:45.2289614Z finished...
Linux Desktop Tests (1)	UNKNOWN STEP	2026-02-25T19:56:45.2293154Z ret is empty...
Linux Desktop Tests (1)	UNKNOWN STEP	2026-02-25T19:56:45.2293551Z no new things to append...
Linux Desktop Tests (1)	UNKNOWN STEP	2026-02-25T19:56:45.5845078Z Feed reached.
Linux Desktop Tests (1)	UNKNOWN STEP	2026-02-25T19:56:45.5853111Z ✓ Individual room feed displayed
Linux Desktop Tests (1)	UNKNOWN STEP	2026-02-25T19:56:45.6695769Z 00:23 +1: Individual Room Feed with Real Matrix Server Room feed shows correct message count
Linux Desktop Tests (1)	UNKNOWN STEP	2026-02-25T19:56:45.7650600Z *** sqflite warning ***
Linux Desktop Tests (1)	UNKNOWN STEP	2026-02-25T19:56:45.7650906Z 
Linux Desktop Tests (1)	UNKNOWN STEP	2026-02-25T19:56:45.7651086Z You are changing sqflite default factory.
Linux Desktop Tests (1)	UNKNOWN STEP	2026-02-25T19:56:45.7651670Z Be aware of the potential side effects. Any library using sqflite
Linux Desktop Tests (1)	UNKNOWN STEP	2026-02-25T19:56:45.7652340Z will have this factory as the default for all operations.
Linux Desktop Tests (1)	UNKNOWN STEP	2026-02-25T19:56:45.7652738Z 
Linux Desktop Tests (1)	UNKNOWN STEP	2026-02-25T19:56:45.7652874Z *** sqflite warning ***
Linux Desktop Tests (1)	UNKNOWN STEP	2026-02-25T19:56:45.7653106Z 
Linux Desktop Tests (1)	UNKNOWN STEP	2026-02-25T19:56:45.8240823Z [90m[🌎 Easy Localization] [DEBUG] Localization initialized[0m
Linux Desktop Tests (1)	UNKNOWN STEP	2026-02-25T19:56:45.8245468Z [Matrix] [32mInitialize client Substitution[0m
Linux Desktop Tests (1)	UNKNOWN STEP	2026-02-25T19:56:45.8253396Z [Matrix] [32mUser is not logged in.[0m
Linux Desktop Tests (1)	UNKNOWN STEP	2026-02-25T19:56:45.8256026Z [90m[🌎 Easy Localization] [DEBUG] Start[0m
Linux Desktop Tests (1)	UNKNOWN STEP	2026-02-25T19:56:46.2704291Z 00:24 +1: Individual Room Feed with Real Matrix Server View individual room feed (test_general with 5 messages)
Linux Desktop Tests (1)	UNKNOWN STEP	2026-02-25T19:56:46.2705466Z [90m[🌎 Easy Localization] [DEBUG] Init state[0m
Linux Desktop Tests (1)	UNKNOWN STEP	2026-02-25T19:56:46.2710039Z [90m[🌎 Easy Localization] [DEBUG] Build[0m
Linux Desktop Tests (1)	UNKNOWN STEP	2026-02-25T19:56:46.2710705Z [90m[🌎 Easy Localization] [DEBUG] Init Localization Delegate[0m
Linux Desktop Tests (1)	UNKNOWN STEP	2026-02-25T19:56:46.2711414Z [90m[🌎 Easy Localization] [DEBUG] Init provider[0m
Linux Desktop Tests (1)	UNKNOWN STEP	2026-02-25T19:56:46.2803594Z [90m[🌎 Easy Localization] [DEBUG] Load Localization Delegate[0m
Linux Desktop Tests (1)	UNKNOWN STEP	2026-02-25T19:56:46.2805678Z [90m[🌎 Easy Localization] [DEBUG] Load asset from assets/translations[0m
Linux Desktop Tests (1)	UNKNOWN STEP	2026-02-25T19:56:46.8021610Z [90m[🌎 Easy Localization] [DEBUG] Build[0m
Linux Desktop Tests (1)	UNKNOWN STEP	2026-02-25T19:56:46.8022867Z [90m[🌎 Easy Localization] [DEBUG] Init Localization Delegate[0m
Linux Desktop Tests (1)	UNKNOWN STEP	2026-02-25T19:56:46.8023920Z [90m[🌎 Easy Localization] [DEBUG] Init provider[0m
Linux Desktop Tests (1)	UNKNOWN STEP	2026-02-25T19:56:47.8910819Z 00:25 +1: Individual Room Feed with Real Matrix Server Room feed shows correct message count
Linux Desktop Tests (1)	UNKNOWN STEP	2026-02-25T19:56:47.8912451Z Waiting for globalMatrixClient to be initialized...
Linux Desktop Tests (1)	UNKNOWN STEP	2026-02-25T19:56:47.8912994Z globalMatrixClient initialized!
Linux Desktop Tests (1)	UNKNOWN STEP	2026-02-25T19:56:47.8913495Z Step 1: Checking for Age Gate, Intro, or Login fields...
Linux Desktop Tests (1)	UNKNOWN STEP	2026-02-25T19:56:48.4049182Z Found screen! AgeGate: false, Intro: true, Username: false, Host: false
Linux Desktop Tests (1)	UNKNOWN STEP	2026-02-25T19:56:48.4049638Z Step 2: Navigating through onboarding...
Linux Desktop Tests (1)	UNKNOWN STEP	2026-02-25T19:56:50.4721812Z Tapping Next button at step 0...
Linux Desktop Tests (1)	UNKNOWN STEP	2026-02-25T19:56:52.5544788Z Tapping Next button at step 1...
Linux Desktop Tests (1)	UNKNOWN STEP	2026-02-25T19:56:54.6380029Z Reached target page at step 2. Host: true, Username: false
Linux Desktop Tests (1)	UNKNOWN STEP	2026-02-25T19:56:54.6380637Z Onboarding navigation complete.
Linux Desktop Tests (1)	UNKNOWN STEP	2026-02-25T19:56:54.6382859Z Step 3: Entering host URL: http://localhost:8008
Linux Desktop Tests (1)	UNKNOWN STEP	2026-02-25T19:56:56.7712381Z Tapping host submit button...
Linux Desktop Tests (1)	UNKNOWN STEP	2026-02-25T19:56:58.8447404Z Waiting for login page to appear...
Linux Desktop Tests (1)	UNKNOWN STEP	2026-02-25T19:56:59.3785355Z Login page reached.
Linux Desktop Tests (1)	UNKNOWN STEP	2026-02-25T19:56:59.3786718Z Step 4: Looking for login fields...
Linux Desktop Tests (1)	UNKNOWN STEP	2026-02-25T19:56:59.3791707Z Entering username: testuser1
Linux Desktop Tests (1)	UNKNOWN STEP	2026-02-25T19:57:01.5038349Z Entering password...
Linux Desktop Tests (1)	UNKNOWN STEP	2026-02-25T19:57:03.6218207Z Tapping login submit button...
Linux Desktop Tests (1)	UNKNOWN STEP	2026-02-25T19:57:05.6959317Z Step 5: Waiting for finished page (introGoButton)...
Linux Desktop Tests (1)	UNKNOWN STEP	2026-02-25T19:57:05.9952190Z 00:43 +1: Individual Room Feed with Real Matrix Server View individual room feed (test_general with 5 messages)
Linux Desktop Tests (1)	UNKNOWN STEP	2026-02-25T19:57:05.9953682Z [Matrix] [33mCurrent sync request ID has changed. Dropping this sync loop![0m
Linux Desktop Tests (1)	UNKNOWN STEP	2026-02-25T19:57:05.9963414Z 00:43 +1: Individual Room Feed with Real Matrix Server Room feed shows correct message count
Linux Desktop Tests (1)	UNKNOWN STEP	2026-02-25T19:57:05.9964407Z [Matrix] [32mInitialize client Substitution[0m
Linux Desktop Tests (1)	UNKNOWN STEP	2026-02-25T19:57:06.0133553Z [Matrix] [32mSuccessfully connected as testuser1 with http://localhost:8008[0m
Linux Desktop Tests (1)	UNKNOWN STEP	2026-02-25T19:57:07.2744248Z Finished page reached.
Linux Desktop Tests (1)	UNKNOWN STEP	2026-02-25T19:57:07.2744673Z Tapping Go button...
Linux Desktop Tests (1)	UNKNOWN STEP	2026-02-25T19:57:07.2784205Z Waiting for feed (Scrollable)...
Linux Desktop Tests (1)	UNKNOWN STEP	2026-02-25T19:57:07.4164158Z 00:45 +1: Individual Room Feed with Real Matrix Server View individual room feed (test_general with 5 messages)
Linux Desktop Tests (1)	UNKNOWN STEP	2026-02-25T19:57:07.4166152Z checking room test_general id: !FtbVbszFZxQYwoOUlz:test.matrix.local
Linux Desktop Tests (1)	UNKNOWN STEP	2026-02-25T19:57:07.4166835Z checking room test_photos id: !gSzlFPBmlLbXvbIGto:test.matrix.local
Linux Desktop Tests (1)	UNKNOWN STEP	2026-02-25T19:57:07.4167531Z checking room test_invite_only id: !gwfBrkBcyJlTLEVsQt:test.matrix.local
Linux Desktop Tests (1)	UNKNOWN STEP	2026-02-25T19:57:07.4169662Z checking room test_avatar id: !vqYfehlSISCTJLXOZD:test.matrix.local
Linux Desktop Tests (1)	UNKNOWN STEP	2026-02-25T19:57:07.4170325Z checking room test_art id: !ECaylAHkufusrQLGIA:test.matrix.local
Linux Desktop Tests (1)	UNKNOWN STEP	2026-02-25T19:57:07.4170931Z start quering new events...
Linux Desktop Tests (1)	UNKNOWN STEP	2026-02-25T19:57:07.4171252Z finished...
Linux Desktop Tests (1)	UNKNOWN STEP	2026-02-25T19:57:07.4171579Z ret is empty...
Linux Desktop Tests (1)	UNKNOWN STEP	2026-02-25T19:57:07.4174926Z no new things to append...
Linux Desktop Tests (1)	UNKNOWN STEP	2026-02-25T19:57:07.7925852Z 00:45 +1: Individual Room Feed with Real Matrix Server Room feed shows correct message count
Linux Desktop Tests (1)	UNKNOWN STEP	2026-02-25T19:57:07.7926628Z Feed reached.
Linux Desktop Tests (1)	UNKNOWN STEP	2026-02-25T19:57:10.8891342Z ✓ Room displays 1 text elements
Linux Desktop Tests (1)	UNKNOWN STEP	2026-02-25T19:57:10.9319066Z 00:48 +2: Individual Room Feed with Real Matrix Server Empty room (test_art) displays correctly with no messages
Linux Desktop Tests (1)	UNKNOWN STEP	2026-02-25T19:57:10.9901630Z *** sqflite warning ***
Linux Desktop Tests (1)	UNKNOWN STEP	2026-02-25T19:57:10.9901941Z 
Linux Desktop Tests (1)	UNKNOWN STEP	2026-02-25T19:57:10.9902120Z You are changing sqflite default factory.
Linux Desktop Tests (1)	UNKNOWN STEP	2026-02-25T19:57:10.9902755Z Be aware of the potential side effects. Any library using sqflite
Linux Desktop Tests (1)	UNKNOWN STEP	2026-02-25T19:57:10.9903397Z will have this factory as the default for all operations.
Linux Desktop Tests (1)	UNKNOWN STEP	2026-02-25T19:57:10.9903770Z 
Linux Desktop Tests (1)	UNKNOWN STEP	2026-02-25T19:57:10.9903896Z *** sqflite warning ***
Linux Desktop Tests (1)	UNKNOWN STEP	2026-02-25T19:57:10.9904113Z 
Linux Desktop Tests (1)	UNKNOWN STEP	2026-02-25T19:57:11.0456963Z [90m[🌎 Easy Localization] [DEBUG] Localization initialized[0m
Linux Desktop Tests (1)	UNKNOWN STEP	2026-02-25T19:57:11.0459006Z [Matrix] [32mInitialize client Substitution[0m
Linux Desktop Tests (1)	UNKNOWN STEP	2026-02-25T19:57:11.0475294Z [Matrix] [32mUser is not logged in.[0m
Linux Desktop Tests (1)	UNKNOWN STEP	2026-02-25T19:57:11.0477002Z [90m[🌎 Easy Localization] [DEBUG] Start[0m
Linux Desktop Tests (1)	UNKNOWN STEP	2026-02-25T19:57:11.5033200Z 00:49 +2: Individual Room Feed with Real Matrix Server View individual room feed (test_general with 5 messages)
Linux Desktop Tests (1)	UNKNOWN STEP	2026-02-25T19:57:11.5034782Z [90m[🌎 Easy Localization] [DEBUG] Init state[0m
Linux Desktop Tests (1)	UNKNOWN STEP	2026-02-25T19:57:11.5035324Z [90m[🌎 Easy Localization] [DEBUG] Build[0m
Linux Desktop Tests (1)	UNKNOWN STEP	2026-02-25T19:57:11.5036390Z [90m[🌎 Easy Localization] [DEBUG] Init Localization Delegate[0m
Linux Desktop Tests (1)	UNKNOWN STEP	2026-02-25T19:57:11.5037279Z [90m[🌎 Easy Localization] [DEBUG] Init provider[0m
Linux Desktop Tests (1)	UNKNOWN STEP	2026-02-25T19:57:11.5087011Z [90m[🌎 Easy Localization] [DEBUG] Load Localization Delegate[0m
Linux Desktop Tests (1)	UNKNOWN STEP	2026-02-25T19:57:11.5089892Z [90m[🌎 Easy Localization] [DEBUG] Load asset from assets/translations[0m
Linux Desktop Tests (1)	UNKNOWN STEP	2026-02-25T19:57:12.0194457Z [90m[🌎 Easy Localization] [DEBUG] Build[0m
Linux Desktop Tests (1)	UNKNOWN STEP	2026-02-25T19:57:12.0196551Z [90m[🌎 Easy Localization] [DEBUG] Init Localization Delegate[0m
Linux Desktop Tests (1)	UNKNOWN STEP	2026-02-25T19:57:12.0198219Z [90m[🌎 Easy Localization] [DEBUG] Init provider[0m
Linux Desktop Tests (1)	UNKNOWN STEP	2026-02-25T19:57:13.0898480Z 00:51 +2: Individual Room Feed with Real Matrix Server Empty room (test_art) displays correctly with no messages
Linux Desktop Tests (1)	UNKNOWN STEP	2026-02-25T19:57:13.0899782Z Waiting for globalMatrixClient to be initialized...
Linux Desktop Tests (1)	UNKNOWN STEP	2026-02-25T19:57:13.0900283Z globalMatrixClient initialized!
Linux Desktop Tests (1)	UNKNOWN STEP	2026-02-25T19:57:13.0900791Z Step 1: Checking for Age Gate, Intro, or Login fields...
Linux Desktop Tests (1)	UNKNOWN STEP	2026-02-25T19:57:13.6046213Z Found screen! AgeGate: false, Intro: true, Username: false, Host: false
Linux Desktop Tests (1)	UNKNOWN STEP	2026-02-25T19:57:13.6046675Z Step 2: Navigating through onboarding...
Linux Desktop Tests (1)	UNKNOWN STEP	2026-02-25T19:57:15.6721226Z Tapping Next button at step 0...
Linux Desktop Tests (1)	UNKNOWN STEP	2026-02-25T19:57:17.7545464Z Tapping Next button at step 1...
Linux Desktop Tests (1)	UNKNOWN STEP	2026-02-25T19:57:19.8223686Z Reached target page at step 2. Host: true, Username: false
Linux Desktop Tests (1)	UNKNOWN STEP	2026-02-25T19:57:19.8224799Z Onboarding navigation complete.
Linux Desktop Tests (1)	UNKNOWN STEP	2026-02-25T19:57:19.8225493Z Step 3: Entering host URL: http://localhost:8008
Linux Desktop Tests (1)	UNKNOWN STEP	2026-02-25T19:57:21.9380373Z Tapping host submit button...
Linux Desktop Tests (1)	UNKNOWN STEP	2026-02-25T19:57:24.0108873Z Waiting for login page to appear...
Linux Desktop Tests (1)	UNKNOWN STEP	2026-02-25T19:57:24.5344585Z Login page reached.
Linux Desktop Tests (1)	UNKNOWN STEP	2026-02-25T19:57:24.5345672Z Step 4: Looking for login fields...
Linux Desktop Tests (1)	UNKNOWN STEP	2026-02-25T19:57:24.5346127Z Entering username: testuser1
Linux Desktop Tests (1)	UNKNOWN STEP	2026-02-25T19:57:26.6379727Z Entering password...
Linux Desktop Tests (1)	UNKNOWN STEP	2026-02-25T19:57:28.7537213Z Tapping login submit button...
Linux Desktop Tests (1)	UNKNOWN STEP	2026-02-25T19:57:30.8275491Z Step 5: Waiting for finished page (introGoButton)...
Linux Desktop Tests (1)	UNKNOWN STEP	2026-02-25T19:57:31.1206347Z 01:09 +2: Individual Room Feed with Real Matrix Server Room feed shows correct message count
Linux Desktop Tests (1)	UNKNOWN STEP	2026-02-25T19:57:31.1207677Z [Matrix] [33mCurrent sync request ID has changed. Dropping this sync loop![0m
Linux Desktop Tests (1)	UNKNOWN STEP	2026-02-25T19:57:31.1224136Z 01:09 +2: Individual Room Feed with Real Matrix Server Empty room (test_art) displays correctly with no messages
Linux Desktop Tests (1)	UNKNOWN STEP	2026-02-25T19:57:31.1227055Z [Matrix] [32mInitialize client Substitution[0m
Linux Desktop Tests (1)	UNKNOWN STEP	2026-02-25T19:57:31.1383742Z [Matrix] [32mSuccessfully connected as testuser1 with http://localhost:8008[0m
Linux Desktop Tests (1)	UNKNOWN STEP	2026-02-25T19:57:32.4065691Z Finished page reached.
Linux Desktop Tests (1)	UNKNOWN STEP	2026-02-25T19:57:32.4066750Z Tapping Go button...
Linux Desktop Tests (1)	UNKNOWN STEP	2026-02-25T19:57:32.4106901Z Waiting for feed (Scrollable)...
Linux Desktop Tests (1)	UNKNOWN STEP	2026-02-25T19:57:32.5520954Z 01:10 +2: Individual Room Feed with Real Matrix Server View individual room feed (test_general with 5 messages)
Linux Desktop Tests (1)	UNKNOWN STEP	2026-02-25T19:57:32.5522692Z checking room test_general id: !FtbVbszFZxQYwoOUlz:test.matrix.local
Linux Desktop Tests (1)	UNKNOWN STEP	2026-02-25T19:57:32.5526182Z checking room test_photos id: !gSzlFPBmlLbXvbIGto:test.matrix.local
Linux Desktop Tests (1)	UNKNOWN STEP	2026-02-25T19:57:32.5531336Z checking room test_invite_only id: !gwfBrkBcyJlTLEVsQt:test.matrix.local
Linux Desktop Tests (1)	UNKNOWN STEP	2026-02-25T19:57:32.5537490Z checking room test_avatar id: !vqYfehlSISCTJLXOZD:test.matrix.local
Linux Desktop Tests (1)	UNKNOWN STEP	2026-02-25T19:57:32.5547055Z checking room test_art id: !ECaylAHkufusrQLGIA:test.matrix.local
Linux Desktop Tests (1)	UNKNOWN STEP	2026-02-25T19:57:32.5553117Z start quering new events...
Linux Desktop Tests (1)	UNKNOWN STEP	2026-02-25T19:57:32.5650816Z finished...
Linux Desktop Tests (1)	UNKNOWN STEP	2026-02-25T19:57:32.5651175Z ret is empty...
Linux Desktop Tests (1)	UNKNOWN STEP	2026-02-25T19:57:32.5652450Z no new things to append...
Linux Desktop Tests (1)	UNKNOWN STEP	2026-02-25T19:57:32.9259375Z 01:10 +2: Individual Room Feed with Real Matrix Server Empty room (test_art) displays correctly with no messages
Linux Desktop Tests (1)	UNKNOWN STEP	2026-02-25T19:57:32.9259934Z Feed reached.
Linux Desktop Tests (1)	UNKNOWN STEP	2026-02-25T19:57:32.9260451Z ✓ Empty room handled gracefully
Linux Desktop Tests (1)	UNKNOWN STEP	2026-02-25T19:57:32.9697689Z 01:10 +3: Individual Room Feed with Real Matrix Server Room feed allows scrolling through message history
Linux Desktop Tests (1)	UNKNOWN STEP	2026-02-25T19:57:33.0293891Z *** sqflite warning ***
Linux Desktop Tests (1)	UNKNOWN STEP	2026-02-25T19:57:33.0295612Z 
Linux Desktop Tests (1)	UNKNOWN STEP	2026-02-25T19:57:33.0295815Z You are changing sqflite default factory.
Linux Desktop Tests (1)	UNKNOWN STEP	2026-02-25T19:57:33.0296417Z Be aware of the potential side effects. Any library using sqflite
Linux Desktop Tests (1)	UNKNOWN STEP	2026-02-25T19:57:33.0297081Z will have this factory as the default for all operations.
Linux Desktop Tests (1)	UNKNOWN STEP	2026-02-25T19:57:33.0297434Z 
Linux Desktop Tests (1)	UNKNOWN STEP	2026-02-25T19:57:33.0297554Z *** sqflite warning ***
Linux Desktop Tests (1)	UNKNOWN STEP	2026-02-25T19:57:33.0297750Z 
Linux Desktop Tests (1)	UNKNOWN STEP	2026-02-25T19:57:33.0830438Z [90m[🌎 Easy Localization] [DEBUG] Localization initialized[0m
Linux Desktop Tests (1)	UNKNOWN STEP	2026-02-25T19:57:33.0831227Z [Matrix] [32mInitialize client Substitution[0m
Linux Desktop Tests (1)	UNKNOWN STEP	2026-02-25T19:57:33.0848813Z [Matrix] [32mUser is not logged in.[0m
Linux Desktop Tests (1)	UNKNOWN STEP	2026-02-25T19:57:33.0850521Z [90m[🌎 Easy Localization] [DEBUG] Start[0m
Linux Desktop Tests (1)	UNKNOWN STEP	2026-02-25T19:57:33.5372414Z 01:11 +3: Individual Room Feed with Real Matrix Server View individual room feed (test_general with 5 messages)
Linux Desktop Tests (1)	UNKNOWN STEP	2026-02-25T19:57:33.5374040Z [90m[🌎 Easy Localization] [DEBUG] Init state[0m
Linux Desktop Tests (1)	UNKNOWN STEP	2026-02-25T19:57:33.5375647Z [90m[🌎 Easy Localization] [DEBUG] Build[0m
Linux Desktop Tests (1)	UNKNOWN STEP	2026-02-25T19:57:33.5376407Z [90m[🌎 Easy Localization] [DEBUG] Init Localization Delegate[0m
Linux Desktop Tests (1)	UNKNOWN STEP	2026-02-25T19:57:33.5377159Z [90m[🌎 Easy Localization] [DEBUG] Init provider[0m
Linux Desktop Tests (1)	UNKNOWN STEP	2026-02-25T19:57:33.5458984Z [90m[🌎 Easy Localization] [DEBUG] Load Localization Delegate[0m
Linux Desktop Tests (1)	UNKNOWN STEP	2026-02-25T19:57:33.5460623Z [90m[🌎 Easy Localization] [DEBUG] Load asset from assets/translations[0m
Linux Desktop Tests (1)	UNKNOWN STEP	2026-02-25T19:57:34.0530417Z [90m[🌎 Easy Localization] [DEBUG] Build[0m
Linux Desktop Tests (1)	UNKNOWN STEP	2026-02-25T19:57:34.0532503Z [90m[🌎 Easy Localization] [DEBUG] Init Localization Delegate[0m
Linux Desktop Tests (1)	UNKNOWN STEP	2026-02-25T19:57:34.0533060Z [90m[🌎 Easy Localization] [DEBUG] Init provider[0m
Linux Desktop Tests (1)	UNKNOWN STEP	2026-02-25T19:57:35.1241491Z 01:13 +3: Individual Room Feed with Real Matrix Server Room feed allows scrolling through message history
Linux Desktop Tests (1)	UNKNOWN STEP	2026-02-25T19:57:35.1242440Z Waiting for globalMatrixClient to be initialized...
Linux Desktop Tests (1)	UNKNOWN STEP	2026-02-25T19:57:35.1243015Z globalMatrixClient initialized!
Linux Desktop Tests (1)	UNKNOWN STEP	2026-02-25T19:57:35.1243843Z Step 1: Checking for Age Gate, Intro, or Login fields...
Linux Desktop Tests (1)	UNKNOWN STEP	2026-02-25T19:57:35.6384929Z Found screen! AgeGate: false, Intro: true, Username: false, Host: false
Linux Desktop Tests (1)	UNKNOWN STEP	2026-02-25T19:57:35.6385564Z Step 2: Navigating through onboarding...
Linux Desktop Tests (1)	UNKNOWN STEP	2026-02-25T19:57:37.7052882Z Tapping Next button at step 0...
Linux Desktop Tests (1)	UNKNOWN STEP	2026-02-25T19:57:39.7711335Z Tapping Next button at step 1...
Linux Desktop Tests (1)	UNKNOWN STEP	2026-02-25T19:57:41.8544145Z Reached target page at step 2. Host: true, Username: false
Linux Desktop Tests (1)	UNKNOWN STEP	2026-02-25T19:57:41.8544763Z Onboarding navigation complete.
Linux Desktop Tests (1)	UNKNOWN STEP	2026-02-25T19:57:41.8545213Z Step 3: Entering host URL: http://localhost:8008
Linux Desktop Tests (1)	UNKNOWN STEP	2026-02-25T19:57:43.9535273Z Tapping host submit button...
Linux Desktop Tests (1)	UNKNOWN STEP	2026-02-25T19:57:46.0264754Z Waiting for login page to appear...
Linux Desktop Tests (1)	UNKNOWN STEP	2026-02-25T19:57:46.5512665Z Login page reached.
Linux Desktop Tests (1)	UNKNOWN STEP	2026-02-25T19:57:46.5513102Z Step 4: Looking for login fields...
Linux Desktop Tests (1)	UNKNOWN STEP	2026-02-25T19:57:46.5513549Z Entering username: testuser1
Linux Desktop Tests (1)	UNKNOWN STEP	2026-02-25T19:57:48.6549689Z Entering password...
Linux Desktop Tests (1)	UNKNOWN STEP	2026-02-25T19:57:50.7712158Z Tapping login submit button...
Linux Desktop Tests (1)	UNKNOWN STEP	2026-02-25T19:57:52.8442880Z Step 5: Waiting for finished page (introGoButton)...
Linux Desktop Tests (1)	UNKNOWN STEP	2026-02-25T19:57:53.1368089Z 01:31 +3: Individual Room Feed with Real Matrix Server Empty room (test_art) displays correctly with no messages
Linux Desktop Tests (1)	UNKNOWN STEP	2026-02-25T19:57:53.1369834Z [Matrix] [33mCurrent sync request ID has changed. Dropping this sync loop![0m
Linux Desktop Tests (1)	UNKNOWN STEP	2026-02-25T19:57:53.1384119Z 01:31 +3: Individual Room Feed with Real Matrix Server Room feed allows scrolling through message history
Linux Desktop Tests (1)	UNKNOWN STEP	2026-02-25T19:57:53.1385136Z [Matrix] [32mInitialize client Substitution[0m
Linux Desktop Tests (1)	UNKNOWN STEP	2026-02-25T19:57:53.1536547Z [Matrix] [32mSuccessfully connected as testuser1 with http://localhost:8008[0m
Linux Desktop Tests (1)	UNKNOWN STEP	2026-02-25T19:57:54.4238408Z Finished page reached.
Linux Desktop Tests (1)	UNKNOWN STEP	2026-02-25T19:57:54.4239064Z Tapping Go button...
Linux Desktop Tests (1)	UNKNOWN STEP	2026-02-25T19:57:54.4282219Z Waiting for feed (Scrollable)...
Linux Desktop Tests (1)	UNKNOWN STEP	2026-02-25T19:57:54.5702413Z 01:32 +3: Individual Room Feed with Real Matrix Server View individual room feed (test_general with 5 messages)
Linux Desktop Tests (1)	UNKNOWN STEP	2026-02-25T19:57:54.5704360Z checking room test_general id: !FtbVbszFZxQYwoOUlz:test.matrix.local
Linux Desktop Tests (1)	UNKNOWN STEP	2026-02-25T19:57:54.5708161Z checking room test_photos id: !gSzlFPBmlLbXvbIGto:test.matrix.local
Linux Desktop Tests (1)	UNKNOWN STEP	2026-02-25T19:57:54.5710221Z checking room test_invite_only id: !gwfBrkBcyJlTLEVsQt:test.matrix.local
Linux Desktop Tests (1)	UNKNOWN STEP	2026-02-25T19:57:54.5711000Z checking room test_avatar id: !vqYfehlSISCTJLXOZD:test.matrix.local
Linux Desktop Tests (1)	UNKNOWN STEP	2026-02-25T19:57:54.5712600Z checking room test_art id: !ECaylAHkufusrQLGIA:test.matrix.local
Linux Desktop Tests (1)	UNKNOWN STEP	2026-02-25T19:57:54.5713159Z start quering new events...
Linux Desktop Tests (1)	UNKNOWN STEP	2026-02-25T19:57:54.5713474Z finished...
Linux Desktop Tests (1)	UNKNOWN STEP	2026-02-25T19:57:54.5713726Z ret is empty...
Linux Desktop Tests (1)	UNKNOWN STEP	2026-02-25T19:57:54.5714002Z no new things to append...
Linux Desktop Tests (1)	UNKNOWN STEP	2026-02-25T19:57:54.9422719Z 01:32 +3: Individual Room Feed with Real Matrix Server Room feed allows scrolling through message history
Linux Desktop Tests (1)	UNKNOWN STEP	2026-02-25T19:57:54.9423536Z Feed reached.
Linux Desktop Tests (1)	UNKNOWN STEP	2026-02-25T19:58:00.1217258Z ✓ Room feed scrolling works
Linux Desktop Tests (1)	UNKNOWN STEP	2026-02-25T19:58:00.1627057Z 01:38 +4: Individual Room Feed with Real Matrix Server Room displays user information with messages
Linux Desktop Tests (1)	UNKNOWN STEP	2026-02-25T19:58:00.2224542Z *** sqflite warning ***
Linux Desktop Tests (1)	UNKNOWN STEP	2026-02-25T19:58:00.2226079Z 
Linux Desktop Tests (1)	UNKNOWN STEP	2026-02-25T19:58:00.2226568Z You are changing sqflite default factory.
Linux Desktop Tests (1)	UNKNOWN STEP	2026-02-25T19:58:00.2227442Z Be aware of the potential side effects. Any library using sqflite
Linux Desktop Tests (1)	UNKNOWN STEP	2026-02-25T19:58:00.2231665Z will have this factory as the default for all operations.
Linux Desktop Tests (1)	UNKNOWN STEP	2026-02-25T19:58:00.2232159Z 
Linux Desktop Tests (1)	UNKNOWN STEP	2026-02-25T19:58:00.2232727Z *** sqflite warning ***
Linux Desktop Tests (1)	UNKNOWN STEP	2026-02-25T19:58:00.2233023Z 
Linux Desktop Tests (1)	UNKNOWN STEP	2026-02-25T19:58:00.2787015Z [90m[🌎 Easy Localization] [DEBUG] Localization initialized[0m
Linux Desktop Tests (1)	UNKNOWN STEP	2026-02-25T19:58:00.2787740Z [Matrix] [32mInitialize client Substitution[0m
Linux Desktop Tests (1)	UNKNOWN STEP	2026-02-25T19:58:00.2804410Z [Matrix] [32mUser is not logged in.[0m
Linux Desktop Tests (1)	UNKNOWN STEP	2026-02-25T19:58:00.2806109Z [90m[🌎 Easy Localization] [DEBUG] Start[0m
Linux Desktop Tests (1)	UNKNOWN STEP	2026-02-25T19:58:00.7371492Z 01:38 +4: Individual Room Feed with Real Matrix Server View individual room feed (test_general with 5 messages)
Linux Desktop Tests (1)	UNKNOWN STEP	2026-02-25T19:58:00.7372966Z [90m[🌎 Easy Localization] [DEBUG] Init state[0m
Linux Desktop Tests (1)	UNKNOWN STEP	2026-02-25T19:58:00.7373703Z [90m[🌎 Easy Localization] [DEBUG] Build[0m
Linux Desktop Tests (1)	UNKNOWN STEP	2026-02-25T19:58:00.7374606Z [90m[🌎 Easy Localization] [DEBUG] Init Localization Delegate[0m
Linux Desktop Tests (1)	UNKNOWN STEP	2026-02-25T19:58:00.7375475Z [90m[🌎 Easy Localization] [DEBUG] Init provider[0m
Linux Desktop Tests (1)	UNKNOWN STEP	2026-02-25T19:58:00.7429213Z [90m[🌎 Easy Localization] [DEBUG] Load Localization Delegate[0m
Linux Desktop Tests (1)	UNKNOWN STEP	2026-02-25T19:58:00.7430924Z [90m[🌎 Easy Localization] [DEBUG] Load asset from assets/translations[0m
Linux Desktop Tests (1)	UNKNOWN STEP	2026-02-25T19:58:01.2518391Z [90m[🌎 Easy Localization] [DEBUG] Build[0m
Linux Desktop Tests (1)	UNKNOWN STEP	2026-02-25T19:58:01.2525904Z [90m[🌎 Easy Localization] [DEBUG] Init Localization Delegate[0m
Linux Desktop Tests (1)	UNKNOWN STEP	2026-02-25T19:58:01.2526725Z [90m[🌎 Easy Localization] [DEBUG] Init provider[0m
Linux Desktop Tests (1)	UNKNOWN STEP	2026-02-25T19:58:02.3348861Z 01:40 +4: Individual Room Feed with Real Matrix Server Room displays user information with messages
Linux Desktop Tests (1)	UNKNOWN STEP	2026-02-25T19:58:02.3349711Z Waiting for globalMatrixClient to be initialized...
Linux Desktop Tests (1)	UNKNOWN STEP	2026-02-25T19:58:02.3350269Z globalMatrixClient initialized!
Linux Desktop Tests (1)	UNKNOWN STEP	2026-02-25T19:58:02.3350643Z Step 1: Checking for Age Gate, Intro, or Login fields...
Linux Desktop Tests (1)	UNKNOWN STEP	2026-02-25T19:58:02.8549449Z Found screen! AgeGate: false, Intro: true, Username: false, Host: false
Linux Desktop Tests (1)	UNKNOWN STEP	2026-02-25T19:58:02.8549928Z Step 2: Navigating through onboarding...
Linux Desktop Tests (1)	UNKNOWN STEP	2026-02-25T19:58:04.9218359Z Tapping Next button at step 0...
Linux Desktop Tests (1)	UNKNOWN STEP	2026-02-25T19:58:06.9873864Z Tapping Next button at step 1...
Linux Desktop Tests (1)	UNKNOWN STEP	2026-02-25T19:58:09.0552069Z Reached target page at step 2. Host: true, Username: false
Linux Desktop Tests (1)	UNKNOWN STEP	2026-02-25T19:58:09.0556857Z Onboarding navigation complete.
Linux Desktop Tests (1)	UNKNOWN STEP	2026-02-25T19:58:09.0557381Z Step 3: Entering host URL: http://localhost:8008
Linux Desktop Tests (1)	UNKNOWN STEP	2026-02-25T19:58:11.1706172Z Tapping host submit button...
Linux Desktop Tests (1)	UNKNOWN STEP	2026-02-25T19:58:13.2451924Z Waiting for login page to appear...
Linux Desktop Tests (1)	UNKNOWN STEP	2026-02-25T19:58:13.7738271Z Login page reached.
Linux Desktop Tests (1)	UNKNOWN STEP	2026-02-25T19:58:13.7739466Z Step 4: Looking for login fields...
Linux Desktop Tests (1)	UNKNOWN STEP	2026-02-25T19:58:13.7739937Z Entering username: testuser1
Linux Desktop Tests (1)	UNKNOWN STEP	2026-02-25T19:58:15.9032065Z Entering password...
Linux Desktop Tests (1)	UNKNOWN STEP	2026-02-25T19:58:18.0207694Z Tapping login submit button...
Linux Desktop Tests (1)	UNKNOWN STEP	2026-02-25T19:58:20.0950851Z Step 5: Waiting for finished page (introGoButton)...
Linux Desktop Tests (1)	UNKNOWN STEP	2026-02-25T19:58:20.3847821Z 01:58 +4: Individual Room Feed with Real Matrix Server Room feed allows scrolling through message history
Linux Desktop Tests (1)	UNKNOWN STEP	2026-02-25T19:58:20.3850202Z [Matrix] [33mCurrent sync request ID has changed. Dropping this sync loop![0m
Linux Desktop Tests (1)	UNKNOWN STEP	2026-02-25T19:58:20.3852217Z 01:58 +4: Individual Room Feed with Real Matrix Server Room displays user information with messages
Linux Desktop Tests (1)	UNKNOWN STEP	2026-02-25T19:58:20.3853237Z [Matrix] [32mInitialize client Substitution[0m
Linux Desktop Tests (1)	UNKNOWN STEP	2026-02-25T19:58:20.4015598Z [Matrix] [32mSuccessfully connected as testuser1 with http://localhost:8008[0m
Linux Desktop Tests (1)	UNKNOWN STEP	2026-02-25T19:58:21.6718936Z Finished page reached.
Linux Desktop Tests (1)	UNKNOWN STEP	2026-02-25T19:58:21.6719432Z Tapping Go button...
Linux Desktop Tests (1)	UNKNOWN STEP	2026-02-25T19:58:21.6762572Z Waiting for feed (Scrollable)...
Linux Desktop Tests (1)	UNKNOWN STEP	2026-02-25T19:58:21.8155301Z 01:59 +4: Individual Room Feed with Real Matrix Server View individual room feed (test_general with 5 messages)
Linux Desktop Tests (1)	UNKNOWN STEP	2026-02-25T19:58:21.8160825Z checking room test_general id: !FtbVbszFZxQYwoOUlz:test.matrix.local
Linux Desktop Tests (1)	UNKNOWN STEP	2026-02-25T19:58:21.8161833Z checking room test_photos id: !gSzlFPBmlLbXvbIGto:test.matrix.local
Linux Desktop Tests (1)	UNKNOWN STEP	2026-02-25T19:58:21.8163515Z checking room test_invite_only id: !gwfBrkBcyJlTLEVsQt:test.matrix.local
Linux Desktop Tests (1)	UNKNOWN STEP	2026-02-25T19:58:21.8164518Z checking room test_avatar id: !vqYfehlSISCTJLXOZD:test.matrix.local
Linux Desktop Tests (1)	UNKNOWN STEP	2026-02-25T19:58:21.8170378Z checking room test_art id: !ECaylAHkufusrQLGIA:test.matrix.local
Linux Desktop Tests (1)	UNKNOWN STEP	2026-02-25T19:58:21.8175990Z start quering new events...
Linux Desktop Tests (1)	UNKNOWN STEP	2026-02-25T19:58:21.8177656Z finished...
Linux Desktop Tests (1)	UNKNOWN STEP	2026-02-25T19:58:21.8180112Z ret is empty...
Linux Desktop Tests (1)	UNKNOWN STEP	2026-02-25T19:58:21.8180592Z no new things to append...
Linux Desktop Tests (1)	UNKNOWN STEP	2026-02-25T19:58:22.1924074Z 02:00 +4: Individual Room Feed with Real Matrix Server Room displays user information with messages
Linux Desktop Tests (1)	UNKNOWN STEP	2026-02-25T19:58:22.1928048Z Feed reached.
Linux Desktop Tests (1)	UNKNOWN STEP	2026-02-25T19:58:22.1934358Z ✓ Message metadata visible in feed
Linux Desktop Tests (1)	UNKNOWN STEP	2026-02-25T19:58:22.2342257Z 02:00 +5: (tearDownAll)
Linux Desktop Tests (1)	UNKNOWN STEP	2026-02-25T19:58:22.2501697Z 02:00 +5: All tests passed!
Linux Desktop Tests (1)	UNKNOWN STEP	2026-02-25T19:58:22.2958061Z [0;32m[OK][0m Linux tests passed
Linux Desktop Tests (1)	UNKNOWN STEP	2026-02-25T19:58:22.2958441Z 
Linux Desktop Tests (1)	UNKNOWN STEP	2026-02-25T19:58:22.2959131Z [1m══════════════════════════════════════════════════════════[0m
Linux Desktop Tests (1)	UNKNOWN STEP	2026-02-25T19:58:22.2959780Z [1m  Test Results Summary[0m
Linux Desktop Tests (1)	UNKNOWN STEP	2026-02-25T19:58:22.2960542Z [1m══════════════════════════════════════════════════════════[0m
Linux Desktop Tests (1)	UNKNOWN STEP	2026-02-25T19:58:22.2960965Z 
Linux Desktop Tests (1)	UNKNOWN STEP	2026-02-25T19:58:22.2961197Z   TARGET             PASSED   FAILED  SKIPPED   DURATION
Linux Desktop Tests (1)	UNKNOWN STEP	2026-02-25T19:58:22.2961875Z   ──────────────── ──────── ──────── ──────── ──────────
Linux Desktop Tests (1)	UNKNOWN STEP	2026-02-25T19:58:22.2962552Z   [0;32mlinux           [0m       15        0        0     8m 19s
Linux Desktop Tests (1)	UNKNOWN STEP	2026-02-25T19:58:22.2962997Z 
Linux Desktop Tests (1)	UNKNOWN STEP	2026-02-25T19:58:22.2963271Z   ──────────────── ──────── ──────── ────────
Linux Desktop Tests (1)	UNKNOWN STEP	2026-02-25T19:58:22.2963837Z   [0;32mTOTAL                  15        0        0[0m
Linux Desktop Tests (1)	UNKNOWN STEP	2026-02-25T19:58:22.2964185Z 
Linux Desktop Tests (1)	UNKNOWN STEP	2026-02-25T19:58:22.2964448Z   [0;32m[1mRESULT: PASSED[0m
Linux Desktop Tests (1)	UNKNOWN STEP	2026-02-25T19:58:22.2964718Z 
Linux Desktop Tests (1)	UNKNOWN STEP	2026-02-25T19:58:22.2965161Z [1m══════════════════════════════════════════════════════════[0m
Linux Desktop Tests (1)	UNKNOWN STEP	2026-02-25T19:58:22.2965717Z 
Linux Desktop Tests (1)	UNKNOWN STEP	2026-02-25T19:58:22.2966037Z [0;34m[INFO][0m Cleaning up...
Linux Desktop Tests (1)	UNKNOWN STEP	2026-02-25T19:58:22.3130541Z [0;34m[INFO][0m Cleanup complete
Linux Desktop Tests (1)	UNKNOWN STEP	2026-02-25T19:58:22.3211625Z ##[group]Run docker compose down -v
Linux Desktop Tests (1)	UNKNOWN STEP	2026-02-25T19:58:22.3211949Z [36;1mdocker compose down -v[0m
Linux Desktop Tests (1)	UNKNOWN STEP	2026-02-25T19:58:22.3261965Z shell: /usr/bin/bash -e {0}
Linux Desktop Tests (1)	UNKNOWN STEP	2026-02-25T19:58:22.3262222Z env:
Linux Desktop Tests (1)	UNKNOWN STEP	2026-02-25T19:58:22.3262393Z   CACHE_VERSION: v1
Linux Desktop Tests (1)	UNKNOWN STEP	2026-02-25T19:58:22.3262691Z   FLUTTER_ROOT: /opt/hostedtoolcache/flutter/stable-3.41.2-x64
Linux Desktop Tests (1)	UNKNOWN STEP	2026-02-25T19:58:22.3263035Z   PUB_CACHE: /home/runner/.pub-cache
Linux Desktop Tests (1)	UNKNOWN STEP	2026-02-25T19:58:22.3263280Z ##[endgroup]
Linux Desktop Tests (1)	UNKNOWN STEP	2026-02-25T19:58:22.4201153Z time="2026-02-25T19:58:22Z" level=warning msg="/home/runner/work/substitution/substitution/docker-compose.yml: the attribute `version` is obsolete, it will be ignored, please remove it to avoid potential confusion"
Linux Desktop Tests (1)	UNKNOWN STEP	2026-02-25T19:58:22.4247909Z  Container substitution-redis-1  Stopping
Linux Desktop Tests (1)	UNKNOWN STEP	2026-02-25T19:58:22.4250023Z  Container substitution-matrix-synapse-1  Stopping
Linux Desktop Tests (1)	UNKNOWN STEP	2026-02-25T19:58:22.6096339Z  Container substitution-redis-1  Stopped
Linux Desktop Tests (1)	UNKNOWN STEP	2026-02-25T19:58:22.6097065Z  Container substitution-redis-1  Removing
Linux Desktop Tests (1)	UNKNOWN STEP	2026-02-25T19:58:22.6202781Z  Container substitution-redis-1  Removed
Linux Desktop Tests (1)	UNKNOWN STEP	2026-02-25T19:58:22.6422363Z  Container substitution-matrix-synapse-1  Stopped
Linux Desktop Tests (1)	UNKNOWN STEP	2026-02-25T19:58:22.6423346Z  Container substitution-matrix-synapse-1  Removing
Linux Desktop Tests (1)	UNKNOWN STEP	2026-02-25T19:58:22.7040773Z  Container substitution-matrix-synapse-1  Removed
Linux Desktop Tests (1)	UNKNOWN STEP	2026-02-25T19:58:22.7041539Z  Container substitution-dex-1  Stopping
Linux Desktop Tests (1)	UNKNOWN STEP	2026-02-25T19:58:22.7042145Z  Container substitution-postgres-1  Stopping
Linux Desktop Tests (1)	UNKNOWN STEP	2026-02-25T19:58:22.8188891Z  Container substitution-dex-1  Stopped
Linux Desktop Tests (1)	UNKNOWN STEP	2026-02-25T19:58:22.8191231Z  Container substitution-dex-1  Removing
Linux Desktop Tests (1)	UNKNOWN STEP	2026-02-25T19:58:22.8254151Z  Container substitution-dex-1  Removed
Linux Desktop Tests (1)	UNKNOWN STEP	2026-02-25T19:58:22.8573542Z  Container substitution-postgres-1  Stopped
Linux Desktop Tests (1)	UNKNOWN STEP	2026-02-25T19:58:22.8575892Z  Container substitution-postgres-1  Removing
Linux Desktop Tests (1)	UNKNOWN STEP	2026-02-25T19:58:22.9243973Z  Container substitution-postgres-1  Removed
Linux Desktop Tests (1)	UNKNOWN STEP	2026-02-25T19:58:22.9257181Z  Network substitution_substitution_network  Removing
Linux Desktop Tests (1)	UNKNOWN STEP	2026-02-25T19:58:23.0286559Z  Network substitution_substitution_network  Removed
Linux Desktop Tests (1)	UNKNOWN STEP	2026-02-25T19:58:23.0455248Z Post job cleanup.
Linux Desktop Tests (1)	UNKNOWN STEP	2026-02-25T19:58:23.1971551Z Post job cleanup.
Linux Desktop Tests (1)	UNKNOWN STEP	2026-02-25T19:58:23.3329107Z Cache hit occurred on the primary key flutter-pub-linux-stable-3.41.2-x64-90673a4eef275d1a6692c26ac80d6d746d41a73a-fabacfc13d2b7e18a7fb2822593662b03764f624bf41fd351cdabec60fb27783, not saving cache.
Linux Desktop Tests (1)	UNKNOWN STEP	2026-02-25T19:58:23.3410811Z Post job cleanup.
Linux Desktop Tests (1)	UNKNOWN STEP	2026-02-25T19:58:23.4723256Z Cache hit occurred on the primary key flutter-linux-stable-3.41.2-x64-90673a4eef275d1a6692c26ac80d6d746d41a73a, not saving cache.
Linux Desktop Tests (1)	UNKNOWN STEP	2026-02-25T19:58:23.4829921Z Post job cleanup.
Linux Desktop Tests (1)	UNKNOWN STEP	2026-02-25T19:58:23.5805763Z [command]/usr/bin/git version
Linux Desktop Tests (1)	UNKNOWN STEP	2026-02-25T19:58:23.5843818Z git version 2.53.0
Linux Desktop Tests (1)	UNKNOWN STEP	2026-02-25T19:58:23.5895803Z Temporarily overriding HOME='/home/runner/work/_temp/104a58fc-100e-4d6f-86df-0e5cc2c50ba0' before making global git config changes
Linux Desktop Tests (1)	UNKNOWN STEP	2026-02-25T19:58:23.5897144Z Adding repository directory to the temporary git global config as a safe directory
Linux Desktop Tests (1)	UNKNOWN STEP	2026-02-25T19:58:23.5902542Z [command]/usr/bin/git config --global --add safe.directory /home/runner/work/substitution/substitution
Linux Desktop Tests (1)	UNKNOWN STEP	2026-02-25T19:58:23.5940090Z [command]/usr/bin/git config --local --name-only --get-regexp core\.sshCommand
Linux Desktop Tests (1)	UNKNOWN STEP	2026-02-25T19:58:23.5976601Z [command]/usr/bin/git submodule foreach --recursive sh -c "git config --local --name-only --get-regexp 'core\.sshCommand' && git config --local --unset-all 'core.sshCommand' || :"
Linux Desktop Tests (1)	UNKNOWN STEP	2026-02-25T19:58:23.6231760Z [command]/usr/bin/git config --local --name-only --get-regexp http\.https\:\/\/github\.com\/\.extraheader
Linux Desktop Tests (1)	UNKNOWN STEP	2026-02-25T19:58:23.6254650Z http.https://github.com/.extraheader
Linux Desktop Tests (1)	UNKNOWN STEP	2026-02-25T19:58:23.6268009Z [command]/usr/bin/git config --local --unset-all http.https://github.com/.extraheader
Linux Desktop Tests (1)	UNKNOWN STEP	2026-02-25T19:58:23.6301102Z [command]/usr/bin/git submodule foreach --recursive sh -c "git config --local --name-only --get-regexp 'http\.https\:\/\/github\.com\/\.extraheader' && git config --local --unset-all 'http.https://github.com/.extraheader' || :"
Linux Desktop Tests (1)	UNKNOWN STEP	2026-02-25T19:58:23.6542354Z [command]/usr/bin/git config --local --name-only --get-regexp ^includeIf\.gitdir:
Linux Desktop Tests (1)	UNKNOWN STEP	2026-02-25T19:58:23.6578256Z [command]/usr/bin/git submodule foreach --recursive git config --local --show-origin --name-only --get-regexp remote.origin.url
Linux Desktop Tests (1)	UNKNOWN STEP	2026-02-25T19:58:23.6942353Z Cleaning up orphan processes
Linux Desktop Tests (3)	UNKNOWN STEP	﻿2026-02-25T19:48:13.2386193Z Current runner version: '2.331.0'
Linux Desktop Tests (3)	UNKNOWN STEP	2026-02-25T19:48:13.2419420Z ##[group]Runner Image Provisioner
Linux Desktop Tests (3)	UNKNOWN STEP	2026-02-25T19:48:13.2420630Z Hosted Compute Agent
Linux Desktop Tests (3)	UNKNOWN STEP	2026-02-25T19:48:13.2421875Z Version: 20260213.493
Linux Desktop Tests (3)	UNKNOWN STEP	2026-02-25T19:48:13.2422880Z Commit: 5c115507f6dd24b8de37d8bbe0bb4509d0cc0fa3
Linux Desktop Tests (3)	UNKNOWN STEP	2026-02-25T19:48:13.2424071Z Build Date: 2026-02-13T00:28:41Z
Linux Desktop Tests (3)	UNKNOWN STEP	2026-02-25T19:48:13.2425144Z Worker ID: {c7ce3bca-ffa9-4d97-922c-4fd508ada64c}
Linux Desktop Tests (3)	UNKNOWN STEP	2026-02-25T19:48:13.2426423Z Azure Region: eastus2
Linux Desktop Tests (3)	UNKNOWN STEP	2026-02-25T19:48:13.2427213Z ##[endgroup]
Linux Desktop Tests (3)	UNKNOWN STEP	2026-02-25T19:48:13.2429906Z ##[group]Operating System
Linux Desktop Tests (3)	UNKNOWN STEP	2026-02-25T19:48:13.2431342Z Ubuntu
Linux Desktop Tests (3)	UNKNOWN STEP	2026-02-25T19:48:13.2432264Z 24.04.3
Linux Desktop Tests (3)	UNKNOWN STEP	2026-02-25T19:48:13.2433012Z LTS
Linux Desktop Tests (3)	UNKNOWN STEP	2026-02-25T19:48:13.2433749Z ##[endgroup]
Linux Desktop Tests (3)	UNKNOWN STEP	2026-02-25T19:48:13.2434592Z ##[group]Runner Image
Linux Desktop Tests (3)	UNKNOWN STEP	2026-02-25T19:48:13.2435461Z Image: ubuntu-24.04
Linux Desktop Tests (3)	UNKNOWN STEP	2026-02-25T19:48:13.2436391Z Version: 20260224.36.1
Linux Desktop Tests (3)	UNKNOWN STEP	2026-02-25T19:48:13.2438350Z Included Software: https://github.com/actions/runner-images/blob/ubuntu24/20260224.36/images/ubuntu/Ubuntu2404-Readme.md
Linux Desktop Tests (3)	UNKNOWN STEP	2026-02-25T19:48:13.2441170Z Image Release: https://github.com/actions/runner-images/releases/tag/ubuntu24%2F20260224.36
Linux Desktop Tests (3)	UNKNOWN STEP	2026-02-25T19:48:13.2442694Z ##[endgroup]
Linux Desktop Tests (3)	UNKNOWN STEP	2026-02-25T19:48:13.2444531Z ##[group]GITHUB_TOKEN Permissions
Linux Desktop Tests (3)	UNKNOWN STEP	2026-02-25T19:48:13.2447131Z Contents: read
Linux Desktop Tests (3)	UNKNOWN STEP	2026-02-25T19:48:13.2447916Z Metadata: read
Linux Desktop Tests (3)	UNKNOWN STEP	2026-02-25T19:48:13.2448876Z Packages: read
Linux Desktop Tests (3)	UNKNOWN STEP	2026-02-25T19:48:13.2449701Z ##[endgroup]
Linux Desktop Tests (3)	UNKNOWN STEP	2026-02-25T19:48:13.2452874Z Secret source: Actions
Linux Desktop Tests (3)	UNKNOWN STEP	2026-02-25T19:48:13.2454085Z Prepare workflow directory
Linux Desktop Tests (3)	UNKNOWN STEP	2026-02-25T19:48:13.3028871Z Prepare all required actions
Linux Desktop Tests (3)	UNKNOWN STEP	2026-02-25T19:48:13.3087268Z Getting action download info
Linux Desktop Tests (3)	UNKNOWN STEP	2026-02-25T19:48:13.6120532Z Download action repository 'actions/checkout@v4' (SHA:34e114876b0b11c390a56381ad16ebd13914f8d5)
Linux Desktop Tests (3)	UNKNOWN STEP	2026-02-25T19:48:13.7595887Z Download action repository 'subosito/flutter-action@v2' (SHA:fd55f4c5af5b953cc57a2be44cb082c8f6635e8e)
Linux Desktop Tests (3)	UNKNOWN STEP	2026-02-25T19:48:14.0662087Z Getting action download info
Linux Desktop Tests (3)	UNKNOWN STEP	2026-02-25T19:48:14.1995391Z Download action repository 'actions/cache@v4' (SHA:0057852bfaa89a56745cba8c7296529d2fc39830)
Linux Desktop Tests (3)	UNKNOWN STEP	2026-02-25T19:48:14.3377178Z Complete job name: Linux Desktop Tests (3)
Linux Desktop Tests (3)	UNKNOWN STEP	2026-02-25T19:48:14.4145004Z ##[group]Run actions/checkout@v4
Linux Desktop Tests (3)	UNKNOWN STEP	2026-02-25T19:48:14.4145896Z with:
Linux Desktop Tests (3)	UNKNOWN STEP	2026-02-25T19:48:14.4146320Z   repository: floffel/substitution
Linux Desktop Tests (3)	UNKNOWN STEP	2026-02-25T19:48:14.4147074Z   token: ***
Linux Desktop Tests (3)	UNKNOWN STEP	2026-02-25T19:48:14.4147458Z   ssh-strict: true
Linux Desktop Tests (3)	UNKNOWN STEP	2026-02-25T19:48:14.4147852Z   ssh-user: git
Linux Desktop Tests (3)	UNKNOWN STEP	2026-02-25T19:48:14.4148257Z   persist-credentials: true
Linux Desktop Tests (3)	UNKNOWN STEP	2026-02-25T19:48:14.4148729Z   clean: true
Linux Desktop Tests (3)	UNKNOWN STEP	2026-02-25T19:48:14.4149146Z   sparse-checkout-cone-mode: true
Linux Desktop Tests (3)	UNKNOWN STEP	2026-02-25T19:48:14.4149633Z   fetch-depth: 1
Linux Desktop Tests (3)	UNKNOWN STEP	2026-02-25T19:48:14.4150037Z   fetch-tags: false
Linux Desktop Tests (3)	UNKNOWN STEP	2026-02-25T19:48:14.4150455Z   show-progress: true
Linux Desktop Tests (3)	UNKNOWN STEP	2026-02-25T19:48:14.4151130Z   lfs: false
Linux Desktop Tests (3)	UNKNOWN STEP	2026-02-25T19:48:14.4151514Z   submodules: false
Linux Desktop Tests (3)	UNKNOWN STEP	2026-02-25T19:48:14.4151924Z   set-safe-directory: true
Linux Desktop Tests (3)	UNKNOWN STEP	2026-02-25T19:48:14.4152673Z env:
Linux Desktop Tests (3)	UNKNOWN STEP	2026-02-25T19:48:14.4153095Z   CACHE_VERSION: v1
Linux Desktop Tests (3)	UNKNOWN STEP	2026-02-25T19:48:14.4153554Z ##[endgroup]
Linux Desktop Tests (3)	UNKNOWN STEP	2026-02-25T19:48:14.5310584Z Syncing repository: floffel/substitution
Linux Desktop Tests (3)	UNKNOWN STEP	2026-02-25T19:48:14.5312872Z ##[group]Getting Git version info
Linux Desktop Tests (3)	UNKNOWN STEP	2026-02-25T19:48:14.5313699Z Working directory is '/home/runner/work/substitution/substitution'
Linux Desktop Tests (3)	UNKNOWN STEP	2026-02-25T19:48:14.5314700Z [command]/usr/bin/git version
Linux Desktop Tests (3)	UNKNOWN STEP	2026-02-25T19:48:14.5403426Z git version 2.53.0
Linux Desktop Tests (3)	UNKNOWN STEP	2026-02-25T19:48:14.5431413Z ##[endgroup]
Linux Desktop Tests (3)	UNKNOWN STEP	2026-02-25T19:48:14.5449053Z Temporarily overriding HOME='/home/runner/work/_temp/a652b5b0-86c3-4e6a-90ec-f78e3efa2ae8' before making global git config changes
Linux Desktop Tests (3)	UNKNOWN STEP	2026-02-25T19:48:14.5451704Z Adding repository directory to the temporary git global config as a safe directory
Linux Desktop Tests (3)	UNKNOWN STEP	2026-02-25T19:48:14.5456332Z [command]/usr/bin/git config --global --add safe.directory /home/runner/work/substitution/substitution
Linux Desktop Tests (3)	UNKNOWN STEP	2026-02-25T19:48:14.5502878Z Deleting the contents of '/home/runner/work/substitution/substitution'
Linux Desktop Tests (3)	UNKNOWN STEP	2026-02-25T19:48:14.5507364Z ##[group]Initializing the repository
Linux Desktop Tests (3)	UNKNOWN STEP	2026-02-25T19:48:14.5512856Z [command]/usr/bin/git init /home/runner/work/substitution/substitution
Linux Desktop Tests (3)	UNKNOWN STEP	2026-02-25T19:48:14.5637201Z hint: Using 'master' as the name for the initial branch. This default branch name
Linux Desktop Tests (3)	UNKNOWN STEP	2026-02-25T19:48:14.5638814Z hint: will change to "main" in Git 3.0. To configure the initial branch name
Linux Desktop Tests (3)	UNKNOWN STEP	2026-02-25T19:48:14.5640394Z hint: to use in all of your new repositories, which will suppress this warning,
Linux Desktop Tests (3)	UNKNOWN STEP	2026-02-25T19:48:14.5641537Z hint: call:
Linux Desktop Tests (3)	UNKNOWN STEP	2026-02-25T19:48:14.5642190Z hint:
Linux Desktop Tests (3)	UNKNOWN STEP	2026-02-25T19:48:14.5643117Z hint: 	git config --global init.defaultBranch <name>
Linux Desktop Tests (3)	UNKNOWN STEP	2026-02-25T19:48:14.5644302Z hint:
Linux Desktop Tests (3)	UNKNOWN STEP	2026-02-25T19:48:14.5645404Z hint: Names commonly chosen instead of 'master' are 'main', 'trunk' and
Linux Desktop Tests (3)	UNKNOWN STEP	2026-02-25T19:48:14.5647260Z hint: 'development'. The just-created branch can be renamed via this command:
Linux Desktop Tests (3)	UNKNOWN STEP	2026-02-25T19:48:14.5648641Z hint:
Linux Desktop Tests (3)	UNKNOWN STEP	2026-02-25T19:48:14.5649388Z hint: 	git branch -m <name>
Linux Desktop Tests (3)	UNKNOWN STEP	2026-02-25T19:48:14.5650210Z hint:
Linux Desktop Tests (3)	UNKNOWN STEP	2026-02-25T19:48:14.5651854Z hint: Disable this message with "git config set advice.defaultBranchName false"
Linux Desktop Tests (3)	UNKNOWN STEP	2026-02-25T19:48:14.5653830Z Initialized empty Git repository in /home/runner/work/substitution/substitution/.git/
Linux Desktop Tests (3)	UNKNOWN STEP	2026-02-25T19:48:14.5658371Z [command]/usr/bin/git remote add origin https://github.com/floffel/substitution
Linux Desktop Tests (3)	UNKNOWN STEP	2026-02-25T19:48:14.5699656Z ##[endgroup]
Linux Desktop Tests (3)	UNKNOWN STEP	2026-02-25T19:48:14.5701213Z ##[group]Disabling automatic garbage collection
Linux Desktop Tests (3)	UNKNOWN STEP	2026-02-25T19:48:14.5705448Z [command]/usr/bin/git config --local gc.auto 0
Linux Desktop Tests (3)	UNKNOWN STEP	2026-02-25T19:48:14.5739238Z ##[endgroup]
Linux Desktop Tests (3)	UNKNOWN STEP	2026-02-25T19:48:14.5740056Z ##[group]Setting up auth
Linux Desktop Tests (3)	UNKNOWN STEP	2026-02-25T19:48:14.5747380Z [command]/usr/bin/git config --local --name-only --get-regexp core\.sshCommand
Linux Desktop Tests (3)	UNKNOWN STEP	2026-02-25T19:48:14.5780920Z [command]/usr/bin/git submodule foreach --recursive sh -c "git config --local --name-only --get-regexp 'core\.sshCommand' && git config --local --unset-all 'core.sshCommand' || :"
Linux Desktop Tests (3)	UNKNOWN STEP	2026-02-25T19:48:14.6159540Z [command]/usr/bin/git config --local --name-only --get-regexp http\.https\:\/\/github\.com\/\.extraheader
Linux Desktop Tests (3)	UNKNOWN STEP	2026-02-25T19:48:14.6195417Z [command]/usr/bin/git submodule foreach --recursive sh -c "git config --local --name-only --get-regexp 'http\.https\:\/\/github\.com\/\.extraheader' && git config --local --unset-all 'http.https://github.com/.extraheader' || :"
Linux Desktop Tests (3)	UNKNOWN STEP	2026-02-25T19:48:14.6443571Z [command]/usr/bin/git config --local --name-only --get-regexp ^includeIf\.gitdir:
Linux Desktop Tests (3)	UNKNOWN STEP	2026-02-25T19:48:14.6488388Z [command]/usr/bin/git submodule foreach --recursive git config --local --show-origin --name-only --get-regexp remote.origin.url
Linux Desktop Tests (3)	UNKNOWN STEP	2026-02-25T19:48:14.6739205Z [command]/usr/bin/git config --local http.https://github.com/.extraheader AUTHORIZATION: basic ***
Linux Desktop Tests (3)	UNKNOWN STEP	2026-02-25T19:48:14.6779803Z ##[endgroup]
Linux Desktop Tests (3)	UNKNOWN STEP	2026-02-25T19:48:14.6781520Z ##[group]Fetching the repository
Linux Desktop Tests (3)	UNKNOWN STEP	2026-02-25T19:48:14.6790560Z [command]/usr/bin/git -c protocol.version=2 fetch --no-tags --prune --no-recurse-submodules --depth=1 origin +0408461b08eee1bbe2c516702bd1813b916d3e4c:refs/remotes/pull/1/merge
Linux Desktop Tests (3)	UNKNOWN STEP	2026-02-25T19:48:15.6481207Z From https://github.com/floffel/substitution
Linux Desktop Tests (3)	UNKNOWN STEP	2026-02-25T19:48:15.6484900Z  * [new ref]         0408461b08eee1bbe2c516702bd1813b916d3e4c -> pull/1/merge
Linux Desktop Tests (3)	UNKNOWN STEP	2026-02-25T19:48:15.6524143Z ##[endgroup]
Linux Desktop Tests (3)	UNKNOWN STEP	2026-02-25T19:48:15.6526298Z ##[group]Determining the checkout info
Linux Desktop Tests (3)	UNKNOWN STEP	2026-02-25T19:48:15.6528835Z ##[endgroup]
Linux Desktop Tests (3)	UNKNOWN STEP	2026-02-25T19:48:15.6532352Z [command]/usr/bin/git sparse-checkout disable
Linux Desktop Tests (3)	UNKNOWN STEP	2026-02-25T19:48:15.6581992Z [command]/usr/bin/git config --local --unset-all extensions.worktreeConfig
Linux Desktop Tests (3)	UNKNOWN STEP	2026-02-25T19:48:15.6614200Z ##[group]Checking out the ref
Linux Desktop Tests (3)	UNKNOWN STEP	2026-02-25T19:48:15.6618673Z [command]/usr/bin/git checkout --progress --force refs/remotes/pull/1/merge
Linux Desktop Tests (3)	UNKNOWN STEP	2026-02-25T19:48:15.9647135Z Note: switching to 'refs/remotes/pull/1/merge'.
Linux Desktop Tests (3)	UNKNOWN STEP	2026-02-25T19:48:15.9648390Z 
Linux Desktop Tests (3)	UNKNOWN STEP	2026-02-25T19:48:15.9649324Z You are in 'detached HEAD' state. You can look around, make experimental
Linux Desktop Tests (3)	UNKNOWN STEP	2026-02-25T19:48:15.9652088Z changes and commit them, and you can discard any commits you make in this
Linux Desktop Tests (3)	UNKNOWN STEP	2026-02-25T19:48:15.9654553Z state without impacting any branches by switching back to a branch.
Linux Desktop Tests (3)	UNKNOWN STEP	2026-02-25T19:48:15.9655997Z 
Linux Desktop Tests (3)	UNKNOWN STEP	2026-02-25T19:48:15.9656855Z If you want to create a new branch to retain commits you create, you may
Linux Desktop Tests (3)	UNKNOWN STEP	2026-02-25T19:48:15.9659487Z do so (now or later) by using -c with the switch command. Example:
Linux Desktop Tests (3)	UNKNOWN STEP	2026-02-25T19:48:15.9660975Z 
Linux Desktop Tests (3)	UNKNOWN STEP	2026-02-25T19:48:15.9661460Z   git switch -c <new-branch-name>
Linux Desktop Tests (3)	UNKNOWN STEP	2026-02-25T19:48:15.9662330Z 
Linux Desktop Tests (3)	UNKNOWN STEP	2026-02-25T19:48:15.9662879Z Or undo this operation with:
Linux Desktop Tests (3)	UNKNOWN STEP	2026-02-25T19:48:15.9663868Z 
Linux Desktop Tests (3)	UNKNOWN STEP	2026-02-25T19:48:15.9664289Z   git switch -
Linux Desktop Tests (3)	UNKNOWN STEP	2026-02-25T19:48:15.9664938Z 
Linux Desktop Tests (3)	UNKNOWN STEP	2026-02-25T19:48:15.9666007Z Turn off this advice by setting config variable advice.detachedHead to false
Linux Desktop Tests (3)	UNKNOWN STEP	2026-02-25T19:48:15.9667566Z 
Linux Desktop Tests (3)	UNKNOWN STEP	2026-02-25T19:48:15.9669233Z HEAD is now at 0408461 Merge 86c2f4a4443179a61e99b4f5d2c467a0f9c43a72 into 74cc852017b0f1fdeb37326726f5fee7effe2248
Linux Desktop Tests (3)	UNKNOWN STEP	2026-02-25T19:48:15.9674547Z ##[endgroup]
Linux Desktop Tests (3)	UNKNOWN STEP	2026-02-25T19:48:15.9710814Z [command]/usr/bin/git log -1 --format=%H
Linux Desktop Tests (3)	UNKNOWN STEP	2026-02-25T19:48:15.9737836Z 0408461b08eee1bbe2c516702bd1813b916d3e4c
Linux Desktop Tests (3)	UNKNOWN STEP	2026-02-25T19:48:16.0028908Z ##[group]Run sudo apt-get update -q
Linux Desktop Tests (3)	UNKNOWN STEP	2026-02-25T19:48:16.0030216Z [36;1msudo apt-get update -q[0m
Linux Desktop Tests (3)	UNKNOWN STEP	2026-02-25T19:48:16.0031495Z [36;1msudo apt-get install -y \[0m
Linux Desktop Tests (3)	UNKNOWN STEP	2026-02-25T19:48:16.0032738Z [36;1m  clang cmake ninja-build pkg-config \[0m
Linux Desktop Tests (3)	UNKNOWN STEP	2026-02-25T19:48:16.0034202Z [36;1m  libgtk-3-dev liblzma-dev libstdc++-12-dev \[0m
Linux Desktop Tests (3)	UNKNOWN STEP	2026-02-25T19:48:16.0035774Z [36;1m  libsecret-1-dev libjsoncpp-dev libsqlite3-dev \[0m
Linux Desktop Tests (3)	UNKNOWN STEP	2026-02-25T19:48:16.0037472Z [36;1m  libgl1-mesa-dev libegl1-mesa-dev libgles2-mesa-dev \[0m
Linux Desktop Tests (3)	UNKNOWN STEP	2026-02-25T19:48:16.0039107Z [36;1m  libblkid-dev libdbus-1-dev libatk1.0-dev \[0m
Linux Desktop Tests (3)	UNKNOWN STEP	2026-02-25T19:48:16.0040392Z [36;1m  xvfb[0m
Linux Desktop Tests (3)	UNKNOWN STEP	2026-02-25T19:48:16.0097722Z shell: /usr/bin/bash -e {0}
Linux Desktop Tests (3)	UNKNOWN STEP	2026-02-25T19:48:16.0098745Z env:
Linux Desktop Tests (3)	UNKNOWN STEP	2026-02-25T19:48:16.0099509Z   CACHE_VERSION: v1
Linux Desktop Tests (3)	UNKNOWN STEP	2026-02-25T19:48:16.0100384Z ##[endgroup]
Linux Desktop Tests (3)	UNKNOWN STEP	2026-02-25T19:48:16.0879539Z Get:1 file:/etc/apt/apt-mirrors.txt Mirrorlist [144 B]
Linux Desktop Tests (3)	UNKNOWN STEP	2026-02-25T19:48:16.1210210Z Hit:2 http://azure.archive.ubuntu.com/ubuntu noble InRelease
Linux Desktop Tests (3)	UNKNOWN STEP	2026-02-25T19:48:16.1237171Z Get:3 http://azure.archive.ubuntu.com/ubuntu noble-updates InRelease [126 kB]
Linux Desktop Tests (3)	UNKNOWN STEP	2026-02-25T19:48:16.1299448Z Get:4 http://azure.archive.ubuntu.com/ubuntu noble-backports InRelease [126 kB]
Linux Desktop Tests (3)	UNKNOWN STEP	2026-02-25T19:48:16.1310360Z Get:5 http://azure.archive.ubuntu.com/ubuntu noble-security InRelease [126 kB]
Linux Desktop Tests (3)	UNKNOWN STEP	2026-02-25T19:48:16.1725007Z Hit:6 https://packages.microsoft.com/repos/azure-cli noble InRelease
Linux Desktop Tests (3)	UNKNOWN STEP	2026-02-25T19:48:16.1808428Z Get:7 https://packages.microsoft.com/ubuntu/24.04/prod noble InRelease [3600 B]
Linux Desktop Tests (3)	UNKNOWN STEP	2026-02-25T19:48:16.2757572Z Get:8 http://azure.archive.ubuntu.com/ubuntu noble-updates/main amd64 Packages [1800 kB]
Linux Desktop Tests (3)	UNKNOWN STEP	2026-02-25T19:48:16.2919411Z Get:9 http://azure.archive.ubuntu.com/ubuntu noble-updates/main Translation-en [331 kB]
Linux Desktop Tests (3)	UNKNOWN STEP	2026-02-25T19:48:16.2954676Z Get:10 http://azure.archive.ubuntu.com/ubuntu noble-updates/main amd64 Components [175 kB]
Linux Desktop Tests (3)	UNKNOWN STEP	2026-02-25T19:48:16.2971751Z Get:11 http://azure.archive.ubuntu.com/ubuntu noble-updates/main amd64 c-n-f Metadata [16.5 kB]
Linux Desktop Tests (3)	UNKNOWN STEP	2026-02-25T19:48:16.2983041Z Get:12 http://azure.archive.ubuntu.com/ubuntu noble-updates/universe amd64 Packages [1557 kB]
Linux Desktop Tests (3)	UNKNOWN STEP	2026-02-25T19:48:16.3086623Z Get:13 http://azure.archive.ubuntu.com/ubuntu noble-updates/universe Translation-en [316 kB]
Linux Desktop Tests (3)	UNKNOWN STEP	2026-02-25T19:48:16.3112840Z Get:14 http://azure.archive.ubuntu.com/ubuntu noble-updates/universe amd64 Components [386 kB]
Linux Desktop Tests (3)	UNKNOWN STEP	2026-02-25T19:48:16.3146185Z Get:15 http://azure.archive.ubuntu.com/ubuntu noble-updates/universe amd64 c-n-f Metadata [32.7 kB]
Linux Desktop Tests (3)	UNKNOWN STEP	2026-02-25T19:48:16.3155675Z Get:16 http://azure.archive.ubuntu.com/ubuntu noble-updates/restricted amd64 Packages [2735 kB]
Linux Desktop Tests (3)	UNKNOWN STEP	2026-02-25T19:48:16.3317405Z Get:17 http://azure.archive.ubuntu.com/ubuntu noble-updates/restricted Translation-en [630 kB]
Linux Desktop Tests (3)	UNKNOWN STEP	2026-02-25T19:48:16.3785229Z Get:18 http://azure.archive.ubuntu.com/ubuntu noble-updates/restricted amd64 Components [212 B]
Linux Desktop Tests (3)	UNKNOWN STEP	2026-02-25T19:48:16.3794134Z Get:19 http://azure.archive.ubuntu.com/ubuntu noble-updates/multiverse amd64 Components [940 B]
Linux Desktop Tests (3)	UNKNOWN STEP	2026-02-25T19:48:16.3803257Z Get:20 http://azure.archive.ubuntu.com/ubuntu noble-backports/main amd64 Components [7296 B]
Linux Desktop Tests (3)	UNKNOWN STEP	2026-02-25T19:48:16.3817128Z Get:21 http://azure.archive.ubuntu.com/ubuntu noble-backports/universe amd64 Components [10.5 kB]
Linux Desktop Tests (3)	UNKNOWN STEP	2026-02-25T19:48:16.3826211Z Get:22 http://azure.archive.ubuntu.com/ubuntu noble-backports/restricted amd64 Components [216 B]
Linux Desktop Tests (3)	UNKNOWN STEP	2026-02-25T19:48:16.3835825Z Get:23 http://azure.archive.ubuntu.com/ubuntu noble-backports/multiverse amd64 Components [212 B]
Linux Desktop Tests (3)	UNKNOWN STEP	2026-02-25T19:48:16.4033932Z Get:24 http://azure.archive.ubuntu.com/ubuntu noble-security/main amd64 Packages [1491 kB]
Linux Desktop Tests (3)	UNKNOWN STEP	2026-02-25T19:48:16.4114821Z Get:25 http://azure.archive.ubuntu.com/ubuntu noble-security/main Translation-en [239 kB]
Linux Desktop Tests (3)	UNKNOWN STEP	2026-02-25T19:48:16.4130418Z Get:26 http://azure.archive.ubuntu.com/ubuntu noble-security/main amd64 Components [21.5 kB]
Linux Desktop Tests (3)	UNKNOWN STEP	2026-02-25T19:48:16.4138564Z Get:27 http://azure.archive.ubuntu.com/ubuntu noble-security/main amd64 c-n-f Metadata [9932 B]
Linux Desktop Tests (3)	UNKNOWN STEP	2026-02-25T19:48:16.4146936Z Get:28 http://azure.archive.ubuntu.com/ubuntu noble-security/universe amd64 Packages [936 kB]
Linux Desktop Tests (3)	UNKNOWN STEP	2026-02-25T19:48:16.4198913Z Get:29 http://azure.archive.ubuntu.com/ubuntu noble-security/universe Translation-en [216 kB]
Linux Desktop Tests (3)	UNKNOWN STEP	2026-02-25T19:48:16.4218470Z Get:30 http://azure.archive.ubuntu.com/ubuntu noble-security/universe amd64 Components [74.2 kB]
Linux Desktop Tests (3)	UNKNOWN STEP	2026-02-25T19:48:16.4229630Z Get:31 http://azure.archive.ubuntu.com/ubuntu noble-security/universe amd64 c-n-f Metadata [20.1 kB]
Linux Desktop Tests (3)	UNKNOWN STEP	2026-02-25T19:48:16.4667327Z Get:32 http://azure.archive.ubuntu.com/ubuntu noble-security/restricted amd64 Packages [2557 kB]
Linux Desktop Tests (3)	UNKNOWN STEP	2026-02-25T19:48:16.4794080Z Get:33 http://azure.archive.ubuntu.com/ubuntu noble-security/restricted Translation-en [594 kB]
Linux Desktop Tests (3)	UNKNOWN STEP	2026-02-25T19:48:16.4825448Z Get:34 http://azure.archive.ubuntu.com/ubuntu noble-security/restricted amd64 Components [212 B]
Linux Desktop Tests (3)	UNKNOWN STEP	2026-02-25T19:48:16.4835687Z Get:35 http://azure.archive.ubuntu.com/ubuntu noble-security/multiverse amd64 Components [212 B]
Linux Desktop Tests (3)	UNKNOWN STEP	2026-02-25T19:48:16.5194682Z Get:36 https://packages.microsoft.com/ubuntu/24.04/prod noble/main armhf Packages [11.4 kB]
Linux Desktop Tests (3)	UNKNOWN STEP	2026-02-25T19:48:16.5278586Z Get:37 https://packages.microsoft.com/ubuntu/24.04/prod noble/main amd64 Packages [96.0 kB]
Linux Desktop Tests (3)	UNKNOWN STEP	2026-02-25T19:48:16.5474140Z Get:38 https://packages.microsoft.com/ubuntu/24.04/prod noble/main arm64 Packages [74.9 kB]
Linux Desktop Tests (3)	UNKNOWN STEP	2026-02-25T19:48:22.2854596Z Fetched 14.7 MB in 2s (8642 kB/s)
Linux Desktop Tests (3)	UNKNOWN STEP	2026-02-25T19:48:23.1703831Z Reading package lists...
Linux Desktop Tests (3)	UNKNOWN STEP	2026-02-25T19:48:23.2059415Z Reading package lists...
Linux Desktop Tests (3)	UNKNOWN STEP	2026-02-25T19:48:23.4319542Z Building dependency tree...
Linux Desktop Tests (3)	UNKNOWN STEP	2026-02-25T19:48:23.4327624Z Reading state information...
Linux Desktop Tests (3)	UNKNOWN STEP	2026-02-25T19:48:23.6471791Z pkg-config is already the newest version (1.8.1-2build1).
Linux Desktop Tests (3)	UNKNOWN STEP	2026-02-25T19:48:23.6472942Z libstdc++-12-dev is already the newest version (12.4.0-2ubuntu1~24.04.1).
Linux Desktop Tests (3)	UNKNOWN STEP	2026-02-25T19:48:23.6473778Z libstdc++-12-dev set to manually installed.
Linux Desktop Tests (3)	UNKNOWN STEP	2026-02-25T19:48:23.6474708Z libsqlite3-dev is already the newest version (3.45.1-1ubuntu2.5).
Linux Desktop Tests (3)	UNKNOWN STEP	2026-02-25T19:48:23.6475551Z xvfb is already the newest version (2:21.1.12-1ubuntu1.5).
Linux Desktop Tests (3)	UNKNOWN STEP	2026-02-25T19:48:23.6476385Z The following additional packages will be installed:
Linux Desktop Tests (3)	UNKNOWN STEP	2026-02-25T19:48:23.6477477Z   bzip2-doc cmake-data gir1.2-atk-1.0 gir1.2-atspi-2.0 gir1.2-freedesktop
Linux Desktop Tests (3)	UNKNOWN STEP	2026-02-25T19:48:23.6478699Z   gir1.2-freedesktop-dev gir1.2-gdkpixbuf-2.0 gir1.2-glib-2.0
Linux Desktop Tests (3)	UNKNOWN STEP	2026-02-25T19:48:23.6479940Z   gir1.2-glib-2.0-dev gir1.2-gtk-3.0 gir1.2-harfbuzz-0.0 gir1.2-pango-1.0
Linux Desktop Tests (3)	UNKNOWN STEP	2026-02-25T19:48:23.6481673Z   gir1.2-secret-1 libatk-bridge2.0-dev libatspi2.0-dev libbrotli-dev
Linux Desktop Tests (3)	UNKNOWN STEP	2026-02-25T19:48:23.6482762Z   libbz2-dev libcairo-script-interpreter2 libcairo2-dev libdatrie-dev
Linux Desktop Tests (3)	UNKNOWN STEP	2026-02-25T19:48:23.6484761Z   libdeflate-dev libegl-dev libegl-mesa0 libegl1 libepoxy-dev
Linux Desktop Tests (3)	UNKNOWN STEP	2026-02-25T19:48:23.6485564Z   libfontconfig-dev libfreetype-dev libfribidi-dev libgcrypt20-dev
Linux Desktop Tests (3)	UNKNOWN STEP	2026-02-25T19:48:23.6486452Z   libgdk-pixbuf-2.0-dev libgdk-pixbuf2.0-bin libgirepository-2.0-0 libgl-dev
Linux Desktop Tests (3)	UNKNOWN STEP	2026-02-25T19:48:23.6487389Z   libgles-dev libgles1 libgles2 libglib2.0-0t64 libglib2.0-bin libglib2.0-data
Linux Desktop Tests (3)	UNKNOWN STEP	2026-02-25T19:48:23.6488337Z   libglib2.0-dev libglib2.0-dev-bin libglvnd-core-dev libglvnd-dev libglx-dev
Linux Desktop Tests (3)	UNKNOWN STEP	2026-02-25T19:48:23.6489256Z   libgpg-error-dev libgraphite2-dev libharfbuzz-cairo0 libharfbuzz-dev
Linux Desktop Tests (3)	UNKNOWN STEP	2026-02-25T19:48:23.6490120Z   libharfbuzz-gobject0 libharfbuzz-icu0 libharfbuzz-subset0 libice-dev
Linux Desktop Tests (3)	UNKNOWN STEP	2026-02-25T19:48:23.6491642Z   libjbig-dev libjpeg-dev libjpeg-turbo8-dev libjpeg8-dev libjsoncpp25
Linux Desktop Tests (3)	UNKNOWN STEP	2026-02-25T19:48:23.6492486Z   liblerc-dev libmount-dev libopengl-dev libopengl0 libpango1.0-dev
Linux Desktop Tests (3)	UNKNOWN STEP	2026-02-25T19:48:23.6493340Z   libpangoxft-1.0-0 libpixman-1-dev libpng-dev libpng-tools libpng16-16t64
Linux Desktop Tests (3)	UNKNOWN STEP	2026-02-25T19:48:23.6494176Z   libpthread-stubs0-dev librhash0 libsecret-1-0 libsecret-common
Linux Desktop Tests (3)	UNKNOWN STEP	2026-02-25T19:48:23.6494943Z   libselinux1-dev libsepol-dev libsharpyuv-dev libsm-dev libthai-dev
Linux Desktop Tests (3)	UNKNOWN STEP	2026-02-25T19:48:23.6495784Z   libtiff-dev libtiffxx6 libwayland-bin libwayland-dev libwayland-server0
Linux Desktop Tests (3)	UNKNOWN STEP	2026-02-25T19:48:23.6496760Z   libwebp-dev libwebpdecoder3 libx11-dev libxau-dev libxcb-render0-dev
Linux Desktop Tests (3)	UNKNOWN STEP	2026-02-25T19:48:23.6498093Z   libxcb-shm0-dev libxcb1-dev libxcomposite-dev libxcursor-dev libxdamage-dev
Linux Desktop Tests (3)	UNKNOWN STEP	2026-02-25T19:48:23.6499089Z   libxdmcp-dev libxext-dev libxfixes-dev libxft-dev libxi-dev libxinerama-dev
Linux Desktop Tests (3)	UNKNOWN STEP	2026-02-25T19:48:23.6500008Z   libxkbcommon-dev libxrandr-dev libxrender-dev libxtst-dev pango1.0-tools
Linux Desktop Tests (3)	UNKNOWN STEP	2026-02-25T19:48:23.6501144Z   uuid-dev wayland-protocols x11proto-dev xorg-sgml-doctools xtrans-dev
Linux Desktop Tests (3)	UNKNOWN STEP	2026-02-25T19:48:23.6501844Z Suggested packages:
Linux Desktop Tests (3)	UNKNOWN STEP	2026-02-25T19:48:23.6502375Z   cmake-doc cmake-format elpa-cmake-mode libcairo2-doc libdatrie-doc
Linux Desktop Tests (3)	UNKNOWN STEP	2026-02-25T19:48:23.6503151Z   freetype2-doc libgcrypt20-doc low-memory-monitor libglib2.0-doc
Linux Desktop Tests (3)	UNKNOWN STEP	2026-02-25T19:48:23.6503963Z   libxml2-utils libgraphite2-utils libgtk-3-doc libice-doc liblzma-doc
Linux Desktop Tests (3)	UNKNOWN STEP	2026-02-25T19:48:23.6504815Z   libpango1.0-doc libsm-doc libthai-doc libwayland-doc libx11-doc libxcb-doc
Linux Desktop Tests (3)	UNKNOWN STEP	2026-02-25T19:48:23.6505543Z   libxext-doc graphicsmagick
Linux Desktop Tests (3)	UNKNOWN STEP	2026-02-25T19:48:23.7109185Z The following NEW packages will be installed:
Linux Desktop Tests (3)	UNKNOWN STEP	2026-02-25T19:48:23.7110514Z   bzip2-doc clang cmake cmake-data gir1.2-atk-1.0 gir1.2-atspi-2.0
Linux Desktop Tests (3)	UNKNOWN STEP	2026-02-25T19:48:23.7111903Z   gir1.2-freedesktop gir1.2-freedesktop-dev gir1.2-gdkpixbuf-2.0
Linux Desktop Tests (3)	UNKNOWN STEP	2026-02-25T19:48:23.7113046Z   gir1.2-glib-2.0-dev gir1.2-gtk-3.0 gir1.2-harfbuzz-0.0 gir1.2-pango-1.0
Linux Desktop Tests (3)	UNKNOWN STEP	2026-02-25T19:48:23.7113866Z   gir1.2-secret-1 libatk-bridge2.0-dev libatk1.0-dev libatspi2.0-dev
Linux Desktop Tests (3)	UNKNOWN STEP	2026-02-25T19:48:23.7114774Z   libblkid-dev libbrotli-dev libbz2-dev libcairo-script-interpreter2
Linux Desktop Tests (3)	UNKNOWN STEP	2026-02-25T19:48:23.7115536Z   libcairo2-dev libdatrie-dev libdbus-1-dev libdeflate-dev libegl-dev
Linux Desktop Tests (3)	UNKNOWN STEP	2026-02-25T19:48:23.7116506Z   libegl-mesa0 libegl1 libegl1-mesa-dev libepoxy-dev libfontconfig-dev
Linux Desktop Tests (3)	UNKNOWN STEP	2026-02-25T19:48:23.7117476Z   libfreetype-dev libfribidi-dev libgcrypt20-dev libgdk-pixbuf-2.0-dev
Linux Desktop Tests (3)	UNKNOWN STEP	2026-02-25T19:48:23.7118094Z   libgdk-pixbuf2.0-bin libgirepository-2.0-0 libgl-dev libgl1-mesa-dev
Linux Desktop Tests (3)	UNKNOWN STEP	2026-02-25T19:48:23.7118657Z   libgles-dev libgles1 libgles2 libgles2-mesa-dev libglib2.0-dev
Linux Desktop Tests (3)	UNKNOWN STEP	2026-02-25T19:48:23.7119176Z   libglib2.0-dev-bin libglvnd-core-dev libglvnd-dev libglx-dev
Linux Desktop Tests (3)	UNKNOWN STEP	2026-02-25T19:48:23.7119726Z   libgpg-error-dev libgraphite2-dev libgtk-3-dev libharfbuzz-cairo0
Linux Desktop Tests (3)	UNKNOWN STEP	2026-02-25T19:48:23.7120330Z   libharfbuzz-dev libharfbuzz-gobject0 libharfbuzz-icu0 libharfbuzz-subset0
Linux Desktop Tests (3)	UNKNOWN STEP	2026-02-25T19:48:23.7121370Z   libice-dev libjbig-dev libjpeg-dev libjpeg-turbo8-dev libjpeg8-dev
Linux Desktop Tests (3)	UNKNOWN STEP	2026-02-25T19:48:23.7122283Z   libjsoncpp-dev libjsoncpp25 liblerc-dev liblzma-dev libmount-dev
Linux Desktop Tests (3)	UNKNOWN STEP	2026-02-25T19:48:23.7122928Z   libopengl-dev libopengl0 libpango1.0-dev libpangoxft-1.0-0 libpixman-1-dev
Linux Desktop Tests (3)	UNKNOWN STEP	2026-02-25T19:48:23.7123540Z   libpng-dev libpng-tools libpthread-stubs0-dev librhash0 libsecret-1-0
Linux Desktop Tests (3)	UNKNOWN STEP	2026-02-25T19:48:23.7123997Z   libsecret-1-dev libsecret-common libselinux1-dev libsepol-dev
Linux Desktop Tests (3)	UNKNOWN STEP	2026-02-25T19:48:23.7124489Z   libsharpyuv-dev libsm-dev libthai-dev libtiff-dev libtiffxx6 libwayland-bin
Linux Desktop Tests (3)	UNKNOWN STEP	2026-02-25T19:48:23.7124987Z   libwayland-dev libwayland-server0 libwebp-dev libwebpdecoder3 libx11-dev
Linux Desktop Tests (3)	UNKNOWN STEP	2026-02-25T19:48:23.7125490Z   libxau-dev libxcb-render0-dev libxcb-shm0-dev libxcb1-dev libxcomposite-dev
Linux Desktop Tests (3)	UNKNOWN STEP	2026-02-25T19:48:23.7126156Z   libxcursor-dev libxdamage-dev libxdmcp-dev libxext-dev libxfixes-dev
Linux Desktop Tests (3)	UNKNOWN STEP	2026-02-25T19:48:23.7126925Z   libxft-dev libxi-dev libxinerama-dev libxkbcommon-dev libxrandr-dev
Linux Desktop Tests (3)	UNKNOWN STEP	2026-02-25T19:48:23.7127472Z   libxrender-dev libxtst-dev ninja-build pango1.0-tools uuid-dev
Linux Desktop Tests (3)	UNKNOWN STEP	2026-02-25T19:48:23.7128465Z   wayland-protocols x11proto-dev xorg-sgml-doctools xtrans-dev
Linux Desktop Tests (3)	UNKNOWN STEP	2026-02-25T19:48:23.7129088Z The following packages will be upgraded:
Linux Desktop Tests (3)	UNKNOWN STEP	2026-02-25T19:48:23.7129596Z   gir1.2-glib-2.0 libglib2.0-0t64 libglib2.0-bin libglib2.0-data
Linux Desktop Tests (3)	UNKNOWN STEP	2026-02-25T19:48:23.7133345Z   libpng16-16t64
Linux Desktop Tests (3)	UNKNOWN STEP	2026-02-25T19:48:23.7349925Z 5 upgraded, 115 newly installed, 0 to remove and 27 not upgraded.
Linux Desktop Tests (3)	UNKNOWN STEP	2026-02-25T19:48:23.7350580Z Need to get 30.4 MB of archives.
Linux Desktop Tests (3)	UNKNOWN STEP	2026-02-25T19:48:23.7351121Z After this operation, 139 MB of additional disk space will be used.
Linux Desktop Tests (3)	UNKNOWN STEP	2026-02-25T19:48:23.7351522Z Get:1 file:/etc/apt/apt-mirrors.txt Mirrorlist [144 B]
Linux Desktop Tests (3)	UNKNOWN STEP	2026-02-25T19:48:23.7558961Z Get:2 http://azure.archive.ubuntu.com/ubuntu noble-updates/main amd64 libglib2.0-data all 2.80.0-6ubuntu3.8 [49.6 kB]
Linux Desktop Tests (3)	UNKNOWN STEP	2026-02-25T19:48:23.7607915Z Get:3 http://azure.archive.ubuntu.com/ubuntu noble-updates/main amd64 libglib2.0-bin amd64 2.80.0-6ubuntu3.8 [97.9 kB]
Linux Desktop Tests (3)	UNKNOWN STEP	2026-02-25T19:48:23.7638961Z Get:4 http://azure.archive.ubuntu.com/ubuntu noble-updates/main amd64 gir1.2-glib-2.0 amd64 2.80.0-6ubuntu3.8 [183 kB]
Linux Desktop Tests (3)	UNKNOWN STEP	2026-02-25T19:48:23.7675226Z Get:5 http://azure.archive.ubuntu.com/ubuntu noble-updates/main amd64 libglib2.0-0t64 amd64 2.80.0-6ubuntu3.8 [1545 kB]
Linux Desktop Tests (3)	UNKNOWN STEP	2026-02-25T19:48:23.7839106Z Get:6 http://azure.archive.ubuntu.com/ubuntu noble-updates/main amd64 libpng16-16t64 amd64 1.6.43-5ubuntu0.5 [188 kB]
Linux Desktop Tests (3)	UNKNOWN STEP	2026-02-25T19:48:23.7875033Z Get:7 http://azure.archive.ubuntu.com/ubuntu noble-updates/main amd64 bzip2-doc all 1.0.8-5.1build0.1 [499 kB]
Linux Desktop Tests (3)	UNKNOWN STEP	2026-02-25T19:48:23.7936716Z Get:8 http://azure.archive.ubuntu.com/ubuntu noble/universe amd64 clang amd64 1:18.0-59~exp2 [5846 B]
Linux Desktop Tests (3)	UNKNOWN STEP	2026-02-25T19:48:23.7953313Z Get:9 http://azure.archive.ubuntu.com/ubuntu noble/main amd64 libjsoncpp25 amd64 1.9.5-6build1 [82.8 kB]
Linux Desktop Tests (3)	UNKNOWN STEP	2026-02-25T19:48:23.7978230Z Get:10 http://azure.archive.ubuntu.com/ubuntu noble/main amd64 librhash0 amd64 1.4.3-3build1 [129 kB]
Linux Desktop Tests (3)	UNKNOWN STEP	2026-02-25T19:48:23.8003910Z Get:11 http://azure.archive.ubuntu.com/ubuntu noble/main amd64 cmake-data all 3.28.3-1build7 [2155 kB]
Linux Desktop Tests (3)	UNKNOWN STEP	2026-02-25T19:48:23.8178177Z Get:12 http://azure.archive.ubuntu.com/ubuntu noble/main amd64 cmake amd64 3.28.3-1build7 [11.2 MB]
Linux Desktop Tests (3)	UNKNOWN STEP	2026-02-25T19:48:23.8936009Z Get:13 http://azure.archive.ubuntu.com/ubuntu noble/main amd64 gir1.2-atk-1.0 amd64 2.52.0-1build1 [23.1 kB]
Linux Desktop Tests (3)	UNKNOWN STEP	2026-02-25T19:48:23.8957246Z Get:14 http://azure.archive.ubuntu.com/ubuntu noble/main amd64 gir1.2-freedesktop amd64 1.80.1-1 [49.7 kB]
Linux Desktop Tests (3)	UNKNOWN STEP	2026-02-25T19:48:23.8999941Z Get:15 http://azure.archive.ubuntu.com/ubuntu noble/main amd64 gir1.2-atspi-2.0 amd64 2.52.0-1build1 [19.8 kB]
Linux Desktop Tests (3)	UNKNOWN STEP	2026-02-25T19:48:23.9018934Z Get:16 http://azure.archive.ubuntu.com/ubuntu noble-updates/main amd64 gir1.2-glib-2.0-dev amd64 2.80.0-6ubuntu3.8 [848 kB]
Linux Desktop Tests (3)	UNKNOWN STEP	2026-02-25T19:48:23.9137364Z Get:17 http://azure.archive.ubuntu.com/ubuntu noble/main amd64 gir1.2-freedesktop-dev amd64 1.80.1-1 [28.8 kB]
Linux Desktop Tests (3)	UNKNOWN STEP	2026-02-25T19:48:23.9168138Z Get:18 http://azure.archive.ubuntu.com/ubuntu noble-updates/main amd64 gir1.2-gdkpixbuf-2.0 amd64 2.42.10+dfsg-3ubuntu3.2 [9488 B]
Linux Desktop Tests (3)	UNKNOWN STEP	2026-02-25T19:48:23.9191909Z Get:19 http://azure.archive.ubuntu.com/ubuntu noble/main amd64 libharfbuzz-gobject0 amd64 8.3.0-2build2 [34.3 kB]
Linux Desktop Tests (3)	UNKNOWN STEP	2026-02-25T19:48:23.9644134Z Get:20 http://azure.archive.ubuntu.com/ubuntu noble/main amd64 gir1.2-harfbuzz-0.0 amd64 8.3.0-2build2 [44.5 kB]
Linux Desktop Tests (3)	UNKNOWN STEP	2026-02-25T19:48:23.9667806Z Get:21 http://azure.archive.ubuntu.com/ubuntu noble/main amd64 libpangoxft-1.0-0 amd64 1.52.1+ds-1build1 [20.3 kB]
Linux Desktop Tests (3)	UNKNOWN STEP	2026-02-25T19:48:23.9690354Z Get:22 http://azure.archive.ubuntu.com/ubuntu noble/main amd64 gir1.2-pango-1.0 amd64 1.52.1+ds-1build1 [34.8 kB]
Linux Desktop Tests (3)	UNKNOWN STEP	2026-02-25T19:48:23.9712444Z Get:23 http://azure.archive.ubuntu.com/ubuntu noble-updates/main amd64 gir1.2-gtk-3.0 amd64 3.24.41-4ubuntu1.3 [245 kB]
Linux Desktop Tests (3)	UNKNOWN STEP	2026-02-25T19:48:23.9755343Z Get:24 http://azure.archive.ubuntu.com/ubuntu noble/main amd64 libsecret-common all 0.21.4-1build3 [4962 B]
Linux Desktop Tests (3)	UNKNOWN STEP	2026-02-25T19:48:23.9776375Z Get:25 http://azure.archive.ubuntu.com/ubuntu noble/main amd64 libsecret-1-0 amd64 0.21.4-1build3 [116 kB]
Linux Desktop Tests (3)	UNKNOWN STEP	2026-02-25T19:48:23.9801871Z Get:26 http://azure.archive.ubuntu.com/ubuntu noble/main amd64 gir1.2-secret-1 amd64 0.21.4-1build3 [9424 B]
Linux Desktop Tests (3)	UNKNOWN STEP	2026-02-25T19:48:23.9822825Z Get:27 http://azure.archive.ubuntu.com/ubuntu noble-updates/main amd64 libglib2.0-dev-bin amd64 2.80.0-6ubuntu3.8 [138 kB]
Linux Desktop Tests (3)	UNKNOWN STEP	2026-02-25T19:48:23.9852803Z Get:28 http://azure.archive.ubuntu.com/ubuntu noble-updates/main amd64 uuid-dev amd64 2.39.3-9ubuntu6.4 [33.5 kB]
Linux Desktop Tests (3)	UNKNOWN STEP	2026-02-25T19:48:23.9873418Z Get:29 http://azure.archive.ubuntu.com/ubuntu noble-updates/main amd64 libblkid-dev amd64 2.39.3-9ubuntu6.4 [204 kB]
Linux Desktop Tests (3)	UNKNOWN STEP	2026-02-25T19:48:23.9906277Z Get:30 http://azure.archive.ubuntu.com/ubuntu noble/main amd64 libsepol-dev amd64 3.5-2build1 [384 kB]
Linux Desktop Tests (3)	UNKNOWN STEP	2026-02-25T19:48:23.9956311Z Get:31 http://azure.archive.ubuntu.com/ubuntu noble-updates/main amd64 libselinux1-dev amd64 3.5-2ubuntu2.1 [164 kB]
Linux Desktop Tests (3)	UNKNOWN STEP	2026-02-25T19:48:23.9988863Z Get:32 http://azure.archive.ubuntu.com/ubuntu noble-updates/main amd64 libmount-dev amd64 2.39.3-9ubuntu6.4 [14.9 kB]
Linux Desktop Tests (3)	UNKNOWN STEP	2026-02-25T19:48:24.0006639Z Get:33 http://azure.archive.ubuntu.com/ubuntu noble-updates/main amd64 libgirepository-2.0-0 amd64 2.80.0-6ubuntu3.8 [73.6 kB]
Linux Desktop Tests (3)	UNKNOWN STEP	2026-02-25T19:48:24.0033218Z Get:34 http://azure.archive.ubuntu.com/ubuntu noble-updates/main amd64 libglib2.0-dev amd64 2.80.0-6ubuntu3.8 [1860 kB]
Linux Desktop Tests (3)	UNKNOWN STEP	2026-02-25T19:48:24.0181041Z Get:35 http://azure.archive.ubuntu.com/ubuntu noble/main amd64 libatk1.0-dev amd64 2.52.0-1build1 [100 kB]
Linux Desktop Tests (3)	UNKNOWN STEP	2026-02-25T19:48:24.0209417Z Get:36 http://azure.archive.ubuntu.com/ubuntu noble-updates/main amd64 libdbus-1-dev amd64 1.14.10-4ubuntu4.1 [190 kB]
Linux Desktop Tests (3)	UNKNOWN STEP	2026-02-25T19:48:24.0240224Z Get:37 http://azure.archive.ubuntu.com/ubuntu noble/main amd64 xorg-sgml-doctools all 1:1.11-1.1 [10.9 kB]
Linux Desktop Tests (3)	UNKNOWN STEP	2026-02-25T19:48:24.0263390Z Get:38 http://azure.archive.ubuntu.com/ubuntu noble/main amd64 x11proto-dev all 2023.2-1 [602 kB]
Linux Desktop Tests (3)	UNKNOWN STEP	2026-02-25T19:48:24.0761621Z Get:39 http://azure.archive.ubuntu.com/ubuntu noble/main amd64 libxau-dev amd64 1:1.0.9-1build6 [9570 B]
Linux Desktop Tests (3)	UNKNOWN STEP	2026-02-25T19:48:24.0779316Z Get:40 http://azure.archive.ubuntu.com/ubuntu noble/main amd64 libxdmcp-dev amd64 1:1.1.3-0ubuntu6 [26.5 kB]
Linux Desktop Tests (3)	UNKNOWN STEP	2026-02-25T19:48:24.0822186Z Get:41 http://azure.archive.ubuntu.com/ubuntu noble/main amd64 xtrans-dev all 1.4.0-1 [68.9 kB]
Linux Desktop Tests (3)	UNKNOWN STEP	2026-02-25T19:48:24.0866461Z Get:42 http://azure.archive.ubuntu.com/ubuntu noble/main amd64 libpthread-stubs0-dev amd64 0.4-1build3 [4746 B]
Linux Desktop Tests (3)	UNKNOWN STEP	2026-02-25T19:48:24.0914798Z Get:43 http://azure.archive.ubuntu.com/ubuntu noble/main amd64 libxcb1-dev amd64 1.15-1ubuntu2 [85.8 kB]
Linux Desktop Tests (3)	UNKNOWN STEP	2026-02-25T19:48:24.0962731Z Get:44 http://azure.archive.ubuntu.com/ubuntu noble/main amd64 libx11-dev amd64 2:1.8.7-1build1 [732 kB]
Linux Desktop Tests (3)	UNKNOWN STEP	2026-02-25T19:48:24.1047171Z Get:45 http://azure.archive.ubuntu.com/ubuntu noble/main amd64 libxext-dev amd64 2:1.3.4-1build2 [83.5 kB]
Linux Desktop Tests (3)	UNKNOWN STEP	2026-02-25T19:48:24.1069075Z Get:46 http://azure.archive.ubuntu.com/ubuntu noble/main amd64 libxfixes-dev amd64 1:6.0.0-2build1 [12.1 kB]
Linux Desktop Tests (3)	UNKNOWN STEP	2026-02-25T19:48:24.1093013Z Get:47 http://azure.archive.ubuntu.com/ubuntu noble/main amd64 libxi-dev amd64 2:1.8.1-1build1 [194 kB]
Linux Desktop Tests (3)	UNKNOWN STEP	2026-02-25T19:48:24.1122814Z Get:48 http://azure.archive.ubuntu.com/ubuntu noble/main amd64 libxtst-dev amd64 2:1.2.3-1.1build1 [15.9 kB]
Linux Desktop Tests (3)	UNKNOWN STEP	2026-02-25T19:48:24.1140035Z Get:49 http://azure.archive.ubuntu.com/ubuntu noble/main amd64 libatspi2.0-dev amd64 2.52.0-1build1 [76.2 kB]
Linux Desktop Tests (3)	UNKNOWN STEP	2026-02-25T19:48:24.1165543Z Get:50 http://azure.archive.ubuntu.com/ubuntu noble/main amd64 libatk-bridge2.0-dev amd64 2.52.0-1build1 [4284 B]
Linux Desktop Tests (3)	UNKNOWN STEP	2026-02-25T19:48:24.1193644Z Get:51 http://azure.archive.ubuntu.com/ubuntu noble/main amd64 libbrotli-dev amd64 1.1.0-2build2 [353 kB]
Linux Desktop Tests (3)	UNKNOWN STEP	2026-02-25T19:48:24.1235398Z Get:52 http://azure.archive.ubuntu.com/ubuntu noble-updates/main amd64 libbz2-dev amd64 1.0.8-5.1build0.1 [33.6 kB]
Linux Desktop Tests (3)	UNKNOWN STEP	2026-02-25T19:48:24.1261297Z Get:53 http://azure.archive.ubuntu.com/ubuntu noble/main amd64 libcairo-script-interpreter2 amd64 1.18.0-3build1 [60.3 kB]
Linux Desktop Tests (3)	UNKNOWN STEP	2026-02-25T19:48:24.1298855Z Get:54 http://azure.archive.ubuntu.com/ubuntu noble-updates/main amd64 libpng-dev amd64 1.6.43-5ubuntu0.5 [265 kB]
Linux Desktop Tests (3)	UNKNOWN STEP	2026-02-25T19:48:24.1345849Z Get:55 http://azure.archive.ubuntu.com/ubuntu noble/main amd64 libfreetype-dev amd64 2.13.2+dfsg-1build3 [575 kB]
Linux Desktop Tests (3)	UNKNOWN STEP	2026-02-25T19:48:24.1417585Z Get:56 http://azure.archive.ubuntu.com/ubuntu noble/main amd64 libfontconfig-dev amd64 2.15.0-1.1ubuntu2 [161 kB]
Linux Desktop Tests (3)	UNKNOWN STEP	2026-02-25T19:48:24.1455000Z Get:57 http://azure.archive.ubuntu.com/ubuntu noble/main amd64 libpixman-1-dev amd64 0.42.2-1build1 [296 kB]
Linux Desktop Tests (3)	UNKNOWN STEP	2026-02-25T19:48:24.1924360Z Get:58 http://azure.archive.ubuntu.com/ubuntu noble/main amd64 libice-dev amd64 2:1.0.10-1build3 [51.0 kB]
Linux Desktop Tests (3)	UNKNOWN STEP	2026-02-25T19:48:24.1952672Z Get:59 http://azure.archive.ubuntu.com/ubuntu noble/main amd64 libsm-dev amd64 2:1.2.3-1build3 [17.8 kB]
Linux Desktop Tests (3)	UNKNOWN STEP	2026-02-25T19:48:24.1974849Z Get:60 http://azure.archive.ubuntu.com/ubuntu noble/main amd64 libxcb-render0-dev amd64 1.15-1ubuntu2 [19.6 kB]
Linux Desktop Tests (3)	UNKNOWN STEP	2026-02-25T19:48:24.1997055Z Get:61 http://azure.archive.ubuntu.com/ubuntu noble/main amd64 libxcb-shm0-dev amd64 1.15-1ubuntu2 [8246 B]
Linux Desktop Tests (3)	UNKNOWN STEP	2026-02-25T19:48:24.2016121Z Get:62 http://azure.archive.ubuntu.com/ubuntu noble/main amd64 libxrender-dev amd64 1:0.9.10-1.1build1 [26.3 kB]
Linux Desktop Tests (3)	UNKNOWN STEP	2026-02-25T19:48:24.2041395Z Get:63 http://azure.archive.ubuntu.com/ubuntu noble/main amd64 libcairo2-dev amd64 1.18.0-3build1 [41.1 kB]
Linux Desktop Tests (3)	UNKNOWN STEP	2026-02-25T19:48:24.2065477Z Get:64 http://azure.archive.ubuntu.com/ubuntu noble/main amd64 libdatrie-dev amd64 0.2.13-3build1 [19.4 kB]
Linux Desktop Tests (3)	UNKNOWN STEP	2026-02-25T19:48:24.2088863Z Get:65 http://azure.archive.ubuntu.com/ubuntu noble-updates/main amd64 libdeflate-dev amd64 1.19-1build1.1 [50.9 kB]
Linux Desktop Tests (3)	UNKNOWN STEP	2026-02-25T19:48:24.2119657Z Get:66 http://azure.archive.ubuntu.com/ubuntu noble-updates/main amd64 libegl-mesa0 amd64 25.2.8-0ubuntu0.24.04.1 [117 kB]
Linux Desktop Tests (3)	UNKNOWN STEP	2026-02-25T19:48:24.2149212Z Get:67 http://azure.archive.ubuntu.com/ubuntu noble/main amd64 libegl1 amd64 1.7.0-1build1 [28.7 kB]
Linux Desktop Tests (3)	UNKNOWN STEP	2026-02-25T19:48:24.2170004Z Get:68 http://azure.archive.ubuntu.com/ubuntu noble/main amd64 libglx-dev amd64 1.7.0-1build1 [14.2 kB]
Linux Desktop Tests (3)	UNKNOWN STEP	2026-02-25T19:48:24.2198038Z Get:69 http://azure.archive.ubuntu.com/ubuntu noble/main amd64 libgl-dev amd64 1.7.0-1build1 [102 kB]
Linux Desktop Tests (3)	UNKNOWN STEP	2026-02-25T19:48:24.2225683Z Get:70 http://azure.archive.ubuntu.com/ubuntu noble/main amd64 libegl-dev amd64 1.7.0-1build1 [18.2 kB]
Linux Desktop Tests (3)	UNKNOWN STEP	2026-02-25T19:48:24.2330005Z Get:71 http://azure.archive.ubuntu.com/ubuntu noble/main amd64 libglvnd-core-dev amd64 1.7.0-1build1 [13.6 kB]
Linux Desktop Tests (3)	UNKNOWN STEP	2026-02-25T19:48:24.2351780Z Get:72 http://azure.archive.ubuntu.com/ubuntu noble/main amd64 libgles1 amd64 1.7.0-1build1 [11.6 kB]
Linux Desktop Tests (3)	UNKNOWN STEP	2026-02-25T19:48:24.2370369Z Get:73 http://azure.archive.ubuntu.com/ubuntu noble/main amd64 libgles2 amd64 1.7.0-1build1 [17.1 kB]
Linux Desktop Tests (3)	UNKNOWN STEP	2026-02-25T19:48:24.2394028Z Get:74 http://azure.archive.ubuntu.com/ubuntu noble/main amd64 libgles-dev amd64 1.7.0-1build1 [50.5 kB]
Linux Desktop Tests (3)	UNKNOWN STEP	2026-02-25T19:48:24.2420831Z Get:75 http://azure.archive.ubuntu.com/ubuntu noble/main amd64 libopengl0 amd64 1.7.0-1build1 [32.8 kB]
Linux Desktop Tests (3)	UNKNOWN STEP	2026-02-25T19:48:24.2881297Z Get:76 http://azure.archive.ubuntu.com/ubuntu noble/main amd64 libopengl-dev amd64 1.7.0-1build1 [3454 B]
Linux Desktop Tests (3)	UNKNOWN STEP	2026-02-25T19:48:24.2914660Z Get:77 http://azure.archive.ubuntu.com/ubuntu noble/main amd64 libglvnd-dev amd64 1.7.0-1build1 [3198 B]
Linux Desktop Tests (3)	UNKNOWN STEP	2026-02-25T19:48:24.2937184Z Get:78 http://azure.archive.ubuntu.com/ubuntu noble-updates/main amd64 libegl1-mesa-dev amd64 25.2.8-0ubuntu0.24.04.1 [26.4 kB]
Linux Desktop Tests (3)	UNKNOWN STEP	2026-02-25T19:48:24.2962898Z Get:79 http://azure.archive.ubuntu.com/ubuntu noble/main amd64 libepoxy-dev amd64 1.5.10-1build1 [132 kB]
Linux Desktop Tests (3)	UNKNOWN STEP	2026-02-25T19:48:24.2995150Z Get:80 http://azure.archive.ubuntu.com/ubuntu noble/main amd64 libfribidi-dev amd64 1.0.13-3build1 [64.8 kB]
Linux Desktop Tests (3)	UNKNOWN STEP	2026-02-25T19:48:24.3022549Z Get:81 http://azure.archive.ubuntu.com/ubuntu noble-updates/main amd64 libgpg-error-dev amd64 1.47-3build2.1 [128 kB]
Linux Desktop Tests (3)	UNKNOWN STEP	2026-02-25T19:48:24.3067099Z Get:82 http://azure.archive.ubuntu.com/ubuntu noble/main amd64 libgcrypt20-dev amd64 1.10.3-2build1 [592 kB]
Linux Desktop Tests (3)	UNKNOWN STEP	2026-02-25T19:48:24.3142136Z Get:83 http://azure.archive.ubuntu.com/ubuntu noble-updates/main amd64 libgdk-pixbuf2.0-bin amd64 2.42.10+dfsg-3ubuntu3.2 [13.9 kB]
Linux Desktop Tests (3)	UNKNOWN STEP	2026-02-25T19:48:24.3161295Z Get:84 http://azure.archive.ubuntu.com/ubuntu noble/main amd64 libjpeg-turbo8-dev amd64 2.1.5-2ubuntu2 [295 kB]
Linux Desktop Tests (3)	UNKNOWN STEP	2026-02-25T19:48:24.3234180Z Get:85 http://azure.archive.ubuntu.com/ubuntu noble/main amd64 libjpeg8-dev amd64 8c-2ubuntu11 [1484 B]
Linux Desktop Tests (3)	UNKNOWN STEP	2026-02-25T19:48:24.3252465Z Get:86 http://azure.archive.ubuntu.com/ubuntu noble/main amd64 libjpeg-dev amd64 8c-2ubuntu11 [1482 B]
Linux Desktop Tests (3)	UNKNOWN STEP	2026-02-25T19:48:24.3283676Z Get:87 http://azure.archive.ubuntu.com/ubuntu noble/main amd64 libjbig-dev amd64 2.1-6.1ubuntu2 [27.9 kB]
Linux Desktop Tests (3)	UNKNOWN STEP	2026-02-25T19:48:24.3313347Z Get:88 http://azure.archive.ubuntu.com/ubuntu noble-updates/main amd64 liblzma-dev amd64 5.6.1+really5.4.5-1ubuntu0.2 [176 kB]
Linux Desktop Tests (3)	UNKNOWN STEP	2026-02-25T19:48:24.3368799Z Get:89 http://azure.archive.ubuntu.com/ubuntu noble/main amd64 libwebpdecoder3 amd64 1.3.2-0.4build3 [114 kB]
Linux Desktop Tests (3)	UNKNOWN STEP	2026-02-25T19:48:24.3410326Z Get:90 http://azure.archive.ubuntu.com/ubuntu noble/main amd64 libsharpyuv-dev amd64 1.3.2-0.4build3 [16.0 kB]
Linux Desktop Tests (3)	UNKNOWN STEP	2026-02-25T19:48:24.3435782Z Get:91 http://azure.archive.ubuntu.com/ubuntu noble/main amd64 libwebp-dev amd64 1.3.2-0.4build3 [367 kB]
Linux Desktop Tests (3)	UNKNOWN STEP	2026-02-25T19:48:24.3503247Z Get:92 http://azure.archive.ubuntu.com/ubuntu noble-updates/main amd64 libtiffxx6 amd64 4.5.1+git230720-4ubuntu2.4 [5648 B]
Linux Desktop Tests (3)	UNKNOWN STEP	2026-02-25T19:48:24.3523993Z Get:93 http://azure.archive.ubuntu.com/ubuntu noble/main amd64 liblerc-dev amd64 4.0.0+ds-4ubuntu2 [182 kB]
Linux Desktop Tests (3)	UNKNOWN STEP	2026-02-25T19:48:24.3557757Z Get:94 http://azure.archive.ubuntu.com/ubuntu noble-updates/main amd64 libtiff-dev amd64 4.5.1+git230720-4ubuntu2.4 [338 kB]
Linux Desktop Tests (3)	UNKNOWN STEP	2026-02-25T19:48:24.4038813Z Get:95 http://azure.archive.ubuntu.com/ubuntu noble-updates/main amd64 libgdk-pixbuf-2.0-dev amd64 2.42.10+dfsg-3ubuntu3.2 [48.0 kB]
Linux Desktop Tests (3)	UNKNOWN STEP	2026-02-25T19:48:24.4059829Z Get:96 http://azure.archive.ubuntu.com/ubuntu noble-updates/main amd64 libgles2-mesa-dev amd64 25.2.8-0ubuntu0.24.04.1 [22.5 kB]
Linux Desktop Tests (3)	UNKNOWN STEP	2026-02-25T19:48:24.4078572Z Get:97 http://azure.archive.ubuntu.com/ubuntu noble/main amd64 libgraphite2-dev amd64 1.3.14-2build1 [14.7 kB]
Linux Desktop Tests (3)	UNKNOWN STEP	2026-02-25T19:48:24.4097178Z Get:98 http://azure.archive.ubuntu.com/ubuntu noble/main amd64 libharfbuzz-icu0 amd64 8.3.0-2build2 [13.3 kB]
Linux Desktop Tests (3)	UNKNOWN STEP	2026-02-25T19:48:24.4115823Z Get:99 http://azure.archive.ubuntu.com/ubuntu noble/main amd64 libharfbuzz-subset0 amd64 8.3.0-2build2 [448 kB]
Linux Desktop Tests (3)	UNKNOWN STEP	2026-02-25T19:48:24.4180116Z Get:100 http://azure.archive.ubuntu.com/ubuntu noble/main amd64 libharfbuzz-cairo0 amd64 8.3.0-2build2 [26.2 kB]
Linux Desktop Tests (3)	UNKNOWN STEP	2026-02-25T19:48:24.4199835Z Get:101 http://azure.archive.ubuntu.com/ubuntu noble/main amd64 libharfbuzz-dev amd64 8.3.0-2build2 [142 kB]
Linux Desktop Tests (3)	UNKNOWN STEP	2026-02-25T19:48:24.4233660Z Get:102 http://azure.archive.ubuntu.com/ubuntu noble/main amd64 libthai-dev amd64 0.1.29-2build1 [26.6 kB]
Linux Desktop Tests (3)	UNKNOWN STEP	2026-02-25T19:48:24.4277395Z Get:103 http://azure.archive.ubuntu.com/ubuntu noble/main amd64 libxft-dev amd64 2.3.6-1build1 [64.3 kB]
Linux Desktop Tests (3)	UNKNOWN STEP	2026-02-25T19:48:24.4335334Z Get:104 http://azure.archive.ubuntu.com/ubuntu noble/main amd64 pango1.0-tools amd64 1.52.1+ds-1build1 [36.7 kB]
Linux Desktop Tests (3)	UNKNOWN STEP	2026-02-25T19:48:24.4360973Z Get:105 http://azure.archive.ubuntu.com/ubuntu noble/main amd64 libpango1.0-dev amd64 1.52.1+ds-1build1 [147 kB]
Linux Desktop Tests (3)	UNKNOWN STEP	2026-02-25T19:48:24.4403515Z Get:106 http://azure.archive.ubuntu.com/ubuntu noble/main amd64 libwayland-server0 amd64 1.22.0-2.1build1 [33.9 kB]
Linux Desktop Tests (3)	UNKNOWN STEP	2026-02-25T19:48:24.4430554Z Get:107 http://azure.archive.ubuntu.com/ubuntu noble/main amd64 libwayland-bin amd64 1.22.0-2.1build1 [20.6 kB]
Linux Desktop Tests (3)	UNKNOWN STEP	2026-02-25T19:48:24.4499263Z Get:108 http://azure.archive.ubuntu.com/ubuntu noble/main amd64 libwayland-dev amd64 1.22.0-2.1build1 [71.3 kB]
Linux Desktop Tests (3)	UNKNOWN STEP	2026-02-25T19:48:24.4529801Z Get:109 http://azure.archive.ubuntu.com/ubuntu noble/main amd64 libxcomposite-dev amd64 1:0.4.5-1build3 [9374 B]
Linux Desktop Tests (3)	UNKNOWN STEP	2026-02-25T19:48:24.4554879Z Get:110 http://azure.archive.ubuntu.com/ubuntu noble/main amd64 libxcursor-dev amd64 1:1.2.1-1build1 [31.8 kB]
Linux Desktop Tests (3)	UNKNOWN STEP	2026-02-25T19:48:24.4583011Z Get:111 http://azure.archive.ubuntu.com/ubuntu noble/main amd64 libxdamage-dev amd64 1:1.1.6-1build1 [5270 B]
Linux Desktop Tests (3)	UNKNOWN STEP	2026-02-25T19:48:24.4605438Z Get:112 http://azure.archive.ubuntu.com/ubuntu noble/main amd64 libxinerama-dev amd64 2:1.1.4-3build1 [7988 B]
Linux Desktop Tests (3)	UNKNOWN STEP	2026-02-25T19:48:24.4625883Z Get:113 http://azure.archive.ubuntu.com/ubuntu noble/main amd64 libxkbcommon-dev amd64 1.6.0-1build1 [56.3 kB]
Linux Desktop Tests (3)	UNKNOWN STEP	2026-02-25T19:48:24.4655467Z Get:114 http://azure.archive.ubuntu.com/ubuntu noble/main amd64 libxrandr-dev amd64 2:1.5.2-2build1 [26.4 kB]
Linux Desktop Tests (3)	UNKNOWN STEP	2026-02-25T19:48:24.4680548Z Get:115 http://azure.archive.ubuntu.com/ubuntu noble-updates/main amd64 wayland-protocols all 1.45-1~ubuntu0.24.04.1 [114 kB]
Linux Desktop Tests (3)	UNKNOWN STEP	2026-02-25T19:48:24.4715656Z Get:116 http://azure.archive.ubuntu.com/ubuntu noble-updates/main amd64 libgtk-3-dev amd64 3.24.41-4ubuntu1.3 [1096 kB]
Linux Desktop Tests (3)	UNKNOWN STEP	2026-02-25T19:48:24.4900054Z Get:117 http://azure.archive.ubuntu.com/ubuntu noble-updates/main amd64 libpng-tools amd64 1.6.43-5ubuntu0.5 [28.5 kB]
Linux Desktop Tests (3)	UNKNOWN STEP	2026-02-25T19:48:24.4928017Z Get:118 http://azure.archive.ubuntu.com/ubuntu noble/universe amd64 libsecret-1-dev amd64 0.21.4-1build3 [129 kB]
Linux Desktop Tests (3)	UNKNOWN STEP	2026-02-25T19:48:24.4996589Z Get:119 http://azure.archive.ubuntu.com/ubuntu noble/universe amd64 ninja-build amd64 1.11.1-2 [129 kB]
Linux Desktop Tests (3)	UNKNOWN STEP	2026-02-25T19:48:24.5069544Z Get:120 http://azure.archive.ubuntu.com/ubuntu noble-updates/main amd64 libgl1-mesa-dev amd64 25.2.8-0ubuntu0.24.04.1 [22.5 kB]
Linux Desktop Tests (3)	UNKNOWN STEP	2026-02-25T19:48:24.5561051Z Get:121 http://azure.archive.ubuntu.com/ubuntu noble/main amd64 libjsoncpp-dev amd64 1.9.5-6build1 [23.0 kB]
Linux Desktop Tests (3)	UNKNOWN STEP	2026-02-25T19:48:24.9558321Z Fetched 30.4 MB in 1s (36.4 MB/s)
Linux Desktop Tests (3)	UNKNOWN STEP	2026-02-25T19:48:25.0178755Z (Reading database ... 
Linux Desktop Tests (3)	UNKNOWN STEP	2026-02-25T19:48:25.0179106Z (Reading database ... 5%
Linux Desktop Tests (3)	UNKNOWN STEP	2026-02-25T19:48:25.0179379Z (Reading database ... 10%
Linux Desktop Tests (3)	UNKNOWN STEP	2026-02-25T19:48:25.0179631Z (Reading database ... 15%
Linux Desktop Tests (3)	UNKNOWN STEP	2026-02-25T19:48:25.0179930Z (Reading database ... 20%
Linux Desktop Tests (3)	UNKNOWN STEP	2026-02-25T19:48:25.0180179Z (Reading database ... 25%
Linux Desktop Tests (3)	UNKNOWN STEP	2026-02-25T19:48:25.0180421Z (Reading database ... 30%
Linux Desktop Tests (3)	UNKNOWN STEP	2026-02-25T19:48:25.0180948Z (Reading database ... 35%
Linux Desktop Tests (3)	UNKNOWN STEP	2026-02-25T19:48:25.0181251Z (Reading database ... 40%
Linux Desktop Tests (3)	UNKNOWN STEP	2026-02-25T19:48:25.0181502Z (Reading database ... 45%
Linux Desktop Tests (3)	UNKNOWN STEP	2026-02-25T19:48:25.0181780Z (Reading database ... 50%
Linux Desktop Tests (3)	UNKNOWN STEP	2026-02-25T19:48:25.0301976Z (Reading database ... 55%
Linux Desktop Tests (3)	UNKNOWN STEP	2026-02-25T19:48:25.0858282Z (Reading database ... 60%
Linux Desktop Tests (3)	UNKNOWN STEP	2026-02-25T19:48:25.1332056Z (Reading database ... 65%
Linux Desktop Tests (3)	UNKNOWN STEP	2026-02-25T19:48:25.1723790Z (Reading database ... 70%
Linux Desktop Tests (3)	UNKNOWN STEP	2026-02-25T19:48:25.2079681Z (Reading database ... 75%
Linux Desktop Tests (3)	UNKNOWN STEP	2026-02-25T19:48:25.3449256Z (Reading database ... 80%
Linux Desktop Tests (3)	UNKNOWN STEP	2026-02-25T19:48:25.5246433Z (Reading database ... 85%
Linux Desktop Tests (3)	UNKNOWN STEP	2026-02-25T19:48:25.6746934Z (Reading database ... 90%
Linux Desktop Tests (3)	UNKNOWN STEP	2026-02-25T19:48:25.8021441Z (Reading database ... 95%
Linux Desktop Tests (3)	UNKNOWN STEP	2026-02-25T19:48:25.8021980Z (Reading database ... 100%
Linux Desktop Tests (3)	UNKNOWN STEP	2026-02-25T19:48:25.8022613Z (Reading database ... 218749 files and directories currently installed.)
Linux Desktop Tests (3)	UNKNOWN STEP	2026-02-25T19:48:25.8068655Z Preparing to unpack .../000-libglib2.0-data_2.80.0-6ubuntu3.8_all.deb ...
Linux Desktop Tests (3)	UNKNOWN STEP	2026-02-25T19:48:25.8112360Z Unpacking libglib2.0-data (2.80.0-6ubuntu3.8) over (2.80.0-6ubuntu3.7) ...
Linux Desktop Tests (3)	UNKNOWN STEP	2026-02-25T19:48:25.8529877Z Preparing to unpack .../001-libglib2.0-bin_2.80.0-6ubuntu3.8_amd64.deb ...
Linux Desktop Tests (3)	UNKNOWN STEP	2026-02-25T19:48:25.8577122Z Unpacking libglib2.0-bin (2.80.0-6ubuntu3.8) over (2.80.0-6ubuntu3.7) ...
Linux Desktop Tests (3)	UNKNOWN STEP	2026-02-25T19:48:25.9147978Z Preparing to unpack .../002-gir1.2-glib-2.0_2.80.0-6ubuntu3.8_amd64.deb ...
Linux Desktop Tests (3)	UNKNOWN STEP	2026-02-25T19:48:25.9178291Z Unpacking gir1.2-glib-2.0:amd64 (2.80.0-6ubuntu3.8) over (2.80.0-6ubuntu3.7) ...
Linux Desktop Tests (3)	UNKNOWN STEP	2026-02-25T19:48:25.9665725Z Preparing to unpack .../003-libglib2.0-0t64_2.80.0-6ubuntu3.8_amd64.deb ...
Linux Desktop Tests (3)	UNKNOWN STEP	2026-02-25T19:48:25.9754224Z Unpacking libglib2.0-0t64:amd64 (2.80.0-6ubuntu3.8) over (2.80.0-6ubuntu3.7) ...
Linux Desktop Tests (3)	UNKNOWN STEP	2026-02-25T19:48:26.0447634Z Preparing to unpack .../004-libpng16-16t64_1.6.43-5ubuntu0.5_amd64.deb ...
Linux Desktop Tests (3)	UNKNOWN STEP	2026-02-25T19:48:26.0527641Z Unpacking libpng16-16t64:amd64 (1.6.43-5ubuntu0.5) over (1.6.43-5ubuntu0.3) ...
Linux Desktop Tests (3)	UNKNOWN STEP	2026-02-25T19:48:26.0902994Z Selecting previously unselected package bzip2-doc.
Linux Desktop Tests (3)	UNKNOWN STEP	2026-02-25T19:48:26.1074227Z Preparing to unpack .../005-bzip2-doc_1.0.8-5.1build0.1_all.deb ...
Linux Desktop Tests (3)	UNKNOWN STEP	2026-02-25T19:48:26.1086846Z Unpacking bzip2-doc (1.0.8-5.1build0.1) ...
Linux Desktop Tests (3)	UNKNOWN STEP	2026-02-25T19:48:26.1393204Z Selecting previously unselected package clang.
Linux Desktop Tests (3)	UNKNOWN STEP	2026-02-25T19:48:26.1559376Z Preparing to unpack .../006-clang_1%3a18.0-59~exp2_amd64.deb ...
Linux Desktop Tests (3)	UNKNOWN STEP	2026-02-25T19:48:26.1571419Z Unpacking clang (1:18.0-59~exp2) ...
Linux Desktop Tests (3)	UNKNOWN STEP	2026-02-25T19:48:26.1820105Z Selecting previously unselected package libjsoncpp25:amd64.
Linux Desktop Tests (3)	UNKNOWN STEP	2026-02-25T19:48:26.1985880Z Preparing to unpack .../007-libjsoncpp25_1.9.5-6build1_amd64.deb ...
Linux Desktop Tests (3)	UNKNOWN STEP	2026-02-25T19:48:26.1996462Z Unpacking libjsoncpp25:amd64 (1.9.5-6build1) ...
Linux Desktop Tests (3)	UNKNOWN STEP	2026-02-25T19:48:26.2252534Z Selecting previously unselected package librhash0:amd64.
Linux Desktop Tests (3)	UNKNOWN STEP	2026-02-25T19:48:26.2421543Z Preparing to unpack .../008-librhash0_1.4.3-3build1_amd64.deb ...
Linux Desktop Tests (3)	UNKNOWN STEP	2026-02-25T19:48:26.2433247Z Unpacking librhash0:amd64 (1.4.3-3build1) ...
Linux Desktop Tests (3)	UNKNOWN STEP	2026-02-25T19:48:26.2691835Z Selecting previously unselected package cmake-data.
Linux Desktop Tests (3)	UNKNOWN STEP	2026-02-25T19:48:26.2857150Z Preparing to unpack .../009-cmake-data_3.28.3-1build7_all.deb ...
Linux Desktop Tests (3)	UNKNOWN STEP	2026-02-25T19:48:26.2933095Z Unpacking cmake-data (3.28.3-1build7) ...
Linux Desktop Tests (3)	UNKNOWN STEP	2026-02-25T19:48:26.8553298Z Selecting previously unselected package cmake.
Linux Desktop Tests (3)	UNKNOWN STEP	2026-02-25T19:48:26.8740146Z Preparing to unpack .../010-cmake_3.28.3-1build7_amd64.deb ...
Linux Desktop Tests (3)	UNKNOWN STEP	2026-02-25T19:48:26.8750880Z Unpacking cmake (3.28.3-1build7) ...
Linux Desktop Tests (3)	UNKNOWN STEP	2026-02-25T19:48:27.0546129Z Selecting previously unselected package gir1.2-atk-1.0:amd64.
Linux Desktop Tests (3)	UNKNOWN STEP	2026-02-25T19:48:27.0718204Z Preparing to unpack .../011-gir1.2-atk-1.0_2.52.0-1build1_amd64.deb ...
Linux Desktop Tests (3)	UNKNOWN STEP	2026-02-25T19:48:27.0730135Z Unpacking gir1.2-atk-1.0:amd64 (2.52.0-1build1) ...
Linux Desktop Tests (3)	UNKNOWN STEP	2026-02-25T19:48:27.0964530Z Selecting previously unselected package gir1.2-freedesktop:amd64.
Linux Desktop Tests (3)	UNKNOWN STEP	2026-02-25T19:48:27.1133965Z Preparing to unpack .../012-gir1.2-freedesktop_1.80.1-1_amd64.deb ...
Linux Desktop Tests (3)	UNKNOWN STEP	2026-02-25T19:48:27.1184330Z Unpacking gir1.2-freedesktop:amd64 (1.80.1-1) ...
Linux Desktop Tests (3)	UNKNOWN STEP	2026-02-25T19:48:27.1434501Z Selecting previously unselected package gir1.2-atspi-2.0:amd64.
Linux Desktop Tests (3)	UNKNOWN STEP	2026-02-25T19:48:27.1606154Z Preparing to unpack .../013-gir1.2-atspi-2.0_2.52.0-1build1_amd64.deb ...
Linux Desktop Tests (3)	UNKNOWN STEP	2026-02-25T19:48:27.1616685Z Unpacking gir1.2-atspi-2.0:amd64 (2.52.0-1build1) ...
Linux Desktop Tests (3)	UNKNOWN STEP	2026-02-25T19:48:27.1841338Z Selecting previously unselected package gir1.2-glib-2.0-dev:amd64.
Linux Desktop Tests (3)	UNKNOWN STEP	2026-02-25T19:48:27.2013742Z Preparing to unpack .../014-gir1.2-glib-2.0-dev_2.80.0-6ubuntu3.8_amd64.deb ...
Linux Desktop Tests (3)	UNKNOWN STEP	2026-02-25T19:48:27.2028320Z Unpacking gir1.2-glib-2.0-dev:amd64 (2.80.0-6ubuntu3.8) ...
Linux Desktop Tests (3)	UNKNOWN STEP	2026-02-25T19:48:27.2611632Z Selecting previously unselected package gir1.2-freedesktop-dev:amd64.
Linux Desktop Tests (3)	UNKNOWN STEP	2026-02-25T19:48:27.2782471Z Preparing to unpack .../015-gir1.2-freedesktop-dev_1.80.1-1_amd64.deb ...
Linux Desktop Tests (3)	UNKNOWN STEP	2026-02-25T19:48:27.2792541Z Unpacking gir1.2-freedesktop-dev:amd64 (1.80.1-1) ...
Linux Desktop Tests (3)	UNKNOWN STEP	2026-02-25T19:48:27.3037316Z Selecting previously unselected package gir1.2-gdkpixbuf-2.0:amd64.
Linux Desktop Tests (3)	UNKNOWN STEP	2026-02-25T19:48:27.3207517Z Preparing to unpack .../016-gir1.2-gdkpixbuf-2.0_2.42.10+dfsg-3ubuntu3.2_amd64.deb ...
Linux Desktop Tests (3)	UNKNOWN STEP	2026-02-25T19:48:27.3225240Z Unpacking gir1.2-gdkpixbuf-2.0:amd64 (2.42.10+dfsg-3ubuntu3.2) ...
Linux Desktop Tests (3)	UNKNOWN STEP	2026-02-25T19:48:27.3460485Z Selecting previously unselected package libharfbuzz-gobject0:amd64.
Linux Desktop Tests (3)	UNKNOWN STEP	2026-02-25T19:48:27.3632322Z Preparing to unpack .../017-libharfbuzz-gobject0_8.3.0-2build2_amd64.deb ...
Linux Desktop Tests (3)	UNKNOWN STEP	2026-02-25T19:48:27.3644074Z Unpacking libharfbuzz-gobject0:amd64 (8.3.0-2build2) ...
Linux Desktop Tests (3)	UNKNOWN STEP	2026-02-25T19:48:27.3885917Z Selecting previously unselected package gir1.2-harfbuzz-0.0:amd64.
Linux Desktop Tests (3)	UNKNOWN STEP	2026-02-25T19:48:27.4058124Z Preparing to unpack .../018-gir1.2-harfbuzz-0.0_8.3.0-2build2_amd64.deb ...
Linux Desktop Tests (3)	UNKNOWN STEP	2026-02-25T19:48:27.4070909Z Unpacking gir1.2-harfbuzz-0.0:amd64 (8.3.0-2build2) ...
Linux Desktop Tests (3)	UNKNOWN STEP	2026-02-25T19:48:27.4317989Z Selecting previously unselected package libpangoxft-1.0-0:amd64.
Linux Desktop Tests (3)	UNKNOWN STEP	2026-02-25T19:48:27.4487893Z Preparing to unpack .../019-libpangoxft-1.0-0_1.52.1+ds-1build1_amd64.deb ...
Linux Desktop Tests (3)	UNKNOWN STEP	2026-02-25T19:48:27.4530150Z Unpacking libpangoxft-1.0-0:amd64 (1.52.1+ds-1build1) ...
Linux Desktop Tests (3)	UNKNOWN STEP	2026-02-25T19:48:27.4764062Z Selecting previously unselected package gir1.2-pango-1.0:amd64.
Linux Desktop Tests (3)	UNKNOWN STEP	2026-02-25T19:48:27.4935038Z Preparing to unpack .../020-gir1.2-pango-1.0_1.52.1+ds-1build1_amd64.deb ...
Linux Desktop Tests (3)	UNKNOWN STEP	2026-02-25T19:48:27.4945671Z Unpacking gir1.2-pango-1.0:amd64 (1.52.1+ds-1build1) ...
Linux Desktop Tests (3)	UNKNOWN STEP	2026-02-25T19:48:27.5181472Z Selecting previously unselected package gir1.2-gtk-3.0:amd64.
Linux Desktop Tests (3)	UNKNOWN STEP	2026-02-25T19:48:27.5351883Z Preparing to unpack .../021-gir1.2-gtk-3.0_3.24.41-4ubuntu1.3_amd64.deb ...
Linux Desktop Tests (3)	UNKNOWN STEP	2026-02-25T19:48:27.5364356Z Unpacking gir1.2-gtk-3.0:amd64 (3.24.41-4ubuntu1.3) ...
Linux Desktop Tests (3)	UNKNOWN STEP	2026-02-25T19:48:27.5642805Z Selecting previously unselected package libsecret-common.
Linux Desktop Tests (3)	UNKNOWN STEP	2026-02-25T19:48:27.5815354Z Preparing to unpack .../022-libsecret-common_0.21.4-1build3_all.deb ...
Linux Desktop Tests (3)	UNKNOWN STEP	2026-02-25T19:48:27.5827826Z Unpacking libsecret-common (0.21.4-1build3) ...
Linux Desktop Tests (3)	UNKNOWN STEP	2026-02-25T19:48:27.6077539Z Selecting previously unselected package libsecret-1-0:amd64.
Linux Desktop Tests (3)	UNKNOWN STEP	2026-02-25T19:48:27.6248234Z Preparing to unpack .../023-libsecret-1-0_0.21.4-1build3_amd64.deb ...
Linux Desktop Tests (3)	UNKNOWN STEP	2026-02-25T19:48:27.6275105Z Unpacking libsecret-1-0:amd64 (0.21.4-1build3) ...
Linux Desktop Tests (3)	UNKNOWN STEP	2026-02-25T19:48:27.6532736Z Selecting previously unselected package gir1.2-secret-1:amd64.
Linux Desktop Tests (3)	UNKNOWN STEP	2026-02-25T19:48:27.6702905Z Preparing to unpack .../024-gir1.2-secret-1_0.21.4-1build3_amd64.deb ...
Linux Desktop Tests (3)	UNKNOWN STEP	2026-02-25T19:48:27.6714182Z Unpacking gir1.2-secret-1:amd64 (0.21.4-1build3) ...
Linux Desktop Tests (3)	UNKNOWN STEP	2026-02-25T19:48:27.6955864Z Selecting previously unselected package libglib2.0-dev-bin.
Linux Desktop Tests (3)	UNKNOWN STEP	2026-02-25T19:48:27.7125727Z Preparing to unpack .../025-libglib2.0-dev-bin_2.80.0-6ubuntu3.8_amd64.deb ...
Linux Desktop Tests (3)	UNKNOWN STEP	2026-02-25T19:48:27.7135043Z Unpacking libglib2.0-dev-bin (2.80.0-6ubuntu3.8) ...
Linux Desktop Tests (3)	UNKNOWN STEP	2026-02-25T19:48:27.7853469Z Selecting previously unselected package uuid-dev:amd64.
Linux Desktop Tests (3)	UNKNOWN STEP	2026-02-25T19:48:27.8023342Z Preparing to unpack .../026-uuid-dev_2.39.3-9ubuntu6.4_amd64.deb ...
Linux Desktop Tests (3)	UNKNOWN STEP	2026-02-25T19:48:27.8035574Z Unpacking uuid-dev:amd64 (2.39.3-9ubuntu6.4) ...
Linux Desktop Tests (3)	UNKNOWN STEP	2026-02-25T19:48:27.8443963Z Selecting previously unselected package libblkid-dev:amd64.
Linux Desktop Tests (3)	UNKNOWN STEP	2026-02-25T19:48:27.8615079Z Preparing to unpack .../027-libblkid-dev_2.39.3-9ubuntu6.4_amd64.deb ...
Linux Desktop Tests (3)	UNKNOWN STEP	2026-02-25T19:48:27.8625571Z Unpacking libblkid-dev:amd64 (2.39.3-9ubuntu6.4) ...
Linux Desktop Tests (3)	UNKNOWN STEP	2026-02-25T19:48:27.8898388Z Selecting previously unselected package libsepol-dev:amd64.
Linux Desktop Tests (3)	UNKNOWN STEP	2026-02-25T19:48:27.9072387Z Preparing to unpack .../028-libsepol-dev_3.5-2build1_amd64.deb ...
Linux Desktop Tests (3)	UNKNOWN STEP	2026-02-25T19:48:27.9085400Z Unpacking libsepol-dev:amd64 (3.5-2build1) ...
Linux Desktop Tests (3)	UNKNOWN STEP	2026-02-25T19:48:27.9461349Z Selecting previously unselected package libselinux1-dev:amd64.
Linux Desktop Tests (3)	UNKNOWN STEP	2026-02-25T19:48:27.9636647Z Preparing to unpack .../029-libselinux1-dev_3.5-2ubuntu2.1_amd64.deb ...
Linux Desktop Tests (3)	UNKNOWN STEP	2026-02-25T19:48:27.9647560Z Unpacking libselinux1-dev:amd64 (3.5-2ubuntu2.1) ...
Linux Desktop Tests (3)	UNKNOWN STEP	2026-02-25T19:48:28.0144389Z Selecting previously unselected package libmount-dev:amd64.
Linux Desktop Tests (3)	UNKNOWN STEP	2026-02-25T19:48:28.0317184Z Preparing to unpack .../030-libmount-dev_2.39.3-9ubuntu6.4_amd64.deb ...
Linux Desktop Tests (3)	UNKNOWN STEP	2026-02-25T19:48:28.0327548Z Unpacking libmount-dev:amd64 (2.39.3-9ubuntu6.4) ...
Linux Desktop Tests (3)	UNKNOWN STEP	2026-02-25T19:48:28.0577249Z Selecting previously unselected package libgirepository-2.0-0:amd64.
Linux Desktop Tests (3)	UNKNOWN STEP	2026-02-25T19:48:28.0752324Z Preparing to unpack .../031-libgirepository-2.0-0_2.80.0-6ubuntu3.8_amd64.deb ...
Linux Desktop Tests (3)	UNKNOWN STEP	2026-02-25T19:48:28.0768316Z Unpacking libgirepository-2.0-0:amd64 (2.80.0-6ubuntu3.8) ...
Linux Desktop Tests (3)	UNKNOWN STEP	2026-02-25T19:48:28.1022779Z Selecting previously unselected package libglib2.0-dev:amd64.
Linux Desktop Tests (3)	UNKNOWN STEP	2026-02-25T19:48:28.1193997Z Preparing to unpack .../032-libglib2.0-dev_2.80.0-6ubuntu3.8_amd64.deb ...
Linux Desktop Tests (3)	UNKNOWN STEP	2026-02-25T19:48:28.1203534Z Unpacking libglib2.0-dev:amd64 (2.80.0-6ubuntu3.8) ...
Linux Desktop Tests (3)	UNKNOWN STEP	2026-02-25T19:48:28.2338403Z Selecting previously unselected package libatk1.0-dev:amd64.
Linux Desktop Tests (3)	UNKNOWN STEP	2026-02-25T19:48:28.2512139Z Preparing to unpack .../033-libatk1.0-dev_2.52.0-1build1_amd64.deb ...
Linux Desktop Tests (3)	UNKNOWN STEP	2026-02-25T19:48:28.2522939Z Unpacking libatk1.0-dev:amd64 (2.52.0-1build1) ...
Linux Desktop Tests (3)	UNKNOWN STEP	2026-02-25T19:48:28.2874024Z Selecting previously unselected package libdbus-1-dev:amd64.
Linux Desktop Tests (3)	UNKNOWN STEP	2026-02-25T19:48:28.3045568Z Preparing to unpack .../034-libdbus-1-dev_1.14.10-4ubuntu4.1_amd64.deb ...
Linux Desktop Tests (3)	UNKNOWN STEP	2026-02-25T19:48:28.3061207Z Unpacking libdbus-1-dev:amd64 (1.14.10-4ubuntu4.1) ...
Linux Desktop Tests (3)	UNKNOWN STEP	2026-02-25T19:48:28.3391510Z Selecting previously unselected package xorg-sgml-doctools.
Linux Desktop Tests (3)	UNKNOWN STEP	2026-02-25T19:48:28.3564175Z Preparing to unpack .../035-xorg-sgml-doctools_1%3a1.11-1.1_all.deb ...
Linux Desktop Tests (3)	UNKNOWN STEP	2026-02-25T19:48:28.3575421Z Unpacking xorg-sgml-doctools (1:1.11-1.1) ...
Linux Desktop Tests (3)	UNKNOWN STEP	2026-02-25T19:48:28.3886061Z Selecting previously unselected package x11proto-dev.
Linux Desktop Tests (3)	UNKNOWN STEP	2026-02-25T19:48:28.4057256Z Preparing to unpack .../036-x11proto-dev_2023.2-1_all.deb ...
Linux Desktop Tests (3)	UNKNOWN STEP	2026-02-25T19:48:28.4066948Z Unpacking x11proto-dev (2023.2-1) ...
Linux Desktop Tests (3)	UNKNOWN STEP	2026-02-25T19:48:28.4628481Z Selecting previously unselected package libxau-dev:amd64.
Linux Desktop Tests (3)	UNKNOWN STEP	2026-02-25T19:48:28.4800526Z Preparing to unpack .../037-libxau-dev_1%3a1.0.9-1build6_amd64.deb ...
Linux Desktop Tests (3)	UNKNOWN STEP	2026-02-25T19:48:28.4812899Z Unpacking libxau-dev:amd64 (1:1.0.9-1build6) ...
Linux Desktop Tests (3)	UNKNOWN STEP	2026-02-25T19:48:28.5058578Z Selecting previously unselected package libxdmcp-dev:amd64.
Linux Desktop Tests (3)	UNKNOWN STEP	2026-02-25T19:48:28.5230220Z Preparing to unpack .../038-libxdmcp-dev_1%3a1.1.3-0ubuntu6_amd64.deb ...
Linux Desktop Tests (3)	UNKNOWN STEP	2026-02-25T19:48:28.5265034Z Unpacking libxdmcp-dev:amd64 (1:1.1.3-0ubuntu6) ...
Linux Desktop Tests (3)	UNKNOWN STEP	2026-02-25T19:48:28.5498010Z Selecting previously unselected package xtrans-dev.
Linux Desktop Tests (3)	UNKNOWN STEP	2026-02-25T19:48:28.5703382Z Preparing to unpack .../039-xtrans-dev_1.4.0-1_all.deb ...
Linux Desktop Tests (3)	UNKNOWN STEP	2026-02-25T19:48:28.5742339Z Unpacking xtrans-dev (1.4.0-1) ...
Linux Desktop Tests (3)	UNKNOWN STEP	2026-02-25T19:48:28.6024638Z Selecting previously unselected package libpthread-stubs0-dev:amd64.
Linux Desktop Tests (3)	UNKNOWN STEP	2026-02-25T19:48:28.6195444Z Preparing to unpack .../040-libpthread-stubs0-dev_0.4-1build3_amd64.deb ...
Linux Desktop Tests (3)	UNKNOWN STEP	2026-02-25T19:48:28.6213193Z Unpacking libpthread-stubs0-dev:amd64 (0.4-1build3) ...
Linux Desktop Tests (3)	UNKNOWN STEP	2026-02-25T19:48:28.6443089Z Selecting previously unselected package libxcb1-dev:amd64.
Linux Desktop Tests (3)	UNKNOWN STEP	2026-02-25T19:48:28.6613977Z Preparing to unpack .../041-libxcb1-dev_1.15-1ubuntu2_amd64.deb ...
Linux Desktop Tests (3)	UNKNOWN STEP	2026-02-25T19:48:28.6624170Z Unpacking libxcb1-dev:amd64 (1.15-1ubuntu2) ...
Linux Desktop Tests (3)	UNKNOWN STEP	2026-02-25T19:48:28.6890501Z Selecting previously unselected package libx11-dev:amd64.
Linux Desktop Tests (3)	UNKNOWN STEP	2026-02-25T19:48:28.7061915Z Preparing to unpack .../042-libx11-dev_2%3a1.8.7-1build1_amd64.deb ...
Linux Desktop Tests (3)	UNKNOWN STEP	2026-02-25T19:48:28.7074032Z Unpacking libx11-dev:amd64 (2:1.8.7-1build1) ...
Linux Desktop Tests (3)	UNKNOWN STEP	2026-02-25T19:48:28.7432188Z Selecting previously unselected package libxext-dev:amd64.
Linux Desktop Tests (3)	UNKNOWN STEP	2026-02-25T19:48:28.7601625Z Preparing to unpack .../043-libxext-dev_2%3a1.3.4-1build2_amd64.deb ...
Linux Desktop Tests (3)	UNKNOWN STEP	2026-02-25T19:48:28.7613326Z Unpacking libxext-dev:amd64 (2:1.3.4-1build2) ...
Linux Desktop Tests (3)	UNKNOWN STEP	2026-02-25T19:48:28.7950431Z Selecting previously unselected package libxfixes-dev:amd64.
Linux Desktop Tests (3)	UNKNOWN STEP	2026-02-25T19:48:28.8120557Z Preparing to unpack .../044-libxfixes-dev_1%3a6.0.0-2build1_amd64.deb ...
Linux Desktop Tests (3)	UNKNOWN STEP	2026-02-25T19:48:28.8131199Z Unpacking libxfixes-dev:amd64 (1:6.0.0-2build1) ...
Linux Desktop Tests (3)	UNKNOWN STEP	2026-02-25T19:48:28.8367302Z Selecting previously unselected package libxi-dev:amd64.
Linux Desktop Tests (3)	UNKNOWN STEP	2026-02-25T19:48:28.8537786Z Preparing to unpack .../045-libxi-dev_2%3a1.8.1-1build1_amd64.deb ...
Linux Desktop Tests (3)	UNKNOWN STEP	2026-02-25T19:48:28.8548697Z Unpacking libxi-dev:amd64 (2:1.8.1-1build1) ...
Linux Desktop Tests (3)	UNKNOWN STEP	2026-02-25T19:48:28.8909758Z Selecting previously unselected package libxtst-dev:amd64.
Linux Desktop Tests (3)	UNKNOWN STEP	2026-02-25T19:48:28.9083880Z Preparing to unpack .../046-libxtst-dev_2%3a1.2.3-1.1build1_amd64.deb ...
Linux Desktop Tests (3)	UNKNOWN STEP	2026-02-25T19:48:28.9095640Z Unpacking libxtst-dev:amd64 (2:1.2.3-1.1build1) ...
Linux Desktop Tests (3)	UNKNOWN STEP	2026-02-25T19:48:28.9361960Z Selecting previously unselected package libatspi2.0-dev:amd64.
Linux Desktop Tests (3)	UNKNOWN STEP	2026-02-25T19:48:28.9532929Z Preparing to unpack .../047-libatspi2.0-dev_2.52.0-1build1_amd64.deb ...
Linux Desktop Tests (3)	UNKNOWN STEP	2026-02-25T19:48:28.9546182Z Unpacking libatspi2.0-dev:amd64 (2.52.0-1build1) ...
Linux Desktop Tests (3)	UNKNOWN STEP	2026-02-25T19:48:28.9858859Z Selecting previously unselected package libatk-bridge2.0-dev:amd64.
Linux Desktop Tests (3)	UNKNOWN STEP	2026-02-25T19:48:29.0029157Z Preparing to unpack .../048-libatk-bridge2.0-dev_2.52.0-1build1_amd64.deb ...
Linux Desktop Tests (3)	UNKNOWN STEP	2026-02-25T19:48:29.0040514Z Unpacking libatk-bridge2.0-dev:amd64 (2.52.0-1build1) ...
Linux Desktop Tests (3)	UNKNOWN STEP	2026-02-25T19:48:29.0265922Z Selecting previously unselected package libbrotli-dev:amd64.
Linux Desktop Tests (3)	UNKNOWN STEP	2026-02-25T19:48:29.0436468Z Preparing to unpack .../049-libbrotli-dev_1.1.0-2build2_amd64.deb ...
Linux Desktop Tests (3)	UNKNOWN STEP	2026-02-25T19:48:29.0444848Z Unpacking libbrotli-dev:amd64 (1.1.0-2build2) ...
Linux Desktop Tests (3)	UNKNOWN STEP	2026-02-25T19:48:29.0727182Z Selecting previously unselected package libbz2-dev:amd64.
Linux Desktop Tests (3)	UNKNOWN STEP	2026-02-25T19:48:29.0899526Z Preparing to unpack .../050-libbz2-dev_1.0.8-5.1build0.1_amd64.deb ...
Linux Desktop Tests (3)	UNKNOWN STEP	2026-02-25T19:48:29.0908765Z Unpacking libbz2-dev:amd64 (1.0.8-5.1build0.1) ...
Linux Desktop Tests (3)	UNKNOWN STEP	2026-02-25T19:48:29.1153119Z Selecting previously unselected package libcairo-script-interpreter2:amd64.
Linux Desktop Tests (3)	UNKNOWN STEP	2026-02-25T19:48:29.1325785Z Preparing to unpack .../051-libcairo-script-interpreter2_1.18.0-3build1_amd64.deb ...
Linux Desktop Tests (3)	UNKNOWN STEP	2026-02-25T19:48:29.1336771Z Unpacking libcairo-script-interpreter2:amd64 (1.18.0-3build1) ...
Linux Desktop Tests (3)	UNKNOWN STEP	2026-02-25T19:48:29.1572920Z Selecting previously unselected package libpng-dev:amd64.
Linux Desktop Tests (3)	UNKNOWN STEP	2026-02-25T19:48:29.1743964Z Preparing to unpack .../052-libpng-dev_1.6.43-5ubuntu0.5_amd64.deb ...
Linux Desktop Tests (3)	UNKNOWN STEP	2026-02-25T19:48:29.1753764Z Unpacking libpng-dev:amd64 (1.6.43-5ubuntu0.5) ...
Linux Desktop Tests (3)	UNKNOWN STEP	2026-02-25T19:48:29.2198810Z Selecting previously unselected package libfreetype-dev:amd64.
Linux Desktop Tests (3)	UNKNOWN STEP	2026-02-25T19:48:29.2375011Z Preparing to unpack .../053-libfreetype-dev_2.13.2+dfsg-1build3_amd64.deb ...
Linux Desktop Tests (3)	UNKNOWN STEP	2026-02-25T19:48:29.2386528Z Unpacking libfreetype-dev:amd64 (2.13.2+dfsg-1build3) ...
Linux Desktop Tests (3)	UNKNOWN STEP	2026-02-25T19:48:29.2761937Z Selecting previously unselected package libfontconfig-dev:amd64.
Linux Desktop Tests (3)	UNKNOWN STEP	2026-02-25T19:48:29.2933085Z Preparing to unpack .../054-libfontconfig-dev_2.15.0-1.1ubuntu2_amd64.deb ...
Linux Desktop Tests (3)	UNKNOWN STEP	2026-02-25T19:48:29.2941377Z Unpacking libfontconfig-dev:amd64 (2.15.0-1.1ubuntu2) ...
Linux Desktop Tests (3)	UNKNOWN STEP	2026-02-25T19:48:29.3196918Z Selecting previously unselected package libpixman-1-dev:amd64.
Linux Desktop Tests (3)	UNKNOWN STEP	2026-02-25T19:48:29.3365428Z Preparing to unpack .../055-libpixman-1-dev_0.42.2-1build1_amd64.deb ...
Linux Desktop Tests (3)	UNKNOWN STEP	2026-02-25T19:48:29.3376380Z Unpacking libpixman-1-dev:amd64 (0.42.2-1build1) ...
Linux Desktop Tests (3)	UNKNOWN STEP	2026-02-25T19:48:29.3646771Z Selecting previously unselected package libice-dev:amd64.
Linux Desktop Tests (3)	UNKNOWN STEP	2026-02-25T19:48:29.3820316Z Preparing to unpack .../056-libice-dev_2%3a1.0.10-1build3_amd64.deb ...
Linux Desktop Tests (3)	UNKNOWN STEP	2026-02-25T19:48:29.3829733Z Unpacking libice-dev:amd64 (2:1.0.10-1build3) ...
Linux Desktop Tests (3)	UNKNOWN STEP	2026-02-25T19:48:29.4068751Z Selecting previously unselected package libsm-dev:amd64.
Linux Desktop Tests (3)	UNKNOWN STEP	2026-02-25T19:48:29.4242697Z Preparing to unpack .../057-libsm-dev_2%3a1.2.3-1build3_amd64.deb ...
Linux Desktop Tests (3)	UNKNOWN STEP	2026-02-25T19:48:29.4251030Z Unpacking libsm-dev:amd64 (2:1.2.3-1build3) ...
Linux Desktop Tests (3)	UNKNOWN STEP	2026-02-25T19:48:29.4536074Z Selecting previously unselected package libxcb-render0-dev:amd64.
Linux Desktop Tests (3)	UNKNOWN STEP	2026-02-25T19:48:29.4709528Z Preparing to unpack .../058-libxcb-render0-dev_1.15-1ubuntu2_amd64.deb ...
Linux Desktop Tests (3)	UNKNOWN STEP	2026-02-25T19:48:29.4719289Z Unpacking libxcb-render0-dev:amd64 (1.15-1ubuntu2) ...
Linux Desktop Tests (3)	UNKNOWN STEP	2026-02-25T19:48:29.4958256Z Selecting previously unselected package libxcb-shm0-dev:amd64.
Linux Desktop Tests (3)	UNKNOWN STEP	2026-02-25T19:48:29.5132400Z Preparing to unpack .../059-libxcb-shm0-dev_1.15-1ubuntu2_amd64.deb ...
Linux Desktop Tests (3)	UNKNOWN STEP	2026-02-25T19:48:29.5141348Z Unpacking libxcb-shm0-dev:amd64 (1.15-1ubuntu2) ...
Linux Desktop Tests (3)	UNKNOWN STEP	2026-02-25T19:48:29.5364802Z Selecting previously unselected package libxrender-dev:amd64.
Linux Desktop Tests (3)	UNKNOWN STEP	2026-02-25T19:48:29.5534932Z Preparing to unpack .../060-libxrender-dev_1%3a0.9.10-1.1build1_amd64.deb ...
Linux Desktop Tests (3)	UNKNOWN STEP	2026-02-25T19:48:29.5543687Z Unpacking libxrender-dev:amd64 (1:0.9.10-1.1build1) ...
Linux Desktop Tests (3)	UNKNOWN STEP	2026-02-25T19:48:29.5774365Z Selecting previously unselected package libcairo2-dev:amd64.
Linux Desktop Tests (3)	UNKNOWN STEP	2026-02-25T19:48:29.5945899Z Preparing to unpack .../061-libcairo2-dev_1.18.0-3build1_amd64.deb ...
Linux Desktop Tests (3)	UNKNOWN STEP	2026-02-25T19:48:29.5954546Z Unpacking libcairo2-dev:amd64 (1.18.0-3build1) ...
Linux Desktop Tests (3)	UNKNOWN STEP	2026-02-25T19:48:29.6268673Z Selecting previously unselected package libdatrie-dev:amd64.
Linux Desktop Tests (3)	UNKNOWN STEP	2026-02-25T19:48:29.6443968Z Preparing to unpack .../062-libdatrie-dev_0.2.13-3build1_amd64.deb ...
Linux Desktop Tests (3)	UNKNOWN STEP	2026-02-25T19:48:29.6453565Z Unpacking libdatrie-dev:amd64 (0.2.13-3build1) ...
Linux Desktop Tests (3)	UNKNOWN STEP	2026-02-25T19:48:29.6683528Z Selecting previously unselected package libdeflate-dev:amd64.
Linux Desktop Tests (3)	UNKNOWN STEP	2026-02-25T19:48:29.6855414Z Preparing to unpack .../063-libdeflate-dev_1.19-1build1.1_amd64.deb ...
Linux Desktop Tests (3)	UNKNOWN STEP	2026-02-25T19:48:29.6870999Z Unpacking libdeflate-dev:amd64 (1.19-1build1.1) ...
Linux Desktop Tests (3)	UNKNOWN STEP	2026-02-25T19:48:29.7135661Z Selecting previously unselected package libegl-mesa0:amd64.
Linux Desktop Tests (3)	UNKNOWN STEP	2026-02-25T19:48:29.7307561Z Preparing to unpack .../064-libegl-mesa0_25.2.8-0ubuntu0.24.04.1_amd64.deb ...
Linux Desktop Tests (3)	UNKNOWN STEP	2026-02-25T19:48:29.7318448Z Unpacking libegl-mesa0:amd64 (25.2.8-0ubuntu0.24.04.1) ...
Linux Desktop Tests (3)	UNKNOWN STEP	2026-02-25T19:48:29.7612575Z Selecting previously unselected package libegl1:amd64.
Linux Desktop Tests (3)	UNKNOWN STEP	2026-02-25T19:48:29.7785791Z Preparing to unpack .../065-libegl1_1.7.0-1build1_amd64.deb ...
Linux Desktop Tests (3)	UNKNOWN STEP	2026-02-25T19:48:29.7799223Z Unpacking libegl1:amd64 (1.7.0-1build1) ...
Linux Desktop Tests (3)	UNKNOWN STEP	2026-02-25T19:48:29.8036117Z Selecting previously unselected package libglx-dev:amd64.
Linux Desktop Tests (3)	UNKNOWN STEP	2026-02-25T19:48:29.8212956Z Preparing to unpack .../066-libglx-dev_1.7.0-1build1_amd64.deb ...
Linux Desktop Tests (3)	UNKNOWN STEP	2026-02-25T19:48:29.8222042Z Unpacking libglx-dev:amd64 (1.7.0-1build1) ...
Linux Desktop Tests (3)	UNKNOWN STEP	2026-02-25T19:48:29.8469431Z Selecting previously unselected package libgl-dev:amd64.
Linux Desktop Tests (3)	UNKNOWN STEP	2026-02-25T19:48:29.8646191Z Preparing to unpack .../067-libgl-dev_1.7.0-1build1_amd64.deb ...
Linux Desktop Tests (3)	UNKNOWN STEP	2026-02-25T19:48:29.8657743Z Unpacking libgl-dev:amd64 (1.7.0-1build1) ...
Linux Desktop Tests (3)	UNKNOWN STEP	2026-02-25T19:48:29.8975739Z Selecting previously unselected package libegl-dev:amd64.
Linux Desktop Tests (3)	UNKNOWN STEP	2026-02-25T19:48:29.9151892Z Preparing to unpack .../068-libegl-dev_1.7.0-1build1_amd64.deb ...
Linux Desktop Tests (3)	UNKNOWN STEP	2026-02-25T19:48:29.9161409Z Unpacking libegl-dev:amd64 (1.7.0-1build1) ...
Linux Desktop Tests (3)	UNKNOWN STEP	2026-02-25T19:48:29.9397367Z Selecting previously unselected package libglvnd-core-dev:amd64.
Linux Desktop Tests (3)	UNKNOWN STEP	2026-02-25T19:48:29.9575842Z Preparing to unpack .../069-libglvnd-core-dev_1.7.0-1build1_amd64.deb ...
Linux Desktop Tests (3)	UNKNOWN STEP	2026-02-25T19:48:29.9586781Z Unpacking libglvnd-core-dev:amd64 (1.7.0-1build1) ...
Linux Desktop Tests (3)	UNKNOWN STEP	2026-02-25T19:48:29.9836300Z Selecting previously unselected package libgles1:amd64.
Linux Desktop Tests (3)	UNKNOWN STEP	2026-02-25T19:48:30.0013106Z Preparing to unpack .../070-libgles1_1.7.0-1build1_amd64.deb ...
Linux Desktop Tests (3)	UNKNOWN STEP	2026-02-25T19:48:30.0023236Z Unpacking libgles1:amd64 (1.7.0-1build1) ...
Linux Desktop Tests (3)	UNKNOWN STEP	2026-02-25T19:48:30.0266591Z Selecting previously unselected package libgles2:amd64.
Linux Desktop Tests (3)	UNKNOWN STEP	2026-02-25T19:48:30.0443852Z Preparing to unpack .../071-libgles2_1.7.0-1build1_amd64.deb ...
Linux Desktop Tests (3)	UNKNOWN STEP	2026-02-25T19:48:30.0453462Z Unpacking libgles2:amd64 (1.7.0-1build1) ...
Linux Desktop Tests (3)	UNKNOWN STEP	2026-02-25T19:48:30.0717316Z Selecting previously unselected package libgles-dev:amd64.
Linux Desktop Tests (3)	UNKNOWN STEP	2026-02-25T19:48:30.0892240Z Preparing to unpack .../072-libgles-dev_1.7.0-1build1_amd64.deb ...
Linux Desktop Tests (3)	UNKNOWN STEP	2026-02-25T19:48:30.0909134Z Unpacking libgles-dev:amd64 (1.7.0-1build1) ...
Linux Desktop Tests (3)	UNKNOWN STEP	2026-02-25T19:48:30.1242748Z Selecting previously unselected package libopengl0:amd64.
Linux Desktop Tests (3)	UNKNOWN STEP	2026-02-25T19:48:30.1414443Z Preparing to unpack .../073-libopengl0_1.7.0-1build1_amd64.deb ...
Linux Desktop Tests (3)	UNKNOWN STEP	2026-02-25T19:48:30.1423122Z Unpacking libopengl0:amd64 (1.7.0-1build1) ...
Linux Desktop Tests (3)	UNKNOWN STEP	2026-02-25T19:48:30.1666834Z Selecting previously unselected package libopengl-dev:amd64.
Linux Desktop Tests (3)	UNKNOWN STEP	2026-02-25T19:48:30.1842553Z Preparing to unpack .../074-libopengl-dev_1.7.0-1build1_amd64.deb ...
Linux Desktop Tests (3)	UNKNOWN STEP	2026-02-25T19:48:30.1851202Z Unpacking libopengl-dev:amd64 (1.7.0-1build1) ...
Linux Desktop Tests (3)	UNKNOWN STEP	2026-02-25T19:48:30.2075042Z Selecting previously unselected package libglvnd-dev:amd64.
Linux Desktop Tests (3)	UNKNOWN STEP	2026-02-25T19:48:30.2255410Z Preparing to unpack .../075-libglvnd-dev_1.7.0-1build1_amd64.deb ...
Linux Desktop Tests (3)	UNKNOWN STEP	2026-02-25T19:48:30.2265915Z Unpacking libglvnd-dev:amd64 (1.7.0-1build1) ...
Linux Desktop Tests (3)	UNKNOWN STEP	2026-02-25T19:48:30.2512955Z Selecting previously unselected package libegl1-mesa-dev:amd64.
Linux Desktop Tests (3)	UNKNOWN STEP	2026-02-25T19:48:30.2686056Z Preparing to unpack .../076-libegl1-mesa-dev_25.2.8-0ubuntu0.24.04.1_amd64.deb ...
Linux Desktop Tests (3)	UNKNOWN STEP	2026-02-25T19:48:30.2810915Z Unpacking libegl1-mesa-dev:amd64 (25.2.8-0ubuntu0.24.04.1) ...
Linux Desktop Tests (3)	UNKNOWN STEP	2026-02-25T19:48:30.3051226Z Selecting previously unselected package libepoxy-dev:amd64.
Linux Desktop Tests (3)	UNKNOWN STEP	2026-02-25T19:48:30.3224571Z Preparing to unpack .../077-libepoxy-dev_1.5.10-1build1_amd64.deb ...
Linux Desktop Tests (3)	UNKNOWN STEP	2026-02-25T19:48:30.3234995Z Unpacking libepoxy-dev:amd64 (1.5.10-1build1) ...
Linux Desktop Tests (3)	UNKNOWN STEP	2026-02-25T19:48:30.3521815Z Selecting previously unselected package libfribidi-dev:amd64.
Linux Desktop Tests (3)	UNKNOWN STEP	2026-02-25T19:48:30.3694995Z Preparing to unpack .../078-libfribidi-dev_1.0.13-3build1_amd64.deb ...
Linux Desktop Tests (3)	UNKNOWN STEP	2026-02-25T19:48:30.3703074Z Unpacking libfribidi-dev:amd64 (1.0.13-3build1) ...
Linux Desktop Tests (3)	UNKNOWN STEP	2026-02-25T19:48:30.4014420Z Selecting previously unselected package libgpg-error-dev.
Linux Desktop Tests (3)	UNKNOWN STEP	2026-02-25T19:48:30.4189496Z Preparing to unpack .../079-libgpg-error-dev_1.47-3build2.1_amd64.deb ...
Linux Desktop Tests (3)	UNKNOWN STEP	2026-02-25T19:48:30.4197927Z Unpacking libgpg-error-dev (1.47-3build2.1) ...
Linux Desktop Tests (3)	UNKNOWN STEP	2026-02-25T19:48:30.4516134Z Selecting previously unselected package libgcrypt20-dev.
Linux Desktop Tests (3)	UNKNOWN STEP	2026-02-25T19:48:30.4691633Z Preparing to unpack .../080-libgcrypt20-dev_1.10.3-2build1_amd64.deb ...
Linux Desktop Tests (3)	UNKNOWN STEP	2026-02-25T19:48:30.4702351Z Unpacking libgcrypt20-dev (1.10.3-2build1) ...
Linux Desktop Tests (3)	UNKNOWN STEP	2026-02-25T19:48:30.5144530Z Selecting previously unselected package libgdk-pixbuf2.0-bin.
Linux Desktop Tests (3)	UNKNOWN STEP	2026-02-25T19:48:30.5316931Z Preparing to unpack .../081-libgdk-pixbuf2.0-bin_2.42.10+dfsg-3ubuntu3.2_amd64.deb ...
Linux Desktop Tests (3)	UNKNOWN STEP	2026-02-25T19:48:30.5325176Z Unpacking libgdk-pixbuf2.0-bin (2.42.10+dfsg-3ubuntu3.2) ...
Linux Desktop Tests (3)	UNKNOWN STEP	2026-02-25T19:48:30.5686411Z Selecting previously unselected package libjpeg-turbo8-dev:amd64.
Linux Desktop Tests (3)	UNKNOWN STEP	2026-02-25T19:48:30.5858369Z Preparing to unpack .../082-libjpeg-turbo8-dev_2.1.5-2ubuntu2_amd64.deb ...
Linux Desktop Tests (3)	UNKNOWN STEP	2026-02-25T19:48:30.5868155Z Unpacking libjpeg-turbo8-dev:amd64 (2.1.5-2ubuntu2) ...
Linux Desktop Tests (3)	UNKNOWN STEP	2026-02-25T19:48:30.6153565Z Selecting previously unselected package libjpeg8-dev:amd64.
Linux Desktop Tests (3)	UNKNOWN STEP	2026-02-25T19:48:30.6324221Z Preparing to unpack .../083-libjpeg8-dev_8c-2ubuntu11_amd64.deb ...
Linux Desktop Tests (3)	UNKNOWN STEP	2026-02-25T19:48:30.6365088Z Unpacking libjpeg8-dev:amd64 (8c-2ubuntu11) ...
Linux Desktop Tests (3)	UNKNOWN STEP	2026-02-25T19:48:30.6592186Z Selecting previously unselected package libjpeg-dev:amd64.
Linux Desktop Tests (3)	UNKNOWN STEP	2026-02-25T19:48:30.6762608Z Preparing to unpack .../084-libjpeg-dev_8c-2ubuntu11_amd64.deb ...
Linux Desktop Tests (3)	UNKNOWN STEP	2026-02-25T19:48:30.6773682Z Unpacking libjpeg-dev:amd64 (8c-2ubuntu11) ...
Linux Desktop Tests (3)	UNKNOWN STEP	2026-02-25T19:48:30.6985246Z Selecting previously unselected package libjbig-dev:amd64.
Linux Desktop Tests (3)	UNKNOWN STEP	2026-02-25T19:48:30.7155591Z Preparing to unpack .../085-libjbig-dev_2.1-6.1ubuntu2_amd64.deb ...
Linux Desktop Tests (3)	UNKNOWN STEP	2026-02-25T19:48:30.7163891Z Unpacking libjbig-dev:amd64 (2.1-6.1ubuntu2) ...
Linux Desktop Tests (3)	UNKNOWN STEP	2026-02-25T19:48:30.7383489Z Selecting previously unselected package liblzma-dev:amd64.
Linux Desktop Tests (3)	UNKNOWN STEP	2026-02-25T19:48:30.7551263Z Preparing to unpack .../086-liblzma-dev_5.6.1+really5.4.5-1ubuntu0.2_amd64.deb ...
Linux Desktop Tests (3)	UNKNOWN STEP	2026-02-25T19:48:30.7564067Z Unpacking liblzma-dev:amd64 (5.6.1+really5.4.5-1ubuntu0.2) ...
Linux Desktop Tests (3)	UNKNOWN STEP	2026-02-25T19:48:30.7867694Z Selecting previously unselected package libwebpdecoder3:amd64.
Linux Desktop Tests (3)	UNKNOWN STEP	2026-02-25T19:48:30.8033961Z Preparing to unpack .../087-libwebpdecoder3_1.3.2-0.4build3_amd64.deb ...
Linux Desktop Tests (3)	UNKNOWN STEP	2026-02-25T19:48:30.8043998Z Unpacking libwebpdecoder3:amd64 (1.3.2-0.4build3) ...
Linux Desktop Tests (3)	UNKNOWN STEP	2026-02-25T19:48:30.8287181Z Selecting previously unselected package libsharpyuv-dev:amd64.
Linux Desktop Tests (3)	UNKNOWN STEP	2026-02-25T19:48:30.8454395Z Preparing to unpack .../088-libsharpyuv-dev_1.3.2-0.4build3_amd64.deb ...
Linux Desktop Tests (3)	UNKNOWN STEP	2026-02-25T19:48:30.8466269Z Unpacking libsharpyuv-dev:amd64 (1.3.2-0.4build3) ...
Linux Desktop Tests (3)	UNKNOWN STEP	2026-02-25T19:48:30.8684672Z Selecting previously unselected package libwebp-dev:amd64.
Linux Desktop Tests (3)	UNKNOWN STEP	2026-02-25T19:48:30.8851360Z Preparing to unpack .../089-libwebp-dev_1.3.2-0.4build3_amd64.deb ...
Linux Desktop Tests (3)	UNKNOWN STEP	2026-02-25T19:48:30.8861136Z Unpacking libwebp-dev:amd64 (1.3.2-0.4build3) ...
Linux Desktop Tests (3)	UNKNOWN STEP	2026-02-25T19:48:30.9194380Z Selecting previously unselected package libtiffxx6:amd64.
Linux Desktop Tests (3)	UNKNOWN STEP	2026-02-25T19:48:30.9362751Z Preparing to unpack .../090-libtiffxx6_4.5.1+git230720-4ubuntu2.4_amd64.deb ...
Linux Desktop Tests (3)	UNKNOWN STEP	2026-02-25T19:48:30.9373842Z Unpacking libtiffxx6:amd64 (4.5.1+git230720-4ubuntu2.4) ...
Linux Desktop Tests (3)	UNKNOWN STEP	2026-02-25T19:48:30.9591641Z Selecting previously unselected package liblerc-dev:amd64.
Linux Desktop Tests (3)	UNKNOWN STEP	2026-02-25T19:48:30.9759618Z Preparing to unpack .../091-liblerc-dev_4.0.0+ds-4ubuntu2_amd64.deb ...
Linux Desktop Tests (3)	UNKNOWN STEP	2026-02-25T19:48:30.9769465Z Unpacking liblerc-dev:amd64 (4.0.0+ds-4ubuntu2) ...
Linux Desktop Tests (3)	UNKNOWN STEP	2026-02-25T19:48:31.0037468Z Selecting previously unselected package libtiff-dev:amd64.
Linux Desktop Tests (3)	UNKNOWN STEP	2026-02-25T19:48:31.0206579Z Preparing to unpack .../092-libtiff-dev_4.5.1+git230720-4ubuntu2.4_amd64.deb ...
Linux Desktop Tests (3)	UNKNOWN STEP	2026-02-25T19:48:31.0217708Z Unpacking libtiff-dev:amd64 (4.5.1+git230720-4ubuntu2.4) ...
Linux Desktop Tests (3)	UNKNOWN STEP	2026-02-25T19:48:31.0589286Z Selecting previously unselected package libgdk-pixbuf-2.0-dev:amd64.
Linux Desktop Tests (3)	UNKNOWN STEP	2026-02-25T19:48:31.0758510Z Preparing to unpack .../093-libgdk-pixbuf-2.0-dev_2.42.10+dfsg-3ubuntu3.2_amd64.deb ...
Linux Desktop Tests (3)	UNKNOWN STEP	2026-02-25T19:48:31.0768044Z Unpacking libgdk-pixbuf-2.0-dev:amd64 (2.42.10+dfsg-3ubuntu3.2) ...
Linux Desktop Tests (3)	UNKNOWN STEP	2026-02-25T19:48:31.1028387Z Selecting previously unselected package libgles2-mesa-dev:amd64.
Linux Desktop Tests (3)	UNKNOWN STEP	2026-02-25T19:48:31.1199999Z Preparing to unpack .../094-libgles2-mesa-dev_25.2.8-0ubuntu0.24.04.1_amd64.deb ...
Linux Desktop Tests (3)	UNKNOWN STEP	2026-02-25T19:48:31.1208391Z Unpacking libgles2-mesa-dev:amd64 (25.2.8-0ubuntu0.24.04.1) ...
Linux Desktop Tests (3)	UNKNOWN STEP	2026-02-25T19:48:31.1426737Z Selecting previously unselected package libgraphite2-dev:amd64.
Linux Desktop Tests (3)	UNKNOWN STEP	2026-02-25T19:48:31.1596133Z Preparing to unpack .../095-libgraphite2-dev_1.3.14-2build1_amd64.deb ...
Linux Desktop Tests (3)	UNKNOWN STEP	2026-02-25T19:48:31.1604617Z Unpacking libgraphite2-dev:amd64 (1.3.14-2build1) ...
Linux Desktop Tests (3)	UNKNOWN STEP	2026-02-25T19:48:31.1842096Z Selecting previously unselected package libharfbuzz-icu0:amd64.
Linux Desktop Tests (3)	UNKNOWN STEP	2026-02-25T19:48:31.2018193Z Preparing to unpack .../096-libharfbuzz-icu0_8.3.0-2build2_amd64.deb ...
Linux Desktop Tests (3)	UNKNOWN STEP	2026-02-25T19:48:31.2028751Z Unpacking libharfbuzz-icu0:amd64 (8.3.0-2build2) ...
Linux Desktop Tests (3)	UNKNOWN STEP	2026-02-25T19:48:31.2265838Z Selecting previously unselected package libharfbuzz-subset0:amd64.
Linux Desktop Tests (3)	UNKNOWN STEP	2026-02-25T19:48:31.2438871Z Preparing to unpack .../097-libharfbuzz-subset0_8.3.0-2build2_amd64.deb ...
Linux Desktop Tests (3)	UNKNOWN STEP	2026-02-25T19:48:31.2450111Z Unpacking libharfbuzz-subset0:amd64 (8.3.0-2build2) ...
Linux Desktop Tests (3)	UNKNOWN STEP	2026-02-25T19:48:31.2725884Z Selecting previously unselected package libharfbuzz-cairo0:amd64.
Linux Desktop Tests (3)	UNKNOWN STEP	2026-02-25T19:48:31.2893900Z Preparing to unpack .../098-libharfbuzz-cairo0_8.3.0-2build2_amd64.deb ...
Linux Desktop Tests (3)	UNKNOWN STEP	2026-02-25T19:48:31.2903850Z Unpacking libharfbuzz-cairo0:amd64 (8.3.0-2build2) ...
Linux Desktop Tests (3)	UNKNOWN STEP	2026-02-25T19:48:31.3123691Z Selecting previously unselected package libharfbuzz-dev:amd64.
Linux Desktop Tests (3)	UNKNOWN STEP	2026-02-25T19:48:31.3292531Z Preparing to unpack .../099-libharfbuzz-dev_8.3.0-2build2_amd64.deb ...
Linux Desktop Tests (3)	UNKNOWN STEP	2026-02-25T19:48:31.3301024Z Unpacking libharfbuzz-dev:amd64 (8.3.0-2build2) ...
Linux Desktop Tests (3)	UNKNOWN STEP	2026-02-25T19:48:31.3666402Z Selecting previously unselected package libthai-dev:amd64.
Linux Desktop Tests (3)	UNKNOWN STEP	2026-02-25T19:48:31.3837505Z Preparing to unpack .../100-libthai-dev_0.1.29-2build1_amd64.deb ...
Linux Desktop Tests (3)	UNKNOWN STEP	2026-02-25T19:48:31.3846422Z Unpacking libthai-dev:amd64 (0.1.29-2build1) ...
Linux Desktop Tests (3)	UNKNOWN STEP	2026-02-25T19:48:31.4107192Z Selecting previously unselected package libxft-dev:amd64.
Linux Desktop Tests (3)	UNKNOWN STEP	2026-02-25T19:48:31.4277356Z Preparing to unpack .../101-libxft-dev_2.3.6-1build1_amd64.deb ...
Linux Desktop Tests (3)	UNKNOWN STEP	2026-02-25T19:48:31.4286446Z Unpacking libxft-dev:amd64 (2.3.6-1build1) ...
Linux Desktop Tests (3)	UNKNOWN STEP	2026-02-25T19:48:31.4589346Z Selecting previously unselected package pango1.0-tools.
Linux Desktop Tests (3)	UNKNOWN STEP	2026-02-25T19:48:31.4756903Z Preparing to unpack .../102-pango1.0-tools_1.52.1+ds-1build1_amd64.deb ...
Linux Desktop Tests (3)	UNKNOWN STEP	2026-02-25T19:48:31.4767978Z Unpacking pango1.0-tools (1.52.1+ds-1build1) ...
Linux Desktop Tests (3)	UNKNOWN STEP	2026-02-25T19:48:31.5004087Z Selecting previously unselected package libpango1.0-dev:amd64.
Linux Desktop Tests (3)	UNKNOWN STEP	2026-02-25T19:48:31.5172036Z Preparing to unpack .../103-libpango1.0-dev_1.52.1+ds-1build1_amd64.deb ...
Linux Desktop Tests (3)	UNKNOWN STEP	2026-02-25T19:48:31.5182328Z Unpacking libpango1.0-dev:amd64 (1.52.1+ds-1build1) ...
Linux Desktop Tests (3)	UNKNOWN STEP	2026-02-25T19:48:31.5544717Z Selecting previously unselected package libwayland-server0:amd64.
Linux Desktop Tests (3)	UNKNOWN STEP	2026-02-25T19:48:31.5713198Z Preparing to unpack .../104-libwayland-server0_1.22.0-2.1build1_amd64.deb ...
Linux Desktop Tests (3)	UNKNOWN STEP	2026-02-25T19:48:31.5722816Z Unpacking libwayland-server0:amd64 (1.22.0-2.1build1) ...
Linux Desktop Tests (3)	UNKNOWN STEP	2026-02-25T19:48:31.5942616Z Selecting previously unselected package libwayland-bin.
Linux Desktop Tests (3)	UNKNOWN STEP	2026-02-25T19:48:31.6111931Z Preparing to unpack .../105-libwayland-bin_1.22.0-2.1build1_amd64.deb ...
Linux Desktop Tests (3)	UNKNOWN STEP	2026-02-25T19:48:31.6120372Z Unpacking libwayland-bin (1.22.0-2.1build1) ...
Linux Desktop Tests (3)	UNKNOWN STEP	2026-02-25T19:48:31.6353966Z Selecting previously unselected package libwayland-dev:amd64.
Linux Desktop Tests (3)	UNKNOWN STEP	2026-02-25T19:48:31.6523576Z Preparing to unpack .../106-libwayland-dev_1.22.0-2.1build1_amd64.deb ...
Linux Desktop Tests (3)	UNKNOWN STEP	2026-02-25T19:48:31.6532438Z Unpacking libwayland-dev:amd64 (1.22.0-2.1build1) ...
Linux Desktop Tests (3)	UNKNOWN STEP	2026-02-25T19:48:31.6821342Z Selecting previously unselected package libxcomposite-dev:amd64.
Linux Desktop Tests (3)	UNKNOWN STEP	2026-02-25T19:48:31.6991280Z Preparing to unpack .../107-libxcomposite-dev_1%3a0.4.5-1build3_amd64.deb ...
Linux Desktop Tests (3)	UNKNOWN STEP	2026-02-25T19:48:31.7000310Z Unpacking libxcomposite-dev:amd64 (1:0.4.5-1build3) ...
Linux Desktop Tests (3)	UNKNOWN STEP	2026-02-25T19:48:31.7239334Z Selecting previously unselected package libxcursor-dev:amd64.
Linux Desktop Tests (3)	UNKNOWN STEP	2026-02-25T19:48:31.7410613Z Preparing to unpack .../108-libxcursor-dev_1%3a1.2.1-1build1_amd64.deb ...
Linux Desktop Tests (3)	UNKNOWN STEP	2026-02-25T19:48:31.7419706Z Unpacking libxcursor-dev:amd64 (1:1.2.1-1build1) ...
Linux Desktop Tests (3)	UNKNOWN STEP	2026-02-25T19:48:31.7713818Z Selecting previously unselected package libxdamage-dev:amd64.
Linux Desktop Tests (3)	UNKNOWN STEP	2026-02-25T19:48:31.7884432Z Preparing to unpack .../109-libxdamage-dev_1%3a1.1.6-1build1_amd64.deb ...
Linux Desktop Tests (3)	UNKNOWN STEP	2026-02-25T19:48:31.7894828Z Unpacking libxdamage-dev:amd64 (1:1.1.6-1build1) ...
Linux Desktop Tests (3)	UNKNOWN STEP	2026-02-25T19:48:31.8137280Z Selecting previously unselected package libxinerama-dev:amd64.
Linux Desktop Tests (3)	UNKNOWN STEP	2026-02-25T19:48:31.8312187Z Preparing to unpack .../110-libxinerama-dev_2%3a1.1.4-3build1_amd64.deb ...
Linux Desktop Tests (3)	UNKNOWN STEP	2026-02-25T19:48:31.8323640Z Unpacking libxinerama-dev:amd64 (2:1.1.4-3build1) ...
Linux Desktop Tests (3)	UNKNOWN STEP	2026-02-25T19:48:31.8559589Z Selecting previously unselected package libxkbcommon-dev:amd64.
Linux Desktop Tests (3)	UNKNOWN STEP	2026-02-25T19:48:31.8730252Z Preparing to unpack .../111-libxkbcommon-dev_1.6.0-1build1_amd64.deb ...
Linux Desktop Tests (3)	UNKNOWN STEP	2026-02-25T19:48:31.8740579Z Unpacking libxkbcommon-dev:amd64 (1.6.0-1build1) ...
Linux Desktop Tests (3)	UNKNOWN STEP	2026-02-25T19:48:31.9007372Z Selecting previously unselected package libxrandr-dev:amd64.
Linux Desktop Tests (3)	UNKNOWN STEP	2026-02-25T19:48:31.9178191Z Preparing to unpack .../112-libxrandr-dev_2%3a1.5.2-2build1_amd64.deb ...
Linux Desktop Tests (3)	UNKNOWN STEP	2026-02-25T19:48:31.9202549Z Unpacking libxrandr-dev:amd64 (2:1.5.2-2build1) ...
Linux Desktop Tests (3)	UNKNOWN STEP	2026-02-25T19:48:31.9451314Z Selecting previously unselected package wayland-protocols.
Linux Desktop Tests (3)	UNKNOWN STEP	2026-02-25T19:48:31.9623533Z Preparing to unpack .../113-wayland-protocols_1.45-1~ubuntu0.24.04.1_all.deb ...
Linux Desktop Tests (3)	UNKNOWN STEP	2026-02-25T19:48:31.9635176Z Unpacking wayland-protocols (1.45-1~ubuntu0.24.04.1) ...
Linux Desktop Tests (3)	UNKNOWN STEP	2026-02-25T19:48:32.0048824Z Selecting previously unselected package libgtk-3-dev:amd64.
Linux Desktop Tests (3)	UNKNOWN STEP	2026-02-25T19:48:32.0219899Z Preparing to unpack .../114-libgtk-3-dev_3.24.41-4ubuntu1.3_amd64.deb ...
Linux Desktop Tests (3)	UNKNOWN STEP	2026-02-25T19:48:32.0229111Z Unpacking libgtk-3-dev:amd64 (3.24.41-4ubuntu1.3) ...
Linux Desktop Tests (3)	UNKNOWN STEP	2026-02-25T19:48:32.1516864Z Selecting previously unselected package libpng-tools.
Linux Desktop Tests (3)	UNKNOWN STEP	2026-02-25T19:48:32.1689346Z Preparing to unpack .../115-libpng-tools_1.6.43-5ubuntu0.5_amd64.deb ...
Linux Desktop Tests (3)	UNKNOWN STEP	2026-02-25T19:48:32.1697215Z Unpacking libpng-tools (1.6.43-5ubuntu0.5) ...
Linux Desktop Tests (3)	UNKNOWN STEP	2026-02-25T19:48:32.1921022Z Selecting previously unselected package libsecret-1-dev:amd64.
Linux Desktop Tests (3)	UNKNOWN STEP	2026-02-25T19:48:32.2093307Z Preparing to unpack .../116-libsecret-1-dev_0.21.4-1build3_amd64.deb ...
Linux Desktop Tests (3)	UNKNOWN STEP	2026-02-25T19:48:32.2104718Z Unpacking libsecret-1-dev:amd64 (0.21.4-1build3) ...
Linux Desktop Tests (3)	UNKNOWN STEP	2026-02-25T19:48:32.2919500Z Selecting previously unselected package ninja-build.
Linux Desktop Tests (3)	UNKNOWN STEP	2026-02-25T19:48:32.3091390Z Preparing to unpack .../117-ninja-build_1.11.1-2_amd64.deb ...
Linux Desktop Tests (3)	UNKNOWN STEP	2026-02-25T19:48:32.3102582Z Unpacking ninja-build (1.11.1-2) ...
Linux Desktop Tests (3)	UNKNOWN STEP	2026-02-25T19:48:32.3423057Z Selecting previously unselected package libgl1-mesa-dev:amd64.
Linux Desktop Tests (3)	UNKNOWN STEP	2026-02-25T19:48:32.3596335Z Preparing to unpack .../118-libgl1-mesa-dev_25.2.8-0ubuntu0.24.04.1_amd64.deb ...
Linux Desktop Tests (3)	UNKNOWN STEP	2026-02-25T19:48:32.3610095Z Unpacking libgl1-mesa-dev:amd64 (25.2.8-0ubuntu0.24.04.1) ...
Linux Desktop Tests (3)	UNKNOWN STEP	2026-02-25T19:48:32.3833478Z Selecting previously unselected package libjsoncpp-dev:amd64.
Linux Desktop Tests (3)	UNKNOWN STEP	2026-02-25T19:48:32.4005519Z Preparing to unpack .../119-libjsoncpp-dev_1.9.5-6build1_amd64.deb ...
Linux Desktop Tests (3)	UNKNOWN STEP	2026-02-25T19:48:32.4014384Z Unpacking libjsoncpp-dev:amd64 (1.9.5-6build1) ...
Linux Desktop Tests (3)	UNKNOWN STEP	2026-02-25T19:48:32.4541618Z Setting up libcairo-script-interpreter2:amd64 (1.18.0-3build1) ...
Linux Desktop Tests (3)	UNKNOWN STEP	2026-02-25T19:48:32.4572898Z Setting up bzip2-doc (1.0.8-5.1build0.1) ...
Linux Desktop Tests (3)	UNKNOWN STEP	2026-02-25T19:48:32.4598513Z Setting up libwayland-server0:amd64 (1.22.0-2.1build1) ...
Linux Desktop Tests (3)	UNKNOWN STEP	2026-02-25T19:48:32.4623210Z Setting up libjpeg-turbo8-dev:amd64 (2.1.5-2ubuntu2) ...
Linux Desktop Tests (3)	UNKNOWN STEP	2026-02-25T19:48:32.4647096Z Setting up libharfbuzz-icu0:amd64 (8.3.0-2build2) ...
Linux Desktop Tests (3)	UNKNOWN STEP	2026-02-25T19:48:32.4671382Z Setting up libpixman-1-dev:amd64 (0.42.2-1build1) ...
Linux Desktop Tests (3)	UNKNOWN STEP	2026-02-25T19:48:32.4696189Z Setting up libglvnd-core-dev:amd64 (1.7.0-1build1) ...
Linux Desktop Tests (3)	UNKNOWN STEP	2026-02-25T19:48:32.4719481Z Setting up libfribidi-dev:amd64 (1.0.13-3build1) ...
Linux Desktop Tests (3)	UNKNOWN STEP	2026-02-25T19:48:32.4742364Z Setting up libxkbcommon-dev:amd64 (1.6.0-1build1) ...
Linux Desktop Tests (3)	UNKNOWN STEP	2026-02-25T19:48:32.4767601Z Setting up libjbig-dev:amd64 (2.1-6.1ubuntu2) ...
Linux Desktop Tests (3)	UNKNOWN STEP	2026-02-25T19:48:32.4789242Z Setting up libwebpdecoder3:amd64 (1.3.2-0.4build3) ...
Linux Desktop Tests (3)	UNKNOWN STEP	2026-02-25T19:48:32.4824120Z Setting up libpthread-stubs0-dev:amd64 (0.4-1build3) ...
Linux Desktop Tests (3)	UNKNOWN STEP	2026-02-25T19:48:32.4853777Z Setting up libopengl0:amd64 (1.7.0-1build1) ...
Linux Desktop Tests (3)	UNKNOWN STEP	2026-02-25T19:48:32.4878818Z Setting up ninja-build (1.11.1-2) ...
Linux Desktop Tests (3)	UNKNOWN STEP	2026-02-25T19:48:32.4902768Z Setting up xtrans-dev (1.4.0-1) ...
Linux Desktop Tests (3)	UNKNOWN STEP	2026-02-25T19:48:32.4929006Z Setting up libwayland-bin (1.22.0-2.1build1) ...
Linux Desktop Tests (3)	UNKNOWN STEP	2026-02-25T19:48:32.4950538Z Setting up libgraphite2-dev:amd64 (1.3.14-2build1) ...
Linux Desktop Tests (3)	UNKNOWN STEP	2026-02-25T19:48:32.4976830Z Setting up libglib2.0-0t64:amd64 (2.80.0-6ubuntu3.8) ...
Linux Desktop Tests (3)	UNKNOWN STEP	2026-02-25T19:48:32.5093015Z Setting up libegl-mesa0:amd64 (25.2.8-0ubuntu0.24.04.1) ...
Linux Desktop Tests (3)	UNKNOWN STEP	2026-02-25T19:48:32.5120105Z Setting up libglib2.0-data (2.80.0-6ubuntu3.8) ...
Linux Desktop Tests (3)	UNKNOWN STEP	2026-02-25T19:48:32.5143413Z Setting up libgles2:amd64 (1.7.0-1build1) ...
Linux Desktop Tests (3)	UNKNOWN STEP	2026-02-25T19:48:32.5166482Z Setting up libharfbuzz-cairo0:amd64 (8.3.0-2build2) ...
Linux Desktop Tests (3)	UNKNOWN STEP	2026-02-25T19:48:32.5191380Z Setting up libdbus-1-dev:amd64 (1.14.10-4ubuntu4.1) ...
Linux Desktop Tests (3)	UNKNOWN STEP	2026-02-25T19:48:32.6818657Z Setting up libgpg-error-dev (1.47-3build2.1) ...
Linux Desktop Tests (3)	UNKNOWN STEP	2026-02-25T19:48:32.6845548Z Setting up uuid-dev:amd64 (2.39.3-9ubuntu6.4) ...
Linux Desktop Tests (3)	UNKNOWN STEP	2026-02-25T19:48:32.6865927Z Setting up clang (1:18.0-59~exp2) ...
Linux Desktop Tests (3)	UNKNOWN STEP	2026-02-25T19:48:32.7199578Z Setting up libgles1:amd64 (1.7.0-1build1) ...
Linux Desktop Tests (3)	UNKNOWN STEP	2026-02-25T19:48:32.7228363Z Setting up libpng16-16t64:amd64 (1.6.43-5ubuntu0.5) ...
Linux Desktop Tests (3)	UNKNOWN STEP	2026-02-25T19:48:32.7249647Z Setting up libjsoncpp25:amd64 (1.9.5-6build1) ...
Linux Desktop Tests (3)	UNKNOWN STEP	2026-02-25T19:48:32.7278888Z Setting up libsepol-dev:amd64 (3.5-2build1) ...
Linux Desktop Tests (3)	UNKNOWN STEP	2026-02-25T19:48:32.7302021Z Setting up gir1.2-glib-2.0:amd64 (2.80.0-6ubuntu3.8) ...
Linux Desktop Tests (3)	UNKNOWN STEP	2026-02-25T19:48:32.7326433Z Setting up liblerc-dev:amd64 (4.0.0+ds-4ubuntu2) ...
Linux Desktop Tests (3)	UNKNOWN STEP	2026-02-25T19:48:32.7350997Z Setting up liblzma-dev:amd64 (5.6.1+really5.4.5-1ubuntu0.2) ...
Linux Desktop Tests (3)	UNKNOWN STEP	2026-02-25T19:48:32.7377282Z Setting up wayland-protocols (1.45-1~ubuntu0.24.04.1) ...
Linux Desktop Tests (3)	UNKNOWN STEP	2026-02-25T19:48:32.7401009Z Setting up libdatrie-dev:amd64 (0.2.13-3build1) ...
Linux Desktop Tests (3)	UNKNOWN STEP	2026-02-25T19:48:32.7425513Z Setting up gir1.2-glib-2.0-dev:amd64 (2.80.0-6ubuntu3.8) ...
Linux Desktop Tests (3)	UNKNOWN STEP	2026-02-25T19:48:32.7447636Z Setting up libgdk-pixbuf2.0-bin (2.42.10+dfsg-3ubuntu3.2) ...
Linux Desktop Tests (3)	UNKNOWN STEP	2026-02-25T19:48:32.7474503Z Setting up librhash0:amd64 (1.4.3-3build1) ...
Linux Desktop Tests (3)	UNKNOWN STEP	2026-02-25T19:48:32.7502350Z Setting up libegl1:amd64 (1.7.0-1build1) ...
Linux Desktop Tests (3)	UNKNOWN STEP	2026-02-25T19:48:32.7527579Z Setting up libharfbuzz-subset0:amd64 (8.3.0-2build2) ...
Linux Desktop Tests (3)	UNKNOWN STEP	2026-02-25T19:48:32.7553160Z Setting up xorg-sgml-doctools (1:1.11-1.1) ...
Linux Desktop Tests (3)	UNKNOWN STEP	2026-02-25T19:48:32.7576103Z Setting up cmake-data (3.28.3-1build7) ...
Linux Desktop Tests (3)	UNKNOWN STEP	2026-02-25T19:48:32.7650119Z Setting up libopengl-dev:amd64 (1.7.0-1build1) ...
Linux Desktop Tests (3)	UNKNOWN STEP	2026-02-25T19:48:32.7674262Z Setting up libjpeg8-dev:amd64 (8c-2ubuntu11) ...
Linux Desktop Tests (3)	UNKNOWN STEP	2026-02-25T19:48:32.7714121Z Setting up libsharpyuv-dev:amd64 (1.3.2-0.4build3) ...
Linux Desktop Tests (3)	UNKNOWN STEP	2026-02-25T19:48:32.7745280Z Setting up libtiffxx6:amd64 (4.5.1+git230720-4ubuntu2.4) ...
Linux Desktop Tests (3)	UNKNOWN STEP	2026-02-25T19:48:32.7772800Z Setting up libdeflate-dev:amd64 (1.19-1build1.1) ...
Linux Desktop Tests (3)	UNKNOWN STEP	2026-02-25T19:48:32.7795327Z Setting up libbrotli-dev:amd64 (1.1.0-2build2) ...
Linux Desktop Tests (3)	UNKNOWN STEP	2026-02-25T19:48:32.7843638Z Setting up libsecret-common (0.21.4-1build3) ...
Linux Desktop Tests (3)	UNKNOWN STEP	2026-02-25T19:48:32.7846860Z Setting up libbz2-dev:amd64 (1.0.8-5.1build0.1) ...
Linux Desktop Tests (3)	UNKNOWN STEP	2026-02-25T19:48:32.7872749Z Setting up libglib2.0-dev-bin (2.80.0-6ubuntu3.8) ...
Linux Desktop Tests (3)	UNKNOWN STEP	2026-02-25T19:48:32.9430215Z Setting up libblkid-dev:amd64 (2.39.3-9ubuntu6.4) ...
Linux Desktop Tests (3)	UNKNOWN STEP	2026-02-25T19:48:32.9455701Z Setting up libjsoncpp-dev:amd64 (1.9.5-6build1) ...
Linux Desktop Tests (3)	UNKNOWN STEP	2026-02-25T19:48:32.9480257Z Setting up gir1.2-freedesktop:amd64 (1.80.1-1) ...
Linux Desktop Tests (3)	UNKNOWN STEP	2026-02-25T19:48:32.9504375Z Setting up libpangoxft-1.0-0:amd64 (1.52.1+ds-1build1) ...
Linux Desktop Tests (3)	UNKNOWN STEP	2026-02-25T19:48:32.9529414Z Setting up gir1.2-gdkpixbuf-2.0:amd64 (2.42.10+dfsg-3ubuntu3.2) ...
Linux Desktop Tests (3)	UNKNOWN STEP	2026-02-25T19:48:32.9550229Z Setting up libpng-tools (1.6.43-5ubuntu0.5) ...
Linux Desktop Tests (3)	UNKNOWN STEP	2026-02-25T19:48:32.9572898Z Setting up libgirepository-2.0-0:amd64 (2.80.0-6ubuntu3.8) ...
Linux Desktop Tests (3)	UNKNOWN STEP	2026-02-25T19:48:32.9596100Z Setting up gir1.2-atk-1.0:amd64 (2.52.0-1build1) ...
Linux Desktop Tests (3)	UNKNOWN STEP	2026-02-25T19:48:32.9616905Z Setting up libselinux1-dev:amd64 (3.5-2ubuntu2.1) ...
Linux Desktop Tests (3)	UNKNOWN STEP	2026-02-25T19:48:32.9643861Z Setting up libpng-dev:amd64 (1.6.43-5ubuntu0.5) ...
Linux Desktop Tests (3)	UNKNOWN STEP	2026-02-25T19:48:32.9671026Z Setting up pango1.0-tools (1.52.1+ds-1build1) ...
Linux Desktop Tests (3)	UNKNOWN STEP	2026-02-25T19:48:32.9692865Z Setting up libjpeg-dev:amd64 (8c-2ubuntu11) ...
Linux Desktop Tests (3)	UNKNOWN STEP	2026-02-25T19:48:32.9718131Z Setting up libglib2.0-bin (2.80.0-6ubuntu3.8) ...
Linux Desktop Tests (3)	UNKNOWN STEP	2026-02-25T19:48:32.9741482Z Setting up libharfbuzz-gobject0:amd64 (8.3.0-2build2) ...
Linux Desktop Tests (3)	UNKNOWN STEP	2026-02-25T19:48:32.9763051Z Setting up gir1.2-atspi-2.0:amd64 (2.52.0-1build1) ...
Linux Desktop Tests (3)	UNKNOWN STEP	2026-02-25T19:48:32.9804356Z Setting up libwayland-dev:amd64 (1.22.0-2.1build1) ...
Linux Desktop Tests (3)	UNKNOWN STEP	2026-02-25T19:48:32.9834905Z Setting up gir1.2-harfbuzz-0.0:amd64 (8.3.0-2build2) ...
Linux Desktop Tests (3)	UNKNOWN STEP	2026-02-25T19:48:32.9862075Z Setting up libfreetype-dev:amd64 (2.13.2+dfsg-1build3) ...
Linux Desktop Tests (3)	UNKNOWN STEP	2026-02-25T19:48:32.9885741Z Setting up gir1.2-pango-1.0:amd64 (1.52.1+ds-1build1) ...
Linux Desktop Tests (3)	UNKNOWN STEP	2026-02-25T19:48:32.9908266Z Setting up libsecret-1-0:amd64 (0.21.4-1build3) ...
Linux Desktop Tests (3)	UNKNOWN STEP	2026-02-25T19:48:32.9932779Z Setting up libwebp-dev:amd64 (1.3.2-0.4build3) ...
Linux Desktop Tests (3)	UNKNOWN STEP	2026-02-25T19:48:32.9969384Z Setting up gir1.2-secret-1:amd64 (0.21.4-1build3) ...
Linux Desktop Tests (3)	UNKNOWN STEP	2026-02-25T19:48:32.9996619Z Setting up libgcrypt20-dev (1.10.3-2build1) ...
Linux Desktop Tests (3)	UNKNOWN STEP	2026-02-25T19:48:33.0026225Z Setting up libtiff-dev:amd64 (4.5.1+git230720-4ubuntu2.4) ...
Linux Desktop Tests (3)	UNKNOWN STEP	2026-02-25T19:48:33.0048494Z Setting up gir1.2-freedesktop-dev:amd64 (1.80.1-1) ...
Linux Desktop Tests (3)	UNKNOWN STEP	2026-02-25T19:48:33.0071948Z Setting up libthai-dev:amd64 (0.1.29-2build1) ...
Linux Desktop Tests (3)	UNKNOWN STEP	2026-02-25T19:48:33.0096274Z Setting up cmake (3.28.3-1build7) ...
Linux Desktop Tests (3)	UNKNOWN STEP	2026-02-25T19:48:33.0121665Z Setting up libmount-dev:amd64 (2.39.3-9ubuntu6.4) ...
Linux Desktop Tests (3)	UNKNOWN STEP	2026-02-25T19:48:33.0145053Z Setting up libfontconfig-dev:amd64 (2.15.0-1.1ubuntu2) ...
Linux Desktop Tests (3)	UNKNOWN STEP	2026-02-25T19:48:33.0170410Z Setting up gir1.2-gtk-3.0:amd64 (3.24.41-4ubuntu1.3) ...
Linux Desktop Tests (3)	UNKNOWN STEP	2026-02-25T19:48:33.0193145Z Setting up libglib2.0-dev:amd64 (2.80.0-6ubuntu3.8) ...
Linux Desktop Tests (3)	UNKNOWN STEP	2026-02-25T19:48:33.0219762Z Setting up libatk1.0-dev:amd64 (2.52.0-1build1) ...
Linux Desktop Tests (3)	UNKNOWN STEP	2026-02-25T19:48:33.0245795Z Setting up libgdk-pixbuf-2.0-dev:amd64 (2.42.10+dfsg-3ubuntu3.2) ...
Linux Desktop Tests (3)	UNKNOWN STEP	2026-02-25T19:48:33.0392033Z Setting up libharfbuzz-dev:amd64 (8.3.0-2build2) ...
Linux Desktop Tests (3)	UNKNOWN STEP	2026-02-25T19:48:33.0419355Z Setting up libsecret-1-dev:amd64 (0.21.4-1build3) ...
Linux Desktop Tests (3)	UNKNOWN STEP	2026-02-25T19:48:33.0789622Z Processing triggers for libc-bin (2.39-0ubuntu8.7) ...
Linux Desktop Tests (3)	UNKNOWN STEP	2026-02-25T19:48:33.1177115Z Processing triggers for man-db (2.12.0-4build2) ...
Linux Desktop Tests (3)	UNKNOWN STEP	2026-02-25T19:48:33.1203821Z Not building database; man-db/auto-update is not 'true'.
Linux Desktop Tests (3)	UNKNOWN STEP	2026-02-25T19:48:33.1247602Z Processing triggers for sgml-base (1.31) ...
Linux Desktop Tests (3)	UNKNOWN STEP	2026-02-25T19:48:33.1439699Z Processing triggers for install-info (7.1-3build2) ...
Linux Desktop Tests (3)	UNKNOWN STEP	2026-02-25T19:48:33.2553196Z Setting up x11proto-dev (2023.2-1) ...
Linux Desktop Tests (3)	UNKNOWN STEP	2026-02-25T19:48:33.2601699Z Setting up libxau-dev:amd64 (1:1.0.9-1build6) ...
Linux Desktop Tests (3)	UNKNOWN STEP	2026-02-25T19:48:33.2629965Z Setting up libice-dev:amd64 (2:1.0.10-1build3) ...
Linux Desktop Tests (3)	UNKNOWN STEP	2026-02-25T19:48:33.2658702Z Setting up libsm-dev:amd64 (2:1.2.3-1build3) ...
Linux Desktop Tests (3)	UNKNOWN STEP	2026-02-25T19:48:33.2708933Z Setting up libxdmcp-dev:amd64 (1:1.1.3-0ubuntu6) ...
Linux Desktop Tests (3)	UNKNOWN STEP	2026-02-25T19:48:33.2802367Z Setting up libxcb1-dev:amd64 (1.15-1ubuntu2) ...
Linux Desktop Tests (3)	UNKNOWN STEP	2026-02-25T19:48:33.2838946Z Setting up libx11-dev:amd64 (2:1.8.7-1build1) ...
Linux Desktop Tests (3)	UNKNOWN STEP	2026-02-25T19:48:33.2873047Z Setting up libxfixes-dev:amd64 (1:6.0.0-2build1) ...
Linux Desktop Tests (3)	UNKNOWN STEP	2026-02-25T19:48:33.2898097Z Setting up libxcb-shm0-dev:amd64 (1.15-1ubuntu2) ...
Linux Desktop Tests (3)	UNKNOWN STEP	2026-02-25T19:48:33.2942344Z Setting up libxcb-render0-dev:amd64 (1.15-1ubuntu2) ...
Linux Desktop Tests (3)	UNKNOWN STEP	2026-02-25T19:48:33.2965764Z Setting up libxext-dev:amd64 (2:1.3.4-1build2) ...
Linux Desktop Tests (3)	UNKNOWN STEP	2026-02-25T19:48:33.2994393Z Setting up libglx-dev:amd64 (1.7.0-1build1) ...
Linux Desktop Tests (3)	UNKNOWN STEP	2026-02-25T19:48:33.3039387Z Setting up libxi-dev:amd64 (2:1.8.1-1build1) ...
Linux Desktop Tests (3)	UNKNOWN STEP	2026-02-25T19:48:33.3063102Z Setting up libxrender-dev:amd64 (1:0.9.10-1.1build1) ...
Linux Desktop Tests (3)	UNKNOWN STEP	2026-02-25T19:48:33.3089677Z Setting up libgl-dev:amd64 (1.7.0-1build1) ...
Linux Desktop Tests (3)	UNKNOWN STEP	2026-02-25T19:48:33.3113628Z Setting up libxft-dev:amd64 (2.3.6-1build1) ...
Linux Desktop Tests (3)	UNKNOWN STEP	2026-02-25T19:48:33.3141055Z Setting up libxtst-dev:amd64 (2:1.2.3-1.1build1) ...
Linux Desktop Tests (3)	UNKNOWN STEP	2026-02-25T19:48:33.3186133Z Setting up libxdamage-dev:amd64 (1:1.1.6-1build1) ...
Linux Desktop Tests (3)	UNKNOWN STEP	2026-02-25T19:48:33.3216476Z Setting up libatspi2.0-dev:amd64 (2.52.0-1build1) ...
Linux Desktop Tests (3)	UNKNOWN STEP	2026-02-25T19:48:33.3264200Z Setting up libegl-dev:amd64 (1.7.0-1build1) ...
Linux Desktop Tests (3)	UNKNOWN STEP	2026-02-25T19:48:33.3288582Z Setting up libxcomposite-dev:amd64 (1:0.4.5-1build3) ...
Linux Desktop Tests (3)	UNKNOWN STEP	2026-02-25T19:48:33.3315206Z Setting up libxcursor-dev:amd64 (1:1.2.1-1build1) ...
Linux Desktop Tests (3)	UNKNOWN STEP	2026-02-25T19:48:33.3347749Z Setting up libepoxy-dev:amd64 (1.5.10-1build1) ...
Linux Desktop Tests (3)	UNKNOWN STEP	2026-02-25T19:48:33.3381217Z Setting up libatk-bridge2.0-dev:amd64 (2.52.0-1build1) ...
Linux Desktop Tests (3)	UNKNOWN STEP	2026-02-25T19:48:33.3408247Z Setting up libxrandr-dev:amd64 (2:1.5.2-2build1) ...
Linux Desktop Tests (3)	UNKNOWN STEP	2026-02-25T19:48:33.3444503Z Setting up libxinerama-dev:amd64 (2:1.1.4-3build1) ...
Linux Desktop Tests (3)	UNKNOWN STEP	2026-02-25T19:48:33.3479670Z Setting up libcairo2-dev:amd64 (1.18.0-3build1) ...
Linux Desktop Tests (3)	UNKNOWN STEP	2026-02-25T19:48:33.3511617Z Setting up libgles-dev:amd64 (1.7.0-1build1) ...
Linux Desktop Tests (3)	UNKNOWN STEP	2026-02-25T19:48:33.3557796Z Setting up libglvnd-dev:amd64 (1.7.0-1build1) ...
Linux Desktop Tests (3)	UNKNOWN STEP	2026-02-25T19:48:33.3586827Z Setting up libpango1.0-dev:amd64 (1.52.1+ds-1build1) ...
Linux Desktop Tests (3)	UNKNOWN STEP	2026-02-25T19:48:33.3618736Z Setting up libgl1-mesa-dev:amd64 (25.2.8-0ubuntu0.24.04.1) ...
Linux Desktop Tests (3)	UNKNOWN STEP	2026-02-25T19:48:33.3645820Z Setting up libegl1-mesa-dev:amd64 (25.2.8-0ubuntu0.24.04.1) ...
Linux Desktop Tests (3)	UNKNOWN STEP	2026-02-25T19:48:33.3681447Z Setting up libgtk-3-dev:amd64 (3.24.41-4ubuntu1.3) ...
Linux Desktop Tests (3)	UNKNOWN STEP	2026-02-25T19:48:33.3711878Z Setting up libgles2-mesa-dev:amd64 (25.2.8-0ubuntu0.24.04.1) ...
Linux Desktop Tests (3)	UNKNOWN STEP	2026-02-25T19:48:33.9793977Z 
Linux Desktop Tests (3)	UNKNOWN STEP	2026-02-25T19:48:33.9794494Z Running kernel seems to be up-to-date.
Linux Desktop Tests (3)	UNKNOWN STEP	2026-02-25T19:48:33.9794979Z 
Linux Desktop Tests (3)	UNKNOWN STEP	2026-02-25T19:48:33.9795167Z Restarting services...
Linux Desktop Tests (3)	UNKNOWN STEP	2026-02-25T19:48:34.0295916Z  systemctl restart packagekit.service php8.3-fpm.service polkit.service udisks2.service
Linux Desktop Tests (3)	UNKNOWN STEP	2026-02-25T19:48:34.1719154Z 
Linux Desktop Tests (3)	UNKNOWN STEP	2026-02-25T19:48:34.1720126Z Service restarts being deferred:
Linux Desktop Tests (3)	UNKNOWN STEP	2026-02-25T19:48:34.1722677Z  systemctl restart ModemManager.service
Linux Desktop Tests (3)	UNKNOWN STEP	2026-02-25T19:48:34.1723156Z  systemctl restart networkd-dispatcher.service
Linux Desktop Tests (3)	UNKNOWN STEP	2026-02-25T19:48:34.1723532Z 
Linux Desktop Tests (3)	UNKNOWN STEP	2026-02-25T19:48:34.1723769Z No containers need to be restarted.
Linux Desktop Tests (3)	UNKNOWN STEP	2026-02-25T19:48:34.1724628Z 
Linux Desktop Tests (3)	UNKNOWN STEP	2026-02-25T19:48:34.1724933Z No user sessions are running outdated binaries.
Linux Desktop Tests (3)	UNKNOWN STEP	2026-02-25T19:48:34.1725427Z 
Linux Desktop Tests (3)	UNKNOWN STEP	2026-02-25T19:48:34.1725843Z No VM guests are running outdated hypervisor (qemu) binaries on this host.
Linux Desktop Tests (3)	UNKNOWN STEP	2026-02-25T19:48:35.3252172Z ##[group]Run subosito/flutter-action@v2
Linux Desktop Tests (3)	UNKNOWN STEP	2026-02-25T19:48:35.3252472Z with:
Linux Desktop Tests (3)	UNKNOWN STEP	2026-02-25T19:48:35.3252660Z   channel: stable
Linux Desktop Tests (3)	UNKNOWN STEP	2026-02-25T19:48:35.3252845Z   cache: true
Linux Desktop Tests (3)	UNKNOWN STEP	2026-02-25T19:48:35.3253032Z   architecture: X64
Linux Desktop Tests (3)	UNKNOWN STEP	2026-02-25T19:48:35.3253242Z   pub-cache-path: default
Linux Desktop Tests (3)	UNKNOWN STEP	2026-02-25T19:48:35.3253452Z   dry-run: false
Linux Desktop Tests (3)	UNKNOWN STEP	2026-02-25T19:48:35.3253705Z   git-source: https://github.com/flutter/flutter.git
Linux Desktop Tests (3)	UNKNOWN STEP	2026-02-25T19:48:35.3253999Z env:
Linux Desktop Tests (3)	UNKNOWN STEP	2026-02-25T19:48:35.3254168Z   CACHE_VERSION: v1
Linux Desktop Tests (3)	UNKNOWN STEP	2026-02-25T19:48:35.3254347Z ##[endgroup]
Linux Desktop Tests (3)	UNKNOWN STEP	2026-02-25T19:48:35.3344987Z ##[group]Run chmod +x "$GITHUB_ACTION_PATH/setup.sh"
Linux Desktop Tests (3)	UNKNOWN STEP	2026-02-25T19:48:35.3345349Z [36;1mchmod +x "$GITHUB_ACTION_PATH/setup.sh"[0m
Linux Desktop Tests (3)	UNKNOWN STEP	2026-02-25T19:48:35.3396379Z shell: /usr/bin/bash --noprofile --norc -e -o pipefail {0}
Linux Desktop Tests (3)	UNKNOWN STEP	2026-02-25T19:48:35.3396707Z env:
Linux Desktop Tests (3)	UNKNOWN STEP	2026-02-25T19:48:35.3396888Z   CACHE_VERSION: v1
Linux Desktop Tests (3)	UNKNOWN STEP	2026-02-25T19:48:35.3397076Z ##[endgroup]
Linux Desktop Tests (3)	UNKNOWN STEP	2026-02-25T19:48:35.3525371Z ##[group]Run $GITHUB_ACTION_PATH/setup.sh -p \
Linux Desktop Tests (3)	UNKNOWN STEP	2026-02-25T19:48:35.3525764Z [36;1m$GITHUB_ACTION_PATH/setup.sh -p \[0m
Linux Desktop Tests (3)	UNKNOWN STEP	2026-02-25T19:48:35.3526038Z [36;1m  -n '' \[0m
Linux Desktop Tests (3)	UNKNOWN STEP	2026-02-25T19:48:35.3526238Z [36;1m  -f '' \[0m
Linux Desktop Tests (3)	UNKNOWN STEP	2026-02-25T19:48:35.3526420Z [36;1m  -a 'X64' \[0m
Linux Desktop Tests (3)	UNKNOWN STEP	2026-02-25T19:48:35.3526620Z [36;1m  -k '' \[0m
Linux Desktop Tests (3)	UNKNOWN STEP	2026-02-25T19:48:35.3526796Z [36;1m  -c '' \[0m
Linux Desktop Tests (3)	UNKNOWN STEP	2026-02-25T19:48:35.3526980Z [36;1m  -l '' \[0m
Linux Desktop Tests (3)	UNKNOWN STEP	2026-02-25T19:48:35.3527177Z [36;1m  -d 'default' \[0m
Linux Desktop Tests (3)	UNKNOWN STEP	2026-02-25T19:48:35.3527476Z [36;1m  -g 'https://github.com/flutter/flutter.git' \[0m
Linux Desktop Tests (3)	UNKNOWN STEP	2026-02-25T19:48:35.3527809Z [36;1m  stable[0m
Linux Desktop Tests (3)	UNKNOWN STEP	2026-02-25T19:48:35.3572460Z shell: /usr/bin/bash --noprofile --norc -e -o pipefail {0}
Linux Desktop Tests (3)	UNKNOWN STEP	2026-02-25T19:48:35.3572796Z env:
Linux Desktop Tests (3)	UNKNOWN STEP	2026-02-25T19:48:35.3572978Z   CACHE_VERSION: v1
Linux Desktop Tests (3)	UNKNOWN STEP	2026-02-25T19:48:35.3573171Z ##[endgroup]
Linux Desktop Tests (3)	UNKNOWN STEP	2026-02-25T19:48:35.5579132Z ##[group]Run actions/cache@v4
Linux Desktop Tests (3)	UNKNOWN STEP	2026-02-25T19:48:35.5579366Z with:
Linux Desktop Tests (3)	UNKNOWN STEP	2026-02-25T19:48:35.5579613Z   path: /opt/hostedtoolcache/flutter/stable-3.41.2-x64
Linux Desktop Tests (3)	UNKNOWN STEP	2026-02-25T19:48:35.5580069Z   key: flutter-linux-stable-3.41.2-x64-90673a4eef275d1a6692c26ac80d6d746d41a73a
Linux Desktop Tests (3)	UNKNOWN STEP	2026-02-25T19:48:35.5580502Z   enableCrossOsArchive: false
Linux Desktop Tests (3)	UNKNOWN STEP	2026-02-25T19:48:35.5580980Z   fail-on-cache-miss: false
Linux Desktop Tests (3)	UNKNOWN STEP	2026-02-25T19:48:35.5581202Z   lookup-only: false
Linux Desktop Tests (3)	UNKNOWN STEP	2026-02-25T19:48:35.5581402Z   save-always: false
Linux Desktop Tests (3)	UNKNOWN STEP	2026-02-25T19:48:35.5581587Z env:
Linux Desktop Tests (3)	UNKNOWN STEP	2026-02-25T19:48:35.5581755Z   CACHE_VERSION: v1
Linux Desktop Tests (3)	UNKNOWN STEP	2026-02-25T19:48:35.5581937Z ##[endgroup]
Linux Desktop Tests (3)	UNKNOWN STEP	2026-02-25T19:48:35.7836853Z Cache hit for: flutter-linux-stable-3.41.2-x64-90673a4eef275d1a6692c26ac80d6d746d41a73a
Linux Desktop Tests (3)	UNKNOWN STEP	2026-02-25T19:48:36.8292476Z Received 218103808 of 1665993529 (13.1%), 205.5 MBs/sec
Linux Desktop Tests (3)	UNKNOWN STEP	2026-02-25T19:48:37.8333359Z Received 440401920 of 1665993529 (26.4%), 208.4 MBs/sec
Linux Desktop Tests (3)	UNKNOWN STEP	2026-02-25T19:48:38.8382044Z Received 679477248 of 1665993529 (40.8%), 214.7 MBs/sec
Linux Desktop Tests (3)	UNKNOWN STEP	2026-02-25T19:48:39.8541421Z Received 939524096 of 1665993529 (56.4%), 222.0 MBs/sec
Linux Desktop Tests (3)	UNKNOWN STEP	2026-02-25T19:48:40.8554989Z Received 1174405120 of 1665993529 (70.5%), 222.3 MBs/sec
Linux Desktop Tests (3)	UNKNOWN STEP	2026-02-25T19:48:41.8608879Z Received 1379926016 of 1665993529 (82.8%), 217.7 MBs/sec
Linux Desktop Tests (3)	UNKNOWN STEP	2026-02-25T19:48:42.9056094Z Received 1610612736 of 1665993529 (96.7%), 216.7 MBs/sec
Linux Desktop Tests (3)	UNKNOWN STEP	2026-02-25T19:48:43.1563098Z Received 1665993529 of 1665993529 (100.0%), 216.5 MBs/sec
Linux Desktop Tests (3)	UNKNOWN STEP	2026-02-25T19:48:43.1569711Z Cache Size: ~1589 MB (1665993529 B)
Linux Desktop Tests (3)	UNKNOWN STEP	2026-02-25T19:48:43.1685725Z [command]/usr/bin/tar -xf /home/runner/work/_temp/01f897dc-4366-46e8-9fef-12b40365f9e8/cache.tzst -P -C /home/runner/work/substitution/substitution --use-compress-program unzstd
Linux Desktop Tests (3)	UNKNOWN STEP	2026-02-25T19:48:48.1539684Z Cache restored successfully
Linux Desktop Tests (3)	UNKNOWN STEP	2026-02-25T19:48:48.4653686Z Cache restored from key: flutter-linux-stable-3.41.2-x64-90673a4eef275d1a6692c26ac80d6d746d41a73a
Linux Desktop Tests (3)	UNKNOWN STEP	2026-02-25T19:48:48.5882689Z ##[group]Run actions/cache@v4
Linux Desktop Tests (3)	UNKNOWN STEP	2026-02-25T19:48:48.5882935Z with:
Linux Desktop Tests (3)	UNKNOWN STEP	2026-02-25T19:48:48.5883136Z   path: /home/runner/.pub-cache
Linux Desktop Tests (3)	UNKNOWN STEP	2026-02-25T19:48:48.5883848Z   key: flutter-pub-linux-stable-3.41.2-x64-90673a4eef275d1a6692c26ac80d6d746d41a73a-fabacfc13d2b7e18a7fb2822593662b03764f624bf41fd351cdabec60fb27783
Linux Desktop Tests (3)	UNKNOWN STEP	2026-02-25T19:48:48.5884586Z   enableCrossOsArchive: false
Linux Desktop Tests (3)	UNKNOWN STEP	2026-02-25T19:48:48.5885101Z   fail-on-cache-miss: false
Linux Desktop Tests (3)	UNKNOWN STEP	2026-02-25T19:48:48.5885337Z   lookup-only: false
Linux Desktop Tests (3)	UNKNOWN STEP	2026-02-25T19:48:48.5885541Z   save-always: false
Linux Desktop Tests (3)	UNKNOWN STEP	2026-02-25T19:48:48.5885726Z env:
Linux Desktop Tests (3)	UNKNOWN STEP	2026-02-25T19:48:48.5885897Z   CACHE_VERSION: v1
Linux Desktop Tests (3)	UNKNOWN STEP	2026-02-25T19:48:48.5886089Z ##[endgroup]
Linux Desktop Tests (3)	UNKNOWN STEP	2026-02-25T19:48:48.8295330Z Cache hit for: flutter-pub-linux-stable-3.41.2-x64-90673a4eef275d1a6692c26ac80d6d746d41a73a-fabacfc13d2b7e18a7fb2822593662b03764f624bf41fd351cdabec60fb27783
Linux Desktop Tests (3)	UNKNOWN STEP	2026-02-25T19:48:49.4793958Z Received 133563121 of 133563121 (100.0%), 213.4 MBs/sec
Linux Desktop Tests (3)	UNKNOWN STEP	2026-02-25T19:48:49.4795178Z Cache Size: ~127 MB (133563121 B)
Linux Desktop Tests (3)	UNKNOWN STEP	2026-02-25T19:48:49.4824063Z [command]/usr/bin/tar -xf /home/runner/work/_temp/cc2b41c8-a122-4438-9463-6dec626f0652/cache.tzst -P -C /home/runner/work/substitution/substitution --use-compress-program unzstd
Linux Desktop Tests (3)	UNKNOWN STEP	2026-02-25T19:48:50.9660881Z Cache restored successfully
Linux Desktop Tests (3)	UNKNOWN STEP	2026-02-25T19:48:51.0015745Z Cache restored from key: flutter-pub-linux-stable-3.41.2-x64-90673a4eef275d1a6692c26ac80d6d746d41a73a-fabacfc13d2b7e18a7fb2822593662b03764f624bf41fd351cdabec60fb27783
Linux Desktop Tests (3)	UNKNOWN STEP	2026-02-25T19:48:51.0142568Z ##[group]Run $GITHUB_ACTION_PATH/setup.sh \
Linux Desktop Tests (3)	UNKNOWN STEP	2026-02-25T19:48:51.0142914Z [36;1m$GITHUB_ACTION_PATH/setup.sh \[0m
Linux Desktop Tests (3)	UNKNOWN STEP	2026-02-25T19:48:51.0143188Z [36;1m  -n '3.41.2' \[0m
Linux Desktop Tests (3)	UNKNOWN STEP	2026-02-25T19:48:51.0143501Z [36;1m  -a 'x64' \[0m
Linux Desktop Tests (3)	UNKNOWN STEP	2026-02-25T19:48:51.0143931Z [36;1m  -c '/opt/hostedtoolcache/flutter/stable-3.41.2-x64' \[0m
Linux Desktop Tests (3)	UNKNOWN STEP	2026-02-25T19:48:51.0144382Z [36;1m  -d '/home/runner/.pub-cache' \[0m
Linux Desktop Tests (3)	UNKNOWN STEP	2026-02-25T19:48:51.0144945Z [36;1m  stable[0m
Linux Desktop Tests (3)	UNKNOWN STEP	2026-02-25T19:48:51.0195694Z shell: /usr/bin/bash --noprofile --norc -e -o pipefail {0}
Linux Desktop Tests (3)	UNKNOWN STEP	2026-02-25T19:48:51.0250558Z env:
Linux Desktop Tests (3)	UNKNOWN STEP	2026-02-25T19:48:51.0251002Z   CACHE_VERSION: v1
Linux Desktop Tests (3)	UNKNOWN STEP	2026-02-25T19:48:51.0251233Z ##[endgroup]
Linux Desktop Tests (3)	UNKNOWN STEP	2026-02-25T19:48:51.2061899Z ##[group]Run flutter precache --linux
Linux Desktop Tests (3)	UNKNOWN STEP	2026-02-25T19:48:51.2062247Z [36;1mflutter precache --linux[0m
Linux Desktop Tests (3)	UNKNOWN STEP	2026-02-25T19:48:51.2062514Z [36;1mflutter pub get[0m
Linux Desktop Tests (3)	UNKNOWN STEP	2026-02-25T19:48:51.2113595Z shell: /usr/bin/bash -e {0}
Linux Desktop Tests (3)	UNKNOWN STEP	2026-02-25T19:48:51.2113853Z env:
Linux Desktop Tests (3)	UNKNOWN STEP	2026-02-25T19:48:51.2114055Z   CACHE_VERSION: v1
Linux Desktop Tests (3)	UNKNOWN STEP	2026-02-25T19:48:51.2114354Z   FLUTTER_ROOT: /opt/hostedtoolcache/flutter/stable-3.41.2-x64
Linux Desktop Tests (3)	UNKNOWN STEP	2026-02-25T19:48:51.2114721Z   PUB_CACHE: /home/runner/.pub-cache
Linux Desktop Tests (3)	UNKNOWN STEP	2026-02-25T19:48:51.2114987Z ##[endgroup]
Linux Desktop Tests (3)	UNKNOWN STEP	2026-02-25T19:48:51.7237046Z Resolving dependencies...
Linux Desktop Tests (3)	UNKNOWN STEP	2026-02-25T19:48:52.0804934Z Downloading packages...
Linux Desktop Tests (3)	UNKNOWN STEP	2026-02-25T19:48:52.1528640Z   _fe_analyzer_shared 91.0.0 (96.0.0 available)
Linux Desktop Tests (3)	UNKNOWN STEP	2026-02-25T19:48:52.1529200Z   analyzer 8.4.1 (10.2.0 available)
Linux Desktop Tests (3)	UNKNOWN STEP	2026-02-25T19:48:52.1529642Z > characters 1.4.1 (was 1.4.0)
Linux Desktop Tests (3)	UNKNOWN STEP	2026-02-25T19:48:52.1530035Z > matcher 0.12.18 (was 0.12.17)
Linux Desktop Tests (3)	UNKNOWN STEP	2026-02-25T19:48:52.1530476Z > material_color_utilities 0.13.0 (was 0.11.1)
Linux Desktop Tests (3)	UNKNOWN STEP	2026-02-25T19:48:52.1531263Z   meta 1.17.0 (1.18.1 available)
Linux Desktop Tests (3)	UNKNOWN STEP	2026-02-25T19:48:52.1531687Z   sqflite_common_ffi 2.3.7+1 (2.4.0+2 available)
Linux Desktop Tests (3)	UNKNOWN STEP	2026-02-25T19:48:52.1532150Z   sqlite3 2.9.4 (3.1.6 available)
Linux Desktop Tests (3)	UNKNOWN STEP	2026-02-25T19:48:52.1532547Z > test_api 0.7.9 (was 0.7.7)
Linux Desktop Tests (3)	UNKNOWN STEP	2026-02-25T19:48:52.1532923Z > test_core 0.6.15 (was 0.6.12)
Linux Desktop Tests (3)	UNKNOWN STEP	2026-02-25T19:48:52.1533627Z   unorm_dart 0.2.0 (0.3.2 available)
Linux Desktop Tests (3)	UNKNOWN STEP	2026-02-25T19:48:52.1534040Z   win32 5.15.0 (6.0.0 available)
Linux Desktop Tests (3)	UNKNOWN STEP	2026-02-25T19:48:52.1534441Z Changed 5 dependencies!
Linux Desktop Tests (3)	UNKNOWN STEP	2026-02-25T19:48:52.1540497Z 7 packages have newer versions incompatible with dependency constraints.
Linux Desktop Tests (3)	UNKNOWN STEP	2026-02-25T19:48:52.1541427Z Try `flutter pub outdated` for more information.
Linux Desktop Tests (3)	UNKNOWN STEP	2026-02-25T19:48:52.7647933Z ##[group]Run flutter config --enable-linux-desktop
Linux Desktop Tests (3)	UNKNOWN STEP	2026-02-25T19:48:52.7648381Z [36;1mflutter config --enable-linux-desktop[0m
Linux Desktop Tests (3)	UNKNOWN STEP	2026-02-25T19:48:52.7697595Z shell: /usr/bin/bash -e {0}
Linux Desktop Tests (3)	UNKNOWN STEP	2026-02-25T19:48:52.7697849Z env:
Linux Desktop Tests (3)	UNKNOWN STEP	2026-02-25T19:48:52.7698030Z   CACHE_VERSION: v1
Linux Desktop Tests (3)	UNKNOWN STEP	2026-02-25T19:48:52.7698341Z   FLUTTER_ROOT: /opt/hostedtoolcache/flutter/stable-3.41.2-x64
Linux Desktop Tests (3)	UNKNOWN STEP	2026-02-25T19:48:52.7698707Z   PUB_CACHE: /home/runner/.pub-cache
Linux Desktop Tests (3)	UNKNOWN STEP	2026-02-25T19:48:52.7698969Z ##[endgroup]
Linux Desktop Tests (3)	UNKNOWN STEP	2026-02-25T19:48:52.8881434Z Setting "enable-linux-desktop" value to "true".
Linux Desktop Tests (3)	UNKNOWN STEP	2026-02-25T19:48:52.8882337Z 
Linux Desktop Tests (3)	UNKNOWN STEP	2026-02-25T19:48:52.8882682Z You may need to restart any open editors for them to read new settings.
Linux Desktop Tests (3)	UNKNOWN STEP	2026-02-25T19:48:52.8965581Z ##[group]Run docker compose up -d postgres matrix-synapse redis
Linux Desktop Tests (3)	UNKNOWN STEP	2026-02-25T19:48:52.8966106Z [36;1mdocker compose up -d postgres matrix-synapse redis[0m
Linux Desktop Tests (3)	UNKNOWN STEP	2026-02-25T19:48:52.8966449Z [36;1msleep 10[0m
Linux Desktop Tests (3)	UNKNOWN STEP	2026-02-25T19:48:52.8966699Z [36;1mdocker compose run --rm matrix-init[0m
Linux Desktop Tests (3)	UNKNOWN STEP	2026-02-25T19:48:52.8967285Z [36;1mtimeout 60 bash -c 'until curl -sf http://localhost:8008/_matrix/client/versions > /dev/null 2>&1; do sleep 2; done'[0m
Linux Desktop Tests (3)	UNKNOWN STEP	2026-02-25T19:48:52.9018409Z shell: /usr/bin/bash -e {0}
Linux Desktop Tests (3)	UNKNOWN STEP	2026-02-25T19:48:52.9018672Z env:
Linux Desktop Tests (3)	UNKNOWN STEP	2026-02-25T19:48:52.9018865Z   CACHE_VERSION: v1
Linux Desktop Tests (3)	UNKNOWN STEP	2026-02-25T19:48:52.9019178Z   FLUTTER_ROOT: /opt/hostedtoolcache/flutter/stable-3.41.2-x64
Linux Desktop Tests (3)	UNKNOWN STEP	2026-02-25T19:48:52.9019545Z   PUB_CACHE: /home/runner/.pub-cache
Linux Desktop Tests (3)	UNKNOWN STEP	2026-02-25T19:48:52.9019811Z ##[endgroup]
Linux Desktop Tests (3)	UNKNOWN STEP	2026-02-25T19:48:53.1981067Z time="2026-02-25T19:48:53Z" level=warning msg="/home/runner/work/substitution/substitution/docker-compose.yml: the attribute `version` is obsolete, it will be ignored, please remove it to avoid potential confusion"
Linux Desktop Tests (3)	UNKNOWN STEP	2026-02-25T19:48:53.2056813Z  matrix-synapse Pulling 
Linux Desktop Tests (3)	UNKNOWN STEP	2026-02-25T19:48:53.2057264Z  dex Pulling 
Linux Desktop Tests (3)	UNKNOWN STEP	2026-02-25T19:48:53.2057518Z  redis Pulling 
Linux Desktop Tests (3)	UNKNOWN STEP	2026-02-25T19:48:53.2058016Z  postgres Pulling 
Linux Desktop Tests (3)	UNKNOWN STEP	2026-02-25T19:48:53.5230385Z  d25f557d7f31 Pulling fs layer 
Linux Desktop Tests (3)	UNKNOWN STEP	2026-02-25T19:48:53.5232840Z  9acd5b82521c Pulling fs layer 
Linux Desktop Tests (3)	UNKNOWN STEP	2026-02-25T19:48:53.5234349Z  10d78728ec4d Pulling fs layer 
Linux Desktop Tests (3)	UNKNOWN STEP	2026-02-25T19:48:53.5235962Z  e0d49f520b92 Pulling fs layer 
Linux Desktop Tests (3)	UNKNOWN STEP	2026-02-25T19:48:53.5236449Z  5de905603ac5 Pulling fs layer 
Linux Desktop Tests (3)	UNKNOWN STEP	2026-02-25T19:48:53.5236868Z  808bb02340fa Pulling fs layer 
Linux Desktop Tests (3)	UNKNOWN STEP	2026-02-25T19:48:53.5237274Z  c0970b69197c Pulling fs layer 
Linux Desktop Tests (3)	UNKNOWN STEP	2026-02-25T19:48:53.5237687Z  9de5f206730a Pulling fs layer 
Linux Desktop Tests (3)	UNKNOWN STEP	2026-02-25T19:48:53.5238092Z  24e28b7dc0a2 Pulling fs layer 
Linux Desktop Tests (3)	UNKNOWN STEP	2026-02-25T19:48:53.5238481Z  830180cf89a8 Pulling fs layer 
Linux Desktop Tests (3)	UNKNOWN STEP	2026-02-25T19:48:53.5238842Z  808bb02340fa Waiting 
Linux Desktop Tests (3)	UNKNOWN STEP	2026-02-25T19:48:53.5239147Z  c0970b69197c Waiting 
Linux Desktop Tests (3)	UNKNOWN STEP	2026-02-25T19:48:53.5239452Z  9de5f206730a Waiting 
Linux Desktop Tests (3)	UNKNOWN STEP	2026-02-25T19:48:53.5239787Z  24e28b7dc0a2 Waiting 
Linux Desktop Tests (3)	UNKNOWN STEP	2026-02-25T19:48:53.5240087Z  830180cf89a8 Waiting 
Linux Desktop Tests (3)	UNKNOWN STEP	2026-02-25T19:48:53.5240411Z  e0d49f520b92 Waiting 
Linux Desktop Tests (3)	UNKNOWN STEP	2026-02-25T19:48:53.5241034Z  5de905603ac5 Waiting 
Linux Desktop Tests (3)	UNKNOWN STEP	2026-02-25T19:48:53.5905905Z  9acd5b82521c Downloading [>                                                  ]  1.378kB/127.5kB
Linux Desktop Tests (3)	UNKNOWN STEP	2026-02-25T19:48:53.5907108Z  10d78728ec4d Downloading [==================================================>]     122B/122B
Linux Desktop Tests (3)	UNKNOWN STEP	2026-02-25T19:48:53.5907838Z  10d78728ec4d Verifying Checksum 
Linux Desktop Tests (3)	UNKNOWN STEP	2026-02-25T19:48:53.5908347Z  10d78728ec4d Download complete 
Linux Desktop Tests (3)	UNKNOWN STEP	2026-02-25T19:48:53.5946920Z  0c8d55a45c0d Pulling fs layer 
Linux Desktop Tests (3)	UNKNOWN STEP	2026-02-25T19:48:53.5947738Z  03af238a5946 Pulling fs layer 
Linux Desktop Tests (3)	UNKNOWN STEP	2026-02-25T19:48:53.5948543Z  686599c79c87 Pulling fs layer 
Linux Desktop Tests (3)	UNKNOWN STEP	2026-02-25T19:48:53.5949242Z  f1cadbd7abd2 Pulling fs layer 
Linux Desktop Tests (3)	UNKNOWN STEP	2026-02-25T19:48:53.5949755Z  3ee96ea8e5d2 Pulling fs layer 
Linux Desktop Tests (3)	UNKNOWN STEP	2026-02-25T19:48:53.5950221Z  a954d256f742 Pulling fs layer 
Linux Desktop Tests (3)	UNKNOWN STEP	2026-02-25T19:48:53.5951000Z  c7ce85987d6d Pulling fs layer 
Linux Desktop Tests (3)	UNKNOWN STEP	2026-02-25T19:48:53.5952159Z  7807da78b90b Pulling fs layer 
Linux Desktop Tests (3)	UNKNOWN STEP	2026-02-25T19:48:53.5952942Z  0478cd5c1079 Pulling fs layer 
Linux Desktop Tests (3)	UNKNOWN STEP	2026-02-25T19:48:53.5953392Z  3a02ac06be95 Pulling fs layer 
Linux Desktop Tests (3)	UNKNOWN STEP	2026-02-25T19:48:53.5954477Z  3ee96ea8e5d2 Waiting 
Linux Desktop Tests (3)	UNKNOWN STEP	2026-02-25T19:48:53.5954926Z  a954d256f742 Waiting 
Linux Desktop Tests (3)	UNKNOWN STEP	2026-02-25T19:48:53.5955308Z  c7ce85987d6d Waiting 
Linux Desktop Tests (3)	UNKNOWN STEP	2026-02-25T19:48:53.5955652Z  7807da78b90b Waiting 
Linux Desktop Tests (3)	UNKNOWN STEP	2026-02-25T19:48:53.5956037Z  0478cd5c1079 Waiting 
Linux Desktop Tests (3)	UNKNOWN STEP	2026-02-25T19:48:53.5956407Z  3a02ac06be95 Waiting 
Linux Desktop Tests (3)	UNKNOWN STEP	2026-02-25T19:48:53.5957065Z  0c8d55a45c0d Waiting 
Linux Desktop Tests (3)	UNKNOWN STEP	2026-02-25T19:48:53.5957642Z  03af238a5946 Waiting 
Linux Desktop Tests (3)	UNKNOWN STEP	2026-02-25T19:48:53.6003937Z  9acd5b82521c Downloading [==================================================>]  127.5kB/127.5kB
Linux Desktop Tests (3)	UNKNOWN STEP	2026-02-25T19:48:53.6006656Z  9acd5b82521c Verifying Checksum 
Linux Desktop Tests (3)	UNKNOWN STEP	2026-02-25T19:48:53.6007169Z  9acd5b82521c Download complete 
Linux Desktop Tests (3)	UNKNOWN STEP	2026-02-25T19:48:53.6007858Z  d25f557d7f31 Downloading [>                                                  ]  49.15kB/3.622MB
Linux Desktop Tests (3)	UNKNOWN STEP	2026-02-25T19:48:53.6089078Z  589002ba0eae Pulling fs layer 
Linux Desktop Tests (3)	UNKNOWN STEP	2026-02-25T19:48:53.6090016Z  5ffb427686b6 Pulling fs layer 
Linux Desktop Tests (3)	UNKNOWN STEP	2026-02-25T19:48:53.6090524Z  630177b00352 Pulling fs layer 
Linux Desktop Tests (3)	UNKNOWN STEP	2026-02-25T19:48:53.6091155Z  6c18ff1f33d0 Pulling fs layer 
Linux Desktop Tests (3)	UNKNOWN STEP	2026-02-25T19:48:53.6092067Z  13e46e455d3b Pulling fs layer 
Linux Desktop Tests (3)	UNKNOWN STEP	2026-02-25T19:48:53.6092540Z  b4403f29458a Pulling fs layer 
Linux Desktop Tests (3)	UNKNOWN STEP	2026-02-25T19:48:53.6092994Z  40aaa75af6ce Pulling fs layer 
Linux Desktop Tests (3)	UNKNOWN STEP	2026-02-25T19:48:53.6093436Z  162bdab1e0a7 Pulling fs layer 
Linux Desktop Tests (3)	UNKNOWN STEP	2026-02-25T19:48:53.6093863Z  ebff7b0ec73e Pulling fs layer 
Linux Desktop Tests (3)	UNKNOWN STEP	2026-02-25T19:48:53.6094288Z  c02179436571 Pulling fs layer 
Linux Desktop Tests (3)	UNKNOWN STEP	2026-02-25T19:48:53.6094697Z  8243369e9866 Pulling fs layer 
Linux Desktop Tests (3)	UNKNOWN STEP	2026-02-25T19:48:53.6095102Z  630177b00352 Waiting 
Linux Desktop Tests (3)	UNKNOWN STEP	2026-02-25T19:48:53.6095477Z  6c18ff1f33d0 Waiting 
Linux Desktop Tests (3)	UNKNOWN STEP	2026-02-25T19:48:53.6095846Z  589002ba0eae Waiting 
Linux Desktop Tests (3)	UNKNOWN STEP	2026-02-25T19:48:53.6096210Z  13e46e455d3b Waiting 
Linux Desktop Tests (3)	UNKNOWN STEP	2026-02-25T19:48:53.6096574Z  ebff7b0ec73e Waiting 
Linux Desktop Tests (3)	UNKNOWN STEP	2026-02-25T19:48:53.6096933Z  b4403f29458a Waiting 
Linux Desktop Tests (3)	UNKNOWN STEP	2026-02-25T19:48:53.6097276Z  c02179436571 Waiting 
Linux Desktop Tests (3)	UNKNOWN STEP	2026-02-25T19:48:53.6097628Z  40aaa75af6ce Waiting 
Linux Desktop Tests (3)	UNKNOWN STEP	2026-02-25T19:48:53.6098057Z  8243369e9866 Waiting 
Linux Desktop Tests (3)	UNKNOWN STEP	2026-02-25T19:48:53.6098280Z  5ffb427686b6 Waiting 
Linux Desktop Tests (3)	UNKNOWN STEP	2026-02-25T19:48:53.6098499Z  162bdab1e0a7 Waiting 
Linux Desktop Tests (3)	UNKNOWN STEP	2026-02-25T19:48:53.6262341Z  bc1da058f299 Pulling fs layer 
Linux Desktop Tests (3)	UNKNOWN STEP	2026-02-25T19:48:53.6263250Z  09a5a0c32a23 Pulling fs layer 
Linux Desktop Tests (3)	UNKNOWN STEP	2026-02-25T19:48:53.6263931Z  bd53938b1271 Pulling fs layer 
Linux Desktop Tests (3)	UNKNOWN STEP	2026-02-25T19:48:53.6264539Z  9fe3744a2eac Pulling fs layer 
Linux Desktop Tests (3)	UNKNOWN STEP	2026-02-25T19:48:53.6264976Z  7ad54b3c4cef Pulling fs layer 
Linux Desktop Tests (3)	UNKNOWN STEP	2026-02-25T19:48:53.6265630Z  2a97533d89ca Pulling fs layer 
Linux Desktop Tests (3)	UNKNOWN STEP	2026-02-25T19:48:53.6266251Z  4f4fb700ef54 Pulling fs layer 
Linux Desktop Tests (3)	UNKNOWN STEP	2026-02-25T19:48:53.6266699Z  1c2c8d1ee428 Pulling fs layer 
Linux Desktop Tests (3)	UNKNOWN STEP	2026-02-25T19:48:53.6267322Z  bc1da058f299 Waiting 
Linux Desktop Tests (3)	UNKNOWN STEP	2026-02-25T19:48:53.6267904Z  09a5a0c32a23 Waiting 
Linux Desktop Tests (3)	UNKNOWN STEP	2026-02-25T19:48:53.6268297Z  bd53938b1271 Waiting 
Linux Desktop Tests (3)	UNKNOWN STEP	2026-02-25T19:48:53.6268877Z  9fe3744a2eac Waiting 
Linux Desktop Tests (3)	UNKNOWN STEP	2026-02-25T19:48:53.6269225Z  4f4fb700ef54 Waiting 
Linux Desktop Tests (3)	UNKNOWN STEP	2026-02-25T19:48:53.6269800Z  7ad54b3c4cef Waiting 
Linux Desktop Tests (3)	UNKNOWN STEP	2026-02-25T19:48:53.6270514Z  1c2c8d1ee428 Waiting 
Linux Desktop Tests (3)	UNKNOWN STEP	2026-02-25T19:48:53.6271305Z  2a97533d89ca Waiting 
Linux Desktop Tests (3)	UNKNOWN STEP	2026-02-25T19:48:53.6313860Z  d25f557d7f31 Download complete 
Linux Desktop Tests (3)	UNKNOWN STEP	2026-02-25T19:48:53.6329322Z  d25f557d7f31 Extracting [>                                                  ]  65.54kB/3.622MB
Linux Desktop Tests (3)	UNKNOWN STEP	2026-02-25T19:48:53.6646291Z  e0d49f520b92 Downloading [==================================================>]     961B/961B
Linux Desktop Tests (3)	UNKNOWN STEP	2026-02-25T19:48:53.6650581Z  e0d49f520b92 Verifying Checksum 
Linux Desktop Tests (3)	UNKNOWN STEP	2026-02-25T19:48:53.6654505Z  e0d49f520b92 Download complete 
Linux Desktop Tests (3)	UNKNOWN STEP	2026-02-25T19:48:53.6777107Z  5de905603ac5 Downloading [====>                                              ]  1.378kB/17.03kB
Linux Desktop Tests (3)	UNKNOWN STEP	2026-02-25T19:48:53.6782158Z  5de905603ac5 Downloading [==================================================>]  17.03kB/17.03kB
Linux Desktop Tests (3)	UNKNOWN STEP	2026-02-25T19:48:53.6782888Z  5de905603ac5 Verifying Checksum 
Linux Desktop Tests (3)	UNKNOWN STEP	2026-02-25T19:48:53.6784217Z  5de905603ac5 Download complete 
Linux Desktop Tests (3)	UNKNOWN STEP	2026-02-25T19:48:53.7078674Z  d25f557d7f31 Extracting [==================================================>]  3.622MB/3.622MB
Linux Desktop Tests (3)	UNKNOWN STEP	2026-02-25T19:48:53.7085383Z  808bb02340fa Downloading [>                                                  ]  1.378kB/90.98kB
Linux Desktop Tests (3)	UNKNOWN STEP	2026-02-25T19:48:53.7144127Z  808bb02340fa Downloading [==================================================>]  90.98kB/90.98kB
Linux Desktop Tests (3)	UNKNOWN STEP	2026-02-25T19:48:53.7145254Z  808bb02340fa Download complete 
Linux Desktop Tests (3)	UNKNOWN STEP	2026-02-25T19:48:53.7440988Z  c0970b69197c Downloading [>                                                  ]  163.8kB/14.88MB
Linux Desktop Tests (3)	UNKNOWN STEP	2026-02-25T19:48:53.7479892Z  9de5f206730a Downloading [>                                                  ]  8.268kB/766.3kB
Linux Desktop Tests (3)	UNKNOWN STEP	2026-02-25T19:48:53.7537397Z  d25f557d7f31 Pull complete 
Linux Desktop Tests (3)	UNKNOWN STEP	2026-02-25T19:48:53.7558350Z  9acd5b82521c Extracting [============>                                      ]  32.77kB/127.5kB
Linux Desktop Tests (3)	UNKNOWN STEP	2026-02-25T19:48:53.7569562Z  9acd5b82521c Extracting [==================================================>]  127.5kB/127.5kB
Linux Desktop Tests (3)	UNKNOWN STEP	2026-02-25T19:48:53.7715779Z  9de5f206730a Downloading [==================================================>]  766.3kB/766.3kB
Linux Desktop Tests (3)	UNKNOWN STEP	2026-02-25T19:48:53.7717409Z  9de5f206730a Verifying Checksum 
Linux Desktop Tests (3)	UNKNOWN STEP	2026-02-25T19:48:53.7720393Z  9de5f206730a Download complete 
Linux Desktop Tests (3)	UNKNOWN STEP	2026-02-25T19:48:53.7981793Z  24e28b7dc0a2 Downloading [>                                                  ]  1.378kB/83.13kB
Linux Desktop Tests (3)	UNKNOWN STEP	2026-02-25T19:48:53.8037794Z  24e28b7dc0a2 Downloading [==================================================>]  83.13kB/83.13kB
Linux Desktop Tests (3)	UNKNOWN STEP	2026-02-25T19:48:53.8046017Z  24e28b7dc0a2 Download complete 
Linux Desktop Tests (3)	UNKNOWN STEP	2026-02-25T19:48:53.8128736Z  c0970b69197c Verifying Checksum 
Linux Desktop Tests (3)	UNKNOWN STEP	2026-02-25T19:48:53.8129341Z  c0970b69197c Download complete 
Linux Desktop Tests (3)	UNKNOWN STEP	2026-02-25T19:48:53.8545633Z  830180cf89a8 Downloading [>                                                  ]  147.5kB/14.63MB
Linux Desktop Tests (3)	UNKNOWN STEP	2026-02-25T19:48:53.9137979Z  830180cf89a8 Verifying Checksum 
Linux Desktop Tests (3)	UNKNOWN STEP	2026-02-25T19:48:53.9218647Z  0c8d55a45c0d Downloading [>                                                  ]  304.2kB/29.78MB
Linux Desktop Tests (3)	UNKNOWN STEP	2026-02-25T19:48:53.9790949Z  03af238a5946 Downloading [>                                                  ]  13.04kB/1.293MB
Linux Desktop Tests (3)	UNKNOWN STEP	2026-02-25T19:48:54.0068076Z  03af238a5946 Verifying Checksum 
Linux Desktop Tests (3)	UNKNOWN STEP	2026-02-25T19:48:54.0070267Z  03af238a5946 Download complete 
Linux Desktop Tests (3)	UNKNOWN STEP	2026-02-25T19:48:54.0265214Z  0c8d55a45c0d Downloading [========================>                          ]   14.5MB/29.78MB
Linux Desktop Tests (3)	UNKNOWN STEP	2026-02-25T19:48:54.0276047Z  686599c79c87 Downloading [>                                                  ]  122.1kB/11.8MB
Linux Desktop Tests (3)	UNKNOWN STEP	2026-02-25T19:48:54.0960416Z  f1cadbd7abd2 Downloading [==================================================>]     252B/252B
Linux Desktop Tests (3)	UNKNOWN STEP	2026-02-25T19:48:54.0961574Z  f1cadbd7abd2 Verifying Checksum 
Linux Desktop Tests (3)	UNKNOWN STEP	2026-02-25T19:48:54.0962049Z  f1cadbd7abd2 Download complete 
Linux Desktop Tests (3)	UNKNOWN STEP	2026-02-25T19:48:54.0999825Z  0c8d55a45c0d Download complete 
Linux Desktop Tests (3)	UNKNOWN STEP	2026-02-25T19:48:54.1378569Z  686599c79c87 Downloading [==================>                                ]   4.45MB/11.8MB
Linux Desktop Tests (3)	UNKNOWN STEP	2026-02-25T19:48:54.1798348Z  3ee96ea8e5d2 Downloading [==================================================>]     250B/250B
Linux Desktop Tests (3)	UNKNOWN STEP	2026-02-25T19:48:54.1799096Z  3ee96ea8e5d2 Verifying Checksum 
Linux Desktop Tests (3)	UNKNOWN STEP	2026-02-25T19:48:54.1799518Z  3ee96ea8e5d2 Download complete 
Linux Desktop Tests (3)	UNKNOWN STEP	2026-02-25T19:48:54.2055591Z  a954d256f742 Downloading [>                                                  ]  221.7kB/21.98MB
Linux Desktop Tests (3)	UNKNOWN STEP	2026-02-25T19:48:54.2491410Z  686599c79c87 Downloading [================================>                  ]  7.641MB/11.8MB
Linux Desktop Tests (3)	UNKNOWN STEP	2026-02-25T19:48:54.2625079Z  c7ce85987d6d Downloading [==>                                                ]     719B/13.29kB
Linux Desktop Tests (3)	UNKNOWN STEP	2026-02-25T19:48:54.2626697Z  c7ce85987d6d Downloading [==================================================>]  13.29kB/13.29kB
Linux Desktop Tests (3)	UNKNOWN STEP	2026-02-25T19:48:54.2627641Z  c7ce85987d6d Verifying Checksum 
Linux Desktop Tests (3)	UNKNOWN STEP	2026-02-25T19:48:54.2628224Z  c7ce85987d6d Download complete 
Linux Desktop Tests (3)	UNKNOWN STEP	2026-02-25T19:48:54.2888785Z  686599c79c87 Verifying Checksum 
Linux Desktop Tests (3)	UNKNOWN STEP	2026-02-25T19:48:54.2889132Z  686599c79c87 Download complete 
Linux Desktop Tests (3)	UNKNOWN STEP	2026-02-25T19:48:54.3406558Z  a954d256f742 Downloading [===============>                                   ]  6.852MB/21.98MB
Linux Desktop Tests (3)	UNKNOWN STEP	2026-02-25T19:48:54.3891879Z  7807da78b90b Downloading [>                                                  ]  462.7kB/45.54MB
Linux Desktop Tests (3)	UNKNOWN STEP	2026-02-25T19:48:54.4566282Z  a954d256f742 Downloading [=============================>                     ]  12.82MB/21.98MB
Linux Desktop Tests (3)	UNKNOWN STEP	2026-02-25T19:48:54.4949684Z  7807da78b90b Downloading [============>                                      ]  11.58MB/45.54MB
Linux Desktop Tests (3)	UNKNOWN STEP	2026-02-25T19:48:54.5991546Z  7807da78b90b Downloading [================>                                  ]  15.27MB/45.54MB
Linux Desktop Tests (3)	UNKNOWN STEP	2026-02-25T19:48:54.6050884Z  0c8d55a45c0d Extracting [>                                                  ]  327.7kB/29.78MB
Linux Desktop Tests (3)	UNKNOWN STEP	2026-02-25T19:48:54.6858821Z  0478cd5c1079 Downloading [==========>                                        ]     720B/3.507kB
Linux Desktop Tests (3)	UNKNOWN STEP	2026-02-25T19:48:54.6860506Z  0478cd5c1079 Downloading [==================================================>]  3.507kB/3.507kB
Linux Desktop Tests (3)	UNKNOWN STEP	2026-02-25T19:48:54.6861673Z  0478cd5c1079 Verifying Checksum 
Linux Desktop Tests (3)	UNKNOWN STEP	2026-02-25T19:48:54.6862138Z  0478cd5c1079 Download complete 
Linux Desktop Tests (3)	UNKNOWN STEP	2026-02-25T19:48:54.7069269Z  7807da78b90b Downloading [==============================>                    ]  27.78MB/45.54MB
Linux Desktop Tests (3)	UNKNOWN STEP	2026-02-25T19:48:54.7078837Z  0c8d55a45c0d Extracting [===========>                                       ]  6.554MB/29.78MB
Linux Desktop Tests (3)	UNKNOWN STEP	2026-02-25T19:48:54.7592024Z  a954d256f742 Downloading [====================================>              ]  16.06MB/21.98MB
Linux Desktop Tests (3)	UNKNOWN STEP	2026-02-25T19:48:54.7879363Z  7807da78b90b Verifying Checksum 
Linux Desktop Tests (3)	UNKNOWN STEP	2026-02-25T19:48:54.7879901Z  7807da78b90b Download complete 
Linux Desktop Tests (3)	UNKNOWN STEP	2026-02-25T19:48:54.7891723Z  3a02ac06be95 Downloading [==========>                                        ]     720B/3.462kB
Linux Desktop Tests (3)	UNKNOWN STEP	2026-02-25T19:48:54.7893027Z  3a02ac06be95 Verifying Checksum 
Linux Desktop Tests (3)	UNKNOWN STEP	2026-02-25T19:48:54.7894318Z  3a02ac06be95 Download complete 
Linux Desktop Tests (3)	UNKNOWN STEP	2026-02-25T19:48:54.8121114Z  0c8d55a45c0d Extracting [=================>                                 ]  10.49MB/29.78MB
Linux Desktop Tests (3)	UNKNOWN STEP	2026-02-25T19:48:54.8614720Z  a954d256f742 Downloading [============================================>      ]  19.49MB/21.98MB
Linux Desktop Tests (3)	UNKNOWN STEP	2026-02-25T19:48:54.8745179Z  5ffb427686b6 Downloading [=====================================>             ]     721B/972B
Linux Desktop Tests (3)	UNKNOWN STEP	2026-02-25T19:48:54.8748437Z  5ffb427686b6 Downloading [==================================================>]     972B/972B
Linux Desktop Tests (3)	UNKNOWN STEP	2026-02-25T19:48:54.8749202Z  5ffb427686b6 Verifying Checksum 
Linux Desktop Tests (3)	UNKNOWN STEP	2026-02-25T19:48:54.8749675Z  5ffb427686b6 Download complete 
Linux Desktop Tests (3)	UNKNOWN STEP	2026-02-25T19:48:54.9122079Z  a954d256f742 Verifying Checksum 
Linux Desktop Tests (3)	UNKNOWN STEP	2026-02-25T19:48:54.9122608Z  a954d256f742 Download complete 
Linux Desktop Tests (3)	UNKNOWN STEP	2026-02-25T19:48:54.9137287Z  0c8d55a45c0d Extracting [========================>                          ]  14.75MB/29.78MB
Linux Desktop Tests (3)	UNKNOWN STEP	2026-02-25T19:48:54.9448258Z  589002ba0eae Downloading [>                                                  ]  39.49kB/3.862MB
Linux Desktop Tests (3)	UNKNOWN STEP	2026-02-25T19:48:54.9888350Z  589002ba0eae Verifying Checksum 
Linux Desktop Tests (3)	UNKNOWN STEP	2026-02-25T19:48:54.9897567Z  589002ba0eae Download complete 
Linux Desktop Tests (3)	UNKNOWN STEP	2026-02-25T19:48:54.9901557Z  589002ba0eae Extracting [>                                                  ]  65.54kB/3.862MB
Linux Desktop Tests (3)	UNKNOWN STEP	2026-02-25T19:48:55.0015100Z  6c18ff1f33d0 Downloading [==================================================>]     173B/173B
Linux Desktop Tests (3)	UNKNOWN STEP	2026-02-25T19:48:55.0016137Z  6c18ff1f33d0 Verifying Checksum 
Linux Desktop Tests (3)	UNKNOWN STEP	2026-02-25T19:48:55.0016608Z  6c18ff1f33d0 Download complete 
Linux Desktop Tests (3)	UNKNOWN STEP	2026-02-25T19:48:55.0022139Z  630177b00352 Downloading [>                                                  ]  9.561kB/922.9kB
Linux Desktop Tests (3)	UNKNOWN STEP	2026-02-25T19:48:55.0152963Z  0c8d55a45c0d Extracting [=====================================>             ]  22.61MB/29.78MB
Linux Desktop Tests (3)	UNKNOWN STEP	2026-02-25T19:48:55.0682899Z  630177b00352 Verifying Checksum 
Linux Desktop Tests (3)	UNKNOWN STEP	2026-02-25T19:48:55.0684837Z  630177b00352 Download complete 
Linux Desktop Tests (3)	UNKNOWN STEP	2026-02-25T19:48:55.0690322Z  13e46e455d3b Downloading [==================================================>]     116B/116B
Linux Desktop Tests (3)	UNKNOWN STEP	2026-02-25T19:48:55.0694478Z  13e46e455d3b Verifying Checksum 
Linux Desktop Tests (3)	UNKNOWN STEP	2026-02-25T19:48:55.0695212Z  13e46e455d3b Download complete 
Linux Desktop Tests (3)	UNKNOWN STEP	2026-02-25T19:48:55.1694716Z  162bdab1e0a7 Downloading [==================================================>]     128B/128B
Linux Desktop Tests (3)	UNKNOWN STEP	2026-02-25T19:48:55.2073540Z  40aaa75af6ce Downloading [===>                                               ]     700B/9.62kB
Linux Desktop Tests (3)	UNKNOWN STEP	2026-02-25T19:48:55.2272534Z  40aaa75af6ce Downloading [==================================================>]   9.62kB/9.62kB
Linux Desktop Tests (3)	UNKNOWN STEP	2026-02-25T19:48:55.2273540Z  162bdab1e0a7 Verifying Checksum 
Linux Desktop Tests (3)	UNKNOWN STEP	2026-02-25T19:48:55.2274394Z  40aaa75af6ce Verifying Checksum 
Linux Desktop Tests (3)	UNKNOWN STEP	2026-02-25T19:48:55.2274854Z  162bdab1e0a7 Download complete 
Linux Desktop Tests (3)	UNKNOWN STEP	2026-02-25T19:48:55.2275281Z  40aaa75af6ce Download complete 
Linux Desktop Tests (3)	UNKNOWN STEP	2026-02-25T19:48:55.2764553Z  589002ba0eae Extracting [===>                                               ]  262.1kB/3.862MB
Linux Desktop Tests (3)	UNKNOWN STEP	2026-02-25T19:48:55.3184784Z  b4403f29458a Downloading [>                                                  ]  533.7kB/105.2MB
Linux Desktop Tests (3)	UNKNOWN STEP	2026-02-25T19:48:55.3239913Z  c02179436571 Downloading [=====>                                             ]     700B/5.84kB
Linux Desktop Tests (3)	UNKNOWN STEP	2026-02-25T19:48:55.3242133Z  c02179436571 Downloading [==================================================>]   5.84kB/5.84kB
Linux Desktop Tests (3)	UNKNOWN STEP	2026-02-25T19:48:55.3243083Z  c02179436571 Verifying Checksum 
Linux Desktop Tests (3)	UNKNOWN STEP	2026-02-25T19:48:55.3243545Z  c02179436571 Download complete 
Linux Desktop Tests (3)	UNKNOWN STEP	2026-02-25T19:48:55.3549708Z  ebff7b0ec73e Downloading [==================================================>]     170B/170B
Linux Desktop Tests (3)	UNKNOWN STEP	2026-02-25T19:48:55.3550827Z  ebff7b0ec73e Verifying Checksum 
Linux Desktop Tests (3)	UNKNOWN STEP	2026-02-25T19:48:55.3551704Z  ebff7b0ec73e Download complete 
Linux Desktop Tests (3)	UNKNOWN STEP	2026-02-25T19:48:55.3761505Z  589002ba0eae Extracting [===========>                                       ]  917.5kB/3.862MB
Linux Desktop Tests (3)	UNKNOWN STEP	2026-02-25T19:48:55.3848349Z  0c8d55a45c0d Extracting [============================================>      ]  26.21MB/29.78MB
Linux Desktop Tests (3)	UNKNOWN STEP	2026-02-25T19:48:55.4453447Z  b4403f29458a Downloading [=>                                                 ]  3.211MB/105.2MB
Linux Desktop Tests (3)	UNKNOWN STEP	2026-02-25T19:48:55.4495105Z  589002ba0eae Extracting [==================================================>]  3.862MB/3.862MB
Linux Desktop Tests (3)	UNKNOWN STEP	2026-02-25T19:48:55.4501781Z  589002ba0eae Extracting [==================================================>]  3.862MB/3.862MB
Linux Desktop Tests (3)	UNKNOWN STEP	2026-02-25T19:48:55.4633926Z  bc1da058f299 Downloading [>                                                  ]  36.77kB/3.644MB
Linux Desktop Tests (3)	UNKNOWN STEP	2026-02-25T19:48:55.4662639Z  8243369e9866 Downloading [==================================================>]     186B/186B
Linux Desktop Tests (3)	UNKNOWN STEP	2026-02-25T19:48:55.4664386Z  8243369e9866 Verifying Checksum 
Linux Desktop Tests (3)	UNKNOWN STEP	2026-02-25T19:48:55.4666151Z  8243369e9866 Download complete 
Linux Desktop Tests (3)	UNKNOWN STEP	2026-02-25T19:48:55.5086962Z  bc1da058f299 Verifying Checksum 
Linux Desktop Tests (3)	UNKNOWN STEP	2026-02-25T19:48:55.5087474Z  bc1da058f299 Download complete 
Linux Desktop Tests (3)	UNKNOWN STEP	2026-02-25T19:48:55.5091862Z  bc1da058f299 Extracting [>                                                  ]  65.54kB/3.644MB
Linux Desktop Tests (3)	UNKNOWN STEP	2026-02-25T19:48:55.5382477Z  589002ba0eae Pull complete 
Linux Desktop Tests (3)	UNKNOWN STEP	2026-02-25T19:48:55.5811272Z  09a5a0c32a23 Downloading [======================================>            ]     721B/948B
Linux Desktop Tests (3)	UNKNOWN STEP	2026-02-25T19:48:55.5811843Z  09a5a0c32a23 Downloading [==================================================>]     948B/948B
Linux Desktop Tests (3)	UNKNOWN STEP	2026-02-25T19:48:55.5812256Z  09a5a0c32a23 Verifying Checksum 
Linux Desktop Tests (3)	UNKNOWN STEP	2026-02-25T19:48:55.5812524Z  09a5a0c32a23 Download complete 
Linux Desktop Tests (3)	UNKNOWN STEP	2026-02-25T19:48:55.6338272Z  5ffb427686b6 Extracting [==================================================>]     972B/972B
Linux Desktop Tests (3)	UNKNOWN STEP	2026-02-25T19:48:55.6340381Z  bc1da058f299 Extracting [=========>                                         ]  720.9kB/3.644MB
Linux Desktop Tests (3)	UNKNOWN STEP	2026-02-25T19:48:55.6341632Z  5ffb427686b6 Extracting [==================================================>]     972B/972B
Linux Desktop Tests (3)	UNKNOWN STEP	2026-02-25T19:48:55.6343367Z  b4403f29458a Downloading [===>                                               ]  7.487MB/105.2MB
Linux Desktop Tests (3)	UNKNOWN STEP	2026-02-25T19:48:55.7247354Z  bd53938b1271 Downloading [>                                                  ]  2.087kB/173.4kB
Linux Desktop Tests (3)	UNKNOWN STEP	2026-02-25T19:48:55.7363492Z  b4403f29458a Downloading [========>                                          ]  17.61MB/105.2MB
Linux Desktop Tests (3)	UNKNOWN STEP	2026-02-25T19:48:55.7365014Z  bd53938b1271 Verifying Checksum 
Linux Desktop Tests (3)	UNKNOWN STEP	2026-02-25T19:48:55.7366157Z  bd53938b1271 Download complete 
Linux Desktop Tests (3)	UNKNOWN STEP	2026-02-25T19:48:55.7516454Z  0c8d55a45c0d Extracting [===============================================>   ]  28.51MB/29.78MB
Linux Desktop Tests (3)	UNKNOWN STEP	2026-02-25T19:48:55.7575449Z  bc1da058f299 Extracting [==========>                                        ]  786.4kB/3.644MB
Linux Desktop Tests (3)	UNKNOWN STEP	2026-02-25T19:48:55.7611528Z  9fe3744a2eac Downloading [>                                                  ]   10.3kB/1.003MB
Linux Desktop Tests (3)	UNKNOWN STEP	2026-02-25T19:48:55.7862353Z  9fe3744a2eac Downloading [==================================================>]  1.003MB/1.003MB
Linux Desktop Tests (3)	UNKNOWN STEP	2026-02-25T19:48:55.7946386Z  9fe3744a2eac Verifying Checksum 
Linux Desktop Tests (3)	UNKNOWN STEP	2026-02-25T19:48:55.7947158Z  9fe3744a2eac Download complete 
Linux Desktop Tests (3)	UNKNOWN STEP	2026-02-25T19:48:55.8383715Z  b4403f29458a Downloading [=============>                                     ]  28.82MB/105.2MB
Linux Desktop Tests (3)	UNKNOWN STEP	2026-02-25T19:48:55.8506510Z  7ad54b3c4cef Downloading [>                                                  ]  126.4kB/12.41MB
Linux Desktop Tests (3)	UNKNOWN STEP	2026-02-25T19:48:55.8814056Z  bc1da058f299 Extracting [===================>                               ]  1.442MB/3.644MB
Linux Desktop Tests (3)	UNKNOWN STEP	2026-02-25T19:48:55.9154197Z  bc1da058f299 Extracting [==================================================>]  3.644MB/3.644MB
Linux Desktop Tests (3)	UNKNOWN STEP	2026-02-25T19:48:55.9203256Z  0c8d55a45c0d Extracting [================================================>  ]  28.84MB/29.78MB
Linux Desktop Tests (3)	UNKNOWN STEP	2026-02-25T19:48:55.9413054Z  2a97533d89ca Downloading [==================================================>]     100B/100B
Linux Desktop Tests (3)	UNKNOWN STEP	2026-02-25T19:48:55.9429444Z  2a97533d89ca Verifying Checksum 
Linux Desktop Tests (3)	UNKNOWN STEP	2026-02-25T19:48:55.9430212Z  2a97533d89ca Download complete 
Linux Desktop Tests (3)	UNKNOWN STEP	2026-02-25T19:48:55.9508505Z  7ad54b3c4cef Downloading [===========================================>       ]  10.92MB/12.41MB
Linux Desktop Tests (3)	UNKNOWN STEP	2026-02-25T19:48:55.9835478Z  b4403f29458a Downloading [===============>                                   ]  32.01MB/105.2MB
Linux Desktop Tests (3)	UNKNOWN STEP	2026-02-25T19:48:55.9928955Z  bc1da058f299 Pull complete 
Linux Desktop Tests (3)	UNKNOWN STEP	2026-02-25T19:48:56.0228829Z  4f4fb700ef54 Download complete 
Linux Desktop Tests (3)	UNKNOWN STEP	2026-02-25T19:48:56.0316751Z  09a5a0c32a23 Extracting [==================================================>]     948B/948B
Linux Desktop Tests (3)	UNKNOWN STEP	2026-02-25T19:48:56.0328911Z  09a5a0c32a23 Extracting [==================================================>]     948B/948B
Linux Desktop Tests (3)	UNKNOWN STEP	2026-02-25T19:48:56.0442084Z  7ad54b3c4cef Verifying Checksum 
Linux Desktop Tests (3)	UNKNOWN STEP	2026-02-25T19:48:56.0443052Z  7ad54b3c4cef Download complete 
Linux Desktop Tests (3)	UNKNOWN STEP	2026-02-25T19:48:56.0756880Z  0c8d55a45c0d Extracting [================================================>  ]  29.16MB/29.78MB
Linux Desktop Tests (3)	UNKNOWN STEP	2026-02-25T19:48:56.0935408Z  b4403f29458a Downloading [==========================>                        ]  55.41MB/105.2MB
Linux Desktop Tests (3)	UNKNOWN STEP	2026-02-25T19:48:56.1549970Z  1c2c8d1ee428 Downloading [==================================================>]     576B/576B
Linux Desktop Tests (3)	UNKNOWN STEP	2026-02-25T19:48:56.1550922Z  1c2c8d1ee428 Verifying Checksum 
Linux Desktop Tests (3)	UNKNOWN STEP	2026-02-25T19:48:56.1551697Z  1c2c8d1ee428 Download complete 
Linux Desktop Tests (3)	UNKNOWN STEP	2026-02-25T19:48:56.1728893Z  0c8d55a45c0d Extracting [==================================================>]  29.78MB/29.78MB
Linux Desktop Tests (3)	UNKNOWN STEP	2026-02-25T19:48:56.1952338Z  b4403f29458a Downloading [==============================>                    ]  63.91MB/105.2MB
Linux Desktop Tests (3)	UNKNOWN STEP	2026-02-25T19:48:56.3184452Z  b4403f29458a Downloading [=====================================>             ]  79.38MB/105.2MB
Linux Desktop Tests (3)	UNKNOWN STEP	2026-02-25T19:48:56.3224965Z  0c8d55a45c0d Pull complete 
Linux Desktop Tests (3)	UNKNOWN STEP	2026-02-25T19:48:56.3249201Z  03af238a5946 Extracting [=>                                                 ]  32.77kB/1.293MB
Linux Desktop Tests (3)	UNKNOWN STEP	2026-02-25T19:48:56.4189685Z  b4403f29458a Downloading [=============================================>     ]  95.35MB/105.2MB
Linux Desktop Tests (3)	UNKNOWN STEP	2026-02-25T19:48:56.4332765Z  03af238a5946 Extracting [==========>                                        ]  262.1kB/1.293MB
Linux Desktop Tests (3)	UNKNOWN STEP	2026-02-25T19:48:56.4877538Z  b4403f29458a Verifying Checksum 
Linux Desktop Tests (3)	UNKNOWN STEP	2026-02-25T19:48:56.4878539Z  b4403f29458a Download complete 
Linux Desktop Tests (3)	UNKNOWN STEP	2026-02-25T19:48:56.5773553Z  03af238a5946 Extracting [===================================>               ]  917.5kB/1.293MB
Linux Desktop Tests (3)	UNKNOWN STEP	2026-02-25T19:48:56.6343066Z  03af238a5946 Extracting [==================================================>]  1.293MB/1.293MB
Linux Desktop Tests (3)	UNKNOWN STEP	2026-02-25T19:48:56.6346901Z  03af238a5946 Extracting [==================================================>]  1.293MB/1.293MB
Linux Desktop Tests (3)	UNKNOWN STEP	2026-02-25T19:48:57.5945001Z  09a5a0c32a23 Pull complete 
Linux Desktop Tests (3)	UNKNOWN STEP	2026-02-25T19:48:57.5945959Z  5ffb427686b6 Pull complete 
Linux Desktop Tests (3)	UNKNOWN STEP	2026-02-25T19:48:57.5948918Z  03af238a5946 Pull complete 
Linux Desktop Tests (3)	UNKNOWN STEP	2026-02-25T19:48:57.5949379Z  9acd5b82521c Pull complete 
Linux Desktop Tests (3)	UNKNOWN STEP	2026-02-25T19:48:57.5957488Z  bd53938b1271 Extracting [=========>                                         ]  32.77kB/173.4kB
Linux Desktop Tests (3)	UNKNOWN STEP	2026-02-25T19:48:57.5970184Z  10d78728ec4d Extracting [==================================================>]     122B/122B
Linux Desktop Tests (3)	UNKNOWN STEP	2026-02-25T19:48:57.5975701Z  10d78728ec4d Extracting [==================================================>]     122B/122B
Linux Desktop Tests (3)	UNKNOWN STEP	2026-02-25T19:48:57.5979603Z  bd53938b1271 Extracting [==================================================>]  173.4kB/173.4kB
Linux Desktop Tests (3)	UNKNOWN STEP	2026-02-25T19:48:57.6039524Z  630177b00352 Extracting [=>                                                 ]  32.77kB/922.9kB
Linux Desktop Tests (3)	UNKNOWN STEP	2026-02-25T19:48:57.6128144Z  686599c79c87 Extracting [>                                                  ]  131.1kB/11.8MB
Linux Desktop Tests (3)	UNKNOWN STEP	2026-02-25T19:48:57.6235860Z  10d78728ec4d Pull complete 
Linux Desktop Tests (3)	UNKNOWN STEP	2026-02-25T19:48:57.6265586Z  e0d49f520b92 Extracting [==================================================>]     961B/961B
Linux Desktop Tests (3)	UNKNOWN STEP	2026-02-25T19:48:57.6270345Z  e0d49f520b92 Extracting [==================================================>]     961B/961B
Linux Desktop Tests (3)	UNKNOWN STEP	2026-02-25T19:48:57.6419941Z  e0d49f520b92 Pull complete 
Linux Desktop Tests (3)	UNKNOWN STEP	2026-02-25T19:48:57.6439522Z  5de905603ac5 Extracting [==================================================>]  17.03kB/17.03kB
Linux Desktop Tests (3)	UNKNOWN STEP	2026-02-25T19:48:57.6450004Z  5de905603ac5 Extracting [==================================================>]  17.03kB/17.03kB
Linux Desktop Tests (3)	UNKNOWN STEP	2026-02-25T19:48:57.6536781Z  630177b00352 Extracting [==================================================>]  922.9kB/922.9kB
Linux Desktop Tests (3)	UNKNOWN STEP	2026-02-25T19:48:57.6643899Z  bd53938b1271 Extracting [==================================================>]  173.4kB/173.4kB
Linux Desktop Tests (3)	UNKNOWN STEP	2026-02-25T19:48:57.6649815Z  5de905603ac5 Pull complete 
Linux Desktop Tests (3)	UNKNOWN STEP	2026-02-25T19:48:57.6666241Z  808bb02340fa Extracting [==================>                                ]  32.77kB/90.98kB
Linux Desktop Tests (3)	UNKNOWN STEP	2026-02-25T19:48:57.6681616Z  630177b00352 Pull complete 
Linux Desktop Tests (3)	UNKNOWN STEP	2026-02-25T19:48:57.6683443Z  808bb02340fa Extracting [==================================================>]  90.98kB/90.98kB
Linux Desktop Tests (3)	UNKNOWN STEP	2026-02-25T19:48:57.6705847Z  6c18ff1f33d0 Extracting [==================================================>]     173B/173B
Linux Desktop Tests (3)	UNKNOWN STEP	2026-02-25T19:48:57.6711568Z  6c18ff1f33d0 Extracting [==================================================>]     173B/173B
Linux Desktop Tests (3)	UNKNOWN STEP	2026-02-25T19:48:57.6852704Z  808bb02340fa Pull complete 
Linux Desktop Tests (3)	UNKNOWN STEP	2026-02-25T19:48:57.6853252Z  6c18ff1f33d0 Pull complete 
Linux Desktop Tests (3)	UNKNOWN STEP	2026-02-25T19:48:57.6882557Z  c0970b69197c Extracting [>                                                  ]  163.8kB/14.88MB
Linux Desktop Tests (3)	UNKNOWN STEP	2026-02-25T19:48:57.6888909Z  13e46e455d3b Extracting [==================================================>]     116B/116B
Linux Desktop Tests (3)	UNKNOWN STEP	2026-02-25T19:48:57.6889998Z  13e46e455d3b Extracting [==================================================>]     116B/116B
Linux Desktop Tests (3)	UNKNOWN STEP	2026-02-25T19:48:57.7048162Z  13e46e455d3b Pull complete 
Linux Desktop Tests (3)	UNKNOWN STEP	2026-02-25T19:48:57.7192778Z  b4403f29458a Extracting [>                                                  ]  557.1kB/105.2MB
Linux Desktop Tests (3)	UNKNOWN STEP	2026-02-25T19:48:57.7279299Z  686599c79c87 Extracting [===>                                               ]  786.4kB/11.8MB
Linux Desktop Tests (3)	UNKNOWN STEP	2026-02-25T19:48:57.7887380Z  c0970b69197c Extracting [================>                                  ]  4.915MB/14.88MB
Linux Desktop Tests (3)	UNKNOWN STEP	2026-02-25T19:48:57.8290403Z  686599c79c87 Extracting [=======>                                           ]  1.835MB/11.8MB
Linux Desktop Tests (3)	UNKNOWN STEP	2026-02-25T19:48:57.8316797Z  b4403f29458a Extracting [>                                                  ]  1.114MB/105.2MB
Linux Desktop Tests (3)	UNKNOWN STEP	2026-02-25T19:48:57.8888157Z  c0970b69197c Extracting [===================================>               ]  10.65MB/14.88MB
Linux Desktop Tests (3)	UNKNOWN STEP	2026-02-25T19:48:57.9409067Z  b4403f29458a Extracting [==>                                                ]  5.014MB/105.2MB
Linux Desktop Tests (3)	UNKNOWN STEP	2026-02-25T19:48:57.9426902Z  686599c79c87 Extracting [==============>                                    ]  3.408MB/11.8MB
Linux Desktop Tests (3)	UNKNOWN STEP	2026-02-25T19:48:57.9587511Z  bd53938b1271 Pull complete 
Linux Desktop Tests (3)	UNKNOWN STEP	2026-02-25T19:48:57.9604265Z  c0970b69197c Extracting [==================================================>]  14.88MB/14.88MB
Linux Desktop Tests (3)	UNKNOWN STEP	2026-02-25T19:48:57.9608615Z  9fe3744a2eac Extracting [=>                                                 ]  32.77kB/1.003MB
Linux Desktop Tests (3)	UNKNOWN STEP	2026-02-25T19:48:57.9822975Z  c0970b69197c Pull complete 
Linux Desktop Tests (3)	UNKNOWN STEP	2026-02-25T19:48:57.9840623Z  9de5f206730a Extracting [==>                                                ]  32.77kB/766.3kB
Linux Desktop Tests (3)	UNKNOWN STEP	2026-02-25T19:48:58.0023129Z  9fe3744a2eac Extracting [==================================================>]  1.003MB/1.003MB
Linux Desktop Tests (3)	UNKNOWN STEP	2026-02-25T19:48:58.0035585Z  9fe3744a2eac Extracting [==================================================>]  1.003MB/1.003MB
Linux Desktop Tests (3)	UNKNOWN STEP	2026-02-25T19:48:58.0128281Z  9de5f206730a Extracting [==================================================>]  766.3kB/766.3kB
Linux Desktop Tests (3)	UNKNOWN STEP	2026-02-25T19:48:58.0133681Z  9de5f206730a Extracting [==================================================>]  766.3kB/766.3kB
Linux Desktop Tests (3)	UNKNOWN STEP	2026-02-25T19:48:58.0207785Z  9fe3744a2eac Pull complete 
Linux Desktop Tests (3)	UNKNOWN STEP	2026-02-25T19:48:58.0235994Z  9de5f206730a Pull complete 
Linux Desktop Tests (3)	UNKNOWN STEP	2026-02-25T19:48:58.0244667Z  7ad54b3c4cef Extracting [>                                                  ]  131.1kB/12.41MB
Linux Desktop Tests (3)	UNKNOWN STEP	2026-02-25T19:48:58.0272245Z  24e28b7dc0a2 Extracting [===================>                               ]  32.77kB/83.13kB
Linux Desktop Tests (3)	UNKNOWN STEP	2026-02-25T19:48:58.0279905Z  24e28b7dc0a2 Extracting [==================================================>]  83.13kB/83.13kB
Linux Desktop Tests (3)	UNKNOWN STEP	2026-02-25T19:48:58.0452502Z  b4403f29458a Extracting [====>                                              ]  10.03MB/105.2MB
Linux Desktop Tests (3)	UNKNOWN STEP	2026-02-25T19:48:58.0584239Z  24e28b7dc0a2 Pull complete 
Linux Desktop Tests (3)	UNKNOWN STEP	2026-02-25T19:48:58.0623998Z  830180cf89a8 Extracting [>                                                  ]  163.8kB/14.63MB
Linux Desktop Tests (3)	UNKNOWN STEP	2026-02-25T19:48:58.0858729Z  686599c79c87 Extracting [================>                                  ]  3.932MB/11.8MB
Linux Desktop Tests (3)	UNKNOWN STEP	2026-02-25T19:48:58.1248239Z  7ad54b3c4cef Extracting [========>                                          ]  2.228MB/12.41MB
Linux Desktop Tests (3)	UNKNOWN STEP	2026-02-25T19:48:58.1531363Z  b4403f29458a Extracting [=======>                                           ]   15.6MB/105.2MB
Linux Desktop Tests (3)	UNKNOWN STEP	2026-02-25T19:48:58.1685462Z  830180cf89a8 Extracting [============>                                      ]  3.768MB/14.63MB
Linux Desktop Tests (3)	UNKNOWN STEP	2026-02-25T19:48:58.2006195Z  686599c79c87 Extracting [==========================>                        ]   6.16MB/11.8MB
Linux Desktop Tests (3)	UNKNOWN STEP	2026-02-25T19:48:58.2270637Z  7ad54b3c4cef Extracting [===========================>                       ]  6.816MB/12.41MB
Linux Desktop Tests (3)	UNKNOWN STEP	2026-02-25T19:48:58.2648700Z  b4403f29458a Extracting [==========>                                        ]  21.17MB/105.2MB
Linux Desktop Tests (3)	UNKNOWN STEP	2026-02-25T19:48:58.2732591Z  830180cf89a8 Extracting [=========================>                         ]  7.373MB/14.63MB
Linux Desktop Tests (3)	UNKNOWN STEP	2026-02-25T19:48:58.3028750Z  686599c79c87 Extracting [================================>                  ]  7.602MB/11.8MB
Linux Desktop Tests (3)	UNKNOWN STEP	2026-02-25T19:48:58.3299035Z  7ad54b3c4cef Extracting [=============================================>     ]  11.27MB/12.41MB
Linux Desktop Tests (3)	UNKNOWN STEP	2026-02-25T19:48:58.3594288Z  7ad54b3c4cef Extracting [==================================================>]  12.41MB/12.41MB
Linux Desktop Tests (3)	UNKNOWN STEP	2026-02-25T19:48:58.3740459Z  830180cf89a8 Extracting [=================================>                 ]  9.667MB/14.63MB
Linux Desktop Tests (3)	UNKNOWN STEP	2026-02-25T19:48:58.3742598Z  b4403f29458a Extracting [============>                                      ]  26.18MB/105.2MB
Linux Desktop Tests (3)	UNKNOWN STEP	2026-02-25T19:48:58.4044750Z  686599c79c87 Extracting [======================================>            ]  9.044MB/11.8MB
Linux Desktop Tests (3)	UNKNOWN STEP	2026-02-25T19:48:58.4168330Z  7ad54b3c4cef Pull complete 
Linux Desktop Tests (3)	UNKNOWN STEP	2026-02-25T19:48:58.4182831Z  2a97533d89ca Extracting [==================================================>]     100B/100B
Linux Desktop Tests (3)	UNKNOWN STEP	2026-02-25T19:48:58.4188669Z  2a97533d89ca Extracting [==================================================>]     100B/100B
Linux Desktop Tests (3)	UNKNOWN STEP	2026-02-25T19:48:58.4363947Z  2a97533d89ca Pull complete 
Linux Desktop Tests (3)	UNKNOWN STEP	2026-02-25T19:48:58.4394136Z  4f4fb700ef54 Extracting [==================================================>]      32B/32B
Linux Desktop Tests (3)	UNKNOWN STEP	2026-02-25T19:48:58.4395043Z  4f4fb700ef54 Extracting [==================================================>]      32B/32B
Linux Desktop Tests (3)	UNKNOWN STEP	2026-02-25T19:48:58.4560245Z  4f4fb700ef54 Pull complete 
Linux Desktop Tests (3)	UNKNOWN STEP	2026-02-25T19:48:58.4589512Z  1c2c8d1ee428 Extracting [==================================================>]     576B/576B
Linux Desktop Tests (3)	UNKNOWN STEP	2026-02-25T19:48:58.4591454Z  1c2c8d1ee428 Extracting [==================================================>]     576B/576B
Linux Desktop Tests (3)	UNKNOWN STEP	2026-02-25T19:48:58.4740354Z  830180cf89a8 Extracting [============================================>      ]  13.11MB/14.63MB
Linux Desktop Tests (3)	UNKNOWN STEP	2026-02-25T19:48:58.4755077Z  1c2c8d1ee428 Pull complete 
Linux Desktop Tests (3)	UNKNOWN STEP	2026-02-25T19:48:58.4783324Z  b4403f29458a Extracting [==============>                                    ]   31.2MB/105.2MB
Linux Desktop Tests (3)	UNKNOWN STEP	2026-02-25T19:48:58.4856946Z  redis Pulled 
Linux Desktop Tests (3)	UNKNOWN STEP	2026-02-25T19:48:58.5173306Z  830180cf89a8 Extracting [==================================================>]  14.63MB/14.63MB
Linux Desktop Tests (3)	UNKNOWN STEP	2026-02-25T19:48:58.5283899Z  686599c79c87 Extracting [=======================================>           ]  9.437MB/11.8MB
Linux Desktop Tests (3)	UNKNOWN STEP	2026-02-25T19:48:58.5358258Z  830180cf89a8 Pull complete 
Linux Desktop Tests (3)	UNKNOWN STEP	2026-02-25T19:48:58.5422302Z  dex Pulled 
Linux Desktop Tests (3)	UNKNOWN STEP	2026-02-25T19:48:58.5825249Z  b4403f29458a Extracting [==================>                                ]  38.44MB/105.2MB
Linux Desktop Tests (3)	UNKNOWN STEP	2026-02-25T19:48:58.6372912Z  686599c79c87 Extracting [============================================>      ]  10.62MB/11.8MB
Linux Desktop Tests (3)	UNKNOWN STEP	2026-02-25T19:48:58.6839217Z  b4403f29458a Extracting [======================>                            ]  46.79MB/105.2MB
Linux Desktop Tests (3)	UNKNOWN STEP	2026-02-25T19:48:58.7442848Z  686599c79c87 Extracting [================================================>  ]  11.53MB/11.8MB
Linux Desktop Tests (3)	UNKNOWN STEP	2026-02-25T19:48:58.7507871Z  686599c79c87 Extracting [==================================================>]   11.8MB/11.8MB
Linux Desktop Tests (3)	UNKNOWN STEP	2026-02-25T19:48:58.7911067Z  b4403f29458a Extracting [========================>                          ]  51.81MB/105.2MB
Linux Desktop Tests (3)	UNKNOWN STEP	2026-02-25T19:48:58.8209886Z  686599c79c87 Pull complete 
Linux Desktop Tests (3)	UNKNOWN STEP	2026-02-25T19:48:58.8223071Z  f1cadbd7abd2 Extracting [==================================================>]     252B/252B
Linux Desktop Tests (3)	UNKNOWN STEP	2026-02-25T19:48:58.8227518Z  f1cadbd7abd2 Extracting [==================================================>]     252B/252B
Linux Desktop Tests (3)	UNKNOWN STEP	2026-02-25T19:48:58.8353675Z  f1cadbd7abd2 Pull complete 
Linux Desktop Tests (3)	UNKNOWN STEP	2026-02-25T19:48:58.8366900Z  3ee96ea8e5d2 Extracting [==================================================>]     250B/250B
Linux Desktop Tests (3)	UNKNOWN STEP	2026-02-25T19:48:58.8373844Z  3ee96ea8e5d2 Extracting [==================================================>]     250B/250B
Linux Desktop Tests (3)	UNKNOWN STEP	2026-02-25T19:48:58.8497915Z  3ee96ea8e5d2 Pull complete 
Linux Desktop Tests (3)	UNKNOWN STEP	2026-02-25T19:48:58.8537519Z  a954d256f742 Extracting [>                                                  ]  229.4kB/21.98MB
Linux Desktop Tests (3)	UNKNOWN STEP	2026-02-25T19:48:58.8930144Z  b4403f29458a Extracting [==========================>                        ]  56.26MB/105.2MB
Linux Desktop Tests (3)	UNKNOWN STEP	2026-02-25T19:48:58.9641889Z  a954d256f742 Extracting [=====>                                             ]  2.294MB/21.98MB
Linux Desktop Tests (3)	UNKNOWN STEP	2026-02-25T19:48:58.9942750Z  b4403f29458a Extracting [==============================>                    ]   63.5MB/105.2MB
Linux Desktop Tests (3)	UNKNOWN STEP	2026-02-25T19:48:59.0674601Z  a954d256f742 Extracting [==============>                                    ]  6.193MB/21.98MB
Linux Desktop Tests (3)	UNKNOWN STEP	2026-02-25T19:48:59.0976069Z  b4403f29458a Extracting [=================================>                 ]  70.19MB/105.2MB
Linux Desktop Tests (3)	UNKNOWN STEP	2026-02-25T19:48:59.1696622Z  a954d256f742 Extracting [=============================>                     ]  12.85MB/21.98MB
Linux Desktop Tests (3)	UNKNOWN STEP	2026-02-25T19:48:59.2731990Z  b4403f29458a Extracting [===================================>               ]   75.2MB/105.2MB
Linux Desktop Tests (3)	UNKNOWN STEP	2026-02-25T19:48:59.2756502Z  a954d256f742 Extracting [============================================>      ]  19.73MB/21.98MB
Linux Desktop Tests (3)	UNKNOWN STEP	2026-02-25T19:48:59.3642007Z  a954d256f742 Extracting [==================================================>]  21.98MB/21.98MB
Linux Desktop Tests (3)	UNKNOWN STEP	2026-02-25T19:48:59.4534425Z  b4403f29458a Extracting [====================================>              ]  76.32MB/105.2MB
Linux Desktop Tests (3)	UNKNOWN STEP	2026-02-25T19:48:59.4604732Z  a954d256f742 Pull complete 
Linux Desktop Tests (3)	UNKNOWN STEP	2026-02-25T19:48:59.4619721Z  c7ce85987d6d Extracting [==================================================>]  13.29kB/13.29kB
Linux Desktop Tests (3)	UNKNOWN STEP	2026-02-25T19:48:59.4626654Z  c7ce85987d6d Extracting [==================================================>]  13.29kB/13.29kB
Linux Desktop Tests (3)	UNKNOWN STEP	2026-02-25T19:48:59.4910528Z  c7ce85987d6d Pull complete 
Linux Desktop Tests (3)	UNKNOWN STEP	2026-02-25T19:48:59.5201308Z  7807da78b90b Extracting [>                                                  ]  458.8kB/45.54MB
Linux Desktop Tests (3)	UNKNOWN STEP	2026-02-25T19:48:59.5603779Z  b4403f29458a Extracting [=====================================>             ]  78.54MB/105.2MB
Linux Desktop Tests (3)	UNKNOWN STEP	2026-02-25T19:48:59.6721446Z  b4403f29458a Extracting [======================================>            ]  81.89MB/105.2MB
Linux Desktop Tests (3)	UNKNOWN STEP	2026-02-25T19:48:59.6811493Z  7807da78b90b Extracting [===>                                               ]  2.753MB/45.54MB
Linux Desktop Tests (3)	UNKNOWN STEP	2026-02-25T19:48:59.7827869Z  7807da78b90b Extracting [======>                                            ]  5.505MB/45.54MB
Linux Desktop Tests (3)	UNKNOWN STEP	2026-02-25T19:48:59.7859240Z  b4403f29458a Extracting [========================================>          ]  85.79MB/105.2MB
Linux Desktop Tests (3)	UNKNOWN STEP	2026-02-25T19:48:59.8930516Z  b4403f29458a Extracting [==========================================>        ]  90.24MB/105.2MB
Linux Desktop Tests (3)	UNKNOWN STEP	2026-02-25T19:48:59.9119541Z  7807da78b90b Extracting [=========>                                         ]  8.716MB/45.54MB
Linux Desktop Tests (3)	UNKNOWN STEP	2026-02-25T19:49:00.0179866Z  b4403f29458a Extracting [===========================================>       ]  92.47MB/105.2MB
Linux Desktop Tests (3)	UNKNOWN STEP	2026-02-25T19:49:00.0241824Z  7807da78b90b Extracting [==========>                                        ]  9.634MB/45.54MB
Linux Desktop Tests (3)	UNKNOWN STEP	2026-02-25T19:49:00.1230509Z  b4403f29458a Extracting [================================================>  ]  101.4MB/105.2MB
Linux Desktop Tests (3)	UNKNOWN STEP	2026-02-25T19:49:00.1277554Z  7807da78b90b Extracting [===============>                                   ]  13.76MB/45.54MB
Linux Desktop Tests (3)	UNKNOWN STEP	2026-02-25T19:49:00.1961306Z  b4403f29458a Extracting [==================================================>]  105.2MB/105.2MB
Linux Desktop Tests (3)	UNKNOWN STEP	2026-02-25T19:49:00.2299477Z  7807da78b90b Extracting [===================>                               ]  17.43MB/45.54MB
Linux Desktop Tests (3)	UNKNOWN STEP	2026-02-25T19:49:00.3869373Z  7807da78b90b Extracting [=====================>                             ]  19.27MB/45.54MB
Linux Desktop Tests (3)	UNKNOWN STEP	2026-02-25T19:49:00.4581659Z  b4403f29458a Pull complete 
Linux Desktop Tests (3)	UNKNOWN STEP	2026-02-25T19:49:00.4593568Z  40aaa75af6ce Extracting [==================================================>]   9.62kB/9.62kB
Linux Desktop Tests (3)	UNKNOWN STEP	2026-02-25T19:49:00.4597298Z  40aaa75af6ce Extracting [==================================================>]   9.62kB/9.62kB
Linux Desktop Tests (3)	UNKNOWN STEP	2026-02-25T19:49:00.4768604Z  40aaa75af6ce Pull complete 
Linux Desktop Tests (3)	UNKNOWN STEP	2026-02-25T19:49:00.4781372Z  162bdab1e0a7 Extracting [==================================================>]     128B/128B
Linux Desktop Tests (3)	UNKNOWN STEP	2026-02-25T19:49:00.4786915Z  162bdab1e0a7 Extracting [==================================================>]     128B/128B
Linux Desktop Tests (3)	UNKNOWN STEP	2026-02-25T19:49:00.4901006Z  162bdab1e0a7 Pull complete 
Linux Desktop Tests (3)	UNKNOWN STEP	2026-02-25T19:49:00.4912848Z  ebff7b0ec73e Extracting [==================================================>]     170B/170B
Linux Desktop Tests (3)	UNKNOWN STEP	2026-02-25T19:49:00.4918838Z  ebff7b0ec73e Extracting [==================================================>]     170B/170B
Linux Desktop Tests (3)	UNKNOWN STEP	2026-02-25T19:49:00.5008510Z  ebff7b0ec73e Pull complete 
Linux Desktop Tests (3)	UNKNOWN STEP	2026-02-25T19:49:00.5021284Z  c02179436571 Extracting [==================================================>]   5.84kB/5.84kB
Linux Desktop Tests (3)	UNKNOWN STEP	2026-02-25T19:49:00.5025811Z  c02179436571 Extracting [==================================================>]   5.84kB/5.84kB
Linux Desktop Tests (3)	UNKNOWN STEP	2026-02-25T19:49:00.5122490Z  c02179436571 Pull complete 
Linux Desktop Tests (3)	UNKNOWN STEP	2026-02-25T19:49:00.5135876Z  8243369e9866 Extracting [==================================================>]     186B/186B
Linux Desktop Tests (3)	UNKNOWN STEP	2026-02-25T19:49:00.5142971Z  8243369e9866 Extracting [==================================================>]     186B/186B
Linux Desktop Tests (3)	UNKNOWN STEP	2026-02-25T19:49:00.5229598Z  8243369e9866 Pull complete 
Linux Desktop Tests (3)	UNKNOWN STEP	2026-02-25T19:49:00.5293134Z  postgres Pulled 
Linux Desktop Tests (3)	UNKNOWN STEP	2026-02-25T19:49:00.5739855Z  7807da78b90b Extracting [=======================>                           ]  21.56MB/45.54MB
Linux Desktop Tests (3)	UNKNOWN STEP	2026-02-25T19:49:00.7192646Z  7807da78b90b Extracting [==============================>                    ]  27.53MB/45.54MB
Linux Desktop Tests (3)	UNKNOWN STEP	2026-02-25T19:49:00.9796145Z  7807da78b90b Extracting [=================================>                 ]  30.74MB/45.54MB
Linux Desktop Tests (3)	UNKNOWN STEP	2026-02-25T19:49:01.1441239Z  7807da78b90b Extracting [===================================>               ]  32.11MB/45.54MB
Linux Desktop Tests (3)	UNKNOWN STEP	2026-02-25T19:49:01.2698324Z  7807da78b90b Extracting [====================================>              ]  33.03MB/45.54MB
Linux Desktop Tests (3)	UNKNOWN STEP	2026-02-25T19:49:01.4108851Z  7807da78b90b Extracting [=====================================>             ]  34.41MB/45.54MB
Linux Desktop Tests (3)	UNKNOWN STEP	2026-02-25T19:49:01.5531916Z  7807da78b90b Extracting [======================================>            ]  34.87MB/45.54MB
Linux Desktop Tests (3)	UNKNOWN STEP	2026-02-25T19:49:01.6623507Z  7807da78b90b Extracting [============================================>      ]  40.83MB/45.54MB
Linux Desktop Tests (3)	UNKNOWN STEP	2026-02-25T19:49:01.8029131Z  7807da78b90b Extracting [==============================================>    ]  42.21MB/45.54MB
Linux Desktop Tests (3)	UNKNOWN STEP	2026-02-25T19:49:01.9394342Z  7807da78b90b Extracting [===============================================>   ]  43.58MB/45.54MB
Linux Desktop Tests (3)	UNKNOWN STEP	2026-02-25T19:49:02.0437747Z  7807da78b90b Extracting [=================================================> ]  44.96MB/45.54MB
Linux Desktop Tests (3)	UNKNOWN STEP	2026-02-25T19:49:02.0583737Z  7807da78b90b Extracting [==================================================>]  45.54MB/45.54MB
Linux Desktop Tests (3)	UNKNOWN STEP	2026-02-25T19:49:02.1945084Z  7807da78b90b Pull complete 
Linux Desktop Tests (3)	UNKNOWN STEP	2026-02-25T19:49:02.1955313Z  0478cd5c1079 Extracting [==================================================>]  3.507kB/3.507kB
Linux Desktop Tests (3)	UNKNOWN STEP	2026-02-25T19:49:02.1960330Z  0478cd5c1079 Extracting [==================================================>]  3.507kB/3.507kB
Linux Desktop Tests (3)	UNKNOWN STEP	2026-02-25T19:49:02.2043652Z  0478cd5c1079 Pull complete 
Linux Desktop Tests (3)	UNKNOWN STEP	2026-02-25T19:49:02.2054761Z  3a02ac06be95 Extracting [==================================================>]  3.462kB/3.462kB
Linux Desktop Tests (3)	UNKNOWN STEP	2026-02-25T19:49:02.2059507Z  3a02ac06be95 Extracting [==================================================>]  3.462kB/3.462kB
Linux Desktop Tests (3)	UNKNOWN STEP	2026-02-25T19:49:02.2148368Z  3a02ac06be95 Pull complete 
Linux Desktop Tests (3)	UNKNOWN STEP	2026-02-25T19:49:02.2204700Z  matrix-synapse Pulled 
Linux Desktop Tests (3)	UNKNOWN STEP	2026-02-25T19:49:02.2227412Z  Network substitution_substitution_network  Creating
Linux Desktop Tests (3)	UNKNOWN STEP	2026-02-25T19:49:02.2658514Z  Network substitution_substitution_network  Created
Linux Desktop Tests (3)	UNKNOWN STEP	2026-02-25T19:49:02.2664215Z  Container substitution-dex-1  Creating
Linux Desktop Tests (3)	UNKNOWN STEP	2026-02-25T19:49:02.2664881Z  Container substitution-postgres-1  Creating
Linux Desktop Tests (3)	UNKNOWN STEP	2026-02-25T19:49:02.2665596Z  Container substitution-redis-1  Creating
Linux Desktop Tests (3)	UNKNOWN STEP	2026-02-25T19:49:02.2919371Z  Container substitution-redis-1  Created
Linux Desktop Tests (3)	UNKNOWN STEP	2026-02-25T19:49:02.2925115Z  Container substitution-dex-1  Created
Linux Desktop Tests (3)	UNKNOWN STEP	2026-02-25T19:49:02.2925752Z  Container substitution-postgres-1  Created
Linux Desktop Tests (3)	UNKNOWN STEP	2026-02-25T19:49:02.2928760Z  Container substitution-matrix-synapse-1  Creating
Linux Desktop Tests (3)	UNKNOWN STEP	2026-02-25T19:49:02.3042323Z  Container substitution-matrix-synapse-1  Created
Linux Desktop Tests (3)	UNKNOWN STEP	2026-02-25T19:49:02.3053751Z  Container substitution-redis-1  Starting
Linux Desktop Tests (3)	UNKNOWN STEP	2026-02-25T19:49:02.3055868Z  Container substitution-dex-1  Starting
Linux Desktop Tests (3)	UNKNOWN STEP	2026-02-25T19:49:02.3056611Z  Container substitution-postgres-1  Starting
Linux Desktop Tests (3)	UNKNOWN STEP	2026-02-25T19:49:02.5851143Z  Container substitution-dex-1  Started
Linux Desktop Tests (3)	UNKNOWN STEP	2026-02-25T19:49:02.5979617Z  Container substitution-redis-1  Started
Linux Desktop Tests (3)	UNKNOWN STEP	2026-02-25T19:49:02.6017975Z  Container substitution-postgres-1  Started
Linux Desktop Tests (3)	UNKNOWN STEP	2026-02-25T19:49:02.6019054Z  Container substitution-dex-1  Waiting
Linux Desktop Tests (3)	UNKNOWN STEP	2026-02-25T19:49:02.6019984Z  Container substitution-postgres-1  Waiting
Linux Desktop Tests (3)	UNKNOWN STEP	2026-02-25T19:49:08.1028076Z  Container substitution-dex-1  Healthy
Linux Desktop Tests (3)	UNKNOWN STEP	2026-02-25T19:49:13.1029768Z  Container substitution-postgres-1  Healthy
Linux Desktop Tests (3)	UNKNOWN STEP	2026-02-25T19:49:13.1030433Z  Container substitution-matrix-synapse-1  Starting
Linux Desktop Tests (3)	UNKNOWN STEP	2026-02-25T19:49:13.2482879Z  Container substitution-matrix-synapse-1  Started
Linux Desktop Tests (3)	UNKNOWN STEP	2026-02-25T19:49:23.3226611Z time="2026-02-25T19:49:23Z" level=warning msg="/home/runner/work/substitution/substitution/docker-compose.yml: the attribute `version` is obsolete, it will be ignored, please remove it to avoid potential confusion"
Linux Desktop Tests (3)	UNKNOWN STEP	2026-02-25T19:49:23.3311793Z  Container substitution-postgres-1  Running
Linux Desktop Tests (3)	UNKNOWN STEP	2026-02-25T19:49:23.3313006Z  Container substitution-dex-1  Running
Linux Desktop Tests (3)	UNKNOWN STEP	2026-02-25T19:49:23.3313900Z  Container substitution-matrix-synapse-1  Running
Linux Desktop Tests (3)	UNKNOWN STEP	2026-02-25T19:49:23.3325005Z  Container substitution-dex-1  Waiting
Linux Desktop Tests (3)	UNKNOWN STEP	2026-02-25T19:49:23.3325546Z  Container substitution-postgres-1  Waiting
Linux Desktop Tests (3)	UNKNOWN STEP	2026-02-25T19:49:23.8351739Z  Container substitution-postgres-1  Healthy
Linux Desktop Tests (3)	UNKNOWN STEP	2026-02-25T19:49:23.8353835Z  Container substitution-dex-1  Healthy
Linux Desktop Tests (3)	UNKNOWN STEP	2026-02-25T19:49:23.8366778Z  matrix-init Pulling 
Linux Desktop Tests (3)	UNKNOWN STEP	2026-02-25T19:49:24.1717100Z  589002ba0eae Already exists 
Linux Desktop Tests (3)	UNKNOWN STEP	2026-02-25T19:49:24.1732415Z  aca07fe076f1 Pulling fs layer 
Linux Desktop Tests (3)	UNKNOWN STEP	2026-02-25T19:49:24.1733135Z  6dafe251d313 Pulling fs layer 
Linux Desktop Tests (3)	UNKNOWN STEP	2026-02-25T19:49:24.1733809Z  fa340e77c336 Pulling fs layer 
Linux Desktop Tests (3)	UNKNOWN STEP	2026-02-25T19:49:24.2852276Z  fa340e77c336 Downloading [==================================================>]     247B/247B
Linux Desktop Tests (3)	UNKNOWN STEP	2026-02-25T19:49:24.2852958Z  fa340e77c336 Verifying Checksum 
Linux Desktop Tests (3)	UNKNOWN STEP	2026-02-25T19:49:24.2853402Z  fa340e77c336 Download complete 
Linux Desktop Tests (3)	UNKNOWN STEP	2026-02-25T19:49:24.2934472Z  6dafe251d313 Downloading [>                                                  ]    164kB/16.02MB
Linux Desktop Tests (3)	UNKNOWN STEP	2026-02-25T19:49:24.3249714Z  aca07fe076f1 Downloading [>                                                  ]  4.824kB/460.9kB
Linux Desktop Tests (3)	UNKNOWN STEP	2026-02-25T19:49:24.3656784Z  aca07fe076f1 Downloading [==================================================>]  460.9kB/460.9kB
Linux Desktop Tests (3)	UNKNOWN STEP	2026-02-25T19:49:24.3657378Z  aca07fe076f1 Verifying Checksum 
Linux Desktop Tests (3)	UNKNOWN STEP	2026-02-25T19:49:24.3657654Z  aca07fe076f1 Download complete 
Linux Desktop Tests (3)	UNKNOWN STEP	2026-02-25T19:49:24.3658212Z  aca07fe076f1 Extracting [===>                                               ]  32.77kB/460.9kB
Linux Desktop Tests (3)	UNKNOWN STEP	2026-02-25T19:49:24.3940887Z  6dafe251d313 Downloading [===================================>               ]  11.37MB/16.02MB
Linux Desktop Tests (3)	UNKNOWN STEP	2026-02-25T19:49:24.4591532Z  6dafe251d313 Verifying Checksum 
Linux Desktop Tests (3)	UNKNOWN STEP	2026-02-25T19:49:24.4592088Z  6dafe251d313 Download complete 
Linux Desktop Tests (3)	UNKNOWN STEP	2026-02-25T19:49:24.4849102Z  aca07fe076f1 Extracting [==================================================>]  460.9kB/460.9kB
Linux Desktop Tests (3)	UNKNOWN STEP	2026-02-25T19:49:24.6345802Z  aca07fe076f1 Pull complete 
Linux Desktop Tests (3)	UNKNOWN STEP	2026-02-25T19:49:24.6369279Z  6dafe251d313 Extracting [>                                                  ]  163.8kB/16.02MB
Linux Desktop Tests (3)	UNKNOWN STEP	2026-02-25T19:49:24.7465114Z  6dafe251d313 Extracting [=========>                                         ]  2.949MB/16.02MB
Linux Desktop Tests (3)	UNKNOWN STEP	2026-02-25T19:49:24.8492143Z  6dafe251d313 Extracting [=================>                                 ]  5.734MB/16.02MB
Linux Desktop Tests (3)	UNKNOWN STEP	2026-02-25T19:49:24.9493507Z  6dafe251d313 Extracting [=================================>                 ]  10.65MB/16.02MB
Linux Desktop Tests (3)	UNKNOWN STEP	2026-02-25T19:49:25.0601919Z  6dafe251d313 Extracting [=======================================>           ]  12.78MB/16.02MB
Linux Desktop Tests (3)	UNKNOWN STEP	2026-02-25T19:49:25.1624646Z  6dafe251d313 Extracting [============================================>      ]  14.25MB/16.02MB
Linux Desktop Tests (3)	UNKNOWN STEP	2026-02-25T19:49:25.2709857Z  6dafe251d313 Extracting [===============================================>   ]  15.07MB/16.02MB
Linux Desktop Tests (3)	UNKNOWN STEP	2026-02-25T19:49:25.3599532Z  6dafe251d313 Extracting [==================================================>]  16.02MB/16.02MB
Linux Desktop Tests (3)	UNKNOWN STEP	2026-02-25T19:49:25.4309499Z  6dafe251d313 Pull complete 
Linux Desktop Tests (3)	UNKNOWN STEP	2026-02-25T19:49:25.4322025Z  fa340e77c336 Extracting [==================================================>]     247B/247B
Linux Desktop Tests (3)	UNKNOWN STEP	2026-02-25T19:49:25.4327288Z  fa340e77c336 Extracting [==================================================>]     247B/247B
Linux Desktop Tests (3)	UNKNOWN STEP	2026-02-25T19:49:25.4428128Z  fa340e77c336 Pull complete 
Linux Desktop Tests (3)	UNKNOWN STEP	2026-02-25T19:49:25.4485017Z  matrix-init Pulled 
Linux Desktop Tests (3)	UNKNOWN STEP	2026-02-25T19:49:28.3148474Z Collecting requests
Linux Desktop Tests (3)	UNKNOWN STEP	2026-02-25T19:49:28.3607762Z   Downloading requests-2.32.5-py3-none-any.whl.metadata (4.9 kB)
Linux Desktop Tests (3)	UNKNOWN STEP	2026-02-25T19:49:28.4928159Z Collecting charset_normalizer<4,>=2 (from requests)
Linux Desktop Tests (3)	UNKNOWN STEP	2026-02-25T19:49:28.5015272Z   Downloading charset_normalizer-3.4.4-cp311-cp311-musllinux_1_2_x86_64.whl.metadata (37 kB)
Linux Desktop Tests (3)	UNKNOWN STEP	2026-02-25T19:49:28.5344920Z Collecting idna<4,>=2.5 (from requests)
Linux Desktop Tests (3)	UNKNOWN STEP	2026-02-25T19:49:28.5431631Z   Downloading idna-3.11-py3-none-any.whl.metadata (8.4 kB)
Linux Desktop Tests (3)	UNKNOWN STEP	2026-02-25T19:49:28.5992654Z Collecting urllib3<3,>=1.21.1 (from requests)
Linux Desktop Tests (3)	UNKNOWN STEP	2026-02-25T19:49:28.6076418Z   Downloading urllib3-2.6.3-py3-none-any.whl.metadata (6.9 kB)
Linux Desktop Tests (3)	UNKNOWN STEP	2026-02-25T19:49:28.6481709Z Collecting certifi>=2017.4.17 (from requests)
Linux Desktop Tests (3)	UNKNOWN STEP	2026-02-25T19:49:28.6590026Z   Downloading certifi-2026.2.25-py3-none-any.whl.metadata (2.5 kB)
Linux Desktop Tests (3)	UNKNOWN STEP	2026-02-25T19:49:28.6860546Z Downloading requests-2.32.5-py3-none-any.whl (64 kB)
Linux Desktop Tests (3)	UNKNOWN STEP	2026-02-25T19:49:28.6919446Z    ━━━━━━━━━━━━━━━━━━━━━━━━━━━━━━━━━━━━━━━━ 64.7/64.7 kB 19.5 MB/s eta 0:00:00
Linux Desktop Tests (3)	UNKNOWN STEP	2026-02-25T19:49:28.7000340Z Downloading certifi-2026.2.25-py3-none-any.whl (153 kB)
Linux Desktop Tests (3)	UNKNOWN STEP	2026-02-25T19:49:28.7091614Z    ━━━━━━━━━━━━━━━━━━━━━━━━━━━━━━━━━━━━━━━━ 153.7/153.7 kB 23.2 MB/s eta 0:00:00
Linux Desktop Tests (3)	UNKNOWN STEP	2026-02-25T19:49:28.7175694Z Downloading charset_normalizer-3.4.4-cp311-cp311-musllinux_1_2_x86_64.whl (152 kB)
Linux Desktop Tests (3)	UNKNOWN STEP	2026-02-25T19:49:28.7233088Z    ━━━━━━━━━━━━━━━━━━━━━━━━━━━━━━━━━━━━━━━━ 153.0/153.0 kB 45.2 MB/s eta 0:00:00
Linux Desktop Tests (3)	UNKNOWN STEP	2026-02-25T19:49:28.7339902Z Downloading idna-3.11-py3-none-any.whl (71 kB)
Linux Desktop Tests (3)	UNKNOWN STEP	2026-02-25T19:49:28.7393274Z    ━━━━━━━━━━━━━━━━━━━━━━━━━━━━━━━━━━━━━━━━ 71.0/71.0 kB 21.7 MB/s eta 0:00:00
Linux Desktop Tests (3)	UNKNOWN STEP	2026-02-25T19:49:28.7476267Z Downloading urllib3-2.6.3-py3-none-any.whl (131 kB)
Linux Desktop Tests (3)	UNKNOWN STEP	2026-02-25T19:49:28.7531366Z    ━━━━━━━━━━━━━━━━━━━━━━━━━━━━━━━━━━━━━━━━ 131.6/131.6 kB 38.7 MB/s eta 0:00:00
Linux Desktop Tests (3)	UNKNOWN STEP	2026-02-25T19:49:28.8264037Z Installing collected packages: urllib3, idna, charset_normalizer, certifi, requests
Linux Desktop Tests (3)	UNKNOWN STEP	2026-02-25T19:49:29.1695105Z Successfully installed certifi-2026.2.25 charset_normalizer-3.4.4 idna-3.11 requests-2.32.5 urllib3-2.6.3
Linux Desktop Tests (3)	UNKNOWN STEP	2026-02-25T19:49:29.1698041Z WARNING: Running pip as the 'root' user can result in broken permissions and conflicting behaviour with the system package manager. It is recommended to use a virtual environment instead: https://pip.pypa.io/warnings/venv
Linux Desktop Tests (3)	UNKNOWN STEP	2026-02-25T19:49:29.2633899Z 
Linux Desktop Tests (3)	UNKNOWN STEP	2026-02-25T19:49:29.2634554Z [notice] A new release of pip is available: 24.0 -> 26.0.1
Linux Desktop Tests (3)	UNKNOWN STEP	2026-02-25T19:49:36.5369182Z [notice] To update, run: pip install --upgrade pip
Linux Desktop Tests (3)	UNKNOWN STEP	2026-02-25T19:49:36.5369857Z Initializing Matrix Synapse test server...
Linux Desktop Tests (3)	UNKNOWN STEP	2026-02-25T19:49:36.5370229Z 
Linux Desktop Tests (3)	UNKNOWN STEP	2026-02-25T19:49:36.5370981Z ✓ Synapse server is ready
Linux Desktop Tests (3)	UNKNOWN STEP	2026-02-25T19:49:36.5371241Z 
Linux Desktop Tests (3)	UNKNOWN STEP	2026-02-25T19:49:36.5371371Z Creating test users...
Linux Desktop Tests (3)	UNKNOWN STEP	2026-02-25T19:49:36.5372160Z ✓ Created user: testuser1
Linux Desktop Tests (3)	UNKNOWN STEP	2026-02-25T19:49:36.5372583Z ✓ Created user: testuser2
Linux Desktop Tests (3)	UNKNOWN STEP	2026-02-25T19:49:36.5372986Z ✓ Created admin user: testadmin
Linux Desktop Tests (3)	UNKNOWN STEP	2026-02-25T19:49:36.5373236Z 
Linux Desktop Tests (3)	UNKNOWN STEP	2026-02-25T19:49:36.5373427Z Creating test rooms and populating with data...
Linux Desktop Tests (3)	UNKNOWN STEP	2026-02-25T19:49:36.5374028Z ✓ Logged in user: @testadmin:test.matrix.local
Linux Desktop Tests (3)	UNKNOWN STEP	2026-02-25T19:49:36.5374537Z ✓ Admin token acquired
Linux Desktop Tests (3)	UNKNOWN STEP	2026-02-25T19:49:36.5374993Z ✓ Logged in user: @testuser1:test.matrix.local
Linux Desktop Tests (3)	UNKNOWN STEP	2026-02-25T19:49:36.5375662Z ✓ Created room: test_general (!avpeyIidLpbSMkWFUj:test.matrix.local)
Linux Desktop Tests (3)	UNKNOWN STEP	2026-02-25T19:49:36.5376331Z ✓ Logged in user: @testuser2:test.matrix.local
Linux Desktop Tests (3)	UNKNOWN STEP	2026-02-25T19:49:36.5376826Z   ✓ User testuser2 joined room
Linux Desktop Tests (3)	UNKNOWN STEP	2026-02-25T19:49:36.5377293Z ✓ Logged in user: @testadmin:test.matrix.local
Linux Desktop Tests (3)	UNKNOWN STEP	2026-02-25T19:49:36.5377778Z   ✓ User testadmin joined room
Linux Desktop Tests (3)	UNKNOWN STEP	2026-02-25T19:49:36.5378207Z   ✓ Published room to directory
Linux Desktop Tests (3)	UNKNOWN STEP	2026-02-25T19:49:36.5378624Z   ✓ Posted 5 messages to room
Linux Desktop Tests (3)	UNKNOWN STEP	2026-02-25T19:49:36.5379046Z   Seeding media messages (image, video, audio)...
Linux Desktop Tests (3)	UNKNOWN STEP	2026-02-25T19:49:36.5379861Z   ✓ Uploaded media 'test_image.png': mxc://test.matrix.local/IrnivhQQxHRnjnhtKQQgtzbK
Linux Desktop Tests (3)	UNKNOWN STEP	2026-02-25T19:49:36.5380571Z   ✓ Posted m.image message to room
Linux Desktop Tests (3)	UNKNOWN STEP	2026-02-25T19:49:36.5381482Z   ✓ Uploaded media 'test_video.mp4': mxc://test.matrix.local/UPaKSpyrQDQIvGoXtXBzTmNZ
Linux Desktop Tests (3)	UNKNOWN STEP	2026-02-25T19:49:36.5382202Z   ✓ Posted m.video message to room
Linux Desktop Tests (3)	UNKNOWN STEP	2026-02-25T19:49:36.5382875Z   ✓ Uploaded media 'test_audio.mp3': mxc://test.matrix.local/mxsGeoQdWDrrgwCVGBABKbst
Linux Desktop Tests (3)	UNKNOWN STEP	2026-02-25T19:49:36.5383559Z   ✓ Posted m.audio message to room
Linux Desktop Tests (3)	UNKNOWN STEP	2026-02-25T19:49:36.5384152Z ✓ Created room: test_photos (!HpLkTNEYVBdhaBDGCj:test.matrix.local)
Linux Desktop Tests (3)	UNKNOWN STEP	2026-02-25T19:49:36.5384800Z ✓ Logged in user: @testuser2:test.matrix.local
Linux Desktop Tests (3)	UNKNOWN STEP	2026-02-25T19:49:36.5385280Z   ✓ User testuser2 joined room
Linux Desktop Tests (3)	UNKNOWN STEP	2026-02-25T19:49:36.5385732Z ✓ Logged in user: @testadmin:test.matrix.local
Linux Desktop Tests (3)	UNKNOWN STEP	2026-02-25T19:49:36.5386192Z   ✓ User testadmin joined room
Linux Desktop Tests (3)	UNKNOWN STEP	2026-02-25T19:49:36.5386592Z   ✓ Published room to directory
Linux Desktop Tests (3)	UNKNOWN STEP	2026-02-25T19:49:36.5387039Z   ✓ Posted 3 messages to room
Linux Desktop Tests (3)	UNKNOWN STEP	2026-02-25T19:49:36.5387447Z   Seeding media messages (image, video, audio)...
Linux Desktop Tests (3)	UNKNOWN STEP	2026-02-25T19:49:36.5388215Z   ✓ Uploaded media 'test_image.png': mxc://test.matrix.local/WQpfzdhGPWWJcWQAXROQTxbP
Linux Desktop Tests (3)	UNKNOWN STEP	2026-02-25T19:49:36.5388904Z   ✓ Posted m.image message to room
Linux Desktop Tests (3)	UNKNOWN STEP	2026-02-25T19:49:36.5389578Z   ✓ Uploaded media 'test_video.mp4': mxc://test.matrix.local/zSMLKrzGHWLaLexyRucxusqa
Linux Desktop Tests (3)	UNKNOWN STEP	2026-02-25T19:49:36.5390250Z   ✓ Posted m.video message to room
Linux Desktop Tests (3)	UNKNOWN STEP	2026-02-25T19:49:36.5391106Z   ✓ Uploaded media 'test_audio.mp3': mxc://test.matrix.local/cuIYUOStlSTnUBsXYqlUlRDp
Linux Desktop Tests (3)	UNKNOWN STEP	2026-02-25T19:49:36.5391817Z   ✓ Posted m.audio message to room
Linux Desktop Tests (3)	UNKNOWN STEP	2026-02-25T19:49:36.5392404Z ✓ Created room: test_art (!gwYXgPJcKQNHYIppiJ:test.matrix.local)
Linux Desktop Tests (3)	UNKNOWN STEP	2026-02-25T19:49:36.5393023Z ✓ Logged in user: @testuser2:test.matrix.local
Linux Desktop Tests (3)	UNKNOWN STEP	2026-02-25T19:49:36.5393510Z   ✓ User testuser2 joined room
Linux Desktop Tests (3)	UNKNOWN STEP	2026-02-25T19:49:36.5393964Z ✓ Logged in user: @testadmin:test.matrix.local
Linux Desktop Tests (3)	UNKNOWN STEP	2026-02-25T19:49:36.5394434Z   ✓ User testadmin joined room
Linux Desktop Tests (3)	UNKNOWN STEP	2026-02-25T19:49:36.5395114Z   ✓ Published room to directory
Linux Desktop Tests (3)	UNKNOWN STEP	2026-02-25T19:49:36.5395748Z ✓ Uploaded dummy avatar: mxc://test.matrix.local/LxBRDuEqdasXfJApDAEqlhIK
Linux Desktop Tests (3)	UNKNOWN STEP	2026-02-25T19:49:36.5396548Z   ✓ Set room avatar to mxc://test.matrix.local/LxBRDuEqdasXfJApDAEqlhIK
Linux Desktop Tests (3)	UNKNOWN STEP	2026-02-25T19:49:36.5397336Z ✓ Created room: test_invite_only (!YMKlEeyBMvFZUrfvrF:test.matrix.local)
Linux Desktop Tests (3)	UNKNOWN STEP	2026-02-25T19:49:36.5398012Z   ℹ Skipping user invites for room (discovery test)
Linux Desktop Tests (3)	UNKNOWN STEP	2026-02-25T19:49:36.5398523Z   ✓ Published room to directory
Linux Desktop Tests (3)	UNKNOWN STEP	2026-02-25T19:49:36.5398942Z   ✓ Posted 2 messages to room
Linux Desktop Tests (3)	UNKNOWN STEP	2026-02-25T19:49:36.5399513Z ✓ Created room: test_avatar (!QjimhPrZyvKhMIoYKc:test.matrix.local)
Linux Desktop Tests (3)	UNKNOWN STEP	2026-02-25T19:49:36.5400127Z ✓ Logged in user: @testuser2:test.matrix.local
Linux Desktop Tests (3)	UNKNOWN STEP	2026-02-25T19:49:36.5400605Z   ✓ User testuser2 joined room
Linux Desktop Tests (3)	UNKNOWN STEP	2026-02-25T19:49:36.5401248Z ✓ Logged in user: @testadmin:test.matrix.local
Linux Desktop Tests (3)	UNKNOWN STEP	2026-02-25T19:49:36.5401720Z   ✓ User testadmin joined room
Linux Desktop Tests (3)	UNKNOWN STEP	2026-02-25T19:49:36.5402153Z   ✓ Published room to directory
Linux Desktop Tests (3)	UNKNOWN STEP	2026-02-25T19:49:36.5403029Z ✓ Uploaded dummy avatar: mxc://test.matrix.local/GkuNHpanWrxsbttuMxYnsjii
Linux Desktop Tests (3)	UNKNOWN STEP	2026-02-25T19:49:36.5403892Z   ✓ Set room avatar to mxc://test.matrix.local/GkuNHpanWrxsbttuMxYnsjii
Linux Desktop Tests (3)	UNKNOWN STEP	2026-02-25T19:49:36.5404321Z 
Linux Desktop Tests (3)	UNKNOWN STEP	2026-02-25T19:49:36.5404471Z ============================================================
Linux Desktop Tests (3)	UNKNOWN STEP	2026-02-25T19:49:36.5405014Z ✅ Matrix test server initialized successfully!
Linux Desktop Tests (3)	UNKNOWN STEP	2026-02-25T19:49:36.5405475Z ============================================================
Linux Desktop Tests (3)	UNKNOWN STEP	2026-02-25T19:49:36.5405768Z 
Linux Desktop Tests (3)	UNKNOWN STEP	2026-02-25T19:49:36.5405944Z 📝 Test Users:
Linux Desktop Tests (3)	UNKNOWN STEP	2026-02-25T19:49:36.5406216Z   testuser1
Linux Desktop Tests (3)	UNKNOWN STEP	2026-02-25T19:49:36.5406516Z     ID: @testuser1:test.matrix.local
Linux Desktop Tests (3)	UNKNOWN STEP	2026-02-25T19:49:36.5406915Z     Password: testpass123
Linux Desktop Tests (3)	UNKNOWN STEP	2026-02-25T19:49:36.5407243Z   testuser2
Linux Desktop Tests (3)	UNKNOWN STEP	2026-02-25T19:49:36.5407532Z     ID: @testuser2:test.matrix.local
Linux Desktop Tests (3)	UNKNOWN STEP	2026-02-25T19:49:36.5407922Z     Password: testpass123
Linux Desktop Tests (3)	UNKNOWN STEP	2026-02-25T19:49:36.5408237Z   testadmin
Linux Desktop Tests (3)	UNKNOWN STEP	2026-02-25T19:49:36.5408517Z     ID: @testadmin:test.matrix.local
Linux Desktop Tests (3)	UNKNOWN STEP	2026-02-25T19:49:36.5408918Z     Password: testpass123
Linux Desktop Tests (3)	UNKNOWN STEP	2026-02-25T19:49:36.5409157Z 
Linux Desktop Tests (3)	UNKNOWN STEP	2026-02-25T19:49:36.5409334Z 🏠 Test Rooms:
Linux Desktop Tests (3)	UNKNOWN STEP	2026-02-25T19:49:36.5409641Z   test_general (with messages)
Linux Desktop Tests (3)	UNKNOWN STEP	2026-02-25T19:49:36.5410045Z     ID: !avpeyIidLpbSMkWFUj:test.matrix.local
Linux Desktop Tests (3)	UNKNOWN STEP	2026-02-25T19:49:36.5410486Z   test_photos (with messages)
Linux Desktop Tests (3)	UNKNOWN STEP	2026-02-25T19:49:36.5411045Z     ID: !HpLkTNEYVBdhaBDGCj:test.matrix.local
Linux Desktop Tests (3)	UNKNOWN STEP	2026-02-25T19:49:36.5411456Z   test_art (empty)
Linux Desktop Tests (3)	UNKNOWN STEP	2026-02-25T19:49:36.5411790Z     ID: !gwYXgPJcKQNHYIppiJ:test.matrix.local
Linux Desktop Tests (3)	UNKNOWN STEP	2026-02-25T19:49:36.5412221Z   test_invite_only (with messages)
Linux Desktop Tests (3)	UNKNOWN STEP	2026-02-25T19:49:36.5412628Z     ID: !YMKlEeyBMvFZUrfvrF:test.matrix.local
Linux Desktop Tests (3)	UNKNOWN STEP	2026-02-25T19:49:36.5413076Z   test_avatar (empty)
Linux Desktop Tests (3)	UNKNOWN STEP	2026-02-25T19:49:36.5413431Z     ID: !QjimhPrZyvKhMIoYKc:test.matrix.local
Linux Desktop Tests (3)	UNKNOWN STEP	2026-02-25T19:49:36.5413780Z 
Linux Desktop Tests (3)	UNKNOWN STEP	2026-02-25T19:49:36.5414019Z 🔑 Test Credentials for Integration Tests:
Linux Desktop Tests (3)	UNKNOWN STEP	2026-02-25T19:49:36.5414484Z   Server:    http://matrix-synapse:8008
Linux Desktop Tests (3)	UNKNOWN STEP	2026-02-25T19:49:36.5414897Z   Test User: testuser1
Linux Desktop Tests (3)	UNKNOWN STEP	2026-02-25T19:49:36.5415220Z   Password:  testpass123
Linux Desktop Tests (3)	UNKNOWN STEP	2026-02-25T19:49:36.5415446Z 
Linux Desktop Tests (3)	UNKNOWN STEP	2026-02-25T19:49:36.5415573Z Room Status:
Linux Desktop Tests (3)	UNKNOWN STEP	2026-02-25T19:49:36.5416145Z   test_general - 5 text + image/video/audio messages (for testing message lists and media rendering)
Linux Desktop Tests (3)	UNKNOWN STEP	2026-02-25T19:49:36.5417037Z   test_photos  - 3 text + image/video/audio messages (for testing photo/media content)
Linux Desktop Tests (3)	UNKNOWN STEP	2026-02-25T19:49:36.5417722Z   test_art     - 0 messages (for testing empty rooms)
Linux Desktop Tests (3)	UNKNOWN STEP	2026-02-25T19:49:36.5418312Z ✓ Logged in user: @testuser1:test.matrix.local
Linux Desktop Tests (3)	UNKNOWN STEP	2026-02-25T19:49:36.5418620Z 
Linux Desktop Tests (3)	UNKNOWN STEP	2026-02-25T19:49:36.5418827Z   📋 Public room directory has 5 room(s):
Linux Desktop Tests (3)	UNKNOWN STEP	2026-02-25T19:49:36.5419292Z     - test_art (!gwYXgPJcKQNHYIppiJ:test.matrix.local)
Linux Desktop Tests (3)	UNKNOWN STEP	2026-02-25T19:49:36.5419871Z     - test_general (!avpeyIidLpbSMkWFUj:test.matrix.local)
Linux Desktop Tests (3)	UNKNOWN STEP	2026-02-25T19:49:36.5420419Z     - test_avatar (!QjimhPrZyvKhMIoYKc:test.matrix.local)
Linux Desktop Tests (3)	UNKNOWN STEP	2026-02-25T19:49:36.5421200Z     - test_photos (!HpLkTNEYVBdhaBDGCj:test.matrix.local)
Linux Desktop Tests (3)	UNKNOWN STEP	2026-02-25T19:49:36.5421768Z     - test_invite_only (!YMKlEeyBMvFZUrfvrF:test.matrix.local)
Linux Desktop Tests (3)	UNKNOWN STEP	2026-02-25T19:49:36.5422149Z 
Linux Desktop Tests (3)	UNKNOWN STEP	2026-02-25T19:49:36.6944294Z ##[group]Run xvfb-run --auto-servernum --server-args="-screen 0 1280x1024x24" ./scripts/test.sh linux --no-docker --shard 3 --total-shards 7
Linux Desktop Tests (3)	UNKNOWN STEP	2026-02-25T19:49:36.6945301Z [36;1mxvfb-run --auto-servernum --server-args="-screen 0 1280x1024x24" ./scripts/test.sh linux --no-docker --shard 3 --total-shards 7[0m
Linux Desktop Tests (3)	UNKNOWN STEP	2026-02-25T19:49:36.6994848Z shell: /usr/bin/bash -e {0}
Linux Desktop Tests (3)	UNKNOWN STEP	2026-02-25T19:49:36.6995109Z env:
Linux Desktop Tests (3)	UNKNOWN STEP	2026-02-25T19:49:36.6995293Z   CACHE_VERSION: v1
Linux Desktop Tests (3)	UNKNOWN STEP	2026-02-25T19:49:36.6995605Z   FLUTTER_ROOT: /opt/hostedtoolcache/flutter/stable-3.41.2-x64
Linux Desktop Tests (3)	UNKNOWN STEP	2026-02-25T19:49:36.6995973Z   PUB_CACHE: /home/runner/.pub-cache
Linux Desktop Tests (3)	UNKNOWN STEP	2026-02-25T19:49:36.6996278Z   MATRIX_SERVER: http://localhost:8008
Linux Desktop Tests (3)	UNKNOWN STEP	2026-02-25T19:49:36.6996565Z   MATRIX_TEST_USER: testuser1
Linux Desktop Tests (3)	UNKNOWN STEP	2026-02-25T19:49:36.6996827Z   MATRIX_TEST_PASSWORD: testpass123
Linux Desktop Tests (3)	UNKNOWN STEP	2026-02-25T19:49:36.6997089Z ##[endgroup]
Linux Desktop Tests (3)	UNKNOWN STEP	2026-02-25T19:49:40.0398301Z [1m
Linux Desktop Tests (3)	UNKNOWN STEP	2026-02-25T19:49:40.0398574Z   Substitution Test Runner
Linux Desktop Tests (3)	UNKNOWN STEP	2026-02-25T19:49:40.0412836Z   2026-02-25 19:49:40
Linux Desktop Tests (3)	UNKNOWN STEP	2026-02-25T19:49:40.0413201Z   Targets: linux
Linux Desktop Tests (3)	UNKNOWN STEP	2026-02-25T19:49:40.0413510Z [0m
Linux Desktop Tests (3)	UNKNOWN STEP	2026-02-25T19:49:40.0421245Z [0;34m[INFO][0m Fetching Flutter dependencies...
Linux Desktop Tests (3)	UNKNOWN STEP	2026-02-25T19:49:41.1013828Z   unorm_dart 0.2.0 (0.3.2 available)
Linux Desktop Tests (3)	UNKNOWN STEP	2026-02-25T19:49:41.1014328Z   win32 5.15.0 (6.0.0 available)
Linux Desktop Tests (3)	UNKNOWN STEP	2026-02-25T19:49:41.1014599Z Got dependencies!
Linux Desktop Tests (3)	UNKNOWN STEP	2026-02-25T19:49:41.1014954Z 7 packages have newer versions incompatible with dependency constraints.
Linux Desktop Tests (3)	UNKNOWN STEP	2026-02-25T19:49:41.1015385Z Try `flutter pub outdated` for more information.
Linux Desktop Tests (3)	UNKNOWN STEP	2026-02-25T19:49:41.1016081Z [0;32m[OK][0m Dependencies fetched
Linux Desktop Tests (3)	UNKNOWN STEP	2026-02-25T19:49:41.1034712Z [0;34m[INFO][0m Target: linux
Linux Desktop Tests (3)	UNKNOWN STEP	2026-02-25T19:49:41.1035167Z 
Linux Desktop Tests (3)	UNKNOWN STEP	2026-02-25T19:49:41.1036099Z [1m━━━ Linux Desktop Tests ━━━[0m
Linux Desktop Tests (3)	UNKNOWN STEP	2026-02-25T19:49:41.1036431Z 
Linux Desktop Tests (3)	UNKNOWN STEP	2026-02-25T19:49:41.1044028Z [0;34m[INFO][0m Enabling Linux desktop support...
Linux Desktop Tests (3)	UNKNOWN STEP	2026-02-25T19:49:41.4035225Z [0;34m[INFO][0m Shard 3/7: running 5 of 32 files
Linux Desktop Tests (3)	UNKNOWN STEP	2026-02-25T19:49:41.4036012Z [0;34m[INFO][0m Running 5 integration test(s) on Linux...
Linux Desktop Tests (3)	UNKNOWN STEP	2026-02-25T19:49:41.4036959Z [0;34m[INFO][0m   Running: integration_test/create_room_with_matrix_test.dart
Linux Desktop Tests (3)	UNKNOWN STEP	2026-02-25T19:49:43.0225546Z 00:00 +0: loading /home/runner/work/substitution/substitution/integration_test/create_room_with_matrix_test.dart
Linux Desktop Tests (3)	UNKNOWN STEP	2026-02-25T19:50:13.8326461Z Building Linux application...                                   
Linux Desktop Tests (3)	UNKNOWN STEP	2026-02-25T19:50:13.8360120Z ✓ Built build/linux/x64/debug/bundle/substitution
Linux Desktop Tests (3)	UNKNOWN STEP	2026-02-25T19:50:17.2955381Z 00:00 +0: (setUpAll)
Linux Desktop Tests (3)	UNKNOWN STEP	2026-02-25T19:50:17.3564324Z 00:00 +0: Create Room explicitly on Follow Feeds with Matrix Server User can create a room from Follow feeds
Linux Desktop Tests (3)	UNKNOWN STEP	2026-02-25T19:50:17.8388405Z *** sqflite warning ***
Linux Desktop Tests (3)	UNKNOWN STEP	2026-02-25T19:50:17.8390168Z 
Linux Desktop Tests (3)	UNKNOWN STEP	2026-02-25T19:50:17.8390623Z You are changing sqflite default factory.
Linux Desktop Tests (3)	UNKNOWN STEP	2026-02-25T19:50:17.8391497Z Be aware of the potential side effects. Any library using sqflite
Linux Desktop Tests (3)	UNKNOWN STEP	2026-02-25T19:50:17.8392158Z will have this factory as the default for all operations.
Linux Desktop Tests (3)	UNKNOWN STEP	2026-02-25T19:50:17.8392742Z 
Linux Desktop Tests (3)	UNKNOWN STEP	2026-02-25T19:50:17.8392880Z *** sqflite warning ***
Linux Desktop Tests (3)	UNKNOWN STEP	2026-02-25T19:50:17.8393158Z 
Linux Desktop Tests (3)	UNKNOWN STEP	2026-02-25T19:50:17.8412035Z Waiting for globalMatrixClient to be initialized...
Linux Desktop Tests (3)	UNKNOWN STEP	2026-02-25T19:50:17.9931934Z [90m[🌎 Easy Localization] [DEBUG] Localization initialized[0m
Linux Desktop Tests (3)	UNKNOWN STEP	2026-02-25T19:50:17.9953603Z [Matrix] [32mInitialize client Substitution[0m
Linux Desktop Tests (3)	UNKNOWN STEP	2026-02-25T19:50:18.0086968Z [Matrix] [32mUser is not logged in.[0m
Linux Desktop Tests (3)	UNKNOWN STEP	2026-02-25T19:50:18.0137892Z [90m[🌎 Easy Localization] [DEBUG] Start[0m
Linux Desktop Tests (3)	UNKNOWN STEP	2026-02-25T19:50:18.3642299Z [90m[🌎 Easy Localization] [DEBUG] Init state[0m
Linux Desktop Tests (3)	UNKNOWN STEP	2026-02-25T19:50:18.3661044Z [90m[🌎 Easy Localization] [DEBUG] Build[0m
Linux Desktop Tests (3)	UNKNOWN STEP	2026-02-25T19:50:18.3665655Z [90m[🌎 Easy Localization] [DEBUG] Init Localization Delegate[0m
Linux Desktop Tests (3)	UNKNOWN STEP	2026-02-25T19:50:18.3674276Z [90m[🌎 Easy Localization] [DEBUG] Init provider[0m
Linux Desktop Tests (3)	UNKNOWN STEP	2026-02-25T19:50:18.4996937Z [90m[🌎 Easy Localization] [DEBUG] Load Localization Delegate[0m
Linux Desktop Tests (3)	UNKNOWN STEP	2026-02-25T19:50:18.5007038Z [90m[🌎 Easy Localization] [DEBUG] Load asset from assets/translations[0m
Linux Desktop Tests (3)	UNKNOWN STEP	2026-02-25T19:50:18.6113960Z globalMatrixClient initialized!
Linux Desktop Tests (3)	UNKNOWN STEP	2026-02-25T19:50:18.6270457Z Starting programmatic login for test user...
Linux Desktop Tests (3)	UNKNOWN STEP	2026-02-25T19:50:19.0297402Z [Matrix] [32mInitialize client Substitution[0m
Linux Desktop Tests (3)	UNKNOWN STEP	2026-02-25T19:50:19.0584324Z [Matrix] [32mSuccessfully connected as testuser1 with http://localhost:8008[0m
Linux Desktop Tests (3)	UNKNOWN STEP	2026-02-25T19:50:19.4268755Z Login success, navigating to Feed...
Linux Desktop Tests (3)	UNKNOWN STEP	2026-02-25T19:50:19.6877093Z [90m[🌎 Easy Localization] [DEBUG] Build[0m
Linux Desktop Tests (3)	UNKNOWN STEP	2026-02-25T19:50:19.6879461Z [90m[🌎 Easy Localization] [DEBUG] Init Localization Delegate[0m
Linux Desktop Tests (3)	UNKNOWN STEP	2026-02-25T19:50:19.6880348Z [90m[🌎 Easy Localization] [DEBUG] Init provider[0m
Linux Desktop Tests (3)	UNKNOWN STEP	2026-02-25T19:50:20.2516698Z checking room test_photos id: !HpLkTNEYVBdhaBDGCj:test.matrix.local
Linux Desktop Tests (3)	UNKNOWN STEP	2026-02-25T19:50:20.2528500Z checking room test_art id: !gwYXgPJcKQNHYIppiJ:test.matrix.local
Linux Desktop Tests (3)	UNKNOWN STEP	2026-02-25T19:50:20.2529581Z checking room test_general id: !avpeyIidLpbSMkWFUj:test.matrix.local
Linux Desktop Tests (3)	UNKNOWN STEP	2026-02-25T19:50:20.2530407Z checking room test_avatar id: !QjimhPrZyvKhMIoYKc:test.matrix.local
Linux Desktop Tests (3)	UNKNOWN STEP	2026-02-25T19:50:20.2531495Z checking room test_invite_only id: !YMKlEeyBMvFZUrfvrF:test.matrix.local
Linux Desktop Tests (3)	UNKNOWN STEP	2026-02-25T19:50:20.2532164Z start quering new events...
Linux Desktop Tests (3)	UNKNOWN STEP	2026-02-25T19:50:20.2532547Z finished...
Linux Desktop Tests (3)	UNKNOWN STEP	2026-02-25T19:50:20.2532855Z ret is empty...
Linux Desktop Tests (3)	UNKNOWN STEP	2026-02-25T19:50:20.2533195Z no new things to append...
Linux Desktop Tests (3)	UNKNOWN STEP	2026-02-25T19:50:22.8158791Z [FollowFeeds] Fetching rooms for generation 0, server: 'test.matrix.local', search: 'null'
Linux Desktop Tests (3)	UNKNOWN STEP	2026-02-25T19:50:22.8159526Z [FollowFeeds] Calling queryPublicRooms...
Linux Desktop Tests (3)	UNKNOWN STEP	2026-02-25T19:50:23.4565526Z [34m[🌎 Easy Localization] [WARNING] Localization key [settings.room.permissions] not found[0m
Linux Desktop Tests (3)	UNKNOWN STEP	2026-02-25T19:50:23.5019486Z [34m[🌎 Easy Localization] [WARNING] Localization key [settings.room.permissions] not found[0m
Linux Desktop Tests (3)	UNKNOWN STEP	2026-02-25T19:50:23.5165118Z [34m[🌎 Easy Localization] [WARNING] Localization key [settings.room.permissions] not found[0m
Linux Desktop Tests (3)	UNKNOWN STEP	2026-02-25T19:50:23.5310247Z [34m[🌎 Easy Localization] [WARNING] Localization key [settings.room.permissions] not found[0m
Linux Desktop Tests (3)	UNKNOWN STEP	2026-02-25T19:50:23.5457446Z [34m[🌎 Easy Localization] [WARNING] Localization key [settings.room.permissions] not found[0m
Linux Desktop Tests (3)	UNKNOWN STEP	2026-02-25T19:50:23.6373721Z Failed to load avatar: mxc://test.matrix.local/LxBRDuEqdasXfJApDAEqlhIK
Linux Desktop Tests (3)	UNKNOWN STEP	2026-02-25T19:50:23.6374654Z Failed to load avatar: mxc://test.matrix.local/GkuNHpanWrxsbttuMxYnsjii
Linux Desktop Tests (3)	UNKNOWN STEP	2026-02-25T19:50:23.6470975Z checking room test_photos id: !HpLkTNEYVBdhaBDGCj:test.matrix.local
Linux Desktop Tests (3)	UNKNOWN STEP	2026-02-25T19:50:23.6479028Z checking room test_art id: !gwYXgPJcKQNHYIppiJ:test.matrix.local
Linux Desktop Tests (3)	UNKNOWN STEP	2026-02-25T19:50:23.6480973Z checking room test_general id: !avpeyIidLpbSMkWFUj:test.matrix.local
Linux Desktop Tests (3)	UNKNOWN STEP	2026-02-25T19:50:23.6482379Z checking room test_avatar id: !QjimhPrZyvKhMIoYKc:test.matrix.local
Linux Desktop Tests (3)	UNKNOWN STEP	2026-02-25T19:50:23.6489299Z checking room test_invite_only id: !YMKlEeyBMvFZUrfvrF:test.matrix.local
Linux Desktop Tests (3)	UNKNOWN STEP	2026-02-25T19:50:23.6498124Z start quering new events...
Linux Desktop Tests (3)	UNKNOWN STEP	2026-02-25T19:50:23.6498537Z finished...
Linux Desktop Tests (3)	UNKNOWN STEP	2026-02-25T19:50:23.6498833Z ret is empty...
Linux Desktop Tests (3)	UNKNOWN STEP	2026-02-25T19:50:23.6499165Z no new things to append...
Linux Desktop Tests (3)	UNKNOWN STEP	2026-02-25T19:50:24.1806133Z [34m[🌎 Easy Localization] [WARNING] Localization key [settings.room.permissions] not found[0m
Linux Desktop Tests (3)	UNKNOWN STEP	2026-02-25T19:50:24.1920954Z [34m[🌎 Easy Localization] [WARNING] Localization key [settings.room.permissions] not found[0m
Linux Desktop Tests (3)	UNKNOWN STEP	2026-02-25T19:50:24.1980241Z [34m[🌎 Easy Localization] [WARNING] Localization key [settings.room.permissions] not found[0m
Linux Desktop Tests (3)	UNKNOWN STEP	2026-02-25T19:50:24.2039578Z [34m[🌎 Easy Localization] [WARNING] Localization key [settings.room.permissions] not found[0m
Linux Desktop Tests (3)	UNKNOWN STEP	2026-02-25T19:50:24.2095424Z [34m[🌎 Easy Localization] [WARNING] Localization key [settings.room.permissions] not found[0m
Linux Desktop Tests (3)	UNKNOWN STEP	2026-02-25T19:50:29.3047841Z [FollowFeeds] Fetching rooms for generation 1, server: 'test.matrix.local', search: 'null'
Linux Desktop Tests (3)	UNKNOWN STEP	2026-02-25T19:50:29.3048371Z [FollowFeeds] Calling queryPublicRooms...
Linux Desktop Tests (3)	UNKNOWN STEP	2026-02-25T19:50:29.8381356Z [34m[🌎 Easy Localization] [WARNING] Localization key [settings.room.permissions] not found[0m
Linux Desktop Tests (3)	UNKNOWN STEP	2026-02-25T19:50:29.8690407Z [34m[🌎 Easy Localization] [WARNING] Localization key [settings.room.permissions] not found[0m
Linux Desktop Tests (3)	UNKNOWN STEP	2026-02-25T19:50:29.8804130Z [34m[🌎 Easy Localization] [WARNING] Localization key [settings.room.permissions] not found[0m
Linux Desktop Tests (3)	UNKNOWN STEP	2026-02-25T19:50:29.8955927Z [34m[🌎 Easy Localization] [WARNING] Localization key [settings.room.permissions] not found[0m
Linux Desktop Tests (3)	UNKNOWN STEP	2026-02-25T19:50:29.9044501Z [34m[🌎 Easy Localization] [WARNING] Localization key [settings.room.permissions] not found[0m
Linux Desktop Tests (3)	UNKNOWN STEP	2026-02-25T19:50:29.9128874Z [34m[🌎 Easy Localization] [WARNING] Localization key [settings.room.permissions] not found[0m
Linux Desktop Tests (3)	UNKNOWN STEP	2026-02-25T19:50:29.9375112Z Failed to load avatar: mxc://test.matrix.local/LxBRDuEqdasXfJApDAEqlhIK
Linux Desktop Tests (3)	UNKNOWN STEP	2026-02-25T19:50:29.9377252Z Failed to load avatar: mxc://test.matrix.local/GkuNHpanWrxsbttuMxYnsjii
Linux Desktop Tests (3)	UNKNOWN STEP	2026-02-25T19:50:29.9810353Z [34m[🌎 Easy Localization] [WARNING] Localization key [settings.room.permissions] not found[0m
Linux Desktop Tests (3)	UNKNOWN STEP	2026-02-25T19:50:29.9860956Z [34m[🌎 Easy Localization] [WARNING] Localization key [settings.room.permissions] not found[0m
Linux Desktop Tests (3)	UNKNOWN STEP	2026-02-25T19:50:29.9908895Z [34m[🌎 Easy Localization] [WARNING] Localization key [settings.room.permissions] not found[0m
Linux Desktop Tests (3)	UNKNOWN STEP	2026-02-25T19:50:29.9952754Z [34m[🌎 Easy Localization] [WARNING] Localization key [settings.room.permissions] not found[0m
Linux Desktop Tests (3)	UNKNOWN STEP	2026-02-25T19:50:30.0004942Z [34m[🌎 Easy Localization] [WARNING] Localization key [settings.room.permissions] not found[0m
Linux Desktop Tests (3)	UNKNOWN STEP	2026-02-25T19:50:30.0043436Z [34m[🌎 Easy Localization] [WARNING] Localization key [settings.room.permissions] not found[0m
Linux Desktop Tests (3)	UNKNOWN STEP	2026-02-25T19:50:30.5781169Z [FollowFeeds] Fetching rooms for generation 2, server: 'test.matrix.local', search: 'test_room_1772049028463'
Linux Desktop Tests (3)	UNKNOWN STEP	2026-02-25T19:50:30.5783339Z [FollowFeeds] Calling queryPublicRooms...
Linux Desktop Tests (3)	UNKNOWN STEP	2026-02-25T19:50:31.0988279Z [34m[🌎 Easy Localization] [WARNING] Localization key [settings.room.permissions] not found[0m
Linux Desktop Tests (3)	UNKNOWN STEP	2026-02-25T19:50:31.1979592Z 00:13 +1: (tearDownAll)
Linux Desktop Tests (3)	UNKNOWN STEP	2026-02-25T19:50:31.2139618Z 00:13 +1: All tests passed!
Linux Desktop Tests (3)	UNKNOWN STEP	2026-02-25T19:50:31.2612273Z [0;34m[INFO][0m   Running: integration_test/interaction_with_matrix_test.dart
Linux Desktop Tests (3)	UNKNOWN STEP	2026-02-25T19:50:32.3151741Z 00:00 +0: loading /home/runner/work/substitution/substitution/integration_test/interaction_with_matrix_test.dart
Linux Desktop Tests (3)	UNKNOWN STEP	2026-02-25T19:50:59.2544830Z Building Linux application...                                   
Linux Desktop Tests (3)	UNKNOWN STEP	2026-02-25T19:50:59.2576119Z ✓ Built build/linux/x64/debug/bundle/substitution
Linux Desktop Tests (3)	UNKNOWN STEP	2026-02-25T19:50:59.9778106Z 00:00 +0: (setUpAll)
Linux Desktop Tests (3)	UNKNOWN STEP	2026-02-25T19:50:59.9989774Z 00:00 +0: Engagement & Interaction with Real Matrix Server Can react to messages with emoji
Linux Desktop Tests (3)	UNKNOWN STEP	2026-02-25T19:51:00.3857114Z *** sqflite warning ***
Linux Desktop Tests (3)	UNKNOWN STEP	2026-02-25T19:51:00.3857465Z 
Linux Desktop Tests (3)	UNKNOWN STEP	2026-02-25T19:51:00.3857668Z You are changing sqflite default factory.
Linux Desktop Tests (3)	UNKNOWN STEP	2026-02-25T19:51:00.3858346Z Be aware of the potential side effects. Any library using sqflite
Linux Desktop Tests (3)	UNKNOWN STEP	2026-02-25T19:51:00.3859093Z will have this factory as the default for all operations.
Linux Desktop Tests (3)	UNKNOWN STEP	2026-02-25T19:51:00.3859532Z 
Linux Desktop Tests (3)	UNKNOWN STEP	2026-02-25T19:51:00.3859698Z *** sqflite warning ***
Linux Desktop Tests (3)	UNKNOWN STEP	2026-02-25T19:51:00.3859950Z 
Linux Desktop Tests (3)	UNKNOWN STEP	2026-02-25T19:51:00.3885365Z Waiting for globalMatrixClient to be initialized...
Linux Desktop Tests (3)	UNKNOWN STEP	2026-02-25T19:51:00.5180396Z [90m[🌎 Easy Localization] [DEBUG] Localization initialized[0m
Linux Desktop Tests (3)	UNKNOWN STEP	2026-02-25T19:51:00.5202974Z [Matrix] [32mInitialize client Substitution[0m
Linux Desktop Tests (3)	UNKNOWN STEP	2026-02-25T19:51:00.5295204Z [Matrix] [32mUser is not logged in.[0m
Linux Desktop Tests (3)	UNKNOWN STEP	2026-02-25T19:51:00.5328855Z [90m[🌎 Easy Localization] [DEBUG] Start[0m
Linux Desktop Tests (3)	UNKNOWN STEP	2026-02-25T19:51:00.9146918Z [90m[🌎 Easy Localization] [DEBUG] Init state[0m
Linux Desktop Tests (3)	UNKNOWN STEP	2026-02-25T19:51:00.9162037Z [90m[🌎 Easy Localization] [DEBUG] Build[0m
Linux Desktop Tests (3)	UNKNOWN STEP	2026-02-25T19:51:00.9166505Z [90m[🌎 Easy Localization] [DEBUG] Init Localization Delegate[0m
Linux Desktop Tests (3)	UNKNOWN STEP	2026-02-25T19:51:00.9172235Z [90m[🌎 Easy Localization] [DEBUG] Init provider[0m
Linux Desktop Tests (3)	UNKNOWN STEP	2026-02-25T19:51:01.0510453Z [90m[🌎 Easy Localization] [DEBUG] Load Localization Delegate[0m
Linux Desktop Tests (3)	UNKNOWN STEP	2026-02-25T19:51:01.0521742Z [90m[🌎 Easy Localization] [DEBUG] Load asset from assets/translations[0m
Linux Desktop Tests (3)	UNKNOWN STEP	2026-02-25T19:51:01.1647807Z globalMatrixClient initialized!
Linux Desktop Tests (3)	UNKNOWN STEP	2026-02-25T19:51:01.1815516Z Waiting for globalMatrixClient to be initialized...
Linux Desktop Tests (3)	UNKNOWN STEP	2026-02-25T19:51:01.1816145Z globalMatrixClient initialized!
Linux Desktop Tests (3)	UNKNOWN STEP	2026-02-25T19:51:01.1818355Z Step 1: Checking for Age Gate, Intro, or Login fields...
Linux Desktop Tests (3)	UNKNOWN STEP	2026-02-25T19:51:01.6899660Z [90m[🌎 Easy Localization] [DEBUG] Build[0m
Linux Desktop Tests (3)	UNKNOWN STEP	2026-02-25T19:51:01.6906932Z [90m[🌎 Easy Localization] [DEBUG] Init Localization Delegate[0m
Linux Desktop Tests (3)	UNKNOWN STEP	2026-02-25T19:51:01.6908633Z [90m[🌎 Easy Localization] [DEBUG] Init provider[0m
Linux Desktop Tests (3)	UNKNOWN STEP	2026-02-25T19:51:02.2965477Z Found screen! AgeGate: false, Intro: true, Username: false, Host: false
Linux Desktop Tests (3)	UNKNOWN STEP	2026-02-25T19:51:02.2976734Z Step 2: Navigating through onboarding...
Linux Desktop Tests (3)	UNKNOWN STEP	2026-02-25T19:51:04.3788926Z Tapping Next button at step 0...
Linux Desktop Tests (3)	UNKNOWN STEP	2026-02-25T19:51:06.5582955Z Tapping Next button at step 1...
Linux Desktop Tests (3)	UNKNOWN STEP	2026-02-25T19:51:08.6420520Z Reached target page at step 2. Host: true, Username: false
Linux Desktop Tests (3)	UNKNOWN STEP	2026-02-25T19:51:08.6421380Z Onboarding navigation complete.
Linux Desktop Tests (3)	UNKNOWN STEP	2026-02-25T19:51:08.6421742Z Step 3: Entering host URL: http://localhost:8008
Linux Desktop Tests (3)	UNKNOWN STEP	2026-02-25T19:51:10.8578113Z Tapping host submit button...
Linux Desktop Tests (3)	UNKNOWN STEP	2026-02-25T19:51:12.9709144Z Waiting for login page to appear...
Linux Desktop Tests (3)	UNKNOWN STEP	2026-02-25T19:51:13.5905783Z Login page reached.
Linux Desktop Tests (3)	UNKNOWN STEP	2026-02-25T19:51:13.5906585Z Step 4: Looking for login fields...
Linux Desktop Tests (3)	UNKNOWN STEP	2026-02-25T19:51:13.5932420Z Entering username: testuser1
Linux Desktop Tests (3)	UNKNOWN STEP	2026-02-25T19:51:15.7238208Z Entering password...
Linux Desktop Tests (3)	UNKNOWN STEP	2026-02-25T19:51:17.8250276Z Tapping login submit button...
Linux Desktop Tests (3)	UNKNOWN STEP	2026-02-25T19:51:19.9042053Z Step 5: Waiting for finished page (introGoButton)...
Linux Desktop Tests (3)	UNKNOWN STEP	2026-02-25T19:51:20.1975490Z [Matrix] [32mInitialize client Substitution[0m
Linux Desktop Tests (3)	UNKNOWN STEP	2026-02-25T19:51:20.2274917Z [Matrix] [32mSuccessfully connected as testuser1 with http://localhost:8008[0m
Linux Desktop Tests (3)	UNKNOWN STEP	2026-02-25T19:51:21.5145237Z Finished page reached.
Linux Desktop Tests (3)	UNKNOWN STEP	2026-02-25T19:51:21.5145700Z Tapping Go button...
Linux Desktop Tests (3)	UNKNOWN STEP	2026-02-25T19:51:21.5203908Z Waiting for feed (Scrollable)...
Linux Desktop Tests (3)	UNKNOWN STEP	2026-02-25T19:51:21.7014893Z checking room test_photos id: !HpLkTNEYVBdhaBDGCj:test.matrix.local
Linux Desktop Tests (3)	UNKNOWN STEP	2026-02-25T19:51:21.7016185Z checking room test_art id: !gwYXgPJcKQNHYIppiJ:test.matrix.local
Linux Desktop Tests (3)	UNKNOWN STEP	2026-02-25T19:51:21.7020059Z checking room test_general id: !avpeyIidLpbSMkWFUj:test.matrix.local
Linux Desktop Tests (3)	UNKNOWN STEP	2026-02-25T19:51:21.7021449Z checking room test_room_1772049028463 id: !LUTJpgZewseVnAwssQ:test.matrix.local
Linux Desktop Tests (3)	UNKNOWN STEP	2026-02-25T19:51:21.7022620Z --- adding room test_room_1772049028463 id: !LUTJpgZewseVnAwssQ:test.matrix.local
Linux Desktop Tests (3)	UNKNOWN STEP	2026-02-25T19:51:21.7023400Z checking room test_avatar id: !QjimhPrZyvKhMIoYKc:test.matrix.local
Linux Desktop Tests (3)	UNKNOWN STEP	2026-02-25T19:51:21.7024208Z checking room test_invite_only id: !YMKlEeyBMvFZUrfvrF:test.matrix.local
Linux Desktop Tests (3)	UNKNOWN STEP	2026-02-25T19:51:21.7318558Z start quering new events...
Linux Desktop Tests (3)	UNKNOWN STEP	2026-02-25T19:51:21.7319505Z [Matrix] [32mNo more events found in the store. Request from server...[0m
Linux Desktop Tests (3)	UNKNOWN STEP	2026-02-25T19:51:21.7849738Z [FeedFilter] REJECTED event=$htz5DZfueL85v-GmjzmGf3EP5yAu-8ZSHc-Yrt9JupA type=m.room.topic isMsg=false rel=null powerLevel=100 sender=@testuser1:test.matrix.local
Linux Desktop Tests (3)	UNKNOWN STEP	2026-02-25T19:51:21.7853478Z [FeedFilter] REJECTED event=$iTNhA0vDdxX_WzAuDX_mJGsxSKQUEdzZYGrveNlCwHc type=m.room.name isMsg=false rel=null powerLevel=100 sender=@testuser1:test.matrix.local
Linux Desktop Tests (3)	UNKNOWN STEP	2026-02-25T19:51:21.7856283Z [FeedFilter] REJECTED event=$HF_pVNZduVBUJobwiWtio_4STEY3m_OZQBRSmu8as2A type=m.room.history_visibility isMsg=false rel=null powerLevel=100 sender=@testuser1:test.matrix.local
Linux Desktop Tests (3)	UNKNOWN STEP	2026-02-25T19:51:21.7858784Z [FeedFilter] REJECTED event=$eKyq9lqIC23VKSNeRzF4bqI4mmer84TBxbWoSbdg1pQ type=m.room.join_rules isMsg=false rel=null powerLevel=100 sender=@testuser1:test.matrix.local
Linux Desktop Tests (3)	UNKNOWN STEP	2026-02-25T19:51:21.7861360Z [FeedFilter] REJECTED event=$teB4dI7zCNsT_yN5AVADn8uUXDlqgO0O04SPlmYOTz8 type=m.room.canonical_alias isMsg=false rel=null powerLevel=100 sender=@testuser1:test.matrix.local
Linux Desktop Tests (3)	UNKNOWN STEP	2026-02-25T19:51:21.7863015Z [FeedFilter] REJECTED event=$LdHZ7bpjBcVnfz8Nr5wI3yjGNTmkRKlDQ_IyZc-qz78 type=m.room.power_levels isMsg=false rel=null powerLevel=100 sender=@testuser1:test.matrix.local
Linux Desktop Tests (3)	UNKNOWN STEP	2026-02-25T19:51:21.7864171Z [FeedFilter] REJECTED event=$A2PRu4rkTy84PqbjQBvSlYsdjh2BJ2MJ1af7XX9y1bU type=m.room.member isMsg=false rel=null powerLevel=100 sender=@testuser1:test.matrix.local
Linux Desktop Tests (3)	UNKNOWN STEP	2026-02-25T19:51:21.7865297Z [FeedFilter] REJECTED event=$DabUDV1BcQsbveO6jINvHIjSDQdoJH3bCpX4DzUuhGA type=m.room.create isMsg=false rel=null powerLevel=100 sender=@testuser1:test.matrix.local
Linux Desktop Tests (3)	UNKNOWN STEP	2026-02-25T19:51:21.7866589Z cannot request more history... events.isEmpty? false, room.prev_batch: t1-75_5_0_1_2_1_1_17_0_1_2_1
Linux Desktop Tests (3)	UNKNOWN STEP	2026-02-25T19:51:21.7867044Z finished...
Linux Desktop Tests (3)	UNKNOWN STEP	2026-02-25T19:51:21.7867237Z ret is empty...
Linux Desktop Tests (3)	UNKNOWN STEP	2026-02-25T19:51:21.7867440Z no new things to append...
Linux Desktop Tests (3)	UNKNOWN STEP	2026-02-25T19:51:22.0526396Z Feed reached.
Linux Desktop Tests (3)	UNKNOWN STEP	2026-02-25T19:51:24.1084917Z ✓ Messages found in feed
Linux Desktop Tests (3)	UNKNOWN STEP	2026-02-25T19:51:24.1803161Z 00:24 +1: Engagement & Interaction with Real Matrix Server Can reply to messages
Linux Desktop Tests (3)	UNKNOWN STEP	2026-02-25T19:51:24.2610385Z *** sqflite warning ***
Linux Desktop Tests (3)	UNKNOWN STEP	2026-02-25T19:51:24.2610863Z 
Linux Desktop Tests (3)	UNKNOWN STEP	2026-02-25T19:51:24.2611049Z You are changing sqflite default factory.
Linux Desktop Tests (3)	UNKNOWN STEP	2026-02-25T19:51:24.2611616Z Be aware of the potential side effects. Any library using sqflite
Linux Desktop Tests (3)	UNKNOWN STEP	2026-02-25T19:51:24.2612225Z will have this factory as the default for all operations.
Linux Desktop Tests (3)	UNKNOWN STEP	2026-02-25T19:51:24.2612595Z 
Linux Desktop Tests (3)	UNKNOWN STEP	2026-02-25T19:51:24.2612723Z *** sqflite warning ***
Linux Desktop Tests (3)	UNKNOWN STEP	2026-02-25T19:51:24.2612939Z 
Linux Desktop Tests (3)	UNKNOWN STEP	2026-02-25T19:51:24.2613136Z Waiting for globalMatrixClient to be initialized...
Linux Desktop Tests (3)	UNKNOWN STEP	2026-02-25T19:51:24.3432290Z [90m[🌎 Easy Localization] [DEBUG] Localization initialized[0m
Linux Desktop Tests (3)	UNKNOWN STEP	2026-02-25T19:51:24.3432856Z [Matrix] [32mInitialize client Substitution[0m
Linux Desktop Tests (3)	UNKNOWN STEP	2026-02-25T19:51:24.3444281Z [Matrix] [32mUser is not logged in.[0m
Linux Desktop Tests (3)	UNKNOWN STEP	2026-02-25T19:51:24.3445922Z [90m[🌎 Easy Localization] [DEBUG] Start[0m
Linux Desktop Tests (3)	UNKNOWN STEP	2026-02-25T19:51:24.7728898Z 00:24 +1: Engagement & Interaction with Real Matrix Server Can react to messages with emoji
Linux Desktop Tests (3)	UNKNOWN STEP	2026-02-25T19:51:24.7730139Z [90m[🌎 Easy Localization] [DEBUG] Init state[0m
Linux Desktop Tests (3)	UNKNOWN STEP	2026-02-25T19:51:24.7733972Z [90m[🌎 Easy Localization] [DEBUG] Build[0m
Linux Desktop Tests (3)	UNKNOWN STEP	2026-02-25T19:51:24.7734802Z [90m[🌎 Easy Localization] [DEBUG] Init Localization Delegate[0m
Linux Desktop Tests (3)	UNKNOWN STEP	2026-02-25T19:51:24.7735658Z [90m[🌎 Easy Localization] [DEBUG] Init provider[0m
Linux Desktop Tests (3)	UNKNOWN STEP	2026-02-25T19:51:24.7806841Z [90m[🌎 Easy Localization] [DEBUG] Load Localization Delegate[0m
Linux Desktop Tests (3)	UNKNOWN STEP	2026-02-25T19:51:24.7808176Z [90m[🌎 Easy Localization] [DEBUG] Load asset from assets/translations[0m
Linux Desktop Tests (3)	UNKNOWN STEP	2026-02-25T19:51:24.7843205Z 00:24 +1: Engagement & Interaction with Real Matrix Server Can reply to messages
Linux Desktop Tests (3)	UNKNOWN STEP	2026-02-25T19:51:24.7844016Z globalMatrixClient initialized!
Linux Desktop Tests (3)	UNKNOWN STEP	2026-02-25T19:51:24.7878170Z Waiting for globalMatrixClient to be initialized...
Linux Desktop Tests (3)	UNKNOWN STEP	2026-02-25T19:51:24.7880274Z globalMatrixClient initialized!
Linux Desktop Tests (3)	UNKNOWN STEP	2026-02-25T19:51:24.7881365Z Step 1: Checking for Age Gate, Intro, or Login fields...
Linux Desktop Tests (3)	UNKNOWN STEP	2026-02-25T19:51:25.3054626Z 00:25 +1: Engagement & Interaction with Real Matrix Server Can react to messages with emoji
Linux Desktop Tests (3)	UNKNOWN STEP	2026-02-25T19:51:25.3055751Z [90m[🌎 Easy Localization] [DEBUG] Build[0m
Linux Desktop Tests (3)	UNKNOWN STEP	2026-02-25T19:51:25.3056502Z [90m[🌎 Easy Localization] [DEBUG] Init Localization Delegate[0m
Linux Desktop Tests (3)	UNKNOWN STEP	2026-02-25T19:51:25.3059246Z [90m[🌎 Easy Localization] [DEBUG] Init provider[0m
Linux Desktop Tests (3)	UNKNOWN STEP	2026-02-25T19:51:25.3574108Z 00:25 +1: Engagement & Interaction with Real Matrix Server Can reply to messages
Linux Desktop Tests (3)	UNKNOWN STEP	2026-02-25T19:51:25.3575013Z Found screen! AgeGate: false, Intro: true, Username: false, Host: false
Linux Desktop Tests (3)	UNKNOWN STEP	2026-02-25T19:51:25.3575664Z Step 2: Navigating through onboarding...
Linux Desktop Tests (3)	UNKNOWN STEP	2026-02-25T19:51:27.4254485Z Tapping Next button at step 0...
Linux Desktop Tests (3)	UNKNOWN STEP	2026-02-25T19:51:29.5078738Z Tapping Next button at step 1...
Linux Desktop Tests (3)	UNKNOWN STEP	2026-02-25T19:51:31.5916251Z Reached target page at step 2. Host: true, Username: false
Linux Desktop Tests (3)	UNKNOWN STEP	2026-02-25T19:51:31.5917269Z Onboarding navigation complete.
Linux Desktop Tests (3)	UNKNOWN STEP	2026-02-25T19:51:31.5918027Z Step 3: Entering host URL: http://localhost:8008
Linux Desktop Tests (3)	UNKNOWN STEP	2026-02-25T19:51:33.7239546Z Tapping host submit button...
Linux Desktop Tests (3)	UNKNOWN STEP	2026-02-25T19:51:35.7983278Z Waiting for login page to appear...
Linux Desktop Tests (3)	UNKNOWN STEP	2026-02-25T19:51:36.3326733Z Login page reached.
Linux Desktop Tests (3)	UNKNOWN STEP	2026-02-25T19:51:36.3327557Z Step 4: Looking for login fields...
Linux Desktop Tests (3)	UNKNOWN STEP	2026-02-25T19:51:36.3328297Z Entering username: testuser1
Linux Desktop Tests (3)	UNKNOWN STEP	2026-02-25T19:51:38.4574523Z Entering password...
Linux Desktop Tests (3)	UNKNOWN STEP	2026-02-25T19:51:40.5754030Z Tapping login submit button...
Linux Desktop Tests (3)	UNKNOWN STEP	2026-02-25T19:51:42.6478858Z Step 5: Waiting for finished page (introGoButton)...
Linux Desktop Tests (3)	UNKNOWN STEP	2026-02-25T19:51:42.9371080Z 00:42 +1: Engagement & Interaction with Real Matrix Server Can react to messages with emoji
Linux Desktop Tests (3)	UNKNOWN STEP	2026-02-25T19:51:42.9372716Z [Matrix] [33mCurrent sync request ID has changed. Dropping this sync loop![0m
Linux Desktop Tests (3)	UNKNOWN STEP	2026-02-25T19:51:42.9389887Z 00:42 +1: Engagement & Interaction with Real Matrix Server Can reply to messages
Linux Desktop Tests (3)	UNKNOWN STEP	2026-02-25T19:51:42.9392727Z [Matrix] [32mInitialize client Substitution[0m
Linux Desktop Tests (3)	UNKNOWN STEP	2026-02-25T19:51:42.9559373Z [Matrix] [32mSuccessfully connected as testuser1 with http://localhost:8008[0m
Linux Desktop Tests (3)	UNKNOWN STEP	2026-02-25T19:51:44.2271532Z Finished page reached.
Linux Desktop Tests (3)	UNKNOWN STEP	2026-02-25T19:51:44.2271995Z Tapping Go button...
Linux Desktop Tests (3)	UNKNOWN STEP	2026-02-25T19:51:44.2312635Z Waiting for feed (Scrollable)...
Linux Desktop Tests (3)	UNKNOWN STEP	2026-02-25T19:51:44.3687212Z 00:44 +1: Engagement & Interaction with Real Matrix Server Can react to messages with emoji
Linux Desktop Tests (3)	UNKNOWN STEP	2026-02-25T19:51:44.3688187Z checking room test_photos id: !HpLkTNEYVBdhaBDGCj:test.matrix.local
Linux Desktop Tests (3)	UNKNOWN STEP	2026-02-25T19:51:44.3688916Z checking room test_art id: !gwYXgPJcKQNHYIppiJ:test.matrix.local
Linux Desktop Tests (3)	UNKNOWN STEP	2026-02-25T19:51:44.3691995Z checking room test_general id: !avpeyIidLpbSMkWFUj:test.matrix.local
Linux Desktop Tests (3)	UNKNOWN STEP	2026-02-25T19:51:44.3693094Z checking room test_room_1772049028463 id: !LUTJpgZewseVnAwssQ:test.matrix.local
Linux Desktop Tests (3)	UNKNOWN STEP	2026-02-25T19:51:44.3694091Z --- adding room test_room_1772049028463 id: !LUTJpgZewseVnAwssQ:test.matrix.local
Linux Desktop Tests (3)	UNKNOWN STEP	2026-02-25T19:51:44.3695004Z checking room test_avatar id: !QjimhPrZyvKhMIoYKc:test.matrix.local
Linux Desktop Tests (3)	UNKNOWN STEP	2026-02-25T19:51:44.3695779Z checking room test_invite_only id: !YMKlEeyBMvFZUrfvrF:test.matrix.local
Linux Desktop Tests (3)	UNKNOWN STEP	2026-02-25T19:51:44.3808954Z start quering new events...
Linux Desktop Tests (3)	UNKNOWN STEP	2026-02-25T19:51:44.3810214Z [Matrix] [32mNo more events found in the store. Request from server...[0m
Linux Desktop Tests (3)	UNKNOWN STEP	2026-02-25T19:51:44.4118014Z [FeedFilter] REJECTED event=$htz5DZfueL85v-GmjzmGf3EP5yAu-8ZSHc-Yrt9JupA type=m.room.topic isMsg=false rel=null powerLevel=100 sender=@testuser1:test.matrix.local
Linux Desktop Tests (3)	UNKNOWN STEP	2026-02-25T19:51:44.4121347Z [FeedFilter] REJECTED event=$iTNhA0vDdxX_WzAuDX_mJGsxSKQUEdzZYGrveNlCwHc type=m.room.name isMsg=false rel=null powerLevel=100 sender=@testuser1:test.matrix.local
Linux Desktop Tests (3)	UNKNOWN STEP	2026-02-25T19:51:44.4123405Z [FeedFilter] REJECTED event=$HF_pVNZduVBUJobwiWtio_4STEY3m_OZQBRSmu8as2A type=m.room.history_visibility isMsg=false rel=null powerLevel=100 sender=@testuser1:test.matrix.local
Linux Desktop Tests (3)	UNKNOWN STEP	2026-02-25T19:51:44.4125661Z [FeedFilter] REJECTED event=$eKyq9lqIC23VKSNeRzF4bqI4mmer84TBxbWoSbdg1pQ type=m.room.join_rules isMsg=false rel=null powerLevel=100 sender=@testuser1:test.matrix.local
Linux Desktop Tests (3)	UNKNOWN STEP	2026-02-25T19:51:44.4127506Z [FeedFilter] REJECTED event=$teB4dI7zCNsT_yN5AVADn8uUXDlqgO0O04SPlmYOTz8 type=m.room.canonical_alias isMsg=false rel=null powerLevel=100 sender=@testuser1:test.matrix.local
Linux Desktop Tests (3)	UNKNOWN STEP	2026-02-25T19:51:44.4129312Z [FeedFilter] REJECTED event=$LdHZ7bpjBcVnfz8Nr5wI3yjGNTmkRKlDQ_IyZc-qz78 type=m.room.power_levels isMsg=false rel=null powerLevel=100 sender=@testuser1:test.matrix.local
Linux Desktop Tests (3)	UNKNOWN STEP	2026-02-25T19:51:44.4131363Z [FeedFilter] REJECTED event=$A2PRu4rkTy84PqbjQBvSlYsdjh2BJ2MJ1af7XX9y1bU type=m.room.member isMsg=false rel=null powerLevel=100 sender=@testuser1:test.matrix.local
Linux Desktop Tests (3)	UNKNOWN STEP	2026-02-25T19:51:44.4133108Z [FeedFilter] REJECTED event=$DabUDV1BcQsbveO6jINvHIjSDQdoJH3bCpX4DzUuhGA type=m.room.create isMsg=false rel=null powerLevel=100 sender=@testuser1:test.matrix.local
Linux Desktop Tests (3)	UNKNOWN STEP	2026-02-25T19:51:44.4134490Z cannot request more history... events.isEmpty? false, room.prev_batch: t1-75_5_0_1_2_1_1_18_0_1_2_1
Linux Desktop Tests (3)	UNKNOWN STEP	2026-02-25T19:51:44.4135175Z finished...
Linux Desktop Tests (3)	UNKNOWN STEP	2026-02-25T19:51:44.4135448Z ret is empty...
Linux Desktop Tests (3)	UNKNOWN STEP	2026-02-25T19:51:44.4136103Z no new things to append...
Linux Desktop Tests (3)	UNKNOWN STEP	2026-02-25T19:51:44.7466181Z 00:44 +1: Engagement & Interaction with Real Matrix Server Can reply to messages
Linux Desktop Tests (3)	UNKNOWN STEP	2026-02-25T19:51:44.7466610Z Feed reached.
Linux Desktop Tests (3)	UNKNOWN STEP	2026-02-25T19:51:46.8081184Z ⚠ messageWidgets not found - skipping
Linux Desktop Tests (3)	UNKNOWN STEP	2026-02-25T19:51:46.8510915Z 00:46 +2: Engagement & Interaction with Real Matrix Server Reactions from other users are visible
Linux Desktop Tests (3)	UNKNOWN STEP	2026-02-25T19:51:46.9178164Z *** sqflite warning ***
Linux Desktop Tests (3)	UNKNOWN STEP	2026-02-25T19:51:46.9178953Z 
Linux Desktop Tests (3)	UNKNOWN STEP	2026-02-25T19:51:46.9179271Z You are changing sqflite default factory.
Linux Desktop Tests (3)	UNKNOWN STEP	2026-02-25T19:51:46.9180207Z Be aware of the potential side effects. Any library using sqflite
Linux Desktop Tests (3)	UNKNOWN STEP	2026-02-25T19:51:46.9181316Z will have this factory as the default for all operations.
Linux Desktop Tests (3)	UNKNOWN STEP	2026-02-25T19:51:46.9191497Z 
Linux Desktop Tests (3)	UNKNOWN STEP	2026-02-25T19:51:46.9191653Z *** sqflite warning ***
Linux Desktop Tests (3)	UNKNOWN STEP	2026-02-25T19:51:46.9191896Z 
Linux Desktop Tests (3)	UNKNOWN STEP	2026-02-25T19:51:46.9192706Z Waiting for globalMatrixClient to be initialized...
Linux Desktop Tests (3)	UNKNOWN STEP	2026-02-25T19:51:46.9762047Z [90m[🌎 Easy Localization] [DEBUG] Localization initialized[0m
Linux Desktop Tests (3)	UNKNOWN STEP	2026-02-25T19:51:46.9762553Z [Matrix] [32mInitialize client Substitution[0m
Linux Desktop Tests (3)	UNKNOWN STEP	2026-02-25T19:51:46.9779031Z [Matrix] [32mUser is not logged in.[0m
Linux Desktop Tests (3)	UNKNOWN STEP	2026-02-25T19:51:46.9781088Z [90m[🌎 Easy Localization] [DEBUG] Start[0m
Linux Desktop Tests (3)	UNKNOWN STEP	2026-02-25T19:51:47.4242484Z 00:47 +2: Engagement & Interaction with Real Matrix Server Can react to messages with emoji
Linux Desktop Tests (3)	UNKNOWN STEP	2026-02-25T19:51:47.4244154Z [90m[🌎 Easy Localization] [DEBUG] Init state[0m
Linux Desktop Tests (3)	UNKNOWN STEP	2026-02-25T19:51:47.4245898Z [90m[🌎 Easy Localization] [DEBUG] Build[0m
Linux Desktop Tests (3)	UNKNOWN STEP	2026-02-25T19:51:47.4246713Z [90m[🌎 Easy Localization] [DEBUG] Init Localization Delegate[0m
Linux Desktop Tests (3)	UNKNOWN STEP	2026-02-25T19:51:47.4247503Z [90m[🌎 Easy Localization] [DEBUG] Init provider[0m
Linux Desktop Tests (3)	UNKNOWN STEP	2026-02-25T19:51:47.4306176Z [90m[🌎 Easy Localization] [DEBUG] Load Localization Delegate[0m
Linux Desktop Tests (3)	UNKNOWN STEP	2026-02-25T19:51:47.4308147Z [90m[🌎 Easy Localization] [DEBUG] Load asset from assets/translations[0m
Linux Desktop Tests (3)	UNKNOWN STEP	2026-02-25T19:51:47.4344972Z 00:47 +2: Engagement & Interaction with Real Matrix Server Reactions from other users are visible
Linux Desktop Tests (3)	UNKNOWN STEP	2026-02-25T19:51:47.4345823Z globalMatrixClient initialized!
Linux Desktop Tests (3)	UNKNOWN STEP	2026-02-25T19:51:47.4379480Z Waiting for globalMatrixClient to be initialized...
Linux Desktop Tests (3)	UNKNOWN STEP	2026-02-25T19:51:47.4382331Z globalMatrixClient initialized!
Linux Desktop Tests (3)	UNKNOWN STEP	2026-02-25T19:51:47.4382897Z Step 1: Checking for Age Gate, Intro, or Login fields...
Linux Desktop Tests (3)	UNKNOWN STEP	2026-02-25T19:51:47.9552409Z 00:47 +2: Engagement & Interaction with Real Matrix Server Can react to messages with emoji
Linux Desktop Tests (3)	UNKNOWN STEP	2026-02-25T19:51:47.9555474Z [90m[🌎 Easy Localization] [DEBUG] Build[0m
Linux Desktop Tests (3)	UNKNOWN STEP	2026-02-25T19:51:47.9556263Z [90m[🌎 Easy Localization] [DEBUG] Init Localization Delegate[0m
Linux Desktop Tests (3)	UNKNOWN STEP	2026-02-25T19:51:47.9557056Z [90m[🌎 Easy Localization] [DEBUG] Init provider[0m
Linux Desktop Tests (3)	UNKNOWN STEP	2026-02-25T19:51:48.0032390Z 00:48 +2: Engagement & Interaction with Real Matrix Server Reactions from other users are visible
Linux Desktop Tests (3)	UNKNOWN STEP	2026-02-25T19:51:48.0033454Z Found screen! AgeGate: false, Intro: true, Username: false, Host: false
Linux Desktop Tests (3)	UNKNOWN STEP	2026-02-25T19:51:48.0034053Z Step 2: Navigating through onboarding...
Linux Desktop Tests (3)	UNKNOWN STEP	2026-02-25T19:51:50.0754742Z Tapping Next button at step 0...
Linux Desktop Tests (3)	UNKNOWN STEP	2026-02-25T19:51:52.1579227Z Tapping Next button at step 1...
Linux Desktop Tests (3)	UNKNOWN STEP	2026-02-25T19:51:54.2405108Z Reached target page at step 2. Host: true, Username: false
Linux Desktop Tests (3)	UNKNOWN STEP	2026-02-25T19:51:54.2407119Z Onboarding navigation complete.
Linux Desktop Tests (3)	UNKNOWN STEP	2026-02-25T19:51:54.2407599Z Step 3: Entering host URL: http://localhost:8008
Linux Desktop Tests (3)	UNKNOWN STEP	2026-02-25T19:51:56.3573642Z Tapping host submit button...
Linux Desktop Tests (3)	UNKNOWN STEP	2026-02-25T19:51:58.4309288Z Waiting for login page to appear...
Linux Desktop Tests (3)	UNKNOWN STEP	2026-02-25T19:51:58.9546626Z Login page reached.
Linux Desktop Tests (3)	UNKNOWN STEP	2026-02-25T19:51:58.9547402Z Step 4: Looking for login fields...
Linux Desktop Tests (3)	UNKNOWN STEP	2026-02-25T19:51:58.9548326Z Entering username: testuser1
Linux Desktop Tests (3)	UNKNOWN STEP	2026-02-25T19:52:01.0578488Z Entering password...
Linux Desktop Tests (3)	UNKNOWN STEP	2026-02-25T19:52:03.1744558Z Tapping login submit button...
Linux Desktop Tests (3)	UNKNOWN STEP	2026-02-25T19:52:05.2480007Z Step 5: Waiting for finished page (introGoButton)...
Linux Desktop Tests (3)	UNKNOWN STEP	2026-02-25T19:52:05.5388280Z 01:05 +2: Engagement & Interaction with Real Matrix Server Can reply to messages
Linux Desktop Tests (3)	UNKNOWN STEP	2026-02-25T19:52:05.5391259Z [Matrix] [33mCurrent sync request ID has changed. Dropping this sync loop![0m
Linux Desktop Tests (3)	UNKNOWN STEP	2026-02-25T19:52:05.5409805Z 01:05 +2: Engagement & Interaction with Real Matrix Server Reactions from other users are visible
Linux Desktop Tests (3)	UNKNOWN STEP	2026-02-25T19:52:05.5411126Z [Matrix] [32mInitialize client Substitution[0m
Linux Desktop Tests (3)	UNKNOWN STEP	2026-02-25T19:52:05.5575310Z [Matrix] [32mSuccessfully connected as testuser1 with http://localhost:8008[0m
Linux Desktop Tests (3)	UNKNOWN STEP	2026-02-25T19:52:06.8269197Z Finished page reached.
Linux Desktop Tests (3)	UNKNOWN STEP	2026-02-25T19:52:06.8269495Z Tapping Go button...
Linux Desktop Tests (3)	UNKNOWN STEP	2026-02-25T19:52:06.8311893Z Waiting for feed (Scrollable)...
Linux Desktop Tests (3)	UNKNOWN STEP	2026-02-25T19:52:06.9910567Z 01:07 +2: Engagement & Interaction with Real Matrix Server Can react to messages with emoji
Linux Desktop Tests (3)	UNKNOWN STEP	2026-02-25T19:52:06.9914836Z checking room test_photos id: !HpLkTNEYVBdhaBDGCj:test.matrix.local
Linux Desktop Tests (3)	UNKNOWN STEP	2026-02-25T19:52:06.9917218Z checking room test_art id: !gwYXgPJcKQNHYIppiJ:test.matrix.local
Linux Desktop Tests (3)	UNKNOWN STEP	2026-02-25T19:52:06.9918557Z checking room test_general id: !avpeyIidLpbSMkWFUj:test.matrix.local
Linux Desktop Tests (3)	UNKNOWN STEP	2026-02-25T19:52:06.9919534Z checking room test_room_1772049028463 id: !LUTJpgZewseVnAwssQ:test.matrix.local
Linux Desktop Tests (3)	UNKNOWN STEP	2026-02-25T19:52:06.9920097Z --- adding room test_room_1772049028463 id: !LUTJpgZewseVnAwssQ:test.matrix.local
Linux Desktop Tests (3)	UNKNOWN STEP	2026-02-25T19:52:06.9920594Z checking room test_avatar id: !QjimhPrZyvKhMIoYKc:test.matrix.local
Linux Desktop Tests (3)	UNKNOWN STEP	2026-02-25T19:52:06.9921250Z checking room test_invite_only id: !YMKlEeyBMvFZUrfvrF:test.matrix.local
Linux Desktop Tests (3)	UNKNOWN STEP	2026-02-25T19:52:06.9960281Z start quering new events...
Linux Desktop Tests (3)	UNKNOWN STEP	2026-02-25T19:52:06.9964558Z [Matrix] [32mNo more events found in the store. Request from server...[0m
Linux Desktop Tests (3)	UNKNOWN STEP	2026-02-25T19:52:07.0242758Z [FeedFilter] REJECTED event=$htz5DZfueL85v-GmjzmGf3EP5yAu-8ZSHc-Yrt9JupA type=m.room.topic isMsg=false rel=null powerLevel=100 sender=@testuser1:test.matrix.local
Linux Desktop Tests (3)	UNKNOWN STEP	2026-02-25T19:52:07.0244901Z [FeedFilter] REJECTED event=$iTNhA0vDdxX_WzAuDX_mJGsxSKQUEdzZYGrveNlCwHc type=m.room.name isMsg=false rel=null powerLevel=100 sender=@testuser1:test.matrix.local
Linux Desktop Tests (3)	UNKNOWN STEP	2026-02-25T19:52:07.0247064Z [FeedFilter] REJECTED event=$HF_pVNZduVBUJobwiWtio_4STEY3m_OZQBRSmu8as2A type=m.room.history_visibility isMsg=false rel=null powerLevel=100 sender=@testuser1:test.matrix.local
Linux Desktop Tests (3)	UNKNOWN STEP	2026-02-25T19:52:07.0249241Z [FeedFilter] REJECTED event=$eKyq9lqIC23VKSNeRzF4bqI4mmer84TBxbWoSbdg1pQ type=m.room.join_rules isMsg=false rel=null powerLevel=100 sender=@testuser1:test.matrix.local
Linux Desktop Tests (3)	UNKNOWN STEP	2026-02-25T19:52:07.0251873Z [FeedFilter] REJECTED event=$teB4dI7zCNsT_yN5AVADn8uUXDlqgO0O04SPlmYOTz8 type=m.room.canonical_alias isMsg=false rel=null powerLevel=100 sender=@testuser1:test.matrix.local
Linux Desktop Tests (3)	UNKNOWN STEP	2026-02-25T19:52:07.0253108Z [FeedFilter] REJECTED event=$LdHZ7bpjBcVnfz8Nr5wI3yjGNTmkRKlDQ_IyZc-qz78 type=m.room.power_levels isMsg=false rel=null powerLevel=100 sender=@testuser1:test.matrix.local
Linux Desktop Tests (3)	UNKNOWN STEP	2026-02-25T19:52:07.0254257Z [FeedFilter] REJECTED event=$A2PRu4rkTy84PqbjQBvSlYsdjh2BJ2MJ1af7XX9y1bU type=m.room.member isMsg=false rel=null powerLevel=100 sender=@testuser1:test.matrix.local
Linux Desktop Tests (3)	UNKNOWN STEP	2026-02-25T19:52:07.0255419Z [FeedFilter] REJECTED event=$DabUDV1BcQsbveO6jINvHIjSDQdoJH3bCpX4DzUuhGA type=m.room.create isMsg=false rel=null powerLevel=100 sender=@testuser1:test.matrix.local
Linux Desktop Tests (3)	UNKNOWN STEP	2026-02-25T19:52:07.0256311Z cannot request more history... events.isEmpty? false, room.prev_batch: t1-75_5_0_1_2_1_1_19_0_1_2_1
Linux Desktop Tests (3)	UNKNOWN STEP	2026-02-25T19:52:07.0256762Z finished...
Linux Desktop Tests (3)	UNKNOWN STEP	2026-02-25T19:52:07.0256952Z ret is empty...
Linux Desktop Tests (3)	UNKNOWN STEP	2026-02-25T19:52:07.0257162Z no new things to append...
Linux Desktop Tests (3)	UNKNOWN STEP	2026-02-25T19:52:07.3451428Z 01:07 +2: Engagement & Interaction with Real Matrix Server Reactions from other users are visible
Linux Desktop Tests (3)	UNKNOWN STEP	2026-02-25T19:52:07.3452125Z Feed reached.
Linux Desktop Tests (3)	UNKNOWN STEP	2026-02-25T19:52:09.4084310Z ✓ Feed displays message content
Linux Desktop Tests (3)	UNKNOWN STEP	2026-02-25T19:52:09.4495528Z 01:09 +3: Engagement & Interaction with Real Matrix Server Can view user profile by tapping avatar
Linux Desktop Tests (3)	UNKNOWN STEP	2026-02-25T19:52:09.5136635Z *** sqflite warning ***
Linux Desktop Tests (3)	UNKNOWN STEP	2026-02-25T19:52:09.5137230Z 
Linux Desktop Tests (3)	UNKNOWN STEP	2026-02-25T19:52:09.5137539Z You are changing sqflite default factory.
Linux Desktop Tests (3)	UNKNOWN STEP	2026-02-25T19:52:09.5138854Z Be aware of the potential side effects. Any library using sqflite
Linux Desktop Tests (3)	UNKNOWN STEP	2026-02-25T19:52:09.5139833Z will have this factory as the default for all operations.
Linux Desktop Tests (3)	UNKNOWN STEP	2026-02-25T19:52:09.5141516Z 
Linux Desktop Tests (3)	UNKNOWN STEP	2026-02-25T19:52:09.5141686Z *** sqflite warning ***
Linux Desktop Tests (3)	UNKNOWN STEP	2026-02-25T19:52:09.5141924Z 
Linux Desktop Tests (3)	UNKNOWN STEP	2026-02-25T19:52:09.5142137Z Waiting for globalMatrixClient to be initialized...
Linux Desktop Tests (3)	UNKNOWN STEP	2026-02-25T19:52:09.5703322Z [90m[🌎 Easy Localization] [DEBUG] Localization initialized[0m
Linux Desktop Tests (3)	UNKNOWN STEP	2026-02-25T19:52:09.5703932Z [Matrix] [32mInitialize client Substitution[0m
Linux Desktop Tests (3)	UNKNOWN STEP	2026-02-25T19:52:09.5719593Z [Matrix] [32mUser is not logged in.[0m
Linux Desktop Tests (3)	UNKNOWN STEP	2026-02-25T19:52:09.5721521Z [90m[🌎 Easy Localization] [DEBUG] Start[0m
Linux Desktop Tests (3)	UNKNOWN STEP	2026-02-25T19:52:10.0236184Z 01:10 +3: Engagement & Interaction with Real Matrix Server Can react to messages with emoji
Linux Desktop Tests (3)	UNKNOWN STEP	2026-02-25T19:52:10.0238260Z [90m[🌎 Easy Localization] [DEBUG] Init state[0m
Linux Desktop Tests (3)	UNKNOWN STEP	2026-02-25T19:52:10.0240594Z [90m[🌎 Easy Localization] [DEBUG] Build[0m
Linux Desktop Tests (3)	UNKNOWN STEP	2026-02-25T19:52:10.0241478Z [90m[🌎 Easy Localization] [DEBUG] Init Localization Delegate[0m
Linux Desktop Tests (3)	UNKNOWN STEP	2026-02-25T19:52:10.0242248Z [90m[🌎 Easy Localization] [DEBUG] Init provider[0m
Linux Desktop Tests (3)	UNKNOWN STEP	2026-02-25T19:52:10.0335222Z [90m[🌎 Easy Localization] [DEBUG] Load Localization Delegate[0m
Linux Desktop Tests (3)	UNKNOWN STEP	2026-02-25T19:52:10.0339764Z [90m[🌎 Easy Localization] [DEBUG] Load asset from assets/translations[0m
Linux Desktop Tests (3)	UNKNOWN STEP	2026-02-25T19:52:10.0364264Z 01:10 +3: Engagement & Interaction with Real Matrix Server Can view user profile by tapping avatar
Linux Desktop Tests (3)	UNKNOWN STEP	2026-02-25T19:52:10.0367618Z globalMatrixClient initialized!
Linux Desktop Tests (3)	UNKNOWN STEP	2026-02-25T19:52:10.0402001Z Waiting for globalMatrixClient to be initialized...
Linux Desktop Tests (3)	UNKNOWN STEP	2026-02-25T19:52:10.0403053Z globalMatrixClient initialized!
Linux Desktop Tests (3)	UNKNOWN STEP	2026-02-25T19:52:10.0403970Z Step 1: Checking for Age Gate, Intro, or Login fields...
Linux Desktop Tests (3)	UNKNOWN STEP	2026-02-25T19:52:10.5556133Z 01:10 +3: Engagement & Interaction with Real Matrix Server Can react to messages with emoji
Linux Desktop Tests (3)	UNKNOWN STEP	2026-02-25T19:52:10.5557842Z [90m[🌎 Easy Localization] [DEBUG] Build[0m
Linux Desktop Tests (3)	UNKNOWN STEP	2026-02-25T19:52:10.5559032Z [90m[🌎 Easy Localization] [DEBUG] Init Localization Delegate[0m
Linux Desktop Tests (3)	UNKNOWN STEP	2026-02-25T19:52:10.5559690Z [90m[🌎 Easy Localization] [DEBUG] Init provider[0m
Linux Desktop Tests (3)	UNKNOWN STEP	2026-02-25T19:52:10.6006193Z 01:10 +3: Engagement & Interaction with Real Matrix Server Can view user profile by tapping avatar
Linux Desktop Tests (3)	UNKNOWN STEP	2026-02-25T19:52:10.6007201Z Found screen! AgeGate: false, Intro: true, Username: false, Host: false
Linux Desktop Tests (3)	UNKNOWN STEP	2026-02-25T19:52:10.6007870Z Step 2: Navigating through onboarding...
Linux Desktop Tests (3)	UNKNOWN STEP	2026-02-25T19:52:12.6585296Z Tapping Next button at step 0...
Linux Desktop Tests (3)	UNKNOWN STEP	2026-02-25T19:52:14.7405804Z Tapping Next button at step 1...
Linux Desktop Tests (3)	UNKNOWN STEP	2026-02-25T19:52:16.8085860Z Reached target page at step 2. Host: true, Username: false
Linux Desktop Tests (3)	UNKNOWN STEP	2026-02-25T19:52:16.8086575Z Onboarding navigation complete.
Linux Desktop Tests (3)	UNKNOWN STEP	2026-02-25T19:52:16.8087191Z Step 3: Entering host URL: http://localhost:8008
Linux Desktop Tests (3)	UNKNOWN STEP	2026-02-25T19:52:18.9246344Z Tapping host submit button...
Linux Desktop Tests (3)	UNKNOWN STEP	2026-02-25T19:52:20.9975922Z Waiting for login page to appear...
Linux Desktop Tests (3)	UNKNOWN STEP	2026-02-25T19:52:21.5232995Z Login page reached.
Linux Desktop Tests (3)	UNKNOWN STEP	2026-02-25T19:52:21.5233964Z Step 4: Looking for login fields...
Linux Desktop Tests (3)	UNKNOWN STEP	2026-02-25T19:52:21.5235443Z Entering username: testuser1
Linux Desktop Tests (3)	UNKNOWN STEP	2026-02-25T19:52:23.6405700Z Entering password...
Linux Desktop Tests (3)	UNKNOWN STEP	2026-02-25T19:52:25.7571459Z Tapping login submit button...
Linux Desktop Tests (3)	UNKNOWN STEP	2026-02-25T19:52:27.8338464Z Step 5: Waiting for finished page (introGoButton)...
Linux Desktop Tests (3)	UNKNOWN STEP	2026-02-25T19:52:28.1274713Z [Matrix] [32mInitialize client Substitution[0m
Linux Desktop Tests (3)	UNKNOWN STEP	2026-02-25T19:52:28.1304762Z 01:28 +3: Engagement & Interaction with Real Matrix Server Reactions from other users are visible
Linux Desktop Tests (3)	UNKNOWN STEP	2026-02-25T19:52:28.1307195Z [Matrix] [33mCurrent sync request ID has changed. Dropping this sync loop![0m
Linux Desktop Tests (3)	UNKNOWN STEP	2026-02-25T19:52:28.1447565Z 01:28 +3: Engagement & Interaction with Real Matrix Server Can view user profile by tapping avatar
Linux Desktop Tests (3)	UNKNOWN STEP	2026-02-25T19:52:28.1449032Z [Matrix] [32mSuccessfully connected as testuser1 with http://localhost:8008[0m
Linux Desktop Tests (3)	UNKNOWN STEP	2026-02-25T19:52:29.4138293Z Finished page reached.
Linux Desktop Tests (3)	UNKNOWN STEP	2026-02-25T19:52:29.4138736Z Tapping Go button...
Linux Desktop Tests (3)	UNKNOWN STEP	2026-02-25T19:52:29.4190136Z Waiting for feed (Scrollable)...
Linux Desktop Tests (3)	UNKNOWN STEP	2026-02-25T19:52:29.5501990Z 01:29 +3: Engagement & Interaction with Real Matrix Server Can react to messages with emoji
Linux Desktop Tests (3)	UNKNOWN STEP	2026-02-25T19:52:29.5503180Z checking room test_photos id: !HpLkTNEYVBdhaBDGCj:test.matrix.local
Linux Desktop Tests (3)	UNKNOWN STEP	2026-02-25T19:52:29.5506044Z checking room test_art id: !gwYXgPJcKQNHYIppiJ:test.matrix.local
Linux Desktop Tests (3)	UNKNOWN STEP	2026-02-25T19:52:29.5507977Z checking room test_general id: !avpeyIidLpbSMkWFUj:test.matrix.local
Linux Desktop Tests (3)	UNKNOWN STEP	2026-02-25T19:52:29.5508747Z checking room test_room_1772049028463 id: !LUTJpgZewseVnAwssQ:test.matrix.local
Linux Desktop Tests (3)	UNKNOWN STEP	2026-02-25T19:52:29.5509535Z --- adding room test_room_1772049028463 id: !LUTJpgZewseVnAwssQ:test.matrix.local
Linux Desktop Tests (3)	UNKNOWN STEP	2026-02-25T19:52:29.5510429Z checking room test_avatar id: !QjimhPrZyvKhMIoYKc:test.matrix.local
Linux Desktop Tests (3)	UNKNOWN STEP	2026-02-25T19:52:29.5511330Z checking room test_invite_only id: !YMKlEeyBMvFZUrfvrF:test.matrix.local
Linux Desktop Tests (3)	UNKNOWN STEP	2026-02-25T19:52:29.5590549Z start quering new events...
Linux Desktop Tests (3)	UNKNOWN STEP	2026-02-25T19:52:29.5592467Z [Matrix] [32mNo more events found in the store. Request from server...[0m
Linux Desktop Tests (3)	UNKNOWN STEP	2026-02-25T19:52:29.5950102Z [FeedFilter] REJECTED event=$htz5DZfueL85v-GmjzmGf3EP5yAu-8ZSHc-Yrt9JupA type=m.room.topic isMsg=false rel=null powerLevel=100 sender=@testuser1:test.matrix.local
Linux Desktop Tests (3)	UNKNOWN STEP	2026-02-25T19:52:29.5959374Z [FeedFilter] REJECTED event=$iTNhA0vDdxX_WzAuDX_mJGsxSKQUEdzZYGrveNlCwHc type=m.room.name isMsg=false rel=null powerLevel=100 sender=@testuser1:test.matrix.local
Linux Desktop Tests (3)	UNKNOWN STEP	2026-02-25T19:52:29.5962896Z [FeedFilter] REJECTED event=$HF_pVNZduVBUJobwiWtio_4STEY3m_OZQBRSmu8as2A type=m.room.history_visibility isMsg=false rel=null powerLevel=100 sender=@testuser1:test.matrix.local
Linux Desktop Tests (3)	UNKNOWN STEP	2026-02-25T19:52:29.5965117Z [FeedFilter] REJECTED event=$eKyq9lqIC23VKSNeRzF4bqI4mmer84TBxbWoSbdg1pQ type=m.room.join_rules isMsg=false rel=null powerLevel=100 sender=@testuser1:test.matrix.local
Linux Desktop Tests (3)	UNKNOWN STEP	2026-02-25T19:52:29.5967404Z [FeedFilter] REJECTED event=$teB4dI7zCNsT_yN5AVADn8uUXDlqgO0O04SPlmYOTz8 type=m.room.canonical_alias isMsg=false rel=null powerLevel=100 sender=@testuser1:test.matrix.local
Linux Desktop Tests (3)	UNKNOWN STEP	2026-02-25T19:52:29.5969555Z [FeedFilter] REJECTED event=$LdHZ7bpjBcVnfz8Nr5wI3yjGNTmkRKlDQ_IyZc-qz78 type=m.room.power_levels isMsg=false rel=null powerLevel=100 sender=@testuser1:test.matrix.local
Linux Desktop Tests (3)	UNKNOWN STEP	2026-02-25T19:52:29.5971832Z [FeedFilter] REJECTED event=$A2PRu4rkTy84PqbjQBvSlYsdjh2BJ2MJ1af7XX9y1bU type=m.room.member isMsg=false rel=null powerLevel=100 sender=@testuser1:test.matrix.local
Linux Desktop Tests (3)	UNKNOWN STEP	2026-02-25T19:52:29.5973934Z [FeedFilter] REJECTED event=$DabUDV1BcQsbveO6jINvHIjSDQdoJH3bCpX4DzUuhGA type=m.room.create isMsg=false rel=null powerLevel=100 sender=@testuser1:test.matrix.local
Linux Desktop Tests (3)	UNKNOWN STEP	2026-02-25T19:52:29.5975576Z cannot request more history... events.isEmpty? false, room.prev_batch: t1-75_6_0_1_2_1_1_20_0_1_2_1
Linux Desktop Tests (3)	UNKNOWN STEP	2026-02-25T19:52:29.5976427Z finished...
Linux Desktop Tests (3)	UNKNOWN STEP	2026-02-25T19:52:29.5976739Z ret is empty...
Linux Desktop Tests (3)	UNKNOWN STEP	2026-02-25T19:52:29.5977092Z no new things to append...
Linux Desktop Tests (3)	UNKNOWN STEP	2026-02-25T19:52:29.9298284Z 01:29 +3: Engagement & Interaction with Real Matrix Server Can view user profile by tapping avatar
Linux Desktop Tests (3)	UNKNOWN STEP	2026-02-25T19:52:29.9298798Z Feed reached.
Linux Desktop Tests (3)	UNKNOWN STEP	2026-02-25T19:52:31.9921257Z ✓ Feed content verified
Linux Desktop Tests (3)	UNKNOWN STEP	2026-02-25T19:52:32.0336274Z 01:32 +4: Engagement & Interaction with Real Matrix Server Message interactions work with messages from test_general room
Linux Desktop Tests (3)	UNKNOWN STEP	2026-02-25T19:52:32.1016694Z *** sqflite warning ***
Linux Desktop Tests (3)	UNKNOWN STEP	2026-02-25T19:52:32.1018090Z 
Linux Desktop Tests (3)	UNKNOWN STEP	2026-02-25T19:52:32.1018351Z You are changing sqflite default factory.
Linux Desktop Tests (3)	UNKNOWN STEP	2026-02-25T19:52:32.1018991Z Be aware of the potential side effects. Any library using sqflite
Linux Desktop Tests (3)	UNKNOWN STEP	2026-02-25T19:52:32.1019667Z will have this factory as the default for all operations.
Linux Desktop Tests (3)	UNKNOWN STEP	2026-02-25T19:52:32.1020072Z 
Linux Desktop Tests (3)	UNKNOWN STEP	2026-02-25T19:52:32.1020207Z *** sqflite warning ***
Linux Desktop Tests (3)	UNKNOWN STEP	2026-02-25T19:52:32.1020432Z 
Linux Desktop Tests (3)	UNKNOWN STEP	2026-02-25T19:52:32.1020837Z Waiting for globalMatrixClient to be initialized...
Linux Desktop Tests (3)	UNKNOWN STEP	2026-02-25T19:52:32.1592241Z [90m[🌎 Easy Localization] [DEBUG] Localization initialized[0m
Linux Desktop Tests (3)	UNKNOWN STEP	2026-02-25T19:52:32.1592884Z [Matrix] [32mInitialize client Substitution[0m
Linux Desktop Tests (3)	UNKNOWN STEP	2026-02-25T19:52:32.1606603Z [Matrix] [32mUser is not logged in.[0m
Linux Desktop Tests (3)	UNKNOWN STEP	2026-02-25T19:52:32.1608182Z [90m[🌎 Easy Localization] [DEBUG] Start[0m
Linux Desktop Tests (3)	UNKNOWN STEP	2026-02-25T19:52:32.6062130Z 01:32 +4: Engagement & Interaction with Real Matrix Server Can react to messages with emoji
Linux Desktop Tests (3)	UNKNOWN STEP	2026-02-25T19:52:32.6063370Z [90m[🌎 Easy Localization] [DEBUG] Init state[0m
Linux Desktop Tests (3)	UNKNOWN STEP	2026-02-25T19:52:32.6064018Z [90m[🌎 Easy Localization] [DEBUG] Build[0m
Linux Desktop Tests (3)	UNKNOWN STEP	2026-02-25T19:52:32.6065402Z [90m[🌎 Easy Localization] [DEBUG] Init Localization Delegate[0m
Linux Desktop Tests (3)	UNKNOWN STEP	2026-02-25T19:52:32.6065920Z [90m[🌎 Easy Localization] [DEBUG] Init provider[0m
Linux Desktop Tests (3)	UNKNOWN STEP	2026-02-25T19:52:32.6122848Z [90m[🌎 Easy Localization] [DEBUG] Load Localization Delegate[0m
Linux Desktop Tests (3)	UNKNOWN STEP	2026-02-25T19:52:32.6124283Z [90m[🌎 Easy Localization] [DEBUG] Load asset from assets/translations[0m
Linux Desktop Tests (3)	UNKNOWN STEP	2026-02-25T19:52:32.6148514Z 01:32 +4: Engagement & Interaction with Real Matrix Server Message interactions work with messages from test_general room
Linux Desktop Tests (3)	UNKNOWN STEP	2026-02-25T19:52:32.6149501Z globalMatrixClient initialized!
Linux Desktop Tests (3)	UNKNOWN STEP	2026-02-25T19:52:32.6185359Z Waiting for globalMatrixClient to be initialized...
Linux Desktop Tests (3)	UNKNOWN STEP	2026-02-25T19:52:32.6186837Z globalMatrixClient initialized!
Linux Desktop Tests (3)	UNKNOWN STEP	2026-02-25T19:52:32.6187341Z Step 1: Checking for Age Gate, Intro, or Login fields...
Linux Desktop Tests (3)	UNKNOWN STEP	2026-02-25T19:52:33.1233466Z 01:33 +4: Engagement & Interaction with Real Matrix Server Can react to messages with emoji
Linux Desktop Tests (3)	UNKNOWN STEP	2026-02-25T19:52:33.1235204Z [90m[🌎 Easy Localization] [DEBUG] Build[0m
Linux Desktop Tests (3)	UNKNOWN STEP	2026-02-25T19:52:33.1238068Z [90m[🌎 Easy Localization] [DEBUG] Init Localization Delegate[0m
Linux Desktop Tests (3)	UNKNOWN STEP	2026-02-25T19:52:33.1238977Z [90m[🌎 Easy Localization] [DEBUG] Init provider[0m
Linux Desktop Tests (3)	UNKNOWN STEP	2026-02-25T19:52:33.1669858Z 01:33 +4: Engagement & Interaction with Real Matrix Server Message interactions work with messages from test_general room
Linux Desktop Tests (3)	UNKNOWN STEP	2026-02-25T19:52:33.1670570Z Found screen! AgeGate: false, Intro: true, Username: false, Host: false
Linux Desktop Tests (3)	UNKNOWN STEP	2026-02-25T19:52:33.1671221Z Step 2: Navigating through onboarding...
Linux Desktop Tests (3)	UNKNOWN STEP	2026-02-25T19:52:35.2257191Z Tapping Next button at step 0...
Linux Desktop Tests (3)	UNKNOWN STEP	2026-02-25T19:52:37.2905478Z Tapping Next button at step 1...
Linux Desktop Tests (3)	UNKNOWN STEP	2026-02-25T19:52:39.3601353Z Reached target page at step 2. Host: true, Username: false
Linux Desktop Tests (3)	UNKNOWN STEP	2026-02-25T19:52:39.3611000Z Onboarding navigation complete.
Linux Desktop Tests (3)	UNKNOWN STEP	2026-02-25T19:52:39.3752516Z Step 3: Entering host URL: http://localhost:8008
Linux Desktop Tests (3)	UNKNOWN STEP	2026-02-25T19:52:41.4755458Z Tapping host submit button...
Linux Desktop Tests (3)	UNKNOWN STEP	2026-02-25T19:52:43.5468058Z Waiting for login page to appear...
Linux Desktop Tests (3)	UNKNOWN STEP	2026-02-25T19:52:44.0686579Z Login page reached.
Linux Desktop Tests (3)	UNKNOWN STEP	2026-02-25T19:52:44.0688214Z Step 4: Looking for login fields...
Linux Desktop Tests (3)	UNKNOWN STEP	2026-02-25T19:52:44.0688733Z Entering username: testuser1
Linux Desktop Tests (3)	UNKNOWN STEP	2026-02-25T19:52:46.1737699Z Entering password...
Linux Desktop Tests (3)	UNKNOWN STEP	2026-02-25T19:52:48.2747268Z Tapping login submit button...
Linux Desktop Tests (3)	UNKNOWN STEP	2026-02-25T19:52:50.3477034Z Step 5: Waiting for finished page (introGoButton)...
Linux Desktop Tests (3)	UNKNOWN STEP	2026-02-25T19:52:50.6409609Z [Matrix] [32mInitialize client Substitution[0m
Linux Desktop Tests (3)	UNKNOWN STEP	2026-02-25T19:52:50.6439056Z 01:50 +4: Engagement & Interaction with Real Matrix Server Can view user profile by tapping avatar
Linux Desktop Tests (3)	UNKNOWN STEP	2026-02-25T19:52:50.6440303Z [Matrix] [33mCurrent sync request ID has changed. Dropping this sync loop![0m
Linux Desktop Tests (3)	UNKNOWN STEP	2026-02-25T19:52:50.6574490Z 01:50 +4: Engagement & Interaction with Real Matrix Server Message interactions work with messages from test_general room
Linux Desktop Tests (3)	UNKNOWN STEP	2026-02-25T19:52:50.6576092Z [Matrix] [32mSuccessfully connected as testuser1 with http://localhost:8008[0m
Linux Desktop Tests (3)	UNKNOWN STEP	2026-02-25T19:52:51.9255303Z Finished page reached.
Linux Desktop Tests (3)	UNKNOWN STEP	2026-02-25T19:52:51.9255752Z Tapping Go button...
Linux Desktop Tests (3)	UNKNOWN STEP	2026-02-25T19:52:51.9298447Z Waiting for feed (Scrollable)...
Linux Desktop Tests (3)	UNKNOWN STEP	2026-02-25T19:52:52.0656915Z 01:52 +4: Engagement & Interaction with Real Matrix Server Can react to messages with emoji
Linux Desktop Tests (3)	UNKNOWN STEP	2026-02-25T19:52:52.0657843Z checking room test_photos id: !HpLkTNEYVBdhaBDGCj:test.matrix.local
Linux Desktop Tests (3)	UNKNOWN STEP	2026-02-25T19:52:52.0658579Z checking room test_art id: !gwYXgPJcKQNHYIppiJ:test.matrix.local
Linux Desktop Tests (3)	UNKNOWN STEP	2026-02-25T19:52:52.0659344Z checking room test_general id: !avpeyIidLpbSMkWFUj:test.matrix.local
Linux Desktop Tests (3)	UNKNOWN STEP	2026-02-25T19:52:52.0660163Z checking room test_room_1772049028463 id: !LUTJpgZewseVnAwssQ:test.matrix.local
Linux Desktop Tests (3)	UNKNOWN STEP	2026-02-25T19:52:52.0661185Z --- adding room test_room_1772049028463 id: !LUTJpgZewseVnAwssQ:test.matrix.local
Linux Desktop Tests (3)	UNKNOWN STEP	2026-02-25T19:52:52.0661965Z checking room test_avatar id: !QjimhPrZyvKhMIoYKc:test.matrix.local
Linux Desktop Tests (3)	UNKNOWN STEP	2026-02-25T19:52:52.0662671Z checking room test_invite_only id: !YMKlEeyBMvFZUrfvrF:test.matrix.local
Linux Desktop Tests (3)	UNKNOWN STEP	2026-02-25T19:52:52.0788416Z start quering new events...
Linux Desktop Tests (3)	UNKNOWN STEP	2026-02-25T19:52:52.0791418Z [Matrix] [32mNo more events found in the store. Request from server...[0m
Linux Desktop Tests (3)	UNKNOWN STEP	2026-02-25T19:52:52.1113149Z [FeedFilter] REJECTED event=$htz5DZfueL85v-GmjzmGf3EP5yAu-8ZSHc-Yrt9JupA type=m.room.topic isMsg=false rel=null powerLevel=100 sender=@testuser1:test.matrix.local
Linux Desktop Tests (3)	UNKNOWN STEP	2026-02-25T19:52:52.1115354Z [FeedFilter] REJECTED event=$iTNhA0vDdxX_WzAuDX_mJGsxSKQUEdzZYGrveNlCwHc type=m.room.name isMsg=false rel=null powerLevel=100 sender=@testuser1:test.matrix.local
Linux Desktop Tests (3)	UNKNOWN STEP	2026-02-25T19:52:52.1117489Z [FeedFilter] REJECTED event=$HF_pVNZduVBUJobwiWtio_4STEY3m_OZQBRSmu8as2A type=m.room.history_visibility isMsg=false rel=null powerLevel=100 sender=@testuser1:test.matrix.local
Linux Desktop Tests (3)	UNKNOWN STEP	2026-02-25T19:52:52.1120228Z [FeedFilter] REJECTED event=$eKyq9lqIC23VKSNeRzF4bqI4mmer84TBxbWoSbdg1pQ type=m.room.join_rules isMsg=false rel=null powerLevel=100 sender=@testuser1:test.matrix.local
Linux Desktop Tests (3)	UNKNOWN STEP	2026-02-25T19:52:52.1122533Z [FeedFilter] REJECTED event=$teB4dI7zCNsT_yN5AVADn8uUXDlqgO0O04SPlmYOTz8 type=m.room.canonical_alias isMsg=false rel=null powerLevel=100 sender=@testuser1:test.matrix.local
Linux Desktop Tests (3)	UNKNOWN STEP	2026-02-25T19:52:52.1124773Z [FeedFilter] REJECTED event=$LdHZ7bpjBcVnfz8Nr5wI3yjGNTmkRKlDQ_IyZc-qz78 type=m.room.power_levels isMsg=false rel=null powerLevel=100 sender=@testuser1:test.matrix.local
Linux Desktop Tests (3)	UNKNOWN STEP	2026-02-25T19:52:52.1126072Z [FeedFilter] REJECTED event=$A2PRu4rkTy84PqbjQBvSlYsdjh2BJ2MJ1af7XX9y1bU type=m.room.member isMsg=false rel=null powerLevel=100 sender=@testuser1:test.matrix.local
Linux Desktop Tests (3)	UNKNOWN STEP	2026-02-25T19:52:52.1127184Z [FeedFilter] REJECTED event=$DabUDV1BcQsbveO6jINvHIjSDQdoJH3bCpX4DzUuhGA type=m.room.create isMsg=false rel=null powerLevel=100 sender=@testuser1:test.matrix.local
Linux Desktop Tests (3)	UNKNOWN STEP	2026-02-25T19:52:52.1128107Z cannot request more history... events.isEmpty? false, room.prev_batch: t1-75_6_0_1_2_1_1_21_0_1_2_1
Linux Desktop Tests (3)	UNKNOWN STEP	2026-02-25T19:52:52.1128551Z finished...
Linux Desktop Tests (3)	UNKNOWN STEP	2026-02-25T19:52:52.1128730Z ret is empty...
Linux Desktop Tests (3)	UNKNOWN STEP	2026-02-25T19:52:52.1128935Z no new things to append...
Linux Desktop Tests (3)	UNKNOWN STEP	2026-02-25T19:52:52.4459462Z 01:52 +4: Engagement & Interaction with Real Matrix Server Message interactions work with messages from test_general room
Linux Desktop Tests (3)	UNKNOWN STEP	2026-02-25T19:52:52.4462797Z Feed reached.
Linux Desktop Tests (3)	UNKNOWN STEP	2026-02-25T19:52:54.5087168Z ✓ test_general messages are interactive
Linux Desktop Tests (3)	UNKNOWN STEP	2026-02-25T19:52:54.5515682Z 01:54 +5: Engagement & Interaction with Real Matrix Server Thread/reply view shows conversation context
Linux Desktop Tests (3)	UNKNOWN STEP	2026-02-25T19:52:54.6205814Z *** sqflite warning ***
Linux Desktop Tests (3)	UNKNOWN STEP	2026-02-25T19:52:54.6206120Z 
Linux Desktop Tests (3)	UNKNOWN STEP	2026-02-25T19:52:54.6206311Z You are changing sqflite default factory.
Linux Desktop Tests (3)	UNKNOWN STEP	2026-02-25T19:52:54.6206953Z Be aware of the potential side effects. Any library using sqflite
Linux Desktop Tests (3)	UNKNOWN STEP	2026-02-25T19:52:54.6207671Z will have this factory as the default for all operations.
Linux Desktop Tests (3)	UNKNOWN STEP	2026-02-25T19:52:54.6208108Z 
Linux Desktop Tests (3)	UNKNOWN STEP	2026-02-25T19:52:54.6208259Z *** sqflite warning ***
Linux Desktop Tests (3)	UNKNOWN STEP	2026-02-25T19:52:54.6208511Z 
Linux Desktop Tests (3)	UNKNOWN STEP	2026-02-25T19:52:54.6208748Z Waiting for globalMatrixClient to be initialized...
Linux Desktop Tests (3)	UNKNOWN STEP	2026-02-25T19:52:54.6749536Z [90m[🌎 Easy Localization] [DEBUG] Localization initialized[0m
Linux Desktop Tests (3)	UNKNOWN STEP	2026-02-25T19:52:54.6750190Z [Matrix] [32mInitialize client Substitution[0m
Linux Desktop Tests (3)	UNKNOWN STEP	2026-02-25T19:52:54.6761522Z [Matrix] [32mUser is not logged in.[0m
Linux Desktop Tests (3)	UNKNOWN STEP	2026-02-25T19:52:54.6763073Z [90m[🌎 Easy Localization] [DEBUG] Start[0m
Linux Desktop Tests (3)	UNKNOWN STEP	2026-02-25T19:52:55.1419514Z 01:55 +5: Engagement & Interaction with Real Matrix Server Can react to messages with emoji
Linux Desktop Tests (3)	UNKNOWN STEP	2026-02-25T19:52:55.1423355Z [90m[🌎 Easy Localization] [DEBUG] Init state[0m
Linux Desktop Tests (3)	UNKNOWN STEP	2026-02-25T19:52:55.1424154Z [90m[🌎 Easy Localization] [DEBUG] Build[0m
Linux Desktop Tests (3)	UNKNOWN STEP	2026-02-25T19:52:55.1425235Z [90m[🌎 Easy Localization] [DEBUG] Init Localization Delegate[0m
Linux Desktop Tests (3)	UNKNOWN STEP	2026-02-25T19:52:55.1426067Z [90m[🌎 Easy Localization] [DEBUG] Init provider[0m
Linux Desktop Tests (3)	UNKNOWN STEP	2026-02-25T19:52:55.1545761Z [90m[🌎 Easy Localization] [DEBUG] Load Localization Delegate[0m
Linux Desktop Tests (3)	UNKNOWN STEP	2026-02-25T19:52:55.1546542Z [90m[🌎 Easy Localization] [DEBUG] Load asset from assets/translations[0m
Linux Desktop Tests (3)	UNKNOWN STEP	2026-02-25T19:52:55.1591093Z 01:55 +5: Engagement & Interaction with Real Matrix Server Thread/reply view shows conversation context
Linux Desktop Tests (3)	UNKNOWN STEP	2026-02-25T19:52:55.1591862Z globalMatrixClient initialized!
Linux Desktop Tests (3)	UNKNOWN STEP	2026-02-25T19:52:55.1645003Z Waiting for globalMatrixClient to be initialized...
Linux Desktop Tests (3)	UNKNOWN STEP	2026-02-25T19:52:55.1648149Z globalMatrixClient initialized!
Linux Desktop Tests (3)	UNKNOWN STEP	2026-02-25T19:52:55.1648781Z Step 1: Checking for Age Gate, Intro, or Login fields...
Linux Desktop Tests (3)	UNKNOWN STEP	2026-02-25T19:52:55.6724005Z 01:55 +5: Engagement & Interaction with Real Matrix Server Can react to messages with emoji
Linux Desktop Tests (3)	UNKNOWN STEP	2026-02-25T19:52:55.6725205Z [90m[🌎 Easy Localization] [DEBUG] Build[0m
Linux Desktop Tests (3)	UNKNOWN STEP	2026-02-25T19:52:55.6725967Z [90m[🌎 Easy Localization] [DEBUG] Init Localization Delegate[0m
Linux Desktop Tests (3)	UNKNOWN STEP	2026-02-25T19:52:55.6726749Z [90m[🌎 Easy Localization] [DEBUG] Init provider[0m
Linux Desktop Tests (3)	UNKNOWN STEP	2026-02-25T19:52:55.7108872Z 01:55 +5: Engagement & Interaction with Real Matrix Server Thread/reply view shows conversation context
Linux Desktop Tests (3)	UNKNOWN STEP	2026-02-25T19:52:55.7109675Z Found screen! AgeGate: false, Intro: true, Username: false, Host: false
Linux Desktop Tests (3)	UNKNOWN STEP	2026-02-25T19:52:55.7110071Z Step 2: Navigating through onboarding...
Linux Desktop Tests (3)	UNKNOWN STEP	2026-02-25T19:52:57.7746958Z Tapping Next button at step 0...
Linux Desktop Tests (3)	UNKNOWN STEP	2026-02-25T19:52:59.8405441Z Tapping Next button at step 1...
Linux Desktop Tests (3)	UNKNOWN STEP	2026-02-25T19:53:01.9090213Z Reached target page at step 2. Host: true, Username: false
Linux Desktop Tests (3)	UNKNOWN STEP	2026-02-25T19:53:01.9091076Z Onboarding navigation complete.
Linux Desktop Tests (3)	UNKNOWN STEP	2026-02-25T19:53:01.9091933Z Step 3: Entering host URL: http://localhost:8008
Linux Desktop Tests (3)	UNKNOWN STEP	2026-02-25T19:53:04.0244316Z Tapping host submit button...
Linux Desktop Tests (3)	UNKNOWN STEP	2026-02-25T19:53:06.0968094Z Waiting for login page to appear...
Linux Desktop Tests (3)	UNKNOWN STEP	2026-02-25T19:53:06.6194038Z Login page reached.
Linux Desktop Tests (3)	UNKNOWN STEP	2026-02-25T19:53:06.6194570Z Step 4: Looking for login fields...
Linux Desktop Tests (3)	UNKNOWN STEP	2026-02-25T19:53:06.6195310Z Entering username: testuser1
Linux Desktop Tests (3)	UNKNOWN STEP	2026-02-25T19:53:08.7251373Z Entering password...
Linux Desktop Tests (3)	UNKNOWN STEP	2026-02-25T19:53:10.8244661Z Tapping login submit button...
Linux Desktop Tests (3)	UNKNOWN STEP	2026-02-25T19:53:12.8975701Z Step 5: Waiting for finished page (introGoButton)...
Linux Desktop Tests (3)	UNKNOWN STEP	2026-02-25T19:53:13.1909671Z 02:13 +5: Engagement & Interaction with Real Matrix Server Message interactions work with messages from test_general room
Linux Desktop Tests (3)	UNKNOWN STEP	2026-02-25T19:53:13.1914930Z [Matrix] [33mCurrent sync request ID has changed. Dropping this sync loop![0m
Linux Desktop Tests (3)	UNKNOWN STEP	2026-02-25T19:53:13.1916194Z 02:13 +5: Engagement & Interaction with Real Matrix Server Thread/reply view shows conversation context
Linux Desktop Tests (3)	UNKNOWN STEP	2026-02-25T19:53:13.1917199Z [Matrix] [32mInitialize client Substitution[0m
Linux Desktop Tests (3)	UNKNOWN STEP	2026-02-25T19:53:13.2072052Z [Matrix] [32mSuccessfully connected as testuser1 with http://localhost:8008[0m
Linux Desktop Tests (3)	UNKNOWN STEP	2026-02-25T19:53:14.4739963Z Finished page reached.
Linux Desktop Tests (3)	UNKNOWN STEP	2026-02-25T19:53:14.4740363Z Tapping Go button...
Linux Desktop Tests (3)	UNKNOWN STEP	2026-02-25T19:53:14.4778946Z Waiting for feed (Scrollable)...
Linux Desktop Tests (3)	UNKNOWN STEP	2026-02-25T19:53:14.6068626Z 02:14 +5: Engagement & Interaction with Real Matrix Server Can react to messages with emoji
Linux Desktop Tests (3)	UNKNOWN STEP	2026-02-25T19:53:14.6069594Z checking room test_photos id: !HpLkTNEYVBdhaBDGCj:test.matrix.local
Linux Desktop Tests (3)	UNKNOWN STEP	2026-02-25T19:53:14.6070375Z checking room test_art id: !gwYXgPJcKQNHYIppiJ:test.matrix.local
Linux Desktop Tests (3)	UNKNOWN STEP	2026-02-25T19:53:14.6071323Z checking room test_general id: !avpeyIidLpbSMkWFUj:test.matrix.local
Linux Desktop Tests (3)	UNKNOWN STEP	2026-02-25T19:53:14.6072183Z checking room test_room_1772049028463 id: !LUTJpgZewseVnAwssQ:test.matrix.local
Linux Desktop Tests (3)	UNKNOWN STEP	2026-02-25T19:53:14.6073067Z --- adding room test_room_1772049028463 id: !LUTJpgZewseVnAwssQ:test.matrix.local
Linux Desktop Tests (3)	UNKNOWN STEP	2026-02-25T19:53:14.6073911Z checking room test_avatar id: !QjimhPrZyvKhMIoYKc:test.matrix.local
Linux Desktop Tests (3)	UNKNOWN STEP	2026-02-25T19:53:14.6074756Z checking room test_invite_only id: !YMKlEeyBMvFZUrfvrF:test.matrix.local
Linux Desktop Tests (3)	UNKNOWN STEP	2026-02-25T19:53:14.6191707Z start quering new events...
Linux Desktop Tests (3)	UNKNOWN STEP	2026-02-25T19:53:14.6192997Z [Matrix] [32mNo more events found in the store. Request from server...[0m
Linux Desktop Tests (3)	UNKNOWN STEP	2026-02-25T19:53:14.6546473Z [FeedFilter] REJECTED event=$htz5DZfueL85v-GmjzmGf3EP5yAu-8ZSHc-Yrt9JupA type=m.room.topic isMsg=false rel=null powerLevel=100 sender=@testuser1:test.matrix.local
Linux Desktop Tests (3)	UNKNOWN STEP	2026-02-25T19:53:14.6548767Z [FeedFilter] REJECTED event=$iTNhA0vDdxX_WzAuDX_mJGsxSKQUEdzZYGrveNlCwHc type=m.room.name isMsg=false rel=null powerLevel=100 sender=@testuser1:test.matrix.local
Linux Desktop Tests (3)	UNKNOWN STEP	2026-02-25T19:53:14.6551186Z [FeedFilter] REJECTED event=$HF_pVNZduVBUJobwiWtio_4STEY3m_OZQBRSmu8as2A type=m.room.history_visibility isMsg=false rel=null powerLevel=100 sender=@testuser1:test.matrix.local
Linux Desktop Tests (3)	UNKNOWN STEP	2026-02-25T19:53:14.6553512Z [FeedFilter] REJECTED event=$eKyq9lqIC23VKSNeRzF4bqI4mmer84TBxbWoSbdg1pQ type=m.room.join_rules isMsg=false rel=null powerLevel=100 sender=@testuser1:test.matrix.local
Linux Desktop Tests (3)	UNKNOWN STEP	2026-02-25T19:53:14.6555917Z [FeedFilter] REJECTED event=$teB4dI7zCNsT_yN5AVADn8uUXDlqgO0O04SPlmYOTz8 type=m.room.canonical_alias isMsg=false rel=null powerLevel=100 sender=@testuser1:test.matrix.local
Linux Desktop Tests (3)	UNKNOWN STEP	2026-02-25T19:53:14.6558164Z [FeedFilter] REJECTED event=$LdHZ7bpjBcVnfz8Nr5wI3yjGNTmkRKlDQ_IyZc-qz78 type=m.room.power_levels isMsg=false rel=null powerLevel=100 sender=@testuser1:test.matrix.local
Linux Desktop Tests (3)	UNKNOWN STEP	2026-02-25T19:53:14.6564786Z [FeedFilter] REJECTED event=$A2PRu4rkTy84PqbjQBvSlYsdjh2BJ2MJ1af7XX9y1bU type=m.room.member isMsg=false rel=null powerLevel=100 sender=@testuser1:test.matrix.local
Linux Desktop Tests (3)	UNKNOWN STEP	2026-02-25T19:53:14.6566659Z [FeedFilter] REJECTED event=$DabUDV1BcQsbveO6jINvHIjSDQdoJH3bCpX4DzUuhGA type=m.room.create isMsg=false rel=null powerLevel=100 sender=@testuser1:test.matrix.local
Linux Desktop Tests (3)	UNKNOWN STEP	2026-02-25T19:53:14.6568032Z cannot request more history... events.isEmpty? false, room.prev_batch: t1-75_6_0_1_2_1_1_22_0_1_2_1
Linux Desktop Tests (3)	UNKNOWN STEP	2026-02-25T19:53:14.6568713Z finished...
Linux Desktop Tests (3)	UNKNOWN STEP	2026-02-25T19:53:14.6568978Z ret is empty...
Linux Desktop Tests (3)	UNKNOWN STEP	2026-02-25T19:53:14.6569571Z no new things to append...
Linux Desktop Tests (3)	UNKNOWN STEP	2026-02-25T19:53:14.9948898Z 02:15 +5: Engagement & Interaction with Real Matrix Server Thread/reply view shows conversation context
Linux Desktop Tests (3)	UNKNOWN STEP	2026-02-25T19:53:14.9949774Z Feed reached.
Linux Desktop Tests (3)	UNKNOWN STEP	2026-02-25T19:53:20.1748466Z ✓ Feed displays message threads/context
Linux Desktop Tests (3)	UNKNOWN STEP	2026-02-25T19:53:20.2159175Z 02:20 +6: (tearDownAll)
Linux Desktop Tests (3)	UNKNOWN STEP	2026-02-25T19:53:20.2328290Z 02:20 +6: All tests passed!
Linux Desktop Tests (3)	UNKNOWN STEP	2026-02-25T19:53:20.2873702Z [0;34m[INFO][0m   Running: integration_test/offline_test.dart
Linux Desktop Tests (3)	UNKNOWN STEP	2026-02-25T19:53:21.3566032Z 00:00 +0: loading /home/runner/work/substitution/substitution/integration_test/offline_test.dart
Linux Desktop Tests (3)	UNKNOWN STEP	2026-02-25T19:53:39.9200482Z Building Linux application...                                   
Linux Desktop Tests (3)	UNKNOWN STEP	2026-02-25T19:53:39.9228666Z ✓ Built build/linux/x64/debug/bundle/substitution
Linux Desktop Tests (3)	UNKNOWN STEP	2026-02-25T19:53:40.5402043Z Warning: A tag was used that wasn't specified in dart_test.yaml.
Linux Desktop Tests (3)	UNKNOWN STEP	2026-02-25T19:53:40.5402811Z   integration was used in the suite itself
Linux Desktop Tests (3)	UNKNOWN STEP	2026-02-25T19:53:40.5403159Z 
Linux Desktop Tests (3)	UNKNOWN STEP	2026-02-25T19:53:40.5439926Z 00:00 +0: Offline Integration Tests Load feed online -> simulate offline -> cached posts visible -> back online -> refresh works
Linux Desktop Tests (3)	UNKNOWN STEP	2026-02-25T19:53:40.7991291Z 00:00 +1: (tearDownAll)
Linux Desktop Tests (3)	UNKNOWN STEP	2026-02-25T19:53:40.8262895Z 00:00 +1: All tests passed!
Linux Desktop Tests (3)	UNKNOWN STEP	2026-02-25T19:53:40.8721333Z [0;34m[INFO][0m   Running: integration_test/refresh_logic_with_matrix_test.dart
Linux Desktop Tests (3)	UNKNOWN STEP	2026-02-25T19:53:41.9477236Z 00:00 +0: loading /home/runner/work/substitution/substitution/integration_test/refresh_logic_with_matrix_test.dart
Linux Desktop Tests (3)	UNKNOWN STEP	2026-02-25T19:54:08.3781742Z Building Linux application...                                   
Linux Desktop Tests (3)	UNKNOWN STEP	2026-02-25T19:54:08.3809991Z ✓ Built build/linux/x64/debug/bundle/substitution
Linux Desktop Tests (3)	UNKNOWN STEP	2026-02-25T19:54:09.0744627Z 00:00 +0: (setUpAll)
Linux Desktop Tests (3)	UNKNOWN STEP	2026-02-25T19:54:09.0963791Z 00:00 +0: Refresh Logic with Real Matrix Server Home feed refreshes automatically when a room is joined in settings
Linux Desktop Tests (3)	UNKNOWN STEP	2026-02-25T19:54:09.4171657Z *** sqflite warning ***
Linux Desktop Tests (3)	UNKNOWN STEP	2026-02-25T19:54:09.4172010Z 
Linux Desktop Tests (3)	UNKNOWN STEP	2026-02-25T19:54:09.4172213Z You are changing sqflite default factory.
Linux Desktop Tests (3)	UNKNOWN STEP	2026-02-25T19:54:09.4172811Z Be aware of the potential side effects. Any library using sqflite
Linux Desktop Tests (3)	UNKNOWN STEP	2026-02-25T19:54:09.4173357Z will have this factory as the default for all operations.
Linux Desktop Tests (3)	UNKNOWN STEP	2026-02-25T19:54:09.4173649Z 
Linux Desktop Tests (3)	UNKNOWN STEP	2026-02-25T19:54:09.4173753Z *** sqflite warning ***
Linux Desktop Tests (3)	UNKNOWN STEP	2026-02-25T19:54:09.4174042Z 
Linux Desktop Tests (3)	UNKNOWN STEP	2026-02-25T19:54:09.4999725Z Waiting for globalMatrixClient to be initialized...
Linux Desktop Tests (3)	UNKNOWN STEP	2026-02-25T19:54:09.6070317Z [90m[🌎 Easy Localization] [DEBUG] Localization initialized[0m
Linux Desktop Tests (3)	UNKNOWN STEP	2026-02-25T19:54:09.6172017Z [Matrix] [32mInitialize client Substitution[0m
Linux Desktop Tests (3)	UNKNOWN STEP	2026-02-25T19:54:09.6255778Z [Matrix] [32mUser is not logged in.[0m
Linux Desktop Tests (3)	UNKNOWN STEP	2026-02-25T19:54:09.6292688Z [90m[🌎 Easy Localization] [DEBUG] Start[0m
Linux Desktop Tests (3)	UNKNOWN STEP	2026-02-25T19:54:10.0272796Z [90m[🌎 Easy Localization] [DEBUG] Init state[0m
Linux Desktop Tests (3)	UNKNOWN STEP	2026-02-25T19:54:10.0292922Z [90m[🌎 Easy Localization] [DEBUG] Build[0m
Linux Desktop Tests (3)	UNKNOWN STEP	2026-02-25T19:54:10.0294705Z [90m[🌎 Easy Localization] [DEBUG] Init Localization Delegate[0m
Linux Desktop Tests (3)	UNKNOWN STEP	2026-02-25T19:54:10.0298705Z [90m[🌎 Easy Localization] [DEBUG] Init provider[0m
Linux Desktop Tests (3)	UNKNOWN STEP	2026-02-25T19:54:10.1714730Z [90m[🌎 Easy Localization] [DEBUG] Load Localization Delegate[0m
Linux Desktop Tests (3)	UNKNOWN STEP	2026-02-25T19:54:10.1726671Z [90m[🌎 Easy Localization] [DEBUG] Load asset from assets/translations[0m
Linux Desktop Tests (3)	UNKNOWN STEP	2026-02-25T19:54:10.2918457Z globalMatrixClient initialized!
Linux Desktop Tests (3)	UNKNOWN STEP	2026-02-25T19:54:10.2920144Z Step 1: Checking for Age Gate, Intro, or Login fields...
Linux Desktop Tests (3)	UNKNOWN STEP	2026-02-25T19:54:10.8018754Z [90m[🌎 Easy Localization] [DEBUG] Build[0m
Linux Desktop Tests (3)	UNKNOWN STEP	2026-02-25T19:54:10.8021023Z [90m[🌎 Easy Localization] [DEBUG] Init Localization Delegate[0m
Linux Desktop Tests (3)	UNKNOWN STEP	2026-02-25T19:54:10.8021888Z [90m[🌎 Easy Localization] [DEBUG] Init provider[0m
Linux Desktop Tests (3)	UNKNOWN STEP	2026-02-25T19:54:11.4212821Z Found screen! AgeGate: false, Intro: true, Username: false, Host: false
Linux Desktop Tests (3)	UNKNOWN STEP	2026-02-25T19:54:11.4229214Z Step 2: Navigating through onboarding...
Linux Desktop Tests (3)	UNKNOWN STEP	2026-02-25T19:54:13.5082226Z Tapping Next button at step 0...
Linux Desktop Tests (3)	UNKNOWN STEP	2026-02-25T19:54:15.6706316Z Tapping Next button at step 1...
Linux Desktop Tests (3)	UNKNOWN STEP	2026-02-25T19:54:17.7544828Z Reached target page at step 2. Host: true, Username: false
Linux Desktop Tests (3)	UNKNOWN STEP	2026-02-25T19:54:17.7548040Z Onboarding navigation complete.
Linux Desktop Tests (3)	UNKNOWN STEP	2026-02-25T19:54:17.7549397Z Step 3: Entering host URL: http://localhost:8008
Linux Desktop Tests (3)	UNKNOWN STEP	2026-02-25T19:54:19.9705610Z Tapping host submit button...
Linux Desktop Tests (3)	UNKNOWN STEP	2026-02-25T19:54:22.0823284Z Waiting for login page to appear...
Linux Desktop Tests (3)	UNKNOWN STEP	2026-02-25T19:54:22.7013241Z Login page reached.
Linux Desktop Tests (3)	UNKNOWN STEP	2026-02-25T19:54:22.7013555Z Step 4: Looking for login fields...
Linux Desktop Tests (3)	UNKNOWN STEP	2026-02-25T19:54:22.7041319Z Entering username: testuser1
Linux Desktop Tests (3)	UNKNOWN STEP	2026-02-25T19:54:24.8700168Z Entering password...
Linux Desktop Tests (3)	UNKNOWN STEP	2026-02-25T19:54:26.9872914Z Tapping login submit button...
Linux Desktop Tests (3)	UNKNOWN STEP	2026-02-25T19:54:29.0676275Z Step 5: Waiting for finished page (introGoButton)...
Linux Desktop Tests (3)	UNKNOWN STEP	2026-02-25T19:54:29.3603762Z [Matrix] [32mInitialize client Substitution[0m
Linux Desktop Tests (3)	UNKNOWN STEP	2026-02-25T19:54:29.3934639Z [Matrix] [32mSuccessfully connected as testuser1 with http://localhost:8008[0m
Linux Desktop Tests (3)	UNKNOWN STEP	2026-02-25T19:54:30.6791512Z Finished page reached.
Linux Desktop Tests (3)	UNKNOWN STEP	2026-02-25T19:54:30.6792804Z Tapping Go button...
Linux Desktop Tests (3)	UNKNOWN STEP	2026-02-25T19:54:30.6859596Z Waiting for feed (Scrollable)...
Linux Desktop Tests (3)	UNKNOWN STEP	2026-02-25T19:54:30.8782260Z checking room test_photos id: !HpLkTNEYVBdhaBDGCj:test.matrix.local
Linux Desktop Tests (3)	UNKNOWN STEP	2026-02-25T19:54:30.8784443Z checking room test_art id: !gwYXgPJcKQNHYIppiJ:test.matrix.local
Linux Desktop Tests (3)	UNKNOWN STEP	2026-02-25T19:54:30.8788687Z checking room test_general id: !avpeyIidLpbSMkWFUj:test.matrix.local
Linux Desktop Tests (3)	UNKNOWN STEP	2026-02-25T19:54:30.8789979Z checking room test_room_1772049028463 id: !LUTJpgZewseVnAwssQ:test.matrix.local
Linux Desktop Tests (3)	UNKNOWN STEP	2026-02-25T19:54:30.8791192Z --- adding room test_room_1772049028463 id: !LUTJpgZewseVnAwssQ:test.matrix.local
Linux Desktop Tests (3)	UNKNOWN STEP	2026-02-25T19:54:30.8792007Z checking room test_avatar id: !QjimhPrZyvKhMIoYKc:test.matrix.local
Linux Desktop Tests (3)	UNKNOWN STEP	2026-02-25T19:54:30.8793468Z checking room test_invite_only id: !YMKlEeyBMvFZUrfvrF:test.matrix.local
Linux Desktop Tests (3)	UNKNOWN STEP	2026-02-25T19:54:30.8945136Z start quering new events...
Linux Desktop Tests (3)	UNKNOWN STEP	2026-02-25T19:54:30.8958503Z [Matrix] [32mNo more events found in the store. Request from server...[0m
Linux Desktop Tests (3)	UNKNOWN STEP	2026-02-25T19:54:30.9440909Z [FeedFilter] REJECTED event=$htz5DZfueL85v-GmjzmGf3EP5yAu-8ZSHc-Yrt9JupA type=m.room.topic isMsg=false rel=null powerLevel=100 sender=@testuser1:test.matrix.local
Linux Desktop Tests (3)	UNKNOWN STEP	2026-02-25T19:54:30.9443072Z [FeedFilter] REJECTED event=$iTNhA0vDdxX_WzAuDX_mJGsxSKQUEdzZYGrveNlCwHc type=m.room.name isMsg=false rel=null powerLevel=100 sender=@testuser1:test.matrix.local
Linux Desktop Tests (3)	UNKNOWN STEP	2026-02-25T19:54:30.9445193Z [FeedFilter] REJECTED event=$HF_pVNZduVBUJobwiWtio_4STEY3m_OZQBRSmu8as2A type=m.room.history_visibility isMsg=false rel=null powerLevel=100 sender=@testuser1:test.matrix.local
Linux Desktop Tests (3)	UNKNOWN STEP	2026-02-25T19:54:30.9449605Z [FeedFilter] REJECTED event=$eKyq9lqIC23VKSNeRzF4bqI4mmer84TBxbWoSbdg1pQ type=m.room.join_rules isMsg=false rel=null powerLevel=100 sender=@testuser1:test.matrix.local
Linux Desktop Tests (3)	UNKNOWN STEP	2026-02-25T19:54:30.9451949Z [FeedFilter] REJECTED event=$teB4dI7zCNsT_yN5AVADn8uUXDlqgO0O04SPlmYOTz8 type=m.room.canonical_alias isMsg=false rel=null powerLevel=100 sender=@testuser1:test.matrix.local
Linux Desktop Tests (3)	UNKNOWN STEP	2026-02-25T19:54:30.9454074Z [FeedFilter] REJECTED event=$LdHZ7bpjBcVnfz8Nr5wI3yjGNTmkRKlDQ_IyZc-qz78 type=m.room.power_levels isMsg=false rel=null powerLevel=100 sender=@testuser1:test.matrix.local
Linux Desktop Tests (3)	UNKNOWN STEP	2026-02-25T19:54:30.9456136Z [FeedFilter] REJECTED event=$A2PRu4rkTy84PqbjQBvSlYsdjh2BJ2MJ1af7XX9y1bU type=m.room.member isMsg=false rel=null powerLevel=100 sender=@testuser1:test.matrix.local
Linux Desktop Tests (3)	UNKNOWN STEP	2026-02-25T19:54:30.9457417Z [FeedFilter] REJECTED event=$DabUDV1BcQsbveO6jINvHIjSDQdoJH3bCpX4DzUuhGA type=m.room.create isMsg=false rel=null powerLevel=100 sender=@testuser1:test.matrix.local
Linux Desktop Tests (3)	UNKNOWN STEP	2026-02-25T19:54:30.9458312Z cannot request more history... events.isEmpty? false, room.prev_batch: t1-75_9_0_1_2_1_1_23_0_1_2_1
Linux Desktop Tests (3)	UNKNOWN STEP	2026-02-25T19:54:30.9458755Z finished...
Linux Desktop Tests (3)	UNKNOWN STEP	2026-02-25T19:54:30.9458954Z ret is empty...
Linux Desktop Tests (3)	UNKNOWN STEP	2026-02-25T19:54:30.9459160Z no new things to append...
Linux Desktop Tests (3)	UNKNOWN STEP	2026-02-25T19:54:31.2163560Z Feed reached.
Linux Desktop Tests (3)	UNKNOWN STEP	2026-02-25T19:54:31.2317683Z Test User already in test_general, leaving for test isolation...
Linux Desktop Tests (3)	UNKNOWN STEP	2026-02-25T19:57:09.1592043Z 03:00 +0 -1: Refresh Logic with Real Matrix Server Home feed refreshes automatically when a room is joined in settings [E]
Linux Desktop Tests (3)	UNKNOWN STEP	2026-02-25T19:57:09.1594709Z   TimeoutException after 0:03:00.000000: Test timed out after 3 minutes.
Linux Desktop Tests (3)	UNKNOWN STEP	2026-02-25T19:57:09.1615126Z   dart:isolate  _RawReceivePort._handleMessage
Linux Desktop Tests (3)	UNKNOWN STEP	2026-02-25T19:57:09.1618357Z   
Linux Desktop Tests (3)	UNKNOWN STEP	2026-02-25T19:57:09.1993941Z   'package:flutter_test/src/binding.dart': Failed assertion: line 2781 pos 12: '_pendingFrame == null': is not true.
Linux Desktop Tests (3)	UNKNOWN STEP	2026-02-25T19:57:09.2000859Z   dart:core                                                                   _AssertionError._throwNew
Linux Desktop Tests (3)	UNKNOWN STEP	2026-02-25T19:57:09.2002148Z   package:flutter_test/src/binding.dart 2781:12                               LiveTestWidgetsFlutterBinding.postTest
Linux Desktop Tests (3)	UNKNOWN STEP	2026-02-25T19:57:09.2004981Z   ===== asynchronous gap ===========================
Linux Desktop Tests (3)	UNKNOWN STEP	2026-02-25T19:57:09.2005707Z   package:stream_channel                                                      _GuaranteeSink.add
Linux Desktop Tests (3)	UNKNOWN STEP	2026-02-25T19:57:09.2006666Z   /tmp/flutter_tools.RJJIAA/flutter_test_listener.HMBGFY/listener.dart 56:22  main.<fn>
Linux Desktop Tests (3)	UNKNOWN STEP	2026-02-25T19:57:09.2007384Z   
Linux Desktop Tests (3)	UNKNOWN STEP	2026-02-25T19:57:09.2466896Z 03:00 +0 -1: (tearDownAll)
Linux Desktop Tests (3)	UNKNOWN STEP	2026-02-25T19:57:09.2637383Z 03:00 +0 -1: Some tests failed.
Linux Desktop Tests (3)	UNKNOWN STEP	2026-02-25T19:57:09.3082949Z [0;34m[INFO][0m   Running: integration_test/theme_toggle_test.dart
Linux Desktop Tests (3)	UNKNOWN STEP	2026-02-25T19:57:10.2962011Z 00:00 +0: loading /home/runner/work/substitution/substitution/integration_test/theme_toggle_test.dart
Linux Desktop Tests (3)	UNKNOWN STEP	2026-02-25T19:57:28.8290213Z Building Linux application...                                   
Linux Desktop Tests (3)	UNKNOWN STEP	2026-02-25T19:57:28.8316699Z ✓ Built build/linux/x64/debug/bundle/substitution
Linux Desktop Tests (3)	UNKNOWN STEP	2026-02-25T19:57:29.4199815Z 00:00 +0: Open menu -> toggle dark mode -> verify scaffold background changes -> toggle back -> verify light
Linux Desktop Tests (3)	UNKNOWN STEP	2026-02-25T19:57:29.6754365Z 00:00 +1: (tearDownAll)
Linux Desktop Tests (3)	UNKNOWN STEP	2026-02-25T19:57:29.6882161Z 00:00 +1: All tests passed!
Linux Desktop Tests (3)	UNKNOWN STEP	2026-02-25T19:57:29.7323896Z [0;31m[ERROR][0m Linux tests had failures
Linux Desktop Tests (3)	UNKNOWN STEP	2026-02-25T19:57:29.7324312Z 
Linux Desktop Tests (3)	UNKNOWN STEP	2026-02-25T19:57:29.7324834Z [1m══════════════════════════════════════════════════════════[0m
Linux Desktop Tests (3)	UNKNOWN STEP	2026-02-25T19:57:29.7325465Z [1m  Test Results Summary[0m
Linux Desktop Tests (3)	UNKNOWN STEP	2026-02-25T19:57:29.7326109Z [1m══════════════════════════════════════════════════════════[0m
Linux Desktop Tests (3)	UNKNOWN STEP	2026-02-25T19:57:29.7326501Z 
Linux Desktop Tests (3)	UNKNOWN STEP	2026-02-25T19:57:29.7326743Z   TARGET             PASSED   FAILED  SKIPPED   DURATION
Linux Desktop Tests (3)	UNKNOWN STEP	2026-02-25T19:57:29.7327519Z   ──────────────── ──────── ──────── ──────── ──────────
Linux Desktop Tests (3)	UNKNOWN STEP	2026-02-25T19:57:29.7328196Z   [0;31mlinux           [0m        9        1        0     7m 48s
Linux Desktop Tests (3)	UNKNOWN STEP	2026-02-25T19:57:29.7328599Z 
Linux Desktop Tests (3)	UNKNOWN STEP	2026-02-25T19:57:29.7328873Z   ──────────────── ──────── ──────── ────────
Linux Desktop Tests (3)	UNKNOWN STEP	2026-02-25T19:57:29.7329456Z   [0;31mTOTAL                   9        1        0[0m
Linux Desktop Tests (3)	UNKNOWN STEP	2026-02-25T19:57:29.7329802Z 
Linux Desktop Tests (3)	UNKNOWN STEP	2026-02-25T19:57:29.7330007Z   [0;31m[1mRESULT: FAILED[0m
Linux Desktop Tests (3)	UNKNOWN STEP	2026-02-25T19:57:29.7330271Z 
Linux Desktop Tests (3)	UNKNOWN STEP	2026-02-25T19:57:29.7330866Z [1m══════════════════════════════════════════════════════════[0m
Linux Desktop Tests (3)	UNKNOWN STEP	2026-02-25T19:57:29.7331256Z 
Linux Desktop Tests (3)	UNKNOWN STEP	2026-02-25T19:57:29.7331483Z [0;34m[INFO][0m Cleaning up...
Linux Desktop Tests (3)	UNKNOWN STEP	2026-02-25T19:57:29.7489043Z [0;34m[INFO][0m Cleanup complete
Linux Desktop Tests (3)	UNKNOWN STEP	2026-02-25T19:57:29.7537130Z ##[error]Process completed with exit code 1.
Linux Desktop Tests (3)	UNKNOWN STEP	2026-02-25T19:57:29.7584717Z ##[group]Run echo "=== test-results/ ==="
Linux Desktop Tests (3)	UNKNOWN STEP	2026-02-25T19:57:29.7585084Z [36;1mecho "=== test-results/ ==="[0m
Linux Desktop Tests (3)	UNKNOWN STEP	2026-02-25T19:57:29.7585465Z [36;1mls -la test-results/ 2>/dev/null || echo "(no test-results dir)"[0m
Linux Desktop Tests (3)	UNKNOWN STEP	2026-02-25T19:57:29.7586079Z [36;1mfor f in test-results/*.log; do[0m
Linux Desktop Tests (3)	UNKNOWN STEP	2026-02-25T19:57:29.7586360Z [36;1m  [ -f "$f" ] || continue[0m
Linux Desktop Tests (3)	UNKNOWN STEP	2026-02-25T19:57:29.7586606Z [36;1m  echo ""[0m
Linux Desktop Tests (3)	UNKNOWN STEP	2026-02-25T19:57:29.7586818Z [36;1m  echo "=== $f ==="[0m
Linux Desktop Tests (3)	UNKNOWN STEP	2026-02-25T19:57:29.7587049Z [36;1m  tail -100 "$f"[0m
Linux Desktop Tests (3)	UNKNOWN STEP	2026-02-25T19:57:29.7587260Z [36;1mdone[0m
Linux Desktop Tests (3)	UNKNOWN STEP	2026-02-25T19:57:29.7638943Z shell: /usr/bin/bash -e {0}
Linux Desktop Tests (3)	UNKNOWN STEP	2026-02-25T19:57:29.7639208Z env:
Linux Desktop Tests (3)	UNKNOWN STEP	2026-02-25T19:57:29.7639399Z   CACHE_VERSION: v1
Linux Desktop Tests (3)	UNKNOWN STEP	2026-02-25T19:57:29.7639710Z   FLUTTER_ROOT: /opt/hostedtoolcache/flutter/stable-3.41.2-x64
Linux Desktop Tests (3)	UNKNOWN STEP	2026-02-25T19:57:29.7640089Z   PUB_CACHE: /home/runner/.pub-cache
Linux Desktop Tests (3)	UNKNOWN STEP	2026-02-25T19:57:29.7640359Z ##[endgroup]
Linux Desktop Tests (3)	UNKNOWN STEP	2026-02-25T19:57:29.7705696Z === test-results/ ===
Linux Desktop Tests (3)	UNKNOWN STEP	2026-02-25T19:57:29.7722444Z total 45424
Linux Desktop Tests (3)	UNKNOWN STEP	2026-02-25T19:57:29.7722883Z drwxr-xr-x  2 runner runner     4096 Feb 25 19:57 .
Linux Desktop Tests (3)	UNKNOWN STEP	2026-02-25T19:57:29.7723529Z drwxr-xr-x 24 runner runner     4096 Feb 25 19:49 ..
Linux Desktop Tests (3)	UNKNOWN STEP	2026-02-25T19:57:29.7723975Z -rw-r--r--  1 runner runner      233 Feb 25 19:48 ios-device-info.txt
Linux Desktop Tests (3)	UNKNOWN STEP	2026-02-25T19:57:29.7724499Z -rw-r--r--  1 runner runner 34795326 Feb 25 19:48 ios-test-results.txt
Linux Desktop Tests (3)	UNKNOWN STEP	2026-02-25T19:57:29.7725175Z -rw-r--r--  1 runner runner    41678 Feb 25 19:57 linux-tests.log
Linux Desktop Tests (3)	UNKNOWN STEP	2026-02-25T19:57:29.7725634Z -rw-r--r--  1 runner runner 11471554 Feb 25 19:48 test-results.txt
Linux Desktop Tests (3)	UNKNOWN STEP	2026-02-25T19:57:29.7726081Z -rw-r--r--  1 runner runner   181872 Feb 25 19:48 web-test-results.txt
Linux Desktop Tests (3)	UNKNOWN STEP	2026-02-25T19:57:29.7726376Z 
Linux Desktop Tests (3)	UNKNOWN STEP	2026-02-25T19:57:29.7726483Z === test-results/linux-tests.log ===
Linux Desktop Tests (3)	UNKNOWN STEP	2026-02-25T19:57:29.7735712Z 00:00 +0: loading /home/runner/work/substitution/substitution/integration_test/offline_test.dart
Linux Desktop Tests (3)	UNKNOWN STEP	2026-02-25T19:57:29.7736429Z Building Linux application...                                   
Linux Desktop Tests (3)	UNKNOWN STEP	2026-02-25T19:57:29.7737439Z ✓ Built build/linux/x64/debug/bundle/substitution
Linux Desktop Tests (3)	UNKNOWN STEP	2026-02-25T19:57:29.7738254Z Warning: A tag was used that wasn't specified in dart_test.yaml.
Linux Desktop Tests (3)	UNKNOWN STEP	2026-02-25T19:57:29.7739008Z   integration was used in the suite itself
Linux Desktop Tests (3)	UNKNOWN STEP	2026-02-25T19:57:29.7739390Z 
Linux Desktop Tests (3)	UNKNOWN STEP	2026-02-25T19:57:29.7740032Z 00:00 +0: Offline Integration Tests Load feed online -> simulate offline -> cached posts visible -> back online -> refresh works
Linux Desktop Tests (3)	UNKNOWN STEP	2026-02-25T19:57:29.7741156Z 00:00 +1: (tearDownAll)
Linux Desktop Tests (3)	UNKNOWN STEP	2026-02-25T19:57:29.7741430Z 00:00 +1: All tests passed!
Linux Desktop Tests (3)	UNKNOWN STEP	2026-02-25T19:57:29.7742042Z 00:00 +0: loading /home/runner/work/substitution/substitution/integration_test/refresh_logic_with_matrix_test.dart
Linux Desktop Tests (3)	UNKNOWN STEP	2026-02-25T19:57:29.7742759Z Building Linux application...                                   
Linux Desktop Tests (3)	UNKNOWN STEP	2026-02-25T19:57:29.7743294Z ✓ Built build/linux/x64/debug/bundle/substitution
Linux Desktop Tests (3)	UNKNOWN STEP	2026-02-25T19:57:29.7743640Z 00:00 +0: (setUpAll)
Linux Desktop Tests (3)	UNKNOWN STEP	2026-02-25T19:57:29.7744176Z 00:00 +0: Refresh Logic with Real Matrix Server Home feed refreshes automatically when a room is joined in settings
Linux Desktop Tests (3)	UNKNOWN STEP	2026-02-25T19:57:29.7744793Z *** sqflite warning ***
Linux Desktop Tests (3)	UNKNOWN STEP	2026-02-25T19:57:29.7744954Z 
Linux Desktop Tests (3)	UNKNOWN STEP	2026-02-25T19:57:29.7745082Z You are changing sqflite default factory.
Linux Desktop Tests (3)	UNKNOWN STEP	2026-02-25T19:57:29.7745496Z Be aware of the potential side effects. Any library using sqflite
Linux Desktop Tests (3)	UNKNOWN STEP	2026-02-25T19:57:29.7745979Z will have this factory as the default for all operations.
Linux Desktop Tests (3)	UNKNOWN STEP	2026-02-25T19:57:29.7746262Z 
Linux Desktop Tests (3)	UNKNOWN STEP	2026-02-25T19:57:29.7746356Z *** sqflite warning ***
Linux Desktop Tests (3)	UNKNOWN STEP	2026-02-25T19:57:29.7746493Z 
Linux Desktop Tests (3)	UNKNOWN STEP	2026-02-25T19:57:29.7746622Z Waiting for globalMatrixClient to be initialized...
Linux Desktop Tests (3)	UNKNOWN STEP	2026-02-25T19:57:29.7747078Z [90m[🌎 Easy Localization] [DEBUG] Localization initialized[0m
Linux Desktop Tests (3)	UNKNOWN STEP	2026-02-25T19:57:29.7747499Z [Matrix] [32mInitialize client Substitution[0m
Linux Desktop Tests (3)	UNKNOWN STEP	2026-02-25T19:57:29.7747843Z [Matrix] [32mUser is not logged in.[0m
Linux Desktop Tests (3)	UNKNOWN STEP	2026-02-25T19:57:29.7748172Z [90m[🌎 Easy Localization] [DEBUG] Start[0m
Linux Desktop Tests (3)	UNKNOWN STEP	2026-02-25T19:57:29.7748521Z [90m[🌎 Easy Localization] [DEBUG] Init state[0m
Linux Desktop Tests (3)	UNKNOWN STEP	2026-02-25T19:57:29.7748875Z [90m[🌎 Easy Localization] [DEBUG] Build[0m
Linux Desktop Tests (3)	UNKNOWN STEP	2026-02-25T19:57:29.7749508Z [90m[🌎 Easy Localization] [DEBUG] Init Localization Delegate[0m
Linux Desktop Tests (3)	UNKNOWN STEP	2026-02-25T19:57:29.7749954Z [90m[🌎 Easy Localization] [DEBUG] Init provider[0m
Linux Desktop Tests (3)	UNKNOWN STEP	2026-02-25T19:57:29.7750380Z [90m[🌎 Easy Localization] [DEBUG] Load Localization Delegate[0m
Linux Desktop Tests (3)	UNKNOWN STEP	2026-02-25T19:57:29.7751263Z [90m[🌎 Easy Localization] [DEBUG] Load asset from assets/translations[0m
Linux Desktop Tests (3)	UNKNOWN STEP	2026-02-25T19:57:29.7751659Z globalMatrixClient initialized!
Linux Desktop Tests (3)	UNKNOWN STEP	2026-02-25T19:57:29.7751973Z Step 1: Checking for Age Gate, Intro, or Login fields...
Linux Desktop Tests (3)	UNKNOWN STEP	2026-02-25T19:57:29.7752348Z [90m[🌎 Easy Localization] [DEBUG] Build[0m
Linux Desktop Tests (3)	UNKNOWN STEP	2026-02-25T19:57:29.7752745Z [90m[🌎 Easy Localization] [DEBUG] Init Localization Delegate[0m
Linux Desktop Tests (3)	UNKNOWN STEP	2026-02-25T19:57:29.7753168Z [90m[🌎 Easy Localization] [DEBUG] Init provider[0m
Linux Desktop Tests (3)	UNKNOWN STEP	2026-02-25T19:57:29.7753566Z Found screen! AgeGate: false, Intro: true, Username: false, Host: false
Linux Desktop Tests (3)	UNKNOWN STEP	2026-02-25T19:57:29.7753954Z Step 2: Navigating through onboarding...
Linux Desktop Tests (3)	UNKNOWN STEP	2026-02-25T19:57:29.7754245Z Tapping Next button at step 0...
Linux Desktop Tests (3)	UNKNOWN STEP	2026-02-25T19:57:29.7762355Z Tapping Next button at step 1...
Linux Desktop Tests (3)	UNKNOWN STEP	2026-02-25T19:57:29.7762764Z Reached target page at step 2. Host: true, Username: false
Linux Desktop Tests (3)	UNKNOWN STEP	2026-02-25T19:57:29.7763126Z Onboarding navigation complete.
Linux Desktop Tests (3)	UNKNOWN STEP	2026-02-25T19:57:29.7763448Z Step 3: Entering host URL: http://localhost:8008
Linux Desktop Tests (3)	UNKNOWN STEP	2026-02-25T19:57:29.7763780Z Tapping host submit button...
Linux Desktop Tests (3)	UNKNOWN STEP	2026-02-25T19:57:29.7764041Z Waiting for login page to appear...
Linux Desktop Tests (3)	UNKNOWN STEP	2026-02-25T19:57:29.7764301Z Login page reached.
Linux Desktop Tests (3)	UNKNOWN STEP	2026-02-25T19:57:29.7764514Z Step 4: Looking for login fields...
Linux Desktop Tests (3)	UNKNOWN STEP	2026-02-25T19:57:29.7764772Z Entering username: testuser1
Linux Desktop Tests (3)	UNKNOWN STEP	2026-02-25T19:57:29.7765013Z Entering password...
Linux Desktop Tests (3)	UNKNOWN STEP	2026-02-25T19:57:29.7765243Z Tapping login submit button...
Linux Desktop Tests (3)	UNKNOWN STEP	2026-02-25T19:57:29.7765540Z Step 5: Waiting for finished page (introGoButton)...
Linux Desktop Tests (3)	UNKNOWN STEP	2026-02-25T19:57:29.7765976Z [Matrix] [32mInitialize client Substitution[0m
Linux Desktop Tests (3)	UNKNOWN STEP	2026-02-25T19:57:29.7766475Z [Matrix] [32mSuccessfully connected as testuser1 with http://localhost:8008[0m
Linux Desktop Tests (3)	UNKNOWN STEP	2026-02-25T19:57:29.7766893Z Finished page reached.
Linux Desktop Tests (3)	UNKNOWN STEP	2026-02-25T19:57:29.7767116Z Tapping Go button...
Linux Desktop Tests (3)	UNKNOWN STEP	2026-02-25T19:57:29.7767344Z Waiting for feed (Scrollable)...
Linux Desktop Tests (3)	UNKNOWN STEP	2026-02-25T19:57:29.7767694Z checking room test_photos id: !HpLkTNEYVBdhaBDGCj:test.matrix.local
Linux Desktop Tests (3)	UNKNOWN STEP	2026-02-25T19:57:29.7768144Z checking room test_art id: !gwYXgPJcKQNHYIppiJ:test.matrix.local
Linux Desktop Tests (3)	UNKNOWN STEP	2026-02-25T19:57:29.7768585Z checking room test_general id: !avpeyIidLpbSMkWFUj:test.matrix.local
Linux Desktop Tests (3)	UNKNOWN STEP	2026-02-25T19:57:29.7769067Z checking room test_room_1772049028463 id: !LUTJpgZewseVnAwssQ:test.matrix.local
Linux Desktop Tests (3)	UNKNOWN STEP	2026-02-25T19:57:29.7769576Z --- adding room test_room_1772049028463 id: !LUTJpgZewseVnAwssQ:test.matrix.local
Linux Desktop Tests (3)	UNKNOWN STEP	2026-02-25T19:57:29.7770378Z checking room test_avatar id: !QjimhPrZyvKhMIoYKc:test.matrix.local
Linux Desktop Tests (3)	UNKNOWN STEP	2026-02-25T19:57:29.7771309Z checking room test_invite_only id: !YMKlEeyBMvFZUrfvrF:test.matrix.local
Linux Desktop Tests (3)	UNKNOWN STEP	2026-02-25T19:57:29.7771958Z start quering new events...
Linux Desktop Tests (3)	UNKNOWN STEP	2026-02-25T19:57:29.7772666Z [Matrix] [32mNo more events found in the store. Request from server...[0m
Linux Desktop Tests (3)	UNKNOWN STEP	2026-02-25T19:57:29.7774079Z [FeedFilter] REJECTED event=$htz5DZfueL85v-GmjzmGf3EP5yAu-8ZSHc-Yrt9JupA type=m.room.topic isMsg=false rel=null powerLevel=100 sender=@testuser1:test.matrix.local
Linux Desktop Tests (3)	UNKNOWN STEP	2026-02-25T19:57:29.7775535Z [FeedFilter] REJECTED event=$iTNhA0vDdxX_WzAuDX_mJGsxSKQUEdzZYGrveNlCwHc type=m.room.name isMsg=false rel=null powerLevel=100 sender=@testuser1:test.matrix.local
Linux Desktop Tests (3)	UNKNOWN STEP	2026-02-25T19:57:29.7776657Z [FeedFilter] REJECTED event=$HF_pVNZduVBUJobwiWtio_4STEY3m_OZQBRSmu8as2A type=m.room.history_visibility isMsg=false rel=null powerLevel=100 sender=@testuser1:test.matrix.local
Linux Desktop Tests (3)	UNKNOWN STEP	2026-02-25T19:57:29.7777816Z [FeedFilter] REJECTED event=$eKyq9lqIC23VKSNeRzF4bqI4mmer84TBxbWoSbdg1pQ type=m.room.join_rules isMsg=false rel=null powerLevel=100 sender=@testuser1:test.matrix.local
Linux Desktop Tests (3)	UNKNOWN STEP	2026-02-25T19:57:29.7778992Z [FeedFilter] REJECTED event=$teB4dI7zCNsT_yN5AVADn8uUXDlqgO0O04SPlmYOTz8 type=m.room.canonical_alias isMsg=false rel=null powerLevel=100 sender=@testuser1:test.matrix.local
Linux Desktop Tests (3)	UNKNOWN STEP	2026-02-25T19:57:29.7780340Z [FeedFilter] REJECTED event=$LdHZ7bpjBcVnfz8Nr5wI3yjGNTmkRKlDQ_IyZc-qz78 type=m.room.power_levels isMsg=false rel=null powerLevel=100 sender=@testuser1:test.matrix.local
Linux Desktop Tests (3)	UNKNOWN STEP	2026-02-25T19:57:29.7781741Z [FeedFilter] REJECTED event=$A2PRu4rkTy84PqbjQBvSlYsdjh2BJ2MJ1af7XX9y1bU type=m.room.member isMsg=false rel=null powerLevel=100 sender=@testuser1:test.matrix.local
Linux Desktop Tests (3)	UNKNOWN STEP	2026-02-25T19:57:29.7783003Z [FeedFilter] REJECTED event=$DabUDV1BcQsbveO6jINvHIjSDQdoJH3bCpX4DzUuhGA type=m.room.create isMsg=false rel=null powerLevel=100 sender=@testuser1:test.matrix.local
Linux Desktop Tests (3)	UNKNOWN STEP	2026-02-25T19:57:29.7783879Z cannot request more history... events.isEmpty? false, room.prev_batch: t1-75_9_0_1_2_1_1_23_0_1_2_1
Linux Desktop Tests (3)	UNKNOWN STEP	2026-02-25T19:57:29.7784327Z finished...
Linux Desktop Tests (3)	UNKNOWN STEP	2026-02-25T19:57:29.7784517Z ret is empty...
Linux Desktop Tests (3)	UNKNOWN STEP	2026-02-25T19:57:29.7784718Z no new things to append...
Linux Desktop Tests (3)	UNKNOWN STEP	2026-02-25T19:57:29.7784945Z Feed reached.
Linux Desktop Tests (3)	UNKNOWN STEP	2026-02-25T19:57:29.7785225Z Test User already in test_general, leaving for test isolation...
Linux Desktop Tests (3)	UNKNOWN STEP	2026-02-25T19:57:29.7785827Z 03:00 +0 -1: Refresh Logic with Real Matrix Server Home feed refreshes automatically when a room is joined in settings [E]
Linux Desktop Tests (3)	UNKNOWN STEP	2026-02-25T19:57:29.7786464Z   TimeoutException after 0:03:00.000000: Test timed out after 3 minutes.
Linux Desktop Tests (3)	UNKNOWN STEP	2026-02-25T19:57:29.7786866Z   dart:isolate  _RawReceivePort._handleMessage
Linux Desktop Tests (3)	UNKNOWN STEP	2026-02-25T19:57:29.7787142Z   
Linux Desktop Tests (3)	UNKNOWN STEP	2026-02-25T19:57:29.7787575Z   'package:flutter_test/src/binding.dart': Failed assertion: line 2781 pos 12: '_pendingFrame == null': is not true.
Linux Desktop Tests (3)	UNKNOWN STEP	2026-02-25T19:57:29.7788179Z   dart:core                                                                   _AssertionError._throwNew
Linux Desktop Tests (3)	UNKNOWN STEP	2026-02-25T19:57:29.7788754Z   package:flutter_test/src/binding.dart 2781:12                               LiveTestWidgetsFlutterBinding.postTest
Linux Desktop Tests (3)	UNKNOWN STEP	2026-02-25T19:57:29.7789251Z   ===== asynchronous gap ===========================
Linux Desktop Tests (3)	UNKNOWN STEP	2026-02-25T19:57:29.7789655Z   package:stream_channel                                                      _GuaranteeSink.add
Linux Desktop Tests (3)	UNKNOWN STEP	2026-02-25T19:57:29.7790189Z   /tmp/flutter_tools.RJJIAA/flutter_test_listener.HMBGFY/listener.dart 56:22  main.<fn>
Linux Desktop Tests (3)	UNKNOWN STEP	2026-02-25T19:57:29.7790591Z   
Linux Desktop Tests (3)	UNKNOWN STEP	2026-02-25T19:57:29.7791031Z 03:00 +0 -1: (tearDownAll)
Linux Desktop Tests (3)	UNKNOWN STEP	2026-02-25T19:57:29.7791278Z 03:00 +0 -1: Some tests failed.
Linux Desktop Tests (3)	UNKNOWN STEP	2026-02-25T19:57:29.7791716Z 00:00 +0: loading /home/runner/work/substitution/substitution/integration_test/theme_toggle_test.dart
Linux Desktop Tests (3)	UNKNOWN STEP	2026-02-25T19:57:29.7792268Z Building Linux application...                                   
Linux Desktop Tests (3)	UNKNOWN STEP	2026-02-25T19:57:29.7792720Z ✓ Built build/linux/x64/debug/bundle/substitution
Linux Desktop Tests (3)	UNKNOWN STEP	2026-02-25T19:57:29.7793235Z 00:00 +0: Open menu -> toggle dark mode -> verify scaffold background changes -> toggle back -> verify light
Linux Desktop Tests (3)	UNKNOWN STEP	2026-02-25T19:57:29.7793703Z 00:00 +1: (tearDownAll)
Linux Desktop Tests (3)	UNKNOWN STEP	2026-02-25T19:57:29.7793932Z 00:00 +1: All tests passed!
Linux Desktop Tests (3)	UNKNOWN STEP	2026-02-25T19:57:29.7818686Z ##[group]Run docker compose down -v
Linux Desktop Tests (3)	UNKNOWN STEP	2026-02-25T19:57:29.7819011Z [36;1mdocker compose down -v[0m
Linux Desktop Tests (3)	UNKNOWN STEP	2026-02-25T19:57:29.7864978Z shell: /usr/bin/bash -e {0}
Linux Desktop Tests (3)	UNKNOWN STEP	2026-02-25T19:57:29.7865231Z env:
Linux Desktop Tests (3)	UNKNOWN STEP	2026-02-25T19:57:29.7865413Z   CACHE_VERSION: v1
Linux Desktop Tests (3)	UNKNOWN STEP	2026-02-25T19:57:29.7865711Z   FLUTTER_ROOT: /opt/hostedtoolcache/flutter/stable-3.41.2-x64
Linux Desktop Tests (3)	UNKNOWN STEP	2026-02-25T19:57:29.7866086Z   PUB_CACHE: /home/runner/.pub-cache
Linux Desktop Tests (3)	UNKNOWN STEP	2026-02-25T19:57:29.7866352Z ##[endgroup]
Linux Desktop Tests (3)	UNKNOWN STEP	2026-02-25T19:57:29.8633334Z time="2026-02-25T19:57:29Z" level=warning msg="/home/runner/work/substitution/substitution/docker-compose.yml: the attribute `version` is obsolete, it will be ignored, please remove it to avoid potential confusion"
Linux Desktop Tests (3)	UNKNOWN STEP	2026-02-25T19:57:29.8672658Z  Container substitution-redis-1  Stopping
Linux Desktop Tests (3)	UNKNOWN STEP	2026-02-25T19:57:29.8674800Z  Container substitution-matrix-synapse-1  Stopping
Linux Desktop Tests (3)	UNKNOWN STEP	2026-02-25T19:57:30.2357645Z  Container substitution-matrix-synapse-1  Stopped
Linux Desktop Tests (3)	UNKNOWN STEP	2026-02-25T19:57:30.2359341Z  Container substitution-matrix-synapse-1  Removing
Linux Desktop Tests (3)	UNKNOWN STEP	2026-02-25T19:57:30.2492542Z  Container substitution-redis-1  Stopped
Linux Desktop Tests (3)	UNKNOWN STEP	2026-02-25T19:57:30.2493135Z  Container substitution-redis-1  Removing
Linux Desktop Tests (3)	UNKNOWN STEP	2026-02-25T19:57:30.2571494Z  Container substitution-redis-1  Removed
Linux Desktop Tests (3)	UNKNOWN STEP	2026-02-25T19:57:30.3126585Z  Container substitution-matrix-synapse-1  Removed
Linux Desktop Tests (3)	UNKNOWN STEP	2026-02-25T19:57:30.3127440Z  Container substitution-dex-1  Stopping
Linux Desktop Tests (3)	UNKNOWN STEP	2026-02-25T19:57:30.3128308Z  Container substitution-postgres-1  Stopping
Linux Desktop Tests (3)	UNKNOWN STEP	2026-02-25T19:57:30.4426086Z  Container substitution-dex-1  Stopped
Linux Desktop Tests (3)	UNKNOWN STEP	2026-02-25T19:57:30.4426701Z  Container substitution-dex-1  Removing
Linux Desktop Tests (3)	UNKNOWN STEP	2026-02-25T19:57:30.4479013Z  Container substitution-dex-1  Removed
Linux Desktop Tests (3)	UNKNOWN STEP	2026-02-25T19:57:30.4651276Z  Container substitution-postgres-1  Stopped
Linux Desktop Tests (3)	UNKNOWN STEP	2026-02-25T19:57:30.4652391Z  Container substitution-postgres-1  Removing
Linux Desktop Tests (3)	UNKNOWN STEP	2026-02-25T19:57:30.5331312Z  Container substitution-postgres-1  Removed
Linux Desktop Tests (3)	UNKNOWN STEP	2026-02-25T19:57:30.5339064Z  Network substitution_substitution_network  Removing
Linux Desktop Tests (3)	UNKNOWN STEP	2026-02-25T19:57:30.6329967Z  Network substitution_substitution_network  Removed
Linux Desktop Tests (3)	UNKNOWN STEP	2026-02-25T19:57:30.6501887Z Post job cleanup.
Linux Desktop Tests (3)	UNKNOWN STEP	2026-02-25T19:57:30.6565050Z Post job cleanup.
Linux Desktop Tests (3)	UNKNOWN STEP	2026-02-25T19:57:30.7658720Z [command]/usr/bin/git version
Linux Desktop Tests (3)	UNKNOWN STEP	2026-02-25T19:57:30.7713418Z git version 2.53.0
Linux Desktop Tests (3)	UNKNOWN STEP	2026-02-25T19:57:30.7768513Z Temporarily overriding HOME='/home/runner/work/_temp/77475692-d6fa-4165-a1d0-ef33f00f17b2' before making global git config changes
Linux Desktop Tests (3)	UNKNOWN STEP	2026-02-25T19:57:30.7769882Z Adding repository directory to the temporary git global config as a safe directory
Linux Desktop Tests (3)	UNKNOWN STEP	2026-02-25T19:57:30.7775394Z [command]/usr/bin/git config --global --add safe.directory /home/runner/work/substitution/substitution
Linux Desktop Tests (3)	UNKNOWN STEP	2026-02-25T19:57:30.7814964Z [command]/usr/bin/git config --local --name-only --get-regexp core\.sshCommand
Linux Desktop Tests (3)	UNKNOWN STEP	2026-02-25T19:57:30.7850214Z [command]/usr/bin/git submodule foreach --recursive sh -c "git config --local --name-only --get-regexp 'core\.sshCommand' && git config --local --unset-all 'core.sshCommand' || :"
Linux Desktop Tests (3)	UNKNOWN STEP	2026-02-25T19:57:30.8103290Z [command]/usr/bin/git config --local --name-only --get-regexp http\.https\:\/\/github\.com\/\.extraheader
Linux Desktop Tests (3)	UNKNOWN STEP	2026-02-25T19:57:30.8126800Z http.https://github.com/.extraheader
Linux Desktop Tests (3)	UNKNOWN STEP	2026-02-25T19:57:30.8139421Z [command]/usr/bin/git config --local --unset-all http.https://github.com/.extraheader
Linux Desktop Tests (3)	UNKNOWN STEP	2026-02-25T19:57:30.8172097Z [command]/usr/bin/git submodule foreach --recursive sh -c "git config --local --name-only --get-regexp 'http\.https\:\/\/github\.com\/\.extraheader' && git config --local --unset-all 'http.https://github.com/.extraheader' || :"
Linux Desktop Tests (3)	UNKNOWN STEP	2026-02-25T19:57:30.8413941Z [command]/usr/bin/git config --local --name-only --get-regexp ^includeIf\.gitdir:
Linux Desktop Tests (3)	UNKNOWN STEP	2026-02-25T19:57:30.8448654Z [command]/usr/bin/git submodule foreach --recursive git config --local --show-origin --name-only --get-regexp remote.origin.url
Linux Desktop Tests (3)	UNKNOWN STEP	2026-02-25T19:57:30.8805312Z Cleaning up orphan processes
Linux Desktop Tests (5)	UNKNOWN STEP	﻿2026-02-25T19:48:13.3858912Z Current runner version: '2.331.0'
Linux Desktop Tests (5)	UNKNOWN STEP	2026-02-25T19:48:13.3884554Z ##[group]Runner Image Provisioner
Linux Desktop Tests (5)	UNKNOWN STEP	2026-02-25T19:48:13.3885544Z Hosted Compute Agent
Linux Desktop Tests (5)	UNKNOWN STEP	2026-02-25T19:48:13.3886073Z Version: 20260213.493
Linux Desktop Tests (5)	UNKNOWN STEP	2026-02-25T19:48:13.3886706Z Commit: 5c115507f6dd24b8de37d8bbe0bb4509d0cc0fa3
Linux Desktop Tests (5)	UNKNOWN STEP	2026-02-25T19:48:13.3887483Z Build Date: 2026-02-13T00:28:41Z
Linux Desktop Tests (5)	UNKNOWN STEP	2026-02-25T19:48:13.3888098Z Worker ID: {45910dfb-2603-4aeb-a5b3-0292420df29a}
Linux Desktop Tests (5)	UNKNOWN STEP	2026-02-25T19:48:13.3888887Z Azure Region: centralus
Linux Desktop Tests (5)	UNKNOWN STEP	2026-02-25T19:48:13.3889483Z ##[endgroup]
Linux Desktop Tests (5)	UNKNOWN STEP	2026-02-25T19:48:13.3891612Z ##[group]Operating System
Linux Desktop Tests (5)	UNKNOWN STEP	2026-02-25T19:48:13.3892228Z Ubuntu
Linux Desktop Tests (5)	UNKNOWN STEP	2026-02-25T19:48:13.3892806Z 24.04.3
Linux Desktop Tests (5)	UNKNOWN STEP	2026-02-25T19:48:13.3893237Z LTS
Linux Desktop Tests (5)	UNKNOWN STEP	2026-02-25T19:48:13.3893701Z ##[endgroup]
Linux Desktop Tests (5)	UNKNOWN STEP	2026-02-25T19:48:13.3894265Z ##[group]Runner Image
Linux Desktop Tests (5)	UNKNOWN STEP	2026-02-25T19:48:13.3894769Z Image: ubuntu-24.04
Linux Desktop Tests (5)	UNKNOWN STEP	2026-02-25T19:48:13.3895322Z Version: 20260224.36.1
Linux Desktop Tests (5)	UNKNOWN STEP	2026-02-25T19:48:13.3896520Z Included Software: https://github.com/actions/runner-images/blob/ubuntu24/20260224.36/images/ubuntu/Ubuntu2404-Readme.md
Linux Desktop Tests (5)	UNKNOWN STEP	2026-02-25T19:48:13.3897930Z Image Release: https://github.com/actions/runner-images/releases/tag/ubuntu24%2F20260224.36
Linux Desktop Tests (5)	UNKNOWN STEP	2026-02-25T19:48:13.3898894Z ##[endgroup]
Linux Desktop Tests (5)	UNKNOWN STEP	2026-02-25T19:48:13.3899997Z ##[group]GITHUB_TOKEN Permissions
Linux Desktop Tests (5)	UNKNOWN STEP	2026-02-25T19:48:13.3902340Z Contents: read
Linux Desktop Tests (5)	UNKNOWN STEP	2026-02-25T19:48:13.3902889Z Metadata: read
Linux Desktop Tests (5)	UNKNOWN STEP	2026-02-25T19:48:13.3903407Z Packages: read
Linux Desktop Tests (5)	UNKNOWN STEP	2026-02-25T19:48:13.3903849Z ##[endgroup]
Linux Desktop Tests (5)	UNKNOWN STEP	2026-02-25T19:48:13.3906057Z Secret source: Actions
Linux Desktop Tests (5)	UNKNOWN STEP	2026-02-25T19:48:13.3907028Z Prepare workflow directory
Linux Desktop Tests (5)	UNKNOWN STEP	2026-02-25T19:48:13.4314419Z Prepare all required actions
Linux Desktop Tests (5)	UNKNOWN STEP	2026-02-25T19:48:13.4357082Z Getting action download info
Linux Desktop Tests (5)	UNKNOWN STEP	2026-02-25T19:48:13.7750138Z Download action repository 'actions/checkout@v4' (SHA:34e114876b0b11c390a56381ad16ebd13914f8d5)
Linux Desktop Tests (5)	UNKNOWN STEP	2026-02-25T19:48:13.9211605Z Download action repository 'subosito/flutter-action@v2' (SHA:fd55f4c5af5b953cc57a2be44cb082c8f6635e8e)
Linux Desktop Tests (5)	UNKNOWN STEP	2026-02-25T19:48:14.4435862Z Getting action download info
Linux Desktop Tests (5)	UNKNOWN STEP	2026-02-25T19:48:14.5808290Z Download action repository 'actions/cache@v4' (SHA:0057852bfaa89a56745cba8c7296529d2fc39830)
Linux Desktop Tests (5)	UNKNOWN STEP	2026-02-25T19:48:14.7228294Z Complete job name: Linux Desktop Tests (5)
Linux Desktop Tests (5)	UNKNOWN STEP	2026-02-25T19:48:14.8000563Z ##[group]Run actions/checkout@v4
Linux Desktop Tests (5)	UNKNOWN STEP	2026-02-25T19:48:14.8001682Z with:
Linux Desktop Tests (5)	UNKNOWN STEP	2026-02-25T19:48:14.8002137Z   repository: floffel/substitution
Linux Desktop Tests (5)	UNKNOWN STEP	2026-02-25T19:48:14.8002858Z   token: ***
Linux Desktop Tests (5)	UNKNOWN STEP	2026-02-25T19:48:14.8003277Z   ssh-strict: true
Linux Desktop Tests (5)	UNKNOWN STEP	2026-02-25T19:48:14.8003701Z   ssh-user: git
Linux Desktop Tests (5)	UNKNOWN STEP	2026-02-25T19:48:14.8004130Z   persist-credentials: true
Linux Desktop Tests (5)	UNKNOWN STEP	2026-02-25T19:48:14.8004607Z   clean: true
Linux Desktop Tests (5)	UNKNOWN STEP	2026-02-25T19:48:14.8005051Z   sparse-checkout-cone-mode: true
Linux Desktop Tests (5)	UNKNOWN STEP	2026-02-25T19:48:14.8005579Z   fetch-depth: 1
Linux Desktop Tests (5)	UNKNOWN STEP	2026-02-25T19:48:14.8006002Z   fetch-tags: false
Linux Desktop Tests (5)	UNKNOWN STEP	2026-02-25T19:48:14.8006441Z   show-progress: true
Linux Desktop Tests (5)	UNKNOWN STEP	2026-02-25T19:48:14.8006867Z   lfs: false
Linux Desktop Tests (5)	UNKNOWN STEP	2026-02-25T19:48:14.8007290Z   submodules: false
Linux Desktop Tests (5)	UNKNOWN STEP	2026-02-25T19:48:14.8007738Z   set-safe-directory: true
Linux Desktop Tests (5)	UNKNOWN STEP	2026-02-25T19:48:14.8008414Z env:
Linux Desktop Tests (5)	UNKNOWN STEP	2026-02-25T19:48:14.8008816Z   CACHE_VERSION: v1
Linux Desktop Tests (5)	UNKNOWN STEP	2026-02-25T19:48:14.8009251Z ##[endgroup]
Linux Desktop Tests (5)	UNKNOWN STEP	2026-02-25T19:48:14.9153197Z Syncing repository: floffel/substitution
Linux Desktop Tests (5)	UNKNOWN STEP	2026-02-25T19:48:14.9156014Z ##[group]Getting Git version info
Linux Desktop Tests (5)	UNKNOWN STEP	2026-02-25T19:48:14.9157413Z Working directory is '/home/runner/work/substitution/substitution'
Linux Desktop Tests (5)	UNKNOWN STEP	2026-02-25T19:48:14.9159176Z [command]/usr/bin/git version
Linux Desktop Tests (5)	UNKNOWN STEP	2026-02-25T19:48:14.9238131Z git version 2.53.0
Linux Desktop Tests (5)	UNKNOWN STEP	2026-02-25T19:48:14.9264640Z ##[endgroup]
Linux Desktop Tests (5)	UNKNOWN STEP	2026-02-25T19:48:14.9278646Z Temporarily overriding HOME='/home/runner/work/_temp/e33ecfb6-e7ff-4f17-8a9f-6d4c2f043bf7' before making global git config changes
Linux Desktop Tests (5)	UNKNOWN STEP	2026-02-25T19:48:14.9280245Z Adding repository directory to the temporary git global config as a safe directory
Linux Desktop Tests (5)	UNKNOWN STEP	2026-02-25T19:48:14.9284139Z [command]/usr/bin/git config --global --add safe.directory /home/runner/work/substitution/substitution
Linux Desktop Tests (5)	UNKNOWN STEP	2026-02-25T19:48:14.9323751Z Deleting the contents of '/home/runner/work/substitution/substitution'
Linux Desktop Tests (5)	UNKNOWN STEP	2026-02-25T19:48:14.9327963Z ##[group]Initializing the repository
Linux Desktop Tests (5)	UNKNOWN STEP	2026-02-25T19:48:14.9332263Z [command]/usr/bin/git init /home/runner/work/substitution/substitution
Linux Desktop Tests (5)	UNKNOWN STEP	2026-02-25T19:48:14.9441882Z hint: Using 'master' as the name for the initial branch. This default branch name
Linux Desktop Tests (5)	UNKNOWN STEP	2026-02-25T19:48:14.9443892Z hint: will change to "main" in Git 3.0. To configure the initial branch name
Linux Desktop Tests (5)	UNKNOWN STEP	2026-02-25T19:48:14.9445614Z hint: to use in all of your new repositories, which will suppress this warning,
Linux Desktop Tests (5)	UNKNOWN STEP	2026-02-25T19:48:14.9447019Z hint: call:
Linux Desktop Tests (5)	UNKNOWN STEP	2026-02-25T19:48:14.9447657Z hint:
Linux Desktop Tests (5)	UNKNOWN STEP	2026-02-25T19:48:14.9448350Z hint: 	git config --global init.defaultBranch <name>
Linux Desktop Tests (5)	UNKNOWN STEP	2026-02-25T19:48:14.9448998Z hint:
Linux Desktop Tests (5)	UNKNOWN STEP	2026-02-25T19:48:14.9449606Z hint: Names commonly chosen instead of 'master' are 'main', 'trunk' and
Linux Desktop Tests (5)	UNKNOWN STEP	2026-02-25T19:48:14.9450664Z hint: 'development'. The just-created branch can be renamed via this command:
Linux Desktop Tests (5)	UNKNOWN STEP	2026-02-25T19:48:14.9451875Z hint:
Linux Desktop Tests (5)	UNKNOWN STEP	2026-02-25T19:48:14.9452300Z hint: 	git branch -m <name>
Linux Desktop Tests (5)	UNKNOWN STEP	2026-02-25T19:48:14.9452868Z hint:
Linux Desktop Tests (5)	UNKNOWN STEP	2026-02-25T19:48:14.9453982Z hint: Disable this message with "git config set advice.defaultBranchName false"
Linux Desktop Tests (5)	UNKNOWN STEP	2026-02-25T19:48:14.9455211Z Initialized empty Git repository in /home/runner/work/substitution/substitution/.git/
Linux Desktop Tests (5)	UNKNOWN STEP	2026-02-25T19:48:14.9459663Z [command]/usr/bin/git remote add origin https://github.com/floffel/substitution
Linux Desktop Tests (5)	UNKNOWN STEP	2026-02-25T19:48:14.9497236Z ##[endgroup]
Linux Desktop Tests (5)	UNKNOWN STEP	2026-02-25T19:48:14.9498028Z ##[group]Disabling automatic garbage collection
Linux Desktop Tests (5)	UNKNOWN STEP	2026-02-25T19:48:14.9500729Z [command]/usr/bin/git config --local gc.auto 0
Linux Desktop Tests (5)	UNKNOWN STEP	2026-02-25T19:48:14.9530009Z ##[endgroup]
Linux Desktop Tests (5)	UNKNOWN STEP	2026-02-25T19:48:14.9530728Z ##[group]Setting up auth
Linux Desktop Tests (5)	UNKNOWN STEP	2026-02-25T19:48:14.9536857Z [command]/usr/bin/git config --local --name-only --get-regexp core\.sshCommand
Linux Desktop Tests (5)	UNKNOWN STEP	2026-02-25T19:48:14.9567619Z [command]/usr/bin/git submodule foreach --recursive sh -c "git config --local --name-only --get-regexp 'core\.sshCommand' && git config --local --unset-all 'core.sshCommand' || :"
Linux Desktop Tests (5)	UNKNOWN STEP	2026-02-25T19:48:14.9927551Z [command]/usr/bin/git config --local --name-only --get-regexp http\.https\:\/\/github\.com\/\.extraheader
Linux Desktop Tests (5)	UNKNOWN STEP	2026-02-25T19:48:14.9963358Z [command]/usr/bin/git submodule foreach --recursive sh -c "git config --local --name-only --get-regexp 'http\.https\:\/\/github\.com\/\.extraheader' && git config --local --unset-all 'http.https://github.com/.extraheader' || :"
Linux Desktop Tests (5)	UNKNOWN STEP	2026-02-25T19:48:15.0214718Z [command]/usr/bin/git config --local --name-only --get-regexp ^includeIf\.gitdir:
Linux Desktop Tests (5)	UNKNOWN STEP	2026-02-25T19:48:15.0258164Z [command]/usr/bin/git submodule foreach --recursive git config --local --show-origin --name-only --get-regexp remote.origin.url
Linux Desktop Tests (5)	UNKNOWN STEP	2026-02-25T19:48:15.0510229Z [command]/usr/bin/git config --local http.https://github.com/.extraheader AUTHORIZATION: basic ***
Linux Desktop Tests (5)	UNKNOWN STEP	2026-02-25T19:48:15.0547510Z ##[endgroup]
Linux Desktop Tests (5)	UNKNOWN STEP	2026-02-25T19:48:15.0548929Z ##[group]Fetching the repository
Linux Desktop Tests (5)	UNKNOWN STEP	2026-02-25T19:48:15.0558095Z [command]/usr/bin/git -c protocol.version=2 fetch --no-tags --prune --no-recurse-submodules --depth=1 origin +0408461b08eee1bbe2c516702bd1813b916d3e4c:refs/remotes/pull/1/merge
Linux Desktop Tests (5)	UNKNOWN STEP	2026-02-25T19:48:16.2147076Z From https://github.com/floffel/substitution
Linux Desktop Tests (5)	UNKNOWN STEP	2026-02-25T19:48:16.2150604Z  * [new ref]         0408461b08eee1bbe2c516702bd1813b916d3e4c -> pull/1/merge
Linux Desktop Tests (5)	UNKNOWN STEP	2026-02-25T19:48:16.2185033Z ##[endgroup]
Linux Desktop Tests (5)	UNKNOWN STEP	2026-02-25T19:48:16.2186415Z ##[group]Determining the checkout info
Linux Desktop Tests (5)	UNKNOWN STEP	2026-02-25T19:48:16.2187843Z ##[endgroup]
Linux Desktop Tests (5)	UNKNOWN STEP	2026-02-25T19:48:16.2193088Z [command]/usr/bin/git sparse-checkout disable
Linux Desktop Tests (5)	UNKNOWN STEP	2026-02-25T19:48:16.2240143Z [command]/usr/bin/git config --local --unset-all extensions.worktreeConfig
Linux Desktop Tests (5)	UNKNOWN STEP	2026-02-25T19:48:16.2271173Z ##[group]Checking out the ref
Linux Desktop Tests (5)	UNKNOWN STEP	2026-02-25T19:48:16.2275958Z [command]/usr/bin/git checkout --progress --force refs/remotes/pull/1/merge
Linux Desktop Tests (5)	UNKNOWN STEP	2026-02-25T19:48:16.5136018Z Note: switching to 'refs/remotes/pull/1/merge'.
Linux Desktop Tests (5)	UNKNOWN STEP	2026-02-25T19:48:16.5137275Z 
Linux Desktop Tests (5)	UNKNOWN STEP	2026-02-25T19:48:16.5138132Z You are in 'detached HEAD' state. You can look around, make experimental
Linux Desktop Tests (5)	UNKNOWN STEP	2026-02-25T19:48:16.5140310Z changes and commit them, and you can discard any commits you make in this
Linux Desktop Tests (5)	UNKNOWN STEP	2026-02-25T19:48:16.5142372Z state without impacting any branches by switching back to a branch.
Linux Desktop Tests (5)	UNKNOWN STEP	2026-02-25T19:48:16.5143375Z 
Linux Desktop Tests (5)	UNKNOWN STEP	2026-02-25T19:48:16.5144018Z If you want to create a new branch to retain commits you create, you may
Linux Desktop Tests (5)	UNKNOWN STEP	2026-02-25T19:48:16.5146012Z do so (now or later) by using -c with the switch command. Example:
Linux Desktop Tests (5)	UNKNOWN STEP	2026-02-25T19:48:16.5147048Z 
Linux Desktop Tests (5)	UNKNOWN STEP	2026-02-25T19:48:16.5147595Z   git switch -c <new-branch-name>
Linux Desktop Tests (5)	UNKNOWN STEP	2026-02-25T19:48:16.5148574Z 
Linux Desktop Tests (5)	UNKNOWN STEP	2026-02-25T19:48:16.5149154Z Or undo this operation with:
Linux Desktop Tests (5)	UNKNOWN STEP	2026-02-25T19:48:16.5150070Z 
Linux Desktop Tests (5)	UNKNOWN STEP	2026-02-25T19:48:16.5150541Z   git switch -
Linux Desktop Tests (5)	UNKNOWN STEP	2026-02-25T19:48:16.5151415Z 
Linux Desktop Tests (5)	UNKNOWN STEP	2026-02-25T19:48:16.5152606Z Turn off this advice by setting config variable advice.detachedHead to false
Linux Desktop Tests (5)	UNKNOWN STEP	2026-02-25T19:48:16.5154378Z 
Linux Desktop Tests (5)	UNKNOWN STEP	2026-02-25T19:48:16.5156381Z HEAD is now at 0408461 Merge 86c2f4a4443179a61e99b4f5d2c467a0f9c43a72 into 74cc852017b0f1fdeb37326726f5fee7effe2248
Linux Desktop Tests (5)	UNKNOWN STEP	2026-02-25T19:48:16.5163127Z ##[endgroup]
Linux Desktop Tests (5)	UNKNOWN STEP	2026-02-25T19:48:16.5199219Z [command]/usr/bin/git log -1 --format=%H
Linux Desktop Tests (5)	UNKNOWN STEP	2026-02-25T19:48:16.5225074Z 0408461b08eee1bbe2c516702bd1813b916d3e4c
Linux Desktop Tests (5)	UNKNOWN STEP	2026-02-25T19:48:16.5535916Z ##[group]Run sudo apt-get update -q
Linux Desktop Tests (5)	UNKNOWN STEP	2026-02-25T19:48:16.5537263Z [36;1msudo apt-get update -q[0m
Linux Desktop Tests (5)	UNKNOWN STEP	2026-02-25T19:48:16.5538416Z [36;1msudo apt-get install -y \[0m
Linux Desktop Tests (5)	UNKNOWN STEP	2026-02-25T19:48:16.5539711Z [36;1m  clang cmake ninja-build pkg-config \[0m
Linux Desktop Tests (5)	UNKNOWN STEP	2026-02-25T19:48:16.5541464Z [36;1m  libgtk-3-dev liblzma-dev libstdc++-12-dev \[0m
Linux Desktop Tests (5)	UNKNOWN STEP	2026-02-25T19:48:16.5543113Z [36;1m  libsecret-1-dev libjsoncpp-dev libsqlite3-dev \[0m
Linux Desktop Tests (5)	UNKNOWN STEP	2026-02-25T19:48:16.5544853Z [36;1m  libgl1-mesa-dev libegl1-mesa-dev libgles2-mesa-dev \[0m
Linux Desktop Tests (5)	UNKNOWN STEP	2026-02-25T19:48:16.5546568Z [36;1m  libblkid-dev libdbus-1-dev libatk1.0-dev \[0m
Linux Desktop Tests (5)	UNKNOWN STEP	2026-02-25T19:48:16.5547888Z [36;1m  xvfb[0m
Linux Desktop Tests (5)	UNKNOWN STEP	2026-02-25T19:48:16.5608042Z shell: /usr/bin/bash -e {0}
Linux Desktop Tests (5)	UNKNOWN STEP	2026-02-25T19:48:16.5609121Z env:
Linux Desktop Tests (5)	UNKNOWN STEP	2026-02-25T19:48:16.5609899Z   CACHE_VERSION: v1
Linux Desktop Tests (5)	UNKNOWN STEP	2026-02-25T19:48:16.5610781Z ##[endgroup]
Linux Desktop Tests (5)	UNKNOWN STEP	2026-02-25T19:48:16.6486843Z Get:1 file:/etc/apt/apt-mirrors.txt Mirrorlist [144 B]
Linux Desktop Tests (5)	UNKNOWN STEP	2026-02-25T19:48:16.6880393Z Hit:6 https://packages.microsoft.com/repos/azure-cli noble InRelease
Linux Desktop Tests (5)	UNKNOWN STEP	2026-02-25T19:48:16.6892296Z Get:7 https://packages.microsoft.com/ubuntu/24.04/prod noble InRelease [3600 B]
Linux Desktop Tests (5)	UNKNOWN STEP	2026-02-25T19:48:16.7947587Z Hit:2 http://azure.archive.ubuntu.com/ubuntu noble InRelease
Linux Desktop Tests (5)	UNKNOWN STEP	2026-02-25T19:48:16.7958234Z Get:3 http://azure.archive.ubuntu.com/ubuntu noble-updates InRelease [126 kB]
Linux Desktop Tests (5)	UNKNOWN STEP	2026-02-25T19:48:16.7990488Z Get:4 http://azure.archive.ubuntu.com/ubuntu noble-backports InRelease [126 kB]
Linux Desktop Tests (5)	UNKNOWN STEP	2026-02-25T19:48:16.8010255Z Get:5 http://azure.archive.ubuntu.com/ubuntu noble-security InRelease [126 kB]
Linux Desktop Tests (5)	UNKNOWN STEP	2026-02-25T19:48:16.8206400Z Get:8 https://packages.microsoft.com/ubuntu/24.04/prod noble/main armhf Packages [11.4 kB]
Linux Desktop Tests (5)	UNKNOWN STEP	2026-02-25T19:48:16.8321916Z Get:9 https://packages.microsoft.com/ubuntu/24.04/prod noble/main amd64 Packages [96.0 kB]
Linux Desktop Tests (5)	UNKNOWN STEP	2026-02-25T19:48:16.8365817Z Get:10 https://packages.microsoft.com/ubuntu/24.04/prod noble/main arm64 Packages [74.9 kB]
Linux Desktop Tests (5)	UNKNOWN STEP	2026-02-25T19:48:16.9328603Z Get:11 http://azure.archive.ubuntu.com/ubuntu noble-updates/main amd64 Packages [1800 kB]
Linux Desktop Tests (5)	UNKNOWN STEP	2026-02-25T19:48:16.9473781Z Get:12 http://azure.archive.ubuntu.com/ubuntu noble-updates/main Translation-en [331 kB]
Linux Desktop Tests (5)	UNKNOWN STEP	2026-02-25T19:48:16.9524724Z Get:13 http://azure.archive.ubuntu.com/ubuntu noble-updates/main amd64 Components [175 kB]
Linux Desktop Tests (5)	UNKNOWN STEP	2026-02-25T19:48:16.9536256Z Get:14 http://azure.archive.ubuntu.com/ubuntu noble-updates/main amd64 c-n-f Metadata [16.5 kB]
Linux Desktop Tests (5)	UNKNOWN STEP	2026-02-25T19:48:16.9540503Z Get:15 http://azure.archive.ubuntu.com/ubuntu noble-updates/universe amd64 Packages [1557 kB]
Linux Desktop Tests (5)	UNKNOWN STEP	2026-02-25T19:48:16.9683706Z Get:16 http://azure.archive.ubuntu.com/ubuntu noble-updates/universe Translation-en [316 kB]
Linux Desktop Tests (5)	UNKNOWN STEP	2026-02-25T19:48:16.9699917Z Get:17 http://azure.archive.ubuntu.com/ubuntu noble-updates/universe amd64 Components [386 kB]
Linux Desktop Tests (5)	UNKNOWN STEP	2026-02-25T19:48:16.9740096Z Get:18 http://azure.archive.ubuntu.com/ubuntu noble-updates/universe amd64 c-n-f Metadata [32.7 kB]
Linux Desktop Tests (5)	UNKNOWN STEP	2026-02-25T19:48:16.9752379Z Get:19 http://azure.archive.ubuntu.com/ubuntu noble-updates/restricted amd64 Packages [2735 kB]
Linux Desktop Tests (5)	UNKNOWN STEP	2026-02-25T19:48:16.9927400Z Get:20 http://azure.archive.ubuntu.com/ubuntu noble-updates/restricted Translation-en [630 kB]
Linux Desktop Tests (5)	UNKNOWN STEP	2026-02-25T19:48:17.0415761Z Get:21 http://azure.archive.ubuntu.com/ubuntu noble-updates/restricted amd64 Components [212 B]
Linux Desktop Tests (5)	UNKNOWN STEP	2026-02-25T19:48:17.0421202Z Get:22 http://azure.archive.ubuntu.com/ubuntu noble-updates/multiverse amd64 Components [940 B]
Linux Desktop Tests (5)	UNKNOWN STEP	2026-02-25T19:48:17.0438185Z Get:23 http://azure.archive.ubuntu.com/ubuntu noble-backports/main amd64 Components [7296 B]
Linux Desktop Tests (5)	UNKNOWN STEP	2026-02-25T19:48:17.0444872Z Get:24 http://azure.archive.ubuntu.com/ubuntu noble-backports/universe amd64 Components [10.5 kB]
Linux Desktop Tests (5)	UNKNOWN STEP	2026-02-25T19:48:17.0459330Z Get:25 http://azure.archive.ubuntu.com/ubuntu noble-backports/restricted amd64 Components [216 B]
Linux Desktop Tests (5)	UNKNOWN STEP	2026-02-25T19:48:17.0465250Z Get:26 http://azure.archive.ubuntu.com/ubuntu noble-backports/multiverse amd64 Components [212 B]
Linux Desktop Tests (5)	UNKNOWN STEP	2026-02-25T19:48:17.0825641Z Get:27 http://azure.archive.ubuntu.com/ubuntu noble-security/main amd64 Packages [1491 kB]
Linux Desktop Tests (5)	UNKNOWN STEP	2026-02-25T19:48:17.0920588Z Get:28 http://azure.archive.ubuntu.com/ubuntu noble-security/main Translation-en [239 kB]
Linux Desktop Tests (5)	UNKNOWN STEP	2026-02-25T19:48:17.0939409Z Get:29 http://azure.archive.ubuntu.com/ubuntu noble-security/main amd64 Components [21.5 kB]
Linux Desktop Tests (5)	UNKNOWN STEP	2026-02-25T19:48:17.0948701Z Get:30 http://azure.archive.ubuntu.com/ubuntu noble-security/main amd64 c-n-f Metadata [9932 B]
Linux Desktop Tests (5)	UNKNOWN STEP	2026-02-25T19:48:17.0958565Z Get:31 http://azure.archive.ubuntu.com/ubuntu noble-security/universe amd64 Packages [936 kB]
Linux Desktop Tests (5)	UNKNOWN STEP	2026-02-25T19:48:17.1031158Z Get:32 http://azure.archive.ubuntu.com/ubuntu noble-security/universe Translation-en [216 kB]
Linux Desktop Tests (5)	UNKNOWN STEP	2026-02-25T19:48:17.1050517Z Get:33 http://azure.archive.ubuntu.com/ubuntu noble-security/universe amd64 Components [74.2 kB]
Linux Desktop Tests (5)	UNKNOWN STEP	2026-02-25T19:48:17.1062381Z Get:34 http://azure.archive.ubuntu.com/ubuntu noble-security/universe amd64 c-n-f Metadata [20.1 kB]
Linux Desktop Tests (5)	UNKNOWN STEP	2026-02-25T19:48:17.1523563Z Get:35 http://azure.archive.ubuntu.com/ubuntu noble-security/restricted amd64 Packages [2557 kB]
Linux Desktop Tests (5)	UNKNOWN STEP	2026-02-25T19:48:17.1664920Z Get:36 http://azure.archive.ubuntu.com/ubuntu noble-security/restricted Translation-en [594 kB]
Linux Desktop Tests (5)	UNKNOWN STEP	2026-02-25T19:48:17.1703589Z Get:37 http://azure.archive.ubuntu.com/ubuntu noble-security/restricted amd64 Components [212 B]
Linux Desktop Tests (5)	UNKNOWN STEP	2026-02-25T19:48:17.1713728Z Get:38 http://azure.archive.ubuntu.com/ubuntu noble-security/multiverse amd64 Components [212 B]
Linux Desktop Tests (5)	UNKNOWN STEP	2026-02-25T19:48:22.8844913Z Fetched 14.7 MB in 2s (8247 kB/s)
Linux Desktop Tests (5)	UNKNOWN STEP	2026-02-25T19:48:23.7582138Z Reading package lists...
Linux Desktop Tests (5)	UNKNOWN STEP	2026-02-25T19:48:23.7932199Z Reading package lists...
Linux Desktop Tests (5)	UNKNOWN STEP	2026-02-25T19:48:24.0259467Z Building dependency tree...
Linux Desktop Tests (5)	UNKNOWN STEP	2026-02-25T19:48:24.0267576Z Reading state information...
Linux Desktop Tests (5)	UNKNOWN STEP	2026-02-25T19:48:24.2423811Z pkg-config is already the newest version (1.8.1-2build1).
Linux Desktop Tests (5)	UNKNOWN STEP	2026-02-25T19:48:24.2424817Z libstdc++-12-dev is already the newest version (12.4.0-2ubuntu1~24.04.1).
Linux Desktop Tests (5)	UNKNOWN STEP	2026-02-25T19:48:24.2425439Z libstdc++-12-dev set to manually installed.
Linux Desktop Tests (5)	UNKNOWN STEP	2026-02-25T19:48:24.2425986Z libsqlite3-dev is already the newest version (3.45.1-1ubuntu2.5).
Linux Desktop Tests (5)	UNKNOWN STEP	2026-02-25T19:48:24.2426620Z xvfb is already the newest version (2:21.1.12-1ubuntu1.5).
Linux Desktop Tests (5)	UNKNOWN STEP	2026-02-25T19:48:24.2427233Z The following additional packages will be installed:
Linux Desktop Tests (5)	UNKNOWN STEP	2026-02-25T19:48:24.2427900Z   bzip2-doc cmake-data gir1.2-atk-1.0 gir1.2-atspi-2.0 gir1.2-freedesktop
Linux Desktop Tests (5)	UNKNOWN STEP	2026-02-25T19:48:24.2428676Z   gir1.2-freedesktop-dev gir1.2-gdkpixbuf-2.0 gir1.2-glib-2.0
Linux Desktop Tests (5)	UNKNOWN STEP	2026-02-25T19:48:24.2429363Z   gir1.2-glib-2.0-dev gir1.2-gtk-3.0 gir1.2-harfbuzz-0.0 gir1.2-pango-1.0
Linux Desktop Tests (5)	UNKNOWN STEP	2026-02-25T19:48:24.2431914Z   gir1.2-secret-1 libatk-bridge2.0-dev libatspi2.0-dev libbrotli-dev
Linux Desktop Tests (5)	UNKNOWN STEP	2026-02-25T19:48:24.2432974Z   libbz2-dev libcairo-script-interpreter2 libcairo2-dev libdatrie-dev
Linux Desktop Tests (5)	UNKNOWN STEP	2026-02-25T19:48:24.2433760Z   libdeflate-dev libegl-dev libegl-mesa0 libegl1 libepoxy-dev
Linux Desktop Tests (5)	UNKNOWN STEP	2026-02-25T19:48:24.2434503Z   libfontconfig-dev libfreetype-dev libfribidi-dev libgcrypt20-dev
Linux Desktop Tests (5)	UNKNOWN STEP	2026-02-25T19:48:24.2435337Z   libgdk-pixbuf-2.0-dev libgdk-pixbuf2.0-bin libgirepository-2.0-0 libgl-dev
Linux Desktop Tests (5)	UNKNOWN STEP	2026-02-25T19:48:24.2436219Z   libgles-dev libgles1 libgles2 libglib2.0-0t64 libglib2.0-bin libglib2.0-data
Linux Desktop Tests (5)	UNKNOWN STEP	2026-02-25T19:48:24.2437154Z   libglib2.0-dev libglib2.0-dev-bin libglvnd-core-dev libglvnd-dev libglx-dev
Linux Desktop Tests (5)	UNKNOWN STEP	2026-02-25T19:48:24.2438000Z   libgpg-error-dev libgraphite2-dev libharfbuzz-cairo0 libharfbuzz-dev
Linux Desktop Tests (5)	UNKNOWN STEP	2026-02-25T19:48:24.2438833Z   libharfbuzz-gobject0 libharfbuzz-icu0 libharfbuzz-subset0 libice-dev
Linux Desktop Tests (5)	UNKNOWN STEP	2026-02-25T19:48:24.2440178Z   libjbig-dev libjpeg-dev libjpeg-turbo8-dev libjpeg8-dev libjsoncpp25
Linux Desktop Tests (5)	UNKNOWN STEP	2026-02-25T19:48:24.2443790Z   liblerc-dev libmount-dev libopengl-dev libopengl0 libpango1.0-dev
Linux Desktop Tests (5)	UNKNOWN STEP	2026-02-25T19:48:24.2444746Z   libpangoxft-1.0-0 libpixman-1-dev libpng-dev libpng-tools libpng16-16t64
Linux Desktop Tests (5)	UNKNOWN STEP	2026-02-25T19:48:24.2445681Z   libpthread-stubs0-dev librhash0 libsecret-1-0 libsecret-common
Linux Desktop Tests (5)	UNKNOWN STEP	2026-02-25T19:48:24.2446493Z   libselinux1-dev libsepol-dev libsharpyuv-dev libsm-dev libthai-dev
Linux Desktop Tests (5)	UNKNOWN STEP	2026-02-25T19:48:24.2447346Z   libtiff-dev libtiffxx6 libwayland-bin libwayland-dev libwayland-server0
Linux Desktop Tests (5)	UNKNOWN STEP	2026-02-25T19:48:24.2448396Z   libwebp-dev libwebpdecoder3 libx11-dev libxau-dev libxcb-render0-dev
Linux Desktop Tests (5)	UNKNOWN STEP	2026-02-25T19:48:24.2449763Z   libxcb-shm0-dev libxcb1-dev libxcomposite-dev libxcursor-dev libxdamage-dev
Linux Desktop Tests (5)	UNKNOWN STEP	2026-02-25T19:48:24.2450860Z   libxdmcp-dev libxext-dev libxfixes-dev libxft-dev libxi-dev libxinerama-dev
Linux Desktop Tests (5)	UNKNOWN STEP	2026-02-25T19:48:24.2451952Z   libxkbcommon-dev libxrandr-dev libxrender-dev libxtst-dev pango1.0-tools
Linux Desktop Tests (5)	UNKNOWN STEP	2026-02-25T19:48:24.2452875Z   uuid-dev wayland-protocols x11proto-dev xorg-sgml-doctools xtrans-dev
Linux Desktop Tests (5)	UNKNOWN STEP	2026-02-25T19:48:24.2456498Z Suggested packages:
Linux Desktop Tests (5)	UNKNOWN STEP	2026-02-25T19:48:24.2456997Z   cmake-doc cmake-format elpa-cmake-mode libcairo2-doc libdatrie-doc
Linux Desktop Tests (5)	UNKNOWN STEP	2026-02-25T19:48:24.2457857Z   freetype2-doc libgcrypt20-doc low-memory-monitor libglib2.0-doc
Linux Desktop Tests (5)	UNKNOWN STEP	2026-02-25T19:48:24.2458684Z   libxml2-utils libgraphite2-utils libgtk-3-doc libice-doc liblzma-doc
Linux Desktop Tests (5)	UNKNOWN STEP	2026-02-25T19:48:24.2459552Z   libpango1.0-doc libsm-doc libthai-doc libwayland-doc libx11-doc libxcb-doc
Linux Desktop Tests (5)	UNKNOWN STEP	2026-02-25T19:48:24.2460237Z   libxext-doc graphicsmagick
Linux Desktop Tests (5)	UNKNOWN STEP	2026-02-25T19:48:24.3078139Z The following NEW packages will be installed:
Linux Desktop Tests (5)	UNKNOWN STEP	2026-02-25T19:48:24.3078724Z   bzip2-doc clang cmake cmake-data gir1.2-atk-1.0 gir1.2-atspi-2.0
Linux Desktop Tests (5)	UNKNOWN STEP	2026-02-25T19:48:24.3079302Z   gir1.2-freedesktop gir1.2-freedesktop-dev gir1.2-gdkpixbuf-2.0
Linux Desktop Tests (5)	UNKNOWN STEP	2026-02-25T19:48:24.3080031Z   gir1.2-glib-2.0-dev gir1.2-gtk-3.0 gir1.2-harfbuzz-0.0 gir1.2-pango-1.0
Linux Desktop Tests (5)	UNKNOWN STEP	2026-02-25T19:48:24.3081188Z   gir1.2-secret-1 libatk-bridge2.0-dev libatk1.0-dev libatspi2.0-dev
Linux Desktop Tests (5)	UNKNOWN STEP	2026-02-25T19:48:24.3081835Z   libblkid-dev libbrotli-dev libbz2-dev libcairo-script-interpreter2
Linux Desktop Tests (5)	UNKNOWN STEP	2026-02-25T19:48:24.3082913Z   libcairo2-dev libdatrie-dev libdbus-1-dev libdeflate-dev libegl-dev
Linux Desktop Tests (5)	UNKNOWN STEP	2026-02-25T19:48:24.3083568Z   libegl-mesa0 libegl1 libegl1-mesa-dev libepoxy-dev libfontconfig-dev
Linux Desktop Tests (5)	UNKNOWN STEP	2026-02-25T19:48:24.3084362Z   libfreetype-dev libfribidi-dev libgcrypt20-dev libgdk-pixbuf-2.0-dev
Linux Desktop Tests (5)	UNKNOWN STEP	2026-02-25T19:48:24.3085059Z   libgdk-pixbuf2.0-bin libgirepository-2.0-0 libgl-dev libgl1-mesa-dev
Linux Desktop Tests (5)	UNKNOWN STEP	2026-02-25T19:48:24.3085714Z   libgles-dev libgles1 libgles2 libgles2-mesa-dev libglib2.0-dev
Linux Desktop Tests (5)	UNKNOWN STEP	2026-02-25T19:48:24.3086337Z   libglib2.0-dev-bin libglvnd-core-dev libglvnd-dev libglx-dev
Linux Desktop Tests (5)	UNKNOWN STEP	2026-02-25T19:48:24.3087006Z   libgpg-error-dev libgraphite2-dev libgtk-3-dev libharfbuzz-cairo0
Linux Desktop Tests (5)	UNKNOWN STEP	2026-02-25T19:48:24.3087762Z   libharfbuzz-dev libharfbuzz-gobject0 libharfbuzz-icu0 libharfbuzz-subset0
Linux Desktop Tests (5)	UNKNOWN STEP	2026-02-25T19:48:24.3088525Z   libice-dev libjbig-dev libjpeg-dev libjpeg-turbo8-dev libjpeg8-dev
Linux Desktop Tests (5)	UNKNOWN STEP	2026-02-25T19:48:24.3089308Z   libjsoncpp-dev libjsoncpp25 liblerc-dev liblzma-dev libmount-dev
Linux Desktop Tests (5)	UNKNOWN STEP	2026-02-25T19:48:24.3090143Z   libopengl-dev libopengl0 libpango1.0-dev libpangoxft-1.0-0 libpixman-1-dev
Linux Desktop Tests (5)	UNKNOWN STEP	2026-02-25T19:48:24.3091240Z   libpng-dev libpng-tools libpthread-stubs0-dev librhash0 libsecret-1-0
Linux Desktop Tests (5)	UNKNOWN STEP	2026-02-25T19:48:24.3092003Z   libsecret-1-dev libsecret-common libselinux1-dev libsepol-dev
Linux Desktop Tests (5)	UNKNOWN STEP	2026-02-25T19:48:24.3092822Z   libsharpyuv-dev libsm-dev libthai-dev libtiff-dev libtiffxx6 libwayland-bin
Linux Desktop Tests (5)	UNKNOWN STEP	2026-02-25T19:48:24.3093768Z   libwayland-dev libwayland-server0 libwebp-dev libwebpdecoder3 libx11-dev
Linux Desktop Tests (5)	UNKNOWN STEP	2026-02-25T19:48:24.3094677Z   libxau-dev libxcb-render0-dev libxcb-shm0-dev libxcb1-dev libxcomposite-dev
Linux Desktop Tests (5)	UNKNOWN STEP	2026-02-25T19:48:24.3095561Z   libxcursor-dev libxdamage-dev libxdmcp-dev libxext-dev libxfixes-dev
Linux Desktop Tests (5)	UNKNOWN STEP	2026-02-25T19:48:24.3096361Z   libxft-dev libxi-dev libxinerama-dev libxkbcommon-dev libxrandr-dev
Linux Desktop Tests (5)	UNKNOWN STEP	2026-02-25T19:48:24.3097403Z   libxrender-dev libxtst-dev ninja-build pango1.0-tools uuid-dev
Linux Desktop Tests (5)	UNKNOWN STEP	2026-02-25T19:48:24.3099547Z   wayland-protocols x11proto-dev xorg-sgml-doctools xtrans-dev
Linux Desktop Tests (5)	UNKNOWN STEP	2026-02-25T19:48:24.3105769Z The following packages will be upgraded:
Linux Desktop Tests (5)	UNKNOWN STEP	2026-02-25T19:48:24.3109245Z   gir1.2-glib-2.0 libglib2.0-0t64 libglib2.0-bin libglib2.0-data
Linux Desktop Tests (5)	UNKNOWN STEP	2026-02-25T19:48:24.3115799Z   libpng16-16t64
Linux Desktop Tests (5)	UNKNOWN STEP	2026-02-25T19:48:24.3343843Z 5 upgraded, 115 newly installed, 0 to remove and 27 not upgraded.
Linux Desktop Tests (5)	UNKNOWN STEP	2026-02-25T19:48:24.3344352Z Need to get 30.4 MB of archives.
Linux Desktop Tests (5)	UNKNOWN STEP	2026-02-25T19:48:24.3344788Z After this operation, 139 MB of additional disk space will be used.
Linux Desktop Tests (5)	UNKNOWN STEP	2026-02-25T19:48:24.3345188Z Get:1 file:/etc/apt/apt-mirrors.txt Mirrorlist [144 B]
Linux Desktop Tests (5)	UNKNOWN STEP	2026-02-25T19:48:24.3877442Z Get:2 http://azure.archive.ubuntu.com/ubuntu noble-updates/main amd64 libglib2.0-data all 2.80.0-6ubuntu3.8 [49.6 kB]
Linux Desktop Tests (5)	UNKNOWN STEP	2026-02-25T19:48:24.4265021Z Get:3 http://azure.archive.ubuntu.com/ubuntu noble-updates/main amd64 libglib2.0-bin amd64 2.80.0-6ubuntu3.8 [97.9 kB]
Linux Desktop Tests (5)	UNKNOWN STEP	2026-02-25T19:48:24.4645304Z Get:4 http://azure.archive.ubuntu.com/ubuntu noble-updates/main amd64 gir1.2-glib-2.0 amd64 2.80.0-6ubuntu3.8 [183 kB]
Linux Desktop Tests (5)	UNKNOWN STEP	2026-02-25T19:48:24.5024034Z Get:5 http://azure.archive.ubuntu.com/ubuntu noble-updates/main amd64 libglib2.0-0t64 amd64 2.80.0-6ubuntu3.8 [1545 kB]
Linux Desktop Tests (5)	UNKNOWN STEP	2026-02-25T19:48:24.5568935Z Get:6 http://azure.archive.ubuntu.com/ubuntu noble-updates/main amd64 libpng16-16t64 amd64 1.6.43-5ubuntu0.5 [188 kB]
Linux Desktop Tests (5)	UNKNOWN STEP	2026-02-25T19:48:24.6029430Z Get:7 http://azure.archive.ubuntu.com/ubuntu noble-updates/main amd64 bzip2-doc all 1.0.8-5.1build0.1 [499 kB]
Linux Desktop Tests (5)	UNKNOWN STEP	2026-02-25T19:48:24.6452623Z Get:8 http://azure.archive.ubuntu.com/ubuntu noble/universe amd64 clang amd64 1:18.0-59~exp2 [5846 B]
Linux Desktop Tests (5)	UNKNOWN STEP	2026-02-25T19:48:24.6823591Z Get:9 http://azure.archive.ubuntu.com/ubuntu noble/main amd64 libjsoncpp25 amd64 1.9.5-6build1 [82.8 kB]
Linux Desktop Tests (5)	UNKNOWN STEP	2026-02-25T19:48:24.7217046Z Get:10 http://azure.archive.ubuntu.com/ubuntu noble/main amd64 librhash0 amd64 1.4.3-3build1 [129 kB]
Linux Desktop Tests (5)	UNKNOWN STEP	2026-02-25T19:48:24.7605279Z Get:11 http://azure.archive.ubuntu.com/ubuntu noble/main amd64 cmake-data all 3.28.3-1build7 [2155 kB]
Linux Desktop Tests (5)	UNKNOWN STEP	2026-02-25T19:48:24.8217488Z Get:12 http://azure.archive.ubuntu.com/ubuntu noble/main amd64 cmake amd64 3.28.3-1build7 [11.2 MB]
Linux Desktop Tests (5)	UNKNOWN STEP	2026-02-25T19:48:24.9973540Z Get:13 http://azure.archive.ubuntu.com/ubuntu noble/main amd64 gir1.2-atk-1.0 amd64 2.52.0-1build1 [23.1 kB]
Linux Desktop Tests (5)	UNKNOWN STEP	2026-02-25T19:48:25.0342534Z Get:14 http://azure.archive.ubuntu.com/ubuntu noble/main amd64 gir1.2-freedesktop amd64 1.80.1-1 [49.7 kB]
Linux Desktop Tests (5)	UNKNOWN STEP	2026-02-25T19:48:25.0722792Z Get:15 http://azure.archive.ubuntu.com/ubuntu noble/main amd64 gir1.2-atspi-2.0 amd64 2.52.0-1build1 [19.8 kB]
Linux Desktop Tests (5)	UNKNOWN STEP	2026-02-25T19:48:25.1092798Z Get:16 http://azure.archive.ubuntu.com/ubuntu noble-updates/main amd64 gir1.2-glib-2.0-dev amd64 2.80.0-6ubuntu3.8 [848 kB]
Linux Desktop Tests (5)	UNKNOWN STEP	2026-02-25T19:48:25.1579718Z Get:17 http://azure.archive.ubuntu.com/ubuntu noble/main amd64 gir1.2-freedesktop-dev amd64 1.80.1-1 [28.8 kB]
Linux Desktop Tests (5)	UNKNOWN STEP	2026-02-25T19:48:25.1937082Z Get:18 http://azure.archive.ubuntu.com/ubuntu noble-updates/main amd64 gir1.2-gdkpixbuf-2.0 amd64 2.42.10+dfsg-3ubuntu3.2 [9488 B]
Linux Desktop Tests (5)	UNKNOWN STEP	2026-02-25T19:48:25.2276526Z Get:19 http://azure.archive.ubuntu.com/ubuntu noble/main amd64 libharfbuzz-gobject0 amd64 8.3.0-2build2 [34.3 kB]
Linux Desktop Tests (5)	UNKNOWN STEP	2026-02-25T19:48:25.3058004Z Get:20 http://azure.archive.ubuntu.com/ubuntu noble/main amd64 gir1.2-harfbuzz-0.0 amd64 8.3.0-2build2 [44.5 kB]
Linux Desktop Tests (5)	UNKNOWN STEP	2026-02-25T19:48:25.3425639Z Get:21 http://azure.archive.ubuntu.com/ubuntu noble/main amd64 libpangoxft-1.0-0 amd64 1.52.1+ds-1build1 [20.3 kB]
Linux Desktop Tests (5)	UNKNOWN STEP	2026-02-25T19:48:25.3777371Z Get:22 http://azure.archive.ubuntu.com/ubuntu noble/main amd64 gir1.2-pango-1.0 amd64 1.52.1+ds-1build1 [34.8 kB]
Linux Desktop Tests (5)	UNKNOWN STEP	2026-02-25T19:48:25.4149429Z Get:23 http://azure.archive.ubuntu.com/ubuntu noble-updates/main amd64 gir1.2-gtk-3.0 amd64 3.24.41-4ubuntu1.3 [245 kB]
Linux Desktop Tests (5)	UNKNOWN STEP	2026-02-25T19:48:25.4539416Z Get:24 http://azure.archive.ubuntu.com/ubuntu noble/main amd64 libsecret-common all 0.21.4-1build3 [4962 B]
Linux Desktop Tests (5)	UNKNOWN STEP	2026-02-25T19:48:25.4903472Z Get:25 http://azure.archive.ubuntu.com/ubuntu noble/main amd64 libsecret-1-0 amd64 0.21.4-1build3 [116 kB]
Linux Desktop Tests (5)	UNKNOWN STEP	2026-02-25T19:48:25.5292965Z Get:26 http://azure.archive.ubuntu.com/ubuntu noble/main amd64 gir1.2-secret-1 amd64 0.21.4-1build3 [9424 B]
Linux Desktop Tests (5)	UNKNOWN STEP	2026-02-25T19:48:25.5658120Z Get:27 http://azure.archive.ubuntu.com/ubuntu noble-updates/main amd64 libglib2.0-dev-bin amd64 2.80.0-6ubuntu3.8 [138 kB]
Linux Desktop Tests (5)	UNKNOWN STEP	2026-02-25T19:48:25.6044720Z Get:28 http://azure.archive.ubuntu.com/ubuntu noble-updates/main amd64 uuid-dev amd64 2.39.3-9ubuntu6.4 [33.5 kB]
Linux Desktop Tests (5)	UNKNOWN STEP	2026-02-25T19:48:25.6416285Z Get:29 http://azure.archive.ubuntu.com/ubuntu noble-updates/main amd64 libblkid-dev amd64 2.39.3-9ubuntu6.4 [204 kB]
Linux Desktop Tests (5)	UNKNOWN STEP	2026-02-25T19:48:25.6845256Z Get:30 http://azure.archive.ubuntu.com/ubuntu noble/main amd64 libsepol-dev amd64 3.5-2build1 [384 kB]
Linux Desktop Tests (5)	UNKNOWN STEP	2026-02-25T19:48:25.7262132Z Get:31 http://azure.archive.ubuntu.com/ubuntu noble-updates/main amd64 libselinux1-dev amd64 3.5-2ubuntu2.1 [164 kB]
Linux Desktop Tests (5)	UNKNOWN STEP	2026-02-25T19:48:25.8454440Z Get:32 http://azure.archive.ubuntu.com/ubuntu noble-updates/main amd64 libmount-dev amd64 2.39.3-9ubuntu6.4 [14.9 kB]
Linux Desktop Tests (5)	UNKNOWN STEP	2026-02-25T19:48:25.8824845Z Get:33 http://azure.archive.ubuntu.com/ubuntu noble-updates/main amd64 libgirepository-2.0-0 amd64 2.80.0-6ubuntu3.8 [73.6 kB]
Linux Desktop Tests (5)	UNKNOWN STEP	2026-02-25T19:48:25.9285697Z Get:34 http://azure.archive.ubuntu.com/ubuntu noble-updates/main amd64 libglib2.0-dev amd64 2.80.0-6ubuntu3.8 [1860 kB]
Linux Desktop Tests (5)	UNKNOWN STEP	2026-02-25T19:48:26.0932010Z Get:35 http://azure.archive.ubuntu.com/ubuntu noble/main amd64 libatk1.0-dev amd64 2.52.0-1build1 [100 kB]
Linux Desktop Tests (5)	UNKNOWN STEP	2026-02-25T19:48:26.1339913Z Get:36 http://azure.archive.ubuntu.com/ubuntu noble-updates/main amd64 libdbus-1-dev amd64 1.14.10-4ubuntu4.1 [190 kB]
Linux Desktop Tests (5)	UNKNOWN STEP	2026-02-25T19:48:26.1763285Z Get:37 http://azure.archive.ubuntu.com/ubuntu noble/main amd64 xorg-sgml-doctools all 1:1.11-1.1 [10.9 kB]
Linux Desktop Tests (5)	UNKNOWN STEP	2026-02-25T19:48:26.2148427Z Get:38 http://azure.archive.ubuntu.com/ubuntu noble/main amd64 x11proto-dev all 2023.2-1 [602 kB]
Linux Desktop Tests (5)	UNKNOWN STEP	2026-02-25T19:48:26.3239671Z Get:39 http://azure.archive.ubuntu.com/ubuntu noble/main amd64 libxau-dev amd64 1:1.0.9-1build6 [9570 B]
Linux Desktop Tests (5)	UNKNOWN STEP	2026-02-25T19:48:26.3613561Z Get:40 http://azure.archive.ubuntu.com/ubuntu noble/main amd64 libxdmcp-dev amd64 1:1.1.3-0ubuntu6 [26.5 kB]
Linux Desktop Tests (5)	UNKNOWN STEP	2026-02-25T19:48:26.3982302Z Get:41 http://azure.archive.ubuntu.com/ubuntu noble/main amd64 xtrans-dev all 1.4.0-1 [68.9 kB]
Linux Desktop Tests (5)	UNKNOWN STEP	2026-02-25T19:48:26.4357123Z Get:42 http://azure.archive.ubuntu.com/ubuntu noble/main amd64 libpthread-stubs0-dev amd64 0.4-1build3 [4746 B]
Linux Desktop Tests (5)	UNKNOWN STEP	2026-02-25T19:48:26.4717633Z Get:43 http://azure.archive.ubuntu.com/ubuntu noble/main amd64 libxcb1-dev amd64 1.15-1ubuntu2 [85.8 kB]
Linux Desktop Tests (5)	UNKNOWN STEP	2026-02-25T19:48:26.5198884Z Get:44 http://azure.archive.ubuntu.com/ubuntu noble/main amd64 libx11-dev amd64 2:1.8.7-1build1 [732 kB]
Linux Desktop Tests (5)	UNKNOWN STEP	2026-02-25T19:48:26.5734948Z Get:45 http://azure.archive.ubuntu.com/ubuntu noble/main amd64 libxext-dev amd64 2:1.3.4-1build2 [83.5 kB]
Linux Desktop Tests (5)	UNKNOWN STEP	2026-02-25T19:48:26.6112394Z Get:46 http://azure.archive.ubuntu.com/ubuntu noble/main amd64 libxfixes-dev amd64 1:6.0.0-2build1 [12.1 kB]
Linux Desktop Tests (5)	UNKNOWN STEP	2026-02-25T19:48:26.6478963Z Get:47 http://azure.archive.ubuntu.com/ubuntu noble/main amd64 libxi-dev amd64 2:1.8.1-1build1 [194 kB]
Linux Desktop Tests (5)	UNKNOWN STEP	2026-02-25T19:48:26.6879020Z Get:48 http://azure.archive.ubuntu.com/ubuntu noble/main amd64 libxtst-dev amd64 2:1.2.3-1.1build1 [15.9 kB]
Linux Desktop Tests (5)	UNKNOWN STEP	2026-02-25T19:48:26.7244507Z Get:49 http://azure.archive.ubuntu.com/ubuntu noble/main amd64 libatspi2.0-dev amd64 2.52.0-1build1 [76.2 kB]
Linux Desktop Tests (5)	UNKNOWN STEP	2026-02-25T19:48:26.7612184Z Get:50 http://azure.archive.ubuntu.com/ubuntu noble/main amd64 libatk-bridge2.0-dev amd64 2.52.0-1build1 [4284 B]
Linux Desktop Tests (5)	UNKNOWN STEP	2026-02-25T19:48:26.7985289Z Get:51 http://azure.archive.ubuntu.com/ubuntu noble/main amd64 libbrotli-dev amd64 1.1.0-2build2 [353 kB]
Linux Desktop Tests (5)	UNKNOWN STEP	2026-02-25T19:48:26.8392640Z Get:52 http://azure.archive.ubuntu.com/ubuntu noble-updates/main amd64 libbz2-dev amd64 1.0.8-5.1build0.1 [33.6 kB]
Linux Desktop Tests (5)	UNKNOWN STEP	2026-02-25T19:48:26.8768145Z Get:53 http://azure.archive.ubuntu.com/ubuntu noble/main amd64 libcairo-script-interpreter2 amd64 1.18.0-3build1 [60.3 kB]
Linux Desktop Tests (5)	UNKNOWN STEP	2026-02-25T19:48:26.9070134Z Get:54 http://azure.archive.ubuntu.com/ubuntu noble-updates/main amd64 libpng-dev amd64 1.6.43-5ubuntu0.5 [265 kB]
Linux Desktop Tests (5)	UNKNOWN STEP	2026-02-25T19:48:26.9397601Z Get:55 http://azure.archive.ubuntu.com/ubuntu noble/main amd64 libfreetype-dev amd64 2.13.2+dfsg-1build3 [575 kB]
Linux Desktop Tests (5)	UNKNOWN STEP	2026-02-25T19:48:26.9914481Z Get:56 http://azure.archive.ubuntu.com/ubuntu noble/main amd64 libfontconfig-dev amd64 2.15.0-1.1ubuntu2 [161 kB]
Linux Desktop Tests (5)	UNKNOWN STEP	2026-02-25T19:48:27.0293827Z Get:57 http://azure.archive.ubuntu.com/ubuntu noble/main amd64 libpixman-1-dev amd64 0.42.2-1build1 [296 kB]
Linux Desktop Tests (5)	UNKNOWN STEP	2026-02-25T19:48:27.1100397Z Get:58 http://azure.archive.ubuntu.com/ubuntu noble/main amd64 libice-dev amd64 2:1.0.10-1build3 [51.0 kB]
Linux Desktop Tests (5)	UNKNOWN STEP	2026-02-25T19:48:27.1481887Z Get:59 http://azure.archive.ubuntu.com/ubuntu noble/main amd64 libsm-dev amd64 2:1.2.3-1build3 [17.8 kB]
Linux Desktop Tests (5)	UNKNOWN STEP	2026-02-25T19:48:27.1858305Z Get:60 http://azure.archive.ubuntu.com/ubuntu noble/main amd64 libxcb-render0-dev amd64 1.15-1ubuntu2 [19.6 kB]
Linux Desktop Tests (5)	UNKNOWN STEP	2026-02-25T19:48:27.2232533Z Get:61 http://azure.archive.ubuntu.com/ubuntu noble/main amd64 libxcb-shm0-dev amd64 1.15-1ubuntu2 [8246 B]
Linux Desktop Tests (5)	UNKNOWN STEP	2026-02-25T19:48:27.2595547Z Get:62 http://azure.archive.ubuntu.com/ubuntu noble/main amd64 libxrender-dev amd64 1:0.9.10-1.1build1 [26.3 kB]
Linux Desktop Tests (5)	UNKNOWN STEP	2026-02-25T19:48:27.2970447Z Get:63 http://azure.archive.ubuntu.com/ubuntu noble/main amd64 libcairo2-dev amd64 1.18.0-3build1 [41.1 kB]
Linux Desktop Tests (5)	UNKNOWN STEP	2026-02-25T19:48:27.3335142Z Get:64 http://azure.archive.ubuntu.com/ubuntu noble/main amd64 libdatrie-dev amd64 0.2.13-3build1 [19.4 kB]
Linux Desktop Tests (5)	UNKNOWN STEP	2026-02-25T19:48:27.3700064Z Get:65 http://azure.archive.ubuntu.com/ubuntu noble-updates/main amd64 libdeflate-dev amd64 1.19-1build1.1 [50.9 kB]
Linux Desktop Tests (5)	UNKNOWN STEP	2026-02-25T19:48:27.4071577Z Get:66 http://azure.archive.ubuntu.com/ubuntu noble-updates/main amd64 libegl-mesa0 amd64 25.2.8-0ubuntu0.24.04.1 [117 kB]
Linux Desktop Tests (5)	UNKNOWN STEP	2026-02-25T19:48:27.4451361Z Get:67 http://azure.archive.ubuntu.com/ubuntu noble/main amd64 libegl1 amd64 1.7.0-1build1 [28.7 kB]
Linux Desktop Tests (5)	UNKNOWN STEP	2026-02-25T19:48:27.4758904Z Get:68 http://azure.archive.ubuntu.com/ubuntu noble/main amd64 libglx-dev amd64 1.7.0-1build1 [14.2 kB]
Linux Desktop Tests (5)	UNKNOWN STEP	2026-02-25T19:48:27.5125961Z Get:69 http://azure.archive.ubuntu.com/ubuntu noble/main amd64 libgl-dev amd64 1.7.0-1build1 [102 kB]
Linux Desktop Tests (5)	UNKNOWN STEP	2026-02-25T19:48:27.5502442Z Get:70 http://azure.archive.ubuntu.com/ubuntu noble/main amd64 libegl-dev amd64 1.7.0-1build1 [18.2 kB]
Linux Desktop Tests (5)	UNKNOWN STEP	2026-02-25T19:48:27.5873160Z Get:71 http://azure.archive.ubuntu.com/ubuntu noble/main amd64 libglvnd-core-dev amd64 1.7.0-1build1 [13.6 kB]
Linux Desktop Tests (5)	UNKNOWN STEP	2026-02-25T19:48:27.6239217Z Get:72 http://azure.archive.ubuntu.com/ubuntu noble/main amd64 libgles1 amd64 1.7.0-1build1 [11.6 kB]
Linux Desktop Tests (5)	UNKNOWN STEP	2026-02-25T19:48:27.6610118Z Get:73 http://azure.archive.ubuntu.com/ubuntu noble/main amd64 libgles2 amd64 1.7.0-1build1 [17.1 kB]
Linux Desktop Tests (5)	UNKNOWN STEP	2026-02-25T19:48:27.6958226Z Get:74 http://azure.archive.ubuntu.com/ubuntu noble/main amd64 libgles-dev amd64 1.7.0-1build1 [50.5 kB]
Linux Desktop Tests (5)	UNKNOWN STEP	2026-02-25T19:48:27.7305519Z Get:75 http://azure.archive.ubuntu.com/ubuntu noble/main amd64 libopengl0 amd64 1.7.0-1build1 [32.8 kB]
Linux Desktop Tests (5)	UNKNOWN STEP	2026-02-25T19:48:27.8157251Z Get:76 http://azure.archive.ubuntu.com/ubuntu noble/main amd64 libopengl-dev amd64 1.7.0-1build1 [3454 B]
Linux Desktop Tests (5)	UNKNOWN STEP	2026-02-25T19:48:27.8520809Z Get:77 http://azure.archive.ubuntu.com/ubuntu noble/main amd64 libglvnd-dev amd64 1.7.0-1build1 [3198 B]
Linux Desktop Tests (5)	UNKNOWN STEP	2026-02-25T19:48:27.8884905Z Get:78 http://azure.archive.ubuntu.com/ubuntu noble-updates/main amd64 libegl1-mesa-dev amd64 25.2.8-0ubuntu0.24.04.1 [26.4 kB]
Linux Desktop Tests (5)	UNKNOWN STEP	2026-02-25T19:48:27.9249084Z Get:79 http://azure.archive.ubuntu.com/ubuntu noble/main amd64 libepoxy-dev amd64 1.5.10-1build1 [132 kB]
Linux Desktop Tests (5)	UNKNOWN STEP	2026-02-25T19:48:27.9556174Z Get:80 http://azure.archive.ubuntu.com/ubuntu noble/main amd64 libfribidi-dev amd64 1.0.13-3build1 [64.8 kB]
Linux Desktop Tests (5)	UNKNOWN STEP	2026-02-25T19:48:27.9854312Z Get:81 http://azure.archive.ubuntu.com/ubuntu noble-updates/main amd64 libgpg-error-dev amd64 1.47-3build2.1 [128 kB]
Linux Desktop Tests (5)	UNKNOWN STEP	2026-02-25T19:48:28.0160547Z Get:82 http://azure.archive.ubuntu.com/ubuntu noble/main amd64 libgcrypt20-dev amd64 1.10.3-2build1 [592 kB]
Linux Desktop Tests (5)	UNKNOWN STEP	2026-02-25T19:48:28.0639013Z Get:83 http://azure.archive.ubuntu.com/ubuntu noble-updates/main amd64 libgdk-pixbuf2.0-bin amd64 2.42.10+dfsg-3ubuntu3.2 [13.9 kB]
Linux Desktop Tests (5)	UNKNOWN STEP	2026-02-25T19:48:28.0933692Z Get:84 http://azure.archive.ubuntu.com/ubuntu noble/main amd64 libjpeg-turbo8-dev amd64 2.1.5-2ubuntu2 [295 kB]
Linux Desktop Tests (5)	UNKNOWN STEP	2026-02-25T19:48:28.1273701Z Get:85 http://azure.archive.ubuntu.com/ubuntu noble/main amd64 libjpeg8-dev amd64 8c-2ubuntu11 [1484 B]
Linux Desktop Tests (5)	UNKNOWN STEP	2026-02-25T19:48:28.1638783Z Get:86 http://azure.archive.ubuntu.com/ubuntu noble/main amd64 libjpeg-dev amd64 8c-2ubuntu11 [1482 B]
Linux Desktop Tests (5)	UNKNOWN STEP	2026-02-25T19:48:28.2000686Z Get:87 http://azure.archive.ubuntu.com/ubuntu noble/main amd64 libjbig-dev amd64 2.1-6.1ubuntu2 [27.9 kB]
Linux Desktop Tests (5)	UNKNOWN STEP	2026-02-25T19:48:28.2396016Z Get:88 http://azure.archive.ubuntu.com/ubuntu noble-updates/main amd64 liblzma-dev amd64 5.6.1+really5.4.5-1ubuntu0.2 [176 kB]
Linux Desktop Tests (5)	UNKNOWN STEP	2026-02-25T19:48:28.2772414Z Get:89 http://azure.archive.ubuntu.com/ubuntu noble/main amd64 libwebpdecoder3 amd64 1.3.2-0.4build3 [114 kB]
Linux Desktop Tests (5)	UNKNOWN STEP	2026-02-25T19:48:28.3564879Z Get:90 http://azure.archive.ubuntu.com/ubuntu noble/main amd64 libsharpyuv-dev amd64 1.3.2-0.4build3 [16.0 kB]
Linux Desktop Tests (5)	UNKNOWN STEP	2026-02-25T19:48:28.4260237Z Get:91 http://azure.archive.ubuntu.com/ubuntu noble/main amd64 libwebp-dev amd64 1.3.2-0.4build3 [367 kB]
Linux Desktop Tests (5)	UNKNOWN STEP	2026-02-25T19:48:28.5961386Z Get:92 http://azure.archive.ubuntu.com/ubuntu noble-updates/main amd64 libtiffxx6 amd64 4.5.1+git230720-4ubuntu2.4 [5648 B]
Linux Desktop Tests (5)	UNKNOWN STEP	2026-02-25T19:48:28.6328782Z Get:93 http://azure.archive.ubuntu.com/ubuntu noble/main amd64 liblerc-dev amd64 4.0.0+ds-4ubuntu2 [182 kB]
Linux Desktop Tests (5)	UNKNOWN STEP	2026-02-25T19:48:28.6793914Z Get:94 http://azure.archive.ubuntu.com/ubuntu noble-updates/main amd64 libtiff-dev amd64 4.5.1+git230720-4ubuntu2.4 [338 kB]
Linux Desktop Tests (5)	UNKNOWN STEP	2026-02-25T19:48:28.7756869Z Get:95 http://azure.archive.ubuntu.com/ubuntu noble-updates/main amd64 libgdk-pixbuf-2.0-dev amd64 2.42.10+dfsg-3ubuntu3.2 [48.0 kB]
Linux Desktop Tests (5)	UNKNOWN STEP	2026-02-25T19:48:28.8112879Z Get:96 http://azure.archive.ubuntu.com/ubuntu noble-updates/main amd64 libgles2-mesa-dev amd64 25.2.8-0ubuntu0.24.04.1 [22.5 kB]
Linux Desktop Tests (5)	UNKNOWN STEP	2026-02-25T19:48:28.8577021Z Get:97 http://azure.archive.ubuntu.com/ubuntu noble/main amd64 libgraphite2-dev amd64 1.3.14-2build1 [14.7 kB]
Linux Desktop Tests (5)	UNKNOWN STEP	2026-02-25T19:48:28.8947029Z Get:98 http://azure.archive.ubuntu.com/ubuntu noble/main amd64 libharfbuzz-icu0 amd64 8.3.0-2build2 [13.3 kB]
Linux Desktop Tests (5)	UNKNOWN STEP	2026-02-25T19:48:28.9313747Z Get:99 http://azure.archive.ubuntu.com/ubuntu noble/main amd64 libharfbuzz-subset0 amd64 8.3.0-2build2 [448 kB]
Linux Desktop Tests (5)	UNKNOWN STEP	2026-02-25T19:48:28.9807337Z Get:100 http://azure.archive.ubuntu.com/ubuntu noble/main amd64 libharfbuzz-cairo0 amd64 8.3.0-2build2 [26.2 kB]
Linux Desktop Tests (5)	UNKNOWN STEP	2026-02-25T19:48:29.0177300Z Get:101 http://azure.archive.ubuntu.com/ubuntu noble/main amd64 libharfbuzz-dev amd64 8.3.0-2build2 [142 kB]
Linux Desktop Tests (5)	UNKNOWN STEP	2026-02-25T19:48:29.0589149Z Get:102 http://azure.archive.ubuntu.com/ubuntu noble/main amd64 libthai-dev amd64 0.1.29-2build1 [26.6 kB]
Linux Desktop Tests (5)	UNKNOWN STEP	2026-02-25T19:48:29.2376945Z Get:103 http://azure.archive.ubuntu.com/ubuntu noble/main amd64 libxft-dev amd64 2.3.6-1build1 [64.3 kB]
Linux Desktop Tests (5)	UNKNOWN STEP	2026-02-25T19:48:29.6006304Z Get:104 http://azure.archive.ubuntu.com/ubuntu noble/main amd64 pango1.0-tools amd64 1.52.1+ds-1build1 [36.7 kB]
Linux Desktop Tests (5)	UNKNOWN STEP	2026-02-25T19:48:29.8743451Z Get:105 http://azure.archive.ubuntu.com/ubuntu noble/main amd64 libpango1.0-dev amd64 1.52.1+ds-1build1 [147 kB]
Linux Desktop Tests (5)	UNKNOWN STEP	2026-02-25T19:48:30.9234419Z Get:106 http://azure.archive.ubuntu.com/ubuntu noble/main amd64 libwayland-server0 amd64 1.22.0-2.1build1 [33.9 kB]
Linux Desktop Tests (5)	UNKNOWN STEP	2026-02-25T19:48:31.2530675Z Get:107 http://azure.archive.ubuntu.com/ubuntu noble/main amd64 libwayland-bin amd64 1.22.0-2.1build1 [20.6 kB]
Linux Desktop Tests (5)	UNKNOWN STEP	2026-02-25T19:48:31.4892659Z Get:108 http://azure.archive.ubuntu.com/ubuntu noble/main amd64 libwayland-dev amd64 1.22.0-2.1build1 [71.3 kB]
Linux Desktop Tests (5)	UNKNOWN STEP	2026-02-25T19:48:32.0130339Z Get:109 http://azure.archive.ubuntu.com/ubuntu noble/main amd64 libxcomposite-dev amd64 1:0.4.5-1build3 [9374 B]
Linux Desktop Tests (5)	UNKNOWN STEP	2026-02-25T19:48:32.2131903Z Get:110 http://azure.archive.ubuntu.com/ubuntu noble/main amd64 libxcursor-dev amd64 1:1.2.1-1build1 [31.8 kB]
Linux Desktop Tests (5)	UNKNOWN STEP	2026-02-25T19:48:32.4806158Z Get:111 http://azure.archive.ubuntu.com/ubuntu noble/main amd64 libxdamage-dev amd64 1:1.1.6-1build1 [5270 B]
Linux Desktop Tests (5)	UNKNOWN STEP	2026-02-25T19:48:32.6562604Z Get:112 http://azure.archive.ubuntu.com/ubuntu noble/main amd64 libxinerama-dev amd64 2:1.1.4-3build1 [7988 B]
Linux Desktop Tests (5)	UNKNOWN STEP	2026-02-25T19:48:32.8112897Z Get:113 http://azure.archive.ubuntu.com/ubuntu noble/main amd64 libxkbcommon-dev amd64 1.6.0-1build1 [56.3 kB]
Linux Desktop Tests (5)	UNKNOWN STEP	2026-02-25T19:48:33.2105084Z Get:114 http://azure.archive.ubuntu.com/ubuntu noble/main amd64 libxrandr-dev amd64 2:1.5.2-2build1 [26.4 kB]
Linux Desktop Tests (5)	UNKNOWN STEP	2026-02-25T19:48:33.4817644Z Get:115 http://azure.archive.ubuntu.com/ubuntu noble-updates/main amd64 wayland-protocols all 1.45-1~ubuntu0.24.04.1 [114 kB]
Linux Desktop Tests (5)	UNKNOWN STEP	2026-02-25T19:48:34.1509042Z Get:116 http://azure.archive.ubuntu.com/ubuntu noble-updates/main amd64 libgtk-3-dev amd64 3.24.41-4ubuntu1.3 [1096 kB]
Linux Desktop Tests (5)	UNKNOWN STEP	2026-02-25T19:48:39.6631476Z Get:117 http://azure.archive.ubuntu.com/ubuntu noble-updates/main amd64 libpng-tools amd64 1.6.43-5ubuntu0.5 [28.5 kB]
Linux Desktop Tests (5)	UNKNOWN STEP	2026-02-25T19:48:39.9193290Z Get:118 http://azure.archive.ubuntu.com/ubuntu noble/universe amd64 libsecret-1-dev amd64 0.21.4-1build3 [129 kB]
Linux Desktop Tests (5)	UNKNOWN STEP	2026-02-25T19:48:40.7486671Z Get:119 http://azure.archive.ubuntu.com/ubuntu noble/universe amd64 ninja-build amd64 1.11.1-2 [129 kB]
Linux Desktop Tests (5)	UNKNOWN STEP	2026-02-25T19:48:41.5474178Z Get:120 http://azure.archive.ubuntu.com/ubuntu noble-updates/main amd64 libgl1-mesa-dev amd64 25.2.8-0ubuntu0.24.04.1 [22.5 kB]
Linux Desktop Tests (5)	UNKNOWN STEP	2026-02-25T19:48:41.8137170Z Get:121 http://azure.archive.ubuntu.com/ubuntu noble/main amd64 libjsoncpp-dev amd64 1.9.5-6build1 [23.0 kB]
Linux Desktop Tests (5)	UNKNOWN STEP	2026-02-25T19:48:42.3202994Z Fetched 30.4 MB in 18s (1725 kB/s)
Linux Desktop Tests (5)	UNKNOWN STEP	2026-02-25T19:48:42.3739491Z (Reading database ... 
Linux Desktop Tests (5)	UNKNOWN STEP	2026-02-25T19:48:42.3740006Z (Reading database ... 5%
Linux Desktop Tests (5)	UNKNOWN STEP	2026-02-25T19:48:42.3740465Z (Reading database ... 10%
Linux Desktop Tests (5)	UNKNOWN STEP	2026-02-25T19:48:42.3741113Z (Reading database ... 15%
Linux Desktop Tests (5)	UNKNOWN STEP	2026-02-25T19:48:42.3741556Z (Reading database ... 20%
Linux Desktop Tests (5)	UNKNOWN STEP	2026-02-25T19:48:42.3741979Z (Reading database ... 25%
Linux Desktop Tests (5)	UNKNOWN STEP	2026-02-25T19:48:42.3742402Z (Reading database ... 30%
Linux Desktop Tests (5)	UNKNOWN STEP	2026-02-25T19:48:42.3742823Z (Reading database ... 35%
Linux Desktop Tests (5)	UNKNOWN STEP	2026-02-25T19:48:42.3743261Z (Reading database ... 40%
Linux Desktop Tests (5)	UNKNOWN STEP	2026-02-25T19:48:42.3743646Z (Reading database ... 45%
Linux Desktop Tests (5)	UNKNOWN STEP	2026-02-25T19:48:42.3744013Z (Reading database ... 50%
Linux Desktop Tests (5)	UNKNOWN STEP	2026-02-25T19:48:42.3823081Z (Reading database ... 55%
Linux Desktop Tests (5)	UNKNOWN STEP	2026-02-25T19:48:42.4310400Z (Reading database ... 60%
Linux Desktop Tests (5)	UNKNOWN STEP	2026-02-25T19:48:42.4832174Z (Reading database ... 65%
Linux Desktop Tests (5)	UNKNOWN STEP	2026-02-25T19:48:42.5163734Z (Reading database ... 70%
Linux Desktop Tests (5)	UNKNOWN STEP	2026-02-25T19:48:42.5486414Z (Reading database ... 75%
Linux Desktop Tests (5)	UNKNOWN STEP	2026-02-25T19:48:42.6450072Z (Reading database ... 80%
Linux Desktop Tests (5)	UNKNOWN STEP	2026-02-25T19:48:42.7413665Z (Reading database ... 85%
Linux Desktop Tests (5)	UNKNOWN STEP	2026-02-25T19:48:42.8985383Z (Reading database ... 90%
Linux Desktop Tests (5)	UNKNOWN STEP	2026-02-25T19:48:42.9957057Z (Reading database ... 95%
Linux Desktop Tests (5)	UNKNOWN STEP	2026-02-25T19:48:42.9957522Z (Reading database ... 100%
Linux Desktop Tests (5)	UNKNOWN STEP	2026-02-25T19:48:42.9957907Z (Reading database ... 218749 files and directories currently installed.)
Linux Desktop Tests (5)	UNKNOWN STEP	2026-02-25T19:48:43.0012179Z Preparing to unpack .../000-libglib2.0-data_2.80.0-6ubuntu3.8_all.deb ...
Linux Desktop Tests (5)	UNKNOWN STEP	2026-02-25T19:48:43.0063859Z Unpacking libglib2.0-data (2.80.0-6ubuntu3.8) over (2.80.0-6ubuntu3.7) ...
Linux Desktop Tests (5)	UNKNOWN STEP	2026-02-25T19:48:43.0478296Z Preparing to unpack .../001-libglib2.0-bin_2.80.0-6ubuntu3.8_amd64.deb ...
Linux Desktop Tests (5)	UNKNOWN STEP	2026-02-25T19:48:43.0518118Z Unpacking libglib2.0-bin (2.80.0-6ubuntu3.8) over (2.80.0-6ubuntu3.7) ...
Linux Desktop Tests (5)	UNKNOWN STEP	2026-02-25T19:48:43.1107806Z Preparing to unpack .../002-gir1.2-glib-2.0_2.80.0-6ubuntu3.8_amd64.deb ...
Linux Desktop Tests (5)	UNKNOWN STEP	2026-02-25T19:48:43.1166367Z Unpacking gir1.2-glib-2.0:amd64 (2.80.0-6ubuntu3.8) over (2.80.0-6ubuntu3.7) ...
Linux Desktop Tests (5)	UNKNOWN STEP	2026-02-25T19:48:43.1641321Z Preparing to unpack .../003-libglib2.0-0t64_2.80.0-6ubuntu3.8_amd64.deb ...
Linux Desktop Tests (5)	UNKNOWN STEP	2026-02-25T19:48:43.1716820Z Unpacking libglib2.0-0t64:amd64 (2.80.0-6ubuntu3.8) over (2.80.0-6ubuntu3.7) ...
Linux Desktop Tests (5)	UNKNOWN STEP	2026-02-25T19:48:43.2371187Z Preparing to unpack .../004-libpng16-16t64_1.6.43-5ubuntu0.5_amd64.deb ...
Linux Desktop Tests (5)	UNKNOWN STEP	2026-02-25T19:48:43.2406022Z Unpacking libpng16-16t64:amd64 (1.6.43-5ubuntu0.5) over (1.6.43-5ubuntu0.3) ...
Linux Desktop Tests (5)	UNKNOWN STEP	2026-02-25T19:48:43.2684693Z Selecting previously unselected package bzip2-doc.
Linux Desktop Tests (5)	UNKNOWN STEP	2026-02-25T19:48:43.2855726Z Preparing to unpack .../005-bzip2-doc_1.0.8-5.1build0.1_all.deb ...
Linux Desktop Tests (5)	UNKNOWN STEP	2026-02-25T19:48:43.2864563Z Unpacking bzip2-doc (1.0.8-5.1build0.1) ...
Linux Desktop Tests (5)	UNKNOWN STEP	2026-02-25T19:48:43.3148422Z Selecting previously unselected package clang.
Linux Desktop Tests (5)	UNKNOWN STEP	2026-02-25T19:48:43.3320776Z Preparing to unpack .../006-clang_1%3a18.0-59~exp2_amd64.deb ...
Linux Desktop Tests (5)	UNKNOWN STEP	2026-02-25T19:48:43.3332061Z Unpacking clang (1:18.0-59~exp2) ...
Linux Desktop Tests (5)	UNKNOWN STEP	2026-02-25T19:48:43.3579683Z Selecting previously unselected package libjsoncpp25:amd64.
Linux Desktop Tests (5)	UNKNOWN STEP	2026-02-25T19:48:43.3749767Z Preparing to unpack .../007-libjsoncpp25_1.9.5-6build1_amd64.deb ...
Linux Desktop Tests (5)	UNKNOWN STEP	2026-02-25T19:48:43.3760690Z Unpacking libjsoncpp25:amd64 (1.9.5-6build1) ...
Linux Desktop Tests (5)	UNKNOWN STEP	2026-02-25T19:48:43.4006426Z Selecting previously unselected package librhash0:amd64.
Linux Desktop Tests (5)	UNKNOWN STEP	2026-02-25T19:48:43.4175650Z Preparing to unpack .../008-librhash0_1.4.3-3build1_amd64.deb ...
Linux Desktop Tests (5)	UNKNOWN STEP	2026-02-25T19:48:43.4192282Z Unpacking librhash0:amd64 (1.4.3-3build1) ...
Linux Desktop Tests (5)	UNKNOWN STEP	2026-02-25T19:48:43.4457125Z Selecting previously unselected package cmake-data.
Linux Desktop Tests (5)	UNKNOWN STEP	2026-02-25T19:48:43.4625726Z Preparing to unpack .../009-cmake-data_3.28.3-1build7_all.deb ...
Linux Desktop Tests (5)	UNKNOWN STEP	2026-02-25T19:48:43.4772896Z Unpacking cmake-data (3.28.3-1build7) ...
Linux Desktop Tests (5)	UNKNOWN STEP	2026-02-25T19:48:44.0031119Z Selecting previously unselected package cmake.
Linux Desktop Tests (5)	UNKNOWN STEP	2026-02-25T19:48:44.0212985Z Preparing to unpack .../010-cmake_3.28.3-1build7_amd64.deb ...
Linux Desktop Tests (5)	UNKNOWN STEP	2026-02-25T19:48:44.0223366Z Unpacking cmake (3.28.3-1build7) ...
Linux Desktop Tests (5)	UNKNOWN STEP	2026-02-25T19:48:44.2095505Z Selecting previously unselected package gir1.2-atk-1.0:amd64.
Linux Desktop Tests (5)	UNKNOWN STEP	2026-02-25T19:48:44.2268584Z Preparing to unpack .../011-gir1.2-atk-1.0_2.52.0-1build1_amd64.deb ...
Linux Desktop Tests (5)	UNKNOWN STEP	2026-02-25T19:48:44.2277625Z Unpacking gir1.2-atk-1.0:amd64 (2.52.0-1build1) ...
Linux Desktop Tests (5)	UNKNOWN STEP	2026-02-25T19:48:44.2512705Z Selecting previously unselected package gir1.2-freedesktop:amd64.
Linux Desktop Tests (5)	UNKNOWN STEP	2026-02-25T19:48:44.2680739Z Preparing to unpack .../012-gir1.2-freedesktop_1.80.1-1_amd64.deb ...
Linux Desktop Tests (5)	UNKNOWN STEP	2026-02-25T19:48:44.2690645Z Unpacking gir1.2-freedesktop:amd64 (1.80.1-1) ...
Linux Desktop Tests (5)	UNKNOWN STEP	2026-02-25T19:48:44.2945774Z Selecting previously unselected package gir1.2-atspi-2.0:amd64.
Linux Desktop Tests (5)	UNKNOWN STEP	2026-02-25T19:48:44.3113849Z Preparing to unpack .../013-gir1.2-atspi-2.0_2.52.0-1build1_amd64.deb ...
Linux Desktop Tests (5)	UNKNOWN STEP	2026-02-25T19:48:44.3124551Z Unpacking gir1.2-atspi-2.0:amd64 (2.52.0-1build1) ...
Linux Desktop Tests (5)	UNKNOWN STEP	2026-02-25T19:48:44.3342651Z Selecting previously unselected package gir1.2-glib-2.0-dev:amd64.
Linux Desktop Tests (5)	UNKNOWN STEP	2026-02-25T19:48:44.3513459Z Preparing to unpack .../014-gir1.2-glib-2.0-dev_2.80.0-6ubuntu3.8_amd64.deb ...
Linux Desktop Tests (5)	UNKNOWN STEP	2026-02-25T19:48:44.3525737Z Unpacking gir1.2-glib-2.0-dev:amd64 (2.80.0-6ubuntu3.8) ...
Linux Desktop Tests (5)	UNKNOWN STEP	2026-02-25T19:48:44.4104354Z Selecting previously unselected package gir1.2-freedesktop-dev:amd64.
Linux Desktop Tests (5)	UNKNOWN STEP	2026-02-25T19:48:44.4269804Z Preparing to unpack .../015-gir1.2-freedesktop-dev_1.80.1-1_amd64.deb ...
Linux Desktop Tests (5)	UNKNOWN STEP	2026-02-25T19:48:44.4279774Z Unpacking gir1.2-freedesktop-dev:amd64 (1.80.1-1) ...
Linux Desktop Tests (5)	UNKNOWN STEP	2026-02-25T19:48:44.4537408Z Selecting previously unselected package gir1.2-gdkpixbuf-2.0:amd64.
Linux Desktop Tests (5)	UNKNOWN STEP	2026-02-25T19:48:44.4711379Z Preparing to unpack .../016-gir1.2-gdkpixbuf-2.0_2.42.10+dfsg-3ubuntu3.2_amd64.deb ...
Linux Desktop Tests (5)	UNKNOWN STEP	2026-02-25T19:48:44.4723976Z Unpacking gir1.2-gdkpixbuf-2.0:amd64 (2.42.10+dfsg-3ubuntu3.2) ...
Linux Desktop Tests (5)	UNKNOWN STEP	2026-02-25T19:48:44.4975121Z Selecting previously unselected package libharfbuzz-gobject0:amd64.
Linux Desktop Tests (5)	UNKNOWN STEP	2026-02-25T19:48:44.5144504Z Preparing to unpack .../017-libharfbuzz-gobject0_8.3.0-2build2_amd64.deb ...
Linux Desktop Tests (5)	UNKNOWN STEP	2026-02-25T19:48:44.5154499Z Unpacking libharfbuzz-gobject0:amd64 (8.3.0-2build2) ...
Linux Desktop Tests (5)	UNKNOWN STEP	2026-02-25T19:48:44.5384795Z Selecting previously unselected package gir1.2-harfbuzz-0.0:amd64.
Linux Desktop Tests (5)	UNKNOWN STEP	2026-02-25T19:48:44.5550714Z Preparing to unpack .../018-gir1.2-harfbuzz-0.0_8.3.0-2build2_amd64.deb ...
Linux Desktop Tests (5)	UNKNOWN STEP	2026-02-25T19:48:44.5562713Z Unpacking gir1.2-harfbuzz-0.0:amd64 (8.3.0-2build2) ...
Linux Desktop Tests (5)	UNKNOWN STEP	2026-02-25T19:48:44.5810711Z Selecting previously unselected package libpangoxft-1.0-0:amd64.
Linux Desktop Tests (5)	UNKNOWN STEP	2026-02-25T19:48:44.5976276Z Preparing to unpack .../019-libpangoxft-1.0-0_1.52.1+ds-1build1_amd64.deb ...
Linux Desktop Tests (5)	UNKNOWN STEP	2026-02-25T19:48:44.5990714Z Unpacking libpangoxft-1.0-0:amd64 (1.52.1+ds-1build1) ...
Linux Desktop Tests (5)	UNKNOWN STEP	2026-02-25T19:48:44.6216191Z Selecting previously unselected package gir1.2-pango-1.0:amd64.
Linux Desktop Tests (5)	UNKNOWN STEP	2026-02-25T19:48:44.6385482Z Preparing to unpack .../020-gir1.2-pango-1.0_1.52.1+ds-1build1_amd64.deb ...
Linux Desktop Tests (5)	UNKNOWN STEP	2026-02-25T19:48:44.6396791Z Unpacking gir1.2-pango-1.0:amd64 (1.52.1+ds-1build1) ...
Linux Desktop Tests (5)	UNKNOWN STEP	2026-02-25T19:48:44.6630603Z Selecting previously unselected package gir1.2-gtk-3.0:amd64.
Linux Desktop Tests (5)	UNKNOWN STEP	2026-02-25T19:48:44.6795915Z Preparing to unpack .../021-gir1.2-gtk-3.0_3.24.41-4ubuntu1.3_amd64.deb ...
Linux Desktop Tests (5)	UNKNOWN STEP	2026-02-25T19:48:44.6807463Z Unpacking gir1.2-gtk-3.0:amd64 (3.24.41-4ubuntu1.3) ...
Linux Desktop Tests (5)	UNKNOWN STEP	2026-02-25T19:48:44.7080351Z Selecting previously unselected package libsecret-common.
Linux Desktop Tests (5)	UNKNOWN STEP	2026-02-25T19:48:44.7247811Z Preparing to unpack .../022-libsecret-common_0.21.4-1build3_all.deb ...
Linux Desktop Tests (5)	UNKNOWN STEP	2026-02-25T19:48:44.7261370Z Unpacking libsecret-common (0.21.4-1build3) ...
Linux Desktop Tests (5)	UNKNOWN STEP	2026-02-25T19:48:44.7495611Z Selecting previously unselected package libsecret-1-0:amd64.
Linux Desktop Tests (5)	UNKNOWN STEP	2026-02-25T19:48:44.7666893Z Preparing to unpack .../023-libsecret-1-0_0.21.4-1build3_amd64.deb ...
Linux Desktop Tests (5)	UNKNOWN STEP	2026-02-25T19:48:44.7678431Z Unpacking libsecret-1-0:amd64 (0.21.4-1build3) ...
Linux Desktop Tests (5)	UNKNOWN STEP	2026-02-25T19:48:44.7928975Z Selecting previously unselected package gir1.2-secret-1:amd64.
Linux Desktop Tests (5)	UNKNOWN STEP	2026-02-25T19:48:44.8096539Z Preparing to unpack .../024-gir1.2-secret-1_0.21.4-1build3_amd64.deb ...
Linux Desktop Tests (5)	UNKNOWN STEP	2026-02-25T19:48:44.8109370Z Unpacking gir1.2-secret-1:amd64 (0.21.4-1build3) ...
Linux Desktop Tests (5)	UNKNOWN STEP	2026-02-25T19:48:44.8340328Z Selecting previously unselected package libglib2.0-dev-bin.
Linux Desktop Tests (5)	UNKNOWN STEP	2026-02-25T19:48:44.8507124Z Preparing to unpack .../025-libglib2.0-dev-bin_2.80.0-6ubuntu3.8_amd64.deb ...
Linux Desktop Tests (5)	UNKNOWN STEP	2026-02-25T19:48:44.8517613Z Unpacking libglib2.0-dev-bin (2.80.0-6ubuntu3.8) ...
Linux Desktop Tests (5)	UNKNOWN STEP	2026-02-25T19:48:44.8887477Z Selecting previously unselected package uuid-dev:amd64.
Linux Desktop Tests (5)	UNKNOWN STEP	2026-02-25T19:48:44.9056316Z Preparing to unpack .../026-uuid-dev_2.39.3-9ubuntu6.4_amd64.deb ...
Linux Desktop Tests (5)	UNKNOWN STEP	2026-02-25T19:48:44.9069298Z Unpacking uuid-dev:amd64 (2.39.3-9ubuntu6.4) ...
Linux Desktop Tests (5)	UNKNOWN STEP	2026-02-25T19:48:44.9369315Z Selecting previously unselected package libblkid-dev:amd64.
Linux Desktop Tests (5)	UNKNOWN STEP	2026-02-25T19:48:44.9537210Z Preparing to unpack .../027-libblkid-dev_2.39.3-9ubuntu6.4_amd64.deb ...
Linux Desktop Tests (5)	UNKNOWN STEP	2026-02-25T19:48:44.9547179Z Unpacking libblkid-dev:amd64 (2.39.3-9ubuntu6.4) ...
Linux Desktop Tests (5)	UNKNOWN STEP	2026-02-25T19:48:44.9819771Z Selecting previously unselected package libsepol-dev:amd64.
Linux Desktop Tests (5)	UNKNOWN STEP	2026-02-25T19:48:44.9987392Z Preparing to unpack .../028-libsepol-dev_3.5-2build1_amd64.deb ...
Linux Desktop Tests (5)	UNKNOWN STEP	2026-02-25T19:48:44.9998079Z Unpacking libsepol-dev:amd64 (3.5-2build1) ...
Linux Desktop Tests (5)	UNKNOWN STEP	2026-02-25T19:48:45.0348452Z Selecting previously unselected package libselinux1-dev:amd64.
Linux Desktop Tests (5)	UNKNOWN STEP	2026-02-25T19:48:45.0512656Z Preparing to unpack .../029-libselinux1-dev_3.5-2ubuntu2.1_amd64.deb ...
Linux Desktop Tests (5)	UNKNOWN STEP	2026-02-25T19:48:45.0522708Z Unpacking libselinux1-dev:amd64 (3.5-2ubuntu2.1) ...
Linux Desktop Tests (5)	UNKNOWN STEP	2026-02-25T19:48:45.1002197Z Selecting previously unselected package libmount-dev:amd64.
Linux Desktop Tests (5)	UNKNOWN STEP	2026-02-25T19:48:45.1166685Z Preparing to unpack .../030-libmount-dev_2.39.3-9ubuntu6.4_amd64.deb ...
Linux Desktop Tests (5)	UNKNOWN STEP	2026-02-25T19:48:45.1176483Z Unpacking libmount-dev:amd64 (2.39.3-9ubuntu6.4) ...
Linux Desktop Tests (5)	UNKNOWN STEP	2026-02-25T19:48:45.1432989Z Selecting previously unselected package libgirepository-2.0-0:amd64.
Linux Desktop Tests (5)	UNKNOWN STEP	2026-02-25T19:48:45.1602693Z Preparing to unpack .../031-libgirepository-2.0-0_2.80.0-6ubuntu3.8_amd64.deb ...
Linux Desktop Tests (5)	UNKNOWN STEP	2026-02-25T19:48:45.1613876Z Unpacking libgirepository-2.0-0:amd64 (2.80.0-6ubuntu3.8) ...
Linux Desktop Tests (5)	UNKNOWN STEP	2026-02-25T19:48:45.1852696Z Selecting previously unselected package libglib2.0-dev:amd64.
Linux Desktop Tests (5)	UNKNOWN STEP	2026-02-25T19:48:45.2022304Z Preparing to unpack .../032-libglib2.0-dev_2.80.0-6ubuntu3.8_amd64.deb ...
Linux Desktop Tests (5)	UNKNOWN STEP	2026-02-25T19:48:45.2039238Z Unpacking libglib2.0-dev:amd64 (2.80.0-6ubuntu3.8) ...
Linux Desktop Tests (5)	UNKNOWN STEP	2026-02-25T19:48:45.3127363Z Selecting previously unselected package libatk1.0-dev:amd64.
Linux Desktop Tests (5)	UNKNOWN STEP	2026-02-25T19:48:45.3298072Z Preparing to unpack .../033-libatk1.0-dev_2.52.0-1build1_amd64.deb ...
Linux Desktop Tests (5)	UNKNOWN STEP	2026-02-25T19:48:45.3309952Z Unpacking libatk1.0-dev:amd64 (2.52.0-1build1) ...
Linux Desktop Tests (5)	UNKNOWN STEP	2026-02-25T19:48:45.3641113Z Selecting previously unselected package libdbus-1-dev:amd64.
Linux Desktop Tests (5)	UNKNOWN STEP	2026-02-25T19:48:45.3808696Z Preparing to unpack .../034-libdbus-1-dev_1.14.10-4ubuntu4.1_amd64.deb ...
Linux Desktop Tests (5)	UNKNOWN STEP	2026-02-25T19:48:45.3819423Z Unpacking libdbus-1-dev:amd64 (1.14.10-4ubuntu4.1) ...
Linux Desktop Tests (5)	UNKNOWN STEP	2026-02-25T19:48:45.4144897Z Selecting previously unselected package xorg-sgml-doctools.
Linux Desktop Tests (5)	UNKNOWN STEP	2026-02-25T19:48:45.4308933Z Preparing to unpack .../035-xorg-sgml-doctools_1%3a1.11-1.1_all.deb ...
Linux Desktop Tests (5)	UNKNOWN STEP	2026-02-25T19:48:45.4318657Z Unpacking xorg-sgml-doctools (1:1.11-1.1) ...
Linux Desktop Tests (5)	UNKNOWN STEP	2026-02-25T19:48:45.4582920Z Selecting previously unselected package x11proto-dev.
Linux Desktop Tests (5)	UNKNOWN STEP	2026-02-25T19:48:45.4754390Z Preparing to unpack .../036-x11proto-dev_2023.2-1_all.deb ...
Linux Desktop Tests (5)	UNKNOWN STEP	2026-02-25T19:48:45.4765445Z Unpacking x11proto-dev (2023.2-1) ...
Linux Desktop Tests (5)	UNKNOWN STEP	2026-02-25T19:48:45.5290277Z Selecting previously unselected package libxau-dev:amd64.
Linux Desktop Tests (5)	UNKNOWN STEP	2026-02-25T19:48:45.5459117Z Preparing to unpack .../037-libxau-dev_1%3a1.0.9-1build6_amd64.deb ...
Linux Desktop Tests (5)	UNKNOWN STEP	2026-02-25T19:48:45.5469387Z Unpacking libxau-dev:amd64 (1:1.0.9-1build6) ...
Linux Desktop Tests (5)	UNKNOWN STEP	2026-02-25T19:48:45.5714736Z Selecting previously unselected package libxdmcp-dev:amd64.
Linux Desktop Tests (5)	UNKNOWN STEP	2026-02-25T19:48:45.5878778Z Preparing to unpack .../038-libxdmcp-dev_1%3a1.1.3-0ubuntu6_amd64.deb ...
Linux Desktop Tests (5)	UNKNOWN STEP	2026-02-25T19:48:45.5889985Z Unpacking libxdmcp-dev:amd64 (1:1.1.3-0ubuntu6) ...
Linux Desktop Tests (5)	UNKNOWN STEP	2026-02-25T19:48:45.6120464Z Selecting previously unselected package xtrans-dev.
Linux Desktop Tests (5)	UNKNOWN STEP	2026-02-25T19:48:45.6289782Z Preparing to unpack .../039-xtrans-dev_1.4.0-1_all.deb ...
Linux Desktop Tests (5)	UNKNOWN STEP	2026-02-25T19:48:45.6301181Z Unpacking xtrans-dev (1.4.0-1) ...
Linux Desktop Tests (5)	UNKNOWN STEP	2026-02-25T19:48:45.6571303Z Selecting previously unselected package libpthread-stubs0-dev:amd64.
Linux Desktop Tests (5)	UNKNOWN STEP	2026-02-25T19:48:45.6741430Z Preparing to unpack .../040-libpthread-stubs0-dev_0.4-1build3_amd64.deb ...
Linux Desktop Tests (5)	UNKNOWN STEP	2026-02-25T19:48:45.6755239Z Unpacking libpthread-stubs0-dev:amd64 (0.4-1build3) ...
Linux Desktop Tests (5)	UNKNOWN STEP	2026-02-25T19:48:45.7047029Z Selecting previously unselected package libxcb1-dev:amd64.
Linux Desktop Tests (5)	UNKNOWN STEP	2026-02-25T19:48:45.7218519Z Preparing to unpack .../041-libxcb1-dev_1.15-1ubuntu2_amd64.deb ...
Linux Desktop Tests (5)	UNKNOWN STEP	2026-02-25T19:48:45.7229958Z Unpacking libxcb1-dev:amd64 (1.15-1ubuntu2) ...
Linux Desktop Tests (5)	UNKNOWN STEP	2026-02-25T19:48:45.7493717Z Selecting previously unselected package libx11-dev:amd64.
Linux Desktop Tests (5)	UNKNOWN STEP	2026-02-25T19:48:45.7665047Z Preparing to unpack .../042-libx11-dev_2%3a1.8.7-1build1_amd64.deb ...
Linux Desktop Tests (5)	UNKNOWN STEP	2026-02-25T19:48:45.7679869Z Unpacking libx11-dev:amd64 (2:1.8.7-1build1) ...
Linux Desktop Tests (5)	UNKNOWN STEP	2026-02-25T19:48:45.8014194Z Selecting previously unselected package libxext-dev:amd64.
Linux Desktop Tests (5)	UNKNOWN STEP	2026-02-25T19:48:45.8182058Z Preparing to unpack .../043-libxext-dev_2%3a1.3.4-1build2_amd64.deb ...
Linux Desktop Tests (5)	UNKNOWN STEP	2026-02-25T19:48:45.8194610Z Unpacking libxext-dev:amd64 (2:1.3.4-1build2) ...
Linux Desktop Tests (5)	UNKNOWN STEP	2026-02-25T19:48:45.8527671Z Selecting previously unselected package libxfixes-dev:amd64.
Linux Desktop Tests (5)	UNKNOWN STEP	2026-02-25T19:48:45.8695387Z Preparing to unpack .../044-libxfixes-dev_1%3a6.0.0-2build1_amd64.deb ...
Linux Desktop Tests (5)	UNKNOWN STEP	2026-02-25T19:48:45.8708207Z Unpacking libxfixes-dev:amd64 (1:6.0.0-2build1) ...
Linux Desktop Tests (5)	UNKNOWN STEP	2026-02-25T19:48:45.8941856Z Selecting previously unselected package libxi-dev:amd64.
Linux Desktop Tests (5)	UNKNOWN STEP	2026-02-25T19:48:45.9111708Z Preparing to unpack .../045-libxi-dev_2%3a1.8.1-1build1_amd64.deb ...
Linux Desktop Tests (5)	UNKNOWN STEP	2026-02-25T19:48:45.9122861Z Unpacking libxi-dev:amd64 (2:1.8.1-1build1) ...
Linux Desktop Tests (5)	UNKNOWN STEP	2026-02-25T19:48:45.9471556Z Selecting previously unselected package libxtst-dev:amd64.
Linux Desktop Tests (5)	UNKNOWN STEP	2026-02-25T19:48:45.9638755Z Preparing to unpack .../046-libxtst-dev_2%3a1.2.3-1.1build1_amd64.deb ...
Linux Desktop Tests (5)	UNKNOWN STEP	2026-02-25T19:48:45.9649434Z Unpacking libxtst-dev:amd64 (2:1.2.3-1.1build1) ...
Linux Desktop Tests (5)	UNKNOWN STEP	2026-02-25T19:48:45.9891326Z Selecting previously unselected package libatspi2.0-dev:amd64.
Linux Desktop Tests (5)	UNKNOWN STEP	2026-02-25T19:48:46.0059450Z Preparing to unpack .../047-libatspi2.0-dev_2.52.0-1build1_amd64.deb ...
Linux Desktop Tests (5)	UNKNOWN STEP	2026-02-25T19:48:46.0072000Z Unpacking libatspi2.0-dev:amd64 (2.52.0-1build1) ...
Linux Desktop Tests (5)	UNKNOWN STEP	2026-02-25T19:48:46.0373570Z Selecting previously unselected package libatk-bridge2.0-dev:amd64.
Linux Desktop Tests (5)	UNKNOWN STEP	2026-02-25T19:48:46.0541798Z Preparing to unpack .../048-libatk-bridge2.0-dev_2.52.0-1build1_amd64.deb ...
Linux Desktop Tests (5)	UNKNOWN STEP	2026-02-25T19:48:46.0552664Z Unpacking libatk-bridge2.0-dev:amd64 (2.52.0-1build1) ...
Linux Desktop Tests (5)	UNKNOWN STEP	2026-02-25T19:48:46.0818791Z Selecting previously unselected package libbrotli-dev:amd64.
Linux Desktop Tests (5)	UNKNOWN STEP	2026-02-25T19:48:46.0988551Z Preparing to unpack .../049-libbrotli-dev_1.1.0-2build2_amd64.deb ...
Linux Desktop Tests (5)	UNKNOWN STEP	2026-02-25T19:48:46.1002691Z Unpacking libbrotli-dev:amd64 (1.1.0-2build2) ...
Linux Desktop Tests (5)	UNKNOWN STEP	2026-02-25T19:48:46.1294088Z Selecting previously unselected package libbz2-dev:amd64.
Linux Desktop Tests (5)	UNKNOWN STEP	2026-02-25T19:48:46.1462202Z Preparing to unpack .../050-libbz2-dev_1.0.8-5.1build0.1_amd64.deb ...
Linux Desktop Tests (5)	UNKNOWN STEP	2026-02-25T19:48:46.1475160Z Unpacking libbz2-dev:amd64 (1.0.8-5.1build0.1) ...
Linux Desktop Tests (5)	UNKNOWN STEP	2026-02-25T19:48:46.1701164Z Selecting previously unselected package libcairo-script-interpreter2:amd64.
Linux Desktop Tests (5)	UNKNOWN STEP	2026-02-25T19:48:46.1871180Z Preparing to unpack .../051-libcairo-script-interpreter2_1.18.0-3build1_amd64.deb ...
Linux Desktop Tests (5)	UNKNOWN STEP	2026-02-25T19:48:46.1880847Z Unpacking libcairo-script-interpreter2:amd64 (1.18.0-3build1) ...
Linux Desktop Tests (5)	UNKNOWN STEP	2026-02-25T19:48:46.2102845Z Selecting previously unselected package libpng-dev:amd64.
Linux Desktop Tests (5)	UNKNOWN STEP	2026-02-25T19:48:46.2273646Z Preparing to unpack .../052-libpng-dev_1.6.43-5ubuntu0.5_amd64.deb ...
Linux Desktop Tests (5)	UNKNOWN STEP	2026-02-25T19:48:46.2282407Z Unpacking libpng-dev:amd64 (1.6.43-5ubuntu0.5) ...
Linux Desktop Tests (5)	UNKNOWN STEP	2026-02-25T19:48:46.2621915Z Selecting previously unselected package libfreetype-dev:amd64.
Linux Desktop Tests (5)	UNKNOWN STEP	2026-02-25T19:48:46.2788049Z Preparing to unpack .../053-libfreetype-dev_2.13.2+dfsg-1build3_amd64.deb ...
Linux Desktop Tests (5)	UNKNOWN STEP	2026-02-25T19:48:46.2796572Z Unpacking libfreetype-dev:amd64 (2.13.2+dfsg-1build3) ...
Linux Desktop Tests (5)	UNKNOWN STEP	2026-02-25T19:48:46.3161043Z Selecting previously unselected package libfontconfig-dev:amd64.
Linux Desktop Tests (5)	UNKNOWN STEP	2026-02-25T19:48:46.3325368Z Preparing to unpack .../054-libfontconfig-dev_2.15.0-1.1ubuntu2_amd64.deb ...
Linux Desktop Tests (5)	UNKNOWN STEP	2026-02-25T19:48:46.3334186Z Unpacking libfontconfig-dev:amd64 (2.15.0-1.1ubuntu2) ...
Linux Desktop Tests (5)	UNKNOWN STEP	2026-02-25T19:48:46.3589334Z Selecting previously unselected package libpixman-1-dev:amd64.
Linux Desktop Tests (5)	UNKNOWN STEP	2026-02-25T19:48:46.3754922Z Preparing to unpack .../055-libpixman-1-dev_0.42.2-1build1_amd64.deb ...
Linux Desktop Tests (5)	UNKNOWN STEP	2026-02-25T19:48:46.3769330Z Unpacking libpixman-1-dev:amd64 (0.42.2-1build1) ...
Linux Desktop Tests (5)	UNKNOWN STEP	2026-02-25T19:48:46.4019149Z Selecting previously unselected package libice-dev:amd64.
Linux Desktop Tests (5)	UNKNOWN STEP	2026-02-25T19:48:46.4187490Z Preparing to unpack .../056-libice-dev_2%3a1.0.10-1build3_amd64.deb ...
Linux Desktop Tests (5)	UNKNOWN STEP	2026-02-25T19:48:46.4198747Z Unpacking libice-dev:amd64 (2:1.0.10-1build3) ...
Linux Desktop Tests (5)	UNKNOWN STEP	2026-02-25T19:48:46.4435654Z Selecting previously unselected package libsm-dev:amd64.
Linux Desktop Tests (5)	UNKNOWN STEP	2026-02-25T19:48:46.4603281Z Preparing to unpack .../057-libsm-dev_2%3a1.2.3-1build3_amd64.deb ...
Linux Desktop Tests (5)	UNKNOWN STEP	2026-02-25T19:48:46.4611750Z Unpacking libsm-dev:amd64 (2:1.2.3-1build3) ...
Linux Desktop Tests (5)	UNKNOWN STEP	2026-02-25T19:48:46.4831175Z Selecting previously unselected package libxcb-render0-dev:amd64.
Linux Desktop Tests (5)	UNKNOWN STEP	2026-02-25T19:48:46.4999099Z Preparing to unpack .../058-libxcb-render0-dev_1.15-1ubuntu2_amd64.deb ...
Linux Desktop Tests (5)	UNKNOWN STEP	2026-02-25T19:48:46.5009320Z Unpacking libxcb-render0-dev:amd64 (1.15-1ubuntu2) ...
Linux Desktop Tests (5)	UNKNOWN STEP	2026-02-25T19:48:46.5232208Z Selecting previously unselected package libxcb-shm0-dev:amd64.
Linux Desktop Tests (5)	UNKNOWN STEP	2026-02-25T19:48:46.5401732Z Preparing to unpack .../059-libxcb-shm0-dev_1.15-1ubuntu2_amd64.deb ...
Linux Desktop Tests (5)	UNKNOWN STEP	2026-02-25T19:48:46.5410485Z Unpacking libxcb-shm0-dev:amd64 (1.15-1ubuntu2) ...
Linux Desktop Tests (5)	UNKNOWN STEP	2026-02-25T19:48:46.5625041Z Selecting previously unselected package libxrender-dev:amd64.
Linux Desktop Tests (5)	UNKNOWN STEP	2026-02-25T19:48:46.5792175Z Preparing to unpack .../060-libxrender-dev_1%3a0.9.10-1.1build1_amd64.deb ...
Linux Desktop Tests (5)	UNKNOWN STEP	2026-02-25T19:48:46.5801588Z Unpacking libxrender-dev:amd64 (1:0.9.10-1.1build1) ...
Linux Desktop Tests (5)	UNKNOWN STEP	2026-02-25T19:48:46.6025273Z Selecting previously unselected package libcairo2-dev:amd64.
Linux Desktop Tests (5)	UNKNOWN STEP	2026-02-25T19:48:46.6195231Z Preparing to unpack .../061-libcairo2-dev_1.18.0-3build1_amd64.deb ...
Linux Desktop Tests (5)	UNKNOWN STEP	2026-02-25T19:48:46.6205419Z Unpacking libcairo2-dev:amd64 (1.18.0-3build1) ...
Linux Desktop Tests (5)	UNKNOWN STEP	2026-02-25T19:48:46.6469803Z Selecting previously unselected package libdatrie-dev:amd64.
Linux Desktop Tests (5)	UNKNOWN STEP	2026-02-25T19:48:46.6637615Z Preparing to unpack .../062-libdatrie-dev_0.2.13-3build1_amd64.deb ...
Linux Desktop Tests (5)	UNKNOWN STEP	2026-02-25T19:48:46.6646272Z Unpacking libdatrie-dev:amd64 (0.2.13-3build1) ...
Linux Desktop Tests (5)	UNKNOWN STEP	2026-02-25T19:48:46.6884603Z Selecting previously unselected package libdeflate-dev:amd64.
Linux Desktop Tests (5)	UNKNOWN STEP	2026-02-25T19:48:46.7052027Z Preparing to unpack .../063-libdeflate-dev_1.19-1build1.1_amd64.deb ...
Linux Desktop Tests (5)	UNKNOWN STEP	2026-02-25T19:48:46.7060612Z Unpacking libdeflate-dev:amd64 (1.19-1build1.1) ...
Linux Desktop Tests (5)	UNKNOWN STEP	2026-02-25T19:48:46.7331355Z Selecting previously unselected package libegl-mesa0:amd64.
Linux Desktop Tests (5)	UNKNOWN STEP	2026-02-25T19:48:46.7499867Z Preparing to unpack .../064-libegl-mesa0_25.2.8-0ubuntu0.24.04.1_amd64.deb ...
Linux Desktop Tests (5)	UNKNOWN STEP	2026-02-25T19:48:46.7510442Z Unpacking libegl-mesa0:amd64 (25.2.8-0ubuntu0.24.04.1) ...
Linux Desktop Tests (5)	UNKNOWN STEP	2026-02-25T19:48:46.7764706Z Selecting previously unselected package libegl1:amd64.
Linux Desktop Tests (5)	UNKNOWN STEP	2026-02-25T19:48:46.7935278Z Preparing to unpack .../065-libegl1_1.7.0-1build1_amd64.deb ...
Linux Desktop Tests (5)	UNKNOWN STEP	2026-02-25T19:48:46.7946093Z Unpacking libegl1:amd64 (1.7.0-1build1) ...
Linux Desktop Tests (5)	UNKNOWN STEP	2026-02-25T19:48:46.8179298Z Selecting previously unselected package libglx-dev:amd64.
Linux Desktop Tests (5)	UNKNOWN STEP	2026-02-25T19:48:46.8344969Z Preparing to unpack .../066-libglx-dev_1.7.0-1build1_amd64.deb ...
Linux Desktop Tests (5)	UNKNOWN STEP	2026-02-25T19:48:46.8353434Z Unpacking libglx-dev:amd64 (1.7.0-1build1) ...
Linux Desktop Tests (5)	UNKNOWN STEP	2026-02-25T19:48:46.8602160Z Selecting previously unselected package libgl-dev:amd64.
Linux Desktop Tests (5)	UNKNOWN STEP	2026-02-25T19:48:46.8769270Z Preparing to unpack .../067-libgl-dev_1.7.0-1build1_amd64.deb ...
Linux Desktop Tests (5)	UNKNOWN STEP	2026-02-25T19:48:46.8777909Z Unpacking libgl-dev:amd64 (1.7.0-1build1) ...
Linux Desktop Tests (5)	UNKNOWN STEP	2026-02-25T19:48:46.9038160Z Selecting previously unselected package libegl-dev:amd64.
Linux Desktop Tests (5)	UNKNOWN STEP	2026-02-25T19:48:46.9208934Z Preparing to unpack .../068-libegl-dev_1.7.0-1build1_amd64.deb ...
Linux Desktop Tests (5)	UNKNOWN STEP	2026-02-25T19:48:46.9220384Z Unpacking libegl-dev:amd64 (1.7.0-1build1) ...
Linux Desktop Tests (5)	UNKNOWN STEP	2026-02-25T19:48:46.9444925Z Selecting previously unselected package libglvnd-core-dev:amd64.
Linux Desktop Tests (5)	UNKNOWN STEP	2026-02-25T19:48:46.9612226Z Preparing to unpack .../069-libglvnd-core-dev_1.7.0-1build1_amd64.deb ...
Linux Desktop Tests (5)	UNKNOWN STEP	2026-02-25T19:48:46.9623217Z Unpacking libglvnd-core-dev:amd64 (1.7.0-1build1) ...
Linux Desktop Tests (5)	UNKNOWN STEP	2026-02-25T19:48:46.9869164Z Selecting previously unselected package libgles1:amd64.
Linux Desktop Tests (5)	UNKNOWN STEP	2026-02-25T19:48:47.0040193Z Preparing to unpack .../070-libgles1_1.7.0-1build1_amd64.deb ...
Linux Desktop Tests (5)	UNKNOWN STEP	2026-02-25T19:48:47.0056728Z Unpacking libgles1:amd64 (1.7.0-1build1) ...
Linux Desktop Tests (5)	UNKNOWN STEP	2026-02-25T19:48:47.0324160Z Selecting previously unselected package libgles2:amd64.
Linux Desktop Tests (5)	UNKNOWN STEP	2026-02-25T19:48:47.0494157Z Preparing to unpack .../071-libgles2_1.7.0-1build1_amd64.deb ...
Linux Desktop Tests (5)	UNKNOWN STEP	2026-02-25T19:48:47.0503259Z Unpacking libgles2:amd64 (1.7.0-1build1) ...
Linux Desktop Tests (5)	UNKNOWN STEP	2026-02-25T19:48:47.0752031Z Selecting previously unselected package libgles-dev:amd64.
Linux Desktop Tests (5)	UNKNOWN STEP	2026-02-25T19:48:47.0921969Z Preparing to unpack .../072-libgles-dev_1.7.0-1build1_amd64.deb ...
Linux Desktop Tests (5)	UNKNOWN STEP	2026-02-25T19:48:47.0931574Z Unpacking libgles-dev:amd64 (1.7.0-1build1) ...
Linux Desktop Tests (5)	UNKNOWN STEP	2026-02-25T19:48:47.1210212Z Selecting previously unselected package libopengl0:amd64.
Linux Desktop Tests (5)	UNKNOWN STEP	2026-02-25T19:48:47.1381340Z Preparing to unpack .../073-libopengl0_1.7.0-1build1_amd64.deb ...
Linux Desktop Tests (5)	UNKNOWN STEP	2026-02-25T19:48:47.1393379Z Unpacking libopengl0:amd64 (1.7.0-1build1) ...
Linux Desktop Tests (5)	UNKNOWN STEP	2026-02-25T19:48:47.1623049Z Selecting previously unselected package libopengl-dev:amd64.
Linux Desktop Tests (5)	UNKNOWN STEP	2026-02-25T19:48:47.1787619Z Preparing to unpack .../074-libopengl-dev_1.7.0-1build1_amd64.deb ...
Linux Desktop Tests (5)	UNKNOWN STEP	2026-02-25T19:48:47.1801660Z Unpacking libopengl-dev:amd64 (1.7.0-1build1) ...
Linux Desktop Tests (5)	UNKNOWN STEP	2026-02-25T19:48:47.2013207Z Selecting previously unselected package libglvnd-dev:amd64.
Linux Desktop Tests (5)	UNKNOWN STEP	2026-02-25T19:48:47.2179303Z Preparing to unpack .../075-libglvnd-dev_1.7.0-1build1_amd64.deb ...
Linux Desktop Tests (5)	UNKNOWN STEP	2026-02-25T19:48:47.2188484Z Unpacking libglvnd-dev:amd64 (1.7.0-1build1) ...
Linux Desktop Tests (5)	UNKNOWN STEP	2026-02-25T19:48:47.2406049Z Selecting previously unselected package libegl1-mesa-dev:amd64.
Linux Desktop Tests (5)	UNKNOWN STEP	2026-02-25T19:48:47.2573748Z Preparing to unpack .../076-libegl1-mesa-dev_25.2.8-0ubuntu0.24.04.1_amd64.deb ...
Linux Desktop Tests (5)	UNKNOWN STEP	2026-02-25T19:48:47.2696746Z Unpacking libegl1-mesa-dev:amd64 (25.2.8-0ubuntu0.24.04.1) ...
Linux Desktop Tests (5)	UNKNOWN STEP	2026-02-25T19:48:47.2927208Z Selecting previously unselected package libepoxy-dev:amd64.
Linux Desktop Tests (5)	UNKNOWN STEP	2026-02-25T19:48:47.3094126Z Preparing to unpack .../077-libepoxy-dev_1.5.10-1build1_amd64.deb ...
Linux Desktop Tests (5)	UNKNOWN STEP	2026-02-25T19:48:47.3103954Z Unpacking libepoxy-dev:amd64 (1.5.10-1build1) ...
Linux Desktop Tests (5)	UNKNOWN STEP	2026-02-25T19:48:47.3385456Z Selecting previously unselected package libfribidi-dev:amd64.
Linux Desktop Tests (5)	UNKNOWN STEP	2026-02-25T19:48:47.3555385Z Preparing to unpack .../078-libfribidi-dev_1.0.13-3build1_amd64.deb ...
Linux Desktop Tests (5)	UNKNOWN STEP	2026-02-25T19:48:47.3566860Z Unpacking libfribidi-dev:amd64 (1.0.13-3build1) ...
Linux Desktop Tests (5)	UNKNOWN STEP	2026-02-25T19:48:47.3877506Z Selecting previously unselected package libgpg-error-dev.
Linux Desktop Tests (5)	UNKNOWN STEP	2026-02-25T19:48:47.4043965Z Preparing to unpack .../079-libgpg-error-dev_1.47-3build2.1_amd64.deb ...
Linux Desktop Tests (5)	UNKNOWN STEP	2026-02-25T19:48:47.4051862Z Unpacking libgpg-error-dev (1.47-3build2.1) ...
Linux Desktop Tests (5)	UNKNOWN STEP	2026-02-25T19:48:47.4327538Z Selecting previously unselected package libgcrypt20-dev.
Linux Desktop Tests (5)	UNKNOWN STEP	2026-02-25T19:48:47.4496163Z Preparing to unpack .../080-libgcrypt20-dev_1.10.3-2build1_amd64.deb ...
Linux Desktop Tests (5)	UNKNOWN STEP	2026-02-25T19:48:47.4511058Z Unpacking libgcrypt20-dev (1.10.3-2build1) ...
Linux Desktop Tests (5)	UNKNOWN STEP	2026-02-25T19:48:47.4846815Z Selecting previously unselected package libgdk-pixbuf2.0-bin.
Linux Desktop Tests (5)	UNKNOWN STEP	2026-02-25T19:48:47.5016466Z Preparing to unpack .../081-libgdk-pixbuf2.0-bin_2.42.10+dfsg-3ubuntu3.2_amd64.deb ...
Linux Desktop Tests (5)	UNKNOWN STEP	2026-02-25T19:48:47.5024377Z Unpacking libgdk-pixbuf2.0-bin (2.42.10+dfsg-3ubuntu3.2) ...
Linux Desktop Tests (5)	UNKNOWN STEP	2026-02-25T19:48:47.5275165Z Selecting previously unselected package libjpeg-turbo8-dev:amd64.
Linux Desktop Tests (5)	UNKNOWN STEP	2026-02-25T19:48:47.5448394Z Preparing to unpack .../082-libjpeg-turbo8-dev_2.1.5-2ubuntu2_amd64.deb ...
Linux Desktop Tests (5)	UNKNOWN STEP	2026-02-25T19:48:47.5460246Z Unpacking libjpeg-turbo8-dev:amd64 (2.1.5-2ubuntu2) ...
Linux Desktop Tests (5)	UNKNOWN STEP	2026-02-25T19:48:47.5745725Z Selecting previously unselected package libjpeg8-dev:amd64.
Linux Desktop Tests (5)	UNKNOWN STEP	2026-02-25T19:48:47.5915420Z Preparing to unpack .../083-libjpeg8-dev_8c-2ubuntu11_amd64.deb ...
Linux Desktop Tests (5)	UNKNOWN STEP	2026-02-25T19:48:47.5926537Z Unpacking libjpeg8-dev:amd64 (8c-2ubuntu11) ...
Linux Desktop Tests (5)	UNKNOWN STEP	2026-02-25T19:48:47.6163795Z Selecting previously unselected package libjpeg-dev:amd64.
Linux Desktop Tests (5)	UNKNOWN STEP	2026-02-25T19:48:47.6334029Z Preparing to unpack .../084-libjpeg-dev_8c-2ubuntu11_amd64.deb ...
Linux Desktop Tests (5)	UNKNOWN STEP	2026-02-25T19:48:47.6343300Z Unpacking libjpeg-dev:amd64 (8c-2ubuntu11) ...
Linux Desktop Tests (5)	UNKNOWN STEP	2026-02-25T19:48:47.6553408Z Selecting previously unselected package libjbig-dev:amd64.
Linux Desktop Tests (5)	UNKNOWN STEP	2026-02-25T19:48:47.6723931Z Preparing to unpack .../085-libjbig-dev_2.1-6.1ubuntu2_amd64.deb ...
Linux Desktop Tests (5)	UNKNOWN STEP	2026-02-25T19:48:47.6731649Z Unpacking libjbig-dev:amd64 (2.1-6.1ubuntu2) ...
Linux Desktop Tests (5)	UNKNOWN STEP	2026-02-25T19:48:47.6951570Z Selecting previously unselected package liblzma-dev:amd64.
Linux Desktop Tests (5)	UNKNOWN STEP	2026-02-25T19:48:47.7119542Z Preparing to unpack .../086-liblzma-dev_5.6.1+really5.4.5-1ubuntu0.2_amd64.deb ...
Linux Desktop Tests (5)	UNKNOWN STEP	2026-02-25T19:48:47.7128910Z Unpacking liblzma-dev:amd64 (5.6.1+really5.4.5-1ubuntu0.2) ...
Linux Desktop Tests (5)	UNKNOWN STEP	2026-02-25T19:48:47.7430663Z Selecting previously unselected package libwebpdecoder3:amd64.
Linux Desktop Tests (5)	UNKNOWN STEP	2026-02-25T19:48:47.7605739Z Preparing to unpack .../087-libwebpdecoder3_1.3.2-0.4build3_amd64.deb ...
Linux Desktop Tests (5)	UNKNOWN STEP	2026-02-25T19:48:47.7614999Z Unpacking libwebpdecoder3:amd64 (1.3.2-0.4build3) ...
Linux Desktop Tests (5)	UNKNOWN STEP	2026-02-25T19:48:47.7850111Z Selecting previously unselected package libsharpyuv-dev:amd64.
Linux Desktop Tests (5)	UNKNOWN STEP	2026-02-25T19:48:47.8023400Z Preparing to unpack .../088-libsharpyuv-dev_1.3.2-0.4build3_amd64.deb ...
Linux Desktop Tests (5)	UNKNOWN STEP	2026-02-25T19:48:47.8034848Z Unpacking libsharpyuv-dev:amd64 (1.3.2-0.4build3) ...
Linux Desktop Tests (5)	UNKNOWN STEP	2026-02-25T19:48:47.8270218Z Selecting previously unselected package libwebp-dev:amd64.
Linux Desktop Tests (5)	UNKNOWN STEP	2026-02-25T19:48:47.8441786Z Preparing to unpack .../089-libwebp-dev_1.3.2-0.4build3_amd64.deb ...
Linux Desktop Tests (5)	UNKNOWN STEP	2026-02-25T19:48:47.8452646Z Unpacking libwebp-dev:amd64 (1.3.2-0.4build3) ...
Linux Desktop Tests (5)	UNKNOWN STEP	2026-02-25T19:48:47.8810339Z Selecting previously unselected package libtiffxx6:amd64.
Linux Desktop Tests (5)	UNKNOWN STEP	2026-02-25T19:48:47.8979470Z Preparing to unpack .../090-libtiffxx6_4.5.1+git230720-4ubuntu2.4_amd64.deb ...
Linux Desktop Tests (5)	UNKNOWN STEP	2026-02-25T19:48:47.8990019Z Unpacking libtiffxx6:amd64 (4.5.1+git230720-4ubuntu2.4) ...
Linux Desktop Tests (5)	UNKNOWN STEP	2026-02-25T19:48:47.9218893Z Selecting previously unselected package liblerc-dev:amd64.
Linux Desktop Tests (5)	UNKNOWN STEP	2026-02-25T19:48:47.9390229Z Preparing to unpack .../091-liblerc-dev_4.0.0+ds-4ubuntu2_amd64.deb ...
Linux Desktop Tests (5)	UNKNOWN STEP	2026-02-25T19:48:47.9398642Z Unpacking liblerc-dev:amd64 (4.0.0+ds-4ubuntu2) ...
Linux Desktop Tests (5)	UNKNOWN STEP	2026-02-25T19:48:47.9660081Z Selecting previously unselected package libtiff-dev:amd64.
Linux Desktop Tests (5)	UNKNOWN STEP	2026-02-25T19:48:47.9842051Z Preparing to unpack .../092-libtiff-dev_4.5.1+git230720-4ubuntu2.4_amd64.deb ...
Linux Desktop Tests (5)	UNKNOWN STEP	2026-02-25T19:48:47.9850658Z Unpacking libtiff-dev:amd64 (4.5.1+git230720-4ubuntu2.4) ...
Linux Desktop Tests (5)	UNKNOWN STEP	2026-02-25T19:48:48.0218642Z Selecting previously unselected package libgdk-pixbuf-2.0-dev:amd64.
Linux Desktop Tests (5)	UNKNOWN STEP	2026-02-25T19:48:48.0389111Z Preparing to unpack .../093-libgdk-pixbuf-2.0-dev_2.42.10+dfsg-3ubuntu3.2_amd64.deb ...
Linux Desktop Tests (5)	UNKNOWN STEP	2026-02-25T19:48:48.0397876Z Unpacking libgdk-pixbuf-2.0-dev:amd64 (2.42.10+dfsg-3ubuntu3.2) ...
Linux Desktop Tests (5)	UNKNOWN STEP	2026-02-25T19:48:48.0666066Z Selecting previously unselected package libgles2-mesa-dev:amd64.
Linux Desktop Tests (5)	UNKNOWN STEP	2026-02-25T19:48:48.0832919Z Preparing to unpack .../094-libgles2-mesa-dev_25.2.8-0ubuntu0.24.04.1_amd64.deb ...
Linux Desktop Tests (5)	UNKNOWN STEP	2026-02-25T19:48:48.0841086Z Unpacking libgles2-mesa-dev:amd64 (25.2.8-0ubuntu0.24.04.1) ...
Linux Desktop Tests (5)	UNKNOWN STEP	2026-02-25T19:48:48.1064273Z Selecting previously unselected package libgraphite2-dev:amd64.
Linux Desktop Tests (5)	UNKNOWN STEP	2026-02-25T19:48:48.1231965Z Preparing to unpack .../095-libgraphite2-dev_1.3.14-2build1_amd64.deb ...
Linux Desktop Tests (5)	UNKNOWN STEP	2026-02-25T19:48:48.1241095Z Unpacking libgraphite2-dev:amd64 (1.3.14-2build1) ...
Linux Desktop Tests (5)	UNKNOWN STEP	2026-02-25T19:48:48.1564103Z Selecting previously unselected package libharfbuzz-icu0:amd64.
Linux Desktop Tests (5)	UNKNOWN STEP	2026-02-25T19:48:48.1733326Z Preparing to unpack .../096-libharfbuzz-icu0_8.3.0-2build2_amd64.deb ...
Linux Desktop Tests (5)	UNKNOWN STEP	2026-02-25T19:48:48.1742717Z Unpacking libharfbuzz-icu0:amd64 (8.3.0-2build2) ...
Linux Desktop Tests (5)	UNKNOWN STEP	2026-02-25T19:48:48.1978180Z Selecting previously unselected package libharfbuzz-subset0:amd64.
Linux Desktop Tests (5)	UNKNOWN STEP	2026-02-25T19:48:48.2187437Z Preparing to unpack .../097-libharfbuzz-subset0_8.3.0-2build2_amd64.deb ...
Linux Desktop Tests (5)	UNKNOWN STEP	2026-02-25T19:48:48.2195857Z Unpacking libharfbuzz-subset0:amd64 (8.3.0-2build2) ...
Linux Desktop Tests (5)	UNKNOWN STEP	2026-02-25T19:48:48.2507118Z Selecting previously unselected package libharfbuzz-cairo0:amd64.
Linux Desktop Tests (5)	UNKNOWN STEP	2026-02-25T19:48:48.2685466Z Preparing to unpack .../098-libharfbuzz-cairo0_8.3.0-2build2_amd64.deb ...
Linux Desktop Tests (5)	UNKNOWN STEP	2026-02-25T19:48:48.2699730Z Unpacking libharfbuzz-cairo0:amd64 (8.3.0-2build2) ...
Linux Desktop Tests (5)	UNKNOWN STEP	2026-02-25T19:48:48.2918232Z Selecting previously unselected package libharfbuzz-dev:amd64.
Linux Desktop Tests (5)	UNKNOWN STEP	2026-02-25T19:48:48.3088945Z Preparing to unpack .../099-libharfbuzz-dev_8.3.0-2build2_amd64.deb ...
Linux Desktop Tests (5)	UNKNOWN STEP	2026-02-25T19:48:48.3099443Z Unpacking libharfbuzz-dev:amd64 (8.3.0-2build2) ...
Linux Desktop Tests (5)	UNKNOWN STEP	2026-02-25T19:48:48.3455823Z Selecting previously unselected package libthai-dev:amd64.
Linux Desktop Tests (5)	UNKNOWN STEP	2026-02-25T19:48:48.3629038Z Preparing to unpack .../100-libthai-dev_0.1.29-2build1_amd64.deb ...
Linux Desktop Tests (5)	UNKNOWN STEP	2026-02-25T19:48:48.3638953Z Unpacking libthai-dev:amd64 (0.1.29-2build1) ...
Linux Desktop Tests (5)	UNKNOWN STEP	2026-02-25T19:48:48.3899922Z Selecting previously unselected package libxft-dev:amd64.
Linux Desktop Tests (5)	UNKNOWN STEP	2026-02-25T19:48:48.4075361Z Preparing to unpack .../101-libxft-dev_2.3.6-1build1_amd64.deb ...
Linux Desktop Tests (5)	UNKNOWN STEP	2026-02-25T19:48:48.4084108Z Unpacking libxft-dev:amd64 (2.3.6-1build1) ...
Linux Desktop Tests (5)	UNKNOWN STEP	2026-02-25T19:48:48.4382689Z Selecting previously unselected package pango1.0-tools.
Linux Desktop Tests (5)	UNKNOWN STEP	2026-02-25T19:48:48.4557720Z Preparing to unpack .../102-pango1.0-tools_1.52.1+ds-1build1_amd64.deb ...
Linux Desktop Tests (5)	UNKNOWN STEP	2026-02-25T19:48:48.4566177Z Unpacking pango1.0-tools (1.52.1+ds-1build1) ...
Linux Desktop Tests (5)	UNKNOWN STEP	2026-02-25T19:48:48.4833641Z Selecting previously unselected package libpango1.0-dev:amd64.
Linux Desktop Tests (5)	UNKNOWN STEP	2026-02-25T19:48:48.5006850Z Preparing to unpack .../103-libpango1.0-dev_1.52.1+ds-1build1_amd64.deb ...
Linux Desktop Tests (5)	UNKNOWN STEP	2026-02-25T19:48:48.5015359Z Unpacking libpango1.0-dev:amd64 (1.52.1+ds-1build1) ...
Linux Desktop Tests (5)	UNKNOWN STEP	2026-02-25T19:48:48.5372467Z Selecting previously unselected package libwayland-server0:amd64.
Linux Desktop Tests (5)	UNKNOWN STEP	2026-02-25T19:48:48.5544637Z Preparing to unpack .../104-libwayland-server0_1.22.0-2.1build1_amd64.deb ...
Linux Desktop Tests (5)	UNKNOWN STEP	2026-02-25T19:48:48.5557195Z Unpacking libwayland-server0:amd64 (1.22.0-2.1build1) ...
Linux Desktop Tests (5)	UNKNOWN STEP	2026-02-25T19:48:48.5783682Z Selecting previously unselected package libwayland-bin.
Linux Desktop Tests (5)	UNKNOWN STEP	2026-02-25T19:48:48.5957890Z Preparing to unpack .../105-libwayland-bin_1.22.0-2.1build1_amd64.deb ...
Linux Desktop Tests (5)	UNKNOWN STEP	2026-02-25T19:48:48.5978125Z Unpacking libwayland-bin (1.22.0-2.1build1) ...
Linux Desktop Tests (5)	UNKNOWN STEP	2026-02-25T19:48:48.6205483Z Selecting previously unselected package libwayland-dev:amd64.
Linux Desktop Tests (5)	UNKNOWN STEP	2026-02-25T19:48:48.6379798Z Preparing to unpack .../106-libwayland-dev_1.22.0-2.1build1_amd64.deb ...
Linux Desktop Tests (5)	UNKNOWN STEP	2026-02-25T19:48:48.6389961Z Unpacking libwayland-dev:amd64 (1.22.0-2.1build1) ...
Linux Desktop Tests (5)	UNKNOWN STEP	2026-02-25T19:48:48.6661586Z Selecting previously unselected package libxcomposite-dev:amd64.
Linux Desktop Tests (5)	UNKNOWN STEP	2026-02-25T19:48:48.6829171Z Preparing to unpack .../107-libxcomposite-dev_1%3a0.4.5-1build3_amd64.deb ...
Linux Desktop Tests (5)	UNKNOWN STEP	2026-02-25T19:48:48.6837259Z Unpacking libxcomposite-dev:amd64 (1:0.4.5-1build3) ...
Linux Desktop Tests (5)	UNKNOWN STEP	2026-02-25T19:48:48.7109686Z Selecting previously unselected package libxcursor-dev:amd64.
Linux Desktop Tests (5)	UNKNOWN STEP	2026-02-25T19:48:48.7285178Z Preparing to unpack .../108-libxcursor-dev_1%3a1.2.1-1build1_amd64.deb ...
Linux Desktop Tests (5)	UNKNOWN STEP	2026-02-25T19:48:48.7294389Z Unpacking libxcursor-dev:amd64 (1:1.2.1-1build1) ...
Linux Desktop Tests (5)	UNKNOWN STEP	2026-02-25T19:48:48.7597993Z Selecting previously unselected package libxdamage-dev:amd64.
Linux Desktop Tests (5)	UNKNOWN STEP	2026-02-25T19:48:48.7769233Z Preparing to unpack .../109-libxdamage-dev_1%3a1.1.6-1build1_amd64.deb ...
Linux Desktop Tests (5)	UNKNOWN STEP	2026-02-25T19:48:48.7780020Z Unpacking libxdamage-dev:amd64 (1:1.1.6-1build1) ...
Linux Desktop Tests (5)	UNKNOWN STEP	2026-02-25T19:48:48.8005478Z Selecting previously unselected package libxinerama-dev:amd64.
Linux Desktop Tests (5)	UNKNOWN STEP	2026-02-25T19:48:48.8180777Z Preparing to unpack .../110-libxinerama-dev_2%3a1.1.4-3build1_amd64.deb ...
Linux Desktop Tests (5)	UNKNOWN STEP	2026-02-25T19:48:48.8189311Z Unpacking libxinerama-dev:amd64 (2:1.1.4-3build1) ...
Linux Desktop Tests (5)	UNKNOWN STEP	2026-02-25T19:48:48.8425972Z Selecting previously unselected package libxkbcommon-dev:amd64.
Linux Desktop Tests (5)	UNKNOWN STEP	2026-02-25T19:48:48.8599209Z Preparing to unpack .../111-libxkbcommon-dev_1.6.0-1build1_amd64.deb ...
Linux Desktop Tests (5)	UNKNOWN STEP	2026-02-25T19:48:48.8609252Z Unpacking libxkbcommon-dev:amd64 (1.6.0-1build1) ...
Linux Desktop Tests (5)	UNKNOWN STEP	2026-02-25T19:48:48.8861654Z Selecting previously unselected package libxrandr-dev:amd64.
Linux Desktop Tests (5)	UNKNOWN STEP	2026-02-25T19:48:48.9033112Z Preparing to unpack .../112-libxrandr-dev_2%3a1.5.2-2build1_amd64.deb ...
Linux Desktop Tests (5)	UNKNOWN STEP	2026-02-25T19:48:48.9042221Z Unpacking libxrandr-dev:amd64 (2:1.5.2-2build1) ...
Linux Desktop Tests (5)	UNKNOWN STEP	2026-02-25T19:48:48.9313393Z Selecting previously unselected package wayland-protocols.
Linux Desktop Tests (5)	UNKNOWN STEP	2026-02-25T19:48:48.9489775Z Preparing to unpack .../113-wayland-protocols_1.45-1~ubuntu0.24.04.1_all.deb ...
Linux Desktop Tests (5)	UNKNOWN STEP	2026-02-25T19:48:48.9499336Z Unpacking wayland-protocols (1.45-1~ubuntu0.24.04.1) ...
Linux Desktop Tests (5)	UNKNOWN STEP	2026-02-25T19:48:48.9888541Z Selecting previously unselected package libgtk-3-dev:amd64.
Linux Desktop Tests (5)	UNKNOWN STEP	2026-02-25T19:48:49.0065841Z Preparing to unpack .../114-libgtk-3-dev_3.24.41-4ubuntu1.3_amd64.deb ...
Linux Desktop Tests (5)	UNKNOWN STEP	2026-02-25T19:48:49.0075443Z Unpacking libgtk-3-dev:amd64 (3.24.41-4ubuntu1.3) ...
Linux Desktop Tests (5)	UNKNOWN STEP	2026-02-25T19:48:49.1420640Z Selecting previously unselected package libpng-tools.
Linux Desktop Tests (5)	UNKNOWN STEP	2026-02-25T19:48:49.1592756Z Preparing to unpack .../115-libpng-tools_1.6.43-5ubuntu0.5_amd64.deb ...
Linux Desktop Tests (5)	UNKNOWN STEP	2026-02-25T19:48:49.1603417Z Unpacking libpng-tools (1.6.43-5ubuntu0.5) ...
Linux Desktop Tests (5)	UNKNOWN STEP	2026-02-25T19:48:49.1828330Z Selecting previously unselected package libsecret-1-dev:amd64.
Linux Desktop Tests (5)	UNKNOWN STEP	2026-02-25T19:48:49.2001121Z Preparing to unpack .../116-libsecret-1-dev_0.21.4-1build3_amd64.deb ...
Linux Desktop Tests (5)	UNKNOWN STEP	2026-02-25T19:48:49.2009479Z Unpacking libsecret-1-dev:amd64 (0.21.4-1build3) ...
Linux Desktop Tests (5)	UNKNOWN STEP	2026-02-25T19:48:49.2806931Z Selecting previously unselected package ninja-build.
Linux Desktop Tests (5)	UNKNOWN STEP	2026-02-25T19:48:49.2982568Z Preparing to unpack .../117-ninja-build_1.11.1-2_amd64.deb ...
Linux Desktop Tests (5)	UNKNOWN STEP	2026-02-25T19:48:49.2992538Z Unpacking ninja-build (1.11.1-2) ...
Linux Desktop Tests (5)	UNKNOWN STEP	2026-02-25T19:48:49.5522017Z Selecting previously unselected package libgl1-mesa-dev:amd64.
Linux Desktop Tests (5)	UNKNOWN STEP	2026-02-25T19:48:49.5702531Z Preparing to unpack .../118-libgl1-mesa-dev_25.2.8-0ubuntu0.24.04.1_amd64.deb ...
Linux Desktop Tests (5)	UNKNOWN STEP	2026-02-25T19:48:49.5711484Z Unpacking libgl1-mesa-dev:amd64 (25.2.8-0ubuntu0.24.04.1) ...
Linux Desktop Tests (5)	UNKNOWN STEP	2026-02-25T19:48:49.5945811Z Selecting previously unselected package libjsoncpp-dev:amd64.
Linux Desktop Tests (5)	UNKNOWN STEP	2026-02-25T19:48:49.6123441Z Preparing to unpack .../119-libjsoncpp-dev_1.9.5-6build1_amd64.deb ...
Linux Desktop Tests (5)	UNKNOWN STEP	2026-02-25T19:48:49.6133564Z Unpacking libjsoncpp-dev:amd64 (1.9.5-6build1) ...
Linux Desktop Tests (5)	UNKNOWN STEP	2026-02-25T19:48:49.6659424Z Setting up libcairo-script-interpreter2:amd64 (1.18.0-3build1) ...
Linux Desktop Tests (5)	UNKNOWN STEP	2026-02-25T19:48:49.6683193Z Setting up bzip2-doc (1.0.8-5.1build0.1) ...
Linux Desktop Tests (5)	UNKNOWN STEP	2026-02-25T19:48:49.6707486Z Setting up libwayland-server0:amd64 (1.22.0-2.1build1) ...
Linux Desktop Tests (5)	UNKNOWN STEP	2026-02-25T19:48:49.6731228Z Setting up libjpeg-turbo8-dev:amd64 (2.1.5-2ubuntu2) ...
Linux Desktop Tests (5)	UNKNOWN STEP	2026-02-25T19:48:49.6750358Z Setting up libharfbuzz-icu0:amd64 (8.3.0-2build2) ...
Linux Desktop Tests (5)	UNKNOWN STEP	2026-02-25T19:48:49.6772866Z Setting up libpixman-1-dev:amd64 (0.42.2-1build1) ...
Linux Desktop Tests (5)	UNKNOWN STEP	2026-02-25T19:48:49.6795684Z Setting up libglvnd-core-dev:amd64 (1.7.0-1build1) ...
Linux Desktop Tests (5)	UNKNOWN STEP	2026-02-25T19:48:49.6826018Z Setting up libfribidi-dev:amd64 (1.0.13-3build1) ...
Linux Desktop Tests (5)	UNKNOWN STEP	2026-02-25T19:48:49.6848849Z Setting up libxkbcommon-dev:amd64 (1.6.0-1build1) ...
Linux Desktop Tests (5)	UNKNOWN STEP	2026-02-25T19:48:49.6873908Z Setting up libjbig-dev:amd64 (2.1-6.1ubuntu2) ...
Linux Desktop Tests (5)	UNKNOWN STEP	2026-02-25T19:48:49.6899678Z Setting up libwebpdecoder3:amd64 (1.3.2-0.4build3) ...
Linux Desktop Tests (5)	UNKNOWN STEP	2026-02-25T19:48:49.6932803Z Setting up libpthread-stubs0-dev:amd64 (0.4-1build3) ...
Linux Desktop Tests (5)	UNKNOWN STEP	2026-02-25T19:48:49.6957118Z Setting up libopengl0:amd64 (1.7.0-1build1) ...
Linux Desktop Tests (5)	UNKNOWN STEP	2026-02-25T19:48:49.6987182Z Setting up ninja-build (1.11.1-2) ...
Linux Desktop Tests (5)	UNKNOWN STEP	2026-02-25T19:48:49.7016708Z Setting up xtrans-dev (1.4.0-1) ...
Linux Desktop Tests (5)	UNKNOWN STEP	2026-02-25T19:48:49.7051077Z Setting up libwayland-bin (1.22.0-2.1build1) ...
Linux Desktop Tests (5)	UNKNOWN STEP	2026-02-25T19:48:49.7071092Z Setting up libgraphite2-dev:amd64 (1.3.14-2build1) ...
Linux Desktop Tests (5)	UNKNOWN STEP	2026-02-25T19:48:49.7096791Z Setting up libglib2.0-0t64:amd64 (2.80.0-6ubuntu3.8) ...
Linux Desktop Tests (5)	UNKNOWN STEP	2026-02-25T19:48:49.7258564Z Setting up libegl-mesa0:amd64 (25.2.8-0ubuntu0.24.04.1) ...
Linux Desktop Tests (5)	UNKNOWN STEP	2026-02-25T19:48:49.7286257Z Setting up libglib2.0-data (2.80.0-6ubuntu3.8) ...
Linux Desktop Tests (5)	UNKNOWN STEP	2026-02-25T19:48:49.7312250Z Setting up libgles2:amd64 (1.7.0-1build1) ...
Linux Desktop Tests (5)	UNKNOWN STEP	2026-02-25T19:48:49.7348387Z Setting up libharfbuzz-cairo0:amd64 (8.3.0-2build2) ...
Linux Desktop Tests (5)	UNKNOWN STEP	2026-02-25T19:48:49.7373585Z Setting up libdbus-1-dev:amd64 (1.14.10-4ubuntu4.1) ...
Linux Desktop Tests (5)	UNKNOWN STEP	2026-02-25T19:48:49.9091677Z Setting up libgpg-error-dev (1.47-3build2.1) ...
Linux Desktop Tests (5)	UNKNOWN STEP	2026-02-25T19:48:49.9114074Z Setting up uuid-dev:amd64 (2.39.3-9ubuntu6.4) ...
Linux Desktop Tests (5)	UNKNOWN STEP	2026-02-25T19:48:49.9143761Z Setting up clang (1:18.0-59~exp2) ...
Linux Desktop Tests (5)	UNKNOWN STEP	2026-02-25T19:48:49.9395870Z Setting up libgles1:amd64 (1.7.0-1build1) ...
Linux Desktop Tests (5)	UNKNOWN STEP	2026-02-25T19:48:49.9417423Z Setting up libpng16-16t64:amd64 (1.6.43-5ubuntu0.5) ...
Linux Desktop Tests (5)	UNKNOWN STEP	2026-02-25T19:48:49.9454189Z Setting up libjsoncpp25:amd64 (1.9.5-6build1) ...
Linux Desktop Tests (5)	UNKNOWN STEP	2026-02-25T19:48:49.9481268Z Setting up libsepol-dev:amd64 (3.5-2build1) ...
Linux Desktop Tests (5)	UNKNOWN STEP	2026-02-25T19:48:49.9507517Z Setting up gir1.2-glib-2.0:amd64 (2.80.0-6ubuntu3.8) ...
Linux Desktop Tests (5)	UNKNOWN STEP	2026-02-25T19:48:49.9532976Z Setting up liblerc-dev:amd64 (4.0.0+ds-4ubuntu2) ...
Linux Desktop Tests (5)	UNKNOWN STEP	2026-02-25T19:48:49.9557916Z Setting up liblzma-dev:amd64 (5.6.1+really5.4.5-1ubuntu0.2) ...
Linux Desktop Tests (5)	UNKNOWN STEP	2026-02-25T19:48:49.9591122Z Setting up wayland-protocols (1.45-1~ubuntu0.24.04.1) ...
Linux Desktop Tests (5)	UNKNOWN STEP	2026-02-25T19:48:49.9616746Z Setting up libdatrie-dev:amd64 (0.2.13-3build1) ...
Linux Desktop Tests (5)	UNKNOWN STEP	2026-02-25T19:48:49.9647182Z Setting up gir1.2-glib-2.0-dev:amd64 (2.80.0-6ubuntu3.8) ...
Linux Desktop Tests (5)	UNKNOWN STEP	2026-02-25T19:48:49.9671712Z Setting up libgdk-pixbuf2.0-bin (2.42.10+dfsg-3ubuntu3.2) ...
Linux Desktop Tests (5)	UNKNOWN STEP	2026-02-25T19:48:49.9699328Z Setting up librhash0:amd64 (1.4.3-3build1) ...
Linux Desktop Tests (5)	UNKNOWN STEP	2026-02-25T19:48:49.9721915Z Setting up libegl1:amd64 (1.7.0-1build1) ...
Linux Desktop Tests (5)	UNKNOWN STEP	2026-02-25T19:48:49.9751251Z Setting up libharfbuzz-subset0:amd64 (8.3.0-2build2) ...
Linux Desktop Tests (5)	UNKNOWN STEP	2026-02-25T19:48:49.9780393Z Setting up xorg-sgml-doctools (1:1.11-1.1) ...
Linux Desktop Tests (5)	UNKNOWN STEP	2026-02-25T19:48:49.9804374Z Setting up cmake-data (3.28.3-1build7) ...
Linux Desktop Tests (5)	UNKNOWN STEP	2026-02-25T19:48:49.9881974Z Setting up libopengl-dev:amd64 (1.7.0-1build1) ...
Linux Desktop Tests (5)	UNKNOWN STEP	2026-02-25T19:48:49.9911870Z Setting up libjpeg8-dev:amd64 (8c-2ubuntu11) ...
Linux Desktop Tests (5)	UNKNOWN STEP	2026-02-25T19:48:49.9937673Z Setting up libsharpyuv-dev:amd64 (1.3.2-0.4build3) ...
Linux Desktop Tests (5)	UNKNOWN STEP	2026-02-25T19:48:49.9967559Z Setting up libtiffxx6:amd64 (4.5.1+git230720-4ubuntu2.4) ...
Linux Desktop Tests (5)	UNKNOWN STEP	2026-02-25T19:48:49.9995019Z Setting up libdeflate-dev:amd64 (1.19-1build1.1) ...
Linux Desktop Tests (5)	UNKNOWN STEP	2026-02-25T19:48:50.0029850Z Setting up libbrotli-dev:amd64 (1.1.0-2build2) ...
Linux Desktop Tests (5)	UNKNOWN STEP	2026-02-25T19:48:50.0052713Z Setting up libsecret-common (0.21.4-1build3) ...
Linux Desktop Tests (5)	UNKNOWN STEP	2026-02-25T19:48:50.0078320Z Setting up libbz2-dev:amd64 (1.0.8-5.1build0.1) ...
Linux Desktop Tests (5)	UNKNOWN STEP	2026-02-25T19:48:50.0110484Z Setting up libglib2.0-dev-bin (2.80.0-6ubuntu3.8) ...
Linux Desktop Tests (5)	UNKNOWN STEP	2026-02-25T19:48:50.1601815Z Setting up libblkid-dev:amd64 (2.39.3-9ubuntu6.4) ...
Linux Desktop Tests (5)	UNKNOWN STEP	2026-02-25T19:48:50.1632958Z Setting up libjsoncpp-dev:amd64 (1.9.5-6build1) ...
Linux Desktop Tests (5)	UNKNOWN STEP	2026-02-25T19:48:50.1659230Z Setting up gir1.2-freedesktop:amd64 (1.80.1-1) ...
Linux Desktop Tests (5)	UNKNOWN STEP	2026-02-25T19:48:50.1694619Z Setting up libpangoxft-1.0-0:amd64 (1.52.1+ds-1build1) ...
Linux Desktop Tests (5)	UNKNOWN STEP	2026-02-25T19:48:50.1720472Z Setting up gir1.2-gdkpixbuf-2.0:amd64 (2.42.10+dfsg-3ubuntu3.2) ...
Linux Desktop Tests (5)	UNKNOWN STEP	2026-02-25T19:48:50.1745420Z Setting up libpng-tools (1.6.43-5ubuntu0.5) ...
Linux Desktop Tests (5)	UNKNOWN STEP	2026-02-25T19:48:50.1775835Z Setting up libgirepository-2.0-0:amd64 (2.80.0-6ubuntu3.8) ...
Linux Desktop Tests (5)	UNKNOWN STEP	2026-02-25T19:48:50.1796921Z Setting up gir1.2-atk-1.0:amd64 (2.52.0-1build1) ...
Linux Desktop Tests (5)	UNKNOWN STEP	2026-02-25T19:48:50.1823220Z Setting up libselinux1-dev:amd64 (3.5-2ubuntu2.1) ...
Linux Desktop Tests (5)	UNKNOWN STEP	2026-02-25T19:48:50.1853343Z Setting up libpng-dev:amd64 (1.6.43-5ubuntu0.5) ...
Linux Desktop Tests (5)	UNKNOWN STEP	2026-02-25T19:48:50.1875813Z Setting up pango1.0-tools (1.52.1+ds-1build1) ...
Linux Desktop Tests (5)	UNKNOWN STEP	2026-02-25T19:48:50.1905269Z Setting up libjpeg-dev:amd64 (8c-2ubuntu11) ...
Linux Desktop Tests (5)	UNKNOWN STEP	2026-02-25T19:48:50.1927435Z Setting up libglib2.0-bin (2.80.0-6ubuntu3.8) ...
Linux Desktop Tests (5)	UNKNOWN STEP	2026-02-25T19:48:50.1950436Z Setting up libharfbuzz-gobject0:amd64 (8.3.0-2build2) ...
Linux Desktop Tests (5)	UNKNOWN STEP	2026-02-25T19:48:50.1980808Z Setting up gir1.2-atspi-2.0:amd64 (2.52.0-1build1) ...
Linux Desktop Tests (5)	UNKNOWN STEP	2026-02-25T19:48:50.2008299Z Setting up libwayland-dev:amd64 (1.22.0-2.1build1) ...
Linux Desktop Tests (5)	UNKNOWN STEP	2026-02-25T19:48:50.2041869Z Setting up gir1.2-harfbuzz-0.0:amd64 (8.3.0-2build2) ...
Linux Desktop Tests (5)	UNKNOWN STEP	2026-02-25T19:48:50.2068594Z Setting up libfreetype-dev:amd64 (2.13.2+dfsg-1build3) ...
Linux Desktop Tests (5)	UNKNOWN STEP	2026-02-25T19:48:50.2095268Z Setting up gir1.2-pango-1.0:amd64 (1.52.1+ds-1build1) ...
Linux Desktop Tests (5)	UNKNOWN STEP	2026-02-25T19:48:50.2116831Z Setting up libsecret-1-0:amd64 (0.21.4-1build3) ...
Linux Desktop Tests (5)	UNKNOWN STEP	2026-02-25T19:48:50.2152792Z Setting up libwebp-dev:amd64 (1.3.2-0.4build3) ...
Linux Desktop Tests (5)	UNKNOWN STEP	2026-02-25T19:48:50.2175375Z Setting up gir1.2-secret-1:amd64 (0.21.4-1build3) ...
Linux Desktop Tests (5)	UNKNOWN STEP	2026-02-25T19:48:50.2204052Z Setting up libgcrypt20-dev (1.10.3-2build1) ...
Linux Desktop Tests (5)	UNKNOWN STEP	2026-02-25T19:48:50.2229596Z Setting up libtiff-dev:amd64 (4.5.1+git230720-4ubuntu2.4) ...
Linux Desktop Tests (5)	UNKNOWN STEP	2026-02-25T19:48:50.2260458Z Setting up gir1.2-freedesktop-dev:amd64 (1.80.1-1) ...
Linux Desktop Tests (5)	UNKNOWN STEP	2026-02-25T19:48:50.2294102Z Setting up libthai-dev:amd64 (0.1.29-2build1) ...
Linux Desktop Tests (5)	UNKNOWN STEP	2026-02-25T19:48:50.2318526Z Setting up cmake (3.28.3-1build7) ...
Linux Desktop Tests (5)	UNKNOWN STEP	2026-02-25T19:48:50.2343613Z Setting up libmount-dev:amd64 (2.39.3-9ubuntu6.4) ...
Linux Desktop Tests (5)	UNKNOWN STEP	2026-02-25T19:48:50.2371602Z Setting up libfontconfig-dev:amd64 (2.15.0-1.1ubuntu2) ...
Linux Desktop Tests (5)	UNKNOWN STEP	2026-02-25T19:48:50.2402177Z Setting up gir1.2-gtk-3.0:amd64 (3.24.41-4ubuntu1.3) ...
Linux Desktop Tests (5)	UNKNOWN STEP	2026-02-25T19:48:50.2432794Z Setting up libglib2.0-dev:amd64 (2.80.0-6ubuntu3.8) ...
Linux Desktop Tests (5)	UNKNOWN STEP	2026-02-25T19:48:50.2462754Z Setting up libatk1.0-dev:amd64 (2.52.0-1build1) ...
Linux Desktop Tests (5)	UNKNOWN STEP	2026-02-25T19:48:50.2506807Z Setting up libgdk-pixbuf-2.0-dev:amd64 (2.42.10+dfsg-3ubuntu3.2) ...
Linux Desktop Tests (5)	UNKNOWN STEP	2026-02-25T19:48:50.2654150Z Setting up libharfbuzz-dev:amd64 (8.3.0-2build2) ...
Linux Desktop Tests (5)	UNKNOWN STEP	2026-02-25T19:48:50.2675277Z Setting up libsecret-1-dev:amd64 (0.21.4-1build3) ...
Linux Desktop Tests (5)	UNKNOWN STEP	2026-02-25T19:48:50.3197936Z Processing triggers for libc-bin (2.39-0ubuntu8.7) ...
Linux Desktop Tests (5)	UNKNOWN STEP	2026-02-25T19:48:50.3599752Z Processing triggers for man-db (2.12.0-4build2) ...
Linux Desktop Tests (5)	UNKNOWN STEP	2026-02-25T19:48:50.3628370Z Not building database; man-db/auto-update is not 'true'.
Linux Desktop Tests (5)	UNKNOWN STEP	2026-02-25T19:48:50.3664989Z Processing triggers for sgml-base (1.31) ...
Linux Desktop Tests (5)	UNKNOWN STEP	2026-02-25T19:48:50.3810368Z Processing triggers for install-info (7.1-3build2) ...
Linux Desktop Tests (5)	UNKNOWN STEP	2026-02-25T19:48:50.7072329Z Setting up x11proto-dev (2023.2-1) ...
Linux Desktop Tests (5)	UNKNOWN STEP	2026-02-25T19:48:50.7120370Z Setting up libxau-dev:amd64 (1:1.0.9-1build6) ...
Linux Desktop Tests (5)	UNKNOWN STEP	2026-02-25T19:48:50.7149511Z Setting up libice-dev:amd64 (2:1.0.10-1build3) ...
Linux Desktop Tests (5)	UNKNOWN STEP	2026-02-25T19:48:50.7177643Z Setting up libsm-dev:amd64 (2:1.2.3-1build3) ...
Linux Desktop Tests (5)	UNKNOWN STEP	2026-02-25T19:48:50.7221497Z Setting up libxdmcp-dev:amd64 (1:1.1.3-0ubuntu6) ...
Linux Desktop Tests (5)	UNKNOWN STEP	2026-02-25T19:48:50.7316314Z Setting up libxcb1-dev:amd64 (1.15-1ubuntu2) ...
Linux Desktop Tests (5)	UNKNOWN STEP	2026-02-25T19:48:50.7351132Z Setting up libx11-dev:amd64 (2:1.8.7-1build1) ...
Linux Desktop Tests (5)	UNKNOWN STEP	2026-02-25T19:48:50.7389777Z Setting up libxfixes-dev:amd64 (1:6.0.0-2build1) ...
Linux Desktop Tests (5)	UNKNOWN STEP	2026-02-25T19:48:50.7413216Z Setting up libxcb-shm0-dev:amd64 (1.15-1ubuntu2) ...
Linux Desktop Tests (5)	UNKNOWN STEP	2026-02-25T19:48:50.7453289Z Setting up libxcb-render0-dev:amd64 (1.15-1ubuntu2) ...
Linux Desktop Tests (5)	UNKNOWN STEP	2026-02-25T19:48:50.7483929Z Setting up libxext-dev:amd64 (2:1.3.4-1build2) ...
Linux Desktop Tests (5)	UNKNOWN STEP	2026-02-25T19:48:50.7516672Z Setting up libglx-dev:amd64 (1.7.0-1build1) ...
Linux Desktop Tests (5)	UNKNOWN STEP	2026-02-25T19:48:50.7553159Z Setting up libxi-dev:amd64 (2:1.8.1-1build1) ...
Linux Desktop Tests (5)	UNKNOWN STEP	2026-02-25T19:48:50.7583038Z Setting up libxrender-dev:amd64 (1:0.9.10-1.1build1) ...
Linux Desktop Tests (5)	UNKNOWN STEP	2026-02-25T19:48:50.7611405Z Setting up libgl-dev:amd64 (1.7.0-1build1) ...
Linux Desktop Tests (5)	UNKNOWN STEP	2026-02-25T19:48:50.7638032Z Setting up libxft-dev:amd64 (2.3.6-1build1) ...
Linux Desktop Tests (5)	UNKNOWN STEP	2026-02-25T19:48:50.7659208Z Setting up libxtst-dev:amd64 (2:1.2.3-1.1build1) ...
Linux Desktop Tests (5)	UNKNOWN STEP	2026-02-25T19:48:50.7688122Z Setting up libxdamage-dev:amd64 (1:1.1.6-1build1) ...
Linux Desktop Tests (5)	UNKNOWN STEP	2026-02-25T19:48:50.7726260Z Setting up libatspi2.0-dev:amd64 (2.52.0-1build1) ...
Linux Desktop Tests (5)	UNKNOWN STEP	2026-02-25T19:48:50.7772946Z Setting up libegl-dev:amd64 (1.7.0-1build1) ...
Linux Desktop Tests (5)	UNKNOWN STEP	2026-02-25T19:48:50.7796881Z Setting up libxcomposite-dev:amd64 (1:0.4.5-1build3) ...
Linux Desktop Tests (5)	UNKNOWN STEP	2026-02-25T19:48:50.7828465Z Setting up libxcursor-dev:amd64 (1:1.2.1-1build1) ...
Linux Desktop Tests (5)	UNKNOWN STEP	2026-02-25T19:48:50.7857053Z Setting up libepoxy-dev:amd64 (1.5.10-1build1) ...
Linux Desktop Tests (5)	UNKNOWN STEP	2026-02-25T19:48:50.7888465Z Setting up libatk-bridge2.0-dev:amd64 (2.52.0-1build1) ...
Linux Desktop Tests (5)	UNKNOWN STEP	2026-02-25T19:48:50.7917208Z Setting up libxrandr-dev:amd64 (2:1.5.2-2build1) ...
Linux Desktop Tests (5)	UNKNOWN STEP	2026-02-25T19:48:50.7947196Z Setting up libxinerama-dev:amd64 (2:1.1.4-3build1) ...
Linux Desktop Tests (5)	UNKNOWN STEP	2026-02-25T19:48:50.7987926Z Setting up libcairo2-dev:amd64 (1.18.0-3build1) ...
Linux Desktop Tests (5)	UNKNOWN STEP	2026-02-25T19:48:50.8022614Z Setting up libgles-dev:amd64 (1.7.0-1build1) ...
Linux Desktop Tests (5)	UNKNOWN STEP	2026-02-25T19:48:50.8069314Z Setting up libglvnd-dev:amd64 (1.7.0-1build1) ...
Linux Desktop Tests (5)	UNKNOWN STEP	2026-02-25T19:48:50.8123158Z Setting up libpango1.0-dev:amd64 (1.52.1+ds-1build1) ...
Linux Desktop Tests (5)	UNKNOWN STEP	2026-02-25T19:48:50.8153413Z Setting up libgl1-mesa-dev:amd64 (25.2.8-0ubuntu0.24.04.1) ...
Linux Desktop Tests (5)	UNKNOWN STEP	2026-02-25T19:48:50.8179137Z Setting up libegl1-mesa-dev:amd64 (25.2.8-0ubuntu0.24.04.1) ...
Linux Desktop Tests (5)	UNKNOWN STEP	2026-02-25T19:48:50.8227243Z Setting up libgtk-3-dev:amd64 (3.24.41-4ubuntu1.3) ...
Linux Desktop Tests (5)	UNKNOWN STEP	2026-02-25T19:48:50.8257149Z Setting up libgles2-mesa-dev:amd64 (25.2.8-0ubuntu0.24.04.1) ...
Linux Desktop Tests (5)	UNKNOWN STEP	2026-02-25T19:48:51.4154700Z 
Linux Desktop Tests (5)	UNKNOWN STEP	2026-02-25T19:48:51.4155347Z Running kernel seems to be up-to-date.
Linux Desktop Tests (5)	UNKNOWN STEP	2026-02-25T19:48:51.4155615Z 
Linux Desktop Tests (5)	UNKNOWN STEP	2026-02-25T19:48:51.4155714Z Restarting services...
Linux Desktop Tests (5)	UNKNOWN STEP	2026-02-25T19:48:51.4647146Z  systemctl restart packagekit.service php8.3-fpm.service polkit.service udisks2.service
Linux Desktop Tests (5)	UNKNOWN STEP	2026-02-25T19:48:51.6413721Z 
Linux Desktop Tests (5)	UNKNOWN STEP	2026-02-25T19:48:51.6414534Z Service restarts being deferred:
Linux Desktop Tests (5)	UNKNOWN STEP	2026-02-25T19:48:51.6415042Z  systemctl restart ModemManager.service
Linux Desktop Tests (5)	UNKNOWN STEP	2026-02-25T19:48:51.6416992Z  systemctl restart networkd-dispatcher.service
Linux Desktop Tests (5)	UNKNOWN STEP	2026-02-25T19:48:51.6417407Z 
Linux Desktop Tests (5)	UNKNOWN STEP	2026-02-25T19:48:51.6417574Z No containers need to be restarted.
Linux Desktop Tests (5)	UNKNOWN STEP	2026-02-25T19:48:51.6418198Z 
Linux Desktop Tests (5)	UNKNOWN STEP	2026-02-25T19:48:51.6418415Z No user sessions are running outdated binaries.
Linux Desktop Tests (5)	UNKNOWN STEP	2026-02-25T19:48:51.6418781Z 
Linux Desktop Tests (5)	UNKNOWN STEP	2026-02-25T19:48:51.6419106Z No VM guests are running outdated hypervisor (qemu) binaries on this host.
Linux Desktop Tests (5)	UNKNOWN STEP	2026-02-25T19:48:52.7598609Z ##[group]Run subosito/flutter-action@v2
Linux Desktop Tests (5)	UNKNOWN STEP	2026-02-25T19:48:52.7598905Z with:
Linux Desktop Tests (5)	UNKNOWN STEP	2026-02-25T19:48:52.7599066Z   channel: stable
Linux Desktop Tests (5)	UNKNOWN STEP	2026-02-25T19:48:52.7599252Z   cache: true
Linux Desktop Tests (5)	UNKNOWN STEP	2026-02-25T19:48:52.7599418Z   architecture: X64
Linux Desktop Tests (5)	UNKNOWN STEP	2026-02-25T19:48:52.7599609Z   pub-cache-path: default
Linux Desktop Tests (5)	UNKNOWN STEP	2026-02-25T19:48:52.7599806Z   dry-run: false
Linux Desktop Tests (5)	UNKNOWN STEP	2026-02-25T19:48:52.7600044Z   git-source: https://github.com/flutter/flutter.git
Linux Desktop Tests (5)	UNKNOWN STEP	2026-02-25T19:48:52.7600319Z env:
Linux Desktop Tests (5)	UNKNOWN STEP	2026-02-25T19:48:52.7600479Z   CACHE_VERSION: v1
Linux Desktop Tests (5)	UNKNOWN STEP	2026-02-25T19:48:52.7600656Z ##[endgroup]
Linux Desktop Tests (5)	UNKNOWN STEP	2026-02-25T19:48:52.7699909Z ##[group]Run chmod +x "$GITHUB_ACTION_PATH/setup.sh"
Linux Desktop Tests (5)	UNKNOWN STEP	2026-02-25T19:48:52.7700267Z [36;1mchmod +x "$GITHUB_ACTION_PATH/setup.sh"[0m
Linux Desktop Tests (5)	UNKNOWN STEP	2026-02-25T19:48:52.7750743Z shell: /usr/bin/bash --noprofile --norc -e -o pipefail {0}
Linux Desktop Tests (5)	UNKNOWN STEP	2026-02-25T19:48:52.7751426Z env:
Linux Desktop Tests (5)	UNKNOWN STEP	2026-02-25T19:48:52.7751597Z   CACHE_VERSION: v1
Linux Desktop Tests (5)	UNKNOWN STEP	2026-02-25T19:48:52.7751785Z ##[endgroup]
Linux Desktop Tests (5)	UNKNOWN STEP	2026-02-25T19:48:52.7889586Z ##[group]Run $GITHUB_ACTION_PATH/setup.sh -p \
Linux Desktop Tests (5)	UNKNOWN STEP	2026-02-25T19:48:52.7889976Z [36;1m$GITHUB_ACTION_PATH/setup.sh -p \[0m
Linux Desktop Tests (5)	UNKNOWN STEP	2026-02-25T19:48:52.7890233Z [36;1m  -n '' \[0m
Linux Desktop Tests (5)	UNKNOWN STEP	2026-02-25T19:48:52.7890416Z [36;1m  -f '' \[0m
Linux Desktop Tests (5)	UNKNOWN STEP	2026-02-25T19:48:52.7890588Z [36;1m  -a 'X64' \[0m
Linux Desktop Tests (5)	UNKNOWN STEP	2026-02-25T19:48:52.7890771Z [36;1m  -k '' \[0m
Linux Desktop Tests (5)	UNKNOWN STEP	2026-02-25T19:48:52.7891180Z [36;1m  -c '' \[0m
Linux Desktop Tests (5)	UNKNOWN STEP	2026-02-25T19:48:52.7891379Z [36;1m  -l '' \[0m
Linux Desktop Tests (5)	UNKNOWN STEP	2026-02-25T19:48:52.7891557Z [36;1m  -d 'default' \[0m
Linux Desktop Tests (5)	UNKNOWN STEP	2026-02-25T19:48:52.7891846Z [36;1m  -g 'https://github.com/flutter/flutter.git' \[0m
Linux Desktop Tests (5)	UNKNOWN STEP	2026-02-25T19:48:52.7892132Z [36;1m  stable[0m
Linux Desktop Tests (5)	UNKNOWN STEP	2026-02-25T19:48:52.7940005Z shell: /usr/bin/bash --noprofile --norc -e -o pipefail {0}
Linux Desktop Tests (5)	UNKNOWN STEP	2026-02-25T19:48:52.7940322Z env:
Linux Desktop Tests (5)	UNKNOWN STEP	2026-02-25T19:48:52.7940484Z   CACHE_VERSION: v1
Linux Desktop Tests (5)	UNKNOWN STEP	2026-02-25T19:48:52.7940669Z ##[endgroup]
Linux Desktop Tests (5)	UNKNOWN STEP	2026-02-25T19:48:53.1154243Z ##[group]Run actions/cache@v4
Linux Desktop Tests (5)	UNKNOWN STEP	2026-02-25T19:48:53.1154470Z with:
Linux Desktop Tests (5)	UNKNOWN STEP	2026-02-25T19:48:53.1154700Z   path: /opt/hostedtoolcache/flutter/stable-3.41.2-x64
Linux Desktop Tests (5)	UNKNOWN STEP	2026-02-25T19:48:53.1155148Z   key: flutter-linux-stable-3.41.2-x64-90673a4eef275d1a6692c26ac80d6d746d41a73a
Linux Desktop Tests (5)	UNKNOWN STEP	2026-02-25T19:48:53.1155566Z   enableCrossOsArchive: false
Linux Desktop Tests (5)	UNKNOWN STEP	2026-02-25T19:48:53.1155798Z   fail-on-cache-miss: false
Linux Desktop Tests (5)	UNKNOWN STEP	2026-02-25T19:48:53.1156007Z   lookup-only: false
Linux Desktop Tests (5)	UNKNOWN STEP	2026-02-25T19:48:53.1156192Z   save-always: false
Linux Desktop Tests (5)	UNKNOWN STEP	2026-02-25T19:48:53.1156357Z env:
Linux Desktop Tests (5)	UNKNOWN STEP	2026-02-25T19:48:53.1156520Z   CACHE_VERSION: v1
Linux Desktop Tests (5)	UNKNOWN STEP	2026-02-25T19:48:53.1156694Z ##[endgroup]
Linux Desktop Tests (5)	UNKNOWN STEP	2026-02-25T19:48:53.4285174Z Cache hit for: flutter-linux-stable-3.41.2-x64-90673a4eef275d1a6692c26ac80d6d746d41a73a
Linux Desktop Tests (5)	UNKNOWN STEP	2026-02-25T19:48:54.5845807Z Received 88080384 of 1665993529 (5.3%), 84.0 MBs/sec
Linux Desktop Tests (5)	UNKNOWN STEP	2026-02-25T19:48:55.6601845Z Received 268435456 of 1665993529 (16.1%), 123.3 MBs/sec
Linux Desktop Tests (5)	UNKNOWN STEP	2026-02-25T19:48:56.6622463Z Received 444596224 of 1665993529 (26.7%), 137.8 MBs/sec
Linux Desktop Tests (5)	UNKNOWN STEP	2026-02-25T19:48:57.6625954Z Received 654311424 of 1665993529 (39.3%), 153.0 MBs/sec
Linux Desktop Tests (5)	UNKNOWN STEP	2026-02-25T19:48:58.6637081Z Received 813694976 of 1665993529 (48.8%), 152.8 MBs/sec
Linux Desktop Tests (5)	UNKNOWN STEP	2026-02-25T19:48:59.6640798Z Received 989855744 of 1665993529 (59.4%), 155.3 MBs/sec
Linux Desktop Tests (5)	UNKNOWN STEP	2026-02-25T19:49:00.6640199Z Received 1182793728 of 1665993529 (71.0%), 159.3 MBs/sec
Linux Desktop Tests (5)	UNKNOWN STEP	2026-02-25T19:49:01.6885137Z Received 1342177280 of 1665993529 (80.6%), 157.9 MBs/sec
Linux Desktop Tests (5)	UNKNOWN STEP	2026-02-25T19:49:02.6901892Z Received 1476395008 of 1665993529 (88.6%), 154.6 MBs/sec
Linux Desktop Tests (5)	UNKNOWN STEP	2026-02-25T19:49:03.6956970Z Received 1652555776 of 1665993529 (99.2%), 155.9 MBs/sec
Linux Desktop Tests (5)	UNKNOWN STEP	2026-02-25T19:49:03.8603945Z Received 1665993529 of 1665993529 (100.0%), 154.6 MBs/sec
Linux Desktop Tests (5)	UNKNOWN STEP	2026-02-25T19:49:03.8607136Z Cache Size: ~1589 MB (1665993529 B)
Linux Desktop Tests (5)	UNKNOWN STEP	2026-02-25T19:49:03.8735906Z [command]/usr/bin/tar -xf /home/runner/work/_temp/298a0008-08eb-4eca-8da4-c85df3d899f1/cache.tzst -P -C /home/runner/work/substitution/substitution --use-compress-program unzstd
Linux Desktop Tests (5)	UNKNOWN STEP	2026-02-25T19:49:08.5501914Z Cache restored successfully
Linux Desktop Tests (5)	UNKNOWN STEP	2026-02-25T19:49:08.8693782Z Cache restored from key: flutter-linux-stable-3.41.2-x64-90673a4eef275d1a6692c26ac80d6d746d41a73a
Linux Desktop Tests (5)	UNKNOWN STEP	2026-02-25T19:49:08.9979730Z ##[group]Run actions/cache@v4
Linux Desktop Tests (5)	UNKNOWN STEP	2026-02-25T19:49:08.9979956Z with:
Linux Desktop Tests (5)	UNKNOWN STEP	2026-02-25T19:49:08.9980140Z   path: /home/runner/.pub-cache
Linux Desktop Tests (5)	UNKNOWN STEP	2026-02-25T19:49:08.9981475Z   key: flutter-pub-linux-stable-3.41.2-x64-90673a4eef275d1a6692c26ac80d6d746d41a73a-fabacfc13d2b7e18a7fb2822593662b03764f624bf41fd351cdabec60fb27783
Linux Desktop Tests (5)	UNKNOWN STEP	2026-02-25T19:49:08.9982364Z   enableCrossOsArchive: false
Linux Desktop Tests (5)	UNKNOWN STEP	2026-02-25T19:49:08.9982612Z   fail-on-cache-miss: false
Linux Desktop Tests (5)	UNKNOWN STEP	2026-02-25T19:49:08.9982838Z   lookup-only: false
Linux Desktop Tests (5)	UNKNOWN STEP	2026-02-25T19:49:08.9983033Z   save-always: false
Linux Desktop Tests (5)	UNKNOWN STEP	2026-02-25T19:49:08.9983207Z env:
Linux Desktop Tests (5)	UNKNOWN STEP	2026-02-25T19:49:08.9983368Z   CACHE_VERSION: v1
Linux Desktop Tests (5)	UNKNOWN STEP	2026-02-25T19:49:08.9983552Z ##[endgroup]
Linux Desktop Tests (5)	UNKNOWN STEP	2026-02-25T19:49:09.2764811Z Cache hit for: flutter-pub-linux-stable-3.41.2-x64-90673a4eef275d1a6692c26ac80d6d746d41a73a-fabacfc13d2b7e18a7fb2822593662b03764f624bf41fd351cdabec60fb27783
Linux Desktop Tests (5)	UNKNOWN STEP	2026-02-25T19:49:10.4436085Z Received 125174513 of 133563121 (93.7%), 119.3 MBs/sec
Linux Desktop Tests (5)	UNKNOWN STEP	2026-02-25T19:49:10.5400388Z Received 133563121 of 133563121 (100.0%), 116.1 MBs/sec
Linux Desktop Tests (5)	UNKNOWN STEP	2026-02-25T19:49:10.5401296Z Cache Size: ~127 MB (133563121 B)
Linux Desktop Tests (5)	UNKNOWN STEP	2026-02-25T19:49:10.5433072Z [command]/usr/bin/tar -xf /home/runner/work/_temp/1732be28-b263-4313-8943-c9dc37fa10d2/cache.tzst -P -C /home/runner/work/substitution/substitution --use-compress-program unzstd
Linux Desktop Tests (5)	UNKNOWN STEP	2026-02-25T19:49:12.1122852Z Cache restored successfully
Linux Desktop Tests (5)	UNKNOWN STEP	2026-02-25T19:49:12.1488891Z Cache restored from key: flutter-pub-linux-stable-3.41.2-x64-90673a4eef275d1a6692c26ac80d6d746d41a73a-fabacfc13d2b7e18a7fb2822593662b03764f624bf41fd351cdabec60fb27783
Linux Desktop Tests (5)	UNKNOWN STEP	2026-02-25T19:49:12.1680385Z ##[group]Run $GITHUB_ACTION_PATH/setup.sh \
Linux Desktop Tests (5)	UNKNOWN STEP	2026-02-25T19:49:12.1680708Z [36;1m$GITHUB_ACTION_PATH/setup.sh \[0m
Linux Desktop Tests (5)	UNKNOWN STEP	2026-02-25T19:49:12.1681163Z [36;1m  -n '3.41.2' \[0m
Linux Desktop Tests (5)	UNKNOWN STEP	2026-02-25T19:49:12.1681379Z [36;1m  -a 'x64' \[0m
Linux Desktop Tests (5)	UNKNOWN STEP	2026-02-25T19:49:12.1681667Z [36;1m  -c '/opt/hostedtoolcache/flutter/stable-3.41.2-x64' \[0m
Linux Desktop Tests (5)	UNKNOWN STEP	2026-02-25T19:49:12.1682017Z [36;1m  -d '/home/runner/.pub-cache' \[0m
Linux Desktop Tests (5)	UNKNOWN STEP	2026-02-25T19:49:12.1682278Z [36;1m  stable[0m
Linux Desktop Tests (5)	UNKNOWN STEP	2026-02-25T19:49:12.1730400Z shell: /usr/bin/bash --noprofile --norc -e -o pipefail {0}
Linux Desktop Tests (5)	UNKNOWN STEP	2026-02-25T19:49:12.1730724Z env:
Linux Desktop Tests (5)	UNKNOWN STEP	2026-02-25T19:49:12.1731059Z   CACHE_VERSION: v1
Linux Desktop Tests (5)	UNKNOWN STEP	2026-02-25T19:49:12.1731305Z ##[endgroup]
Linux Desktop Tests (5)	UNKNOWN STEP	2026-02-25T19:49:12.4386640Z ##[group]Run flutter precache --linux
Linux Desktop Tests (5)	UNKNOWN STEP	2026-02-25T19:49:12.4387008Z [36;1mflutter precache --linux[0m
Linux Desktop Tests (5)	UNKNOWN STEP	2026-02-25T19:49:12.4387275Z [36;1mflutter pub get[0m
Linux Desktop Tests (5)	UNKNOWN STEP	2026-02-25T19:49:12.4439122Z shell: /usr/bin/bash -e {0}
Linux Desktop Tests (5)	UNKNOWN STEP	2026-02-25T19:49:12.4439386Z env:
Linux Desktop Tests (5)	UNKNOWN STEP	2026-02-25T19:49:12.4439555Z   CACHE_VERSION: v1
Linux Desktop Tests (5)	UNKNOWN STEP	2026-02-25T19:49:12.4439850Z   FLUTTER_ROOT: /opt/hostedtoolcache/flutter/stable-3.41.2-x64
Linux Desktop Tests (5)	UNKNOWN STEP	2026-02-25T19:49:12.4440216Z   PUB_CACHE: /home/runner/.pub-cache
Linux Desktop Tests (5)	UNKNOWN STEP	2026-02-25T19:49:12.4440475Z ##[endgroup]
Linux Desktop Tests (5)	UNKNOWN STEP	2026-02-25T19:49:12.8607740Z Resolving dependencies...
Linux Desktop Tests (5)	UNKNOWN STEP	2026-02-25T19:49:13.2813578Z Downloading packages...
Linux Desktop Tests (5)	UNKNOWN STEP	2026-02-25T19:49:13.3656924Z   _fe_analyzer_shared 91.0.0 (96.0.0 available)
Linux Desktop Tests (5)	UNKNOWN STEP	2026-02-25T19:49:13.3657425Z   analyzer 8.4.1 (10.2.0 available)
Linux Desktop Tests (5)	UNKNOWN STEP	2026-02-25T19:49:13.3657825Z > characters 1.4.1 (was 1.4.0)
Linux Desktop Tests (5)	UNKNOWN STEP	2026-02-25T19:49:13.3658207Z > matcher 0.12.18 (was 0.12.17)
Linux Desktop Tests (5)	UNKNOWN STEP	2026-02-25T19:49:13.3658618Z > material_color_utilities 0.13.0 (was 0.11.1)
Linux Desktop Tests (5)	UNKNOWN STEP	2026-02-25T19:49:13.3659428Z   meta 1.17.0 (1.18.1 available)
Linux Desktop Tests (5)	UNKNOWN STEP	2026-02-25T19:49:13.3659855Z   sqflite_common_ffi 2.3.7+1 (2.4.0+2 available)
Linux Desktop Tests (5)	UNKNOWN STEP	2026-02-25T19:49:13.3660299Z   sqlite3 2.9.4 (3.1.6 available)
Linux Desktop Tests (5)	UNKNOWN STEP	2026-02-25T19:49:13.3660685Z > test_api 0.7.9 (was 0.7.7)
Linux Desktop Tests (5)	UNKNOWN STEP	2026-02-25T19:49:13.3661261Z > test_core 0.6.15 (was 0.6.12)
Linux Desktop Tests (5)	UNKNOWN STEP	2026-02-25T19:49:13.3661638Z   unorm_dart 0.2.0 (0.3.2 available)
Linux Desktop Tests (5)	UNKNOWN STEP	2026-02-25T19:49:13.3662033Z   win32 5.15.0 (6.0.0 available)
Linux Desktop Tests (5)	UNKNOWN STEP	2026-02-25T19:49:13.3662440Z Changed 5 dependencies!
Linux Desktop Tests (5)	UNKNOWN STEP	2026-02-25T19:49:13.3668770Z 7 packages have newer versions incompatible with dependency constraints.
Linux Desktop Tests (5)	UNKNOWN STEP	2026-02-25T19:49:13.3669491Z Try `flutter pub outdated` for more information.
Linux Desktop Tests (5)	UNKNOWN STEP	2026-02-25T19:49:14.0222013Z ##[group]Run flutter config --enable-linux-desktop
Linux Desktop Tests (5)	UNKNOWN STEP	2026-02-25T19:49:14.0222444Z [36;1mflutter config --enable-linux-desktop[0m
Linux Desktop Tests (5)	UNKNOWN STEP	2026-02-25T19:49:14.0272560Z shell: /usr/bin/bash -e {0}
Linux Desktop Tests (5)	UNKNOWN STEP	2026-02-25T19:49:14.0272808Z env:
Linux Desktop Tests (5)	UNKNOWN STEP	2026-02-25T19:49:14.0272987Z   CACHE_VERSION: v1
Linux Desktop Tests (5)	UNKNOWN STEP	2026-02-25T19:49:14.0273291Z   FLUTTER_ROOT: /opt/hostedtoolcache/flutter/stable-3.41.2-x64
Linux Desktop Tests (5)	UNKNOWN STEP	2026-02-25T19:49:14.0273666Z   PUB_CACHE: /home/runner/.pub-cache
Linux Desktop Tests (5)	UNKNOWN STEP	2026-02-25T19:49:14.0273917Z ##[endgroup]
Linux Desktop Tests (5)	UNKNOWN STEP	2026-02-25T19:49:14.1462128Z Setting "enable-linux-desktop" value to "true".
Linux Desktop Tests (5)	UNKNOWN STEP	2026-02-25T19:49:14.1462676Z 
Linux Desktop Tests (5)	UNKNOWN STEP	2026-02-25T19:49:14.1463036Z You may need to restart any open editors for them to read new settings.
Linux Desktop Tests (5)	UNKNOWN STEP	2026-02-25T19:49:14.1538313Z ##[group]Run docker compose up -d postgres matrix-synapse redis
Linux Desktop Tests (5)	UNKNOWN STEP	2026-02-25T19:49:14.1538826Z [36;1mdocker compose up -d postgres matrix-synapse redis[0m
Linux Desktop Tests (5)	UNKNOWN STEP	2026-02-25T19:49:14.1539160Z [36;1msleep 10[0m
Linux Desktop Tests (5)	UNKNOWN STEP	2026-02-25T19:49:14.1539396Z [36;1mdocker compose run --rm matrix-init[0m
Linux Desktop Tests (5)	UNKNOWN STEP	2026-02-25T19:49:14.1539972Z [36;1mtimeout 60 bash -c 'until curl -sf http://localhost:8008/_matrix/client/versions > /dev/null 2>&1; do sleep 2; done'[0m
Linux Desktop Tests (5)	UNKNOWN STEP	2026-02-25T19:49:14.1590126Z shell: /usr/bin/bash -e {0}
Linux Desktop Tests (5)	UNKNOWN STEP	2026-02-25T19:49:14.1590389Z env:
Linux Desktop Tests (5)	UNKNOWN STEP	2026-02-25T19:49:14.1590570Z   CACHE_VERSION: v1
Linux Desktop Tests (5)	UNKNOWN STEP	2026-02-25T19:49:14.1590872Z   FLUTTER_ROOT: /opt/hostedtoolcache/flutter/stable-3.41.2-x64
Linux Desktop Tests (5)	UNKNOWN STEP	2026-02-25T19:49:14.1591498Z   PUB_CACHE: /home/runner/.pub-cache
Linux Desktop Tests (5)	UNKNOWN STEP	2026-02-25T19:49:14.1591750Z ##[endgroup]
Linux Desktop Tests (5)	UNKNOWN STEP	2026-02-25T19:49:14.9804198Z time="2026-02-25T19:49:14Z" level=warning msg="/home/runner/work/substitution/substitution/docker-compose.yml: the attribute `version` is obsolete, it will be ignored, please remove it to avoid potential confusion"
Linux Desktop Tests (5)	UNKNOWN STEP	2026-02-25T19:49:15.0077016Z  dex Pulling 
Linux Desktop Tests (5)	UNKNOWN STEP	2026-02-25T19:49:15.0077393Z  matrix-synapse Pulling 
Linux Desktop Tests (5)	UNKNOWN STEP	2026-02-25T19:49:15.0077778Z  postgres Pulling 
Linux Desktop Tests (5)	UNKNOWN STEP	2026-02-25T19:49:15.0078245Z  redis Pulling 
Linux Desktop Tests (5)	UNKNOWN STEP	2026-02-25T19:49:15.6593223Z  d25f557d7f31 Pulling fs layer 
Linux Desktop Tests (5)	UNKNOWN STEP	2026-02-25T19:49:15.6593729Z  9acd5b82521c Pulling fs layer 
Linux Desktop Tests (5)	UNKNOWN STEP	2026-02-25T19:49:15.6594154Z  10d78728ec4d Pulling fs layer 
Linux Desktop Tests (5)	UNKNOWN STEP	2026-02-25T19:49:15.6594413Z  e0d49f520b92 Pulling fs layer 
Linux Desktop Tests (5)	UNKNOWN STEP	2026-02-25T19:49:15.6594655Z  5de905603ac5 Pulling fs layer 
Linux Desktop Tests (5)	UNKNOWN STEP	2026-02-25T19:49:15.6594996Z  808bb02340fa Pulling fs layer 
Linux Desktop Tests (5)	UNKNOWN STEP	2026-02-25T19:49:15.6595226Z  c0970b69197c Pulling fs layer 
Linux Desktop Tests (5)	UNKNOWN STEP	2026-02-25T19:49:15.6595479Z  9de5f206730a Pulling fs layer 
Linux Desktop Tests (5)	UNKNOWN STEP	2026-02-25T19:49:15.6595791Z  24e28b7dc0a2 Pulling fs layer 
Linux Desktop Tests (5)	UNKNOWN STEP	2026-02-25T19:49:15.6596016Z  830180cf89a8 Pulling fs layer 
Linux Desktop Tests (5)	UNKNOWN STEP	2026-02-25T19:49:15.6596231Z  5de905603ac5 Waiting 
Linux Desktop Tests (5)	UNKNOWN STEP	2026-02-25T19:49:15.6596447Z  808bb02340fa Waiting 
Linux Desktop Tests (5)	UNKNOWN STEP	2026-02-25T19:49:15.6596727Z  c0970b69197c Waiting 
Linux Desktop Tests (5)	UNKNOWN STEP	2026-02-25T19:49:15.6596919Z  9de5f206730a Waiting 
Linux Desktop Tests (5)	UNKNOWN STEP	2026-02-25T19:49:15.6597092Z  24e28b7dc0a2 Waiting 
Linux Desktop Tests (5)	UNKNOWN STEP	2026-02-25T19:49:15.6597304Z  e0d49f520b92 Waiting 
Linux Desktop Tests (5)	UNKNOWN STEP	2026-02-25T19:49:15.6597561Z  830180cf89a8 Waiting 
Linux Desktop Tests (5)	UNKNOWN STEP	2026-02-25T19:49:15.7302555Z  0c8d55a45c0d Pulling fs layer 
Linux Desktop Tests (5)	UNKNOWN STEP	2026-02-25T19:49:15.7303064Z  03af238a5946 Pulling fs layer 
Linux Desktop Tests (5)	UNKNOWN STEP	2026-02-25T19:49:15.7303431Z  686599c79c87 Pulling fs layer 
Linux Desktop Tests (5)	UNKNOWN STEP	2026-02-25T19:49:15.7303801Z  f1cadbd7abd2 Pulling fs layer 
Linux Desktop Tests (5)	UNKNOWN STEP	2026-02-25T19:49:15.7304151Z  3ee96ea8e5d2 Pulling fs layer 
Linux Desktop Tests (5)	UNKNOWN STEP	2026-02-25T19:49:15.7304537Z  a954d256f742 Pulling fs layer 
Linux Desktop Tests (5)	UNKNOWN STEP	2026-02-25T19:49:15.7304935Z  c7ce85987d6d Pulling fs layer 
Linux Desktop Tests (5)	UNKNOWN STEP	2026-02-25T19:49:15.7305329Z  7807da78b90b Pulling fs layer 
Linux Desktop Tests (5)	UNKNOWN STEP	2026-02-25T19:49:15.7306036Z  0c8d55a45c0d Waiting 
Linux Desktop Tests (5)	UNKNOWN STEP	2026-02-25T19:49:15.7306384Z  0478cd5c1079 Pulling fs layer 
Linux Desktop Tests (5)	UNKNOWN STEP	2026-02-25T19:49:15.7306743Z  3a02ac06be95 Pulling fs layer 
Linux Desktop Tests (5)	UNKNOWN STEP	2026-02-25T19:49:15.7307106Z  03af238a5946 Waiting 
Linux Desktop Tests (5)	UNKNOWN STEP	2026-02-25T19:49:15.7307426Z  686599c79c87 Waiting 
Linux Desktop Tests (5)	UNKNOWN STEP	2026-02-25T19:49:15.7307751Z  a954d256f742 Waiting 
Linux Desktop Tests (5)	UNKNOWN STEP	2026-02-25T19:49:15.7308089Z  c7ce85987d6d Waiting 
Linux Desktop Tests (5)	UNKNOWN STEP	2026-02-25T19:49:15.7308418Z  f1cadbd7abd2 Waiting 
Linux Desktop Tests (5)	UNKNOWN STEP	2026-02-25T19:49:15.7308732Z  7807da78b90b Waiting 
Linux Desktop Tests (5)	UNKNOWN STEP	2026-02-25T19:49:15.7309054Z  3ee96ea8e5d2 Waiting 
Linux Desktop Tests (5)	UNKNOWN STEP	2026-02-25T19:49:15.7309371Z  0478cd5c1079 Waiting 
Linux Desktop Tests (5)	UNKNOWN STEP	2026-02-25T19:49:15.8415285Z  9acd5b82521c Downloading [>                                                  ]  1.378kB/127.5kB
Linux Desktop Tests (5)	UNKNOWN STEP	2026-02-25T19:49:15.8416689Z  10d78728ec4d Downloading [==================================================>]     122B/122B
Linux Desktop Tests (5)	UNKNOWN STEP	2026-02-25T19:49:15.8491441Z  10d78728ec4d Verifying Checksum 
Linux Desktop Tests (5)	UNKNOWN STEP	2026-02-25T19:49:15.8492466Z  10d78728ec4d Download complete 
Linux Desktop Tests (5)	UNKNOWN STEP	2026-02-25T19:49:15.8508499Z  bc1da058f299 Pulling fs layer 
Linux Desktop Tests (5)	UNKNOWN STEP	2026-02-25T19:49:15.8510592Z  09a5a0c32a23 Pulling fs layer 
Linux Desktop Tests (5)	UNKNOWN STEP	2026-02-25T19:49:15.8512239Z  bd53938b1271 Pulling fs layer 
Linux Desktop Tests (5)	UNKNOWN STEP	2026-02-25T19:49:15.8512653Z  9fe3744a2eac Pulling fs layer 
Linux Desktop Tests (5)	UNKNOWN STEP	2026-02-25T19:49:15.8513139Z  7ad54b3c4cef Pulling fs layer 
Linux Desktop Tests (5)	UNKNOWN STEP	2026-02-25T19:49:15.8513535Z  09a5a0c32a23 Waiting 
Linux Desktop Tests (5)	UNKNOWN STEP	2026-02-25T19:49:15.8513892Z  2a97533d89ca Pulling fs layer 
Linux Desktop Tests (5)	UNKNOWN STEP	2026-02-25T19:49:15.8514598Z  bd53938b1271 Waiting 
Linux Desktop Tests (5)	UNKNOWN STEP	2026-02-25T19:49:15.8515598Z  4f4fb700ef54 Pulling fs layer 
Linux Desktop Tests (5)	UNKNOWN STEP	2026-02-25T19:49:15.8516050Z  1c2c8d1ee428 Pulling fs layer 
Linux Desktop Tests (5)	UNKNOWN STEP	2026-02-25T19:49:15.8516481Z  9fe3744a2eac Waiting 
Linux Desktop Tests (5)	UNKNOWN STEP	2026-02-25T19:49:15.8516837Z  4f4fb700ef54 Waiting 
Linux Desktop Tests (5)	UNKNOWN STEP	2026-02-25T19:49:15.8517192Z  7ad54b3c4cef Waiting 
Linux Desktop Tests (5)	UNKNOWN STEP	2026-02-25T19:49:15.8517531Z  1c2c8d1ee428 Waiting 
Linux Desktop Tests (5)	UNKNOWN STEP	2026-02-25T19:49:15.8517846Z  2a97533d89ca Waiting 
Linux Desktop Tests (5)	UNKNOWN STEP	2026-02-25T19:49:15.8518192Z  bc1da058f299 Waiting 
Linux Desktop Tests (5)	UNKNOWN STEP	2026-02-25T19:49:15.8521338Z  589002ba0eae Pulling fs layer 
Linux Desktop Tests (5)	UNKNOWN STEP	2026-02-25T19:49:15.8523313Z  5ffb427686b6 Pulling fs layer 
Linux Desktop Tests (5)	UNKNOWN STEP	2026-02-25T19:49:15.8523716Z  630177b00352 Pulling fs layer 
Linux Desktop Tests (5)	UNKNOWN STEP	2026-02-25T19:49:15.8524109Z  6c18ff1f33d0 Pulling fs layer 
Linux Desktop Tests (5)	UNKNOWN STEP	2026-02-25T19:49:15.8524618Z  13e46e455d3b Pulling fs layer 
Linux Desktop Tests (5)	UNKNOWN STEP	2026-02-25T19:49:15.8525079Z  b4403f29458a Pulling fs layer 
Linux Desktop Tests (5)	UNKNOWN STEP	2026-02-25T19:49:15.8525559Z  40aaa75af6ce Pulling fs layer 
Linux Desktop Tests (5)	UNKNOWN STEP	2026-02-25T19:49:15.8525980Z  162bdab1e0a7 Pulling fs layer 
Linux Desktop Tests (5)	UNKNOWN STEP	2026-02-25T19:49:15.8526283Z  ebff7b0ec73e Pulling fs layer 
Linux Desktop Tests (5)	UNKNOWN STEP	2026-02-25T19:49:15.8526527Z  c02179436571 Pulling fs layer 
Linux Desktop Tests (5)	UNKNOWN STEP	2026-02-25T19:49:15.8526835Z  8243369e9866 Pulling fs layer 
Linux Desktop Tests (5)	UNKNOWN STEP	2026-02-25T19:49:15.8527163Z  589002ba0eae Waiting 
Linux Desktop Tests (5)	UNKNOWN STEP	2026-02-25T19:49:15.8527396Z  5ffb427686b6 Waiting 
Linux Desktop Tests (5)	UNKNOWN STEP	2026-02-25T19:49:15.8527699Z  630177b00352 Waiting 
Linux Desktop Tests (5)	UNKNOWN STEP	2026-02-25T19:49:15.8527946Z  6c18ff1f33d0 Waiting 
Linux Desktop Tests (5)	UNKNOWN STEP	2026-02-25T19:49:15.8528192Z  13e46e455d3b Waiting 
Linux Desktop Tests (5)	UNKNOWN STEP	2026-02-25T19:49:15.8528386Z  b4403f29458a Waiting 
Linux Desktop Tests (5)	UNKNOWN STEP	2026-02-25T19:49:15.8528569Z  c02179436571 Waiting 
Linux Desktop Tests (5)	UNKNOWN STEP	2026-02-25T19:49:15.8528809Z  8243369e9866 Waiting 
Linux Desktop Tests (5)	UNKNOWN STEP	2026-02-25T19:49:15.8529119Z  40aaa75af6ce Waiting 
Linux Desktop Tests (5)	UNKNOWN STEP	2026-02-25T19:49:15.8568804Z  d25f557d7f31 Downloading [>                                                  ]  37.05kB/3.622MB
Linux Desktop Tests (5)	UNKNOWN STEP	2026-02-25T19:49:15.8638913Z  9acd5b82521c Downloading [==================================================>]  127.5kB/127.5kB
Linux Desktop Tests (5)	UNKNOWN STEP	2026-02-25T19:49:15.8639636Z  9acd5b82521c Verifying Checksum 
Linux Desktop Tests (5)	UNKNOWN STEP	2026-02-25T19:49:15.8640071Z  9acd5b82521c Download complete 
Linux Desktop Tests (5)	UNKNOWN STEP	2026-02-25T19:49:15.9112396Z  d25f557d7f31 Verifying Checksum 
Linux Desktop Tests (5)	UNKNOWN STEP	2026-02-25T19:49:15.9112926Z  d25f557d7f31 Download complete 
Linux Desktop Tests (5)	UNKNOWN STEP	2026-02-25T19:49:15.9120275Z  d25f557d7f31 Extracting [>                                                  ]  65.54kB/3.622MB
Linux Desktop Tests (5)	UNKNOWN STEP	2026-02-25T19:49:15.9752567Z  d25f557d7f31 Extracting [==================================================>]  3.622MB/3.622MB
Linux Desktop Tests (5)	UNKNOWN STEP	2026-02-25T19:49:16.0023248Z  e0d49f520b92 Downloading [==================================================>]     961B/961B
Linux Desktop Tests (5)	UNKNOWN STEP	2026-02-25T19:49:16.0026329Z  e0d49f520b92 Verifying Checksum 
Linux Desktop Tests (5)	UNKNOWN STEP	2026-02-25T19:49:16.0026799Z  e0d49f520b92 Download complete 
Linux Desktop Tests (5)	UNKNOWN STEP	2026-02-25T19:49:16.0196789Z  d25f557d7f31 Pull complete 
Linux Desktop Tests (5)	UNKNOWN STEP	2026-02-25T19:49:16.0214013Z  9acd5b82521c Extracting [============>                                      ]  32.77kB/127.5kB
Linux Desktop Tests (5)	UNKNOWN STEP	2026-02-25T19:49:16.0225971Z  9acd5b82521c Extracting [==================================================>]  127.5kB/127.5kB
Linux Desktop Tests (5)	UNKNOWN STEP	2026-02-25T19:49:16.0457834Z  5de905603ac5 Downloading [====>                                              ]  1.378kB/17.03kB
Linux Desktop Tests (5)	UNKNOWN STEP	2026-02-25T19:49:16.0474534Z  5de905603ac5 Download complete 
Linux Desktop Tests (5)	UNKNOWN STEP	2026-02-25T19:49:16.0587370Z  808bb02340fa Downloading [>                                                  ]  1.378kB/90.98kB
Linux Desktop Tests (5)	UNKNOWN STEP	2026-02-25T19:49:16.0767833Z  808bb02340fa Downloading [==================================================>]  90.98kB/90.98kB
Linux Desktop Tests (5)	UNKNOWN STEP	2026-02-25T19:49:16.0768583Z  808bb02340fa Download complete 
Linux Desktop Tests (5)	UNKNOWN STEP	2026-02-25T19:49:16.1942004Z  9de5f206730a Downloading [>                                                  ]  8.268kB/766.3kB
Linux Desktop Tests (5)	UNKNOWN STEP	2026-02-25T19:49:16.2218626Z  c0970b69197c Downloading [>                                                  ]  163.8kB/14.88MB
Linux Desktop Tests (5)	UNKNOWN STEP	2026-02-25T19:49:16.2412466Z  24e28b7dc0a2 Downloading [>                                                  ]  1.378kB/83.13kB
Linux Desktop Tests (5)	UNKNOWN STEP	2026-02-25T19:49:16.2497793Z  9de5f206730a Downloading [==================================================>]  766.3kB/766.3kB
Linux Desktop Tests (5)	UNKNOWN STEP	2026-02-25T19:49:16.2498532Z  9de5f206730a Verifying Checksum 
Linux Desktop Tests (5)	UNKNOWN STEP	2026-02-25T19:49:16.2498963Z  9de5f206730a Download complete 
Linux Desktop Tests (5)	UNKNOWN STEP	2026-02-25T19:49:16.2584626Z  24e28b7dc0a2 Download complete 
Linux Desktop Tests (5)	UNKNOWN STEP	2026-02-25T19:49:16.3221862Z  c0970b69197c Downloading [================================================>  ]  14.55MB/14.88MB
Linux Desktop Tests (5)	UNKNOWN STEP	2026-02-25T19:49:16.3228207Z  c0970b69197c Verifying Checksum 
Linux Desktop Tests (5)	UNKNOWN STEP	2026-02-25T19:49:16.3228621Z  c0970b69197c Download complete 
Linux Desktop Tests (5)	UNKNOWN STEP	2026-02-25T19:49:16.4203664Z  830180cf89a8 Downloading [>                                                  ]  147.5kB/14.63MB
Linux Desktop Tests (5)	UNKNOWN STEP	2026-02-25T19:49:16.5208032Z  830180cf89a8 Downloading [================================================>  ]   14.3MB/14.63MB
Linux Desktop Tests (5)	UNKNOWN STEP	2026-02-25T19:49:16.5218491Z  830180cf89a8 Download complete 
Linux Desktop Tests (5)	UNKNOWN STEP	2026-02-25T19:49:16.5425885Z  03af238a5946 Downloading [>                                                  ]  13.04kB/1.293MB
Linux Desktop Tests (5)	UNKNOWN STEP	2026-02-25T19:49:16.5545988Z  0c8d55a45c0d Downloading [>                                                  ]  310.5kB/29.78MB
Linux Desktop Tests (5)	UNKNOWN STEP	2026-02-25T19:49:16.6136832Z  03af238a5946 Verifying Checksum 
Linux Desktop Tests (5)	UNKNOWN STEP	2026-02-25T19:49:16.6137354Z  03af238a5946 Download complete 
Linux Desktop Tests (5)	UNKNOWN STEP	2026-02-25T19:49:16.7397950Z  0c8d55a45c0d Downloading [========>                                          ]  4.903MB/29.78MB
Linux Desktop Tests (5)	UNKNOWN STEP	2026-02-25T19:49:16.7507401Z  686599c79c87 Downloading [>                                                  ]  122.2kB/11.8MB
Linux Desktop Tests (5)	UNKNOWN STEP	2026-02-25T19:49:16.8344902Z  f1cadbd7abd2 Downloading [==================================================>]     252B/252B
Linux Desktop Tests (5)	UNKNOWN STEP	2026-02-25T19:49:16.8346063Z  f1cadbd7abd2 Verifying Checksum 
Linux Desktop Tests (5)	UNKNOWN STEP	2026-02-25T19:49:16.8346689Z  f1cadbd7abd2 Download complete 
Linux Desktop Tests (5)	UNKNOWN STEP	2026-02-25T19:49:16.8397152Z  0c8d55a45c0d Downloading [==================================>                ]  20.51MB/29.78MB
Linux Desktop Tests (5)	UNKNOWN STEP	2026-02-25T19:49:16.8508756Z  686599c79c87 Downloading [=================>                                 ]  4.102MB/11.8MB
Linux Desktop Tests (5)	UNKNOWN STEP	2026-02-25T19:49:16.9340344Z  0c8d55a45c0d Verifying Checksum 
Linux Desktop Tests (5)	UNKNOWN STEP	2026-02-25T19:49:16.9340861Z  0c8d55a45c0d Download complete 
Linux Desktop Tests (5)	UNKNOWN STEP	2026-02-25T19:49:16.9578416Z  686599c79c87 Downloading [=============================>                     ]  7.043MB/11.8MB
Linux Desktop Tests (5)	UNKNOWN STEP	2026-02-25T19:49:17.0635758Z  686599c79c87 Downloading [===========================================>       ]  10.35MB/11.8MB
Linux Desktop Tests (5)	UNKNOWN STEP	2026-02-25T19:49:17.0764426Z  3ee96ea8e5d2 Downloading [==================================================>]     250B/250B
Linux Desktop Tests (5)	UNKNOWN STEP	2026-02-25T19:49:17.0765146Z  3ee96ea8e5d2 Verifying Checksum 
Linux Desktop Tests (5)	UNKNOWN STEP	2026-02-25T19:49:17.0765582Z  3ee96ea8e5d2 Download complete 
Linux Desktop Tests (5)	UNKNOWN STEP	2026-02-25T19:49:17.1091676Z  686599c79c87 Verifying Checksum 
Linux Desktop Tests (5)	UNKNOWN STEP	2026-02-25T19:49:17.1092220Z  686599c79c87 Download complete 
Linux Desktop Tests (5)	UNKNOWN STEP	2026-02-25T19:49:17.1787625Z  a954d256f742 Downloading [>                                                  ]  223.4kB/21.98MB
Linux Desktop Tests (5)	UNKNOWN STEP	2026-02-25T19:49:17.2709474Z  0c8d55a45c0d Extracting [>                                                  ]  327.7kB/29.78MB
Linux Desktop Tests (5)	UNKNOWN STEP	2026-02-25T19:49:17.2877746Z  c7ce85987d6d Downloading [==>                                                ]     719B/13.29kB
Linux Desktop Tests (5)	UNKNOWN STEP	2026-02-25T19:49:17.2878718Z  a954d256f742 Downloading [=======================>                           ]  10.53MB/21.98MB
Linux Desktop Tests (5)	UNKNOWN STEP	2026-02-25T19:49:17.2882451Z  c7ce85987d6d Download complete 
Linux Desktop Tests (5)	UNKNOWN STEP	2026-02-25T19:49:17.3488181Z  7807da78b90b Downloading [>                                                  ]  470.2kB/45.54MB
Linux Desktop Tests (5)	UNKNOWN STEP	2026-02-25T19:49:17.3740196Z  0c8d55a45c0d Extracting [==========>                                        ]  6.226MB/29.78MB
Linux Desktop Tests (5)	UNKNOWN STEP	2026-02-25T19:49:17.3884294Z  a954d256f742 Downloading [======================================>            ]  16.92MB/21.98MB
Linux Desktop Tests (5)	UNKNOWN STEP	2026-02-25T19:49:17.4260852Z  a954d256f742 Verifying Checksum 
Linux Desktop Tests (5)	UNKNOWN STEP	2026-02-25T19:49:17.4523542Z  7807da78b90b Downloading [========>                                          ]  7.886MB/45.54MB
Linux Desktop Tests (5)	UNKNOWN STEP	2026-02-25T19:49:17.4785400Z  0478cd5c1079 Downloading [==========>                                        ]     720B/3.507kB
Linux Desktop Tests (5)	UNKNOWN STEP	2026-02-25T19:49:17.4786341Z  0478cd5c1079 Downloading [==================================================>]  3.507kB/3.507kB
Linux Desktop Tests (5)	UNKNOWN STEP	2026-02-25T19:49:17.4787001Z  0478cd5c1079 Verifying Checksum 
Linux Desktop Tests (5)	UNKNOWN STEP	2026-02-25T19:49:17.4787399Z  0478cd5c1079 Download complete 
Linux Desktop Tests (5)	UNKNOWN STEP	2026-02-25T19:49:17.4970559Z  0c8d55a45c0d Extracting [=================>                                 ]  10.16MB/29.78MB
Linux Desktop Tests (5)	UNKNOWN STEP	2026-02-25T19:49:17.5622173Z  7807da78b90b Downloading [=========================>                         ]  22.77MB/45.54MB
Linux Desktop Tests (5)	UNKNOWN STEP	2026-02-25T19:49:17.6008722Z  0c8d55a45c0d Extracting [=======================>                           ]  14.09MB/29.78MB
Linux Desktop Tests (5)	UNKNOWN STEP	2026-02-25T19:49:17.6271338Z  3a02ac06be95 Downloading [==========>                                        ]     720B/3.462kB
Linux Desktop Tests (5)	UNKNOWN STEP	2026-02-25T19:49:17.6272950Z  3a02ac06be95 Verifying Checksum 
Linux Desktop Tests (5)	UNKNOWN STEP	2026-02-25T19:49:17.6273632Z  3a02ac06be95 Download complete 
Linux Desktop Tests (5)	UNKNOWN STEP	2026-02-25T19:49:17.6771665Z  7807da78b90b Downloading [===========================>                       ]  24.64MB/45.54MB
Linux Desktop Tests (5)	UNKNOWN STEP	2026-02-25T19:49:17.7055538Z  0c8d55a45c0d Extracting [===================================>               ]   21.3MB/29.78MB
Linux Desktop Tests (5)	UNKNOWN STEP	2026-02-25T19:49:17.7176466Z  bc1da058f299 Downloading [>                                                  ]  36.72kB/3.644MB
Linux Desktop Tests (5)	UNKNOWN STEP	2026-02-25T19:49:17.7827639Z  7807da78b90b Downloading [==================================>                ]  31.14MB/45.54MB
Linux Desktop Tests (5)	UNKNOWN STEP	2026-02-25T19:49:17.7949350Z  bc1da058f299 Downloading [==================================================>]  3.644MB/3.644MB
Linux Desktop Tests (5)	UNKNOWN STEP	2026-02-25T19:49:17.7954115Z  bc1da058f299 Download complete 
Linux Desktop Tests (5)	UNKNOWN STEP	2026-02-25T19:49:17.7959453Z  bc1da058f299 Extracting [>                                                  ]  65.54kB/3.644MB
Linux Desktop Tests (5)	UNKNOWN STEP	2026-02-25T19:49:17.8205020Z  0c8d55a45c0d Extracting [===========================================>       ]  25.89MB/29.78MB
Linux Desktop Tests (5)	UNKNOWN STEP	2026-02-25T19:49:17.8308354Z  09a5a0c32a23 Downloading [======================================>            ]     721B/948B
Linux Desktop Tests (5)	UNKNOWN STEP	2026-02-25T19:49:17.8309205Z  09a5a0c32a23 Downloading [==================================================>]     948B/948B
Linux Desktop Tests (5)	UNKNOWN STEP	2026-02-25T19:49:17.8314187Z  09a5a0c32a23 Verifying Checksum 
Linux Desktop Tests (5)	UNKNOWN STEP	2026-02-25T19:49:17.8317059Z  09a5a0c32a23 Download complete 
Linux Desktop Tests (5)	UNKNOWN STEP	2026-02-25T19:49:17.8894536Z  7807da78b90b Downloading [===============================================>   ]  43.24MB/45.54MB
Linux Desktop Tests (5)	UNKNOWN STEP	2026-02-25T19:49:17.8992678Z  7807da78b90b Download complete 
Linux Desktop Tests (5)	UNKNOWN STEP	2026-02-25T19:49:17.9019461Z  bc1da058f299 Extracting [============>                                      ]  917.5kB/3.644MB
Linux Desktop Tests (5)	UNKNOWN STEP	2026-02-25T19:49:17.9853086Z  bd53938b1271 Downloading [>                                                  ]  2.087kB/173.4kB
Linux Desktop Tests (5)	UNKNOWN STEP	2026-02-25T19:49:18.0033990Z  bc1da058f299 Extracting [===================>                               ]  1.442MB/3.644MB
Linux Desktop Tests (5)	UNKNOWN STEP	2026-02-25T19:49:18.0164151Z  bd53938b1271 Verifying Checksum 
Linux Desktop Tests (5)	UNKNOWN STEP	2026-02-25T19:49:18.0168070Z  bd53938b1271 Download complete 
Linux Desktop Tests (5)	UNKNOWN STEP	2026-02-25T19:49:18.0342710Z  bc1da058f299 Extracting [==================================================>]  3.644MB/3.644MB
Linux Desktop Tests (5)	UNKNOWN STEP	2026-02-25T19:49:18.0345642Z  bc1da058f299 Extracting [==================================================>]  3.644MB/3.644MB
Linux Desktop Tests (5)	UNKNOWN STEP	2026-02-25T19:49:18.0444346Z  9fe3744a2eac Downloading [>                                                  ]   10.3kB/1.003MB
Linux Desktop Tests (5)	UNKNOWN STEP	2026-02-25T19:49:18.0803776Z  7ad54b3c4cef Downloading [>                                                  ]    125kB/12.41MB
Linux Desktop Tests (5)	UNKNOWN STEP	2026-02-25T19:49:18.1010500Z  9fe3744a2eac Verifying Checksum 
Linux Desktop Tests (5)	UNKNOWN STEP	2026-02-25T19:49:18.1012077Z  9fe3744a2eac Download complete 
Linux Desktop Tests (5)	UNKNOWN STEP	2026-02-25T19:49:18.1012517Z  bc1da058f299 Pull complete 
Linux Desktop Tests (5)	UNKNOWN STEP	2026-02-25T19:49:18.1032492Z  09a5a0c32a23 Extracting [==================================================>]     948B/948B
Linux Desktop Tests (5)	UNKNOWN STEP	2026-02-25T19:49:18.1040310Z  09a5a0c32a23 Extracting [==================================================>]     948B/948B
Linux Desktop Tests (5)	UNKNOWN STEP	2026-02-25T19:49:18.1097680Z  0c8d55a45c0d Extracting [============================================>      ]  26.21MB/29.78MB
Linux Desktop Tests (5)	UNKNOWN STEP	2026-02-25T19:49:18.1859073Z  7ad54b3c4cef Downloading [=================>                                 ]   4.46MB/12.41MB
Linux Desktop Tests (5)	UNKNOWN STEP	2026-02-25T19:49:18.2364291Z  2a97533d89ca Downloading [==================================================>]     100B/100B
Linux Desktop Tests (5)	UNKNOWN STEP	2026-02-25T19:49:18.2368367Z  2a97533d89ca Verifying Checksum 
Linux Desktop Tests (5)	UNKNOWN STEP	2026-02-25T19:49:18.2368998Z  2a97533d89ca Download complete 
Linux Desktop Tests (5)	UNKNOWN STEP	2026-02-25T19:49:18.2472251Z  0c8d55a45c0d Extracting [===============================================>   ]  28.51MB/29.78MB
Linux Desktop Tests (5)	UNKNOWN STEP	2026-02-25T19:49:18.2873832Z  7ad54b3c4cef Downloading [===========================================>       ]  10.76MB/12.41MB
Linux Desktop Tests (5)	UNKNOWN STEP	2026-02-25T19:49:18.2995726Z  7ad54b3c4cef Verifying Checksum 
Linux Desktop Tests (5)	UNKNOWN STEP	2026-02-25T19:49:18.2996200Z  7ad54b3c4cef Download complete 
Linux Desktop Tests (5)	UNKNOWN STEP	2026-02-25T19:49:18.3324227Z  4f4fb700ef54 Download complete 
Linux Desktop Tests (5)	UNKNOWN STEP	2026-02-25T19:49:18.4205504Z  0c8d55a45c0d Extracting [================================================>  ]  29.16MB/29.78MB
Linux Desktop Tests (5)	UNKNOWN STEP	2026-02-25T19:49:18.4303487Z  1c2c8d1ee428 Downloading [==================================================>]     576B/576B
Linux Desktop Tests (5)	UNKNOWN STEP	2026-02-25T19:49:18.4304188Z  1c2c8d1ee428 Verifying Checksum 
Linux Desktop Tests (5)	UNKNOWN STEP	2026-02-25T19:49:18.4304620Z  1c2c8d1ee428 Download complete 
Linux Desktop Tests (5)	UNKNOWN STEP	2026-02-25T19:49:18.4856018Z  589002ba0eae Downloading [>                                                  ]  39.46kB/3.862MB
Linux Desktop Tests (5)	UNKNOWN STEP	2026-02-25T19:49:18.5175841Z  5ffb427686b6 Downloading [=====================================>             ]     721B/972B
Linux Desktop Tests (5)	UNKNOWN STEP	2026-02-25T19:49:18.5179981Z  5ffb427686b6 Downloading [==================================================>]     972B/972B
Linux Desktop Tests (5)	UNKNOWN STEP	2026-02-25T19:49:18.5181966Z  5ffb427686b6 Verifying Checksum 
Linux Desktop Tests (5)	UNKNOWN STEP	2026-02-25T19:49:18.5182666Z  5ffb427686b6 Download complete 
Linux Desktop Tests (5)	UNKNOWN STEP	2026-02-25T19:49:18.5183293Z  0c8d55a45c0d Extracting [==================================================>]  29.78MB/29.78MB
Linux Desktop Tests (5)	UNKNOWN STEP	2026-02-25T19:49:18.5430459Z  0c8d55a45c0d Pull complete 
Linux Desktop Tests (5)	UNKNOWN STEP	2026-02-25T19:49:18.5447687Z  03af238a5946 Extracting [=>                                                 ]  32.77kB/1.293MB
Linux Desktop Tests (5)	UNKNOWN STEP	2026-02-25T19:49:18.5763857Z  589002ba0eae Download complete 
Linux Desktop Tests (5)	UNKNOWN STEP	2026-02-25T19:49:18.5775754Z  589002ba0eae Extracting [>                                                  ]  65.54kB/3.862MB
Linux Desktop Tests (5)	UNKNOWN STEP	2026-02-25T19:49:18.6358215Z  630177b00352 Downloading [>                                                  ]  10.28kB/922.9kB
Linux Desktop Tests (5)	UNKNOWN STEP	2026-02-25T19:49:18.6449880Z  03af238a5946 Extracting [===========================>                       ]  720.9kB/1.293MB
Linux Desktop Tests (5)	UNKNOWN STEP	2026-02-25T19:49:18.7012898Z  630177b00352 Verifying Checksum 
Linux Desktop Tests (5)	UNKNOWN STEP	2026-02-25T19:49:18.7013398Z  630177b00352 Download complete 
Linux Desktop Tests (5)	UNKNOWN STEP	2026-02-25T19:49:18.7017502Z  589002ba0eae Extracting [=================>                                 ]  1.376MB/3.862MB
Linux Desktop Tests (5)	UNKNOWN STEP	2026-02-25T19:49:18.7284820Z  6c18ff1f33d0 Downloading [==================================================>]     173B/173B
Linux Desktop Tests (5)	UNKNOWN STEP	2026-02-25T19:49:18.7288720Z  6c18ff1f33d0 Download complete 
Linux Desktop Tests (5)	UNKNOWN STEP	2026-02-25T19:49:18.7391224Z  9acd5b82521c Pull complete 
Linux Desktop Tests (5)	UNKNOWN STEP	2026-02-25T19:49:18.7408287Z  10d78728ec4d Extracting [==================================================>]     122B/122B
Linux Desktop Tests (5)	UNKNOWN STEP	2026-02-25T19:49:18.7420257Z  10d78728ec4d Extracting [==================================================>]     122B/122B
Linux Desktop Tests (5)	UNKNOWN STEP	2026-02-25T19:49:18.7858457Z  13e46e455d3b Downloading [==================================================>]     116B/116B
Linux Desktop Tests (5)	UNKNOWN STEP	2026-02-25T19:49:18.7859298Z  13e46e455d3b Verifying Checksum 
Linux Desktop Tests (5)	UNKNOWN STEP	2026-02-25T19:49:18.7859566Z  13e46e455d3b Download complete 
Linux Desktop Tests (5)	UNKNOWN STEP	2026-02-25T19:49:18.7980219Z  589002ba0eae Extracting [==================================================>]  3.862MB/3.862MB
Linux Desktop Tests (5)	UNKNOWN STEP	2026-02-25T19:49:18.8087055Z  03af238a5946 Extracting [====================================>              ]  950.3kB/1.293MB
Linux Desktop Tests (5)	UNKNOWN STEP	2026-02-25T19:49:18.8144408Z  03af238a5946 Extracting [==================================================>]  1.293MB/1.293MB
Linux Desktop Tests (5)	UNKNOWN STEP	2026-02-25T19:49:18.8149471Z  03af238a5946 Extracting [==================================================>]  1.293MB/1.293MB
Linux Desktop Tests (5)	UNKNOWN STEP	2026-02-25T19:49:18.8595927Z  589002ba0eae Pull complete 
Linux Desktop Tests (5)	UNKNOWN STEP	2026-02-25T19:49:18.8621141Z  5ffb427686b6 Extracting [==================================================>]     972B/972B
Linux Desktop Tests (5)	UNKNOWN STEP	2026-02-25T19:49:18.8624062Z  5ffb427686b6 Extracting [==================================================>]     972B/972B
Linux Desktop Tests (5)	UNKNOWN STEP	2026-02-25T19:49:18.8972348Z  09a5a0c32a23 Pull complete 
Linux Desktop Tests (5)	UNKNOWN STEP	2026-02-25T19:49:18.8988271Z  bd53938b1271 Extracting [=========>                                         ]  32.77kB/173.4kB
Linux Desktop Tests (5)	UNKNOWN STEP	2026-02-25T19:49:18.9000149Z  10d78728ec4d Pull complete 
Linux Desktop Tests (5)	UNKNOWN STEP	2026-02-25T19:49:18.9003956Z  03af238a5946 Pull complete 
Linux Desktop Tests (5)	UNKNOWN STEP	2026-02-25T19:49:18.9004391Z  5ffb427686b6 Pull complete 
Linux Desktop Tests (5)	UNKNOWN STEP	2026-02-25T19:49:18.9015504Z  bd53938b1271 Extracting [==================================================>]  173.4kB/173.4kB
Linux Desktop Tests (5)	UNKNOWN STEP	2026-02-25T19:49:18.9057939Z  630177b00352 Extracting [=>                                                 ]  32.77kB/922.9kB
Linux Desktop Tests (5)	UNKNOWN STEP	2026-02-25T19:49:18.9126272Z  e0d49f520b92 Extracting [==================================================>]     961B/961B
Linux Desktop Tests (5)	UNKNOWN STEP	2026-02-25T19:49:18.9127163Z  e0d49f520b92 Extracting [==================================================>]     961B/961B
Linux Desktop Tests (5)	UNKNOWN STEP	2026-02-25T19:49:18.9134749Z  686599c79c87 Extracting [>                                                  ]  131.1kB/11.8MB
Linux Desktop Tests (5)	UNKNOWN STEP	2026-02-25T19:49:18.9214126Z  b4403f29458a Downloading [>                                                  ]  528.2kB/105.2MB
Linux Desktop Tests (5)	UNKNOWN STEP	2026-02-25T19:49:18.9230316Z  e0d49f520b92 Pull complete 
Linux Desktop Tests (5)	UNKNOWN STEP	2026-02-25T19:49:18.9366273Z  5de905603ac5 Extracting [==================================================>]  17.03kB/17.03kB
Linux Desktop Tests (5)	UNKNOWN STEP	2026-02-25T19:49:18.9375132Z  bd53938b1271 Extracting [==================================================>]  173.4kB/173.4kB
Linux Desktop Tests (5)	UNKNOWN STEP	2026-02-25T19:49:18.9376425Z  5de905603ac5 Extracting [==================================================>]  17.03kB/17.03kB
Linux Desktop Tests (5)	UNKNOWN STEP	2026-02-25T19:49:18.9442820Z  40aaa75af6ce Downloading [===>                                               ]     700B/9.62kB
Linux Desktop Tests (5)	UNKNOWN STEP	2026-02-25T19:49:18.9454988Z  40aaa75af6ce Downloading [==================================================>]   9.62kB/9.62kB
Linux Desktop Tests (5)	UNKNOWN STEP	2026-02-25T19:49:18.9459853Z  40aaa75af6ce Verifying Checksum 
Linux Desktop Tests (5)	UNKNOWN STEP	2026-02-25T19:49:18.9460325Z  40aaa75af6ce Download complete 
Linux Desktop Tests (5)	UNKNOWN STEP	2026-02-25T19:49:18.9632147Z  5de905603ac5 Pull complete 
Linux Desktop Tests (5)	UNKNOWN STEP	2026-02-25T19:49:18.9642462Z  630177b00352 Extracting [==================================================>]  922.9kB/922.9kB
Linux Desktop Tests (5)	UNKNOWN STEP	2026-02-25T19:49:18.9671460Z  808bb02340fa Extracting [==================>                                ]  32.77kB/90.98kB
Linux Desktop Tests (5)	UNKNOWN STEP	2026-02-25T19:49:18.9672849Z  808bb02340fa Extracting [==================================================>]  90.98kB/90.98kB
Linux Desktop Tests (5)	UNKNOWN STEP	2026-02-25T19:49:18.9820593Z  630177b00352 Pull complete 
Linux Desktop Tests (5)	UNKNOWN STEP	2026-02-25T19:49:18.9852658Z  6c18ff1f33d0 Extracting [==================================================>]     173B/173B
Linux Desktop Tests (5)	UNKNOWN STEP	2026-02-25T19:49:18.9853666Z  6c18ff1f33d0 Extracting [==================================================>]     173B/173B
Linux Desktop Tests (5)	UNKNOWN STEP	2026-02-25T19:49:18.9921453Z  808bb02340fa Pull complete 
Linux Desktop Tests (5)	UNKNOWN STEP	2026-02-25T19:49:19.0006035Z  c0970b69197c Extracting [>                                                  ]  163.8kB/14.88MB
Linux Desktop Tests (5)	UNKNOWN STEP	2026-02-25T19:49:19.0013608Z  6c18ff1f33d0 Pull complete 
Linux Desktop Tests (5)	UNKNOWN STEP	2026-02-25T19:49:19.0052276Z  13e46e455d3b Extracting [==================================================>]     116B/116B
Linux Desktop Tests (5)	UNKNOWN STEP	2026-02-25T19:49:19.0053318Z  13e46e455d3b Extracting [==================================================>]     116B/116B
Linux Desktop Tests (5)	UNKNOWN STEP	2026-02-25T19:49:19.0166977Z  162bdab1e0a7 Downloading [==================================================>]     128B/128B
Linux Desktop Tests (5)	UNKNOWN STEP	2026-02-25T19:49:19.0178116Z  162bdab1e0a7 Verifying Checksum 
Linux Desktop Tests (5)	UNKNOWN STEP	2026-02-25T19:49:19.0178948Z  162bdab1e0a7 Download complete 
Linux Desktop Tests (5)	UNKNOWN STEP	2026-02-25T19:49:19.0255649Z  13e46e455d3b Pull complete 
Linux Desktop Tests (5)	UNKNOWN STEP	2026-02-25T19:49:19.0259455Z  b4403f29458a Downloading [======>                                            ]  13.36MB/105.2MB
Linux Desktop Tests (5)	UNKNOWN STEP	2026-02-25T19:49:19.0324317Z  686599c79c87 Extracting [===>                                               ]  786.4kB/11.8MB
Linux Desktop Tests (5)	UNKNOWN STEP	2026-02-25T19:49:19.1030146Z  c0970b69197c Extracting [=============>                                     ]  4.096MB/14.88MB
Linux Desktop Tests (5)	UNKNOWN STEP	2026-02-25T19:49:19.1247087Z  b4403f29458a Downloading [================>                                  ]  34.16MB/105.2MB
Linux Desktop Tests (5)	UNKNOWN STEP	2026-02-25T19:49:19.1326390Z  686599c79c87 Extracting [==========>                                        ]   2.49MB/11.8MB
Linux Desktop Tests (5)	UNKNOWN STEP	2026-02-25T19:49:19.1856455Z  ebff7b0ec73e Downloading [==================================================>]     170B/170B
Linux Desktop Tests (5)	UNKNOWN STEP	2026-02-25T19:49:19.1869160Z  ebff7b0ec73e Verifying Checksum 
Linux Desktop Tests (5)	UNKNOWN STEP	2026-02-25T19:49:19.1871236Z  ebff7b0ec73e Download complete 
Linux Desktop Tests (5)	UNKNOWN STEP	2026-02-25T19:49:19.2036271Z  c0970b69197c Extracting [=============================>                     ]  8.684MB/14.88MB
Linux Desktop Tests (5)	UNKNOWN STEP	2026-02-25T19:49:19.2137746Z  bd53938b1271 Pull complete 
Linux Desktop Tests (5)	UNKNOWN STEP	2026-02-25T19:49:19.2150749Z  9fe3744a2eac Extracting [=>                                                 ]  32.77kB/1.003MB
Linux Desktop Tests (5)	UNKNOWN STEP	2026-02-25T19:49:19.2244863Z  b4403f29458a Downloading [=========================>                         ]  54.45MB/105.2MB
Linux Desktop Tests (5)	UNKNOWN STEP	2026-02-25T19:49:19.2320248Z  c02179436571 Downloading [=====>                                             ]     700B/5.84kB
Linux Desktop Tests (5)	UNKNOWN STEP	2026-02-25T19:49:19.2325358Z  c02179436571 Downloading [==================================================>]   5.84kB/5.84kB
Linux Desktop Tests (5)	UNKNOWN STEP	2026-02-25T19:49:19.2331333Z  c02179436571 Verifying Checksum 
Linux Desktop Tests (5)	UNKNOWN STEP	2026-02-25T19:49:19.2331774Z  c02179436571 Download complete 
Linux Desktop Tests (5)	UNKNOWN STEP	2026-02-25T19:49:19.2432337Z  686599c79c87 Extracting [==============>                                    ]  3.539MB/11.8MB
Linux Desktop Tests (5)	UNKNOWN STEP	2026-02-25T19:49:19.2494941Z  9fe3744a2eac Extracting [==================================================>]  1.003MB/1.003MB
Linux Desktop Tests (5)	UNKNOWN STEP	2026-02-25T19:49:19.2836052Z  9fe3744a2eac Pull complete 
Linux Desktop Tests (5)	UNKNOWN STEP	2026-02-25T19:49:19.2912862Z  7ad54b3c4cef Extracting [>                                                  ]  131.1kB/12.41MB
Linux Desktop Tests (5)	UNKNOWN STEP	2026-02-25T19:49:19.3060584Z  c0970b69197c Extracting [=========================================>         ]  12.29MB/14.88MB
Linux Desktop Tests (5)	UNKNOWN STEP	2026-02-25T19:49:19.3256925Z  b4403f29458a Downloading [=====================================>             ]  79.54MB/105.2MB
Linux Desktop Tests (5)	UNKNOWN STEP	2026-02-25T19:49:19.3435033Z  686599c79c87 Extracting [======================>                            ]  5.243MB/11.8MB
Linux Desktop Tests (5)	UNKNOWN STEP	2026-02-25T19:49:19.3499532Z  c0970b69197c Extracting [==================================================>]  14.88MB/14.88MB
Linux Desktop Tests (5)	UNKNOWN STEP	2026-02-25T19:49:19.3712983Z  c0970b69197c Pull complete 
Linux Desktop Tests (5)	UNKNOWN STEP	2026-02-25T19:49:19.3767650Z  9de5f206730a Extracting [==>                                                ]  32.77kB/766.3kB
Linux Desktop Tests (5)	UNKNOWN STEP	2026-02-25T19:49:19.3925203Z  7ad54b3c4cef Extracting [============>                                      ]  3.146MB/12.41MB
Linux Desktop Tests (5)	UNKNOWN STEP	2026-02-25T19:49:19.3957123Z  9de5f206730a Extracting [==================================================>]  766.3kB/766.3kB
Linux Desktop Tests (5)	UNKNOWN STEP	2026-02-25T19:49:19.3960516Z  9de5f206730a Extracting [==================================================>]  766.3kB/766.3kB
Linux Desktop Tests (5)	UNKNOWN STEP	2026-02-25T19:49:19.3987114Z  8243369e9866 Downloading [==================================================>]     186B/186B
Linux Desktop Tests (5)	UNKNOWN STEP	2026-02-25T19:49:19.3989688Z  8243369e9866 Verifying Checksum 
Linux Desktop Tests (5)	UNKNOWN STEP	2026-02-25T19:49:19.3990126Z  8243369e9866 Download complete 
Linux Desktop Tests (5)	UNKNOWN STEP	2026-02-25T19:49:19.4119095Z  9de5f206730a Pull complete 
Linux Desktop Tests (5)	UNKNOWN STEP	2026-02-25T19:49:19.4132672Z  24e28b7dc0a2 Extracting [===================>                               ]  32.77kB/83.13kB
Linux Desktop Tests (5)	UNKNOWN STEP	2026-02-25T19:49:19.4136960Z  24e28b7dc0a2 Extracting [==================================================>]  83.13kB/83.13kB
Linux Desktop Tests (5)	UNKNOWN STEP	2026-02-25T19:49:19.4150662Z  24e28b7dc0a2 Extracting [==================================================>]  83.13kB/83.13kB
Linux Desktop Tests (5)	UNKNOWN STEP	2026-02-25T19:49:19.4275027Z  b4403f29458a Downloading [===========================================>       ]  91.82MB/105.2MB
Linux Desktop Tests (5)	UNKNOWN STEP	2026-02-25T19:49:19.4474683Z  24e28b7dc0a2 Pull complete 
Linux Desktop Tests (5)	UNKNOWN STEP	2026-02-25T19:49:19.4518931Z  686599c79c87 Extracting [===========================>                       ]  6.423MB/11.8MB
Linux Desktop Tests (5)	UNKNOWN STEP	2026-02-25T19:49:19.4519825Z  830180cf89a8 Extracting [>                                                  ]  163.8kB/14.63MB
Linux Desktop Tests (5)	UNKNOWN STEP	2026-02-25T19:49:19.4960640Z  7ad54b3c4cef Extracting [==============================>                    ]  7.602MB/12.41MB
Linux Desktop Tests (5)	UNKNOWN STEP	2026-02-25T19:49:19.5015053Z  b4403f29458a Verifying Checksum 
Linux Desktop Tests (5)	UNKNOWN STEP	2026-02-25T19:49:19.5016145Z  b4403f29458a Download complete 
Linux Desktop Tests (5)	UNKNOWN STEP	2026-02-25T19:49:19.5149136Z  b4403f29458a Extracting [>                                                  ]  557.1kB/105.2MB
Linux Desktop Tests (5)	UNKNOWN STEP	2026-02-25T19:49:19.5547020Z  830180cf89a8 Extracting [============>                                      ]  3.604MB/14.63MB
Linux Desktop Tests (5)	UNKNOWN STEP	2026-02-25T19:49:19.5577657Z  686599c79c87 Extracting [====================================>              ]  8.651MB/11.8MB
Linux Desktop Tests (5)	UNKNOWN STEP	2026-02-25T19:49:19.5978329Z  7ad54b3c4cef Extracting [================================================>  ]  11.93MB/12.41MB
Linux Desktop Tests (5)	UNKNOWN STEP	2026-02-25T19:49:19.6118745Z  7ad54b3c4cef Extracting [==================================================>]  12.41MB/12.41MB
Linux Desktop Tests (5)	UNKNOWN STEP	2026-02-25T19:49:19.6252282Z  b4403f29458a Extracting [>                                                  ]  1.671MB/105.2MB
Linux Desktop Tests (5)	UNKNOWN STEP	2026-02-25T19:49:19.6587242Z  7ad54b3c4cef Pull complete 
Linux Desktop Tests (5)	UNKNOWN STEP	2026-02-25T19:49:19.6592123Z  830180cf89a8 Extracting [=========================>                         ]  7.373MB/14.63MB
Linux Desktop Tests (5)	UNKNOWN STEP	2026-02-25T19:49:19.6596250Z  2a97533d89ca Extracting [==================================================>]     100B/100B
Linux Desktop Tests (5)	UNKNOWN STEP	2026-02-25T19:49:19.6597142Z  2a97533d89ca Extracting [==================================================>]     100B/100B
Linux Desktop Tests (5)	UNKNOWN STEP	2026-02-25T19:49:19.6765398Z  2a97533d89ca Pull complete 
Linux Desktop Tests (5)	UNKNOWN STEP	2026-02-25T19:49:19.6792002Z  4f4fb700ef54 Extracting [==================================================>]      32B/32B
Linux Desktop Tests (5)	UNKNOWN STEP	2026-02-25T19:49:19.6837661Z  4f4fb700ef54 Extracting [==================================================>]      32B/32B
Linux Desktop Tests (5)	UNKNOWN STEP	2026-02-25T19:49:19.6923525Z  686599c79c87 Extracting [=======================================>           ]  9.306MB/11.8MB
Linux Desktop Tests (5)	UNKNOWN STEP	2026-02-25T19:49:19.6936171Z  4f4fb700ef54 Pull complete 
Linux Desktop Tests (5)	UNKNOWN STEP	2026-02-25T19:49:19.6986862Z  1c2c8d1ee428 Extracting [==================================================>]     576B/576B
Linux Desktop Tests (5)	UNKNOWN STEP	2026-02-25T19:49:19.6990634Z  1c2c8d1ee428 Extracting [==================================================>]     576B/576B
Linux Desktop Tests (5)	UNKNOWN STEP	2026-02-25T19:49:19.7127825Z  1c2c8d1ee428 Pull complete 
Linux Desktop Tests (5)	UNKNOWN STEP	2026-02-25T19:49:19.7205375Z  redis Pulled 
Linux Desktop Tests (5)	UNKNOWN STEP	2026-02-25T19:49:19.7261669Z  b4403f29458a Extracting [==>                                                ]  5.571MB/105.2MB
Linux Desktop Tests (5)	UNKNOWN STEP	2026-02-25T19:49:19.7695442Z  830180cf89a8 Extracting [==================================>                ]  10.16MB/14.63MB
Linux Desktop Tests (5)	UNKNOWN STEP	2026-02-25T19:49:19.8134553Z  686599c79c87 Extracting [===========================================>       ]  10.35MB/11.8MB
Linux Desktop Tests (5)	UNKNOWN STEP	2026-02-25T19:49:19.8355081Z  b4403f29458a Extracting [=====>                                             ]  12.26MB/105.2MB
Linux Desktop Tests (5)	UNKNOWN STEP	2026-02-25T19:49:19.8501077Z  830180cf89a8 Extracting [==================================================>]  14.63MB/14.63MB
Linux Desktop Tests (5)	UNKNOWN STEP	2026-02-25T19:49:19.8847606Z  830180cf89a8 Pull complete 
Linux Desktop Tests (5)	UNKNOWN STEP	2026-02-25T19:49:19.8926034Z  dex Pulled 
Linux Desktop Tests (5)	UNKNOWN STEP	2026-02-25T19:49:19.9156970Z  686599c79c87 Extracting [==============================================>    ]  11.01MB/11.8MB
Linux Desktop Tests (5)	UNKNOWN STEP	2026-02-25T19:49:19.9392955Z  b4403f29458a Extracting [=========>                                         ]   19.5MB/105.2MB
Linux Desktop Tests (5)	UNKNOWN STEP	2026-02-25T19:49:19.9821261Z  686599c79c87 Extracting [==================================================>]   11.8MB/11.8MB
Linux Desktop Tests (5)	UNKNOWN STEP	2026-02-25T19:49:20.0106187Z  686599c79c87 Pull complete 
Linux Desktop Tests (5)	UNKNOWN STEP	2026-02-25T19:49:20.0129183Z  f1cadbd7abd2 Extracting [==================================================>]     252B/252B
Linux Desktop Tests (5)	UNKNOWN STEP	2026-02-25T19:49:20.0166573Z  f1cadbd7abd2 Extracting [==================================================>]     252B/252B
Linux Desktop Tests (5)	UNKNOWN STEP	2026-02-25T19:49:20.0371576Z  f1cadbd7abd2 Pull complete 
Linux Desktop Tests (5)	UNKNOWN STEP	2026-02-25T19:49:20.0382464Z  3ee96ea8e5d2 Extracting [==================================================>]     250B/250B
Linux Desktop Tests (5)	UNKNOWN STEP	2026-02-25T19:49:20.0388151Z  3ee96ea8e5d2 Extracting [==================================================>]     250B/250B
Linux Desktop Tests (5)	UNKNOWN STEP	2026-02-25T19:49:20.0405299Z  b4403f29458a Extracting [============>                                      ]   27.3MB/105.2MB
Linux Desktop Tests (5)	UNKNOWN STEP	2026-02-25T19:49:20.0488925Z  3ee96ea8e5d2 Pull complete 
Linux Desktop Tests (5)	UNKNOWN STEP	2026-02-25T19:49:20.0521978Z  a954d256f742 Extracting [>                                                  ]  229.4kB/21.98MB
Linux Desktop Tests (5)	UNKNOWN STEP	2026-02-25T19:49:20.1416728Z  b4403f29458a Extracting [================>                                  ]  35.09MB/105.2MB
Linux Desktop Tests (5)	UNKNOWN STEP	2026-02-25T19:49:20.1679291Z  a954d256f742 Extracting [=====>                                             ]  2.294MB/21.98MB
Linux Desktop Tests (5)	UNKNOWN STEP	2026-02-25T19:49:20.2469522Z  b4403f29458a Extracting [====================>                              ]  43.45MB/105.2MB
Linux Desktop Tests (5)	UNKNOWN STEP	2026-02-25T19:49:20.2703204Z  a954d256f742 Extracting [=============>                                     ]  5.964MB/21.98MB
Linux Desktop Tests (5)	UNKNOWN STEP	2026-02-25T19:49:20.3544965Z  b4403f29458a Extracting [========================>                          ]  50.69MB/105.2MB
Linux Desktop Tests (5)	UNKNOWN STEP	2026-02-25T19:49:20.3705400Z  a954d256f742 Extracting [============================>                      ]  12.39MB/21.98MB
Linux Desktop Tests (5)	UNKNOWN STEP	2026-02-25T19:49:20.4618010Z  b4403f29458a Extracting [=========================>                         ]  54.59MB/105.2MB
Linux Desktop Tests (5)	UNKNOWN STEP	2026-02-25T19:49:20.4734940Z  a954d256f742 Extracting [=========================================>         ]  18.35MB/21.98MB
Linux Desktop Tests (5)	UNKNOWN STEP	2026-02-25T19:49:20.5683771Z  b4403f29458a Extracting [=============================>                     ]  61.28MB/105.2MB
Linux Desktop Tests (5)	UNKNOWN STEP	2026-02-25T19:49:20.5832652Z  a954d256f742 Extracting [=================================================> ]  21.79MB/21.98MB
Linux Desktop Tests (5)	UNKNOWN STEP	2026-02-25T19:49:20.6016858Z  a954d256f742 Extracting [==================================================>]  21.98MB/21.98MB
Linux Desktop Tests (5)	UNKNOWN STEP	2026-02-25T19:49:20.6970184Z  b4403f29458a Extracting [================================>                  ]  67.96MB/105.2MB
Linux Desktop Tests (5)	UNKNOWN STEP	2026-02-25T19:49:20.7500470Z  a954d256f742 Pull complete 
Linux Desktop Tests (5)	UNKNOWN STEP	2026-02-25T19:49:20.7513498Z  c7ce85987d6d Extracting [==================================================>]  13.29kB/13.29kB
Linux Desktop Tests (5)	UNKNOWN STEP	2026-02-25T19:49:20.7523964Z  c7ce85987d6d Extracting [==================================================>]  13.29kB/13.29kB
Linux Desktop Tests (5)	UNKNOWN STEP	2026-02-25T19:49:20.7922825Z  c7ce85987d6d Pull complete 
Linux Desktop Tests (5)	UNKNOWN STEP	2026-02-25T19:49:20.8236817Z  7807da78b90b Extracting [>                                                  ]  458.8kB/45.54MB
Linux Desktop Tests (5)	UNKNOWN STEP	2026-02-25T19:49:20.9092261Z  b4403f29458a Extracting [===================================>               ]   75.2MB/105.2MB
Linux Desktop Tests (5)	UNKNOWN STEP	2026-02-25T19:49:20.9857684Z  7807da78b90b Extracting [===>                                               ]  2.753MB/45.54MB
Linux Desktop Tests (5)	UNKNOWN STEP	2026-02-25T19:49:21.0891646Z  7807da78b90b Extracting [======>                                            ]  5.505MB/45.54MB
Linux Desktop Tests (5)	UNKNOWN STEP	2026-02-25T19:49:21.1015951Z  b4403f29458a Extracting [====================================>              ]  76.32MB/105.2MB
Linux Desktop Tests (5)	UNKNOWN STEP	2026-02-25T19:49:21.2144980Z  7807da78b90b Extracting [=========>                                         ]  8.716MB/45.54MB
Linux Desktop Tests (5)	UNKNOWN STEP	2026-02-25T19:49:21.2159863Z  b4403f29458a Extracting [=====================================>             ]   79.1MB/105.2MB
Linux Desktop Tests (5)	UNKNOWN STEP	2026-02-25T19:49:21.3180361Z  b4403f29458a Extracting [=======================================>           ]  82.44MB/105.2MB
Linux Desktop Tests (5)	UNKNOWN STEP	2026-02-25T19:49:21.3270149Z  7807da78b90b Extracting [==========>                                        ]  9.634MB/45.54MB
Linux Desktop Tests (5)	UNKNOWN STEP	2026-02-25T19:49:21.4199158Z  b4403f29458a Extracting [========================================>          ]  85.79MB/105.2MB
Linux Desktop Tests (5)	UNKNOWN STEP	2026-02-25T19:49:21.4356644Z  7807da78b90b Extracting [================>                                  ]  14.68MB/45.54MB
Linux Desktop Tests (5)	UNKNOWN STEP	2026-02-25T19:49:21.5238594Z  b4403f29458a Extracting [==========================================>        ]  90.24MB/105.2MB
Linux Desktop Tests (5)	UNKNOWN STEP	2026-02-25T19:49:21.5358120Z  7807da78b90b Extracting [====================>                              ]  18.35MB/45.54MB
Linux Desktop Tests (5)	UNKNOWN STEP	2026-02-25T19:49:21.6654468Z  b4403f29458a Extracting [===========================================>       ]  92.47MB/105.2MB
Linux Desktop Tests (5)	UNKNOWN STEP	2026-02-25T19:49:21.7036529Z  7807da78b90b Extracting [=====================>                             ]  19.27MB/45.54MB
Linux Desktop Tests (5)	UNKNOWN STEP	2026-02-25T19:49:21.7716667Z  b4403f29458a Extracting [================================================>  ]  101.4MB/105.2MB
Linux Desktop Tests (5)	UNKNOWN STEP	2026-02-25T19:49:21.8413973Z  b4403f29458a Extracting [==================================================>]  105.2MB/105.2MB
Linux Desktop Tests (5)	UNKNOWN STEP	2026-02-25T19:49:21.8882191Z  7807da78b90b Extracting [=======================>                           ]  21.56MB/45.54MB
Linux Desktop Tests (5)	UNKNOWN STEP	2026-02-25T19:49:22.0611610Z  7807da78b90b Extracting [==============================>                    ]  27.53MB/45.54MB
Linux Desktop Tests (5)	UNKNOWN STEP	2026-02-25T19:49:22.1963750Z  b4403f29458a Pull complete 
Linux Desktop Tests (5)	UNKNOWN STEP	2026-02-25T19:49:22.1977873Z  40aaa75af6ce Extracting [==================================================>]   9.62kB/9.62kB
Linux Desktop Tests (5)	UNKNOWN STEP	2026-02-25T19:49:22.1982193Z  40aaa75af6ce Extracting [==================================================>]   9.62kB/9.62kB
Linux Desktop Tests (5)	UNKNOWN STEP	2026-02-25T19:49:22.2154848Z  40aaa75af6ce Pull complete 
Linux Desktop Tests (5)	UNKNOWN STEP	2026-02-25T19:49:22.2164730Z  162bdab1e0a7 Extracting [==================================================>]     128B/128B
Linux Desktop Tests (5)	UNKNOWN STEP	2026-02-25T19:49:22.2169923Z  162bdab1e0a7 Extracting [==================================================>]     128B/128B
Linux Desktop Tests (5)	UNKNOWN STEP	2026-02-25T19:49:22.2263917Z  162bdab1e0a7 Pull complete 
Linux Desktop Tests (5)	UNKNOWN STEP	2026-02-25T19:49:22.2275512Z  ebff7b0ec73e Extracting [==================================================>]     170B/170B
Linux Desktop Tests (5)	UNKNOWN STEP	2026-02-25T19:49:22.2282237Z  ebff7b0ec73e Extracting [==================================================>]     170B/170B
Linux Desktop Tests (5)	UNKNOWN STEP	2026-02-25T19:49:22.2374684Z  ebff7b0ec73e Pull complete 
Linux Desktop Tests (5)	UNKNOWN STEP	2026-02-25T19:49:22.2387975Z  c02179436571 Extracting [==================================================>]   5.84kB/5.84kB
Linux Desktop Tests (5)	UNKNOWN STEP	2026-02-25T19:49:22.2392485Z  c02179436571 Extracting [==================================================>]   5.84kB/5.84kB
Linux Desktop Tests (5)	UNKNOWN STEP	2026-02-25T19:49:22.2484951Z  c02179436571 Pull complete 
Linux Desktop Tests (5)	UNKNOWN STEP	2026-02-25T19:49:22.2497444Z  8243369e9866 Extracting [==================================================>]     186B/186B
Linux Desktop Tests (5)	UNKNOWN STEP	2026-02-25T19:49:22.2504972Z  8243369e9866 Extracting [==================================================>]     186B/186B
Linux Desktop Tests (5)	UNKNOWN STEP	2026-02-25T19:49:22.2596417Z  8243369e9866 Pull complete 
Linux Desktop Tests (5)	UNKNOWN STEP	2026-02-25T19:49:22.2659444Z  postgres Pulled 
Linux Desktop Tests (5)	UNKNOWN STEP	2026-02-25T19:49:22.3571828Z  7807da78b90b Extracting [=================================>                 ]  30.74MB/45.54MB
Linux Desktop Tests (5)	UNKNOWN STEP	2026-02-25T19:49:22.5217511Z  7807da78b90b Extracting [===================================>               ]  32.11MB/45.54MB
Linux Desktop Tests (5)	UNKNOWN STEP	2026-02-25T19:49:22.6454465Z  7807da78b90b Extracting [====================================>              ]  33.03MB/45.54MB
Linux Desktop Tests (5)	UNKNOWN STEP	2026-02-25T19:49:22.7842172Z  7807da78b90b Extracting [=====================================>             ]  34.41MB/45.54MB
Linux Desktop Tests (5)	UNKNOWN STEP	2026-02-25T19:49:22.9282745Z  7807da78b90b Extracting [======================================>            ]  34.87MB/45.54MB
Linux Desktop Tests (5)	UNKNOWN STEP	2026-02-25T19:49:23.0397865Z  7807da78b90b Extracting [============================================>      ]  40.83MB/45.54MB
Linux Desktop Tests (5)	UNKNOWN STEP	2026-02-25T19:49:23.1807912Z  7807da78b90b Extracting [==============================================>    ]  42.21MB/45.54MB
Linux Desktop Tests (5)	UNKNOWN STEP	2026-02-25T19:49:23.3186821Z  7807da78b90b Extracting [===============================================>   ]  43.58MB/45.54MB
Linux Desktop Tests (5)	UNKNOWN STEP	2026-02-25T19:49:23.4231999Z  7807da78b90b Extracting [=================================================> ]  44.96MB/45.54MB
Linux Desktop Tests (5)	UNKNOWN STEP	2026-02-25T19:49:23.4393837Z  7807da78b90b Extracting [==================================================>]  45.54MB/45.54MB
Linux Desktop Tests (5)	UNKNOWN STEP	2026-02-25T19:49:23.5523082Z  7807da78b90b Pull complete 
Linux Desktop Tests (5)	UNKNOWN STEP	2026-02-25T19:49:23.5533098Z  0478cd5c1079 Extracting [==================================================>]  3.507kB/3.507kB
Linux Desktop Tests (5)	UNKNOWN STEP	2026-02-25T19:49:23.5537665Z  0478cd5c1079 Extracting [==================================================>]  3.507kB/3.507kB
Linux Desktop Tests (5)	UNKNOWN STEP	2026-02-25T19:49:23.5622940Z  0478cd5c1079 Pull complete 
Linux Desktop Tests (5)	UNKNOWN STEP	2026-02-25T19:49:23.5633319Z  3a02ac06be95 Extracting [==================================================>]  3.462kB/3.462kB
Linux Desktop Tests (5)	UNKNOWN STEP	2026-02-25T19:49:23.5638174Z  3a02ac06be95 Extracting [==================================================>]  3.462kB/3.462kB
Linux Desktop Tests (5)	UNKNOWN STEP	2026-02-25T19:49:23.5713281Z  3a02ac06be95 Pull complete 
Linux Desktop Tests (5)	UNKNOWN STEP	2026-02-25T19:49:23.5768674Z  matrix-synapse Pulled 
Linux Desktop Tests (5)	UNKNOWN STEP	2026-02-25T19:49:23.5799855Z  Network substitution_substitution_network  Creating
Linux Desktop Tests (5)	UNKNOWN STEP	2026-02-25T19:49:23.6195712Z  Network substitution_substitution_network  Created
Linux Desktop Tests (5)	UNKNOWN STEP	2026-02-25T19:49:23.6202269Z  Container substitution-redis-1  Creating
Linux Desktop Tests (5)	UNKNOWN STEP	2026-02-25T19:49:23.6203045Z  Container substitution-postgres-1  Creating
Linux Desktop Tests (5)	UNKNOWN STEP	2026-02-25T19:49:23.6203600Z  Container substitution-dex-1  Creating
Linux Desktop Tests (5)	UNKNOWN STEP	2026-02-25T19:49:23.6491982Z  Container substitution-postgres-1  Created
Linux Desktop Tests (5)	UNKNOWN STEP	2026-02-25T19:49:23.6492589Z  Container substitution-dex-1  Created
Linux Desktop Tests (5)	UNKNOWN STEP	2026-02-25T19:49:23.6493137Z  Container substitution-matrix-synapse-1  Creating
Linux Desktop Tests (5)	UNKNOWN STEP	2026-02-25T19:49:23.6493641Z  Container substitution-redis-1  Created
Linux Desktop Tests (5)	UNKNOWN STEP	2026-02-25T19:49:23.6617051Z  Container substitution-matrix-synapse-1  Created
Linux Desktop Tests (5)	UNKNOWN STEP	2026-02-25T19:49:23.6629521Z  Container substitution-postgres-1  Starting
Linux Desktop Tests (5)	UNKNOWN STEP	2026-02-25T19:49:23.6630124Z  Container substitution-redis-1  Starting
Linux Desktop Tests (5)	UNKNOWN STEP	2026-02-25T19:49:23.6633433Z  Container substitution-dex-1  Starting
Linux Desktop Tests (5)	UNKNOWN STEP	2026-02-25T19:49:24.0188436Z  Container substitution-postgres-1  Started
Linux Desktop Tests (5)	UNKNOWN STEP	2026-02-25T19:49:24.0324911Z  Container substitution-dex-1  Started
Linux Desktop Tests (5)	UNKNOWN STEP	2026-02-25T19:49:24.0328224Z  Container substitution-postgres-1  Waiting
Linux Desktop Tests (5)	UNKNOWN STEP	2026-02-25T19:49:24.0328826Z  Container substitution-dex-1  Waiting
Linux Desktop Tests (5)	UNKNOWN STEP	2026-02-25T19:49:24.0382460Z  Container substitution-redis-1  Started
Linux Desktop Tests (5)	UNKNOWN STEP	2026-02-25T19:49:29.5341813Z  Container substitution-dex-1  Healthy
Linux Desktop Tests (5)	UNKNOWN STEP	2026-02-25T19:49:34.5347756Z  Container substitution-postgres-1  Healthy
Linux Desktop Tests (5)	UNKNOWN STEP	2026-02-25T19:49:34.5348418Z  Container substitution-matrix-synapse-1  Starting
Linux Desktop Tests (5)	UNKNOWN STEP	2026-02-25T19:49:34.6845860Z  Container substitution-matrix-synapse-1  Started
Linux Desktop Tests (5)	UNKNOWN STEP	2026-02-25T19:49:44.7695387Z time="2026-02-25T19:49:44Z" level=warning msg="/home/runner/work/substitution/substitution/docker-compose.yml: the attribute `version` is obsolete, it will be ignored, please remove it to avoid potential confusion"
Linux Desktop Tests (5)	UNKNOWN STEP	2026-02-25T19:49:44.7796321Z  Container substitution-postgres-1  Running
Linux Desktop Tests (5)	UNKNOWN STEP	2026-02-25T19:49:44.7797463Z  Container substitution-dex-1  Running
Linux Desktop Tests (5)	UNKNOWN STEP	2026-02-25T19:49:44.7798334Z  Container substitution-matrix-synapse-1  Running
Linux Desktop Tests (5)	UNKNOWN STEP	2026-02-25T19:49:44.7817606Z  Container substitution-dex-1  Waiting
Linux Desktop Tests (5)	UNKNOWN STEP	2026-02-25T19:49:44.7818135Z  Container substitution-postgres-1  Waiting
Linux Desktop Tests (5)	UNKNOWN STEP	2026-02-25T19:49:45.2835258Z  Container substitution-postgres-1  Healthy
Linux Desktop Tests (5)	UNKNOWN STEP	2026-02-25T19:49:45.2835846Z  Container substitution-dex-1  Healthy
Linux Desktop Tests (5)	UNKNOWN STEP	2026-02-25T19:49:45.2848987Z  matrix-init Pulling 
Linux Desktop Tests (5)	UNKNOWN STEP	2026-02-25T19:49:45.9968662Z  589002ba0eae Already exists 
Linux Desktop Tests (5)	UNKNOWN STEP	2026-02-25T19:49:45.9981523Z  aca07fe076f1 Pulling fs layer 
Linux Desktop Tests (5)	UNKNOWN STEP	2026-02-25T19:49:45.9983536Z  6dafe251d313 Pulling fs layer 
Linux Desktop Tests (5)	UNKNOWN STEP	2026-02-25T19:49:45.9984013Z  fa340e77c336 Pulling fs layer 
Linux Desktop Tests (5)	UNKNOWN STEP	2026-02-25T19:49:46.1838881Z  fa340e77c336 Downloading [==================================================>]     247B/247B
Linux Desktop Tests (5)	UNKNOWN STEP	2026-02-25T19:49:46.1839672Z  fa340e77c336 Verifying Checksum 
Linux Desktop Tests (5)	UNKNOWN STEP	2026-02-25T19:49:46.1840013Z  fa340e77c336 Download complete 
Linux Desktop Tests (5)	UNKNOWN STEP	2026-02-25T19:49:46.1914944Z  aca07fe076f1 Downloading [>                                                  ]  4.824kB/460.9kB
Linux Desktop Tests (5)	UNKNOWN STEP	2026-02-25T19:49:46.2002629Z  6dafe251d313 Downloading [>                                                  ]    163kB/16.02MB
Linux Desktop Tests (5)	UNKNOWN STEP	2026-02-25T19:49:46.2372924Z  aca07fe076f1 Downloading [==================================================>]  460.9kB/460.9kB
Linux Desktop Tests (5)	UNKNOWN STEP	2026-02-25T19:49:46.2373722Z  aca07fe076f1 Verifying Checksum 
Linux Desktop Tests (5)	UNKNOWN STEP	2026-02-25T19:49:46.2374197Z  aca07fe076f1 Download complete 
Linux Desktop Tests (5)	UNKNOWN STEP	2026-02-25T19:49:46.2374862Z  aca07fe076f1 Extracting [===>                                               ]  32.77kB/460.9kB
Linux Desktop Tests (5)	UNKNOWN STEP	2026-02-25T19:49:46.3028881Z  6dafe251d313 Downloading [==========================>                        ]  8.476MB/16.02MB
Linux Desktop Tests (5)	UNKNOWN STEP	2026-02-25T19:49:46.3358459Z  6dafe251d313 Verifying Checksum 
Linux Desktop Tests (5)	UNKNOWN STEP	2026-02-25T19:49:46.3358914Z  6dafe251d313 Download complete 
Linux Desktop Tests (5)	UNKNOWN STEP	2026-02-25T19:49:46.3643446Z  aca07fe076f1 Extracting [==================================================>]  460.9kB/460.9kB
Linux Desktop Tests (5)	UNKNOWN STEP	2026-02-25T19:49:46.5409921Z  aca07fe076f1 Pull complete 
Linux Desktop Tests (5)	UNKNOWN STEP	2026-02-25T19:49:46.5434846Z  6dafe251d313 Extracting [>                                                  ]  163.8kB/16.02MB
Linux Desktop Tests (5)	UNKNOWN STEP	2026-02-25T19:49:46.6441144Z  6dafe251d313 Extracting [========>                                          ]  2.785MB/16.02MB
Linux Desktop Tests (5)	UNKNOWN STEP	2026-02-25T19:49:46.7589031Z  6dafe251d313 Extracting [=================>                                 ]  5.734MB/16.02MB
Linux Desktop Tests (5)	UNKNOWN STEP	2026-02-25T19:49:46.8627268Z  6dafe251d313 Extracting [=================================>                 ]  10.81MB/16.02MB
Linux Desktop Tests (5)	UNKNOWN STEP	2026-02-25T19:49:46.9631809Z  6dafe251d313 Extracting [=======================================>           ]  12.78MB/16.02MB
Linux Desktop Tests (5)	UNKNOWN STEP	2026-02-25T19:49:47.0679673Z  6dafe251d313 Extracting [============================================>      ]  14.25MB/16.02MB
Linux Desktop Tests (5)	UNKNOWN STEP	2026-02-25T19:49:47.1768608Z  6dafe251d313 Extracting [===============================================>   ]  15.07MB/16.02MB
Linux Desktop Tests (5)	UNKNOWN STEP	2026-02-25T19:49:47.2672778Z  6dafe251d313 Extracting [==================================================>]  16.02MB/16.02MB
Linux Desktop Tests (5)	UNKNOWN STEP	2026-02-25T19:49:47.3453805Z  6dafe251d313 Pull complete 
Linux Desktop Tests (5)	UNKNOWN STEP	2026-02-25T19:49:47.3466040Z  fa340e77c336 Extracting [==================================================>]     247B/247B
Linux Desktop Tests (5)	UNKNOWN STEP	2026-02-25T19:49:47.3470771Z  fa340e77c336 Extracting [==================================================>]     247B/247B
Linux Desktop Tests (5)	UNKNOWN STEP	2026-02-25T19:49:47.3597644Z  fa340e77c336 Pull complete 
Linux Desktop Tests (5)	UNKNOWN STEP	2026-02-25T19:49:47.3653548Z  matrix-init Pulled 
Linux Desktop Tests (5)	UNKNOWN STEP	2026-02-25T19:49:50.2544970Z Collecting requests
Linux Desktop Tests (5)	UNKNOWN STEP	2026-02-25T19:49:50.3543278Z   Downloading requests-2.32.5-py3-none-any.whl.metadata (4.9 kB)
Linux Desktop Tests (5)	UNKNOWN STEP	2026-02-25T19:49:50.5075384Z Collecting charset_normalizer<4,>=2 (from requests)
Linux Desktop Tests (5)	UNKNOWN STEP	2026-02-25T19:49:50.5371241Z   Downloading charset_normalizer-3.4.4-cp311-cp311-musllinux_1_2_x86_64.whl.metadata (37 kB)
Linux Desktop Tests (5)	UNKNOWN STEP	2026-02-25T19:49:50.5875818Z Collecting idna<4,>=2.5 (from requests)
Linux Desktop Tests (5)	UNKNOWN STEP	2026-02-25T19:49:50.6166263Z   Downloading idna-3.11-py3-none-any.whl.metadata (8.4 kB)
Linux Desktop Tests (5)	UNKNOWN STEP	2026-02-25T19:49:50.6810021Z Collecting urllib3<3,>=1.21.1 (from requests)
Linux Desktop Tests (5)	UNKNOWN STEP	2026-02-25T19:49:50.7106116Z   Downloading urllib3-2.6.3-py3-none-any.whl.metadata (6.9 kB)
Linux Desktop Tests (5)	UNKNOWN STEP	2026-02-25T19:49:50.7534315Z Collecting certifi>=2017.4.17 (from requests)
Linux Desktop Tests (5)	UNKNOWN STEP	2026-02-25T19:49:50.7825603Z   Downloading certifi-2026.2.25-py3-none-any.whl.metadata (2.5 kB)
Linux Desktop Tests (5)	UNKNOWN STEP	2026-02-25T19:49:50.8292276Z Downloading requests-2.32.5-py3-none-any.whl (64 kB)
Linux Desktop Tests (5)	UNKNOWN STEP	2026-02-25T19:49:50.8442313Z    ━━━━━━━━━━━━━━━━━━━━━━━━━━━━━━━━━━━━━━━━ 64.7/64.7 kB 4.7 MB/s eta 0:00:00
Linux Desktop Tests (5)	UNKNOWN STEP	2026-02-25T19:49:50.8731199Z Downloading certifi-2026.2.25-py3-none-any.whl (153 kB)
Linux Desktop Tests (5)	UNKNOWN STEP	2026-02-25T19:49:50.9041907Z    ━━━━━━━━━━━━━━━━━━━━━━━━━━━━━━━━━━━━━━━━ 153.7/153.7 kB 5.1 MB/s eta 0:00:00
Linux Desktop Tests (5)	UNKNOWN STEP	2026-02-25T19:49:50.9331962Z Downloading charset_normalizer-3.4.4-cp311-cp311-musllinux_1_2_x86_64.whl (152 kB)
Linux Desktop Tests (5)	UNKNOWN STEP	2026-02-25T19:49:50.9428702Z    ━━━━━━━━━━━━━━━━━━━━━━━━━━━━━━━━━━━━━━━━ 153.0/153.0 kB 19.8 MB/s eta 0:00:00
Linux Desktop Tests (5)	UNKNOWN STEP	2026-02-25T19:49:50.9718643Z Downloading idna-3.11-py3-none-any.whl (71 kB)
Linux Desktop Tests (5)	UNKNOWN STEP	2026-02-25T19:49:50.9782396Z    ━━━━━━━━━━━━━━━━━━━━━━━━━━━━━━━━━━━━━━━━ 71.0/71.0 kB 17.3 MB/s eta 0:00:00
Linux Desktop Tests (5)	UNKNOWN STEP	2026-02-25T19:49:51.0074183Z Downloading urllib3-2.6.3-py3-none-any.whl (131 kB)
Linux Desktop Tests (5)	UNKNOWN STEP	2026-02-25T19:49:51.0151698Z    ━━━━━━━━━━━━━━━━━━━━━━━━━━━━━━━━━━━━━━━━ 131.6/131.6 kB 23.2 MB/s eta 0:00:00
Linux Desktop Tests (5)	UNKNOWN STEP	2026-02-25T19:49:51.0871426Z Installing collected packages: urllib3, idna, charset_normalizer, certifi, requests
Linux Desktop Tests (5)	UNKNOWN STEP	2026-02-25T19:49:51.4310596Z Successfully installed certifi-2026.2.25 charset_normalizer-3.4.4 idna-3.11 requests-2.32.5 urllib3-2.6.3
Linux Desktop Tests (5)	UNKNOWN STEP	2026-02-25T19:49:51.4313970Z WARNING: Running pip as the 'root' user can result in broken permissions and conflicting behaviour with the system package manager. It is recommended to use a virtual environment instead: https://pip.pypa.io/warnings/venv
Linux Desktop Tests (5)	UNKNOWN STEP	2026-02-25T19:49:51.5543898Z 
Linux Desktop Tests (5)	UNKNOWN STEP	2026-02-25T19:49:51.5544356Z [notice] A new release of pip is available: 24.0 -> 26.0.1
Linux Desktop Tests (5)	UNKNOWN STEP	2026-02-25T19:49:51.5545041Z [notice] To update, run: pip install --upgrade pip
Linux Desktop Tests (5)	UNKNOWN STEP	2026-02-25T19:49:58.7801754Z Initializing Matrix Synapse test server...
Linux Desktop Tests (5)	UNKNOWN STEP	2026-02-25T19:49:58.7802438Z 
Linux Desktop Tests (5)	UNKNOWN STEP	2026-02-25T19:49:58.7803084Z ✓ Synapse server is ready
Linux Desktop Tests (5)	UNKNOWN STEP	2026-02-25T19:49:58.7803250Z 
Linux Desktop Tests (5)	UNKNOWN STEP	2026-02-25T19:49:58.7803344Z Creating test users...
Linux Desktop Tests (5)	UNKNOWN STEP	2026-02-25T19:49:58.7803770Z ✓ Created user: testuser1
Linux Desktop Tests (5)	UNKNOWN STEP	2026-02-25T19:49:58.7804066Z ✓ Created user: testuser2
Linux Desktop Tests (5)	UNKNOWN STEP	2026-02-25T19:49:58.7804354Z ✓ Created admin user: testadmin
Linux Desktop Tests (5)	UNKNOWN STEP	2026-02-25T19:49:58.7804514Z 
Linux Desktop Tests (5)	UNKNOWN STEP	2026-02-25T19:49:58.7804654Z Creating test rooms and populating with data...
Linux Desktop Tests (5)	UNKNOWN STEP	2026-02-25T19:49:58.7805032Z ✓ Logged in user: @testadmin:test.matrix.local
Linux Desktop Tests (5)	UNKNOWN STEP	2026-02-25T19:49:58.7805348Z ✓ Admin token acquired
Linux Desktop Tests (5)	UNKNOWN STEP	2026-02-25T19:49:58.7805626Z ✓ Logged in user: @testuser1:test.matrix.local
Linux Desktop Tests (5)	UNKNOWN STEP	2026-02-25T19:49:58.7806053Z ✓ Created room: test_general (!SPrkcPfoULhPphiBRQ:test.matrix.local)
Linux Desktop Tests (5)	UNKNOWN STEP	2026-02-25T19:49:58.7806472Z ✓ Logged in user: @testuser2:test.matrix.local
Linux Desktop Tests (5)	UNKNOWN STEP	2026-02-25T19:49:58.7806787Z   ✓ User testuser2 joined room
Linux Desktop Tests (5)	UNKNOWN STEP	2026-02-25T19:49:58.7807079Z ✓ Logged in user: @testadmin:test.matrix.local
Linux Desktop Tests (5)	UNKNOWN STEP	2026-02-25T19:49:58.7807402Z   ✓ User testadmin joined room
Linux Desktop Tests (5)	UNKNOWN STEP	2026-02-25T19:49:58.7807650Z   ✓ Published room to directory
Linux Desktop Tests (5)	UNKNOWN STEP	2026-02-25T19:49:58.7807911Z   ✓ Posted 5 messages to room
Linux Desktop Tests (5)	UNKNOWN STEP	2026-02-25T19:49:58.7808167Z   Seeding media messages (image, video, audio)...
Linux Desktop Tests (5)	UNKNOWN STEP	2026-02-25T19:49:58.7808956Z   ✓ Uploaded media 'test_image.png': mxc://test.matrix.local/tayXuvTtPcdNMMkRpKFeuBBt
Linux Desktop Tests (5)	UNKNOWN STEP	2026-02-25T19:49:58.7809448Z   ✓ Posted m.image message to room
Linux Desktop Tests (5)	UNKNOWN STEP	2026-02-25T19:49:58.7809911Z   ✓ Uploaded media 'test_video.mp4': mxc://test.matrix.local/NGxlNOgKwGPYhDbEkTxLThII
Linux Desktop Tests (5)	UNKNOWN STEP	2026-02-25T19:49:58.7810353Z   ✓ Posted m.video message to room
Linux Desktop Tests (5)	UNKNOWN STEP	2026-02-25T19:49:58.7810789Z   ✓ Uploaded media 'test_audio.mp3': mxc://test.matrix.local/fYIwjngtwQBTlySVXutTjjJS
Linux Desktop Tests (5)	UNKNOWN STEP	2026-02-25T19:49:58.7811554Z   ✓ Posted m.audio message to room
Linux Desktop Tests (5)	UNKNOWN STEP	2026-02-25T19:49:58.7811940Z ✓ Created room: test_photos (!AdStvfOQpzePabyIzG:test.matrix.local)
Linux Desktop Tests (5)	UNKNOWN STEP	2026-02-25T19:49:58.7812365Z ✓ Logged in user: @testuser2:test.matrix.local
Linux Desktop Tests (5)	UNKNOWN STEP	2026-02-25T19:49:58.7812682Z   ✓ User testuser2 joined room
Linux Desktop Tests (5)	UNKNOWN STEP	2026-02-25T19:49:58.7812989Z ✓ Logged in user: @testadmin:test.matrix.local
Linux Desktop Tests (5)	UNKNOWN STEP	2026-02-25T19:49:58.7813280Z   ✓ User testadmin joined room
Linux Desktop Tests (5)	UNKNOWN STEP	2026-02-25T19:49:58.7813545Z   ✓ Published room to directory
Linux Desktop Tests (5)	UNKNOWN STEP	2026-02-25T19:49:58.7813808Z   ✓ Posted 3 messages to room
Linux Desktop Tests (5)	UNKNOWN STEP	2026-02-25T19:49:58.7814067Z   Seeding media messages (image, video, audio)...
Linux Desktop Tests (5)	UNKNOWN STEP	2026-02-25T19:49:58.7814559Z   ✓ Uploaded media 'test_image.png': mxc://test.matrix.local/xoJlVMEYWJUdUPxTpiKSLtKw
Linux Desktop Tests (5)	UNKNOWN STEP	2026-02-25T19:49:58.7814994Z   ✓ Posted m.image message to room
Linux Desktop Tests (5)	UNKNOWN STEP	2026-02-25T19:49:58.7815421Z   ✓ Uploaded media 'test_video.mp4': mxc://test.matrix.local/LCcDFzMsRwHIGfVaoYAKapou
Linux Desktop Tests (5)	UNKNOWN STEP	2026-02-25T19:49:58.7815846Z   ✓ Posted m.video message to room
Linux Desktop Tests (5)	UNKNOWN STEP	2026-02-25T19:49:58.7816270Z   ✓ Uploaded media 'test_audio.mp3': mxc://test.matrix.local/hREuJltDLcsnOLLHfqxZNulp
Linux Desktop Tests (5)	UNKNOWN STEP	2026-02-25T19:49:58.7816714Z   ✓ Posted m.audio message to room
Linux Desktop Tests (5)	UNKNOWN STEP	2026-02-25T19:49:58.7817079Z ✓ Created room: test_art (!VQqPNKGjvXELDjPccF:test.matrix.local)
Linux Desktop Tests (5)	UNKNOWN STEP	2026-02-25T19:49:58.7817481Z ✓ Logged in user: @testuser2:test.matrix.local
Linux Desktop Tests (5)	UNKNOWN STEP	2026-02-25T19:49:58.7817795Z   ✓ User testuser2 joined room
Linux Desktop Tests (5)	UNKNOWN STEP	2026-02-25T19:49:58.7818083Z ✓ Logged in user: @testadmin:test.matrix.local
Linux Desktop Tests (5)	UNKNOWN STEP	2026-02-25T19:49:58.7818379Z   ✓ User testadmin joined room
Linux Desktop Tests (5)	UNKNOWN STEP	2026-02-25T19:49:58.7818632Z   ✓ Published room to directory
Linux Desktop Tests (5)	UNKNOWN STEP	2026-02-25T19:49:58.7819042Z ✓ Uploaded dummy avatar: mxc://test.matrix.local/PFyaADnlyOldkikJdfemvnWH
Linux Desktop Tests (5)	UNKNOWN STEP	2026-02-25T19:49:58.7819573Z   ✓ Set room avatar to mxc://test.matrix.local/PFyaADnlyOldkikJdfemvnWH
Linux Desktop Tests (5)	UNKNOWN STEP	2026-02-25T19:49:58.7820078Z ✓ Created room: test_invite_only (!CPQodMdjaQgfnjMsjU:test.matrix.local)
Linux Desktop Tests (5)	UNKNOWN STEP	2026-02-25T19:49:58.7820519Z   ℹ Skipping user invites for room (discovery test)
Linux Desktop Tests (5)	UNKNOWN STEP	2026-02-25T19:49:58.7820836Z   ✓ Published room to directory
Linux Desktop Tests (5)	UNKNOWN STEP	2026-02-25T19:49:58.7821279Z   ✓ Posted 2 messages to room
Linux Desktop Tests (5)	UNKNOWN STEP	2026-02-25T19:49:58.7821638Z ✓ Created room: test_avatar (!ELCgFzHKDdjjUbYHox:test.matrix.local)
Linux Desktop Tests (5)	UNKNOWN STEP	2026-02-25T19:49:58.7822037Z ✓ Logged in user: @testuser2:test.matrix.local
Linux Desktop Tests (5)	UNKNOWN STEP	2026-02-25T19:49:58.7822341Z   ✓ User testuser2 joined room
Linux Desktop Tests (5)	UNKNOWN STEP	2026-02-25T19:49:58.7822847Z ✓ Logged in user: @testadmin:test.matrix.local
Linux Desktop Tests (5)	UNKNOWN STEP	2026-02-25T19:49:58.7823151Z   ✓ User testadmin joined room
Linux Desktop Tests (5)	UNKNOWN STEP	2026-02-25T19:49:58.7823411Z   ✓ Published room to directory
Linux Desktop Tests (5)	UNKNOWN STEP	2026-02-25T19:49:58.7823809Z ✓ Uploaded dummy avatar: mxc://test.matrix.local/uyngKYjblTGtAQhjUEfFTRYQ
Linux Desktop Tests (5)	UNKNOWN STEP	2026-02-25T19:49:58.7824340Z   ✓ Set room avatar to mxc://test.matrix.local/uyngKYjblTGtAQhjUEfFTRYQ
Linux Desktop Tests (5)	UNKNOWN STEP	2026-02-25T19:49:58.7824606Z 
Linux Desktop Tests (5)	UNKNOWN STEP	2026-02-25T19:49:58.7824709Z ============================================================
Linux Desktop Tests (5)	UNKNOWN STEP	2026-02-25T19:49:58.7825045Z ✅ Matrix test server initialized successfully!
Linux Desktop Tests (5)	UNKNOWN STEP	2026-02-25T19:49:58.7825325Z ============================================================
Linux Desktop Tests (5)	UNKNOWN STEP	2026-02-25T19:49:58.7825514Z 
Linux Desktop Tests (5)	UNKNOWN STEP	2026-02-25T19:49:58.7825616Z 📝 Test Users:
Linux Desktop Tests (5)	UNKNOWN STEP	2026-02-25T19:49:58.7825783Z   testuser1
Linux Desktop Tests (5)	UNKNOWN STEP	2026-02-25T19:49:58.7825963Z     ID: @testuser1:test.matrix.local
Linux Desktop Tests (5)	UNKNOWN STEP	2026-02-25T19:49:58.7826211Z     Password: testpass123
Linux Desktop Tests (5)	UNKNOWN STEP	2026-02-25T19:49:58.7826405Z   testuser2
Linux Desktop Tests (5)	UNKNOWN STEP	2026-02-25T19:49:58.7826577Z     ID: @testuser2:test.matrix.local
Linux Desktop Tests (5)	UNKNOWN STEP	2026-02-25T19:49:58.7826822Z     Password: testpass123
Linux Desktop Tests (5)	UNKNOWN STEP	2026-02-25T19:49:58.7827015Z   testadmin
Linux Desktop Tests (5)	UNKNOWN STEP	2026-02-25T19:49:58.7827185Z     ID: @testadmin:test.matrix.local
Linux Desktop Tests (5)	UNKNOWN STEP	2026-02-25T19:49:58.7827418Z     Password: testpass123
Linux Desktop Tests (5)	UNKNOWN STEP	2026-02-25T19:49:58.7827544Z 
Linux Desktop Tests (5)	UNKNOWN STEP	2026-02-25T19:49:58.7827642Z 🏠 Test Rooms:
Linux Desktop Tests (5)	UNKNOWN STEP	2026-02-25T19:49:58.7827957Z   test_general (with messages)
Linux Desktop Tests (5)	UNKNOWN STEP	2026-02-25T19:49:58.7828212Z     ID: !SPrkcPfoULhPphiBRQ:test.matrix.local
Linux Desktop Tests (5)	UNKNOWN STEP	2026-02-25T19:49:58.7828484Z   test_photos (with messages)
Linux Desktop Tests (5)	UNKNOWN STEP	2026-02-25T19:49:58.7828730Z     ID: !AdStvfOQpzePabyIzG:test.matrix.local
Linux Desktop Tests (5)	UNKNOWN STEP	2026-02-25T19:49:58.7828982Z   test_art (empty)
Linux Desktop Tests (5)	UNKNOWN STEP	2026-02-25T19:49:58.7829185Z     ID: !VQqPNKGjvXELDjPccF:test.matrix.local
Linux Desktop Tests (5)	UNKNOWN STEP	2026-02-25T19:49:58.7829447Z   test_invite_only (with messages)
Linux Desktop Tests (5)	UNKNOWN STEP	2026-02-25T19:49:58.7829697Z     ID: !CPQodMdjaQgfnjMsjU:test.matrix.local
Linux Desktop Tests (5)	UNKNOWN STEP	2026-02-25T19:49:58.7829946Z   test_avatar (empty)
Linux Desktop Tests (5)	UNKNOWN STEP	2026-02-25T19:49:58.7830162Z     ID: !ELCgFzHKDdjjUbYHox:test.matrix.local
Linux Desktop Tests (5)	UNKNOWN STEP	2026-02-25T19:49:58.7830338Z 
Linux Desktop Tests (5)	UNKNOWN STEP	2026-02-25T19:49:58.7830496Z 🔑 Test Credentials for Integration Tests:
Linux Desktop Tests (5)	UNKNOWN STEP	2026-02-25T19:49:58.7830776Z   Server:    http://matrix-synapse:8008
Linux Desktop Tests (5)	UNKNOWN STEP	2026-02-25T19:49:58.7831290Z   Test User: testuser1
Linux Desktop Tests (5)	UNKNOWN STEP	2026-02-25T19:49:58.7831492Z   Password:  testpass123
Linux Desktop Tests (5)	UNKNOWN STEP	2026-02-25T19:49:58.7831628Z 
Linux Desktop Tests (5)	UNKNOWN STEP	2026-02-25T19:49:58.7831694Z Room Status:
Linux Desktop Tests (5)	UNKNOWN STEP	2026-02-25T19:49:58.7832067Z   test_general - 5 text + image/video/audio messages (for testing message lists and media rendering)
Linux Desktop Tests (5)	UNKNOWN STEP	2026-02-25T19:49:58.7832652Z   test_photos  - 3 text + image/video/audio messages (for testing photo/media content)
Linux Desktop Tests (5)	UNKNOWN STEP	2026-02-25T19:49:58.7833079Z   test_art     - 0 messages (for testing empty rooms)
Linux Desktop Tests (5)	UNKNOWN STEP	2026-02-25T19:49:58.7833445Z ✓ Logged in user: @testuser1:test.matrix.local
Linux Desktop Tests (5)	UNKNOWN STEP	2026-02-25T19:49:58.7833643Z 
Linux Desktop Tests (5)	UNKNOWN STEP	2026-02-25T19:49:58.7833776Z   📋 Public room directory has 5 room(s):
Linux Desktop Tests (5)	UNKNOWN STEP	2026-02-25T19:49:58.7834075Z     - test_art (!VQqPNKGjvXELDjPccF:test.matrix.local)
Linux Desktop Tests (5)	UNKNOWN STEP	2026-02-25T19:49:58.7834448Z     - test_general (!SPrkcPfoULhPphiBRQ:test.matrix.local)
Linux Desktop Tests (5)	UNKNOWN STEP	2026-02-25T19:49:58.7834803Z     - test_avatar (!ELCgFzHKDdjjUbYHox:test.matrix.local)
Linux Desktop Tests (5)	UNKNOWN STEP	2026-02-25T19:49:58.7835174Z     - test_photos (!AdStvfOQpzePabyIzG:test.matrix.local)
Linux Desktop Tests (5)	UNKNOWN STEP	2026-02-25T19:49:58.7835529Z     - test_invite_only (!CPQodMdjaQgfnjMsjU:test.matrix.local)
Linux Desktop Tests (5)	UNKNOWN STEP	2026-02-25T19:49:58.7835766Z 
Linux Desktop Tests (5)	UNKNOWN STEP	2026-02-25T19:49:58.9343729Z ##[group]Run xvfb-run --auto-servernum --server-args="-screen 0 1280x1024x24" ./scripts/test.sh linux --no-docker --shard 5 --total-shards 7
Linux Desktop Tests (5)	UNKNOWN STEP	2026-02-25T19:49:58.9344750Z [36;1mxvfb-run --auto-servernum --server-args="-screen 0 1280x1024x24" ./scripts/test.sh linux --no-docker --shard 5 --total-shards 7[0m
Linux Desktop Tests (5)	UNKNOWN STEP	2026-02-25T19:49:58.9395098Z shell: /usr/bin/bash -e {0}
Linux Desktop Tests (5)	UNKNOWN STEP	2026-02-25T19:49:58.9395345Z env:
Linux Desktop Tests (5)	UNKNOWN STEP	2026-02-25T19:49:58.9395525Z   CACHE_VERSION: v1
Linux Desktop Tests (5)	UNKNOWN STEP	2026-02-25T19:49:58.9395938Z   FLUTTER_ROOT: /opt/hostedtoolcache/flutter/stable-3.41.2-x64
Linux Desktop Tests (5)	UNKNOWN STEP	2026-02-25T19:49:58.9396311Z   PUB_CACHE: /home/runner/.pub-cache
Linux Desktop Tests (5)	UNKNOWN STEP	2026-02-25T19:49:58.9396598Z   MATRIX_SERVER: http://localhost:8008
Linux Desktop Tests (5)	UNKNOWN STEP	2026-02-25T19:49:58.9396856Z   MATRIX_TEST_USER: testuser1
Linux Desktop Tests (5)	UNKNOWN STEP	2026-02-25T19:49:58.9397342Z   MATRIX_TEST_PASSWORD: testpass123
Linux Desktop Tests (5)	UNKNOWN STEP	2026-02-25T19:49:58.9397578Z ##[endgroup]
Linux Desktop Tests (5)	UNKNOWN STEP	2026-02-25T19:50:02.4351977Z [1m
Linux Desktop Tests (5)	UNKNOWN STEP	2026-02-25T19:50:02.4352372Z   Substitution Test Runner
Linux Desktop Tests (5)	UNKNOWN STEP	2026-02-25T19:50:02.4366905Z   2026-02-25 19:50:02
Linux Desktop Tests (5)	UNKNOWN STEP	2026-02-25T19:50:02.4367341Z   Targets: linux
Linux Desktop Tests (5)	UNKNOWN STEP	2026-02-25T19:50:02.4367768Z [0m
Linux Desktop Tests (5)	UNKNOWN STEP	2026-02-25T19:50:02.4375564Z [0;34m[INFO][0m Fetching Flutter dependencies...
Linux Desktop Tests (5)	UNKNOWN STEP	2026-02-25T19:50:03.5665269Z   unorm_dart 0.2.0 (0.3.2 available)
Linux Desktop Tests (5)	UNKNOWN STEP	2026-02-25T19:50:03.5665776Z   win32 5.15.0 (6.0.0 available)
Linux Desktop Tests (5)	UNKNOWN STEP	2026-02-25T19:50:03.5666084Z Got dependencies!
Linux Desktop Tests (5)	UNKNOWN STEP	2026-02-25T19:50:03.5666426Z 7 packages have newer versions incompatible with dependency constraints.
Linux Desktop Tests (5)	UNKNOWN STEP	2026-02-25T19:50:03.5666847Z Try `flutter pub outdated` for more information.
Linux Desktop Tests (5)	UNKNOWN STEP	2026-02-25T19:50:03.5667541Z [0;32m[OK][0m Dependencies fetched
Linux Desktop Tests (5)	UNKNOWN STEP	2026-02-25T19:50:03.5686254Z [0;34m[INFO][0m Target: linux
Linux Desktop Tests (5)	UNKNOWN STEP	2026-02-25T19:50:03.5686721Z 
Linux Desktop Tests (5)	UNKNOWN STEP	2026-02-25T19:50:03.5687379Z [1m━━━ Linux Desktop Tests ━━━[0m
Linux Desktop Tests (5)	UNKNOWN STEP	2026-02-25T19:50:03.5687710Z 
Linux Desktop Tests (5)	UNKNOWN STEP	2026-02-25T19:50:03.5695532Z [0;34m[INFO][0m Enabling Linux desktop support...
Linux Desktop Tests (5)	UNKNOWN STEP	2026-02-25T19:50:03.8640530Z [0;34m[INFO][0m Shard 5/7: running 4 of 32 files
Linux Desktop Tests (5)	UNKNOWN STEP	2026-02-25T19:50:03.8641734Z [0;34m[INFO][0m Running 4 integration test(s) on Linux...
Linux Desktop Tests (5)	UNKNOWN STEP	2026-02-25T19:50:03.8642240Z [0;34m[INFO][0m   Running: integration_test/feed_merging_test.dart
Linux Desktop Tests (5)	UNKNOWN STEP	2026-02-25T19:50:05.5180555Z 00:00 +0: loading /home/runner/work/substitution/substitution/integration_test/feed_merging_test.dart
Linux Desktop Tests (5)	UNKNOWN STEP	2026-02-25T19:50:39.4761959Z Building Linux application...                                   
Linux Desktop Tests (5)	UNKNOWN STEP	2026-02-25T19:50:39.4796951Z ✓ Built build/linux/x64/debug/bundle/substitution
Linux Desktop Tests (5)	UNKNOWN STEP	2026-02-25T19:50:43.8390309Z 00:00 +0: (setUpAll)
Linux Desktop Tests (5)	UNKNOWN STEP	2026-02-25T19:50:43.9015495Z 00:00 +0: Feed Merging Integration Test Messages from multiple rooms are interleaved correctly in chronological order
Linux Desktop Tests (5)	UNKNOWN STEP	2026-02-25T19:50:44.4991627Z *** sqflite warning ***
Linux Desktop Tests (5)	UNKNOWN STEP	2026-02-25T19:50:44.4991951Z 
Linux Desktop Tests (5)	UNKNOWN STEP	2026-02-25T19:50:44.4992129Z You are changing sqflite default factory.
Linux Desktop Tests (5)	UNKNOWN STEP	2026-02-25T19:50:44.4992616Z Be aware of the potential side effects. Any library using sqflite
Linux Desktop Tests (5)	UNKNOWN STEP	2026-02-25T19:50:44.4993094Z will have this factory as the default for all operations.
Linux Desktop Tests (5)	UNKNOWN STEP	2026-02-25T19:50:44.4993333Z 
Linux Desktop Tests (5)	UNKNOWN STEP	2026-02-25T19:50:44.4993421Z *** sqflite warning ***
Linux Desktop Tests (5)	UNKNOWN STEP	2026-02-25T19:50:44.4993579Z 
Linux Desktop Tests (5)	UNKNOWN STEP	2026-02-25T19:50:44.5014345Z Waiting for globalMatrixClient to be initialized...
Linux Desktop Tests (5)	UNKNOWN STEP	2026-02-25T19:50:44.7466871Z [90m[🌎 Easy Localization] [DEBUG] Localization initialized[0m
Linux Desktop Tests (5)	UNKNOWN STEP	2026-02-25T19:50:44.7515978Z [Matrix] [32mInitialize client Substitution[0m
Linux Desktop Tests (5)	UNKNOWN STEP	2026-02-25T19:50:44.7600595Z [Matrix] [32mUser is not logged in.[0m
Linux Desktop Tests (5)	UNKNOWN STEP	2026-02-25T19:50:44.7633229Z [90m[🌎 Easy Localization] [DEBUG] Start[0m
Linux Desktop Tests (5)	UNKNOWN STEP	2026-02-25T19:50:45.0197693Z [90m[🌎 Easy Localization] [DEBUG] Init state[0m
Linux Desktop Tests (5)	UNKNOWN STEP	2026-02-25T19:50:45.0214229Z [90m[🌎 Easy Localization] [DEBUG] Build[0m
Linux Desktop Tests (5)	UNKNOWN STEP	2026-02-25T19:50:45.0219126Z [90m[🌎 Easy Localization] [DEBUG] Init Localization Delegate[0m
Linux Desktop Tests (5)	UNKNOWN STEP	2026-02-25T19:50:45.0233793Z [90m[🌎 Easy Localization] [DEBUG] Init provider[0m
Linux Desktop Tests (5)	UNKNOWN STEP	2026-02-25T19:50:45.1557644Z [90m[🌎 Easy Localization] [DEBUG] Load Localization Delegate[0m
Linux Desktop Tests (5)	UNKNOWN STEP	2026-02-25T19:50:45.1568256Z [90m[🌎 Easy Localization] [DEBUG] Load asset from assets/translations[0m
Linux Desktop Tests (5)	UNKNOWN STEP	2026-02-25T19:50:45.2667700Z globalMatrixClient initialized!
Linux Desktop Tests (5)	UNKNOWN STEP	2026-02-25T19:50:45.6516904Z [Matrix] [32mInitialize client Substitution[0m
Linux Desktop Tests (5)	UNKNOWN STEP	2026-02-25T19:50:45.6792525Z [Matrix] [32mSuccessfully connected as testuser1 with http://localhost:8008[0m
Linux Desktop Tests (5)	UNKNOWN STEP	2026-02-25T19:50:46.2947316Z [90m[🌎 Easy Localization] [DEBUG] Build[0m
Linux Desktop Tests (5)	UNKNOWN STEP	2026-02-25T19:50:46.2949217Z [90m[🌎 Easy Localization] [DEBUG] Init Localization Delegate[0m
Linux Desktop Tests (5)	UNKNOWN STEP	2026-02-25T19:50:46.2950042Z [90m[🌎 Easy Localization] [DEBUG] Init provider[0m
Linux Desktop Tests (5)	UNKNOWN STEP	2026-02-25T19:50:46.8963648Z checking room test_avatar id: !ELCgFzHKDdjjUbYHox:test.matrix.local
Linux Desktop Tests (5)	UNKNOWN STEP	2026-02-25T19:50:46.8979756Z checking room test_general id: !SPrkcPfoULhPphiBRQ:test.matrix.local
Linux Desktop Tests (5)	UNKNOWN STEP	2026-02-25T19:50:46.8983022Z checking room test_invite_only id: !CPQodMdjaQgfnjMsjU:test.matrix.local
Linux Desktop Tests (5)	UNKNOWN STEP	2026-02-25T19:50:46.8997188Z checking room test_photos id: !AdStvfOQpzePabyIzG:test.matrix.local
Linux Desktop Tests (5)	UNKNOWN STEP	2026-02-25T19:50:46.8998845Z checking room test_art id: !VQqPNKGjvXELDjPccF:test.matrix.local
Linux Desktop Tests (5)	UNKNOWN STEP	2026-02-25T19:50:46.8999789Z start quering new events...
Linux Desktop Tests (5)	UNKNOWN STEP	2026-02-25T19:50:46.9000288Z finished...
Linux Desktop Tests (5)	UNKNOWN STEP	2026-02-25T19:50:46.9000605Z ret is empty...
Linux Desktop Tests (5)	UNKNOWN STEP	2026-02-25T19:50:46.9001131Z no new things to append...
Linux Desktop Tests (5)	UNKNOWN STEP	2026-02-25T19:50:52.2207446Z Sending Message 1 in Room A...
Linux Desktop Tests (5)	UNKNOWN STEP	2026-02-25T19:50:54.3760694Z Sending Message 2 in Room B...
Linux Desktop Tests (5)	UNKNOWN STEP	2026-02-25T19:50:56.4421180Z Sending Message 3 in Room A...
Linux Desktop Tests (5)	UNKNOWN STEP	2026-02-25T19:50:57.5641356Z ✓ Sync confirmed: 2 message(s) in Room A timeline
Linux Desktop Tests (5)	UNKNOWN STEP	2026-02-25T19:50:57.5642116Z HomePage: Room changes detected, refreshing feed...
Linux Desktop Tests (5)	UNKNOWN STEP	2026-02-25T19:50:57.8447962Z checking room test_avatar id: !ELCgFzHKDdjjUbYHox:test.matrix.local
Linux Desktop Tests (5)	UNKNOWN STEP	2026-02-25T19:50:57.8449379Z checking room test_general id: !SPrkcPfoULhPphiBRQ:test.matrix.local
Linux Desktop Tests (5)	UNKNOWN STEP	2026-02-25T19:50:57.8451853Z checking room Merging Room A id: !zHFPfvnPivQXaZddaW:test.matrix.local
Linux Desktop Tests (5)	UNKNOWN STEP	2026-02-25T19:50:57.8452739Z --- adding room Merging Room A id: !zHFPfvnPivQXaZddaW:test.matrix.local
Linux Desktop Tests (5)	UNKNOWN STEP	2026-02-25T19:50:57.8458890Z checking room Merging Room B id: !VkRfzzkbHepGnPUixt:test.matrix.local
Linux Desktop Tests (5)	UNKNOWN STEP	2026-02-25T19:50:57.8459931Z --- adding room Merging Room B id: !VkRfzzkbHepGnPUixt:test.matrix.local
Linux Desktop Tests (5)	UNKNOWN STEP	2026-02-25T19:50:57.8460801Z checking room test_invite_only id: !CPQodMdjaQgfnjMsjU:test.matrix.local
Linux Desktop Tests (5)	UNKNOWN STEP	2026-02-25T19:50:57.8461882Z checking room test_photos id: !AdStvfOQpzePabyIzG:test.matrix.local
Linux Desktop Tests (5)	UNKNOWN STEP	2026-02-25T19:50:57.8462371Z checking room test_art id: !VQqPNKGjvXELDjPccF:test.matrix.local
Linux Desktop Tests (5)	UNKNOWN STEP	2026-02-25T19:50:58.1077460Z start quering new events...
Linux Desktop Tests (5)	UNKNOWN STEP	2026-02-25T19:50:58.1086909Z [Matrix] [32mNo more events found in the store. Request from server...[0m
Linux Desktop Tests (5)	UNKNOWN STEP	2026-02-25T19:50:58.1382848Z [FeedFilter] REJECTED event=$3r0VrMwEpTjCTF1zxbftAOynj2CA7z6WQjZRmqrbLTo type=m.room.name isMsg=false rel=null powerLevel=100 sender=@testuser1:test.matrix.local
Linux Desktop Tests (5)	UNKNOWN STEP	2026-02-25T19:50:58.1385604Z [FeedFilter] REJECTED event=$KI4LkYsAL4KrZsAWx0xONX5vceodZG22zWKAsdKztPw type=m.room.history_visibility isMsg=false rel=null powerLevel=100 sender=@testuser1:test.matrix.local
Linux Desktop Tests (5)	UNKNOWN STEP	2026-02-25T19:50:58.1388736Z [FeedFilter] REJECTED event=$xv9favQizuNC1n-ju7kwSr-mk1ri4vMcA3D70aZPV6k type=m.room.join_rules isMsg=false rel=null powerLevel=100 sender=@testuser1:test.matrix.local
Linux Desktop Tests (5)	UNKNOWN STEP	2026-02-25T19:50:58.1390855Z [FeedFilter] REJECTED event=$2hGESw1JiXZ4kA_l8xFzLXrLyPFLR4jwST4efNSMBSE type=m.room.power_levels isMsg=false rel=null powerLevel=100 sender=@testuser1:test.matrix.local
Linux Desktop Tests (5)	UNKNOWN STEP	2026-02-25T19:50:58.1392957Z [FeedFilter] REJECTED event=$SYkZGO6EoFFXyENzUVZZXKzC4L16cxU_ZxwkdWy3rlg type=m.room.member isMsg=false rel=null powerLevel=100 sender=@testuser1:test.matrix.local
Linux Desktop Tests (5)	UNKNOWN STEP	2026-02-25T19:50:58.1395044Z [FeedFilter] REJECTED event=$Oq3kp5QJsOMisImvDm8ZVq8UgSNUe6ChoIvLXhzmPD8 type=m.room.create isMsg=false rel=null powerLevel=100 sender=@testuser1:test.matrix.local
Linux Desktop Tests (5)	UNKNOWN STEP	2026-02-25T19:50:58.1396559Z cannot request more history... events.isEmpty? false, room.prev_batch: null
Linux Desktop Tests (5)	UNKNOWN STEP	2026-02-25T19:50:58.1397385Z [Matrix] [32mNo more events found in the store. Request from server...[0m
Linux Desktop Tests (5)	UNKNOWN STEP	2026-02-25T19:50:58.1648198Z [FeedFilter] REJECTED event=$Vls1kH449PNJGtrKXDKJCDmWLND-Vx2EZ9PytOdL7qI type=m.room.name isMsg=false rel=null powerLevel=100 sender=@testuser1:test.matrix.local
Linux Desktop Tests (5)	UNKNOWN STEP	2026-02-25T19:50:58.1650834Z [FeedFilter] REJECTED event=$y1XTQ8nRZU6J9a9Np31cwal-Ng8e3lCIVTLDQPU9UWw type=m.room.history_visibility isMsg=false rel=null powerLevel=100 sender=@testuser1:test.matrix.local
Linux Desktop Tests (5)	UNKNOWN STEP	2026-02-25T19:50:58.1653352Z [FeedFilter] REJECTED event=$sM5effCVDo7ReoXlSw392_Ba7z41Tsh-gNO3CqRWg0o type=m.room.join_rules isMsg=false rel=null powerLevel=100 sender=@testuser1:test.matrix.local
Linux Desktop Tests (5)	UNKNOWN STEP	2026-02-25T19:50:58.1655522Z [FeedFilter] REJECTED event=$_G3waXTcZfpKqbQm4-3gmaNnryHV8IfZgFgywrMhsRQ type=m.room.power_levels isMsg=false rel=null powerLevel=100 sender=@testuser1:test.matrix.local
Linux Desktop Tests (5)	UNKNOWN STEP	2026-02-25T19:50:58.1657246Z [FeedFilter] REJECTED event=$mKfnMTIpQJ1LchgAhWL999hf4HlvXYCiBb4aaDo3e8s type=m.room.member isMsg=false rel=null powerLevel=100 sender=@testuser1:test.matrix.local
Linux Desktop Tests (5)	UNKNOWN STEP	2026-02-25T19:50:58.1658654Z [FeedFilter] REJECTED event=$bFYPq3IE4wR9EyQyCGWXoXnyzdr7ByqmBB3u2hHWe68 type=m.room.create isMsg=false rel=null powerLevel=100 sender=@testuser1:test.matrix.local
Linux Desktop Tests (5)	UNKNOWN STEP	2026-02-25T19:50:58.1659489Z cannot request more history... events.isEmpty? false, room.prev_batch: null
Linux Desktop Tests (5)	UNKNOWN STEP	2026-02-25T19:50:58.1659877Z finished...
Linux Desktop Tests (5)	UNKNOWN STEP	2026-02-25T19:50:59.2795461Z start getting reactions
Linux Desktop Tests (5)	UNKNOWN STEP	2026-02-25T19:50:59.3193185Z start getting reactions
Linux Desktop Tests (5)	UNKNOWN STEP	2026-02-25T19:50:59.3560142Z [FollowFeeds] Fetching rooms for generation 0, server: 'test.matrix.local', search: 'null'
Linux Desktop Tests (5)	UNKNOWN STEP	2026-02-25T19:50:59.3560674Z [FollowFeeds] Calling queryPublicRooms...
Linux Desktop Tests (5)	UNKNOWN STEP	2026-02-25T19:50:59.3896032Z got timeline for event id
Linux Desktop Tests (5)	UNKNOWN STEP	2026-02-25T19:50:59.3896916Z $w2t2JUFEbq7M3oSjSWHcWCcOllrOdr1CVgB45VsCWvY
Linux Desktop Tests (5)	UNKNOWN STEP	2026-02-25T19:50:59.3900283Z has aggregated events?
Linux Desktop Tests (5)	UNKNOWN STEP	2026-02-25T19:50:59.3903067Z false
Linux Desktop Tests (5)	UNKNOWN STEP	2026-02-25T19:50:59.3903629Z got events
Linux Desktop Tests (5)	UNKNOWN STEP	2026-02-25T19:50:59.3904366Z {}
Linux Desktop Tests (5)	UNKNOWN STEP	2026-02-25T19:50:59.4043538Z got timeline for event id
Linux Desktop Tests (5)	UNKNOWN STEP	2026-02-25T19:50:59.4045531Z $4K2oRpC4VKFoYTx1Sr_UNhn-cAufyVB1TZNmDOVIVlA
Linux Desktop Tests (5)	UNKNOWN STEP	2026-02-25T19:50:59.4046033Z has aggregated events?
Linux Desktop Tests (5)	UNKNOWN STEP	2026-02-25T19:50:59.4046323Z false
Linux Desktop Tests (5)	UNKNOWN STEP	2026-02-25T19:50:59.4046569Z got events
Linux Desktop Tests (5)	UNKNOWN STEP	2026-02-25T19:50:59.4046814Z {}
Linux Desktop Tests (5)	UNKNOWN STEP	2026-02-25T19:50:59.7185390Z [34m[🌎 Easy Localization] [WARNING] Localization key [settings.room.permissions] not found[0m
Linux Desktop Tests (5)	UNKNOWN STEP	2026-02-25T19:50:59.7434045Z [34m[🌎 Easy Localization] [WARNING] Localization key [settings.room.permissions] not found[0m
Linux Desktop Tests (5)	UNKNOWN STEP	2026-02-25T19:50:59.7603404Z [34m[🌎 Easy Localization] [WARNING] Localization key [settings.room.permissions] not found[0m
Linux Desktop Tests (5)	UNKNOWN STEP	2026-02-25T19:50:59.7711806Z [34m[🌎 Easy Localization] [WARNING] Localization key [settings.room.permissions] not found[0m
Linux Desktop Tests (5)	UNKNOWN STEP	2026-02-25T19:50:59.7824582Z [34m[🌎 Easy Localization] [WARNING] Localization key [settings.room.permissions] not found[0m
Linux Desktop Tests (5)	UNKNOWN STEP	2026-02-25T19:50:59.8660244Z Failed to load avatar: mxc://test.matrix.local/PFyaADnlyOldkikJdfemvnWH
Linux Desktop Tests (5)	UNKNOWN STEP	2026-02-25T19:50:59.8663425Z Failed to load avatar: mxc://test.matrix.local/uyngKYjblTGtAQhjUEfFTRYQ
Linux Desktop Tests (5)	UNKNOWN STEP	2026-02-25T19:51:00.1458171Z [34m[🌎 Easy Localization] [WARNING] Localization key [settings.room.permissions] not found[0m
Linux Desktop Tests (5)	UNKNOWN STEP	2026-02-25T19:51:00.1547712Z [34m[🌎 Easy Localization] [WARNING] Localization key [settings.room.permissions] not found[0m
Linux Desktop Tests (5)	UNKNOWN STEP	2026-02-25T19:51:00.1610384Z [34m[🌎 Easy Localization] [WARNING] Localization key [settings.room.permissions] not found[0m
Linux Desktop Tests (5)	UNKNOWN STEP	2026-02-25T19:51:00.1661301Z [34m[🌎 Easy Localization] [WARNING] Localization key [settings.room.permissions] not found[0m
Linux Desktop Tests (5)	UNKNOWN STEP	2026-02-25T19:51:00.1708123Z [34m[🌎 Easy Localization] [WARNING] Localization key [settings.room.permissions] not found[0m
Linux Desktop Tests (5)	UNKNOWN STEP	2026-02-25T19:51:02.1107368Z checking room test_avatar id: !ELCgFzHKDdjjUbYHox:test.matrix.local
Linux Desktop Tests (5)	UNKNOWN STEP	2026-02-25T19:51:02.1108256Z checking room test_general id: !SPrkcPfoULhPphiBRQ:test.matrix.local
Linux Desktop Tests (5)	UNKNOWN STEP	2026-02-25T19:51:02.1113774Z checking room Merging Room A id: !zHFPfvnPivQXaZddaW:test.matrix.local
Linux Desktop Tests (5)	UNKNOWN STEP	2026-02-25T19:51:02.1114700Z --- adding room Merging Room A id: !zHFPfvnPivQXaZddaW:test.matrix.local
Linux Desktop Tests (5)	UNKNOWN STEP	2026-02-25T19:51:02.1115618Z checking room Merging Room B id: !VkRfzzkbHepGnPUixt:test.matrix.local
Linux Desktop Tests (5)	UNKNOWN STEP	2026-02-25T19:51:02.1116431Z --- adding room Merging Room B id: !VkRfzzkbHepGnPUixt:test.matrix.local
Linux Desktop Tests (5)	UNKNOWN STEP	2026-02-25T19:51:02.1117575Z checking room test_invite_only id: !CPQodMdjaQgfnjMsjU:test.matrix.local
Linux Desktop Tests (5)	UNKNOWN STEP	2026-02-25T19:51:02.1118387Z checking room test_photos id: !AdStvfOQpzePabyIzG:test.matrix.local
Linux Desktop Tests (5)	UNKNOWN STEP	2026-02-25T19:51:02.1119136Z checking room test_art id: !VQqPNKGjvXELDjPccF:test.matrix.local
Linux Desktop Tests (5)	UNKNOWN STEP	2026-02-25T19:51:02.1226141Z start quering new events...
Linux Desktop Tests (5)	UNKNOWN STEP	2026-02-25T19:51:02.1230375Z [Matrix] [32mNo more events found in the store. Request from server...[0m
Linux Desktop Tests (5)	UNKNOWN STEP	2026-02-25T19:51:02.1231540Z [Matrix] [32mNo more events to request from server...[0m
Linux Desktop Tests (5)	UNKNOWN STEP	2026-02-25T19:51:02.1245017Z [FeedFilter] REJECTED event=$3r0VrMwEpTjCTF1zxbftAOynj2CA7z6WQjZRmqrbLTo type=m.room.name isMsg=false rel=null powerLevel=100 sender=@testuser1:test.matrix.local
Linux Desktop Tests (5)	UNKNOWN STEP	2026-02-25T19:51:02.1247221Z [FeedFilter] REJECTED event=$KI4LkYsAL4KrZsAWx0xONX5vceodZG22zWKAsdKztPw type=m.room.history_visibility isMsg=false rel=null powerLevel=100 sender=@testuser1:test.matrix.local
Linux Desktop Tests (5)	UNKNOWN STEP	2026-02-25T19:51:02.1249834Z [FeedFilter] REJECTED event=$xv9favQizuNC1n-ju7kwSr-mk1ri4vMcA3D70aZPV6k type=m.room.join_rules isMsg=false rel=null powerLevel=100 sender=@testuser1:test.matrix.local
Linux Desktop Tests (5)	UNKNOWN STEP	2026-02-25T19:51:02.1252235Z [FeedFilter] REJECTED event=$2hGESw1JiXZ4kA_l8xFzLXrLyPFLR4jwST4efNSMBSE type=m.room.power_levels isMsg=false rel=null powerLevel=100 sender=@testuser1:test.matrix.local
Linux Desktop Tests (5)	UNKNOWN STEP	2026-02-25T19:51:02.1253807Z [FeedFilter] REJECTED event=$SYkZGO6EoFFXyENzUVZZXKzC4L16cxU_ZxwkdWy3rlg type=m.room.member isMsg=false rel=null powerLevel=100 sender=@testuser1:test.matrix.local
Linux Desktop Tests (5)	UNKNOWN STEP	2026-02-25T19:51:02.1254962Z [FeedFilter] REJECTED event=$Oq3kp5QJsOMisImvDm8ZVq8UgSNUe6ChoIvLXhzmPD8 type=m.room.create isMsg=false rel=null powerLevel=100 sender=@testuser1:test.matrix.local
Linux Desktop Tests (5)	UNKNOWN STEP	2026-02-25T19:51:02.1255789Z cannot request more history... events.isEmpty? false, room.prev_batch: null
Linux Desktop Tests (5)	UNKNOWN STEP	2026-02-25T19:51:02.1256381Z [Matrix] [32mNo more events found in the store. Request from server...[0m
Linux Desktop Tests (5)	UNKNOWN STEP	2026-02-25T19:51:02.1257840Z [Matrix] [32mNo more events to request from server...[0m
Linux Desktop Tests (5)	UNKNOWN STEP	2026-02-25T19:51:02.1259176Z [FeedFilter] REJECTED event=$Vls1kH449PNJGtrKXDKJCDmWLND-Vx2EZ9PytOdL7qI type=m.room.name isMsg=false rel=null powerLevel=100 sender=@testuser1:test.matrix.local
Linux Desktop Tests (5)	UNKNOWN STEP	2026-02-25T19:51:02.1261439Z [FeedFilter] REJECTED event=$y1XTQ8nRZU6J9a9Np31cwal-Ng8e3lCIVTLDQPU9UWw type=m.room.history_visibility isMsg=false rel=null powerLevel=100 sender=@testuser1:test.matrix.local
Linux Desktop Tests (5)	UNKNOWN STEP	2026-02-25T19:51:02.1263543Z [FeedFilter] REJECTED event=$sM5effCVDo7ReoXlSw392_Ba7z41Tsh-gNO3CqRWg0o type=m.room.join_rules isMsg=false rel=null powerLevel=100 sender=@testuser1:test.matrix.local
Linux Desktop Tests (5)	UNKNOWN STEP	2026-02-25T19:51:02.1265576Z [FeedFilter] REJECTED event=$_G3waXTcZfpKqbQm4-3gmaNnryHV8IfZgFgywrMhsRQ type=m.room.power_levels isMsg=false rel=null powerLevel=100 sender=@testuser1:test.matrix.local
Linux Desktop Tests (5)	UNKNOWN STEP	2026-02-25T19:51:02.1267153Z [FeedFilter] REJECTED event=$mKfnMTIpQJ1LchgAhWL999hf4HlvXYCiBb4aaDo3e8s type=m.room.member isMsg=false rel=null powerLevel=100 sender=@testuser1:test.matrix.local
Linux Desktop Tests (5)	UNKNOWN STEP	2026-02-25T19:51:02.1268291Z [FeedFilter] REJECTED event=$bFYPq3IE4wR9EyQyCGWXoXnyzdr7ByqmBB3u2hHWe68 type=m.room.create isMsg=false rel=null powerLevel=100 sender=@testuser1:test.matrix.local
Linux Desktop Tests (5)	UNKNOWN STEP	2026-02-25T19:51:02.1269095Z cannot request more history... events.isEmpty? false, room.prev_batch: null
Linux Desktop Tests (5)	UNKNOWN STEP	2026-02-25T19:51:02.1269453Z finished...
Linux Desktop Tests (5)	UNKNOWN STEP	2026-02-25T19:51:02.6392491Z start getting reactions
Linux Desktop Tests (5)	UNKNOWN STEP	2026-02-25T19:51:02.6572570Z start getting reactions
Linux Desktop Tests (5)	UNKNOWN STEP	2026-02-25T19:51:02.7072978Z got timeline for event id
Linux Desktop Tests (5)	UNKNOWN STEP	2026-02-25T19:51:02.7073882Z $w2t2JUFEbq7M3oSjSWHcWCcOllrOdr1CVgB45VsCWvY
Linux Desktop Tests (5)	UNKNOWN STEP	2026-02-25T19:51:02.7076468Z has aggregated events?
Linux Desktop Tests (5)	UNKNOWN STEP	2026-02-25T19:51:02.7076839Z false
Linux Desktop Tests (5)	UNKNOWN STEP	2026-02-25T19:51:02.7077411Z got events
Linux Desktop Tests (5)	UNKNOWN STEP	2026-02-25T19:51:02.7077859Z {}
Linux Desktop Tests (5)	UNKNOWN STEP	2026-02-25T19:51:02.7231490Z got timeline for event id
Linux Desktop Tests (5)	UNKNOWN STEP	2026-02-25T19:51:02.7235637Z $4K2oRpC4VKFoYTx1Sr_UNhn-cAufyVB1TZNmDOVIVlA
Linux Desktop Tests (5)	UNKNOWN STEP	2026-02-25T19:51:02.7236562Z has aggregated events?
Linux Desktop Tests (5)	UNKNOWN STEP	2026-02-25T19:51:02.7237190Z false
Linux Desktop Tests (5)	UNKNOWN STEP	2026-02-25T19:51:02.7246851Z got events
Linux Desktop Tests (5)	UNKNOWN STEP	2026-02-25T19:51:02.7247185Z {}
Linux Desktop Tests (5)	UNKNOWN STEP	2026-02-25T19:51:22.7097473Z ══╡ EXCEPTION CAUGHT BY FLUTTER TEST FRAMEWORK ╞════════════════════════════════════════════════════
Linux Desktop Tests (5)	UNKNOWN STEP	2026-02-25T19:51:22.7099163Z The following TestFailure was thrown running a test:
Linux Desktop Tests (5)	UNKNOWN STEP	2026-02-25T19:51:22.7106840Z Expected: exactly one matching candidate
Linux Desktop Tests (5)	UNKNOWN STEP	2026-02-25T19:51:22.7107732Z   Actual: _TextContainingWidgetFinder:<Found 0 widgets with text containing Chronological Message 1
Linux Desktop Tests (5)	UNKNOWN STEP	2026-02-25T19:51:22.7108582Z (A): []>
Linux Desktop Tests (5)	UNKNOWN STEP	2026-02-25T19:51:22.7108965Z    Which: means none were found but one was expected
Linux Desktop Tests (5)	UNKNOWN STEP	2026-02-25T19:51:22.7109343Z 
Linux Desktop Tests (5)	UNKNOWN STEP	2026-02-25T19:51:22.7109565Z When the exception was thrown, this was the stack:
Linux Desktop Tests (5)	UNKNOWN STEP	2026-02-25T19:51:22.7110837Z #4      main.<anonymous closure>.<anonymous closure> (file:///home/runner/work/substitution/substitution/integration_test/feed_merging_test.dart:252:9)
Linux Desktop Tests (5)	UNKNOWN STEP	2026-02-25T19:51:22.7112081Z <asynchronous suspension>
Linux Desktop Tests (5)	UNKNOWN STEP	2026-02-25T19:51:22.7113136Z #5      testWidgets.<anonymous closure>.<anonymous closure> (package:flutter_test/src/widget_tester.dart:192:15)
Linux Desktop Tests (5)	UNKNOWN STEP	2026-02-25T19:51:22.7113996Z <asynchronous suspension>
Linux Desktop Tests (5)	UNKNOWN STEP	2026-02-25T19:51:22.7114705Z #6      TestWidgetsFlutterBinding._runTestBody (package:flutter_test/src/binding.dart:1682:5)
Linux Desktop Tests (5)	UNKNOWN STEP	2026-02-25T19:51:22.7115477Z <asynchronous suspension>
Linux Desktop Tests (5)	UNKNOWN STEP	2026-02-25T19:51:22.7126010Z <asynchronous suspension>
Linux Desktop Tests (5)	UNKNOWN STEP	2026-02-25T19:51:22.7126759Z (elided one frame from package:stack_trace)
Linux Desktop Tests (5)	UNKNOWN STEP	2026-02-25T19:51:22.7128600Z 
Linux Desktop Tests (5)	UNKNOWN STEP	2026-02-25T19:51:22.7128945Z This was caught by the test expectation on the following line:
Linux Desktop Tests (5)	UNKNOWN STEP	2026-02-25T19:51:22.7129943Z   file:///home/runner/work/substitution/substitution/integration_test/feed_merging_test.dart line 252
Linux Desktop Tests (5)	UNKNOWN STEP	2026-02-25T19:51:22.7130816Z The test description was:
Linux Desktop Tests (5)	UNKNOWN STEP	2026-02-25T19:51:22.7131678Z   Messages from multiple rooms are interleaved correctly in chronological order
Linux Desktop Tests (5)	UNKNOWN STEP	2026-02-25T19:51:22.7132943Z ════════════════════════════════════════════════════════════════════════════════════════════════════
Linux Desktop Tests (5)	UNKNOWN STEP	2026-02-25T19:51:22.7193924Z 00:38 +0 -1: Feed Merging Integration Test Messages from multiple rooms are interleaved correctly in chronological order [E]
Linux Desktop Tests (5)	UNKNOWN STEP	2026-02-25T19:51:22.7198992Z   Test failed. See exception logs above.
Linux Desktop Tests (5)	UNKNOWN STEP	2026-02-25T19:51:22.7200105Z   The test description was: Messages from multiple rooms are interleaved correctly in chronological order
Linux Desktop Tests (5)	UNKNOWN STEP	2026-02-25T19:51:22.7201276Z   
Linux Desktop Tests (5)	UNKNOWN STEP	2026-02-25T19:51:22.7948886Z 00:38 +0 -1: (tearDownAll)
Linux Desktop Tests (5)	UNKNOWN STEP	2026-02-25T19:51:22.8118041Z 00:38 +0 -1: Some tests failed.
Linux Desktop Tests (5)	UNKNOWN STEP	2026-02-25T19:51:22.8589406Z [0;34m[INFO][0m   Running: integration_test/login_debug_test.dart
Linux Desktop Tests (5)	UNKNOWN STEP	2026-02-25T19:51:23.8954992Z 00:00 +0: loading /home/runner/work/substitution/substitution/integration_test/login_debug_test.dart
Linux Desktop Tests (5)	UNKNOWN STEP	2026-02-25T19:51:50.5639882Z Building Linux application...                                   
Linux Desktop Tests (5)	UNKNOWN STEP	2026-02-25T19:51:50.5669091Z ✓ Built build/linux/x64/debug/bundle/substitution
Linux Desktop Tests (5)	UNKNOWN STEP	2026-02-25T19:51:51.2586073Z 00:00 +0: Debug full login flow
Linux Desktop Tests (5)	UNKNOWN STEP	2026-02-25T19:51:51.5663302Z Waiting for globalMatrixClient to be initialized...
Linux Desktop Tests (5)	UNKNOWN STEP	2026-02-25T19:51:51.7636993Z [90m[🌎 Easy Localization] [DEBUG] Localization initialized[0m
Linux Desktop Tests (5)	UNKNOWN STEP	2026-02-25T19:51:51.7729004Z [Matrix] [32mInitialize client Substitution[0m
Linux Desktop Tests (5)	UNKNOWN STEP	2026-02-25T19:51:51.7804867Z [Matrix] [32mUser is not logged in.[0m
Linux Desktop Tests (5)	UNKNOWN STEP	2026-02-25T19:51:51.7837870Z [90m[🌎 Easy Localization] [DEBUG] Start[0m
Linux Desktop Tests (5)	UNKNOWN STEP	2026-02-25T19:51:52.0824735Z [90m[🌎 Easy Localization] [DEBUG] Init state[0m
Linux Desktop Tests (5)	UNKNOWN STEP	2026-02-25T19:51:52.0839845Z [90m[🌎 Easy Localization] [DEBUG] Build[0m
Linux Desktop Tests (5)	UNKNOWN STEP	2026-02-25T19:51:52.0844814Z [90m[🌎 Easy Localization] [DEBUG] Init Localization Delegate[0m
Linux Desktop Tests (5)	UNKNOWN STEP	2026-02-25T19:51:52.0848888Z [90m[🌎 Easy Localization] [DEBUG] Init provider[0m
Linux Desktop Tests (5)	UNKNOWN STEP	2026-02-25T19:51:52.2201417Z [90m[🌎 Easy Localization] [DEBUG] Load Localization Delegate[0m
Linux Desktop Tests (5)	UNKNOWN STEP	2026-02-25T19:51:52.2208893Z [90m[🌎 Easy Localization] [DEBUG] Load asset from assets/translations[0m
Linux Desktop Tests (5)	UNKNOWN STEP	2026-02-25T19:51:52.3292524Z globalMatrixClient initialized!
Linux Desktop Tests (5)	UNKNOWN STEP	2026-02-25T19:51:52.8410487Z [90m[🌎 Easy Localization] [DEBUG] Build[0m
Linux Desktop Tests (5)	UNKNOWN STEP	2026-02-25T19:51:52.8411821Z [90m[🌎 Easy Localization] [DEBUG] Init Localization Delegate[0m
Linux Desktop Tests (5)	UNKNOWN STEP	2026-02-25T19:51:52.8412588Z [90m[🌎 Easy Localization] [DEBUG] Init provider[0m
Linux Desktop Tests (5)	UNKNOWN STEP	2026-02-25T19:51:53.4424834Z IntroScreen found at 500ms
Linux Desktop Tests (5)	UNKNOWN STEP	2026-02-25T19:51:58.5120341Z Tapped submit (after ensureVisible)
Linux Desktop Tests (5)	UNKNOWN STEP	2026-02-25T19:51:59.0804608Z   0ms: login=1 alert=0
Linux Desktop Tests (5)	UNKNOWN STEP	2026-02-25T19:51:59.0805073Z LOGIN FIELD FOUND at 0ms!
Linux Desktop Tests (5)	UNKNOWN STEP	2026-02-25T19:51:59.0805633Z loginFound: true
Linux Desktop Tests (5)	UNKNOWN STEP	2026-02-25T19:51:59.8394240Z Tapped login button
Linux Desktop Tests (5)	UNKNOWN STEP	2026-02-25T19:52:00.1308766Z [Matrix] [32mInitialize client Substitution[0m
Linux Desktop Tests (5)	UNKNOWN STEP	2026-02-25T19:52:00.1604532Z [Matrix] [32mSuccessfully connected as testuser1 with http://localhost:8008[0m
Linux Desktop Tests (5)	UNKNOWN STEP	2026-02-25T19:52:00.3664941Z FEED FOUND at 0ms - LOGIN SUCCESS!
Linux Desktop Tests (5)	UNKNOWN STEP	2026-02-25T19:52:00.4256543Z 00:09 +1: (tearDownAll)
Linux Desktop Tests (5)	UNKNOWN STEP	2026-02-25T19:52:00.4527126Z 00:09 +1: All tests passed!
Linux Desktop Tests (5)	UNKNOWN STEP	2026-02-25T19:52:00.4992704Z [0;34m[INFO][0m   Running: integration_test/onboarding_flow_test.dart
Linux Desktop Tests (5)	UNKNOWN STEP	2026-02-25T19:52:01.5796130Z 00:00 +0: loading /home/runner/work/substitution/substitution/integration_test/onboarding_flow_test.dart
Linux Desktop Tests (5)	UNKNOWN STEP	2026-02-25T19:52:25.1868759Z Building Linux application...                                   
Linux Desktop Tests (5)	UNKNOWN STEP	2026-02-25T19:52:25.1896734Z ✓ Built build/linux/x64/debug/bundle/substitution
Linux Desktop Tests (5)	UNKNOWN STEP	2026-02-25T19:52:25.8475751Z 00:00 +0: (setUpAll)
Linux Desktop Tests (5)	UNKNOWN STEP	2026-02-25T19:52:25.8795698Z [90m[🌎 Easy Localization] [DEBUG] Localization initialized[0m
Linux Desktop Tests (5)	UNKNOWN STEP	2026-02-25T19:52:26.0005457Z 00:00 +0: Onboarding Flow Integration (WI-1.1, WI-1.2, WI-1.3) 1. Start at introduction -> select homeserver -> login -> verify session persists
Linux Desktop Tests (5)	UNKNOWN STEP	2026-02-25T19:52:26.0225668Z ✓ Step 2: User selects homeserver (mocked)
Linux Desktop Tests (5)	UNKNOWN STEP	2026-02-25T19:52:26.0230054Z ✓ Step 3: User login flow verified (mocked)
Linux Desktop Tests (5)	UNKNOWN STEP	2026-02-25T19:52:26.0312049Z 00:00 +1: (tearDownAll)
Linux Desktop Tests (5)	UNKNOWN STEP	2026-02-25T19:52:26.0476244Z 00:00 +1: All tests passed!
Linux Desktop Tests (5)	UNKNOWN STEP	2026-02-25T19:52:26.0928225Z [0;34m[INFO][0m   Running: integration_test/room_discovery_strict_test.dart
Linux Desktop Tests (5)	UNKNOWN STEP	2026-02-25T19:52:27.1543050Z 00:00 +0: loading /home/runner/work/substitution/substitution/integration_test/room_discovery_strict_test.dart
Linux Desktop Tests (5)	UNKNOWN STEP	2026-02-25T19:52:53.5027083Z Building Linux application...                                   
Linux Desktop Tests (5)	UNKNOWN STEP	2026-02-25T19:52:53.5055815Z ✓ Built build/linux/x64/debug/bundle/substitution
Linux Desktop Tests (5)	UNKNOWN STEP	2026-02-25T19:52:54.2297651Z 00:00 +0: (setUpAll)
Linux Desktop Tests (5)	UNKNOWN STEP	2026-02-25T19:52:54.2512201Z 00:00 +0: Room Discovery, Join & Leave with Real Matrix Server STRICT: Can discover unjoinable room (test_invite_only)
Linux Desktop Tests (5)	UNKNOWN STEP	2026-02-25T19:52:54.6411913Z *** sqflite warning ***
Linux Desktop Tests (5)	UNKNOWN STEP	2026-02-25T19:52:54.6412239Z 
Linux Desktop Tests (5)	UNKNOWN STEP	2026-02-25T19:52:54.6412418Z You are changing sqflite default factory.
Linux Desktop Tests (5)	UNKNOWN STEP	2026-02-25T19:52:54.6412931Z Be aware of the potential side effects. Any library using sqflite
Linux Desktop Tests (5)	UNKNOWN STEP	2026-02-25T19:52:54.6413391Z will have this factory as the default for all operations.
Linux Desktop Tests (5)	UNKNOWN STEP	2026-02-25T19:52:54.6413652Z 
Linux Desktop Tests (5)	UNKNOWN STEP	2026-02-25T19:52:54.6413744Z *** sqflite warning ***
Linux Desktop Tests (5)	UNKNOWN STEP	2026-02-25T19:52:54.6413887Z 
Linux Desktop Tests (5)	UNKNOWN STEP	2026-02-25T19:52:54.7741595Z [90m[🌎 Easy Localization] [DEBUG] Localization initialized[0m
Linux Desktop Tests (5)	UNKNOWN STEP	2026-02-25T19:52:54.7759334Z [Matrix] [32mInitialize client Substitution[0m
Linux Desktop Tests (5)	UNKNOWN STEP	2026-02-25T19:52:54.7853782Z [Matrix] [32mUser is not logged in.[0m
Linux Desktop Tests (5)	UNKNOWN STEP	2026-02-25T19:52:54.7886877Z [90m[🌎 Easy Localization] [DEBUG] Start[0m
Linux Desktop Tests (5)	UNKNOWN STEP	2026-02-25T19:52:55.1597614Z [90m[🌎 Easy Localization] [DEBUG] Init state[0m
Linux Desktop Tests (5)	UNKNOWN STEP	2026-02-25T19:52:55.1622033Z [90m[🌎 Easy Localization] [DEBUG] Build[0m
Linux Desktop Tests (5)	UNKNOWN STEP	2026-02-25T19:52:55.1631569Z [90m[🌎 Easy Localization] [DEBUG] Init Localization Delegate[0m
Linux Desktop Tests (5)	UNKNOWN STEP	2026-02-25T19:52:55.1643915Z [90m[🌎 Easy Localization] [DEBUG] Init provider[0m
Linux Desktop Tests (5)	UNKNOWN STEP	2026-02-25T19:52:55.3085275Z [90m[🌎 Easy Localization] [DEBUG] Load Localization Delegate[0m
Linux Desktop Tests (5)	UNKNOWN STEP	2026-02-25T19:52:55.3101372Z [90m[🌎 Easy Localization] [DEBUG] Load asset from assets/translations[0m
Linux Desktop Tests (5)	UNKNOWN STEP	2026-02-25T19:52:55.9332111Z [90m[🌎 Easy Localization] [DEBUG] Build[0m
Linux Desktop Tests (5)	UNKNOWN STEP	2026-02-25T19:52:55.9333660Z [90m[🌎 Easy Localization] [DEBUG] Init Localization Delegate[0m
Linux Desktop Tests (5)	UNKNOWN STEP	2026-02-25T19:52:55.9335123Z [90m[🌎 Easy Localization] [DEBUG] Init provider[0m
Linux Desktop Tests (5)	UNKNOWN STEP	2026-02-25T19:52:57.5849748Z Waiting for globalMatrixClient to be initialized...
Linux Desktop Tests (5)	UNKNOWN STEP	2026-02-25T19:52:57.5850871Z globalMatrixClient initialized!
Linux Desktop Tests (5)	UNKNOWN STEP	2026-02-25T19:53:13.9117199Z [Matrix] [32mInitialize client Substitution[0m
Linux Desktop Tests (5)	UNKNOWN STEP	2026-02-25T19:53:13.9418151Z [Matrix] [32mSuccessfully connected as testuser1 with http://localhost:8008[0m
Linux Desktop Tests (5)	UNKNOWN STEP	2026-02-25T19:53:15.4090152Z checking room test_avatar id: !ELCgFzHKDdjjUbYHox:test.matrix.local
Linux Desktop Tests (5)	UNKNOWN STEP	2026-02-25T19:53:15.4091992Z checking room test_general id: !SPrkcPfoULhPphiBRQ:test.matrix.local
Linux Desktop Tests (5)	UNKNOWN STEP	2026-02-25T19:53:15.4093540Z checking room Merging Room A id: !zHFPfvnPivQXaZddaW:test.matrix.local
Linux Desktop Tests (5)	UNKNOWN STEP	2026-02-25T19:53:15.4098144Z --- adding room Merging Room A id: !zHFPfvnPivQXaZddaW:test.matrix.local
Linux Desktop Tests (5)	UNKNOWN STEP	2026-02-25T19:53:15.4099043Z checking room Merging Room B id: !VkRfzzkbHepGnPUixt:test.matrix.local
Linux Desktop Tests (5)	UNKNOWN STEP	2026-02-25T19:53:15.4099934Z --- adding room Merging Room B id: !VkRfzzkbHepGnPUixt:test.matrix.local
Linux Desktop Tests (5)	UNKNOWN STEP	2026-02-25T19:53:15.4100805Z checking room test_invite_only id: !CPQodMdjaQgfnjMsjU:test.matrix.local
Linux Desktop Tests (5)	UNKNOWN STEP	2026-02-25T19:53:15.4101858Z checking room test_photos id: !AdStvfOQpzePabyIzG:test.matrix.local
Linux Desktop Tests (5)	UNKNOWN STEP	2026-02-25T19:53:15.4102982Z checking room test_art id: !VQqPNKGjvXELDjPccF:test.matrix.local
Linux Desktop Tests (5)	UNKNOWN STEP	2026-02-25T19:53:15.4384690Z start quering new events...
Linux Desktop Tests (5)	UNKNOWN STEP	2026-02-25T19:53:15.4390464Z [Matrix] [32mNo more events found in the store. Request from server...[0m
Linux Desktop Tests (5)	UNKNOWN STEP	2026-02-25T19:53:15.4926099Z [FeedFilter] REJECTED event=$3r0VrMwEpTjCTF1zxbftAOynj2CA7z6WQjZRmqrbLTo type=m.room.name isMsg=false rel=null powerLevel=100 sender=@testuser1:test.matrix.local
Linux Desktop Tests (5)	UNKNOWN STEP	2026-02-25T19:53:15.4928912Z [FeedFilter] REJECTED event=$KI4LkYsAL4KrZsAWx0xONX5vceodZG22zWKAsdKztPw type=m.room.history_visibility isMsg=false rel=null powerLevel=100 sender=@testuser1:test.matrix.local
Linux Desktop Tests (5)	UNKNOWN STEP	2026-02-25T19:53:15.4932218Z [FeedFilter] REJECTED event=$xv9favQizuNC1n-ju7kwSr-mk1ri4vMcA3D70aZPV6k type=m.room.join_rules isMsg=false rel=null powerLevel=100 sender=@testuser1:test.matrix.local
Linux Desktop Tests (5)	UNKNOWN STEP	2026-02-25T19:53:15.4938547Z [FeedFilter] REJECTED event=$2hGESw1JiXZ4kA_l8xFzLXrLyPFLR4jwST4efNSMBSE type=m.room.power_levels isMsg=false rel=null powerLevel=100 sender=@testuser1:test.matrix.local
Linux Desktop Tests (5)	UNKNOWN STEP	2026-02-25T19:53:15.4940638Z [FeedFilter] REJECTED event=$SYkZGO6EoFFXyENzUVZZXKzC4L16cxU_ZxwkdWy3rlg type=m.room.member isMsg=false rel=null powerLevel=100 sender=@testuser1:test.matrix.local
Linux Desktop Tests (5)	UNKNOWN STEP	2026-02-25T19:53:15.4942283Z [FeedFilter] REJECTED event=$Oq3kp5QJsOMisImvDm8ZVq8UgSNUe6ChoIvLXhzmPD8 type=m.room.create isMsg=false rel=null powerLevel=100 sender=@testuser1:test.matrix.local
Linux Desktop Tests (5)	UNKNOWN STEP	2026-02-25T19:53:15.4943190Z cannot request more history... events.isEmpty? false, room.prev_batch: t1-75_7_0_1_3_1_1_18_0_1_2_1
Linux Desktop Tests (5)	UNKNOWN STEP	2026-02-25T19:53:15.4944233Z [Matrix] [32mNo more events found in the store. Request from server...[0m
Linux Desktop Tests (5)	UNKNOWN STEP	2026-02-25T19:53:15.5293199Z [FeedFilter] REJECTED event=$Vls1kH449PNJGtrKXDKJCDmWLND-Vx2EZ9PytOdL7qI type=m.room.name isMsg=false rel=null powerLevel=100 sender=@testuser1:test.matrix.local
Linux Desktop Tests (5)	UNKNOWN STEP	2026-02-25T19:53:15.5298591Z [FeedFilter] REJECTED event=$y1XTQ8nRZU6J9a9Np31cwal-Ng8e3lCIVTLDQPU9UWw type=m.room.history_visibility isMsg=false rel=null powerLevel=100 sender=@testuser1:test.matrix.local
Linux Desktop Tests (5)	UNKNOWN STEP	2026-02-25T19:53:15.5300825Z [FeedFilter] REJECTED event=$sM5effCVDo7ReoXlSw392_Ba7z41Tsh-gNO3CqRWg0o type=m.room.join_rules isMsg=false rel=null powerLevel=100 sender=@testuser1:test.matrix.local
Linux Desktop Tests (5)	UNKNOWN STEP	2026-02-25T19:53:15.5303171Z [FeedFilter] REJECTED event=$_G3waXTcZfpKqbQm4-3gmaNnryHV8IfZgFgywrMhsRQ type=m.room.power_levels isMsg=false rel=null powerLevel=100 sender=@testuser1:test.matrix.local
Linux Desktop Tests (5)	UNKNOWN STEP	2026-02-25T19:53:15.5304853Z [FeedFilter] REJECTED event=$mKfnMTIpQJ1LchgAhWL999hf4HlvXYCiBb4aaDo3e8s type=m.room.member isMsg=false rel=null powerLevel=100 sender=@testuser1:test.matrix.local
Linux Desktop Tests (5)	UNKNOWN STEP	2026-02-25T19:53:15.5306003Z [FeedFilter] REJECTED event=$bFYPq3IE4wR9EyQyCGWXoXnyzdr7ByqmBB3u2hHWe68 type=m.room.create isMsg=false rel=null powerLevel=100 sender=@testuser1:test.matrix.local
Linux Desktop Tests (5)	UNKNOWN STEP	2026-02-25T19:53:15.5306884Z cannot request more history... events.isEmpty? false, room.prev_batch: t1-81_7_0_1_3_1_1_18_0_1_2_1
Linux Desktop Tests (5)	UNKNOWN STEP	2026-02-25T19:53:15.5307321Z finished...
Linux Desktop Tests (5)	UNKNOWN STEP	2026-02-25T19:53:15.7476707Z ⚠ find.byIcon(Icons.add) not found (MUST have a discovery/add rooms button (+ icon)) - skipping
Linux Desktop Tests (5)	UNKNOWN STEP	2026-02-25T19:53:15.8240753Z 00:21 +1: Room Discovery, Join & Leave with Real Matrix Server STRICT: Join room (test_invite_only) that user is not a member of
Linux Desktop Tests (5)	UNKNOWN STEP	2026-02-25T19:53:15.8896958Z *** sqflite warning ***
Linux Desktop Tests (5)	UNKNOWN STEP	2026-02-25T19:53:15.8897657Z 
Linux Desktop Tests (5)	UNKNOWN STEP	2026-02-25T19:53:15.8898162Z You are changing sqflite default factory.
Linux Desktop Tests (5)	UNKNOWN STEP	2026-02-25T19:53:15.8899207Z Be aware of the potential side effects. Any library using sqflite
Linux Desktop Tests (5)	UNKNOWN STEP	2026-02-25T19:53:15.8900275Z will have this factory as the default for all operations.
Linux Desktop Tests (5)	UNKNOWN STEP	2026-02-25T19:53:15.8901212Z 
Linux Desktop Tests (5)	UNKNOWN STEP	2026-02-25T19:53:15.8901489Z *** sqflite warning ***
Linux Desktop Tests (5)	UNKNOWN STEP	2026-02-25T19:53:15.8901733Z 
Linux Desktop Tests (5)	UNKNOWN STEP	2026-02-25T19:53:15.9542581Z [90m[🌎 Easy Localization] [DEBUG] Localization initialized[0m
Linux Desktop Tests (5)	UNKNOWN STEP	2026-02-25T19:53:15.9544563Z [Matrix] [32mInitialize client Substitution[0m
Linux Desktop Tests (5)	UNKNOWN STEP	2026-02-25T19:53:15.9557455Z [Matrix] [32mUser is not logged in.[0m
Linux Desktop Tests (5)	UNKNOWN STEP	2026-02-25T19:53:15.9558589Z [90m[🌎 Easy Localization] [DEBUG] Start[0m
Linux Desktop Tests (5)	UNKNOWN STEP	2026-02-25T19:53:16.4002172Z 00:22 +1: Room Discovery, Join & Leave with Real Matrix Server STRICT: Can discover unjoinable room (test_invite_only)
Linux Desktop Tests (5)	UNKNOWN STEP	2026-02-25T19:53:16.4010368Z [90m[🌎 Easy Localization] [DEBUG] Init state[0m
Linux Desktop Tests (5)	UNKNOWN STEP	2026-02-25T19:53:16.4011375Z [90m[🌎 Easy Localization] [DEBUG] Build[0m
Linux Desktop Tests (5)	UNKNOWN STEP	2026-02-25T19:53:16.4012137Z [90m[🌎 Easy Localization] [DEBUG] Init Localization Delegate[0m
Linux Desktop Tests (5)	UNKNOWN STEP	2026-02-25T19:53:16.4012905Z [90m[🌎 Easy Localization] [DEBUG] Init provider[0m
Linux Desktop Tests (5)	UNKNOWN STEP	2026-02-25T19:53:16.4083186Z [90m[🌎 Easy Localization] [DEBUG] Load Localization Delegate[0m
Linux Desktop Tests (5)	UNKNOWN STEP	2026-02-25T19:53:16.4086027Z [90m[🌎 Easy Localization] [DEBUG] Load asset from assets/translations[0m
Linux Desktop Tests (5)	UNKNOWN STEP	2026-02-25T19:53:16.9164775Z [90m[🌎 Easy Localization] [DEBUG] Build[0m
Linux Desktop Tests (5)	UNKNOWN STEP	2026-02-25T19:53:16.9165598Z [90m[🌎 Easy Localization] [DEBUG] Init Localization Delegate[0m
Linux Desktop Tests (5)	UNKNOWN STEP	2026-02-25T19:53:16.9172733Z [90m[🌎 Easy Localization] [DEBUG] Init provider[0m
Linux Desktop Tests (5)	UNKNOWN STEP	2026-02-25T19:53:18.0150331Z 00:23 +1: Room Discovery, Join & Leave with Real Matrix Server STRICT: Join room (test_invite_only) that user is not a member of
Linux Desktop Tests (5)	UNKNOWN STEP	2026-02-25T19:53:18.0151378Z Waiting for globalMatrixClient to be initialized...
Linux Desktop Tests (5)	UNKNOWN STEP	2026-02-25T19:53:18.0151782Z globalMatrixClient initialized!
Linux Desktop Tests (5)	UNKNOWN STEP	2026-02-25T19:53:34.0489247Z 00:39 +1: Room Discovery, Join & Leave with Real Matrix Server STRICT: Can discover unjoinable room (test_invite_only)
Linux Desktop Tests (5)	UNKNOWN STEP	2026-02-25T19:53:34.0490764Z [Matrix] [33mCurrent sync request ID has changed. Dropping this sync loop![0m
Linux Desktop Tests (5)	UNKNOWN STEP	2026-02-25T19:53:34.0504589Z 00:39 +1: Room Discovery, Join & Leave with Real Matrix Server STRICT: Join room (test_invite_only) that user is not a member of
Linux Desktop Tests (5)	UNKNOWN STEP	2026-02-25T19:53:34.0506005Z [Matrix] [32mInitialize client Substitution[0m
Linux Desktop Tests (5)	UNKNOWN STEP	2026-02-25T19:53:34.0683056Z [Matrix] [32mSuccessfully connected as testuser1 with http://localhost:8008[0m
Linux Desktop Tests (5)	UNKNOWN STEP	2026-02-25T19:53:35.4821243Z 00:41 +1: Room Discovery, Join & Leave with Real Matrix Server STRICT: Can discover unjoinable room (test_invite_only)
Linux Desktop Tests (5)	UNKNOWN STEP	2026-02-25T19:53:35.4822603Z checking room test_avatar id: !ELCgFzHKDdjjUbYHox:test.matrix.local
Linux Desktop Tests (5)	UNKNOWN STEP	2026-02-25T19:53:35.4829013Z checking room test_general id: !SPrkcPfoULhPphiBRQ:test.matrix.local
Linux Desktop Tests (5)	UNKNOWN STEP	2026-02-25T19:53:35.4829912Z checking room Merging Room A id: !zHFPfvnPivQXaZddaW:test.matrix.local
Linux Desktop Tests (5)	UNKNOWN STEP	2026-02-25T19:53:35.4831345Z --- adding room Merging Room A id: !zHFPfvnPivQXaZddaW:test.matrix.local
Linux Desktop Tests (5)	UNKNOWN STEP	2026-02-25T19:53:35.4832243Z checking room Merging Room B id: !VkRfzzkbHepGnPUixt:test.matrix.local
Linux Desktop Tests (5)	UNKNOWN STEP	2026-02-25T19:53:35.4832956Z --- adding room Merging Room B id: !VkRfzzkbHepGnPUixt:test.matrix.local
Linux Desktop Tests (5)	UNKNOWN STEP	2026-02-25T19:53:35.4833438Z checking room test_invite_only id: !CPQodMdjaQgfnjMsjU:test.matrix.local
Linux Desktop Tests (5)	UNKNOWN STEP	2026-02-25T19:53:35.4833909Z checking room test_photos id: !AdStvfOQpzePabyIzG:test.matrix.local
Linux Desktop Tests (5)	UNKNOWN STEP	2026-02-25T19:53:35.4834438Z checking room test_art id: !VQqPNKGjvXELDjPccF:test.matrix.local
Linux Desktop Tests (5)	UNKNOWN STEP	2026-02-25T19:53:35.4974472Z start quering new events...
Linux Desktop Tests (5)	UNKNOWN STEP	2026-02-25T19:53:35.4975467Z [Matrix] [32mNo more events found in the store. Request from server...[0m
Linux Desktop Tests (5)	UNKNOWN STEP	2026-02-25T19:53:35.5245375Z [FeedFilter] REJECTED event=$3r0VrMwEpTjCTF1zxbftAOynj2CA7z6WQjZRmqrbLTo type=m.room.name isMsg=false rel=null powerLevel=100 sender=@testuser1:test.matrix.local
Linux Desktop Tests (5)	UNKNOWN STEP	2026-02-25T19:53:35.5248760Z [FeedFilter] REJECTED event=$KI4LkYsAL4KrZsAWx0xONX5vceodZG22zWKAsdKztPw type=m.room.history_visibility isMsg=false rel=null powerLevel=100 sender=@testuser1:test.matrix.local
Linux Desktop Tests (5)	UNKNOWN STEP	2026-02-25T19:53:35.5251642Z [FeedFilter] REJECTED event=$xv9favQizuNC1n-ju7kwSr-mk1ri4vMcA3D70aZPV6k type=m.room.join_rules isMsg=false rel=null powerLevel=100 sender=@testuser1:test.matrix.local
Linux Desktop Tests (5)	UNKNOWN STEP	2026-02-25T19:53:35.5254408Z [FeedFilter] REJECTED event=$2hGESw1JiXZ4kA_l8xFzLXrLyPFLR4jwST4efNSMBSE type=m.room.power_levels isMsg=false rel=null powerLevel=100 sender=@testuser1:test.matrix.local
Linux Desktop Tests (5)	UNKNOWN STEP	2026-02-25T19:53:35.5256576Z [FeedFilter] REJECTED event=$SYkZGO6EoFFXyENzUVZZXKzC4L16cxU_ZxwkdWy3rlg type=m.room.member isMsg=false rel=null powerLevel=100 sender=@testuser1:test.matrix.local
Linux Desktop Tests (5)	UNKNOWN STEP	2026-02-25T19:53:35.5259753Z [FeedFilter] REJECTED event=$Oq3kp5QJsOMisImvDm8ZVq8UgSNUe6ChoIvLXhzmPD8 type=m.room.create isMsg=false rel=null powerLevel=100 sender=@testuser1:test.matrix.local
Linux Desktop Tests (5)	UNKNOWN STEP	2026-02-25T19:53:35.5262107Z cannot request more history... events.isEmpty? false, room.prev_batch: t1-75_7_0_1_3_1_1_19_0_1_2_1
Linux Desktop Tests (5)	UNKNOWN STEP	2026-02-25T19:53:35.5263549Z [Matrix] [32mNo more events found in the store. Request from server...[0m
Linux Desktop Tests (5)	UNKNOWN STEP	2026-02-25T19:53:35.5533133Z [FeedFilter] REJECTED event=$Vls1kH449PNJGtrKXDKJCDmWLND-Vx2EZ9PytOdL7qI type=m.room.name isMsg=false rel=null powerLevel=100 sender=@testuser1:test.matrix.local
Linux Desktop Tests (5)	UNKNOWN STEP	2026-02-25T19:53:35.5537597Z [FeedFilter] REJECTED event=$y1XTQ8nRZU6J9a9Np31cwal-Ng8e3lCIVTLDQPU9UWw type=m.room.history_visibility isMsg=false rel=null powerLevel=100 sender=@testuser1:test.matrix.local
Linux Desktop Tests (5)	UNKNOWN STEP	2026-02-25T19:53:35.5539712Z [FeedFilter] REJECTED event=$sM5effCVDo7ReoXlSw392_Ba7z41Tsh-gNO3CqRWg0o type=m.room.join_rules isMsg=false rel=null powerLevel=100 sender=@testuser1:test.matrix.local
Linux Desktop Tests (5)	UNKNOWN STEP	2026-02-25T19:53:35.5541950Z [FeedFilter] REJECTED event=$_G3waXTcZfpKqbQm4-3gmaNnryHV8IfZgFgywrMhsRQ type=m.room.power_levels isMsg=false rel=null powerLevel=100 sender=@testuser1:test.matrix.local
Linux Desktop Tests (5)	UNKNOWN STEP	2026-02-25T19:53:35.5544062Z [FeedFilter] REJECTED event=$mKfnMTIpQJ1LchgAhWL999hf4HlvXYCiBb4aaDo3e8s type=m.room.member isMsg=false rel=null powerLevel=100 sender=@testuser1:test.matrix.local
Linux Desktop Tests (5)	UNKNOWN STEP	2026-02-25T19:53:35.5546092Z [FeedFilter] REJECTED event=$bFYPq3IE4wR9EyQyCGWXoXnyzdr7ByqmBB3u2hHWe68 type=m.room.create isMsg=false rel=null powerLevel=100 sender=@testuser1:test.matrix.local
Linux Desktop Tests (5)	UNKNOWN STEP	2026-02-25T19:53:35.5547643Z cannot request more history... events.isEmpty? false, room.prev_batch: t1-81_7_0_1_3_1_1_19_0_1_2_1
Linux Desktop Tests (5)	UNKNOWN STEP	2026-02-25T19:53:35.5548406Z finished...
Linux Desktop Tests (5)	UNKNOWN STEP	2026-02-25T19:53:35.8565490Z 00:41 +1: Room Discovery, Join & Leave with Real Matrix Server STRICT: Join room (test_invite_only) that user is not a member of
Linux Desktop Tests (5)	UNKNOWN STEP	2026-02-25T19:53:35.8566989Z ⚠ find.byIcon(Icons.add) not found (MUST have add room button) - skipping
Linux Desktop Tests (5)	UNKNOWN STEP	2026-02-25T19:53:35.8984752Z 00:41 +2: Room Discovery, Join & Leave with Real Matrix Server STRICT: Leave room (US-2.3)
Linux Desktop Tests (5)	UNKNOWN STEP	2026-02-25T19:53:35.9607481Z *** sqflite warning ***
Linux Desktop Tests (5)	UNKNOWN STEP	2026-02-25T19:53:35.9607800Z 
Linux Desktop Tests (5)	UNKNOWN STEP	2026-02-25T19:53:35.9607975Z You are changing sqflite default factory.
Linux Desktop Tests (5)	UNKNOWN STEP	2026-02-25T19:53:35.9608640Z Be aware of the potential side effects. Any library using sqflite
Linux Desktop Tests (5)	UNKNOWN STEP	2026-02-25T19:53:35.9609320Z will have this factory as the default for all operations.
Linux Desktop Tests (5)	UNKNOWN STEP	2026-02-25T19:53:35.9609717Z 
Linux Desktop Tests (5)	UNKNOWN STEP	2026-02-25T19:53:35.9609855Z *** sqflite warning ***
Linux Desktop Tests (5)	UNKNOWN STEP	2026-02-25T19:53:35.9610078Z 
Linux Desktop Tests (5)	UNKNOWN STEP	2026-02-25T19:53:36.0157852Z [90m[🌎 Easy Localization] [DEBUG] Localization initialized[0m
Linux Desktop Tests (5)	UNKNOWN STEP	2026-02-25T19:53:36.0158554Z [Matrix] [32mInitialize client Substitution[0m
Linux Desktop Tests (5)	UNKNOWN STEP	2026-02-25T19:53:36.0174396Z [Matrix] [32mUser is not logged in.[0m
Linux Desktop Tests (5)	UNKNOWN STEP	2026-02-25T19:53:36.0176131Z [90m[🌎 Easy Localization] [DEBUG] Start[0m
Linux Desktop Tests (5)	UNKNOWN STEP	2026-02-25T19:53:36.4675446Z 00:42 +2: Room Discovery, Join & Leave with Real Matrix Server STRICT: Can discover unjoinable room (test_invite_only)
Linux Desktop Tests (5)	UNKNOWN STEP	2026-02-25T19:53:36.4677182Z [90m[🌎 Easy Localization] [DEBUG] Init state[0m
Linux Desktop Tests (5)	UNKNOWN STEP	2026-02-25T19:53:36.4678237Z [90m[🌎 Easy Localization] [DEBUG] Build[0m
Linux Desktop Tests (5)	UNKNOWN STEP	2026-02-25T19:53:36.4680168Z [90m[🌎 Easy Localization] [DEBUG] Init Localization Delegate[0m
Linux Desktop Tests (5)	UNKNOWN STEP	2026-02-25T19:53:36.4681090Z [90m[🌎 Easy Localization] [DEBUG] Init provider[0m
Linux Desktop Tests (5)	UNKNOWN STEP	2026-02-25T19:53:36.4737650Z [90m[🌎 Easy Localization] [DEBUG] Load Localization Delegate[0m
Linux Desktop Tests (5)	UNKNOWN STEP	2026-02-25T19:53:36.4739362Z [90m[🌎 Easy Localization] [DEBUG] Load asset from assets/translations[0m
Linux Desktop Tests (5)	UNKNOWN STEP	2026-02-25T19:53:36.9827676Z [90m[🌎 Easy Localization] [DEBUG] Build[0m
Linux Desktop Tests (5)	UNKNOWN STEP	2026-02-25T19:53:36.9828982Z [90m[🌎 Easy Localization] [DEBUG] Init Localization Delegate[0m
Linux Desktop Tests (5)	UNKNOWN STEP	2026-02-25T19:53:36.9830321Z [90m[🌎 Easy Localization] [DEBUG] Init provider[0m
Linux Desktop Tests (5)	UNKNOWN STEP	2026-02-25T19:53:38.0545986Z 00:43 +2: Room Discovery, Join & Leave with Real Matrix Server STRICT: Leave room (US-2.3)
Linux Desktop Tests (5)	UNKNOWN STEP	2026-02-25T19:53:38.0546827Z Waiting for globalMatrixClient to be initialized...
Linux Desktop Tests (5)	UNKNOWN STEP	2026-02-25T19:53:38.0547350Z globalMatrixClient initialized!
Linux Desktop Tests (5)	UNKNOWN STEP	2026-02-25T19:53:54.0509368Z [Matrix] [32mInitialize client Substitution[0m
Linux Desktop Tests (5)	UNKNOWN STEP	2026-02-25T19:53:54.0555529Z 00:59 +2: Room Discovery, Join & Leave with Real Matrix Server STRICT: Join room (test_invite_only) that user is not a member of
Linux Desktop Tests (5)	UNKNOWN STEP	2026-02-25T19:53:54.0557035Z [Matrix] [33mCurrent sync request ID has changed. Dropping this sync loop![0m
Linux Desktop Tests (5)	UNKNOWN STEP	2026-02-25T19:53:54.0691925Z 00:59 +2: Room Discovery, Join & Leave with Real Matrix Server STRICT: Leave room (US-2.3)
Linux Desktop Tests (5)	UNKNOWN STEP	2026-02-25T19:53:54.0693214Z [Matrix] [32mSuccessfully connected as testuser1 with http://localhost:8008[0m
Linux Desktop Tests (5)	UNKNOWN STEP	2026-02-25T19:53:55.4848511Z 01:01 +2: Room Discovery, Join & Leave with Real Matrix Server STRICT: Can discover unjoinable room (test_invite_only)
Linux Desktop Tests (5)	UNKNOWN STEP	2026-02-25T19:53:55.4850804Z checking room test_avatar id: !ELCgFzHKDdjjUbYHox:test.matrix.local
Linux Desktop Tests (5)	UNKNOWN STEP	2026-02-25T19:53:55.4853187Z checking room test_general id: !SPrkcPfoULhPphiBRQ:test.matrix.local
Linux Desktop Tests (5)	UNKNOWN STEP	2026-02-25T19:53:55.4854041Z checking room Merging Room A id: !zHFPfvnPivQXaZddaW:test.matrix.local
Linux Desktop Tests (5)	UNKNOWN STEP	2026-02-25T19:53:55.4855681Z --- adding room Merging Room A id: !zHFPfvnPivQXaZddaW:test.matrix.local
Linux Desktop Tests (5)	UNKNOWN STEP	2026-02-25T19:53:55.4856836Z checking room Merging Room B id: !VkRfzzkbHepGnPUixt:test.matrix.local
Linux Desktop Tests (5)	UNKNOWN STEP	2026-02-25T19:53:55.4857329Z --- adding room Merging Room B id: !VkRfzzkbHepGnPUixt:test.matrix.local
Linux Desktop Tests (5)	UNKNOWN STEP	2026-02-25T19:53:55.4857821Z checking room test_invite_only id: !CPQodMdjaQgfnjMsjU:test.matrix.local
Linux Desktop Tests (5)	UNKNOWN STEP	2026-02-25T19:53:55.4858283Z checking room test_photos id: !AdStvfOQpzePabyIzG:test.matrix.local
Linux Desktop Tests (5)	UNKNOWN STEP	2026-02-25T19:53:55.4858715Z checking room test_art id: !VQqPNKGjvXELDjPccF:test.matrix.local
Linux Desktop Tests (5)	UNKNOWN STEP	2026-02-25T19:53:55.5053905Z start quering new events...
Linux Desktop Tests (5)	UNKNOWN STEP	2026-02-25T19:53:55.5055215Z [Matrix] [32mNo more events found in the store. Request from server...[0m
Linux Desktop Tests (5)	UNKNOWN STEP	2026-02-25T19:53:55.5423239Z [FeedFilter] REJECTED event=$3r0VrMwEpTjCTF1zxbftAOynj2CA7z6WQjZRmqrbLTo type=m.room.name isMsg=false rel=null powerLevel=100 sender=@testuser1:test.matrix.local
Linux Desktop Tests (5)	UNKNOWN STEP	2026-02-25T19:53:55.5429849Z [FeedFilter] REJECTED event=$KI4LkYsAL4KrZsAWx0xONX5vceodZG22zWKAsdKztPw type=m.room.history_visibility isMsg=false rel=null powerLevel=100 sender=@testuser1:test.matrix.local
Linux Desktop Tests (5)	UNKNOWN STEP	2026-02-25T19:53:55.5432360Z [FeedFilter] REJECTED event=$xv9favQizuNC1n-ju7kwSr-mk1ri4vMcA3D70aZPV6k type=m.room.join_rules isMsg=false rel=null powerLevel=100 sender=@testuser1:test.matrix.local
Linux Desktop Tests (5)	UNKNOWN STEP	2026-02-25T19:53:55.5434504Z [FeedFilter] REJECTED event=$2hGESw1JiXZ4kA_l8xFzLXrLyPFLR4jwST4efNSMBSE type=m.room.power_levels isMsg=false rel=null powerLevel=100 sender=@testuser1:test.matrix.local
Linux Desktop Tests (5)	UNKNOWN STEP	2026-02-25T19:53:55.5436553Z [FeedFilter] REJECTED event=$SYkZGO6EoFFXyENzUVZZXKzC4L16cxU_ZxwkdWy3rlg type=m.room.member isMsg=false rel=null powerLevel=100 sender=@testuser1:test.matrix.local
Linux Desktop Tests (5)	UNKNOWN STEP	2026-02-25T19:53:55.5438574Z [FeedFilter] REJECTED event=$Oq3kp5QJsOMisImvDm8ZVq8UgSNUe6ChoIvLXhzmPD8 type=m.room.create isMsg=false rel=null powerLevel=100 sender=@testuser1:test.matrix.local
Linux Desktop Tests (5)	UNKNOWN STEP	2026-02-25T19:53:55.5440149Z cannot request more history... events.isEmpty? false, room.prev_batch: t1-75_8_0_1_3_1_1_20_0_1_2_1
Linux Desktop Tests (5)	UNKNOWN STEP	2026-02-25T19:53:55.5441911Z [Matrix] [32mNo more events found in the store. Request from server...[0m
Linux Desktop Tests (5)	UNKNOWN STEP	2026-02-25T19:53:55.5699701Z [FeedFilter] REJECTED event=$Vls1kH449PNJGtrKXDKJCDmWLND-Vx2EZ9PytOdL7qI type=m.room.name isMsg=false rel=null powerLevel=100 sender=@testuser1:test.matrix.local
Linux Desktop Tests (5)	UNKNOWN STEP	2026-02-25T19:53:55.5702124Z [FeedFilter] REJECTED event=$y1XTQ8nRZU6J9a9Np31cwal-Ng8e3lCIVTLDQPU9UWw type=m.room.history_visibility isMsg=false rel=null powerLevel=100 sender=@testuser1:test.matrix.local
Linux Desktop Tests (5)	UNKNOWN STEP	2026-02-25T19:53:55.5704953Z [FeedFilter] REJECTED event=$sM5effCVDo7ReoXlSw392_Ba7z41Tsh-gNO3CqRWg0o type=m.room.join_rules isMsg=false rel=null powerLevel=100 sender=@testuser1:test.matrix.local
Linux Desktop Tests (5)	UNKNOWN STEP	2026-02-25T19:53:55.5707035Z [FeedFilter] REJECTED event=$_G3waXTcZfpKqbQm4-3gmaNnryHV8IfZgFgywrMhsRQ type=m.room.power_levels isMsg=false rel=null powerLevel=100 sender=@testuser1:test.matrix.local
Linux Desktop Tests (5)	UNKNOWN STEP	2026-02-25T19:53:55.5709102Z [FeedFilter] REJECTED event=$mKfnMTIpQJ1LchgAhWL999hf4HlvXYCiBb4aaDo3e8s type=m.room.member isMsg=false rel=null powerLevel=100 sender=@testuser1:test.matrix.local
Linux Desktop Tests (5)	UNKNOWN STEP	2026-02-25T19:53:55.5711441Z [FeedFilter] REJECTED event=$bFYPq3IE4wR9EyQyCGWXoXnyzdr7ByqmBB3u2hHWe68 type=m.room.create isMsg=false rel=null powerLevel=100 sender=@testuser1:test.matrix.local
Linux Desktop Tests (5)	UNKNOWN STEP	2026-02-25T19:53:55.5712367Z cannot request more history... events.isEmpty? false, room.prev_batch: t1-81_8_0_1_3_1_1_20_0_1_2_1
Linux Desktop Tests (5)	UNKNOWN STEP	2026-02-25T19:53:55.5712811Z finished...
Linux Desktop Tests (5)	UNKNOWN STEP	2026-02-25T19:54:00.0050074Z 01:05 +2: Room Discovery, Join & Leave with Real Matrix Server STRICT: Leave room (US-2.3)
Linux Desktop Tests (5)	UNKNOWN STEP	2026-02-25T19:54:00.0051772Z ⚠ find.byIcon(Icons.more_vert) not found (MUST have room menu (3-dot icon)) - skipping
Linux Desktop Tests (5)	UNKNOWN STEP	2026-02-25T19:54:00.0583446Z 01:05 +3: Room Discovery, Join & Leave with Real Matrix Server STRICT: All 3 joined rooms are visible in room list
Linux Desktop Tests (5)	UNKNOWN STEP	2026-02-25T19:54:00.1261578Z *** sqflite warning ***
Linux Desktop Tests (5)	UNKNOWN STEP	2026-02-25T19:54:00.1261884Z 
Linux Desktop Tests (5)	UNKNOWN STEP	2026-02-25T19:54:00.1262055Z You are changing sqflite default factory.
Linux Desktop Tests (5)	UNKNOWN STEP	2026-02-25T19:54:00.1262661Z Be aware of the potential side effects. Any library using sqflite
Linux Desktop Tests (5)	UNKNOWN STEP	2026-02-25T19:54:00.1263383Z will have this factory as the default for all operations.
Linux Desktop Tests (5)	UNKNOWN STEP	2026-02-25T19:54:00.1263758Z 
Linux Desktop Tests (5)	UNKNOWN STEP	2026-02-25T19:54:00.1263890Z *** sqflite warning ***
Linux Desktop Tests (5)	UNKNOWN STEP	2026-02-25T19:54:00.1264110Z 
Linux Desktop Tests (5)	UNKNOWN STEP	2026-02-25T19:54:00.1831399Z [90m[🌎 Easy Localization] [DEBUG] Localization initialized[0m
Linux Desktop Tests (5)	UNKNOWN STEP	2026-02-25T19:54:00.1831916Z [Matrix] [32mInitialize client Substitution[0m
Linux Desktop Tests (5)	UNKNOWN STEP	2026-02-25T19:54:00.1844956Z [Matrix] [32mUser is not logged in.[0m
Linux Desktop Tests (5)	UNKNOWN STEP	2026-02-25T19:54:00.1846631Z [90m[🌎 Easy Localization] [DEBUG] Start[0m
Linux Desktop Tests (5)	UNKNOWN STEP	2026-02-25T19:54:00.6337938Z 01:06 +3: Room Discovery, Join & Leave with Real Matrix Server STRICT: Can discover unjoinable room (test_invite_only)
Linux Desktop Tests (5)	UNKNOWN STEP	2026-02-25T19:54:00.6339372Z [90m[🌎 Easy Localization] [DEBUG] Init state[0m
Linux Desktop Tests (5)	UNKNOWN STEP	2026-02-25T19:54:00.6340023Z [90m[🌎 Easy Localization] [DEBUG] Build[0m
Linux Desktop Tests (5)	UNKNOWN STEP	2026-02-25T19:54:00.6340821Z [90m[🌎 Easy Localization] [DEBUG] Init Localization Delegate[0m
Linux Desktop Tests (5)	UNKNOWN STEP	2026-02-25T19:54:00.6341835Z [90m[🌎 Easy Localization] [DEBUG] Init provider[0m
Linux Desktop Tests (5)	UNKNOWN STEP	2026-02-25T19:54:00.6398978Z [90m[🌎 Easy Localization] [DEBUG] Load Localization Delegate[0m
Linux Desktop Tests (5)	UNKNOWN STEP	2026-02-25T19:54:00.6400684Z [90m[🌎 Easy Localization] [DEBUG] Load asset from assets/translations[0m
Linux Desktop Tests (5)	UNKNOWN STEP	2026-02-25T19:54:01.1495158Z [90m[🌎 Easy Localization] [DEBUG] Build[0m
Linux Desktop Tests (5)	UNKNOWN STEP	2026-02-25T19:54:01.1496257Z [90m[🌎 Easy Localization] [DEBUG] Init Localization Delegate[0m
Linux Desktop Tests (5)	UNKNOWN STEP	2026-02-25T19:54:01.1497139Z [90m[🌎 Easy Localization] [DEBUG] Init provider[0m
Linux Desktop Tests (5)	UNKNOWN STEP	2026-02-25T19:54:02.2373255Z 01:08 +3: Room Discovery, Join & Leave with Real Matrix Server STRICT: All 3 joined rooms are visible in room list
Linux Desktop Tests (5)	UNKNOWN STEP	2026-02-25T19:54:02.2374245Z Waiting for globalMatrixClient to be initialized...
Linux Desktop Tests (5)	UNKNOWN STEP	2026-02-25T19:54:02.2374780Z globalMatrixClient initialized!
Linux Desktop Tests (5)	UNKNOWN STEP	2026-02-25T19:54:18.2341676Z 01:24 +3: Room Discovery, Join & Leave with Real Matrix Server STRICT: Leave room (US-2.3)
Linux Desktop Tests (5)	UNKNOWN STEP	2026-02-25T19:54:18.2344558Z [Matrix] [33mCurrent sync request ID has changed. Dropping this sync loop![0m
Linux Desktop Tests (5)	UNKNOWN STEP	2026-02-25T19:54:18.2359892Z 01:24 +3: Room Discovery, Join & Leave with Real Matrix Server STRICT: All 3 joined rooms are visible in room list
Linux Desktop Tests (5)	UNKNOWN STEP	2026-02-25T19:54:18.2361772Z [Matrix] [32mInitialize client Substitution[0m
Linux Desktop Tests (5)	UNKNOWN STEP	2026-02-25T19:54:18.2527315Z [Matrix] [32mSuccessfully connected as testuser1 with http://localhost:8008[0m
Linux Desktop Tests (5)	UNKNOWN STEP	2026-02-25T19:54:19.6664856Z 01:25 +3: Room Discovery, Join & Leave with Real Matrix Server STRICT: Can discover unjoinable room (test_invite_only)
Linux Desktop Tests (5)	UNKNOWN STEP	2026-02-25T19:54:19.6666907Z checking room test_avatar id: !ELCgFzHKDdjjUbYHox:test.matrix.local
Linux Desktop Tests (5)	UNKNOWN STEP	2026-02-25T19:54:19.6667776Z checking room test_general id: !SPrkcPfoULhPphiBRQ:test.matrix.local
Linux Desktop Tests (5)	UNKNOWN STEP	2026-02-25T19:54:19.6668626Z checking room Merging Room A id: !zHFPfvnPivQXaZddaW:test.matrix.local
Linux Desktop Tests (5)	UNKNOWN STEP	2026-02-25T19:54:19.6669497Z --- adding room Merging Room A id: !zHFPfvnPivQXaZddaW:test.matrix.local
Linux Desktop Tests (5)	UNKNOWN STEP	2026-02-25T19:54:19.6670374Z checking room Merging Room B id: !VkRfzzkbHepGnPUixt:test.matrix.local
Linux Desktop Tests (5)	UNKNOWN STEP	2026-02-25T19:54:19.6671447Z --- adding room Merging Room B id: !VkRfzzkbHepGnPUixt:test.matrix.local
Linux Desktop Tests (5)	UNKNOWN STEP	2026-02-25T19:54:19.6671998Z checking room test_invite_only id: !CPQodMdjaQgfnjMsjU:test.matrix.local
Linux Desktop Tests (5)	UNKNOWN STEP	2026-02-25T19:54:19.6673242Z checking room test_photos id: !AdStvfOQpzePabyIzG:test.matrix.local
Linux Desktop Tests (5)	UNKNOWN STEP	2026-02-25T19:54:19.6673983Z checking room test_art id: !VQqPNKGjvXELDjPccF:test.matrix.local
Linux Desktop Tests (5)	UNKNOWN STEP	2026-02-25T19:54:19.6805990Z start quering new events...
Linux Desktop Tests (5)	UNKNOWN STEP	2026-02-25T19:54:19.6808482Z [Matrix] [32mNo more events found in the store. Request from server...[0m
Linux Desktop Tests (5)	UNKNOWN STEP	2026-02-25T19:54:19.7080737Z [FeedFilter] REJECTED event=$3r0VrMwEpTjCTF1zxbftAOynj2CA7z6WQjZRmqrbLTo type=m.room.name isMsg=false rel=null powerLevel=100 sender=@testuser1:test.matrix.local
Linux Desktop Tests (5)	UNKNOWN STEP	2026-02-25T19:54:19.7084768Z [FeedFilter] REJECTED event=$KI4LkYsAL4KrZsAWx0xONX5vceodZG22zWKAsdKztPw type=m.room.history_visibility isMsg=false rel=null powerLevel=100 sender=@testuser1:test.matrix.local
Linux Desktop Tests (5)	UNKNOWN STEP	2026-02-25T19:54:19.7087430Z [FeedFilter] REJECTED event=$xv9favQizuNC1n-ju7kwSr-mk1ri4vMcA3D70aZPV6k type=m.room.join_rules isMsg=false rel=null powerLevel=100 sender=@testuser1:test.matrix.local
Linux Desktop Tests (5)	UNKNOWN STEP	2026-02-25T19:54:19.7088946Z [FeedFilter] REJECTED event=$2hGESw1JiXZ4kA_l8xFzLXrLyPFLR4jwST4efNSMBSE type=m.room.power_levels isMsg=false rel=null powerLevel=100 sender=@testuser1:test.matrix.local
Linux Desktop Tests (5)	UNKNOWN STEP	2026-02-25T19:54:19.7090102Z [FeedFilter] REJECTED event=$SYkZGO6EoFFXyENzUVZZXKzC4L16cxU_ZxwkdWy3rlg type=m.room.member isMsg=false rel=null powerLevel=100 sender=@testuser1:test.matrix.local
Linux Desktop Tests (5)	UNKNOWN STEP	2026-02-25T19:54:19.7091490Z [FeedFilter] REJECTED event=$Oq3kp5QJsOMisImvDm8ZVq8UgSNUe6ChoIvLXhzmPD8 type=m.room.create isMsg=false rel=null powerLevel=100 sender=@testuser1:test.matrix.local
Linux Desktop Tests (5)	UNKNOWN STEP	2026-02-25T19:54:19.7092386Z cannot request more history... events.isEmpty? false, room.prev_batch: t1-75_8_0_1_3_1_1_21_0_1_2_1
Linux Desktop Tests (5)	UNKNOWN STEP	2026-02-25T19:54:19.7093199Z [Matrix] [32mNo more events found in the store. Request from server...[0m
Linux Desktop Tests (5)	UNKNOWN STEP	2026-02-25T19:54:19.7338371Z [FeedFilter] REJECTED event=$Vls1kH449PNJGtrKXDKJCDmWLND-Vx2EZ9PytOdL7qI type=m.room.name isMsg=false rel=null powerLevel=100 sender=@testuser1:test.matrix.local
Linux Desktop Tests (5)	UNKNOWN STEP	2026-02-25T19:54:19.7341061Z [FeedFilter] REJECTED event=$y1XTQ8nRZU6J9a9Np31cwal-Ng8e3lCIVTLDQPU9UWw type=m.room.history_visibility isMsg=false rel=null powerLevel=100 sender=@testuser1:test.matrix.local
Linux Desktop Tests (5)	UNKNOWN STEP	2026-02-25T19:54:19.7343274Z [FeedFilter] REJECTED event=$sM5effCVDo7ReoXlSw392_Ba7z41Tsh-gNO3CqRWg0o type=m.room.join_rules isMsg=false rel=null powerLevel=100 sender=@testuser1:test.matrix.local
Linux Desktop Tests (5)	UNKNOWN STEP	2026-02-25T19:54:19.7344487Z [FeedFilter] REJECTED event=$_G3waXTcZfpKqbQm4-3gmaNnryHV8IfZgFgywrMhsRQ type=m.room.power_levels isMsg=false rel=null powerLevel=100 sender=@testuser1:test.matrix.local
Linux Desktop Tests (5)	UNKNOWN STEP	2026-02-25T19:54:19.7345649Z [FeedFilter] REJECTED event=$mKfnMTIpQJ1LchgAhWL999hf4HlvXYCiBb4aaDo3e8s type=m.room.member isMsg=false rel=null powerLevel=100 sender=@testuser1:test.matrix.local
Linux Desktop Tests (5)	UNKNOWN STEP	2026-02-25T19:54:19.7346786Z [FeedFilter] REJECTED event=$bFYPq3IE4wR9EyQyCGWXoXnyzdr7ByqmBB3u2hHWe68 type=m.room.create isMsg=false rel=null powerLevel=100 sender=@testuser1:test.matrix.local
Linux Desktop Tests (5)	UNKNOWN STEP	2026-02-25T19:54:19.7347666Z cannot request more history... events.isEmpty? false, room.prev_batch: t1-81_8_0_1_3_1_1_21_0_1_2_1
Linux Desktop Tests (5)	UNKNOWN STEP	2026-02-25T19:54:19.7348120Z finished...
Linux Desktop Tests (5)	UNKNOWN STEP	2026-02-25T19:54:20.0403613Z 01:25 +3: Room Discovery, Join & Leave with Real Matrix Server STRICT: All 3 joined rooms are visible in room list
Linux Desktop Tests (5)	UNKNOWN STEP	2026-02-25T19:54:20.0404580Z Waiting for Matrix initial sync to complete...
Linux Desktop Tests (5)	UNKNOWN STEP	2026-02-25T19:54:20.0405514Z ✓ Matrix sync complete (prevBatch: s90_8_0_1_3_1_1_21_0_1_2_1)
Linux Desktop Tests (5)	UNKNOWN STEP	2026-02-25T19:54:22.1031341Z Waiting for at least 3 joined rooms to be visible...
Linux Desktop Tests (5)	UNKNOWN STEP	2026-02-25T19:54:22.6216259Z ...still loading (CircularProgressIndicator visible)...
Linux Desktop Tests (5)	UNKNOWN STEP	2026-02-25T19:54:23.1361555Z ...still loading (CircularProgressIndicator visible)...
Linux Desktop Tests (5)	UNKNOWN STEP	2026-02-25T19:54:23.6536504Z ...still loading (CircularProgressIndicator visible)...
Linux Desktop Tests (5)	UNKNOWN STEP	2026-02-25T19:54:24.1702150Z ...still loading (CircularProgressIndicator visible)...
Linux Desktop Tests (5)	UNKNOWN STEP	2026-02-25T19:54:24.6862885Z ...still loading (CircularProgressIndicator visible)...
Linux Desktop Tests (5)	UNKNOWN STEP	2026-02-25T19:54:25.2034857Z ...still loading (CircularProgressIndicator visible)...
Linux Desktop Tests (5)	UNKNOWN STEP	2026-02-25T19:54:25.7200276Z ...still loading (CircularProgressIndicator visible)...
Linux Desktop Tests (5)	UNKNOWN STEP	2026-02-25T19:54:26.2354201Z ...still loading (CircularProgressIndicator visible)...
Linux Desktop Tests (5)	UNKNOWN STEP	2026-02-25T19:54:26.7532263Z ...still loading (CircularProgressIndicator visible)...
Linux Desktop Tests (5)	UNKNOWN STEP	2026-02-25T19:54:27.2706043Z ...still loading (CircularProgressIndicator visible)...
Linux Desktop Tests (5)	UNKNOWN STEP	2026-02-25T19:54:27.7868839Z ...still loading (CircularProgressIndicator visible)...
Linux Desktop Tests (5)	UNKNOWN STEP	2026-02-25T19:54:28.3031365Z ...still loading (CircularProgressIndicator visible)...
Linux Desktop Tests (5)	UNKNOWN STEP	2026-02-25T19:54:28.8201463Z ...still loading (CircularProgressIndicator visible)...
Linux Desktop Tests (5)	UNKNOWN STEP	2026-02-25T19:54:29.3364097Z ...still loading (CircularProgressIndicator visible)...
Linux Desktop Tests (5)	UNKNOWN STEP	2026-02-25T19:54:29.8544353Z ...still loading (CircularProgressIndicator visible)...
Linux Desktop Tests (5)	UNKNOWN STEP	2026-02-25T19:54:30.3710668Z ...still loading (CircularProgressIndicator visible)...
Linux Desktop Tests (5)	UNKNOWN STEP	2026-02-25T19:54:30.8871614Z ...still loading (CircularProgressIndicator visible)...
Linux Desktop Tests (5)	UNKNOWN STEP	2026-02-25T19:54:31.4049777Z ...still loading (CircularProgressIndicator visible)...
Linux Desktop Tests (5)	UNKNOWN STEP	2026-02-25T19:54:31.9197033Z ...still loading (CircularProgressIndicator visible)...
Linux Desktop Tests (5)	UNKNOWN STEP	2026-02-25T19:54:32.4361618Z ...still loading (CircularProgressIndicator visible)...
Linux Desktop Tests (5)	UNKNOWN STEP	2026-02-25T19:54:32.9554919Z ...still loading (CircularProgressIndicator visible)...
Linux Desktop Tests (5)	UNKNOWN STEP	2026-02-25T19:54:33.4708933Z ...still loading (CircularProgressIndicator visible)...
Linux Desktop Tests (5)	UNKNOWN STEP	2026-02-25T19:54:33.9871188Z ...still loading (CircularProgressIndicator visible)...
Linux Desktop Tests (5)	UNKNOWN STEP	2026-02-25T19:54:34.5034311Z ...still loading (CircularProgressIndicator visible)...
Linux Desktop Tests (5)	UNKNOWN STEP	2026-02-25T19:54:35.0202925Z ...still loading (CircularProgressIndicator visible)...
Linux Desktop Tests (5)	UNKNOWN STEP	2026-02-25T19:54:35.5380631Z ...still loading (CircularProgressIndicator visible)...
Linux Desktop Tests (5)	UNKNOWN STEP	2026-02-25T19:54:36.0543968Z ...still loading (CircularProgressIndicator visible)...
Linux Desktop Tests (5)	UNKNOWN STEP	2026-02-25T19:54:36.5714001Z ...still loading (CircularProgressIndicator visible)...
Linux Desktop Tests (5)	UNKNOWN STEP	2026-02-25T19:54:37.0860250Z ...still loading (CircularProgressIndicator visible)...
Linux Desktop Tests (5)	UNKNOWN STEP	2026-02-25T19:54:37.6031358Z ...still loading (CircularProgressIndicator visible)...
Linux Desktop Tests (5)	UNKNOWN STEP	2026-02-25T19:54:38.1205461Z ...still loading (CircularProgressIndicator visible)...
Linux Desktop Tests (5)	UNKNOWN STEP	2026-02-25T19:54:38.6365044Z ...still loading (CircularProgressIndicator visible)...
Linux Desktop Tests (5)	UNKNOWN STEP	2026-02-25T19:54:39.1544438Z ...still loading (CircularProgressIndicator visible)...
Linux Desktop Tests (5)	UNKNOWN STEP	2026-02-25T19:54:39.6699441Z ...still loading (CircularProgressIndicator visible)...
Linux Desktop Tests (5)	UNKNOWN STEP	2026-02-25T19:54:40.1861935Z ...still loading (CircularProgressIndicator visible)...
Linux Desktop Tests (5)	UNKNOWN STEP	2026-02-25T19:54:40.7034888Z ...still loading (CircularProgressIndicator visible)...
Linux Desktop Tests (5)	UNKNOWN STEP	2026-02-25T19:54:41.2215649Z ...still loading (CircularProgressIndicator visible)...
Linux Desktop Tests (5)	UNKNOWN STEP	2026-02-25T19:54:41.7362028Z ...still loading (CircularProgressIndicator visible)...
Linux Desktop Tests (5)	UNKNOWN STEP	2026-02-25T19:54:42.2533292Z ...still loading (CircularProgressIndicator visible)...
Linux Desktop Tests (5)	UNKNOWN STEP	2026-02-25T19:54:42.7704868Z ...still loading (CircularProgressIndicator visible)...
Linux Desktop Tests (5)	UNKNOWN STEP	2026-02-25T19:54:43.2870363Z ...still loading (CircularProgressIndicator visible)...
Linux Desktop Tests (5)	UNKNOWN STEP	2026-02-25T19:54:43.8033799Z ...still loading (CircularProgressIndicator visible)...
Linux Desktop Tests (5)	UNKNOWN STEP	2026-02-25T19:54:44.3207625Z ...still loading (CircularProgressIndicator visible)...
Linux Desktop Tests (5)	UNKNOWN STEP	2026-02-25T19:54:44.8355312Z ...still loading (CircularProgressIndicator visible)...
Linux Desktop Tests (5)	UNKNOWN STEP	2026-02-25T19:54:45.3535952Z ...still loading (CircularProgressIndicator visible)...
Linux Desktop Tests (5)	UNKNOWN STEP	2026-02-25T19:54:45.8692165Z ...still loading (CircularProgressIndicator visible)...
Linux Desktop Tests (5)	UNKNOWN STEP	2026-02-25T19:54:46.3866715Z ...still loading (CircularProgressIndicator visible)...
Linux Desktop Tests (5)	UNKNOWN STEP	2026-02-25T19:54:46.9035417Z ...still loading (CircularProgressIndicator visible)...
Linux Desktop Tests (5)	UNKNOWN STEP	2026-02-25T19:54:47.4214839Z ...still loading (CircularProgressIndicator visible)...
Linux Desktop Tests (5)	UNKNOWN STEP	2026-02-25T19:54:47.9369723Z ...still loading (CircularProgressIndicator visible)...
Linux Desktop Tests (5)	UNKNOWN STEP	2026-02-25T19:54:48.4540757Z ...still loading (CircularProgressIndicator visible)...
Linux Desktop Tests (5)	UNKNOWN STEP	2026-02-25T19:54:48.9706943Z ...still loading (CircularProgressIndicator visible)...
Linux Desktop Tests (5)	UNKNOWN STEP	2026-02-25T19:54:49.4868863Z ...still loading (CircularProgressIndicator visible)...
Linux Desktop Tests (5)	UNKNOWN STEP	2026-02-25T19:54:50.0028732Z ...still loading (CircularProgressIndicator visible)...
Linux Desktop Tests (5)	UNKNOWN STEP	2026-02-25T19:54:50.5204729Z ...still loading (CircularProgressIndicator visible)...
Linux Desktop Tests (5)	UNKNOWN STEP	2026-02-25T19:54:51.0367112Z ...still loading (CircularProgressIndicator visible)...
Linux Desktop Tests (5)	UNKNOWN STEP	2026-02-25T19:54:51.5533791Z ...still loading (CircularProgressIndicator visible)...
Linux Desktop Tests (5)	UNKNOWN STEP	2026-02-25T19:54:52.0711500Z ...still loading (CircularProgressIndicator visible)...
Linux Desktop Tests (5)	UNKNOWN STEP	2026-02-25T19:54:52.5859158Z ...still loading (CircularProgressIndicator visible)...
Linux Desktop Tests (5)	UNKNOWN STEP	2026-02-25T19:54:53.1032727Z ...still loading (CircularProgressIndicator visible)...
Linux Desktop Tests (5)	UNKNOWN STEP	2026-02-25T19:54:53.6205254Z ...still loading (CircularProgressIndicator visible)...
Linux Desktop Tests (5)	UNKNOWN STEP	2026-02-25T19:54:54.1370310Z ...still loading (CircularProgressIndicator visible)...
Linux Desktop Tests (5)	UNKNOWN STEP	2026-02-25T19:54:54.6538809Z ...still loading (CircularProgressIndicator visible)...
Linux Desktop Tests (5)	UNKNOWN STEP	2026-02-25T19:54:55.1710596Z ...still loading (CircularProgressIndicator visible)...
Linux Desktop Tests (5)	UNKNOWN STEP	2026-02-25T19:54:55.6877976Z ...still loading (CircularProgressIndicator visible)...
Linux Desktop Tests (5)	UNKNOWN STEP	2026-02-25T19:54:56.2028780Z ...still loading (CircularProgressIndicator visible)...
Linux Desktop Tests (5)	UNKNOWN STEP	2026-02-25T19:54:56.7348764Z ...still loading (CircularProgressIndicator visible)...
Linux Desktop Tests (5)	UNKNOWN STEP	2026-02-25T19:54:57.2367557Z ...still loading (CircularProgressIndicator visible)...
Linux Desktop Tests (5)	UNKNOWN STEP	2026-02-25T19:54:57.7534718Z ...still loading (CircularProgressIndicator visible)...
Linux Desktop Tests (5)	UNKNOWN STEP	2026-02-25T19:54:58.2696537Z ...still loading (CircularProgressIndicator visible)...
Linux Desktop Tests (5)	UNKNOWN STEP	2026-02-25T19:54:58.7868373Z ...still loading (CircularProgressIndicator visible)...
Linux Desktop Tests (5)	UNKNOWN STEP	2026-02-25T19:54:59.3033514Z ...still loading (CircularProgressIndicator visible)...
Linux Desktop Tests (5)	UNKNOWN STEP	2026-02-25T19:54:59.8199517Z ...still loading (CircularProgressIndicator visible)...
Linux Desktop Tests (5)	UNKNOWN STEP	2026-02-25T19:55:00.3361833Z ...still loading (CircularProgressIndicator visible)...
Linux Desktop Tests (5)	UNKNOWN STEP	2026-02-25T19:55:00.8534856Z ...still loading (CircularProgressIndicator visible)...
Linux Desktop Tests (5)	UNKNOWN STEP	2026-02-25T19:55:01.3704753Z ...still loading (CircularProgressIndicator visible)...
Linux Desktop Tests (5)	UNKNOWN STEP	2026-02-25T19:55:01.8866275Z ...still loading (CircularProgressIndicator visible)...
Linux Desktop Tests (5)	UNKNOWN STEP	2026-02-25T19:55:02.4032324Z ...still loading (CircularProgressIndicator visible)...
Linux Desktop Tests (5)	UNKNOWN STEP	2026-02-25T19:55:02.9209545Z ...still loading (CircularProgressIndicator visible)...
Linux Desktop Tests (5)	UNKNOWN STEP	2026-02-25T19:55:03.4364832Z ...still loading (CircularProgressIndicator visible)...
Linux Desktop Tests (5)	UNKNOWN STEP	2026-02-25T19:55:03.9532334Z ...still loading (CircularProgressIndicator visible)...
Linux Desktop Tests (5)	UNKNOWN STEP	2026-02-25T19:55:04.4705147Z ...still loading (CircularProgressIndicator visible)...
Linux Desktop Tests (5)	UNKNOWN STEP	2026-02-25T19:55:04.9858893Z ...still loading (CircularProgressIndicator visible)...
Linux Desktop Tests (5)	UNKNOWN STEP	2026-02-25T19:55:05.5041756Z ...still loading (CircularProgressIndicator visible)...
Linux Desktop Tests (5)	UNKNOWN STEP	2026-02-25T19:55:06.0205147Z ...still loading (CircularProgressIndicator visible)...
Linux Desktop Tests (5)	UNKNOWN STEP	2026-02-25T19:55:06.5364403Z ...still loading (CircularProgressIndicator visible)...
Linux Desktop Tests (5)	UNKNOWN STEP	2026-02-25T19:55:07.0534892Z ...still loading (CircularProgressIndicator visible)...
Linux Desktop Tests (5)	UNKNOWN STEP	2026-02-25T19:55:07.5703964Z ...still loading (CircularProgressIndicator visible)...
Linux Desktop Tests (5)	UNKNOWN STEP	2026-02-25T19:55:08.0870861Z ...still loading (CircularProgressIndicator visible)...
Linux Desktop Tests (5)	UNKNOWN STEP	2026-02-25T19:55:08.6031410Z ...still loading (CircularProgressIndicator visible)...
Linux Desktop Tests (5)	UNKNOWN STEP	2026-02-25T19:55:09.1205897Z ...still loading (CircularProgressIndicator visible)...
Linux Desktop Tests (5)	UNKNOWN STEP	2026-02-25T19:55:09.6365314Z ...still loading (CircularProgressIndicator visible)...
Linux Desktop Tests (5)	UNKNOWN STEP	2026-02-25T19:55:10.1537908Z ...still loading (CircularProgressIndicator visible)...
Linux Desktop Tests (5)	UNKNOWN STEP	2026-02-25T19:55:10.6695102Z ...still loading (CircularProgressIndicator visible)...
Linux Desktop Tests (5)	UNKNOWN STEP	2026-02-25T19:55:11.1858452Z ...still loading (CircularProgressIndicator visible)...
Linux Desktop Tests (5)	UNKNOWN STEP	2026-02-25T19:55:11.7045109Z ...still loading (CircularProgressIndicator visible)...
Linux Desktop Tests (5)	UNKNOWN STEP	2026-02-25T19:55:12.2209021Z ...still loading (CircularProgressIndicator visible)...
Linux Desktop Tests (5)	UNKNOWN STEP	2026-02-25T19:55:12.7365200Z ...still loading (CircularProgressIndicator visible)...
Linux Desktop Tests (5)	UNKNOWN STEP	2026-02-25T19:55:13.2544690Z ...still loading (CircularProgressIndicator visible)...
Linux Desktop Tests (5)	UNKNOWN STEP	2026-02-25T19:55:13.7707717Z ...still loading (CircularProgressIndicator visible)...
Linux Desktop Tests (5)	UNKNOWN STEP	2026-02-25T19:55:14.2874243Z ...still loading (CircularProgressIndicator visible)...
Linux Desktop Tests (5)	UNKNOWN STEP	2026-02-25T19:55:14.8031387Z ...still loading (CircularProgressIndicator visible)...
Linux Desktop Tests (5)	UNKNOWN STEP	2026-02-25T19:55:15.3202988Z ...still loading (CircularProgressIndicator visible)...
Linux Desktop Tests (5)	UNKNOWN STEP	2026-02-25T19:55:15.8364263Z ...still loading (CircularProgressIndicator visible)...
Linux Desktop Tests (5)	UNKNOWN STEP	2026-02-25T19:55:16.3534380Z ...still loading (CircularProgressIndicator visible)...
Linux Desktop Tests (5)	UNKNOWN STEP	2026-02-25T19:55:16.8704385Z ...still loading (CircularProgressIndicator visible)...
Linux Desktop Tests (5)	UNKNOWN STEP	2026-02-25T19:55:17.3866096Z ...still loading (CircularProgressIndicator visible)...
Linux Desktop Tests (5)	UNKNOWN STEP	2026-02-25T19:55:17.9022006Z ...still loading (CircularProgressIndicator visible)...
Linux Desktop Tests (5)	UNKNOWN STEP	2026-02-25T19:55:18.4204504Z ...still loading (CircularProgressIndicator visible)...
Linux Desktop Tests (5)	UNKNOWN STEP	2026-02-25T19:55:18.9350205Z ...still loading (CircularProgressIndicator visible)...
Linux Desktop Tests (5)	UNKNOWN STEP	2026-02-25T19:55:19.4533931Z ...still loading (CircularProgressIndicator visible)...
Linux Desktop Tests (5)	UNKNOWN STEP	2026-02-25T19:55:19.9705374Z ...still loading (CircularProgressIndicator visible)...
Linux Desktop Tests (5)	UNKNOWN STEP	2026-02-25T19:55:20.4861915Z ...still loading (CircularProgressIndicator visible)...
Linux Desktop Tests (5)	UNKNOWN STEP	2026-02-25T19:55:21.0035184Z ...still loading (CircularProgressIndicator visible)...
Linux Desktop Tests (5)	UNKNOWN STEP	2026-02-25T19:55:21.5193236Z ...still loading (CircularProgressIndicator visible)...
Linux Desktop Tests (5)	UNKNOWN STEP	2026-02-25T19:55:22.0363346Z ...still loading (CircularProgressIndicator visible)...
Linux Desktop Tests (5)	UNKNOWN STEP	2026-02-25T19:55:22.5534418Z ...still loading (CircularProgressIndicator visible)...
Linux Desktop Tests (5)	UNKNOWN STEP	2026-02-25T19:55:23.0703909Z ...still loading (CircularProgressIndicator visible)...
Linux Desktop Tests (5)	UNKNOWN STEP	2026-02-25T19:55:23.5863416Z ...still loading (CircularProgressIndicator visible)...
Linux Desktop Tests (5)	UNKNOWN STEP	2026-02-25T19:55:24.1035368Z ...still loading (CircularProgressIndicator visible)...
Linux Desktop Tests (5)	UNKNOWN STEP	2026-02-25T19:55:24.6203205Z ...still loading (CircularProgressIndicator visible)...
Linux Desktop Tests (5)	UNKNOWN STEP	2026-02-25T19:55:25.1362541Z ...still loading (CircularProgressIndicator visible)...
Linux Desktop Tests (5)	UNKNOWN STEP	2026-02-25T19:55:25.6531756Z ...still loading (CircularProgressIndicator visible)...
Linux Desktop Tests (5)	UNKNOWN STEP	2026-02-25T19:55:26.1701433Z ...still loading (CircularProgressIndicator visible)...
Linux Desktop Tests (5)	UNKNOWN STEP	2026-02-25T19:55:26.6863943Z ...still loading (CircularProgressIndicator visible)...
Linux Desktop Tests (5)	UNKNOWN STEP	2026-02-25T19:55:27.2030397Z ...still loading (CircularProgressIndicator visible)...
Linux Desktop Tests (5)	UNKNOWN STEP	2026-02-25T19:55:27.7206215Z ...still loading (CircularProgressIndicator visible)...
Linux Desktop Tests (5)	UNKNOWN STEP	2026-02-25T19:55:28.2364396Z ...still loading (CircularProgressIndicator visible)...
Linux Desktop Tests (5)	UNKNOWN STEP	2026-02-25T19:55:28.7534470Z ...still loading (CircularProgressIndicator visible)...
Linux Desktop Tests (5)	UNKNOWN STEP	2026-02-25T19:55:29.2706359Z ...still loading (CircularProgressIndicator visible)...
Linux Desktop Tests (5)	UNKNOWN STEP	2026-02-25T19:55:29.7863334Z ...still loading (CircularProgressIndicator visible)...
Linux Desktop Tests (5)	UNKNOWN STEP	2026-02-25T19:55:30.3034678Z ...still loading (CircularProgressIndicator visible)...
Linux Desktop Tests (5)	UNKNOWN STEP	2026-02-25T19:55:30.8194023Z ...still loading (CircularProgressIndicator visible)...
Linux Desktop Tests (5)	UNKNOWN STEP	2026-02-25T19:55:31.3353260Z ...still loading (CircularProgressIndicator visible)...
Linux Desktop Tests (5)	UNKNOWN STEP	2026-02-25T19:55:31.8529356Z ...still loading (CircularProgressIndicator visible)...
Linux Desktop Tests (5)	UNKNOWN STEP	2026-02-25T19:55:32.3705971Z ...still loading (CircularProgressIndicator visible)...
Linux Desktop Tests (5)	UNKNOWN STEP	2026-02-25T19:55:32.8870768Z ...still loading (CircularProgressIndicator visible)...
Linux Desktop Tests (5)	UNKNOWN STEP	2026-02-25T19:55:33.4032938Z ...still loading (CircularProgressIndicator visible)...
Linux Desktop Tests (5)	UNKNOWN STEP	2026-02-25T19:55:33.9217669Z ...still loading (CircularProgressIndicator visible)...
Linux Desktop Tests (5)	UNKNOWN STEP	2026-02-25T19:55:34.4365395Z ...still loading (CircularProgressIndicator visible)...
Linux Desktop Tests (5)	UNKNOWN STEP	2026-02-25T19:55:34.9528459Z ...still loading (CircularProgressIndicator visible)...
Linux Desktop Tests (5)	UNKNOWN STEP	2026-02-25T19:55:35.4704884Z ...still loading (CircularProgressIndicator visible)...
Linux Desktop Tests (5)	UNKNOWN STEP	2026-02-25T19:55:35.9861588Z ...still loading (CircularProgressIndicator visible)...
Linux Desktop Tests (5)	UNKNOWN STEP	2026-02-25T19:55:36.5033030Z ...still loading (CircularProgressIndicator visible)...
Linux Desktop Tests (5)	UNKNOWN STEP	2026-02-25T19:55:37.0203328Z ...still loading (CircularProgressIndicator visible)...
Linux Desktop Tests (5)	UNKNOWN STEP	2026-02-25T19:55:37.5363108Z ...still loading (CircularProgressIndicator visible)...
Linux Desktop Tests (5)	UNKNOWN STEP	2026-02-25T19:55:38.0543671Z ...still loading (CircularProgressIndicator visible)...
Linux Desktop Tests (5)	UNKNOWN STEP	2026-02-25T19:55:38.5704611Z ...still loading (CircularProgressIndicator visible)...
Linux Desktop Tests (5)	UNKNOWN STEP	2026-02-25T19:55:39.0863657Z ...still loading (CircularProgressIndicator visible)...
Linux Desktop Tests (5)	UNKNOWN STEP	2026-02-25T19:55:39.6034518Z ...still loading (CircularProgressIndicator visible)...
Linux Desktop Tests (5)	UNKNOWN STEP	2026-02-25T19:55:40.1204234Z ...still loading (CircularProgressIndicator visible)...
Linux Desktop Tests (5)	UNKNOWN STEP	2026-02-25T19:55:40.6363752Z ...still loading (CircularProgressIndicator visible)...
Linux Desktop Tests (5)	UNKNOWN STEP	2026-02-25T19:55:41.1531837Z ...still loading (CircularProgressIndicator visible)...
Linux Desktop Tests (5)	UNKNOWN STEP	2026-02-25T19:55:41.6703215Z ...still loading (CircularProgressIndicator visible)...
Linux Desktop Tests (5)	UNKNOWN STEP	2026-02-25T19:55:42.1863881Z ...still loading (CircularProgressIndicator visible)...
Linux Desktop Tests (5)	UNKNOWN STEP	2026-02-25T19:55:42.7041264Z ...still loading (CircularProgressIndicator visible)...
Linux Desktop Tests (5)	UNKNOWN STEP	2026-02-25T19:55:43.2206258Z ...still loading (CircularProgressIndicator visible)...
Linux Desktop Tests (5)	UNKNOWN STEP	2026-02-25T19:55:43.7363738Z ...still loading (CircularProgressIndicator visible)...
Linux Desktop Tests (5)	UNKNOWN STEP	2026-02-25T19:55:44.2538132Z ...still loading (CircularProgressIndicator visible)...
Linux Desktop Tests (5)	UNKNOWN STEP	2026-02-25T19:55:44.7703513Z ...still loading (CircularProgressIndicator visible)...
Linux Desktop Tests (5)	UNKNOWN STEP	2026-02-25T19:55:45.2882303Z ...still loading (CircularProgressIndicator visible)...
Linux Desktop Tests (5)	UNKNOWN STEP	2026-02-25T19:55:45.8040300Z ...still loading (CircularProgressIndicator visible)...
Linux Desktop Tests (5)	UNKNOWN STEP	2026-02-25T19:55:46.3193601Z ...still loading (CircularProgressIndicator visible)...
Linux Desktop Tests (5)	UNKNOWN STEP	2026-02-25T19:55:46.8358161Z ...still loading (CircularProgressIndicator visible)...
Linux Desktop Tests (5)	UNKNOWN STEP	2026-02-25T19:55:47.3533610Z ...still loading (CircularProgressIndicator visible)...
Linux Desktop Tests (5)	UNKNOWN STEP	2026-02-25T19:55:47.8715183Z ...still loading (CircularProgressIndicator visible)...
Linux Desktop Tests (5)	UNKNOWN STEP	2026-02-25T19:55:48.3863928Z ...still loading (CircularProgressIndicator visible)...
Linux Desktop Tests (5)	UNKNOWN STEP	2026-02-25T19:55:48.9033691Z ...still loading (CircularProgressIndicator visible)...
Linux Desktop Tests (5)	UNKNOWN STEP	2026-02-25T19:55:49.4209927Z ...still loading (CircularProgressIndicator visible)...
Linux Desktop Tests (5)	UNKNOWN STEP	2026-02-25T19:55:49.9366527Z ...still loading (CircularProgressIndicator visible)...
Linux Desktop Tests (5)	UNKNOWN STEP	2026-02-25T19:55:50.4537735Z ...still loading (CircularProgressIndicator visible)...
Linux Desktop Tests (5)	UNKNOWN STEP	2026-02-25T19:55:50.9698159Z ...still loading (CircularProgressIndicator visible)...
Linux Desktop Tests (5)	UNKNOWN STEP	2026-02-25T19:55:51.4863626Z ...still loading (CircularProgressIndicator visible)...
Linux Desktop Tests (5)	UNKNOWN STEP	2026-02-25T19:55:52.0032450Z ...still loading (CircularProgressIndicator visible)...
Linux Desktop Tests (5)	UNKNOWN STEP	2026-02-25T19:55:52.5215988Z ...still loading (CircularProgressIndicator visible)...
Linux Desktop Tests (5)	UNKNOWN STEP	2026-02-25T19:55:52.5218775Z ⚠ STRICT check failed: Exception: Timeout waiting for 3 rooms. Only 1 found after 90s
Linux Desktop Tests (5)	UNKNOWN STEP	2026-02-25T19:55:52.5219541Z Final room count in STRICT test: 1
Linux Desktop Tests (5)	UNKNOWN STEP	2026-02-25T19:55:52.9270259Z ══╡ EXCEPTION CAUGHT BY FLUTTER TEST FRAMEWORK ╞════════════════════════════════════════════════════
Linux Desktop Tests (5)	UNKNOWN STEP	2026-02-25T19:55:52.9272214Z The following TestFailure was thrown running a test:
Linux Desktop Tests (5)	UNKNOWN STEP	2026-02-25T19:55:52.9276325Z Expected: a value greater than or equal to <3>
Linux Desktop Tests (5)	UNKNOWN STEP	2026-02-25T19:55:52.9276857Z   Actual: <1>
Linux Desktop Tests (5)	UNKNOWN STEP	2026-02-25T19:55:52.9282869Z    Which: is not a value greater than or equal to <3>
Linux Desktop Tests (5)	UNKNOWN STEP	2026-02-25T19:55:52.9290051Z MUST show at least 3 pre-joined rooms (test_general, test_photos, test_art)
Linux Desktop Tests (5)	UNKNOWN STEP	2026-02-25T19:55:52.9293401Z 
Linux Desktop Tests (5)	UNKNOWN STEP	2026-02-25T19:55:52.9294262Z When the exception was thrown, this was the stack:
Linux Desktop Tests (5)	UNKNOWN STEP	2026-02-25T19:55:52.9295681Z #4      main.<anonymous closure>.<anonymous closure> (file:///home/runner/work/substitution/substitution/integration_test/room_discovery_strict_test.dart:480:9)
Linux Desktop Tests (5)	UNKNOWN STEP	2026-02-25T19:55:52.9297583Z <asynchronous suspension>
Linux Desktop Tests (5)	UNKNOWN STEP	2026-02-25T19:55:52.9298577Z #5      testWidgets.<anonymous closure>.<anonymous closure> (package:flutter_test/src/widget_tester.dart:192:15)
Linux Desktop Tests (5)	UNKNOWN STEP	2026-02-25T19:55:52.9303359Z <asynchronous suspension>
Linux Desktop Tests (5)	UNKNOWN STEP	2026-02-25T19:55:52.9304642Z #6      TestWidgetsFlutterBinding._runTestBody (package:flutter_test/src/binding.dart:1682:5)
Linux Desktop Tests (5)	UNKNOWN STEP	2026-02-25T19:55:52.9305739Z <asynchronous suspension>
Linux Desktop Tests (5)	UNKNOWN STEP	2026-02-25T19:55:52.9306723Z <asynchronous suspension>
Linux Desktop Tests (5)	UNKNOWN STEP	2026-02-25T19:55:52.9307541Z (elided one frame from package:stack_trace)
Linux Desktop Tests (5)	UNKNOWN STEP	2026-02-25T19:55:52.9308334Z 
Linux Desktop Tests (5)	UNKNOWN STEP	2026-02-25T19:55:52.9316773Z This was caught by the test expectation on the following line:
Linux Desktop Tests (5)	UNKNOWN STEP	2026-02-25T19:55:52.9317822Z   file:///home/runner/work/substitution/substitution/integration_test/room_discovery_strict_test.dart line 480
Linux Desktop Tests (5)	UNKNOWN STEP	2026-02-25T19:55:52.9318798Z The test description was:
Linux Desktop Tests (5)	UNKNOWN STEP	2026-02-25T19:55:52.9319289Z   STRICT: All 3 joined rooms are visible in room list
Linux Desktop Tests (5)	UNKNOWN STEP	2026-02-25T19:55:52.9320380Z ════════════════════════════════════════════════════════════════════════════════════════════════════
Linux Desktop Tests (5)	UNKNOWN STEP	2026-02-25T19:55:52.9333995Z 02:58 +3 -1: Room Discovery, Join & Leave with Real Matrix Server STRICT: All 3 joined rooms are visible in room list [E]
Linux Desktop Tests (5)	UNKNOWN STEP	2026-02-25T19:55:52.9338030Z   Test failed. See exception logs above.
Linux Desktop Tests (5)	UNKNOWN STEP	2026-02-25T19:55:52.9338749Z   The test description was: STRICT: All 3 joined rooms are visible in room list
Linux Desktop Tests (5)	UNKNOWN STEP	2026-02-25T19:55:52.9339427Z   
Linux Desktop Tests (5)	UNKNOWN STEP	2026-02-25T19:55:52.9630565Z 02:58 +3 -1: (tearDownAll)
Linux Desktop Tests (5)	UNKNOWN STEP	2026-02-25T19:55:52.9787815Z 02:58 +3 -1: Some tests failed.
Linux Desktop Tests (5)	UNKNOWN STEP	2026-02-25T19:55:53.0291138Z [0;31m[ERROR][0m Linux tests had failures
Linux Desktop Tests (5)	UNKNOWN STEP	2026-02-25T19:55:53.0291556Z 
Linux Desktop Tests (5)	UNKNOWN STEP	2026-02-25T19:55:53.0292034Z [1m══════════════════════════════════════════════════════════[0m
Linux Desktop Tests (5)	UNKNOWN STEP	2026-02-25T19:55:53.0292638Z [1m  Test Results Summary[0m
Linux Desktop Tests (5)	UNKNOWN STEP	2026-02-25T19:55:53.0293269Z [1m══════════════════════════════════════════════════════════[0m
Linux Desktop Tests (5)	UNKNOWN STEP	2026-02-25T19:55:53.0293659Z 
Linux Desktop Tests (5)	UNKNOWN STEP	2026-02-25T19:55:53.0293887Z   TARGET             PASSED   FAILED  SKIPPED   DURATION
Linux Desktop Tests (5)	UNKNOWN STEP	2026-02-25T19:55:53.0294617Z   ──────────────── ──────── ──────── ──────── ──────────
Linux Desktop Tests (5)	UNKNOWN STEP	2026-02-25T19:55:53.0295271Z   [0;31mlinux           [0m        5        2        0     5m 50s
Linux Desktop Tests (5)	UNKNOWN STEP	2026-02-25T19:55:53.0295650Z 
Linux Desktop Tests (5)	UNKNOWN STEP	2026-02-25T19:55:53.0295943Z   ──────────────── ──────── ──────── ────────
Linux Desktop Tests (5)	UNKNOWN STEP	2026-02-25T19:55:53.0296540Z   [0;31mTOTAL                   5        2        0[0m
Linux Desktop Tests (5)	UNKNOWN STEP	2026-02-25T19:55:53.0296877Z 
Linux Desktop Tests (5)	UNKNOWN STEP	2026-02-25T19:55:53.0297065Z   [0;31m[1mRESULT: FAILED[0m
Linux Desktop Tests (5)	UNKNOWN STEP	2026-02-25T19:55:53.0297319Z 
Linux Desktop Tests (5)	UNKNOWN STEP	2026-02-25T19:55:53.0297701Z [1m══════════════════════════════════════════════════════════[0m
Linux Desktop Tests (5)	UNKNOWN STEP	2026-02-25T19:55:53.0298169Z 
Linux Desktop Tests (5)	UNKNOWN STEP	2026-02-25T19:55:53.0298520Z [0;34m[INFO][0m Cleaning up...
Linux Desktop Tests (5)	UNKNOWN STEP	2026-02-25T19:55:53.0456886Z [0;34m[INFO][0m Cleanup complete
Linux Desktop Tests (5)	UNKNOWN STEP	2026-02-25T19:55:53.0505125Z ##[error]Process completed with exit code 1.
Linux Desktop Tests (5)	UNKNOWN STEP	2026-02-25T19:55:53.0551388Z ##[group]Run echo "=== test-results/ ==="
Linux Desktop Tests (5)	UNKNOWN STEP	2026-02-25T19:55:53.0551757Z [36;1mecho "=== test-results/ ==="[0m
Linux Desktop Tests (5)	UNKNOWN STEP	2026-02-25T19:55:53.0552133Z [36;1mls -la test-results/ 2>/dev/null || echo "(no test-results dir)"[0m
Linux Desktop Tests (5)	UNKNOWN STEP	2026-02-25T19:55:53.0552544Z [36;1mfor f in test-results/*.log; do[0m
Linux Desktop Tests (5)	UNKNOWN STEP	2026-02-25T19:55:53.0552803Z [36;1m  [ -f "$f" ] || continue[0m
Linux Desktop Tests (5)	UNKNOWN STEP	2026-02-25T19:55:53.0553031Z [36;1m  echo ""[0m
Linux Desktop Tests (5)	UNKNOWN STEP	2026-02-25T19:55:53.0553225Z [36;1m  echo "=== $f ==="[0m
Linux Desktop Tests (5)	UNKNOWN STEP	2026-02-25T19:55:53.0553444Z [36;1m  tail -100 "$f"[0m
Linux Desktop Tests (5)	UNKNOWN STEP	2026-02-25T19:55:53.0553653Z [36;1mdone[0m
Linux Desktop Tests (5)	UNKNOWN STEP	2026-02-25T19:55:53.0601986Z shell: /usr/bin/bash -e {0}
Linux Desktop Tests (5)	UNKNOWN STEP	2026-02-25T19:55:53.0602220Z env:
Linux Desktop Tests (5)	UNKNOWN STEP	2026-02-25T19:55:53.0602390Z   CACHE_VERSION: v1
Linux Desktop Tests (5)	UNKNOWN STEP	2026-02-25T19:55:53.0602677Z   FLUTTER_ROOT: /opt/hostedtoolcache/flutter/stable-3.41.2-x64
Linux Desktop Tests (5)	UNKNOWN STEP	2026-02-25T19:55:53.0603035Z   PUB_CACHE: /home/runner/.pub-cache
Linux Desktop Tests (5)	UNKNOWN STEP	2026-02-25T19:55:53.0603287Z ##[endgroup]
Linux Desktop Tests (5)	UNKNOWN STEP	2026-02-25T19:55:53.0669637Z === test-results/ ===
Linux Desktop Tests (5)	UNKNOWN STEP	2026-02-25T19:55:53.0685091Z total 45428
Linux Desktop Tests (5)	UNKNOWN STEP	2026-02-25T19:55:53.0685642Z drwxr-xr-x  2 runner runner     4096 Feb 25 19:55 .
Linux Desktop Tests (5)	UNKNOWN STEP	2026-02-25T19:55:53.0686242Z drwxr-xr-x 24 runner runner     4096 Feb 25 19:50 ..
Linux Desktop Tests (5)	UNKNOWN STEP	2026-02-25T19:55:53.0694031Z -rw-r--r--  1 runner runner      233 Feb 25 19:48 ios-device-info.txt
Linux Desktop Tests (5)	UNKNOWN STEP	2026-02-25T19:55:53.0695051Z -rw-r--r--  1 runner runner 34795326 Feb 25 19:48 ios-test-results.txt
Linux Desktop Tests (5)	UNKNOWN STEP	2026-02-25T19:55:53.0695781Z -rw-r--r--  1 runner runner    46140 Feb 25 19:55 linux-tests.log
Linux Desktop Tests (5)	UNKNOWN STEP	2026-02-25T19:55:53.0696460Z -rw-r--r--  1 runner runner 11471554 Feb 25 19:48 test-results.txt
Linux Desktop Tests (5)	UNKNOWN STEP	2026-02-25T19:55:53.0696965Z -rw-r--r--  1 runner runner   181872 Feb 25 19:48 web-test-results.txt
Linux Desktop Tests (5)	UNKNOWN STEP	2026-02-25T19:55:53.0697267Z 
Linux Desktop Tests (5)	UNKNOWN STEP	2026-02-25T19:55:53.0697368Z === test-results/linux-tests.log ===
Linux Desktop Tests (5)	UNKNOWN STEP	2026-02-25T19:55:53.0698242Z ...still loading (CircularProgressIndicator visible)...
Linux Desktop Tests (5)	UNKNOWN STEP	2026-02-25T19:55:53.0698883Z ...still loading (CircularProgressIndicator visible)...
Linux Desktop Tests (5)	UNKNOWN STEP	2026-02-25T19:55:53.0699504Z ...still loading (CircularProgressIndicator visible)...
Linux Desktop Tests (5)	UNKNOWN STEP	2026-02-25T19:55:53.0699858Z ...still loading (CircularProgressIndicator visible)...
Linux Desktop Tests (5)	UNKNOWN STEP	2026-02-25T19:55:53.0700200Z ...still loading (CircularProgressIndicator visible)...
Linux Desktop Tests (5)	UNKNOWN STEP	2026-02-25T19:55:53.0700537Z ...still loading (CircularProgressIndicator visible)...
Linux Desktop Tests (5)	UNKNOWN STEP	2026-02-25T19:55:53.0700872Z ...still loading (CircularProgressIndicator visible)...
Linux Desktop Tests (5)	UNKNOWN STEP	2026-02-25T19:55:53.0701812Z ...still loading (CircularProgressIndicator visible)...
Linux Desktop Tests (5)	UNKNOWN STEP	2026-02-25T19:55:53.0702452Z ...still loading (CircularProgressIndicator visible)...
Linux Desktop Tests (5)	UNKNOWN STEP	2026-02-25T19:55:53.0703051Z ...still loading (CircularProgressIndicator visible)...
Linux Desktop Tests (5)	UNKNOWN STEP	2026-02-25T19:55:53.0703666Z ...still loading (CircularProgressIndicator visible)...
Linux Desktop Tests (5)	UNKNOWN STEP	2026-02-25T19:55:53.0704096Z ...still loading (CircularProgressIndicator visible)...
Linux Desktop Tests (5)	UNKNOWN STEP	2026-02-25T19:55:53.0704659Z ...still loading (CircularProgressIndicator visible)...
Linux Desktop Tests (5)	UNKNOWN STEP	2026-02-25T19:55:53.0705211Z ...still loading (CircularProgressIndicator visible)...
Linux Desktop Tests (5)	UNKNOWN STEP	2026-02-25T19:55:53.0705558Z ...still loading (CircularProgressIndicator visible)...
Linux Desktop Tests (5)	UNKNOWN STEP	2026-02-25T19:55:53.0705899Z ...still loading (CircularProgressIndicator visible)...
Linux Desktop Tests (5)	UNKNOWN STEP	2026-02-25T19:55:53.0706224Z ...still loading (CircularProgressIndicator visible)...
Linux Desktop Tests (5)	UNKNOWN STEP	2026-02-25T19:55:53.0706571Z ...still loading (CircularProgressIndicator visible)...
Linux Desktop Tests (5)	UNKNOWN STEP	2026-02-25T19:55:53.0706915Z ...still loading (CircularProgressIndicator visible)...
Linux Desktop Tests (5)	UNKNOWN STEP	2026-02-25T19:55:53.0707243Z ...still loading (CircularProgressIndicator visible)...
Linux Desktop Tests (5)	UNKNOWN STEP	2026-02-25T19:55:53.0707575Z ...still loading (CircularProgressIndicator visible)...
Linux Desktop Tests (5)	UNKNOWN STEP	2026-02-25T19:55:53.0707902Z ...still loading (CircularProgressIndicator visible)...
Linux Desktop Tests (5)	UNKNOWN STEP	2026-02-25T19:55:53.0708220Z ...still loading (CircularProgressIndicator visible)...
Linux Desktop Tests (5)	UNKNOWN STEP	2026-02-25T19:55:53.0708548Z ...still loading (CircularProgressIndicator visible)...
Linux Desktop Tests (5)	UNKNOWN STEP	2026-02-25T19:55:53.0708881Z ...still loading (CircularProgressIndicator visible)...
Linux Desktop Tests (5)	UNKNOWN STEP	2026-02-25T19:55:53.0709208Z ...still loading (CircularProgressIndicator visible)...
Linux Desktop Tests (5)	UNKNOWN STEP	2026-02-25T19:55:53.0709538Z ...still loading (CircularProgressIndicator visible)...
Linux Desktop Tests (5)	UNKNOWN STEP	2026-02-25T19:55:53.0710061Z ...still loading (CircularProgressIndicator visible)...
Linux Desktop Tests (5)	UNKNOWN STEP	2026-02-25T19:55:53.0710396Z ...still loading (CircularProgressIndicator visible)...
Linux Desktop Tests (5)	UNKNOWN STEP	2026-02-25T19:55:53.0710716Z ...still loading (CircularProgressIndicator visible)...
Linux Desktop Tests (5)	UNKNOWN STEP	2026-02-25T19:55:53.0711544Z ...still loading (CircularProgressIndicator visible)...
Linux Desktop Tests (5)	UNKNOWN STEP	2026-02-25T19:55:53.0712129Z ...still loading (CircularProgressIndicator visible)...
Linux Desktop Tests (5)	UNKNOWN STEP	2026-02-25T19:55:53.0712676Z ...still loading (CircularProgressIndicator visible)...
Linux Desktop Tests (5)	UNKNOWN STEP	2026-02-25T19:55:53.0713221Z ...still loading (CircularProgressIndicator visible)...
Linux Desktop Tests (5)	UNKNOWN STEP	2026-02-25T19:55:53.0713658Z ...still loading (CircularProgressIndicator visible)...
Linux Desktop Tests (5)	UNKNOWN STEP	2026-02-25T19:55:53.0713982Z ...still loading (CircularProgressIndicator visible)...
Linux Desktop Tests (5)	UNKNOWN STEP	2026-02-25T19:55:53.0714308Z ...still loading (CircularProgressIndicator visible)...
Linux Desktop Tests (5)	UNKNOWN STEP	2026-02-25T19:55:53.0714632Z ...still loading (CircularProgressIndicator visible)...
Linux Desktop Tests (5)	UNKNOWN STEP	2026-02-25T19:55:53.0714958Z ...still loading (CircularProgressIndicator visible)...
Linux Desktop Tests (5)	UNKNOWN STEP	2026-02-25T19:55:53.0715295Z ...still loading (CircularProgressIndicator visible)...
Linux Desktop Tests (5)	UNKNOWN STEP	2026-02-25T19:55:53.0715627Z ...still loading (CircularProgressIndicator visible)...
Linux Desktop Tests (5)	UNKNOWN STEP	2026-02-25T19:55:53.0715953Z ...still loading (CircularProgressIndicator visible)...
Linux Desktop Tests (5)	UNKNOWN STEP	2026-02-25T19:55:53.0716429Z ...still loading (CircularProgressIndicator visible)...
Linux Desktop Tests (5)	UNKNOWN STEP	2026-02-25T19:55:53.0716781Z ...still loading (CircularProgressIndicator visible)...
Linux Desktop Tests (5)	UNKNOWN STEP	2026-02-25T19:55:53.0717111Z ...still loading (CircularProgressIndicator visible)...
Linux Desktop Tests (5)	UNKNOWN STEP	2026-02-25T19:55:53.0717439Z ...still loading (CircularProgressIndicator visible)...
Linux Desktop Tests (5)	UNKNOWN STEP	2026-02-25T19:55:53.0717769Z ...still loading (CircularProgressIndicator visible)...
Linux Desktop Tests (5)	UNKNOWN STEP	2026-02-25T19:55:53.0718128Z ...still loading (CircularProgressIndicator visible)...
Linux Desktop Tests (5)	UNKNOWN STEP	2026-02-25T19:55:53.0718463Z ...still loading (CircularProgressIndicator visible)...
Linux Desktop Tests (5)	UNKNOWN STEP	2026-02-25T19:55:53.0718794Z ...still loading (CircularProgressIndicator visible)...
Linux Desktop Tests (5)	UNKNOWN STEP	2026-02-25T19:55:53.0719125Z ...still loading (CircularProgressIndicator visible)...
Linux Desktop Tests (5)	UNKNOWN STEP	2026-02-25T19:55:53.0719458Z ...still loading (CircularProgressIndicator visible)...
Linux Desktop Tests (5)	UNKNOWN STEP	2026-02-25T19:55:53.0719793Z ...still loading (CircularProgressIndicator visible)...
Linux Desktop Tests (5)	UNKNOWN STEP	2026-02-25T19:55:53.0720133Z ...still loading (CircularProgressIndicator visible)...
Linux Desktop Tests (5)	UNKNOWN STEP	2026-02-25T19:55:53.0720470Z ...still loading (CircularProgressIndicator visible)...
Linux Desktop Tests (5)	UNKNOWN STEP	2026-02-25T19:55:53.0720807Z ...still loading (CircularProgressIndicator visible)...
Linux Desktop Tests (5)	UNKNOWN STEP	2026-02-25T19:55:53.0721371Z ...still loading (CircularProgressIndicator visible)...
Linux Desktop Tests (5)	UNKNOWN STEP	2026-02-25T19:55:53.0721727Z ...still loading (CircularProgressIndicator visible)...
Linux Desktop Tests (5)	UNKNOWN STEP	2026-02-25T19:55:53.0722063Z ...still loading (CircularProgressIndicator visible)...
Linux Desktop Tests (5)	UNKNOWN STEP	2026-02-25T19:55:53.0722399Z ...still loading (CircularProgressIndicator visible)...
Linux Desktop Tests (5)	UNKNOWN STEP	2026-02-25T19:55:53.0722730Z ...still loading (CircularProgressIndicator visible)...
Linux Desktop Tests (5)	UNKNOWN STEP	2026-02-25T19:55:53.0723056Z ...still loading (CircularProgressIndicator visible)...
Linux Desktop Tests (5)	UNKNOWN STEP	2026-02-25T19:55:53.0723390Z ...still loading (CircularProgressIndicator visible)...
Linux Desktop Tests (5)	UNKNOWN STEP	2026-02-25T19:55:53.0723740Z ...still loading (CircularProgressIndicator visible)...
Linux Desktop Tests (5)	UNKNOWN STEP	2026-02-25T19:55:53.0724168Z ...still loading (CircularProgressIndicator visible)...
Linux Desktop Tests (5)	UNKNOWN STEP	2026-02-25T19:55:53.0724508Z ...still loading (CircularProgressIndicator visible)...
Linux Desktop Tests (5)	UNKNOWN STEP	2026-02-25T19:55:53.0724842Z ...still loading (CircularProgressIndicator visible)...
Linux Desktop Tests (5)	UNKNOWN STEP	2026-02-25T19:55:53.0725173Z ...still loading (CircularProgressIndicator visible)...
Linux Desktop Tests (5)	UNKNOWN STEP	2026-02-25T19:55:53.0725503Z ...still loading (CircularProgressIndicator visible)...
Linux Desktop Tests (5)	UNKNOWN STEP	2026-02-25T19:55:53.0725839Z ...still loading (CircularProgressIndicator visible)...
Linux Desktop Tests (5)	UNKNOWN STEP	2026-02-25T19:55:53.0726509Z ⚠ STRICT check failed: Exception: Timeout waiting for 3 rooms. Only 1 found after 90s
Linux Desktop Tests (5)	UNKNOWN STEP	2026-02-25T19:55:53.0726923Z Final room count in STRICT test: 1
Linux Desktop Tests (5)	UNKNOWN STEP	2026-02-25T19:55:53.0727452Z ══╡ EXCEPTION CAUGHT BY FLUTTER TEST FRAMEWORK ╞════════════════════════════════════════════════════
Linux Desktop Tests (5)	UNKNOWN STEP	2026-02-25T19:55:53.0727932Z The following TestFailure was thrown running a test:
Linux Desktop Tests (5)	UNKNOWN STEP	2026-02-25T19:55:53.0728413Z Expected: a value greater than or equal to <3>
Linux Desktop Tests (5)	UNKNOWN STEP	2026-02-25T19:55:53.0728686Z   Actual: <1>
Linux Desktop Tests (5)	UNKNOWN STEP	2026-02-25T19:55:53.0728909Z    Which: is not a value greater than or equal to <3>
Linux Desktop Tests (5)	UNKNOWN STEP	2026-02-25T19:55:53.0729302Z MUST show at least 3 pre-joined rooms (test_general, test_photos, test_art)
Linux Desktop Tests (5)	UNKNOWN STEP	2026-02-25T19:55:53.0729600Z 
Linux Desktop Tests (5)	UNKNOWN STEP	2026-02-25T19:55:53.0729717Z When the exception was thrown, this was the stack:
Linux Desktop Tests (5)	UNKNOWN STEP	2026-02-25T19:55:53.0730402Z #4      main.<anonymous closure>.<anonymous closure> (file:///home/runner/work/substitution/substitution/integration_test/room_discovery_strict_test.dart:480:9)
Linux Desktop Tests (5)	UNKNOWN STEP	2026-02-25T19:55:53.0731324Z <asynchronous suspension>
Linux Desktop Tests (5)	UNKNOWN STEP	2026-02-25T19:55:53.0731787Z #5      testWidgets.<anonymous closure>.<anonymous closure> (package:flutter_test/src/widget_tester.dart:192:15)
Linux Desktop Tests (5)	UNKNOWN STEP	2026-02-25T19:55:53.0732272Z <asynchronous suspension>
Linux Desktop Tests (5)	UNKNOWN STEP	2026-02-25T19:55:53.0732669Z #6      TestWidgetsFlutterBinding._runTestBody (package:flutter_test/src/binding.dart:1682:5)
Linux Desktop Tests (5)	UNKNOWN STEP	2026-02-25T19:55:53.0733093Z <asynchronous suspension>
Linux Desktop Tests (5)	UNKNOWN STEP	2026-02-25T19:55:53.0733306Z <asynchronous suspension>
Linux Desktop Tests (5)	UNKNOWN STEP	2026-02-25T19:55:53.0733541Z (elided one frame from package:stack_trace)
Linux Desktop Tests (5)	UNKNOWN STEP	2026-02-25T19:55:53.0733735Z 
Linux Desktop Tests (5)	UNKNOWN STEP	2026-02-25T19:55:53.0733889Z This was caught by the test expectation on the following line:
Linux Desktop Tests (5)	UNKNOWN STEP	2026-02-25T19:55:53.0734457Z   file:///home/runner/work/substitution/substitution/integration_test/room_discovery_strict_test.dart line 480
Linux Desktop Tests (5)	UNKNOWN STEP	2026-02-25T19:55:53.0735084Z The test description was:
Linux Desktop Tests (5)	UNKNOWN STEP	2026-02-25T19:55:53.0735335Z   STRICT: All 3 joined rooms are visible in room list
Linux Desktop Tests (5)	UNKNOWN STEP	2026-02-25T19:55:53.0735862Z ════════════════════════════════════════════════════════════════════════════════════════════════════
Linux Desktop Tests (5)	UNKNOWN STEP	2026-02-25T19:55:53.0736459Z 02:58 +3 -1: Room Discovery, Join & Leave with Real Matrix Server STRICT: All 3 joined rooms are visible in room list [E]
Linux Desktop Tests (5)	UNKNOWN STEP	2026-02-25T19:55:53.0736969Z   Test failed. See exception logs above.
Linux Desktop Tests (5)	UNKNOWN STEP	2026-02-25T19:55:53.0737356Z   The test description was: STRICT: All 3 joined rooms are visible in room list
Linux Desktop Tests (5)	UNKNOWN STEP	2026-02-25T19:55:53.0737729Z   
Linux Desktop Tests (5)	UNKNOWN STEP	2026-02-25T19:55:53.0737893Z 02:58 +3 -1: (tearDownAll)
Linux Desktop Tests (5)	UNKNOWN STEP	2026-02-25T19:55:53.0738111Z 02:58 +3 -1: Some tests failed.
Linux Desktop Tests (5)	UNKNOWN STEP	2026-02-25T19:55:53.0760696Z ##[group]Run docker compose down -v
Linux Desktop Tests (5)	UNKNOWN STEP	2026-02-25T19:55:53.0761299Z [36;1mdocker compose down -v[0m
Linux Desktop Tests (5)	UNKNOWN STEP	2026-02-25T19:55:53.0805973Z shell: /usr/bin/bash -e {0}
Linux Desktop Tests (5)	UNKNOWN STEP	2026-02-25T19:55:53.0806222Z env:
Linux Desktop Tests (5)	UNKNOWN STEP	2026-02-25T19:55:53.0806395Z   CACHE_VERSION: v1
Linux Desktop Tests (5)	UNKNOWN STEP	2026-02-25T19:55:53.0806685Z   FLUTTER_ROOT: /opt/hostedtoolcache/flutter/stable-3.41.2-x64
Linux Desktop Tests (5)	UNKNOWN STEP	2026-02-25T19:55:53.0807033Z   PUB_CACHE: /home/runner/.pub-cache
Linux Desktop Tests (5)	UNKNOWN STEP	2026-02-25T19:55:53.0807278Z ##[endgroup]
Linux Desktop Tests (5)	UNKNOWN STEP	2026-02-25T19:55:53.1489695Z time="2026-02-25T19:55:53Z" level=warning msg="/home/runner/work/substitution/substitution/docker-compose.yml: the attribute `version` is obsolete, it will be ignored, please remove it to avoid potential confusion"
Linux Desktop Tests (5)	UNKNOWN STEP	2026-02-25T19:55:53.1529360Z  Container substitution-redis-1  Stopping
Linux Desktop Tests (5)	UNKNOWN STEP	2026-02-25T19:55:53.1531281Z  Container substitution-matrix-synapse-1  Stopping
Linux Desktop Tests (5)	UNKNOWN STEP	2026-02-25T19:55:53.3525866Z  Container substitution-redis-1  Stopped
Linux Desktop Tests (5)	UNKNOWN STEP	2026-02-25T19:55:53.3527952Z  Container substitution-redis-1  Removing
Linux Desktop Tests (5)	UNKNOWN STEP	2026-02-25T19:55:53.3546054Z  Container substitution-redis-1  Removed
Linux Desktop Tests (5)	UNKNOWN STEP	2026-02-25T19:55:53.3678362Z  Container substitution-matrix-synapse-1  Stopped
Linux Desktop Tests (5)	UNKNOWN STEP	2026-02-25T19:55:53.3679813Z  Container substitution-matrix-synapse-1  Removing
Linux Desktop Tests (5)	UNKNOWN STEP	2026-02-25T19:55:53.4308367Z  Container substitution-matrix-synapse-1  Removed
Linux Desktop Tests (5)	UNKNOWN STEP	2026-02-25T19:55:53.4311247Z  Container substitution-dex-1  Stopping
Linux Desktop Tests (5)	UNKNOWN STEP	2026-02-25T19:55:53.4311926Z  Container substitution-postgres-1  Stopping
Linux Desktop Tests (5)	UNKNOWN STEP	2026-02-25T19:55:53.5598530Z  Container substitution-dex-1  Stopped
Linux Desktop Tests (5)	UNKNOWN STEP	2026-02-25T19:55:53.5599586Z  Container substitution-dex-1  Removing
Linux Desktop Tests (5)	UNKNOWN STEP	2026-02-25T19:55:53.5697567Z  Container substitution-dex-1  Removed
Linux Desktop Tests (5)	UNKNOWN STEP	2026-02-25T19:55:53.6180356Z  Container substitution-postgres-1  Stopped
Linux Desktop Tests (5)	UNKNOWN STEP	2026-02-25T19:55:53.6181581Z  Container substitution-postgres-1  Removing
Linux Desktop Tests (5)	UNKNOWN STEP	2026-02-25T19:55:53.6834383Z  Container substitution-postgres-1  Removed
Linux Desktop Tests (5)	UNKNOWN STEP	2026-02-25T19:55:53.6843307Z  Network substitution_substitution_network  Removing
Linux Desktop Tests (5)	UNKNOWN STEP	2026-02-25T19:55:53.7790706Z  Network substitution_substitution_network  Removed
Linux Desktop Tests (5)	UNKNOWN STEP	2026-02-25T19:55:53.7990315Z Post job cleanup.
Linux Desktop Tests (5)	UNKNOWN STEP	2026-02-25T19:55:53.8050786Z Post job cleanup.
Linux Desktop Tests (5)	UNKNOWN STEP	2026-02-25T19:55:53.9016463Z [command]/usr/bin/git version
Linux Desktop Tests (5)	UNKNOWN STEP	2026-02-25T19:55:53.9062748Z git version 2.53.0
Linux Desktop Tests (5)	UNKNOWN STEP	2026-02-25T19:55:53.9116259Z Temporarily overriding HOME='/home/runner/work/_temp/76e9f6bb-cf5b-4906-a39d-040fc6a85d35' before making global git config changes
Linux Desktop Tests (5)	UNKNOWN STEP	2026-02-25T19:55:53.9117650Z Adding repository directory to the temporary git global config as a safe directory
Linux Desktop Tests (5)	UNKNOWN STEP	2026-02-25T19:55:53.9123426Z [command]/usr/bin/git config --global --add safe.directory /home/runner/work/substitution/substitution
Linux Desktop Tests (5)	UNKNOWN STEP	2026-02-25T19:55:53.9161239Z [command]/usr/bin/git config --local --name-only --get-regexp core\.sshCommand
Linux Desktop Tests (5)	UNKNOWN STEP	2026-02-25T19:55:53.9197097Z [command]/usr/bin/git submodule foreach --recursive sh -c "git config --local --name-only --get-regexp 'core\.sshCommand' && git config --local --unset-all 'core.sshCommand' || :"
Linux Desktop Tests (5)	UNKNOWN STEP	2026-02-25T19:55:53.9443866Z [command]/usr/bin/git config --local --name-only --get-regexp http\.https\:\/\/github\.com\/\.extraheader
Linux Desktop Tests (5)	UNKNOWN STEP	2026-02-25T19:55:53.9465495Z http.https://github.com/.extraheader
Linux Desktop Tests (5)	UNKNOWN STEP	2026-02-25T19:55:53.9478753Z [command]/usr/bin/git config --local --unset-all http.https://github.com/.extraheader
Linux Desktop Tests (5)	UNKNOWN STEP	2026-02-25T19:55:53.9510774Z [command]/usr/bin/git submodule foreach --recursive sh -c "git config --local --name-only --get-regexp 'http\.https\:\/\/github\.com\/\.extraheader' && git config --local --unset-all 'http.https://github.com/.extraheader' || :"
Linux Desktop Tests (5)	UNKNOWN STEP	2026-02-25T19:55:53.9746041Z [command]/usr/bin/git config --local --name-only --get-regexp ^includeIf\.gitdir:
Linux Desktop Tests (5)	UNKNOWN STEP	2026-02-25T19:55:53.9778350Z [command]/usr/bin/git submodule foreach --recursive git config --local --show-origin --name-only --get-regexp remote.origin.url
Linux Desktop Tests (5)	UNKNOWN STEP	2026-02-25T19:55:54.0140571Z Cleaning up orphan processes
Linux Desktop Tests (2)	UNKNOWN STEP	﻿2026-02-25T19:48:13.0514004Z Current runner version: '2.331.0'
Linux Desktop Tests (2)	UNKNOWN STEP	2026-02-25T19:48:13.0548386Z ##[group]Runner Image Provisioner
Linux Desktop Tests (2)	UNKNOWN STEP	2026-02-25T19:48:13.0549660Z Hosted Compute Agent
Linux Desktop Tests (2)	UNKNOWN STEP	2026-02-25T19:48:13.0550800Z Version: 20260213.493
Linux Desktop Tests (2)	UNKNOWN STEP	2026-02-25T19:48:13.0552123Z Commit: 5c115507f6dd24b8de37d8bbe0bb4509d0cc0fa3
Linux Desktop Tests (2)	UNKNOWN STEP	2026-02-25T19:48:13.0553296Z Build Date: 2026-02-13T00:28:41Z
Linux Desktop Tests (2)	UNKNOWN STEP	2026-02-25T19:48:13.0554570Z Worker ID: {1e6aefb6-cb40-4076-95eb-94b6ffdf770c}
Linux Desktop Tests (2)	UNKNOWN STEP	2026-02-25T19:48:13.0555677Z Azure Region: eastus2
Linux Desktop Tests (2)	UNKNOWN STEP	2026-02-25T19:48:13.0556613Z ##[endgroup]
Linux Desktop Tests (2)	UNKNOWN STEP	2026-02-25T19:48:13.0559597Z ##[group]Operating System
Linux Desktop Tests (2)	UNKNOWN STEP	2026-02-25T19:48:13.0560657Z Ubuntu
Linux Desktop Tests (2)	UNKNOWN STEP	2026-02-25T19:48:13.0561698Z 24.04.3
Linux Desktop Tests (2)	UNKNOWN STEP	2026-02-25T19:48:13.0562680Z LTS
Linux Desktop Tests (2)	UNKNOWN STEP	2026-02-25T19:48:13.0563450Z ##[endgroup]
Linux Desktop Tests (2)	UNKNOWN STEP	2026-02-25T19:48:13.0564401Z ##[group]Runner Image
Linux Desktop Tests (2)	UNKNOWN STEP	2026-02-25T19:48:13.0565449Z Image: ubuntu-24.04
Linux Desktop Tests (2)	UNKNOWN STEP	2026-02-25T19:48:13.0566339Z Version: 20260224.36.1
Linux Desktop Tests (2)	UNKNOWN STEP	2026-02-25T19:48:13.0568412Z Included Software: https://github.com/actions/runner-images/blob/ubuntu24/20260224.36/images/ubuntu/Ubuntu2404-Readme.md
Linux Desktop Tests (2)	UNKNOWN STEP	2026-02-25T19:48:13.0570924Z Image Release: https://github.com/actions/runner-images/releases/tag/ubuntu24%2F20260224.36
Linux Desktop Tests (2)	UNKNOWN STEP	2026-02-25T19:48:13.0572919Z ##[endgroup]
Linux Desktop Tests (2)	UNKNOWN STEP	2026-02-25T19:48:13.0574677Z ##[group]GITHUB_TOKEN Permissions
Linux Desktop Tests (2)	UNKNOWN STEP	2026-02-25T19:48:13.0577613Z Contents: read
Linux Desktop Tests (2)	UNKNOWN STEP	2026-02-25T19:48:13.0578533Z Metadata: read
Linux Desktop Tests (2)	UNKNOWN STEP	2026-02-25T19:48:13.0579328Z Packages: read
Linux Desktop Tests (2)	UNKNOWN STEP	2026-02-25T19:48:13.0580366Z ##[endgroup]
Linux Desktop Tests (2)	UNKNOWN STEP	2026-02-25T19:48:13.0583612Z Secret source: Actions
Linux Desktop Tests (2)	UNKNOWN STEP	2026-02-25T19:48:13.0585357Z Prepare workflow directory
Linux Desktop Tests (2)	UNKNOWN STEP	2026-02-25T19:48:13.1155896Z Prepare all required actions
Linux Desktop Tests (2)	UNKNOWN STEP	2026-02-25T19:48:13.1213658Z Getting action download info
Linux Desktop Tests (2)	UNKNOWN STEP	2026-02-25T19:48:13.3767504Z Download action repository 'actions/checkout@v4' (SHA:34e114876b0b11c390a56381ad16ebd13914f8d5)
Linux Desktop Tests (2)	UNKNOWN STEP	2026-02-25T19:48:13.5024307Z Download action repository 'subosito/flutter-action@v2' (SHA:fd55f4c5af5b953cc57a2be44cb082c8f6635e8e)
Linux Desktop Tests (2)	UNKNOWN STEP	2026-02-25T19:48:13.8391120Z Getting action download info
Linux Desktop Tests (2)	UNKNOWN STEP	2026-02-25T19:48:13.9859602Z Download action repository 'actions/cache@v4' (SHA:0057852bfaa89a56745cba8c7296529d2fc39830)
Linux Desktop Tests (2)	UNKNOWN STEP	2026-02-25T19:48:14.1324973Z Complete job name: Linux Desktop Tests (2)
Linux Desktop Tests (2)	UNKNOWN STEP	2026-02-25T19:48:14.2079704Z ##[group]Run actions/checkout@v4
Linux Desktop Tests (2)	UNKNOWN STEP	2026-02-25T19:48:14.2080598Z with:
Linux Desktop Tests (2)	UNKNOWN STEP	2026-02-25T19:48:14.2081037Z   repository: floffel/substitution
Linux Desktop Tests (2)	UNKNOWN STEP	2026-02-25T19:48:14.2081942Z   token: ***
Linux Desktop Tests (2)	UNKNOWN STEP	2026-02-25T19:48:14.2082374Z   ssh-strict: true
Linux Desktop Tests (2)	UNKNOWN STEP	2026-02-25T19:48:14.2082838Z   ssh-user: git
Linux Desktop Tests (2)	UNKNOWN STEP	2026-02-25T19:48:14.2083269Z   persist-credentials: true
Linux Desktop Tests (2)	UNKNOWN STEP	2026-02-25T19:48:14.2083762Z   clean: true
Linux Desktop Tests (2)	UNKNOWN STEP	2026-02-25T19:48:14.2084199Z   sparse-checkout-cone-mode: true
Linux Desktop Tests (2)	UNKNOWN STEP	2026-02-25T19:48:14.2084731Z   fetch-depth: 1
Linux Desktop Tests (2)	UNKNOWN STEP	2026-02-25T19:48:14.2085167Z   fetch-tags: false
Linux Desktop Tests (2)	UNKNOWN STEP	2026-02-25T19:48:14.2085599Z   show-progress: true
Linux Desktop Tests (2)	UNKNOWN STEP	2026-02-25T19:48:14.2086040Z   lfs: false
Linux Desktop Tests (2)	UNKNOWN STEP	2026-02-25T19:48:14.2086448Z   submodules: false
Linux Desktop Tests (2)	UNKNOWN STEP	2026-02-25T19:48:14.2086901Z   set-safe-directory: true
Linux Desktop Tests (2)	UNKNOWN STEP	2026-02-25T19:48:14.2087625Z env:
Linux Desktop Tests (2)	UNKNOWN STEP	2026-02-25T19:48:14.2088038Z   CACHE_VERSION: v1
Linux Desktop Tests (2)	UNKNOWN STEP	2026-02-25T19:48:14.2088471Z ##[endgroup]
Linux Desktop Tests (2)	UNKNOWN STEP	2026-02-25T19:48:14.3188408Z Syncing repository: floffel/substitution
Linux Desktop Tests (2)	UNKNOWN STEP	2026-02-25T19:48:14.3190449Z ##[group]Getting Git version info
Linux Desktop Tests (2)	UNKNOWN STEP	2026-02-25T19:48:14.3191334Z Working directory is '/home/runner/work/substitution/substitution'
Linux Desktop Tests (2)	UNKNOWN STEP	2026-02-25T19:48:14.3192831Z [command]/usr/bin/git version
Linux Desktop Tests (2)	UNKNOWN STEP	2026-02-25T19:48:14.3280670Z git version 2.53.0
Linux Desktop Tests (2)	UNKNOWN STEP	2026-02-25T19:48:14.3306898Z ##[endgroup]
Linux Desktop Tests (2)	UNKNOWN STEP	2026-02-25T19:48:14.3322121Z Temporarily overriding HOME='/home/runner/work/_temp/8bf26be5-9f07-48f2-a82a-18bc8a57a0e7' before making global git config changes
Linux Desktop Tests (2)	UNKNOWN STEP	2026-02-25T19:48:14.3323709Z Adding repository directory to the temporary git global config as a safe directory
Linux Desktop Tests (2)	UNKNOWN STEP	2026-02-25T19:48:14.3327707Z [command]/usr/bin/git config --global --add safe.directory /home/runner/work/substitution/substitution
Linux Desktop Tests (2)	UNKNOWN STEP	2026-02-25T19:48:14.3368447Z Deleting the contents of '/home/runner/work/substitution/substitution'
Linux Desktop Tests (2)	UNKNOWN STEP	2026-02-25T19:48:14.3372140Z ##[group]Initializing the repository
Linux Desktop Tests (2)	UNKNOWN STEP	2026-02-25T19:48:14.3376556Z [command]/usr/bin/git init /home/runner/work/substitution/substitution
Linux Desktop Tests (2)	UNKNOWN STEP	2026-02-25T19:48:14.3511336Z hint: Using 'master' as the name for the initial branch. This default branch name
Linux Desktop Tests (2)	UNKNOWN STEP	2026-02-25T19:48:14.3513652Z hint: will change to "main" in Git 3.0. To configure the initial branch name
Linux Desktop Tests (2)	UNKNOWN STEP	2026-02-25T19:48:14.3515517Z hint: to use in all of your new repositories, which will suppress this warning,
Linux Desktop Tests (2)	UNKNOWN STEP	2026-02-25T19:48:14.3517830Z hint: call:
Linux Desktop Tests (2)	UNKNOWN STEP	2026-02-25T19:48:14.3518590Z hint:
Linux Desktop Tests (2)	UNKNOWN STEP	2026-02-25T19:48:14.3520209Z hint: 	git config --global init.defaultBranch <name>
Linux Desktop Tests (2)	UNKNOWN STEP	2026-02-25T19:48:14.3522629Z hint:
Linux Desktop Tests (2)	UNKNOWN STEP	2026-02-25T19:48:14.3524662Z hint: Names commonly chosen instead of 'master' are 'main', 'trunk' and
Linux Desktop Tests (2)	UNKNOWN STEP	2026-02-25T19:48:14.3527412Z hint: 'development'. The just-created branch can be renamed via this command:
Linux Desktop Tests (2)	UNKNOWN STEP	2026-02-25T19:48:14.3529197Z hint:
Linux Desktop Tests (2)	UNKNOWN STEP	2026-02-25T19:48:14.3530057Z hint: 	git branch -m <name>
Linux Desktop Tests (2)	UNKNOWN STEP	2026-02-25T19:48:14.3531040Z hint:
Linux Desktop Tests (2)	UNKNOWN STEP	2026-02-25T19:48:14.3532633Z hint: Disable this message with "git config set advice.defaultBranchName false"
Linux Desktop Tests (2)	UNKNOWN STEP	2026-02-25T19:48:14.3535045Z Initialized empty Git repository in /home/runner/work/substitution/substitution/.git/
Linux Desktop Tests (2)	UNKNOWN STEP	2026-02-25T19:48:14.3538413Z [command]/usr/bin/git remote add origin https://github.com/floffel/substitution
Linux Desktop Tests (2)	UNKNOWN STEP	2026-02-25T19:48:14.3573039Z ##[endgroup]
Linux Desktop Tests (2)	UNKNOWN STEP	2026-02-25T19:48:14.3574404Z ##[group]Disabling automatic garbage collection
Linux Desktop Tests (2)	UNKNOWN STEP	2026-02-25T19:48:14.3578119Z [command]/usr/bin/git config --local gc.auto 0
Linux Desktop Tests (2)	UNKNOWN STEP	2026-02-25T19:48:14.3608764Z ##[endgroup]
Linux Desktop Tests (2)	UNKNOWN STEP	2026-02-25T19:48:14.3610155Z ##[group]Setting up auth
Linux Desktop Tests (2)	UNKNOWN STEP	2026-02-25T19:48:14.3616625Z [command]/usr/bin/git config --local --name-only --get-regexp core\.sshCommand
Linux Desktop Tests (2)	UNKNOWN STEP	2026-02-25T19:48:14.3649658Z [command]/usr/bin/git submodule foreach --recursive sh -c "git config --local --name-only --get-regexp 'core\.sshCommand' && git config --local --unset-all 'core.sshCommand' || :"
Linux Desktop Tests (2)	UNKNOWN STEP	2026-02-25T19:48:14.4069549Z [command]/usr/bin/git config --local --name-only --get-regexp http\.https\:\/\/github\.com\/\.extraheader
Linux Desktop Tests (2)	UNKNOWN STEP	2026-02-25T19:48:14.4102916Z [command]/usr/bin/git submodule foreach --recursive sh -c "git config --local --name-only --get-regexp 'http\.https\:\/\/github\.com\/\.extraheader' && git config --local --unset-all 'http.https://github.com/.extraheader' || :"
Linux Desktop Tests (2)	UNKNOWN STEP	2026-02-25T19:48:14.4335947Z [command]/usr/bin/git config --local --name-only --get-regexp ^includeIf\.gitdir:
Linux Desktop Tests (2)	UNKNOWN STEP	2026-02-25T19:48:14.4378129Z [command]/usr/bin/git submodule foreach --recursive git config --local --show-origin --name-only --get-regexp remote.origin.url
Linux Desktop Tests (2)	UNKNOWN STEP	2026-02-25T19:48:14.4615071Z [command]/usr/bin/git config --local http.https://github.com/.extraheader AUTHORIZATION: basic ***
Linux Desktop Tests (2)	UNKNOWN STEP	2026-02-25T19:48:14.4652080Z ##[endgroup]
Linux Desktop Tests (2)	UNKNOWN STEP	2026-02-25T19:48:14.4653577Z ##[group]Fetching the repository
Linux Desktop Tests (2)	UNKNOWN STEP	2026-02-25T19:48:14.4662724Z [command]/usr/bin/git -c protocol.version=2 fetch --no-tags --prune --no-recurse-submodules --depth=1 origin +0408461b08eee1bbe2c516702bd1813b916d3e4c:refs/remotes/pull/1/merge
Linux Desktop Tests (2)	UNKNOWN STEP	2026-02-25T19:48:15.4370930Z From https://github.com/floffel/substitution
Linux Desktop Tests (2)	UNKNOWN STEP	2026-02-25T19:48:15.4375691Z  * [new ref]         0408461b08eee1bbe2c516702bd1813b916d3e4c -> pull/1/merge
Linux Desktop Tests (2)	UNKNOWN STEP	2026-02-25T19:48:15.4417690Z ##[endgroup]
Linux Desktop Tests (2)	UNKNOWN STEP	2026-02-25T19:48:15.4419472Z ##[group]Determining the checkout info
Linux Desktop Tests (2)	UNKNOWN STEP	2026-02-25T19:48:15.4421197Z ##[endgroup]
Linux Desktop Tests (2)	UNKNOWN STEP	2026-02-25T19:48:15.4427351Z [command]/usr/bin/git sparse-checkout disable
Linux Desktop Tests (2)	UNKNOWN STEP	2026-02-25T19:48:15.4480856Z [command]/usr/bin/git config --local --unset-all extensions.worktreeConfig
Linux Desktop Tests (2)	UNKNOWN STEP	2026-02-25T19:48:15.4510898Z ##[group]Checking out the ref
Linux Desktop Tests (2)	UNKNOWN STEP	2026-02-25T19:48:15.4516505Z [command]/usr/bin/git checkout --progress --force refs/remotes/pull/1/merge
Linux Desktop Tests (2)	UNKNOWN STEP	2026-02-25T19:48:15.7399550Z Note: switching to 'refs/remotes/pull/1/merge'.
Linux Desktop Tests (2)	UNKNOWN STEP	2026-02-25T19:48:15.7400195Z 
Linux Desktop Tests (2)	UNKNOWN STEP	2026-02-25T19:48:15.7400537Z You are in 'detached HEAD' state. You can look around, make experimental
Linux Desktop Tests (2)	UNKNOWN STEP	2026-02-25T19:48:15.7401693Z changes and commit them, and you can discard any commits you make in this
Linux Desktop Tests (2)	UNKNOWN STEP	2026-02-25T19:48:15.7402731Z state without impacting any branches by switching back to a branch.
Linux Desktop Tests (2)	UNKNOWN STEP	2026-02-25T19:48:15.7403220Z 
Linux Desktop Tests (2)	UNKNOWN STEP	2026-02-25T19:48:15.7403560Z If you want to create a new branch to retain commits you create, you may
Linux Desktop Tests (2)	UNKNOWN STEP	2026-02-25T19:48:15.7404718Z do so (now or later) by using -c with the switch command. Example:
Linux Desktop Tests (2)	UNKNOWN STEP	2026-02-25T19:48:15.7405200Z 
Linux Desktop Tests (2)	UNKNOWN STEP	2026-02-25T19:48:15.7405382Z   git switch -c <new-branch-name>
Linux Desktop Tests (2)	UNKNOWN STEP	2026-02-25T19:48:15.7405680Z 
Linux Desktop Tests (2)	UNKNOWN STEP	2026-02-25T19:48:15.7405884Z Or undo this operation with:
Linux Desktop Tests (2)	UNKNOWN STEP	2026-02-25T19:48:15.7406164Z 
Linux Desktop Tests (2)	UNKNOWN STEP	2026-02-25T19:48:15.7406314Z   git switch -
Linux Desktop Tests (2)	UNKNOWN STEP	2026-02-25T19:48:15.7406555Z 
Linux Desktop Tests (2)	UNKNOWN STEP	2026-02-25T19:48:15.7406962Z Turn off this advice by setting config variable advice.detachedHead to false
Linux Desktop Tests (2)	UNKNOWN STEP	2026-02-25T19:48:15.7407490Z 
Linux Desktop Tests (2)	UNKNOWN STEP	2026-02-25T19:48:15.7408084Z HEAD is now at 0408461 Merge 86c2f4a4443179a61e99b4f5d2c467a0f9c43a72 into 74cc852017b0f1fdeb37326726f5fee7effe2248
Linux Desktop Tests (2)	UNKNOWN STEP	2026-02-25T19:48:15.7417476Z ##[endgroup]
Linux Desktop Tests (2)	UNKNOWN STEP	2026-02-25T19:48:15.7458955Z [command]/usr/bin/git log -1 --format=%H
Linux Desktop Tests (2)	UNKNOWN STEP	2026-02-25T19:48:15.7483610Z 0408461b08eee1bbe2c516702bd1813b916d3e4c
Linux Desktop Tests (2)	UNKNOWN STEP	2026-02-25T19:48:15.7738576Z ##[group]Run sudo apt-get update -q
Linux Desktop Tests (2)	UNKNOWN STEP	2026-02-25T19:48:15.7739030Z [36;1msudo apt-get update -q[0m
Linux Desktop Tests (2)	UNKNOWN STEP	2026-02-25T19:48:15.7739334Z [36;1msudo apt-get install -y \[0m
Linux Desktop Tests (2)	UNKNOWN STEP	2026-02-25T19:48:15.7739688Z [36;1m  clang cmake ninja-build pkg-config \[0m
Linux Desktop Tests (2)	UNKNOWN STEP	2026-02-25T19:48:15.7740115Z [36;1m  libgtk-3-dev liblzma-dev libstdc++-12-dev \[0m
Linux Desktop Tests (2)	UNKNOWN STEP	2026-02-25T19:48:15.7740536Z [36;1m  libsecret-1-dev libjsoncpp-dev libsqlite3-dev \[0m
Linux Desktop Tests (2)	UNKNOWN STEP	2026-02-25T19:48:15.7740974Z [36;1m  libgl1-mesa-dev libegl1-mesa-dev libgles2-mesa-dev \[0m
Linux Desktop Tests (2)	UNKNOWN STEP	2026-02-25T19:48:15.7741562Z [36;1m  libblkid-dev libdbus-1-dev libatk1.0-dev \[0m
Linux Desktop Tests (2)	UNKNOWN STEP	2026-02-25T19:48:15.7741922Z [36;1m  xvfb[0m
Linux Desktop Tests (2)	UNKNOWN STEP	2026-02-25T19:48:15.7797034Z shell: /usr/bin/bash -e {0}
Linux Desktop Tests (2)	UNKNOWN STEP	2026-02-25T19:48:15.7797350Z env:
Linux Desktop Tests (2)	UNKNOWN STEP	2026-02-25T19:48:15.7797572Z   CACHE_VERSION: v1
Linux Desktop Tests (2)	UNKNOWN STEP	2026-02-25T19:48:15.7797827Z ##[endgroup]
Linux Desktop Tests (2)	UNKNOWN STEP	2026-02-25T19:48:15.8571669Z Get:1 file:/etc/apt/apt-mirrors.txt Mirrorlist [144 B]
Linux Desktop Tests (2)	UNKNOWN STEP	2026-02-25T19:48:15.8818722Z Hit:2 http://azure.archive.ubuntu.com/ubuntu noble InRelease
Linux Desktop Tests (2)	UNKNOWN STEP	2026-02-25T19:48:15.8836544Z Get:3 http://azure.archive.ubuntu.com/ubuntu noble-updates InRelease [126 kB]
Linux Desktop Tests (2)	UNKNOWN STEP	2026-02-25T19:48:15.8927062Z Get:4 http://azure.archive.ubuntu.com/ubuntu noble-backports InRelease [126 kB]
Linux Desktop Tests (2)	UNKNOWN STEP	2026-02-25T19:48:15.8929065Z Get:5 http://azure.archive.ubuntu.com/ubuntu noble-security InRelease [126 kB]
Linux Desktop Tests (2)	UNKNOWN STEP	2026-02-25T19:48:15.9580903Z Hit:6 https://packages.microsoft.com/repos/azure-cli noble InRelease
Linux Desktop Tests (2)	UNKNOWN STEP	2026-02-25T19:48:15.9704837Z Get:7 https://packages.microsoft.com/ubuntu/24.04/prod noble InRelease [3600 B]
Linux Desktop Tests (2)	UNKNOWN STEP	2026-02-25T19:48:16.0179962Z Get:8 http://azure.archive.ubuntu.com/ubuntu noble-updates/main amd64 Packages [1800 kB]
Linux Desktop Tests (2)	UNKNOWN STEP	2026-02-25T19:48:16.0371911Z Get:9 http://azure.archive.ubuntu.com/ubuntu noble-updates/main Translation-en [331 kB]
Linux Desktop Tests (2)	UNKNOWN STEP	2026-02-25T19:48:16.0402545Z Get:10 http://azure.archive.ubuntu.com/ubuntu noble-updates/main amd64 Components [175 kB]
Linux Desktop Tests (2)	UNKNOWN STEP	2026-02-25T19:48:16.0421362Z Get:11 http://azure.archive.ubuntu.com/ubuntu noble-updates/main amd64 c-n-f Metadata [16.5 kB]
Linux Desktop Tests (2)	UNKNOWN STEP	2026-02-25T19:48:16.0433944Z Get:12 http://azure.archive.ubuntu.com/ubuntu noble-updates/universe amd64 Packages [1557 kB]
Linux Desktop Tests (2)	UNKNOWN STEP	2026-02-25T19:48:16.0534755Z Get:13 http://azure.archive.ubuntu.com/ubuntu noble-updates/universe Translation-en [316 kB]
Linux Desktop Tests (2)	UNKNOWN STEP	2026-02-25T19:48:16.0550780Z Get:14 http://azure.archive.ubuntu.com/ubuntu noble-updates/universe amd64 Components [386 kB]
Linux Desktop Tests (2)	UNKNOWN STEP	2026-02-25T19:48:16.0584379Z Get:15 http://azure.archive.ubuntu.com/ubuntu noble-updates/universe amd64 c-n-f Metadata [32.7 kB]
Linux Desktop Tests (2)	UNKNOWN STEP	2026-02-25T19:48:16.0594900Z Get:16 http://azure.archive.ubuntu.com/ubuntu noble-updates/restricted amd64 Packages [2735 kB]
Linux Desktop Tests (2)	UNKNOWN STEP	2026-02-25T19:48:16.0805201Z Get:17 http://azure.archive.ubuntu.com/ubuntu noble-updates/restricted Translation-en [630 kB]
Linux Desktop Tests (2)	UNKNOWN STEP	2026-02-25T19:48:16.1192886Z Get:18 http://azure.archive.ubuntu.com/ubuntu noble-updates/restricted amd64 Components [212 B]
Linux Desktop Tests (2)	UNKNOWN STEP	2026-02-25T19:48:16.1201249Z Get:19 http://azure.archive.ubuntu.com/ubuntu noble-updates/multiverse amd64 Components [940 B]
Linux Desktop Tests (2)	UNKNOWN STEP	2026-02-25T19:48:16.1210712Z Get:20 http://azure.archive.ubuntu.com/ubuntu noble-backports/main amd64 Components [7296 B]
Linux Desktop Tests (2)	UNKNOWN STEP	2026-02-25T19:48:16.1219764Z Get:21 http://azure.archive.ubuntu.com/ubuntu noble-backports/universe amd64 Components [10.5 kB]
Linux Desktop Tests (2)	UNKNOWN STEP	2026-02-25T19:48:16.1227190Z Get:22 http://azure.archive.ubuntu.com/ubuntu noble-backports/restricted amd64 Components [216 B]
Linux Desktop Tests (2)	UNKNOWN STEP	2026-02-25T19:48:16.1238161Z Get:23 http://azure.archive.ubuntu.com/ubuntu noble-backports/multiverse amd64 Components [212 B]
Linux Desktop Tests (2)	UNKNOWN STEP	2026-02-25T19:48:16.1347637Z Get:24 http://azure.archive.ubuntu.com/ubuntu noble-security/main amd64 Packages [1491 kB]
Linux Desktop Tests (2)	UNKNOWN STEP	2026-02-25T19:48:16.1429579Z Get:25 http://azure.archive.ubuntu.com/ubuntu noble-security/main Translation-en [239 kB]
Linux Desktop Tests (2)	UNKNOWN STEP	2026-02-25T19:48:16.1453766Z Get:26 http://azure.archive.ubuntu.com/ubuntu noble-security/main amd64 Components [21.5 kB]
Linux Desktop Tests (2)	UNKNOWN STEP	2026-02-25T19:48:16.1458725Z Get:27 http://azure.archive.ubuntu.com/ubuntu noble-security/main amd64 c-n-f Metadata [9932 B]
Linux Desktop Tests (2)	UNKNOWN STEP	2026-02-25T19:48:16.1483216Z Get:28 http://azure.archive.ubuntu.com/ubuntu noble-security/universe amd64 Packages [936 kB]
Linux Desktop Tests (2)	UNKNOWN STEP	2026-02-25T19:48:16.1533035Z Get:29 http://azure.archive.ubuntu.com/ubuntu noble-security/universe Translation-en [216 kB]
Linux Desktop Tests (2)	UNKNOWN STEP	2026-02-25T19:48:16.1555970Z Get:30 http://azure.archive.ubuntu.com/ubuntu noble-security/universe amd64 Components [74.2 kB]
Linux Desktop Tests (2)	UNKNOWN STEP	2026-02-25T19:48:16.1564854Z Get:31 http://azure.archive.ubuntu.com/ubuntu noble-security/universe amd64 c-n-f Metadata [20.1 kB]
Linux Desktop Tests (2)	UNKNOWN STEP	2026-02-25T19:48:16.1997560Z Get:32 http://azure.archive.ubuntu.com/ubuntu noble-security/restricted amd64 Packages [2557 kB]
Linux Desktop Tests (2)	UNKNOWN STEP	2026-02-25T19:48:16.2122419Z Get:33 http://azure.archive.ubuntu.com/ubuntu noble-security/restricted Translation-en [594 kB]
Linux Desktop Tests (2)	UNKNOWN STEP	2026-02-25T19:48:16.2157268Z Get:34 http://azure.archive.ubuntu.com/ubuntu noble-security/restricted amd64 Components [212 B]
Linux Desktop Tests (2)	UNKNOWN STEP	2026-02-25T19:48:16.2164585Z Get:35 http://azure.archive.ubuntu.com/ubuntu noble-security/multiverse amd64 Components [212 B]
Linux Desktop Tests (2)	UNKNOWN STEP	2026-02-25T19:48:16.2489345Z Get:36 https://packages.microsoft.com/ubuntu/24.04/prod noble/main armhf Packages [11.4 kB]
Linux Desktop Tests (2)	UNKNOWN STEP	2026-02-25T19:48:16.2587233Z Get:37 https://packages.microsoft.com/ubuntu/24.04/prod noble/main arm64 Packages [74.9 kB]
Linux Desktop Tests (2)	UNKNOWN STEP	2026-02-25T19:48:16.2759186Z Get:38 https://packages.microsoft.com/ubuntu/24.04/prod noble/main amd64 Packages [96.0 kB]
Linux Desktop Tests (2)	UNKNOWN STEP	2026-02-25T19:48:21.5790638Z Fetched 14.7 MB in 2s (8898 kB/s)
Linux Desktop Tests (2)	UNKNOWN STEP	2026-02-25T19:48:22.3275825Z Reading package lists...
Linux Desktop Tests (2)	UNKNOWN STEP	2026-02-25T19:48:22.3622832Z Reading package lists...
Linux Desktop Tests (2)	UNKNOWN STEP	2026-02-25T19:48:22.5265669Z Building dependency tree...
Linux Desktop Tests (2)	UNKNOWN STEP	2026-02-25T19:48:22.5275073Z Reading state information...
Linux Desktop Tests (2)	UNKNOWN STEP	2026-02-25T19:48:22.6865733Z pkg-config is already the newest version (1.8.1-2build1).
Linux Desktop Tests (2)	UNKNOWN STEP	2026-02-25T19:48:22.6866501Z libstdc++-12-dev is already the newest version (12.4.0-2ubuntu1~24.04.1).
Linux Desktop Tests (2)	UNKNOWN STEP	2026-02-25T19:48:22.6867134Z libstdc++-12-dev set to manually installed.
Linux Desktop Tests (2)	UNKNOWN STEP	2026-02-25T19:48:22.6867708Z libsqlite3-dev is already the newest version (3.45.1-1ubuntu2.5).
Linux Desktop Tests (2)	UNKNOWN STEP	2026-02-25T19:48:22.6868389Z xvfb is already the newest version (2:21.1.12-1ubuntu1.5).
Linux Desktop Tests (2)	UNKNOWN STEP	2026-02-25T19:48:22.6869036Z The following additional packages will be installed:
Linux Desktop Tests (2)	UNKNOWN STEP	2026-02-25T19:48:22.6869774Z   bzip2-doc cmake-data gir1.2-atk-1.0 gir1.2-atspi-2.0 gir1.2-freedesktop
Linux Desktop Tests (2)	UNKNOWN STEP	2026-02-25T19:48:22.6870506Z   gir1.2-freedesktop-dev gir1.2-gdkpixbuf-2.0 gir1.2-glib-2.0
Linux Desktop Tests (2)	UNKNOWN STEP	2026-02-25T19:48:22.6871213Z   gir1.2-glib-2.0-dev gir1.2-gtk-3.0 gir1.2-harfbuzz-0.0 gir1.2-pango-1.0
Linux Desktop Tests (2)	UNKNOWN STEP	2026-02-25T19:48:22.6882450Z   gir1.2-secret-1 libatk-bridge2.0-dev libatspi2.0-dev libbrotli-dev
Linux Desktop Tests (2)	UNKNOWN STEP	2026-02-25T19:48:22.6883190Z   libbz2-dev libcairo-script-interpreter2 libcairo2-dev libdatrie-dev
Linux Desktop Tests (2)	UNKNOWN STEP	2026-02-25T19:48:22.6883935Z   libdeflate-dev libegl-dev libegl-mesa0 libegl1 libepoxy-dev
Linux Desktop Tests (2)	UNKNOWN STEP	2026-02-25T19:48:22.6884633Z   libfontconfig-dev libfreetype-dev libfribidi-dev libgcrypt20-dev
Linux Desktop Tests (2)	UNKNOWN STEP	2026-02-25T19:48:22.6885439Z   libgdk-pixbuf-2.0-dev libgdk-pixbuf2.0-bin libgirepository-2.0-0 libgl-dev
Linux Desktop Tests (2)	UNKNOWN STEP	2026-02-25T19:48:22.6886258Z   libgles-dev libgles1 libgles2 libglib2.0-0t64 libglib2.0-bin libglib2.0-data
Linux Desktop Tests (2)	UNKNOWN STEP	2026-02-25T19:48:22.6887144Z   libglib2.0-dev libglib2.0-dev-bin libglvnd-core-dev libglvnd-dev libglx-dev
Linux Desktop Tests (2)	UNKNOWN STEP	2026-02-25T19:48:22.6887961Z   libgpg-error-dev libgraphite2-dev libharfbuzz-cairo0 libharfbuzz-dev
Linux Desktop Tests (2)	UNKNOWN STEP	2026-02-25T19:48:22.6888758Z   libharfbuzz-gobject0 libharfbuzz-icu0 libharfbuzz-subset0 libice-dev
Linux Desktop Tests (2)	UNKNOWN STEP	2026-02-25T19:48:22.6889997Z   libjbig-dev libjpeg-dev libjpeg-turbo8-dev libjpeg8-dev libjsoncpp25
Linux Desktop Tests (2)	UNKNOWN STEP	2026-02-25T19:48:22.6890761Z   liblerc-dev libmount-dev libopengl-dev libopengl0 libpango1.0-dev
Linux Desktop Tests (2)	UNKNOWN STEP	2026-02-25T19:48:22.6891767Z   libpangoxft-1.0-0 libpixman-1-dev libpng-dev libpng-tools libpng16-16t64
Linux Desktop Tests (2)	UNKNOWN STEP	2026-02-25T19:48:22.6892571Z   libpthread-stubs0-dev librhash0 libsecret-1-0 libsecret-common
Linux Desktop Tests (2)	UNKNOWN STEP	2026-02-25T19:48:22.6893304Z   libselinux1-dev libsepol-dev libsharpyuv-dev libsm-dev libthai-dev
Linux Desktop Tests (2)	UNKNOWN STEP	2026-02-25T19:48:22.6894099Z   libtiff-dev libtiffxx6 libwayland-bin libwayland-dev libwayland-server0
Linux Desktop Tests (2)	UNKNOWN STEP	2026-02-25T19:48:22.6894938Z   libwebp-dev libwebpdecoder3 libx11-dev libxau-dev libxcb-render0-dev
Linux Desktop Tests (2)	UNKNOWN STEP	2026-02-25T19:48:22.6896083Z   libxcb-shm0-dev libxcb1-dev libxcomposite-dev libxcursor-dev libxdamage-dev
Linux Desktop Tests (2)	UNKNOWN STEP	2026-02-25T19:48:22.6896965Z   libxdmcp-dev libxext-dev libxfixes-dev libxft-dev libxi-dev libxinerama-dev
Linux Desktop Tests (2)	UNKNOWN STEP	2026-02-25T19:48:22.6897798Z   libxkbcommon-dev libxrandr-dev libxrender-dev libxtst-dev pango1.0-tools
Linux Desktop Tests (2)	UNKNOWN STEP	2026-02-25T19:48:22.6898614Z   uuid-dev wayland-protocols x11proto-dev xorg-sgml-doctools xtrans-dev
Linux Desktop Tests (2)	UNKNOWN STEP	2026-02-25T19:48:22.6899213Z Suggested packages:
Linux Desktop Tests (2)	UNKNOWN STEP	2026-02-25T19:48:22.6899705Z   cmake-doc cmake-format elpa-cmake-mode libcairo2-doc libdatrie-doc
Linux Desktop Tests (2)	UNKNOWN STEP	2026-02-25T19:48:22.6900434Z   freetype2-doc libgcrypt20-doc low-memory-monitor libglib2.0-doc
Linux Desktop Tests (2)	UNKNOWN STEP	2026-02-25T19:48:22.6901191Z   libxml2-utils libgraphite2-utils libgtk-3-doc libice-doc liblzma-doc
Linux Desktop Tests (2)	UNKNOWN STEP	2026-02-25T19:48:22.6912431Z   libpango1.0-doc libsm-doc libthai-doc libwayland-doc libx11-doc libxcb-doc
Linux Desktop Tests (2)	UNKNOWN STEP	2026-02-25T19:48:22.6913098Z   libxext-doc graphicsmagick
Linux Desktop Tests (2)	UNKNOWN STEP	2026-02-25T19:48:22.7520088Z The following NEW packages will be installed:
Linux Desktop Tests (2)	UNKNOWN STEP	2026-02-25T19:48:22.7521155Z   bzip2-doc clang cmake cmake-data gir1.2-atk-1.0 gir1.2-atspi-2.0
Linux Desktop Tests (2)	UNKNOWN STEP	2026-02-25T19:48:22.7522498Z   gir1.2-freedesktop gir1.2-freedesktop-dev gir1.2-gdkpixbuf-2.0
Linux Desktop Tests (2)	UNKNOWN STEP	2026-02-25T19:48:22.7523811Z   gir1.2-glib-2.0-dev gir1.2-gtk-3.0 gir1.2-harfbuzz-0.0 gir1.2-pango-1.0
Linux Desktop Tests (2)	UNKNOWN STEP	2026-02-25T19:48:22.7524719Z   gir1.2-secret-1 libatk-bridge2.0-dev libatk1.0-dev libatspi2.0-dev
Linux Desktop Tests (2)	UNKNOWN STEP	2026-02-25T19:48:22.7525519Z   libblkid-dev libbrotli-dev libbz2-dev libcairo-script-interpreter2
Linux Desktop Tests (2)	UNKNOWN STEP	2026-02-25T19:48:22.7526513Z   libcairo2-dev libdatrie-dev libdbus-1-dev libdeflate-dev libegl-dev
Linux Desktop Tests (2)	UNKNOWN STEP	2026-02-25T19:48:22.7527528Z   libegl-mesa0 libegl1 libegl1-mesa-dev libepoxy-dev libfontconfig-dev
Linux Desktop Tests (2)	UNKNOWN STEP	2026-02-25T19:48:22.7528171Z   libfreetype-dev libfribidi-dev libgcrypt20-dev libgdk-pixbuf-2.0-dev
Linux Desktop Tests (2)	UNKNOWN STEP	2026-02-25T19:48:22.7528819Z   libgdk-pixbuf2.0-bin libgirepository-2.0-0 libgl-dev libgl1-mesa-dev
Linux Desktop Tests (2)	UNKNOWN STEP	2026-02-25T19:48:22.7529778Z   libgles-dev libgles1 libgles2 libgles2-mesa-dev libglib2.0-dev
Linux Desktop Tests (2)	UNKNOWN STEP	2026-02-25T19:48:22.7530680Z   libglib2.0-dev-bin libglvnd-core-dev libglvnd-dev libglx-dev
Linux Desktop Tests (2)	UNKNOWN STEP	2026-02-25T19:48:22.7531287Z   libgpg-error-dev libgraphite2-dev libgtk-3-dev libharfbuzz-cairo0
Linux Desktop Tests (2)	UNKNOWN STEP	2026-02-25T19:48:22.7532087Z   libharfbuzz-dev libharfbuzz-gobject0 libharfbuzz-icu0 libharfbuzz-subset0
Linux Desktop Tests (2)	UNKNOWN STEP	2026-02-25T19:48:22.7532758Z   libice-dev libjbig-dev libjpeg-dev libjpeg-turbo8-dev libjpeg8-dev
Linux Desktop Tests (2)	UNKNOWN STEP	2026-02-25T19:48:22.7533574Z   libjsoncpp-dev libjsoncpp25 liblerc-dev liblzma-dev libmount-dev
Linux Desktop Tests (2)	UNKNOWN STEP	2026-02-25T19:48:22.7534632Z   libopengl-dev libopengl0 libpango1.0-dev libpangoxft-1.0-0 libpixman-1-dev
Linux Desktop Tests (2)	UNKNOWN STEP	2026-02-25T19:48:22.7535443Z   libpng-dev libpng-tools libpthread-stubs0-dev librhash0 libsecret-1-0
Linux Desktop Tests (2)	UNKNOWN STEP	2026-02-25T19:48:22.7536174Z   libsecret-1-dev libsecret-common libselinux1-dev libsepol-dev
Linux Desktop Tests (2)	UNKNOWN STEP	2026-02-25T19:48:22.7536848Z   libsharpyuv-dev libsm-dev libthai-dev libtiff-dev libtiffxx6 libwayland-bin
Linux Desktop Tests (2)	UNKNOWN STEP	2026-02-25T19:48:22.7537364Z   libwayland-dev libwayland-server0 libwebp-dev libwebpdecoder3 libx11-dev
Linux Desktop Tests (2)	UNKNOWN STEP	2026-02-25T19:48:22.7537878Z   libxau-dev libxcb-render0-dev libxcb-shm0-dev libxcb1-dev libxcomposite-dev
Linux Desktop Tests (2)	UNKNOWN STEP	2026-02-25T19:48:22.7538376Z   libxcursor-dev libxdamage-dev libxdmcp-dev libxext-dev libxfixes-dev
Linux Desktop Tests (2)	UNKNOWN STEP	2026-02-25T19:48:22.7538844Z   libxft-dev libxi-dev libxinerama-dev libxkbcommon-dev libxrandr-dev
Linux Desktop Tests (2)	UNKNOWN STEP	2026-02-25T19:48:22.7539399Z   libxrender-dev libxtst-dev ninja-build pango1.0-tools uuid-dev
Linux Desktop Tests (2)	UNKNOWN STEP	2026-02-25T19:48:22.7540405Z   wayland-protocols x11proto-dev xorg-sgml-doctools xtrans-dev
Linux Desktop Tests (2)	UNKNOWN STEP	2026-02-25T19:48:22.7540763Z The following packages will be upgraded:
Linux Desktop Tests (2)	UNKNOWN STEP	2026-02-25T19:48:22.7541098Z   gir1.2-glib-2.0 libglib2.0-0t64 libglib2.0-bin libglib2.0-data
Linux Desktop Tests (2)	UNKNOWN STEP	2026-02-25T19:48:22.7541565Z   libpng16-16t64
Linux Desktop Tests (2)	UNKNOWN STEP	2026-02-25T19:48:22.7741541Z 5 upgraded, 115 newly installed, 0 to remove and 27 not upgraded.
Linux Desktop Tests (2)	UNKNOWN STEP	2026-02-25T19:48:22.7742077Z Need to get 30.4 MB of archives.
Linux Desktop Tests (2)	UNKNOWN STEP	2026-02-25T19:48:22.7742649Z After this operation, 139 MB of additional disk space will be used.
Linux Desktop Tests (2)	UNKNOWN STEP	2026-02-25T19:48:22.7743315Z Get:1 file:/etc/apt/apt-mirrors.txt Mirrorlist [144 B]
Linux Desktop Tests (2)	UNKNOWN STEP	2026-02-25T19:48:22.7959664Z Get:2 http://azure.archive.ubuntu.com/ubuntu noble-updates/main amd64 libglib2.0-data all 2.80.0-6ubuntu3.8 [49.6 kB]
Linux Desktop Tests (2)	UNKNOWN STEP	2026-02-25T19:48:22.8019500Z Get:3 http://azure.archive.ubuntu.com/ubuntu noble-updates/main amd64 libglib2.0-bin amd64 2.80.0-6ubuntu3.8 [97.9 kB]
Linux Desktop Tests (2)	UNKNOWN STEP	2026-02-25T19:48:22.8105587Z Get:4 http://azure.archive.ubuntu.com/ubuntu noble-updates/main amd64 gir1.2-glib-2.0 amd64 2.80.0-6ubuntu3.8 [183 kB]
Linux Desktop Tests (2)	UNKNOWN STEP	2026-02-25T19:48:22.8233963Z Get:5 http://azure.archive.ubuntu.com/ubuntu noble-updates/main amd64 libglib2.0-0t64 amd64 2.80.0-6ubuntu3.8 [1545 kB]
Linux Desktop Tests (2)	UNKNOWN STEP	2026-02-25T19:48:22.8869311Z Get:6 http://azure.archive.ubuntu.com/ubuntu noble-updates/main amd64 libpng16-16t64 amd64 1.6.43-5ubuntu0.5 [188 kB]
Linux Desktop Tests (2)	UNKNOWN STEP	2026-02-25T19:48:22.8967750Z Get:7 http://azure.archive.ubuntu.com/ubuntu noble-updates/main amd64 bzip2-doc all 1.0.8-5.1build0.1 [499 kB]
Linux Desktop Tests (2)	UNKNOWN STEP	2026-02-25T19:48:22.9165945Z Get:8 http://azure.archive.ubuntu.com/ubuntu noble/universe amd64 clang amd64 1:18.0-59~exp2 [5846 B]
Linux Desktop Tests (2)	UNKNOWN STEP	2026-02-25T19:48:22.9193569Z Get:9 http://azure.archive.ubuntu.com/ubuntu noble/main amd64 libjsoncpp25 amd64 1.9.5-6build1 [82.8 kB]
Linux Desktop Tests (2)	UNKNOWN STEP	2026-02-25T19:48:22.9254772Z Get:10 http://azure.archive.ubuntu.com/ubuntu noble/main amd64 librhash0 amd64 1.4.3-3build1 [129 kB]
Linux Desktop Tests (2)	UNKNOWN STEP	2026-02-25T19:48:22.9329169Z Get:11 http://azure.archive.ubuntu.com/ubuntu noble/main amd64 cmake-data all 3.28.3-1build7 [2155 kB]
Linux Desktop Tests (2)	UNKNOWN STEP	2026-02-25T19:48:22.9765412Z Get:12 http://azure.archive.ubuntu.com/ubuntu noble/main amd64 cmake amd64 3.28.3-1build7 [11.2 MB]
Linux Desktop Tests (2)	UNKNOWN STEP	2026-02-25T19:48:23.5154754Z Get:13 http://azure.archive.ubuntu.com/ubuntu noble/main amd64 gir1.2-atk-1.0 amd64 2.52.0-1build1 [23.1 kB]
Linux Desktop Tests (2)	UNKNOWN STEP	2026-02-25T19:48:23.5182013Z Get:14 http://azure.archive.ubuntu.com/ubuntu noble/main amd64 gir1.2-freedesktop amd64 1.80.1-1 [49.7 kB]
Linux Desktop Tests (2)	UNKNOWN STEP	2026-02-25T19:48:23.5224389Z Get:15 http://azure.archive.ubuntu.com/ubuntu noble/main amd64 gir1.2-atspi-2.0 amd64 2.52.0-1build1 [19.8 kB]
Linux Desktop Tests (2)	UNKNOWN STEP	2026-02-25T19:48:23.5269883Z Get:16 http://azure.archive.ubuntu.com/ubuntu noble-updates/main amd64 gir1.2-glib-2.0-dev amd64 2.80.0-6ubuntu3.8 [848 kB]
Linux Desktop Tests (2)	UNKNOWN STEP	2026-02-25T19:48:23.5502211Z Get:17 http://azure.archive.ubuntu.com/ubuntu noble/main amd64 gir1.2-freedesktop-dev amd64 1.80.1-1 [28.8 kB]
Linux Desktop Tests (2)	UNKNOWN STEP	2026-02-25T19:48:23.5537700Z Get:18 http://azure.archive.ubuntu.com/ubuntu noble-updates/main amd64 gir1.2-gdkpixbuf-2.0 amd64 2.42.10+dfsg-3ubuntu3.2 [9488 B]
Linux Desktop Tests (2)	UNKNOWN STEP	2026-02-25T19:48:23.5578257Z Get:19 http://azure.archive.ubuntu.com/ubuntu noble/main amd64 libharfbuzz-gobject0 amd64 8.3.0-2build2 [34.3 kB]
Linux Desktop Tests (2)	UNKNOWN STEP	2026-02-25T19:48:23.6072630Z Get:20 http://azure.archive.ubuntu.com/ubuntu noble/main amd64 gir1.2-harfbuzz-0.0 amd64 8.3.0-2build2 [44.5 kB]
Linux Desktop Tests (2)	UNKNOWN STEP	2026-02-25T19:48:23.6108008Z Get:21 http://azure.archive.ubuntu.com/ubuntu noble/main amd64 libpangoxft-1.0-0 amd64 1.52.1+ds-1build1 [20.3 kB]
Linux Desktop Tests (2)	UNKNOWN STEP	2026-02-25T19:48:23.6137085Z Get:22 http://azure.archive.ubuntu.com/ubuntu noble/main amd64 gir1.2-pango-1.0 amd64 1.52.1+ds-1build1 [34.8 kB]
Linux Desktop Tests (2)	UNKNOWN STEP	2026-02-25T19:48:23.6181729Z Get:23 http://azure.archive.ubuntu.com/ubuntu noble-updates/main amd64 gir1.2-gtk-3.0 amd64 3.24.41-4ubuntu1.3 [245 kB]
Linux Desktop Tests (2)	UNKNOWN STEP	2026-02-25T19:48:23.6290435Z Get:24 http://azure.archive.ubuntu.com/ubuntu noble/main amd64 libsecret-common all 0.21.4-1build3 [4962 B]
Linux Desktop Tests (2)	UNKNOWN STEP	2026-02-25T19:48:23.6318821Z Get:25 http://azure.archive.ubuntu.com/ubuntu noble/main amd64 libsecret-1-0 amd64 0.21.4-1build3 [116 kB]
Linux Desktop Tests (2)	UNKNOWN STEP	2026-02-25T19:48:23.6378100Z Get:26 http://azure.archive.ubuntu.com/ubuntu noble/main amd64 gir1.2-secret-1 amd64 0.21.4-1build3 [9424 B]
Linux Desktop Tests (2)	UNKNOWN STEP	2026-02-25T19:48:23.6408723Z Get:27 http://azure.archive.ubuntu.com/ubuntu noble-updates/main amd64 libglib2.0-dev-bin amd64 2.80.0-6ubuntu3.8 [138 kB]
Linux Desktop Tests (2)	UNKNOWN STEP	2026-02-25T19:48:23.6476596Z Get:28 http://azure.archive.ubuntu.com/ubuntu noble-updates/main amd64 uuid-dev amd64 2.39.3-9ubuntu6.4 [33.5 kB]
Linux Desktop Tests (2)	UNKNOWN STEP	2026-02-25T19:48:23.6506875Z Get:29 http://azure.archive.ubuntu.com/ubuntu noble-updates/main amd64 libblkid-dev amd64 2.39.3-9ubuntu6.4 [204 kB]
Linux Desktop Tests (2)	UNKNOWN STEP	2026-02-25T19:48:23.6634943Z Get:30 http://azure.archive.ubuntu.com/ubuntu noble/main amd64 libsepol-dev amd64 3.5-2build1 [384 kB]
Linux Desktop Tests (2)	UNKNOWN STEP	2026-02-25T19:48:23.6806397Z Get:31 http://azure.archive.ubuntu.com/ubuntu noble-updates/main amd64 libselinux1-dev amd64 3.5-2ubuntu2.1 [164 kB]
Linux Desktop Tests (2)	UNKNOWN STEP	2026-02-25T19:48:23.6877374Z Get:32 http://azure.archive.ubuntu.com/ubuntu noble-updates/main amd64 libmount-dev amd64 2.39.3-9ubuntu6.4 [14.9 kB]
Linux Desktop Tests (2)	UNKNOWN STEP	2026-02-25T19:48:23.6900915Z Get:33 http://azure.archive.ubuntu.com/ubuntu noble-updates/main amd64 libgirepository-2.0-0 amd64 2.80.0-6ubuntu3.8 [73.6 kB]
Linux Desktop Tests (2)	UNKNOWN STEP	2026-02-25T19:48:23.6941746Z Get:34 http://azure.archive.ubuntu.com/ubuntu noble-updates/main amd64 libglib2.0-dev amd64 2.80.0-6ubuntu3.8 [1860 kB]
Linux Desktop Tests (2)	UNKNOWN STEP	2026-02-25T19:48:23.7418844Z Get:35 http://azure.archive.ubuntu.com/ubuntu noble/main amd64 libatk1.0-dev amd64 2.52.0-1build1 [100 kB]
Linux Desktop Tests (2)	UNKNOWN STEP	2026-02-25T19:48:23.7465992Z Get:36 http://azure.archive.ubuntu.com/ubuntu noble-updates/main amd64 libdbus-1-dev amd64 1.14.10-4ubuntu4.1 [190 kB]
Linux Desktop Tests (2)	UNKNOWN STEP	2026-02-25T19:48:23.7534773Z Get:37 http://azure.archive.ubuntu.com/ubuntu noble/main amd64 xorg-sgml-doctools all 1:1.11-1.1 [10.9 kB]
Linux Desktop Tests (2)	UNKNOWN STEP	2026-02-25T19:48:23.7562732Z Get:38 http://azure.archive.ubuntu.com/ubuntu noble/main amd64 x11proto-dev all 2023.2-1 [602 kB]
Linux Desktop Tests (2)	UNKNOWN STEP	2026-02-25T19:48:23.8139489Z Get:39 http://azure.archive.ubuntu.com/ubuntu noble/main amd64 libxau-dev amd64 1:1.0.9-1build6 [9570 B]
Linux Desktop Tests (2)	UNKNOWN STEP	2026-02-25T19:48:23.8163184Z Get:40 http://azure.archive.ubuntu.com/ubuntu noble/main amd64 libxdmcp-dev amd64 1:1.1.3-0ubuntu6 [26.5 kB]
Linux Desktop Tests (2)	UNKNOWN STEP	2026-02-25T19:48:23.8184843Z Get:41 http://azure.archive.ubuntu.com/ubuntu noble/main amd64 xtrans-dev all 1.4.0-1 [68.9 kB]
Linux Desktop Tests (2)	UNKNOWN STEP	2026-02-25T19:48:23.8213823Z Get:42 http://azure.archive.ubuntu.com/ubuntu noble/main amd64 libpthread-stubs0-dev amd64 0.4-1build3 [4746 B]
Linux Desktop Tests (2)	UNKNOWN STEP	2026-02-25T19:48:23.8236867Z Get:43 http://azure.archive.ubuntu.com/ubuntu noble/main amd64 libxcb1-dev amd64 1.15-1ubuntu2 [85.8 kB]
Linux Desktop Tests (2)	UNKNOWN STEP	2026-02-25T19:48:23.8277545Z Get:44 http://azure.archive.ubuntu.com/ubuntu noble/main amd64 libx11-dev amd64 2:1.8.7-1build1 [732 kB]
Linux Desktop Tests (2)	UNKNOWN STEP	2026-02-25T19:48:23.8446806Z Get:45 http://azure.archive.ubuntu.com/ubuntu noble/main amd64 libxext-dev amd64 2:1.3.4-1build2 [83.5 kB]
Linux Desktop Tests (2)	UNKNOWN STEP	2026-02-25T19:48:23.8478676Z Get:46 http://azure.archive.ubuntu.com/ubuntu noble/main amd64 libxfixes-dev amd64 1:6.0.0-2build1 [12.1 kB]
Linux Desktop Tests (2)	UNKNOWN STEP	2026-02-25T19:48:23.8504855Z Get:47 http://azure.archive.ubuntu.com/ubuntu noble/main amd64 libxi-dev amd64 2:1.8.1-1build1 [194 kB]
Linux Desktop Tests (2)	UNKNOWN STEP	2026-02-25T19:48:23.8581772Z Get:48 http://azure.archive.ubuntu.com/ubuntu noble/main amd64 libxtst-dev amd64 2:1.2.3-1.1build1 [15.9 kB]
Linux Desktop Tests (2)	UNKNOWN STEP	2026-02-25T19:48:23.8610453Z Get:49 http://azure.archive.ubuntu.com/ubuntu noble/main amd64 libatspi2.0-dev amd64 2.52.0-1build1 [76.2 kB]
Linux Desktop Tests (2)	UNKNOWN STEP	2026-02-25T19:48:23.8650235Z Get:50 http://azure.archive.ubuntu.com/ubuntu noble/main amd64 libatk-bridge2.0-dev amd64 2.52.0-1build1 [4284 B]
Linux Desktop Tests (2)	UNKNOWN STEP	2026-02-25T19:48:23.8703317Z Get:51 http://azure.archive.ubuntu.com/ubuntu noble/main amd64 libbrotli-dev amd64 1.1.0-2build2 [353 kB]
Linux Desktop Tests (2)	UNKNOWN STEP	2026-02-25T19:48:23.8835112Z Get:52 http://azure.archive.ubuntu.com/ubuntu noble-updates/main amd64 libbz2-dev amd64 1.0.8-5.1build0.1 [33.6 kB]
Linux Desktop Tests (2)	UNKNOWN STEP	2026-02-25T19:48:23.8866451Z Get:53 http://azure.archive.ubuntu.com/ubuntu noble/main amd64 libcairo-script-interpreter2 amd64 1.18.0-3build1 [60.3 kB]
Linux Desktop Tests (2)	UNKNOWN STEP	2026-02-25T19:48:23.8909243Z Get:54 http://azure.archive.ubuntu.com/ubuntu noble-updates/main amd64 libpng-dev amd64 1.6.43-5ubuntu0.5 [265 kB]
Linux Desktop Tests (2)	UNKNOWN STEP	2026-02-25T19:48:23.9012189Z Get:55 http://azure.archive.ubuntu.com/ubuntu noble/main amd64 libfreetype-dev amd64 2.13.2+dfsg-1build3 [575 kB]
Linux Desktop Tests (2)	UNKNOWN STEP	2026-02-25T19:48:23.9236489Z Get:56 http://azure.archive.ubuntu.com/ubuntu noble/main amd64 libfontconfig-dev amd64 2.15.0-1.1ubuntu2 [161 kB]
Linux Desktop Tests (2)	UNKNOWN STEP	2026-02-25T19:48:23.9310170Z Get:57 http://azure.archive.ubuntu.com/ubuntu noble/main amd64 libpixman-1-dev amd64 0.42.2-1build1 [296 kB]
Linux Desktop Tests (2)	UNKNOWN STEP	2026-02-25T19:48:23.9865810Z Get:58 http://azure.archive.ubuntu.com/ubuntu noble/main amd64 libice-dev amd64 2:1.0.10-1build3 [51.0 kB]
Linux Desktop Tests (2)	UNKNOWN STEP	2026-02-25T19:48:23.9905749Z Get:59 http://azure.archive.ubuntu.com/ubuntu noble/main amd64 libsm-dev amd64 2:1.2.3-1build3 [17.8 kB]
Linux Desktop Tests (2)	UNKNOWN STEP	2026-02-25T19:48:23.9932898Z Get:60 http://azure.archive.ubuntu.com/ubuntu noble/main amd64 libxcb-render0-dev amd64 1.15-1ubuntu2 [19.6 kB]
Linux Desktop Tests (2)	UNKNOWN STEP	2026-02-25T19:48:23.9954622Z Get:61 http://azure.archive.ubuntu.com/ubuntu noble/main amd64 libxcb-shm0-dev amd64 1.15-1ubuntu2 [8246 B]
Linux Desktop Tests (2)	UNKNOWN STEP	2026-02-25T19:48:23.9984413Z Get:62 http://azure.archive.ubuntu.com/ubuntu noble/main amd64 libxrender-dev amd64 1:0.9.10-1.1build1 [26.3 kB]
Linux Desktop Tests (2)	UNKNOWN STEP	2026-02-25T19:48:24.0012913Z Get:63 http://azure.archive.ubuntu.com/ubuntu noble/main amd64 libcairo2-dev amd64 1.18.0-3build1 [41.1 kB]
Linux Desktop Tests (2)	UNKNOWN STEP	2026-02-25T19:48:24.0100793Z Get:64 http://azure.archive.ubuntu.com/ubuntu noble/main amd64 libdatrie-dev amd64 0.2.13-3build1 [19.4 kB]
Linux Desktop Tests (2)	UNKNOWN STEP	2026-02-25T19:48:24.0132687Z Get:65 http://azure.archive.ubuntu.com/ubuntu noble-updates/main amd64 libdeflate-dev amd64 1.19-1build1.1 [50.9 kB]
Linux Desktop Tests (2)	UNKNOWN STEP	2026-02-25T19:48:24.0162420Z Get:66 http://azure.archive.ubuntu.com/ubuntu noble-updates/main amd64 libegl-mesa0 amd64 25.2.8-0ubuntu0.24.04.1 [117 kB]
Linux Desktop Tests (2)	UNKNOWN STEP	2026-02-25T19:48:24.0330427Z Get:67 http://azure.archive.ubuntu.com/ubuntu noble/main amd64 libegl1 amd64 1.7.0-1build1 [28.7 kB]
Linux Desktop Tests (2)	UNKNOWN STEP	2026-02-25T19:48:24.0373763Z Get:68 http://azure.archive.ubuntu.com/ubuntu noble/main amd64 libglx-dev amd64 1.7.0-1build1 [14.2 kB]
Linux Desktop Tests (2)	UNKNOWN STEP	2026-02-25T19:48:24.0409684Z Get:69 http://azure.archive.ubuntu.com/ubuntu noble/main amd64 libgl-dev amd64 1.7.0-1build1 [102 kB]
Linux Desktop Tests (2)	UNKNOWN STEP	2026-02-25T19:48:24.0483540Z Get:70 http://azure.archive.ubuntu.com/ubuntu noble/main amd64 libegl-dev amd64 1.7.0-1build1 [18.2 kB]
Linux Desktop Tests (2)	UNKNOWN STEP	2026-02-25T19:48:24.0512572Z Get:71 http://azure.archive.ubuntu.com/ubuntu noble/main amd64 libglvnd-core-dev amd64 1.7.0-1build1 [13.6 kB]
Linux Desktop Tests (2)	UNKNOWN STEP	2026-02-25T19:48:24.0543504Z Get:72 http://azure.archive.ubuntu.com/ubuntu noble/main amd64 libgles1 amd64 1.7.0-1build1 [11.6 kB]
Linux Desktop Tests (2)	UNKNOWN STEP	2026-02-25T19:48:24.0568686Z Get:73 http://azure.archive.ubuntu.com/ubuntu noble/main amd64 libgles2 amd64 1.7.0-1build1 [17.1 kB]
Linux Desktop Tests (2)	UNKNOWN STEP	2026-02-25T19:48:24.0635995Z Get:74 http://azure.archive.ubuntu.com/ubuntu noble/main amd64 libgles-dev amd64 1.7.0-1build1 [50.5 kB]
Linux Desktop Tests (2)	UNKNOWN STEP	2026-02-25T19:48:24.0669438Z Get:75 http://azure.archive.ubuntu.com/ubuntu noble/main amd64 libopengl0 amd64 1.7.0-1build1 [32.8 kB]
Linux Desktop Tests (2)	UNKNOWN STEP	2026-02-25T19:48:24.1139838Z Get:76 http://azure.archive.ubuntu.com/ubuntu noble/main amd64 libopengl-dev amd64 1.7.0-1build1 [3454 B]
Linux Desktop Tests (2)	UNKNOWN STEP	2026-02-25T19:48:24.1163895Z Get:77 http://azure.archive.ubuntu.com/ubuntu noble/main amd64 libglvnd-dev amd64 1.7.0-1build1 [3198 B]
Linux Desktop Tests (2)	UNKNOWN STEP	2026-02-25T19:48:24.1187406Z Get:78 http://azure.archive.ubuntu.com/ubuntu noble-updates/main amd64 libegl1-mesa-dev amd64 25.2.8-0ubuntu0.24.04.1 [26.4 kB]
Linux Desktop Tests (2)	UNKNOWN STEP	2026-02-25T19:48:24.1214296Z Get:79 http://azure.archive.ubuntu.com/ubuntu noble/main amd64 libepoxy-dev amd64 1.5.10-1build1 [132 kB]
Linux Desktop Tests (2)	UNKNOWN STEP	2026-02-25T19:48:24.1258267Z Get:80 http://azure.archive.ubuntu.com/ubuntu noble/main amd64 libfribidi-dev amd64 1.0.13-3build1 [64.8 kB]
Linux Desktop Tests (2)	UNKNOWN STEP	2026-02-25T19:48:24.1295199Z Get:81 http://azure.archive.ubuntu.com/ubuntu noble-updates/main amd64 libgpg-error-dev amd64 1.47-3build2.1 [128 kB]
Linux Desktop Tests (2)	UNKNOWN STEP	2026-02-25T19:48:24.1339433Z Get:82 http://azure.archive.ubuntu.com/ubuntu noble/main amd64 libgcrypt20-dev amd64 1.10.3-2build1 [592 kB]
Linux Desktop Tests (2)	UNKNOWN STEP	2026-02-25T19:48:24.1734340Z Get:83 http://azure.archive.ubuntu.com/ubuntu noble-updates/main amd64 libgdk-pixbuf2.0-bin amd64 2.42.10+dfsg-3ubuntu3.2 [13.9 kB]
Linux Desktop Tests (2)	UNKNOWN STEP	2026-02-25T19:48:24.1767512Z Get:84 http://azure.archive.ubuntu.com/ubuntu noble/main amd64 libjpeg-turbo8-dev amd64 2.1.5-2ubuntu2 [295 kB]
Linux Desktop Tests (2)	UNKNOWN STEP	2026-02-25T19:48:24.1973975Z Get:85 http://azure.archive.ubuntu.com/ubuntu noble/main amd64 libjpeg8-dev amd64 8c-2ubuntu11 [1484 B]
Linux Desktop Tests (2)	UNKNOWN STEP	2026-02-25T19:48:24.2009087Z Get:86 http://azure.archive.ubuntu.com/ubuntu noble/main amd64 libjpeg-dev amd64 8c-2ubuntu11 [1482 B]
Linux Desktop Tests (2)	UNKNOWN STEP	2026-02-25T19:48:24.2044191Z Get:87 http://azure.archive.ubuntu.com/ubuntu noble/main amd64 libjbig-dev amd64 2.1-6.1ubuntu2 [27.9 kB]
Linux Desktop Tests (2)	UNKNOWN STEP	2026-02-25T19:48:24.2102109Z Get:88 http://azure.archive.ubuntu.com/ubuntu noble-updates/main amd64 liblzma-dev amd64 5.6.1+really5.4.5-1ubuntu0.2 [176 kB]
Linux Desktop Tests (2)	UNKNOWN STEP	2026-02-25T19:48:24.2198998Z Get:89 http://azure.archive.ubuntu.com/ubuntu noble/main amd64 libwebpdecoder3 amd64 1.3.2-0.4build3 [114 kB]
Linux Desktop Tests (2)	UNKNOWN STEP	2026-02-25T19:48:24.2255061Z Get:90 http://azure.archive.ubuntu.com/ubuntu noble/main amd64 libsharpyuv-dev amd64 1.3.2-0.4build3 [16.0 kB]
Linux Desktop Tests (2)	UNKNOWN STEP	2026-02-25T19:48:24.2290347Z Get:91 http://azure.archive.ubuntu.com/ubuntu noble/main amd64 libwebp-dev amd64 1.3.2-0.4build3 [367 kB]
Linux Desktop Tests (2)	UNKNOWN STEP	2026-02-25T19:48:24.2449978Z Get:92 http://azure.archive.ubuntu.com/ubuntu noble-updates/main amd64 libtiffxx6 amd64 4.5.1+git230720-4ubuntu2.4 [5648 B]
Linux Desktop Tests (2)	UNKNOWN STEP	2026-02-25T19:48:24.2494395Z Get:93 http://azure.archive.ubuntu.com/ubuntu noble/main amd64 liblerc-dev amd64 4.0.0+ds-4ubuntu2 [182 kB]
Linux Desktop Tests (2)	UNKNOWN STEP	2026-02-25T19:48:24.2576042Z Get:94 http://azure.archive.ubuntu.com/ubuntu noble-updates/main amd64 libtiff-dev amd64 4.5.1+git230720-4ubuntu2.4 [338 kB]
Linux Desktop Tests (2)	UNKNOWN STEP	2026-02-25T19:48:24.3146281Z Get:95 http://azure.archive.ubuntu.com/ubuntu noble-updates/main amd64 libgdk-pixbuf-2.0-dev amd64 2.42.10+dfsg-3ubuntu3.2 [48.0 kB]
Linux Desktop Tests (2)	UNKNOWN STEP	2026-02-25T19:48:24.3188882Z Get:96 http://azure.archive.ubuntu.com/ubuntu noble-updates/main amd64 libgles2-mesa-dev amd64 25.2.8-0ubuntu0.24.04.1 [22.5 kB]
Linux Desktop Tests (2)	UNKNOWN STEP	2026-02-25T19:48:24.3218413Z Get:97 http://azure.archive.ubuntu.com/ubuntu noble/main amd64 libgraphite2-dev amd64 1.3.14-2build1 [14.7 kB]
Linux Desktop Tests (2)	UNKNOWN STEP	2026-02-25T19:48:24.3252832Z Get:98 http://azure.archive.ubuntu.com/ubuntu noble/main amd64 libharfbuzz-icu0 amd64 8.3.0-2build2 [13.3 kB]
Linux Desktop Tests (2)	UNKNOWN STEP	2026-02-25T19:48:24.3278919Z Get:99 http://azure.archive.ubuntu.com/ubuntu noble/main amd64 libharfbuzz-subset0 amd64 8.3.0-2build2 [448 kB]
Linux Desktop Tests (2)	UNKNOWN STEP	2026-02-25T19:48:24.3457148Z Get:100 http://azure.archive.ubuntu.com/ubuntu noble/main amd64 libharfbuzz-cairo0 amd64 8.3.0-2build2 [26.2 kB]
Linux Desktop Tests (2)	UNKNOWN STEP	2026-02-25T19:48:24.3483923Z Get:101 http://azure.archive.ubuntu.com/ubuntu noble/main amd64 libharfbuzz-dev amd64 8.3.0-2build2 [142 kB]
Linux Desktop Tests (2)	UNKNOWN STEP	2026-02-25T19:48:24.3562364Z Get:102 http://azure.archive.ubuntu.com/ubuntu noble/main amd64 libthai-dev amd64 0.1.29-2build1 [26.6 kB]
Linux Desktop Tests (2)	UNKNOWN STEP	2026-02-25T19:48:24.3619581Z Get:103 http://azure.archive.ubuntu.com/ubuntu noble/main amd64 libxft-dev amd64 2.3.6-1build1 [64.3 kB]
Linux Desktop Tests (2)	UNKNOWN STEP	2026-02-25T19:48:24.3685397Z Get:104 http://azure.archive.ubuntu.com/ubuntu noble/main amd64 pango1.0-tools amd64 1.52.1+ds-1build1 [36.7 kB]
Linux Desktop Tests (2)	UNKNOWN STEP	2026-02-25T19:48:24.3713403Z Get:105 http://azure.archive.ubuntu.com/ubuntu noble/main amd64 libpango1.0-dev amd64 1.52.1+ds-1build1 [147 kB]
Linux Desktop Tests (2)	UNKNOWN STEP	2026-02-25T19:48:24.3754238Z Get:106 http://azure.archive.ubuntu.com/ubuntu noble/main amd64 libwayland-server0 amd64 1.22.0-2.1build1 [33.9 kB]
Linux Desktop Tests (2)	UNKNOWN STEP	2026-02-25T19:48:24.3781141Z Get:107 http://azure.archive.ubuntu.com/ubuntu noble/main amd64 libwayland-bin amd64 1.22.0-2.1build1 [20.6 kB]
Linux Desktop Tests (2)	UNKNOWN STEP	2026-02-25T19:48:24.3812382Z Get:108 http://azure.archive.ubuntu.com/ubuntu noble/main amd64 libwayland-dev amd64 1.22.0-2.1build1 [71.3 kB]
Linux Desktop Tests (2)	UNKNOWN STEP	2026-02-25T19:48:24.3842692Z Get:109 http://azure.archive.ubuntu.com/ubuntu noble/main amd64 libxcomposite-dev amd64 1:0.4.5-1build3 [9374 B]
Linux Desktop Tests (2)	UNKNOWN STEP	2026-02-25T19:48:24.3864845Z Get:110 http://azure.archive.ubuntu.com/ubuntu noble/main amd64 libxcursor-dev amd64 1:1.2.1-1build1 [31.8 kB]
Linux Desktop Tests (2)	UNKNOWN STEP	2026-02-25T19:48:24.3890890Z Get:111 http://azure.archive.ubuntu.com/ubuntu noble/main amd64 libxdamage-dev amd64 1:1.1.6-1build1 [5270 B]
Linux Desktop Tests (2)	UNKNOWN STEP	2026-02-25T19:48:24.3912135Z Get:112 http://azure.archive.ubuntu.com/ubuntu noble/main amd64 libxinerama-dev amd64 2:1.1.4-3build1 [7988 B]
Linux Desktop Tests (2)	UNKNOWN STEP	2026-02-25T19:48:24.3934995Z Get:113 http://azure.archive.ubuntu.com/ubuntu noble/main amd64 libxkbcommon-dev amd64 1.6.0-1build1 [56.3 kB]
Linux Desktop Tests (2)	UNKNOWN STEP	2026-02-25T19:48:24.3964941Z Get:114 http://azure.archive.ubuntu.com/ubuntu noble/main amd64 libxrandr-dev amd64 2:1.5.2-2build1 [26.4 kB]
Linux Desktop Tests (2)	UNKNOWN STEP	2026-02-25T19:48:24.4000505Z Get:115 http://azure.archive.ubuntu.com/ubuntu noble-updates/main amd64 wayland-protocols all 1.45-1~ubuntu0.24.04.1 [114 kB]
Linux Desktop Tests (2)	UNKNOWN STEP	2026-02-25T19:48:24.4050574Z Get:116 http://azure.archive.ubuntu.com/ubuntu noble-updates/main amd64 libgtk-3-dev amd64 3.24.41-4ubuntu1.3 [1096 kB]
Linux Desktop Tests (2)	UNKNOWN STEP	2026-02-25T19:48:24.4245468Z Get:117 http://azure.archive.ubuntu.com/ubuntu noble-updates/main amd64 libpng-tools amd64 1.6.43-5ubuntu0.5 [28.5 kB]
Linux Desktop Tests (2)	UNKNOWN STEP	2026-02-25T19:48:24.4276126Z Get:118 http://azure.archive.ubuntu.com/ubuntu noble/universe amd64 libsecret-1-dev amd64 0.21.4-1build3 [129 kB]
Linux Desktop Tests (2)	UNKNOWN STEP	2026-02-25T19:48:24.4315788Z Get:119 http://azure.archive.ubuntu.com/ubuntu noble/universe amd64 ninja-build amd64 1.11.1-2 [129 kB]
Linux Desktop Tests (2)	UNKNOWN STEP	2026-02-25T19:48:24.4353126Z Get:120 http://azure.archive.ubuntu.com/ubuntu noble-updates/main amd64 libgl1-mesa-dev amd64 25.2.8-0ubuntu0.24.04.1 [22.5 kB]
Linux Desktop Tests (2)	UNKNOWN STEP	2026-02-25T19:48:24.4804844Z Get:121 http://azure.archive.ubuntu.com/ubuntu noble/main amd64 libjsoncpp-dev amd64 1.9.5-6build1 [23.0 kB]
Linux Desktop Tests (2)	UNKNOWN STEP	2026-02-25T19:48:24.8315441Z Fetched 30.4 MB in 2s (17.7 MB/s)
Linux Desktop Tests (2)	UNKNOWN STEP	2026-02-25T19:48:24.8892979Z (Reading database ... 
Linux Desktop Tests (2)	UNKNOWN STEP	2026-02-25T19:48:24.8893790Z (Reading database ... 5%
Linux Desktop Tests (2)	UNKNOWN STEP	2026-02-25T19:48:24.8894228Z (Reading database ... 10%
Linux Desktop Tests (2)	UNKNOWN STEP	2026-02-25T19:48:24.8894621Z (Reading database ... 15%
Linux Desktop Tests (2)	UNKNOWN STEP	2026-02-25T19:48:24.8894999Z (Reading database ... 20%
Linux Desktop Tests (2)	UNKNOWN STEP	2026-02-25T19:48:24.8895303Z (Reading database ... 25%
Linux Desktop Tests (2)	UNKNOWN STEP	2026-02-25T19:48:24.8895535Z (Reading database ... 30%
Linux Desktop Tests (2)	UNKNOWN STEP	2026-02-25T19:48:24.8895763Z (Reading database ... 35%
Linux Desktop Tests (2)	UNKNOWN STEP	2026-02-25T19:48:24.8896006Z (Reading database ... 40%
Linux Desktop Tests (2)	UNKNOWN STEP	2026-02-25T19:48:24.8896332Z (Reading database ... 45%
Linux Desktop Tests (2)	UNKNOWN STEP	2026-02-25T19:48:24.8896768Z (Reading database ... 50%
Linux Desktop Tests (2)	UNKNOWN STEP	2026-02-25T19:48:24.9006597Z (Reading database ... 55%
Linux Desktop Tests (2)	UNKNOWN STEP	2026-02-25T19:48:24.9601069Z (Reading database ... 60%
Linux Desktop Tests (2)	UNKNOWN STEP	2026-02-25T19:48:25.0073233Z (Reading database ... 65%
Linux Desktop Tests (2)	UNKNOWN STEP	2026-02-25T19:48:25.0562362Z (Reading database ... 70%
Linux Desktop Tests (2)	UNKNOWN STEP	2026-02-25T19:48:25.1062493Z (Reading database ... 75%
Linux Desktop Tests (2)	UNKNOWN STEP	2026-02-25T19:48:25.2568845Z (Reading database ... 80%
Linux Desktop Tests (2)	UNKNOWN STEP	2026-02-25T19:48:25.5040993Z (Reading database ... 85%
Linux Desktop Tests (2)	UNKNOWN STEP	2026-02-25T19:48:25.6943315Z (Reading database ... 90%
Linux Desktop Tests (2)	UNKNOWN STEP	2026-02-25T19:48:25.8175175Z (Reading database ... 95%
Linux Desktop Tests (2)	UNKNOWN STEP	2026-02-25T19:48:25.8175699Z (Reading database ... 100%
Linux Desktop Tests (2)	UNKNOWN STEP	2026-02-25T19:48:25.8176269Z (Reading database ... 218749 files and directories currently installed.)
Linux Desktop Tests (2)	UNKNOWN STEP	2026-02-25T19:48:25.8219046Z Preparing to unpack .../000-libglib2.0-data_2.80.0-6ubuntu3.8_all.deb ...
Linux Desktop Tests (2)	UNKNOWN STEP	2026-02-25T19:48:25.8264455Z Unpacking libglib2.0-data (2.80.0-6ubuntu3.8) over (2.80.0-6ubuntu3.7) ...
Linux Desktop Tests (2)	UNKNOWN STEP	2026-02-25T19:48:25.8663098Z Preparing to unpack .../001-libglib2.0-bin_2.80.0-6ubuntu3.8_amd64.deb ...
Linux Desktop Tests (2)	UNKNOWN STEP	2026-02-25T19:48:25.8692248Z Unpacking libglib2.0-bin (2.80.0-6ubuntu3.8) over (2.80.0-6ubuntu3.7) ...
Linux Desktop Tests (2)	UNKNOWN STEP	2026-02-25T19:48:25.9499101Z Preparing to unpack .../002-gir1.2-glib-2.0_2.80.0-6ubuntu3.8_amd64.deb ...
Linux Desktop Tests (2)	UNKNOWN STEP	2026-02-25T19:48:25.9527441Z Unpacking gir1.2-glib-2.0:amd64 (2.80.0-6ubuntu3.8) over (2.80.0-6ubuntu3.7) ...
Linux Desktop Tests (2)	UNKNOWN STEP	2026-02-25T19:48:25.9989414Z Preparing to unpack .../003-libglib2.0-0t64_2.80.0-6ubuntu3.8_amd64.deb ...
Linux Desktop Tests (2)	UNKNOWN STEP	2026-02-25T19:48:26.0069805Z Unpacking libglib2.0-0t64:amd64 (2.80.0-6ubuntu3.8) over (2.80.0-6ubuntu3.7) ...
Linux Desktop Tests (2)	UNKNOWN STEP	2026-02-25T19:48:26.0773719Z Preparing to unpack .../004-libpng16-16t64_1.6.43-5ubuntu0.5_amd64.deb ...
Linux Desktop Tests (2)	UNKNOWN STEP	2026-02-25T19:48:26.0970542Z Unpacking libpng16-16t64:amd64 (1.6.43-5ubuntu0.5) over (1.6.43-5ubuntu0.3) ...
Linux Desktop Tests (2)	UNKNOWN STEP	2026-02-25T19:48:26.1276571Z Selecting previously unselected package bzip2-doc.
Linux Desktop Tests (2)	UNKNOWN STEP	2026-02-25T19:48:26.1440309Z Preparing to unpack .../005-bzip2-doc_1.0.8-5.1build0.1_all.deb ...
Linux Desktop Tests (2)	UNKNOWN STEP	2026-02-25T19:48:26.1450161Z Unpacking bzip2-doc (1.0.8-5.1build0.1) ...
Linux Desktop Tests (2)	UNKNOWN STEP	2026-02-25T19:48:26.1715151Z Selecting previously unselected package clang.
Linux Desktop Tests (2)	UNKNOWN STEP	2026-02-25T19:48:26.1873931Z Preparing to unpack .../006-clang_1%3a18.0-59~exp2_amd64.deb ...
Linux Desktop Tests (2)	UNKNOWN STEP	2026-02-25T19:48:26.1884390Z Unpacking clang (1:18.0-59~exp2) ...
Linux Desktop Tests (2)	UNKNOWN STEP	2026-02-25T19:48:26.2119500Z Selecting previously unselected package libjsoncpp25:amd64.
Linux Desktop Tests (2)	UNKNOWN STEP	2026-02-25T19:48:26.2276789Z Preparing to unpack .../007-libjsoncpp25_1.9.5-6build1_amd64.deb ...
Linux Desktop Tests (2)	UNKNOWN STEP	2026-02-25T19:48:26.2293511Z Unpacking libjsoncpp25:amd64 (1.9.5-6build1) ...
Linux Desktop Tests (2)	UNKNOWN STEP	2026-02-25T19:48:26.2538103Z Selecting previously unselected package librhash0:amd64.
Linux Desktop Tests (2)	UNKNOWN STEP	2026-02-25T19:48:26.2693864Z Preparing to unpack .../008-librhash0_1.4.3-3build1_amd64.deb ...
Linux Desktop Tests (2)	UNKNOWN STEP	2026-02-25T19:48:26.2706356Z Unpacking librhash0:amd64 (1.4.3-3build1) ...
Linux Desktop Tests (2)	UNKNOWN STEP	2026-02-25T19:48:26.2958801Z Selecting previously unselected package cmake-data.
Linux Desktop Tests (2)	UNKNOWN STEP	2026-02-25T19:48:26.3115805Z Preparing to unpack .../009-cmake-data_3.28.3-1build7_all.deb ...
Linux Desktop Tests (2)	UNKNOWN STEP	2026-02-25T19:48:26.3222718Z Unpacking cmake-data (3.28.3-1build7) ...
Linux Desktop Tests (2)	UNKNOWN STEP	2026-02-25T19:48:26.8830106Z Selecting previously unselected package cmake.
Linux Desktop Tests (2)	UNKNOWN STEP	2026-02-25T19:48:26.9007977Z Preparing to unpack .../010-cmake_3.28.3-1build7_amd64.deb ...
Linux Desktop Tests (2)	UNKNOWN STEP	2026-02-25T19:48:26.9018779Z Unpacking cmake (3.28.3-1build7) ...
Linux Desktop Tests (2)	UNKNOWN STEP	2026-02-25T19:48:27.0909512Z Selecting previously unselected package gir1.2-atk-1.0:amd64.
Linux Desktop Tests (2)	UNKNOWN STEP	2026-02-25T19:48:27.1072545Z Preparing to unpack .../011-gir1.2-atk-1.0_2.52.0-1build1_amd64.deb ...
Linux Desktop Tests (2)	UNKNOWN STEP	2026-02-25T19:48:27.1082378Z Unpacking gir1.2-atk-1.0:amd64 (2.52.0-1build1) ...
Linux Desktop Tests (2)	UNKNOWN STEP	2026-02-25T19:48:27.1302185Z Selecting previously unselected package gir1.2-freedesktop:amd64.
Linux Desktop Tests (2)	UNKNOWN STEP	2026-02-25T19:48:27.1466473Z Preparing to unpack .../012-gir1.2-freedesktop_1.80.1-1_amd64.deb ...
Linux Desktop Tests (2)	UNKNOWN STEP	2026-02-25T19:48:27.1476619Z Unpacking gir1.2-freedesktop:amd64 (1.80.1-1) ...
Linux Desktop Tests (2)	UNKNOWN STEP	2026-02-25T19:48:27.1710213Z Selecting previously unselected package gir1.2-atspi-2.0:amd64.
Linux Desktop Tests (2)	UNKNOWN STEP	2026-02-25T19:48:27.1871028Z Preparing to unpack .../013-gir1.2-atspi-2.0_2.52.0-1build1_amd64.deb ...
Linux Desktop Tests (2)	UNKNOWN STEP	2026-02-25T19:48:27.1881252Z Unpacking gir1.2-atspi-2.0:amd64 (2.52.0-1build1) ...
Linux Desktop Tests (2)	UNKNOWN STEP	2026-02-25T19:48:27.2097611Z Selecting previously unselected package gir1.2-glib-2.0-dev:amd64.
Linux Desktop Tests (2)	UNKNOWN STEP	2026-02-25T19:48:27.2257494Z Preparing to unpack .../014-gir1.2-glib-2.0-dev_2.80.0-6ubuntu3.8_amd64.deb ...
Linux Desktop Tests (2)	UNKNOWN STEP	2026-02-25T19:48:27.2268298Z Unpacking gir1.2-glib-2.0-dev:amd64 (2.80.0-6ubuntu3.8) ...
Linux Desktop Tests (2)	UNKNOWN STEP	2026-02-25T19:48:27.2822682Z Selecting previously unselected package gir1.2-freedesktop-dev:amd64.
Linux Desktop Tests (2)	UNKNOWN STEP	2026-02-25T19:48:27.2990410Z Preparing to unpack .../015-gir1.2-freedesktop-dev_1.80.1-1_amd64.deb ...
Linux Desktop Tests (2)	UNKNOWN STEP	2026-02-25T19:48:27.3000638Z Unpacking gir1.2-freedesktop-dev:amd64 (1.80.1-1) ...
Linux Desktop Tests (2)	UNKNOWN STEP	2026-02-25T19:48:27.3230740Z Selecting previously unselected package gir1.2-gdkpixbuf-2.0:amd64.
Linux Desktop Tests (2)	UNKNOWN STEP	2026-02-25T19:48:27.3392787Z Preparing to unpack .../016-gir1.2-gdkpixbuf-2.0_2.42.10+dfsg-3ubuntu3.2_amd64.deb ...
Linux Desktop Tests (2)	UNKNOWN STEP	2026-02-25T19:48:27.3403629Z Unpacking gir1.2-gdkpixbuf-2.0:amd64 (2.42.10+dfsg-3ubuntu3.2) ...
Linux Desktop Tests (2)	UNKNOWN STEP	2026-02-25T19:48:27.3631353Z Selecting previously unselected package libharfbuzz-gobject0:amd64.
Linux Desktop Tests (2)	UNKNOWN STEP	2026-02-25T19:48:27.3794790Z Preparing to unpack .../017-libharfbuzz-gobject0_8.3.0-2build2_amd64.deb ...
Linux Desktop Tests (2)	UNKNOWN STEP	2026-02-25T19:48:27.3806337Z Unpacking libharfbuzz-gobject0:amd64 (8.3.0-2build2) ...
Linux Desktop Tests (2)	UNKNOWN STEP	2026-02-25T19:48:27.4039023Z Selecting previously unselected package gir1.2-harfbuzz-0.0:amd64.
Linux Desktop Tests (2)	UNKNOWN STEP	2026-02-25T19:48:27.4202385Z Preparing to unpack .../018-gir1.2-harfbuzz-0.0_8.3.0-2build2_amd64.deb ...
Linux Desktop Tests (2)	UNKNOWN STEP	2026-02-25T19:48:27.4213299Z Unpacking gir1.2-harfbuzz-0.0:amd64 (8.3.0-2build2) ...
Linux Desktop Tests (2)	UNKNOWN STEP	2026-02-25T19:48:27.4449471Z Selecting previously unselected package libpangoxft-1.0-0:amd64.
Linux Desktop Tests (2)	UNKNOWN STEP	2026-02-25T19:48:27.4610780Z Preparing to unpack .../019-libpangoxft-1.0-0_1.52.1+ds-1build1_amd64.deb ...
Linux Desktop Tests (2)	UNKNOWN STEP	2026-02-25T19:48:27.4626005Z Unpacking libpangoxft-1.0-0:amd64 (1.52.1+ds-1build1) ...
Linux Desktop Tests (2)	UNKNOWN STEP	2026-02-25T19:48:27.4838146Z Selecting previously unselected package gir1.2-pango-1.0:amd64.
Linux Desktop Tests (2)	UNKNOWN STEP	2026-02-25T19:48:27.4999791Z Preparing to unpack .../020-gir1.2-pango-1.0_1.52.1+ds-1build1_amd64.deb ...
Linux Desktop Tests (2)	UNKNOWN STEP	2026-02-25T19:48:27.5009968Z Unpacking gir1.2-pango-1.0:amd64 (1.52.1+ds-1build1) ...
Linux Desktop Tests (2)	UNKNOWN STEP	2026-02-25T19:48:27.5230616Z Selecting previously unselected package gir1.2-gtk-3.0:amd64.
Linux Desktop Tests (2)	UNKNOWN STEP	2026-02-25T19:48:27.5396601Z Preparing to unpack .../021-gir1.2-gtk-3.0_3.24.41-4ubuntu1.3_amd64.deb ...
Linux Desktop Tests (2)	UNKNOWN STEP	2026-02-25T19:48:27.5407497Z Unpacking gir1.2-gtk-3.0:amd64 (3.24.41-4ubuntu1.3) ...
Linux Desktop Tests (2)	UNKNOWN STEP	2026-02-25T19:48:27.5694504Z Selecting previously unselected package libsecret-common.
Linux Desktop Tests (2)	UNKNOWN STEP	2026-02-25T19:48:27.5860308Z Preparing to unpack .../022-libsecret-common_0.21.4-1build3_all.deb ...
Linux Desktop Tests (2)	UNKNOWN STEP	2026-02-25T19:48:27.5872625Z Unpacking libsecret-common (0.21.4-1build3) ...
Linux Desktop Tests (2)	UNKNOWN STEP	2026-02-25T19:48:27.6100635Z Selecting previously unselected package libsecret-1-0:amd64.
Linux Desktop Tests (2)	UNKNOWN STEP	2026-02-25T19:48:27.6264632Z Preparing to unpack .../023-libsecret-1-0_0.21.4-1build3_amd64.deb ...
Linux Desktop Tests (2)	UNKNOWN STEP	2026-02-25T19:48:27.6276302Z Unpacking libsecret-1-0:amd64 (0.21.4-1build3) ...
Linux Desktop Tests (2)	UNKNOWN STEP	2026-02-25T19:48:27.6507048Z Selecting previously unselected package gir1.2-secret-1:amd64.
Linux Desktop Tests (2)	UNKNOWN STEP	2026-02-25T19:48:27.6665764Z Preparing to unpack .../024-gir1.2-secret-1_0.21.4-1build3_amd64.deb ...
Linux Desktop Tests (2)	UNKNOWN STEP	2026-02-25T19:48:27.6675593Z Unpacking gir1.2-secret-1:amd64 (0.21.4-1build3) ...
Linux Desktop Tests (2)	UNKNOWN STEP	2026-02-25T19:48:27.6893448Z Selecting previously unselected package libglib2.0-dev-bin.
Linux Desktop Tests (2)	UNKNOWN STEP	2026-02-25T19:48:27.7050941Z Preparing to unpack .../025-libglib2.0-dev-bin_2.80.0-6ubuntu3.8_amd64.deb ...
Linux Desktop Tests (2)	UNKNOWN STEP	2026-02-25T19:48:27.7060898Z Unpacking libglib2.0-dev-bin (2.80.0-6ubuntu3.8) ...
Linux Desktop Tests (2)	UNKNOWN STEP	2026-02-25T19:48:27.7460257Z Selecting previously unselected package uuid-dev:amd64.
Linux Desktop Tests (2)	UNKNOWN STEP	2026-02-25T19:48:27.7624978Z Preparing to unpack .../026-uuid-dev_2.39.3-9ubuntu6.4_amd64.deb ...
Linux Desktop Tests (2)	UNKNOWN STEP	2026-02-25T19:48:27.7635294Z Unpacking uuid-dev:amd64 (2.39.3-9ubuntu6.4) ...
Linux Desktop Tests (2)	UNKNOWN STEP	2026-02-25T19:48:27.7971809Z Selecting previously unselected package libblkid-dev:amd64.
Linux Desktop Tests (2)	UNKNOWN STEP	2026-02-25T19:48:27.8134413Z Preparing to unpack .../027-libblkid-dev_2.39.3-9ubuntu6.4_amd64.deb ...
Linux Desktop Tests (2)	UNKNOWN STEP	2026-02-25T19:48:27.8145183Z Unpacking libblkid-dev:amd64 (2.39.3-9ubuntu6.4) ...
Linux Desktop Tests (2)	UNKNOWN STEP	2026-02-25T19:48:27.8398679Z Selecting previously unselected package libsepol-dev:amd64.
Linux Desktop Tests (2)	UNKNOWN STEP	2026-02-25T19:48:27.8563548Z Preparing to unpack .../028-libsepol-dev_3.5-2build1_amd64.deb ...
Linux Desktop Tests (2)	UNKNOWN STEP	2026-02-25T19:48:27.8576899Z Unpacking libsepol-dev:amd64 (3.5-2build1) ...
Linux Desktop Tests (2)	UNKNOWN STEP	2026-02-25T19:48:27.8908338Z Selecting previously unselected package libselinux1-dev:amd64.
Linux Desktop Tests (2)	UNKNOWN STEP	2026-02-25T19:48:27.9070415Z Preparing to unpack .../029-libselinux1-dev_3.5-2ubuntu2.1_amd64.deb ...
Linux Desktop Tests (2)	UNKNOWN STEP	2026-02-25T19:48:27.9080309Z Unpacking libselinux1-dev:amd64 (3.5-2ubuntu2.1) ...
Linux Desktop Tests (2)	UNKNOWN STEP	2026-02-25T19:48:27.9554472Z Selecting previously unselected package libmount-dev:amd64.
Linux Desktop Tests (2)	UNKNOWN STEP	2026-02-25T19:48:27.9718484Z Preparing to unpack .../030-libmount-dev_2.39.3-9ubuntu6.4_amd64.deb ...
Linux Desktop Tests (2)	UNKNOWN STEP	2026-02-25T19:48:27.9731145Z Unpacking libmount-dev:amd64 (2.39.3-9ubuntu6.4) ...
Linux Desktop Tests (2)	UNKNOWN STEP	2026-02-25T19:48:27.9973319Z Selecting previously unselected package libgirepository-2.0-0:amd64.
Linux Desktop Tests (2)	UNKNOWN STEP	2026-02-25T19:48:28.0137273Z Preparing to unpack .../031-libgirepository-2.0-0_2.80.0-6ubuntu3.8_amd64.deb ...
Linux Desktop Tests (2)	UNKNOWN STEP	2026-02-25T19:48:28.0152165Z Unpacking libgirepository-2.0-0:amd64 (2.80.0-6ubuntu3.8) ...
Linux Desktop Tests (2)	UNKNOWN STEP	2026-02-25T19:48:28.0385355Z Selecting previously unselected package libglib2.0-dev:amd64.
Linux Desktop Tests (2)	UNKNOWN STEP	2026-02-25T19:48:28.0549529Z Preparing to unpack .../032-libglib2.0-dev_2.80.0-6ubuntu3.8_amd64.deb ...
Linux Desktop Tests (2)	UNKNOWN STEP	2026-02-25T19:48:28.0562840Z Unpacking libglib2.0-dev:amd64 (2.80.0-6ubuntu3.8) ...
Linux Desktop Tests (2)	UNKNOWN STEP	2026-02-25T19:48:28.1835898Z Selecting previously unselected package libatk1.0-dev:amd64.
Linux Desktop Tests (2)	UNKNOWN STEP	2026-02-25T19:48:28.2004606Z Preparing to unpack .../033-libatk1.0-dev_2.52.0-1build1_amd64.deb ...
Linux Desktop Tests (2)	UNKNOWN STEP	2026-02-25T19:48:28.2015588Z Unpacking libatk1.0-dev:amd64 (2.52.0-1build1) ...
Linux Desktop Tests (2)	UNKNOWN STEP	2026-02-25T19:48:28.2348491Z Selecting previously unselected package libdbus-1-dev:amd64.
Linux Desktop Tests (2)	UNKNOWN STEP	2026-02-25T19:48:28.2513890Z Preparing to unpack .../034-libdbus-1-dev_1.14.10-4ubuntu4.1_amd64.deb ...
Linux Desktop Tests (2)	UNKNOWN STEP	2026-02-25T19:48:28.2525473Z Unpacking libdbus-1-dev:amd64 (1.14.10-4ubuntu4.1) ...
Linux Desktop Tests (2)	UNKNOWN STEP	2026-02-25T19:48:28.2849561Z Selecting previously unselected package xorg-sgml-doctools.
Linux Desktop Tests (2)	UNKNOWN STEP	2026-02-25T19:48:28.3013383Z Preparing to unpack .../035-xorg-sgml-doctools_1%3a1.11-1.1_all.deb ...
Linux Desktop Tests (2)	UNKNOWN STEP	2026-02-25T19:48:28.3032500Z Unpacking xorg-sgml-doctools (1:1.11-1.1) ...
Linux Desktop Tests (2)	UNKNOWN STEP	2026-02-25T19:48:28.3326337Z Selecting previously unselected package x11proto-dev.
Linux Desktop Tests (2)	UNKNOWN STEP	2026-02-25T19:48:28.3488648Z Preparing to unpack .../036-x11proto-dev_2023.2-1_all.deb ...
Linux Desktop Tests (2)	UNKNOWN STEP	2026-02-25T19:48:28.3499490Z Unpacking x11proto-dev (2023.2-1) ...
Linux Desktop Tests (2)	UNKNOWN STEP	2026-02-25T19:48:28.4054746Z Selecting previously unselected package libxau-dev:amd64.
Linux Desktop Tests (2)	UNKNOWN STEP	2026-02-25T19:48:28.4229311Z Preparing to unpack .../037-libxau-dev_1%3a1.0.9-1build6_amd64.deb ...
Linux Desktop Tests (2)	UNKNOWN STEP	2026-02-25T19:48:28.4239595Z Unpacking libxau-dev:amd64 (1:1.0.9-1build6) ...
Linux Desktop Tests (2)	UNKNOWN STEP	2026-02-25T19:48:28.4469399Z Selecting previously unselected package libxdmcp-dev:amd64.
Linux Desktop Tests (2)	UNKNOWN STEP	2026-02-25T19:48:28.4637577Z Preparing to unpack .../038-libxdmcp-dev_1%3a1.1.3-0ubuntu6_amd64.deb ...
Linux Desktop Tests (2)	UNKNOWN STEP	2026-02-25T19:48:28.4648907Z Unpacking libxdmcp-dev:amd64 (1:1.1.3-0ubuntu6) ...
Linux Desktop Tests (2)	UNKNOWN STEP	2026-02-25T19:48:28.4867242Z Selecting previously unselected package xtrans-dev.
Linux Desktop Tests (2)	UNKNOWN STEP	2026-02-25T19:48:28.5034009Z Preparing to unpack .../039-xtrans-dev_1.4.0-1_all.deb ...
Linux Desktop Tests (2)	UNKNOWN STEP	2026-02-25T19:48:28.5048199Z Unpacking xtrans-dev (1.4.0-1) ...
Linux Desktop Tests (2)	UNKNOWN STEP	2026-02-25T19:48:28.5307338Z Selecting previously unselected package libpthread-stubs0-dev:amd64.
Linux Desktop Tests (2)	UNKNOWN STEP	2026-02-25T19:48:28.5470954Z Preparing to unpack .../040-libpthread-stubs0-dev_0.4-1build3_amd64.deb ...
Linux Desktop Tests (2)	UNKNOWN STEP	2026-02-25T19:48:28.5482237Z Unpacking libpthread-stubs0-dev:amd64 (0.4-1build3) ...
Linux Desktop Tests (2)	UNKNOWN STEP	2026-02-25T19:48:28.5699197Z Selecting previously unselected package libxcb1-dev:amd64.
Linux Desktop Tests (2)	UNKNOWN STEP	2026-02-25T19:48:28.5860031Z Preparing to unpack .../041-libxcb1-dev_1.15-1ubuntu2_amd64.deb ...
Linux Desktop Tests (2)	UNKNOWN STEP	2026-02-25T19:48:28.5873043Z Unpacking libxcb1-dev:amd64 (1.15-1ubuntu2) ...
Linux Desktop Tests (2)	UNKNOWN STEP	2026-02-25T19:48:28.6125734Z Selecting previously unselected package libx11-dev:amd64.
Linux Desktop Tests (2)	UNKNOWN STEP	2026-02-25T19:48:28.6284945Z Preparing to unpack .../042-libx11-dev_2%3a1.8.7-1build1_amd64.deb ...
Linux Desktop Tests (2)	UNKNOWN STEP	2026-02-25T19:48:28.6294949Z Unpacking libx11-dev:amd64 (2:1.8.7-1build1) ...
Linux Desktop Tests (2)	UNKNOWN STEP	2026-02-25T19:48:28.6624499Z Selecting previously unselected package libxext-dev:amd64.
Linux Desktop Tests (2)	UNKNOWN STEP	2026-02-25T19:48:28.6785067Z Preparing to unpack .../043-libxext-dev_2%3a1.3.4-1build2_amd64.deb ...
Linux Desktop Tests (2)	UNKNOWN STEP	2026-02-25T19:48:28.6795497Z Unpacking libxext-dev:amd64 (2:1.3.4-1build2) ...
Linux Desktop Tests (2)	UNKNOWN STEP	2026-02-25T19:48:28.7113935Z Selecting previously unselected package libxfixes-dev:amd64.
Linux Desktop Tests (2)	UNKNOWN STEP	2026-02-25T19:48:28.7272354Z Preparing to unpack .../044-libxfixes-dev_1%3a6.0.0-2build1_amd64.deb ...
Linux Desktop Tests (2)	UNKNOWN STEP	2026-02-25T19:48:28.7283107Z Unpacking libxfixes-dev:amd64 (1:6.0.0-2build1) ...
Linux Desktop Tests (2)	UNKNOWN STEP	2026-02-25T19:48:28.7496227Z Selecting previously unselected package libxi-dev:amd64.
Linux Desktop Tests (2)	UNKNOWN STEP	2026-02-25T19:48:28.7655531Z Preparing to unpack .../045-libxi-dev_2%3a1.8.1-1build1_amd64.deb ...
Linux Desktop Tests (2)	UNKNOWN STEP	2026-02-25T19:48:28.7666499Z Unpacking libxi-dev:amd64 (2:1.8.1-1build1) ...
Linux Desktop Tests (2)	UNKNOWN STEP	2026-02-25T19:48:28.8016940Z Selecting previously unselected package libxtst-dev:amd64.
Linux Desktop Tests (2)	UNKNOWN STEP	2026-02-25T19:48:28.8177586Z Preparing to unpack .../046-libxtst-dev_2%3a1.2.3-1.1build1_amd64.deb ...
Linux Desktop Tests (2)	UNKNOWN STEP	2026-02-25T19:48:28.8186998Z Unpacking libxtst-dev:amd64 (2:1.2.3-1.1build1) ...
Linux Desktop Tests (2)	UNKNOWN STEP	2026-02-25T19:48:28.8416754Z Selecting previously unselected package libatspi2.0-dev:amd64.
Linux Desktop Tests (2)	UNKNOWN STEP	2026-02-25T19:48:28.8575732Z Preparing to unpack .../047-libatspi2.0-dev_2.52.0-1build1_amd64.deb ...
Linux Desktop Tests (2)	UNKNOWN STEP	2026-02-25T19:48:28.8586883Z Unpacking libatspi2.0-dev:amd64 (2.52.0-1build1) ...
Linux Desktop Tests (2)	UNKNOWN STEP	2026-02-25T19:48:28.8876509Z Selecting previously unselected package libatk-bridge2.0-dev:amd64.
Linux Desktop Tests (2)	UNKNOWN STEP	2026-02-25T19:48:28.9035332Z Preparing to unpack .../048-libatk-bridge2.0-dev_2.52.0-1build1_amd64.deb ...
Linux Desktop Tests (2)	UNKNOWN STEP	2026-02-25T19:48:28.9046406Z Unpacking libatk-bridge2.0-dev:amd64 (2.52.0-1build1) ...
Linux Desktop Tests (2)	UNKNOWN STEP	2026-02-25T19:48:28.9267138Z Selecting previously unselected package libbrotli-dev:amd64.
Linux Desktop Tests (2)	UNKNOWN STEP	2026-02-25T19:48:28.9425532Z Preparing to unpack .../049-libbrotli-dev_1.1.0-2build2_amd64.deb ...
Linux Desktop Tests (2)	UNKNOWN STEP	2026-02-25T19:48:28.9435317Z Unpacking libbrotli-dev:amd64 (1.1.0-2build2) ...
Linux Desktop Tests (2)	UNKNOWN STEP	2026-02-25T19:48:28.9705174Z Selecting previously unselected package libbz2-dev:amd64.
Linux Desktop Tests (2)	UNKNOWN STEP	2026-02-25T19:48:28.9865726Z Preparing to unpack .../050-libbz2-dev_1.0.8-5.1build0.1_amd64.deb ...
Linux Desktop Tests (2)	UNKNOWN STEP	2026-02-25T19:48:28.9876231Z Unpacking libbz2-dev:amd64 (1.0.8-5.1build0.1) ...
Linux Desktop Tests (2)	UNKNOWN STEP	2026-02-25T19:48:29.0098663Z Selecting previously unselected package libcairo-script-interpreter2:amd64.
Linux Desktop Tests (2)	UNKNOWN STEP	2026-02-25T19:48:29.0256558Z Preparing to unpack .../051-libcairo-script-interpreter2_1.18.0-3build1_amd64.deb ...
Linux Desktop Tests (2)	UNKNOWN STEP	2026-02-25T19:48:29.0364420Z Unpacking libcairo-script-interpreter2:amd64 (1.18.0-3build1) ...
Linux Desktop Tests (2)	UNKNOWN STEP	2026-02-25T19:48:29.0624096Z Selecting previously unselected package libpng-dev:amd64.
Linux Desktop Tests (2)	UNKNOWN STEP	2026-02-25T19:48:29.0784848Z Preparing to unpack .../052-libpng-dev_1.6.43-5ubuntu0.5_amd64.deb ...
Linux Desktop Tests (2)	UNKNOWN STEP	2026-02-25T19:48:29.0798848Z Unpacking libpng-dev:amd64 (1.6.43-5ubuntu0.5) ...
Linux Desktop Tests (2)	UNKNOWN STEP	2026-02-25T19:48:29.1166512Z Selecting previously unselected package libfreetype-dev:amd64.
Linux Desktop Tests (2)	UNKNOWN STEP	2026-02-25T19:48:29.1334683Z Preparing to unpack .../053-libfreetype-dev_2.13.2+dfsg-1build3_amd64.deb ...
Linux Desktop Tests (2)	UNKNOWN STEP	2026-02-25T19:48:29.1344984Z Unpacking libfreetype-dev:amd64 (2.13.2+dfsg-1build3) ...
Linux Desktop Tests (2)	UNKNOWN STEP	2026-02-25T19:48:29.1719989Z Selecting previously unselected package libfontconfig-dev:amd64.
Linux Desktop Tests (2)	UNKNOWN STEP	2026-02-25T19:48:29.1886640Z Preparing to unpack .../054-libfontconfig-dev_2.15.0-1.1ubuntu2_amd64.deb ...
Linux Desktop Tests (2)	UNKNOWN STEP	2026-02-25T19:48:29.1900216Z Unpacking libfontconfig-dev:amd64 (2.15.0-1.1ubuntu2) ...
Linux Desktop Tests (2)	UNKNOWN STEP	2026-02-25T19:48:29.2154897Z Selecting previously unselected package libpixman-1-dev:amd64.
Linux Desktop Tests (2)	UNKNOWN STEP	2026-02-25T19:48:29.2314765Z Preparing to unpack .../055-libpixman-1-dev_0.42.2-1build1_amd64.deb ...
Linux Desktop Tests (2)	UNKNOWN STEP	2026-02-25T19:48:29.2325102Z Unpacking libpixman-1-dev:amd64 (0.42.2-1build1) ...
Linux Desktop Tests (2)	UNKNOWN STEP	2026-02-25T19:48:29.2572913Z Selecting previously unselected package libice-dev:amd64.
Linux Desktop Tests (2)	UNKNOWN STEP	2026-02-25T19:48:29.2733537Z Preparing to unpack .../056-libice-dev_2%3a1.0.10-1build3_amd64.deb ...
Linux Desktop Tests (2)	UNKNOWN STEP	2026-02-25T19:48:29.2742035Z Unpacking libice-dev:amd64 (2:1.0.10-1build3) ...
Linux Desktop Tests (2)	UNKNOWN STEP	2026-02-25T19:48:29.2960043Z Selecting previously unselected package libsm-dev:amd64.
Linux Desktop Tests (2)	UNKNOWN STEP	2026-02-25T19:48:29.3118409Z Preparing to unpack .../057-libsm-dev_2%3a1.2.3-1build3_amd64.deb ...
Linux Desktop Tests (2)	UNKNOWN STEP	2026-02-25T19:48:29.3126639Z Unpacking libsm-dev:amd64 (2:1.2.3-1build3) ...
Linux Desktop Tests (2)	UNKNOWN STEP	2026-02-25T19:48:29.3334360Z Selecting previously unselected package libxcb-render0-dev:amd64.
Linux Desktop Tests (2)	UNKNOWN STEP	2026-02-25T19:48:29.3498492Z Preparing to unpack .../058-libxcb-render0-dev_1.15-1ubuntu2_amd64.deb ...
Linux Desktop Tests (2)	UNKNOWN STEP	2026-02-25T19:48:29.3506852Z Unpacking libxcb-render0-dev:amd64 (1.15-1ubuntu2) ...
Linux Desktop Tests (2)	UNKNOWN STEP	2026-02-25T19:48:29.3724712Z Selecting previously unselected package libxcb-shm0-dev:amd64.
Linux Desktop Tests (2)	UNKNOWN STEP	2026-02-25T19:48:29.3883767Z Preparing to unpack .../059-libxcb-shm0-dev_1.15-1ubuntu2_amd64.deb ...
Linux Desktop Tests (2)	UNKNOWN STEP	2026-02-25T19:48:29.3893887Z Unpacking libxcb-shm0-dev:amd64 (1.15-1ubuntu2) ...
Linux Desktop Tests (2)	UNKNOWN STEP	2026-02-25T19:48:29.4103251Z Selecting previously unselected package libxrender-dev:amd64.
Linux Desktop Tests (2)	UNKNOWN STEP	2026-02-25T19:48:29.4261959Z Preparing to unpack .../060-libxrender-dev_1%3a0.9.10-1.1build1_amd64.deb ...
Linux Desktop Tests (2)	UNKNOWN STEP	2026-02-25T19:48:29.4269982Z Unpacking libxrender-dev:amd64 (1:0.9.10-1.1build1) ...
Linux Desktop Tests (2)	UNKNOWN STEP	2026-02-25T19:48:29.4531029Z Selecting previously unselected package libcairo2-dev:amd64.
Linux Desktop Tests (2)	UNKNOWN STEP	2026-02-25T19:48:29.4689791Z Preparing to unpack .../061-libcairo2-dev_1.18.0-3build1_amd64.deb ...
Linux Desktop Tests (2)	UNKNOWN STEP	2026-02-25T19:48:29.4697827Z Unpacking libcairo2-dev:amd64 (1.18.0-3build1) ...
Linux Desktop Tests (2)	UNKNOWN STEP	2026-02-25T19:48:29.4956881Z Selecting previously unselected package libdatrie-dev:amd64.
Linux Desktop Tests (2)	UNKNOWN STEP	2026-02-25T19:48:29.5115322Z Preparing to unpack .../062-libdatrie-dev_0.2.13-3build1_amd64.deb ...
Linux Desktop Tests (2)	UNKNOWN STEP	2026-02-25T19:48:29.5124440Z Unpacking libdatrie-dev:amd64 (0.2.13-3build1) ...
Linux Desktop Tests (2)	UNKNOWN STEP	2026-02-25T19:48:29.5334212Z Selecting previously unselected package libdeflate-dev:amd64.
Linux Desktop Tests (2)	UNKNOWN STEP	2026-02-25T19:48:29.5493054Z Preparing to unpack .../063-libdeflate-dev_1.19-1build1.1_amd64.deb ...
Linux Desktop Tests (2)	UNKNOWN STEP	2026-02-25T19:48:29.5501178Z Unpacking libdeflate-dev:amd64 (1.19-1build1.1) ...
Linux Desktop Tests (2)	UNKNOWN STEP	2026-02-25T19:48:29.5761765Z Selecting previously unselected package libegl-mesa0:amd64.
Linux Desktop Tests (2)	UNKNOWN STEP	2026-02-25T19:48:29.5918837Z Preparing to unpack .../064-libegl-mesa0_25.2.8-0ubuntu0.24.04.1_amd64.deb ...
Linux Desktop Tests (2)	UNKNOWN STEP	2026-02-25T19:48:29.5927343Z Unpacking libegl-mesa0:amd64 (25.2.8-0ubuntu0.24.04.1) ...
Linux Desktop Tests (2)	UNKNOWN STEP	2026-02-25T19:48:29.6170067Z Selecting previously unselected package libegl1:amd64.
Linux Desktop Tests (2)	UNKNOWN STEP	2026-02-25T19:48:29.6326555Z Preparing to unpack .../065-libegl1_1.7.0-1build1_amd64.deb ...
Linux Desktop Tests (2)	UNKNOWN STEP	2026-02-25T19:48:29.6335262Z Unpacking libegl1:amd64 (1.7.0-1build1) ...
Linux Desktop Tests (2)	UNKNOWN STEP	2026-02-25T19:48:29.6547635Z Selecting previously unselected package libglx-dev:amd64.
Linux Desktop Tests (2)	UNKNOWN STEP	2026-02-25T19:48:29.6704191Z Preparing to unpack .../066-libglx-dev_1.7.0-1build1_amd64.deb ...
Linux Desktop Tests (2)	UNKNOWN STEP	2026-02-25T19:48:29.6712288Z Unpacking libglx-dev:amd64 (1.7.0-1build1) ...
Linux Desktop Tests (2)	UNKNOWN STEP	2026-02-25T19:48:29.6929005Z Selecting previously unselected package libgl-dev:amd64.
Linux Desktop Tests (2)	UNKNOWN STEP	2026-02-25T19:48:29.7084628Z Preparing to unpack .../067-libgl-dev_1.7.0-1build1_amd64.deb ...
Linux Desktop Tests (2)	UNKNOWN STEP	2026-02-25T19:48:29.7093576Z Unpacking libgl-dev:amd64 (1.7.0-1build1) ...
Linux Desktop Tests (2)	UNKNOWN STEP	2026-02-25T19:48:29.7389135Z Selecting previously unselected package libegl-dev:amd64.
Linux Desktop Tests (2)	UNKNOWN STEP	2026-02-25T19:48:29.7546607Z Preparing to unpack .../068-libegl-dev_1.7.0-1build1_amd64.deb ...
Linux Desktop Tests (2)	UNKNOWN STEP	2026-02-25T19:48:29.7556374Z Unpacking libegl-dev:amd64 (1.7.0-1build1) ...
Linux Desktop Tests (2)	UNKNOWN STEP	2026-02-25T19:48:29.7774903Z Selecting previously unselected package libglvnd-core-dev:amd64.
Linux Desktop Tests (2)	UNKNOWN STEP	2026-02-25T19:48:29.7931239Z Preparing to unpack .../069-libglvnd-core-dev_1.7.0-1build1_amd64.deb ...
Linux Desktop Tests (2)	UNKNOWN STEP	2026-02-25T19:48:29.7940689Z Unpacking libglvnd-core-dev:amd64 (1.7.0-1build1) ...
Linux Desktop Tests (2)	UNKNOWN STEP	2026-02-25T19:48:29.8193206Z Selecting previously unselected package libgles1:amd64.
Linux Desktop Tests (2)	UNKNOWN STEP	2026-02-25T19:48:29.8349761Z Preparing to unpack .../070-libgles1_1.7.0-1build1_amd64.deb ...
Linux Desktop Tests (2)	UNKNOWN STEP	2026-02-25T19:48:29.8358207Z Unpacking libgles1:amd64 (1.7.0-1build1) ...
Linux Desktop Tests (2)	UNKNOWN STEP	2026-02-25T19:48:29.8575742Z Selecting previously unselected package libgles2:amd64.
Linux Desktop Tests (2)	UNKNOWN STEP	2026-02-25T19:48:29.8733716Z Preparing to unpack .../071-libgles2_1.7.0-1build1_amd64.deb ...
Linux Desktop Tests (2)	UNKNOWN STEP	2026-02-25T19:48:29.8743077Z Unpacking libgles2:amd64 (1.7.0-1build1) ...
Linux Desktop Tests (2)	UNKNOWN STEP	2026-02-25T19:48:29.8955473Z Selecting previously unselected package libgles-dev:amd64.
Linux Desktop Tests (2)	UNKNOWN STEP	2026-02-25T19:48:29.9112914Z Preparing to unpack .../072-libgles-dev_1.7.0-1build1_amd64.deb ...
Linux Desktop Tests (2)	UNKNOWN STEP	2026-02-25T19:48:29.9121133Z Unpacking libgles-dev:amd64 (1.7.0-1build1) ...
Linux Desktop Tests (2)	UNKNOWN STEP	2026-02-25T19:48:29.9394372Z Selecting previously unselected package libopengl0:amd64.
Linux Desktop Tests (2)	UNKNOWN STEP	2026-02-25T19:48:29.9552963Z Preparing to unpack .../073-libopengl0_1.7.0-1build1_amd64.deb ...
Linux Desktop Tests (2)	UNKNOWN STEP	2026-02-25T19:48:29.9561303Z Unpacking libopengl0:amd64 (1.7.0-1build1) ...
Linux Desktop Tests (2)	UNKNOWN STEP	2026-02-25T19:48:29.9786878Z Selecting previously unselected package libopengl-dev:amd64.
Linux Desktop Tests (2)	UNKNOWN STEP	2026-02-25T19:48:29.9944875Z Preparing to unpack .../074-libopengl-dev_1.7.0-1build1_amd64.deb ...
Linux Desktop Tests (2)	UNKNOWN STEP	2026-02-25T19:48:29.9953467Z Unpacking libopengl-dev:amd64 (1.7.0-1build1) ...
Linux Desktop Tests (2)	UNKNOWN STEP	2026-02-25T19:48:30.0165835Z Selecting previously unselected package libglvnd-dev:amd64.
Linux Desktop Tests (2)	UNKNOWN STEP	2026-02-25T19:48:30.0323607Z Preparing to unpack .../075-libglvnd-dev_1.7.0-1build1_amd64.deb ...
Linux Desktop Tests (2)	UNKNOWN STEP	2026-02-25T19:48:30.0331655Z Unpacking libglvnd-dev:amd64 (1.7.0-1build1) ...
Linux Desktop Tests (2)	UNKNOWN STEP	2026-02-25T19:48:30.0550375Z Selecting previously unselected package libegl1-mesa-dev:amd64.
Linux Desktop Tests (2)	UNKNOWN STEP	2026-02-25T19:48:30.0717306Z Preparing to unpack .../076-libegl1-mesa-dev_25.2.8-0ubuntu0.24.04.1_amd64.deb ...
Linux Desktop Tests (2)	UNKNOWN STEP	2026-02-25T19:48:30.0838192Z Unpacking libegl1-mesa-dev:amd64 (25.2.8-0ubuntu0.24.04.1) ...
Linux Desktop Tests (2)	UNKNOWN STEP	2026-02-25T19:48:30.1065757Z Selecting previously unselected package libepoxy-dev:amd64.
Linux Desktop Tests (2)	UNKNOWN STEP	2026-02-25T19:48:30.1229179Z Preparing to unpack .../077-libepoxy-dev_1.5.10-1build1_amd64.deb ...
Linux Desktop Tests (2)	UNKNOWN STEP	2026-02-25T19:48:30.1236511Z Unpacking libepoxy-dev:amd64 (1.5.10-1build1) ...
Linux Desktop Tests (2)	UNKNOWN STEP	2026-02-25T19:48:30.1510037Z Selecting previously unselected package libfribidi-dev:amd64.
Linux Desktop Tests (2)	UNKNOWN STEP	2026-02-25T19:48:30.1672288Z Preparing to unpack .../078-libfribidi-dev_1.0.13-3build1_amd64.deb ...
Linux Desktop Tests (2)	UNKNOWN STEP	2026-02-25T19:48:30.1680047Z Unpacking libfribidi-dev:amd64 (1.0.13-3build1) ...
Linux Desktop Tests (2)	UNKNOWN STEP	2026-02-25T19:48:30.1985434Z Selecting previously unselected package libgpg-error-dev.
Linux Desktop Tests (2)	UNKNOWN STEP	2026-02-25T19:48:30.2148589Z Preparing to unpack .../079-libgpg-error-dev_1.47-3build2.1_amd64.deb ...
Linux Desktop Tests (2)	UNKNOWN STEP	2026-02-25T19:48:30.2158581Z Unpacking libgpg-error-dev (1.47-3build2.1) ...
Linux Desktop Tests (2)	UNKNOWN STEP	2026-02-25T19:48:30.2466378Z Selecting previously unselected package libgcrypt20-dev.
Linux Desktop Tests (2)	UNKNOWN STEP	2026-02-25T19:48:30.2629145Z Preparing to unpack .../080-libgcrypt20-dev_1.10.3-2build1_amd64.deb ...
Linux Desktop Tests (2)	UNKNOWN STEP	2026-02-25T19:48:30.2638758Z Unpacking libgcrypt20-dev (1.10.3-2build1) ...
Linux Desktop Tests (2)	UNKNOWN STEP	2026-02-25T19:48:30.2976022Z Selecting previously unselected package libgdk-pixbuf2.0-bin.
Linux Desktop Tests (2)	UNKNOWN STEP	2026-02-25T19:48:30.3138249Z Preparing to unpack .../081-libgdk-pixbuf2.0-bin_2.42.10+dfsg-3ubuntu3.2_amd64.deb ...
Linux Desktop Tests (2)	UNKNOWN STEP	2026-02-25T19:48:30.3146758Z Unpacking libgdk-pixbuf2.0-bin (2.42.10+dfsg-3ubuntu3.2) ...
Linux Desktop Tests (2)	UNKNOWN STEP	2026-02-25T19:48:30.3702097Z Selecting previously unselected package libjpeg-turbo8-dev:amd64.
Linux Desktop Tests (2)	UNKNOWN STEP	2026-02-25T19:48:30.3865593Z Preparing to unpack .../082-libjpeg-turbo8-dev_2.1.5-2ubuntu2_amd64.deb ...
Linux Desktop Tests (2)	UNKNOWN STEP	2026-02-25T19:48:30.3873834Z Unpacking libjpeg-turbo8-dev:amd64 (2.1.5-2ubuntu2) ...
Linux Desktop Tests (2)	UNKNOWN STEP	2026-02-25T19:48:30.4138223Z Selecting previously unselected package libjpeg8-dev:amd64.
Linux Desktop Tests (2)	UNKNOWN STEP	2026-02-25T19:48:30.4303191Z Preparing to unpack .../083-libjpeg8-dev_8c-2ubuntu11_amd64.deb ...
Linux Desktop Tests (2)	UNKNOWN STEP	2026-02-25T19:48:30.4311030Z Unpacking libjpeg8-dev:amd64 (8c-2ubuntu11) ...
Linux Desktop Tests (2)	UNKNOWN STEP	2026-02-25T19:48:30.4515594Z Selecting previously unselected package libjpeg-dev:amd64.
Linux Desktop Tests (2)	UNKNOWN STEP	2026-02-25T19:48:30.4677632Z Preparing to unpack .../084-libjpeg-dev_8c-2ubuntu11_amd64.deb ...
Linux Desktop Tests (2)	UNKNOWN STEP	2026-02-25T19:48:30.4685789Z Unpacking libjpeg-dev:amd64 (8c-2ubuntu11) ...
Linux Desktop Tests (2)	UNKNOWN STEP	2026-02-25T19:48:30.4881348Z Selecting previously unselected package libjbig-dev:amd64.
Linux Desktop Tests (2)	UNKNOWN STEP	2026-02-25T19:48:30.5042128Z Preparing to unpack .../085-libjbig-dev_2.1-6.1ubuntu2_amd64.deb ...
Linux Desktop Tests (2)	UNKNOWN STEP	2026-02-25T19:48:30.5049924Z Unpacking libjbig-dev:amd64 (2.1-6.1ubuntu2) ...
Linux Desktop Tests (2)	UNKNOWN STEP	2026-02-25T19:48:30.5260861Z Selecting previously unselected package liblzma-dev:amd64.
Linux Desktop Tests (2)	UNKNOWN STEP	2026-02-25T19:48:30.5422838Z Preparing to unpack .../086-liblzma-dev_5.6.1+really5.4.5-1ubuntu0.2_amd64.deb ...
Linux Desktop Tests (2)	UNKNOWN STEP	2026-02-25T19:48:30.5430977Z Unpacking liblzma-dev:amd64 (5.6.1+really5.4.5-1ubuntu0.2) ...
Linux Desktop Tests (2)	UNKNOWN STEP	2026-02-25T19:48:30.5742312Z Selecting previously unselected package libwebpdecoder3:amd64.
Linux Desktop Tests (2)	UNKNOWN STEP	2026-02-25T19:48:30.5902459Z Preparing to unpack .../087-libwebpdecoder3_1.3.2-0.4build3_amd64.deb ...
Linux Desktop Tests (2)	UNKNOWN STEP	2026-02-25T19:48:30.5910932Z Unpacking libwebpdecoder3:amd64 (1.3.2-0.4build3) ...
Linux Desktop Tests (2)	UNKNOWN STEP	2026-02-25T19:48:30.6126744Z Selecting previously unselected package libsharpyuv-dev:amd64.
Linux Desktop Tests (2)	UNKNOWN STEP	2026-02-25T19:48:30.6287696Z Preparing to unpack .../088-libsharpyuv-dev_1.3.2-0.4build3_amd64.deb ...
Linux Desktop Tests (2)	UNKNOWN STEP	2026-02-25T19:48:30.6295334Z Unpacking libsharpyuv-dev:amd64 (1.3.2-0.4build3) ...
Linux Desktop Tests (2)	UNKNOWN STEP	2026-02-25T19:48:30.6505574Z Selecting previously unselected package libwebp-dev:amd64.
Linux Desktop Tests (2)	UNKNOWN STEP	2026-02-25T19:48:30.6663824Z Preparing to unpack .../089-libwebp-dev_1.3.2-0.4build3_amd64.deb ...
Linux Desktop Tests (2)	UNKNOWN STEP	2026-02-25T19:48:30.6672487Z Unpacking libwebp-dev:amd64 (1.3.2-0.4build3) ...
Linux Desktop Tests (2)	UNKNOWN STEP	2026-02-25T19:48:30.7003803Z Selecting previously unselected package libtiffxx6:amd64.
Linux Desktop Tests (2)	UNKNOWN STEP	2026-02-25T19:48:30.7162750Z Preparing to unpack .../090-libtiffxx6_4.5.1+git230720-4ubuntu2.4_amd64.deb ...
Linux Desktop Tests (2)	UNKNOWN STEP	2026-02-25T19:48:30.7171109Z Unpacking libtiffxx6:amd64 (4.5.1+git230720-4ubuntu2.4) ...
Linux Desktop Tests (2)	UNKNOWN STEP	2026-02-25T19:48:30.7383767Z Selecting previously unselected package liblerc-dev:amd64.
Linux Desktop Tests (2)	UNKNOWN STEP	2026-02-25T19:48:30.7542286Z Preparing to unpack .../091-liblerc-dev_4.0.0+ds-4ubuntu2_amd64.deb ...
Linux Desktop Tests (2)	UNKNOWN STEP	2026-02-25T19:48:30.7550140Z Unpacking liblerc-dev:amd64 (4.0.0+ds-4ubuntu2) ...
Linux Desktop Tests (2)	UNKNOWN STEP	2026-02-25T19:48:30.7792102Z Selecting previously unselected package libtiff-dev:amd64.
Linux Desktop Tests (2)	UNKNOWN STEP	2026-02-25T19:48:30.7951170Z Preparing to unpack .../092-libtiff-dev_4.5.1+git230720-4ubuntu2.4_amd64.deb ...
Linux Desktop Tests (2)	UNKNOWN STEP	2026-02-25T19:48:30.7958556Z Unpacking libtiff-dev:amd64 (4.5.1+git230720-4ubuntu2.4) ...
Linux Desktop Tests (2)	UNKNOWN STEP	2026-02-25T19:48:30.8312057Z Selecting previously unselected package libgdk-pixbuf-2.0-dev:amd64.
Linux Desktop Tests (2)	UNKNOWN STEP	2026-02-25T19:48:30.8470141Z Preparing to unpack .../093-libgdk-pixbuf-2.0-dev_2.42.10+dfsg-3ubuntu3.2_amd64.deb ...
Linux Desktop Tests (2)	UNKNOWN STEP	2026-02-25T19:48:30.8478465Z Unpacking libgdk-pixbuf-2.0-dev:amd64 (2.42.10+dfsg-3ubuntu3.2) ...
Linux Desktop Tests (2)	UNKNOWN STEP	2026-02-25T19:48:30.8726880Z Selecting previously unselected package libgles2-mesa-dev:amd64.
Linux Desktop Tests (2)	UNKNOWN STEP	2026-02-25T19:48:30.8886169Z Preparing to unpack .../094-libgles2-mesa-dev_25.2.8-0ubuntu0.24.04.1_amd64.deb ...
Linux Desktop Tests (2)	UNKNOWN STEP	2026-02-25T19:48:30.8894894Z Unpacking libgles2-mesa-dev:amd64 (25.2.8-0ubuntu0.24.04.1) ...
Linux Desktop Tests (2)	UNKNOWN STEP	2026-02-25T19:48:30.9100327Z Selecting previously unselected package libgraphite2-dev:amd64.
Linux Desktop Tests (2)	UNKNOWN STEP	2026-02-25T19:48:30.9256812Z Preparing to unpack .../095-libgraphite2-dev_1.3.14-2build1_amd64.deb ...
Linux Desktop Tests (2)	UNKNOWN STEP	2026-02-25T19:48:30.9264411Z Unpacking libgraphite2-dev:amd64 (1.3.14-2build1) ...
Linux Desktop Tests (2)	UNKNOWN STEP	2026-02-25T19:48:30.9482439Z Selecting previously unselected package libharfbuzz-icu0:amd64.
Linux Desktop Tests (2)	UNKNOWN STEP	2026-02-25T19:48:30.9638490Z Preparing to unpack .../096-libharfbuzz-icu0_8.3.0-2build2_amd64.deb ...
Linux Desktop Tests (2)	UNKNOWN STEP	2026-02-25T19:48:30.9647107Z Unpacking libharfbuzz-icu0:amd64 (8.3.0-2build2) ...
Linux Desktop Tests (2)	UNKNOWN STEP	2026-02-25T19:48:30.9878134Z Selecting previously unselected package libharfbuzz-subset0:amd64.
Linux Desktop Tests (2)	UNKNOWN STEP	2026-02-25T19:48:31.0033718Z Preparing to unpack .../097-libharfbuzz-subset0_8.3.0-2build2_amd64.deb ...
Linux Desktop Tests (2)	UNKNOWN STEP	2026-02-25T19:48:31.0042538Z Unpacking libharfbuzz-subset0:amd64 (8.3.0-2build2) ...
Linux Desktop Tests (2)	UNKNOWN STEP	2026-02-25T19:48:31.0320760Z Selecting previously unselected package libharfbuzz-cairo0:amd64.
Linux Desktop Tests (2)	UNKNOWN STEP	2026-02-25T19:48:31.0479278Z Preparing to unpack .../098-libharfbuzz-cairo0_8.3.0-2build2_amd64.deb ...
Linux Desktop Tests (2)	UNKNOWN STEP	2026-02-25T19:48:31.0488641Z Unpacking libharfbuzz-cairo0:amd64 (8.3.0-2build2) ...
Linux Desktop Tests (2)	UNKNOWN STEP	2026-02-25T19:48:31.0698624Z Selecting previously unselected package libharfbuzz-dev:amd64.
Linux Desktop Tests (2)	UNKNOWN STEP	2026-02-25T19:48:31.0855924Z Preparing to unpack .../099-libharfbuzz-dev_8.3.0-2build2_amd64.deb ...
Linux Desktop Tests (2)	UNKNOWN STEP	2026-02-25T19:48:31.0864040Z Unpacking libharfbuzz-dev:amd64 (8.3.0-2build2) ...
Linux Desktop Tests (2)	UNKNOWN STEP	2026-02-25T19:48:31.1196359Z Selecting previously unselected package libthai-dev:amd64.
Linux Desktop Tests (2)	UNKNOWN STEP	2026-02-25T19:48:31.1354539Z Preparing to unpack .../100-libthai-dev_0.1.29-2build1_amd64.deb ...
Linux Desktop Tests (2)	UNKNOWN STEP	2026-02-25T19:48:31.1362910Z Unpacking libthai-dev:amd64 (0.1.29-2build1) ...
Linux Desktop Tests (2)	UNKNOWN STEP	2026-02-25T19:48:31.1594751Z Selecting previously unselected package libxft-dev:amd64.
Linux Desktop Tests (2)	UNKNOWN STEP	2026-02-25T19:48:31.1752826Z Preparing to unpack .../101-libxft-dev_2.3.6-1build1_amd64.deb ...
Linux Desktop Tests (2)	UNKNOWN STEP	2026-02-25T19:48:31.1764415Z Unpacking libxft-dev:amd64 (2.3.6-1build1) ...
Linux Desktop Tests (2)	UNKNOWN STEP	2026-02-25T19:48:31.2050885Z Selecting previously unselected package pango1.0-tools.
Linux Desktop Tests (2)	UNKNOWN STEP	2026-02-25T19:48:31.2208855Z Preparing to unpack .../102-pango1.0-tools_1.52.1+ds-1build1_amd64.deb ...
Linux Desktop Tests (2)	UNKNOWN STEP	2026-02-25T19:48:31.2216968Z Unpacking pango1.0-tools (1.52.1+ds-1build1) ...
Linux Desktop Tests (2)	UNKNOWN STEP	2026-02-25T19:48:31.2435752Z Selecting previously unselected package libpango1.0-dev:amd64.
Linux Desktop Tests (2)	UNKNOWN STEP	2026-02-25T19:48:31.2594042Z Preparing to unpack .../103-libpango1.0-dev_1.52.1+ds-1build1_amd64.deb ...
Linux Desktop Tests (2)	UNKNOWN STEP	2026-02-25T19:48:31.2602391Z Unpacking libpango1.0-dev:amd64 (1.52.1+ds-1build1) ...
Linux Desktop Tests (2)	UNKNOWN STEP	2026-02-25T19:48:31.2955354Z Selecting previously unselected package libwayland-server0:amd64.
Linux Desktop Tests (2)	UNKNOWN STEP	2026-02-25T19:48:31.3114624Z Preparing to unpack .../104-libwayland-server0_1.22.0-2.1build1_amd64.deb ...
Linux Desktop Tests (2)	UNKNOWN STEP	2026-02-25T19:48:31.3125454Z Unpacking libwayland-server0:amd64 (1.22.0-2.1build1) ...
Linux Desktop Tests (2)	UNKNOWN STEP	2026-02-25T19:48:31.3337862Z Selecting previously unselected package libwayland-bin.
Linux Desktop Tests (2)	UNKNOWN STEP	2026-02-25T19:48:31.3500259Z Preparing to unpack .../105-libwayland-bin_1.22.0-2.1build1_amd64.deb ...
Linux Desktop Tests (2)	UNKNOWN STEP	2026-02-25T19:48:31.3513715Z Unpacking libwayland-bin (1.22.0-2.1build1) ...
Linux Desktop Tests (2)	UNKNOWN STEP	2026-02-25T19:48:31.3728291Z Selecting previously unselected package libwayland-dev:amd64.
Linux Desktop Tests (2)	UNKNOWN STEP	2026-02-25T19:48:31.3885833Z Preparing to unpack .../106-libwayland-dev_1.22.0-2.1build1_amd64.deb ...
Linux Desktop Tests (2)	UNKNOWN STEP	2026-02-25T19:48:31.3893306Z Unpacking libwayland-dev:amd64 (1.22.0-2.1build1) ...
Linux Desktop Tests (2)	UNKNOWN STEP	2026-02-25T19:48:31.4154076Z Selecting previously unselected package libxcomposite-dev:amd64.
Linux Desktop Tests (2)	UNKNOWN STEP	2026-02-25T19:48:31.4314433Z Preparing to unpack .../107-libxcomposite-dev_1%3a0.4.5-1build3_amd64.deb ...
Linux Desktop Tests (2)	UNKNOWN STEP	2026-02-25T19:48:31.4323031Z Unpacking libxcomposite-dev:amd64 (1:0.4.5-1build3) ...
Linux Desktop Tests (2)	UNKNOWN STEP	2026-02-25T19:48:31.4552731Z Selecting previously unselected package libxcursor-dev:amd64.
Linux Desktop Tests (2)	UNKNOWN STEP	2026-02-25T19:48:31.4709576Z Preparing to unpack .../108-libxcursor-dev_1%3a1.2.1-1build1_amd64.deb ...
Linux Desktop Tests (2)	UNKNOWN STEP	2026-02-25T19:48:31.4718221Z Unpacking libxcursor-dev:amd64 (1:1.2.1-1build1) ...
Linux Desktop Tests (2)	UNKNOWN STEP	2026-02-25T19:48:31.4985801Z Selecting previously unselected package libxdamage-dev:amd64.
Linux Desktop Tests (2)	UNKNOWN STEP	2026-02-25T19:48:31.5145072Z Preparing to unpack .../109-libxdamage-dev_1%3a1.1.6-1build1_amd64.deb ...
Linux Desktop Tests (2)	UNKNOWN STEP	2026-02-25T19:48:31.5152509Z Unpacking libxdamage-dev:amd64 (1:1.1.6-1build1) ...
Linux Desktop Tests (2)	UNKNOWN STEP	2026-02-25T19:48:31.5357517Z Selecting previously unselected package libxinerama-dev:amd64.
Linux Desktop Tests (2)	UNKNOWN STEP	2026-02-25T19:48:31.5515379Z Preparing to unpack .../110-libxinerama-dev_2%3a1.1.4-3build1_amd64.deb ...
Linux Desktop Tests (2)	UNKNOWN STEP	2026-02-25T19:48:31.5524115Z Unpacking libxinerama-dev:amd64 (2:1.1.4-3build1) ...
Linux Desktop Tests (2)	UNKNOWN STEP	2026-02-25T19:48:31.5740371Z Selecting previously unselected package libxkbcommon-dev:amd64.
Linux Desktop Tests (2)	UNKNOWN STEP	2026-02-25T19:48:31.5898490Z Preparing to unpack .../111-libxkbcommon-dev_1.6.0-1build1_amd64.deb ...
Linux Desktop Tests (2)	UNKNOWN STEP	2026-02-25T19:48:31.5906707Z Unpacking libxkbcommon-dev:amd64 (1.6.0-1build1) ...
Linux Desktop Tests (2)	UNKNOWN STEP	2026-02-25T19:48:31.6131771Z Selecting previously unselected package libxrandr-dev:amd64.
Linux Desktop Tests (2)	UNKNOWN STEP	2026-02-25T19:48:31.6286834Z Preparing to unpack .../112-libxrandr-dev_2%3a1.5.2-2build1_amd64.deb ...
Linux Desktop Tests (2)	UNKNOWN STEP	2026-02-25T19:48:31.6300489Z Unpacking libxrandr-dev:amd64 (2:1.5.2-2build1) ...
Linux Desktop Tests (2)	UNKNOWN STEP	2026-02-25T19:48:31.6535770Z Selecting previously unselected package wayland-protocols.
Linux Desktop Tests (2)	UNKNOWN STEP	2026-02-25T19:48:31.6693435Z Preparing to unpack .../113-wayland-protocols_1.45-1~ubuntu0.24.04.1_all.deb ...
Linux Desktop Tests (2)	UNKNOWN STEP	2026-02-25T19:48:31.6702585Z Unpacking wayland-protocols (1.45-1~ubuntu0.24.04.1) ...
Linux Desktop Tests (2)	UNKNOWN STEP	2026-02-25T19:48:31.7083368Z Selecting previously unselected package libgtk-3-dev:amd64.
Linux Desktop Tests (2)	UNKNOWN STEP	2026-02-25T19:48:31.7242763Z Preparing to unpack .../114-libgtk-3-dev_3.24.41-4ubuntu1.3_amd64.deb ...
Linux Desktop Tests (2)	UNKNOWN STEP	2026-02-25T19:48:31.7257178Z Unpacking libgtk-3-dev:amd64 (3.24.41-4ubuntu1.3) ...
Linux Desktop Tests (2)	UNKNOWN STEP	2026-02-25T19:48:31.8559941Z Selecting previously unselected package libpng-tools.
Linux Desktop Tests (2)	UNKNOWN STEP	2026-02-25T19:48:31.8728087Z Preparing to unpack .../115-libpng-tools_1.6.43-5ubuntu0.5_amd64.deb ...
Linux Desktop Tests (2)	UNKNOWN STEP	2026-02-25T19:48:31.8736768Z Unpacking libpng-tools (1.6.43-5ubuntu0.5) ...
Linux Desktop Tests (2)	UNKNOWN STEP	2026-02-25T19:48:31.8951767Z Selecting previously unselected package libsecret-1-dev:amd64.
Linux Desktop Tests (2)	UNKNOWN STEP	2026-02-25T19:48:31.9114363Z Preparing to unpack .../116-libsecret-1-dev_0.21.4-1build3_amd64.deb ...
Linux Desktop Tests (2)	UNKNOWN STEP	2026-02-25T19:48:31.9122676Z Unpacking libsecret-1-dev:amd64 (0.21.4-1build3) ...
Linux Desktop Tests (2)	UNKNOWN STEP	2026-02-25T19:48:31.9936433Z Selecting previously unselected package ninja-build.
Linux Desktop Tests (2)	UNKNOWN STEP	2026-02-25T19:48:32.0101167Z Preparing to unpack .../117-ninja-build_1.11.1-2_amd64.deb ...
Linux Desktop Tests (2)	UNKNOWN STEP	2026-02-25T19:48:32.0109507Z Unpacking ninja-build (1.11.1-2) ...
Linux Desktop Tests (2)	UNKNOWN STEP	2026-02-25T19:48:32.0887271Z Selecting previously unselected package libgl1-mesa-dev:amd64.
Linux Desktop Tests (2)	UNKNOWN STEP	2026-02-25T19:48:32.1049809Z Preparing to unpack .../118-libgl1-mesa-dev_25.2.8-0ubuntu0.24.04.1_amd64.deb ...
Linux Desktop Tests (2)	UNKNOWN STEP	2026-02-25T19:48:32.1059112Z Unpacking libgl1-mesa-dev:amd64 (25.2.8-0ubuntu0.24.04.1) ...
Linux Desktop Tests (2)	UNKNOWN STEP	2026-02-25T19:48:32.1265279Z Selecting previously unselected package libjsoncpp-dev:amd64.
Linux Desktop Tests (2)	UNKNOWN STEP	2026-02-25T19:48:32.1428707Z Preparing to unpack .../119-libjsoncpp-dev_1.9.5-6build1_amd64.deb ...
Linux Desktop Tests (2)	UNKNOWN STEP	2026-02-25T19:48:32.1437341Z Unpacking libjsoncpp-dev:amd64 (1.9.5-6build1) ...
Linux Desktop Tests (2)	UNKNOWN STEP	2026-02-25T19:48:32.1933216Z Setting up libcairo-script-interpreter2:amd64 (1.18.0-3build1) ...
Linux Desktop Tests (2)	UNKNOWN STEP	2026-02-25T19:48:32.1958455Z Setting up bzip2-doc (1.0.8-5.1build0.1) ...
Linux Desktop Tests (2)	UNKNOWN STEP	2026-02-25T19:48:32.1981316Z Setting up libwayland-server0:amd64 (1.22.0-2.1build1) ...
Linux Desktop Tests (2)	UNKNOWN STEP	2026-02-25T19:48:32.2002498Z Setting up libjpeg-turbo8-dev:amd64 (2.1.5-2ubuntu2) ...
Linux Desktop Tests (2)	UNKNOWN STEP	2026-02-25T19:48:32.2022254Z Setting up libharfbuzz-icu0:amd64 (8.3.0-2build2) ...
Linux Desktop Tests (2)	UNKNOWN STEP	2026-02-25T19:48:32.2048544Z Setting up libpixman-1-dev:amd64 (0.42.2-1build1) ...
Linux Desktop Tests (2)	UNKNOWN STEP	2026-02-25T19:48:32.2071295Z Setting up libglvnd-core-dev:amd64 (1.7.0-1build1) ...
Linux Desktop Tests (2)	UNKNOWN STEP	2026-02-25T19:48:32.2095981Z Setting up libfribidi-dev:amd64 (1.0.13-3build1) ...
Linux Desktop Tests (2)	UNKNOWN STEP	2026-02-25T19:48:32.2117639Z Setting up libxkbcommon-dev:amd64 (1.6.0-1build1) ...
Linux Desktop Tests (2)	UNKNOWN STEP	2026-02-25T19:48:32.2145459Z Setting up libjbig-dev:amd64 (2.1-6.1ubuntu2) ...
Linux Desktop Tests (2)	UNKNOWN STEP	2026-02-25T19:48:32.2167959Z Setting up libwebpdecoder3:amd64 (1.3.2-0.4build3) ...
Linux Desktop Tests (2)	UNKNOWN STEP	2026-02-25T19:48:32.2187925Z Setting up libpthread-stubs0-dev:amd64 (0.4-1build3) ...
Linux Desktop Tests (2)	UNKNOWN STEP	2026-02-25T19:48:32.2213247Z Setting up libopengl0:amd64 (1.7.0-1build1) ...
Linux Desktop Tests (2)	UNKNOWN STEP	2026-02-25T19:48:32.2236631Z Setting up ninja-build (1.11.1-2) ...
Linux Desktop Tests (2)	UNKNOWN STEP	2026-02-25T19:48:32.2258851Z Setting up xtrans-dev (1.4.0-1) ...
Linux Desktop Tests (2)	UNKNOWN STEP	2026-02-25T19:48:32.2279447Z Setting up libwayland-bin (1.22.0-2.1build1) ...
Linux Desktop Tests (2)	UNKNOWN STEP	2026-02-25T19:48:32.2303179Z Setting up libgraphite2-dev:amd64 (1.3.14-2build1) ...
Linux Desktop Tests (2)	UNKNOWN STEP	2026-02-25T19:48:32.2324232Z Setting up libglib2.0-0t64:amd64 (2.80.0-6ubuntu3.8) ...
Linux Desktop Tests (2)	UNKNOWN STEP	2026-02-25T19:48:32.2554182Z Setting up libegl-mesa0:amd64 (25.2.8-0ubuntu0.24.04.1) ...
Linux Desktop Tests (2)	UNKNOWN STEP	2026-02-25T19:48:32.2578281Z Setting up libglib2.0-data (2.80.0-6ubuntu3.8) ...
Linux Desktop Tests (2)	UNKNOWN STEP	2026-02-25T19:48:32.2600561Z Setting up libgles2:amd64 (1.7.0-1build1) ...
Linux Desktop Tests (2)	UNKNOWN STEP	2026-02-25T19:48:32.2626548Z Setting up libharfbuzz-cairo0:amd64 (8.3.0-2build2) ...
Linux Desktop Tests (2)	UNKNOWN STEP	2026-02-25T19:48:32.2650155Z Setting up libdbus-1-dev:amd64 (1.14.10-4ubuntu4.1) ...
Linux Desktop Tests (2)	UNKNOWN STEP	2026-02-25T19:48:32.4151805Z Setting up libgpg-error-dev (1.47-3build2.1) ...
Linux Desktop Tests (2)	UNKNOWN STEP	2026-02-25T19:48:32.4175887Z Setting up uuid-dev:amd64 (2.39.3-9ubuntu6.4) ...
Linux Desktop Tests (2)	UNKNOWN STEP	2026-02-25T19:48:32.4197695Z Setting up clang (1:18.0-59~exp2) ...
Linux Desktop Tests (2)	UNKNOWN STEP	2026-02-25T19:48:32.4513506Z Setting up libgles1:amd64 (1.7.0-1build1) ...
Linux Desktop Tests (2)	UNKNOWN STEP	2026-02-25T19:48:32.4533939Z Setting up libpng16-16t64:amd64 (1.6.43-5ubuntu0.5) ...
Linux Desktop Tests (2)	UNKNOWN STEP	2026-02-25T19:48:32.4560660Z Setting up libjsoncpp25:amd64 (1.9.5-6build1) ...
Linux Desktop Tests (2)	UNKNOWN STEP	2026-02-25T19:48:32.4582342Z Setting up libsepol-dev:amd64 (3.5-2build1) ...
Linux Desktop Tests (2)	UNKNOWN STEP	2026-02-25T19:48:32.4607854Z Setting up gir1.2-glib-2.0:amd64 (2.80.0-6ubuntu3.8) ...
Linux Desktop Tests (2)	UNKNOWN STEP	2026-02-25T19:48:32.4631208Z Setting up liblerc-dev:amd64 (4.0.0+ds-4ubuntu2) ...
Linux Desktop Tests (2)	UNKNOWN STEP	2026-02-25T19:48:32.4652405Z Setting up liblzma-dev:amd64 (5.6.1+really5.4.5-1ubuntu0.2) ...
Linux Desktop Tests (2)	UNKNOWN STEP	2026-02-25T19:48:32.4676144Z Setting up wayland-protocols (1.45-1~ubuntu0.24.04.1) ...
Linux Desktop Tests (2)	UNKNOWN STEP	2026-02-25T19:48:32.4702504Z Setting up libdatrie-dev:amd64 (0.2.13-3build1) ...
Linux Desktop Tests (2)	UNKNOWN STEP	2026-02-25T19:48:32.4728646Z Setting up gir1.2-glib-2.0-dev:amd64 (2.80.0-6ubuntu3.8) ...
Linux Desktop Tests (2)	UNKNOWN STEP	2026-02-25T19:48:32.4751224Z Setting up libgdk-pixbuf2.0-bin (2.42.10+dfsg-3ubuntu3.2) ...
Linux Desktop Tests (2)	UNKNOWN STEP	2026-02-25T19:48:32.4777149Z Setting up librhash0:amd64 (1.4.3-3build1) ...
Linux Desktop Tests (2)	UNKNOWN STEP	2026-02-25T19:48:32.4799417Z Setting up libegl1:amd64 (1.7.0-1build1) ...
Linux Desktop Tests (2)	UNKNOWN STEP	2026-02-25T19:48:32.4820711Z Setting up libharfbuzz-subset0:amd64 (8.3.0-2build2) ...
Linux Desktop Tests (2)	UNKNOWN STEP	2026-02-25T19:48:32.4848149Z Setting up xorg-sgml-doctools (1:1.11-1.1) ...
Linux Desktop Tests (2)	UNKNOWN STEP	2026-02-25T19:48:32.4870996Z Setting up cmake-data (3.28.3-1build7) ...
Linux Desktop Tests (2)	UNKNOWN STEP	2026-02-25T19:48:32.4943011Z Setting up libopengl-dev:amd64 (1.7.0-1build1) ...
Linux Desktop Tests (2)	UNKNOWN STEP	2026-02-25T19:48:32.4968194Z Setting up libjpeg8-dev:amd64 (8c-2ubuntu11) ...
Linux Desktop Tests (2)	UNKNOWN STEP	2026-02-25T19:48:32.4989654Z Setting up libsharpyuv-dev:amd64 (1.3.2-0.4build3) ...
Linux Desktop Tests (2)	UNKNOWN STEP	2026-02-25T19:48:32.5013489Z Setting up libtiffxx6:amd64 (4.5.1+git230720-4ubuntu2.4) ...
Linux Desktop Tests (2)	UNKNOWN STEP	2026-02-25T19:48:32.5038740Z Setting up libdeflate-dev:amd64 (1.19-1build1.1) ...
Linux Desktop Tests (2)	UNKNOWN STEP	2026-02-25T19:48:32.5060498Z Setting up libbrotli-dev:amd64 (1.1.0-2build2) ...
Linux Desktop Tests (2)	UNKNOWN STEP	2026-02-25T19:48:32.5089312Z Setting up libsecret-common (0.21.4-1build3) ...
Linux Desktop Tests (2)	UNKNOWN STEP	2026-02-25T19:48:32.5109493Z Setting up libbz2-dev:amd64 (1.0.8-5.1build0.1) ...
Linux Desktop Tests (2)	UNKNOWN STEP	2026-02-25T19:48:32.5133505Z Setting up libglib2.0-dev-bin (2.80.0-6ubuntu3.8) ...
Linux Desktop Tests (2)	UNKNOWN STEP	2026-02-25T19:48:32.6631204Z Setting up libblkid-dev:amd64 (2.39.3-9ubuntu6.4) ...
Linux Desktop Tests (2)	UNKNOWN STEP	2026-02-25T19:48:32.6656036Z Setting up libjsoncpp-dev:amd64 (1.9.5-6build1) ...
Linux Desktop Tests (2)	UNKNOWN STEP	2026-02-25T19:48:32.6678210Z Setting up gir1.2-freedesktop:amd64 (1.80.1-1) ...
Linux Desktop Tests (2)	UNKNOWN STEP	2026-02-25T19:48:32.6701612Z Setting up libpangoxft-1.0-0:amd64 (1.52.1+ds-1build1) ...
Linux Desktop Tests (2)	UNKNOWN STEP	2026-02-25T19:48:32.6723275Z Setting up gir1.2-gdkpixbuf-2.0:amd64 (2.42.10+dfsg-3ubuntu3.2) ...
Linux Desktop Tests (2)	UNKNOWN STEP	2026-02-25T19:48:32.6746165Z Setting up libpng-tools (1.6.43-5ubuntu0.5) ...
Linux Desktop Tests (2)	UNKNOWN STEP	2026-02-25T19:48:32.6776667Z Setting up libgirepository-2.0-0:amd64 (2.80.0-6ubuntu3.8) ...
Linux Desktop Tests (2)	UNKNOWN STEP	2026-02-25T19:48:32.6800629Z Setting up gir1.2-atk-1.0:amd64 (2.52.0-1build1) ...
Linux Desktop Tests (2)	UNKNOWN STEP	2026-02-25T19:48:32.6823582Z Setting up libselinux1-dev:amd64 (3.5-2ubuntu2.1) ...
Linux Desktop Tests (2)	UNKNOWN STEP	2026-02-25T19:48:32.6846195Z Setting up libpng-dev:amd64 (1.6.43-5ubuntu0.5) ...
Linux Desktop Tests (2)	UNKNOWN STEP	2026-02-25T19:48:32.6867027Z Setting up pango1.0-tools (1.52.1+ds-1build1) ...
Linux Desktop Tests (2)	UNKNOWN STEP	2026-02-25T19:48:32.6892328Z Setting up libjpeg-dev:amd64 (8c-2ubuntu11) ...
Linux Desktop Tests (2)	UNKNOWN STEP	2026-02-25T19:48:32.6914360Z Setting up libglib2.0-bin (2.80.0-6ubuntu3.8) ...
Linux Desktop Tests (2)	UNKNOWN STEP	2026-02-25T19:48:32.6938293Z Setting up libharfbuzz-gobject0:amd64 (8.3.0-2build2) ...
Linux Desktop Tests (2)	UNKNOWN STEP	2026-02-25T19:48:32.6963858Z Setting up gir1.2-atspi-2.0:amd64 (2.52.0-1build1) ...
Linux Desktop Tests (2)	UNKNOWN STEP	2026-02-25T19:48:32.6986516Z Setting up libwayland-dev:amd64 (1.22.0-2.1build1) ...
Linux Desktop Tests (2)	UNKNOWN STEP	2026-02-25T19:48:32.7007888Z Setting up gir1.2-harfbuzz-0.0:amd64 (8.3.0-2build2) ...
Linux Desktop Tests (2)	UNKNOWN STEP	2026-02-25T19:48:32.7032313Z Setting up libfreetype-dev:amd64 (2.13.2+dfsg-1build3) ...
Linux Desktop Tests (2)	UNKNOWN STEP	2026-02-25T19:48:32.7053707Z Setting up gir1.2-pango-1.0:amd64 (1.52.1+ds-1build1) ...
Linux Desktop Tests (2)	UNKNOWN STEP	2026-02-25T19:48:32.7075388Z Setting up libsecret-1-0:amd64 (0.21.4-1build3) ...
Linux Desktop Tests (2)	UNKNOWN STEP	2026-02-25T19:48:32.7102889Z Setting up libwebp-dev:amd64 (1.3.2-0.4build3) ...
Linux Desktop Tests (2)	UNKNOWN STEP	2026-02-25T19:48:32.7126080Z Setting up gir1.2-secret-1:amd64 (0.21.4-1build3) ...
Linux Desktop Tests (2)	UNKNOWN STEP	2026-02-25T19:48:32.7147078Z Setting up libgcrypt20-dev (1.10.3-2build1) ...
Linux Desktop Tests (2)	UNKNOWN STEP	2026-02-25T19:48:32.7174629Z Setting up libtiff-dev:amd64 (4.5.1+git230720-4ubuntu2.4) ...
Linux Desktop Tests (2)	UNKNOWN STEP	2026-02-25T19:48:32.7195839Z Setting up gir1.2-freedesktop-dev:amd64 (1.80.1-1) ...
Linux Desktop Tests (2)	UNKNOWN STEP	2026-02-25T19:48:32.7220517Z Setting up libthai-dev:amd64 (0.1.29-2build1) ...
Linux Desktop Tests (2)	UNKNOWN STEP	2026-02-25T19:48:32.7243567Z Setting up cmake (3.28.3-1build7) ...
Linux Desktop Tests (2)	UNKNOWN STEP	2026-02-25T19:48:32.7266198Z Setting up libmount-dev:amd64 (2.39.3-9ubuntu6.4) ...
Linux Desktop Tests (2)	UNKNOWN STEP	2026-02-25T19:48:32.7291730Z Setting up libfontconfig-dev:amd64 (2.15.0-1.1ubuntu2) ...
Linux Desktop Tests (2)	UNKNOWN STEP	2026-02-25T19:48:32.7312172Z Setting up gir1.2-gtk-3.0:amd64 (3.24.41-4ubuntu1.3) ...
Linux Desktop Tests (2)	UNKNOWN STEP	2026-02-25T19:48:32.7337027Z Setting up libglib2.0-dev:amd64 (2.80.0-6ubuntu3.8) ...
Linux Desktop Tests (2)	UNKNOWN STEP	2026-02-25T19:48:32.7363784Z Setting up libatk1.0-dev:amd64 (2.52.0-1build1) ...
Linux Desktop Tests (2)	UNKNOWN STEP	2026-02-25T19:48:32.7386044Z Setting up libgdk-pixbuf-2.0-dev:amd64 (2.42.10+dfsg-3ubuntu3.2) ...
Linux Desktop Tests (2)	UNKNOWN STEP	2026-02-25T19:48:32.7519170Z Setting up libharfbuzz-dev:amd64 (8.3.0-2build2) ...
Linux Desktop Tests (2)	UNKNOWN STEP	2026-02-25T19:48:32.7539928Z Setting up libsecret-1-dev:amd64 (0.21.4-1build3) ...
Linux Desktop Tests (2)	UNKNOWN STEP	2026-02-25T19:48:32.7897582Z Processing triggers for libc-bin (2.39-0ubuntu8.7) ...
Linux Desktop Tests (2)	UNKNOWN STEP	2026-02-25T19:48:32.8273260Z Processing triggers for man-db (2.12.0-4build2) ...
Linux Desktop Tests (2)	UNKNOWN STEP	2026-02-25T19:48:32.8335729Z Not building database; man-db/auto-update is not 'true'.
Linux Desktop Tests (2)	UNKNOWN STEP	2026-02-25T19:48:32.8376260Z Processing triggers for sgml-base (1.31) ...
Linux Desktop Tests (2)	UNKNOWN STEP	2026-02-25T19:48:32.8544857Z Processing triggers for install-info (7.1-3build2) ...
Linux Desktop Tests (2)	UNKNOWN STEP	2026-02-25T19:48:33.0984548Z Setting up x11proto-dev (2023.2-1) ...
Linux Desktop Tests (2)	UNKNOWN STEP	2026-02-25T19:48:33.1035826Z Setting up libxau-dev:amd64 (1:1.0.9-1build6) ...
Linux Desktop Tests (2)	UNKNOWN STEP	2026-02-25T19:48:33.1058309Z Setting up libice-dev:amd64 (2:1.0.10-1build3) ...
Linux Desktop Tests (2)	UNKNOWN STEP	2026-02-25T19:48:33.1085003Z Setting up libsm-dev:amd64 (2:1.2.3-1build3) ...
Linux Desktop Tests (2)	UNKNOWN STEP	2026-02-25T19:48:33.1134912Z Setting up libxdmcp-dev:amd64 (1:1.1.3-0ubuntu6) ...
Linux Desktop Tests (2)	UNKNOWN STEP	2026-02-25T19:48:33.1226659Z Setting up libxcb1-dev:amd64 (1.15-1ubuntu2) ...
Linux Desktop Tests (2)	UNKNOWN STEP	2026-02-25T19:48:33.1263154Z Setting up libx11-dev:amd64 (2:1.8.7-1build1) ...
Linux Desktop Tests (2)	UNKNOWN STEP	2026-02-25T19:48:33.1296934Z Setting up libxfixes-dev:amd64 (1:6.0.0-2build1) ...
Linux Desktop Tests (2)	UNKNOWN STEP	2026-02-25T19:48:33.1318701Z Setting up libxcb-shm0-dev:amd64 (1.15-1ubuntu2) ...
Linux Desktop Tests (2)	UNKNOWN STEP	2026-02-25T19:48:33.1353518Z Setting up libxcb-render0-dev:amd64 (1.15-1ubuntu2) ...
Linux Desktop Tests (2)	UNKNOWN STEP	2026-02-25T19:48:33.1375531Z Setting up libxext-dev:amd64 (2:1.3.4-1build2) ...
Linux Desktop Tests (2)	UNKNOWN STEP	2026-02-25T19:48:33.1405306Z Setting up libglx-dev:amd64 (1.7.0-1build1) ...
Linux Desktop Tests (2)	UNKNOWN STEP	2026-02-25T19:48:33.1437125Z Setting up libxi-dev:amd64 (2:1.8.1-1build1) ...
Linux Desktop Tests (2)	UNKNOWN STEP	2026-02-25T19:48:33.1464188Z Setting up libxrender-dev:amd64 (1:0.9.10-1.1build1) ...
Linux Desktop Tests (2)	UNKNOWN STEP	2026-02-25T19:48:33.1488620Z Setting up libgl-dev:amd64 (1.7.0-1build1) ...
Linux Desktop Tests (2)	UNKNOWN STEP	2026-02-25T19:48:33.1515863Z Setting up libxft-dev:amd64 (2.3.6-1build1) ...
Linux Desktop Tests (2)	UNKNOWN STEP	2026-02-25T19:48:33.1543571Z Setting up libxtst-dev:amd64 (2:1.2.3-1.1build1) ...
Linux Desktop Tests (2)	UNKNOWN STEP	2026-02-25T19:48:33.1572632Z Setting up libxdamage-dev:amd64 (1:1.1.6-1build1) ...
Linux Desktop Tests (2)	UNKNOWN STEP	2026-02-25T19:48:33.1598944Z Setting up libatspi2.0-dev:amd64 (2.52.0-1build1) ...
Linux Desktop Tests (2)	UNKNOWN STEP	2026-02-25T19:48:33.1644613Z Setting up libegl-dev:amd64 (1.7.0-1build1) ...
Linux Desktop Tests (2)	UNKNOWN STEP	2026-02-25T19:48:33.1674665Z Setting up libxcomposite-dev:amd64 (1:0.4.5-1build3) ...
Linux Desktop Tests (2)	UNKNOWN STEP	2026-02-25T19:48:33.1697769Z Setting up libxcursor-dev:amd64 (1:1.2.1-1build1) ...
Linux Desktop Tests (2)	UNKNOWN STEP	2026-02-25T19:48:33.1726189Z Setting up libepoxy-dev:amd64 (1.5.10-1build1) ...
Linux Desktop Tests (2)	UNKNOWN STEP	2026-02-25T19:48:33.1767030Z Setting up libatk-bridge2.0-dev:amd64 (2.52.0-1build1) ...
Linux Desktop Tests (2)	UNKNOWN STEP	2026-02-25T19:48:33.1790889Z Setting up libxrandr-dev:amd64 (2:1.5.2-2build1) ...
Linux Desktop Tests (2)	UNKNOWN STEP	2026-02-25T19:48:33.1834192Z Setting up libxinerama-dev:amd64 (2:1.1.4-3build1) ...
Linux Desktop Tests (2)	UNKNOWN STEP	2026-02-25T19:48:33.1864316Z Setting up libcairo2-dev:amd64 (1.18.0-3build1) ...
Linux Desktop Tests (2)	UNKNOWN STEP	2026-02-25T19:48:33.1890644Z Setting up libgles-dev:amd64 (1.7.0-1build1) ...
Linux Desktop Tests (2)	UNKNOWN STEP	2026-02-25T19:48:33.1938828Z Setting up libglvnd-dev:amd64 (1.7.0-1build1) ...
Linux Desktop Tests (2)	UNKNOWN STEP	2026-02-25T19:48:33.1966800Z Setting up libpango1.0-dev:amd64 (1.52.1+ds-1build1) ...
Linux Desktop Tests (2)	UNKNOWN STEP	2026-02-25T19:48:33.2006381Z Setting up libgl1-mesa-dev:amd64 (25.2.8-0ubuntu0.24.04.1) ...
Linux Desktop Tests (2)	UNKNOWN STEP	2026-02-25T19:48:33.2032879Z Setting up libegl1-mesa-dev:amd64 (25.2.8-0ubuntu0.24.04.1) ...
Linux Desktop Tests (2)	UNKNOWN STEP	2026-02-25T19:48:33.2068759Z Setting up libgtk-3-dev:amd64 (3.24.41-4ubuntu1.3) ...
Linux Desktop Tests (2)	UNKNOWN STEP	2026-02-25T19:48:33.2098472Z Setting up libgles2-mesa-dev:amd64 (25.2.8-0ubuntu0.24.04.1) ...
Linux Desktop Tests (2)	UNKNOWN STEP	2026-02-25T19:48:33.8061786Z 
Linux Desktop Tests (2)	UNKNOWN STEP	2026-02-25T19:48:33.8062188Z Running kernel seems to be up-to-date.
Linux Desktop Tests (2)	UNKNOWN STEP	2026-02-25T19:48:33.8062489Z 
Linux Desktop Tests (2)	UNKNOWN STEP	2026-02-25T19:48:33.8062602Z Restarting services...
Linux Desktop Tests (2)	UNKNOWN STEP	2026-02-25T19:48:33.8536402Z  systemctl restart packagekit.service php8.3-fpm.service polkit.service udisks2.service
Linux Desktop Tests (2)	UNKNOWN STEP	2026-02-25T19:48:33.9931073Z 
Linux Desktop Tests (2)	UNKNOWN STEP	2026-02-25T19:48:33.9932265Z Service restarts being deferred:
Linux Desktop Tests (2)	UNKNOWN STEP	2026-02-25T19:48:33.9933579Z  systemctl restart ModemManager.service
Linux Desktop Tests (2)	UNKNOWN STEP	2026-02-25T19:48:33.9934137Z  systemctl restart networkd-dispatcher.service
Linux Desktop Tests (2)	UNKNOWN STEP	2026-02-25T19:48:33.9934502Z 
Linux Desktop Tests (2)	UNKNOWN STEP	2026-02-25T19:48:33.9934969Z No containers need to be restarted.
Linux Desktop Tests (2)	UNKNOWN STEP	2026-02-25T19:48:33.9935565Z 
Linux Desktop Tests (2)	UNKNOWN STEP	2026-02-25T19:48:33.9935757Z No user sessions are running outdated binaries.
Linux Desktop Tests (2)	UNKNOWN STEP	2026-02-25T19:48:34.8504783Z 
Linux Desktop Tests (2)	UNKNOWN STEP	2026-02-25T19:48:34.8505248Z No VM guests are running outdated hypervisor (qemu) binaries on this host.
Linux Desktop Tests (2)	UNKNOWN STEP	2026-02-25T19:48:34.8685825Z ##[group]Run subosito/flutter-action@v2
Linux Desktop Tests (2)	UNKNOWN STEP	2026-02-25T19:48:34.8686107Z with:
Linux Desktop Tests (2)	UNKNOWN STEP	2026-02-25T19:48:34.8686270Z   channel: stable
Linux Desktop Tests (2)	UNKNOWN STEP	2026-02-25T19:48:34.8686447Z   cache: true
Linux Desktop Tests (2)	UNKNOWN STEP	2026-02-25T19:48:34.8686611Z   architecture: X64
Linux Desktop Tests (2)	UNKNOWN STEP	2026-02-25T19:48:34.8686807Z   pub-cache-path: default
Linux Desktop Tests (2)	UNKNOWN STEP	2026-02-25T19:48:34.8687004Z   dry-run: false
Linux Desktop Tests (2)	UNKNOWN STEP	2026-02-25T19:48:34.8687243Z   git-source: https://github.com/flutter/flutter.git
Linux Desktop Tests (2)	UNKNOWN STEP	2026-02-25T19:48:34.8687514Z env:
Linux Desktop Tests (2)	UNKNOWN STEP	2026-02-25T19:48:34.8687670Z   CACHE_VERSION: v1
Linux Desktop Tests (2)	UNKNOWN STEP	2026-02-25T19:48:34.8687849Z ##[endgroup]
Linux Desktop Tests (2)	UNKNOWN STEP	2026-02-25T19:48:34.8774952Z ##[group]Run chmod +x "$GITHUB_ACTION_PATH/setup.sh"
Linux Desktop Tests (2)	UNKNOWN STEP	2026-02-25T19:48:34.8775312Z [36;1mchmod +x "$GITHUB_ACTION_PATH/setup.sh"[0m
Linux Desktop Tests (2)	UNKNOWN STEP	2026-02-25T19:48:34.8825962Z shell: /usr/bin/bash --noprofile --norc -e -o pipefail {0}
Linux Desktop Tests (2)	UNKNOWN STEP	2026-02-25T19:48:34.8826304Z env:
Linux Desktop Tests (2)	UNKNOWN STEP	2026-02-25T19:48:34.8826484Z   CACHE_VERSION: v1
Linux Desktop Tests (2)	UNKNOWN STEP	2026-02-25T19:48:34.8826680Z ##[endgroup]
Linux Desktop Tests (2)	UNKNOWN STEP	2026-02-25T19:48:34.8948510Z ##[group]Run $GITHUB_ACTION_PATH/setup.sh -p \
Linux Desktop Tests (2)	UNKNOWN STEP	2026-02-25T19:48:34.8948888Z [36;1m$GITHUB_ACTION_PATH/setup.sh -p \[0m
Linux Desktop Tests (2)	UNKNOWN STEP	2026-02-25T19:48:34.8949159Z [36;1m  -n '' \[0m
Linux Desktop Tests (2)	UNKNOWN STEP	2026-02-25T19:48:34.8949342Z [36;1m  -f '' \[0m
Linux Desktop Tests (2)	UNKNOWN STEP	2026-02-25T19:48:34.8949514Z [36;1m  -a 'X64' \[0m
Linux Desktop Tests (2)	UNKNOWN STEP	2026-02-25T19:48:34.8949697Z [36;1m  -k '' \[0m
Linux Desktop Tests (2)	UNKNOWN STEP	2026-02-25T19:48:34.8949861Z [36;1m  -c '' \[0m
Linux Desktop Tests (2)	UNKNOWN STEP	2026-02-25T19:48:34.8950028Z [36;1m  -l '' \[0m
Linux Desktop Tests (2)	UNKNOWN STEP	2026-02-25T19:48:34.8950203Z [36;1m  -d 'default' \[0m
Linux Desktop Tests (2)	UNKNOWN STEP	2026-02-25T19:48:34.8950477Z [36;1m  -g 'https://github.com/flutter/flutter.git' \[0m
Linux Desktop Tests (2)	UNKNOWN STEP	2026-02-25T19:48:34.8950773Z [36;1m  stable[0m
Linux Desktop Tests (2)	UNKNOWN STEP	2026-02-25T19:48:34.8995111Z shell: /usr/bin/bash --noprofile --norc -e -o pipefail {0}
Linux Desktop Tests (2)	UNKNOWN STEP	2026-02-25T19:48:34.8995454Z env:
Linux Desktop Tests (2)	UNKNOWN STEP	2026-02-25T19:48:34.8995620Z   CACHE_VERSION: v1
Linux Desktop Tests (2)	UNKNOWN STEP	2026-02-25T19:48:34.8995804Z ##[endgroup]
Linux Desktop Tests (2)	UNKNOWN STEP	2026-02-25T19:48:35.0912834Z ##[group]Run actions/cache@v4
Linux Desktop Tests (2)	UNKNOWN STEP	2026-02-25T19:48:35.0913056Z with:
Linux Desktop Tests (2)	UNKNOWN STEP	2026-02-25T19:48:35.0913285Z   path: /opt/hostedtoolcache/flutter/stable-3.41.2-x64
Linux Desktop Tests (2)	UNKNOWN STEP	2026-02-25T19:48:35.0913728Z   key: flutter-linux-stable-3.41.2-x64-90673a4eef275d1a6692c26ac80d6d746d41a73a
Linux Desktop Tests (2)	UNKNOWN STEP	2026-02-25T19:48:35.0914142Z   enableCrossOsArchive: false
Linux Desktop Tests (2)	UNKNOWN STEP	2026-02-25T19:48:35.0914365Z   fail-on-cache-miss: false
Linux Desktop Tests (2)	UNKNOWN STEP	2026-02-25T19:48:35.0914567Z   lookup-only: false
Linux Desktop Tests (2)	UNKNOWN STEP	2026-02-25T19:48:35.0914754Z   save-always: false
Linux Desktop Tests (2)	UNKNOWN STEP	2026-02-25T19:48:35.0914917Z env:
Linux Desktop Tests (2)	UNKNOWN STEP	2026-02-25T19:48:35.0915071Z   CACHE_VERSION: v1
Linux Desktop Tests (2)	UNKNOWN STEP	2026-02-25T19:48:35.0915234Z ##[endgroup]
Linux Desktop Tests (2)	UNKNOWN STEP	2026-02-25T19:48:35.3052996Z Cache hit for: flutter-linux-stable-3.41.2-x64-90673a4eef275d1a6692c26ac80d6d746d41a73a
Linux Desktop Tests (2)	UNKNOWN STEP	2026-02-25T19:48:36.3398187Z Received 213909504 of 1665993529 (12.8%), 204.0 MBs/sec
Linux Desktop Tests (2)	UNKNOWN STEP	2026-02-25T19:48:37.3409358Z Received 402653184 of 1665993529 (24.2%), 191.9 MBs/sec
Linux Desktop Tests (2)	UNKNOWN STEP	2026-02-25T19:48:38.3448593Z Received 612368384 of 1665993529 (36.8%), 194.3 MBs/sec
Linux Desktop Tests (2)	UNKNOWN STEP	2026-02-25T19:48:39.3658755Z Received 826277888 of 1665993529 (49.6%), 195.7 MBs/sec
Linux Desktop Tests (2)	UNKNOWN STEP	2026-02-25T19:48:40.3743370Z Received 1073741824 of 1665993529 (64.5%), 203.4 MBs/sec
Linux Desktop Tests (2)	UNKNOWN STEP	2026-02-25T19:48:41.3753471Z Received 1337982976 of 1665993529 (80.3%), 211.4 MBs/sec
Linux Desktop Tests (2)	UNKNOWN STEP	2026-02-25T19:48:42.3764707Z Received 1556086784 of 1665993529 (93.4%), 210.9 MBs/sec
Linux Desktop Tests (2)	UNKNOWN STEP	2026-02-25T19:48:42.9902431Z Received 1665993529 of 1665993529 (100.0%), 207.7 MBs/sec
Linux Desktop Tests (2)	UNKNOWN STEP	2026-02-25T19:48:42.9905714Z Cache Size: ~1589 MB (1665993529 B)
Linux Desktop Tests (2)	UNKNOWN STEP	2026-02-25T19:48:43.0038038Z [command]/usr/bin/tar -xf /home/runner/work/_temp/e890e243-c77d-4471-bfc3-b72e31e2a489/cache.tzst -P -C /home/runner/work/substitution/substitution --use-compress-program unzstd
Linux Desktop Tests (2)	UNKNOWN STEP	2026-02-25T19:48:48.0552387Z Cache restored successfully
Linux Desktop Tests (2)	UNKNOWN STEP	2026-02-25T19:48:48.3716507Z Cache restored from key: flutter-linux-stable-3.41.2-x64-90673a4eef275d1a6692c26ac80d6d746d41a73a
Linux Desktop Tests (2)	UNKNOWN STEP	2026-02-25T19:48:48.4939208Z ##[group]Run actions/cache@v4
Linux Desktop Tests (2)	UNKNOWN STEP	2026-02-25T19:48:48.4939453Z with:
Linux Desktop Tests (2)	UNKNOWN STEP	2026-02-25T19:48:48.4939650Z   path: /home/runner/.pub-cache
Linux Desktop Tests (2)	UNKNOWN STEP	2026-02-25T19:48:48.4940438Z   key: flutter-pub-linux-stable-3.41.2-x64-90673a4eef275d1a6692c26ac80d6d746d41a73a-fabacfc13d2b7e18a7fb2822593662b03764f624bf41fd351cdabec60fb27783
Linux Desktop Tests (2)	UNKNOWN STEP	2026-02-25T19:48:48.4941276Z   enableCrossOsArchive: false
Linux Desktop Tests (2)	UNKNOWN STEP	2026-02-25T19:48:48.4942402Z   fail-on-cache-miss: false
Linux Desktop Tests (2)	UNKNOWN STEP	2026-02-25T19:48:48.4942669Z   lookup-only: false
Linux Desktop Tests (2)	UNKNOWN STEP	2026-02-25T19:48:48.4942888Z   save-always: false
Linux Desktop Tests (2)	UNKNOWN STEP	2026-02-25T19:48:48.4943086Z env:
Linux Desktop Tests (2)	UNKNOWN STEP	2026-02-25T19:48:48.4943262Z   CACHE_VERSION: v1
Linux Desktop Tests (2)	UNKNOWN STEP	2026-02-25T19:48:48.4943461Z ##[endgroup]
Linux Desktop Tests (2)	UNKNOWN STEP	2026-02-25T19:48:48.7090700Z Cache hit for: flutter-pub-linux-stable-3.41.2-x64-90673a4eef275d1a6692c26ac80d6d746d41a73a-fabacfc13d2b7e18a7fb2822593662b03764f624bf41fd351cdabec60fb27783
Linux Desktop Tests (2)	UNKNOWN STEP	2026-02-25T19:48:49.4795449Z Received 133563121 of 133563121 (100.0%), 180.7 MBs/sec
Linux Desktop Tests (2)	UNKNOWN STEP	2026-02-25T19:48:49.4796607Z Cache Size: ~127 MB (133563121 B)
Linux Desktop Tests (2)	UNKNOWN STEP	2026-02-25T19:48:49.4826228Z [command]/usr/bin/tar -xf /home/runner/work/_temp/7a11e7ce-585b-4c50-b42f-ecc72b9b5351/cache.tzst -P -C /home/runner/work/substitution/substitution --use-compress-program unzstd
Linux Desktop Tests (2)	UNKNOWN STEP	2026-02-25T19:48:51.0454269Z Cache restored successfully
Linux Desktop Tests (2)	UNKNOWN STEP	2026-02-25T19:48:51.0834690Z Cache restored from key: flutter-pub-linux-stable-3.41.2-x64-90673a4eef275d1a6692c26ac80d6d746d41a73a-fabacfc13d2b7e18a7fb2822593662b03764f624bf41fd351cdabec60fb27783
Linux Desktop Tests (2)	UNKNOWN STEP	2026-02-25T19:48:51.0965412Z ##[group]Run $GITHUB_ACTION_PATH/setup.sh \
Linux Desktop Tests (2)	UNKNOWN STEP	2026-02-25T19:48:51.0965777Z [36;1m$GITHUB_ACTION_PATH/setup.sh \[0m
Linux Desktop Tests (2)	UNKNOWN STEP	2026-02-25T19:48:51.0966085Z [36;1m  -n '3.41.2' \[0m
Linux Desktop Tests (2)	UNKNOWN STEP	2026-02-25T19:48:51.0966505Z [36;1m  -a 'x64' \[0m
Linux Desktop Tests (2)	UNKNOWN STEP	2026-02-25T19:48:51.0966972Z [36;1m  -c '/opt/hostedtoolcache/flutter/stable-3.41.2-x64' \[0m
Linux Desktop Tests (2)	UNKNOWN STEP	2026-02-25T19:48:51.0967455Z [36;1m  -d '/home/runner/.pub-cache' \[0m
Linux Desktop Tests (2)	UNKNOWN STEP	2026-02-25T19:48:51.0967897Z [36;1m  stable[0m
Linux Desktop Tests (2)	UNKNOWN STEP	2026-02-25T19:48:51.1020037Z shell: /usr/bin/bash --noprofile --norc -e -o pipefail {0}
Linux Desktop Tests (2)	UNKNOWN STEP	2026-02-25T19:48:51.1020676Z env:
Linux Desktop Tests (2)	UNKNOWN STEP	2026-02-25T19:48:51.1020973Z   CACHE_VERSION: v1
Linux Desktop Tests (2)	UNKNOWN STEP	2026-02-25T19:48:51.1080653Z ##[endgroup]
Linux Desktop Tests (2)	UNKNOWN STEP	2026-02-25T19:48:51.2868993Z ##[group]Run flutter precache --linux
Linux Desktop Tests (2)	UNKNOWN STEP	2026-02-25T19:48:51.2869319Z [36;1mflutter precache --linux[0m
Linux Desktop Tests (2)	UNKNOWN STEP	2026-02-25T19:48:51.2869585Z [36;1mflutter pub get[0m
Linux Desktop Tests (2)	UNKNOWN STEP	2026-02-25T19:48:51.2920992Z shell: /usr/bin/bash -e {0}
Linux Desktop Tests (2)	UNKNOWN STEP	2026-02-25T19:48:51.2921272Z env:
Linux Desktop Tests (2)	UNKNOWN STEP	2026-02-25T19:48:51.2921805Z   CACHE_VERSION: v1
Linux Desktop Tests (2)	UNKNOWN STEP	2026-02-25T19:48:51.2922178Z   FLUTTER_ROOT: /opt/hostedtoolcache/flutter/stable-3.41.2-x64
Linux Desktop Tests (2)	UNKNOWN STEP	2026-02-25T19:48:51.2922595Z   PUB_CACHE: /home/runner/.pub-cache
Linux Desktop Tests (2)	UNKNOWN STEP	2026-02-25T19:48:51.2922891Z ##[endgroup]
Linux Desktop Tests (2)	UNKNOWN STEP	2026-02-25T19:48:51.6690042Z Resolving dependencies...
Linux Desktop Tests (2)	UNKNOWN STEP	2026-02-25T19:48:52.0197263Z Downloading packages...
Linux Desktop Tests (2)	UNKNOWN STEP	2026-02-25T19:48:52.0854835Z   _fe_analyzer_shared 91.0.0 (96.0.0 available)
Linux Desktop Tests (2)	UNKNOWN STEP	2026-02-25T19:48:52.0855343Z   analyzer 8.4.1 (10.2.0 available)
Linux Desktop Tests (2)	UNKNOWN STEP	2026-02-25T19:48:52.0855740Z > characters 1.4.1 (was 1.4.0)
Linux Desktop Tests (2)	UNKNOWN STEP	2026-02-25T19:48:52.0856235Z > matcher 0.12.18 (was 0.12.17)
Linux Desktop Tests (2)	UNKNOWN STEP	2026-02-25T19:48:52.0856792Z > material_color_utilities 0.13.0 (was 0.11.1)
Linux Desktop Tests (2)	UNKNOWN STEP	2026-02-25T19:48:52.0857296Z   meta 1.17.0 (1.18.1 available)
Linux Desktop Tests (2)	UNKNOWN STEP	2026-02-25T19:48:52.0857700Z   sqflite_common_ffi 2.3.7+1 (2.4.0+2 available)
Linux Desktop Tests (2)	UNKNOWN STEP	2026-02-25T19:48:52.0858128Z   sqlite3 2.9.4 (3.1.6 available)
Linux Desktop Tests (2)	UNKNOWN STEP	2026-02-25T19:48:52.0858497Z > test_api 0.7.9 (was 0.7.7)
Linux Desktop Tests (2)	UNKNOWN STEP	2026-02-25T19:48:52.0858846Z > test_core 0.6.15 (was 0.6.12)
Linux Desktop Tests (2)	UNKNOWN STEP	2026-02-25T19:48:52.0859488Z   unorm_dart 0.2.0 (0.3.2 available)
Linux Desktop Tests (2)	UNKNOWN STEP	2026-02-25T19:48:52.0859867Z   win32 5.15.0 (6.0.0 available)
Linux Desktop Tests (2)	UNKNOWN STEP	2026-02-25T19:48:52.0860264Z Changed 5 dependencies!
Linux Desktop Tests (2)	UNKNOWN STEP	2026-02-25T19:48:52.0864187Z 7 packages have newer versions incompatible with dependency constraints.
Linux Desktop Tests (2)	UNKNOWN STEP	2026-02-25T19:48:52.0864884Z Try `flutter pub outdated` for more information.
Linux Desktop Tests (2)	UNKNOWN STEP	2026-02-25T19:48:52.6883792Z ##[group]Run flutter config --enable-linux-desktop
Linux Desktop Tests (2)	UNKNOWN STEP	2026-02-25T19:48:52.6884242Z [36;1mflutter config --enable-linux-desktop[0m
Linux Desktop Tests (2)	UNKNOWN STEP	2026-02-25T19:48:52.6933939Z shell: /usr/bin/bash -e {0}
Linux Desktop Tests (2)	UNKNOWN STEP	2026-02-25T19:48:52.6934235Z env:
Linux Desktop Tests (2)	UNKNOWN STEP	2026-02-25T19:48:52.6934451Z   CACHE_VERSION: v1
Linux Desktop Tests (2)	UNKNOWN STEP	2026-02-25T19:48:52.6934814Z   FLUTTER_ROOT: /opt/hostedtoolcache/flutter/stable-3.41.2-x64
Linux Desktop Tests (2)	UNKNOWN STEP	2026-02-25T19:48:52.6935264Z   PUB_CACHE: /home/runner/.pub-cache
Linux Desktop Tests (2)	UNKNOWN STEP	2026-02-25T19:48:52.6935589Z ##[endgroup]
Linux Desktop Tests (2)	UNKNOWN STEP	2026-02-25T19:48:52.8144827Z Setting "enable-linux-desktop" value to "true".
Linux Desktop Tests (2)	UNKNOWN STEP	2026-02-25T19:48:52.8145311Z 
Linux Desktop Tests (2)	UNKNOWN STEP	2026-02-25T19:48:52.8145668Z You may need to restart any open editors for them to read new settings.
Linux Desktop Tests (2)	UNKNOWN STEP	2026-02-25T19:48:52.8221045Z ##[group]Run docker compose up -d postgres matrix-synapse redis
Linux Desktop Tests (2)	UNKNOWN STEP	2026-02-25T19:48:52.8222179Z [36;1mdocker compose up -d postgres matrix-synapse redis[0m
Linux Desktop Tests (2)	UNKNOWN STEP	2026-02-25T19:48:52.8222572Z [36;1msleep 10[0m
Linux Desktop Tests (2)	UNKNOWN STEP	2026-02-25T19:48:52.8222842Z [36;1mdocker compose run --rm matrix-init[0m
Linux Desktop Tests (2)	UNKNOWN STEP	2026-02-25T19:48:52.8223527Z [36;1mtimeout 60 bash -c 'until curl -sf http://localhost:8008/_matrix/client/versions > /dev/null 2>&1; do sleep 2; done'[0m
Linux Desktop Tests (2)	UNKNOWN STEP	2026-02-25T19:48:52.8274193Z shell: /usr/bin/bash -e {0}
Linux Desktop Tests (2)	UNKNOWN STEP	2026-02-25T19:48:52.8274474Z env:
Linux Desktop Tests (2)	UNKNOWN STEP	2026-02-25T19:48:52.8274675Z   CACHE_VERSION: v1
Linux Desktop Tests (2)	UNKNOWN STEP	2026-02-25T19:48:52.8275013Z   FLUTTER_ROOT: /opt/hostedtoolcache/flutter/stable-3.41.2-x64
Linux Desktop Tests (2)	UNKNOWN STEP	2026-02-25T19:48:52.8275425Z   PUB_CACHE: /home/runner/.pub-cache
Linux Desktop Tests (2)	UNKNOWN STEP	2026-02-25T19:48:52.8275717Z ##[endgroup]
Linux Desktop Tests (2)	UNKNOWN STEP	2026-02-25T19:48:53.1618385Z time="2026-02-25T19:48:53Z" level=warning msg="/home/runner/work/substitution/substitution/docker-compose.yml: the attribute `version` is obsolete, it will be ignored, please remove it to avoid potential confusion"
Linux Desktop Tests (2)	UNKNOWN STEP	2026-02-25T19:48:53.1692972Z  redis Pulling 
Linux Desktop Tests (2)	UNKNOWN STEP	2026-02-25T19:48:53.1693370Z  matrix-synapse Pulling 
Linux Desktop Tests (2)	UNKNOWN STEP	2026-02-25T19:48:53.1693757Z  dex Pulling 
Linux Desktop Tests (2)	UNKNOWN STEP	2026-02-25T19:48:53.1694504Z  postgres Pulling 
Linux Desktop Tests (2)	UNKNOWN STEP	2026-02-25T19:48:53.4302210Z  d25f557d7f31 Pulling fs layer 
Linux Desktop Tests (2)	UNKNOWN STEP	2026-02-25T19:48:53.4304619Z  9acd5b82521c Pulling fs layer 
Linux Desktop Tests (2)	UNKNOWN STEP	2026-02-25T19:48:53.4305128Z  10d78728ec4d Pulling fs layer 
Linux Desktop Tests (2)	UNKNOWN STEP	2026-02-25T19:48:53.4305564Z  e0d49f520b92 Pulling fs layer 
Linux Desktop Tests (2)	UNKNOWN STEP	2026-02-25T19:48:53.4305987Z  5de905603ac5 Pulling fs layer 
Linux Desktop Tests (2)	UNKNOWN STEP	2026-02-25T19:48:53.4306411Z  808bb02340fa Pulling fs layer 
Linux Desktop Tests (2)	UNKNOWN STEP	2026-02-25T19:48:53.4306843Z  c0970b69197c Pulling fs layer 
Linux Desktop Tests (2)	UNKNOWN STEP	2026-02-25T19:48:53.4307277Z  9de5f206730a Pulling fs layer 
Linux Desktop Tests (2)	UNKNOWN STEP	2026-02-25T19:48:53.4307701Z  24e28b7dc0a2 Pulling fs layer 
Linux Desktop Tests (2)	UNKNOWN STEP	2026-02-25T19:48:53.4308354Z  830180cf89a8 Pulling fs layer 
Linux Desktop Tests (2)	UNKNOWN STEP	2026-02-25T19:48:53.4308822Z  e0d49f520b92 Waiting 
Linux Desktop Tests (2)	UNKNOWN STEP	2026-02-25T19:48:53.4309192Z  5de905603ac5 Waiting 
Linux Desktop Tests (2)	UNKNOWN STEP	2026-02-25T19:48:53.4309586Z  808bb02340fa Waiting 
Linux Desktop Tests (2)	UNKNOWN STEP	2026-02-25T19:48:53.4310020Z  c0970b69197c Waiting 
Linux Desktop Tests (2)	UNKNOWN STEP	2026-02-25T19:48:53.4310459Z  9de5f206730a Waiting 
Linux Desktop Tests (2)	UNKNOWN STEP	2026-02-25T19:48:53.4310819Z  830180cf89a8 Waiting 
Linux Desktop Tests (2)	UNKNOWN STEP	2026-02-25T19:48:53.5017963Z  9acd5b82521c Downloading [>                                                  ]  1.378kB/127.5kB
Linux Desktop Tests (2)	UNKNOWN STEP	2026-02-25T19:48:53.5038714Z  d25f557d7f31 Downloading [>                                                  ]  49.15kB/3.622MB
Linux Desktop Tests (2)	UNKNOWN STEP	2026-02-25T19:48:53.5064237Z  10d78728ec4d Downloading [==================================================>]     122B/122B
Linux Desktop Tests (2)	UNKNOWN STEP	2026-02-25T19:48:53.5064943Z  10d78728ec4d Verifying Checksum 
Linux Desktop Tests (2)	UNKNOWN STEP	2026-02-25T19:48:53.5065397Z  10d78728ec4d Download complete 
Linux Desktop Tests (2)	UNKNOWN STEP	2026-02-25T19:48:53.5123859Z  9acd5b82521c Downloading [==================================================>]  127.5kB/127.5kB
Linux Desktop Tests (2)	UNKNOWN STEP	2026-02-25T19:48:53.5125770Z  9acd5b82521c Verifying Checksum 
Linux Desktop Tests (2)	UNKNOWN STEP	2026-02-25T19:48:53.5126248Z  9acd5b82521c Download complete 
Linux Desktop Tests (2)	UNKNOWN STEP	2026-02-25T19:48:53.5160443Z  0c8d55a45c0d Pulling fs layer 
Linux Desktop Tests (2)	UNKNOWN STEP	2026-02-25T19:48:53.5161283Z  03af238a5946 Pulling fs layer 
Linux Desktop Tests (2)	UNKNOWN STEP	2026-02-25T19:48:53.5162440Z  686599c79c87 Pulling fs layer 
Linux Desktop Tests (2)	UNKNOWN STEP	2026-02-25T19:48:53.5162874Z  f1cadbd7abd2 Pulling fs layer 
Linux Desktop Tests (2)	UNKNOWN STEP	2026-02-25T19:48:53.5163282Z  3ee96ea8e5d2 Pulling fs layer 
Linux Desktop Tests (2)	UNKNOWN STEP	2026-02-25T19:48:53.5166058Z  a954d256f742 Pulling fs layer 
Linux Desktop Tests (2)	UNKNOWN STEP	2026-02-25T19:48:53.5166541Z  c7ce85987d6d Pulling fs layer 
Linux Desktop Tests (2)	UNKNOWN STEP	2026-02-25T19:48:53.5166972Z  7807da78b90b Pulling fs layer 
Linux Desktop Tests (2)	UNKNOWN STEP	2026-02-25T19:48:53.5167308Z  0478cd5c1079 Pulling fs layer 
Linux Desktop Tests (2)	UNKNOWN STEP	2026-02-25T19:48:53.5167772Z  3a02ac06be95 Pulling fs layer 
Linux Desktop Tests (2)	UNKNOWN STEP	2026-02-25T19:48:53.5168076Z  f1cadbd7abd2 Waiting 
Linux Desktop Tests (2)	UNKNOWN STEP	2026-02-25T19:48:53.5168394Z  3ee96ea8e5d2 Waiting 
Linux Desktop Tests (2)	UNKNOWN STEP	2026-02-25T19:48:53.5168700Z  a954d256f742 Waiting 
Linux Desktop Tests (2)	UNKNOWN STEP	2026-02-25T19:48:53.5168896Z  c7ce85987d6d Waiting 
Linux Desktop Tests (2)	UNKNOWN STEP	2026-02-25T19:48:53.5169120Z  7807da78b90b Waiting 
Linux Desktop Tests (2)	UNKNOWN STEP	2026-02-25T19:48:53.5169455Z  0478cd5c1079 Waiting 
Linux Desktop Tests (2)	UNKNOWN STEP	2026-02-25T19:48:53.5169652Z  3a02ac06be95 Waiting 
Linux Desktop Tests (2)	UNKNOWN STEP	2026-02-25T19:48:53.5169841Z  0c8d55a45c0d Waiting 
Linux Desktop Tests (2)	UNKNOWN STEP	2026-02-25T19:48:53.5170104Z  03af238a5946 Waiting 
Linux Desktop Tests (2)	UNKNOWN STEP	2026-02-25T19:48:53.5170469Z  686599c79c87 Waiting 
Linux Desktop Tests (2)	UNKNOWN STEP	2026-02-25T19:48:53.5350956Z  d25f557d7f31 Verifying Checksum 
Linux Desktop Tests (2)	UNKNOWN STEP	2026-02-25T19:48:53.5351995Z  d25f557d7f31 Download complete 
Linux Desktop Tests (2)	UNKNOWN STEP	2026-02-25T19:48:53.5366556Z  d25f557d7f31 Extracting [>                                                  ]  65.54kB/3.622MB
Linux Desktop Tests (2)	UNKNOWN STEP	2026-02-25T19:48:53.5477402Z  bc1da058f299 Pulling fs layer 
Linux Desktop Tests (2)	UNKNOWN STEP	2026-02-25T19:48:53.5478083Z  09a5a0c32a23 Pulling fs layer 
Linux Desktop Tests (2)	UNKNOWN STEP	2026-02-25T19:48:53.5479015Z  bd53938b1271 Pulling fs layer 
Linux Desktop Tests (2)	UNKNOWN STEP	2026-02-25T19:48:53.5479504Z  9fe3744a2eac Pulling fs layer 
Linux Desktop Tests (2)	UNKNOWN STEP	2026-02-25T19:48:53.5480546Z  7ad54b3c4cef Pulling fs layer 
Linux Desktop Tests (2)	UNKNOWN STEP	2026-02-25T19:48:53.5480969Z  2a97533d89ca Pulling fs layer 
Linux Desktop Tests (2)	UNKNOWN STEP	2026-02-25T19:48:53.5482761Z  4f4fb700ef54 Pulling fs layer 
Linux Desktop Tests (2)	UNKNOWN STEP	2026-02-25T19:48:53.5483180Z  1c2c8d1ee428 Pulling fs layer 
Linux Desktop Tests (2)	UNKNOWN STEP	2026-02-25T19:48:53.5483598Z  9fe3744a2eac Waiting 
Linux Desktop Tests (2)	UNKNOWN STEP	2026-02-25T19:48:53.5483933Z  7ad54b3c4cef Waiting 
Linux Desktop Tests (2)	UNKNOWN STEP	2026-02-25T19:48:53.5484270Z  2a97533d89ca Waiting 
Linux Desktop Tests (2)	UNKNOWN STEP	2026-02-25T19:48:53.5484596Z  4f4fb700ef54 Waiting 
Linux Desktop Tests (2)	UNKNOWN STEP	2026-02-25T19:48:53.5484914Z  1c2c8d1ee428 Waiting 
Linux Desktop Tests (2)	UNKNOWN STEP	2026-02-25T19:48:53.5485241Z  09a5a0c32a23 Waiting 
Linux Desktop Tests (2)	UNKNOWN STEP	2026-02-25T19:48:53.5485581Z  bc1da058f299 Waiting 
Linux Desktop Tests (2)	UNKNOWN STEP	2026-02-25T19:48:53.5485778Z  bd53938b1271 Waiting 
Linux Desktop Tests (2)	UNKNOWN STEP	2026-02-25T19:48:53.5707589Z  589002ba0eae Pulling fs layer 
Linux Desktop Tests (2)	UNKNOWN STEP	2026-02-25T19:48:53.5708178Z  5ffb427686b6 Pulling fs layer 
Linux Desktop Tests (2)	UNKNOWN STEP	2026-02-25T19:48:53.5708799Z  630177b00352 Pulling fs layer 
Linux Desktop Tests (2)	UNKNOWN STEP	2026-02-25T19:48:53.5709208Z  6c18ff1f33d0 Pulling fs layer 
Linux Desktop Tests (2)	UNKNOWN STEP	2026-02-25T19:48:53.5709599Z  13e46e455d3b Pulling fs layer 
Linux Desktop Tests (2)	UNKNOWN STEP	2026-02-25T19:48:53.5709989Z  b4403f29458a Pulling fs layer 
Linux Desktop Tests (2)	UNKNOWN STEP	2026-02-25T19:48:53.5710377Z  40aaa75af6ce Pulling fs layer 
Linux Desktop Tests (2)	UNKNOWN STEP	2026-02-25T19:48:53.5710785Z  162bdab1e0a7 Pulling fs layer 
Linux Desktop Tests (2)	UNKNOWN STEP	2026-02-25T19:48:53.5711208Z  ebff7b0ec73e Pulling fs layer 
Linux Desktop Tests (2)	UNKNOWN STEP	2026-02-25T19:48:53.5711808Z  c02179436571 Pulling fs layer 
Linux Desktop Tests (2)	UNKNOWN STEP	2026-02-25T19:48:53.5712191Z  8243369e9866 Pulling fs layer 
Linux Desktop Tests (2)	UNKNOWN STEP	2026-02-25T19:48:53.5712577Z  5ffb427686b6 Waiting 
Linux Desktop Tests (2)	UNKNOWN STEP	2026-02-25T19:48:53.5712935Z  589002ba0eae Waiting 
Linux Desktop Tests (2)	UNKNOWN STEP	2026-02-25T19:48:53.5713286Z  630177b00352 Waiting 
Linux Desktop Tests (2)	UNKNOWN STEP	2026-02-25T19:48:53.5713632Z  6c18ff1f33d0 Waiting 
Linux Desktop Tests (2)	UNKNOWN STEP	2026-02-25T19:48:53.5713974Z  13e46e455d3b Waiting 
Linux Desktop Tests (2)	UNKNOWN STEP	2026-02-25T19:48:53.5714322Z  b4403f29458a Waiting 
Linux Desktop Tests (2)	UNKNOWN STEP	2026-02-25T19:48:53.5714640Z  40aaa75af6ce Waiting 
Linux Desktop Tests (2)	UNKNOWN STEP	2026-02-25T19:48:53.5714982Z  162bdab1e0a7 Waiting 
Linux Desktop Tests (2)	UNKNOWN STEP	2026-02-25T19:48:53.5715314Z  ebff7b0ec73e Waiting 
Linux Desktop Tests (2)	UNKNOWN STEP	2026-02-25T19:48:53.5715639Z  c02179436571 Waiting 
Linux Desktop Tests (2)	UNKNOWN STEP	2026-02-25T19:48:53.5715973Z  8243369e9866 Waiting 
Linux Desktop Tests (2)	UNKNOWN STEP	2026-02-25T19:48:53.5815912Z  e0d49f520b92 Downloading [==================================================>]     961B/961B
Linux Desktop Tests (2)	UNKNOWN STEP	2026-02-25T19:48:53.5818240Z  e0d49f520b92 Verifying Checksum 
Linux Desktop Tests (2)	UNKNOWN STEP	2026-02-25T19:48:53.5819063Z  e0d49f520b92 Download complete 
Linux Desktop Tests (2)	UNKNOWN STEP	2026-02-25T19:48:53.5987540Z  5de905603ac5 Downloading [====>                                              ]  1.378kB/17.03kB
Linux Desktop Tests (2)	UNKNOWN STEP	2026-02-25T19:48:53.5997658Z  5de905603ac5 Downloading [==================================================>]  17.03kB/17.03kB
Linux Desktop Tests (2)	UNKNOWN STEP	2026-02-25T19:48:53.6002923Z  5de905603ac5 Download complete 
Linux Desktop Tests (2)	UNKNOWN STEP	2026-02-25T19:48:53.6103826Z  d25f557d7f31 Extracting [==================================================>]  3.622MB/3.622MB
Linux Desktop Tests (2)	UNKNOWN STEP	2026-02-25T19:48:53.6309768Z  808bb02340fa Downloading [>                                                  ]  1.378kB/90.98kB
Linux Desktop Tests (2)	UNKNOWN STEP	2026-02-25T19:48:53.6377997Z  808bb02340fa Download complete 
Linux Desktop Tests (2)	UNKNOWN STEP	2026-02-25T19:48:53.6619385Z  d25f557d7f31 Pull complete 
Linux Desktop Tests (2)	UNKNOWN STEP	2026-02-25T19:48:53.6623440Z  c0970b69197c Downloading [>                                                  ]  163.8kB/14.88MB
Linux Desktop Tests (2)	UNKNOWN STEP	2026-02-25T19:48:53.6638941Z  9acd5b82521c Extracting [============>                                      ]  32.77kB/127.5kB
Linux Desktop Tests (2)	UNKNOWN STEP	2026-02-25T19:48:53.6668152Z  9acd5b82521c Extracting [==================================================>]  127.5kB/127.5kB
Linux Desktop Tests (2)	UNKNOWN STEP	2026-02-25T19:48:53.6672250Z  9acd5b82521c Extracting [==================================================>]  127.5kB/127.5kB
Linux Desktop Tests (2)	UNKNOWN STEP	2026-02-25T19:48:53.6770265Z  9de5f206730a Downloading [>                                                  ]  8.268kB/766.3kB
Linux Desktop Tests (2)	UNKNOWN STEP	2026-02-25T19:48:53.6992496Z  9de5f206730a Downloading [==================================================>]  766.3kB/766.3kB
Linux Desktop Tests (2)	UNKNOWN STEP	2026-02-25T19:48:53.6994210Z  9de5f206730a Verifying Checksum 
Linux Desktop Tests (2)	UNKNOWN STEP	2026-02-25T19:48:53.6996042Z  9de5f206730a Download complete 
Linux Desktop Tests (2)	UNKNOWN STEP	2026-02-25T19:48:53.7140491Z  24e28b7dc0a2 Downloading [>                                                  ]  1.378kB/83.13kB
Linux Desktop Tests (2)	UNKNOWN STEP	2026-02-25T19:48:53.7220161Z  24e28b7dc0a2 Downloading [==================================================>]  83.13kB/83.13kB
Linux Desktop Tests (2)	UNKNOWN STEP	2026-02-25T19:48:53.7221129Z  24e28b7dc0a2 Download complete 
Linux Desktop Tests (2)	UNKNOWN STEP	2026-02-25T19:48:53.7301671Z  c0970b69197c Verifying Checksum 
Linux Desktop Tests (2)	UNKNOWN STEP	2026-02-25T19:48:53.7302222Z  c0970b69197c Download complete 
Linux Desktop Tests (2)	UNKNOWN STEP	2026-02-25T19:48:53.7775668Z  830180cf89a8 Downloading [>                                                  ]  162.2kB/14.63MB
Linux Desktop Tests (2)	UNKNOWN STEP	2026-02-25T19:48:53.8380659Z  830180cf89a8 Verifying Checksum 
Linux Desktop Tests (2)	UNKNOWN STEP	2026-02-25T19:48:53.8381521Z  830180cf89a8 Download complete 
Linux Desktop Tests (2)	UNKNOWN STEP	2026-02-25T19:48:53.8428236Z  03af238a5946 Downloading [>                                                  ]  13.04kB/1.293MB
Linux Desktop Tests (2)	UNKNOWN STEP	2026-02-25T19:48:53.8726267Z  03af238a5946 Verifying Checksum 
Linux Desktop Tests (2)	UNKNOWN STEP	2026-02-25T19:48:53.8726928Z  03af238a5946 Download complete 
Linux Desktop Tests (2)	UNKNOWN STEP	2026-02-25T19:48:53.8989681Z  0c8d55a45c0d Downloading [>                                                  ]  305.4kB/29.78MB
Linux Desktop Tests (2)	UNKNOWN STEP	2026-02-25T19:48:53.9258985Z  686599c79c87 Downloading [>                                                  ]  118.6kB/11.8MB
Linux Desktop Tests (2)	UNKNOWN STEP	2026-02-25T19:48:53.9686409Z  f1cadbd7abd2 Downloading [==================================================>]     252B/252B
Linux Desktop Tests (2)	UNKNOWN STEP	2026-02-25T19:48:53.9687183Z  f1cadbd7abd2 Verifying Checksum 
Linux Desktop Tests (2)	UNKNOWN STEP	2026-02-25T19:48:53.9687654Z  f1cadbd7abd2 Download complete 
Linux Desktop Tests (2)	UNKNOWN STEP	2026-02-25T19:48:53.9858277Z  686599c79c87 Verifying Checksum 
Linux Desktop Tests (2)	UNKNOWN STEP	2026-02-25T19:48:53.9998908Z  686599c79c87 Download complete 
Linux Desktop Tests (2)	UNKNOWN STEP	2026-02-25T19:48:53.9999626Z  0c8d55a45c0d Downloading [==============>                                    ]   8.89MB/29.78MB
Linux Desktop Tests (2)	UNKNOWN STEP	2026-02-25T19:48:54.0755843Z  a954d256f742 Downloading [>                                                  ]  223.3kB/21.98MB
Linux Desktop Tests (2)	UNKNOWN STEP	2026-02-25T19:48:54.0862163Z  3ee96ea8e5d2 Downloading [==================================================>]     250B/250B
Linux Desktop Tests (2)	UNKNOWN STEP	2026-02-25T19:48:54.0862974Z  3ee96ea8e5d2 Verifying Checksum 
Linux Desktop Tests (2)	UNKNOWN STEP	2026-02-25T19:48:54.0863435Z  3ee96ea8e5d2 Download complete 
Linux Desktop Tests (2)	UNKNOWN STEP	2026-02-25T19:48:54.1105806Z  0c8d55a45c0d Downloading [===================================>               ]  21.43MB/29.78MB
Linux Desktop Tests (2)	UNKNOWN STEP	2026-02-25T19:48:54.1813150Z  a954d256f742 Downloading [================================>                  ]  14.19MB/21.98MB
Linux Desktop Tests (2)	UNKNOWN STEP	2026-02-25T19:48:54.2126654Z  c7ce85987d6d Downloading [==>                                                ]     719B/13.29kB
Linux Desktop Tests (2)	UNKNOWN STEP	2026-02-25T19:48:54.2129913Z  c7ce85987d6d Downloading [==================================================>]  13.29kB/13.29kB
Linux Desktop Tests (2)	UNKNOWN STEP	2026-02-25T19:48:54.2132837Z  c7ce85987d6d Verifying Checksum 
Linux Desktop Tests (2)	UNKNOWN STEP	2026-02-25T19:48:54.2133365Z  c7ce85987d6d Download complete 
Linux Desktop Tests (2)	UNKNOWN STEP	2026-02-25T19:48:54.2218073Z  0c8d55a45c0d Downloading [==========================================>        ]  25.12MB/29.78MB
Linux Desktop Tests (2)	UNKNOWN STEP	2026-02-25T19:48:54.2482340Z  a954d256f742 Verifying Checksum 
Linux Desktop Tests (2)	UNKNOWN STEP	2026-02-25T19:48:54.3314912Z  a954d256f742 Download complete 
Linux Desktop Tests (2)	UNKNOWN STEP	2026-02-25T19:48:54.3315901Z  0c8d55a45c0d Downloading [================================================>  ]  28.79MB/29.78MB
Linux Desktop Tests (2)	UNKNOWN STEP	2026-02-25T19:48:54.3371263Z  0c8d55a45c0d Verifying Checksum 
Linux Desktop Tests (2)	UNKNOWN STEP	2026-02-25T19:48:54.3372060Z  0c8d55a45c0d Download complete 
Linux Desktop Tests (2)	UNKNOWN STEP	2026-02-25T19:48:54.3729912Z  7807da78b90b Downloading [>                                                  ]  462.7kB/45.54MB
Linux Desktop Tests (2)	UNKNOWN STEP	2026-02-25T19:48:54.3756032Z  0478cd5c1079 Downloading [==========>                                        ]     720B/3.507kB
Linux Desktop Tests (2)	UNKNOWN STEP	2026-02-25T19:48:54.3757594Z  0478cd5c1079 Downloading [==================================================>]  3.507kB/3.507kB
Linux Desktop Tests (2)	UNKNOWN STEP	2026-02-25T19:48:54.3759215Z  0478cd5c1079 Verifying Checksum 
Linux Desktop Tests (2)	UNKNOWN STEP	2026-02-25T19:48:54.3761165Z  0478cd5c1079 Download complete 
Linux Desktop Tests (2)	UNKNOWN STEP	2026-02-25T19:48:54.3877066Z  0c8d55a45c0d Extracting [>                                                  ]  327.7kB/29.78MB
Linux Desktop Tests (2)	UNKNOWN STEP	2026-02-25T19:48:54.4460006Z  3a02ac06be95 Downloading [==========>                                        ]     720B/3.462kB
Linux Desktop Tests (2)	UNKNOWN STEP	2026-02-25T19:48:54.4462687Z  3a02ac06be95 Verifying Checksum 
Linux Desktop Tests (2)	UNKNOWN STEP	2026-02-25T19:48:54.4469601Z  3a02ac06be95 Download complete 
Linux Desktop Tests (2)	UNKNOWN STEP	2026-02-25T19:48:54.4733647Z  7807da78b90b Downloading [=======>                                           ]   6.94MB/45.54MB
Linux Desktop Tests (2)	UNKNOWN STEP	2026-02-25T19:48:54.4820397Z  bc1da058f299 Downloading [>                                                  ]  36.72kB/3.644MB
Linux Desktop Tests (2)	UNKNOWN STEP	2026-02-25T19:48:54.4904889Z  0c8d55a45c0d Extracting [===========>                                       ]  6.554MB/29.78MB
Linux Desktop Tests (2)	UNKNOWN STEP	2026-02-25T19:48:54.5250994Z  bc1da058f299 Download complete 
Linux Desktop Tests (2)	UNKNOWN STEP	2026-02-25T19:48:54.5283909Z  bc1da058f299 Extracting [>                                                  ]  65.54kB/3.644MB
Linux Desktop Tests (2)	UNKNOWN STEP	2026-02-25T19:48:54.5530619Z  09a5a0c32a23 Downloading [======================================>            ]     721B/948B
Linux Desktop Tests (2)	UNKNOWN STEP	2026-02-25T19:48:54.5532641Z  09a5a0c32a23 Downloading [==================================================>]     948B/948B
Linux Desktop Tests (2)	UNKNOWN STEP	2026-02-25T19:48:54.5533679Z  09a5a0c32a23 Verifying Checksum 
Linux Desktop Tests (2)	UNKNOWN STEP	2026-02-25T19:48:54.5534261Z  09a5a0c32a23 Download complete 
Linux Desktop Tests (2)	UNKNOWN STEP	2026-02-25T19:48:54.6543640Z  7807da78b90b Downloading [=========>                                         ]  8.808MB/45.54MB
Linux Desktop Tests (2)	UNKNOWN STEP	2026-02-25T19:48:54.6606093Z  0c8d55a45c0d Extracting [============>                                      ]  7.537MB/29.78MB
Linux Desktop Tests (2)	UNKNOWN STEP	2026-02-25T19:48:54.7453569Z  bd53938b1271 Downloading [>                                                  ]  2.087kB/173.4kB
Linux Desktop Tests (2)	UNKNOWN STEP	2026-02-25T19:48:54.7524157Z  bc1da058f299 Extracting [===>                                               ]  262.1kB/3.644MB
Linux Desktop Tests (2)	UNKNOWN STEP	2026-02-25T19:48:54.7569202Z  bd53938b1271 Verifying Checksum 
Linux Desktop Tests (2)	UNKNOWN STEP	2026-02-25T19:48:54.7569943Z  bd53938b1271 Download complete 
Linux Desktop Tests (2)	UNKNOWN STEP	2026-02-25T19:48:54.7669844Z  7807da78b90b Downloading [===================>                               ]  18.11MB/45.54MB
Linux Desktop Tests (2)	UNKNOWN STEP	2026-02-25T19:48:54.7677481Z  9fe3744a2eac Downloading [>                                                  ]   10.3kB/1.003MB
Linux Desktop Tests (2)	UNKNOWN STEP	2026-02-25T19:48:54.7775189Z  0c8d55a45c0d Extracting [=================>                                 ]  10.16MB/29.78MB
Linux Desktop Tests (2)	UNKNOWN STEP	2026-02-25T19:48:54.7973391Z  9fe3744a2eac Downloading [==================================================>]  1.003MB/1.003MB
Linux Desktop Tests (2)	UNKNOWN STEP	2026-02-25T19:48:54.7974363Z  9fe3744a2eac Verifying Checksum 
Linux Desktop Tests (2)	UNKNOWN STEP	2026-02-25T19:48:54.7974953Z  9fe3744a2eac Download complete 
Linux Desktop Tests (2)	UNKNOWN STEP	2026-02-25T19:48:54.8527711Z  bc1da058f299 Extracting [======================================>            ]  2.818MB/3.644MB
Linux Desktop Tests (2)	UNKNOWN STEP	2026-02-25T19:48:54.8690336Z  7807da78b90b Downloading [=============================>                     ]  26.95MB/45.54MB
Linux Desktop Tests (2)	UNKNOWN STEP	2026-02-25T19:48:54.8697170Z  bc1da058f299 Extracting [==================================================>]  3.644MB/3.644MB
Linux Desktop Tests (2)	UNKNOWN STEP	2026-02-25T19:48:54.8778972Z  7ad54b3c4cef Downloading [>                                                  ]    127kB/12.41MB
Linux Desktop Tests (2)	UNKNOWN STEP	2026-02-25T19:48:54.8852682Z  0c8d55a45c0d Extracting [=====================>                             ]  12.78MB/29.78MB
Linux Desktop Tests (2)	UNKNOWN STEP	2026-02-25T19:48:54.8973744Z  2a97533d89ca Downloading [==================================================>]     100B/100B
Linux Desktop Tests (2)	UNKNOWN STEP	2026-02-25T19:48:54.8974682Z  2a97533d89ca Verifying Checksum 
Linux Desktop Tests (2)	UNKNOWN STEP	2026-02-25T19:48:54.8975445Z  2a97533d89ca Download complete 
Linux Desktop Tests (2)	UNKNOWN STEP	2026-02-25T19:48:54.9968393Z  4f4fb700ef54 Downloading [==================================================>]      32B/32B
Linux Desktop Tests (2)	UNKNOWN STEP	2026-02-25T19:48:55.0006759Z  4f4fb700ef54 Verifying Checksum 
Linux Desktop Tests (2)	UNKNOWN STEP	2026-02-25T19:48:55.0007720Z  4f4fb700ef54 Download complete 
Linux Desktop Tests (2)	UNKNOWN STEP	2026-02-25T19:48:55.0008708Z  7ad54b3c4cef Downloading [====>                                              ]  1.038MB/12.41MB
Linux Desktop Tests (2)	UNKNOWN STEP	2026-02-25T19:48:55.0009904Z  7807da78b90b Downloading [================================>                  ]  29.25MB/45.54MB
Linux Desktop Tests (2)	UNKNOWN STEP	2026-02-25T19:48:55.0027410Z  0c8d55a45c0d Extracting [========================>                          ]  14.42MB/29.78MB
Linux Desktop Tests (2)	UNKNOWN STEP	2026-02-25T19:48:55.0869273Z  1c2c8d1ee428 Downloading [==================================================>]     576B/576B
Linux Desktop Tests (2)	UNKNOWN STEP	2026-02-25T19:48:55.0948649Z  1c2c8d1ee428 Verifying Checksum 
Linux Desktop Tests (2)	UNKNOWN STEP	2026-02-25T19:48:55.0949727Z  1c2c8d1ee428 Download complete 
Linux Desktop Tests (2)	UNKNOWN STEP	2026-02-25T19:48:55.0950641Z  bc1da058f299 Pull complete 
Linux Desktop Tests (2)	UNKNOWN STEP	2026-02-25T19:48:55.1021282Z  7807da78b90b Downloading [=======================================>           ]  35.75MB/45.54MB
Linux Desktop Tests (2)	UNKNOWN STEP	2026-02-25T19:48:55.1124769Z  7ad54b3c4cef Downloading [=========>                                         ]  2.359MB/12.41MB
Linux Desktop Tests (2)	UNKNOWN STEP	2026-02-25T19:48:55.1415249Z  0c8d55a45c0d Extracting [==========================>                        ]  15.73MB/29.78MB
Linux Desktop Tests (2)	UNKNOWN STEP	2026-02-25T19:48:55.2021003Z  589002ba0eae Downloading [>                                                  ]  39.48kB/3.862MB
Linux Desktop Tests (2)	UNKNOWN STEP	2026-02-25T19:48:55.2036982Z  7807da78b90b Downloading [=============================================>     ]  41.33MB/45.54MB
Linux Desktop Tests (2)	UNKNOWN STEP	2026-02-25T19:48:55.2057112Z  09a5a0c32a23 Extracting [==================================================>]     948B/948B
Linux Desktop Tests (2)	UNKNOWN STEP	2026-02-25T19:48:55.2076361Z  09a5a0c32a23 Extracting [==================================================>]     948B/948B
Linux Desktop Tests (2)	UNKNOWN STEP	2026-02-25T19:48:55.2110820Z  7ad54b3c4cef Downloading [===========================================>       ]  10.71MB/12.41MB
Linux Desktop Tests (2)	UNKNOWN STEP	2026-02-25T19:48:55.2167152Z  7ad54b3c4cef Verifying Checksum 
Linux Desktop Tests (2)	UNKNOWN STEP	2026-02-25T19:48:55.2167824Z  7ad54b3c4cef Download complete 
Linux Desktop Tests (2)	UNKNOWN STEP	2026-02-25T19:48:55.2416202Z  589002ba0eae Verifying Checksum 
Linux Desktop Tests (2)	UNKNOWN STEP	2026-02-25T19:48:55.2421162Z  589002ba0eae Download complete 
Linux Desktop Tests (2)	UNKNOWN STEP	2026-02-25T19:48:55.2422053Z  589002ba0eae Extracting [>                                                  ]  65.54kB/3.862MB
Linux Desktop Tests (2)	UNKNOWN STEP	2026-02-25T19:48:55.2609502Z  0c8d55a45c0d Extracting [===================================>               ]  20.97MB/29.78MB
Linux Desktop Tests (2)	UNKNOWN STEP	2026-02-25T19:48:55.2696966Z  7807da78b90b Verifying Checksum 
Linux Desktop Tests (2)	UNKNOWN STEP	2026-02-25T19:48:55.2702281Z  7807da78b90b Download complete 
Linux Desktop Tests (2)	UNKNOWN STEP	2026-02-25T19:48:55.3428052Z  589002ba0eae Extracting [============>                                      ]    983kB/3.862MB
Linux Desktop Tests (2)	UNKNOWN STEP	2026-02-25T19:48:55.3630438Z  0c8d55a45c0d Extracting [=========================================>         ]  24.58MB/29.78MB
Linux Desktop Tests (2)	UNKNOWN STEP	2026-02-25T19:48:55.3935598Z  5ffb427686b6 Downloading [=====================================>             ]     721B/972B
Linux Desktop Tests (2)	UNKNOWN STEP	2026-02-25T19:48:55.3936877Z  5ffb427686b6 Downloading [==================================================>]     972B/972B
Linux Desktop Tests (2)	UNKNOWN STEP	2026-02-25T19:48:55.3937882Z  5ffb427686b6 Verifying Checksum 
Linux Desktop Tests (2)	UNKNOWN STEP	2026-02-25T19:48:55.3938491Z  5ffb427686b6 Download complete 
Linux Desktop Tests (2)	UNKNOWN STEP	2026-02-25T19:48:55.4209078Z  630177b00352 Downloading [>                                                  ]  10.28kB/922.9kB
Linux Desktop Tests (2)	UNKNOWN STEP	2026-02-25T19:48:55.4437421Z  589002ba0eae Extracting [==================================================>]  3.862MB/3.862MB
Linux Desktop Tests (2)	UNKNOWN STEP	2026-02-25T19:48:55.4692731Z  6c18ff1f33d0 Downloading [==================================================>]     173B/173B
Linux Desktop Tests (2)	UNKNOWN STEP	2026-02-25T19:48:55.4693395Z  6c18ff1f33d0 Download complete 
Linux Desktop Tests (2)	UNKNOWN STEP	2026-02-25T19:48:55.4739439Z  630177b00352 Verifying Checksum 
Linux Desktop Tests (2)	UNKNOWN STEP	2026-02-25T19:48:55.4740121Z  630177b00352 Download complete 
Linux Desktop Tests (2)	UNKNOWN STEP	2026-02-25T19:48:55.5487372Z  13e46e455d3b Downloading [==================================================>]     116B/116B
Linux Desktop Tests (2)	UNKNOWN STEP	2026-02-25T19:48:55.5488366Z  13e46e455d3b Verifying Checksum 
Linux Desktop Tests (2)	UNKNOWN STEP	2026-02-25T19:48:55.5490498Z  13e46e455d3b Download complete 
Linux Desktop Tests (2)	UNKNOWN STEP	2026-02-25T19:48:55.5574133Z  589002ba0eae Pull complete 
Linux Desktop Tests (2)	UNKNOWN STEP	2026-02-25T19:48:55.5590228Z  5ffb427686b6 Extracting [==================================================>]     972B/972B
Linux Desktop Tests (2)	UNKNOWN STEP	2026-02-25T19:48:55.5592817Z  5ffb427686b6 Extracting [==================================================>]     972B/972B
Linux Desktop Tests (2)	UNKNOWN STEP	2026-02-25T19:48:55.5842760Z  40aaa75af6ce Downloading [===>                                               ]     700B/9.62kB
Linux Desktop Tests (2)	UNKNOWN STEP	2026-02-25T19:48:55.5843832Z  40aaa75af6ce Downloading [==================================================>]   9.62kB/9.62kB
Linux Desktop Tests (2)	UNKNOWN STEP	2026-02-25T19:48:55.5925976Z  40aaa75af6ce Verifying Checksum 
Linux Desktop Tests (2)	UNKNOWN STEP	2026-02-25T19:48:55.5926728Z  40aaa75af6ce Download complete 
Linux Desktop Tests (2)	UNKNOWN STEP	2026-02-25T19:48:55.6005799Z  b4403f29458a Downloading [>                                                  ]  528.2kB/105.2MB
Linux Desktop Tests (2)	UNKNOWN STEP	2026-02-25T19:48:55.6167841Z  5ffb427686b6 Pull complete 
Linux Desktop Tests (2)	UNKNOWN STEP	2026-02-25T19:48:55.6196745Z  630177b00352 Extracting [=>                                                 ]  32.77kB/922.9kB
Linux Desktop Tests (2)	UNKNOWN STEP	2026-02-25T19:48:55.6462774Z  162bdab1e0a7 Downloading [==================================================>]     128B/128B
Linux Desktop Tests (2)	UNKNOWN STEP	2026-02-25T19:48:55.6482760Z  162bdab1e0a7 Download complete 
Linux Desktop Tests (2)	UNKNOWN STEP	2026-02-25T19:48:55.6895752Z  630177b00352 Extracting [==================================================>]  922.9kB/922.9kB
Linux Desktop Tests (2)	UNKNOWN STEP	2026-02-25T19:48:55.7235632Z  0c8d55a45c0d Extracting [============================================>      ]  26.21MB/29.78MB
Linux Desktop Tests (2)	UNKNOWN STEP	2026-02-25T19:48:55.7309921Z  b4403f29458a Downloading [=======>                                           ]  15.97MB/105.2MB
Linux Desktop Tests (2)	UNKNOWN STEP	2026-02-25T19:48:55.7312058Z  ebff7b0ec73e Downloading [==================================================>]     170B/170B
Linux Desktop Tests (2)	UNKNOWN STEP	2026-02-25T19:48:55.7313892Z  ebff7b0ec73e Verifying Checksum 
Linux Desktop Tests (2)	UNKNOWN STEP	2026-02-25T19:48:55.7314397Z  ebff7b0ec73e Download complete 
Linux Desktop Tests (2)	UNKNOWN STEP	2026-02-25T19:48:55.7592034Z  c02179436571 Downloading [=====>                                             ]     700B/5.84kB
Linux Desktop Tests (2)	UNKNOWN STEP	2026-02-25T19:48:55.7599496Z  c02179436571 Download complete 
Linux Desktop Tests (2)	UNKNOWN STEP	2026-02-25T19:48:55.8090038Z  8243369e9866 Downloading [==================================================>]     186B/186B
Linux Desktop Tests (2)	UNKNOWN STEP	2026-02-25T19:48:55.8090844Z  8243369e9866 Verifying Checksum 
Linux Desktop Tests (2)	UNKNOWN STEP	2026-02-25T19:48:55.8093222Z  8243369e9866 Download complete 
Linux Desktop Tests (2)	UNKNOWN STEP	2026-02-25T19:48:55.8365824Z  0c8d55a45c0d Extracting [===============================================>   ]  28.51MB/29.78MB
Linux Desktop Tests (2)	UNKNOWN STEP	2026-02-25T19:48:55.8404230Z  b4403f29458a Downloading [==============>                                    ]  29.83MB/105.2MB
Linux Desktop Tests (2)	UNKNOWN STEP	2026-02-25T19:48:55.9454065Z  b4403f29458a Downloading [====================>                              ]  43.19MB/105.2MB
Linux Desktop Tests (2)	UNKNOWN STEP	2026-02-25T19:48:56.0377274Z  0c8d55a45c0d Extracting [================================================>  ]  29.16MB/29.78MB
Linux Desktop Tests (2)	UNKNOWN STEP	2026-02-25T19:48:56.0454682Z  b4403f29458a Downloading [============================>                      ]  59.66MB/105.2MB
Linux Desktop Tests (2)	UNKNOWN STEP	2026-02-25T19:48:56.1406071Z  0c8d55a45c0d Extracting [==================================================>]  29.78MB/29.78MB
Linux Desktop Tests (2)	UNKNOWN STEP	2026-02-25T19:48:56.1520199Z  b4403f29458a Downloading [===================================>               ]  74.05MB/105.2MB
Linux Desktop Tests (2)	UNKNOWN STEP	2026-02-25T19:48:56.2028637Z  0c8d55a45c0d Pull complete 
Linux Desktop Tests (2)	UNKNOWN STEP	2026-02-25T19:48:56.2042784Z  03af238a5946 Extracting [=>                                                 ]  32.77kB/1.293MB
Linux Desktop Tests (2)	UNKNOWN STEP	2026-02-25T19:48:56.2555773Z  b4403f29458a Downloading [=========================================>         ]  86.82MB/105.2MB
Linux Desktop Tests (2)	UNKNOWN STEP	2026-02-25T19:48:56.3461547Z  03af238a5946 Extracting [===============================>                   ]  819.2kB/1.293MB
Linux Desktop Tests (2)	UNKNOWN STEP	2026-02-25T19:48:56.3568839Z  b4403f29458a Downloading [=============================================>     ]  96.41MB/105.2MB
Linux Desktop Tests (2)	UNKNOWN STEP	2026-02-25T19:48:56.4042489Z  b4403f29458a Verifying Checksum 
Linux Desktop Tests (2)	UNKNOWN STEP	2026-02-25T19:48:56.4043118Z  b4403f29458a Download complete 
Linux Desktop Tests (2)	UNKNOWN STEP	2026-02-25T19:48:56.4089576Z  03af238a5946 Extracting [==================================================>]  1.293MB/1.293MB
Linux Desktop Tests (2)	UNKNOWN STEP	2026-02-25T19:48:56.4096468Z  03af238a5946 Extracting [==================================================>]  1.293MB/1.293MB
Linux Desktop Tests (2)	UNKNOWN STEP	2026-02-25T19:48:56.9055621Z  9acd5b82521c Pull complete 
Linux Desktop Tests (2)	UNKNOWN STEP	2026-02-25T19:48:56.9073134Z  10d78728ec4d Extracting [==================================================>]     122B/122B
Linux Desktop Tests (2)	UNKNOWN STEP	2026-02-25T19:48:56.9077704Z  10d78728ec4d Extracting [==================================================>]     122B/122B
Linux Desktop Tests (2)	UNKNOWN STEP	2026-02-25T19:48:56.9648534Z  10d78728ec4d Pull complete 
Linux Desktop Tests (2)	UNKNOWN STEP	2026-02-25T19:48:56.9651220Z  09a5a0c32a23 Pull complete 
Linux Desktop Tests (2)	UNKNOWN STEP	2026-02-25T19:48:56.9653248Z  630177b00352 Pull complete 
Linux Desktop Tests (2)	UNKNOWN STEP	2026-02-25T19:48:56.9657629Z  03af238a5946 Pull complete 
Linux Desktop Tests (2)	UNKNOWN STEP	2026-02-25T19:48:56.9663815Z  e0d49f520b92 Extracting [==================================================>]     961B/961B
Linux Desktop Tests (2)	UNKNOWN STEP	2026-02-25T19:48:56.9669116Z  e0d49f520b92 Extracting [==================================================>]     961B/961B
Linux Desktop Tests (2)	UNKNOWN STEP	2026-02-25T19:48:56.9681177Z  6c18ff1f33d0 Extracting [==================================================>]     173B/173B
Linux Desktop Tests (2)	UNKNOWN STEP	2026-02-25T19:48:56.9683253Z  6c18ff1f33d0 Extracting [==================================================>]     173B/173B
Linux Desktop Tests (2)	UNKNOWN STEP	2026-02-25T19:48:56.9727443Z  686599c79c87 Extracting [>                                                  ]  131.1kB/11.8MB
Linux Desktop Tests (2)	UNKNOWN STEP	2026-02-25T19:48:56.9736645Z  bd53938b1271 Extracting [=========>                                         ]  32.77kB/173.4kB
Linux Desktop Tests (2)	UNKNOWN STEP	2026-02-25T19:48:56.9764771Z  bd53938b1271 Extracting [==================================================>]  173.4kB/173.4kB
Linux Desktop Tests (2)	UNKNOWN STEP	2026-02-25T19:48:56.9816408Z  e0d49f520b92 Pull complete 
Linux Desktop Tests (2)	UNKNOWN STEP	2026-02-25T19:48:56.9836456Z  5de905603ac5 Extracting [==================================================>]  17.03kB/17.03kB
Linux Desktop Tests (2)	UNKNOWN STEP	2026-02-25T19:48:56.9837811Z  5de905603ac5 Extracting [==================================================>]  17.03kB/17.03kB
Linux Desktop Tests (2)	UNKNOWN STEP	2026-02-25T19:48:57.0047340Z  6c18ff1f33d0 Pull complete 
Linux Desktop Tests (2)	UNKNOWN STEP	2026-02-25T19:48:57.0073626Z  13e46e455d3b Extracting [==================================================>]     116B/116B
Linux Desktop Tests (2)	UNKNOWN STEP	2026-02-25T19:48:57.0077995Z  13e46e455d3b Extracting [==================================================>]     116B/116B
Linux Desktop Tests (2)	UNKNOWN STEP	2026-02-25T19:48:57.0181128Z  5de905603ac5 Pull complete 
Linux Desktop Tests (2)	UNKNOWN STEP	2026-02-25T19:48:57.0182666Z  13e46e455d3b Pull complete 
Linux Desktop Tests (2)	UNKNOWN STEP	2026-02-25T19:48:57.0204519Z  808bb02340fa Extracting [==================>                                ]  32.77kB/90.98kB
Linux Desktop Tests (2)	UNKNOWN STEP	2026-02-25T19:48:57.0208147Z  808bb02340fa Extracting [==================================================>]  90.98kB/90.98kB
Linux Desktop Tests (2)	UNKNOWN STEP	2026-02-25T19:48:57.0211853Z  808bb02340fa Extracting [==================================================>]  90.98kB/90.98kB
Linux Desktop Tests (2)	UNKNOWN STEP	2026-02-25T19:48:57.0331001Z  b4403f29458a Extracting [>                                                  ]  557.1kB/105.2MB
Linux Desktop Tests (2)	UNKNOWN STEP	2026-02-25T19:48:57.0389155Z  808bb02340fa Pull complete 
Linux Desktop Tests (2)	UNKNOWN STEP	2026-02-25T19:48:57.0418535Z  c0970b69197c Extracting [>                                                  ]  163.8kB/14.88MB
Linux Desktop Tests (2)	UNKNOWN STEP	2026-02-25T19:48:57.0466679Z  bd53938b1271 Extracting [==================================================>]  173.4kB/173.4kB
Linux Desktop Tests (2)	UNKNOWN STEP	2026-02-25T19:48:57.1065384Z  686599c79c87 Extracting [===>                                               ]  786.4kB/11.8MB
Linux Desktop Tests (2)	UNKNOWN STEP	2026-02-25T19:48:57.1433564Z  c0970b69197c Extracting [==================>                                ]  5.571MB/14.88MB
Linux Desktop Tests (2)	UNKNOWN STEP	2026-02-25T19:48:57.1522662Z  b4403f29458a Extracting [>                                                  ]  1.114MB/105.2MB
Linux Desktop Tests (2)	UNKNOWN STEP	2026-02-25T19:48:57.2099718Z  686599c79c87 Extracting [==========>                                        ]   2.49MB/11.8MB
Linux Desktop Tests (2)	UNKNOWN STEP	2026-02-25T19:48:57.2443783Z  c0970b69197c Extracting [===================================>               ]  10.49MB/14.88MB
Linux Desktop Tests (2)	UNKNOWN STEP	2026-02-25T19:48:57.2536604Z  b4403f29458a Extracting [==>                                                ]  5.014MB/105.2MB
Linux Desktop Tests (2)	UNKNOWN STEP	2026-02-25T19:48:57.3255558Z  686599c79c87 Extracting [==============>                                    ]  3.539MB/11.8MB
Linux Desktop Tests (2)	UNKNOWN STEP	2026-02-25T19:48:57.3325379Z  c0970b69197c Extracting [==================================================>]  14.88MB/14.88MB
Linux Desktop Tests (2)	UNKNOWN STEP	2026-02-25T19:48:57.3389113Z  bd53938b1271 Pull complete 
Linux Desktop Tests (2)	UNKNOWN STEP	2026-02-25T19:48:57.3427923Z  9fe3744a2eac Extracting [=>                                                 ]  32.77kB/1.003MB
Linux Desktop Tests (2)	UNKNOWN STEP	2026-02-25T19:48:57.3504857Z  c0970b69197c Pull complete 
Linux Desktop Tests (2)	UNKNOWN STEP	2026-02-25T19:48:57.3517494Z  9de5f206730a Extracting [==>                                                ]  32.77kB/766.3kB
Linux Desktop Tests (2)	UNKNOWN STEP	2026-02-25T19:48:57.3626615Z  b4403f29458a Extracting [=====>                                             ]  10.58MB/105.2MB
Linux Desktop Tests (2)	UNKNOWN STEP	2026-02-25T19:48:57.3771285Z  9de5f206730a Extracting [==================================================>]  766.3kB/766.3kB
Linux Desktop Tests (2)	UNKNOWN STEP	2026-02-25T19:48:57.3805175Z  9fe3744a2eac Extracting [==================================================>]  1.003MB/1.003MB
Linux Desktop Tests (2)	UNKNOWN STEP	2026-02-25T19:48:57.3806282Z  9fe3744a2eac Extracting [==================================================>]  1.003MB/1.003MB
Linux Desktop Tests (2)	UNKNOWN STEP	2026-02-25T19:48:57.3896633Z  9de5f206730a Pull complete 
Linux Desktop Tests (2)	UNKNOWN STEP	2026-02-25T19:48:57.3913536Z  9fe3744a2eac Pull complete 
Linux Desktop Tests (2)	UNKNOWN STEP	2026-02-25T19:48:57.3922221Z  24e28b7dc0a2 Extracting [===================>                               ]  32.77kB/83.13kB
Linux Desktop Tests (2)	UNKNOWN STEP	2026-02-25T19:48:57.3949612Z  24e28b7dc0a2 Extracting [==================================================>]  83.13kB/83.13kB
Linux Desktop Tests (2)	UNKNOWN STEP	2026-02-25T19:48:57.3953509Z  7ad54b3c4cef Extracting [>                                                  ]  131.1kB/12.41MB
Linux Desktop Tests (2)	UNKNOWN STEP	2026-02-25T19:48:57.4612319Z  686599c79c87 Extracting [================>                                  ]  3.932MB/11.8MB
Linux Desktop Tests (2)	UNKNOWN STEP	2026-02-25T19:48:57.4619869Z  24e28b7dc0a2 Pull complete 
Linux Desktop Tests (2)	UNKNOWN STEP	2026-02-25T19:48:57.4655880Z  830180cf89a8 Extracting [>                                                  ]  163.8kB/14.63MB
Linux Desktop Tests (2)	UNKNOWN STEP	2026-02-25T19:48:57.4671952Z  b4403f29458a Extracting [========>                                          ]  17.27MB/105.2MB
Linux Desktop Tests (2)	UNKNOWN STEP	2026-02-25T19:48:57.4967892Z  7ad54b3c4cef Extracting [====>                                              ]  1.049MB/12.41MB
Linux Desktop Tests (2)	UNKNOWN STEP	2026-02-25T19:48:57.5663316Z  830180cf89a8 Extracting [============>                                      ]  3.768MB/14.63MB
Linux Desktop Tests (2)	UNKNOWN STEP	2026-02-25T19:48:57.5707299Z  b4403f29458a Extracting [==========>                                        ]  22.28MB/105.2MB
Linux Desktop Tests (2)	UNKNOWN STEP	2026-02-25T19:48:57.5745075Z  686599c79c87 Extracting [==========================>                        ]   6.16MB/11.8MB
Linux Desktop Tests (2)	UNKNOWN STEP	2026-02-25T19:48:57.5972277Z  7ad54b3c4cef Extracting [======================>                            ]  5.505MB/12.41MB
Linux Desktop Tests (2)	UNKNOWN STEP	2026-02-25T19:48:57.6700995Z  830180cf89a8 Extracting [========================>                          ]  7.209MB/14.63MB
Linux Desktop Tests (2)	UNKNOWN STEP	2026-02-25T19:48:57.6754948Z  686599c79c87 Extracting [================================>                  ]  7.733MB/11.8MB
Linux Desktop Tests (2)	UNKNOWN STEP	2026-02-25T19:48:57.6766259Z  b4403f29458a Extracting [=============>                                     ]  27.85MB/105.2MB
Linux Desktop Tests (2)	UNKNOWN STEP	2026-02-25T19:48:57.6980386Z  7ad54b3c4cef Extracting [=====================================>             ]  9.306MB/12.41MB
Linux Desktop Tests (2)	UNKNOWN STEP	2026-02-25T19:48:57.7733034Z  7ad54b3c4cef Extracting [==================================================>]  12.41MB/12.41MB
Linux Desktop Tests (2)	UNKNOWN STEP	2026-02-25T19:48:57.7733979Z  830180cf89a8 Extracting [=================================>                 ]   9.83MB/14.63MB
Linux Desktop Tests (2)	UNKNOWN STEP	2026-02-25T19:48:57.7800699Z  b4403f29458a Extracting [===============>                                   ]  31.75MB/105.2MB
Linux Desktop Tests (2)	UNKNOWN STEP	2026-02-25T19:48:57.8019465Z  686599c79c87 Extracting [======================================>            ]  9.175MB/11.8MB
Linux Desktop Tests (2)	UNKNOWN STEP	2026-02-25T19:48:57.8302611Z  7ad54b3c4cef Pull complete 
Linux Desktop Tests (2)	UNKNOWN STEP	2026-02-25T19:48:57.8321169Z  2a97533d89ca Extracting [==================================================>]     100B/100B
Linux Desktop Tests (2)	UNKNOWN STEP	2026-02-25T19:48:57.8328195Z  2a97533d89ca Extracting [==================================================>]     100B/100B
Linux Desktop Tests (2)	UNKNOWN STEP	2026-02-25T19:48:57.8466194Z  2a97533d89ca Pull complete 
Linux Desktop Tests (2)	UNKNOWN STEP	2026-02-25T19:48:57.8483185Z  4f4fb700ef54 Extracting [==================================================>]      32B/32B
Linux Desktop Tests (2)	UNKNOWN STEP	2026-02-25T19:48:57.8500948Z  4f4fb700ef54 Extracting [==================================================>]      32B/32B
Linux Desktop Tests (2)	UNKNOWN STEP	2026-02-25T19:48:57.8623713Z  4f4fb700ef54 Pull complete 
Linux Desktop Tests (2)	UNKNOWN STEP	2026-02-25T19:48:57.8661896Z  1c2c8d1ee428 Extracting [==================================================>]     576B/576B
Linux Desktop Tests (2)	UNKNOWN STEP	2026-02-25T19:48:57.8663625Z  1c2c8d1ee428 Extracting [==================================================>]     576B/576B
Linux Desktop Tests (2)	UNKNOWN STEP	2026-02-25T19:48:57.8745948Z  830180cf89a8 Extracting [=============================================>     ]  13.43MB/14.63MB
Linux Desktop Tests (2)	UNKNOWN STEP	2026-02-25T19:48:57.8827201Z  1c2c8d1ee428 Pull complete 
Linux Desktop Tests (2)	UNKNOWN STEP	2026-02-25T19:48:57.8903593Z  redis Pulled 
Linux Desktop Tests (2)	UNKNOWN STEP	2026-02-25T19:48:57.8919325Z  b4403f29458a Extracting [=================>                                 ]  36.77MB/105.2MB
Linux Desktop Tests (2)	UNKNOWN STEP	2026-02-25T19:48:57.9019813Z  686599c79c87 Extracting [=======================================>           ]  9.437MB/11.8MB
Linux Desktop Tests (2)	UNKNOWN STEP	2026-02-25T19:48:57.9073052Z  830180cf89a8 Extracting [==================================================>]  14.63MB/14.63MB
Linux Desktop Tests (2)	UNKNOWN STEP	2026-02-25T19:48:57.9211205Z  830180cf89a8 Pull complete 
Linux Desktop Tests (2)	UNKNOWN STEP	2026-02-25T19:48:57.9273352Z  dex Pulled 
Linux Desktop Tests (2)	UNKNOWN STEP	2026-02-25T19:48:57.9973958Z  b4403f29458a Extracting [=====================>                             ]  44.56MB/105.2MB
Linux Desktop Tests (2)	UNKNOWN STEP	2026-02-25T19:48:58.0134277Z  686599c79c87 Extracting [============================================>      ]  10.62MB/11.8MB
Linux Desktop Tests (2)	UNKNOWN STEP	2026-02-25T19:48:58.1147358Z  b4403f29458a Extracting [========================>                          ]  51.25MB/105.2MB
Linux Desktop Tests (2)	UNKNOWN STEP	2026-02-25T19:48:58.1192567Z  686599c79c87 Extracting [================================================>  ]  11.53MB/11.8MB
Linux Desktop Tests (2)	UNKNOWN STEP	2026-02-25T19:48:58.1268664Z  686599c79c87 Extracting [==================================================>]   11.8MB/11.8MB
Linux Desktop Tests (2)	UNKNOWN STEP	2026-02-25T19:48:58.1860816Z  686599c79c87 Pull complete 
Linux Desktop Tests (2)	UNKNOWN STEP	2026-02-25T19:48:58.1876781Z  f1cadbd7abd2 Extracting [==================================================>]     252B/252B
Linux Desktop Tests (2)	UNKNOWN STEP	2026-02-25T19:48:58.1880870Z  f1cadbd7abd2 Extracting [==================================================>]     252B/252B
Linux Desktop Tests (2)	UNKNOWN STEP	2026-02-25T19:48:58.1991030Z  f1cadbd7abd2 Pull complete 
Linux Desktop Tests (2)	UNKNOWN STEP	2026-02-25T19:48:58.2003049Z  3ee96ea8e5d2 Extracting [==================================================>]     250B/250B
Linux Desktop Tests (2)	UNKNOWN STEP	2026-02-25T19:48:58.2008183Z  3ee96ea8e5d2 Extracting [==================================================>]     250B/250B
Linux Desktop Tests (2)	UNKNOWN STEP	2026-02-25T19:48:58.2130569Z  3ee96ea8e5d2 Pull complete 
Linux Desktop Tests (2)	UNKNOWN STEP	2026-02-25T19:48:58.2167097Z  a954d256f742 Extracting [>                                                  ]  229.4kB/21.98MB
Linux Desktop Tests (2)	UNKNOWN STEP	2026-02-25T19:48:58.2240805Z  b4403f29458a Extracting [==========================>                        ]  56.26MB/105.2MB
Linux Desktop Tests (2)	UNKNOWN STEP	2026-02-25T19:48:58.3242404Z  b4403f29458a Extracting [=============================>                     ]  62.95MB/105.2MB
Linux Desktop Tests (2)	UNKNOWN STEP	2026-02-25T19:48:58.3352884Z  a954d256f742 Extracting [=====>                                             ]  2.294MB/21.98MB
Linux Desktop Tests (2)	UNKNOWN STEP	2026-02-25T19:48:58.4278916Z  b4403f29458a Extracting [=================================>                 ]  69.63MB/105.2MB
Linux Desktop Tests (2)	UNKNOWN STEP	2026-02-25T19:48:58.4376653Z  a954d256f742 Extracting [=============>                                     ]  5.964MB/21.98MB
Linux Desktop Tests (2)	UNKNOWN STEP	2026-02-25T19:48:58.5395852Z  a954d256f742 Extracting [=============================>                     ]  13.07MB/21.98MB
Linux Desktop Tests (2)	UNKNOWN STEP	2026-02-25T19:48:58.6089676Z  b4403f29458a Extracting [===================================>               ]   75.2MB/105.2MB
Linux Desktop Tests (2)	UNKNOWN STEP	2026-02-25T19:48:58.6488478Z  a954d256f742 Extracting [=============================================>     ]  19.96MB/21.98MB
Linux Desktop Tests (2)	UNKNOWN STEP	2026-02-25T19:48:58.7232809Z  b4403f29458a Extracting [====================================>              ]  75.76MB/105.2MB
Linux Desktop Tests (2)	UNKNOWN STEP	2026-02-25T19:48:58.7589301Z  a954d256f742 Extracting [==================================================>]  21.98MB/21.98MB
Linux Desktop Tests (2)	UNKNOWN STEP	2026-02-25T19:48:58.8295721Z  b4403f29458a Extracting [====================================>              ]  76.32MB/105.2MB
Linux Desktop Tests (2)	UNKNOWN STEP	2026-02-25T19:48:58.8597851Z  a954d256f742 Pull complete 
Linux Desktop Tests (2)	UNKNOWN STEP	2026-02-25T19:48:58.8612953Z  c7ce85987d6d Extracting [==================================================>]  13.29kB/13.29kB
Linux Desktop Tests (2)	UNKNOWN STEP	2026-02-25T19:48:58.8614658Z  c7ce85987d6d Extracting [==================================================>]  13.29kB/13.29kB
Linux Desktop Tests (2)	UNKNOWN STEP	2026-02-25T19:48:58.8902903Z  c7ce85987d6d Pull complete 
Linux Desktop Tests (2)	UNKNOWN STEP	2026-02-25T19:48:58.9141043Z  7807da78b90b Extracting [>                                                  ]  458.8kB/45.54MB
Linux Desktop Tests (2)	UNKNOWN STEP	2026-02-25T19:48:58.9513307Z  b4403f29458a Extracting [=====================================>             ]  78.54MB/105.2MB
Linux Desktop Tests (2)	UNKNOWN STEP	2026-02-25T19:48:59.0534463Z  b4403f29458a Extracting [======================================>            ]  80.77MB/105.2MB
Linux Desktop Tests (2)	UNKNOWN STEP	2026-02-25T19:48:59.0993358Z  7807da78b90b Extracting [===>                                               ]  2.753MB/45.54MB
Linux Desktop Tests (2)	UNKNOWN STEP	2026-02-25T19:48:59.1803918Z  b4403f29458a Extracting [========================================>          ]  84.67MB/105.2MB
Linux Desktop Tests (2)	UNKNOWN STEP	2026-02-25T19:48:59.2016735Z  7807da78b90b Extracting [=====>                                             ]  4.588MB/45.54MB
Linux Desktop Tests (2)	UNKNOWN STEP	2026-02-25T19:48:59.2819774Z  b4403f29458a Extracting [=========================================>         ]  88.01MB/105.2MB
Linux Desktop Tests (2)	UNKNOWN STEP	2026-02-25T19:48:59.3127599Z  7807da78b90b Extracting [=========>                                         ]  8.258MB/45.54MB
Linux Desktop Tests (2)	UNKNOWN STEP	2026-02-25T19:48:59.4475287Z  7807da78b90b Extracting [==========>                                        ]  9.175MB/45.54MB
Linux Desktop Tests (2)	UNKNOWN STEP	2026-02-25T19:48:59.4895262Z  b4403f29458a Extracting [===========================================>       ]  92.47MB/105.2MB
Linux Desktop Tests (2)	UNKNOWN STEP	2026-02-25T19:48:59.5717401Z  7807da78b90b Extracting [==============>                                    ]  12.85MB/45.54MB
Linux Desktop Tests (2)	UNKNOWN STEP	2026-02-25T19:48:59.5917051Z  b4403f29458a Extracting [================================================>  ]  101.4MB/105.2MB
Linux Desktop Tests (2)	UNKNOWN STEP	2026-02-25T19:48:59.6665259Z  b4403f29458a Extracting [==================================================>]  105.2MB/105.2MB
Linux Desktop Tests (2)	UNKNOWN STEP	2026-02-25T19:48:59.6880570Z  7807da78b90b Extracting [==================>                                ]  16.97MB/45.54MB
Linux Desktop Tests (2)	UNKNOWN STEP	2026-02-25T19:48:59.8655648Z  7807da78b90b Extracting [=====================>                             ]  19.27MB/45.54MB
Linux Desktop Tests (2)	UNKNOWN STEP	2026-02-25T19:48:59.9196340Z  b4403f29458a Pull complete 
Linux Desktop Tests (2)	UNKNOWN STEP	2026-02-25T19:48:59.9208298Z  40aaa75af6ce Extracting [==================================================>]   9.62kB/9.62kB
Linux Desktop Tests (2)	UNKNOWN STEP	2026-02-25T19:48:59.9215926Z  40aaa75af6ce Extracting [==================================================>]   9.62kB/9.62kB
Linux Desktop Tests (2)	UNKNOWN STEP	2026-02-25T19:48:59.9371292Z  40aaa75af6ce Pull complete 
Linux Desktop Tests (2)	UNKNOWN STEP	2026-02-25T19:48:59.9386850Z  162bdab1e0a7 Extracting [==================================================>]     128B/128B
Linux Desktop Tests (2)	UNKNOWN STEP	2026-02-25T19:48:59.9390272Z  162bdab1e0a7 Extracting [==================================================>]     128B/128B
Linux Desktop Tests (2)	UNKNOWN STEP	2026-02-25T19:48:59.9504093Z  162bdab1e0a7 Pull complete 
Linux Desktop Tests (2)	UNKNOWN STEP	2026-02-25T19:48:59.9522108Z  ebff7b0ec73e Extracting [==================================================>]     170B/170B
Linux Desktop Tests (2)	UNKNOWN STEP	2026-02-25T19:48:59.9523087Z  ebff7b0ec73e Extracting [==================================================>]     170B/170B
Linux Desktop Tests (2)	UNKNOWN STEP	2026-02-25T19:48:59.9624088Z  ebff7b0ec73e Pull complete 
Linux Desktop Tests (2)	UNKNOWN STEP	2026-02-25T19:48:59.9636797Z  c02179436571 Extracting [==================================================>]   5.84kB/5.84kB
Linux Desktop Tests (2)	UNKNOWN STEP	2026-02-25T19:48:59.9640957Z  c02179436571 Extracting [==================================================>]   5.84kB/5.84kB
Linux Desktop Tests (2)	UNKNOWN STEP	2026-02-25T19:48:59.9733519Z  c02179436571 Pull complete 
Linux Desktop Tests (2)	UNKNOWN STEP	2026-02-25T19:48:59.9746168Z  8243369e9866 Extracting [==================================================>]     186B/186B
Linux Desktop Tests (2)	UNKNOWN STEP	2026-02-25T19:48:59.9751316Z  8243369e9866 Extracting [==================================================>]     186B/186B
Linux Desktop Tests (2)	UNKNOWN STEP	2026-02-25T19:48:59.9856416Z  8243369e9866 Pull complete 
Linux Desktop Tests (2)	UNKNOWN STEP	2026-02-25T19:48:59.9921738Z  postgres Pulled 
Linux Desktop Tests (2)	UNKNOWN STEP	2026-02-25T19:49:00.0463122Z  7807da78b90b Extracting [=======================>                           ]  21.56MB/45.54MB
Linux Desktop Tests (2)	UNKNOWN STEP	2026-02-25T19:49:00.1998536Z  7807da78b90b Extracting [==============================>                    ]  27.53MB/45.54MB
Linux Desktop Tests (2)	UNKNOWN STEP	2026-02-25T19:49:00.4650105Z  7807da78b90b Extracting [=================================>                 ]  30.74MB/45.54MB
Linux Desktop Tests (2)	UNKNOWN STEP	2026-02-25T19:49:00.6323285Z  7807da78b90b Extracting [===================================>               ]  32.11MB/45.54MB
Linux Desktop Tests (2)	UNKNOWN STEP	2026-02-25T19:49:00.7596061Z  7807da78b90b Extracting [====================================>              ]  33.03MB/45.54MB
Linux Desktop Tests (2)	UNKNOWN STEP	2026-02-25T19:49:00.9008447Z  7807da78b90b Extracting [=====================================>             ]  34.41MB/45.54MB
Linux Desktop Tests (2)	UNKNOWN STEP	2026-02-25T19:49:01.0471271Z  7807da78b90b Extracting [======================================>            ]  34.87MB/45.54MB
Linux Desktop Tests (2)	UNKNOWN STEP	2026-02-25T19:49:01.1590173Z  7807da78b90b Extracting [============================================>      ]  40.83MB/45.54MB
Linux Desktop Tests (2)	UNKNOWN STEP	2026-02-25T19:49:01.3021938Z  7807da78b90b Extracting [==============================================>    ]  42.21MB/45.54MB
Linux Desktop Tests (2)	UNKNOWN STEP	2026-02-25T19:49:01.4409492Z  7807da78b90b Extracting [===============================================>   ]  43.58MB/45.54MB
Linux Desktop Tests (2)	UNKNOWN STEP	2026-02-25T19:49:01.5473543Z  7807da78b90b Extracting [=================================================> ]  44.96MB/45.54MB
Linux Desktop Tests (2)	UNKNOWN STEP	2026-02-25T19:49:01.5624203Z  7807da78b90b Extracting [==================================================>]  45.54MB/45.54MB
Linux Desktop Tests (2)	UNKNOWN STEP	2026-02-25T19:49:01.6968584Z  7807da78b90b Pull complete 
Linux Desktop Tests (2)	UNKNOWN STEP	2026-02-25T19:49:01.6986963Z  0478cd5c1079 Extracting [==================================================>]  3.507kB/3.507kB
Linux Desktop Tests (2)	UNKNOWN STEP	2026-02-25T19:49:01.6990023Z  0478cd5c1079 Extracting [==================================================>]  3.507kB/3.507kB
Linux Desktop Tests (2)	UNKNOWN STEP	2026-02-25T19:49:01.7065532Z  0478cd5c1079 Pull complete 
Linux Desktop Tests (2)	UNKNOWN STEP	2026-02-25T19:49:01.7078153Z  3a02ac06be95 Extracting [==================================================>]  3.462kB/3.462kB
Linux Desktop Tests (2)	UNKNOWN STEP	2026-02-25T19:49:01.7081668Z  3a02ac06be95 Extracting [==================================================>]  3.462kB/3.462kB
Linux Desktop Tests (2)	UNKNOWN STEP	2026-02-25T19:49:01.7149227Z  3a02ac06be95 Pull complete 
Linux Desktop Tests (2)	UNKNOWN STEP	2026-02-25T19:49:01.7204285Z  matrix-synapse Pulled 
Linux Desktop Tests (2)	UNKNOWN STEP	2026-02-25T19:49:01.7235491Z  Network substitution_substitution_network  Creating
Linux Desktop Tests (2)	UNKNOWN STEP	2026-02-25T19:49:01.7608809Z  Network substitution_substitution_network  Created
Linux Desktop Tests (2)	UNKNOWN STEP	2026-02-25T19:49:01.7614316Z  Container substitution-dex-1  Creating
Linux Desktop Tests (2)	UNKNOWN STEP	2026-02-25T19:49:01.7616802Z  Container substitution-redis-1  Creating
Linux Desktop Tests (2)	UNKNOWN STEP	2026-02-25T19:49:01.7617423Z  Container substitution-postgres-1  Creating
Linux Desktop Tests (2)	UNKNOWN STEP	2026-02-25T19:49:01.8047975Z  Container substitution-postgres-1  Created
Linux Desktop Tests (2)	UNKNOWN STEP	2026-02-25T19:49:01.8049692Z  Container substitution-redis-1  Created
Linux Desktop Tests (2)	UNKNOWN STEP	2026-02-25T19:49:01.8054429Z  Container substitution-dex-1  Created
Linux Desktop Tests (2)	UNKNOWN STEP	2026-02-25T19:49:01.8056305Z  Container substitution-matrix-synapse-1  Creating
Linux Desktop Tests (2)	UNKNOWN STEP	2026-02-25T19:49:01.8179868Z  Container substitution-matrix-synapse-1  Created
Linux Desktop Tests (2)	UNKNOWN STEP	2026-02-25T19:49:01.8191990Z  Container substitution-redis-1  Starting
Linux Desktop Tests (2)	UNKNOWN STEP	2026-02-25T19:49:01.8192769Z  Container substitution-dex-1  Starting
Linux Desktop Tests (2)	UNKNOWN STEP	2026-02-25T19:49:01.8193301Z  Container substitution-postgres-1  Starting
Linux Desktop Tests (2)	UNKNOWN STEP	2026-02-25T19:49:02.0922987Z  Container substitution-redis-1  Started
Linux Desktop Tests (2)	UNKNOWN STEP	2026-02-25T19:49:02.1048335Z  Container substitution-dex-1  Started
Linux Desktop Tests (2)	UNKNOWN STEP	2026-02-25T19:49:02.1104138Z  Container substitution-postgres-1  Started
Linux Desktop Tests (2)	UNKNOWN STEP	2026-02-25T19:49:02.1106118Z  Container substitution-dex-1  Waiting
Linux Desktop Tests (2)	UNKNOWN STEP	2026-02-25T19:49:02.1106705Z  Container substitution-postgres-1  Waiting
Linux Desktop Tests (2)	UNKNOWN STEP	2026-02-25T19:49:07.6118716Z  Container substitution-dex-1  Healthy
Linux Desktop Tests (2)	UNKNOWN STEP	2026-02-25T19:49:12.6123469Z  Container substitution-postgres-1  Healthy
Linux Desktop Tests (2)	UNKNOWN STEP	2026-02-25T19:49:12.6124528Z  Container substitution-matrix-synapse-1  Starting
Linux Desktop Tests (2)	UNKNOWN STEP	2026-02-25T19:49:12.7618658Z  Container substitution-matrix-synapse-1  Started
Linux Desktop Tests (2)	UNKNOWN STEP	2026-02-25T19:49:22.8363297Z time="2026-02-25T19:49:22Z" level=warning msg="/home/runner/work/substitution/substitution/docker-compose.yml: the attribute `version` is obsolete, it will be ignored, please remove it to avoid potential confusion"
Linux Desktop Tests (2)	UNKNOWN STEP	2026-02-25T19:49:22.8461205Z  Container substitution-postgres-1  Running
Linux Desktop Tests (2)	UNKNOWN STEP	2026-02-25T19:49:22.8468150Z  Container substitution-dex-1  Running
Linux Desktop Tests (2)	UNKNOWN STEP	2026-02-25T19:49:22.8468738Z  Container substitution-matrix-synapse-1  Running
Linux Desktop Tests (2)	UNKNOWN STEP	2026-02-25T19:49:22.8479094Z  Container substitution-dex-1  Waiting
Linux Desktop Tests (2)	UNKNOWN STEP	2026-02-25T19:49:22.8479658Z  Container substitution-postgres-1  Waiting
Linux Desktop Tests (2)	UNKNOWN STEP	2026-02-25T19:49:23.3503027Z  Container substitution-postgres-1  Healthy
Linux Desktop Tests (2)	UNKNOWN STEP	2026-02-25T19:49:23.3504015Z  Container substitution-dex-1  Healthy
Linux Desktop Tests (2)	UNKNOWN STEP	2026-02-25T19:49:23.3524442Z  matrix-init Pulling 
Linux Desktop Tests (2)	UNKNOWN STEP	2026-02-25T19:49:23.7100803Z  589002ba0eae Already exists 
Linux Desktop Tests (2)	UNKNOWN STEP	2026-02-25T19:49:23.7114191Z  aca07fe076f1 Pulling fs layer 
Linux Desktop Tests (2)	UNKNOWN STEP	2026-02-25T19:49:23.7115546Z  6dafe251d313 Pulling fs layer 
Linux Desktop Tests (2)	UNKNOWN STEP	2026-02-25T19:49:23.7115966Z  fa340e77c336 Pulling fs layer 
Linux Desktop Tests (2)	UNKNOWN STEP	2026-02-25T19:49:23.8237865Z  aca07fe076f1 Downloading [>                                                  ]  4.824kB/460.9kB
Linux Desktop Tests (2)	UNKNOWN STEP	2026-02-25T19:49:23.8408597Z  aca07fe076f1 Downloading [==================================================>]  460.9kB/460.9kB
Linux Desktop Tests (2)	UNKNOWN STEP	2026-02-25T19:49:23.8409678Z  aca07fe076f1 Verifying Checksum 
Linux Desktop Tests (2)	UNKNOWN STEP	2026-02-25T19:49:23.8410267Z  aca07fe076f1 Download complete 
Linux Desktop Tests (2)	UNKNOWN STEP	2026-02-25T19:49:23.8410985Z  aca07fe076f1 Extracting [===>                                               ]  32.77kB/460.9kB
Linux Desktop Tests (2)	UNKNOWN STEP	2026-02-25T19:49:23.8417449Z  6dafe251d313 Downloading [>                                                  ]    164kB/16.02MB
Linux Desktop Tests (2)	UNKNOWN STEP	2026-02-25T19:49:23.8513011Z  fa340e77c336 Downloading [==================================================>]     247B/247B
Linux Desktop Tests (2)	UNKNOWN STEP	2026-02-25T19:49:23.8513923Z  fa340e77c336 Verifying Checksum 
Linux Desktop Tests (2)	UNKNOWN STEP	2026-02-25T19:49:23.8514360Z  fa340e77c336 Download complete 
Linux Desktop Tests (2)	UNKNOWN STEP	2026-02-25T19:49:23.9462601Z  6dafe251d313 Downloading [============>                                      ]  4.007MB/16.02MB
Linux Desktop Tests (2)	UNKNOWN STEP	2026-02-25T19:49:23.9624529Z  aca07fe076f1 Extracting [==================================================>]  460.9kB/460.9kB
Linux Desktop Tests (2)	UNKNOWN STEP	2026-02-25T19:49:24.0630269Z  6dafe251d313 Downloading [===========================>                       ]  8.886MB/16.02MB
Linux Desktop Tests (2)	UNKNOWN STEP	2026-02-25T19:49:24.0823488Z  aca07fe076f1 Pull complete 
Linux Desktop Tests (2)	UNKNOWN STEP	2026-02-25T19:49:24.1709211Z  6dafe251d313 Downloading [===================================>               ]   11.4MB/16.02MB
Linux Desktop Tests (2)	UNKNOWN STEP	2026-02-25T19:49:24.2323757Z  6dafe251d313 Download complete 
Linux Desktop Tests (2)	UNKNOWN STEP	2026-02-25T19:49:24.2339565Z  6dafe251d313 Extracting [>                                                  ]  163.8kB/16.02MB
Linux Desktop Tests (2)	UNKNOWN STEP	2026-02-25T19:49:24.3354367Z  6dafe251d313 Extracting [========>                                          ]  2.785MB/16.02MB
Linux Desktop Tests (2)	UNKNOWN STEP	2026-02-25T19:49:24.4525279Z  6dafe251d313 Extracting [=================>                                 ]  5.734MB/16.02MB
Linux Desktop Tests (2)	UNKNOWN STEP	2026-02-25T19:49:24.5542356Z  6dafe251d313 Extracting [=================================>                 ]  10.65MB/16.02MB
Linux Desktop Tests (2)	UNKNOWN STEP	2026-02-25T19:49:24.6618682Z  6dafe251d313 Extracting [=======================================>           ]  12.78MB/16.02MB
Linux Desktop Tests (2)	UNKNOWN STEP	2026-02-25T19:49:24.7701781Z  6dafe251d313 Extracting [============================================>      ]  14.25MB/16.02MB
Linux Desktop Tests (2)	UNKNOWN STEP	2026-02-25T19:49:24.8806597Z  6dafe251d313 Extracting [===============================================>   ]  15.07MB/16.02MB
Linux Desktop Tests (2)	UNKNOWN STEP	2026-02-25T19:49:24.9715110Z  6dafe251d313 Extracting [==================================================>]  16.02MB/16.02MB
Linux Desktop Tests (2)	UNKNOWN STEP	2026-02-25T19:49:25.0432354Z  6dafe251d313 Pull complete 
Linux Desktop Tests (2)	UNKNOWN STEP	2026-02-25T19:49:25.0443101Z  fa340e77c336 Extracting [==================================================>]     247B/247B
Linux Desktop Tests (2)	UNKNOWN STEP	2026-02-25T19:49:25.0448480Z  fa340e77c336 Extracting [==================================================>]     247B/247B
Linux Desktop Tests (2)	UNKNOWN STEP	2026-02-25T19:49:25.0551749Z  fa340e77c336 Pull complete 
Linux Desktop Tests (2)	UNKNOWN STEP	2026-02-25T19:49:25.0604339Z  matrix-init Pulled 
Linux Desktop Tests (2)	UNKNOWN STEP	2026-02-25T19:49:27.8324737Z Collecting requests
Linux Desktop Tests (2)	UNKNOWN STEP	2026-02-25T19:49:27.8706792Z   Downloading requests-2.32.5-py3-none-any.whl.metadata (4.9 kB)
Linux Desktop Tests (2)	UNKNOWN STEP	2026-02-25T19:49:28.0097069Z Collecting charset_normalizer<4,>=2 (from requests)
Linux Desktop Tests (2)	UNKNOWN STEP	2026-02-25T19:49:28.0184086Z   Downloading charset_normalizer-3.4.4-cp311-cp311-musllinux_1_2_x86_64.whl.metadata (37 kB)
Linux Desktop Tests (2)	UNKNOWN STEP	2026-02-25T19:49:28.0505397Z Collecting idna<4,>=2.5 (from requests)
Linux Desktop Tests (2)	UNKNOWN STEP	2026-02-25T19:49:28.0586486Z   Downloading idna-3.11-py3-none-any.whl.metadata (8.4 kB)
Linux Desktop Tests (2)	UNKNOWN STEP	2026-02-25T19:49:28.1134869Z Collecting urllib3<3,>=1.21.1 (from requests)
Linux Desktop Tests (2)	UNKNOWN STEP	2026-02-25T19:49:28.1212861Z   Downloading urllib3-2.6.3-py3-none-any.whl.metadata (6.9 kB)
Linux Desktop Tests (2)	UNKNOWN STEP	2026-02-25T19:49:28.1538814Z Collecting certifi>=2017.4.17 (from requests)
Linux Desktop Tests (2)	UNKNOWN STEP	2026-02-25T19:49:28.1615547Z   Downloading certifi-2026.2.25-py3-none-any.whl.metadata (2.5 kB)
Linux Desktop Tests (2)	UNKNOWN STEP	2026-02-25T19:49:28.1862022Z Downloading requests-2.32.5-py3-none-any.whl (64 kB)
Linux Desktop Tests (2)	UNKNOWN STEP	2026-02-25T19:49:28.1926555Z    ━━━━━━━━━━━━━━━━━━━━━━━━━━━━━━━━━━━━━━━━ 64.7/64.7 kB 14.9 MB/s eta 0:00:00
Linux Desktop Tests (2)	UNKNOWN STEP	2026-02-25T19:49:28.2000140Z Downloading certifi-2026.2.25-py3-none-any.whl (153 kB)
Linux Desktop Tests (2)	UNKNOWN STEP	2026-02-25T19:49:28.2091061Z    ━━━━━━━━━━━━━━━━━━━━━━━━━━━━━━━━━━━━━━━━ 153.7/153.7 kB 21.4 MB/s eta 0:00:00
Linux Desktop Tests (2)	UNKNOWN STEP	2026-02-25T19:49:28.2170680Z Downloading charset_normalizer-3.4.4-cp311-cp311-musllinux_1_2_x86_64.whl (152 kB)
Linux Desktop Tests (2)	UNKNOWN STEP	2026-02-25T19:49:28.2225845Z    ━━━━━━━━━━━━━━━━━━━━━━━━━━━━━━━━━━━━━━━━ 153.0/153.0 kB 43.1 MB/s eta 0:00:00
Linux Desktop Tests (2)	UNKNOWN STEP	2026-02-25T19:49:28.2302396Z Downloading idna-3.11-py3-none-any.whl (71 kB)
Linux Desktop Tests (2)	UNKNOWN STEP	2026-02-25T19:49:28.2348347Z    ━━━━━━━━━━━━━━━━━━━━━━━━━━━━━━━━━━━━━━━━ 71.0/71.0 kB 24.8 MB/s eta 0:00:00
Linux Desktop Tests (2)	UNKNOWN STEP	2026-02-25T19:49:28.2426540Z Downloading urllib3-2.6.3-py3-none-any.whl (131 kB)
Linux Desktop Tests (2)	UNKNOWN STEP	2026-02-25T19:49:28.2481810Z    ━━━━━━━━━━━━━━━━━━━━━━━━━━━━━━━━━━━━━━━━ 131.6/131.6 kB 42.0 MB/s eta 0:00:00
Linux Desktop Tests (2)	UNKNOWN STEP	2026-02-25T19:49:28.3193266Z Installing collected packages: urllib3, idna, charset_normalizer, certifi, requests
Linux Desktop Tests (2)	UNKNOWN STEP	2026-02-25T19:49:28.6509872Z Successfully installed certifi-2026.2.25 charset_normalizer-3.4.4 idna-3.11 requests-2.32.5 urllib3-2.6.3
Linux Desktop Tests (2)	UNKNOWN STEP	2026-02-25T19:49:28.6513616Z WARNING: Running pip as the 'root' user can result in broken permissions and conflicting behaviour with the system package manager. It is recommended to use a virtual environment instead: https://pip.pypa.io/warnings/venv
Linux Desktop Tests (2)	UNKNOWN STEP	2026-02-25T19:49:28.7436366Z 
Linux Desktop Tests (2)	UNKNOWN STEP	2026-02-25T19:49:28.7437061Z [notice] A new release of pip is available: 24.0 -> 26.0.1
Linux Desktop Tests (2)	UNKNOWN STEP	2026-02-25T19:49:28.7437839Z [notice] To update, run: pip install --upgrade pip
Linux Desktop Tests (2)	UNKNOWN STEP	2026-02-25T19:49:35.7973583Z Initializing Matrix Synapse test server...
Linux Desktop Tests (2)	UNKNOWN STEP	2026-02-25T19:49:35.7973961Z 
Linux Desktop Tests (2)	UNKNOWN STEP	2026-02-25T19:49:35.7974386Z ✓ Synapse server is ready
Linux Desktop Tests (2)	UNKNOWN STEP	2026-02-25T19:49:35.7974642Z 
Linux Desktop Tests (2)	UNKNOWN STEP	2026-02-25T19:49:35.7974789Z Creating test users...
Linux Desktop Tests (2)	UNKNOWN STEP	2026-02-25T19:49:35.7975242Z ✓ Created user: testuser1
Linux Desktop Tests (2)	UNKNOWN STEP	2026-02-25T19:49:35.7975651Z ✓ Created user: testuser2
Linux Desktop Tests (2)	UNKNOWN STEP	2026-02-25T19:49:35.7976112Z ✓ Created admin user: testadmin
Linux Desktop Tests (2)	UNKNOWN STEP	2026-02-25T19:49:35.7976381Z 
Linux Desktop Tests (2)	UNKNOWN STEP	2026-02-25T19:49:35.7976591Z Creating test rooms and populating with data...
Linux Desktop Tests (2)	UNKNOWN STEP	2026-02-25T19:49:35.7977236Z ✓ Logged in user: @testadmin:test.matrix.local
Linux Desktop Tests (2)	UNKNOWN STEP	2026-02-25T19:49:35.7977815Z ✓ Admin token acquired
Linux Desktop Tests (2)	UNKNOWN STEP	2026-02-25T19:49:35.7978327Z ✓ Logged in user: @testuser1:test.matrix.local
Linux Desktop Tests (2)	UNKNOWN STEP	2026-02-25T19:49:35.7979128Z ✓ Created room: test_general (!pyMwbcPJpPnXMoeXcR:test.matrix.local)
Linux Desktop Tests (2)	UNKNOWN STEP	2026-02-25T19:49:35.7979992Z ✓ Logged in user: @testuser2:test.matrix.local
Linux Desktop Tests (2)	UNKNOWN STEP	2026-02-25T19:49:35.7980378Z   ✓ User testuser2 joined room
Linux Desktop Tests (2)	UNKNOWN STEP	2026-02-25T19:49:35.7980880Z ✓ Logged in user: @testadmin:test.matrix.local
Linux Desktop Tests (2)	UNKNOWN STEP	2026-02-25T19:49:35.7981230Z   ✓ User testadmin joined room
Linux Desktop Tests (2)	UNKNOWN STEP	2026-02-25T19:49:35.7981769Z   ✓ Published room to directory
Linux Desktop Tests (2)	UNKNOWN STEP	2026-02-25T19:49:35.7982073Z   ✓ Posted 5 messages to room
Linux Desktop Tests (2)	UNKNOWN STEP	2026-02-25T19:49:35.7982359Z   Seeding media messages (image, video, audio)...
Linux Desktop Tests (2)	UNKNOWN STEP	2026-02-25T19:49:35.7982935Z   ✓ Uploaded media 'test_image.png': mxc://test.matrix.local/sCEjDWxfPbnCJHxEYqNZQhVo
Linux Desktop Tests (2)	UNKNOWN STEP	2026-02-25T19:49:35.7983440Z   ✓ Posted m.image message to room
Linux Desktop Tests (2)	UNKNOWN STEP	2026-02-25T19:49:35.7983937Z   ✓ Uploaded media 'test_video.mp4': mxc://test.matrix.local/TXFAGvRUqFyNcfXfLHiXOzGa
Linux Desktop Tests (2)	UNKNOWN STEP	2026-02-25T19:49:35.7984424Z   ✓ Posted m.video message to room
Linux Desktop Tests (2)	UNKNOWN STEP	2026-02-25T19:49:35.7984908Z   ✓ Uploaded media 'test_audio.mp3': mxc://test.matrix.local/YfozrDhIcEreDZucyMGFgtkL
Linux Desktop Tests (2)	UNKNOWN STEP	2026-02-25T19:49:35.7985392Z   ✓ Posted m.audio message to room
Linux Desktop Tests (2)	UNKNOWN STEP	2026-02-25T19:49:35.7985850Z ✓ Created room: test_photos (!VYXPoobSNFbLqiYzTM:test.matrix.local)
Linux Desktop Tests (2)	UNKNOWN STEP	2026-02-25T19:49:35.7986313Z ✓ Logged in user: @testuser2:test.matrix.local
Linux Desktop Tests (2)	UNKNOWN STEP	2026-02-25T19:49:35.7986639Z   ✓ User testuser2 joined room
Linux Desktop Tests (2)	UNKNOWN STEP	2026-02-25T19:49:35.7986930Z ✓ Logged in user: @testadmin:test.matrix.local
Linux Desktop Tests (2)	UNKNOWN STEP	2026-02-25T19:49:35.7987283Z   ✓ User testadmin joined room
Linux Desktop Tests (2)	UNKNOWN STEP	2026-02-25T19:49:35.7987541Z   ✓ Published room to directory
Linux Desktop Tests (2)	UNKNOWN STEP	2026-02-25T19:49:35.7987800Z   ✓ Posted 3 messages to room
Linux Desktop Tests (2)	UNKNOWN STEP	2026-02-25T19:49:35.7988058Z   Seeding media messages (image, video, audio)...
Linux Desktop Tests (2)	UNKNOWN STEP	2026-02-25T19:49:35.7988547Z   ✓ Uploaded media 'test_image.png': mxc://test.matrix.local/iAfdVWhsoQEpepWyPVeUmKlg
Linux Desktop Tests (2)	UNKNOWN STEP	2026-02-25T19:49:35.7988988Z   ✓ Posted m.image message to room
Linux Desktop Tests (2)	UNKNOWN STEP	2026-02-25T19:49:35.7989421Z   ✓ Uploaded media 'test_video.mp4': mxc://test.matrix.local/XKitltBOSRYIdylxFyFXbVHj
Linux Desktop Tests (2)	UNKNOWN STEP	2026-02-25T19:49:35.7989839Z   ✓ Posted m.video message to room
Linux Desktop Tests (2)	UNKNOWN STEP	2026-02-25T19:49:35.7990261Z   ✓ Uploaded media 'test_audio.mp3': mxc://test.matrix.local/HOyVdkzhZgahrCtRtctxWZxd
Linux Desktop Tests (2)	UNKNOWN STEP	2026-02-25T19:49:35.7990973Z   ✓ Posted m.audio message to room
Linux Desktop Tests (2)	UNKNOWN STEP	2026-02-25T19:49:35.7991351Z ✓ Created room: test_art (!PpoENRiyfzJyYrdzkH:test.matrix.local)
Linux Desktop Tests (2)	UNKNOWN STEP	2026-02-25T19:49:35.7992064Z ✓ Logged in user: @testuser2:test.matrix.local
Linux Desktop Tests (2)	UNKNOWN STEP	2026-02-25T19:49:35.7992381Z   ✓ User testuser2 joined room
Linux Desktop Tests (2)	UNKNOWN STEP	2026-02-25T19:49:35.7992676Z ✓ Logged in user: @testadmin:test.matrix.local
Linux Desktop Tests (2)	UNKNOWN STEP	2026-02-25T19:49:35.7992970Z   ✓ User testadmin joined room
Linux Desktop Tests (2)	UNKNOWN STEP	2026-02-25T19:49:35.7993222Z   ✓ Published room to directory
Linux Desktop Tests (2)	UNKNOWN STEP	2026-02-25T19:49:35.7993624Z ✓ Uploaded dummy avatar: mxc://test.matrix.local/nWwLzHKeEZewUbeCKnEOGrfS
Linux Desktop Tests (2)	UNKNOWN STEP	2026-02-25T19:49:35.7994146Z   ✓ Set room avatar to mxc://test.matrix.local/nWwLzHKeEZewUbeCKnEOGrfS
Linux Desktop Tests (2)	UNKNOWN STEP	2026-02-25T19:49:35.7994648Z ✓ Created room: test_invite_only (!OcNvlTXcKbRdlTFvae:test.matrix.local)
Linux Desktop Tests (2)	UNKNOWN STEP	2026-02-25T19:49:35.7995076Z   ℹ Skipping user invites for room (discovery test)
Linux Desktop Tests (2)	UNKNOWN STEP	2026-02-25T19:49:35.7995389Z   ✓ Published room to directory
Linux Desktop Tests (2)	UNKNOWN STEP	2026-02-25T19:49:35.7995648Z   ✓ Posted 2 messages to room
Linux Desktop Tests (2)	UNKNOWN STEP	2026-02-25T19:49:35.7996197Z ✓ Created room: test_avatar (!KZHLygWzCCVpvnMrTb:test.matrix.local)
Linux Desktop Tests (2)	UNKNOWN STEP	2026-02-25T19:49:35.7996625Z ✓ Logged in user: @testuser2:test.matrix.local
Linux Desktop Tests (2)	UNKNOWN STEP	2026-02-25T19:49:35.7996925Z   ✓ User testuser2 joined room
Linux Desktop Tests (2)	UNKNOWN STEP	2026-02-25T19:49:35.7997210Z ✓ Logged in user: @testadmin:test.matrix.local
Linux Desktop Tests (2)	UNKNOWN STEP	2026-02-25T19:49:35.7997501Z   ✓ User testadmin joined room
Linux Desktop Tests (2)	UNKNOWN STEP	2026-02-25T19:49:35.7997755Z   ✓ Published room to directory
Linux Desktop Tests (2)	UNKNOWN STEP	2026-02-25T19:49:35.7998148Z ✓ Uploaded dummy avatar: mxc://test.matrix.local/dnpomcBAePtVXvTRMZfaXSUG
Linux Desktop Tests (2)	UNKNOWN STEP	2026-02-25T19:49:35.7998661Z   ✓ Set room avatar to mxc://test.matrix.local/dnpomcBAePtVXvTRMZfaXSUG
Linux Desktop Tests (2)	UNKNOWN STEP	2026-02-25T19:49:35.7998930Z 
Linux Desktop Tests (2)	UNKNOWN STEP	2026-02-25T19:49:35.7999039Z ============================================================
Linux Desktop Tests (2)	UNKNOWN STEP	2026-02-25T19:49:35.7999385Z ✅ Matrix test server initialized successfully!
Linux Desktop Tests (2)	UNKNOWN STEP	2026-02-25T19:49:35.7999677Z ============================================================
Linux Desktop Tests (2)	UNKNOWN STEP	2026-02-25T19:49:35.7999862Z 
Linux Desktop Tests (2)	UNKNOWN STEP	2026-02-25T19:49:35.7999970Z 📝 Test Users:
Linux Desktop Tests (2)	UNKNOWN STEP	2026-02-25T19:49:35.8000144Z   testuser1
Linux Desktop Tests (2)	UNKNOWN STEP	2026-02-25T19:49:35.8000348Z     ID: @testuser1:test.matrix.local
Linux Desktop Tests (2)	UNKNOWN STEP	2026-02-25T19:49:35.8000600Z     Password: testpass123
Linux Desktop Tests (2)	UNKNOWN STEP	2026-02-25T19:49:35.8000803Z   testuser2
Linux Desktop Tests (2)	UNKNOWN STEP	2026-02-25T19:49:35.8000978Z     ID: @testuser2:test.matrix.local
Linux Desktop Tests (2)	UNKNOWN STEP	2026-02-25T19:49:35.8001214Z     Password: testpass123
Linux Desktop Tests (2)	UNKNOWN STEP	2026-02-25T19:49:35.8001622Z   testadmin
Linux Desktop Tests (2)	UNKNOWN STEP	2026-02-25T19:49:35.8001820Z     ID: @testadmin:test.matrix.local
Linux Desktop Tests (2)	UNKNOWN STEP	2026-02-25T19:49:35.8002067Z     Password: testpass123
Linux Desktop Tests (2)	UNKNOWN STEP	2026-02-25T19:49:35.8002198Z 
Linux Desktop Tests (2)	UNKNOWN STEP	2026-02-25T19:49:35.8002313Z 🏠 Test Rooms:
Linux Desktop Tests (2)	UNKNOWN STEP	2026-02-25T19:49:35.8002494Z   test_general (with messages)
Linux Desktop Tests (2)	UNKNOWN STEP	2026-02-25T19:49:35.8002750Z     ID: !pyMwbcPJpPnXMoeXcR:test.matrix.local
Linux Desktop Tests (2)	UNKNOWN STEP	2026-02-25T19:49:35.8003033Z   test_photos (with messages)
Linux Desktop Tests (2)	UNKNOWN STEP	2026-02-25T19:49:35.8003285Z     ID: !VYXPoobSNFbLqiYzTM:test.matrix.local
Linux Desktop Tests (2)	UNKNOWN STEP	2026-02-25T19:49:35.8003546Z   test_art (empty)
Linux Desktop Tests (2)	UNKNOWN STEP	2026-02-25T19:49:35.8003760Z     ID: !PpoENRiyfzJyYrdzkH:test.matrix.local
Linux Desktop Tests (2)	UNKNOWN STEP	2026-02-25T19:49:35.8004024Z   test_invite_only (with messages)
Linux Desktop Tests (2)	UNKNOWN STEP	2026-02-25T19:49:35.8004279Z     ID: !OcNvlTXcKbRdlTFvae:test.matrix.local
Linux Desktop Tests (2)	UNKNOWN STEP	2026-02-25T19:49:35.8004552Z   test_avatar (empty)
Linux Desktop Tests (2)	UNKNOWN STEP	2026-02-25T19:49:35.8004773Z     ID: !KZHLygWzCCVpvnMrTb:test.matrix.local
Linux Desktop Tests (2)	UNKNOWN STEP	2026-02-25T19:49:35.8004956Z 
Linux Desktop Tests (2)	UNKNOWN STEP	2026-02-25T19:49:35.8005110Z 🔑 Test Credentials for Integration Tests:
Linux Desktop Tests (2)	UNKNOWN STEP	2026-02-25T19:49:35.8005395Z   Server:    http://matrix-synapse:8008
Linux Desktop Tests (2)	UNKNOWN STEP	2026-02-25T19:49:35.8005644Z   Test User: testuser1
Linux Desktop Tests (2)	UNKNOWN STEP	2026-02-25T19:49:35.8005848Z   Password:  testpass123
Linux Desktop Tests (2)	UNKNOWN STEP	2026-02-25T19:49:35.8005986Z 
Linux Desktop Tests (2)	UNKNOWN STEP	2026-02-25T19:49:35.8006055Z Room Status:
Linux Desktop Tests (2)	UNKNOWN STEP	2026-02-25T19:49:35.8006428Z   test_general - 5 text + image/video/audio messages (for testing message lists and media rendering)
Linux Desktop Tests (2)	UNKNOWN STEP	2026-02-25T19:49:35.8007001Z   test_photos  - 3 text + image/video/audio messages (for testing photo/media content)
Linux Desktop Tests (2)	UNKNOWN STEP	2026-02-25T19:49:35.8007424Z   test_art     - 0 messages (for testing empty rooms)
Linux Desktop Tests (2)	UNKNOWN STEP	2026-02-25T19:49:35.8007781Z ✓ Logged in user: @testuser1:test.matrix.local
Linux Desktop Tests (2)	UNKNOWN STEP	2026-02-25T19:49:35.8007973Z 
Linux Desktop Tests (2)	UNKNOWN STEP	2026-02-25T19:49:35.8008103Z   📋 Public room directory has 5 room(s):
Linux Desktop Tests (2)	UNKNOWN STEP	2026-02-25T19:49:35.8008429Z     - test_general (!pyMwbcPJpPnXMoeXcR:test.matrix.local)
Linux Desktop Tests (2)	UNKNOWN STEP	2026-02-25T19:49:35.8008996Z     - test_photos (!VYXPoobSNFbLqiYzTM:test.matrix.local)
Linux Desktop Tests (2)	UNKNOWN STEP	2026-02-25T19:49:35.8009339Z     - test_art (!PpoENRiyfzJyYrdzkH:test.matrix.local)
Linux Desktop Tests (2)	UNKNOWN STEP	2026-02-25T19:49:35.8009675Z     - test_avatar (!KZHLygWzCCVpvnMrTb:test.matrix.local)
Linux Desktop Tests (2)	UNKNOWN STEP	2026-02-25T19:49:35.8010027Z     - test_invite_only (!OcNvlTXcKbRdlTFvae:test.matrix.local)
Linux Desktop Tests (2)	UNKNOWN STEP	2026-02-25T19:49:35.8010258Z 
Linux Desktop Tests (2)	UNKNOWN STEP	2026-02-25T19:49:35.9559014Z ##[group]Run xvfb-run --auto-servernum --server-args="-screen 0 1280x1024x24" ./scripts/test.sh linux --no-docker --shard 2 --total-shards 7
Linux Desktop Tests (2)	UNKNOWN STEP	2026-02-25T19:49:35.9560155Z [36;1mxvfb-run --auto-servernum --server-args="-screen 0 1280x1024x24" ./scripts/test.sh linux --no-docker --shard 2 --total-shards 7[0m
Linux Desktop Tests (2)	UNKNOWN STEP	2026-02-25T19:49:35.9609708Z shell: /usr/bin/bash -e {0}
Linux Desktop Tests (2)	UNKNOWN STEP	2026-02-25T19:49:35.9610007Z env:
Linux Desktop Tests (2)	UNKNOWN STEP	2026-02-25T19:49:35.9610227Z   CACHE_VERSION: v1
Linux Desktop Tests (2)	UNKNOWN STEP	2026-02-25T19:49:35.9610603Z   FLUTTER_ROOT: /opt/hostedtoolcache/flutter/stable-3.41.2-x64
Linux Desktop Tests (2)	UNKNOWN STEP	2026-02-25T19:49:35.9611066Z   PUB_CACHE: /home/runner/.pub-cache
Linux Desktop Tests (2)	UNKNOWN STEP	2026-02-25T19:49:35.9611569Z   MATRIX_SERVER: http://localhost:8008
Linux Desktop Tests (2)	UNKNOWN STEP	2026-02-25T19:49:35.9611905Z   MATRIX_TEST_USER: testuser1
Linux Desktop Tests (2)	UNKNOWN STEP	2026-02-25T19:49:35.9612211Z   MATRIX_TEST_PASSWORD: testpass123
Linux Desktop Tests (2)	UNKNOWN STEP	2026-02-25T19:49:35.9612516Z ##[endgroup]
Linux Desktop Tests (2)	UNKNOWN STEP	2026-02-25T19:49:39.0724448Z [1m
Linux Desktop Tests (2)	UNKNOWN STEP	2026-02-25T19:49:39.0724786Z   Substitution Test Runner
Linux Desktop Tests (2)	UNKNOWN STEP	2026-02-25T19:49:39.0739335Z   2026-02-25 19:49:39
Linux Desktop Tests (2)	UNKNOWN STEP	2026-02-25T19:49:39.0739766Z   Targets: linux
Linux Desktop Tests (2)	UNKNOWN STEP	2026-02-25T19:49:39.0740053Z [0m
Linux Desktop Tests (2)	UNKNOWN STEP	2026-02-25T19:49:39.0747686Z [0;34m[INFO][0m Fetching Flutter dependencies...
Linux Desktop Tests (2)	UNKNOWN STEP	2026-02-25T19:49:40.1351271Z   unorm_dart 0.2.0 (0.3.2 available)
Linux Desktop Tests (2)	UNKNOWN STEP	2026-02-25T19:49:40.1352299Z   win32 5.15.0 (6.0.0 available)
Linux Desktop Tests (2)	UNKNOWN STEP	2026-02-25T19:49:40.1353016Z Got dependencies!
Linux Desktop Tests (2)	UNKNOWN STEP	2026-02-25T19:49:40.1353803Z 7 packages have newer versions incompatible with dependency constraints.
Linux Desktop Tests (2)	UNKNOWN STEP	2026-02-25T19:49:40.1354903Z Try `flutter pub outdated` for more information.
Linux Desktop Tests (2)	UNKNOWN STEP	2026-02-25T19:49:40.1356272Z [0;32m[OK][0m Dependencies fetched
Linux Desktop Tests (2)	UNKNOWN STEP	2026-02-25T19:49:40.1377435Z [0;34m[INFO][0m Target: linux
Linux Desktop Tests (2)	UNKNOWN STEP	2026-02-25T19:49:40.1377928Z 
Linux Desktop Tests (2)	UNKNOWN STEP	2026-02-25T19:49:40.1378858Z [1m━━━ Linux Desktop Tests ━━━[0m
Linux Desktop Tests (2)	UNKNOWN STEP	2026-02-25T19:49:40.1379134Z 
Linux Desktop Tests (2)	UNKNOWN STEP	2026-02-25T19:49:40.1386967Z [0;34m[INFO][0m Enabling Linux desktop support...
Linux Desktop Tests (2)	UNKNOWN STEP	2026-02-25T19:49:40.4470176Z [0;34m[INFO][0m Shard 2/7: running 5 of 32 files
Linux Desktop Tests (2)	UNKNOWN STEP	2026-02-25T19:49:40.4470842Z [0;34m[INFO][0m Running 5 integration test(s) on Linux...
Linux Desktop Tests (2)	UNKNOWN STEP	2026-02-25T19:49:40.4471750Z [0;34m[INFO][0m   Running: integration_test/compliance_test.dart
Linux Desktop Tests (2)	UNKNOWN STEP	2026-02-25T19:49:41.9964995Z 00:00 +0: loading /home/runner/work/substitution/substitution/integration_test/compliance_test.dart
Linux Desktop Tests (2)	UNKNOWN STEP	2026-02-25T19:50:11.6098514Z Building Linux application...                                   
Linux Desktop Tests (2)	UNKNOWN STEP	2026-02-25T19:50:11.6135896Z ✓ Built build/linux/x64/debug/bundle/substitution
Linux Desktop Tests (2)	UNKNOWN STEP	2026-02-25T19:50:15.0502717Z 00:00 +0: (setUpAll)
Linux Desktop Tests (2)	UNKNOWN STEP	2026-02-25T19:50:15.1095314Z 00:00 +0: Compliance Features with Real Matrix Server Legal drawer item is present and navigates to Legal page
Linux Desktop Tests (2)	UNKNOWN STEP	2026-02-25T19:50:15.6983075Z *** sqflite warning ***
Linux Desktop Tests (2)	UNKNOWN STEP	2026-02-25T19:50:15.6983399Z 
Linux Desktop Tests (2)	UNKNOWN STEP	2026-02-25T19:50:15.6983528Z You are changing sqflite default factory.
Linux Desktop Tests (2)	UNKNOWN STEP	2026-02-25T19:50:15.6983962Z Be aware of the potential side effects. Any library using sqflite
Linux Desktop Tests (2)	UNKNOWN STEP	2026-02-25T19:50:15.6984436Z will have this factory as the default for all operations.
Linux Desktop Tests (2)	UNKNOWN STEP	2026-02-25T19:50:15.6984710Z 
Linux Desktop Tests (2)	UNKNOWN STEP	2026-02-25T19:50:15.6984807Z *** sqflite warning ***
Linux Desktop Tests (2)	UNKNOWN STEP	2026-02-25T19:50:15.6984960Z 
Linux Desktop Tests (2)	UNKNOWN STEP	2026-02-25T19:50:15.8552493Z [90m[🌎 Easy Localization] [DEBUG] Localization initialized[0m
Linux Desktop Tests (2)	UNKNOWN STEP	2026-02-25T19:50:15.8568103Z [Matrix] [32mInitialize client Substitution[0m
Linux Desktop Tests (2)	UNKNOWN STEP	2026-02-25T19:50:15.8649923Z [Matrix] [32mUser is not logged in.[0m
Linux Desktop Tests (2)	UNKNOWN STEP	2026-02-25T19:50:15.8707495Z [90m[🌎 Easy Localization] [DEBUG] Start[0m
Linux Desktop Tests (2)	UNKNOWN STEP	2026-02-25T19:50:16.2212513Z [90m[🌎 Easy Localization] [DEBUG] Init state[0m
Linux Desktop Tests (2)	UNKNOWN STEP	2026-02-25T19:50:16.2224930Z [90m[🌎 Easy Localization] [DEBUG] Build[0m
Linux Desktop Tests (2)	UNKNOWN STEP	2026-02-25T19:50:16.2229791Z [90m[🌎 Easy Localization] [DEBUG] Init Localization Delegate[0m
Linux Desktop Tests (2)	UNKNOWN STEP	2026-02-25T19:50:16.2234840Z [90m[🌎 Easy Localization] [DEBUG] Init provider[0m
Linux Desktop Tests (2)	UNKNOWN STEP	2026-02-25T19:50:16.3634933Z [90m[🌎 Easy Localization] [DEBUG] Load Localization Delegate[0m
Linux Desktop Tests (2)	UNKNOWN STEP	2026-02-25T19:50:16.3644484Z [90m[🌎 Easy Localization] [DEBUG] Load asset from assets/translations[0m
Linux Desktop Tests (2)	UNKNOWN STEP	2026-02-25T19:50:16.9799860Z [90m[🌎 Easy Localization] [DEBUG] Build[0m
Linux Desktop Tests (2)	UNKNOWN STEP	2026-02-25T19:50:16.9801596Z [90m[🌎 Easy Localization] [DEBUG] Init Localization Delegate[0m
Linux Desktop Tests (2)	UNKNOWN STEP	2026-02-25T19:50:16.9803699Z [90m[🌎 Easy Localization] [DEBUG] Init provider[0m
Linux Desktop Tests (2)	UNKNOWN STEP	2026-02-25T19:50:18.6310903Z Waiting for globalMatrixClient to be initialized...
Linux Desktop Tests (2)	UNKNOWN STEP	2026-02-25T19:50:18.6312553Z globalMatrixClient initialized!
Linux Desktop Tests (2)	UNKNOWN STEP	2026-02-25T19:50:35.0052499Z [Matrix] [32mInitialize client Substitution[0m
Linux Desktop Tests (2)	UNKNOWN STEP	2026-02-25T19:50:35.0335657Z [Matrix] [32mSuccessfully connected as testuser1 with http://localhost:8008[0m
Linux Desktop Tests (2)	UNKNOWN STEP	2026-02-25T19:50:36.5218228Z checking room test_art id: !PpoENRiyfzJyYrdzkH:test.matrix.local
Linux Desktop Tests (2)	UNKNOWN STEP	2026-02-25T19:50:36.5220435Z checking room test_general id: !pyMwbcPJpPnXMoeXcR:test.matrix.local
Linux Desktop Tests (2)	UNKNOWN STEP	2026-02-25T19:50:36.5221638Z checking room test_photos id: !VYXPoobSNFbLqiYzTM:test.matrix.local
Linux Desktop Tests (2)	UNKNOWN STEP	2026-02-25T19:50:36.5222590Z checking room test_invite_only id: !OcNvlTXcKbRdlTFvae:test.matrix.local
Linux Desktop Tests (2)	UNKNOWN STEP	2026-02-25T19:50:36.5223492Z checking room test_avatar id: !KZHLygWzCCVpvnMrTb:test.matrix.local
Linux Desktop Tests (2)	UNKNOWN STEP	2026-02-25T19:50:36.5224625Z start quering new events...
Linux Desktop Tests (2)	UNKNOWN STEP	2026-02-25T19:50:36.5225040Z finished...
Linux Desktop Tests (2)	UNKNOWN STEP	2026-02-25T19:50:36.5225374Z ret is empty...
Linux Desktop Tests (2)	UNKNOWN STEP	2026-02-25T19:50:36.5225728Z no new things to append...
Linux Desktop Tests (2)	UNKNOWN STEP	2026-02-25T19:50:43.0519861Z ✓ Legal drawer item visible
Linux Desktop Tests (2)	UNKNOWN STEP	2026-02-25T19:50:43.6163209Z checking room test_art id: !PpoENRiyfzJyYrdzkH:test.matrix.local
Linux Desktop Tests (2)	UNKNOWN STEP	2026-02-25T19:50:43.6164806Z checking room test_general id: !pyMwbcPJpPnXMoeXcR:test.matrix.local
Linux Desktop Tests (2)	UNKNOWN STEP	2026-02-25T19:50:43.6166177Z checking room test_photos id: !VYXPoobSNFbLqiYzTM:test.matrix.local
Linux Desktop Tests (2)	UNKNOWN STEP	2026-02-25T19:50:43.6167010Z checking room test_invite_only id: !OcNvlTXcKbRdlTFvae:test.matrix.local
Linux Desktop Tests (2)	UNKNOWN STEP	2026-02-25T19:50:43.6167821Z checking room test_avatar id: !KZHLygWzCCVpvnMrTb:test.matrix.local
Linux Desktop Tests (2)	UNKNOWN STEP	2026-02-25T19:50:43.6168479Z start quering new events...
Linux Desktop Tests (2)	UNKNOWN STEP	2026-02-25T19:50:43.6168850Z finished...
Linux Desktop Tests (2)	UNKNOWN STEP	2026-02-25T19:50:43.6169159Z ret is empty...
Linux Desktop Tests (2)	UNKNOWN STEP	2026-02-25T19:50:43.6169484Z no new things to append...
Linux Desktop Tests (2)	UNKNOWN STEP	2026-02-25T19:50:47.2182958Z ✓ Legal page displays all required compliance tiles
Linux Desktop Tests (2)	UNKNOWN STEP	2026-02-25T19:50:47.3171124Z 00:32 +1: Compliance Features with Real Matrix Server Post has a three-dot popup menu with Report/Block option
Linux Desktop Tests (2)	UNKNOWN STEP	2026-02-25T19:50:47.3923591Z *** sqflite warning ***
Linux Desktop Tests (2)	UNKNOWN STEP	2026-02-25T19:50:47.3929612Z 
Linux Desktop Tests (2)	UNKNOWN STEP	2026-02-25T19:50:47.3930178Z You are changing sqflite default factory.
Linux Desktop Tests (2)	UNKNOWN STEP	2026-02-25T19:50:47.3931266Z Be aware of the potential side effects. Any library using sqflite
Linux Desktop Tests (2)	UNKNOWN STEP	2026-02-25T19:50:47.3932877Z will have this factory as the default for all operations.
Linux Desktop Tests (2)	UNKNOWN STEP	2026-02-25T19:50:47.3933355Z 
Linux Desktop Tests (2)	UNKNOWN STEP	2026-02-25T19:50:47.3933497Z *** sqflite warning ***
Linux Desktop Tests (2)	UNKNOWN STEP	2026-02-25T19:50:47.3933764Z 
Linux Desktop Tests (2)	UNKNOWN STEP	2026-02-25T19:50:47.4509419Z [90m[🌎 Easy Localization] [DEBUG] Localization initialized[0m
Linux Desktop Tests (2)	UNKNOWN STEP	2026-02-25T19:50:47.4510256Z [Matrix] [32mInitialize client Substitution[0m
Linux Desktop Tests (2)	UNKNOWN STEP	2026-02-25T19:50:47.4516866Z [Matrix] [32mUser is not logged in.[0m
Linux Desktop Tests (2)	UNKNOWN STEP	2026-02-25T19:50:47.4519556Z [90m[🌎 Easy Localization] [DEBUG] Start[0m
Linux Desktop Tests (2)	UNKNOWN STEP	2026-02-25T19:50:47.8965848Z 00:32 +1: Compliance Features with Real Matrix Server Legal drawer item is present and navigates to Legal page
Linux Desktop Tests (2)	UNKNOWN STEP	2026-02-25T19:50:47.8968157Z [90m[🌎 Easy Localization] [DEBUG] Init state[0m
Linux Desktop Tests (2)	UNKNOWN STEP	2026-02-25T19:50:47.8971723Z [90m[🌎 Easy Localization] [DEBUG] Build[0m
Linux Desktop Tests (2)	UNKNOWN STEP	2026-02-25T19:50:47.8972545Z [90m[🌎 Easy Localization] [DEBUG] Init Localization Delegate[0m
Linux Desktop Tests (2)	UNKNOWN STEP	2026-02-25T19:50:47.8973296Z [90m[🌎 Easy Localization] [DEBUG] Init provider[0m
Linux Desktop Tests (2)	UNKNOWN STEP	2026-02-25T19:50:47.9073442Z [90m[🌎 Easy Localization] [DEBUG] Load Localization Delegate[0m
Linux Desktop Tests (2)	UNKNOWN STEP	2026-02-25T19:50:47.9075934Z [90m[🌎 Easy Localization] [DEBUG] Load asset from assets/translations[0m
Linux Desktop Tests (2)	UNKNOWN STEP	2026-02-25T19:50:48.4296691Z [90m[🌎 Easy Localization] [DEBUG] Build[0m
Linux Desktop Tests (2)	UNKNOWN STEP	2026-02-25T19:50:48.4298371Z [90m[🌎 Easy Localization] [DEBUG] Init Localization Delegate[0m
Linux Desktop Tests (2)	UNKNOWN STEP	2026-02-25T19:50:48.4300070Z [90m[🌎 Easy Localization] [DEBUG] Init provider[0m
Linux Desktop Tests (2)	UNKNOWN STEP	2026-02-25T19:50:49.5133508Z 00:34 +1: Compliance Features with Real Matrix Server Post has a three-dot popup menu with Report/Block option
Linux Desktop Tests (2)	UNKNOWN STEP	2026-02-25T19:50:49.5134463Z Waiting for globalMatrixClient to be initialized...
Linux Desktop Tests (2)	UNKNOWN STEP	2026-02-25T19:50:49.5134812Z globalMatrixClient initialized!
Linux Desktop Tests (2)	UNKNOWN STEP	2026-02-25T19:51:05.4320209Z 00:50 +1: Compliance Features with Real Matrix Server Legal drawer item is present and navigates to Legal page
Linux Desktop Tests (2)	UNKNOWN STEP	2026-02-25T19:51:05.4322005Z [Matrix] [33mCurrent sync request ID has changed. Dropping this sync loop![0m
Linux Desktop Tests (2)	UNKNOWN STEP	2026-02-25T19:51:05.5532134Z 00:50 +1: Compliance Features with Real Matrix Server Post has a three-dot popup menu with Report/Block option
Linux Desktop Tests (2)	UNKNOWN STEP	2026-02-25T19:51:05.5533421Z [Matrix] [32mInitialize client Substitution[0m
Linux Desktop Tests (2)	UNKNOWN STEP	2026-02-25T19:51:05.5690902Z [Matrix] [32mSuccessfully connected as testuser1 with http://localhost:8008[0m
Linux Desktop Tests (2)	UNKNOWN STEP	2026-02-25T19:51:06.9560981Z 00:51 +1: Compliance Features with Real Matrix Server Legal drawer item is present and navigates to Legal page
Linux Desktop Tests (2)	UNKNOWN STEP	2026-02-25T19:51:06.9563460Z checking room test_art id: !PpoENRiyfzJyYrdzkH:test.matrix.local
Linux Desktop Tests (2)	UNKNOWN STEP	2026-02-25T19:51:06.9564218Z checking room test_general id: !pyMwbcPJpPnXMoeXcR:test.matrix.local
Linux Desktop Tests (2)	UNKNOWN STEP	2026-02-25T19:51:06.9564976Z checking room test_photos id: !VYXPoobSNFbLqiYzTM:test.matrix.local
Linux Desktop Tests (2)	UNKNOWN STEP	2026-02-25T19:51:06.9565751Z checking room test_invite_only id: !OcNvlTXcKbRdlTFvae:test.matrix.local
Linux Desktop Tests (2)	UNKNOWN STEP	2026-02-25T19:51:06.9566534Z checking room test_avatar id: !KZHLygWzCCVpvnMrTb:test.matrix.local
Linux Desktop Tests (2)	UNKNOWN STEP	2026-02-25T19:51:06.9567125Z start quering new events...
Linux Desktop Tests (2)	UNKNOWN STEP	2026-02-25T19:51:06.9567474Z finished...
Linux Desktop Tests (2)	UNKNOWN STEP	2026-02-25T19:51:06.9567745Z ret is empty...
Linux Desktop Tests (2)	UNKNOWN STEP	2026-02-25T19:51:06.9568052Z no new things to append...
Linux Desktop Tests (2)	UNKNOWN STEP	2026-02-25T19:51:11.4819693Z 00:56 +1: Compliance Features with Real Matrix Server Post has a three-dot popup menu with Report/Block option
Linux Desktop Tests (2)	UNKNOWN STEP	2026-02-25T19:51:11.4821044Z ⚠ No popup menu found in feed (possibly empty feed) — skipping
Linux Desktop Tests (2)	UNKNOWN STEP	2026-02-25T19:51:11.5227219Z 00:56 +2: Compliance Features with Real Matrix Server Tapping Report/Block opens dialog with report reason and block checkbox
Linux Desktop Tests (2)	UNKNOWN STEP	2026-02-25T19:51:11.5813489Z *** sqflite warning ***
Linux Desktop Tests (2)	UNKNOWN STEP	2026-02-25T19:51:11.5814077Z 
Linux Desktop Tests (2)	UNKNOWN STEP	2026-02-25T19:51:11.5814362Z You are changing sqflite default factory.
Linux Desktop Tests (2)	UNKNOWN STEP	2026-02-25T19:51:11.5816044Z Be aware of the potential side effects. Any library using sqflite
Linux Desktop Tests (2)	UNKNOWN STEP	2026-02-25T19:51:11.5816757Z will have this factory as the default for all operations.
Linux Desktop Tests (2)	UNKNOWN STEP	2026-02-25T19:51:11.5817150Z 
Linux Desktop Tests (2)	UNKNOWN STEP	2026-02-25T19:51:11.5817304Z *** sqflite warning ***
Linux Desktop Tests (2)	UNKNOWN STEP	2026-02-25T19:51:11.5817522Z 
Linux Desktop Tests (2)	UNKNOWN STEP	2026-02-25T19:51:11.6345809Z [90m[🌎 Easy Localization] [DEBUG] Localization initialized[0m
Linux Desktop Tests (2)	UNKNOWN STEP	2026-02-25T19:51:11.6346899Z [Matrix] [32mInitialize client Substitution[0m
Linux Desktop Tests (2)	UNKNOWN STEP	2026-02-25T19:51:11.6365838Z [Matrix] [32mUser is not logged in.[0m
Linux Desktop Tests (2)	UNKNOWN STEP	2026-02-25T19:51:11.6368149Z [90m[🌎 Easy Localization] [DEBUG] Start[0m
Linux Desktop Tests (2)	UNKNOWN STEP	2026-02-25T19:51:12.0969627Z 00:57 +2: Compliance Features with Real Matrix Server Legal drawer item is present and navigates to Legal page
Linux Desktop Tests (2)	UNKNOWN STEP	2026-02-25T19:51:12.0971670Z [90m[🌎 Easy Localization] [DEBUG] Init state[0m
Linux Desktop Tests (2)	UNKNOWN STEP	2026-02-25T19:51:12.0972770Z [90m[🌎 Easy Localization] [DEBUG] Build[0m
Linux Desktop Tests (2)	UNKNOWN STEP	2026-02-25T19:51:12.0976136Z [90m[🌎 Easy Localization] [DEBUG] Init Localization Delegate[0m
Linux Desktop Tests (2)	UNKNOWN STEP	2026-02-25T19:51:12.0977040Z [90m[🌎 Easy Localization] [DEBUG] Init provider[0m
Linux Desktop Tests (2)	UNKNOWN STEP	2026-02-25T19:51:12.1036773Z [90m[🌎 Easy Localization] [DEBUG] Load Localization Delegate[0m
Linux Desktop Tests (2)	UNKNOWN STEP	2026-02-25T19:51:12.1038582Z [90m[🌎 Easy Localization] [DEBUG] Load asset from assets/translations[0m
Linux Desktop Tests (2)	UNKNOWN STEP	2026-02-25T19:51:12.6142938Z [90m[🌎 Easy Localization] [DEBUG] Build[0m
Linux Desktop Tests (2)	UNKNOWN STEP	2026-02-25T19:51:12.6144969Z [90m[🌎 Easy Localization] [DEBUG] Init Localization Delegate[0m
Linux Desktop Tests (2)	UNKNOWN STEP	2026-02-25T19:51:12.6145741Z [90m[🌎 Easy Localization] [DEBUG] Init provider[0m
Linux Desktop Tests (2)	UNKNOWN STEP	2026-02-25T19:51:13.7018771Z 00:58 +2: Compliance Features with Real Matrix Server Tapping Report/Block opens dialog with report reason and block checkbox
Linux Desktop Tests (2)	UNKNOWN STEP	2026-02-25T19:51:13.7020014Z Waiting for globalMatrixClient to be initialized...
Linux Desktop Tests (2)	UNKNOWN STEP	2026-02-25T19:51:13.7020635Z globalMatrixClient initialized!
Linux Desktop Tests (2)	UNKNOWN STEP	2026-02-25T19:51:29.6456588Z [Matrix] [32mInitialize client Substitution[0m
Linux Desktop Tests (2)	UNKNOWN STEP	2026-02-25T19:51:29.6496573Z 01:14 +2: Compliance Features with Real Matrix Server Post has a three-dot popup menu with Report/Block option
Linux Desktop Tests (2)	UNKNOWN STEP	2026-02-25T19:51:29.6497849Z [Matrix] [33mCurrent sync request ID has changed. Dropping this sync loop![0m
Linux Desktop Tests (2)	UNKNOWN STEP	2026-02-25T19:51:29.6629963Z 01:14 +2: Compliance Features with Real Matrix Server Tapping Report/Block opens dialog with report reason and block checkbox
Linux Desktop Tests (2)	UNKNOWN STEP	2026-02-25T19:51:29.6631681Z [Matrix] [32mSuccessfully connected as testuser1 with http://localhost:8008[0m
Linux Desktop Tests (2)	UNKNOWN STEP	2026-02-25T19:51:31.0590792Z 01:16 +2: Compliance Features with Real Matrix Server Legal drawer item is present and navigates to Legal page
Linux Desktop Tests (2)	UNKNOWN STEP	2026-02-25T19:51:31.0591978Z checking room test_art id: !PpoENRiyfzJyYrdzkH:test.matrix.local
Linux Desktop Tests (2)	UNKNOWN STEP	2026-02-25T19:51:31.0593428Z checking room test_general id: !pyMwbcPJpPnXMoeXcR:test.matrix.local
Linux Desktop Tests (2)	UNKNOWN STEP	2026-02-25T19:51:31.0595364Z checking room test_photos id: !VYXPoobSNFbLqiYzTM:test.matrix.local
Linux Desktop Tests (2)	UNKNOWN STEP	2026-02-25T19:51:31.0596238Z checking room test_invite_only id: !OcNvlTXcKbRdlTFvae:test.matrix.local
Linux Desktop Tests (2)	UNKNOWN STEP	2026-02-25T19:51:31.0596917Z checking room test_avatar id: !KZHLygWzCCVpvnMrTb:test.matrix.local
Linux Desktop Tests (2)	UNKNOWN STEP	2026-02-25T19:51:31.0599109Z start quering new events...
Linux Desktop Tests (2)	UNKNOWN STEP	2026-02-25T19:51:31.0600753Z finished...
Linux Desktop Tests (2)	UNKNOWN STEP	2026-02-25T19:51:31.0601071Z ret is empty...
Linux Desktop Tests (2)	UNKNOWN STEP	2026-02-25T19:51:31.0602028Z no new things to append...
Linux Desktop Tests (2)	UNKNOWN STEP	2026-02-25T19:51:35.5822168Z 01:20 +2: Compliance Features with Real Matrix Server Tapping Report/Block opens dialog with report reason and block checkbox
Linux Desktop Tests (2)	UNKNOWN STEP	2026-02-25T19:51:35.5826471Z ⚠ No posts in feed — skipping dialog test
Linux Desktop Tests (2)	UNKNOWN STEP	2026-02-25T19:51:35.6237526Z 01:20 +3: (tearDownAll)
Linux Desktop Tests (2)	UNKNOWN STEP	2026-02-25T19:51:35.6393225Z 01:20 +3: All tests passed!
Linux Desktop Tests (2)	UNKNOWN STEP	2026-02-25T19:51:35.6806934Z [0;34m[INFO][0m   Running: integration_test/interaction_strict_test.dart
Linux Desktop Tests (2)	UNKNOWN STEP	2026-02-25T19:51:36.7013640Z 00:00 +0: loading /home/runner/work/substitution/substitution/integration_test/interaction_strict_test.dart
Linux Desktop Tests (2)	UNKNOWN STEP	2026-02-25T19:52:02.7869898Z Building Linux application...                                   
Linux Desktop Tests (2)	UNKNOWN STEP	2026-02-25T19:52:02.7901182Z ✓ Built build/linux/x64/debug/bundle/substitution
Linux Desktop Tests (2)	UNKNOWN STEP	2026-02-25T19:52:03.5228773Z 00:00 +0: (setUpAll)
Linux Desktop Tests (2)	UNKNOWN STEP	2026-02-25T19:52:03.5424045Z 00:00 +0: Strict Message Interaction (Reactions & Replies) STRICT: Tap message shows reaction and reply options
Linux Desktop Tests (2)	UNKNOWN STEP	2026-02-25T19:52:03.9111656Z *** sqflite warning ***
Linux Desktop Tests (2)	UNKNOWN STEP	2026-02-25T19:52:03.9112169Z 
Linux Desktop Tests (2)	UNKNOWN STEP	2026-02-25T19:52:03.9112472Z You are changing sqflite default factory.
Linux Desktop Tests (2)	UNKNOWN STEP	2026-02-25T19:52:03.9113217Z Be aware of the potential side effects. Any library using sqflite
Linux Desktop Tests (2)	UNKNOWN STEP	2026-02-25T19:52:03.9113936Z will have this factory as the default for all operations.
Linux Desktop Tests (2)	UNKNOWN STEP	2026-02-25T19:52:03.9114362Z 
Linux Desktop Tests (2)	UNKNOWN STEP	2026-02-25T19:52:03.9114500Z *** sqflite warning ***
Linux Desktop Tests (2)	UNKNOWN STEP	2026-02-25T19:52:03.9114735Z 
Linux Desktop Tests (2)	UNKNOWN STEP	2026-02-25T19:52:04.0334862Z [90m[🌎 Easy Localization] [DEBUG] Localization initialized[0m
Linux Desktop Tests (2)	UNKNOWN STEP	2026-02-25T19:52:04.0354471Z [Matrix] [32mInitialize client Substitution[0m
Linux Desktop Tests (2)	UNKNOWN STEP	2026-02-25T19:52:04.0432631Z [Matrix] [32mUser is not logged in.[0m
Linux Desktop Tests (2)	UNKNOWN STEP	2026-02-25T19:52:04.0466885Z [90m[🌎 Easy Localization] [DEBUG] Start[0m
Linux Desktop Tests (2)	UNKNOWN STEP	2026-02-25T19:52:04.4369064Z [90m[🌎 Easy Localization] [DEBUG] Init state[0m
Linux Desktop Tests (2)	UNKNOWN STEP	2026-02-25T19:52:04.4392558Z [90m[🌎 Easy Localization] [DEBUG] Build[0m
Linux Desktop Tests (2)	UNKNOWN STEP	2026-02-25T19:52:04.4393711Z [90m[🌎 Easy Localization] [DEBUG] Init Localization Delegate[0m
Linux Desktop Tests (2)	UNKNOWN STEP	2026-02-25T19:52:04.4403185Z [90m[🌎 Easy Localization] [DEBUG] Init provider[0m
Linux Desktop Tests (2)	UNKNOWN STEP	2026-02-25T19:52:04.5746988Z [90m[🌎 Easy Localization] [DEBUG] Load Localization Delegate[0m
Linux Desktop Tests (2)	UNKNOWN STEP	2026-02-25T19:52:04.5760549Z [90m[🌎 Easy Localization] [DEBUG] Load asset from assets/translations[0m
Linux Desktop Tests (2)	UNKNOWN STEP	2026-02-25T19:52:05.1938817Z [90m[🌎 Easy Localization] [DEBUG] Build[0m
Linux Desktop Tests (2)	UNKNOWN STEP	2026-02-25T19:52:05.1940301Z [90m[🌎 Easy Localization] [DEBUG] Init Localization Delegate[0m
Linux Desktop Tests (2)	UNKNOWN STEP	2026-02-25T19:52:05.1941706Z [90m[🌎 Easy Localization] [DEBUG] Init provider[0m
Linux Desktop Tests (2)	UNKNOWN STEP	2026-02-25T19:52:06.8113945Z Waiting for globalMatrixClient to be initialized...
Linux Desktop Tests (2)	UNKNOWN STEP	2026-02-25T19:52:06.8115249Z globalMatrixClient initialized!
Linux Desktop Tests (2)	UNKNOWN STEP	2026-02-25T19:52:23.0361624Z [Matrix] [32mInitialize client Substitution[0m
Linux Desktop Tests (2)	UNKNOWN STEP	2026-02-25T19:52:23.0675310Z [Matrix] [32mSuccessfully connected as testuser1 with http://localhost:8008[0m
Linux Desktop Tests (2)	UNKNOWN STEP	2026-02-25T19:52:24.4996902Z checking room test_art id: !PpoENRiyfzJyYrdzkH:test.matrix.local
Linux Desktop Tests (2)	UNKNOWN STEP	2026-02-25T19:52:24.4999873Z checking room test_general id: !pyMwbcPJpPnXMoeXcR:test.matrix.local
Linux Desktop Tests (2)	UNKNOWN STEP	2026-02-25T19:52:24.5003090Z checking room test_photos id: !VYXPoobSNFbLqiYzTM:test.matrix.local
Linux Desktop Tests (2)	UNKNOWN STEP	2026-02-25T19:52:24.5003996Z checking room test_invite_only id: !OcNvlTXcKbRdlTFvae:test.matrix.local
Linux Desktop Tests (2)	UNKNOWN STEP	2026-02-25T19:52:24.5008896Z checking room test_avatar id: !KZHLygWzCCVpvnMrTb:test.matrix.local
Linux Desktop Tests (2)	UNKNOWN STEP	2026-02-25T19:52:24.5009557Z start quering new events...
Linux Desktop Tests (2)	UNKNOWN STEP	2026-02-25T19:52:24.5017801Z finished...
Linux Desktop Tests (2)	UNKNOWN STEP	2026-02-25T19:52:24.5018153Z ret is empty...
Linux Desktop Tests (2)	UNKNOWN STEP	2026-02-25T19:52:24.5018505Z no new things to append...
Linux Desktop Tests (2)	UNKNOWN STEP	2026-02-25T19:52:24.8572790Z ⚠ listItems not found (MUST display messages as tappable list items) - skipping
Linux Desktop Tests (2)	UNKNOWN STEP	2026-02-25T19:52:24.9309225Z 00:21 +1: Strict Message Interaction (Reactions & Replies) STRICT: Reaction option exists in message menu
Linux Desktop Tests (2)	UNKNOWN STEP	2026-02-25T19:52:24.9922754Z *** sqflite warning ***
Linux Desktop Tests (2)	UNKNOWN STEP	2026-02-25T19:52:24.9924533Z 
Linux Desktop Tests (2)	UNKNOWN STEP	2026-02-25T19:52:24.9924739Z You are changing sqflite default factory.
Linux Desktop Tests (2)	UNKNOWN STEP	2026-02-25T19:52:24.9926162Z Be aware of the potential side effects. Any library using sqflite
Linux Desktop Tests (2)	UNKNOWN STEP	2026-02-25T19:52:24.9926906Z will have this factory as the default for all operations.
Linux Desktop Tests (2)	UNKNOWN STEP	2026-02-25T19:52:24.9927335Z 
Linux Desktop Tests (2)	UNKNOWN STEP	2026-02-25T19:52:24.9927475Z *** sqflite warning ***
Linux Desktop Tests (2)	UNKNOWN STEP	2026-02-25T19:52:24.9927713Z 
Linux Desktop Tests (2)	UNKNOWN STEP	2026-02-25T19:52:25.0605839Z [90m[🌎 Easy Localization] [DEBUG] Localization initialized[0m
Linux Desktop Tests (2)	UNKNOWN STEP	2026-02-25T19:52:25.0609771Z [Matrix] [32mInitialize client Substitution[0m
Linux Desktop Tests (2)	UNKNOWN STEP	2026-02-25T19:52:25.0617996Z [Matrix] [32mUser is not logged in.[0m
Linux Desktop Tests (2)	UNKNOWN STEP	2026-02-25T19:52:25.0618918Z [90m[🌎 Easy Localization] [DEBUG] Start[0m
Linux Desktop Tests (2)	UNKNOWN STEP	2026-02-25T19:52:25.5094046Z 00:21 +1: Strict Message Interaction (Reactions & Replies) STRICT: Tap message shows reaction and reply options
Linux Desktop Tests (2)	UNKNOWN STEP	2026-02-25T19:52:25.5095835Z [90m[🌎 Easy Localization] [DEBUG] Init state[0m
Linux Desktop Tests (2)	UNKNOWN STEP	2026-02-25T19:52:25.5098995Z [90m[🌎 Easy Localization] [DEBUG] Build[0m
Linux Desktop Tests (2)	UNKNOWN STEP	2026-02-25T19:52:25.5100393Z [90m[🌎 Easy Localization] [DEBUG] Init Localization Delegate[0m
Linux Desktop Tests (2)	UNKNOWN STEP	2026-02-25T19:52:25.5101664Z [90m[🌎 Easy Localization] [DEBUG] Init provider[0m
Linux Desktop Tests (2)	UNKNOWN STEP	2026-02-25T19:52:25.5180032Z [90m[🌎 Easy Localization] [DEBUG] Load Localization Delegate[0m
Linux Desktop Tests (2)	UNKNOWN STEP	2026-02-25T19:52:25.5183649Z [90m[🌎 Easy Localization] [DEBUG] Load asset from assets/translations[0m
Linux Desktop Tests (2)	UNKNOWN STEP	2026-02-25T19:52:26.0256924Z [90m[🌎 Easy Localization] [DEBUG] Build[0m
Linux Desktop Tests (2)	UNKNOWN STEP	2026-02-25T19:52:26.0261356Z [90m[🌎 Easy Localization] [DEBUG] Init Localization Delegate[0m
Linux Desktop Tests (2)	UNKNOWN STEP	2026-02-25T19:52:26.0264125Z [90m[🌎 Easy Localization] [DEBUG] Init provider[0m
Linux Desktop Tests (2)	UNKNOWN STEP	2026-02-25T19:52:27.0975788Z 00:23 +1: Strict Message Interaction (Reactions & Replies) STRICT: Reaction option exists in message menu
Linux Desktop Tests (2)	UNKNOWN STEP	2026-02-25T19:52:27.0976727Z Waiting for globalMatrixClient to be initialized...
Linux Desktop Tests (2)	UNKNOWN STEP	2026-02-25T19:52:27.0977272Z globalMatrixClient initialized!
Linux Desktop Tests (2)	UNKNOWN STEP	2026-02-25T19:52:43.1287928Z [Matrix] [32mInitialize client Substitution[0m
Linux Desktop Tests (2)	UNKNOWN STEP	2026-02-25T19:52:43.1337649Z 00:39 +1: Strict Message Interaction (Reactions & Replies) STRICT: Tap message shows reaction and reply options
Linux Desktop Tests (2)	UNKNOWN STEP	2026-02-25T19:52:43.1338996Z [Matrix] [33mCurrent sync request ID has changed. Dropping this sync loop![0m
Linux Desktop Tests (2)	UNKNOWN STEP	2026-02-25T19:52:43.1513638Z 00:39 +1: Strict Message Interaction (Reactions & Replies) STRICT: Reaction option exists in message menu
Linux Desktop Tests (2)	UNKNOWN STEP	2026-02-25T19:52:43.1515683Z [Matrix] [32mSuccessfully connected as testuser1 with http://localhost:8008[0m
Linux Desktop Tests (2)	UNKNOWN STEP	2026-02-25T19:52:44.5364064Z 00:41 +1: Strict Message Interaction (Reactions & Replies) STRICT: Tap message shows reaction and reply options
Linux Desktop Tests (2)	UNKNOWN STEP	2026-02-25T19:52:44.5365201Z checking room test_art id: !PpoENRiyfzJyYrdzkH:test.matrix.local
Linux Desktop Tests (2)	UNKNOWN STEP	2026-02-25T19:52:44.5366015Z checking room test_general id: !pyMwbcPJpPnXMoeXcR:test.matrix.local
Linux Desktop Tests (2)	UNKNOWN STEP	2026-02-25T19:52:44.5366789Z checking room test_photos id: !VYXPoobSNFbLqiYzTM:test.matrix.local
Linux Desktop Tests (2)	UNKNOWN STEP	2026-02-25T19:52:44.5367956Z checking room test_invite_only id: !OcNvlTXcKbRdlTFvae:test.matrix.local
Linux Desktop Tests (2)	UNKNOWN STEP	2026-02-25T19:52:44.5368740Z checking room test_avatar id: !KZHLygWzCCVpvnMrTb:test.matrix.local
Linux Desktop Tests (2)	UNKNOWN STEP	2026-02-25T19:52:44.5369324Z start quering new events...
Linux Desktop Tests (2)	UNKNOWN STEP	2026-02-25T19:52:44.5369691Z finished...
Linux Desktop Tests (2)	UNKNOWN STEP	2026-02-25T19:52:44.5370056Z ret is empty...
Linux Desktop Tests (2)	UNKNOWN STEP	2026-02-25T19:52:44.5370352Z no new things to append...
Linux Desktop Tests (2)	UNKNOWN STEP	2026-02-25T19:52:44.9329626Z 00:41 +1: Strict Message Interaction (Reactions & Replies) STRICT: Reaction option exists in message menu
Linux Desktop Tests (2)	UNKNOWN STEP	2026-02-25T19:52:44.9330430Z ⚠ listItems not found - skipping
Linux Desktop Tests (2)	UNKNOWN STEP	2026-02-25T19:52:44.9744440Z 00:41 +2: Strict Message Interaction (Reactions & Replies) STRICT: Can open emoji picker and react to message
Linux Desktop Tests (2)	UNKNOWN STEP	2026-02-25T19:52:45.0310416Z *** sqflite warning ***
Linux Desktop Tests (2)	UNKNOWN STEP	2026-02-25T19:52:45.0311018Z 
Linux Desktop Tests (2)	UNKNOWN STEP	2026-02-25T19:52:45.0311330Z You are changing sqflite default factory.
Linux Desktop Tests (2)	UNKNOWN STEP	2026-02-25T19:52:45.0312377Z Be aware of the potential side effects. Any library using sqflite
Linux Desktop Tests (2)	UNKNOWN STEP	2026-02-25T19:52:45.0313073Z will have this factory as the default for all operations.
Linux Desktop Tests (2)	UNKNOWN STEP	2026-02-25T19:52:45.0313484Z 
Linux Desktop Tests (2)	UNKNOWN STEP	2026-02-25T19:52:45.0313567Z *** sqflite warning ***
Linux Desktop Tests (2)	UNKNOWN STEP	2026-02-25T19:52:45.0313706Z 
Linux Desktop Tests (2)	UNKNOWN STEP	2026-02-25T19:52:45.0818772Z [90m[🌎 Easy Localization] [DEBUG] Localization initialized[0m
Linux Desktop Tests (2)	UNKNOWN STEP	2026-02-25T19:52:45.0820063Z [Matrix] [32mInitialize client Substitution[0m
Linux Desktop Tests (2)	UNKNOWN STEP	2026-02-25T19:52:45.0837689Z [Matrix] [32mUser is not logged in.[0m
Linux Desktop Tests (2)	UNKNOWN STEP	2026-02-25T19:52:45.0839839Z [90m[🌎 Easy Localization] [DEBUG] Start[0m
Linux Desktop Tests (2)	UNKNOWN STEP	2026-02-25T19:52:45.5428633Z 00:42 +2: Strict Message Interaction (Reactions & Replies) STRICT: Tap message shows reaction and reply options
Linux Desktop Tests (2)	UNKNOWN STEP	2026-02-25T19:52:45.5429907Z [90m[🌎 Easy Localization] [DEBUG] Init state[0m
Linux Desktop Tests (2)	UNKNOWN STEP	2026-02-25T19:52:45.5433805Z [90m[🌎 Easy Localization] [DEBUG] Build[0m
Linux Desktop Tests (2)	UNKNOWN STEP	2026-02-25T19:52:45.5435139Z [90m[🌎 Easy Localization] [DEBUG] Init Localization Delegate[0m
Linux Desktop Tests (2)	UNKNOWN STEP	2026-02-25T19:52:45.5436638Z [90m[🌎 Easy Localization] [DEBUG] Init provider[0m
Linux Desktop Tests (2)	UNKNOWN STEP	2026-02-25T19:52:45.5489189Z [90m[🌎 Easy Localization] [DEBUG] Load Localization Delegate[0m
Linux Desktop Tests (2)	UNKNOWN STEP	2026-02-25T19:52:45.5502579Z [90m[🌎 Easy Localization] [DEBUG] Load asset from assets/translations[0m
Linux Desktop Tests (2)	UNKNOWN STEP	2026-02-25T19:52:46.0593951Z [90m[🌎 Easy Localization] [DEBUG] Build[0m
Linux Desktop Tests (2)	UNKNOWN STEP	2026-02-25T19:52:46.0597560Z [90m[🌎 Easy Localization] [DEBUG] Init Localization Delegate[0m
Linux Desktop Tests (2)	UNKNOWN STEP	2026-02-25T19:52:46.0598582Z [90m[🌎 Easy Localization] [DEBUG] Init provider[0m
Linux Desktop Tests (2)	UNKNOWN STEP	2026-02-25T19:52:47.1315244Z 00:43 +2: Strict Message Interaction (Reactions & Replies) STRICT: Can open emoji picker and react to message
Linux Desktop Tests (2)	UNKNOWN STEP	2026-02-25T19:52:47.1316184Z Waiting for globalMatrixClient to be initialized...
Linux Desktop Tests (2)	UNKNOWN STEP	2026-02-25T19:52:47.1316742Z globalMatrixClient initialized!
Linux Desktop Tests (2)	UNKNOWN STEP	2026-02-25T19:53:03.0795216Z 00:59 +2: Strict Message Interaction (Reactions & Replies) STRICT: Reaction option exists in message menu
Linux Desktop Tests (2)	UNKNOWN STEP	2026-02-25T19:53:03.0796832Z [Matrix] [33mCurrent sync request ID has changed. Dropping this sync loop![0m
Linux Desktop Tests (2)	UNKNOWN STEP	2026-02-25T19:53:03.0807090Z 00:59 +2: Strict Message Interaction (Reactions & Replies) STRICT: Can open emoji picker and react to message
Linux Desktop Tests (2)	UNKNOWN STEP	2026-02-25T19:53:03.0808273Z [Matrix] [32mInitialize client Substitution[0m
Linux Desktop Tests (2)	UNKNOWN STEP	2026-02-25T19:53:03.0957096Z [Matrix] [32mSuccessfully connected as testuser1 with http://localhost:8008[0m
Linux Desktop Tests (2)	UNKNOWN STEP	2026-02-25T19:53:04.4850409Z 01:00 +2: Strict Message Interaction (Reactions & Replies) STRICT: Tap message shows reaction and reply options
Linux Desktop Tests (2)	UNKNOWN STEP	2026-02-25T19:53:04.4852480Z checking room test_art id: !PpoENRiyfzJyYrdzkH:test.matrix.local
Linux Desktop Tests (2)	UNKNOWN STEP	2026-02-25T19:53:04.4854893Z checking room test_general id: !pyMwbcPJpPnXMoeXcR:test.matrix.local
Linux Desktop Tests (2)	UNKNOWN STEP	2026-02-25T19:53:04.4856945Z checking room test_photos id: !VYXPoobSNFbLqiYzTM:test.matrix.local
Linux Desktop Tests (2)	UNKNOWN STEP	2026-02-25T19:53:04.4858264Z checking room test_invite_only id: !OcNvlTXcKbRdlTFvae:test.matrix.local
Linux Desktop Tests (2)	UNKNOWN STEP	2026-02-25T19:53:04.4864483Z checking room test_avatar id: !KZHLygWzCCVpvnMrTb:test.matrix.local
Linux Desktop Tests (2)	UNKNOWN STEP	2026-02-25T19:53:04.4865122Z start quering new events...
Linux Desktop Tests (2)	UNKNOWN STEP	2026-02-25T19:53:04.4865493Z finished...
Linux Desktop Tests (2)	UNKNOWN STEP	2026-02-25T19:53:04.4872022Z ret is empty...
Linux Desktop Tests (2)	UNKNOWN STEP	2026-02-25T19:53:04.4872547Z no new things to append...
Linux Desktop Tests (2)	UNKNOWN STEP	2026-02-25T19:53:04.8822820Z 01:01 +2: Strict Message Interaction (Reactions & Replies) STRICT: Can open emoji picker and react to message
Linux Desktop Tests (2)	UNKNOWN STEP	2026-02-25T19:53:04.8824183Z ⚠ listItems not found - skipping
Linux Desktop Tests (2)	UNKNOWN STEP	2026-02-25T19:53:04.9191013Z 01:01 +3: Strict Message Interaction (Reactions & Replies) STRICT: Reply option exists in message menu
Linux Desktop Tests (2)	UNKNOWN STEP	2026-02-25T19:53:04.9800539Z *** sqflite warning ***
Linux Desktop Tests (2)	UNKNOWN STEP	2026-02-25T19:53:04.9801727Z 
Linux Desktop Tests (2)	UNKNOWN STEP	2026-02-25T19:53:04.9802288Z You are changing sqflite default factory.
Linux Desktop Tests (2)	UNKNOWN STEP	2026-02-25T19:53:04.9805558Z Be aware of the potential side effects. Any library using sqflite
Linux Desktop Tests (2)	UNKNOWN STEP	2026-02-25T19:53:04.9806268Z will have this factory as the default for all operations.
Linux Desktop Tests (2)	UNKNOWN STEP	2026-02-25T19:53:04.9806696Z 
Linux Desktop Tests (2)	UNKNOWN STEP	2026-02-25T19:53:04.9806832Z *** sqflite warning ***
Linux Desktop Tests (2)	UNKNOWN STEP	2026-02-25T19:53:04.9807067Z 
Linux Desktop Tests (2)	UNKNOWN STEP	2026-02-25T19:53:05.0297054Z [90m[🌎 Easy Localization] [DEBUG] Localization initialized[0m
Linux Desktop Tests (2)	UNKNOWN STEP	2026-02-25T19:53:05.0297909Z [Matrix] [32mInitialize client Substitution[0m
Linux Desktop Tests (2)	UNKNOWN STEP	2026-02-25T19:53:05.0299489Z [Matrix] [32mUser is not logged in.[0m
Linux Desktop Tests (2)	UNKNOWN STEP	2026-02-25T19:53:05.0300127Z [90m[🌎 Easy Localization] [DEBUG] Start[0m
Linux Desktop Tests (2)	UNKNOWN STEP	2026-02-25T19:53:05.4933081Z 01:01 +3: Strict Message Interaction (Reactions & Replies) STRICT: Tap message shows reaction and reply options
Linux Desktop Tests (2)	UNKNOWN STEP	2026-02-25T19:53:05.4935104Z [90m[🌎 Easy Localization] [DEBUG] Init state[0m
Linux Desktop Tests (2)	UNKNOWN STEP	2026-02-25T19:53:05.4937189Z [90m[🌎 Easy Localization] [DEBUG] Build[0m
Linux Desktop Tests (2)	UNKNOWN STEP	2026-02-25T19:53:05.4938366Z [90m[🌎 Easy Localization] [DEBUG] Init Localization Delegate[0m
Linux Desktop Tests (2)	UNKNOWN STEP	2026-02-25T19:53:05.4939081Z [90m[🌎 Easy Localization] [DEBUG] Init provider[0m
Linux Desktop Tests (2)	UNKNOWN STEP	2026-02-25T19:53:05.4997058Z [90m[🌎 Easy Localization] [DEBUG] Load Localization Delegate[0m
Linux Desktop Tests (2)	UNKNOWN STEP	2026-02-25T19:53:05.4998584Z [90m[🌎 Easy Localization] [DEBUG] Load asset from assets/translations[0m
Linux Desktop Tests (2)	UNKNOWN STEP	2026-02-25T19:53:06.0093887Z [90m[🌎 Easy Localization] [DEBUG] Build[0m
Linux Desktop Tests (2)	UNKNOWN STEP	2026-02-25T19:53:06.0096375Z [90m[🌎 Easy Localization] [DEBUG] Init Localization Delegate[0m
Linux Desktop Tests (2)	UNKNOWN STEP	2026-02-25T19:53:06.0097158Z [90m[🌎 Easy Localization] [DEBUG] Init provider[0m
Linux Desktop Tests (2)	UNKNOWN STEP	2026-02-25T19:53:07.0824148Z 01:03 +3: Strict Message Interaction (Reactions & Replies) STRICT: Reply option exists in message menu
Linux Desktop Tests (2)	UNKNOWN STEP	2026-02-25T19:53:07.0825617Z Waiting for globalMatrixClient to be initialized...
Linux Desktop Tests (2)	UNKNOWN STEP	2026-02-25T19:53:07.0826153Z globalMatrixClient initialized!
Linux Desktop Tests (2)	UNKNOWN STEP	2026-02-25T19:53:23.0124145Z 01:19 +3: Strict Message Interaction (Reactions & Replies) STRICT: Can open emoji picker and react to message
Linux Desktop Tests (2)	UNKNOWN STEP	2026-02-25T19:53:23.0125666Z [Matrix] [33mCurrent sync request ID has changed. Dropping this sync loop![0m
Linux Desktop Tests (2)	UNKNOWN STEP	2026-02-25T19:53:23.0132546Z 01:19 +3: Strict Message Interaction (Reactions & Replies) STRICT: Reply option exists in message menu
Linux Desktop Tests (2)	UNKNOWN STEP	2026-02-25T19:53:23.0133580Z [Matrix] [32mInitialize client Substitution[0m
Linux Desktop Tests (2)	UNKNOWN STEP	2026-02-25T19:53:23.0287857Z [Matrix] [32mSuccessfully connected as testuser1 with http://localhost:8008[0m
Linux Desktop Tests (2)	UNKNOWN STEP	2026-02-25T19:53:24.4218629Z 01:20 +3: Strict Message Interaction (Reactions & Replies) STRICT: Tap message shows reaction and reply options
Linux Desktop Tests (2)	UNKNOWN STEP	2026-02-25T19:53:24.4219796Z checking room test_art id: !PpoENRiyfzJyYrdzkH:test.matrix.local
Linux Desktop Tests (2)	UNKNOWN STEP	2026-02-25T19:53:24.4222714Z checking room test_general id: !pyMwbcPJpPnXMoeXcR:test.matrix.local
Linux Desktop Tests (2)	UNKNOWN STEP	2026-02-25T19:53:24.4223530Z checking room test_photos id: !VYXPoobSNFbLqiYzTM:test.matrix.local
Linux Desktop Tests (2)	UNKNOWN STEP	2026-02-25T19:53:24.4224375Z checking room test_invite_only id: !OcNvlTXcKbRdlTFvae:test.matrix.local
Linux Desktop Tests (2)	UNKNOWN STEP	2026-02-25T19:53:24.4225434Z checking room test_avatar id: !KZHLygWzCCVpvnMrTb:test.matrix.local
Linux Desktop Tests (2)	UNKNOWN STEP	2026-02-25T19:53:24.4226202Z start quering new events...
Linux Desktop Tests (2)	UNKNOWN STEP	2026-02-25T19:53:24.4226610Z finished...
Linux Desktop Tests (2)	UNKNOWN STEP	2026-02-25T19:53:24.4227806Z ret is empty...
Linux Desktop Tests (2)	UNKNOWN STEP	2026-02-25T19:53:24.4228570Z no new things to append...
Linux Desktop Tests (2)	UNKNOWN STEP	2026-02-25T19:53:24.8164691Z 01:21 +3: Strict Message Interaction (Reactions & Replies) STRICT: Reply option exists in message menu
Linux Desktop Tests (2)	UNKNOWN STEP	2026-02-25T19:53:24.8165893Z ⚠ listItems not found - skipping
Linux Desktop Tests (2)	UNKNOWN STEP	2026-02-25T19:53:24.8609441Z 01:21 +4: Strict Message Interaction (Reactions & Replies) STRICT: Can reply to a message with quoted context
Linux Desktop Tests (2)	UNKNOWN STEP	2026-02-25T19:53:24.9405635Z *** sqflite warning ***
Linux Desktop Tests (2)	UNKNOWN STEP	2026-02-25T19:53:24.9406731Z 
Linux Desktop Tests (2)	UNKNOWN STEP	2026-02-25T19:53:24.9407241Z You are changing sqflite default factory.
Linux Desktop Tests (2)	UNKNOWN STEP	2026-02-25T19:53:24.9407862Z Be aware of the potential side effects. Any library using sqflite
Linux Desktop Tests (2)	UNKNOWN STEP	2026-02-25T19:53:24.9408520Z will have this factory as the default for all operations.
Linux Desktop Tests (2)	UNKNOWN STEP	2026-02-25T19:53:24.9408874Z 
Linux Desktop Tests (2)	UNKNOWN STEP	2026-02-25T19:53:24.9408998Z *** sqflite warning ***
Linux Desktop Tests (2)	UNKNOWN STEP	2026-02-25T19:53:24.9409201Z 
Linux Desktop Tests (2)	UNKNOWN STEP	2026-02-25T19:53:25.0193704Z [90m[🌎 Easy Localization] [DEBUG] Localization initialized[0m
Linux Desktop Tests (2)	UNKNOWN STEP	2026-02-25T19:53:25.0194347Z [Matrix] [32mInitialize client Substitution[0m
Linux Desktop Tests (2)	UNKNOWN STEP	2026-02-25T19:53:25.0201561Z [Matrix] [32mUser is not logged in.[0m
Linux Desktop Tests (2)	UNKNOWN STEP	2026-02-25T19:53:25.0203678Z [90m[🌎 Easy Localization] [DEBUG] Start[0m
Linux Desktop Tests (2)	UNKNOWN STEP	2026-02-25T19:53:25.4438169Z 01:21 +4: Strict Message Interaction (Reactions & Replies) STRICT: Tap message shows reaction and reply options
Linux Desktop Tests (2)	UNKNOWN STEP	2026-02-25T19:53:25.4439762Z [90m[🌎 Easy Localization] [DEBUG] Init state[0m
Linux Desktop Tests (2)	UNKNOWN STEP	2026-02-25T19:53:25.4440612Z [90m[🌎 Easy Localization] [DEBUG] Build[0m
Linux Desktop Tests (2)	UNKNOWN STEP	2026-02-25T19:53:25.4441797Z [90m[🌎 Easy Localization] [DEBUG] Init Localization Delegate[0m
Linux Desktop Tests (2)	UNKNOWN STEP	2026-02-25T19:53:25.4442566Z [90m[🌎 Easy Localization] [DEBUG] Init provider[0m
Linux Desktop Tests (2)	UNKNOWN STEP	2026-02-25T19:53:25.4478293Z [90m[🌎 Easy Localization] [DEBUG] Load Localization Delegate[0m
Linux Desktop Tests (2)	UNKNOWN STEP	2026-02-25T19:53:25.4480264Z [90m[🌎 Easy Localization] [DEBUG] Load asset from assets/translations[0m
Linux Desktop Tests (2)	UNKNOWN STEP	2026-02-25T19:53:25.9598130Z [90m[🌎 Easy Localization] [DEBUG] Build[0m
Linux Desktop Tests (2)	UNKNOWN STEP	2026-02-25T19:53:25.9600050Z [90m[🌎 Easy Localization] [DEBUG] Init Localization Delegate[0m
Linux Desktop Tests (2)	UNKNOWN STEP	2026-02-25T19:53:25.9600914Z [90m[🌎 Easy Localization] [DEBUG] Init provider[0m
Linux Desktop Tests (2)	UNKNOWN STEP	2026-02-25T19:53:27.0316672Z 01:23 +4: Strict Message Interaction (Reactions & Replies) STRICT: Can reply to a message with quoted context
Linux Desktop Tests (2)	UNKNOWN STEP	2026-02-25T19:53:27.0317657Z Waiting for globalMatrixClient to be initialized...
Linux Desktop Tests (2)	UNKNOWN STEP	2026-02-25T19:53:27.0318203Z globalMatrixClient initialized!
Linux Desktop Tests (2)	UNKNOWN STEP	2026-02-25T19:53:42.9596646Z [Matrix] [32mInitialize client Substitution[0m
Linux Desktop Tests (2)	UNKNOWN STEP	2026-02-25T19:53:42.9614536Z 01:39 +4: Strict Message Interaction (Reactions & Replies) STRICT: Reply option exists in message menu
Linux Desktop Tests (2)	UNKNOWN STEP	2026-02-25T19:53:42.9615650Z [Matrix] [33mCurrent sync request ID has changed. Dropping this sync loop![0m
Linux Desktop Tests (2)	UNKNOWN STEP	2026-02-25T19:53:42.9757126Z 01:39 +4: Strict Message Interaction (Reactions & Replies) STRICT: Can reply to a message with quoted context
Linux Desktop Tests (2)	UNKNOWN STEP	2026-02-25T19:53:42.9758630Z [Matrix] [32mSuccessfully connected as testuser1 with http://localhost:8008[0m
Linux Desktop Tests (2)	UNKNOWN STEP	2026-02-25T19:53:43.8570630Z 01:40 +4: Strict Message Interaction (Reactions & Replies) STRICT: Tap message shows reaction and reply options
Linux Desktop Tests (2)	UNKNOWN STEP	2026-02-25T19:53:43.8572051Z checking room test_art id: !PpoENRiyfzJyYrdzkH:test.matrix.local
Linux Desktop Tests (2)	UNKNOWN STEP	2026-02-25T19:53:43.8572903Z checking room test_general id: !pyMwbcPJpPnXMoeXcR:test.matrix.local
Linux Desktop Tests (2)	UNKNOWN STEP	2026-02-25T19:53:43.8573787Z checking room test_photos id: !VYXPoobSNFbLqiYzTM:test.matrix.local
Linux Desktop Tests (2)	UNKNOWN STEP	2026-02-25T19:53:43.8574737Z checking room test_invite_only id: !OcNvlTXcKbRdlTFvae:test.matrix.local
Linux Desktop Tests (2)	UNKNOWN STEP	2026-02-25T19:53:43.8576883Z checking room test_avatar id: !KZHLygWzCCVpvnMrTb:test.matrix.local
Linux Desktop Tests (2)	UNKNOWN STEP	2026-02-25T19:53:43.8577645Z start quering new events...
Linux Desktop Tests (2)	UNKNOWN STEP	2026-02-25T19:53:43.8578071Z finished...
Linux Desktop Tests (2)	UNKNOWN STEP	2026-02-25T19:53:43.8578888Z ret is empty...
Linux Desktop Tests (2)	UNKNOWN STEP	2026-02-25T19:53:43.8579263Z no new things to append...
Linux Desktop Tests (2)	UNKNOWN STEP	2026-02-25T19:53:44.2505633Z 01:40 +4: Strict Message Interaction (Reactions & Replies) STRICT: Can reply to a message with quoted context
Linux Desktop Tests (2)	UNKNOWN STEP	2026-02-25T19:53:44.2506670Z ⚠ listItems not found - skipping
Linux Desktop Tests (2)	UNKNOWN STEP	2026-02-25T19:53:44.2899976Z 01:40 +5: Strict Message Interaction (Reactions & Replies) STRICT: Reactions show emoji and count
Linux Desktop Tests (2)	UNKNOWN STEP	2026-02-25T19:53:44.3503760Z *** sqflite warning ***
Linux Desktop Tests (2)	UNKNOWN STEP	2026-02-25T19:53:44.3503950Z 
Linux Desktop Tests (2)	UNKNOWN STEP	2026-02-25T19:53:44.3504064Z You are changing sqflite default factory.
Linux Desktop Tests (2)	UNKNOWN STEP	2026-02-25T19:53:44.3504439Z Be aware of the potential side effects. Any library using sqflite
Linux Desktop Tests (2)	UNKNOWN STEP	2026-02-25T19:53:44.3504838Z will have this factory as the default for all operations.
Linux Desktop Tests (2)	UNKNOWN STEP	2026-02-25T19:53:44.3505070Z 
Linux Desktop Tests (2)	UNKNOWN STEP	2026-02-25T19:53:44.3505152Z *** sqflite warning ***
Linux Desktop Tests (2)	UNKNOWN STEP	2026-02-25T19:53:44.3505574Z 
Linux Desktop Tests (2)	UNKNOWN STEP	2026-02-25T19:53:44.4028515Z [90m[🌎 Easy Localization] [DEBUG] Localization initialized[0m
Linux Desktop Tests (2)	UNKNOWN STEP	2026-02-25T19:53:44.4029506Z [Matrix] [32mInitialize client Substitution[0m
Linux Desktop Tests (2)	UNKNOWN STEP	2026-02-25T19:53:44.4044543Z [Matrix] [32mUser is not logged in.[0m
Linux Desktop Tests (2)	UNKNOWN STEP	2026-02-25T19:53:44.4046112Z [90m[🌎 Easy Localization] [DEBUG] Start[0m
Linux Desktop Tests (2)	UNKNOWN STEP	2026-02-25T19:53:44.8597717Z 01:41 +5: Strict Message Interaction (Reactions & Replies) STRICT: Tap message shows reaction and reply options
Linux Desktop Tests (2)	UNKNOWN STEP	2026-02-25T19:53:44.8599351Z [90m[🌎 Easy Localization] [DEBUG] Init state[0m
Linux Desktop Tests (2)	UNKNOWN STEP	2026-02-25T19:53:44.8600219Z [90m[🌎 Easy Localization] [DEBUG] Build[0m
Linux Desktop Tests (2)	UNKNOWN STEP	2026-02-25T19:53:44.8602788Z [90m[🌎 Easy Localization] [DEBUG] Init Localization Delegate[0m
Linux Desktop Tests (2)	UNKNOWN STEP	2026-02-25T19:53:44.8603638Z [90m[🌎 Easy Localization] [DEBUG] Init provider[0m
Linux Desktop Tests (2)	UNKNOWN STEP	2026-02-25T19:53:44.8645554Z [90m[🌎 Easy Localization] [DEBUG] Load Localization Delegate[0m
Linux Desktop Tests (2)	UNKNOWN STEP	2026-02-25T19:53:44.8648216Z [90m[🌎 Easy Localization] [DEBUG] Load asset from assets/translations[0m
Linux Desktop Tests (2)	UNKNOWN STEP	2026-02-25T19:53:45.3766152Z [90m[🌎 Easy Localization] [DEBUG] Build[0m
Linux Desktop Tests (2)	UNKNOWN STEP	2026-02-25T19:53:45.3767535Z [90m[🌎 Easy Localization] [DEBUG] Init Localization Delegate[0m
Linux Desktop Tests (2)	UNKNOWN STEP	2026-02-25T19:53:45.3768927Z [90m[🌎 Easy Localization] [DEBUG] Init provider[0m
Linux Desktop Tests (2)	UNKNOWN STEP	2026-02-25T19:53:46.4315102Z 01:42 +5: Strict Message Interaction (Reactions & Replies) STRICT: Reactions show emoji and count
Linux Desktop Tests (2)	UNKNOWN STEP	2026-02-25T19:53:46.4315723Z Waiting for globalMatrixClient to be initialized...
Linux Desktop Tests (2)	UNKNOWN STEP	2026-02-25T19:53:46.4316043Z globalMatrixClient initialized!
Linux Desktop Tests (2)	UNKNOWN STEP	2026-02-25T19:54:02.3801225Z 01:58 +5: Strict Message Interaction (Reactions & Replies) STRICT: Can reply to a message with quoted context
Linux Desktop Tests (2)	UNKNOWN STEP	2026-02-25T19:54:02.3807770Z [Matrix] [33mCurrent sync request ID has changed. Dropping this sync loop![0m
Linux Desktop Tests (2)	UNKNOWN STEP	2026-02-25T19:54:02.3808910Z 01:58 +5: Strict Message Interaction (Reactions & Replies) STRICT: Reactions show emoji and count
Linux Desktop Tests (2)	UNKNOWN STEP	2026-02-25T19:54:02.3809893Z [Matrix] [32mInitialize client Substitution[0m
Linux Desktop Tests (2)	UNKNOWN STEP	2026-02-25T19:54:02.3958571Z [Matrix] [32mSuccessfully connected as testuser1 with http://localhost:8008[0m
Linux Desktop Tests (2)	UNKNOWN STEP	2026-02-25T19:54:03.7857335Z 02:00 +5: Strict Message Interaction (Reactions & Replies) STRICT: Tap message shows reaction and reply options
Linux Desktop Tests (2)	UNKNOWN STEP	2026-02-25T19:54:03.7861046Z checking room test_art id: !PpoENRiyfzJyYrdzkH:test.matrix.local
Linux Desktop Tests (2)	UNKNOWN STEP	2026-02-25T19:54:03.7862108Z checking room test_general id: !pyMwbcPJpPnXMoeXcR:test.matrix.local
Linux Desktop Tests (2)	UNKNOWN STEP	2026-02-25T19:54:03.7863187Z checking room test_photos id: !VYXPoobSNFbLqiYzTM:test.matrix.local
Linux Desktop Tests (2)	UNKNOWN STEP	2026-02-25T19:54:03.7864020Z checking room test_invite_only id: !OcNvlTXcKbRdlTFvae:test.matrix.local
Linux Desktop Tests (2)	UNKNOWN STEP	2026-02-25T19:54:03.7864821Z checking room test_avatar id: !KZHLygWzCCVpvnMrTb:test.matrix.local
Linux Desktop Tests (2)	UNKNOWN STEP	2026-02-25T19:54:03.7865433Z start quering new events...
Linux Desktop Tests (2)	UNKNOWN STEP	2026-02-25T19:54:03.7865798Z finished...
Linux Desktop Tests (2)	UNKNOWN STEP	2026-02-25T19:54:03.7866352Z ret is empty...
Linux Desktop Tests (2)	UNKNOWN STEP	2026-02-25T19:54:03.7867315Z no new things to append...
Linux Desktop Tests (2)	UNKNOWN STEP	2026-02-25T19:54:04.1842379Z 02:00 +5: Strict Message Interaction (Reactions & Replies) STRICT: Reactions show emoji and count
Linux Desktop Tests (2)	UNKNOWN STEP	2026-02-25T19:54:04.1844327Z ✓ Feed displays messages (reactions may not be in test data)
Linux Desktop Tests (2)	UNKNOWN STEP	2026-02-25T19:54:04.2218721Z 02:00 +6: Strict Message Interaction (Reactions & Replies) STRICT: Threaded replies show in message view
Linux Desktop Tests (2)	UNKNOWN STEP	2026-02-25T19:54:04.2751761Z *** sqflite warning ***
Linux Desktop Tests (2)	UNKNOWN STEP	2026-02-25T19:54:04.2752564Z 
Linux Desktop Tests (2)	UNKNOWN STEP	2026-02-25T19:54:04.2753166Z You are changing sqflite default factory.
Linux Desktop Tests (2)	UNKNOWN STEP	2026-02-25T19:54:04.2753806Z Be aware of the potential side effects. Any library using sqflite
Linux Desktop Tests (2)	UNKNOWN STEP	2026-02-25T19:54:04.2754469Z will have this factory as the default for all operations.
Linux Desktop Tests (2)	UNKNOWN STEP	2026-02-25T19:54:04.2754848Z 
Linux Desktop Tests (2)	UNKNOWN STEP	2026-02-25T19:54:04.2754967Z *** sqflite warning ***
Linux Desktop Tests (2)	UNKNOWN STEP	2026-02-25T19:54:04.2755187Z 
Linux Desktop Tests (2)	UNKNOWN STEP	2026-02-25T19:54:04.3249689Z [90m[🌎 Easy Localization] [DEBUG] Localization initialized[0m
Linux Desktop Tests (2)	UNKNOWN STEP	2026-02-25T19:54:04.3250757Z [Matrix] [32mInitialize client Substitution[0m
Linux Desktop Tests (2)	UNKNOWN STEP	2026-02-25T19:54:04.3267958Z [Matrix] [32mUser is not logged in.[0m
Linux Desktop Tests (2)	UNKNOWN STEP	2026-02-25T19:54:04.3270169Z [90m[🌎 Easy Localization] [DEBUG] Start[0m
Linux Desktop Tests (2)	UNKNOWN STEP	2026-02-25T19:54:04.7930353Z 02:01 +6: Strict Message Interaction (Reactions & Replies) STRICT: Tap message shows reaction and reply options
Linux Desktop Tests (2)	UNKNOWN STEP	2026-02-25T19:54:04.7932483Z [90m[🌎 Easy Localization] [DEBUG] Init state[0m
Linux Desktop Tests (2)	UNKNOWN STEP	2026-02-25T19:54:04.7933357Z [90m[🌎 Easy Localization] [DEBUG] Build[0m
Linux Desktop Tests (2)	UNKNOWN STEP	2026-02-25T19:54:04.7934314Z [90m[🌎 Easy Localization] [DEBUG] Init Localization Delegate[0m
Linux Desktop Tests (2)	UNKNOWN STEP	2026-02-25T19:54:04.7935288Z [90m[🌎 Easy Localization] [DEBUG] Init provider[0m
Linux Desktop Tests (2)	UNKNOWN STEP	2026-02-25T19:54:04.7968102Z [90m[🌎 Easy Localization] [DEBUG] Load Localization Delegate[0m
Linux Desktop Tests (2)	UNKNOWN STEP	2026-02-25T19:54:04.7969463Z [90m[🌎 Easy Localization] [DEBUG] Load asset from assets/translations[0m
Linux Desktop Tests (2)	UNKNOWN STEP	2026-02-25T19:54:05.3092790Z [90m[🌎 Easy Localization] [DEBUG] Build[0m
Linux Desktop Tests (2)	UNKNOWN STEP	2026-02-25T19:54:05.3095270Z [90m[🌎 Easy Localization] [DEBUG] Init Localization Delegate[0m
Linux Desktop Tests (2)	UNKNOWN STEP	2026-02-25T19:54:05.3095871Z [90m[🌎 Easy Localization] [DEBUG] Init provider[0m
Linux Desktop Tests (2)	UNKNOWN STEP	2026-02-25T19:54:06.3745115Z 02:02 +6: Strict Message Interaction (Reactions & Replies) STRICT: Threaded replies show in message view
Linux Desktop Tests (2)	UNKNOWN STEP	2026-02-25T19:54:06.3745707Z Waiting for globalMatrixClient to be initialized...
Linux Desktop Tests (2)	UNKNOWN STEP	2026-02-25T19:54:06.3746046Z globalMatrixClient initialized!
Linux Desktop Tests (2)	UNKNOWN STEP	2026-02-25T19:54:22.3072517Z 02:18 +6: Strict Message Interaction (Reactions & Replies) STRICT: Reactions show emoji and count
Linux Desktop Tests (2)	UNKNOWN STEP	2026-02-25T19:54:22.3074551Z [Matrix] [33mCurrent sync request ID has changed. Dropping this sync loop![0m
Linux Desktop Tests (2)	UNKNOWN STEP	2026-02-25T19:54:22.3086205Z 02:18 +6: Strict Message Interaction (Reactions & Replies) STRICT: Threaded replies show in message view
Linux Desktop Tests (2)	UNKNOWN STEP	2026-02-25T19:54:22.3087355Z [Matrix] [32mInitialize client Substitution[0m
Linux Desktop Tests (2)	UNKNOWN STEP	2026-02-25T19:54:22.3240801Z [Matrix] [32mSuccessfully connected as testuser1 with http://localhost:8008[0m
Linux Desktop Tests (2)	UNKNOWN STEP	2026-02-25T19:54:23.7173570Z 02:20 +6: Strict Message Interaction (Reactions & Replies) STRICT: Tap message shows reaction and reply options
Linux Desktop Tests (2)	UNKNOWN STEP	2026-02-25T19:54:23.7174695Z checking room test_art id: !PpoENRiyfzJyYrdzkH:test.matrix.local
Linux Desktop Tests (2)	UNKNOWN STEP	2026-02-25T19:54:23.7178726Z checking room test_general id: !pyMwbcPJpPnXMoeXcR:test.matrix.local
Linux Desktop Tests (2)	UNKNOWN STEP	2026-02-25T19:54:23.7179736Z checking room test_photos id: !VYXPoobSNFbLqiYzTM:test.matrix.local
Linux Desktop Tests (2)	UNKNOWN STEP	2026-02-25T19:54:23.7180724Z checking room test_invite_only id: !OcNvlTXcKbRdlTFvae:test.matrix.local
Linux Desktop Tests (2)	UNKNOWN STEP	2026-02-25T19:54:23.7181934Z checking room test_avatar id: !KZHLygWzCCVpvnMrTb:test.matrix.local
Linux Desktop Tests (2)	UNKNOWN STEP	2026-02-25T19:54:23.7182557Z start quering new events...
Linux Desktop Tests (2)	UNKNOWN STEP	2026-02-25T19:54:23.7182919Z finished...
Linux Desktop Tests (2)	UNKNOWN STEP	2026-02-25T19:54:23.7183202Z ret is empty...
Linux Desktop Tests (2)	UNKNOWN STEP	2026-02-25T19:54:23.7183409Z no new things to append...
Linux Desktop Tests (2)	UNKNOWN STEP	2026-02-25T19:54:24.1163375Z 02:20 +6: Strict Message Interaction (Reactions & Replies) STRICT: Threaded replies show in message view
Linux Desktop Tests (2)	UNKNOWN STEP	2026-02-25T19:54:24.1164601Z ⚠ listItems not found - skipping
Linux Desktop Tests (2)	UNKNOWN STEP	2026-02-25T19:54:24.1543256Z 02:20 +7: (tearDownAll)
Linux Desktop Tests (2)	UNKNOWN STEP	2026-02-25T19:54:24.1701303Z 02:20 +7: All tests passed!
Linux Desktop Tests (2)	UNKNOWN STEP	2026-02-25T19:54:24.2209600Z [0;34m[INFO][0m   Running: integration_test/multi_user_correspondence_test.dart
Linux Desktop Tests (2)	UNKNOWN STEP	2026-02-25T19:54:25.2396315Z 00:00 +0: loading /home/runner/work/substitution/substitution/integration_test/multi_user_correspondence_test.dart
Linux Desktop Tests (2)	UNKNOWN STEP	2026-02-25T19:54:51.2140346Z Building Linux application...                                   
Linux Desktop Tests (2)	UNKNOWN STEP	2026-02-25T19:54:51.2170070Z ✓ Built build/linux/x64/debug/bundle/substitution
Linux Desktop Tests (2)	UNKNOWN STEP	2026-02-25T19:54:51.9222510Z 00:00 +0: (setUpAll)
Linux Desktop Tests (2)	UNKNOWN STEP	2026-02-25T19:54:51.9417825Z 00:00 +0: Multi-User Correspondence with Real Matrix Server STRICT: Two users can see messages from each other in shared room
Linux Desktop Tests (2)	UNKNOWN STEP	2026-02-25T19:54:52.3004397Z *** sqflite warning ***
Linux Desktop Tests (2)	UNKNOWN STEP	2026-02-25T19:54:52.3004736Z 
Linux Desktop Tests (2)	UNKNOWN STEP	2026-02-25T19:54:52.3004926Z You are changing sqflite default factory.
Linux Desktop Tests (2)	UNKNOWN STEP	2026-02-25T19:54:52.3005607Z Be aware of the potential side effects. Any library using sqflite
Linux Desktop Tests (2)	UNKNOWN STEP	2026-02-25T19:54:52.3006368Z will have this factory as the default for all operations.
Linux Desktop Tests (2)	UNKNOWN STEP	2026-02-25T19:54:52.3006810Z 
Linux Desktop Tests (2)	UNKNOWN STEP	2026-02-25T19:54:52.3006967Z *** sqflite warning ***
Linux Desktop Tests (2)	UNKNOWN STEP	2026-02-25T19:54:52.3007209Z 
Linux Desktop Tests (2)	UNKNOWN STEP	2026-02-25T19:54:52.3625238Z Waiting for globalMatrixClient to be initialized...
Linux Desktop Tests (2)	UNKNOWN STEP	2026-02-25T19:54:52.4244135Z [90m[🌎 Easy Localization] [DEBUG] Localization initialized[0m
Linux Desktop Tests (2)	UNKNOWN STEP	2026-02-25T19:54:52.4262533Z [Matrix] [32mInitialize client Substitution[0m
Linux Desktop Tests (2)	UNKNOWN STEP	2026-02-25T19:54:52.4345161Z [Matrix] [32mUser is not logged in.[0m
Linux Desktop Tests (2)	UNKNOWN STEP	2026-02-25T19:54:52.4378494Z [90m[🌎 Easy Localization] [DEBUG] Start[0m
Linux Desktop Tests (2)	UNKNOWN STEP	2026-02-25T19:54:52.8770522Z [90m[🌎 Easy Localization] [DEBUG] Init state[0m
Linux Desktop Tests (2)	UNKNOWN STEP	2026-02-25T19:54:52.8787208Z [90m[🌎 Easy Localization] [DEBUG] Build[0m
Linux Desktop Tests (2)	UNKNOWN STEP	2026-02-25T19:54:52.8794167Z [90m[🌎 Easy Localization] [DEBUG] Init Localization Delegate[0m
Linux Desktop Tests (2)	UNKNOWN STEP	2026-02-25T19:54:52.8798109Z [90m[🌎 Easy Localization] [DEBUG] Init provider[0m
Linux Desktop Tests (2)	UNKNOWN STEP	2026-02-25T19:54:53.0094372Z [90m[🌎 Easy Localization] [DEBUG] Load Localization Delegate[0m
Linux Desktop Tests (2)	UNKNOWN STEP	2026-02-25T19:54:53.0107048Z [90m[🌎 Easy Localization] [DEBUG] Load asset from assets/translations[0m
Linux Desktop Tests (2)	UNKNOWN STEP	2026-02-25T19:54:53.1162995Z globalMatrixClient initialized!
Linux Desktop Tests (2)	UNKNOWN STEP	2026-02-25T19:54:53.1163664Z Step 1: Checking for Age Gate, Intro, or Login fields...
Linux Desktop Tests (2)	UNKNOWN STEP	2026-02-25T19:54:53.6199459Z [90m[🌎 Easy Localization] [DEBUG] Build[0m
Linux Desktop Tests (2)	UNKNOWN STEP	2026-02-25T19:54:53.6203315Z [90m[🌎 Easy Localization] [DEBUG] Init Localization Delegate[0m
Linux Desktop Tests (2)	UNKNOWN STEP	2026-02-25T19:54:53.6204381Z [90m[🌎 Easy Localization] [DEBUG] Init provider[0m
Linux Desktop Tests (2)	UNKNOWN STEP	2026-02-25T19:54:54.1897547Z Found screen! AgeGate: false, Intro: true, Username: false, Host: false
Linux Desktop Tests (2)	UNKNOWN STEP	2026-02-25T19:54:54.1917531Z Step 2: Navigating through onboarding...
Linux Desktop Tests (2)	UNKNOWN STEP	2026-02-25T19:54:56.2752574Z Tapping Next button at step 0...
Linux Desktop Tests (2)	UNKNOWN STEP	2026-02-25T19:54:58.4380550Z Tapping Next button at step 1...
Linux Desktop Tests (2)	UNKNOWN STEP	2026-02-25T19:55:00.5214197Z Reached target page at step 2. Host: true, Username: false
Linux Desktop Tests (2)	UNKNOWN STEP	2026-02-25T19:55:00.5215501Z Onboarding navigation complete.
Linux Desktop Tests (2)	UNKNOWN STEP	2026-02-25T19:55:00.5216027Z Step 3: Entering host URL: http://localhost:8008
Linux Desktop Tests (2)	UNKNOWN STEP	2026-02-25T19:55:02.7216797Z Tapping host submit button...
Linux Desktop Tests (2)	UNKNOWN STEP	2026-02-25T19:55:04.8314812Z Waiting for login page to appear...
Linux Desktop Tests (2)	UNKNOWN STEP	2026-02-25T19:55:05.3844664Z Login page reached.
Linux Desktop Tests (2)	UNKNOWN STEP	2026-02-25T19:55:05.3845156Z Step 4: Looking for login fields...
Linux Desktop Tests (2)	UNKNOWN STEP	2026-02-25T19:55:05.3867311Z Entering username: testuser1
Linux Desktop Tests (2)	UNKNOWN STEP	2026-02-25T19:55:07.5197263Z Entering password...
Linux Desktop Tests (2)	UNKNOWN STEP	2026-02-25T19:55:09.6197577Z Tapping login submit button...
Linux Desktop Tests (2)	UNKNOWN STEP	2026-02-25T19:55:11.7033091Z Step 5: Waiting for finished page (introGoButton)...
Linux Desktop Tests (2)	UNKNOWN STEP	2026-02-25T19:55:11.9977353Z [Matrix] [32mInitialize client Substitution[0m
Linux Desktop Tests (2)	UNKNOWN STEP	2026-02-25T19:55:12.0258208Z [Matrix] [32mSuccessfully connected as testuser1 with http://localhost:8008[0m
Linux Desktop Tests (2)	UNKNOWN STEP	2026-02-25T19:55:13.2976838Z Finished page reached.
Linux Desktop Tests (2)	UNKNOWN STEP	2026-02-25T19:55:13.2977760Z Tapping Go button...
Linux Desktop Tests (2)	UNKNOWN STEP	2026-02-25T19:55:13.3020587Z Waiting for feed (Scrollable)...
Linux Desktop Tests (2)	UNKNOWN STEP	2026-02-25T19:55:13.4592936Z checking room test_art id: !PpoENRiyfzJyYrdzkH:test.matrix.local
Linux Desktop Tests (2)	UNKNOWN STEP	2026-02-25T19:55:13.4594151Z checking room test_general id: !pyMwbcPJpPnXMoeXcR:test.matrix.local
Linux Desktop Tests (2)	UNKNOWN STEP	2026-02-25T19:55:13.4601043Z checking room test_photos id: !VYXPoobSNFbLqiYzTM:test.matrix.local
Linux Desktop Tests (2)	UNKNOWN STEP	2026-02-25T19:55:13.4602166Z checking room test_invite_only id: !OcNvlTXcKbRdlTFvae:test.matrix.local
Linux Desktop Tests (2)	UNKNOWN STEP	2026-02-25T19:55:13.4603021Z checking room test_avatar id: !KZHLygWzCCVpvnMrTb:test.matrix.local
Linux Desktop Tests (2)	UNKNOWN STEP	2026-02-25T19:55:13.4603658Z start quering new events...
Linux Desktop Tests (2)	UNKNOWN STEP	2026-02-25T19:55:13.4606964Z finished...
Linux Desktop Tests (2)	UNKNOWN STEP	2026-02-25T19:55:13.4609251Z ret is empty...
Linux Desktop Tests (2)	UNKNOWN STEP	2026-02-25T19:55:13.4609611Z no new things to append...
Linux Desktop Tests (2)	UNKNOWN STEP	2026-02-25T19:55:13.8353199Z Feed reached.
Linux Desktop Tests (2)	UNKNOWN STEP	2026-02-25T19:55:13.8374626Z ⚠ find.byIcon(Icons.edit) not found (MUST have compose button) - skipping
Linux Desktop Tests (2)	UNKNOWN STEP	2026-02-25T19:55:13.9221635Z 00:21 +1: Multi-User Correspondence with Real Matrix Server STRICT: Two users in same room see each other's messages
Linux Desktop Tests (2)	UNKNOWN STEP	2026-02-25T19:55:13.9842619Z *** sqflite warning ***
Linux Desktop Tests (2)	UNKNOWN STEP	2026-02-25T19:55:13.9844251Z 
Linux Desktop Tests (2)	UNKNOWN STEP	2026-02-25T19:55:13.9844461Z You are changing sqflite default factory.
Linux Desktop Tests (2)	UNKNOWN STEP	2026-02-25T19:55:13.9845092Z Be aware of the potential side effects. Any library using sqflite
Linux Desktop Tests (2)	UNKNOWN STEP	2026-02-25T19:55:13.9845787Z will have this factory as the default for all operations.
Linux Desktop Tests (2)	UNKNOWN STEP	2026-02-25T19:55:13.9846188Z 
Linux Desktop Tests (2)	UNKNOWN STEP	2026-02-25T19:55:13.9846318Z *** sqflite warning ***
Linux Desktop Tests (2)	UNKNOWN STEP	2026-02-25T19:55:13.9846530Z 
Linux Desktop Tests (2)	UNKNOWN STEP	2026-02-25T19:55:14.0234946Z Waiting for globalMatrixClient to be initialized...
Linux Desktop Tests (2)	UNKNOWN STEP	2026-02-25T19:55:14.0526531Z [90m[🌎 Easy Localization] [DEBUG] Localization initialized[0m
Linux Desktop Tests (2)	UNKNOWN STEP	2026-02-25T19:55:14.0528259Z [Matrix] [32mInitialize client Substitution[0m
Linux Desktop Tests (2)	UNKNOWN STEP	2026-02-25T19:55:14.0537207Z [Matrix] [32mUser is not logged in.[0m
Linux Desktop Tests (2)	UNKNOWN STEP	2026-02-25T19:55:14.0538825Z [90m[🌎 Easy Localization] [DEBUG] Start[0m
Linux Desktop Tests (2)	UNKNOWN STEP	2026-02-25T19:55:14.5357916Z 00:22 +1: Multi-User Correspondence with Real Matrix Server STRICT: Two users can see messages from each other in shared room
Linux Desktop Tests (2)	UNKNOWN STEP	2026-02-25T19:55:14.5360230Z [90m[🌎 Easy Localization] [DEBUG] Init state[0m
Linux Desktop Tests (2)	UNKNOWN STEP	2026-02-25T19:55:14.5362418Z [90m[🌎 Easy Localization] [DEBUG] Build[0m
Linux Desktop Tests (2)	UNKNOWN STEP	2026-02-25T19:55:14.5366112Z [90m[🌎 Easy Localization] [DEBUG] Init Localization Delegate[0m
Linux Desktop Tests (2)	UNKNOWN STEP	2026-02-25T19:55:14.5366998Z [90m[🌎 Easy Localization] [DEBUG] Init provider[0m
Linux Desktop Tests (2)	UNKNOWN STEP	2026-02-25T19:55:14.5438002Z [90m[🌎 Easy Localization] [DEBUG] Load Localization Delegate[0m
Linux Desktop Tests (2)	UNKNOWN STEP	2026-02-25T19:55:14.5443133Z [90m[🌎 Easy Localization] [DEBUG] Load asset from assets/translations[0m
Linux Desktop Tests (2)	UNKNOWN STEP	2026-02-25T19:55:14.5474484Z 00:22 +1: Multi-User Correspondence with Real Matrix Server STRICT: Two users in same room see each other's messages
Linux Desktop Tests (2)	UNKNOWN STEP	2026-02-25T19:55:14.5475678Z globalMatrixClient initialized!
Linux Desktop Tests (2)	UNKNOWN STEP	2026-02-25T19:55:14.5476347Z Step 1: Checking for Age Gate, Intro, or Login fields...
Linux Desktop Tests (2)	UNKNOWN STEP	2026-02-25T19:55:15.0524498Z 00:23 +1: Multi-User Correspondence with Real Matrix Server STRICT: Two users can see messages from each other in shared room
Linux Desktop Tests (2)	UNKNOWN STEP	2026-02-25T19:55:15.0526529Z [90m[🌎 Easy Localization] [DEBUG] Build[0m
Linux Desktop Tests (2)	UNKNOWN STEP	2026-02-25T19:55:15.0527460Z [90m[🌎 Easy Localization] [DEBUG] Init Localization Delegate[0m
Linux Desktop Tests (2)	UNKNOWN STEP	2026-02-25T19:55:15.0528515Z [90m[🌎 Easy Localization] [DEBUG] Init provider[0m
Linux Desktop Tests (2)	UNKNOWN STEP	2026-02-25T19:55:15.0913116Z 00:23 +1: Multi-User Correspondence with Real Matrix Server STRICT: Two users in same room see each other's messages
Linux Desktop Tests (2)	UNKNOWN STEP	2026-02-25T19:55:15.0914192Z Found screen! AgeGate: false, Intro: true, Username: false, Host: false
Linux Desktop Tests (2)	UNKNOWN STEP	2026-02-25T19:55:15.0914865Z Step 2: Navigating through onboarding...
Linux Desktop Tests (2)	UNKNOWN STEP	2026-02-25T19:55:17.1546841Z Tapping Next button at step 0...
Linux Desktop Tests (2)	UNKNOWN STEP	2026-02-25T19:55:19.2378454Z Tapping Next button at step 1...
Linux Desktop Tests (2)	UNKNOWN STEP	2026-02-25T19:55:21.3212580Z Reached target page at step 2. Host: true, Username: false
Linux Desktop Tests (2)	UNKNOWN STEP	2026-02-25T19:55:21.3213650Z Onboarding navigation complete.
Linux Desktop Tests (2)	UNKNOWN STEP	2026-02-25T19:55:21.3214130Z Step 3: Entering host URL: http://localhost:8008
Linux Desktop Tests (2)	UNKNOWN STEP	2026-02-25T19:55:23.4540756Z Tapping host submit button...
Linux Desktop Tests (2)	UNKNOWN STEP	2026-02-25T19:55:25.5269206Z Waiting for login page to appear...
Linux Desktop Tests (2)	UNKNOWN STEP	2026-02-25T19:55:26.0534326Z Login page reached.
Linux Desktop Tests (2)	UNKNOWN STEP	2026-02-25T19:55:26.0534762Z Step 4: Looking for login fields...
Linux Desktop Tests (2)	UNKNOWN STEP	2026-02-25T19:55:26.0536285Z Entering username: testuser2
Linux Desktop Tests (2)	UNKNOWN STEP	2026-02-25T19:55:28.1870693Z Entering password...
Linux Desktop Tests (2)	UNKNOWN STEP	2026-02-25T19:55:30.3052466Z Tapping login submit button...
Linux Desktop Tests (2)	UNKNOWN STEP	2026-02-25T19:55:32.3785233Z Step 5: Waiting for finished page (introGoButton)...
Linux Desktop Tests (2)	UNKNOWN STEP	2026-02-25T19:55:32.6708814Z 00:40 +1: Multi-User Correspondence with Real Matrix Server STRICT: Two users can see messages from each other in shared room
Linux Desktop Tests (2)	UNKNOWN STEP	2026-02-25T19:55:32.6710334Z [Matrix] [33mCurrent sync request ID has changed. Dropping this sync loop![0m
Linux Desktop Tests (2)	UNKNOWN STEP	2026-02-25T19:55:32.6728034Z 00:40 +1: Multi-User Correspondence with Real Matrix Server STRICT: Two users in same room see each other's messages
Linux Desktop Tests (2)	UNKNOWN STEP	2026-02-25T19:55:32.6730597Z [Matrix] [32mInitialize client Substitution[0m
Linux Desktop Tests (2)	UNKNOWN STEP	2026-02-25T19:55:32.6886817Z [Matrix] [32mSuccessfully connected as testuser2 with http://localhost:8008[0m
Linux Desktop Tests (2)	UNKNOWN STEP	2026-02-25T19:55:33.9620436Z Finished page reached.
Linux Desktop Tests (2)	UNKNOWN STEP	2026-02-25T19:55:33.9621301Z Tapping Go button...
Linux Desktop Tests (2)	UNKNOWN STEP	2026-02-25T19:55:33.9677360Z Waiting for feed (Scrollable)...
Linux Desktop Tests (2)	UNKNOWN STEP	2026-02-25T19:55:34.0693080Z 00:42 +1: Multi-User Correspondence with Real Matrix Server STRICT: Two users can see messages from each other in shared room
Linux Desktop Tests (2)	UNKNOWN STEP	2026-02-25T19:55:34.0695719Z checking room test_photos id: !VYXPoobSNFbLqiYzTM:test.matrix.local
Linux Desktop Tests (2)	UNKNOWN STEP	2026-02-25T19:55:34.0696551Z checking room test_art id: !PpoENRiyfzJyYrdzkH:test.matrix.local
Linux Desktop Tests (2)	UNKNOWN STEP	2026-02-25T19:55:34.0697362Z checking room test_general id: !pyMwbcPJpPnXMoeXcR:test.matrix.local
Linux Desktop Tests (2)	UNKNOWN STEP	2026-02-25T19:55:34.0698958Z checking room test_avatar id: !KZHLygWzCCVpvnMrTb:test.matrix.local
Linux Desktop Tests (2)	UNKNOWN STEP	2026-02-25T19:55:34.0703954Z start quering new events...
Linux Desktop Tests (2)	UNKNOWN STEP	2026-02-25T19:55:34.0705231Z finished...
Linux Desktop Tests (2)	UNKNOWN STEP	2026-02-25T19:55:34.0706330Z ret is empty...
Linux Desktop Tests (2)	UNKNOWN STEP	2026-02-25T19:55:34.0706822Z no new things to append...
Linux Desktop Tests (2)	UNKNOWN STEP	2026-02-25T19:55:34.4935043Z 00:42 +1: Multi-User Correspondence with Real Matrix Server STRICT: Two users in same room see each other's messages
Linux Desktop Tests (2)	UNKNOWN STEP	2026-02-25T19:55:34.4936129Z Feed reached.
Linux Desktop Tests (2)	UNKNOWN STEP	2026-02-25T19:55:34.4937801Z ⚠ Only 1 Text widgets found (expected >5) - feed may not have loaded - skipping
Linux Desktop Tests (2)	UNKNOWN STEP	2026-02-25T19:55:34.5340657Z 00:42 +2: Multi-User Correspondence with Real Matrix Server STRICT: Messages display sender information
Linux Desktop Tests (2)	UNKNOWN STEP	2026-02-25T19:55:34.5920791Z *** sqflite warning ***
Linux Desktop Tests (2)	UNKNOWN STEP	2026-02-25T19:55:34.5921024Z 
Linux Desktop Tests (2)	UNKNOWN STEP	2026-02-25T19:55:34.5921162Z You are changing sqflite default factory.
Linux Desktop Tests (2)	UNKNOWN STEP	2026-02-25T19:55:34.5921953Z Be aware of the potential side effects. Any library using sqflite
Linux Desktop Tests (2)	UNKNOWN STEP	2026-02-25T19:55:34.5922773Z will have this factory as the default for all operations.
Linux Desktop Tests (2)	UNKNOWN STEP	2026-02-25T19:55:34.5923209Z 
Linux Desktop Tests (2)	UNKNOWN STEP	2026-02-25T19:55:34.5923339Z *** sqflite warning ***
Linux Desktop Tests (2)	UNKNOWN STEP	2026-02-25T19:55:34.5923571Z 
Linux Desktop Tests (2)	UNKNOWN STEP	2026-02-25T19:55:34.6256004Z Waiting for globalMatrixClient to be initialized...
Linux Desktop Tests (2)	UNKNOWN STEP	2026-02-25T19:55:34.6472157Z [90m[🌎 Easy Localization] [DEBUG] Localization initialized[0m
Linux Desktop Tests (2)	UNKNOWN STEP	2026-02-25T19:55:34.6473539Z [Matrix] [32mInitialize client Substitution[0m
Linux Desktop Tests (2)	UNKNOWN STEP	2026-02-25T19:55:34.6492892Z [Matrix] [32mUser is not logged in.[0m
Linux Desktop Tests (2)	UNKNOWN STEP	2026-02-25T19:55:34.6495656Z [90m[🌎 Easy Localization] [DEBUG] Start[0m
Linux Desktop Tests (2)	UNKNOWN STEP	2026-02-25T19:55:35.1367049Z 00:43 +2: Multi-User Correspondence with Real Matrix Server STRICT: Two users can see messages from each other in shared room
Linux Desktop Tests (2)	UNKNOWN STEP	2026-02-25T19:55:35.1368791Z [90m[🌎 Easy Localization] [DEBUG] Init state[0m
Linux Desktop Tests (2)	UNKNOWN STEP	2026-02-25T19:55:35.1369830Z [90m[🌎 Easy Localization] [DEBUG] Build[0m
Linux Desktop Tests (2)	UNKNOWN STEP	2026-02-25T19:55:35.1370920Z [90m[🌎 Easy Localization] [DEBUG] Init Localization Delegate[0m
Linux Desktop Tests (2)	UNKNOWN STEP	2026-02-25T19:55:35.1371932Z [90m[🌎 Easy Localization] [DEBUG] Init provider[0m
Linux Desktop Tests (2)	UNKNOWN STEP	2026-02-25T19:55:35.1421317Z [90m[🌎 Easy Localization] [DEBUG] Load Localization Delegate[0m
Linux Desktop Tests (2)	UNKNOWN STEP	2026-02-25T19:55:35.1423631Z [90m[🌎 Easy Localization] [DEBUG] Load asset from assets/translations[0m
Linux Desktop Tests (2)	UNKNOWN STEP	2026-02-25T19:55:35.1451267Z 00:43 +2: Multi-User Correspondence with Real Matrix Server STRICT: Messages display sender information
Linux Desktop Tests (2)	UNKNOWN STEP	2026-02-25T19:55:35.1452384Z globalMatrixClient initialized!
Linux Desktop Tests (2)	UNKNOWN STEP	2026-02-25T19:55:35.1453199Z Step 1: Checking for Age Gate, Intro, or Login fields...
Linux Desktop Tests (2)	UNKNOWN STEP	2026-02-25T19:55:35.6525686Z 00:43 +2: Multi-User Correspondence with Real Matrix Server STRICT: Two users can see messages from each other in shared room
Linux Desktop Tests (2)	UNKNOWN STEP	2026-02-25T19:55:35.6527195Z [90m[🌎 Easy Localization] [DEBUG] Build[0m
Linux Desktop Tests (2)	UNKNOWN STEP	2026-02-25T19:55:35.6527969Z [90m[🌎 Easy Localization] [DEBUG] Init Localization Delegate[0m
Linux Desktop Tests (2)	UNKNOWN STEP	2026-02-25T19:55:35.6528976Z [90m[🌎 Easy Localization] [DEBUG] Init provider[0m
Linux Desktop Tests (2)	UNKNOWN STEP	2026-02-25T19:55:35.6973749Z 00:43 +2: Multi-User Correspondence with Real Matrix Server STRICT: Messages display sender information
Linux Desktop Tests (2)	UNKNOWN STEP	2026-02-25T19:55:35.6974781Z Found screen! AgeGate: false, Intro: true, Username: false, Host: false
Linux Desktop Tests (2)	UNKNOWN STEP	2026-02-25T19:55:35.6975450Z Step 2: Navigating through onboarding...
Linux Desktop Tests (2)	UNKNOWN STEP	2026-02-25T19:55:37.7542378Z Tapping Next button at step 0...
Linux Desktop Tests (2)	UNKNOWN STEP	2026-02-25T19:55:39.8209256Z Tapping Next button at step 1...
Linux Desktop Tests (2)	UNKNOWN STEP	2026-02-25T19:55:41.8888737Z Reached target page at step 2. Host: true, Username: false
Linux Desktop Tests (2)	UNKNOWN STEP	2026-02-25T19:55:41.8889628Z Onboarding navigation complete.
Linux Desktop Tests (2)	UNKNOWN STEP	2026-02-25T19:55:41.8890775Z Step 3: Entering host URL: http://localhost:8008
Linux Desktop Tests (2)	UNKNOWN STEP	2026-02-25T19:55:43.0537862Z 00:51 +2: Multi-User Correspondence with Real Matrix Server STRICT: Two users in same room see each other's messages
Linux Desktop Tests (2)	UNKNOWN STEP	2026-02-25T19:55:43.0539280Z [Matrix] [33mCurrent sync request ID has changed. Dropping this sync loop![0m
Linux Desktop Tests (2)	UNKNOWN STEP	2026-02-25T19:55:44.0058805Z 00:52 +2: Multi-User Correspondence with Real Matrix Server STRICT: Messages display sender information
Linux Desktop Tests (2)	UNKNOWN STEP	2026-02-25T19:55:44.0061834Z Tapping host submit button...
Linux Desktop Tests (2)	UNKNOWN STEP	2026-02-25T19:55:46.0767391Z Waiting for login page to appear...
Linux Desktop Tests (2)	UNKNOWN STEP	2026-02-25T19:55:46.5990064Z Login page reached.
Linux Desktop Tests (2)	UNKNOWN STEP	2026-02-25T19:55:46.5990889Z Step 4: Looking for login fields...
Linux Desktop Tests (2)	UNKNOWN STEP	2026-02-25T19:55:46.5992332Z Entering username: testuser1
Linux Desktop Tests (2)	UNKNOWN STEP	2026-02-25T19:55:48.7056366Z Entering password...
Linux Desktop Tests (2)	UNKNOWN STEP	2026-02-25T19:55:50.8046318Z Tapping login submit button...
Linux Desktop Tests (2)	UNKNOWN STEP	2026-02-25T19:55:52.8767264Z Step 5: Waiting for finished page (introGoButton)...
Linux Desktop Tests (2)	UNKNOWN STEP	2026-02-25T19:55:53.1675116Z [Matrix] [32mInitialize client Substitution[0m
Linux Desktop Tests (2)	UNKNOWN STEP	2026-02-25T19:55:53.1833727Z [Matrix] [32mSuccessfully connected as testuser1 with http://localhost:8008[0m
Linux Desktop Tests (2)	UNKNOWN STEP	2026-02-25T19:55:54.4553544Z Finished page reached.
Linux Desktop Tests (2)	UNKNOWN STEP	2026-02-25T19:55:54.4553953Z Tapping Go button...
Linux Desktop Tests (2)	UNKNOWN STEP	2026-02-25T19:55:54.4590458Z Waiting for feed (Scrollable)...
Linux Desktop Tests (2)	UNKNOWN STEP	2026-02-25T19:55:54.5694862Z 01:02 +2: Multi-User Correspondence with Real Matrix Server STRICT: Two users can see messages from each other in shared room
Linux Desktop Tests (2)	UNKNOWN STEP	2026-02-25T19:55:54.5696416Z checking room test_art id: !PpoENRiyfzJyYrdzkH:test.matrix.local
Linux Desktop Tests (2)	UNKNOWN STEP	2026-02-25T19:55:54.5699731Z checking room test_general id: !pyMwbcPJpPnXMoeXcR:test.matrix.local
Linux Desktop Tests (2)	UNKNOWN STEP	2026-02-25T19:55:54.5700649Z checking room test_photos id: !VYXPoobSNFbLqiYzTM:test.matrix.local
Linux Desktop Tests (2)	UNKNOWN STEP	2026-02-25T19:55:54.5701716Z checking room test_invite_only id: !OcNvlTXcKbRdlTFvae:test.matrix.local
Linux Desktop Tests (2)	UNKNOWN STEP	2026-02-25T19:55:54.5702561Z checking room test_avatar id: !KZHLygWzCCVpvnMrTb:test.matrix.local
Linux Desktop Tests (2)	UNKNOWN STEP	2026-02-25T19:55:54.5703014Z start quering new events...
Linux Desktop Tests (2)	UNKNOWN STEP	2026-02-25T19:55:54.5703245Z finished...
Linux Desktop Tests (2)	UNKNOWN STEP	2026-02-25T19:55:54.5703422Z ret is empty...
Linux Desktop Tests (2)	UNKNOWN STEP	2026-02-25T19:55:54.5703629Z no new things to append...
Linux Desktop Tests (2)	UNKNOWN STEP	2026-02-25T19:55:54.9744248Z 01:03 +2: Multi-User Correspondence with Real Matrix Server STRICT: Messages display sender information
Linux Desktop Tests (2)	UNKNOWN STEP	2026-02-25T19:55:54.9745107Z Feed reached.
Linux Desktop Tests (2)	UNKNOWN STEP	2026-02-25T19:55:54.9746280Z ⚠ find.byType(CircleAvatar) not found (MUST show user avatars with messages) - skipping
Linux Desktop Tests (2)	UNKNOWN STEP	2026-02-25T19:55:55.0153364Z 01:03 +3: Multi-User Correspondence with Real Matrix Server STRICT: Both users can compose and send in same room
Linux Desktop Tests (2)	UNKNOWN STEP	2026-02-25T19:55:55.0732511Z *** sqflite warning ***
Linux Desktop Tests (2)	UNKNOWN STEP	2026-02-25T19:55:55.0732879Z 
Linux Desktop Tests (2)	UNKNOWN STEP	2026-02-25T19:55:55.0734396Z You are changing sqflite default factory.
Linux Desktop Tests (2)	UNKNOWN STEP	2026-02-25T19:55:55.0735535Z Be aware of the potential side effects. Any library using sqflite
Linux Desktop Tests (2)	UNKNOWN STEP	2026-02-25T19:55:55.0736336Z will have this factory as the default for all operations.
Linux Desktop Tests (2)	UNKNOWN STEP	2026-02-25T19:55:55.0736754Z 
Linux Desktop Tests (2)	UNKNOWN STEP	2026-02-25T19:55:55.0736889Z *** sqflite warning ***
Linux Desktop Tests (2)	UNKNOWN STEP	2026-02-25T19:55:55.0737113Z 
Linux Desktop Tests (2)	UNKNOWN STEP	2026-02-25T19:55:55.1062801Z Waiting for globalMatrixClient to be initialized...
Linux Desktop Tests (2)	UNKNOWN STEP	2026-02-25T19:55:55.1319576Z [90m[🌎 Easy Localization] [DEBUG] Localization initialized[0m
Linux Desktop Tests (2)	UNKNOWN STEP	2026-02-25T19:55:55.1320178Z [Matrix] [32mInitialize client Substitution[0m
Linux Desktop Tests (2)	UNKNOWN STEP	2026-02-25T19:55:55.1337743Z [Matrix] [32mUser is not logged in.[0m
Linux Desktop Tests (2)	UNKNOWN STEP	2026-02-25T19:55:55.1339800Z [90m[🌎 Easy Localization] [DEBUG] Start[0m
Linux Desktop Tests (2)	UNKNOWN STEP	2026-02-25T19:55:55.6192219Z 01:03 +3: Multi-User Correspondence with Real Matrix Server STRICT: Two users can see messages from each other in shared room
Linux Desktop Tests (2)	UNKNOWN STEP	2026-02-25T19:55:55.6194351Z [90m[🌎 Easy Localization] [DEBUG] Init state[0m
Linux Desktop Tests (2)	UNKNOWN STEP	2026-02-25T19:55:55.6195304Z [90m[🌎 Easy Localization] [DEBUG] Build[0m
Linux Desktop Tests (2)	UNKNOWN STEP	2026-02-25T19:55:55.6195998Z [90m[🌎 Easy Localization] [DEBUG] Init Localization Delegate[0m
Linux Desktop Tests (2)	UNKNOWN STEP	2026-02-25T19:55:55.6196652Z [90m[🌎 Easy Localization] [DEBUG] Init provider[0m
Linux Desktop Tests (2)	UNKNOWN STEP	2026-02-25T19:55:55.6252888Z [90m[🌎 Easy Localization] [DEBUG] Load Localization Delegate[0m
Linux Desktop Tests (2)	UNKNOWN STEP	2026-02-25T19:55:55.6255186Z [90m[🌎 Easy Localization] [DEBUG] Load asset from assets/translations[0m
Linux Desktop Tests (2)	UNKNOWN STEP	2026-02-25T19:55:55.6281262Z 01:03 +3: Multi-User Correspondence with Real Matrix Server STRICT: Both users can compose and send in same room
Linux Desktop Tests (2)	UNKNOWN STEP	2026-02-25T19:55:55.6282391Z globalMatrixClient initialized!
Linux Desktop Tests (2)	UNKNOWN STEP	2026-02-25T19:55:55.6282958Z Step 1: Checking for Age Gate, Intro, or Login fields...
Linux Desktop Tests (2)	UNKNOWN STEP	2026-02-25T19:55:56.1349586Z 01:04 +3: Multi-User Correspondence with Real Matrix Server STRICT: Two users can see messages from each other in shared room
Linux Desktop Tests (2)	UNKNOWN STEP	2026-02-25T19:55:56.1351820Z [90m[🌎 Easy Localization] [DEBUG] Build[0m
Linux Desktop Tests (2)	UNKNOWN STEP	2026-02-25T19:55:56.1353288Z [90m[🌎 Easy Localization] [DEBUG] Init Localization Delegate[0m
Linux Desktop Tests (2)	UNKNOWN STEP	2026-02-25T19:55:56.1354315Z [90m[🌎 Easy Localization] [DEBUG] Init provider[0m
Linux Desktop Tests (2)	UNKNOWN STEP	2026-02-25T19:55:56.1747593Z 01:04 +3: Multi-User Correspondence with Real Matrix Server STRICT: Both users can compose and send in same room
Linux Desktop Tests (2)	UNKNOWN STEP	2026-02-25T19:55:56.1748692Z Found screen! AgeGate: false, Intro: true, Username: false, Host: false
Linux Desktop Tests (2)	UNKNOWN STEP	2026-02-25T19:55:56.1749357Z Step 2: Navigating through onboarding...
Linux Desktop Tests (2)	UNKNOWN STEP	2026-02-25T19:55:58.2381328Z Tapping Next button at step 0...
Linux Desktop Tests (2)	UNKNOWN STEP	2026-02-25T19:56:00.3210002Z Tapping Next button at step 1...
Linux Desktop Tests (2)	UNKNOWN STEP	2026-02-25T19:56:02.4044414Z Reached target page at step 2. Host: true, Username: false
Linux Desktop Tests (2)	UNKNOWN STEP	2026-02-25T19:56:02.4045603Z Onboarding navigation complete.
Linux Desktop Tests (2)	UNKNOWN STEP	2026-02-25T19:56:02.4046111Z Step 3: Entering host URL: http://localhost:8008
Linux Desktop Tests (2)	UNKNOWN STEP	2026-02-25T19:56:04.5209113Z Tapping host submit button...
Linux Desktop Tests (2)	UNKNOWN STEP	2026-02-25T19:56:06.5928461Z Waiting for login page to appear...
Linux Desktop Tests (2)	UNKNOWN STEP	2026-02-25T19:56:07.1186636Z Login page reached.
Linux Desktop Tests (2)	UNKNOWN STEP	2026-02-25T19:56:07.1187710Z Step 4: Looking for login fields...
Linux Desktop Tests (2)	UNKNOWN STEP	2026-02-25T19:56:07.1189032Z Entering username: testuser2
Linux Desktop Tests (2)	UNKNOWN STEP	2026-02-25T19:56:08.0517209Z 01:16 +3: Multi-User Correspondence with Real Matrix Server STRICT: Messages display sender information
Linux Desktop Tests (2)	UNKNOWN STEP	2026-02-25T19:56:08.0518320Z [Matrix] [33mCurrent sync request ID has changed. Dropping this sync loop![0m
Linux Desktop Tests (2)	UNKNOWN STEP	2026-02-25T19:56:09.2201805Z 01:17 +3: Multi-User Correspondence with Real Matrix Server STRICT: Both users can compose and send in same room
Linux Desktop Tests (2)	UNKNOWN STEP	2026-02-25T19:56:09.2203357Z Entering password...
Linux Desktop Tests (2)	UNKNOWN STEP	2026-02-25T19:56:11.3200583Z Tapping login submit button...
Linux Desktop Tests (2)	UNKNOWN STEP	2026-02-25T19:56:13.3934304Z Step 5: Waiting for finished page (introGoButton)...
Linux Desktop Tests (2)	UNKNOWN STEP	2026-02-25T19:56:13.6857130Z [Matrix] [32mInitialize client Substitution[0m
Linux Desktop Tests (2)	UNKNOWN STEP	2026-02-25T19:56:13.7009321Z [Matrix] [32mSuccessfully connected as testuser2 with http://localhost:8008[0m
Linux Desktop Tests (2)	UNKNOWN STEP	2026-02-25T19:56:14.4559880Z Finished page reached.
Linux Desktop Tests (2)	UNKNOWN STEP	2026-02-25T19:56:14.4560745Z Tapping Go button...
Linux Desktop Tests (2)	UNKNOWN STEP	2026-02-25T19:56:14.4599550Z Waiting for feed (Scrollable)...
Linux Desktop Tests (2)	UNKNOWN STEP	2026-02-25T19:56:14.5683592Z 01:22 +3: Multi-User Correspondence with Real Matrix Server STRICT: Two users can see messages from each other in shared room
Linux Desktop Tests (2)	UNKNOWN STEP	2026-02-25T19:56:14.5684834Z checking room test_photos id: !VYXPoobSNFbLqiYzTM:test.matrix.local
Linux Desktop Tests (2)	UNKNOWN STEP	2026-02-25T19:56:14.5687241Z checking room test_art id: !PpoENRiyfzJyYrdzkH:test.matrix.local
Linux Desktop Tests (2)	UNKNOWN STEP	2026-02-25T19:56:14.5688078Z checking room test_general id: !pyMwbcPJpPnXMoeXcR:test.matrix.local
Linux Desktop Tests (2)	UNKNOWN STEP	2026-02-25T19:56:14.5688936Z checking room test_avatar id: !KZHLygWzCCVpvnMrTb:test.matrix.local
Linux Desktop Tests (2)	UNKNOWN STEP	2026-02-25T19:56:14.5689584Z start quering new events...
Linux Desktop Tests (2)	UNKNOWN STEP	2026-02-25T19:56:14.5689974Z finished...
Linux Desktop Tests (2)	UNKNOWN STEP	2026-02-25T19:56:14.5690296Z ret is empty...
Linux Desktop Tests (2)	UNKNOWN STEP	2026-02-25T19:56:14.5690616Z no new things to append...
Linux Desktop Tests (2)	UNKNOWN STEP	2026-02-25T19:56:14.9749152Z 01:23 +3: Multi-User Correspondence with Real Matrix Server STRICT: Both users can compose and send in same room
Linux Desktop Tests (2)	UNKNOWN STEP	2026-02-25T19:56:14.9750049Z Feed reached.
Linux Desktop Tests (2)	UNKNOWN STEP	2026-02-25T19:56:14.9752985Z ⚠ find.byIcon(Icons.edit) not found (MUST have compose button) - skipping
Linux Desktop Tests (2)	UNKNOWN STEP	2026-02-25T19:56:15.0146859Z 01:23 +4: Multi-User Correspondence with Real Matrix Server STRICT: Messages preserve order and timestamps
Linux Desktop Tests (2)	UNKNOWN STEP	2026-02-25T19:56:15.0715841Z *** sqflite warning ***
Linux Desktop Tests (2)	UNKNOWN STEP	2026-02-25T19:56:15.0716362Z 
Linux Desktop Tests (2)	UNKNOWN STEP	2026-02-25T19:56:15.0716631Z You are changing sqflite default factory.
Linux Desktop Tests (2)	UNKNOWN STEP	2026-02-25T19:56:15.0717320Z Be aware of the potential side effects. Any library using sqflite
Linux Desktop Tests (2)	UNKNOWN STEP	2026-02-25T19:56:15.0717974Z will have this factory as the default for all operations.
Linux Desktop Tests (2)	UNKNOWN STEP	2026-02-25T19:56:15.0718389Z 
Linux Desktop Tests (2)	UNKNOWN STEP	2026-02-25T19:56:15.0718577Z *** sqflite warning ***
Linux Desktop Tests (2)	UNKNOWN STEP	2026-02-25T19:56:15.0718815Z 
Linux Desktop Tests (2)	UNKNOWN STEP	2026-02-25T19:56:15.1060916Z Waiting for globalMatrixClient to be initialized...
Linux Desktop Tests (2)	UNKNOWN STEP	2026-02-25T19:56:15.1264865Z [90m[🌎 Easy Localization] [DEBUG] Localization initialized[0m
Linux Desktop Tests (2)	UNKNOWN STEP	2026-02-25T19:56:15.1266179Z [Matrix] [32mInitialize client Substitution[0m
Linux Desktop Tests (2)	UNKNOWN STEP	2026-02-25T19:56:15.1283648Z [Matrix] [32mUser is not logged in.[0m
Linux Desktop Tests (2)	UNKNOWN STEP	2026-02-25T19:56:15.1285263Z [90m[🌎 Easy Localization] [DEBUG] Start[0m
Linux Desktop Tests (2)	UNKNOWN STEP	2026-02-25T19:56:15.6188929Z 01:23 +4: Multi-User Correspondence with Real Matrix Server STRICT: Two users can see messages from each other in shared room
Linux Desktop Tests (2)	UNKNOWN STEP	2026-02-25T19:56:15.6191202Z [90m[🌎 Easy Localization] [DEBUG] Init state[0m
Linux Desktop Tests (2)	UNKNOWN STEP	2026-02-25T19:56:15.6192302Z [90m[🌎 Easy Localization] [DEBUG] Build[0m
Linux Desktop Tests (2)	UNKNOWN STEP	2026-02-25T19:56:15.6193283Z [90m[🌎 Easy Localization] [DEBUG] Init Localization Delegate[0m
Linux Desktop Tests (2)	UNKNOWN STEP	2026-02-25T19:56:15.6194102Z [90m[🌎 Easy Localization] [DEBUG] Init provider[0m
Linux Desktop Tests (2)	UNKNOWN STEP	2026-02-25T19:56:15.6232339Z [90m[🌎 Easy Localization] [DEBUG] Load Localization Delegate[0m
Linux Desktop Tests (2)	UNKNOWN STEP	2026-02-25T19:56:15.6233942Z [90m[🌎 Easy Localization] [DEBUG] Load asset from assets/translations[0m
Linux Desktop Tests (2)	UNKNOWN STEP	2026-02-25T19:56:15.6255001Z 01:23 +4: Multi-User Correspondence with Real Matrix Server STRICT: Messages preserve order and timestamps
Linux Desktop Tests (2)	UNKNOWN STEP	2026-02-25T19:56:15.6255907Z globalMatrixClient initialized!
Linux Desktop Tests (2)	UNKNOWN STEP	2026-02-25T19:56:15.6256428Z Step 1: Checking for Age Gate, Intro, or Login fields...
Linux Desktop Tests (2)	UNKNOWN STEP	2026-02-25T19:56:16.1354088Z 01:24 +4: Multi-User Correspondence with Real Matrix Server STRICT: Two users can see messages from each other in shared room
Linux Desktop Tests (2)	UNKNOWN STEP	2026-02-25T19:56:16.1356242Z [90m[🌎 Easy Localization] [DEBUG] Build[0m
Linux Desktop Tests (2)	UNKNOWN STEP	2026-02-25T19:56:16.1357824Z [90m[🌎 Easy Localization] [DEBUG] Init Localization Delegate[0m
Linux Desktop Tests (2)	UNKNOWN STEP	2026-02-25T19:56:16.1358967Z [90m[🌎 Easy Localization] [DEBUG] Init provider[0m
Linux Desktop Tests (2)	UNKNOWN STEP	2026-02-25T19:56:16.1716640Z 01:24 +4: Multi-User Correspondence with Real Matrix Server STRICT: Messages preserve order and timestamps
Linux Desktop Tests (2)	UNKNOWN STEP	2026-02-25T19:56:16.1718832Z Found screen! AgeGate: false, Intro: true, Username: false, Host: false
Linux Desktop Tests (2)	UNKNOWN STEP	2026-02-25T19:56:16.1719531Z Step 2: Navigating through onboarding...
Linux Desktop Tests (2)	UNKNOWN STEP	2026-02-25T19:56:18.2384792Z Tapping Next button at step 0...
Linux Desktop Tests (2)	UNKNOWN STEP	2026-02-25T19:56:20.3037700Z Tapping Next button at step 1...
Linux Desktop Tests (2)	UNKNOWN STEP	2026-02-25T19:56:22.3714846Z Reached target page at step 2. Host: true, Username: false
Linux Desktop Tests (2)	UNKNOWN STEP	2026-02-25T19:56:22.3715677Z Onboarding navigation complete.
Linux Desktop Tests (2)	UNKNOWN STEP	2026-02-25T19:56:22.3716169Z Step 3: Entering host URL: http://localhost:8008
Linux Desktop Tests (2)	UNKNOWN STEP	2026-02-25T19:56:24.4703430Z Tapping host submit button...
Linux Desktop Tests (2)	UNKNOWN STEP	2026-02-25T19:56:26.5442458Z Waiting for login page to appear...
Linux Desktop Tests (2)	UNKNOWN STEP	2026-02-25T19:56:27.0666129Z Login page reached.
Linux Desktop Tests (2)	UNKNOWN STEP	2026-02-25T19:56:27.0666918Z Step 4: Looking for login fields...
Linux Desktop Tests (2)	UNKNOWN STEP	2026-02-25T19:56:27.0667430Z Entering username: testuser1
Linux Desktop Tests (2)	UNKNOWN STEP	2026-02-25T19:56:28.0522312Z 01:36 +4: Multi-User Correspondence with Real Matrix Server STRICT: Both users can compose and send in same room
Linux Desktop Tests (2)	UNKNOWN STEP	2026-02-25T19:56:28.0523503Z [Matrix] [33mCurrent sync request ID has changed. Dropping this sync loop![0m
Linux Desktop Tests (2)	UNKNOWN STEP	2026-02-25T19:56:29.1700840Z 01:37 +4: Multi-User Correspondence with Real Matrix Server STRICT: Messages preserve order and timestamps
Linux Desktop Tests (2)	UNKNOWN STEP	2026-02-25T19:56:29.1702276Z Entering password...
Linux Desktop Tests (2)	UNKNOWN STEP	2026-02-25T19:56:31.2711573Z Tapping login submit button...
Linux Desktop Tests (2)	UNKNOWN STEP	2026-02-25T19:56:33.3434860Z Step 5: Waiting for finished page (introGoButton)...
Linux Desktop Tests (2)	UNKNOWN STEP	2026-02-25T19:56:33.6345793Z [Matrix] [32mInitialize client Substitution[0m
Linux Desktop Tests (2)	UNKNOWN STEP	2026-02-25T19:56:33.6492534Z [Matrix] [32mSuccessfully connected as testuser1 with http://localhost:8008[0m
Linux Desktop Tests (2)	UNKNOWN STEP	2026-02-25T19:56:34.4047570Z Finished page reached.
Linux Desktop Tests (2)	UNKNOWN STEP	2026-02-25T19:56:34.4048000Z Tapping Go button...
Linux Desktop Tests (2)	UNKNOWN STEP	2026-02-25T19:56:34.4083004Z Waiting for feed (Scrollable)...
Linux Desktop Tests (2)	UNKNOWN STEP	2026-02-25T19:56:34.5294485Z 01:42 +4: Multi-User Correspondence with Real Matrix Server STRICT: Two users can see messages from each other in shared room
Linux Desktop Tests (2)	UNKNOWN STEP	2026-02-25T19:56:34.5295720Z checking room test_art id: !PpoENRiyfzJyYrdzkH:test.matrix.local
Linux Desktop Tests (2)	UNKNOWN STEP	2026-02-25T19:56:34.5296522Z checking room test_general id: !pyMwbcPJpPnXMoeXcR:test.matrix.local
Linux Desktop Tests (2)	UNKNOWN STEP	2026-02-25T19:56:34.5299625Z checking room test_photos id: !VYXPoobSNFbLqiYzTM:test.matrix.local
Linux Desktop Tests (2)	UNKNOWN STEP	2026-02-25T19:56:34.5300427Z checking room test_invite_only id: !OcNvlTXcKbRdlTFvae:test.matrix.local
Linux Desktop Tests (2)	UNKNOWN STEP	2026-02-25T19:56:34.5301240Z checking room test_avatar id: !KZHLygWzCCVpvnMrTb:test.matrix.local
Linux Desktop Tests (2)	UNKNOWN STEP	2026-02-25T19:56:34.5302225Z start quering new events...
Linux Desktop Tests (2)	UNKNOWN STEP	2026-02-25T19:56:34.5302741Z finished...
Linux Desktop Tests (2)	UNKNOWN STEP	2026-02-25T19:56:34.5303038Z ret is empty...
Linux Desktop Tests (2)	UNKNOWN STEP	2026-02-25T19:56:34.5304214Z no new things to append...
Linux Desktop Tests (2)	UNKNOWN STEP	2026-02-25T19:56:34.9245508Z 01:43 +4: Multi-User Correspondence with Real Matrix Server STRICT: Messages preserve order and timestamps
Linux Desktop Tests (2)	UNKNOWN STEP	2026-02-25T19:56:34.9246512Z Feed reached.
Linux Desktop Tests (2)	UNKNOWN STEP	2026-02-25T19:56:37.0055082Z ✓ STRICT: Messages preserve order and scrolling works
Linux Desktop Tests (2)	UNKNOWN STEP	2026-02-25T19:56:37.0441873Z 01:45 +5: Multi-User Correspondence with Real Matrix Server STRICT: Reactions/replies preserve multi-user context
Linux Desktop Tests (2)	UNKNOWN STEP	2026-02-25T19:56:37.0990156Z *** sqflite warning ***
Linux Desktop Tests (2)	UNKNOWN STEP	2026-02-25T19:56:37.0990729Z 
Linux Desktop Tests (2)	UNKNOWN STEP	2026-02-25T19:56:37.0991334Z You are changing sqflite default factory.
Linux Desktop Tests (2)	UNKNOWN STEP	2026-02-25T19:56:37.0994055Z Be aware of the potential side effects. Any library using sqflite
Linux Desktop Tests (2)	UNKNOWN STEP	2026-02-25T19:56:37.0994769Z will have this factory as the default for all operations.
Linux Desktop Tests (2)	UNKNOWN STEP	2026-02-25T19:56:37.0995197Z 
Linux Desktop Tests (2)	UNKNOWN STEP	2026-02-25T19:56:37.0995334Z *** sqflite warning ***
Linux Desktop Tests (2)	UNKNOWN STEP	2026-02-25T19:56:37.0995572Z 
Linux Desktop Tests (2)	UNKNOWN STEP	2026-02-25T19:56:37.1323307Z Waiting for globalMatrixClient to be initialized...
Linux Desktop Tests (2)	UNKNOWN STEP	2026-02-25T19:56:37.1533449Z [90m[🌎 Easy Localization] [DEBUG] Localization initialized[0m
Linux Desktop Tests (2)	UNKNOWN STEP	2026-02-25T19:56:37.1534216Z [Matrix] [32mInitialize client Substitution[0m
Linux Desktop Tests (2)	UNKNOWN STEP	2026-02-25T19:56:37.1602487Z [Matrix] [32mUser is not logged in.[0m
Linux Desktop Tests (2)	UNKNOWN STEP	2026-02-25T19:56:37.1604082Z [90m[🌎 Easy Localization] [DEBUG] Start[0m
Linux Desktop Tests (2)	UNKNOWN STEP	2026-02-25T19:56:37.6371005Z 01:45 +5: Multi-User Correspondence with Real Matrix Server STRICT: Two users can see messages from each other in shared room
Linux Desktop Tests (2)	UNKNOWN STEP	2026-02-25T19:56:37.6373367Z [90m[🌎 Easy Localization] [DEBUG] Init state[0m
Linux Desktop Tests (2)	UNKNOWN STEP	2026-02-25T19:56:37.6374449Z [90m[🌎 Easy Localization] [DEBUG] Build[0m
Linux Desktop Tests (2)	UNKNOWN STEP	2026-02-25T19:56:37.6375711Z [90m[🌎 Easy Localization] [DEBUG] Init Localization Delegate[0m
Linux Desktop Tests (2)	UNKNOWN STEP	2026-02-25T19:56:37.6376478Z [90m[🌎 Easy Localization] [DEBUG] Init provider[0m
Linux Desktop Tests (2)	UNKNOWN STEP	2026-02-25T19:56:37.6435479Z [90m[🌎 Easy Localization] [DEBUG] Load Localization Delegate[0m
Linux Desktop Tests (2)	UNKNOWN STEP	2026-02-25T19:56:37.6437072Z [90m[🌎 Easy Localization] [DEBUG] Load asset from assets/translations[0m
Linux Desktop Tests (2)	UNKNOWN STEP	2026-02-25T19:56:37.6468227Z 01:45 +5: Multi-User Correspondence with Real Matrix Server STRICT: Reactions/replies preserve multi-user context
Linux Desktop Tests (2)	UNKNOWN STEP	2026-02-25T19:56:37.6469242Z globalMatrixClient initialized!
Linux Desktop Tests (2)	UNKNOWN STEP	2026-02-25T19:56:37.6469611Z Step 1: Checking for Age Gate, Intro, or Login fields...
Linux Desktop Tests (2)	UNKNOWN STEP	2026-02-25T19:56:38.1517456Z 01:46 +5: Multi-User Correspondence with Real Matrix Server STRICT: Two users can see messages from each other in shared room
Linux Desktop Tests (2)	UNKNOWN STEP	2026-02-25T19:56:38.1519638Z [90m[🌎 Easy Localization] [DEBUG] Build[0m
Linux Desktop Tests (2)	UNKNOWN STEP	2026-02-25T19:56:38.1520806Z [90m[🌎 Easy Localization] [DEBUG] Init Localization Delegate[0m
Linux Desktop Tests (2)	UNKNOWN STEP	2026-02-25T19:56:38.1522364Z [90m[🌎 Easy Localization] [DEBUG] Init provider[0m
Linux Desktop Tests (2)	UNKNOWN STEP	2026-02-25T19:56:38.1881968Z 01:46 +5: Multi-User Correspondence with Real Matrix Server STRICT: Reactions/replies preserve multi-user context
Linux Desktop Tests (2)	UNKNOWN STEP	2026-02-25T19:56:38.1883180Z Found screen! AgeGate: false, Intro: true, Username: false, Host: false
Linux Desktop Tests (2)	UNKNOWN STEP	2026-02-25T19:56:38.1886616Z Step 2: Navigating through onboarding...
Linux Desktop Tests (2)	UNKNOWN STEP	2026-02-25T19:56:40.2543605Z Tapping Next button at step 0...
Linux Desktop Tests (2)	UNKNOWN STEP	2026-02-25T19:56:42.3209517Z Tapping Next button at step 1...
Linux Desktop Tests (2)	UNKNOWN STEP	2026-02-25T19:56:44.3883776Z Reached target page at step 2. Host: true, Username: false
Linux Desktop Tests (2)	UNKNOWN STEP	2026-02-25T19:56:44.3885128Z Onboarding navigation complete.
Linux Desktop Tests (2)	UNKNOWN STEP	2026-02-25T19:56:44.3886145Z Step 3: Entering host URL: http://localhost:8008
Linux Desktop Tests (2)	UNKNOWN STEP	2026-02-25T19:56:46.4870183Z Tapping host submit button...
Linux Desktop Tests (2)	UNKNOWN STEP	2026-02-25T19:56:48.0540955Z 01:56 +5: Multi-User Correspondence with Real Matrix Server STRICT: Messages preserve order and timestamps
Linux Desktop Tests (2)	UNKNOWN STEP	2026-02-25T19:56:48.0542301Z [Matrix] [33mCurrent sync request ID has changed. Dropping this sync loop![0m
Linux Desktop Tests (2)	UNKNOWN STEP	2026-02-25T19:56:48.5599750Z 01:56 +5: Multi-User Correspondence with Real Matrix Server STRICT: Reactions/replies preserve multi-user context
Linux Desktop Tests (2)	UNKNOWN STEP	2026-02-25T19:56:48.5600742Z Waiting for login page to appear...
Linux Desktop Tests (2)	UNKNOWN STEP	2026-02-25T19:56:49.0826380Z Login page reached.
Linux Desktop Tests (2)	UNKNOWN STEP	2026-02-25T19:56:49.0827901Z Step 4: Looking for login fields...
Linux Desktop Tests (2)	UNKNOWN STEP	2026-02-25T19:56:49.0828369Z Entering username: testuser1
Linux Desktop Tests (2)	UNKNOWN STEP	2026-02-25T19:56:51.1867528Z Entering password...
Linux Desktop Tests (2)	UNKNOWN STEP	2026-02-25T19:56:53.2696963Z Tapping login submit button...
Linux Desktop Tests (2)	UNKNOWN STEP	2026-02-25T19:56:55.3430266Z Step 5: Waiting for finished page (introGoButton)...
Linux Desktop Tests (2)	UNKNOWN STEP	2026-02-25T19:56:55.6369644Z [Matrix] [32mInitialize client Substitution[0m
Linux Desktop Tests (2)	UNKNOWN STEP	2026-02-25T19:56:55.6526170Z [Matrix] [32mSuccessfully connected as testuser1 with http://localhost:8008[0m
Linux Desktop Tests (2)	UNKNOWN STEP	2026-02-25T19:56:56.9184915Z Finished page reached.
Linux Desktop Tests (2)	UNKNOWN STEP	2026-02-25T19:56:56.9185319Z Tapping Go button...
Linux Desktop Tests (2)	UNKNOWN STEP	2026-02-25T19:56:56.9221164Z Waiting for feed (Scrollable)...
Linux Desktop Tests (2)	UNKNOWN STEP	2026-02-25T19:56:57.0473292Z 02:05 +5: Multi-User Correspondence with Real Matrix Server STRICT: Two users can see messages from each other in shared room
Linux Desktop Tests (2)	UNKNOWN STEP	2026-02-25T19:56:57.0474589Z checking room test_art id: !PpoENRiyfzJyYrdzkH:test.matrix.local
Linux Desktop Tests (2)	UNKNOWN STEP	2026-02-25T19:56:57.0475430Z checking room test_general id: !pyMwbcPJpPnXMoeXcR:test.matrix.local
Linux Desktop Tests (2)	UNKNOWN STEP	2026-02-25T19:56:57.0476310Z checking room test_photos id: !VYXPoobSNFbLqiYzTM:test.matrix.local
Linux Desktop Tests (2)	UNKNOWN STEP	2026-02-25T19:56:57.0485507Z checking room test_invite_only id: !OcNvlTXcKbRdlTFvae:test.matrix.local
Linux Desktop Tests (2)	UNKNOWN STEP	2026-02-25T19:56:57.0486069Z checking room test_avatar id: !KZHLygWzCCVpvnMrTb:test.matrix.local
Linux Desktop Tests (2)	UNKNOWN STEP	2026-02-25T19:56:57.0486451Z start quering new events...
Linux Desktop Tests (2)	UNKNOWN STEP	2026-02-25T19:56:57.0486822Z finished...
Linux Desktop Tests (2)	UNKNOWN STEP	2026-02-25T19:56:57.0487058Z ret is empty...
Linux Desktop Tests (2)	UNKNOWN STEP	2026-02-25T19:56:57.0487297Z no new things to append...
Linux Desktop Tests (2)	UNKNOWN STEP	2026-02-25T19:56:57.4412724Z 02:05 +5: Multi-User Correspondence with Real Matrix Server STRICT: Reactions/replies preserve multi-user context
Linux Desktop Tests (2)	UNKNOWN STEP	2026-02-25T19:56:57.4414451Z Feed reached.
Linux Desktop Tests (2)	UNKNOWN STEP	2026-02-25T19:56:57.4417733Z ⚠ listItems not found (MUST show messages as list items) - skipping
Linux Desktop Tests (2)	UNKNOWN STEP	2026-02-25T19:56:57.4798638Z 02:05 +6: (tearDownAll)
Linux Desktop Tests (2)	UNKNOWN STEP	2026-02-25T19:56:57.4953708Z 02:05 +6: All tests passed!
Linux Desktop Tests (2)	UNKNOWN STEP	2026-02-25T19:56:57.5457053Z [0;34m[INFO][0m   Running: integration_test/refresh_logic_test.dart
Linux Desktop Tests (2)	UNKNOWN STEP	2026-02-25T19:56:58.5638630Z 00:00 +0: loading /home/runner/work/substitution/substitution/integration_test/refresh_logic_test.dart
Linux Desktop Tests (2)	UNKNOWN STEP	2026-02-25T19:57:24.3897629Z Building Linux application...                                   
Linux Desktop Tests (2)	UNKNOWN STEP	2026-02-25T19:57:24.3926504Z ✓ Built build/linux/x64/debug/bundle/substitution
Linux Desktop Tests (2)	UNKNOWN STEP	2026-02-25T19:57:25.0948793Z 00:00 +0: (setUpAll)
Linux Desktop Tests (2)	UNKNOWN STEP	2026-02-25T19:57:25.1139231Z 00:00 +0: Refresh Logic Integration Tests Pull to refresh in populated feed works
Linux Desktop Tests (2)	UNKNOWN STEP	2026-02-25T19:57:25.4827144Z *** sqflite warning ***
Linux Desktop Tests (2)	UNKNOWN STEP	2026-02-25T19:57:25.4827600Z 
Linux Desktop Tests (2)	UNKNOWN STEP	2026-02-25T19:57:25.4827901Z You are changing sqflite default factory.
Linux Desktop Tests (2)	UNKNOWN STEP	2026-02-25T19:57:25.4828800Z Be aware of the potential side effects. Any library using sqflite
Linux Desktop Tests (2)	UNKNOWN STEP	2026-02-25T19:57:25.4829529Z will have this factory as the default for all operations.
Linux Desktop Tests (2)	UNKNOWN STEP	2026-02-25T19:57:25.4829973Z 
Linux Desktop Tests (2)	UNKNOWN STEP	2026-02-25T19:57:25.4830118Z *** sqflite warning ***
Linux Desktop Tests (2)	UNKNOWN STEP	2026-02-25T19:57:25.4830350Z 
Linux Desktop Tests (2)	UNKNOWN STEP	2026-02-25T19:57:25.5484783Z Waiting for globalMatrixClient to be initialized...
Linux Desktop Tests (2)	UNKNOWN STEP	2026-02-25T19:57:25.6099237Z [90m[🌎 Easy Localization] [DEBUG] Localization initialized[0m
Linux Desktop Tests (2)	UNKNOWN STEP	2026-02-25T19:57:25.6122761Z [Matrix] [32mInitialize client Substitution[0m
Linux Desktop Tests (2)	UNKNOWN STEP	2026-02-25T19:57:25.6200025Z [Matrix] [32mUser is not logged in.[0m
Linux Desktop Tests (2)	UNKNOWN STEP	2026-02-25T19:57:25.6234241Z [90m[🌎 Easy Localization] [DEBUG] Start[0m
Linux Desktop Tests (2)	UNKNOWN STEP	2026-02-25T19:57:26.0716328Z [90m[🌎 Easy Localization] [DEBUG] Init state[0m
Linux Desktop Tests (2)	UNKNOWN STEP	2026-02-25T19:57:26.0731132Z [90m[🌎 Easy Localization] [DEBUG] Build[0m
Linux Desktop Tests (2)	UNKNOWN STEP	2026-02-25T19:57:26.0737018Z [90m[🌎 Easy Localization] [DEBUG] Init Localization Delegate[0m
Linux Desktop Tests (2)	UNKNOWN STEP	2026-02-25T19:57:26.0745322Z [90m[🌎 Easy Localization] [DEBUG] Init provider[0m
Linux Desktop Tests (2)	UNKNOWN STEP	2026-02-25T19:57:26.2138204Z [90m[🌎 Easy Localization] [DEBUG] Load Localization Delegate[0m
Linux Desktop Tests (2)	UNKNOWN STEP	2026-02-25T19:57:26.2150731Z [90m[🌎 Easy Localization] [DEBUG] Load asset from assets/translations[0m
Linux Desktop Tests (2)	UNKNOWN STEP	2026-02-25T19:57:26.3284417Z globalMatrixClient initialized!
Linux Desktop Tests (2)	UNKNOWN STEP	2026-02-25T19:57:26.3285403Z Step 1: Checking for Age Gate, Intro, or Login fields...
Linux Desktop Tests (2)	UNKNOWN STEP	2026-02-25T19:57:26.8469028Z [90m[🌎 Easy Localization] [DEBUG] Build[0m
Linux Desktop Tests (2)	UNKNOWN STEP	2026-02-25T19:57:26.8470949Z [90m[🌎 Easy Localization] [DEBUG] Init Localization Delegate[0m
Linux Desktop Tests (2)	UNKNOWN STEP	2026-02-25T19:57:26.8472647Z [90m[🌎 Easy Localization] [DEBUG] Init provider[0m
Linux Desktop Tests (2)	UNKNOWN STEP	2026-02-25T19:57:27.4061760Z Found screen! AgeGate: false, Intro: true, Username: false, Host: false
Linux Desktop Tests (2)	UNKNOWN STEP	2026-02-25T19:57:27.4075251Z Step 2: Navigating through onboarding...
Linux Desktop Tests (2)	UNKNOWN STEP	2026-02-25T19:57:29.4860953Z Tapping Next button at step 0...
Linux Desktop Tests (2)	UNKNOWN STEP	2026-02-25T19:57:31.6497221Z Tapping Next button at step 1...
Linux Desktop Tests (2)	UNKNOWN STEP	2026-02-25T19:57:33.7324844Z Reached target page at step 2. Host: true, Username: false
Linux Desktop Tests (2)	UNKNOWN STEP	2026-02-25T19:57:33.7329101Z Onboarding navigation complete.
Linux Desktop Tests (2)	UNKNOWN STEP	2026-02-25T19:57:33.7334421Z Step 3: Entering host URL: http://localhost:8008
Linux Desktop Tests (2)	UNKNOWN STEP	2026-02-25T19:57:35.9307910Z Tapping host submit button...
Linux Desktop Tests (2)	UNKNOWN STEP	2026-02-25T19:57:38.0429999Z Waiting for login page to appear...
Linux Desktop Tests (2)	UNKNOWN STEP	2026-02-25T19:57:38.5934024Z Login page reached.
Linux Desktop Tests (2)	UNKNOWN STEP	2026-02-25T19:57:38.5934457Z Step 4: Looking for login fields...
Linux Desktop Tests (2)	UNKNOWN STEP	2026-02-25T19:57:38.5957118Z Entering username: testuser1
Linux Desktop Tests (2)	UNKNOWN STEP	2026-02-25T19:57:40.7147750Z Entering password...
Linux Desktop Tests (2)	UNKNOWN STEP	2026-02-25T19:57:42.8322747Z Tapping login submit button...
Linux Desktop Tests (2)	UNKNOWN STEP	2026-02-25T19:57:44.9143196Z Step 5: Waiting for finished page (introGoButton)...
Linux Desktop Tests (2)	UNKNOWN STEP	2026-02-25T19:57:45.2094657Z [Matrix] [32mInitialize client Substitution[0m
Linux Desktop Tests (2)	UNKNOWN STEP	2026-02-25T19:57:45.2368726Z [Matrix] [32mSuccessfully connected as testuser1 with http://localhost:8008[0m
Linux Desktop Tests (2)	UNKNOWN STEP	2026-02-25T19:57:46.5108071Z Finished page reached.
Linux Desktop Tests (2)	UNKNOWN STEP	2026-02-25T19:57:46.5109051Z Tapping Go button...
Linux Desktop Tests (2)	UNKNOWN STEP	2026-02-25T19:57:46.5146141Z Waiting for feed (Scrollable)...
Linux Desktop Tests (2)	UNKNOWN STEP	2026-02-25T19:57:46.6800421Z checking room test_art id: !PpoENRiyfzJyYrdzkH:test.matrix.local
Linux Desktop Tests (2)	UNKNOWN STEP	2026-02-25T19:57:46.6842914Z checking room test_general id: !pyMwbcPJpPnXMoeXcR:test.matrix.local
Linux Desktop Tests (2)	UNKNOWN STEP	2026-02-25T19:57:46.6846465Z checking room test_photos id: !VYXPoobSNFbLqiYzTM:test.matrix.local
Linux Desktop Tests (2)	UNKNOWN STEP	2026-02-25T19:57:46.6852246Z checking room test_invite_only id: !OcNvlTXcKbRdlTFvae:test.matrix.local
Linux Desktop Tests (2)	UNKNOWN STEP	2026-02-25T19:57:46.6853209Z checking room test_avatar id: !KZHLygWzCCVpvnMrTb:test.matrix.local
Linux Desktop Tests (2)	UNKNOWN STEP	2026-02-25T19:57:46.6909100Z start quering new events...
Linux Desktop Tests (2)	UNKNOWN STEP	2026-02-25T19:57:46.6942949Z finished...
Linux Desktop Tests (2)	UNKNOWN STEP	2026-02-25T19:57:46.6945173Z ret is empty...
Linux Desktop Tests (2)	UNKNOWN STEP	2026-02-25T19:57:46.6950596Z no new things to append...
Linux Desktop Tests (2)	UNKNOWN STEP	2026-02-25T19:57:47.0430340Z Feed reached.
Linux Desktop Tests (2)	UNKNOWN STEP	2026-02-25T19:57:50.2722664Z 00:25 +1: Refresh Logic Integration Tests Pull to refresh in empty room room handles null check
Linux Desktop Tests (2)	UNKNOWN STEP	2026-02-25T19:57:50.3416500Z *** sqflite warning ***
Linux Desktop Tests (2)	UNKNOWN STEP	2026-02-25T19:57:50.3417157Z 
Linux Desktop Tests (2)	UNKNOWN STEP	2026-02-25T19:57:50.3417631Z You are changing sqflite default factory.
Linux Desktop Tests (2)	UNKNOWN STEP	2026-02-25T19:57:50.3418654Z Be aware of the potential side effects. Any library using sqflite
Linux Desktop Tests (2)	UNKNOWN STEP	2026-02-25T19:57:50.3424426Z will have this factory as the default for all operations.
Linux Desktop Tests (2)	UNKNOWN STEP	2026-02-25T19:57:50.3424847Z 
Linux Desktop Tests (2)	UNKNOWN STEP	2026-02-25T19:57:50.3424975Z *** sqflite warning ***
Linux Desktop Tests (2)	UNKNOWN STEP	2026-02-25T19:57:50.3425203Z 
Linux Desktop Tests (2)	UNKNOWN STEP	2026-02-25T19:57:50.3823505Z Waiting for globalMatrixClient to be initialized...
Linux Desktop Tests (2)	UNKNOWN STEP	2026-02-25T19:57:50.4033779Z [90m[🌎 Easy Localization] [DEBUG] Localization initialized[0m
Linux Desktop Tests (2)	UNKNOWN STEP	2026-02-25T19:57:50.4034327Z [Matrix] [32mInitialize client Substitution[0m
Linux Desktop Tests (2)	UNKNOWN STEP	2026-02-25T19:57:50.4047299Z [Matrix] [32mUser is not logged in.[0m
Linux Desktop Tests (2)	UNKNOWN STEP	2026-02-25T19:57:50.4051814Z [90m[🌎 Easy Localization] [DEBUG] Start[0m
Linux Desktop Tests (2)	UNKNOWN STEP	2026-02-25T19:57:50.8969411Z 00:25 +1: Refresh Logic Integration Tests Pull to refresh in populated feed works
Linux Desktop Tests (2)	UNKNOWN STEP	2026-02-25T19:57:50.8971072Z [90m[🌎 Easy Localization] [DEBUG] Init state[0m
Linux Desktop Tests (2)	UNKNOWN STEP	2026-02-25T19:57:50.8971961Z [90m[🌎 Easy Localization] [DEBUG] Build[0m
Linux Desktop Tests (2)	UNKNOWN STEP	2026-02-25T19:57:50.8975939Z [90m[🌎 Easy Localization] [DEBUG] Init Localization Delegate[0m
Linux Desktop Tests (2)	UNKNOWN STEP	2026-02-25T19:57:50.8976794Z [90m[🌎 Easy Localization] [DEBUG] Init provider[0m
Linux Desktop Tests (2)	UNKNOWN STEP	2026-02-25T19:57:50.9046111Z [90m[🌎 Easy Localization] [DEBUG] Load Localization Delegate[0m
Linux Desktop Tests (2)	UNKNOWN STEP	2026-02-25T19:57:50.9051053Z [90m[🌎 Easy Localization] [DEBUG] Load asset from assets/translations[0m
Linux Desktop Tests (2)	UNKNOWN STEP	2026-02-25T19:57:50.9083023Z 00:25 +1: Refresh Logic Integration Tests Pull to refresh in empty room room handles null check
Linux Desktop Tests (2)	UNKNOWN STEP	2026-02-25T19:57:50.9083969Z globalMatrixClient initialized!
Linux Desktop Tests (2)	UNKNOWN STEP	2026-02-25T19:57:50.9084768Z Step 1: Checking for Age Gate, Intro, or Login fields...
Linux Desktop Tests (2)	UNKNOWN STEP	2026-02-25T19:57:51.4137709Z 00:26 +1: Refresh Logic Integration Tests Pull to refresh in populated feed works
Linux Desktop Tests (2)	UNKNOWN STEP	2026-02-25T19:57:51.4139381Z [90m[🌎 Easy Localization] [DEBUG] Build[0m
Linux Desktop Tests (2)	UNKNOWN STEP	2026-02-25T19:57:51.4140757Z [90m[🌎 Easy Localization] [DEBUG] Init Localization Delegate[0m
Linux Desktop Tests (2)	UNKNOWN STEP	2026-02-25T19:57:51.4142901Z [90m[🌎 Easy Localization] [DEBUG] Init provider[0m
Linux Desktop Tests (2)	UNKNOWN STEP	2026-02-25T19:57:51.4577791Z 00:26 +1: Refresh Logic Integration Tests Pull to refresh in empty room room handles null check
Linux Desktop Tests (2)	UNKNOWN STEP	2026-02-25T19:57:51.4578755Z Found screen! AgeGate: false, Intro: true, Username: false, Host: false
Linux Desktop Tests (2)	UNKNOWN STEP	2026-02-25T19:57:51.4579478Z Step 2: Navigating through onboarding...
Linux Desktop Tests (2)	UNKNOWN STEP	2026-02-25T19:57:53.5161181Z Tapping Next button at step 0...
Linux Desktop Tests (2)	UNKNOWN STEP	2026-02-25T19:57:55.5993647Z Tapping Next button at step 1...
Linux Desktop Tests (2)	UNKNOWN STEP	2026-02-25T19:57:57.6827305Z Reached target page at step 2. Host: true, Username: false
Linux Desktop Tests (2)	UNKNOWN STEP	2026-02-25T19:57:57.6829664Z Onboarding navigation complete.
Linux Desktop Tests (2)	UNKNOWN STEP	2026-02-25T19:57:57.6830217Z Step 3: Entering host URL: http://localhost:8008
Linux Desktop Tests (2)	UNKNOWN STEP	2026-02-25T19:57:59.7994369Z Tapping host submit button...
Linux Desktop Tests (2)	UNKNOWN STEP	2026-02-25T19:58:01.8725474Z Waiting for login page to appear...
Linux Desktop Tests (2)	UNKNOWN STEP	2026-02-25T19:58:02.4060633Z Login page reached.
Linux Desktop Tests (2)	UNKNOWN STEP	2026-02-25T19:58:02.4062733Z Step 4: Looking for login fields...
Linux Desktop Tests (2)	UNKNOWN STEP	2026-02-25T19:58:02.4065284Z Entering username: testuser1
Linux Desktop Tests (2)	UNKNOWN STEP	2026-02-25T19:58:04.5154725Z Entering password...
Linux Desktop Tests (2)	UNKNOWN STEP	2026-02-25T19:58:06.6149859Z Tapping login submit button...
Linux Desktop Tests (2)	UNKNOWN STEP	2026-02-25T19:58:08.6879772Z Step 5: Waiting for finished page (introGoButton)...
Linux Desktop Tests (2)	UNKNOWN STEP	2026-02-25T19:58:08.9803731Z 00:43 +1: Refresh Logic Integration Tests Pull to refresh in populated feed works
Linux Desktop Tests (2)	UNKNOWN STEP	2026-02-25T19:58:08.9805107Z [Matrix] [33mCurrent sync request ID has changed. Dropping this sync loop![0m
Linux Desktop Tests (2)	UNKNOWN STEP	2026-02-25T19:58:08.9823722Z 00:43 +1: Refresh Logic Integration Tests Pull to refresh in empty room room handles null check
Linux Desktop Tests (2)	UNKNOWN STEP	2026-02-25T19:58:08.9825116Z [Matrix] [32mInitialize client Substitution[0m
Linux Desktop Tests (2)	UNKNOWN STEP	2026-02-25T19:58:08.9979658Z [Matrix] [32mSuccessfully connected as testuser1 with http://localhost:8008[0m
Linux Desktop Tests (2)	UNKNOWN STEP	2026-02-25T19:58:10.2673991Z Finished page reached.
Linux Desktop Tests (2)	UNKNOWN STEP	2026-02-25T19:58:10.2674388Z Tapping Go button...
Linux Desktop Tests (2)	UNKNOWN STEP	2026-02-25T19:58:10.2712238Z Waiting for feed (Scrollable)...
Linux Desktop Tests (2)	UNKNOWN STEP	2026-02-25T19:58:10.4208536Z 00:45 +1: Refresh Logic Integration Tests Pull to refresh in populated feed works
Linux Desktop Tests (2)	UNKNOWN STEP	2026-02-25T19:58:10.4209488Z checking room test_art id: !PpoENRiyfzJyYrdzkH:test.matrix.local
Linux Desktop Tests (2)	UNKNOWN STEP	2026-02-25T19:58:10.4210005Z checking room test_general id: !pyMwbcPJpPnXMoeXcR:test.matrix.local
Linux Desktop Tests (2)	UNKNOWN STEP	2026-02-25T19:58:10.4212385Z checking room test_photos id: !VYXPoobSNFbLqiYzTM:test.matrix.local
Linux Desktop Tests (2)	UNKNOWN STEP	2026-02-25T19:58:10.4213246Z checking room test_invite_only id: !OcNvlTXcKbRdlTFvae:test.matrix.local
Linux Desktop Tests (2)	UNKNOWN STEP	2026-02-25T19:58:10.4214074Z checking room test_avatar id: !KZHLygWzCCVpvnMrTb:test.matrix.local
Linux Desktop Tests (2)	UNKNOWN STEP	2026-02-25T19:58:10.4214689Z start quering new events...
Linux Desktop Tests (2)	UNKNOWN STEP	2026-02-25T19:58:10.4215057Z finished...
Linux Desktop Tests (2)	UNKNOWN STEP	2026-02-25T19:58:10.4215510Z ret is empty...
Linux Desktop Tests (2)	UNKNOWN STEP	2026-02-25T19:58:10.4216153Z no new things to append...
Linux Desktop Tests (2)	UNKNOWN STEP	2026-02-25T19:58:10.7865926Z 00:45 +1: Refresh Logic Integration Tests Pull to refresh in empty room room handles null check
Linux Desktop Tests (2)	UNKNOWN STEP	2026-02-25T19:58:10.7866764Z Feed reached.
Linux Desktop Tests (2)	UNKNOWN STEP	2026-02-25T19:58:13.9685098Z 00:48 +2: Refresh Logic Integration Tests New background message appears after refresh
Linux Desktop Tests (2)	UNKNOWN STEP	2026-02-25T19:58:14.0315708Z *** sqflite warning ***
Linux Desktop Tests (2)	UNKNOWN STEP	2026-02-25T19:58:14.0316411Z 
Linux Desktop Tests (2)	UNKNOWN STEP	2026-02-25T19:58:14.0316793Z You are changing sqflite default factory.
Linux Desktop Tests (2)	UNKNOWN STEP	2026-02-25T19:58:14.0319700Z Be aware of the potential side effects. Any library using sqflite
Linux Desktop Tests (2)	UNKNOWN STEP	2026-02-25T19:58:14.0321238Z will have this factory as the default for all operations.
Linux Desktop Tests (2)	UNKNOWN STEP	2026-02-25T19:58:14.0325228Z 
Linux Desktop Tests (2)	UNKNOWN STEP	2026-02-25T19:58:14.0326127Z *** sqflite warning ***
Linux Desktop Tests (2)	UNKNOWN STEP	2026-02-25T19:58:14.0326620Z 
Linux Desktop Tests (2)	UNKNOWN STEP	2026-02-25T19:58:14.0685236Z Waiting for globalMatrixClient to be initialized...
Linux Desktop Tests (2)	UNKNOWN STEP	2026-02-25T19:58:14.0890232Z [90m[🌎 Easy Localization] [DEBUG] Localization initialized[0m
Linux Desktop Tests (2)	UNKNOWN STEP	2026-02-25T19:58:14.0891630Z [Matrix] [32mInitialize client Substitution[0m
Linux Desktop Tests (2)	UNKNOWN STEP	2026-02-25T19:58:14.0909643Z [Matrix] [32mUser is not logged in.[0m
Linux Desktop Tests (2)	UNKNOWN STEP	2026-02-25T19:58:14.0912061Z [90m[🌎 Easy Localization] [DEBUG] Start[0m
Linux Desktop Tests (2)	UNKNOWN STEP	2026-02-25T19:58:14.5805051Z 00:49 +2: Refresh Logic Integration Tests Pull to refresh in populated feed works
Linux Desktop Tests (2)	UNKNOWN STEP	2026-02-25T19:58:14.5806830Z [90m[🌎 Easy Localization] [DEBUG] Init state[0m
Linux Desktop Tests (2)	UNKNOWN STEP	2026-02-25T19:58:14.5809765Z [90m[🌎 Easy Localization] [DEBUG] Build[0m
Linux Desktop Tests (2)	UNKNOWN STEP	2026-02-25T19:58:14.5810998Z [90m[🌎 Easy Localization] [DEBUG] Init Localization Delegate[0m
Linux Desktop Tests (2)	UNKNOWN STEP	2026-02-25T19:58:14.5812176Z [90m[🌎 Easy Localization] [DEBUG] Init provider[0m
Linux Desktop Tests (2)	UNKNOWN STEP	2026-02-25T19:58:14.5864120Z [90m[🌎 Easy Localization] [DEBUG] Load Localization Delegate[0m
Linux Desktop Tests (2)	UNKNOWN STEP	2026-02-25T19:58:14.5865161Z [90m[🌎 Easy Localization] [DEBUG] Load asset from assets/translations[0m
Linux Desktop Tests (2)	UNKNOWN STEP	2026-02-25T19:58:14.5893258Z 00:49 +2: Refresh Logic Integration Tests New background message appears after refresh
Linux Desktop Tests (2)	UNKNOWN STEP	2026-02-25T19:58:14.5893758Z globalMatrixClient initialized!
Linux Desktop Tests (2)	UNKNOWN STEP	2026-02-25T19:58:14.5894586Z Step 1: Checking for Age Gate, Intro, or Login fields...
Linux Desktop Tests (2)	UNKNOWN STEP	2026-02-25T19:58:15.0964367Z 00:50 +2: Refresh Logic Integration Tests Pull to refresh in populated feed works
Linux Desktop Tests (2)	UNKNOWN STEP	2026-02-25T19:58:15.0965787Z [90m[🌎 Easy Localization] [DEBUG] Build[0m
Linux Desktop Tests (2)	UNKNOWN STEP	2026-02-25T19:58:15.0967956Z [90m[🌎 Easy Localization] [DEBUG] Init Localization Delegate[0m
Linux Desktop Tests (2)	UNKNOWN STEP	2026-02-25T19:58:15.0969019Z [90m[🌎 Easy Localization] [DEBUG] Init provider[0m
Linux Desktop Tests (2)	UNKNOWN STEP	2026-02-25T19:58:15.1428942Z 00:50 +2: Refresh Logic Integration Tests New background message appears after refresh
Linux Desktop Tests (2)	UNKNOWN STEP	2026-02-25T19:58:15.1429978Z Found screen! AgeGate: false, Intro: true, Username: false, Host: false
Linux Desktop Tests (2)	UNKNOWN STEP	2026-02-25T19:58:15.1430878Z Step 2: Navigating through onboarding...
Linux Desktop Tests (2)	UNKNOWN STEP	2026-02-25T19:58:17.1994558Z Tapping Next button at step 0...
Linux Desktop Tests (2)	UNKNOWN STEP	2026-02-25T19:58:19.2820217Z Tapping Next button at step 1...
Linux Desktop Tests (2)	UNKNOWN STEP	2026-02-25T19:58:21.3496114Z Reached target page at step 2. Host: true, Username: false
Linux Desktop Tests (2)	UNKNOWN STEP	2026-02-25T19:58:21.3497205Z Onboarding navigation complete.
Linux Desktop Tests (2)	UNKNOWN STEP	2026-02-25T19:58:21.3497704Z Step 3: Entering host URL: http://localhost:8008
Linux Desktop Tests (2)	UNKNOWN STEP	2026-02-25T19:58:23.4662960Z Tapping host submit button...
Linux Desktop Tests (2)	UNKNOWN STEP	2026-02-25T19:58:25.5374450Z Waiting for login page to appear...
Linux Desktop Tests (2)	UNKNOWN STEP	2026-02-25T19:58:26.0604923Z Login page reached.
Linux Desktop Tests (2)	UNKNOWN STEP	2026-02-25T19:58:26.0605746Z Step 4: Looking for login fields...
Linux Desktop Tests (2)	UNKNOWN STEP	2026-02-25T19:58:26.0606379Z Entering username: testuser1
Linux Desktop Tests (2)	UNKNOWN STEP	2026-02-25T19:58:28.1673118Z Entering password...
Linux Desktop Tests (2)	UNKNOWN STEP	2026-02-25T19:58:30.2665081Z Tapping login submit button...
Linux Desktop Tests (2)	UNKNOWN STEP	2026-02-25T19:58:32.3377715Z Step 5: Waiting for finished page (introGoButton)...
Linux Desktop Tests (2)	UNKNOWN STEP	2026-02-25T19:58:32.6300151Z [Matrix] [32mInitialize client Substitution[0m
Linux Desktop Tests (2)	UNKNOWN STEP	2026-02-25T19:58:32.6339627Z 01:07 +2: Refresh Logic Integration Tests Pull to refresh in empty room room handles null check
Linux Desktop Tests (2)	UNKNOWN STEP	2026-02-25T19:58:32.6340946Z [Matrix] [33mCurrent sync request ID has changed. Dropping this sync loop![0m
Linux Desktop Tests (2)	UNKNOWN STEP	2026-02-25T19:58:32.6474312Z 01:07 +2: Refresh Logic Integration Tests New background message appears after refresh
Linux Desktop Tests (2)	UNKNOWN STEP	2026-02-25T19:58:32.6475939Z [Matrix] [32mSuccessfully connected as testuser1 with http://localhost:8008[0m
Linux Desktop Tests (2)	UNKNOWN STEP	2026-02-25T19:58:33.9159480Z Finished page reached.
Linux Desktop Tests (2)	UNKNOWN STEP	2026-02-25T19:58:33.9159745Z Tapping Go button...
Linux Desktop Tests (2)	UNKNOWN STEP	2026-02-25T19:58:33.9196804Z Waiting for feed (Scrollable)...
Linux Desktop Tests (2)	UNKNOWN STEP	2026-02-25T19:58:34.0583674Z 01:08 +2: Refresh Logic Integration Tests Pull to refresh in populated feed works
Linux Desktop Tests (2)	UNKNOWN STEP	2026-02-25T19:58:34.0586584Z checking room test_art id: !PpoENRiyfzJyYrdzkH:test.matrix.local
Linux Desktop Tests (2)	UNKNOWN STEP	2026-02-25T19:58:34.0587405Z checking room test_general id: !pyMwbcPJpPnXMoeXcR:test.matrix.local
Linux Desktop Tests (2)	UNKNOWN STEP	2026-02-25T19:58:34.0588185Z checking room test_photos id: !VYXPoobSNFbLqiYzTM:test.matrix.local
Linux Desktop Tests (2)	UNKNOWN STEP	2026-02-25T19:58:34.0588941Z checking room test_invite_only id: !OcNvlTXcKbRdlTFvae:test.matrix.local
Linux Desktop Tests (2)	UNKNOWN STEP	2026-02-25T19:58:34.0589705Z checking room test_avatar id: !KZHLygWzCCVpvnMrTb:test.matrix.local
Linux Desktop Tests (2)	UNKNOWN STEP	2026-02-25T19:58:34.0590287Z start quering new events...
Linux Desktop Tests (2)	UNKNOWN STEP	2026-02-25T19:58:34.0590649Z finished...
Linux Desktop Tests (2)	UNKNOWN STEP	2026-02-25T19:58:34.0590922Z ret is empty...
Linux Desktop Tests (2)	UNKNOWN STEP	2026-02-25T19:58:34.0591220Z no new things to append...
Linux Desktop Tests (2)	UNKNOWN STEP	2026-02-25T19:58:34.4356512Z 01:09 +2: Refresh Logic Integration Tests New background message appears after refresh
Linux Desktop Tests (2)	UNKNOWN STEP	2026-02-25T19:58:34.4357218Z Feed reached.
Linux Desktop Tests (2)	UNKNOWN STEP	2026-02-25T19:58:50.0327283Z ⚠ Background message not found after refresh — may be a timing issue on CI
Linux Desktop Tests (2)	UNKNOWN STEP	2026-02-25T19:58:50.0639681Z 01:24 +3: (tearDownAll)
Linux Desktop Tests (2)	UNKNOWN STEP	2026-02-25T19:58:50.0795332Z 01:24 +3: All tests passed!
Linux Desktop Tests (2)	UNKNOWN STEP	2026-02-25T19:58:50.1223488Z [0;34m[INFO][0m   Running: integration_test/room_permissions_test.dart
Linux Desktop Tests (2)	UNKNOWN STEP	2026-02-25T19:58:51.1031832Z 00:00 +0: loading /home/runner/work/substitution/substitution/integration_test/room_permissions_test.dart
Linux Desktop Tests (2)	UNKNOWN STEP	2026-02-25T19:59:09.2763819Z Building Linux application...                                   
Linux Desktop Tests (2)	UNKNOWN STEP	2026-02-25T19:59:09.2792344Z ✓ Built build/linux/x64/debug/bundle/substitution
Linux Desktop Tests (2)	UNKNOWN STEP	2026-02-25T19:59:09.8738147Z Warning: A tag was used that wasn't specified in dart_test.yaml.
Linux Desktop Tests (2)	UNKNOWN STEP	2026-02-25T19:59:09.8739523Z   integration was used in the suite itself
Linux Desktop Tests (2)	UNKNOWN STEP	2026-02-25T19:59:09.8739890Z 
Linux Desktop Tests (2)	UNKNOWN STEP	2026-02-25T19:59:09.8774514Z 00:00 +0: Room Permissions Integration Test Create room, navigate to permissions, switch modes
Linux Desktop Tests (2)	UNKNOWN STEP	2026-02-25T19:59:10.1150121Z 00:00 +1: (tearDownAll)
Linux Desktop Tests (2)	UNKNOWN STEP	2026-02-25T19:59:10.1422616Z 00:00 +1: All tests passed!
Linux Desktop Tests (2)	UNKNOWN STEP	2026-02-25T19:59:10.1872290Z [0;32m[OK][0m Linux tests passed
Linux Desktop Tests (2)	UNKNOWN STEP	2026-02-25T19:59:10.1872705Z 
Linux Desktop Tests (2)	UNKNOWN STEP	2026-02-25T19:59:10.1873271Z [1m══════════════════════════════════════════════════════════[0m
Linux Desktop Tests (2)	UNKNOWN STEP	2026-02-25T19:59:10.1874029Z [1m  Test Results Summary[0m
Linux Desktop Tests (2)	UNKNOWN STEP	2026-02-25T19:59:10.1874834Z [1m══════════════════════════════════════════════════════════[0m
Linux Desktop Tests (2)	UNKNOWN STEP	2026-02-25T19:59:10.1875375Z 
Linux Desktop Tests (2)	UNKNOWN STEP	2026-02-25T19:59:10.1875642Z   TARGET             PASSED   FAILED  SKIPPED   DURATION
Linux Desktop Tests (2)	UNKNOWN STEP	2026-02-25T19:59:10.1876487Z   ──────────────── ──────── ──────── ──────── ──────────
Linux Desktop Tests (2)	UNKNOWN STEP	2026-02-25T19:59:10.1877339Z   [0;32mlinux           [0m       20        0        0     9m 30s
Linux Desktop Tests (2)	UNKNOWN STEP	2026-02-25T19:59:10.1877838Z 
Linux Desktop Tests (2)	UNKNOWN STEP	2026-02-25T19:59:10.1878194Z   ──────────────── ──────── ──────── ────────
Linux Desktop Tests (2)	UNKNOWN STEP	2026-02-25T19:59:10.1878905Z   [0;32mTOTAL                  20        0        0[0m
Linux Desktop Tests (2)	UNKNOWN STEP	2026-02-25T19:59:10.1879332Z 
Linux Desktop Tests (2)	UNKNOWN STEP	2026-02-25T19:59:10.1879585Z   [0;32m[1mRESULT: PASSED[0m
Linux Desktop Tests (2)	UNKNOWN STEP	2026-02-25T19:59:10.1879908Z 
Linux Desktop Tests (2)	UNKNOWN STEP	2026-02-25T19:59:10.1880522Z [1m══════════════════════════════════════════════════════════[0m
Linux Desktop Tests (2)	UNKNOWN STEP	2026-02-25T19:59:10.1881184Z 
Linux Desktop Tests (2)	UNKNOWN STEP	2026-02-25T19:59:10.1881978Z [0;34m[INFO][0m Cleaning up...
Linux Desktop Tests (2)	UNKNOWN STEP	2026-02-25T19:59:10.2038309Z [0;34m[INFO][0m Cleanup complete
Linux Desktop Tests (2)	UNKNOWN STEP	2026-02-25T19:59:10.2110973Z ##[group]Run docker compose down -v
Linux Desktop Tests (2)	UNKNOWN STEP	2026-02-25T19:59:10.2111320Z [36;1mdocker compose down -v[0m
Linux Desktop Tests (2)	UNKNOWN STEP	2026-02-25T19:59:10.2160683Z shell: /usr/bin/bash -e {0}
Linux Desktop Tests (2)	UNKNOWN STEP	2026-02-25T19:59:10.2160979Z env:
Linux Desktop Tests (2)	UNKNOWN STEP	2026-02-25T19:59:10.2161199Z   CACHE_VERSION: v1
Linux Desktop Tests (2)	UNKNOWN STEP	2026-02-25T19:59:10.2161786Z   FLUTTER_ROOT: /opt/hostedtoolcache/flutter/stable-3.41.2-x64
Linux Desktop Tests (2)	UNKNOWN STEP	2026-02-25T19:59:10.2162235Z   PUB_CACHE: /home/runner/.pub-cache
Linux Desktop Tests (2)	UNKNOWN STEP	2026-02-25T19:59:10.2162558Z ##[endgroup]
Linux Desktop Tests (2)	UNKNOWN STEP	2026-02-25T19:59:10.2916953Z time="2026-02-25T19:59:10Z" level=warning msg="/home/runner/work/substitution/substitution/docker-compose.yml: the attribute `version` is obsolete, it will be ignored, please remove it to avoid potential confusion"
Linux Desktop Tests (2)	UNKNOWN STEP	2026-02-25T19:59:10.2956780Z  Container substitution-redis-1  Stopping
Linux Desktop Tests (2)	UNKNOWN STEP	2026-02-25T19:59:10.2957479Z  Container substitution-matrix-synapse-1  Stopping
Linux Desktop Tests (2)	UNKNOWN STEP	2026-02-25T19:59:10.6085099Z  Container substitution-matrix-synapse-1  Stopped
Linux Desktop Tests (2)	UNKNOWN STEP	2026-02-25T19:59:10.6086291Z  Container substitution-matrix-synapse-1  Removing
Linux Desktop Tests (2)	UNKNOWN STEP	2026-02-25T19:59:10.6092979Z  Container substitution-redis-1  Stopped
Linux Desktop Tests (2)	UNKNOWN STEP	2026-02-25T19:59:10.6095034Z  Container substitution-redis-1  Removing
Linux Desktop Tests (2)	UNKNOWN STEP	2026-02-25T19:59:10.6147526Z  Container substitution-redis-1  Removed
Linux Desktop Tests (2)	UNKNOWN STEP	2026-02-25T19:59:10.6725763Z  Container substitution-matrix-synapse-1  Removed
Linux Desktop Tests (2)	UNKNOWN STEP	2026-02-25T19:59:10.6726571Z  Container substitution-postgres-1  Stopping
Linux Desktop Tests (2)	UNKNOWN STEP	2026-02-25T19:59:10.6727260Z  Container substitution-dex-1  Stopping
Linux Desktop Tests (2)	UNKNOWN STEP	2026-02-25T19:59:10.7958460Z  Container substitution-dex-1  Stopped
Linux Desktop Tests (2)	UNKNOWN STEP	2026-02-25T19:59:10.7959086Z  Container substitution-dex-1  Removing
Linux Desktop Tests (2)	UNKNOWN STEP	2026-02-25T19:59:10.8029733Z  Container substitution-dex-1  Removed
Linux Desktop Tests (2)	UNKNOWN STEP	2026-02-25T19:59:10.8306323Z  Container substitution-postgres-1  Stopped
Linux Desktop Tests (2)	UNKNOWN STEP	2026-02-25T19:59:10.8309923Z  Container substitution-postgres-1  Removing
Linux Desktop Tests (2)	UNKNOWN STEP	2026-02-25T19:59:10.8997246Z  Container substitution-postgres-1  Removed
Linux Desktop Tests (2)	UNKNOWN STEP	2026-02-25T19:59:10.9005471Z  Network substitution_substitution_network  Removing
Linux Desktop Tests (2)	UNKNOWN STEP	2026-02-25T19:59:11.0101805Z  Network substitution_substitution_network  Removed
Linux Desktop Tests (2)	UNKNOWN STEP	2026-02-25T19:59:11.0286328Z Post job cleanup.
Linux Desktop Tests (2)	UNKNOWN STEP	2026-02-25T19:59:11.1777795Z Post job cleanup.
Linux Desktop Tests (2)	UNKNOWN STEP	2026-02-25T19:59:11.3139012Z Cache hit occurred on the primary key flutter-pub-linux-stable-3.41.2-x64-90673a4eef275d1a6692c26ac80d6d746d41a73a-fabacfc13d2b7e18a7fb2822593662b03764f624bf41fd351cdabec60fb27783, not saving cache.
Linux Desktop Tests (2)	UNKNOWN STEP	2026-02-25T19:59:11.3247948Z Post job cleanup.
Linux Desktop Tests (2)	UNKNOWN STEP	2026-02-25T19:59:11.4577811Z Cache hit occurred on the primary key flutter-linux-stable-3.41.2-x64-90673a4eef275d1a6692c26ac80d6d746d41a73a, not saving cache.
Linux Desktop Tests (2)	UNKNOWN STEP	2026-02-25T19:59:11.4702652Z Post job cleanup.
Linux Desktop Tests (2)	UNKNOWN STEP	2026-02-25T19:59:11.5693657Z [command]/usr/bin/git version
Linux Desktop Tests (2)	UNKNOWN STEP	2026-02-25T19:59:11.5730949Z git version 2.53.0
Linux Desktop Tests (2)	UNKNOWN STEP	2026-02-25T19:59:11.5783518Z Temporarily overriding HOME='/home/runner/work/_temp/7c97b5f6-fb0f-4ad2-a45f-6a213c04e352' before making global git config changes
Linux Desktop Tests (2)	UNKNOWN STEP	2026-02-25T19:59:11.5784975Z Adding repository directory to the temporary git global config as a safe directory
Linux Desktop Tests (2)	UNKNOWN STEP	2026-02-25T19:59:11.5790044Z [command]/usr/bin/git config --global --add safe.directory /home/runner/work/substitution/substitution
Linux Desktop Tests (2)	UNKNOWN STEP	2026-02-25T19:59:11.5829151Z [command]/usr/bin/git config --local --name-only --get-regexp core\.sshCommand
Linux Desktop Tests (2)	UNKNOWN STEP	2026-02-25T19:59:11.5865732Z [command]/usr/bin/git submodule foreach --recursive sh -c "git config --local --name-only --get-regexp 'core\.sshCommand' && git config --local --unset-all 'core.sshCommand' || :"
Linux Desktop Tests (2)	UNKNOWN STEP	2026-02-25T19:59:11.6119744Z [command]/usr/bin/git config --local --name-only --get-regexp http\.https\:\/\/github\.com\/\.extraheader
Linux Desktop Tests (2)	UNKNOWN STEP	2026-02-25T19:59:11.6142328Z http.https://github.com/.extraheader
Linux Desktop Tests (2)	UNKNOWN STEP	2026-02-25T19:59:11.6155947Z [command]/usr/bin/git config --local --unset-all http.https://github.com/.extraheader
Linux Desktop Tests (2)	UNKNOWN STEP	2026-02-25T19:59:11.6192152Z [command]/usr/bin/git submodule foreach --recursive sh -c "git config --local --name-only --get-regexp 'http\.https\:\/\/github\.com\/\.extraheader' && git config --local --unset-all 'http.https://github.com/.extraheader' || :"
Linux Desktop Tests (2)	UNKNOWN STEP	2026-02-25T19:59:11.6430526Z [command]/usr/bin/git config --local --name-only --get-regexp ^includeIf\.gitdir:
Linux Desktop Tests (2)	UNKNOWN STEP	2026-02-25T19:59:11.6465063Z [command]/usr/bin/git submodule foreach --recursive git config --local --show-origin --name-only --get-regexp remote.origin.url
Linux Desktop Tests (2)	UNKNOWN STEP	2026-02-25T19:59:11.6835775Z Cleaning up orphan processes
Linux Desktop Tests (6)	UNKNOWN STEP	﻿2026-02-25T19:48:14.1837938Z Current runner version: '2.331.0'
Linux Desktop Tests (6)	UNKNOWN STEP	2026-02-25T19:48:14.1862637Z ##[group]Runner Image Provisioner
Linux Desktop Tests (6)	UNKNOWN STEP	2026-02-25T19:48:14.1863558Z Hosted Compute Agent
Linux Desktop Tests (6)	UNKNOWN STEP	2026-02-25T19:48:14.1864126Z Version: 20260213.493
Linux Desktop Tests (6)	UNKNOWN STEP	2026-02-25T19:48:14.1864756Z Commit: 5c115507f6dd24b8de37d8bbe0bb4509d0cc0fa3
Linux Desktop Tests (6)	UNKNOWN STEP	2026-02-25T19:48:14.1865958Z Build Date: 2026-02-13T00:28:41Z
Linux Desktop Tests (6)	UNKNOWN STEP	2026-02-25T19:48:14.1866719Z Worker ID: {a400291e-02b3-4ebf-b56a-f56a3a2d544c}
Linux Desktop Tests (6)	UNKNOWN STEP	2026-02-25T19:48:14.1867403Z Azure Region: westcentralus
Linux Desktop Tests (6)	UNKNOWN STEP	2026-02-25T19:48:14.1868041Z ##[endgroup]
Linux Desktop Tests (6)	UNKNOWN STEP	2026-02-25T19:48:14.1869561Z ##[group]Operating System
Linux Desktop Tests (6)	UNKNOWN STEP	2026-02-25T19:48:14.1870154Z Ubuntu
Linux Desktop Tests (6)	UNKNOWN STEP	2026-02-25T19:48:14.1870707Z 24.04.3
Linux Desktop Tests (6)	UNKNOWN STEP	2026-02-25T19:48:14.1871163Z LTS
Linux Desktop Tests (6)	UNKNOWN STEP	2026-02-25T19:48:14.1871651Z ##[endgroup]
Linux Desktop Tests (6)	UNKNOWN STEP	2026-02-25T19:48:14.1872121Z ##[group]Runner Image
Linux Desktop Tests (6)	UNKNOWN STEP	2026-02-25T19:48:14.1872808Z Image: ubuntu-24.04
Linux Desktop Tests (6)	UNKNOWN STEP	2026-02-25T19:48:14.1873304Z Version: 20260224.36.1
Linux Desktop Tests (6)	UNKNOWN STEP	2026-02-25T19:48:14.1874539Z Included Software: https://github.com/actions/runner-images/blob/ubuntu24/20260224.36/images/ubuntu/Ubuntu2404-Readme.md
Linux Desktop Tests (6)	UNKNOWN STEP	2026-02-25T19:48:14.1876205Z Image Release: https://github.com/actions/runner-images/releases/tag/ubuntu24%2F20260224.36
Linux Desktop Tests (6)	UNKNOWN STEP	2026-02-25T19:48:14.1877154Z ##[endgroup]
Linux Desktop Tests (6)	UNKNOWN STEP	2026-02-25T19:48:14.1878296Z ##[group]GITHUB_TOKEN Permissions
Linux Desktop Tests (6)	UNKNOWN STEP	2026-02-25T19:48:14.1880116Z Contents: read
Linux Desktop Tests (6)	UNKNOWN STEP	2026-02-25T19:48:14.1880835Z Metadata: read
Linux Desktop Tests (6)	UNKNOWN STEP	2026-02-25T19:48:14.1881362Z Packages: read
Linux Desktop Tests (6)	UNKNOWN STEP	2026-02-25T19:48:14.1881839Z ##[endgroup]
Linux Desktop Tests (6)	UNKNOWN STEP	2026-02-25T19:48:14.1884008Z Secret source: Actions
Linux Desktop Tests (6)	UNKNOWN STEP	2026-02-25T19:48:14.1884677Z Prepare workflow directory
Linux Desktop Tests (6)	UNKNOWN STEP	2026-02-25T19:48:14.2289208Z Prepare all required actions
Linux Desktop Tests (6)	UNKNOWN STEP	2026-02-25T19:48:14.2327490Z Getting action download info
Linux Desktop Tests (6)	UNKNOWN STEP	2026-02-25T19:48:14.6492582Z Download action repository 'actions/checkout@v4' (SHA:34e114876b0b11c390a56381ad16ebd13914f8d5)
Linux Desktop Tests (6)	UNKNOWN STEP	2026-02-25T19:48:14.8197588Z Download action repository 'subosito/flutter-action@v2' (SHA:fd55f4c5af5b953cc57a2be44cb082c8f6635e8e)
Linux Desktop Tests (6)	UNKNOWN STEP	2026-02-25T19:48:15.5254668Z Getting action download info
Linux Desktop Tests (6)	UNKNOWN STEP	2026-02-25T19:48:15.7068932Z Download action repository 'actions/cache@v4' (SHA:0057852bfaa89a56745cba8c7296529d2fc39830)
Linux Desktop Tests (6)	UNKNOWN STEP	2026-02-25T19:48:15.8463909Z Complete job name: Linux Desktop Tests (6)
Linux Desktop Tests (6)	UNKNOWN STEP	2026-02-25T19:48:15.9215217Z ##[group]Run actions/checkout@v4
Linux Desktop Tests (6)	UNKNOWN STEP	2026-02-25T19:48:15.9216122Z with:
Linux Desktop Tests (6)	UNKNOWN STEP	2026-02-25T19:48:15.9216575Z   repository: floffel/substitution
Linux Desktop Tests (6)	UNKNOWN STEP	2026-02-25T19:48:15.9217275Z   token: ***
Linux Desktop Tests (6)	UNKNOWN STEP	2026-02-25T19:48:15.9217692Z   ssh-strict: true
Linux Desktop Tests (6)	UNKNOWN STEP	2026-02-25T19:48:15.9218109Z   ssh-user: git
Linux Desktop Tests (6)	UNKNOWN STEP	2026-02-25T19:48:15.9218540Z   persist-credentials: true
Linux Desktop Tests (6)	UNKNOWN STEP	2026-02-25T19:48:15.9219024Z   clean: true
Linux Desktop Tests (6)	UNKNOWN STEP	2026-02-25T19:48:15.9219461Z   sparse-checkout-cone-mode: true
Linux Desktop Tests (6)	UNKNOWN STEP	2026-02-25T19:48:15.9219964Z   fetch-depth: 1
Linux Desktop Tests (6)	UNKNOWN STEP	2026-02-25T19:48:15.9220388Z   fetch-tags: false
Linux Desktop Tests (6)	UNKNOWN STEP	2026-02-25T19:48:15.9220833Z   show-progress: true
Linux Desktop Tests (6)	UNKNOWN STEP	2026-02-25T19:48:15.9221271Z   lfs: false
Linux Desktop Tests (6)	UNKNOWN STEP	2026-02-25T19:48:15.9221674Z   submodules: false
Linux Desktop Tests (6)	UNKNOWN STEP	2026-02-25T19:48:15.9222112Z   set-safe-directory: true
Linux Desktop Tests (6)	UNKNOWN STEP	2026-02-25T19:48:15.9222774Z env:
Linux Desktop Tests (6)	UNKNOWN STEP	2026-02-25T19:48:15.9223184Z   CACHE_VERSION: v1
Linux Desktop Tests (6)	UNKNOWN STEP	2026-02-25T19:48:15.9223615Z ##[endgroup]
Linux Desktop Tests (6)	UNKNOWN STEP	2026-02-25T19:48:16.0326439Z Syncing repository: floffel/substitution
Linux Desktop Tests (6)	UNKNOWN STEP	2026-02-25T19:48:16.0328385Z ##[group]Getting Git version info
Linux Desktop Tests (6)	UNKNOWN STEP	2026-02-25T19:48:16.0329259Z Working directory is '/home/runner/work/substitution/substitution'
Linux Desktop Tests (6)	UNKNOWN STEP	2026-02-25T19:48:16.0330598Z [command]/usr/bin/git version
Linux Desktop Tests (6)	UNKNOWN STEP	2026-02-25T19:48:16.0411195Z git version 2.53.0
Linux Desktop Tests (6)	UNKNOWN STEP	2026-02-25T19:48:16.0436923Z ##[endgroup]
Linux Desktop Tests (6)	UNKNOWN STEP	2026-02-25T19:48:16.0451047Z Temporarily overriding HOME='/home/runner/work/_temp/8fdbfc63-49b0-4469-b80e-818371eaeeba' before making global git config changes
Linux Desktop Tests (6)	UNKNOWN STEP	2026-02-25T19:48:16.0456410Z Adding repository directory to the temporary git global config as a safe directory
Linux Desktop Tests (6)	UNKNOWN STEP	2026-02-25T19:48:16.0457904Z [command]/usr/bin/git config --global --add safe.directory /home/runner/work/substitution/substitution
Linux Desktop Tests (6)	UNKNOWN STEP	2026-02-25T19:48:16.0496139Z Deleting the contents of '/home/runner/work/substitution/substitution'
Linux Desktop Tests (6)	UNKNOWN STEP	2026-02-25T19:48:16.0500098Z ##[group]Initializing the repository
Linux Desktop Tests (6)	UNKNOWN STEP	2026-02-25T19:48:16.0504017Z [command]/usr/bin/git init /home/runner/work/substitution/substitution
Linux Desktop Tests (6)	UNKNOWN STEP	2026-02-25T19:48:16.0621893Z hint: Using 'master' as the name for the initial branch. This default branch name
Linux Desktop Tests (6)	UNKNOWN STEP	2026-02-25T19:48:16.0623350Z hint: will change to "main" in Git 3.0. To configure the initial branch name
Linux Desktop Tests (6)	UNKNOWN STEP	2026-02-25T19:48:16.0624341Z hint: to use in all of your new repositories, which will suppress this warning,
Linux Desktop Tests (6)	UNKNOWN STEP	2026-02-25T19:48:16.0625262Z hint: call:
Linux Desktop Tests (6)	UNKNOWN STEP	2026-02-25T19:48:16.0625845Z hint:
Linux Desktop Tests (6)	UNKNOWN STEP	2026-02-25T19:48:16.0626780Z hint: 	git config --global init.defaultBranch <name>
Linux Desktop Tests (6)	UNKNOWN STEP	2026-02-25T19:48:16.0627941Z hint:
Linux Desktop Tests (6)	UNKNOWN STEP	2026-02-25T19:48:16.0629031Z hint: Names commonly chosen instead of 'master' are 'main', 'trunk' and
Linux Desktop Tests (6)	UNKNOWN STEP	2026-02-25T19:48:16.0630764Z hint: 'development'. The just-created branch can be renamed via this command:
Linux Desktop Tests (6)	UNKNOWN STEP	2026-02-25T19:48:16.0632183Z hint:
Linux Desktop Tests (6)	UNKNOWN STEP	2026-02-25T19:48:16.0632966Z hint: 	git branch -m <name>
Linux Desktop Tests (6)	UNKNOWN STEP	2026-02-25T19:48:16.0633881Z hint:
Linux Desktop Tests (6)	UNKNOWN STEP	2026-02-25T19:48:16.0635263Z hint: Disable this message with "git config set advice.defaultBranchName false"
Linux Desktop Tests (6)	UNKNOWN STEP	2026-02-25T19:48:16.0637171Z Initialized empty Git repository in /home/runner/work/substitution/substitution/.git/
Linux Desktop Tests (6)	UNKNOWN STEP	2026-02-25T19:48:16.0641170Z [command]/usr/bin/git remote add origin https://github.com/floffel/substitution
Linux Desktop Tests (6)	UNKNOWN STEP	2026-02-25T19:48:16.0678012Z ##[endgroup]
Linux Desktop Tests (6)	UNKNOWN STEP	2026-02-25T19:48:16.0679390Z ##[group]Disabling automatic garbage collection
Linux Desktop Tests (6)	UNKNOWN STEP	2026-02-25T19:48:16.0683517Z [command]/usr/bin/git config --local gc.auto 0
Linux Desktop Tests (6)	UNKNOWN STEP	2026-02-25T19:48:16.0714290Z ##[endgroup]
Linux Desktop Tests (6)	UNKNOWN STEP	2026-02-25T19:48:16.0715902Z ##[group]Setting up auth
Linux Desktop Tests (6)	UNKNOWN STEP	2026-02-25T19:48:16.0722315Z [command]/usr/bin/git config --local --name-only --get-regexp core\.sshCommand
Linux Desktop Tests (6)	UNKNOWN STEP	2026-02-25T19:48:16.0755209Z [command]/usr/bin/git submodule foreach --recursive sh -c "git config --local --name-only --get-regexp 'core\.sshCommand' && git config --local --unset-all 'core.sshCommand' || :"
Linux Desktop Tests (6)	UNKNOWN STEP	2026-02-25T19:48:16.1122389Z [command]/usr/bin/git config --local --name-only --get-regexp http\.https\:\/\/github\.com\/\.extraheader
Linux Desktop Tests (6)	UNKNOWN STEP	2026-02-25T19:48:16.1156168Z [command]/usr/bin/git submodule foreach --recursive sh -c "git config --local --name-only --get-regexp 'http\.https\:\/\/github\.com\/\.extraheader' && git config --local --unset-all 'http.https://github.com/.extraheader' || :"
Linux Desktop Tests (6)	UNKNOWN STEP	2026-02-25T19:48:16.1389218Z [command]/usr/bin/git config --local --name-only --get-regexp ^includeIf\.gitdir:
Linux Desktop Tests (6)	UNKNOWN STEP	2026-02-25T19:48:16.1428828Z [command]/usr/bin/git submodule foreach --recursive git config --local --show-origin --name-only --get-regexp remote.origin.url
Linux Desktop Tests (6)	UNKNOWN STEP	2026-02-25T19:48:16.1681275Z [command]/usr/bin/git config --local http.https://github.com/.extraheader AUTHORIZATION: basic ***
Linux Desktop Tests (6)	UNKNOWN STEP	2026-02-25T19:48:16.1719261Z ##[endgroup]
Linux Desktop Tests (6)	UNKNOWN STEP	2026-02-25T19:48:16.1720473Z ##[group]Fetching the repository
Linux Desktop Tests (6)	UNKNOWN STEP	2026-02-25T19:48:16.1728275Z [command]/usr/bin/git -c protocol.version=2 fetch --no-tags --prune --no-recurse-submodules --depth=1 origin +0408461b08eee1bbe2c516702bd1813b916d3e4c:refs/remotes/pull/1/merge
Linux Desktop Tests (6)	UNKNOWN STEP	2026-02-25T19:48:17.5082926Z From https://github.com/floffel/substitution
Linux Desktop Tests (6)	UNKNOWN STEP	2026-02-25T19:48:17.5084689Z  * [new ref]         0408461b08eee1bbe2c516702bd1813b916d3e4c -> pull/1/merge
Linux Desktop Tests (6)	UNKNOWN STEP	2026-02-25T19:48:17.5119029Z ##[endgroup]
Linux Desktop Tests (6)	UNKNOWN STEP	2026-02-25T19:48:17.5120190Z ##[group]Determining the checkout info
Linux Desktop Tests (6)	UNKNOWN STEP	2026-02-25T19:48:17.5121724Z ##[endgroup]
Linux Desktop Tests (6)	UNKNOWN STEP	2026-02-25T19:48:17.5125792Z [command]/usr/bin/git sparse-checkout disable
Linux Desktop Tests (6)	UNKNOWN STEP	2026-02-25T19:48:17.5168056Z [command]/usr/bin/git config --local --unset-all extensions.worktreeConfig
Linux Desktop Tests (6)	UNKNOWN STEP	2026-02-25T19:48:17.5198701Z ##[group]Checking out the ref
Linux Desktop Tests (6)	UNKNOWN STEP	2026-02-25T19:48:17.5199920Z [command]/usr/bin/git checkout --progress --force refs/remotes/pull/1/merge
Linux Desktop Tests (6)	UNKNOWN STEP	2026-02-25T19:48:17.8049057Z Note: switching to 'refs/remotes/pull/1/merge'.
Linux Desktop Tests (6)	UNKNOWN STEP	2026-02-25T19:48:17.8049550Z 
Linux Desktop Tests (6)	UNKNOWN STEP	2026-02-25T19:48:17.8049853Z You are in 'detached HEAD' state. You can look around, make experimental
Linux Desktop Tests (6)	UNKNOWN STEP	2026-02-25T19:48:17.8050522Z changes and commit them, and you can discard any commits you make in this
Linux Desktop Tests (6)	UNKNOWN STEP	2026-02-25T19:48:17.8051202Z state without impacting any branches by switching back to a branch.
Linux Desktop Tests (6)	UNKNOWN STEP	2026-02-25T19:48:17.8051603Z 
Linux Desktop Tests (6)	UNKNOWN STEP	2026-02-25T19:48:17.8051895Z If you want to create a new branch to retain commits you create, you may
Linux Desktop Tests (6)	UNKNOWN STEP	2026-02-25T19:48:17.8052965Z do so (now or later) by using -c with the switch command. Example:
Linux Desktop Tests (6)	UNKNOWN STEP	2026-02-25T19:48:17.8053350Z 
Linux Desktop Tests (6)	UNKNOWN STEP	2026-02-25T19:48:17.8053507Z   git switch -c <new-branch-name>
Linux Desktop Tests (6)	UNKNOWN STEP	2026-02-25T19:48:17.8053755Z 
Linux Desktop Tests (6)	UNKNOWN STEP	2026-02-25T19:48:17.8053906Z Or undo this operation with:
Linux Desktop Tests (6)	UNKNOWN STEP	2026-02-25T19:48:17.8054133Z 
Linux Desktop Tests (6)	UNKNOWN STEP	2026-02-25T19:48:17.8054278Z   git switch -
Linux Desktop Tests (6)	UNKNOWN STEP	2026-02-25T19:48:17.8054470Z 
Linux Desktop Tests (6)	UNKNOWN STEP	2026-02-25T19:48:17.8054766Z Turn off this advice by setting config variable advice.detachedHead to false
Linux Desktop Tests (6)	UNKNOWN STEP	2026-02-25T19:48:17.8055476Z 
Linux Desktop Tests (6)	UNKNOWN STEP	2026-02-25T19:48:17.8055949Z HEAD is now at 0408461 Merge 86c2f4a4443179a61e99b4f5d2c467a0f9c43a72 into 74cc852017b0f1fdeb37326726f5fee7effe2248
Linux Desktop Tests (6)	UNKNOWN STEP	2026-02-25T19:48:17.8066683Z ##[endgroup]
Linux Desktop Tests (6)	UNKNOWN STEP	2026-02-25T19:48:17.8107043Z [command]/usr/bin/git log -1 --format=%H
Linux Desktop Tests (6)	UNKNOWN STEP	2026-02-25T19:48:17.8130133Z 0408461b08eee1bbe2c516702bd1813b916d3e4c
Linux Desktop Tests (6)	UNKNOWN STEP	2026-02-25T19:48:17.8392187Z ##[group]Run sudo apt-get update -q
Linux Desktop Tests (6)	UNKNOWN STEP	2026-02-25T19:48:17.8392603Z [36;1msudo apt-get update -q[0m
Linux Desktop Tests (6)	UNKNOWN STEP	2026-02-25T19:48:17.8392891Z [36;1msudo apt-get install -y \[0m
Linux Desktop Tests (6)	UNKNOWN STEP	2026-02-25T19:48:17.8393242Z [36;1m  clang cmake ninja-build pkg-config \[0m
Linux Desktop Tests (6)	UNKNOWN STEP	2026-02-25T19:48:17.8393628Z [36;1m  libgtk-3-dev liblzma-dev libstdc++-12-dev \[0m
Linux Desktop Tests (6)	UNKNOWN STEP	2026-02-25T19:48:17.8394016Z [36;1m  libsecret-1-dev libjsoncpp-dev libsqlite3-dev \[0m
Linux Desktop Tests (6)	UNKNOWN STEP	2026-02-25T19:48:17.8394419Z [36;1m  libgl1-mesa-dev libegl1-mesa-dev libgles2-mesa-dev \[0m
Linux Desktop Tests (6)	UNKNOWN STEP	2026-02-25T19:48:17.8394840Z [36;1m  libblkid-dev libdbus-1-dev libatk1.0-dev \[0m
Linux Desktop Tests (6)	UNKNOWN STEP	2026-02-25T19:48:17.8395381Z [36;1m  xvfb[0m
Linux Desktop Tests (6)	UNKNOWN STEP	2026-02-25T19:48:17.8450291Z shell: /usr/bin/bash -e {0}
Linux Desktop Tests (6)	UNKNOWN STEP	2026-02-25T19:48:17.8450579Z env:
Linux Desktop Tests (6)	UNKNOWN STEP	2026-02-25T19:48:17.8450781Z   CACHE_VERSION: v1
Linux Desktop Tests (6)	UNKNOWN STEP	2026-02-25T19:48:17.8451003Z ##[endgroup]
Linux Desktop Tests (6)	UNKNOWN STEP	2026-02-25T19:48:18.0236756Z Get:1 file:/etc/apt/apt-mirrors.txt Mirrorlist [144 B]
Linux Desktop Tests (6)	UNKNOWN STEP	2026-02-25T19:48:18.0790036Z Hit:2 http://azure.archive.ubuntu.com/ubuntu noble InRelease
Linux Desktop Tests (6)	UNKNOWN STEP	2026-02-25T19:48:18.0803280Z Hit:6 https://packages.microsoft.com/repos/azure-cli noble InRelease
Linux Desktop Tests (6)	UNKNOWN STEP	2026-02-25T19:48:18.0804299Z Get:7 https://packages.microsoft.com/ubuntu/24.04/prod noble InRelease [3600 B]
Linux Desktop Tests (6)	UNKNOWN STEP	2026-02-25T19:48:18.0807270Z Get:3 http://azure.archive.ubuntu.com/ubuntu noble-updates InRelease [126 kB]
Linux Desktop Tests (6)	UNKNOWN STEP	2026-02-25T19:48:18.0844352Z Get:4 http://azure.archive.ubuntu.com/ubuntu noble-backports InRelease [126 kB]
Linux Desktop Tests (6)	UNKNOWN STEP	2026-02-25T19:48:18.0866611Z Get:5 http://azure.archive.ubuntu.com/ubuntu noble-security InRelease [126 kB]
Linux Desktop Tests (6)	UNKNOWN STEP	2026-02-25T19:48:18.3793591Z Get:8 https://packages.microsoft.com/ubuntu/24.04/prod noble/main arm64 Packages [74.9 kB]
Linux Desktop Tests (6)	UNKNOWN STEP	2026-02-25T19:48:18.3936834Z Get:9 https://packages.microsoft.com/ubuntu/24.04/prod noble/main amd64 Packages [96.0 kB]
Linux Desktop Tests (6)	UNKNOWN STEP	2026-02-25T19:48:18.3981582Z Get:10 https://packages.microsoft.com/ubuntu/24.04/prod noble/main armhf Packages [11.4 kB]
Linux Desktop Tests (6)	UNKNOWN STEP	2026-02-25T19:48:18.4300688Z Get:11 http://azure.archive.ubuntu.com/ubuntu noble-updates/main amd64 Packages [1800 kB]
Linux Desktop Tests (6)	UNKNOWN STEP	2026-02-25T19:48:18.4388409Z Get:12 http://azure.archive.ubuntu.com/ubuntu noble-updates/main Translation-en [331 kB]
Linux Desktop Tests (6)	UNKNOWN STEP	2026-02-25T19:48:18.4409215Z Get:13 http://azure.archive.ubuntu.com/ubuntu noble-updates/main amd64 Components [175 kB]
Linux Desktop Tests (6)	UNKNOWN STEP	2026-02-25T19:48:18.4427605Z Get:14 http://azure.archive.ubuntu.com/ubuntu noble-updates/main amd64 c-n-f Metadata [16.5 kB]
Linux Desktop Tests (6)	UNKNOWN STEP	2026-02-25T19:48:18.4482059Z Get:15 http://azure.archive.ubuntu.com/ubuntu noble-updates/universe amd64 Packages [1557 kB]
Linux Desktop Tests (6)	UNKNOWN STEP	2026-02-25T19:48:18.4567766Z Get:16 http://azure.archive.ubuntu.com/ubuntu noble-updates/universe Translation-en [316 kB]
Linux Desktop Tests (6)	UNKNOWN STEP	2026-02-25T19:48:18.4626167Z Get:17 http://azure.archive.ubuntu.com/ubuntu noble-updates/universe amd64 Components [386 kB]
Linux Desktop Tests (6)	UNKNOWN STEP	2026-02-25T19:48:18.4637260Z Get:18 http://azure.archive.ubuntu.com/ubuntu noble-updates/universe amd64 c-n-f Metadata [32.7 kB]
Linux Desktop Tests (6)	UNKNOWN STEP	2026-02-25T19:48:18.4647716Z Get:19 http://azure.archive.ubuntu.com/ubuntu noble-updates/restricted amd64 Packages [2735 kB]
Linux Desktop Tests (6)	UNKNOWN STEP	2026-02-25T19:48:18.4780396Z Get:20 http://azure.archive.ubuntu.com/ubuntu noble-updates/restricted Translation-en [630 kB]
Linux Desktop Tests (6)	UNKNOWN STEP	2026-02-25T19:48:18.5249113Z Get:21 http://azure.archive.ubuntu.com/ubuntu noble-updates/restricted amd64 Components [212 B]
Linux Desktop Tests (6)	UNKNOWN STEP	2026-02-25T19:48:18.5260173Z Get:22 http://azure.archive.ubuntu.com/ubuntu noble-updates/multiverse amd64 Components [940 B]
Linux Desktop Tests (6)	UNKNOWN STEP	2026-02-25T19:48:18.5266926Z Get:23 http://azure.archive.ubuntu.com/ubuntu noble-backports/main amd64 Components [7296 B]
Linux Desktop Tests (6)	UNKNOWN STEP	2026-02-25T19:48:18.5275670Z Get:24 http://azure.archive.ubuntu.com/ubuntu noble-backports/universe amd64 Components [10.5 kB]
Linux Desktop Tests (6)	UNKNOWN STEP	2026-02-25T19:48:18.5283020Z Get:25 http://azure.archive.ubuntu.com/ubuntu noble-backports/restricted amd64 Components [216 B]
Linux Desktop Tests (6)	UNKNOWN STEP	2026-02-25T19:48:18.5288424Z Get:26 http://azure.archive.ubuntu.com/ubuntu noble-backports/multiverse amd64 Components [212 B]
Linux Desktop Tests (6)	UNKNOWN STEP	2026-02-25T19:48:18.5559006Z Get:27 http://azure.archive.ubuntu.com/ubuntu noble-security/main amd64 Packages [1491 kB]
Linux Desktop Tests (6)	UNKNOWN STEP	2026-02-25T19:48:18.5635929Z Get:28 http://azure.archive.ubuntu.com/ubuntu noble-security/main Translation-en [239 kB]
Linux Desktop Tests (6)	UNKNOWN STEP	2026-02-25T19:48:18.5652319Z Get:29 http://azure.archive.ubuntu.com/ubuntu noble-security/main amd64 Components [21.5 kB]
Linux Desktop Tests (6)	UNKNOWN STEP	2026-02-25T19:48:18.5658598Z Get:30 http://azure.archive.ubuntu.com/ubuntu noble-security/main amd64 c-n-f Metadata [9932 B]
Linux Desktop Tests (6)	UNKNOWN STEP	2026-02-25T19:48:18.5665596Z Get:31 http://azure.archive.ubuntu.com/ubuntu noble-security/universe amd64 Packages [936 kB]
Linux Desktop Tests (6)	UNKNOWN STEP	2026-02-25T19:48:18.5713543Z Get:32 http://azure.archive.ubuntu.com/ubuntu noble-security/universe Translation-en [216 kB]
Linux Desktop Tests (6)	UNKNOWN STEP	2026-02-25T19:48:18.5728282Z Get:33 http://azure.archive.ubuntu.com/ubuntu noble-security/universe amd64 Components [74.2 kB]
Linux Desktop Tests (6)	UNKNOWN STEP	2026-02-25T19:48:18.5736896Z Get:34 http://azure.archive.ubuntu.com/ubuntu noble-security/universe amd64 c-n-f Metadata [20.1 kB]
Linux Desktop Tests (6)	UNKNOWN STEP	2026-02-25T19:48:18.6206791Z Get:35 http://azure.archive.ubuntu.com/ubuntu noble-security/restricted amd64 Packages [2557 kB]
Linux Desktop Tests (6)	UNKNOWN STEP	2026-02-25T19:48:18.6326162Z Get:36 http://azure.archive.ubuntu.com/ubuntu noble-security/restricted Translation-en [594 kB]
Linux Desktop Tests (6)	UNKNOWN STEP	2026-02-25T19:48:18.6356140Z Get:37 http://azure.archive.ubuntu.com/ubuntu noble-security/restricted amd64 Components [212 B]
Linux Desktop Tests (6)	UNKNOWN STEP	2026-02-25T19:48:18.6360930Z Get:38 http://azure.archive.ubuntu.com/ubuntu noble-security/multiverse amd64 Components [212 B]
Linux Desktop Tests (6)	UNKNOWN STEP	2026-02-25T19:48:25.1713294Z Fetched 14.7 MB in 2s (7838 kB/s)
Linux Desktop Tests (6)	UNKNOWN STEP	2026-02-25T19:48:25.9413032Z Reading package lists...
Linux Desktop Tests (6)	UNKNOWN STEP	2026-02-25T19:48:25.9756045Z Reading package lists...
Linux Desktop Tests (6)	UNKNOWN STEP	2026-02-25T19:48:26.1530583Z Building dependency tree...
Linux Desktop Tests (6)	UNKNOWN STEP	2026-02-25T19:48:26.1538685Z Reading state information...
Linux Desktop Tests (6)	UNKNOWN STEP	2026-02-25T19:48:26.3249761Z pkg-config is already the newest version (1.8.1-2build1).
Linux Desktop Tests (6)	UNKNOWN STEP	2026-02-25T19:48:26.3250624Z libstdc++-12-dev is already the newest version (12.4.0-2ubuntu1~24.04.1).
Linux Desktop Tests (6)	UNKNOWN STEP	2026-02-25T19:48:26.3251327Z libstdc++-12-dev set to manually installed.
Linux Desktop Tests (6)	UNKNOWN STEP	2026-02-25T19:48:26.3251886Z libsqlite3-dev is already the newest version (3.45.1-1ubuntu2.5).
Linux Desktop Tests (6)	UNKNOWN STEP	2026-02-25T19:48:26.3252509Z xvfb is already the newest version (2:21.1.12-1ubuntu1.5).
Linux Desktop Tests (6)	UNKNOWN STEP	2026-02-25T19:48:26.3253093Z The following additional packages will be installed:
Linux Desktop Tests (6)	UNKNOWN STEP	2026-02-25T19:48:26.3253759Z   bzip2-doc cmake-data gir1.2-atk-1.0 gir1.2-atspi-2.0 gir1.2-freedesktop
Linux Desktop Tests (6)	UNKNOWN STEP	2026-02-25T19:48:26.3254467Z   gir1.2-freedesktop-dev gir1.2-gdkpixbuf-2.0 gir1.2-glib-2.0
Linux Desktop Tests (6)	UNKNOWN STEP	2026-02-25T19:48:26.3255415Z   gir1.2-glib-2.0-dev gir1.2-gtk-3.0 gir1.2-harfbuzz-0.0 gir1.2-pango-1.0
Linux Desktop Tests (6)	UNKNOWN STEP	2026-02-25T19:48:26.3256179Z   gir1.2-secret-1 libatk-bridge2.0-dev libatspi2.0-dev libbrotli-dev
Linux Desktop Tests (6)	UNKNOWN STEP	2026-02-25T19:48:26.3256928Z   libbz2-dev libcairo-script-interpreter2 libcairo2-dev libdatrie-dev
Linux Desktop Tests (6)	UNKNOWN STEP	2026-02-25T19:48:26.3257625Z   libdeflate-dev libegl-dev libegl-mesa0 libegl1 libepoxy-dev
Linux Desktop Tests (6)	UNKNOWN STEP	2026-02-25T19:48:26.3258321Z   libfontconfig-dev libfreetype-dev libfribidi-dev libgcrypt20-dev
Linux Desktop Tests (6)	UNKNOWN STEP	2026-02-25T19:48:26.3259094Z   libgdk-pixbuf-2.0-dev libgdk-pixbuf2.0-bin libgirepository-2.0-0 libgl-dev
Linux Desktop Tests (6)	UNKNOWN STEP	2026-02-25T19:48:26.3259917Z   libgles-dev libgles1 libgles2 libglib2.0-0t64 libglib2.0-bin libglib2.0-data
Linux Desktop Tests (6)	UNKNOWN STEP	2026-02-25T19:48:26.3260754Z   libglib2.0-dev libglib2.0-dev-bin libglvnd-core-dev libglvnd-dev libglx-dev
Linux Desktop Tests (6)	UNKNOWN STEP	2026-02-25T19:48:26.3261488Z   libgpg-error-dev libgraphite2-dev libharfbuzz-cairo0 libharfbuzz-dev
Linux Desktop Tests (6)	UNKNOWN STEP	2026-02-25T19:48:26.3261949Z   libharfbuzz-gobject0 libharfbuzz-icu0 libharfbuzz-subset0 libice-dev
Linux Desktop Tests (6)	UNKNOWN STEP	2026-02-25T19:48:26.3262878Z   libjbig-dev libjpeg-dev libjpeg-turbo8-dev libjpeg8-dev libjsoncpp25
Linux Desktop Tests (6)	UNKNOWN STEP	2026-02-25T19:48:26.3263312Z   liblerc-dev libmount-dev libopengl-dev libopengl0 libpango1.0-dev
Linux Desktop Tests (6)	UNKNOWN STEP	2026-02-25T19:48:26.3263906Z   libpangoxft-1.0-0 libpixman-1-dev libpng-dev libpng-tools libpng16-16t64
Linux Desktop Tests (6)	UNKNOWN STEP	2026-02-25T19:48:26.3264655Z   libpthread-stubs0-dev librhash0 libsecret-1-0 libsecret-common
Linux Desktop Tests (6)	UNKNOWN STEP	2026-02-25T19:48:26.3265438Z   libselinux1-dev libsepol-dev libsharpyuv-dev libsm-dev libthai-dev
Linux Desktop Tests (6)	UNKNOWN STEP	2026-02-25T19:48:26.3265885Z   libtiff-dev libtiffxx6 libwayland-bin libwayland-dev libwayland-server0
Linux Desktop Tests (6)	UNKNOWN STEP	2026-02-25T19:48:26.3266330Z   libwebp-dev libwebpdecoder3 libx11-dev libxau-dev libxcb-render0-dev
Linux Desktop Tests (6)	UNKNOWN STEP	2026-02-25T19:48:26.3266967Z   libxcb-shm0-dev libxcb1-dev libxcomposite-dev libxcursor-dev libxdamage-dev
Linux Desktop Tests (6)	UNKNOWN STEP	2026-02-25T19:48:26.3267462Z   libxdmcp-dev libxext-dev libxfixes-dev libxft-dev libxi-dev libxinerama-dev
Linux Desktop Tests (6)	UNKNOWN STEP	2026-02-25T19:48:26.3267933Z   libxkbcommon-dev libxrandr-dev libxrender-dev libxtst-dev pango1.0-tools
Linux Desktop Tests (6)	UNKNOWN STEP	2026-02-25T19:48:26.3268383Z   uuid-dev wayland-protocols x11proto-dev xorg-sgml-doctools xtrans-dev
Linux Desktop Tests (6)	UNKNOWN STEP	2026-02-25T19:48:26.3268718Z Suggested packages:
Linux Desktop Tests (6)	UNKNOWN STEP	2026-02-25T19:48:26.3268987Z   cmake-doc cmake-format elpa-cmake-mode libcairo2-doc libdatrie-doc
Linux Desktop Tests (6)	UNKNOWN STEP	2026-02-25T19:48:26.3269406Z   freetype2-doc libgcrypt20-doc low-memory-monitor libglib2.0-doc
Linux Desktop Tests (6)	UNKNOWN STEP	2026-02-25T19:48:26.3269838Z   libxml2-utils libgraphite2-utils libgtk-3-doc libice-doc liblzma-doc
Linux Desktop Tests (6)	UNKNOWN STEP	2026-02-25T19:48:26.3270278Z   libpango1.0-doc libsm-doc libthai-doc libwayland-doc libx11-doc libxcb-doc
Linux Desktop Tests (6)	UNKNOWN STEP	2026-02-25T19:48:26.3270641Z   libxext-doc graphicsmagick
Linux Desktop Tests (6)	UNKNOWN STEP	2026-02-25T19:48:26.4878772Z The following NEW packages will be installed:
Linux Desktop Tests (6)	UNKNOWN STEP	2026-02-25T19:48:26.4879607Z   bzip2-doc clang cmake cmake-data gir1.2-atk-1.0 gir1.2-atspi-2.0
Linux Desktop Tests (6)	UNKNOWN STEP	2026-02-25T19:48:26.4880519Z   gir1.2-freedesktop gir1.2-freedesktop-dev gir1.2-gdkpixbuf-2.0
Linux Desktop Tests (6)	UNKNOWN STEP	2026-02-25T19:48:26.4881425Z   gir1.2-glib-2.0-dev gir1.2-gtk-3.0 gir1.2-harfbuzz-0.0 gir1.2-pango-1.0
Linux Desktop Tests (6)	UNKNOWN STEP	2026-02-25T19:48:26.4882346Z   gir1.2-secret-1 libatk-bridge2.0-dev libatk1.0-dev libatspi2.0-dev
Linux Desktop Tests (6)	UNKNOWN STEP	2026-02-25T19:48:26.4883266Z   libblkid-dev libbrotli-dev libbz2-dev libcairo-script-interpreter2
Linux Desktop Tests (6)	UNKNOWN STEP	2026-02-25T19:48:26.4884237Z   libcairo2-dev libdatrie-dev libdbus-1-dev libdeflate-dev libegl-dev
Linux Desktop Tests (6)	UNKNOWN STEP	2026-02-25T19:48:26.4885432Z   libegl-mesa0 libegl1 libegl1-mesa-dev libepoxy-dev libfontconfig-dev
Linux Desktop Tests (6)	UNKNOWN STEP	2026-02-25T19:48:26.4886411Z   libfreetype-dev libfribidi-dev libgcrypt20-dev libgdk-pixbuf-2.0-dev
Linux Desktop Tests (6)	UNKNOWN STEP	2026-02-25T19:48:26.4887391Z   libgdk-pixbuf2.0-bin libgirepository-2.0-0 libgl-dev libgl1-mesa-dev
Linux Desktop Tests (6)	UNKNOWN STEP	2026-02-25T19:48:26.4888263Z   libgles-dev libgles1 libgles2 libgles2-mesa-dev libglib2.0-dev
Linux Desktop Tests (6)	UNKNOWN STEP	2026-02-25T19:48:26.4888948Z   libglib2.0-dev-bin libglvnd-core-dev libglvnd-dev libglx-dev
Linux Desktop Tests (6)	UNKNOWN STEP	2026-02-25T19:48:26.4889657Z   libgpg-error-dev libgraphite2-dev libgtk-3-dev libharfbuzz-cairo0
Linux Desktop Tests (6)	UNKNOWN STEP	2026-02-25T19:48:26.4890439Z   libharfbuzz-dev libharfbuzz-gobject0 libharfbuzz-icu0 libharfbuzz-subset0
Linux Desktop Tests (6)	UNKNOWN STEP	2026-02-25T19:48:26.4891268Z   libice-dev libjbig-dev libjpeg-dev libjpeg-turbo8-dev libjpeg8-dev
Linux Desktop Tests (6)	UNKNOWN STEP	2026-02-25T19:48:26.4892002Z   libjsoncpp-dev libjsoncpp25 liblerc-dev liblzma-dev libmount-dev
Linux Desktop Tests (6)	UNKNOWN STEP	2026-02-25T19:48:26.4892605Z   libopengl-dev libopengl0 libpango1.0-dev libpangoxft-1.0-0 libpixman-1-dev
Linux Desktop Tests (6)	UNKNOWN STEP	2026-02-25T19:48:26.4893060Z   libpng-dev libpng-tools libpthread-stubs0-dev librhash0 libsecret-1-0
Linux Desktop Tests (6)	UNKNOWN STEP	2026-02-25T19:48:26.4893501Z   libsecret-1-dev libsecret-common libselinux1-dev libsepol-dev
Linux Desktop Tests (6)	UNKNOWN STEP	2026-02-25T19:48:26.4893932Z   libsharpyuv-dev libsm-dev libthai-dev libtiff-dev libtiffxx6 libwayland-bin
Linux Desktop Tests (6)	UNKNOWN STEP	2026-02-25T19:48:26.4894415Z   libwayland-dev libwayland-server0 libwebp-dev libwebpdecoder3 libx11-dev
Linux Desktop Tests (6)	UNKNOWN STEP	2026-02-25T19:48:26.4894884Z   libxau-dev libxcb-render0-dev libxcb-shm0-dev libxcb1-dev libxcomposite-dev
Linux Desktop Tests (6)	UNKNOWN STEP	2026-02-25T19:48:26.4895820Z   libxcursor-dev libxdamage-dev libxdmcp-dev libxext-dev libxfixes-dev
Linux Desktop Tests (6)	UNKNOWN STEP	2026-02-25T19:48:26.4896556Z   libxft-dev libxi-dev libxinerama-dev libxkbcommon-dev libxrandr-dev
Linux Desktop Tests (6)	UNKNOWN STEP	2026-02-25T19:48:26.4896966Z   libxrender-dev libxtst-dev ninja-build pango1.0-tools uuid-dev
Linux Desktop Tests (6)	UNKNOWN STEP	2026-02-25T19:48:26.4897956Z   wayland-protocols x11proto-dev xorg-sgml-doctools xtrans-dev
Linux Desktop Tests (6)	UNKNOWN STEP	2026-02-25T19:48:26.4898581Z The following packages will be upgraded:
Linux Desktop Tests (6)	UNKNOWN STEP	2026-02-25T19:48:26.4899082Z   gir1.2-glib-2.0 libglib2.0-0t64 libglib2.0-bin libglib2.0-data
Linux Desktop Tests (6)	UNKNOWN STEP	2026-02-25T19:48:26.4903072Z   libpng16-16t64
Linux Desktop Tests (6)	UNKNOWN STEP	2026-02-25T19:48:26.5115394Z 5 upgraded, 115 newly installed, 0 to remove and 27 not upgraded.
Linux Desktop Tests (6)	UNKNOWN STEP	2026-02-25T19:48:26.5115976Z Need to get 30.4 MB of archives.
Linux Desktop Tests (6)	UNKNOWN STEP	2026-02-25T19:48:26.5116504Z After this operation, 139 MB of additional disk space will be used.
Linux Desktop Tests (6)	UNKNOWN STEP	2026-02-25T19:48:26.5116964Z Get:1 file:/etc/apt/apt-mirrors.txt Mirrorlist [144 B]
Linux Desktop Tests (6)	UNKNOWN STEP	2026-02-25T19:48:26.6199150Z Get:2 http://azure.archive.ubuntu.com/ubuntu noble-updates/main amd64 libglib2.0-data all 2.80.0-6ubuntu3.8 [49.6 kB]
Linux Desktop Tests (6)	UNKNOWN STEP	2026-02-25T19:48:26.7606590Z Get:3 http://azure.archive.ubuntu.com/ubuntu noble-updates/main amd64 libglib2.0-bin amd64 2.80.0-6ubuntu3.8 [97.9 kB]
Linux Desktop Tests (6)	UNKNOWN STEP	2026-02-25T19:48:26.8821908Z Get:4 http://azure.archive.ubuntu.com/ubuntu noble-updates/main amd64 gir1.2-glib-2.0 amd64 2.80.0-6ubuntu3.8 [183 kB]
Linux Desktop Tests (6)	UNKNOWN STEP	2026-02-25T19:48:26.9802732Z Get:5 http://azure.archive.ubuntu.com/ubuntu noble-updates/main amd64 libglib2.0-0t64 amd64 2.80.0-6ubuntu3.8 [1545 kB]
Linux Desktop Tests (6)	UNKNOWN STEP	2026-02-25T19:48:27.1598931Z Get:6 http://azure.archive.ubuntu.com/ubuntu noble-updates/main amd64 libpng16-16t64 amd64 1.6.43-5ubuntu0.5 [188 kB]
Linux Desktop Tests (6)	UNKNOWN STEP	2026-02-25T19:48:27.2081951Z Get:7 http://azure.archive.ubuntu.com/ubuntu noble-updates/main amd64 bzip2-doc all 1.0.8-5.1build0.1 [499 kB]
Linux Desktop Tests (6)	UNKNOWN STEP	2026-02-25T19:48:27.2628053Z Get:8 http://azure.archive.ubuntu.com/ubuntu noble/universe amd64 clang amd64 1:18.0-59~exp2 [5846 B]
Linux Desktop Tests (6)	UNKNOWN STEP	2026-02-25T19:48:27.3091282Z Get:9 http://azure.archive.ubuntu.com/ubuntu noble/main amd64 libjsoncpp25 amd64 1.9.5-6build1 [82.8 kB]
Linux Desktop Tests (6)	UNKNOWN STEP	2026-02-25T19:48:27.3567692Z Get:10 http://azure.archive.ubuntu.com/ubuntu noble/main amd64 librhash0 amd64 1.4.3-3build1 [129 kB]
Linux Desktop Tests (6)	UNKNOWN STEP	2026-02-25T19:48:27.4050356Z Get:11 http://azure.archive.ubuntu.com/ubuntu noble/main amd64 cmake-data all 3.28.3-1build7 [2155 kB]
Linux Desktop Tests (6)	UNKNOWN STEP	2026-02-25T19:48:27.4923888Z Get:12 http://azure.archive.ubuntu.com/ubuntu noble/main amd64 cmake amd64 3.28.3-1build7 [11.2 MB]
Linux Desktop Tests (6)	UNKNOWN STEP	2026-02-25T19:48:27.7024987Z Get:13 http://azure.archive.ubuntu.com/ubuntu noble/main amd64 gir1.2-atk-1.0 amd64 2.52.0-1build1 [23.1 kB]
Linux Desktop Tests (6)	UNKNOWN STEP	2026-02-25T19:48:27.7490970Z Get:14 http://azure.archive.ubuntu.com/ubuntu noble/main amd64 gir1.2-freedesktop amd64 1.80.1-1 [49.7 kB]
Linux Desktop Tests (6)	UNKNOWN STEP	2026-02-25T19:48:27.7959311Z Get:15 http://azure.archive.ubuntu.com/ubuntu noble/main amd64 gir1.2-atspi-2.0 amd64 2.52.0-1build1 [19.8 kB]
Linux Desktop Tests (6)	UNKNOWN STEP	2026-02-25T19:48:27.8427315Z Get:16 http://azure.archive.ubuntu.com/ubuntu noble-updates/main amd64 gir1.2-glib-2.0-dev amd64 2.80.0-6ubuntu3.8 [848 kB]
Linux Desktop Tests (6)	UNKNOWN STEP	2026-02-25T19:48:27.8987874Z Get:17 http://azure.archive.ubuntu.com/ubuntu noble/main amd64 gir1.2-freedesktop-dev amd64 1.80.1-1 [28.8 kB]
Linux Desktop Tests (6)	UNKNOWN STEP	2026-02-25T19:48:27.9454252Z Get:18 http://azure.archive.ubuntu.com/ubuntu noble-updates/main amd64 gir1.2-gdkpixbuf-2.0 amd64 2.42.10+dfsg-3ubuntu3.2 [9488 B]
Linux Desktop Tests (6)	UNKNOWN STEP	2026-02-25T19:48:27.9921504Z Get:19 http://azure.archive.ubuntu.com/ubuntu noble/main amd64 libharfbuzz-gobject0 amd64 8.3.0-2build2 [34.3 kB]
Linux Desktop Tests (6)	UNKNOWN STEP	2026-02-25T19:48:28.0391901Z Get:20 http://azure.archive.ubuntu.com/ubuntu noble/main amd64 gir1.2-harfbuzz-0.0 amd64 8.3.0-2build2 [44.5 kB]
Linux Desktop Tests (6)	UNKNOWN STEP	2026-02-25T19:48:28.0858582Z Get:21 http://azure.archive.ubuntu.com/ubuntu noble/main amd64 libpangoxft-1.0-0 amd64 1.52.1+ds-1build1 [20.3 kB]
Linux Desktop Tests (6)	UNKNOWN STEP	2026-02-25T19:48:28.1322385Z Get:22 http://azure.archive.ubuntu.com/ubuntu noble/main amd64 gir1.2-pango-1.0 amd64 1.52.1+ds-1build1 [34.8 kB]
Linux Desktop Tests (6)	UNKNOWN STEP	2026-02-25T19:48:28.1790150Z Get:23 http://azure.archive.ubuntu.com/ubuntu noble-updates/main amd64 gir1.2-gtk-3.0 amd64 3.24.41-4ubuntu1.3 [245 kB]
Linux Desktop Tests (6)	UNKNOWN STEP	2026-02-25T19:48:28.2280237Z Get:24 http://azure.archive.ubuntu.com/ubuntu noble/main amd64 libsecret-common all 0.21.4-1build3 [4962 B]
Linux Desktop Tests (6)	UNKNOWN STEP	2026-02-25T19:48:28.2742416Z Get:25 http://azure.archive.ubuntu.com/ubuntu noble/main amd64 libsecret-1-0 amd64 0.21.4-1build3 [116 kB]
Linux Desktop Tests (6)	UNKNOWN STEP	2026-02-25T19:48:28.3215403Z Get:26 http://azure.archive.ubuntu.com/ubuntu noble/main amd64 gir1.2-secret-1 amd64 0.21.4-1build3 [9424 B]
Linux Desktop Tests (6)	UNKNOWN STEP	2026-02-25T19:48:28.3680311Z Get:27 http://azure.archive.ubuntu.com/ubuntu noble-updates/main amd64 libglib2.0-dev-bin amd64 2.80.0-6ubuntu3.8 [138 kB]
Linux Desktop Tests (6)	UNKNOWN STEP	2026-02-25T19:48:28.4163802Z Get:28 http://azure.archive.ubuntu.com/ubuntu noble-updates/main amd64 uuid-dev amd64 2.39.3-9ubuntu6.4 [33.5 kB]
Linux Desktop Tests (6)	UNKNOWN STEP	2026-02-25T19:48:28.4634700Z Get:29 http://azure.archive.ubuntu.com/ubuntu noble-updates/main amd64 libblkid-dev amd64 2.39.3-9ubuntu6.4 [204 kB]
Linux Desktop Tests (6)	UNKNOWN STEP	2026-02-25T19:48:28.5130554Z Get:30 http://azure.archive.ubuntu.com/ubuntu noble/main amd64 libsepol-dev amd64 3.5-2build1 [384 kB]
Linux Desktop Tests (6)	UNKNOWN STEP	2026-02-25T19:48:28.5636669Z Get:31 http://azure.archive.ubuntu.com/ubuntu noble-updates/main amd64 libselinux1-dev amd64 3.5-2ubuntu2.1 [164 kB]
Linux Desktop Tests (6)	UNKNOWN STEP	2026-02-25T19:48:28.6119491Z Get:32 http://azure.archive.ubuntu.com/ubuntu noble-updates/main amd64 libmount-dev amd64 2.39.3-9ubuntu6.4 [14.9 kB]
Linux Desktop Tests (6)	UNKNOWN STEP	2026-02-25T19:48:28.6585366Z Get:33 http://azure.archive.ubuntu.com/ubuntu noble-updates/main amd64 libgirepository-2.0-0 amd64 2.80.0-6ubuntu3.8 [73.6 kB]
Linux Desktop Tests (6)	UNKNOWN STEP	2026-02-25T19:48:28.7058806Z Get:34 http://azure.archive.ubuntu.com/ubuntu noble-updates/main amd64 libglib2.0-dev amd64 2.80.0-6ubuntu3.8 [1860 kB]
Linux Desktop Tests (6)	UNKNOWN STEP	2026-02-25T19:48:28.7818298Z Get:35 http://azure.archive.ubuntu.com/ubuntu noble/main amd64 libatk1.0-dev amd64 2.52.0-1build1 [100 kB]
Linux Desktop Tests (6)	UNKNOWN STEP	2026-02-25T19:48:28.8292993Z Get:36 http://azure.archive.ubuntu.com/ubuntu noble-updates/main amd64 libdbus-1-dev amd64 1.14.10-4ubuntu4.1 [190 kB]
Linux Desktop Tests (6)	UNKNOWN STEP	2026-02-25T19:48:28.8799551Z Get:37 http://azure.archive.ubuntu.com/ubuntu noble/main amd64 xorg-sgml-doctools all 1:1.11-1.1 [10.9 kB]
Linux Desktop Tests (6)	UNKNOWN STEP	2026-02-25T19:48:28.9264355Z Get:38 http://azure.archive.ubuntu.com/ubuntu noble/main amd64 x11proto-dev all 2023.2-1 [602 kB]
Linux Desktop Tests (6)	UNKNOWN STEP	2026-02-25T19:48:28.9772332Z Get:39 http://azure.archive.ubuntu.com/ubuntu noble/main amd64 libxau-dev amd64 1:1.0.9-1build6 [9570 B]
Linux Desktop Tests (6)	UNKNOWN STEP	2026-02-25T19:48:29.0239135Z Get:40 http://azure.archive.ubuntu.com/ubuntu noble/main amd64 libxdmcp-dev amd64 1:1.1.3-0ubuntu6 [26.5 kB]
Linux Desktop Tests (6)	UNKNOWN STEP	2026-02-25T19:48:29.0704471Z Get:41 http://azure.archive.ubuntu.com/ubuntu noble/main amd64 xtrans-dev all 1.4.0-1 [68.9 kB]
Linux Desktop Tests (6)	UNKNOWN STEP	2026-02-25T19:48:29.1180503Z Get:42 http://azure.archive.ubuntu.com/ubuntu noble/main amd64 libpthread-stubs0-dev amd64 0.4-1build3 [4746 B]
Linux Desktop Tests (6)	UNKNOWN STEP	2026-02-25T19:48:29.1648654Z Get:43 http://azure.archive.ubuntu.com/ubuntu noble/main amd64 libxcb1-dev amd64 1.15-1ubuntu2 [85.8 kB]
Linux Desktop Tests (6)	UNKNOWN STEP	2026-02-25T19:48:29.2134751Z Get:44 http://azure.archive.ubuntu.com/ubuntu noble/main amd64 libx11-dev amd64 2:1.8.7-1build1 [732 kB]
Linux Desktop Tests (6)	UNKNOWN STEP	2026-02-25T19:48:29.2707540Z Get:45 http://azure.archive.ubuntu.com/ubuntu noble/main amd64 libxext-dev amd64 2:1.3.4-1build2 [83.5 kB]
Linux Desktop Tests (6)	UNKNOWN STEP	2026-02-25T19:48:29.3181818Z Get:46 http://azure.archive.ubuntu.com/ubuntu noble/main amd64 libxfixes-dev amd64 1:6.0.0-2build1 [12.1 kB]
Linux Desktop Tests (6)	UNKNOWN STEP	2026-02-25T19:48:29.3647674Z Get:47 http://azure.archive.ubuntu.com/ubuntu noble/main amd64 libxi-dev amd64 2:1.8.1-1build1 [194 kB]
Linux Desktop Tests (6)	UNKNOWN STEP	2026-02-25T19:48:29.4133584Z Get:48 http://azure.archive.ubuntu.com/ubuntu noble/main amd64 libxtst-dev amd64 2:1.2.3-1.1build1 [15.9 kB]
Linux Desktop Tests (6)	UNKNOWN STEP	2026-02-25T19:48:29.4602612Z Get:49 http://azure.archive.ubuntu.com/ubuntu noble/main amd64 libatspi2.0-dev amd64 2.52.0-1build1 [76.2 kB]
Linux Desktop Tests (6)	UNKNOWN STEP	2026-02-25T19:48:29.5072602Z Get:50 http://azure.archive.ubuntu.com/ubuntu noble/main amd64 libatk-bridge2.0-dev amd64 2.52.0-1build1 [4284 B]
Linux Desktop Tests (6)	UNKNOWN STEP	2026-02-25T19:48:29.5541251Z Get:51 http://azure.archive.ubuntu.com/ubuntu noble/main amd64 libbrotli-dev amd64 1.1.0-2build2 [353 kB]
Linux Desktop Tests (6)	UNKNOWN STEP	2026-02-25T19:48:29.6043583Z Get:52 http://azure.archive.ubuntu.com/ubuntu noble-updates/main amd64 libbz2-dev amd64 1.0.8-5.1build0.1 [33.6 kB]
Linux Desktop Tests (6)	UNKNOWN STEP	2026-02-25T19:48:29.6512894Z Get:53 http://azure.archive.ubuntu.com/ubuntu noble/main amd64 libcairo-script-interpreter2 amd64 1.18.0-3build1 [60.3 kB]
Linux Desktop Tests (6)	UNKNOWN STEP	2026-02-25T19:48:29.6986898Z Get:54 http://azure.archive.ubuntu.com/ubuntu noble-updates/main amd64 libpng-dev amd64 1.6.43-5ubuntu0.5 [265 kB]
Linux Desktop Tests (6)	UNKNOWN STEP	2026-02-25T19:48:29.7483388Z Get:55 http://azure.archive.ubuntu.com/ubuntu noble/main amd64 libfreetype-dev amd64 2.13.2+dfsg-1build3 [575 kB]
Linux Desktop Tests (6)	UNKNOWN STEP	2026-02-25T19:48:29.8019750Z Get:56 http://azure.archive.ubuntu.com/ubuntu noble/main amd64 libfontconfig-dev amd64 2.15.0-1.1ubuntu2 [161 kB]
Linux Desktop Tests (6)	UNKNOWN STEP	2026-02-25T19:48:29.8495984Z Get:57 http://azure.archive.ubuntu.com/ubuntu noble/main amd64 libpixman-1-dev amd64 0.42.2-1build1 [296 kB]
Linux Desktop Tests (6)	UNKNOWN STEP	2026-02-25T19:48:29.8989373Z Get:58 http://azure.archive.ubuntu.com/ubuntu noble/main amd64 libice-dev amd64 2:1.0.10-1build3 [51.0 kB]
Linux Desktop Tests (6)	UNKNOWN STEP	2026-02-25T19:48:29.9457381Z Get:59 http://azure.archive.ubuntu.com/ubuntu noble/main amd64 libsm-dev amd64 2:1.2.3-1build3 [17.8 kB]
Linux Desktop Tests (6)	UNKNOWN STEP	2026-02-25T19:48:29.9923764Z Get:60 http://azure.archive.ubuntu.com/ubuntu noble/main amd64 libxcb-render0-dev amd64 1.15-1ubuntu2 [19.6 kB]
Linux Desktop Tests (6)	UNKNOWN STEP	2026-02-25T19:48:30.0393191Z Get:61 http://azure.archive.ubuntu.com/ubuntu noble/main amd64 libxcb-shm0-dev amd64 1.15-1ubuntu2 [8246 B]
Linux Desktop Tests (6)	UNKNOWN STEP	2026-02-25T19:48:30.0859714Z Get:62 http://azure.archive.ubuntu.com/ubuntu noble/main amd64 libxrender-dev amd64 1:0.9.10-1.1build1 [26.3 kB]
Linux Desktop Tests (6)	UNKNOWN STEP	2026-02-25T19:48:30.1327915Z Get:63 http://azure.archive.ubuntu.com/ubuntu noble/main amd64 libcairo2-dev amd64 1.18.0-3build1 [41.1 kB]
Linux Desktop Tests (6)	UNKNOWN STEP	2026-02-25T19:48:30.1792447Z Get:64 http://azure.archive.ubuntu.com/ubuntu noble/main amd64 libdatrie-dev amd64 0.2.13-3build1 [19.4 kB]
Linux Desktop Tests (6)	UNKNOWN STEP	2026-02-25T19:48:30.2261092Z Get:65 http://azure.archive.ubuntu.com/ubuntu noble-updates/main amd64 libdeflate-dev amd64 1.19-1build1.1 [50.9 kB]
Linux Desktop Tests (6)	UNKNOWN STEP	2026-02-25T19:48:30.2730983Z Get:66 http://azure.archive.ubuntu.com/ubuntu noble-updates/main amd64 libegl-mesa0 amd64 25.2.8-0ubuntu0.24.04.1 [117 kB]
Linux Desktop Tests (6)	UNKNOWN STEP	2026-02-25T19:48:30.3216078Z Get:67 http://azure.archive.ubuntu.com/ubuntu noble/main amd64 libegl1 amd64 1.7.0-1build1 [28.7 kB]
Linux Desktop Tests (6)	UNKNOWN STEP	2026-02-25T19:48:30.3679722Z Get:68 http://azure.archive.ubuntu.com/ubuntu noble/main amd64 libglx-dev amd64 1.7.0-1build1 [14.2 kB]
Linux Desktop Tests (6)	UNKNOWN STEP	2026-02-25T19:48:30.4145367Z Get:69 http://azure.archive.ubuntu.com/ubuntu noble/main amd64 libgl-dev amd64 1.7.0-1build1 [102 kB]
Linux Desktop Tests (6)	UNKNOWN STEP	2026-02-25T19:48:30.4628499Z Get:70 http://azure.archive.ubuntu.com/ubuntu noble/main amd64 libegl-dev amd64 1.7.0-1build1 [18.2 kB]
Linux Desktop Tests (6)	UNKNOWN STEP	2026-02-25T19:48:30.5113140Z Get:71 http://azure.archive.ubuntu.com/ubuntu noble/main amd64 libglvnd-core-dev amd64 1.7.0-1build1 [13.6 kB]
Linux Desktop Tests (6)	UNKNOWN STEP	2026-02-25T19:48:30.5597841Z Get:72 http://azure.archive.ubuntu.com/ubuntu noble/main amd64 libgles1 amd64 1.7.0-1build1 [11.6 kB]
Linux Desktop Tests (6)	UNKNOWN STEP	2026-02-25T19:48:30.6075712Z Get:73 http://azure.archive.ubuntu.com/ubuntu noble/main amd64 libgles2 amd64 1.7.0-1build1 [17.1 kB]
Linux Desktop Tests (6)	UNKNOWN STEP	2026-02-25T19:48:30.7127080Z Get:74 http://azure.archive.ubuntu.com/ubuntu noble/main amd64 libgles-dev amd64 1.7.0-1build1 [50.5 kB]
Linux Desktop Tests (6)	UNKNOWN STEP	2026-02-25T19:48:30.7605408Z Get:75 http://azure.archive.ubuntu.com/ubuntu noble/main amd64 libopengl0 amd64 1.7.0-1build1 [32.8 kB]
Linux Desktop Tests (6)	UNKNOWN STEP	2026-02-25T19:48:30.8076516Z Get:76 http://azure.archive.ubuntu.com/ubuntu noble/main amd64 libopengl-dev amd64 1.7.0-1build1 [3454 B]
Linux Desktop Tests (6)	UNKNOWN STEP	2026-02-25T19:48:30.8539934Z Get:77 http://azure.archive.ubuntu.com/ubuntu noble/main amd64 libglvnd-dev amd64 1.7.0-1build1 [3198 B]
Linux Desktop Tests (6)	UNKNOWN STEP	2026-02-25T19:48:30.9006129Z Get:78 http://azure.archive.ubuntu.com/ubuntu noble-updates/main amd64 libegl1-mesa-dev amd64 25.2.8-0ubuntu0.24.04.1 [26.4 kB]
Linux Desktop Tests (6)	UNKNOWN STEP	2026-02-25T19:48:30.9472509Z Get:79 http://azure.archive.ubuntu.com/ubuntu noble/main amd64 libepoxy-dev amd64 1.5.10-1build1 [132 kB]
Linux Desktop Tests (6)	UNKNOWN STEP	2026-02-25T19:48:30.9962426Z Get:80 http://azure.archive.ubuntu.com/ubuntu noble/main amd64 libfribidi-dev amd64 1.0.13-3build1 [64.8 kB]
Linux Desktop Tests (6)	UNKNOWN STEP	2026-02-25T19:48:31.0441802Z Get:81 http://azure.archive.ubuntu.com/ubuntu noble-updates/main amd64 libgpg-error-dev amd64 1.47-3build2.1 [128 kB]
Linux Desktop Tests (6)	UNKNOWN STEP	2026-02-25T19:48:31.1037286Z Get:82 http://azure.archive.ubuntu.com/ubuntu noble/main amd64 libgcrypt20-dev amd64 1.10.3-2build1 [592 kB]
Linux Desktop Tests (6)	UNKNOWN STEP	2026-02-25T19:48:31.1584746Z Get:83 http://azure.archive.ubuntu.com/ubuntu noble-updates/main amd64 libgdk-pixbuf2.0-bin amd64 2.42.10+dfsg-3ubuntu3.2 [13.9 kB]
Linux Desktop Tests (6)	UNKNOWN STEP	2026-02-25T19:48:31.2053000Z Get:84 http://azure.archive.ubuntu.com/ubuntu noble/main amd64 libjpeg-turbo8-dev amd64 2.1.5-2ubuntu2 [295 kB]
Linux Desktop Tests (6)	UNKNOWN STEP	2026-02-25T19:48:31.2576626Z Get:85 http://azure.archive.ubuntu.com/ubuntu noble/main amd64 libjpeg8-dev amd64 8c-2ubuntu11 [1484 B]
Linux Desktop Tests (6)	UNKNOWN STEP	2026-02-25T19:48:31.3044275Z Get:86 http://azure.archive.ubuntu.com/ubuntu noble/main amd64 libjpeg-dev amd64 8c-2ubuntu11 [1482 B]
Linux Desktop Tests (6)	UNKNOWN STEP	2026-02-25T19:48:31.3510993Z Get:87 http://azure.archive.ubuntu.com/ubuntu noble/main amd64 libjbig-dev amd64 2.1-6.1ubuntu2 [27.9 kB]
Linux Desktop Tests (6)	UNKNOWN STEP	2026-02-25T19:48:31.3978918Z Get:88 http://azure.archive.ubuntu.com/ubuntu noble-updates/main amd64 liblzma-dev amd64 5.6.1+really5.4.5-1ubuntu0.2 [176 kB]
Linux Desktop Tests (6)	UNKNOWN STEP	2026-02-25T19:48:31.4459705Z Get:89 http://azure.archive.ubuntu.com/ubuntu noble/main amd64 libwebpdecoder3 amd64 1.3.2-0.4build3 [114 kB]
Linux Desktop Tests (6)	UNKNOWN STEP	2026-02-25T19:48:31.4934531Z Get:90 http://azure.archive.ubuntu.com/ubuntu noble/main amd64 libsharpyuv-dev amd64 1.3.2-0.4build3 [16.0 kB]
Linux Desktop Tests (6)	UNKNOWN STEP	2026-02-25T19:48:31.5403302Z Get:91 http://azure.archive.ubuntu.com/ubuntu noble/main amd64 libwebp-dev amd64 1.3.2-0.4build3 [367 kB]
Linux Desktop Tests (6)	UNKNOWN STEP	2026-02-25T19:48:31.5912152Z Get:92 http://azure.archive.ubuntu.com/ubuntu noble-updates/main amd64 libtiffxx6 amd64 4.5.1+git230720-4ubuntu2.4 [5648 B]
Linux Desktop Tests (6)	UNKNOWN STEP	2026-02-25T19:48:31.6386860Z Get:93 http://azure.archive.ubuntu.com/ubuntu noble/main amd64 liblerc-dev amd64 4.0.0+ds-4ubuntu2 [182 kB]
Linux Desktop Tests (6)	UNKNOWN STEP	2026-02-25T19:48:31.6872170Z Get:94 http://azure.archive.ubuntu.com/ubuntu noble-updates/main amd64 libtiff-dev amd64 4.5.1+git230720-4ubuntu2.4 [338 kB]
Linux Desktop Tests (6)	UNKNOWN STEP	2026-02-25T19:48:31.7381346Z Get:95 http://azure.archive.ubuntu.com/ubuntu noble-updates/main amd64 libgdk-pixbuf-2.0-dev amd64 2.42.10+dfsg-3ubuntu3.2 [48.0 kB]
Linux Desktop Tests (6)	UNKNOWN STEP	2026-02-25T19:48:31.7862264Z Get:96 http://azure.archive.ubuntu.com/ubuntu noble-updates/main amd64 libgles2-mesa-dev amd64 25.2.8-0ubuntu0.24.04.1 [22.5 kB]
Linux Desktop Tests (6)	UNKNOWN STEP	2026-02-25T19:48:31.8336108Z Get:97 http://azure.archive.ubuntu.com/ubuntu noble/main amd64 libgraphite2-dev amd64 1.3.14-2build1 [14.7 kB]
Linux Desktop Tests (6)	UNKNOWN STEP	2026-02-25T19:48:31.9183765Z Get:98 http://azure.archive.ubuntu.com/ubuntu noble/main amd64 libharfbuzz-icu0 amd64 8.3.0-2build2 [13.3 kB]
Linux Desktop Tests (6)	UNKNOWN STEP	2026-02-25T19:48:31.9650276Z Get:99 http://azure.archive.ubuntu.com/ubuntu noble/main amd64 libharfbuzz-subset0 amd64 8.3.0-2build2 [448 kB]
Linux Desktop Tests (6)	UNKNOWN STEP	2026-02-25T19:48:32.0164566Z Get:100 http://azure.archive.ubuntu.com/ubuntu noble/main amd64 libharfbuzz-cairo0 amd64 8.3.0-2build2 [26.2 kB]
Linux Desktop Tests (6)	UNKNOWN STEP	2026-02-25T19:48:32.0636329Z Get:101 http://azure.archive.ubuntu.com/ubuntu noble/main amd64 libharfbuzz-dev amd64 8.3.0-2build2 [142 kB]
Linux Desktop Tests (6)	UNKNOWN STEP	2026-02-25T19:48:32.1126678Z Get:102 http://azure.archive.ubuntu.com/ubuntu noble/main amd64 libthai-dev amd64 0.1.29-2build1 [26.6 kB]
Linux Desktop Tests (6)	UNKNOWN STEP	2026-02-25T19:48:32.1636205Z Get:103 http://azure.archive.ubuntu.com/ubuntu noble/main amd64 libxft-dev amd64 2.3.6-1build1 [64.3 kB]
Linux Desktop Tests (6)	UNKNOWN STEP	2026-02-25T19:48:32.2116170Z Get:104 http://azure.archive.ubuntu.com/ubuntu noble/main amd64 pango1.0-tools amd64 1.52.1+ds-1build1 [36.7 kB]
Linux Desktop Tests (6)	UNKNOWN STEP	2026-02-25T19:48:32.2584878Z Get:105 http://azure.archive.ubuntu.com/ubuntu noble/main amd64 libpango1.0-dev amd64 1.52.1+ds-1build1 [147 kB]
Linux Desktop Tests (6)	UNKNOWN STEP	2026-02-25T19:48:32.3064766Z Get:106 http://azure.archive.ubuntu.com/ubuntu noble/main amd64 libwayland-server0 amd64 1.22.0-2.1build1 [33.9 kB]
Linux Desktop Tests (6)	UNKNOWN STEP	2026-02-25T19:48:32.3529395Z Get:107 http://azure.archive.ubuntu.com/ubuntu noble/main amd64 libwayland-bin amd64 1.22.0-2.1build1 [20.6 kB]
Linux Desktop Tests (6)	UNKNOWN STEP	2026-02-25T19:48:32.3993045Z Get:108 http://azure.archive.ubuntu.com/ubuntu noble/main amd64 libwayland-dev amd64 1.22.0-2.1build1 [71.3 kB]
Linux Desktop Tests (6)	UNKNOWN STEP	2026-02-25T19:48:32.4462159Z Get:109 http://azure.archive.ubuntu.com/ubuntu noble/main amd64 libxcomposite-dev amd64 1:0.4.5-1build3 [9374 B]
Linux Desktop Tests (6)	UNKNOWN STEP	2026-02-25T19:48:32.4950022Z Get:110 http://azure.archive.ubuntu.com/ubuntu noble/main amd64 libxcursor-dev amd64 1:1.2.1-1build1 [31.8 kB]
Linux Desktop Tests (6)	UNKNOWN STEP	2026-02-25T19:48:32.5433086Z Get:111 http://azure.archive.ubuntu.com/ubuntu noble/main amd64 libxdamage-dev amd64 1:1.1.6-1build1 [5270 B]
Linux Desktop Tests (6)	UNKNOWN STEP	2026-02-25T19:48:32.5914871Z Get:112 http://azure.archive.ubuntu.com/ubuntu noble/main amd64 libxinerama-dev amd64 2:1.1.4-3build1 [7988 B]
Linux Desktop Tests (6)	UNKNOWN STEP	2026-02-25T19:48:32.6398982Z Get:113 http://azure.archive.ubuntu.com/ubuntu noble/main amd64 libxkbcommon-dev amd64 1.6.0-1build1 [56.3 kB]
Linux Desktop Tests (6)	UNKNOWN STEP	2026-02-25T19:48:32.6887583Z Get:114 http://azure.archive.ubuntu.com/ubuntu noble/main amd64 libxrandr-dev amd64 2:1.5.2-2build1 [26.4 kB]
Linux Desktop Tests (6)	UNKNOWN STEP	2026-02-25T19:48:32.7353899Z Get:115 http://azure.archive.ubuntu.com/ubuntu noble-updates/main amd64 wayland-protocols all 1.45-1~ubuntu0.24.04.1 [114 kB]
Linux Desktop Tests (6)	UNKNOWN STEP	2026-02-25T19:48:32.7823883Z Get:116 http://azure.archive.ubuntu.com/ubuntu noble-updates/main amd64 libgtk-3-dev amd64 3.24.41-4ubuntu1.3 [1096 kB]
Linux Desktop Tests (6)	UNKNOWN STEP	2026-02-25T19:48:32.8350331Z Get:117 http://azure.archive.ubuntu.com/ubuntu noble-updates/main amd64 libpng-tools amd64 1.6.43-5ubuntu0.5 [28.5 kB]
Linux Desktop Tests (6)	UNKNOWN STEP	2026-02-25T19:48:32.8820774Z Get:118 http://azure.archive.ubuntu.com/ubuntu noble/universe amd64 libsecret-1-dev amd64 0.21.4-1build3 [129 kB]
Linux Desktop Tests (6)	UNKNOWN STEP	2026-02-25T19:48:32.9294755Z Get:119 http://azure.archive.ubuntu.com/ubuntu noble/universe amd64 ninja-build amd64 1.11.1-2 [129 kB]
Linux Desktop Tests (6)	UNKNOWN STEP	2026-02-25T19:48:32.9770135Z Get:120 http://azure.archive.ubuntu.com/ubuntu noble-updates/main amd64 libgl1-mesa-dev amd64 25.2.8-0ubuntu0.24.04.1 [22.5 kB]
Linux Desktop Tests (6)	UNKNOWN STEP	2026-02-25T19:48:33.0237574Z Get:121 http://azure.archive.ubuntu.com/ubuntu noble/main amd64 libjsoncpp-dev amd64 1.9.5-6build1 [23.0 kB]
Linux Desktop Tests (6)	UNKNOWN STEP	2026-02-25T19:48:33.3816528Z Fetched 30.4 MB in 7s (4655 kB/s)
Linux Desktop Tests (6)	UNKNOWN STEP	2026-02-25T19:48:33.6784387Z (Reading database ... 
Linux Desktop Tests (6)	UNKNOWN STEP	2026-02-25T19:48:33.6784780Z (Reading database ... 5%
Linux Desktop Tests (6)	UNKNOWN STEP	2026-02-25T19:48:33.6785316Z (Reading database ... 10%
Linux Desktop Tests (6)	UNKNOWN STEP	2026-02-25T19:48:33.6785668Z (Reading database ... 15%
Linux Desktop Tests (6)	UNKNOWN STEP	2026-02-25T19:48:33.6785877Z (Reading database ... 20%
Linux Desktop Tests (6)	UNKNOWN STEP	2026-02-25T19:48:33.6786068Z (Reading database ... 25%
Linux Desktop Tests (6)	UNKNOWN STEP	2026-02-25T19:48:33.6786278Z (Reading database ... 30%
Linux Desktop Tests (6)	UNKNOWN STEP	2026-02-25T19:48:33.6786663Z (Reading database ... 35%
Linux Desktop Tests (6)	UNKNOWN STEP	2026-02-25T19:48:33.6787006Z (Reading database ... 40%
Linux Desktop Tests (6)	UNKNOWN STEP	2026-02-25T19:48:33.6787359Z (Reading database ... 45%
Linux Desktop Tests (6)	UNKNOWN STEP	2026-02-25T19:48:33.6787717Z (Reading database ... 50%
Linux Desktop Tests (6)	UNKNOWN STEP	2026-02-25T19:48:33.8311011Z (Reading database ... 55%
Linux Desktop Tests (6)	UNKNOWN STEP	2026-02-25T19:48:34.1967109Z (Reading database ... 60%
Linux Desktop Tests (6)	UNKNOWN STEP	2026-02-25T19:48:34.2913206Z (Reading database ... 65%
Linux Desktop Tests (6)	UNKNOWN STEP	2026-02-25T19:48:34.3765819Z (Reading database ... 70%
Linux Desktop Tests (6)	UNKNOWN STEP	2026-02-25T19:48:34.5148116Z (Reading database ... 75%
Linux Desktop Tests (6)	UNKNOWN STEP	2026-02-25T19:48:35.0302657Z (Reading database ... 80%
Linux Desktop Tests (6)	UNKNOWN STEP	2026-02-25T19:48:36.2385301Z (Reading database ... 85%
Linux Desktop Tests (6)	UNKNOWN STEP	2026-02-25T19:48:37.3068342Z (Reading database ... 90%
Linux Desktop Tests (6)	UNKNOWN STEP	2026-02-25T19:48:38.8731482Z (Reading database ... 95%
Linux Desktop Tests (6)	UNKNOWN STEP	2026-02-25T19:48:38.8731903Z (Reading database ... 100%
Linux Desktop Tests (6)	UNKNOWN STEP	2026-02-25T19:48:38.8732325Z (Reading database ... 218749 files and directories currently installed.)
Linux Desktop Tests (6)	UNKNOWN STEP	2026-02-25T19:48:38.8777420Z Preparing to unpack .../000-libglib2.0-data_2.80.0-6ubuntu3.8_all.deb ...
Linux Desktop Tests (6)	UNKNOWN STEP	2026-02-25T19:48:38.8819790Z Unpacking libglib2.0-data (2.80.0-6ubuntu3.8) over (2.80.0-6ubuntu3.7) ...
Linux Desktop Tests (6)	UNKNOWN STEP	2026-02-25T19:48:38.9277549Z Preparing to unpack .../001-libglib2.0-bin_2.80.0-6ubuntu3.8_amd64.deb ...
Linux Desktop Tests (6)	UNKNOWN STEP	2026-02-25T19:48:38.9305377Z Unpacking libglib2.0-bin (2.80.0-6ubuntu3.8) over (2.80.0-6ubuntu3.7) ...
Linux Desktop Tests (6)	UNKNOWN STEP	2026-02-25T19:48:39.1780285Z Preparing to unpack .../002-gir1.2-glib-2.0_2.80.0-6ubuntu3.8_amd64.deb ...
Linux Desktop Tests (6)	UNKNOWN STEP	2026-02-25T19:48:39.1805461Z Unpacking gir1.2-glib-2.0:amd64 (2.80.0-6ubuntu3.8) over (2.80.0-6ubuntu3.7) ...
Linux Desktop Tests (6)	UNKNOWN STEP	2026-02-25T19:48:39.2306583Z Preparing to unpack .../003-libglib2.0-0t64_2.80.0-6ubuntu3.8_amd64.deb ...
Linux Desktop Tests (6)	UNKNOWN STEP	2026-02-25T19:48:39.2602526Z Unpacking libglib2.0-0t64:amd64 (2.80.0-6ubuntu3.8) over (2.80.0-6ubuntu3.7) ...
Linux Desktop Tests (6)	UNKNOWN STEP	2026-02-25T19:48:39.3458650Z Preparing to unpack .../004-libpng16-16t64_1.6.43-5ubuntu0.5_amd64.deb ...
Linux Desktop Tests (6)	UNKNOWN STEP	2026-02-25T19:48:39.4049110Z Unpacking libpng16-16t64:amd64 (1.6.43-5ubuntu0.5) over (1.6.43-5ubuntu0.3) ...
Linux Desktop Tests (6)	UNKNOWN STEP	2026-02-25T19:48:39.4353336Z Selecting previously unselected package bzip2-doc.
Linux Desktop Tests (6)	UNKNOWN STEP	2026-02-25T19:48:39.4514270Z Preparing to unpack .../005-bzip2-doc_1.0.8-5.1build0.1_all.deb ...
Linux Desktop Tests (6)	UNKNOWN STEP	2026-02-25T19:48:39.4522668Z Unpacking bzip2-doc (1.0.8-5.1build0.1) ...
Linux Desktop Tests (6)	UNKNOWN STEP	2026-02-25T19:48:39.4837513Z Selecting previously unselected package clang.
Linux Desktop Tests (6)	UNKNOWN STEP	2026-02-25T19:48:39.4997402Z Preparing to unpack .../006-clang_1%3a18.0-59~exp2_amd64.deb ...
Linux Desktop Tests (6)	UNKNOWN STEP	2026-02-25T19:48:39.5007813Z Unpacking clang (1:18.0-59~exp2) ...
Linux Desktop Tests (6)	UNKNOWN STEP	2026-02-25T19:48:39.5237667Z Selecting previously unselected package libjsoncpp25:amd64.
Linux Desktop Tests (6)	UNKNOWN STEP	2026-02-25T19:48:39.5396361Z Preparing to unpack .../007-libjsoncpp25_1.9.5-6build1_amd64.deb ...
Linux Desktop Tests (6)	UNKNOWN STEP	2026-02-25T19:48:39.5407108Z Unpacking libjsoncpp25:amd64 (1.9.5-6build1) ...
Linux Desktop Tests (6)	UNKNOWN STEP	2026-02-25T19:48:39.5659582Z Selecting previously unselected package librhash0:amd64.
Linux Desktop Tests (6)	UNKNOWN STEP	2026-02-25T19:48:39.5818330Z Preparing to unpack .../008-librhash0_1.4.3-3build1_amd64.deb ...
Linux Desktop Tests (6)	UNKNOWN STEP	2026-02-25T19:48:39.5829704Z Unpacking librhash0:amd64 (1.4.3-3build1) ...
Linux Desktop Tests (6)	UNKNOWN STEP	2026-02-25T19:48:39.6077127Z Selecting previously unselected package cmake-data.
Linux Desktop Tests (6)	UNKNOWN STEP	2026-02-25T19:48:39.6234893Z Preparing to unpack .../009-cmake-data_3.28.3-1build7_all.deb ...
Linux Desktop Tests (6)	UNKNOWN STEP	2026-02-25T19:48:39.6353353Z Unpacking cmake-data (3.28.3-1build7) ...
Linux Desktop Tests (6)	UNKNOWN STEP	2026-02-25T19:48:40.2954541Z Selecting previously unselected package cmake.
Linux Desktop Tests (6)	UNKNOWN STEP	2026-02-25T19:48:40.3127764Z Preparing to unpack .../010-cmake_3.28.3-1build7_amd64.deb ...
Linux Desktop Tests (6)	UNKNOWN STEP	2026-02-25T19:48:40.3137934Z Unpacking cmake (3.28.3-1build7) ...
Linux Desktop Tests (6)	UNKNOWN STEP	2026-02-25T19:48:40.5716429Z Selecting previously unselected package gir1.2-atk-1.0:amd64.
Linux Desktop Tests (6)	UNKNOWN STEP	2026-02-25T19:48:40.5879931Z Preparing to unpack .../011-gir1.2-atk-1.0_2.52.0-1build1_amd64.deb ...
Linux Desktop Tests (6)	UNKNOWN STEP	2026-02-25T19:48:40.5890076Z Unpacking gir1.2-atk-1.0:amd64 (2.52.0-1build1) ...
Linux Desktop Tests (6)	UNKNOWN STEP	2026-02-25T19:48:40.6105207Z Selecting previously unselected package gir1.2-freedesktop:amd64.
Linux Desktop Tests (6)	UNKNOWN STEP	2026-02-25T19:48:40.6266898Z Preparing to unpack .../012-gir1.2-freedesktop_1.80.1-1_amd64.deb ...
Linux Desktop Tests (6)	UNKNOWN STEP	2026-02-25T19:48:40.6278786Z Unpacking gir1.2-freedesktop:amd64 (1.80.1-1) ...
Linux Desktop Tests (6)	UNKNOWN STEP	2026-02-25T19:48:40.6516543Z Selecting previously unselected package gir1.2-atspi-2.0:amd64.
Linux Desktop Tests (6)	UNKNOWN STEP	2026-02-25T19:48:40.6680317Z Preparing to unpack .../013-gir1.2-atspi-2.0_2.52.0-1build1_amd64.deb ...
Linux Desktop Tests (6)	UNKNOWN STEP	2026-02-25T19:48:40.6710575Z Unpacking gir1.2-atspi-2.0:amd64 (2.52.0-1build1) ...
Linux Desktop Tests (6)	UNKNOWN STEP	2026-02-25T19:48:40.6941317Z Selecting previously unselected package gir1.2-glib-2.0-dev:amd64.
Linux Desktop Tests (6)	UNKNOWN STEP	2026-02-25T19:48:40.7104040Z Preparing to unpack .../014-gir1.2-glib-2.0-dev_2.80.0-6ubuntu3.8_amd64.deb ...
Linux Desktop Tests (6)	UNKNOWN STEP	2026-02-25T19:48:40.7114235Z Unpacking gir1.2-glib-2.0-dev:amd64 (2.80.0-6ubuntu3.8) ...
Linux Desktop Tests (6)	UNKNOWN STEP	2026-02-25T19:48:40.7675292Z Selecting previously unselected package gir1.2-freedesktop-dev:amd64.
Linux Desktop Tests (6)	UNKNOWN STEP	2026-02-25T19:48:40.7840998Z Preparing to unpack .../015-gir1.2-freedesktop-dev_1.80.1-1_amd64.deb ...
Linux Desktop Tests (6)	UNKNOWN STEP	2026-02-25T19:48:40.7853255Z Unpacking gir1.2-freedesktop-dev:amd64 (1.80.1-1) ...
Linux Desktop Tests (6)	UNKNOWN STEP	2026-02-25T19:48:40.8087415Z Selecting previously unselected package gir1.2-gdkpixbuf-2.0:amd64.
Linux Desktop Tests (6)	UNKNOWN STEP	2026-02-25T19:48:40.8248456Z Preparing to unpack .../016-gir1.2-gdkpixbuf-2.0_2.42.10+dfsg-3ubuntu3.2_amd64.deb ...
Linux Desktop Tests (6)	UNKNOWN STEP	2026-02-25T19:48:40.8260247Z Unpacking gir1.2-gdkpixbuf-2.0:amd64 (2.42.10+dfsg-3ubuntu3.2) ...
Linux Desktop Tests (6)	UNKNOWN STEP	2026-02-25T19:48:40.8483751Z Selecting previously unselected package libharfbuzz-gobject0:amd64.
Linux Desktop Tests (6)	UNKNOWN STEP	2026-02-25T19:48:40.8643173Z Preparing to unpack .../017-libharfbuzz-gobject0_8.3.0-2build2_amd64.deb ...
Linux Desktop Tests (6)	UNKNOWN STEP	2026-02-25T19:48:40.8655300Z Unpacking libharfbuzz-gobject0:amd64 (8.3.0-2build2) ...
Linux Desktop Tests (6)	UNKNOWN STEP	2026-02-25T19:48:40.8875254Z Selecting previously unselected package gir1.2-harfbuzz-0.0:amd64.
Linux Desktop Tests (6)	UNKNOWN STEP	2026-02-25T19:48:40.9036036Z Preparing to unpack .../018-gir1.2-harfbuzz-0.0_8.3.0-2build2_amd64.deb ...
Linux Desktop Tests (6)	UNKNOWN STEP	2026-02-25T19:48:40.9049783Z Unpacking gir1.2-harfbuzz-0.0:amd64 (8.3.0-2build2) ...
Linux Desktop Tests (6)	UNKNOWN STEP	2026-02-25T19:48:40.9277596Z Selecting previously unselected package libpangoxft-1.0-0:amd64.
Linux Desktop Tests (6)	UNKNOWN STEP	2026-02-25T19:48:40.9437325Z Preparing to unpack .../019-libpangoxft-1.0-0_1.52.1+ds-1build1_amd64.deb ...
Linux Desktop Tests (6)	UNKNOWN STEP	2026-02-25T19:48:40.9448343Z Unpacking libpangoxft-1.0-0:amd64 (1.52.1+ds-1build1) ...
Linux Desktop Tests (6)	UNKNOWN STEP	2026-02-25T19:48:40.9661291Z Selecting previously unselected package gir1.2-pango-1.0:amd64.
Linux Desktop Tests (6)	UNKNOWN STEP	2026-02-25T19:48:40.9821181Z Preparing to unpack .../020-gir1.2-pango-1.0_1.52.1+ds-1build1_amd64.deb ...
Linux Desktop Tests (6)	UNKNOWN STEP	2026-02-25T19:48:40.9831720Z Unpacking gir1.2-pango-1.0:amd64 (1.52.1+ds-1build1) ...
Linux Desktop Tests (6)	UNKNOWN STEP	2026-02-25T19:48:41.0049050Z Selecting previously unselected package gir1.2-gtk-3.0:amd64.
Linux Desktop Tests (6)	UNKNOWN STEP	2026-02-25T19:48:41.0210269Z Preparing to unpack .../021-gir1.2-gtk-3.0_3.24.41-4ubuntu1.3_amd64.deb ...
Linux Desktop Tests (6)	UNKNOWN STEP	2026-02-25T19:48:41.0221968Z Unpacking gir1.2-gtk-3.0:amd64 (3.24.41-4ubuntu1.3) ...
Linux Desktop Tests (6)	UNKNOWN STEP	2026-02-25T19:48:41.0472919Z Selecting previously unselected package libsecret-common.
Linux Desktop Tests (6)	UNKNOWN STEP	2026-02-25T19:48:41.0634836Z Preparing to unpack .../022-libsecret-common_0.21.4-1build3_all.deb ...
Linux Desktop Tests (6)	UNKNOWN STEP	2026-02-25T19:48:41.0655654Z Unpacking libsecret-common (0.21.4-1build3) ...
Linux Desktop Tests (6)	UNKNOWN STEP	2026-02-25T19:48:41.0879535Z Selecting previously unselected package libsecret-1-0:amd64.
Linux Desktop Tests (6)	UNKNOWN STEP	2026-02-25T19:48:41.1039772Z Preparing to unpack .../023-libsecret-1-0_0.21.4-1build3_amd64.deb ...
Linux Desktop Tests (6)	UNKNOWN STEP	2026-02-25T19:48:41.1050661Z Unpacking libsecret-1-0:amd64 (0.21.4-1build3) ...
Linux Desktop Tests (6)	UNKNOWN STEP	2026-02-25T19:48:41.1307517Z Selecting previously unselected package gir1.2-secret-1:amd64.
Linux Desktop Tests (6)	UNKNOWN STEP	2026-02-25T19:48:41.1467541Z Preparing to unpack .../024-gir1.2-secret-1_0.21.4-1build3_amd64.deb ...
Linux Desktop Tests (6)	UNKNOWN STEP	2026-02-25T19:48:41.1477867Z Unpacking gir1.2-secret-1:amd64 (0.21.4-1build3) ...
Linux Desktop Tests (6)	UNKNOWN STEP	2026-02-25T19:48:41.1698189Z Selecting previously unselected package libglib2.0-dev-bin.
Linux Desktop Tests (6)	UNKNOWN STEP	2026-02-25T19:48:41.1857242Z Preparing to unpack .../025-libglib2.0-dev-bin_2.80.0-6ubuntu3.8_amd64.deb ...
Linux Desktop Tests (6)	UNKNOWN STEP	2026-02-25T19:48:41.1868230Z Unpacking libglib2.0-dev-bin (2.80.0-6ubuntu3.8) ...
Linux Desktop Tests (6)	UNKNOWN STEP	2026-02-25T19:48:41.4593086Z Selecting previously unselected package uuid-dev:amd64.
Linux Desktop Tests (6)	UNKNOWN STEP	2026-02-25T19:48:41.4755326Z Preparing to unpack .../026-uuid-dev_2.39.3-9ubuntu6.4_amd64.deb ...
Linux Desktop Tests (6)	UNKNOWN STEP	2026-02-25T19:48:41.4766779Z Unpacking uuid-dev:amd64 (2.39.3-9ubuntu6.4) ...
Linux Desktop Tests (6)	UNKNOWN STEP	2026-02-25T19:48:41.5338360Z Selecting previously unselected package libblkid-dev:amd64.
Linux Desktop Tests (6)	UNKNOWN STEP	2026-02-25T19:48:41.5500468Z Preparing to unpack .../027-libblkid-dev_2.39.3-9ubuntu6.4_amd64.deb ...
Linux Desktop Tests (6)	UNKNOWN STEP	2026-02-25T19:48:41.5510957Z Unpacking libblkid-dev:amd64 (2.39.3-9ubuntu6.4) ...
Linux Desktop Tests (6)	UNKNOWN STEP	2026-02-25T19:48:41.5761851Z Selecting previously unselected package libsepol-dev:amd64.
Linux Desktop Tests (6)	UNKNOWN STEP	2026-02-25T19:48:41.5923468Z Preparing to unpack .../028-libsepol-dev_3.5-2build1_amd64.deb ...
Linux Desktop Tests (6)	UNKNOWN STEP	2026-02-25T19:48:41.5934354Z Unpacking libsepol-dev:amd64 (3.5-2build1) ...
Linux Desktop Tests (6)	UNKNOWN STEP	2026-02-25T19:48:41.6275364Z Selecting previously unselected package libselinux1-dev:amd64.
Linux Desktop Tests (6)	UNKNOWN STEP	2026-02-25T19:48:41.6437108Z Preparing to unpack .../029-libselinux1-dev_3.5-2ubuntu2.1_amd64.deb ...
Linux Desktop Tests (6)	UNKNOWN STEP	2026-02-25T19:48:41.6447978Z Unpacking libselinux1-dev:amd64 (3.5-2ubuntu2.1) ...
Linux Desktop Tests (6)	UNKNOWN STEP	2026-02-25T19:48:41.6913818Z Selecting previously unselected package libmount-dev:amd64.
Linux Desktop Tests (6)	UNKNOWN STEP	2026-02-25T19:48:41.7075827Z Preparing to unpack .../030-libmount-dev_2.39.3-9ubuntu6.4_amd64.deb ...
Linux Desktop Tests (6)	UNKNOWN STEP	2026-02-25T19:48:41.7087654Z Unpacking libmount-dev:amd64 (2.39.3-9ubuntu6.4) ...
Linux Desktop Tests (6)	UNKNOWN STEP	2026-02-25T19:48:41.7319507Z Selecting previously unselected package libgirepository-2.0-0:amd64.
Linux Desktop Tests (6)	UNKNOWN STEP	2026-02-25T19:48:41.7478650Z Preparing to unpack .../031-libgirepository-2.0-0_2.80.0-6ubuntu3.8_amd64.deb ...
Linux Desktop Tests (6)	UNKNOWN STEP	2026-02-25T19:48:41.7490627Z Unpacking libgirepository-2.0-0:amd64 (2.80.0-6ubuntu3.8) ...
Linux Desktop Tests (6)	UNKNOWN STEP	2026-02-25T19:48:41.7716071Z Selecting previously unselected package libglib2.0-dev:amd64.
Linux Desktop Tests (6)	UNKNOWN STEP	2026-02-25T19:48:41.7880143Z Preparing to unpack .../032-libglib2.0-dev_2.80.0-6ubuntu3.8_amd64.deb ...
Linux Desktop Tests (6)	UNKNOWN STEP	2026-02-25T19:48:41.7891376Z Unpacking libglib2.0-dev:amd64 (2.80.0-6ubuntu3.8) ...
Linux Desktop Tests (6)	UNKNOWN STEP	2026-02-25T19:48:41.9230326Z Selecting previously unselected package libatk1.0-dev:amd64.
Linux Desktop Tests (6)	UNKNOWN STEP	2026-02-25T19:48:41.9394107Z Preparing to unpack .../033-libatk1.0-dev_2.52.0-1build1_amd64.deb ...
Linux Desktop Tests (6)	UNKNOWN STEP	2026-02-25T19:48:41.9405992Z Unpacking libatk1.0-dev:amd64 (2.52.0-1build1) ...
Linux Desktop Tests (6)	UNKNOWN STEP	2026-02-25T19:48:41.9722186Z Selecting previously unselected package libdbus-1-dev:amd64.
Linux Desktop Tests (6)	UNKNOWN STEP	2026-02-25T19:48:41.9881986Z Preparing to unpack .../034-libdbus-1-dev_1.14.10-4ubuntu4.1_amd64.deb ...
Linux Desktop Tests (6)	UNKNOWN STEP	2026-02-25T19:48:41.9892569Z Unpacking libdbus-1-dev:amd64 (1.14.10-4ubuntu4.1) ...
Linux Desktop Tests (6)	UNKNOWN STEP	2026-02-25T19:48:42.0200866Z Selecting previously unselected package xorg-sgml-doctools.
Linux Desktop Tests (6)	UNKNOWN STEP	2026-02-25T19:48:42.0362289Z Preparing to unpack .../035-xorg-sgml-doctools_1%3a1.11-1.1_all.deb ...
Linux Desktop Tests (6)	UNKNOWN STEP	2026-02-25T19:48:42.0372282Z Unpacking xorg-sgml-doctools (1:1.11-1.1) ...
Linux Desktop Tests (6)	UNKNOWN STEP	2026-02-25T19:48:42.0764632Z Selecting previously unselected package x11proto-dev.
Linux Desktop Tests (6)	UNKNOWN STEP	2026-02-25T19:48:42.0924978Z Preparing to unpack .../036-x11proto-dev_2023.2-1_all.deb ...
Linux Desktop Tests (6)	UNKNOWN STEP	2026-02-25T19:48:42.0935851Z Unpacking x11proto-dev (2023.2-1) ...
Linux Desktop Tests (6)	UNKNOWN STEP	2026-02-25T19:48:42.1498423Z Selecting previously unselected package libxau-dev:amd64.
Linux Desktop Tests (6)	UNKNOWN STEP	2026-02-25T19:48:42.1662820Z Preparing to unpack .../037-libxau-dev_1%3a1.0.9-1build6_amd64.deb ...
Linux Desktop Tests (6)	UNKNOWN STEP	2026-02-25T19:48:42.1672731Z Unpacking libxau-dev:amd64 (1:1.0.9-1build6) ...
Linux Desktop Tests (6)	UNKNOWN STEP	2026-02-25T19:48:42.1892825Z Selecting previously unselected package libxdmcp-dev:amd64.
Linux Desktop Tests (6)	UNKNOWN STEP	2026-02-25T19:48:42.2054563Z Preparing to unpack .../038-libxdmcp-dev_1%3a1.1.3-0ubuntu6_amd64.deb ...
Linux Desktop Tests (6)	UNKNOWN STEP	2026-02-25T19:48:42.2067095Z Unpacking libxdmcp-dev:amd64 (1:1.1.3-0ubuntu6) ...
Linux Desktop Tests (6)	UNKNOWN STEP	2026-02-25T19:48:42.2303066Z Selecting previously unselected package xtrans-dev.
Linux Desktop Tests (6)	UNKNOWN STEP	2026-02-25T19:48:42.2464763Z Preparing to unpack .../039-xtrans-dev_1.4.0-1_all.deb ...
Linux Desktop Tests (6)	UNKNOWN STEP	2026-02-25T19:48:42.2474818Z Unpacking xtrans-dev (1.4.0-1) ...
Linux Desktop Tests (6)	UNKNOWN STEP	2026-02-25T19:48:42.2731943Z Selecting previously unselected package libpthread-stubs0-dev:amd64.
Linux Desktop Tests (6)	UNKNOWN STEP	2026-02-25T19:48:42.2892925Z Preparing to unpack .../040-libpthread-stubs0-dev_0.4-1build3_amd64.deb ...
Linux Desktop Tests (6)	UNKNOWN STEP	2026-02-25T19:48:42.2904748Z Unpacking libpthread-stubs0-dev:amd64 (0.4-1build3) ...
Linux Desktop Tests (6)	UNKNOWN STEP	2026-02-25T19:48:42.3113614Z Selecting previously unselected package libxcb1-dev:amd64.
Linux Desktop Tests (6)	UNKNOWN STEP	2026-02-25T19:48:42.3274665Z Preparing to unpack .../041-libxcb1-dev_1.15-1ubuntu2_amd64.deb ...
Linux Desktop Tests (6)	UNKNOWN STEP	2026-02-25T19:48:42.3310060Z Unpacking libxcb1-dev:amd64 (1.15-1ubuntu2) ...
Linux Desktop Tests (6)	UNKNOWN STEP	2026-02-25T19:48:42.3554059Z Selecting previously unselected package libx11-dev:amd64.
Linux Desktop Tests (6)	UNKNOWN STEP	2026-02-25T19:48:42.3714488Z Preparing to unpack .../042-libx11-dev_2%3a1.8.7-1build1_amd64.deb ...
Linux Desktop Tests (6)	UNKNOWN STEP	2026-02-25T19:48:42.3725591Z Unpacking libx11-dev:amd64 (2:1.8.7-1build1) ...
Linux Desktop Tests (6)	UNKNOWN STEP	2026-02-25T19:48:42.4044449Z Selecting previously unselected package libxext-dev:amd64.
Linux Desktop Tests (6)	UNKNOWN STEP	2026-02-25T19:48:42.4203105Z Preparing to unpack .../043-libxext-dev_2%3a1.3.4-1build2_amd64.deb ...
Linux Desktop Tests (6)	UNKNOWN STEP	2026-02-25T19:48:42.4212829Z Unpacking libxext-dev:amd64 (2:1.3.4-1build2) ...
Linux Desktop Tests (6)	UNKNOWN STEP	2026-02-25T19:48:42.4546722Z Selecting previously unselected package libxfixes-dev:amd64.
Linux Desktop Tests (6)	UNKNOWN STEP	2026-02-25T19:48:42.4706155Z Preparing to unpack .../044-libxfixes-dev_1%3a6.0.0-2build1_amd64.deb ...
Linux Desktop Tests (6)	UNKNOWN STEP	2026-02-25T19:48:42.4717512Z Unpacking libxfixes-dev:amd64 (1:6.0.0-2build1) ...
Linux Desktop Tests (6)	UNKNOWN STEP	2026-02-25T19:48:42.4933319Z Selecting previously unselected package libxi-dev:amd64.
Linux Desktop Tests (6)	UNKNOWN STEP	2026-02-25T19:48:42.5092817Z Preparing to unpack .../045-libxi-dev_2%3a1.8.1-1build1_amd64.deb ...
Linux Desktop Tests (6)	UNKNOWN STEP	2026-02-25T19:48:42.5104256Z Unpacking libxi-dev:amd64 (2:1.8.1-1build1) ...
Linux Desktop Tests (6)	UNKNOWN STEP	2026-02-25T19:48:42.5436051Z Selecting previously unselected package libxtst-dev:amd64.
Linux Desktop Tests (6)	UNKNOWN STEP	2026-02-25T19:48:42.5595869Z Preparing to unpack .../046-libxtst-dev_2%3a1.2.3-1.1build1_amd64.deb ...
Linux Desktop Tests (6)	UNKNOWN STEP	2026-02-25T19:48:42.5607172Z Unpacking libxtst-dev:amd64 (2:1.2.3-1.1build1) ...
Linux Desktop Tests (6)	UNKNOWN STEP	2026-02-25T19:48:42.5833021Z Selecting previously unselected package libatspi2.0-dev:amd64.
Linux Desktop Tests (6)	UNKNOWN STEP	2026-02-25T19:48:42.5993071Z Preparing to unpack .../047-libatspi2.0-dev_2.52.0-1build1_amd64.deb ...
Linux Desktop Tests (6)	UNKNOWN STEP	2026-02-25T19:48:42.6005489Z Unpacking libatspi2.0-dev:amd64 (2.52.0-1build1) ...
Linux Desktop Tests (6)	UNKNOWN STEP	2026-02-25T19:48:42.6293096Z Selecting previously unselected package libatk-bridge2.0-dev:amd64.
Linux Desktop Tests (6)	UNKNOWN STEP	2026-02-25T19:48:42.6452169Z Preparing to unpack .../048-libatk-bridge2.0-dev_2.52.0-1build1_amd64.deb ...
Linux Desktop Tests (6)	UNKNOWN STEP	2026-02-25T19:48:42.6462235Z Unpacking libatk-bridge2.0-dev:amd64 (2.52.0-1build1) ...
Linux Desktop Tests (6)	UNKNOWN STEP	2026-02-25T19:48:42.6660269Z Selecting previously unselected package libbrotli-dev:amd64.
Linux Desktop Tests (6)	UNKNOWN STEP	2026-02-25T19:48:42.6820160Z Preparing to unpack .../049-libbrotli-dev_1.1.0-2build2_amd64.deb ...
Linux Desktop Tests (6)	UNKNOWN STEP	2026-02-25T19:48:42.6828307Z Unpacking libbrotli-dev:amd64 (1.1.0-2build2) ...
Linux Desktop Tests (6)	UNKNOWN STEP	2026-02-25T19:48:42.7092361Z Selecting previously unselected package libbz2-dev:amd64.
Linux Desktop Tests (6)	UNKNOWN STEP	2026-02-25T19:48:42.7252592Z Preparing to unpack .../050-libbz2-dev_1.0.8-5.1build0.1_amd64.deb ...
Linux Desktop Tests (6)	UNKNOWN STEP	2026-02-25T19:48:42.7261063Z Unpacking libbz2-dev:amd64 (1.0.8-5.1build0.1) ...
Linux Desktop Tests (6)	UNKNOWN STEP	2026-02-25T19:48:42.7472956Z Selecting previously unselected package libcairo-script-interpreter2:amd64.
Linux Desktop Tests (6)	UNKNOWN STEP	2026-02-25T19:48:42.7634978Z Preparing to unpack .../051-libcairo-script-interpreter2_1.18.0-3build1_amd64.deb ...
Linux Desktop Tests (6)	UNKNOWN STEP	2026-02-25T19:48:42.7644674Z Unpacking libcairo-script-interpreter2:amd64 (1.18.0-3build1) ...
Linux Desktop Tests (6)	UNKNOWN STEP	2026-02-25T19:48:42.7857729Z Selecting previously unselected package libpng-dev:amd64.
Linux Desktop Tests (6)	UNKNOWN STEP	2026-02-25T19:48:42.8020606Z Preparing to unpack .../052-libpng-dev_1.6.43-5ubuntu0.5_amd64.deb ...
Linux Desktop Tests (6)	UNKNOWN STEP	2026-02-25T19:48:42.8031425Z Unpacking libpng-dev:amd64 (1.6.43-5ubuntu0.5) ...
Linux Desktop Tests (6)	UNKNOWN STEP	2026-02-25T19:48:42.8667887Z Selecting previously unselected package libfreetype-dev:amd64.
Linux Desktop Tests (6)	UNKNOWN STEP	2026-02-25T19:48:42.8830523Z Preparing to unpack .../053-libfreetype-dev_2.13.2+dfsg-1build3_amd64.deb ...
Linux Desktop Tests (6)	UNKNOWN STEP	2026-02-25T19:48:42.8846959Z Unpacking libfreetype-dev:amd64 (2.13.2+dfsg-1build3) ...
Linux Desktop Tests (6)	UNKNOWN STEP	2026-02-25T19:48:42.9191934Z Selecting previously unselected package libfontconfig-dev:amd64.
Linux Desktop Tests (6)	UNKNOWN STEP	2026-02-25T19:48:42.9353779Z Preparing to unpack .../054-libfontconfig-dev_2.15.0-1.1ubuntu2_amd64.deb ...
Linux Desktop Tests (6)	UNKNOWN STEP	2026-02-25T19:48:42.9362977Z Unpacking libfontconfig-dev:amd64 (2.15.0-1.1ubuntu2) ...
Linux Desktop Tests (6)	UNKNOWN STEP	2026-02-25T19:48:42.9601335Z Selecting previously unselected package libpixman-1-dev:amd64.
Linux Desktop Tests (6)	UNKNOWN STEP	2026-02-25T19:48:42.9763796Z Preparing to unpack .../055-libpixman-1-dev_0.42.2-1build1_amd64.deb ...
Linux Desktop Tests (6)	UNKNOWN STEP	2026-02-25T19:48:42.9774219Z Unpacking libpixman-1-dev:amd64 (0.42.2-1build1) ...
Linux Desktop Tests (6)	UNKNOWN STEP	2026-02-25T19:48:43.0024314Z Selecting previously unselected package libice-dev:amd64.
Linux Desktop Tests (6)	UNKNOWN STEP	2026-02-25T19:48:43.0188500Z Preparing to unpack .../056-libice-dev_2%3a1.0.10-1build3_amd64.deb ...
Linux Desktop Tests (6)	UNKNOWN STEP	2026-02-25T19:48:43.0197236Z Unpacking libice-dev:amd64 (2:1.0.10-1build3) ...
Linux Desktop Tests (6)	UNKNOWN STEP	2026-02-25T19:48:43.0424593Z Selecting previously unselected package libsm-dev:amd64.
Linux Desktop Tests (6)	UNKNOWN STEP	2026-02-25T19:48:43.0587452Z Preparing to unpack .../057-libsm-dev_2%3a1.2.3-1build3_amd64.deb ...
Linux Desktop Tests (6)	UNKNOWN STEP	2026-02-25T19:48:43.0595749Z Unpacking libsm-dev:amd64 (2:1.2.3-1build3) ...
Linux Desktop Tests (6)	UNKNOWN STEP	2026-02-25T19:48:43.0809750Z Selecting previously unselected package libxcb-render0-dev:amd64.
Linux Desktop Tests (6)	UNKNOWN STEP	2026-02-25T19:48:43.0973237Z Preparing to unpack .../058-libxcb-render0-dev_1.15-1ubuntu2_amd64.deb ...
Linux Desktop Tests (6)	UNKNOWN STEP	2026-02-25T19:48:43.0980913Z Unpacking libxcb-render0-dev:amd64 (1.15-1ubuntu2) ...
Linux Desktop Tests (6)	UNKNOWN STEP	2026-02-25T19:48:43.1210544Z Selecting previously unselected package libxcb-shm0-dev:amd64.
Linux Desktop Tests (6)	UNKNOWN STEP	2026-02-25T19:48:43.1372700Z Preparing to unpack .../059-libxcb-shm0-dev_1.15-1ubuntu2_amd64.deb ...
Linux Desktop Tests (6)	UNKNOWN STEP	2026-02-25T19:48:43.1381219Z Unpacking libxcb-shm0-dev:amd64 (1.15-1ubuntu2) ...
Linux Desktop Tests (6)	UNKNOWN STEP	2026-02-25T19:48:43.1584365Z Selecting previously unselected package libxrender-dev:amd64.
Linux Desktop Tests (6)	UNKNOWN STEP	2026-02-25T19:48:43.1747479Z Preparing to unpack .../060-libxrender-dev_1%3a0.9.10-1.1build1_amd64.deb ...
Linux Desktop Tests (6)	UNKNOWN STEP	2026-02-25T19:48:43.1757182Z Unpacking libxrender-dev:amd64 (1:0.9.10-1.1build1) ...
Linux Desktop Tests (6)	UNKNOWN STEP	2026-02-25T19:48:43.1971355Z Selecting previously unselected package libcairo2-dev:amd64.
Linux Desktop Tests (6)	UNKNOWN STEP	2026-02-25T19:48:43.2133465Z Preparing to unpack .../061-libcairo2-dev_1.18.0-3build1_amd64.deb ...
Linux Desktop Tests (6)	UNKNOWN STEP	2026-02-25T19:48:43.2141580Z Unpacking libcairo2-dev:amd64 (1.18.0-3build1) ...
Linux Desktop Tests (6)	UNKNOWN STEP	2026-02-25T19:48:43.2441077Z Selecting previously unselected package libdatrie-dev:amd64.
Linux Desktop Tests (6)	UNKNOWN STEP	2026-02-25T19:48:43.2603861Z Preparing to unpack .../062-libdatrie-dev_0.2.13-3build1_amd64.deb ...
Linux Desktop Tests (6)	UNKNOWN STEP	2026-02-25T19:48:43.2612057Z Unpacking libdatrie-dev:amd64 (0.2.13-3build1) ...
Linux Desktop Tests (6)	UNKNOWN STEP	2026-02-25T19:48:43.2824057Z Selecting previously unselected package libdeflate-dev:amd64.
Linux Desktop Tests (6)	UNKNOWN STEP	2026-02-25T19:48:43.2987243Z Preparing to unpack .../063-libdeflate-dev_1.19-1build1.1_amd64.deb ...
Linux Desktop Tests (6)	UNKNOWN STEP	2026-02-25T19:48:43.2995230Z Unpacking libdeflate-dev:amd64 (1.19-1build1.1) ...
Linux Desktop Tests (6)	UNKNOWN STEP	2026-02-25T19:48:43.3224142Z Selecting previously unselected package libegl-mesa0:amd64.
Linux Desktop Tests (6)	UNKNOWN STEP	2026-02-25T19:48:43.3386505Z Preparing to unpack .../064-libegl-mesa0_25.2.8-0ubuntu0.24.04.1_amd64.deb ...
Linux Desktop Tests (6)	UNKNOWN STEP	2026-02-25T19:48:43.3395597Z Unpacking libegl-mesa0:amd64 (25.2.8-0ubuntu0.24.04.1) ...
Linux Desktop Tests (6)	UNKNOWN STEP	2026-02-25T19:48:43.3632268Z Selecting previously unselected package libegl1:amd64.
Linux Desktop Tests (6)	UNKNOWN STEP	2026-02-25T19:48:43.3792246Z Preparing to unpack .../065-libegl1_1.7.0-1build1_amd64.deb ...
Linux Desktop Tests (6)	UNKNOWN STEP	2026-02-25T19:48:43.3800256Z Unpacking libegl1:amd64 (1.7.0-1build1) ...
Linux Desktop Tests (6)	UNKNOWN STEP	2026-02-25T19:48:43.4011367Z Selecting previously unselected package libglx-dev:amd64.
Linux Desktop Tests (6)	UNKNOWN STEP	2026-02-25T19:48:43.4172473Z Preparing to unpack .../066-libglx-dev_1.7.0-1build1_amd64.deb ...
Linux Desktop Tests (6)	UNKNOWN STEP	2026-02-25T19:48:43.4181635Z Unpacking libglx-dev:amd64 (1.7.0-1build1) ...
Linux Desktop Tests (6)	UNKNOWN STEP	2026-02-25T19:48:43.4423818Z Selecting previously unselected package libgl-dev:amd64.
Linux Desktop Tests (6)	UNKNOWN STEP	2026-02-25T19:48:43.4584065Z Preparing to unpack .../067-libgl-dev_1.7.0-1build1_amd64.deb ...
Linux Desktop Tests (6)	UNKNOWN STEP	2026-02-25T19:48:43.4593264Z Unpacking libgl-dev:amd64 (1.7.0-1build1) ...
Linux Desktop Tests (6)	UNKNOWN STEP	2026-02-25T19:48:43.4841357Z Selecting previously unselected package libegl-dev:amd64.
Linux Desktop Tests (6)	UNKNOWN STEP	2026-02-25T19:48:43.5002872Z Preparing to unpack .../068-libegl-dev_1.7.0-1build1_amd64.deb ...
Linux Desktop Tests (6)	UNKNOWN STEP	2026-02-25T19:48:43.5010844Z Unpacking libegl-dev:amd64 (1.7.0-1build1) ...
Linux Desktop Tests (6)	UNKNOWN STEP	2026-02-25T19:48:43.5231686Z Selecting previously unselected package libglvnd-core-dev:amd64.
Linux Desktop Tests (6)	UNKNOWN STEP	2026-02-25T19:48:43.5394827Z Preparing to unpack .../069-libglvnd-core-dev_1.7.0-1build1_amd64.deb ...
Linux Desktop Tests (6)	UNKNOWN STEP	2026-02-25T19:48:43.5402694Z Unpacking libglvnd-core-dev:amd64 (1.7.0-1build1) ...
Linux Desktop Tests (6)	UNKNOWN STEP	2026-02-25T19:48:43.5626554Z Selecting previously unselected package libgles1:amd64.
Linux Desktop Tests (6)	UNKNOWN STEP	2026-02-25T19:48:43.5788471Z Preparing to unpack .../070-libgles1_1.7.0-1build1_amd64.deb ...
Linux Desktop Tests (6)	UNKNOWN STEP	2026-02-25T19:48:43.5801979Z Unpacking libgles1:amd64 (1.7.0-1build1) ...
Linux Desktop Tests (6)	UNKNOWN STEP	2026-02-25T19:48:43.6031596Z Selecting previously unselected package libgles2:amd64.
Linux Desktop Tests (6)	UNKNOWN STEP	2026-02-25T19:48:43.6192661Z Preparing to unpack .../071-libgles2_1.7.0-1build1_amd64.deb ...
Linux Desktop Tests (6)	UNKNOWN STEP	2026-02-25T19:48:43.6202229Z Unpacking libgles2:amd64 (1.7.0-1build1) ...
Linux Desktop Tests (6)	UNKNOWN STEP	2026-02-25T19:48:43.6427724Z Selecting previously unselected package libgles-dev:amd64.
Linux Desktop Tests (6)	UNKNOWN STEP	2026-02-25T19:48:43.6590527Z Preparing to unpack .../072-libgles-dev_1.7.0-1build1_amd64.deb ...
Linux Desktop Tests (6)	UNKNOWN STEP	2026-02-25T19:48:43.6600528Z Unpacking libgles-dev:amd64 (1.7.0-1build1) ...
Linux Desktop Tests (6)	UNKNOWN STEP	2026-02-25T19:48:43.6865629Z Selecting previously unselected package libopengl0:amd64.
Linux Desktop Tests (6)	UNKNOWN STEP	2026-02-25T19:48:43.7026261Z Preparing to unpack .../073-libopengl0_1.7.0-1build1_amd64.deb ...
Linux Desktop Tests (6)	UNKNOWN STEP	2026-02-25T19:48:43.7035934Z Unpacking libopengl0:amd64 (1.7.0-1build1) ...
Linux Desktop Tests (6)	UNKNOWN STEP	2026-02-25T19:48:43.7247398Z Selecting previously unselected package libopengl-dev:amd64.
Linux Desktop Tests (6)	UNKNOWN STEP	2026-02-25T19:48:43.7408499Z Preparing to unpack .../074-libopengl-dev_1.7.0-1build1_amd64.deb ...
Linux Desktop Tests (6)	UNKNOWN STEP	2026-02-25T19:48:43.7419437Z Unpacking libopengl-dev:amd64 (1.7.0-1build1) ...
Linux Desktop Tests (6)	UNKNOWN STEP	2026-02-25T19:48:43.7621979Z Selecting previously unselected package libglvnd-dev:amd64.
Linux Desktop Tests (6)	UNKNOWN STEP	2026-02-25T19:48:43.7783939Z Preparing to unpack .../075-libglvnd-dev_1.7.0-1build1_amd64.deb ...
Linux Desktop Tests (6)	UNKNOWN STEP	2026-02-25T19:48:43.7792844Z Unpacking libglvnd-dev:amd64 (1.7.0-1build1) ...
Linux Desktop Tests (6)	UNKNOWN STEP	2026-02-25T19:48:43.7995354Z Selecting previously unselected package libegl1-mesa-dev:amd64.
Linux Desktop Tests (6)	UNKNOWN STEP	2026-02-25T19:48:43.8157936Z Preparing to unpack .../076-libegl1-mesa-dev_25.2.8-0ubuntu0.24.04.1_amd64.deb ...
Linux Desktop Tests (6)	UNKNOWN STEP	2026-02-25T19:48:43.8281685Z Unpacking libegl1-mesa-dev:amd64 (25.2.8-0ubuntu0.24.04.1) ...
Linux Desktop Tests (6)	UNKNOWN STEP	2026-02-25T19:48:43.8497580Z Selecting previously unselected package libepoxy-dev:amd64.
Linux Desktop Tests (6)	UNKNOWN STEP	2026-02-25T19:48:43.8660370Z Preparing to unpack .../077-libepoxy-dev_1.5.10-1build1_amd64.deb ...
Linux Desktop Tests (6)	UNKNOWN STEP	2026-02-25T19:48:43.8669800Z Unpacking libepoxy-dev:amd64 (1.5.10-1build1) ...
Linux Desktop Tests (6)	UNKNOWN STEP	2026-02-25T19:48:43.8959210Z Selecting previously unselected package libfribidi-dev:amd64.
Linux Desktop Tests (6)	UNKNOWN STEP	2026-02-25T19:48:43.9121162Z Preparing to unpack .../078-libfribidi-dev_1.0.13-3build1_amd64.deb ...
Linux Desktop Tests (6)	UNKNOWN STEP	2026-02-25T19:48:43.9132061Z Unpacking libfribidi-dev:amd64 (1.0.13-3build1) ...
Linux Desktop Tests (6)	UNKNOWN STEP	2026-02-25T19:48:43.9436313Z Selecting previously unselected package libgpg-error-dev.
Linux Desktop Tests (6)	UNKNOWN STEP	2026-02-25T19:48:43.9595860Z Preparing to unpack .../079-libgpg-error-dev_1.47-3build2.1_amd64.deb ...
Linux Desktop Tests (6)	UNKNOWN STEP	2026-02-25T19:48:43.9603573Z Unpacking libgpg-error-dev (1.47-3build2.1) ...
Linux Desktop Tests (6)	UNKNOWN STEP	2026-02-25T19:48:44.0097211Z Selecting previously unselected package libgcrypt20-dev.
Linux Desktop Tests (6)	UNKNOWN STEP	2026-02-25T19:48:44.0258672Z Preparing to unpack .../080-libgcrypt20-dev_1.10.3-2build1_amd64.deb ...
Linux Desktop Tests (6)	UNKNOWN STEP	2026-02-25T19:48:44.0266774Z Unpacking libgcrypt20-dev (1.10.3-2build1) ...
Linux Desktop Tests (6)	UNKNOWN STEP	2026-02-25T19:48:44.0722528Z Selecting previously unselected package libgdk-pixbuf2.0-bin.
Linux Desktop Tests (6)	UNKNOWN STEP	2026-02-25T19:48:44.0884077Z Preparing to unpack .../081-libgdk-pixbuf2.0-bin_2.42.10+dfsg-3ubuntu3.2_amd64.deb ...
Linux Desktop Tests (6)	UNKNOWN STEP	2026-02-25T19:48:44.0891908Z Unpacking libgdk-pixbuf2.0-bin (2.42.10+dfsg-3ubuntu3.2) ...
Linux Desktop Tests (6)	UNKNOWN STEP	2026-02-25T19:48:44.1458273Z Selecting previously unselected package libjpeg-turbo8-dev:amd64.
Linux Desktop Tests (6)	UNKNOWN STEP	2026-02-25T19:48:44.1621473Z Preparing to unpack .../082-libjpeg-turbo8-dev_2.1.5-2ubuntu2_amd64.deb ...
Linux Desktop Tests (6)	UNKNOWN STEP	2026-02-25T19:48:44.1631608Z Unpacking libjpeg-turbo8-dev:amd64 (2.1.5-2ubuntu2) ...
Linux Desktop Tests (6)	UNKNOWN STEP	2026-02-25T19:48:44.1898536Z Selecting previously unselected package libjpeg8-dev:amd64.
Linux Desktop Tests (6)	UNKNOWN STEP	2026-02-25T19:48:44.2059889Z Preparing to unpack .../083-libjpeg8-dev_8c-2ubuntu11_amd64.deb ...
Linux Desktop Tests (6)	UNKNOWN STEP	2026-02-25T19:48:44.2067661Z Unpacking libjpeg8-dev:amd64 (8c-2ubuntu11) ...
Linux Desktop Tests (6)	UNKNOWN STEP	2026-02-25T19:48:44.2279526Z Selecting previously unselected package libjpeg-dev:amd64.
Linux Desktop Tests (6)	UNKNOWN STEP	2026-02-25T19:48:44.2440968Z Preparing to unpack .../084-libjpeg-dev_8c-2ubuntu11_amd64.deb ...
Linux Desktop Tests (6)	UNKNOWN STEP	2026-02-25T19:48:44.2476743Z Unpacking libjpeg-dev:amd64 (8c-2ubuntu11) ...
Linux Desktop Tests (6)	UNKNOWN STEP	2026-02-25T19:48:44.2666602Z Selecting previously unselected package libjbig-dev:amd64.
Linux Desktop Tests (6)	UNKNOWN STEP	2026-02-25T19:48:44.2826874Z Preparing to unpack .../085-libjbig-dev_2.1-6.1ubuntu2_amd64.deb ...
Linux Desktop Tests (6)	UNKNOWN STEP	2026-02-25T19:48:44.2834411Z Unpacking libjbig-dev:amd64 (2.1-6.1ubuntu2) ...
Linux Desktop Tests (6)	UNKNOWN STEP	2026-02-25T19:48:44.3036834Z Selecting previously unselected package liblzma-dev:amd64.
Linux Desktop Tests (6)	UNKNOWN STEP	2026-02-25T19:48:44.3196077Z Preparing to unpack .../086-liblzma-dev_5.6.1+really5.4.5-1ubuntu0.2_amd64.deb ...
Linux Desktop Tests (6)	UNKNOWN STEP	2026-02-25T19:48:44.3203972Z Unpacking liblzma-dev:amd64 (5.6.1+really5.4.5-1ubuntu0.2) ...
Linux Desktop Tests (6)	UNKNOWN STEP	2026-02-25T19:48:44.3479578Z Selecting previously unselected package libwebpdecoder3:amd64.
Linux Desktop Tests (6)	UNKNOWN STEP	2026-02-25T19:48:44.3639360Z Preparing to unpack .../087-libwebpdecoder3_1.3.2-0.4build3_amd64.deb ...
Linux Desktop Tests (6)	UNKNOWN STEP	2026-02-25T19:48:44.3648030Z Unpacking libwebpdecoder3:amd64 (1.3.2-0.4build3) ...
Linux Desktop Tests (6)	UNKNOWN STEP	2026-02-25T19:48:44.3868968Z Selecting previously unselected package libsharpyuv-dev:amd64.
Linux Desktop Tests (6)	UNKNOWN STEP	2026-02-25T19:48:44.4029450Z Preparing to unpack .../088-libsharpyuv-dev_1.3.2-0.4build3_amd64.deb ...
Linux Desktop Tests (6)	UNKNOWN STEP	2026-02-25T19:48:44.4037898Z Unpacking libsharpyuv-dev:amd64 (1.3.2-0.4build3) ...
Linux Desktop Tests (6)	UNKNOWN STEP	2026-02-25T19:48:44.4243740Z Selecting previously unselected package libwebp-dev:amd64.
Linux Desktop Tests (6)	UNKNOWN STEP	2026-02-25T19:48:44.4404203Z Preparing to unpack .../089-libwebp-dev_1.3.2-0.4build3_amd64.deb ...
Linux Desktop Tests (6)	UNKNOWN STEP	2026-02-25T19:48:44.4413106Z Unpacking libwebp-dev:amd64 (1.3.2-0.4build3) ...
Linux Desktop Tests (6)	UNKNOWN STEP	2026-02-25T19:48:44.4732156Z Selecting previously unselected package libtiffxx6:amd64.
Linux Desktop Tests (6)	UNKNOWN STEP	2026-02-25T19:48:44.4894986Z Preparing to unpack .../090-libtiffxx6_4.5.1+git230720-4ubuntu2.4_amd64.deb ...
Linux Desktop Tests (6)	UNKNOWN STEP	2026-02-25T19:48:44.4903736Z Unpacking libtiffxx6:amd64 (4.5.1+git230720-4ubuntu2.4) ...
Linux Desktop Tests (6)	UNKNOWN STEP	2026-02-25T19:48:44.5110624Z Selecting previously unselected package liblerc-dev:amd64.
Linux Desktop Tests (6)	UNKNOWN STEP	2026-02-25T19:48:44.5271834Z Preparing to unpack .../091-liblerc-dev_4.0.0+ds-4ubuntu2_amd64.deb ...
Linux Desktop Tests (6)	UNKNOWN STEP	2026-02-25T19:48:44.5280200Z Unpacking liblerc-dev:amd64 (4.0.0+ds-4ubuntu2) ...
Linux Desktop Tests (6)	UNKNOWN STEP	2026-02-25T19:48:44.5524523Z Selecting previously unselected package libtiff-dev:amd64.
Linux Desktop Tests (6)	UNKNOWN STEP	2026-02-25T19:48:44.5688577Z Preparing to unpack .../092-libtiff-dev_4.5.1+git230720-4ubuntu2.4_amd64.deb ...
Linux Desktop Tests (6)	UNKNOWN STEP	2026-02-25T19:48:44.5698768Z Unpacking libtiff-dev:amd64 (4.5.1+git230720-4ubuntu2.4) ...
Linux Desktop Tests (6)	UNKNOWN STEP	2026-02-25T19:48:44.6051569Z Selecting previously unselected package libgdk-pixbuf-2.0-dev:amd64.
Linux Desktop Tests (6)	UNKNOWN STEP	2026-02-25T19:48:44.6213865Z Preparing to unpack .../093-libgdk-pixbuf-2.0-dev_2.42.10+dfsg-3ubuntu3.2_amd64.deb ...
Linux Desktop Tests (6)	UNKNOWN STEP	2026-02-25T19:48:44.6223827Z Unpacking libgdk-pixbuf-2.0-dev:amd64 (2.42.10+dfsg-3ubuntu3.2) ...
Linux Desktop Tests (6)	UNKNOWN STEP	2026-02-25T19:48:44.6464421Z Selecting previously unselected package libgles2-mesa-dev:amd64.
Linux Desktop Tests (6)	UNKNOWN STEP	2026-02-25T19:48:44.6627547Z Preparing to unpack .../094-libgles2-mesa-dev_25.2.8-0ubuntu0.24.04.1_amd64.deb ...
Linux Desktop Tests (6)	UNKNOWN STEP	2026-02-25T19:48:44.6637737Z Unpacking libgles2-mesa-dev:amd64 (25.2.8-0ubuntu0.24.04.1) ...
Linux Desktop Tests (6)	UNKNOWN STEP	2026-02-25T19:48:44.6841275Z Selecting previously unselected package libgraphite2-dev:amd64.
Linux Desktop Tests (6)	UNKNOWN STEP	2026-02-25T19:48:44.7004115Z Preparing to unpack .../095-libgraphite2-dev_1.3.14-2build1_amd64.deb ...
Linux Desktop Tests (6)	UNKNOWN STEP	2026-02-25T19:48:44.7012774Z Unpacking libgraphite2-dev:amd64 (1.3.14-2build1) ...
Linux Desktop Tests (6)	UNKNOWN STEP	2026-02-25T19:48:44.7232909Z Selecting previously unselected package libharfbuzz-icu0:amd64.
Linux Desktop Tests (6)	UNKNOWN STEP	2026-02-25T19:48:44.7394153Z Preparing to unpack .../096-libharfbuzz-icu0_8.3.0-2build2_amd64.deb ...
Linux Desktop Tests (6)	UNKNOWN STEP	2026-02-25T19:48:44.7402212Z Unpacking libharfbuzz-icu0:amd64 (8.3.0-2build2) ...
Linux Desktop Tests (6)	UNKNOWN STEP	2026-02-25T19:48:44.7613624Z Selecting previously unselected package libharfbuzz-subset0:amd64.
Linux Desktop Tests (6)	UNKNOWN STEP	2026-02-25T19:48:44.7775533Z Preparing to unpack .../097-libharfbuzz-subset0_8.3.0-2build2_amd64.deb ...
Linux Desktop Tests (6)	UNKNOWN STEP	2026-02-25T19:48:44.7784393Z Unpacking libharfbuzz-subset0:amd64 (8.3.0-2build2) ...
Linux Desktop Tests (6)	UNKNOWN STEP	2026-02-25T19:48:44.8046933Z Selecting previously unselected package libharfbuzz-cairo0:amd64.
Linux Desktop Tests (6)	UNKNOWN STEP	2026-02-25T19:48:44.8207607Z Preparing to unpack .../098-libharfbuzz-cairo0_8.3.0-2build2_amd64.deb ...
Linux Desktop Tests (6)	UNKNOWN STEP	2026-02-25T19:48:44.8217974Z Unpacking libharfbuzz-cairo0:amd64 (8.3.0-2build2) ...
Linux Desktop Tests (6)	UNKNOWN STEP	2026-02-25T19:48:44.8423879Z Selecting previously unselected package libharfbuzz-dev:amd64.
Linux Desktop Tests (6)	UNKNOWN STEP	2026-02-25T19:48:44.8587968Z Preparing to unpack .../099-libharfbuzz-dev_8.3.0-2build2_amd64.deb ...
Linux Desktop Tests (6)	UNKNOWN STEP	2026-02-25T19:48:44.8596009Z Unpacking libharfbuzz-dev:amd64 (8.3.0-2build2) ...
Linux Desktop Tests (6)	UNKNOWN STEP	2026-02-25T19:48:44.8952515Z Selecting previously unselected package libthai-dev:amd64.
Linux Desktop Tests (6)	UNKNOWN STEP	2026-02-25T19:48:44.9113577Z Preparing to unpack .../100-libthai-dev_0.1.29-2build1_amd64.deb ...
Linux Desktop Tests (6)	UNKNOWN STEP	2026-02-25T19:48:44.9121991Z Unpacking libthai-dev:amd64 (0.1.29-2build1) ...
Linux Desktop Tests (6)	UNKNOWN STEP	2026-02-25T19:48:44.9363617Z Selecting previously unselected package libxft-dev:amd64.
Linux Desktop Tests (6)	UNKNOWN STEP	2026-02-25T19:48:44.9525226Z Preparing to unpack .../101-libxft-dev_2.3.6-1build1_amd64.deb ...
Linux Desktop Tests (6)	UNKNOWN STEP	2026-02-25T19:48:44.9532920Z Unpacking libxft-dev:amd64 (2.3.6-1build1) ...
Linux Desktop Tests (6)	UNKNOWN STEP	2026-02-25T19:48:44.9822453Z Selecting previously unselected package pango1.0-tools.
Linux Desktop Tests (6)	UNKNOWN STEP	2026-02-25T19:48:44.9983837Z Preparing to unpack .../102-pango1.0-tools_1.52.1+ds-1build1_amd64.deb ...
Linux Desktop Tests (6)	UNKNOWN STEP	2026-02-25T19:48:44.9991798Z Unpacking pango1.0-tools (1.52.1+ds-1build1) ...
Linux Desktop Tests (6)	UNKNOWN STEP	2026-02-25T19:48:45.0207713Z Selecting previously unselected package libpango1.0-dev:amd64.
Linux Desktop Tests (6)	UNKNOWN STEP	2026-02-25T19:48:45.0368238Z Preparing to unpack .../103-libpango1.0-dev_1.52.1+ds-1build1_amd64.deb ...
Linux Desktop Tests (6)	UNKNOWN STEP	2026-02-25T19:48:45.0375644Z Unpacking libpango1.0-dev:amd64 (1.52.1+ds-1build1) ...
Linux Desktop Tests (6)	UNKNOWN STEP	2026-02-25T19:48:45.0712336Z Selecting previously unselected package libwayland-server0:amd64.
Linux Desktop Tests (6)	UNKNOWN STEP	2026-02-25T19:48:45.0872497Z Preparing to unpack .../104-libwayland-server0_1.22.0-2.1build1_amd64.deb ...
Linux Desktop Tests (6)	UNKNOWN STEP	2026-02-25T19:48:45.0884477Z Unpacking libwayland-server0:amd64 (1.22.0-2.1build1) ...
Linux Desktop Tests (6)	UNKNOWN STEP	2026-02-25T19:48:45.1101514Z Selecting previously unselected package libwayland-bin.
Linux Desktop Tests (6)	UNKNOWN STEP	2026-02-25T19:48:45.1260952Z Preparing to unpack .../105-libwayland-bin_1.22.0-2.1build1_amd64.deb ...
Linux Desktop Tests (6)	UNKNOWN STEP	2026-02-25T19:48:45.1269882Z Unpacking libwayland-bin (1.22.0-2.1build1) ...
Linux Desktop Tests (6)	UNKNOWN STEP	2026-02-25T19:48:45.1480650Z Selecting previously unselected package libwayland-dev:amd64.
Linux Desktop Tests (6)	UNKNOWN STEP	2026-02-25T19:48:45.1640392Z Preparing to unpack .../106-libwayland-dev_1.22.0-2.1build1_amd64.deb ...
Linux Desktop Tests (6)	UNKNOWN STEP	2026-02-25T19:48:45.1647723Z Unpacking libwayland-dev:amd64 (1.22.0-2.1build1) ...
Linux Desktop Tests (6)	UNKNOWN STEP	2026-02-25T19:48:45.1907701Z Selecting previously unselected package libxcomposite-dev:amd64.
Linux Desktop Tests (6)	UNKNOWN STEP	2026-02-25T19:48:45.2072986Z Preparing to unpack .../107-libxcomposite-dev_1%3a0.4.5-1build3_amd64.deb ...
Linux Desktop Tests (6)	UNKNOWN STEP	2026-02-25T19:48:45.2091976Z Unpacking libxcomposite-dev:amd64 (1:0.4.5-1build3) ...
Linux Desktop Tests (6)	UNKNOWN STEP	2026-02-25T19:48:45.2322773Z Selecting previously unselected package libxcursor-dev:amd64.
Linux Desktop Tests (6)	UNKNOWN STEP	2026-02-25T19:48:45.2486370Z Preparing to unpack .../108-libxcursor-dev_1%3a1.2.1-1build1_amd64.deb ...
Linux Desktop Tests (6)	UNKNOWN STEP	2026-02-25T19:48:45.2496728Z Unpacking libxcursor-dev:amd64 (1:1.2.1-1build1) ...
Linux Desktop Tests (6)	UNKNOWN STEP	2026-02-25T19:48:45.2767231Z Selecting previously unselected package libxdamage-dev:amd64.
Linux Desktop Tests (6)	UNKNOWN STEP	2026-02-25T19:48:45.2929915Z Preparing to unpack .../109-libxdamage-dev_1%3a1.1.6-1build1_amd64.deb ...
Linux Desktop Tests (6)	UNKNOWN STEP	2026-02-25T19:48:45.2938066Z Unpacking libxdamage-dev:amd64 (1:1.1.6-1build1) ...
Linux Desktop Tests (6)	UNKNOWN STEP	2026-02-25T19:48:45.3151127Z Selecting previously unselected package libxinerama-dev:amd64.
Linux Desktop Tests (6)	UNKNOWN STEP	2026-02-25T19:48:45.3315489Z Preparing to unpack .../110-libxinerama-dev_2%3a1.1.4-3build1_amd64.deb ...
Linux Desktop Tests (6)	UNKNOWN STEP	2026-02-25T19:48:45.3323730Z Unpacking libxinerama-dev:amd64 (2:1.1.4-3build1) ...
Linux Desktop Tests (6)	UNKNOWN STEP	2026-02-25T19:48:45.3549852Z Selecting previously unselected package libxkbcommon-dev:amd64.
Linux Desktop Tests (6)	UNKNOWN STEP	2026-02-25T19:48:45.3713475Z Preparing to unpack .../111-libxkbcommon-dev_1.6.0-1build1_amd64.deb ...
Linux Desktop Tests (6)	UNKNOWN STEP	2026-02-25T19:48:45.3721596Z Unpacking libxkbcommon-dev:amd64 (1.6.0-1build1) ...
Linux Desktop Tests (6)	UNKNOWN STEP	2026-02-25T19:48:45.3948405Z Selecting previously unselected package libxrandr-dev:amd64.
Linux Desktop Tests (6)	UNKNOWN STEP	2026-02-25T19:48:45.4111565Z Preparing to unpack .../112-libxrandr-dev_2%3a1.5.2-2build1_amd64.deb ...
Linux Desktop Tests (6)	UNKNOWN STEP	2026-02-25T19:48:45.4122558Z Unpacking libxrandr-dev:amd64 (2:1.5.2-2build1) ...
Linux Desktop Tests (6)	UNKNOWN STEP	2026-02-25T19:48:45.4356651Z Selecting previously unselected package wayland-protocols.
Linux Desktop Tests (6)	UNKNOWN STEP	2026-02-25T19:48:45.4519372Z Preparing to unpack .../113-wayland-protocols_1.45-1~ubuntu0.24.04.1_all.deb ...
Linux Desktop Tests (6)	UNKNOWN STEP	2026-02-25T19:48:45.4528973Z Unpacking wayland-protocols (1.45-1~ubuntu0.24.04.1) ...
Linux Desktop Tests (6)	UNKNOWN STEP	2026-02-25T19:48:45.4932263Z Selecting previously unselected package libgtk-3-dev:amd64.
Linux Desktop Tests (6)	UNKNOWN STEP	2026-02-25T19:48:45.5095288Z Preparing to unpack .../114-libgtk-3-dev_3.24.41-4ubuntu1.3_amd64.deb ...
Linux Desktop Tests (6)	UNKNOWN STEP	2026-02-25T19:48:45.5104229Z Unpacking libgtk-3-dev:amd64 (3.24.41-4ubuntu1.3) ...
Linux Desktop Tests (6)	UNKNOWN STEP	2026-02-25T19:48:45.6722744Z Selecting previously unselected package libpng-tools.
Linux Desktop Tests (6)	UNKNOWN STEP	2026-02-25T19:48:45.6887449Z Preparing to unpack .../115-libpng-tools_1.6.43-5ubuntu0.5_amd64.deb ...
Linux Desktop Tests (6)	UNKNOWN STEP	2026-02-25T19:48:45.6895636Z Unpacking libpng-tools (1.6.43-5ubuntu0.5) ...
Linux Desktop Tests (6)	UNKNOWN STEP	2026-02-25T19:48:45.7106230Z Selecting previously unselected package libsecret-1-dev:amd64.
Linux Desktop Tests (6)	UNKNOWN STEP	2026-02-25T19:48:45.7269563Z Preparing to unpack .../116-libsecret-1-dev_0.21.4-1build3_amd64.deb ...
Linux Desktop Tests (6)	UNKNOWN STEP	2026-02-25T19:48:45.7279335Z Unpacking libsecret-1-dev:amd64 (0.21.4-1build3) ...
Linux Desktop Tests (6)	UNKNOWN STEP	2026-02-25T19:48:45.8106975Z Selecting previously unselected package ninja-build.
Linux Desktop Tests (6)	UNKNOWN STEP	2026-02-25T19:48:45.8272072Z Preparing to unpack .../117-ninja-build_1.11.1-2_amd64.deb ...
Linux Desktop Tests (6)	UNKNOWN STEP	2026-02-25T19:48:45.8279404Z Unpacking ninja-build (1.11.1-2) ...
Linux Desktop Tests (6)	UNKNOWN STEP	2026-02-25T19:48:45.9297899Z Selecting previously unselected package libgl1-mesa-dev:amd64.
Linux Desktop Tests (6)	UNKNOWN STEP	2026-02-25T19:48:45.9461551Z Preparing to unpack .../118-libgl1-mesa-dev_25.2.8-0ubuntu0.24.04.1_amd64.deb ...
Linux Desktop Tests (6)	UNKNOWN STEP	2026-02-25T19:48:45.9470895Z Unpacking libgl1-mesa-dev:amd64 (25.2.8-0ubuntu0.24.04.1) ...
Linux Desktop Tests (6)	UNKNOWN STEP	2026-02-25T19:48:45.9675320Z Selecting previously unselected package libjsoncpp-dev:amd64.
Linux Desktop Tests (6)	UNKNOWN STEP	2026-02-25T19:48:45.9838446Z Preparing to unpack .../119-libjsoncpp-dev_1.9.5-6build1_amd64.deb ...
Linux Desktop Tests (6)	UNKNOWN STEP	2026-02-25T19:48:45.9847187Z Unpacking libjsoncpp-dev:amd64 (1.9.5-6build1) ...
Linux Desktop Tests (6)	UNKNOWN STEP	2026-02-25T19:48:46.0338968Z Setting up libcairo-script-interpreter2:amd64 (1.18.0-3build1) ...
Linux Desktop Tests (6)	UNKNOWN STEP	2026-02-25T19:48:46.0364402Z Setting up bzip2-doc (1.0.8-5.1build0.1) ...
Linux Desktop Tests (6)	UNKNOWN STEP	2026-02-25T19:48:46.0386012Z Setting up libwayland-server0:amd64 (1.22.0-2.1build1) ...
Linux Desktop Tests (6)	UNKNOWN STEP	2026-02-25T19:48:46.0413425Z Setting up libjpeg-turbo8-dev:amd64 (2.1.5-2ubuntu2) ...
Linux Desktop Tests (6)	UNKNOWN STEP	2026-02-25T19:48:46.0438249Z Setting up libharfbuzz-icu0:amd64 (8.3.0-2build2) ...
Linux Desktop Tests (6)	UNKNOWN STEP	2026-02-25T19:48:46.0458867Z Setting up libpixman-1-dev:amd64 (0.42.2-1build1) ...
Linux Desktop Tests (6)	UNKNOWN STEP	2026-02-25T19:48:46.0483564Z Setting up libglvnd-core-dev:amd64 (1.7.0-1build1) ...
Linux Desktop Tests (6)	UNKNOWN STEP	2026-02-25T19:48:46.0508401Z Setting up libfribidi-dev:amd64 (1.0.13-3build1) ...
Linux Desktop Tests (6)	UNKNOWN STEP	2026-02-25T19:48:46.0532254Z Setting up libxkbcommon-dev:amd64 (1.6.0-1build1) ...
Linux Desktop Tests (6)	UNKNOWN STEP	2026-02-25T19:48:46.0554618Z Setting up libjbig-dev:amd64 (2.1-6.1ubuntu2) ...
Linux Desktop Tests (6)	UNKNOWN STEP	2026-02-25T19:48:46.0590911Z Setting up libwebpdecoder3:amd64 (1.3.2-0.4build3) ...
Linux Desktop Tests (6)	UNKNOWN STEP	2026-02-25T19:48:46.0618006Z Setting up libpthread-stubs0-dev:amd64 (0.4-1build3) ...
Linux Desktop Tests (6)	UNKNOWN STEP	2026-02-25T19:48:46.0642518Z Setting up libopengl0:amd64 (1.7.0-1build1) ...
Linux Desktop Tests (6)	UNKNOWN STEP	2026-02-25T19:48:46.0668613Z Setting up ninja-build (1.11.1-2) ...
Linux Desktop Tests (6)	UNKNOWN STEP	2026-02-25T19:48:46.0692060Z Setting up xtrans-dev (1.4.0-1) ...
Linux Desktop Tests (6)	UNKNOWN STEP	2026-02-25T19:48:46.0716295Z Setting up libwayland-bin (1.22.0-2.1build1) ...
Linux Desktop Tests (6)	UNKNOWN STEP	2026-02-25T19:48:46.0767177Z Setting up libgraphite2-dev:amd64 (1.3.14-2build1) ...
Linux Desktop Tests (6)	UNKNOWN STEP	2026-02-25T19:48:46.0767956Z Setting up libglib2.0-0t64:amd64 (2.80.0-6ubuntu3.8) ...
Linux Desktop Tests (6)	UNKNOWN STEP	2026-02-25T19:48:46.0927253Z Setting up libegl-mesa0:amd64 (25.2.8-0ubuntu0.24.04.1) ...
Linux Desktop Tests (6)	UNKNOWN STEP	2026-02-25T19:48:46.0951839Z Setting up libglib2.0-data (2.80.0-6ubuntu3.8) ...
Linux Desktop Tests (6)	UNKNOWN STEP	2026-02-25T19:48:46.0975608Z Setting up libgles2:amd64 (1.7.0-1build1) ...
Linux Desktop Tests (6)	UNKNOWN STEP	2026-02-25T19:48:46.1000290Z Setting up libharfbuzz-cairo0:amd64 (8.3.0-2build2) ...
Linux Desktop Tests (6)	UNKNOWN STEP	2026-02-25T19:48:46.1023529Z Setting up libdbus-1-dev:amd64 (1.14.10-4ubuntu4.1) ...
Linux Desktop Tests (6)	UNKNOWN STEP	2026-02-25T19:48:46.2729841Z Setting up libgpg-error-dev (1.47-3build2.1) ...
Linux Desktop Tests (6)	UNKNOWN STEP	2026-02-25T19:48:46.2754622Z Setting up uuid-dev:amd64 (2.39.3-9ubuntu6.4) ...
Linux Desktop Tests (6)	UNKNOWN STEP	2026-02-25T19:48:46.2785230Z Setting up clang (1:18.0-59~exp2) ...
Linux Desktop Tests (6)	UNKNOWN STEP	2026-02-25T19:48:46.3569784Z Setting up libgles1:amd64 (1.7.0-1build1) ...
Linux Desktop Tests (6)	UNKNOWN STEP	2026-02-25T19:48:46.3596029Z Setting up libpng16-16t64:amd64 (1.6.43-5ubuntu0.5) ...
Linux Desktop Tests (6)	UNKNOWN STEP	2026-02-25T19:48:46.3619608Z Setting up libjsoncpp25:amd64 (1.9.5-6build1) ...
Linux Desktop Tests (6)	UNKNOWN STEP	2026-02-25T19:48:46.3640363Z Setting up libsepol-dev:amd64 (3.5-2build1) ...
Linux Desktop Tests (6)	UNKNOWN STEP	2026-02-25T19:48:46.3666557Z Setting up gir1.2-glib-2.0:amd64 (2.80.0-6ubuntu3.8) ...
Linux Desktop Tests (6)	UNKNOWN STEP	2026-02-25T19:48:46.3689966Z Setting up liblerc-dev:amd64 (4.0.0+ds-4ubuntu2) ...
Linux Desktop Tests (6)	UNKNOWN STEP	2026-02-25T19:48:46.3712032Z Setting up liblzma-dev:amd64 (5.6.1+really5.4.5-1ubuntu0.2) ...
Linux Desktop Tests (6)	UNKNOWN STEP	2026-02-25T19:48:46.3736340Z Setting up wayland-protocols (1.45-1~ubuntu0.24.04.1) ...
Linux Desktop Tests (6)	UNKNOWN STEP	2026-02-25T19:48:46.3756273Z Setting up libdatrie-dev:amd64 (0.2.13-3build1) ...
Linux Desktop Tests (6)	UNKNOWN STEP	2026-02-25T19:48:46.3777899Z Setting up gir1.2-glib-2.0-dev:amd64 (2.80.0-6ubuntu3.8) ...
Linux Desktop Tests (6)	UNKNOWN STEP	2026-02-25T19:48:46.3802068Z Setting up libgdk-pixbuf2.0-bin (2.42.10+dfsg-3ubuntu3.2) ...
Linux Desktop Tests (6)	UNKNOWN STEP	2026-02-25T19:48:46.3822538Z Setting up librhash0:amd64 (1.4.3-3build1) ...
Linux Desktop Tests (6)	UNKNOWN STEP	2026-02-25T19:48:46.3845278Z Setting up libegl1:amd64 (1.7.0-1build1) ...
Linux Desktop Tests (6)	UNKNOWN STEP	2026-02-25T19:48:46.3867951Z Setting up libharfbuzz-subset0:amd64 (8.3.0-2build2) ...
Linux Desktop Tests (6)	UNKNOWN STEP	2026-02-25T19:48:46.3899773Z Setting up xorg-sgml-doctools (1:1.11-1.1) ...
Linux Desktop Tests (6)	UNKNOWN STEP	2026-02-25T19:48:46.3927706Z Setting up cmake-data (3.28.3-1build7) ...
Linux Desktop Tests (6)	UNKNOWN STEP	2026-02-25T19:48:46.3993746Z Setting up libopengl-dev:amd64 (1.7.0-1build1) ...
Linux Desktop Tests (6)	UNKNOWN STEP	2026-02-25T19:48:46.4015888Z Setting up libjpeg8-dev:amd64 (8c-2ubuntu11) ...
Linux Desktop Tests (6)	UNKNOWN STEP	2026-02-25T19:48:46.4036133Z Setting up libsharpyuv-dev:amd64 (1.3.2-0.4build3) ...
Linux Desktop Tests (6)	UNKNOWN STEP	2026-02-25T19:48:46.4061143Z Setting up libtiffxx6:amd64 (4.5.1+git230720-4ubuntu2.4) ...
Linux Desktop Tests (6)	UNKNOWN STEP	2026-02-25T19:48:46.4086491Z Setting up libdeflate-dev:amd64 (1.19-1build1.1) ...
Linux Desktop Tests (6)	UNKNOWN STEP	2026-02-25T19:48:46.4106731Z Setting up libbrotli-dev:amd64 (1.1.0-2build2) ...
Linux Desktop Tests (6)	UNKNOWN STEP	2026-02-25T19:48:46.4126588Z Setting up libsecret-common (0.21.4-1build3) ...
Linux Desktop Tests (6)	UNKNOWN STEP	2026-02-25T19:48:46.4150779Z Setting up libbz2-dev:amd64 (1.0.8-5.1build0.1) ...
Linux Desktop Tests (6)	UNKNOWN STEP	2026-02-25T19:48:46.4172154Z Setting up libglib2.0-dev-bin (2.80.0-6ubuntu3.8) ...
Linux Desktop Tests (6)	UNKNOWN STEP	2026-02-25T19:48:46.6241341Z Setting up libblkid-dev:amd64 (2.39.3-9ubuntu6.4) ...
Linux Desktop Tests (6)	UNKNOWN STEP	2026-02-25T19:48:46.6262663Z Setting up libjsoncpp-dev:amd64 (1.9.5-6build1) ...
Linux Desktop Tests (6)	UNKNOWN STEP	2026-02-25T19:48:46.6287143Z Setting up gir1.2-freedesktop:amd64 (1.80.1-1) ...
Linux Desktop Tests (6)	UNKNOWN STEP	2026-02-25T19:48:46.6307994Z Setting up libpangoxft-1.0-0:amd64 (1.52.1+ds-1build1) ...
Linux Desktop Tests (6)	UNKNOWN STEP	2026-02-25T19:48:46.6329558Z Setting up gir1.2-gdkpixbuf-2.0:amd64 (2.42.10+dfsg-3ubuntu3.2) ...
Linux Desktop Tests (6)	UNKNOWN STEP	2026-02-25T19:48:46.6352997Z Setting up libpng-tools (1.6.43-5ubuntu0.5) ...
Linux Desktop Tests (6)	UNKNOWN STEP	2026-02-25T19:48:46.6373696Z Setting up libgirepository-2.0-0:amd64 (2.80.0-6ubuntu3.8) ...
Linux Desktop Tests (6)	UNKNOWN STEP	2026-02-25T19:48:46.6397657Z Setting up gir1.2-atk-1.0:amd64 (2.52.0-1build1) ...
Linux Desktop Tests (6)	UNKNOWN STEP	2026-02-25T19:48:46.6424458Z Setting up libselinux1-dev:amd64 (3.5-2ubuntu2.1) ...
Linux Desktop Tests (6)	UNKNOWN STEP	2026-02-25T19:48:46.6457653Z Setting up libpng-dev:amd64 (1.6.43-5ubuntu0.5) ...
Linux Desktop Tests (6)	UNKNOWN STEP	2026-02-25T19:48:46.6482014Z Setting up pango1.0-tools (1.52.1+ds-1build1) ...
Linux Desktop Tests (6)	UNKNOWN STEP	2026-02-25T19:48:46.6504256Z Setting up libjpeg-dev:amd64 (8c-2ubuntu11) ...
Linux Desktop Tests (6)	UNKNOWN STEP	2026-02-25T19:48:46.6524475Z Setting up libglib2.0-bin (2.80.0-6ubuntu3.8) ...
Linux Desktop Tests (6)	UNKNOWN STEP	2026-02-25T19:48:46.6548639Z Setting up libharfbuzz-gobject0:amd64 (8.3.0-2build2) ...
Linux Desktop Tests (6)	UNKNOWN STEP	2026-02-25T19:48:46.6569371Z Setting up gir1.2-atspi-2.0:amd64 (2.52.0-1build1) ...
Linux Desktop Tests (6)	UNKNOWN STEP	2026-02-25T19:48:46.6594438Z Setting up libwayland-dev:amd64 (1.22.0-2.1build1) ...
Linux Desktop Tests (6)	UNKNOWN STEP	2026-02-25T19:48:46.6617229Z Setting up gir1.2-harfbuzz-0.0:amd64 (8.3.0-2build2) ...
Linux Desktop Tests (6)	UNKNOWN STEP	2026-02-25T19:48:46.6639360Z Setting up libfreetype-dev:amd64 (2.13.2+dfsg-1build3) ...
Linux Desktop Tests (6)	UNKNOWN STEP	2026-02-25T19:48:46.6662006Z Setting up gir1.2-pango-1.0:amd64 (1.52.1+ds-1build1) ...
Linux Desktop Tests (6)	UNKNOWN STEP	2026-02-25T19:48:46.6685976Z Setting up libsecret-1-0:amd64 (0.21.4-1build3) ...
Linux Desktop Tests (6)	UNKNOWN STEP	2026-02-25T19:48:46.6707102Z Setting up libwebp-dev:amd64 (1.3.2-0.4build3) ...
Linux Desktop Tests (6)	UNKNOWN STEP	2026-02-25T19:48:46.6729087Z Setting up gir1.2-secret-1:amd64 (0.21.4-1build3) ...
Linux Desktop Tests (6)	UNKNOWN STEP	2026-02-25T19:48:46.6754245Z Setting up libgcrypt20-dev (1.10.3-2build1) ...
Linux Desktop Tests (6)	UNKNOWN STEP	2026-02-25T19:48:46.6775846Z Setting up libtiff-dev:amd64 (4.5.1+git230720-4ubuntu2.4) ...
Linux Desktop Tests (6)	UNKNOWN STEP	2026-02-25T19:48:46.6799350Z Setting up gir1.2-freedesktop-dev:amd64 (1.80.1-1) ...
Linux Desktop Tests (6)	UNKNOWN STEP	2026-02-25T19:48:46.6821497Z Setting up libthai-dev:amd64 (0.1.29-2build1) ...
Linux Desktop Tests (6)	UNKNOWN STEP	2026-02-25T19:48:46.6842528Z Setting up cmake (3.28.3-1build7) ...
Linux Desktop Tests (6)	UNKNOWN STEP	2026-02-25T19:48:46.6868131Z Setting up libmount-dev:amd64 (2.39.3-9ubuntu6.4) ...
Linux Desktop Tests (6)	UNKNOWN STEP	2026-02-25T19:48:46.6890748Z Setting up libfontconfig-dev:amd64 (2.15.0-1.1ubuntu2) ...
Linux Desktop Tests (6)	UNKNOWN STEP	2026-02-25T19:48:46.6917450Z Setting up gir1.2-gtk-3.0:amd64 (3.24.41-4ubuntu1.3) ...
Linux Desktop Tests (6)	UNKNOWN STEP	2026-02-25T19:48:46.6941707Z Setting up libglib2.0-dev:amd64 (2.80.0-6ubuntu3.8) ...
Linux Desktop Tests (6)	UNKNOWN STEP	2026-02-25T19:48:46.6963958Z Setting up libatk1.0-dev:amd64 (2.52.0-1build1) ...
Linux Desktop Tests (6)	UNKNOWN STEP	2026-02-25T19:48:46.6985722Z Setting up libgdk-pixbuf-2.0-dev:amd64 (2.42.10+dfsg-3ubuntu3.2) ...
Linux Desktop Tests (6)	UNKNOWN STEP	2026-02-25T19:48:46.7122710Z Setting up libharfbuzz-dev:amd64 (8.3.0-2build2) ...
Linux Desktop Tests (6)	UNKNOWN STEP	2026-02-25T19:48:46.7146289Z Setting up libsecret-1-dev:amd64 (0.21.4-1build3) ...
Linux Desktop Tests (6)	UNKNOWN STEP	2026-02-25T19:48:46.7680843Z Processing triggers for libc-bin (2.39-0ubuntu8.7) ...
Linux Desktop Tests (6)	UNKNOWN STEP	2026-02-25T19:48:46.8957180Z Processing triggers for man-db (2.12.0-4build2) ...
Linux Desktop Tests (6)	UNKNOWN STEP	2026-02-25T19:48:46.9025926Z Not building database; man-db/auto-update is not 'true'.
Linux Desktop Tests (6)	UNKNOWN STEP	2026-02-25T19:48:46.9060126Z Processing triggers for sgml-base (1.31) ...
Linux Desktop Tests (6)	UNKNOWN STEP	2026-02-25T19:48:46.9235287Z Processing triggers for install-info (7.1-3build2) ...
Linux Desktop Tests (6)	UNKNOWN STEP	2026-02-25T19:48:47.2098974Z Setting up x11proto-dev (2023.2-1) ...
Linux Desktop Tests (6)	UNKNOWN STEP	2026-02-25T19:48:47.2148547Z Setting up libxau-dev:amd64 (1:1.0.9-1build6) ...
Linux Desktop Tests (6)	UNKNOWN STEP	2026-02-25T19:48:47.2171574Z Setting up libice-dev:amd64 (2:1.0.10-1build3) ...
Linux Desktop Tests (6)	UNKNOWN STEP	2026-02-25T19:48:47.2196612Z Setting up libsm-dev:amd64 (2:1.2.3-1build3) ...
Linux Desktop Tests (6)	UNKNOWN STEP	2026-02-25T19:48:47.2242730Z Setting up libxdmcp-dev:amd64 (1:1.1.3-0ubuntu6) ...
Linux Desktop Tests (6)	UNKNOWN STEP	2026-02-25T19:48:47.2328152Z Setting up libxcb1-dev:amd64 (1.15-1ubuntu2) ...
Linux Desktop Tests (6)	UNKNOWN STEP	2026-02-25T19:48:47.2359991Z Setting up libx11-dev:amd64 (2:1.8.7-1build1) ...
Linux Desktop Tests (6)	UNKNOWN STEP	2026-02-25T19:48:47.2392018Z Setting up libxfixes-dev:amd64 (1:6.0.0-2build1) ...
Linux Desktop Tests (6)	UNKNOWN STEP	2026-02-25T19:48:47.2418238Z Setting up libxcb-shm0-dev:amd64 (1.15-1ubuntu2) ...
Linux Desktop Tests (6)	UNKNOWN STEP	2026-02-25T19:48:47.2451285Z Setting up libxcb-render0-dev:amd64 (1.15-1ubuntu2) ...
Linux Desktop Tests (6)	UNKNOWN STEP	2026-02-25T19:48:47.2472844Z Setting up libxext-dev:amd64 (2:1.3.4-1build2) ...
Linux Desktop Tests (6)	UNKNOWN STEP	2026-02-25T19:48:47.2505888Z Setting up libglx-dev:amd64 (1.7.0-1build1) ...
Linux Desktop Tests (6)	UNKNOWN STEP	2026-02-25T19:48:47.2536667Z Setting up libxi-dev:amd64 (2:1.8.1-1build1) ...
Linux Desktop Tests (6)	UNKNOWN STEP	2026-02-25T19:48:47.2558526Z Setting up libxrender-dev:amd64 (1:0.9.10-1.1build1) ...
Linux Desktop Tests (6)	UNKNOWN STEP	2026-02-25T19:48:47.2584199Z Setting up libgl-dev:amd64 (1.7.0-1build1) ...
Linux Desktop Tests (6)	UNKNOWN STEP	2026-02-25T19:48:47.2617588Z Setting up libxft-dev:amd64 (2.3.6-1build1) ...
Linux Desktop Tests (6)	UNKNOWN STEP	2026-02-25T19:48:47.2640328Z Setting up libxtst-dev:amd64 (2:1.2.3-1.1build1) ...
Linux Desktop Tests (6)	UNKNOWN STEP	2026-02-25T19:48:47.2669933Z Setting up libxdamage-dev:amd64 (1:1.1.6-1build1) ...
Linux Desktop Tests (6)	UNKNOWN STEP	2026-02-25T19:48:47.2695191Z Setting up libatspi2.0-dev:amd64 (2.52.0-1build1) ...
Linux Desktop Tests (6)	UNKNOWN STEP	2026-02-25T19:48:47.2737503Z Setting up libegl-dev:amd64 (1.7.0-1build1) ...
Linux Desktop Tests (6)	UNKNOWN STEP	2026-02-25T19:48:47.2767332Z Setting up libxcomposite-dev:amd64 (1:0.4.5-1build3) ...
Linux Desktop Tests (6)	UNKNOWN STEP	2026-02-25T19:48:47.2790417Z Setting up libxcursor-dev:amd64 (1:1.2.1-1build1) ...
Linux Desktop Tests (6)	UNKNOWN STEP	2026-02-25T19:48:47.2817467Z Setting up libepoxy-dev:amd64 (1.5.10-1build1) ...
Linux Desktop Tests (6)	UNKNOWN STEP	2026-02-25T19:48:47.2846517Z Setting up libatk-bridge2.0-dev:amd64 (2.52.0-1build1) ...
Linux Desktop Tests (6)	UNKNOWN STEP	2026-02-25T19:48:47.2869821Z Setting up libxrandr-dev:amd64 (2:1.5.2-2build1) ...
Linux Desktop Tests (6)	UNKNOWN STEP	2026-02-25T19:48:47.2903593Z Setting up libxinerama-dev:amd64 (2:1.1.4-3build1) ...
Linux Desktop Tests (6)	UNKNOWN STEP	2026-02-25T19:48:47.2935409Z Setting up libcairo2-dev:amd64 (1.18.0-3build1) ...
Linux Desktop Tests (6)	UNKNOWN STEP	2026-02-25T19:48:47.2961976Z Setting up libgles-dev:amd64 (1.7.0-1build1) ...
Linux Desktop Tests (6)	UNKNOWN STEP	2026-02-25T19:48:47.3009426Z Setting up libglvnd-dev:amd64 (1.7.0-1build1) ...
Linux Desktop Tests (6)	UNKNOWN STEP	2026-02-25T19:48:47.3039406Z Setting up libpango1.0-dev:amd64 (1.52.1+ds-1build1) ...
Linux Desktop Tests (6)	UNKNOWN STEP	2026-02-25T19:48:47.3084114Z Setting up libgl1-mesa-dev:amd64 (25.2.8-0ubuntu0.24.04.1) ...
Linux Desktop Tests (6)	UNKNOWN STEP	2026-02-25T19:48:47.3109905Z Setting up libegl1-mesa-dev:amd64 (25.2.8-0ubuntu0.24.04.1) ...
Linux Desktop Tests (6)	UNKNOWN STEP	2026-02-25T19:48:47.3142057Z Setting up libgtk-3-dev:amd64 (3.24.41-4ubuntu1.3) ...
Linux Desktop Tests (6)	UNKNOWN STEP	2026-02-25T19:48:47.3169477Z Setting up libgles2-mesa-dev:amd64 (25.2.8-0ubuntu0.24.04.1) ...
Linux Desktop Tests (6)	UNKNOWN STEP	2026-02-25T19:48:49.1808696Z 
Linux Desktop Tests (6)	UNKNOWN STEP	2026-02-25T19:48:49.1809154Z Running kernel seems to be up-to-date.
Linux Desktop Tests (6)	UNKNOWN STEP	2026-02-25T19:48:49.1809563Z 
Linux Desktop Tests (6)	UNKNOWN STEP	2026-02-25T19:48:49.1809702Z Restarting services...
Linux Desktop Tests (6)	UNKNOWN STEP	2026-02-25T19:48:49.2271305Z  systemctl restart packagekit.service php8.3-fpm.service polkit.service udisks2.service
Linux Desktop Tests (6)	UNKNOWN STEP	2026-02-25T19:48:49.4311721Z 
Linux Desktop Tests (6)	UNKNOWN STEP	2026-02-25T19:48:49.4312179Z Service restarts being deferred:
Linux Desktop Tests (6)	UNKNOWN STEP	2026-02-25T19:48:49.4312688Z  systemctl restart ModemManager.service
Linux Desktop Tests (6)	UNKNOWN STEP	2026-02-25T19:48:49.4313190Z  systemctl restart networkd-dispatcher.service
Linux Desktop Tests (6)	UNKNOWN STEP	2026-02-25T19:48:49.4313552Z 
Linux Desktop Tests (6)	UNKNOWN STEP	2026-02-25T19:48:49.4313703Z No containers need to be restarted.
Linux Desktop Tests (6)	UNKNOWN STEP	2026-02-25T19:48:49.4314308Z 
Linux Desktop Tests (6)	UNKNOWN STEP	2026-02-25T19:48:49.4314516Z No user sessions are running outdated binaries.
Linux Desktop Tests (6)	UNKNOWN STEP	2026-02-25T19:48:49.4314863Z 
Linux Desktop Tests (6)	UNKNOWN STEP	2026-02-25T19:48:49.4315421Z No VM guests are running outdated hypervisor (qemu) binaries on this host.
Linux Desktop Tests (6)	UNKNOWN STEP	2026-02-25T19:48:50.3408407Z ##[group]Run subosito/flutter-action@v2
Linux Desktop Tests (6)	UNKNOWN STEP	2026-02-25T19:48:50.3408704Z with:
Linux Desktop Tests (6)	UNKNOWN STEP	2026-02-25T19:48:50.3408881Z   channel: stable
Linux Desktop Tests (6)	UNKNOWN STEP	2026-02-25T19:48:50.3409069Z   cache: true
Linux Desktop Tests (6)	UNKNOWN STEP	2026-02-25T19:48:50.3409244Z   architecture: X64
Linux Desktop Tests (6)	UNKNOWN STEP	2026-02-25T19:48:50.3409455Z   pub-cache-path: default
Linux Desktop Tests (6)	UNKNOWN STEP	2026-02-25T19:48:50.3409673Z   dry-run: false
Linux Desktop Tests (6)	UNKNOWN STEP	2026-02-25T19:48:50.3409950Z   git-source: https://github.com/flutter/flutter.git
Linux Desktop Tests (6)	UNKNOWN STEP	2026-02-25T19:48:50.3410246Z env:
Linux Desktop Tests (6)	UNKNOWN STEP	2026-02-25T19:48:50.3410419Z   CACHE_VERSION: v1
Linux Desktop Tests (6)	UNKNOWN STEP	2026-02-25T19:48:50.3410614Z ##[endgroup]
Linux Desktop Tests (6)	UNKNOWN STEP	2026-02-25T19:48:50.3508306Z ##[group]Run chmod +x "$GITHUB_ACTION_PATH/setup.sh"
Linux Desktop Tests (6)	UNKNOWN STEP	2026-02-25T19:48:50.3508658Z [36;1mchmod +x "$GITHUB_ACTION_PATH/setup.sh"[0m
Linux Desktop Tests (6)	UNKNOWN STEP	2026-02-25T19:48:50.3558494Z shell: /usr/bin/bash --noprofile --norc -e -o pipefail {0}
Linux Desktop Tests (6)	UNKNOWN STEP	2026-02-25T19:48:50.3558810Z env:
Linux Desktop Tests (6)	UNKNOWN STEP	2026-02-25T19:48:50.3558987Z   CACHE_VERSION: v1
Linux Desktop Tests (6)	UNKNOWN STEP	2026-02-25T19:48:50.3559172Z ##[endgroup]
Linux Desktop Tests (6)	UNKNOWN STEP	2026-02-25T19:48:50.3680844Z ##[group]Run $GITHUB_ACTION_PATH/setup.sh -p \
Linux Desktop Tests (6)	UNKNOWN STEP	2026-02-25T19:48:50.3681213Z [36;1m$GITHUB_ACTION_PATH/setup.sh -p \[0m
Linux Desktop Tests (6)	UNKNOWN STEP	2026-02-25T19:48:50.3681463Z [36;1m  -n '' \[0m
Linux Desktop Tests (6)	UNKNOWN STEP	2026-02-25T19:48:50.3681641Z [36;1m  -f '' \[0m
Linux Desktop Tests (6)	UNKNOWN STEP	2026-02-25T19:48:50.3681809Z [36;1m  -a 'X64' \[0m
Linux Desktop Tests (6)	UNKNOWN STEP	2026-02-25T19:48:50.3681989Z [36;1m  -k '' \[0m
Linux Desktop Tests (6)	UNKNOWN STEP	2026-02-25T19:48:50.3682147Z [36;1m  -c '' \[0m
Linux Desktop Tests (6)	UNKNOWN STEP	2026-02-25T19:48:50.3682315Z [36;1m  -l '' \[0m
Linux Desktop Tests (6)	UNKNOWN STEP	2026-02-25T19:48:50.3682490Z [36;1m  -d 'default' \[0m
Linux Desktop Tests (6)	UNKNOWN STEP	2026-02-25T19:48:50.3682762Z [36;1m  -g 'https://github.com/flutter/flutter.git' \[0m
Linux Desktop Tests (6)	UNKNOWN STEP	2026-02-25T19:48:50.3683045Z [36;1m  stable[0m
Linux Desktop Tests (6)	UNKNOWN STEP	2026-02-25T19:48:50.3728118Z shell: /usr/bin/bash --noprofile --norc -e -o pipefail {0}
Linux Desktop Tests (6)	UNKNOWN STEP	2026-02-25T19:48:50.3728431Z env:
Linux Desktop Tests (6)	UNKNOWN STEP	2026-02-25T19:48:50.3728584Z   CACHE_VERSION: v1
Linux Desktop Tests (6)	UNKNOWN STEP	2026-02-25T19:48:50.3728763Z ##[endgroup]
Linux Desktop Tests (6)	UNKNOWN STEP	2026-02-25T19:48:50.6161886Z ##[group]Run actions/cache@v4
Linux Desktop Tests (6)	UNKNOWN STEP	2026-02-25T19:48:50.6162097Z with:
Linux Desktop Tests (6)	UNKNOWN STEP	2026-02-25T19:48:50.6162313Z   path: /opt/hostedtoolcache/flutter/stable-3.41.2-x64
Linux Desktop Tests (6)	UNKNOWN STEP	2026-02-25T19:48:50.6162753Z   key: flutter-linux-stable-3.41.2-x64-90673a4eef275d1a6692c26ac80d6d746d41a73a
Linux Desktop Tests (6)	UNKNOWN STEP	2026-02-25T19:48:50.6163159Z   enableCrossOsArchive: false
Linux Desktop Tests (6)	UNKNOWN STEP	2026-02-25T19:48:50.6163391Z   fail-on-cache-miss: false
Linux Desktop Tests (6)	UNKNOWN STEP	2026-02-25T19:48:50.6163602Z   lookup-only: false
Linux Desktop Tests (6)	UNKNOWN STEP	2026-02-25T19:48:50.6163788Z   save-always: false
Linux Desktop Tests (6)	UNKNOWN STEP	2026-02-25T19:48:50.6163955Z env:
Linux Desktop Tests (6)	UNKNOWN STEP	2026-02-25T19:48:50.6164109Z   CACHE_VERSION: v1
Linux Desktop Tests (6)	UNKNOWN STEP	2026-02-25T19:48:50.6164275Z ##[endgroup]
Linux Desktop Tests (6)	UNKNOWN STEP	2026-02-25T19:48:50.9503695Z Cache hit for: flutter-linux-stable-3.41.2-x64-90673a4eef275d1a6692c26ac80d6d746d41a73a
Linux Desktop Tests (6)	UNKNOWN STEP	2026-02-25T19:48:52.1618037Z Received 46137344 of 1665993529 (2.8%), 44.0 MBs/sec
Linux Desktop Tests (6)	UNKNOWN STEP	2026-02-25T19:48:53.1621861Z Received 130023424 of 1665993529 (7.8%), 62.0 MBs/sec
Linux Desktop Tests (6)	UNKNOWN STEP	2026-02-25T19:48:54.1613926Z Received 130023424 of 1665993529 (7.8%), 41.3 MBs/sec
Linux Desktop Tests (6)	UNKNOWN STEP	2026-02-25T19:48:55.1623668Z Received 130023424 of 1665993529 (7.8%), 31.0 MBs/sec
Linux Desktop Tests (6)	UNKNOWN STEP	2026-02-25T19:48:56.1624838Z Received 130023424 of 1665993529 (7.8%), 24.8 MBs/sec
Linux Desktop Tests (6)	UNKNOWN STEP	2026-02-25T19:48:57.1632243Z Received 264241152 of 1665993529 (15.9%), 42.0 MBs/sec
Linux Desktop Tests (6)	UNKNOWN STEP	2026-02-25T19:48:58.1629615Z Received 264241152 of 1665993529 (15.9%), 36.0 MBs/sec
Linux Desktop Tests (6)	UNKNOWN STEP	2026-02-25T19:48:59.1632254Z Received 385875968 of 1665993529 (23.2%), 46.0 MBs/sec
Linux Desktop Tests (6)	UNKNOWN STEP	2026-02-25T19:49:00.1636160Z Received 465567744 of 1665993529 (27.9%), 49.3 MBs/sec
Linux Desktop Tests (6)	UNKNOWN STEP	2026-02-25T19:49:01.1635868Z Received 603979776 of 1665993529 (36.3%), 57.6 MBs/sec
Linux Desktop Tests (6)	UNKNOWN STEP	2026-02-25T19:49:02.1630025Z Received 771751936 of 1665993529 (46.3%), 66.9 MBs/sec
Linux Desktop Tests (6)	UNKNOWN STEP	2026-02-25T19:49:03.1639994Z Received 864026624 of 1665993529 (51.9%), 68.6 MBs/sec
Linux Desktop Tests (6)	UNKNOWN STEP	2026-02-25T19:49:04.1641273Z Received 989855744 of 1665993529 (59.4%), 72.6 MBs/sec
Linux Desktop Tests (6)	UNKNOWN STEP	2026-02-25T19:49:05.1638671Z Received 1153433600 of 1665993529 (69.2%), 78.6 MBs/sec
Linux Desktop Tests (6)	UNKNOWN STEP	2026-02-25T19:49:06.1647083Z Received 1291845632 of 1665993529 (77.5%), 82.1 MBs/sec
Linux Desktop Tests (6)	UNKNOWN STEP	2026-02-25T19:49:07.1647463Z Received 1442840576 of 1665993529 (86.6%), 86.0 MBs/sec
Linux Desktop Tests (6)	UNKNOWN STEP	2026-02-25T19:49:08.1653871Z Received 1577058304 of 1665993529 (94.7%), 88.4 MBs/sec
Linux Desktop Tests (6)	UNKNOWN STEP	2026-02-25T19:49:08.8246592Z Received 1665993529 of 1665993529 (100.0%), 89.9 MBs/sec
Linux Desktop Tests (6)	UNKNOWN STEP	2026-02-25T19:49:08.8250411Z Cache Size: ~1589 MB (1665993529 B)
Linux Desktop Tests (6)	UNKNOWN STEP	2026-02-25T19:49:08.8368754Z [command]/usr/bin/tar -xf /home/runner/work/_temp/89e760bf-ccac-403b-b481-473001e95594/cache.tzst -P -C /home/runner/work/substitution/substitution --use-compress-program unzstd
Linux Desktop Tests (6)	UNKNOWN STEP	2026-02-25T19:49:13.8290383Z Cache restored successfully
Linux Desktop Tests (6)	UNKNOWN STEP	2026-02-25T19:49:14.5830615Z Cache restored from key: flutter-linux-stable-3.41.2-x64-90673a4eef275d1a6692c26ac80d6d746d41a73a
Linux Desktop Tests (6)	UNKNOWN STEP	2026-02-25T19:49:14.7063581Z ##[group]Run actions/cache@v4
Linux Desktop Tests (6)	UNKNOWN STEP	2026-02-25T19:49:14.7063817Z with:
Linux Desktop Tests (6)	UNKNOWN STEP	2026-02-25T19:49:14.7064019Z   path: /home/runner/.pub-cache
Linux Desktop Tests (6)	UNKNOWN STEP	2026-02-25T19:49:14.7064708Z   key: flutter-pub-linux-stable-3.41.2-x64-90673a4eef275d1a6692c26ac80d6d746d41a73a-fabacfc13d2b7e18a7fb2822593662b03764f624bf41fd351cdabec60fb27783
Linux Desktop Tests (6)	UNKNOWN STEP	2026-02-25T19:49:14.7065849Z   enableCrossOsArchive: false
Linux Desktop Tests (6)	UNKNOWN STEP	2026-02-25T19:49:14.7066107Z   fail-on-cache-miss: false
Linux Desktop Tests (6)	UNKNOWN STEP	2026-02-25T19:49:14.7066342Z   lookup-only: false
Linux Desktop Tests (6)	UNKNOWN STEP	2026-02-25T19:49:14.7066552Z   save-always: false
Linux Desktop Tests (6)	UNKNOWN STEP	2026-02-25T19:49:14.7066740Z env:
Linux Desktop Tests (6)	UNKNOWN STEP	2026-02-25T19:49:14.7066946Z   CACHE_VERSION: v1
Linux Desktop Tests (6)	UNKNOWN STEP	2026-02-25T19:49:14.7067143Z ##[endgroup]
Linux Desktop Tests (6)	UNKNOWN STEP	2026-02-25T19:49:15.0349069Z Cache hit for: flutter-pub-linux-stable-3.41.2-x64-90673a4eef275d1a6692c26ac80d6d746d41a73a-fabacfc13d2b7e18a7fb2822593662b03764f624bf41fd351cdabec60fb27783
Linux Desktop Tests (6)	UNKNOWN STEP	2026-02-25T19:49:16.2659200Z Received 41943040 of 133563121 (31.4%), 40.0 MBs/sec
Linux Desktop Tests (6)	UNKNOWN STEP	2026-02-25T19:49:16.9743284Z Received 133563121 of 133563121 (100.0%), 74.5 MBs/sec
Linux Desktop Tests (6)	UNKNOWN STEP	2026-02-25T19:49:16.9745987Z Cache Size: ~127 MB (133563121 B)
Linux Desktop Tests (6)	UNKNOWN STEP	2026-02-25T19:49:16.9853735Z [command]/usr/bin/tar -xf /home/runner/work/_temp/d7a29bbb-1d4d-4ef3-a18f-24011d4a5a6c/cache.tzst -P -C /home/runner/work/substitution/substitution --use-compress-program unzstd
Linux Desktop Tests (6)	UNKNOWN STEP	2026-02-25T19:49:18.5212076Z Cache restored successfully
Linux Desktop Tests (6)	UNKNOWN STEP	2026-02-25T19:49:18.5577254Z Cache restored from key: flutter-pub-linux-stable-3.41.2-x64-90673a4eef275d1a6692c26ac80d6d746d41a73a-fabacfc13d2b7e18a7fb2822593662b03764f624bf41fd351cdabec60fb27783
Linux Desktop Tests (6)	UNKNOWN STEP	2026-02-25T19:49:18.5706244Z ##[group]Run $GITHUB_ACTION_PATH/setup.sh \
Linux Desktop Tests (6)	UNKNOWN STEP	2026-02-25T19:49:18.5706595Z [36;1m$GITHUB_ACTION_PATH/setup.sh \[0m
Linux Desktop Tests (6)	UNKNOWN STEP	2026-02-25T19:49:18.5706862Z [36;1m  -n '3.41.2' \[0m
Linux Desktop Tests (6)	UNKNOWN STEP	2026-02-25T19:49:18.5707071Z [36;1m  -a 'x64' \[0m
Linux Desktop Tests (6)	UNKNOWN STEP	2026-02-25T19:49:18.5707350Z [36;1m  -c '/opt/hostedtoolcache/flutter/stable-3.41.2-x64' \[0m
Linux Desktop Tests (6)	UNKNOWN STEP	2026-02-25T19:49:18.5707695Z [36;1m  -d '/home/runner/.pub-cache' \[0m
Linux Desktop Tests (6)	UNKNOWN STEP	2026-02-25T19:49:18.5707957Z [36;1m  stable[0m
Linux Desktop Tests (6)	UNKNOWN STEP	2026-02-25T19:49:18.5755866Z shell: /usr/bin/bash --noprofile --norc -e -o pipefail {0}
Linux Desktop Tests (6)	UNKNOWN STEP	2026-02-25T19:49:18.5756185Z env:
Linux Desktop Tests (6)	UNKNOWN STEP	2026-02-25T19:49:18.5756355Z   CACHE_VERSION: v1
Linux Desktop Tests (6)	UNKNOWN STEP	2026-02-25T19:49:18.5756537Z ##[endgroup]
Linux Desktop Tests (6)	UNKNOWN STEP	2026-02-25T19:49:18.8129201Z ##[group]Run flutter precache --linux
Linux Desktop Tests (6)	UNKNOWN STEP	2026-02-25T19:49:18.8129531Z [36;1mflutter precache --linux[0m
Linux Desktop Tests (6)	UNKNOWN STEP	2026-02-25T19:49:18.8129782Z [36;1mflutter pub get[0m
Linux Desktop Tests (6)	UNKNOWN STEP	2026-02-25T19:49:18.8179753Z shell: /usr/bin/bash -e {0}
Linux Desktop Tests (6)	UNKNOWN STEP	2026-02-25T19:49:18.8179991Z env:
Linux Desktop Tests (6)	UNKNOWN STEP	2026-02-25T19:49:18.8180160Z   CACHE_VERSION: v1
Linux Desktop Tests (6)	UNKNOWN STEP	2026-02-25T19:49:18.8180448Z   FLUTTER_ROOT: /opt/hostedtoolcache/flutter/stable-3.41.2-x64
Linux Desktop Tests (6)	UNKNOWN STEP	2026-02-25T19:49:18.8180962Z   PUB_CACHE: /home/runner/.pub-cache
Linux Desktop Tests (6)	UNKNOWN STEP	2026-02-25T19:49:18.8181203Z ##[endgroup]
Linux Desktop Tests (6)	UNKNOWN STEP	2026-02-25T19:49:19.3391569Z Resolving dependencies...
Linux Desktop Tests (6)	UNKNOWN STEP	2026-02-25T19:49:19.7149061Z Downloading packages...
Linux Desktop Tests (6)	UNKNOWN STEP	2026-02-25T19:49:19.7953964Z   _fe_analyzer_shared 91.0.0 (96.0.0 available)
Linux Desktop Tests (6)	UNKNOWN STEP	2026-02-25T19:49:19.7954495Z   analyzer 8.4.1 (10.2.0 available)
Linux Desktop Tests (6)	UNKNOWN STEP	2026-02-25T19:49:19.7954935Z > characters 1.4.1 (was 1.4.0)
Linux Desktop Tests (6)	UNKNOWN STEP	2026-02-25T19:49:19.7955521Z > matcher 0.12.18 (was 0.12.17)
Linux Desktop Tests (6)	UNKNOWN STEP	2026-02-25T19:49:19.7955945Z > material_color_utilities 0.13.0 (was 0.11.1)
Linux Desktop Tests (6)	UNKNOWN STEP	2026-02-25T19:49:19.7956615Z   meta 1.17.0 (1.18.1 available)
Linux Desktop Tests (6)	UNKNOWN STEP	2026-02-25T19:49:19.7957046Z   sqflite_common_ffi 2.3.7+1 (2.4.0+2 available)
Linux Desktop Tests (6)	UNKNOWN STEP	2026-02-25T19:49:19.7957498Z   sqlite3 2.9.4 (3.1.6 available)
Linux Desktop Tests (6)	UNKNOWN STEP	2026-02-25T19:49:19.7957880Z > test_api 0.7.9 (was 0.7.7)
Linux Desktop Tests (6)	UNKNOWN STEP	2026-02-25T19:49:19.7958250Z > test_core 0.6.15 (was 0.6.12)
Linux Desktop Tests (6)	UNKNOWN STEP	2026-02-25T19:49:19.7958625Z   unorm_dart 0.2.0 (0.3.2 available)
Linux Desktop Tests (6)	UNKNOWN STEP	2026-02-25T19:49:19.7959014Z   win32 5.15.0 (6.0.0 available)
Linux Desktop Tests (6)	UNKNOWN STEP	2026-02-25T19:49:19.7959426Z Changed 5 dependencies!
Linux Desktop Tests (6)	UNKNOWN STEP	2026-02-25T19:49:19.7964431Z 7 packages have newer versions incompatible with dependency constraints.
Linux Desktop Tests (6)	UNKNOWN STEP	2026-02-25T19:49:19.7965300Z Try `flutter pub outdated` for more information.
Linux Desktop Tests (6)	UNKNOWN STEP	2026-02-25T19:49:20.6466143Z ##[group]Run flutter config --enable-linux-desktop
Linux Desktop Tests (6)	UNKNOWN STEP	2026-02-25T19:49:20.6466595Z [36;1mflutter config --enable-linux-desktop[0m
Linux Desktop Tests (6)	UNKNOWN STEP	2026-02-25T19:49:20.6514204Z shell: /usr/bin/bash -e {0}
Linux Desktop Tests (6)	UNKNOWN STEP	2026-02-25T19:49:20.6514456Z env:
Linux Desktop Tests (6)	UNKNOWN STEP	2026-02-25T19:49:20.6514644Z   CACHE_VERSION: v1
Linux Desktop Tests (6)	UNKNOWN STEP	2026-02-25T19:49:20.6514943Z   FLUTTER_ROOT: /opt/hostedtoolcache/flutter/stable-3.41.2-x64
Linux Desktop Tests (6)	UNKNOWN STEP	2026-02-25T19:49:20.6515436Z   PUB_CACHE: /home/runner/.pub-cache
Linux Desktop Tests (6)	UNKNOWN STEP	2026-02-25T19:49:20.6515717Z ##[endgroup]
Linux Desktop Tests (6)	UNKNOWN STEP	2026-02-25T19:49:20.8470744Z Setting "enable-linux-desktop" value to "true".
Linux Desktop Tests (6)	UNKNOWN STEP	2026-02-25T19:49:20.8471406Z 
Linux Desktop Tests (6)	UNKNOWN STEP	2026-02-25T19:49:20.8471802Z You may need to restart any open editors for them to read new settings.
Linux Desktop Tests (6)	UNKNOWN STEP	2026-02-25T19:49:20.8557675Z ##[group]Run docker compose up -d postgres matrix-synapse redis
Linux Desktop Tests (6)	UNKNOWN STEP	2026-02-25T19:49:20.8558184Z [36;1mdocker compose up -d postgres matrix-synapse redis[0m
Linux Desktop Tests (6)	UNKNOWN STEP	2026-02-25T19:49:20.8558509Z [36;1msleep 10[0m
Linux Desktop Tests (6)	UNKNOWN STEP	2026-02-25T19:49:20.8558743Z [36;1mdocker compose run --rm matrix-init[0m
Linux Desktop Tests (6)	UNKNOWN STEP	2026-02-25T19:49:20.8559319Z [36;1mtimeout 60 bash -c 'until curl -sf http://localhost:8008/_matrix/client/versions > /dev/null 2>&1; do sleep 2; done'[0m
Linux Desktop Tests (6)	UNKNOWN STEP	2026-02-25T19:49:20.8613074Z shell: /usr/bin/bash -e {0}
Linux Desktop Tests (6)	UNKNOWN STEP	2026-02-25T19:49:20.8613441Z env:
Linux Desktop Tests (6)	UNKNOWN STEP	2026-02-25T19:49:20.8613711Z   CACHE_VERSION: v1
Linux Desktop Tests (6)	UNKNOWN STEP	2026-02-25T19:49:20.8614164Z   FLUTTER_ROOT: /opt/hostedtoolcache/flutter/stable-3.41.2-x64
Linux Desktop Tests (6)	UNKNOWN STEP	2026-02-25T19:49:20.8614755Z   PUB_CACHE: /home/runner/.pub-cache
Linux Desktop Tests (6)	UNKNOWN STEP	2026-02-25T19:49:20.8615299Z ##[endgroup]
Linux Desktop Tests (6)	UNKNOWN STEP	2026-02-25T19:49:21.4284788Z time="2026-02-25T19:49:21Z" level=warning msg="/home/runner/work/substitution/substitution/docker-compose.yml: the attribute `version` is obsolete, it will be ignored, please remove it to avoid potential confusion"
Linux Desktop Tests (6)	UNKNOWN STEP	2026-02-25T19:49:21.4371970Z  dex Pulling 
Linux Desktop Tests (6)	UNKNOWN STEP	2026-02-25T19:49:21.4372366Z  redis Pulling 
Linux Desktop Tests (6)	UNKNOWN STEP	2026-02-25T19:49:21.4372665Z  matrix-synapse Pulling 
Linux Desktop Tests (6)	UNKNOWN STEP	2026-02-25T19:49:21.4372932Z  postgres Pulling 
Linux Desktop Tests (6)	UNKNOWN STEP	2026-02-25T19:49:22.2871499Z  0c8d55a45c0d Pulling fs layer 
Linux Desktop Tests (6)	UNKNOWN STEP	2026-02-25T19:49:22.2872045Z  03af238a5946 Pulling fs layer 
Linux Desktop Tests (6)	UNKNOWN STEP	2026-02-25T19:49:22.2872579Z  686599c79c87 Pulling fs layer 
Linux Desktop Tests (6)	UNKNOWN STEP	2026-02-25T19:49:22.2872816Z  f1cadbd7abd2 Pulling fs layer 
Linux Desktop Tests (6)	UNKNOWN STEP	2026-02-25T19:49:22.2873045Z  3ee96ea8e5d2 Pulling fs layer 
Linux Desktop Tests (6)	UNKNOWN STEP	2026-02-25T19:49:22.2873270Z  a954d256f742 Pulling fs layer 
Linux Desktop Tests (6)	UNKNOWN STEP	2026-02-25T19:49:22.2873494Z  c7ce85987d6d Pulling fs layer 
Linux Desktop Tests (6)	UNKNOWN STEP	2026-02-25T19:49:22.2873725Z  7807da78b90b Pulling fs layer 
Linux Desktop Tests (6)	UNKNOWN STEP	2026-02-25T19:49:22.2873943Z  0478cd5c1079 Pulling fs layer 
Linux Desktop Tests (6)	UNKNOWN STEP	2026-02-25T19:49:22.2874156Z  3a02ac06be95 Pulling fs layer 
Linux Desktop Tests (6)	UNKNOWN STEP	2026-02-25T19:49:22.2874370Z  f1cadbd7abd2 Waiting 
Linux Desktop Tests (6)	UNKNOWN STEP	2026-02-25T19:49:22.2874567Z  7807da78b90b Waiting 
Linux Desktop Tests (6)	UNKNOWN STEP	2026-02-25T19:49:22.2874751Z  3ee96ea8e5d2 Waiting 
Linux Desktop Tests (6)	UNKNOWN STEP	2026-02-25T19:49:22.2874954Z  0478cd5c1079 Waiting 
Linux Desktop Tests (6)	UNKNOWN STEP	2026-02-25T19:49:22.2875373Z  a954d256f742 Waiting 
Linux Desktop Tests (6)	UNKNOWN STEP	2026-02-25T19:49:22.2875808Z  3a02ac06be95 Waiting 
Linux Desktop Tests (6)	UNKNOWN STEP	2026-02-25T19:49:22.3179969Z  bc1da058f299 Pulling fs layer 
Linux Desktop Tests (6)	UNKNOWN STEP	2026-02-25T19:49:22.3180433Z  09a5a0c32a23 Pulling fs layer 
Linux Desktop Tests (6)	UNKNOWN STEP	2026-02-25T19:49:22.3180860Z  bd53938b1271 Pulling fs layer 
Linux Desktop Tests (6)	UNKNOWN STEP	2026-02-25T19:49:22.3181245Z  9fe3744a2eac Pulling fs layer 
Linux Desktop Tests (6)	UNKNOWN STEP	2026-02-25T19:49:22.3181653Z  bc1da058f299 Waiting 
Linux Desktop Tests (6)	UNKNOWN STEP	2026-02-25T19:49:22.3182018Z  7ad54b3c4cef Pulling fs layer 
Linux Desktop Tests (6)	UNKNOWN STEP	2026-02-25T19:49:22.3182419Z  2a97533d89ca Pulling fs layer 
Linux Desktop Tests (6)	UNKNOWN STEP	2026-02-25T19:49:22.3182857Z  09a5a0c32a23 Waiting 
Linux Desktop Tests (6)	UNKNOWN STEP	2026-02-25T19:49:22.3183105Z  bd53938b1271 Waiting 
Linux Desktop Tests (6)	UNKNOWN STEP	2026-02-25T19:49:22.3183317Z  4f4fb700ef54 Pulling fs layer 
Linux Desktop Tests (6)	UNKNOWN STEP	2026-02-25T19:49:22.3183649Z  9fe3744a2eac Waiting 
Linux Desktop Tests (6)	UNKNOWN STEP	2026-02-25T19:49:22.3183978Z  1c2c8d1ee428 Pulling fs layer 
Linux Desktop Tests (6)	UNKNOWN STEP	2026-02-25T19:49:22.3184379Z  7ad54b3c4cef Waiting 
Linux Desktop Tests (6)	UNKNOWN STEP	2026-02-25T19:49:22.3184725Z  2a97533d89ca Waiting 
Linux Desktop Tests (6)	UNKNOWN STEP	2026-02-25T19:49:22.3185197Z  4f4fb700ef54 Waiting 
Linux Desktop Tests (6)	UNKNOWN STEP	2026-02-25T19:49:22.3185458Z  1c2c8d1ee428 Waiting 
Linux Desktop Tests (6)	UNKNOWN STEP	2026-02-25T19:49:22.3359612Z  589002ba0eae Pulling fs layer 
Linux Desktop Tests (6)	UNKNOWN STEP	2026-02-25T19:49:22.3360487Z  5ffb427686b6 Pulling fs layer 
Linux Desktop Tests (6)	UNKNOWN STEP	2026-02-25T19:49:22.3360897Z  630177b00352 Pulling fs layer 
Linux Desktop Tests (6)	UNKNOWN STEP	2026-02-25T19:49:22.3361288Z  6c18ff1f33d0 Pulling fs layer 
Linux Desktop Tests (6)	UNKNOWN STEP	2026-02-25T19:49:22.3361673Z  13e46e455d3b Pulling fs layer 
Linux Desktop Tests (6)	UNKNOWN STEP	2026-02-25T19:49:22.3362068Z  b4403f29458a Pulling fs layer 
Linux Desktop Tests (6)	UNKNOWN STEP	2026-02-25T19:49:22.3362455Z  40aaa75af6ce Pulling fs layer 
Linux Desktop Tests (6)	UNKNOWN STEP	2026-02-25T19:49:22.3362839Z  162bdab1e0a7 Pulling fs layer 
Linux Desktop Tests (6)	UNKNOWN STEP	2026-02-25T19:49:22.3363222Z  ebff7b0ec73e Pulling fs layer 
Linux Desktop Tests (6)	UNKNOWN STEP	2026-02-25T19:49:22.3363583Z  5ffb427686b6 Waiting 
Linux Desktop Tests (6)	UNKNOWN STEP	2026-02-25T19:49:22.3363941Z  c02179436571 Pulling fs layer 
Linux Desktop Tests (6)	UNKNOWN STEP	2026-02-25T19:49:22.3364334Z  8243369e9866 Pulling fs layer 
Linux Desktop Tests (6)	UNKNOWN STEP	2026-02-25T19:49:22.3364569Z  589002ba0eae Waiting 
Linux Desktop Tests (6)	UNKNOWN STEP	2026-02-25T19:49:22.3364761Z  630177b00352 Waiting 
Linux Desktop Tests (6)	UNKNOWN STEP	2026-02-25T19:49:22.3365217Z  6c18ff1f33d0 Waiting 
Linux Desktop Tests (6)	UNKNOWN STEP	2026-02-25T19:49:22.3365445Z  13e46e455d3b Waiting 
Linux Desktop Tests (6)	UNKNOWN STEP	2026-02-25T19:49:22.3365631Z  ebff7b0ec73e Waiting 
Linux Desktop Tests (6)	UNKNOWN STEP	2026-02-25T19:49:22.3366160Z  b4403f29458a Waiting 
Linux Desktop Tests (6)	UNKNOWN STEP	2026-02-25T19:49:22.3366524Z  c02179436571 Waiting 
Linux Desktop Tests (6)	UNKNOWN STEP	2026-02-25T19:49:22.3366812Z  40aaa75af6ce Waiting 
Linux Desktop Tests (6)	UNKNOWN STEP	2026-02-25T19:49:22.3367148Z  8243369e9866 Waiting 
Linux Desktop Tests (6)	UNKNOWN STEP	2026-02-25T19:49:22.3367339Z  162bdab1e0a7 Waiting 
Linux Desktop Tests (6)	UNKNOWN STEP	2026-02-25T19:49:22.3519003Z  d25f557d7f31 Pulling fs layer 
Linux Desktop Tests (6)	UNKNOWN STEP	2026-02-25T19:49:22.3519473Z  9acd5b82521c Pulling fs layer 
Linux Desktop Tests (6)	UNKNOWN STEP	2026-02-25T19:49:22.3519953Z  10d78728ec4d Pulling fs layer 
Linux Desktop Tests (6)	UNKNOWN STEP	2026-02-25T19:49:22.3520358Z  e0d49f520b92 Pulling fs layer 
Linux Desktop Tests (6)	UNKNOWN STEP	2026-02-25T19:49:22.3520733Z  5de905603ac5 Pulling fs layer 
Linux Desktop Tests (6)	UNKNOWN STEP	2026-02-25T19:49:22.3521118Z  9acd5b82521c Waiting 
Linux Desktop Tests (6)	UNKNOWN STEP	2026-02-25T19:49:22.3521476Z  808bb02340fa Pulling fs layer 
Linux Desktop Tests (6)	UNKNOWN STEP	2026-02-25T19:49:22.3521735Z  d25f557d7f31 Waiting 
Linux Desktop Tests (6)	UNKNOWN STEP	2026-02-25T19:49:22.3521934Z  c0970b69197c Pulling fs layer 
Linux Desktop Tests (6)	UNKNOWN STEP	2026-02-25T19:49:22.3522168Z  10d78728ec4d Waiting 
Linux Desktop Tests (6)	UNKNOWN STEP	2026-02-25T19:49:22.3522368Z  9de5f206730a Pulling fs layer 
Linux Desktop Tests (6)	UNKNOWN STEP	2026-02-25T19:49:22.3522582Z  e0d49f520b92 Waiting 
Linux Desktop Tests (6)	UNKNOWN STEP	2026-02-25T19:49:22.3522764Z  5de905603ac5 Waiting 
Linux Desktop Tests (6)	UNKNOWN STEP	2026-02-25T19:49:22.3522960Z  24e28b7dc0a2 Pulling fs layer 
Linux Desktop Tests (6)	UNKNOWN STEP	2026-02-25T19:49:22.3523194Z  808bb02340fa Waiting 
Linux Desktop Tests (6)	UNKNOWN STEP	2026-02-25T19:49:22.3523408Z  830180cf89a8 Pulling fs layer 
Linux Desktop Tests (6)	UNKNOWN STEP	2026-02-25T19:49:22.3523635Z  c0970b69197c Waiting 
Linux Desktop Tests (6)	UNKNOWN STEP	2026-02-25T19:49:22.3523830Z  9de5f206730a Waiting 
Linux Desktop Tests (6)	UNKNOWN STEP	2026-02-25T19:49:22.3524013Z  24e28b7dc0a2 Waiting 
Linux Desktop Tests (6)	UNKNOWN STEP	2026-02-25T19:49:22.3524200Z  830180cf89a8 Waiting 
Linux Desktop Tests (6)	UNKNOWN STEP	2026-02-25T19:49:22.5390583Z  03af238a5946 Downloading [>                                                  ]   13.5kB/1.293MB
Linux Desktop Tests (6)	UNKNOWN STEP	2026-02-25T19:49:22.5414748Z  686599c79c87 Downloading [>                                                  ]  122.1kB/11.8MB
Linux Desktop Tests (6)	UNKNOWN STEP	2026-02-25T19:49:22.5864860Z  0c8d55a45c0d Downloading [>                                                  ]  298.8kB/29.78MB
Linux Desktop Tests (6)	UNKNOWN STEP	2026-02-25T19:49:22.6239537Z  03af238a5946 Verifying Checksum 
Linux Desktop Tests (6)	UNKNOWN STEP	2026-02-25T19:49:22.6240671Z  03af238a5946 Download complete 
Linux Desktop Tests (6)	UNKNOWN STEP	2026-02-25T19:49:22.6499148Z  686599c79c87 Downloading [=================>                                 ]  4.143MB/11.8MB
Linux Desktop Tests (6)	UNKNOWN STEP	2026-02-25T19:49:22.6914112Z  0c8d55a45c0d Downloading [==========>                                        ]  6.504MB/29.78MB
Linux Desktop Tests (6)	UNKNOWN STEP	2026-02-25T19:49:22.7449955Z  686599c79c87 Verifying Checksum 
Linux Desktop Tests (6)	UNKNOWN STEP	2026-02-25T19:49:22.7450866Z  686599c79c87 Download complete 
Linux Desktop Tests (6)	UNKNOWN STEP	2026-02-25T19:49:22.7928925Z  0c8d55a45c0d Downloading [=================================>                 ]  19.74MB/29.78MB
Linux Desktop Tests (6)	UNKNOWN STEP	2026-02-25T19:49:22.8487983Z  0c8d55a45c0d Verifying Checksum 
Linux Desktop Tests (6)	UNKNOWN STEP	2026-02-25T19:49:22.8489192Z  0c8d55a45c0d Download complete 
Linux Desktop Tests (6)	UNKNOWN STEP	2026-02-25T19:49:22.8791222Z  f1cadbd7abd2 Downloading [==================================================>]     252B/252B
Linux Desktop Tests (6)	UNKNOWN STEP	2026-02-25T19:49:22.8792368Z  f1cadbd7abd2 Verifying Checksum 
Linux Desktop Tests (6)	UNKNOWN STEP	2026-02-25T19:49:22.8793058Z  f1cadbd7abd2 Download complete 
Linux Desktop Tests (6)	UNKNOWN STEP	2026-02-25T19:49:22.8897184Z  0c8d55a45c0d Extracting [>                                                  ]  327.7kB/29.78MB
Linux Desktop Tests (6)	UNKNOWN STEP	2026-02-25T19:49:22.9901451Z  0c8d55a45c0d Extracting [===========>                                       ]  6.554MB/29.78MB
Linux Desktop Tests (6)	UNKNOWN STEP	2026-02-25T19:49:23.0518206Z  3ee96ea8e5d2 Download complete 
Linux Desktop Tests (6)	UNKNOWN STEP	2026-02-25T19:49:23.1012834Z  0c8d55a45c0d Extracting [==================>                                ]  10.81MB/29.78MB
Linux Desktop Tests (6)	UNKNOWN STEP	2026-02-25T19:49:23.1120058Z  c7ce85987d6d Downloading [==>                                                ]     719B/13.29kB
Linux Desktop Tests (6)	UNKNOWN STEP	2026-02-25T19:49:23.1127402Z  c7ce85987d6d Downloading [==================================================>]  13.29kB/13.29kB
Linux Desktop Tests (6)	UNKNOWN STEP	2026-02-25T19:49:23.1128387Z  c7ce85987d6d Verifying Checksum 
Linux Desktop Tests (6)	UNKNOWN STEP	2026-02-25T19:49:23.1128860Z  c7ce85987d6d Download complete 
Linux Desktop Tests (6)	UNKNOWN STEP	2026-02-25T19:49:23.1239325Z  a954d256f742 Downloading [>                                                  ]  219.9kB/21.98MB
Linux Desktop Tests (6)	UNKNOWN STEP	2026-02-25T19:49:23.2025576Z  0c8d55a45c0d Extracting [==========================>                        ]  15.73MB/29.78MB
Linux Desktop Tests (6)	UNKNOWN STEP	2026-02-25T19:49:23.2239671Z  a954d256f742 Downloading [===================>                               ]  8.454MB/21.98MB
Linux Desktop Tests (6)	UNKNOWN STEP	2026-02-25T19:49:23.3039144Z  0c8d55a45c0d Extracting [=======================================>           ]  23.27MB/29.78MB
Linux Desktop Tests (6)	UNKNOWN STEP	2026-02-25T19:49:23.3207882Z  a954d256f742 Verifying Checksum 
Linux Desktop Tests (6)	UNKNOWN STEP	2026-02-25T19:49:23.3208504Z  a954d256f742 Download complete 
Linux Desktop Tests (6)	UNKNOWN STEP	2026-02-25T19:49:23.3601677Z  0478cd5c1079 Downloading [==========>                                        ]     720B/3.507kB
Linux Desktop Tests (6)	UNKNOWN STEP	2026-02-25T19:49:23.3603990Z  0478cd5c1079 Downloading [==================================================>]  3.507kB/3.507kB
Linux Desktop Tests (6)	UNKNOWN STEP	2026-02-25T19:49:23.3604919Z  0478cd5c1079 Verifying Checksum 
Linux Desktop Tests (6)	UNKNOWN STEP	2026-02-25T19:49:23.3606941Z  0478cd5c1079 Download complete 
Linux Desktop Tests (6)	UNKNOWN STEP	2026-02-25T19:49:23.3758655Z  7807da78b90b Downloading [>                                                  ]  470.2kB/45.54MB
Linux Desktop Tests (6)	UNKNOWN STEP	2026-02-25T19:49:23.4773218Z  7807da78b90b Downloading [===========>                                       ]  10.67MB/45.54MB
Linux Desktop Tests (6)	UNKNOWN STEP	2026-02-25T19:49:23.5117402Z  0c8d55a45c0d Extracting [============================================>      ]  26.21MB/29.78MB
Linux Desktop Tests (6)	UNKNOWN STEP	2026-02-25T19:49:23.5569966Z  3a02ac06be95 Downloading [==========>                                        ]     720B/3.462kB
Linux Desktop Tests (6)	UNKNOWN STEP	2026-02-25T19:49:23.5578156Z  3a02ac06be95 Download complete 
Linux Desktop Tests (6)	UNKNOWN STEP	2026-02-25T19:49:23.5788728Z  7807da78b90b Downloading [================================>                  ]  29.23MB/45.54MB
Linux Desktop Tests (6)	UNKNOWN STEP	2026-02-25T19:49:23.6177824Z  0c8d55a45c0d Extracting [===============================================>   ]  28.51MB/29.78MB
Linux Desktop Tests (6)	UNKNOWN STEP	2026-02-25T19:49:23.6826457Z  7807da78b90b Downloading [==============================================>    ]  42.67MB/45.54MB
Linux Desktop Tests (6)	UNKNOWN STEP	2026-02-25T19:49:23.7052474Z  7807da78b90b Verifying Checksum 
Linux Desktop Tests (6)	UNKNOWN STEP	2026-02-25T19:49:23.7053012Z  7807da78b90b Download complete 
Linux Desktop Tests (6)	UNKNOWN STEP	2026-02-25T19:49:23.7966319Z  0c8d55a45c0d Extracting [================================================>  ]  29.16MB/29.78MB
Linux Desktop Tests (6)	UNKNOWN STEP	2026-02-25T19:49:23.7976304Z  bc1da058f299 Downloading [>                                                  ]   36.8kB/3.644MB
Linux Desktop Tests (6)	UNKNOWN STEP	2026-02-25T19:49:23.8353885Z  09a5a0c32a23 Downloading [======================================>            ]     721B/948B
Linux Desktop Tests (6)	UNKNOWN STEP	2026-02-25T19:49:23.8354765Z  09a5a0c32a23 Downloading [==================================================>]     948B/948B
Linux Desktop Tests (6)	UNKNOWN STEP	2026-02-25T19:49:23.8357527Z  09a5a0c32a23 Verifying Checksum 
Linux Desktop Tests (6)	UNKNOWN STEP	2026-02-25T19:49:23.8357960Z  09a5a0c32a23 Download complete 
Linux Desktop Tests (6)	UNKNOWN STEP	2026-02-25T19:49:23.8926014Z  0c8d55a45c0d Extracting [==================================================>]  29.78MB/29.78MB
Linux Desktop Tests (6)	UNKNOWN STEP	2026-02-25T19:49:23.8979829Z  bc1da058f299 Downloading [================================>                  ]  2.388MB/3.644MB
Linux Desktop Tests (6)	UNKNOWN STEP	2026-02-25T19:49:23.9112542Z  bc1da058f299 Verifying Checksum 
Linux Desktop Tests (6)	UNKNOWN STEP	2026-02-25T19:49:23.9113672Z  bc1da058f299 Download complete 
Linux Desktop Tests (6)	UNKNOWN STEP	2026-02-25T19:49:23.9127180Z  bc1da058f299 Extracting [>                                                  ]  65.54kB/3.644MB
Linux Desktop Tests (6)	UNKNOWN STEP	2026-02-25T19:49:23.9178554Z  0c8d55a45c0d Pull complete 
Linux Desktop Tests (6)	UNKNOWN STEP	2026-02-25T19:49:23.9199306Z  03af238a5946 Extracting [=>                                                 ]  32.77kB/1.293MB
Linux Desktop Tests (6)	UNKNOWN STEP	2026-02-25T19:49:23.9376326Z  bd53938b1271 Downloading [>                                                  ]  2.087kB/173.4kB
Linux Desktop Tests (6)	UNKNOWN STEP	2026-02-25T19:49:23.9732222Z  bd53938b1271 Verifying Checksum 
Linux Desktop Tests (6)	UNKNOWN STEP	2026-02-25T19:49:23.9732677Z  bd53938b1271 Download complete 
Linux Desktop Tests (6)	UNKNOWN STEP	2026-02-25T19:49:24.0130108Z  bc1da058f299 Extracting [==================================>                ]   2.49MB/3.644MB
Linux Desktop Tests (6)	UNKNOWN STEP	2026-02-25T19:49:24.0258968Z  03af238a5946 Extracting [==================================>                ]  884.7kB/1.293MB
Linux Desktop Tests (6)	UNKNOWN STEP	2026-02-25T19:49:24.0282607Z  bc1da058f299 Extracting [==================================================>]  3.644MB/3.644MB
Linux Desktop Tests (6)	UNKNOWN STEP	2026-02-25T19:49:24.0287786Z  bc1da058f299 Extracting [==================================================>]  3.644MB/3.644MB
Linux Desktop Tests (6)	UNKNOWN STEP	2026-02-25T19:49:24.0569247Z  bc1da058f299 Pull complete 
Linux Desktop Tests (6)	UNKNOWN STEP	2026-02-25T19:49:24.0590287Z  09a5a0c32a23 Extracting [==================================================>]     948B/948B
Linux Desktop Tests (6)	UNKNOWN STEP	2026-02-25T19:49:24.0596550Z  09a5a0c32a23 Extracting [==================================================>]     948B/948B
Linux Desktop Tests (6)	UNKNOWN STEP	2026-02-25T19:49:24.0758289Z  03af238a5946 Extracting [==================================================>]  1.293MB/1.293MB
Linux Desktop Tests (6)	UNKNOWN STEP	2026-02-25T19:49:24.0767518Z  03af238a5946 Extracting [==================================================>]  1.293MB/1.293MB
Linux Desktop Tests (6)	UNKNOWN STEP	2026-02-25T19:49:24.0965836Z  9fe3744a2eac Downloading [>                                                  ]   10.3kB/1.003MB
Linux Desktop Tests (6)	UNKNOWN STEP	2026-02-25T19:49:24.1725695Z  9fe3744a2eac Downloading [==================================================>]  1.003MB/1.003MB
Linux Desktop Tests (6)	UNKNOWN STEP	2026-02-25T19:49:24.1726483Z  9fe3744a2eac Verifying Checksum 
Linux Desktop Tests (6)	UNKNOWN STEP	2026-02-25T19:49:24.1726971Z  9fe3744a2eac Download complete 
Linux Desktop Tests (6)	UNKNOWN STEP	2026-02-25T19:49:24.1889972Z  7ad54b3c4cef Downloading [>                                                  ]  126.5kB/12.41MB
Linux Desktop Tests (6)	UNKNOWN STEP	2026-02-25T19:49:24.2442831Z  2a97533d89ca Downloading [==================================================>]     100B/100B
Linux Desktop Tests (6)	UNKNOWN STEP	2026-02-25T19:49:24.2443979Z  2a97533d89ca Download complete 
Linux Desktop Tests (6)	UNKNOWN STEP	2026-02-25T19:49:24.2892899Z  7ad54b3c4cef Downloading [======================>                            ]  5.623MB/12.41MB
Linux Desktop Tests (6)	UNKNOWN STEP	2026-02-25T19:49:24.3202675Z  7ad54b3c4cef Verifying Checksum 
Linux Desktop Tests (6)	UNKNOWN STEP	2026-02-25T19:49:24.3203466Z  7ad54b3c4cef Download complete 
Linux Desktop Tests (6)	UNKNOWN STEP	2026-02-25T19:49:24.4467538Z  4f4fb700ef54 Downloading [==================================================>]      32B/32B
Linux Desktop Tests (6)	UNKNOWN STEP	2026-02-25T19:49:24.4468455Z  4f4fb700ef54 Verifying Checksum 
Linux Desktop Tests (6)	UNKNOWN STEP	2026-02-25T19:49:24.4468889Z  4f4fb700ef54 Download complete 
Linux Desktop Tests (6)	UNKNOWN STEP	2026-02-25T19:49:24.5631690Z  589002ba0eae Downloading [>                                                  ]  39.05kB/3.862MB
Linux Desktop Tests (6)	UNKNOWN STEP	2026-02-25T19:49:24.5642887Z  1c2c8d1ee428 Downloading [==================================================>]     576B/576B
Linux Desktop Tests (6)	UNKNOWN STEP	2026-02-25T19:49:24.5643608Z  1c2c8d1ee428 Verifying Checksum 
Linux Desktop Tests (6)	UNKNOWN STEP	2026-02-25T19:49:24.5644106Z  1c2c8d1ee428 Download complete 
Linux Desktop Tests (6)	UNKNOWN STEP	2026-02-25T19:49:24.6635635Z  589002ba0eae Downloading [=================================>                 ]  2.604MB/3.862MB
Linux Desktop Tests (6)	UNKNOWN STEP	2026-02-25T19:49:24.6722249Z  5ffb427686b6 Downloading [=====================================>             ]     721B/972B
Linux Desktop Tests (6)	UNKNOWN STEP	2026-02-25T19:49:24.6723360Z  5ffb427686b6 Downloading [==================================================>]     972B/972B
Linux Desktop Tests (6)	UNKNOWN STEP	2026-02-25T19:49:24.6726786Z  5ffb427686b6 Verifying Checksum 
Linux Desktop Tests (6)	UNKNOWN STEP	2026-02-25T19:49:24.6727248Z  5ffb427686b6 Download complete 
Linux Desktop Tests (6)	UNKNOWN STEP	2026-02-25T19:49:24.6733498Z  589002ba0eae Verifying Checksum 
Linux Desktop Tests (6)	UNKNOWN STEP	2026-02-25T19:49:24.6735177Z  589002ba0eae Download complete 
Linux Desktop Tests (6)	UNKNOWN STEP	2026-02-25T19:49:24.6741087Z  589002ba0eae Extracting [>                                                  ]  65.54kB/3.862MB
Linux Desktop Tests (6)	UNKNOWN STEP	2026-02-25T19:49:24.7883777Z  589002ba0eae Extracting [=================>                                 ]  1.376MB/3.862MB
Linux Desktop Tests (6)	UNKNOWN STEP	2026-02-25T19:49:24.8204177Z  630177b00352 Downloading [>                                                  ]  10.28kB/922.9kB
Linux Desktop Tests (6)	UNKNOWN STEP	2026-02-25T19:49:24.8290436Z  589002ba0eae Extracting [==================================================>]  3.862MB/3.862MB
Linux Desktop Tests (6)	UNKNOWN STEP	2026-02-25T19:49:24.8302619Z  589002ba0eae Extracting [==================================================>]  3.862MB/3.862MB
Linux Desktop Tests (6)	UNKNOWN STEP	2026-02-25T19:49:24.8639041Z  589002ba0eae Pull complete 
Linux Desktop Tests (6)	UNKNOWN STEP	2026-02-25T19:49:24.8655991Z  5ffb427686b6 Extracting [==================================================>]     972B/972B
Linux Desktop Tests (6)	UNKNOWN STEP	2026-02-25T19:49:24.8663294Z  5ffb427686b6 Extracting [==================================================>]     972B/972B
Linux Desktop Tests (6)	UNKNOWN STEP	2026-02-25T19:49:24.9001944Z  630177b00352 Verifying Checksum 
Linux Desktop Tests (6)	UNKNOWN STEP	2026-02-25T19:49:24.9002394Z  630177b00352 Download complete 
Linux Desktop Tests (6)	UNKNOWN STEP	2026-02-25T19:49:24.9261912Z  6c18ff1f33d0 Download complete 
Linux Desktop Tests (6)	UNKNOWN STEP	2026-02-25T19:49:24.9272977Z  13e46e455d3b Downloading [==================================================>]     116B/116B
Linux Desktop Tests (6)	UNKNOWN STEP	2026-02-25T19:49:24.9273849Z  13e46e455d3b Verifying Checksum 
Linux Desktop Tests (6)	UNKNOWN STEP	2026-02-25T19:49:24.9274181Z  13e46e455d3b Download complete 
Linux Desktop Tests (6)	UNKNOWN STEP	2026-02-25T19:49:25.1639628Z  40aaa75af6ce Downloading [===>                                               ]     700B/9.62kB
Linux Desktop Tests (6)	UNKNOWN STEP	2026-02-25T19:49:25.1641064Z  40aaa75af6ce Downloading [==================================================>]   9.62kB/9.62kB
Linux Desktop Tests (6)	UNKNOWN STEP	2026-02-25T19:49:25.1642193Z  40aaa75af6ce Verifying Checksum 
Linux Desktop Tests (6)	UNKNOWN STEP	2026-02-25T19:49:25.1642861Z  40aaa75af6ce Download complete 
Linux Desktop Tests (6)	UNKNOWN STEP	2026-02-25T19:49:25.1714572Z  162bdab1e0a7 Downloading [==================================================>]     128B/128B
Linux Desktop Tests (6)	UNKNOWN STEP	2026-02-25T19:49:25.1716545Z  162bdab1e0a7 Verifying Checksum 
Linux Desktop Tests (6)	UNKNOWN STEP	2026-02-25T19:49:25.1717700Z  162bdab1e0a7 Download complete 
Linux Desktop Tests (6)	UNKNOWN STEP	2026-02-25T19:49:25.2003846Z  b4403f29458a Downloading [>                                                  ]  539.9kB/105.2MB
Linux Desktop Tests (6)	UNKNOWN STEP	2026-02-25T19:49:25.3288745Z  b4403f29458a Downloading [==>                                                ]  5.908MB/105.2MB
Linux Desktop Tests (6)	UNKNOWN STEP	2026-02-25T19:49:25.3956321Z  ebff7b0ec73e Download complete 
Linux Desktop Tests (6)	UNKNOWN STEP	2026-02-25T19:49:25.4241882Z  c02179436571 Downloading [=====>                                             ]     700B/5.84kB
Linux Desktop Tests (6)	UNKNOWN STEP	2026-02-25T19:49:25.4242549Z  c02179436571 Downloading [==================================================>]   5.84kB/5.84kB
Linux Desktop Tests (6)	UNKNOWN STEP	2026-02-25T19:49:25.4243016Z  c02179436571 Verifying Checksum 
Linux Desktop Tests (6)	UNKNOWN STEP	2026-02-25T19:49:25.4243329Z  c02179436571 Download complete 
Linux Desktop Tests (6)	UNKNOWN STEP	2026-02-25T19:49:25.4298166Z  b4403f29458a Downloading [========>                                          ]  17.69MB/105.2MB
Linux Desktop Tests (6)	UNKNOWN STEP	2026-02-25T19:49:25.5599274Z  b4403f29458a Downloading [===============>                                   ]   32.1MB/105.2MB
Linux Desktop Tests (6)	UNKNOWN STEP	2026-02-25T19:49:25.6103711Z  09a5a0c32a23 Pull complete 
Linux Desktop Tests (6)	UNKNOWN STEP	2026-02-25T19:49:25.6117132Z  bd53938b1271 Extracting [=========>                                         ]  32.77kB/173.4kB
Linux Desktop Tests (6)	UNKNOWN STEP	2026-02-25T19:49:25.6119394Z  5ffb427686b6 Pull complete 
Linux Desktop Tests (6)	UNKNOWN STEP	2026-02-25T19:49:25.6119802Z  03af238a5946 Pull complete 
Linux Desktop Tests (6)	UNKNOWN STEP	2026-02-25T19:49:25.6174491Z  bd53938b1271 Extracting [==================================================>]  173.4kB/173.4kB
Linux Desktop Tests (6)	UNKNOWN STEP	2026-02-25T19:49:25.6249432Z  630177b00352 Extracting [=>                                                 ]  32.77kB/922.9kB
Linux Desktop Tests (6)	UNKNOWN STEP	2026-02-25T19:49:25.6257813Z  686599c79c87 Extracting [>                                                  ]  131.1kB/11.8MB
Linux Desktop Tests (6)	UNKNOWN STEP	2026-02-25T19:49:25.6264508Z  8243369e9866 Downloading [==================================================>]     186B/186B
Linux Desktop Tests (6)	UNKNOWN STEP	2026-02-25T19:49:25.6279572Z  8243369e9866 Verifying Checksum 
Linux Desktop Tests (6)	UNKNOWN STEP	2026-02-25T19:49:25.6280246Z  8243369e9866 Download complete 
Linux Desktop Tests (6)	UNKNOWN STEP	2026-02-25T19:49:25.6626648Z  bd53938b1271 Extracting [==================================================>]  173.4kB/173.4kB
Linux Desktop Tests (6)	UNKNOWN STEP	2026-02-25T19:49:25.6646945Z  b4403f29458a Downloading [========================>                          ]  51.28MB/105.2MB
Linux Desktop Tests (6)	UNKNOWN STEP	2026-02-25T19:49:25.6648431Z  630177b00352 Extracting [==================================================>]  922.9kB/922.9kB
Linux Desktop Tests (6)	UNKNOWN STEP	2026-02-25T19:49:25.6657416Z  d25f557d7f31 Downloading [>                                                  ]  37.05kB/3.622MB
Linux Desktop Tests (6)	UNKNOWN STEP	2026-02-25T19:49:25.6930449Z  630177b00352 Pull complete 
Linux Desktop Tests (6)	UNKNOWN STEP	2026-02-25T19:49:25.6939627Z  6c18ff1f33d0 Extracting [==================================================>]     173B/173B
Linux Desktop Tests (6)	UNKNOWN STEP	2026-02-25T19:49:25.6940651Z  6c18ff1f33d0 Extracting [==================================================>]     173B/173B
Linux Desktop Tests (6)	UNKNOWN STEP	2026-02-25T19:49:25.7130280Z  6c18ff1f33d0 Pull complete 
Linux Desktop Tests (6)	UNKNOWN STEP	2026-02-25T19:49:25.7143964Z  13e46e455d3b Extracting [==================================================>]     116B/116B
Linux Desktop Tests (6)	UNKNOWN STEP	2026-02-25T19:49:25.7147452Z  13e46e455d3b Extracting [==================================================>]     116B/116B
Linux Desktop Tests (6)	UNKNOWN STEP	2026-02-25T19:49:25.7287207Z  13e46e455d3b Pull complete 
Linux Desktop Tests (6)	UNKNOWN STEP	2026-02-25T19:49:25.7510364Z  686599c79c87 Extracting [===>                                               ]  917.5kB/11.8MB
Linux Desktop Tests (6)	UNKNOWN STEP	2026-02-25T19:49:25.7658255Z  d25f557d7f31 Downloading [==========================================>        ]  3.064MB/3.622MB
Linux Desktop Tests (6)	UNKNOWN STEP	2026-02-25T19:49:25.7685433Z  d25f557d7f31 Verifying Checksum 
Linux Desktop Tests (6)	UNKNOWN STEP	2026-02-25T19:49:25.7686170Z  d25f557d7f31 Download complete 
Linux Desktop Tests (6)	UNKNOWN STEP	2026-02-25T19:49:25.7704799Z  b4403f29458a Downloading [===================================>               ]  73.66MB/105.2MB
Linux Desktop Tests (6)	UNKNOWN STEP	2026-02-25T19:49:25.7710869Z  d25f557d7f31 Extracting [>                                                  ]  65.54kB/3.622MB
Linux Desktop Tests (6)	UNKNOWN STEP	2026-02-25T19:49:25.8545931Z  9acd5b82521c Downloading [>                                                  ]  1.378kB/127.5kB
Linux Desktop Tests (6)	UNKNOWN STEP	2026-02-25T19:49:25.8653808Z  686599c79c87 Extracting [=============>                                     ]  3.277MB/11.8MB
Linux Desktop Tests (6)	UNKNOWN STEP	2026-02-25T19:49:25.8716687Z  b4403f29458a Downloading [===========================================>       ]  91.83MB/105.2MB
Linux Desktop Tests (6)	UNKNOWN STEP	2026-02-25T19:49:25.8723590Z  d25f557d7f31 Extracting [=============================================>     ]  3.277MB/3.622MB
Linux Desktop Tests (6)	UNKNOWN STEP	2026-02-25T19:49:25.8870575Z  9acd5b82521c Downloading [==================================================>]  127.5kB/127.5kB
Linux Desktop Tests (6)	UNKNOWN STEP	2026-02-25T19:49:25.8872240Z  bd53938b1271 Pull complete 
Linux Desktop Tests (6)	UNKNOWN STEP	2026-02-25T19:49:25.8876684Z  d25f557d7f31 Extracting [==================================================>]  3.622MB/3.622MB
Linux Desktop Tests (6)	UNKNOWN STEP	2026-02-25T19:49:25.8880012Z  9acd5b82521c Download complete 
Linux Desktop Tests (6)	UNKNOWN STEP	2026-02-25T19:49:25.8905911Z  9fe3744a2eac Extracting [=>                                                 ]  32.77kB/1.003MB
Linux Desktop Tests (6)	UNKNOWN STEP	2026-02-25T19:49:25.9334786Z  b4403f29458a Verifying Checksum 
Linux Desktop Tests (6)	UNKNOWN STEP	2026-02-25T19:49:25.9336151Z  b4403f29458a Download complete 
Linux Desktop Tests (6)	UNKNOWN STEP	2026-02-25T19:49:25.9344814Z  9fe3744a2eac Extracting [==================================================>]  1.003MB/1.003MB
Linux Desktop Tests (6)	UNKNOWN STEP	2026-02-25T19:49:25.9508372Z  b4403f29458a Extracting [>                                                  ]  557.1kB/105.2MB
Linux Desktop Tests (6)	UNKNOWN STEP	2026-02-25T19:49:25.9516209Z  9fe3744a2eac Pull complete 
Linux Desktop Tests (6)	UNKNOWN STEP	2026-02-25T19:49:25.9550711Z  7ad54b3c4cef Extracting [>                                                  ]  131.1kB/12.41MB
Linux Desktop Tests (6)	UNKNOWN STEP	2026-02-25T19:49:25.9765605Z  686599c79c87 Extracting [================>                                  ]  3.801MB/11.8MB
Linux Desktop Tests (6)	UNKNOWN STEP	2026-02-25T19:49:25.9851335Z  d25f557d7f31 Pull complete 
Linux Desktop Tests (6)	UNKNOWN STEP	2026-02-25T19:49:25.9867038Z  9acd5b82521c Extracting [============>                                      ]  32.77kB/127.5kB
Linux Desktop Tests (6)	UNKNOWN STEP	2026-02-25T19:49:25.9878588Z  9acd5b82521c Extracting [==================================================>]  127.5kB/127.5kB
Linux Desktop Tests (6)	UNKNOWN STEP	2026-02-25T19:49:25.9879632Z  9acd5b82521c Extracting [==================================================>]  127.5kB/127.5kB
Linux Desktop Tests (6)	UNKNOWN STEP	2026-02-25T19:49:25.9928383Z  10d78728ec4d Downloading [==================================================>]     122B/122B
Linux Desktop Tests (6)	UNKNOWN STEP	2026-02-25T19:49:25.9931898Z  10d78728ec4d Verifying Checksum 
Linux Desktop Tests (6)	UNKNOWN STEP	2026-02-25T19:49:25.9932350Z  10d78728ec4d Download complete 
Linux Desktop Tests (6)	UNKNOWN STEP	2026-02-25T19:49:26.0039835Z  9acd5b82521c Pull complete 
Linux Desktop Tests (6)	UNKNOWN STEP	2026-02-25T19:49:26.0064548Z  10d78728ec4d Extracting [==================================================>]     122B/122B
Linux Desktop Tests (6)	UNKNOWN STEP	2026-02-25T19:49:26.0066066Z  10d78728ec4d Extracting [==================================================>]     122B/122B
Linux Desktop Tests (6)	UNKNOWN STEP	2026-02-25T19:49:26.0207873Z  10d78728ec4d Pull complete 
Linux Desktop Tests (6)	UNKNOWN STEP	2026-02-25T19:49:26.0567903Z  7ad54b3c4cef Extracting [========>                                          ]  2.228MB/12.41MB
Linux Desktop Tests (6)	UNKNOWN STEP	2026-02-25T19:49:26.0619415Z  b4403f29458a Extracting [>                                                  ]  1.114MB/105.2MB
Linux Desktop Tests (6)	UNKNOWN STEP	2026-02-25T19:49:26.0919967Z  686599c79c87 Extracting [==========================>                        ]   6.16MB/11.8MB
Linux Desktop Tests (6)	UNKNOWN STEP	2026-02-25T19:49:26.1218110Z  e0d49f520b92 Downloading [==================================================>]     961B/961B
Linux Desktop Tests (6)	UNKNOWN STEP	2026-02-25T19:49:26.1218835Z  e0d49f520b92 Verifying Checksum 
Linux Desktop Tests (6)	UNKNOWN STEP	2026-02-25T19:49:26.1219476Z  e0d49f520b92 Extracting [==================================================>]     961B/961B
Linux Desktop Tests (6)	UNKNOWN STEP	2026-02-25T19:49:26.1246017Z  e0d49f520b92 Extracting [==================================================>]     961B/961B
Linux Desktop Tests (6)	UNKNOWN STEP	2026-02-25T19:49:26.1590346Z  e0d49f520b92 Pull complete 
Linux Desktop Tests (6)	UNKNOWN STEP	2026-02-25T19:49:26.1591526Z  7ad54b3c4cef Extracting [=============================>                     ]  7.209MB/12.41MB
Linux Desktop Tests (6)	UNKNOWN STEP	2026-02-25T19:49:26.1716495Z  b4403f29458a Extracting [==>                                                ]  5.571MB/105.2MB
Linux Desktop Tests (6)	UNKNOWN STEP	2026-02-25T19:49:26.1895850Z  5de905603ac5 Downloading [====>                                              ]  1.378kB/17.03kB
Linux Desktop Tests (6)	UNKNOWN STEP	2026-02-25T19:49:26.1919451Z  5de905603ac5 Downloading [==================================================>]  17.03kB/17.03kB
Linux Desktop Tests (6)	UNKNOWN STEP	2026-02-25T19:49:26.1920571Z  5de905603ac5 Download complete 
Linux Desktop Tests (6)	UNKNOWN STEP	2026-02-25T19:49:26.1940250Z  5de905603ac5 Extracting [==================================================>]  17.03kB/17.03kB
Linux Desktop Tests (6)	UNKNOWN STEP	2026-02-25T19:49:26.1945672Z  5de905603ac5 Extracting [==================================================>]  17.03kB/17.03kB
Linux Desktop Tests (6)	UNKNOWN STEP	2026-02-25T19:49:26.1978323Z  686599c79c87 Extracting [=================================>                 ]  7.995MB/11.8MB
Linux Desktop Tests (6)	UNKNOWN STEP	2026-02-25T19:49:26.2161233Z  808bb02340fa Downloading [>                                                  ]  1.378kB/90.98kB
Linux Desktop Tests (6)	UNKNOWN STEP	2026-02-25T19:49:26.2237413Z  5de905603ac5 Pull complete 
Linux Desktop Tests (6)	UNKNOWN STEP	2026-02-25T19:49:26.2392276Z  808bb02340fa Downloading [==================================================>]  90.98kB/90.98kB
Linux Desktop Tests (6)	UNKNOWN STEP	2026-02-25T19:49:26.2397732Z  808bb02340fa Verifying Checksum 
Linux Desktop Tests (6)	UNKNOWN STEP	2026-02-25T19:49:26.2410619Z  808bb02340fa Download complete 
Linux Desktop Tests (6)	UNKNOWN STEP	2026-02-25T19:49:26.2418742Z  808bb02340fa Extracting [==================>                                ]  32.77kB/90.98kB
Linux Desktop Tests (6)	UNKNOWN STEP	2026-02-25T19:49:26.2420717Z  808bb02340fa Extracting [==================================================>]  90.98kB/90.98kB
Linux Desktop Tests (6)	UNKNOWN STEP	2026-02-25T19:49:26.2439623Z  808bb02340fa Extracting [==================================================>]  90.98kB/90.98kB
Linux Desktop Tests (6)	UNKNOWN STEP	2026-02-25T19:49:26.2626698Z  7ad54b3c4cef Extracting [===============================================>   ]   11.8MB/12.41MB
Linux Desktop Tests (6)	UNKNOWN STEP	2026-02-25T19:49:26.2639156Z  808bb02340fa Pull complete 
Linux Desktop Tests (6)	UNKNOWN STEP	2026-02-25T19:49:26.2787455Z  7ad54b3c4cef Extracting [==================================================>]  12.41MB/12.41MB
Linux Desktop Tests (6)	UNKNOWN STEP	2026-02-25T19:49:26.2802866Z  b4403f29458a Extracting [=====>                                             ]   11.7MB/105.2MB
Linux Desktop Tests (6)	UNKNOWN STEP	2026-02-25T19:49:26.2941903Z  7ad54b3c4cef Pull complete 
Linux Desktop Tests (6)	UNKNOWN STEP	2026-02-25T19:49:26.2966089Z  2a97533d89ca Extracting [==================================================>]     100B/100B
Linux Desktop Tests (6)	UNKNOWN STEP	2026-02-25T19:49:26.2966960Z  2a97533d89ca Extracting [==================================================>]     100B/100B
Linux Desktop Tests (6)	UNKNOWN STEP	2026-02-25T19:49:26.3063602Z  2a97533d89ca Pull complete 
Linux Desktop Tests (6)	UNKNOWN STEP	2026-02-25T19:49:26.3078179Z  4f4fb700ef54 Extracting [==================================================>]      32B/32B
Linux Desktop Tests (6)	UNKNOWN STEP	2026-02-25T19:49:26.3090119Z  4f4fb700ef54 Extracting [==================================================>]      32B/32B
Linux Desktop Tests (6)	UNKNOWN STEP	2026-02-25T19:49:26.3170989Z  686599c79c87 Extracting [======================================>            ]  9.175MB/11.8MB
Linux Desktop Tests (6)	UNKNOWN STEP	2026-02-25T19:49:26.3192933Z  4f4fb700ef54 Pull complete 
Linux Desktop Tests (6)	UNKNOWN STEP	2026-02-25T19:49:26.3213356Z  1c2c8d1ee428 Extracting [==================================================>]     576B/576B
Linux Desktop Tests (6)	UNKNOWN STEP	2026-02-25T19:49:26.3218051Z  1c2c8d1ee428 Extracting [==================================================>]     576B/576B
Linux Desktop Tests (6)	UNKNOWN STEP	2026-02-25T19:49:26.3344517Z  1c2c8d1ee428 Pull complete 
Linux Desktop Tests (6)	UNKNOWN STEP	2026-02-25T19:49:26.3424549Z  redis Pulled 
Linux Desktop Tests (6)	UNKNOWN STEP	2026-02-25T19:49:26.3821030Z  b4403f29458a Extracting [=========>                                         ]  18.94MB/105.2MB
Linux Desktop Tests (6)	UNKNOWN STEP	2026-02-25T19:49:26.3968287Z  c0970b69197c Downloading [>                                                  ]  163.8kB/14.88MB
Linux Desktop Tests (6)	UNKNOWN STEP	2026-02-25T19:49:26.4071743Z  9de5f206730a Downloading [>                                                  ]  8.268kB/766.3kB
Linux Desktop Tests (6)	UNKNOWN STEP	2026-02-25T19:49:26.4249433Z  686599c79c87 Extracting [===========================================>       ]  10.22MB/11.8MB
Linux Desktop Tests (6)	UNKNOWN STEP	2026-02-25T19:49:26.4725422Z  24e28b7dc0a2 Downloading [>                                                  ]  1.378kB/83.13kB
Linux Desktop Tests (6)	UNKNOWN STEP	2026-02-25T19:49:26.4769012Z  9de5f206730a Downloading [==================================================>]  766.3kB/766.3kB
Linux Desktop Tests (6)	UNKNOWN STEP	2026-02-25T19:49:26.4770130Z  9de5f206730a Verifying Checksum 
Linux Desktop Tests (6)	UNKNOWN STEP	2026-02-25T19:49:26.4771602Z  9de5f206730a Download complete 
Linux Desktop Tests (6)	UNKNOWN STEP	2026-02-25T19:49:26.4868187Z  b4403f29458a Extracting [============>                                      ]  26.74MB/105.2MB
Linux Desktop Tests (6)	UNKNOWN STEP	2026-02-25T19:49:26.4941951Z  24e28b7dc0a2 Downloading [==================================================>]  83.13kB/83.13kB
Linux Desktop Tests (6)	UNKNOWN STEP	2026-02-25T19:49:26.4946722Z  24e28b7dc0a2 Verifying Checksum 
Linux Desktop Tests (6)	UNKNOWN STEP	2026-02-25T19:49:26.4948097Z  24e28b7dc0a2 Download complete 
Linux Desktop Tests (6)	UNKNOWN STEP	2026-02-25T19:49:26.4969717Z  c0970b69197c Downloading [===============================>                   ]   9.34MB/14.88MB
Linux Desktop Tests (6)	UNKNOWN STEP	2026-02-25T19:49:26.5209581Z  c0970b69197c Download complete 
Linux Desktop Tests (6)	UNKNOWN STEP	2026-02-25T19:49:26.5248851Z  c0970b69197c Extracting [>                                                  ]  163.8kB/14.88MB
Linux Desktop Tests (6)	UNKNOWN STEP	2026-02-25T19:49:26.5329416Z  686599c79c87 Extracting [=============================================>     ]  10.75MB/11.8MB
Linux Desktop Tests (6)	UNKNOWN STEP	2026-02-25T19:49:26.5927752Z  b4403f29458a Extracting [===============>                                   ]  33.42MB/105.2MB
Linux Desktop Tests (6)	UNKNOWN STEP	2026-02-25T19:49:26.6270920Z  c0970b69197c Extracting [=================>                                 ]  5.079MB/14.88MB
Linux Desktop Tests (6)	UNKNOWN STEP	2026-02-25T19:49:26.6493857Z  686599c79c87 Extracting [================================================>  ]  11.53MB/11.8MB
Linux Desktop Tests (6)	UNKNOWN STEP	2026-02-25T19:49:26.6600054Z  686599c79c87 Extracting [==================================================>]   11.8MB/11.8MB
Linux Desktop Tests (6)	UNKNOWN STEP	2026-02-25T19:49:26.7038351Z  b4403f29458a Extracting [===================>                               ]  40.11MB/105.2MB
Linux Desktop Tests (6)	UNKNOWN STEP	2026-02-25T19:49:26.7306430Z  c0970b69197c Extracting [==================================>                ]  10.32MB/14.88MB
Linux Desktop Tests (6)	UNKNOWN STEP	2026-02-25T19:49:26.7314768Z  830180cf89a8 Downloading [>                                                  ]  151.2kB/14.63MB
Linux Desktop Tests (6)	UNKNOWN STEP	2026-02-25T19:49:26.7656689Z  686599c79c87 Pull complete 
Linux Desktop Tests (6)	UNKNOWN STEP	2026-02-25T19:49:26.7675500Z  f1cadbd7abd2 Extracting [==================================================>]     252B/252B
Linux Desktop Tests (6)	UNKNOWN STEP	2026-02-25T19:49:26.7689688Z  f1cadbd7abd2 Extracting [==================================================>]     252B/252B
Linux Desktop Tests (6)	UNKNOWN STEP	2026-02-25T19:49:26.7868704Z  f1cadbd7abd2 Pull complete 
Linux Desktop Tests (6)	UNKNOWN STEP	2026-02-25T19:49:26.7893245Z  3ee96ea8e5d2 Extracting [==================================================>]     250B/250B
Linux Desktop Tests (6)	UNKNOWN STEP	2026-02-25T19:49:26.7919172Z  3ee96ea8e5d2 Extracting [==================================================>]     250B/250B
Linux Desktop Tests (6)	UNKNOWN STEP	2026-02-25T19:49:26.8070803Z  b4403f29458a Extracting [=====================>                             ]  45.68MB/105.2MB
Linux Desktop Tests (6)	UNKNOWN STEP	2026-02-25T19:49:26.8086249Z  3ee96ea8e5d2 Pull complete 
Linux Desktop Tests (6)	UNKNOWN STEP	2026-02-25T19:49:26.8141897Z  a954d256f742 Extracting [>                                                  ]  229.4kB/21.98MB
Linux Desktop Tests (6)	UNKNOWN STEP	2026-02-25T19:49:26.8192430Z  c0970b69197c Extracting [==================================================>]  14.88MB/14.88MB
Linux Desktop Tests (6)	UNKNOWN STEP	2026-02-25T19:49:26.8351434Z  830180cf89a8 Downloading [==============================>                    ]  8.852MB/14.63MB
Linux Desktop Tests (6)	UNKNOWN STEP	2026-02-25T19:49:26.8393374Z  c0970b69197c Pull complete 
Linux Desktop Tests (6)	UNKNOWN STEP	2026-02-25T19:49:26.8419723Z  9de5f206730a Extracting [==>                                                ]  32.77kB/766.3kB
Linux Desktop Tests (6)	UNKNOWN STEP	2026-02-25T19:49:26.8582947Z  830180cf89a8 Verifying Checksum 
Linux Desktop Tests (6)	UNKNOWN STEP	2026-02-25T19:49:26.8583612Z  830180cf89a8 Download complete 
Linux Desktop Tests (6)	UNKNOWN STEP	2026-02-25T19:49:26.8616823Z  9de5f206730a Extracting [==================================================>]  766.3kB/766.3kB
Linux Desktop Tests (6)	UNKNOWN STEP	2026-02-25T19:49:26.8623140Z  9de5f206730a Extracting [==================================================>]  766.3kB/766.3kB
Linux Desktop Tests (6)	UNKNOWN STEP	2026-02-25T19:49:26.8754678Z  9de5f206730a Pull complete 
Linux Desktop Tests (6)	UNKNOWN STEP	2026-02-25T19:49:26.8769382Z  24e28b7dc0a2 Extracting [===================>                               ]  32.77kB/83.13kB
Linux Desktop Tests (6)	UNKNOWN STEP	2026-02-25T19:49:26.8772793Z  24e28b7dc0a2 Extracting [==================================================>]  83.13kB/83.13kB
Linux Desktop Tests (6)	UNKNOWN STEP	2026-02-25T19:49:26.8781746Z  24e28b7dc0a2 Extracting [==================================================>]  83.13kB/83.13kB
Linux Desktop Tests (6)	UNKNOWN STEP	2026-02-25T19:49:26.9027090Z  24e28b7dc0a2 Pull complete 
Linux Desktop Tests (6)	UNKNOWN STEP	2026-02-25T19:49:26.9052749Z  830180cf89a8 Extracting [>                                                  ]  163.8kB/14.63MB
Linux Desktop Tests (6)	UNKNOWN STEP	2026-02-25T19:49:26.9179379Z  a954d256f742 Extracting [===>                                               ]  1.376MB/21.98MB
Linux Desktop Tests (6)	UNKNOWN STEP	2026-02-25T19:49:26.9180078Z  b4403f29458a Extracting [=======================>                           ]  50.14MB/105.2MB
Linux Desktop Tests (6)	UNKNOWN STEP	2026-02-25T19:49:27.0090389Z  830180cf89a8 Extracting [=================>                                 ]  5.079MB/14.63MB
Linux Desktop Tests (6)	UNKNOWN STEP	2026-02-25T19:49:27.0230057Z  b4403f29458a Extracting [========================>                          ]  52.36MB/105.2MB
Linux Desktop Tests (6)	UNKNOWN STEP	2026-02-25T19:49:27.0487710Z  a954d256f742 Extracting [=======>                                           ]  3.211MB/21.98MB
Linux Desktop Tests (6)	UNKNOWN STEP	2026-02-25T19:49:27.1107622Z  830180cf89a8 Extracting [===============================>                   ]  9.175MB/14.63MB
Linux Desktop Tests (6)	UNKNOWN STEP	2026-02-25T19:49:27.1478059Z  b4403f29458a Extracting [==========================>                        ]  56.26MB/105.2MB
Linux Desktop Tests (6)	UNKNOWN STEP	2026-02-25T19:49:27.1539172Z  a954d256f742 Extracting [=================>                                 ]  7.799MB/21.98MB
Linux Desktop Tests (6)	UNKNOWN STEP	2026-02-25T19:49:27.2122457Z  830180cf89a8 Extracting [===========================================>       ]  12.62MB/14.63MB
Linux Desktop Tests (6)	UNKNOWN STEP	2026-02-25T19:49:27.2575632Z  830180cf89a8 Extracting [==================================================>]  14.63MB/14.63MB
Linux Desktop Tests (6)	UNKNOWN STEP	2026-02-25T19:49:27.2594407Z  a954d256f742 Extracting [===========================>                       ]  12.16MB/21.98MB
Linux Desktop Tests (6)	UNKNOWN STEP	2026-02-25T19:49:27.2606023Z  b4403f29458a Extracting [=============================>                     ]  61.83MB/105.2MB
Linux Desktop Tests (6)	UNKNOWN STEP	2026-02-25T19:49:27.3600451Z  a954d256f742 Extracting [=====================================>             ]  16.52MB/21.98MB
Linux Desktop Tests (6)	UNKNOWN STEP	2026-02-25T19:49:27.3690368Z  b4403f29458a Extracting [================================>                  ]   67.4MB/105.2MB
Linux Desktop Tests (6)	UNKNOWN STEP	2026-02-25T19:49:27.3694789Z  830180cf89a8 Pull complete 
Linux Desktop Tests (6)	UNKNOWN STEP	2026-02-25T19:49:27.3770147Z  dex Pulled 
Linux Desktop Tests (6)	UNKNOWN STEP	2026-02-25T19:49:27.4675403Z  a954d256f742 Extracting [================================================>  ]  21.33MB/21.98MB
Linux Desktop Tests (6)	UNKNOWN STEP	2026-02-25T19:49:27.4742535Z  b4403f29458a Extracting [===================================>               ]  74.65MB/105.2MB
Linux Desktop Tests (6)	UNKNOWN STEP	2026-02-25T19:49:27.5121653Z  a954d256f742 Extracting [==================================================>]  21.98MB/21.98MB
Linux Desktop Tests (6)	UNKNOWN STEP	2026-02-25T19:49:27.5548215Z  a954d256f742 Pull complete 
Linux Desktop Tests (6)	UNKNOWN STEP	2026-02-25T19:49:27.5560785Z  c7ce85987d6d Extracting [==================================================>]  13.29kB/13.29kB
Linux Desktop Tests (6)	UNKNOWN STEP	2026-02-25T19:49:27.5565940Z  c7ce85987d6d Extracting [==================================================>]  13.29kB/13.29kB
Linux Desktop Tests (6)	UNKNOWN STEP	2026-02-25T19:49:27.5826837Z  c7ce85987d6d Pull complete 
Linux Desktop Tests (6)	UNKNOWN STEP	2026-02-25T19:49:27.5876999Z  b4403f29458a Extracting [===================================>               ]   75.2MB/105.2MB
Linux Desktop Tests (6)	UNKNOWN STEP	2026-02-25T19:49:27.6070396Z  7807da78b90b Extracting [>                                                  ]  458.8kB/45.54MB
Linux Desktop Tests (6)	UNKNOWN STEP	2026-02-25T19:49:27.7792509Z  7807da78b90b Extracting [===>                                               ]  2.753MB/45.54MB
Linux Desktop Tests (6)	UNKNOWN STEP	2026-02-25T19:49:27.7808497Z  b4403f29458a Extracting [====================================>              ]  76.32MB/105.2MB
Linux Desktop Tests (6)	UNKNOWN STEP	2026-02-25T19:49:27.8848815Z  7807da78b90b Extracting [======>                                            ]  5.964MB/45.54MB
Linux Desktop Tests (6)	UNKNOWN STEP	2026-02-25T19:49:27.8988955Z  b4403f29458a Extracting [=====================================>             ]   79.1MB/105.2MB
Linux Desktop Tests (6)	UNKNOWN STEP	2026-02-25T19:49:28.0110248Z  b4403f29458a Extracting [=======================================>           ]  82.44MB/105.2MB
Linux Desktop Tests (6)	UNKNOWN STEP	2026-02-25T19:49:28.0111832Z  7807da78b90b Extracting [=========>                                         ]  8.716MB/45.54MB
Linux Desktop Tests (6)	UNKNOWN STEP	2026-02-25T19:49:28.1144471Z  b4403f29458a Extracting [========================================>          ]  85.79MB/105.2MB
Linux Desktop Tests (6)	UNKNOWN STEP	2026-02-25T19:49:28.1370801Z  7807da78b90b Extracting [==========>                                        ]  9.634MB/45.54MB
Linux Desktop Tests (6)	UNKNOWN STEP	2026-02-25T19:49:28.2317630Z  b4403f29458a Extracting [==========================================>        ]  90.24MB/105.2MB
Linux Desktop Tests (6)	UNKNOWN STEP	2026-02-25T19:49:28.2373612Z  7807da78b90b Extracting [===============>                                   ]  13.76MB/45.54MB
Linux Desktop Tests (6)	UNKNOWN STEP	2026-02-25T19:49:28.3387496Z  7807da78b90b Extracting [===================>                               ]  17.89MB/45.54MB
Linux Desktop Tests (6)	UNKNOWN STEP	2026-02-25T19:49:28.3700980Z  b4403f29458a Extracting [===========================================>       ]  92.47MB/105.2MB
Linux Desktop Tests (6)	UNKNOWN STEP	2026-02-25T19:49:28.4762072Z  b4403f29458a Extracting [================================================>  ]  101.9MB/105.2MB
Linux Desktop Tests (6)	UNKNOWN STEP	2026-02-25T19:49:28.5114197Z  7807da78b90b Extracting [=====================>                             ]  19.27MB/45.54MB
Linux Desktop Tests (6)	UNKNOWN STEP	2026-02-25T19:49:28.5372140Z  b4403f29458a Extracting [==================================================>]  105.2MB/105.2MB
Linux Desktop Tests (6)	UNKNOWN STEP	2026-02-25T19:49:28.7027319Z  7807da78b90b Extracting [=======================>                           ]  21.56MB/45.54MB
Linux Desktop Tests (6)	UNKNOWN STEP	2026-02-25T19:49:28.8088474Z  7807da78b90b Extracting [=============================>                     ]  27.07MB/45.54MB
Linux Desktop Tests (6)	UNKNOWN STEP	2026-02-25T19:49:28.8722735Z  b4403f29458a Pull complete 
Linux Desktop Tests (6)	UNKNOWN STEP	2026-02-25T19:49:28.8734731Z  40aaa75af6ce Extracting [==================================================>]   9.62kB/9.62kB
Linux Desktop Tests (6)	UNKNOWN STEP	2026-02-25T19:49:28.8739937Z  40aaa75af6ce Extracting [==================================================>]   9.62kB/9.62kB
Linux Desktop Tests (6)	UNKNOWN STEP	2026-02-25T19:49:28.8924793Z  40aaa75af6ce Pull complete 
Linux Desktop Tests (6)	UNKNOWN STEP	2026-02-25T19:49:28.8937558Z  162bdab1e0a7 Extracting [==================================================>]     128B/128B
Linux Desktop Tests (6)	UNKNOWN STEP	2026-02-25T19:49:28.8941317Z  162bdab1e0a7 Extracting [==================================================>]     128B/128B
Linux Desktop Tests (6)	UNKNOWN STEP	2026-02-25T19:49:28.9042046Z  162bdab1e0a7 Pull complete 
Linux Desktop Tests (6)	UNKNOWN STEP	2026-02-25T19:49:28.9054062Z  ebff7b0ec73e Extracting [==================================================>]     170B/170B
Linux Desktop Tests (6)	UNKNOWN STEP	2026-02-25T19:49:28.9057976Z  ebff7b0ec73e Extracting [==================================================>]     170B/170B
Linux Desktop Tests (6)	UNKNOWN STEP	2026-02-25T19:49:28.9176955Z  ebff7b0ec73e Pull complete 
Linux Desktop Tests (6)	UNKNOWN STEP	2026-02-25T19:49:28.9189948Z  c02179436571 Extracting [==================================================>]   5.84kB/5.84kB
Linux Desktop Tests (6)	UNKNOWN STEP	2026-02-25T19:49:28.9194603Z  c02179436571 Extracting [==================================================>]   5.84kB/5.84kB
Linux Desktop Tests (6)	UNKNOWN STEP	2026-02-25T19:49:28.9299659Z  7807da78b90b Extracting [==============================>                    ]  27.98MB/45.54MB
Linux Desktop Tests (6)	UNKNOWN STEP	2026-02-25T19:49:28.9301646Z  c02179436571 Pull complete 
Linux Desktop Tests (6)	UNKNOWN STEP	2026-02-25T19:49:28.9316876Z  8243369e9866 Extracting [==================================================>]     186B/186B
Linux Desktop Tests (6)	UNKNOWN STEP	2026-02-25T19:49:28.9318101Z  8243369e9866 Extracting [==================================================>]     186B/186B
Linux Desktop Tests (6)	UNKNOWN STEP	2026-02-25T19:49:28.9428188Z  8243369e9866 Pull complete 
Linux Desktop Tests (6)	UNKNOWN STEP	2026-02-25T19:49:28.9498492Z  postgres Pulled 
Linux Desktop Tests (6)	UNKNOWN STEP	2026-02-25T19:49:29.1679066Z  7807da78b90b Extracting [=================================>                 ]  30.74MB/45.54MB
Linux Desktop Tests (6)	UNKNOWN STEP	2026-02-25T19:49:29.3383919Z  7807da78b90b Extracting [===================================>               ]  32.11MB/45.54MB
Linux Desktop Tests (6)	UNKNOWN STEP	2026-02-25T19:49:29.4670947Z  7807da78b90b Extracting [====================================>              ]  33.03MB/45.54MB
Linux Desktop Tests (6)	UNKNOWN STEP	2026-02-25T19:49:29.6070224Z  7807da78b90b Extracting [=====================================>             ]  34.41MB/45.54MB
Linux Desktop Tests (6)	UNKNOWN STEP	2026-02-25T19:49:29.7505202Z  7807da78b90b Extracting [======================================>            ]  34.87MB/45.54MB
Linux Desktop Tests (6)	UNKNOWN STEP	2026-02-25T19:49:29.8633738Z  7807da78b90b Extracting [============================================>      ]  40.83MB/45.54MB
Linux Desktop Tests (6)	UNKNOWN STEP	2026-02-25T19:49:30.0081013Z  7807da78b90b Extracting [==============================================>    ]  42.21MB/45.54MB
Linux Desktop Tests (6)	UNKNOWN STEP	2026-02-25T19:49:30.1470867Z  7807da78b90b Extracting [===============================================>   ]  43.58MB/45.54MB
Linux Desktop Tests (6)	UNKNOWN STEP	2026-02-25T19:49:30.2539423Z  7807da78b90b Extracting [=================================================> ]  44.96MB/45.54MB
Linux Desktop Tests (6)	UNKNOWN STEP	2026-02-25T19:49:30.2686341Z  7807da78b90b Extracting [==================================================>]  45.54MB/45.54MB
Linux Desktop Tests (6)	UNKNOWN STEP	2026-02-25T19:49:30.3917362Z  7807da78b90b Pull complete 
Linux Desktop Tests (6)	UNKNOWN STEP	2026-02-25T19:49:30.3931963Z  0478cd5c1079 Extracting [==================================================>]  3.507kB/3.507kB
Linux Desktop Tests (6)	UNKNOWN STEP	2026-02-25T19:49:30.3949275Z  0478cd5c1079 Extracting [==================================================>]  3.507kB/3.507kB
Linux Desktop Tests (6)	UNKNOWN STEP	2026-02-25T19:49:30.4028741Z  0478cd5c1079 Pull complete 
Linux Desktop Tests (6)	UNKNOWN STEP	2026-02-25T19:49:30.4038666Z  3a02ac06be95 Extracting [==================================================>]  3.462kB/3.462kB
Linux Desktop Tests (6)	UNKNOWN STEP	2026-02-25T19:49:30.4043055Z  3a02ac06be95 Extracting [==================================================>]  3.462kB/3.462kB
Linux Desktop Tests (6)	UNKNOWN STEP	2026-02-25T19:49:30.4130284Z  3a02ac06be95 Pull complete 
Linux Desktop Tests (6)	UNKNOWN STEP	2026-02-25T19:49:30.4184307Z  matrix-synapse Pulled 
Linux Desktop Tests (6)	UNKNOWN STEP	2026-02-25T19:49:30.4205484Z  Network substitution_substitution_network  Creating
Linux Desktop Tests (6)	UNKNOWN STEP	2026-02-25T19:49:30.4586623Z  Network substitution_substitution_network  Created
Linux Desktop Tests (6)	UNKNOWN STEP	2026-02-25T19:49:30.4592837Z  Container substitution-dex-1  Creating
Linux Desktop Tests (6)	UNKNOWN STEP	2026-02-25T19:49:30.4593495Z  Container substitution-redis-1  Creating
Linux Desktop Tests (6)	UNKNOWN STEP	2026-02-25T19:49:30.4594099Z  Container substitution-postgres-1  Creating
Linux Desktop Tests (6)	UNKNOWN STEP	2026-02-25T19:49:30.4881616Z  Container substitution-redis-1  Created
Linux Desktop Tests (6)	UNKNOWN STEP	2026-02-25T19:49:30.4882209Z  Container substitution-dex-1  Created
Linux Desktop Tests (6)	UNKNOWN STEP	2026-02-25T19:49:30.4882724Z  Container substitution-postgres-1  Created
Linux Desktop Tests (6)	UNKNOWN STEP	2026-02-25T19:49:30.4883296Z  Container substitution-matrix-synapse-1  Creating
Linux Desktop Tests (6)	UNKNOWN STEP	2026-02-25T19:49:30.4995604Z  Container substitution-matrix-synapse-1  Created
Linux Desktop Tests (6)	UNKNOWN STEP	2026-02-25T19:49:30.5008023Z  Container substitution-postgres-1  Starting
Linux Desktop Tests (6)	UNKNOWN STEP	2026-02-25T19:49:30.5008707Z  Container substitution-dex-1  Starting
Linux Desktop Tests (6)	UNKNOWN STEP	2026-02-25T19:49:30.5009202Z  Container substitution-redis-1  Starting
Linux Desktop Tests (6)	UNKNOWN STEP	2026-02-25T19:49:30.7647568Z  Container substitution-dex-1  Started
Linux Desktop Tests (6)	UNKNOWN STEP	2026-02-25T19:49:30.7778286Z  Container substitution-redis-1  Started
Linux Desktop Tests (6)	UNKNOWN STEP	2026-02-25T19:49:30.7803311Z  Container substitution-postgres-1  Started
Linux Desktop Tests (6)	UNKNOWN STEP	2026-02-25T19:49:30.7806783Z  Container substitution-postgres-1  Waiting
Linux Desktop Tests (6)	UNKNOWN STEP	2026-02-25T19:49:30.7807323Z  Container substitution-dex-1  Waiting
Linux Desktop Tests (6)	UNKNOWN STEP	2026-02-25T19:49:36.2820553Z  Container substitution-dex-1  Healthy
Linux Desktop Tests (6)	UNKNOWN STEP	2026-02-25T19:49:41.2816266Z  Container substitution-postgres-1  Healthy
Linux Desktop Tests (6)	UNKNOWN STEP	2026-02-25T19:49:41.2816940Z  Container substitution-matrix-synapse-1  Starting
Linux Desktop Tests (6)	UNKNOWN STEP	2026-02-25T19:49:41.4360213Z  Container substitution-matrix-synapse-1  Started
Linux Desktop Tests (6)	UNKNOWN STEP	2026-02-25T19:49:51.5140788Z time="2026-02-25T19:49:51Z" level=warning msg="/home/runner/work/substitution/substitution/docker-compose.yml: the attribute `version` is obsolete, it will be ignored, please remove it to avoid potential confusion"
Linux Desktop Tests (6)	UNKNOWN STEP	2026-02-25T19:49:51.5235220Z  Container substitution-dex-1  Running
Linux Desktop Tests (6)	UNKNOWN STEP	2026-02-25T19:49:51.5235938Z  Container substitution-postgres-1  Running
Linux Desktop Tests (6)	UNKNOWN STEP	2026-02-25T19:49:51.5236831Z  Container substitution-matrix-synapse-1  Running
Linux Desktop Tests (6)	UNKNOWN STEP	2026-02-25T19:49:51.5250932Z  Container substitution-postgres-1  Waiting
Linux Desktop Tests (6)	UNKNOWN STEP	2026-02-25T19:49:51.5251553Z  Container substitution-dex-1  Waiting
Linux Desktop Tests (6)	UNKNOWN STEP	2026-02-25T19:49:52.0270718Z  Container substitution-dex-1  Healthy
Linux Desktop Tests (6)	UNKNOWN STEP	2026-02-25T19:49:52.0273029Z  Container substitution-postgres-1  Healthy
Linux Desktop Tests (6)	UNKNOWN STEP	2026-02-25T19:49:52.0286142Z  matrix-init Pulling 
Linux Desktop Tests (6)	UNKNOWN STEP	2026-02-25T19:49:52.8651993Z  589002ba0eae Already exists 
Linux Desktop Tests (6)	UNKNOWN STEP	2026-02-25T19:49:52.8663743Z  aca07fe076f1 Pulling fs layer 
Linux Desktop Tests (6)	UNKNOWN STEP	2026-02-25T19:49:52.8664195Z  6dafe251d313 Pulling fs layer 
Linux Desktop Tests (6)	UNKNOWN STEP	2026-02-25T19:49:52.8664602Z  fa340e77c336 Pulling fs layer 
Linux Desktop Tests (6)	UNKNOWN STEP	2026-02-25T19:49:53.1178983Z  fa340e77c336 Downloading [==================================================>]     247B/247B
Linux Desktop Tests (6)	UNKNOWN STEP	2026-02-25T19:49:53.1179585Z  fa340e77c336 Download complete 
Linux Desktop Tests (6)	UNKNOWN STEP	2026-02-25T19:49:53.1197986Z  aca07fe076f1 Downloading [>                                                  ]  4.824kB/460.9kB
Linux Desktop Tests (6)	UNKNOWN STEP	2026-02-25T19:49:53.1485458Z  6dafe251d313 Downloading [>                                                  ]  163.1kB/16.02MB
Linux Desktop Tests (6)	UNKNOWN STEP	2026-02-25T19:49:53.1732567Z  aca07fe076f1 Downloading [==================================================>]  460.9kB/460.9kB
Linux Desktop Tests (6)	UNKNOWN STEP	2026-02-25T19:49:53.1734381Z  aca07fe076f1 Verifying Checksum 
Linux Desktop Tests (6)	UNKNOWN STEP	2026-02-25T19:49:53.1734753Z  aca07fe076f1 Download complete 
Linux Desktop Tests (6)	UNKNOWN STEP	2026-02-25T19:49:53.1735570Z  aca07fe076f1 Extracting [===>                                               ]  32.77kB/460.9kB
Linux Desktop Tests (6)	UNKNOWN STEP	2026-02-25T19:49:53.2489884Z  6dafe251d313 Downloading [==========================>                        ]  8.423MB/16.02MB
Linux Desktop Tests (6)	UNKNOWN STEP	2026-02-25T19:49:53.2812409Z  6dafe251d313 Verifying Checksum 
Linux Desktop Tests (6)	UNKNOWN STEP	2026-02-25T19:49:53.2812863Z  6dafe251d313 Download complete 
Linux Desktop Tests (6)	UNKNOWN STEP	2026-02-25T19:49:53.3023367Z  aca07fe076f1 Extracting [==================================================>]  460.9kB/460.9kB
Linux Desktop Tests (6)	UNKNOWN STEP	2026-02-25T19:49:53.4727064Z  aca07fe076f1 Pull complete 
Linux Desktop Tests (6)	UNKNOWN STEP	2026-02-25T19:49:53.4750182Z  6dafe251d313 Extracting [>                                                  ]  163.8kB/16.02MB
Linux Desktop Tests (6)	UNKNOWN STEP	2026-02-25T19:49:53.5784290Z  6dafe251d313 Extracting [========>                                          ]  2.785MB/16.02MB
Linux Desktop Tests (6)	UNKNOWN STEP	2026-02-25T19:49:53.6937742Z  6dafe251d313 Extracting [=================>                                 ]  5.734MB/16.02MB
Linux Desktop Tests (6)	UNKNOWN STEP	2026-02-25T19:49:53.7968184Z  6dafe251d313 Extracting [=================================>                 ]  10.65MB/16.02MB
Linux Desktop Tests (6)	UNKNOWN STEP	2026-02-25T19:49:53.9079872Z  6dafe251d313 Extracting [=======================================>           ]  12.78MB/16.02MB
Linux Desktop Tests (6)	UNKNOWN STEP	2026-02-25T19:49:54.0136039Z  6dafe251d313 Extracting [============================================>      ]  14.25MB/16.02MB
Linux Desktop Tests (6)	UNKNOWN STEP	2026-02-25T19:49:54.1261369Z  6dafe251d313 Extracting [===============================================>   ]  15.07MB/16.02MB
Linux Desktop Tests (6)	UNKNOWN STEP	2026-02-25T19:49:54.2166832Z  6dafe251d313 Extracting [==================================================>]  16.02MB/16.02MB
Linux Desktop Tests (6)	UNKNOWN STEP	2026-02-25T19:49:54.2879845Z  6dafe251d313 Pull complete 
Linux Desktop Tests (6)	UNKNOWN STEP	2026-02-25T19:49:54.2891625Z  fa340e77c336 Extracting [==================================================>]     247B/247B
Linux Desktop Tests (6)	UNKNOWN STEP	2026-02-25T19:49:54.2896280Z  fa340e77c336 Extracting [==================================================>]     247B/247B
Linux Desktop Tests (6)	UNKNOWN STEP	2026-02-25T19:49:54.3003018Z  fa340e77c336 Pull complete 
Linux Desktop Tests (6)	UNKNOWN STEP	2026-02-25T19:49:54.3066096Z  matrix-init Pulled 
Linux Desktop Tests (6)	UNKNOWN STEP	2026-02-25T19:49:57.1190749Z Collecting requests
Linux Desktop Tests (6)	UNKNOWN STEP	2026-02-25T19:49:57.1906423Z   Downloading requests-2.32.5-py3-none-any.whl.metadata (4.9 kB)
Linux Desktop Tests (6)	UNKNOWN STEP	2026-02-25T19:49:57.3424828Z Collecting charset_normalizer<4,>=2 (from requests)
Linux Desktop Tests (6)	UNKNOWN STEP	2026-02-25T19:49:57.3631294Z   Downloading charset_normalizer-3.4.4-cp311-cp311-musllinux_1_2_x86_64.whl.metadata (37 kB)
Linux Desktop Tests (6)	UNKNOWN STEP	2026-02-25T19:49:57.4112779Z Collecting idna<4,>=2.5 (from requests)
Linux Desktop Tests (6)	UNKNOWN STEP	2026-02-25T19:49:57.4304260Z   Downloading idna-3.11-py3-none-any.whl.metadata (8.4 kB)
Linux Desktop Tests (6)	UNKNOWN STEP	2026-02-25T19:49:57.4964567Z Collecting urllib3<3,>=1.21.1 (from requests)
Linux Desktop Tests (6)	UNKNOWN STEP	2026-02-25T19:49:57.5158894Z   Downloading urllib3-2.6.3-py3-none-any.whl.metadata (6.9 kB)
Linux Desktop Tests (6)	UNKNOWN STEP	2026-02-25T19:49:57.5606966Z Collecting certifi>=2017.4.17 (from requests)
Linux Desktop Tests (6)	UNKNOWN STEP	2026-02-25T19:49:57.5794995Z   Downloading certifi-2026.2.25-py3-none-any.whl.metadata (2.5 kB)
Linux Desktop Tests (6)	UNKNOWN STEP	2026-02-25T19:49:57.6147528Z Downloading requests-2.32.5-py3-none-any.whl (64 kB)
Linux Desktop Tests (6)	UNKNOWN STEP	2026-02-25T19:49:57.6250650Z    ━━━━━━━━━━━━━━━━━━━━━━━━━━━━━━━━━━━━━━━━ 64.7/64.7 kB 7.4 MB/s eta 0:00:00
Linux Desktop Tests (6)	UNKNOWN STEP	2026-02-25T19:49:57.6440626Z Downloading certifi-2026.2.25-py3-none-any.whl (153 kB)
Linux Desktop Tests (6)	UNKNOWN STEP	2026-02-25T19:49:57.6644813Z    ━━━━━━━━━━━━━━━━━━━━━━━━━━━━━━━━━━━━━━━━ 153.7/153.7 kB 7.9 MB/s eta 0:00:00
Linux Desktop Tests (6)	UNKNOWN STEP	2026-02-25T19:49:57.6854002Z Downloading charset_normalizer-3.4.4-cp311-cp311-musllinux_1_2_x86_64.whl (152 kB)
Linux Desktop Tests (6)	UNKNOWN STEP	2026-02-25T19:49:57.6924985Z    ━━━━━━━━━━━━━━━━━━━━━━━━━━━━━━━━━━━━━━━━ 153.0/153.0 kB 29.2 MB/s eta 0:00:00
Linux Desktop Tests (6)	UNKNOWN STEP	2026-02-25T19:49:57.7121665Z Downloading idna-3.11-py3-none-any.whl (71 kB)
Linux Desktop Tests (6)	UNKNOWN STEP	2026-02-25T19:49:57.7170034Z    ━━━━━━━━━━━━━━━━━━━━━━━━━━━━━━━━━━━━━━━━ 71.0/71.0 kB 24.3 MB/s eta 0:00:00
Linux Desktop Tests (6)	UNKNOWN STEP	2026-02-25T19:49:57.7358916Z Downloading urllib3-2.6.3-py3-none-any.whl (131 kB)
Linux Desktop Tests (6)	UNKNOWN STEP	2026-02-25T19:49:57.7418022Z    ━━━━━━━━━━━━━━━━━━━━━━━━━━━━━━━━━━━━━━━━ 131.6/131.6 kB 32.0 MB/s eta 0:00:00
Linux Desktop Tests (6)	UNKNOWN STEP	2026-02-25T19:49:57.8110703Z Installing collected packages: urllib3, idna, charset_normalizer, certifi, requests
Linux Desktop Tests (6)	UNKNOWN STEP	2026-02-25T19:49:58.1405218Z Successfully installed certifi-2026.2.25 charset_normalizer-3.4.4 idna-3.11 requests-2.32.5 urllib3-2.6.3
Linux Desktop Tests (6)	UNKNOWN STEP	2026-02-25T19:49:58.1407976Z WARNING: Running pip as the 'root' user can result in broken permissions and conflicting behaviour with the system package manager. It is recommended to use a virtual environment instead: https://pip.pypa.io/warnings/venv
Linux Desktop Tests (6)	UNKNOWN STEP	2026-02-25T19:49:58.2726766Z 
Linux Desktop Tests (6)	UNKNOWN STEP	2026-02-25T19:49:58.2727343Z [notice] A new release of pip is available: 24.0 -> 26.0.1
Linux Desktop Tests (6)	UNKNOWN STEP	2026-02-25T19:49:58.2727781Z [notice] To update, run: pip install --upgrade pip
Linux Desktop Tests (6)	UNKNOWN STEP	2026-02-25T19:50:05.3299215Z Initializing Matrix Synapse test server...
Linux Desktop Tests (6)	UNKNOWN STEP	2026-02-25T19:50:05.3299639Z 
Linux Desktop Tests (6)	UNKNOWN STEP	2026-02-25T19:50:05.3300056Z ✓ Synapse server is ready
Linux Desktop Tests (6)	UNKNOWN STEP	2026-02-25T19:50:05.3300320Z 
Linux Desktop Tests (6)	UNKNOWN STEP	2026-02-25T19:50:05.3300452Z Creating test users...
Linux Desktop Tests (6)	UNKNOWN STEP	2026-02-25T19:50:05.3300844Z ✓ Created user: testuser1
Linux Desktop Tests (6)	UNKNOWN STEP	2026-02-25T19:50:05.3301279Z ✓ Created user: testuser2
Linux Desktop Tests (6)	UNKNOWN STEP	2026-02-25T19:50:05.3301724Z ✓ Created admin user: testadmin
Linux Desktop Tests (6)	UNKNOWN STEP	2026-02-25T19:50:05.3302041Z 
Linux Desktop Tests (6)	UNKNOWN STEP	2026-02-25T19:50:05.3302250Z Creating test rooms and populating with data...
Linux Desktop Tests (6)	UNKNOWN STEP	2026-02-25T19:50:05.3302864Z ✓ Logged in user: @testadmin:test.matrix.local
Linux Desktop Tests (6)	UNKNOWN STEP	2026-02-25T19:50:05.3303398Z ✓ Admin token acquired
Linux Desktop Tests (6)	UNKNOWN STEP	2026-02-25T19:50:05.3304215Z ✓ Logged in user: @testuser1:test.matrix.local
Linux Desktop Tests (6)	UNKNOWN STEP	2026-02-25T19:50:05.3304962Z ✓ Created room: test_general (!FwxxEAgLyLEnabFVCm:test.matrix.local)
Linux Desktop Tests (6)	UNKNOWN STEP	2026-02-25T19:50:05.3305935Z ✓ Logged in user: @testuser2:test.matrix.local
Linux Desktop Tests (6)	UNKNOWN STEP	2026-02-25T19:50:05.3306470Z   ✓ User testuser2 joined room
Linux Desktop Tests (6)	UNKNOWN STEP	2026-02-25T19:50:05.3306834Z ✓ Logged in user: @testadmin:test.matrix.local
Linux Desktop Tests (6)	UNKNOWN STEP	2026-02-25T19:50:05.3307140Z   ✓ User testadmin joined room
Linux Desktop Tests (6)	UNKNOWN STEP	2026-02-25T19:50:05.3307399Z   ✓ Published room to directory
Linux Desktop Tests (6)	UNKNOWN STEP	2026-02-25T19:50:05.3307665Z   ✓ Posted 5 messages to room
Linux Desktop Tests (6)	UNKNOWN STEP	2026-02-25T19:50:05.3307923Z   Seeding media messages (image, video, audio)...
Linux Desktop Tests (6)	UNKNOWN STEP	2026-02-25T19:50:05.3308426Z   ✓ Uploaded media 'test_image.png': mxc://test.matrix.local/QgdHQStVlTHWvSxGHAvFNSll
Linux Desktop Tests (6)	UNKNOWN STEP	2026-02-25T19:50:05.3308882Z   ✓ Posted m.image message to room
Linux Desktop Tests (6)	UNKNOWN STEP	2026-02-25T19:50:05.3309325Z   ✓ Uploaded media 'test_video.mp4': mxc://test.matrix.local/ISsDiVReuLHCEqgGWPJpbBof
Linux Desktop Tests (6)	UNKNOWN STEP	2026-02-25T19:50:05.3309756Z   ✓ Posted m.video message to room
Linux Desktop Tests (6)	UNKNOWN STEP	2026-02-25T19:50:05.3310195Z   ✓ Uploaded media 'test_audio.mp3': mxc://test.matrix.local/emFHGXTMYmfglvkxjneANiZW
Linux Desktop Tests (6)	UNKNOWN STEP	2026-02-25T19:50:05.3310616Z   ✓ Posted m.audio message to room
Linux Desktop Tests (6)	UNKNOWN STEP	2026-02-25T19:50:05.3310992Z ✓ Created room: test_photos (!EqjLObDtokBVRwOEtF:test.matrix.local)
Linux Desktop Tests (6)	UNKNOWN STEP	2026-02-25T19:50:05.3311398Z ✓ Logged in user: @testuser2:test.matrix.local
Linux Desktop Tests (6)	UNKNOWN STEP	2026-02-25T19:50:05.3311691Z   ✓ User testuser2 joined room
Linux Desktop Tests (6)	UNKNOWN STEP	2026-02-25T19:50:05.3311970Z ✓ Logged in user: @testadmin:test.matrix.local
Linux Desktop Tests (6)	UNKNOWN STEP	2026-02-25T19:50:05.3312257Z   ✓ User testadmin joined room
Linux Desktop Tests (6)	UNKNOWN STEP	2026-02-25T19:50:05.3312506Z   ✓ Published room to directory
Linux Desktop Tests (6)	UNKNOWN STEP	2026-02-25T19:50:05.3312755Z   ✓ Posted 3 messages to room
Linux Desktop Tests (6)	UNKNOWN STEP	2026-02-25T19:50:05.3313036Z   Seeding media messages (image, video, audio)...
Linux Desktop Tests (6)	UNKNOWN STEP	2026-02-25T19:50:05.3313512Z   ✓ Uploaded media 'test_image.png': mxc://test.matrix.local/kZjDEGagOFGaZzKjDjDMHbau
Linux Desktop Tests (6)	UNKNOWN STEP	2026-02-25T19:50:05.3313934Z   ✓ Posted m.image message to room
Linux Desktop Tests (6)	UNKNOWN STEP	2026-02-25T19:50:05.3314346Z   ✓ Uploaded media 'test_video.mp4': mxc://test.matrix.local/kbQldPtyoAWiVWkrNZsLOqCx
Linux Desktop Tests (6)	UNKNOWN STEP	2026-02-25T19:50:05.3314762Z   ✓ Posted m.video message to room
Linux Desktop Tests (6)	UNKNOWN STEP	2026-02-25T19:50:05.3315420Z   ✓ Uploaded media 'test_audio.mp3': mxc://test.matrix.local/RTQyXPnTIuMXPRUatfoiHBFG
Linux Desktop Tests (6)	UNKNOWN STEP	2026-02-25T19:50:05.3316066Z   ✓ Posted m.audio message to room
Linux Desktop Tests (6)	UNKNOWN STEP	2026-02-25T19:50:05.3316430Z ✓ Created room: test_art (!dMXweBPMpnuoWyHerg:test.matrix.local)
Linux Desktop Tests (6)	UNKNOWN STEP	2026-02-25T19:50:05.3316825Z ✓ Logged in user: @testuser2:test.matrix.local
Linux Desktop Tests (6)	UNKNOWN STEP	2026-02-25T19:50:05.3317114Z   ✓ User testuser2 joined room
Linux Desktop Tests (6)	UNKNOWN STEP	2026-02-25T19:50:05.3317431Z ✓ Logged in user: @testadmin:test.matrix.local
Linux Desktop Tests (6)	UNKNOWN STEP	2026-02-25T19:50:05.3317720Z   ✓ User testadmin joined room
Linux Desktop Tests (6)	UNKNOWN STEP	2026-02-25T19:50:05.3317967Z   ✓ Published room to directory
Linux Desktop Tests (6)	UNKNOWN STEP	2026-02-25T19:50:05.3318358Z ✓ Uploaded dummy avatar: mxc://test.matrix.local/ZuytNMmZHbraIuLahSdPeGEc
Linux Desktop Tests (6)	UNKNOWN STEP	2026-02-25T19:50:05.3318870Z   ✓ Set room avatar to mxc://test.matrix.local/ZuytNMmZHbraIuLahSdPeGEc
Linux Desktop Tests (6)	UNKNOWN STEP	2026-02-25T19:50:05.3319364Z ✓ Created room: test_invite_only (!UUjVJRcvpqiWUWlCeA:test.matrix.local)
Linux Desktop Tests (6)	UNKNOWN STEP	2026-02-25T19:50:05.3319798Z   ℹ Skipping user invites for room (discovery test)
Linux Desktop Tests (6)	UNKNOWN STEP	2026-02-25T19:50:05.3320126Z   ✓ Published room to directory
Linux Desktop Tests (6)	UNKNOWN STEP	2026-02-25T19:50:05.3320377Z   ✓ Posted 2 messages to room
Linux Desktop Tests (6)	UNKNOWN STEP	2026-02-25T19:50:05.3320742Z ✓ Created room: test_avatar (!tXCKkaRSxYfUIGqJeC:test.matrix.local)
Linux Desktop Tests (6)	UNKNOWN STEP	2026-02-25T19:50:05.3321143Z ✓ Logged in user: @testuser2:test.matrix.local
Linux Desktop Tests (6)	UNKNOWN STEP	2026-02-25T19:50:05.3321433Z   ✓ User testuser2 joined room
Linux Desktop Tests (6)	UNKNOWN STEP	2026-02-25T19:50:05.3321700Z ✓ Logged in user: @testadmin:test.matrix.local
Linux Desktop Tests (6)	UNKNOWN STEP	2026-02-25T19:50:05.3321985Z   ✓ User testadmin joined room
Linux Desktop Tests (6)	UNKNOWN STEP	2026-02-25T19:50:05.3322229Z   ✓ Published room to directory
Linux Desktop Tests (6)	UNKNOWN STEP	2026-02-25T19:50:05.3322610Z ✓ Uploaded dummy avatar: mxc://test.matrix.local/UlWPXojbggbEsmHXxYQsDBqk
Linux Desktop Tests (6)	UNKNOWN STEP	2026-02-25T19:50:05.3323118Z   ✓ Set room avatar to mxc://test.matrix.local/UlWPXojbggbEsmHXxYQsDBqk
Linux Desktop Tests (6)	UNKNOWN STEP	2026-02-25T19:50:05.3323381Z 
Linux Desktop Tests (6)	UNKNOWN STEP	2026-02-25T19:50:05.3323485Z ============================================================
Linux Desktop Tests (6)	UNKNOWN STEP	2026-02-25T19:50:05.3323813Z ✅ Matrix test server initialized successfully!
Linux Desktop Tests (6)	UNKNOWN STEP	2026-02-25T19:50:05.3324098Z ============================================================
Linux Desktop Tests (6)	UNKNOWN STEP	2026-02-25T19:50:05.3324426Z 
Linux Desktop Tests (6)	UNKNOWN STEP	2026-02-25T19:50:05.3324531Z 📝 Test Users:
Linux Desktop Tests (6)	UNKNOWN STEP	2026-02-25T19:50:05.3324710Z   testuser1
Linux Desktop Tests (6)	UNKNOWN STEP	2026-02-25T19:50:05.3324891Z     ID: @testuser1:test.matrix.local
Linux Desktop Tests (6)	UNKNOWN STEP	2026-02-25T19:50:05.3325349Z     Password: testpass123
Linux Desktop Tests (6)	UNKNOWN STEP	2026-02-25T19:50:05.3325556Z   testuser2
Linux Desktop Tests (6)	UNKNOWN STEP	2026-02-25T19:50:05.3325733Z     ID: @testuser2:test.matrix.local
Linux Desktop Tests (6)	UNKNOWN STEP	2026-02-25T19:50:05.3325975Z     Password: testpass123
Linux Desktop Tests (6)	UNKNOWN STEP	2026-02-25T19:50:05.3326168Z   testadmin
Linux Desktop Tests (6)	UNKNOWN STEP	2026-02-25T19:50:05.3326341Z     ID: @testadmin:test.matrix.local
Linux Desktop Tests (6)	UNKNOWN STEP	2026-02-25T19:50:05.3326572Z     Password: testpass123
Linux Desktop Tests (6)	UNKNOWN STEP	2026-02-25T19:50:05.3326702Z 
Linux Desktop Tests (6)	UNKNOWN STEP	2026-02-25T19:50:05.3326801Z 🏠 Test Rooms:
Linux Desktop Tests (6)	UNKNOWN STEP	2026-02-25T19:50:05.3326981Z   test_general (with messages)
Linux Desktop Tests (6)	UNKNOWN STEP	2026-02-25T19:50:05.3327230Z     ID: !FwxxEAgLyLEnabFVCm:test.matrix.local
Linux Desktop Tests (6)	UNKNOWN STEP	2026-02-25T19:50:05.3327496Z   test_photos (with messages)
Linux Desktop Tests (6)	UNKNOWN STEP	2026-02-25T19:50:05.3327735Z     ID: !EqjLObDtokBVRwOEtF:test.matrix.local
Linux Desktop Tests (6)	UNKNOWN STEP	2026-02-25T19:50:05.3327983Z   test_art (empty)
Linux Desktop Tests (6)	UNKNOWN STEP	2026-02-25T19:50:05.3328183Z     ID: !dMXweBPMpnuoWyHerg:test.matrix.local
Linux Desktop Tests (6)	UNKNOWN STEP	2026-02-25T19:50:05.3328456Z   test_invite_only (with messages)
Linux Desktop Tests (6)	UNKNOWN STEP	2026-02-25T19:50:05.3328703Z     ID: !UUjVJRcvpqiWUWlCeA:test.matrix.local
Linux Desktop Tests (6)	UNKNOWN STEP	2026-02-25T19:50:05.3328957Z   test_avatar (empty)
Linux Desktop Tests (6)	UNKNOWN STEP	2026-02-25T19:50:05.3329167Z     ID: !tXCKkaRSxYfUIGqJeC:test.matrix.local
Linux Desktop Tests (6)	UNKNOWN STEP	2026-02-25T19:50:05.3329342Z 
Linux Desktop Tests (6)	UNKNOWN STEP	2026-02-25T19:50:05.3329493Z 🔑 Test Credentials for Integration Tests:
Linux Desktop Tests (6)	UNKNOWN STEP	2026-02-25T19:50:05.3329766Z   Server:    http://matrix-synapse:8008
Linux Desktop Tests (6)	UNKNOWN STEP	2026-02-25T19:50:05.3330022Z   Test User: testuser1
Linux Desktop Tests (6)	UNKNOWN STEP	2026-02-25T19:50:05.3330222Z   Password:  testpass123
Linux Desktop Tests (6)	UNKNOWN STEP	2026-02-25T19:50:05.3330353Z 
Linux Desktop Tests (6)	UNKNOWN STEP	2026-02-25T19:50:05.3330425Z Room Status:
Linux Desktop Tests (6)	UNKNOWN STEP	2026-02-25T19:50:05.3330795Z   test_general - 5 text + image/video/audio messages (for testing message lists and media rendering)
Linux Desktop Tests (6)	UNKNOWN STEP	2026-02-25T19:50:05.3331387Z   test_photos  - 3 text + image/video/audio messages (for testing photo/media content)
Linux Desktop Tests (6)	UNKNOWN STEP	2026-02-25T19:50:05.3331814Z   test_art     - 0 messages (for testing empty rooms)
Linux Desktop Tests (6)	UNKNOWN STEP	2026-02-25T19:50:05.3332168Z ✓ Logged in user: @testuser1:test.matrix.local
Linux Desktop Tests (6)	UNKNOWN STEP	2026-02-25T19:50:05.3332375Z 
Linux Desktop Tests (6)	UNKNOWN STEP	2026-02-25T19:50:05.3332506Z   📋 Public room directory has 5 room(s):
Linux Desktop Tests (6)	UNKNOWN STEP	2026-02-25T19:50:05.3332954Z     - test_avatar (!tXCKkaRSxYfUIGqJeC:test.matrix.local)
Linux Desktop Tests (6)	UNKNOWN STEP	2026-02-25T19:50:05.3333324Z     - test_art (!dMXweBPMpnuoWyHerg:test.matrix.local)
Linux Desktop Tests (6)	UNKNOWN STEP	2026-02-25T19:50:05.3333658Z     - test_general (!FwxxEAgLyLEnabFVCm:test.matrix.local)
Linux Desktop Tests (6)	UNKNOWN STEP	2026-02-25T19:50:05.3334000Z     - test_photos (!EqjLObDtokBVRwOEtF:test.matrix.local)
Linux Desktop Tests (6)	UNKNOWN STEP	2026-02-25T19:50:05.3334376Z     - test_invite_only (!UUjVJRcvpqiWUWlCeA:test.matrix.local)
Linux Desktop Tests (6)	UNKNOWN STEP	2026-02-25T19:50:05.3334627Z 
Linux Desktop Tests (6)	UNKNOWN STEP	2026-02-25T19:50:05.4843637Z ##[group]Run xvfb-run --auto-servernum --server-args="-screen 0 1280x1024x24" ./scripts/test.sh linux --no-docker --shard 6 --total-shards 7
Linux Desktop Tests (6)	UNKNOWN STEP	2026-02-25T19:50:05.4844623Z [36;1mxvfb-run --auto-servernum --server-args="-screen 0 1280x1024x24" ./scripts/test.sh linux --no-docker --shard 6 --total-shards 7[0m
Linux Desktop Tests (6)	UNKNOWN STEP	2026-02-25T19:50:05.4894309Z shell: /usr/bin/bash -e {0}
Linux Desktop Tests (6)	UNKNOWN STEP	2026-02-25T19:50:05.4894568Z env:
Linux Desktop Tests (6)	UNKNOWN STEP	2026-02-25T19:50:05.4894747Z   CACHE_VERSION: v1
Linux Desktop Tests (6)	UNKNOWN STEP	2026-02-25T19:50:05.4895183Z   FLUTTER_ROOT: /opt/hostedtoolcache/flutter/stable-3.41.2-x64
Linux Desktop Tests (6)	UNKNOWN STEP	2026-02-25T19:50:05.4895564Z   PUB_CACHE: /home/runner/.pub-cache
Linux Desktop Tests (6)	UNKNOWN STEP	2026-02-25T19:50:05.4895854Z   MATRIX_SERVER: http://localhost:8008
Linux Desktop Tests (6)	UNKNOWN STEP	2026-02-25T19:50:05.4896120Z   MATRIX_TEST_USER: testuser1
Linux Desktop Tests (6)	UNKNOWN STEP	2026-02-25T19:50:05.4896353Z   MATRIX_TEST_PASSWORD: testpass123
Linux Desktop Tests (6)	UNKNOWN STEP	2026-02-25T19:50:05.4896586Z ##[endgroup]
Linux Desktop Tests (6)	UNKNOWN STEP	2026-02-25T19:50:10.2862169Z [1m
Linux Desktop Tests (6)	UNKNOWN STEP	2026-02-25T19:50:10.2862531Z   Substitution Test Runner
Linux Desktop Tests (6)	UNKNOWN STEP	2026-02-25T19:50:10.2876177Z   2026-02-25 19:50:10
Linux Desktop Tests (6)	UNKNOWN STEP	2026-02-25T19:50:10.2876614Z   Targets: linux
Linux Desktop Tests (6)	UNKNOWN STEP	2026-02-25T19:50:10.2876997Z [0m
Linux Desktop Tests (6)	UNKNOWN STEP	2026-02-25T19:50:10.2884460Z [0;34m[INFO][0m Fetching Flutter dependencies...
Linux Desktop Tests (6)	UNKNOWN STEP	2026-02-25T19:50:11.4169874Z   unorm_dart 0.2.0 (0.3.2 available)
Linux Desktop Tests (6)	UNKNOWN STEP	2026-02-25T19:50:11.4170215Z   win32 5.15.0 (6.0.0 available)
Linux Desktop Tests (6)	UNKNOWN STEP	2026-02-25T19:50:11.4170497Z Got dependencies!
Linux Desktop Tests (6)	UNKNOWN STEP	2026-02-25T19:50:11.4171012Z 7 packages have newer versions incompatible with dependency constraints.
Linux Desktop Tests (6)	UNKNOWN STEP	2026-02-25T19:50:11.4171667Z Try `flutter pub outdated` for more information.
Linux Desktop Tests (6)	UNKNOWN STEP	2026-02-25T19:50:11.4172630Z [0;32m[OK][0m Dependencies fetched
Linux Desktop Tests (6)	UNKNOWN STEP	2026-02-25T19:50:11.4191362Z [0;34m[INFO][0m Target: linux
Linux Desktop Tests (6)	UNKNOWN STEP	2026-02-25T19:50:11.4191661Z 
Linux Desktop Tests (6)	UNKNOWN STEP	2026-02-25T19:50:11.4194089Z [1m━━━ Linux Desktop Tests ━━━[0m
Linux Desktop Tests (6)	UNKNOWN STEP	2026-02-25T19:50:11.4194552Z 
Linux Desktop Tests (6)	UNKNOWN STEP	2026-02-25T19:50:11.4200728Z [0;34m[INFO][0m Enabling Linux desktop support...
Linux Desktop Tests (6)	UNKNOWN STEP	2026-02-25T19:50:11.7106191Z [0;34m[INFO][0m Shard 6/7: running 4 of 32 files
Linux Desktop Tests (6)	UNKNOWN STEP	2026-02-25T19:50:11.7106963Z [0;34m[INFO][0m Running 4 integration test(s) on Linux...
Linux Desktop Tests (6)	UNKNOWN STEP	2026-02-25T19:50:11.7107712Z [0;34m[INFO][0m   Running: integration_test/feed_test.dart
Linux Desktop Tests (6)	UNKNOWN STEP	2026-02-25T19:50:13.2503209Z 00:00 +0: loading /home/runner/work/substitution/substitution/integration_test/feed_test.dart
Linux Desktop Tests (6)	UNKNOWN STEP	2026-02-25T19:50:49.4777979Z Building Linux application...                                   
Linux Desktop Tests (6)	UNKNOWN STEP	2026-02-25T19:50:49.4803675Z ✓ Built build/linux/x64/debug/bundle/substitution
Linux Desktop Tests (6)	UNKNOWN STEP	2026-02-25T19:50:54.3920853Z Warning: A tag was used that wasn't specified in dart_test.yaml.
Linux Desktop Tests (6)	UNKNOWN STEP	2026-02-25T19:50:54.3921560Z   integration was used in the suite itself
Linux Desktop Tests (6)	UNKNOWN STEP	2026-02-25T19:50:54.3921957Z 
Linux Desktop Tests (6)	UNKNOWN STEP	2026-02-25T19:50:54.3956008Z 00:00 +0: (setUpAll)
Linux Desktop Tests (6)	UNKNOWN STEP	2026-02-25T19:50:54.4579018Z 00:00 +0: Feed Integration Tests Feed displays posts from multiple rooms in chronological order
Linux Desktop Tests (6)	UNKNOWN STEP	2026-02-25T19:50:55.0867492Z *** sqflite warning ***
Linux Desktop Tests (6)	UNKNOWN STEP	2026-02-25T19:50:55.0867709Z 
Linux Desktop Tests (6)	UNKNOWN STEP	2026-02-25T19:50:55.0867826Z You are changing sqflite default factory.
Linux Desktop Tests (6)	UNKNOWN STEP	2026-02-25T19:50:55.0868205Z Be aware of the potential side effects. Any library using sqflite
Linux Desktop Tests (6)	UNKNOWN STEP	2026-02-25T19:50:55.0868633Z will have this factory as the default for all operations.
Linux Desktop Tests (6)	UNKNOWN STEP	2026-02-25T19:50:55.0868869Z 
Linux Desktop Tests (6)	UNKNOWN STEP	2026-02-25T19:50:55.0868950Z *** sqflite warning ***
Linux Desktop Tests (6)	UNKNOWN STEP	2026-02-25T19:50:55.0869082Z 
Linux Desktop Tests (6)	UNKNOWN STEP	2026-02-25T19:50:55.0894228Z Waiting for globalMatrixClient to be initialized...
Linux Desktop Tests (6)	UNKNOWN STEP	2026-02-25T19:50:55.1963754Z [90m[🌎 Easy Localization] [DEBUG] Localization initialized[0m
Linux Desktop Tests (6)	UNKNOWN STEP	2026-02-25T19:50:55.1988506Z [Matrix] [32mInitialize client Substitution[0m
Linux Desktop Tests (6)	UNKNOWN STEP	2026-02-25T19:50:55.2072760Z [Matrix] [32mUser is not logged in.[0m
Linux Desktop Tests (6)	UNKNOWN STEP	2026-02-25T19:50:55.2107370Z [90m[🌎 Easy Localization] [DEBUG] Start[0m
Linux Desktop Tests (6)	UNKNOWN STEP	2026-02-25T19:50:55.6169022Z [90m[🌎 Easy Localization] [DEBUG] Init state[0m
Linux Desktop Tests (6)	UNKNOWN STEP	2026-02-25T19:50:55.6182070Z [90m[🌎 Easy Localization] [DEBUG] Build[0m
Linux Desktop Tests (6)	UNKNOWN STEP	2026-02-25T19:50:55.6188930Z [90m[🌎 Easy Localization] [DEBUG] Init Localization Delegate[0m
Linux Desktop Tests (6)	UNKNOWN STEP	2026-02-25T19:50:55.6199836Z [90m[🌎 Easy Localization] [DEBUG] Init provider[0m
Linux Desktop Tests (6)	UNKNOWN STEP	2026-02-25T19:50:55.7476533Z [90m[🌎 Easy Localization] [DEBUG] Load Localization Delegate[0m
Linux Desktop Tests (6)	UNKNOWN STEP	2026-02-25T19:50:55.7484144Z [90m[🌎 Easy Localization] [DEBUG] Load asset from assets/translations[0m
Linux Desktop Tests (6)	UNKNOWN STEP	2026-02-25T19:50:55.8504487Z globalMatrixClient initialized!
Linux Desktop Tests (6)	UNKNOWN STEP	2026-02-25T19:50:55.9041272Z 00:01 +1: (tearDownAll)
Linux Desktop Tests (6)	UNKNOWN STEP	2026-02-25T19:50:55.9207816Z 00:01 +1: All tests passed!
Linux Desktop Tests (6)	UNKNOWN STEP	2026-02-25T19:50:55.9594226Z [0;34m[INFO][0m   Running: integration_test/logout_test.dart
Linux Desktop Tests (6)	UNKNOWN STEP	2026-02-25T19:50:56.9870376Z 00:00 +0: loading /home/runner/work/substitution/substitution/integration_test/logout_test.dart
Linux Desktop Tests (6)	UNKNOWN STEP	2026-02-25T19:51:22.3499717Z Building Linux application...                                   
Linux Desktop Tests (6)	UNKNOWN STEP	2026-02-25T19:51:22.3535710Z ✓ Built build/linux/x64/debug/bundle/substitution
Linux Desktop Tests (6)	UNKNOWN STEP	2026-02-25T19:51:23.0507286Z 00:00 +0: Consolidated Logout Flow Verify Logout wipes the session and local database
Linux Desktop Tests (6)	UNKNOWN STEP	2026-02-25T19:51:23.1110379Z --- setUp ---
Linux Desktop Tests (6)	UNKNOWN STEP	2026-02-25T19:51:23.5495632Z [90m[🌎 Easy Localization] [DEBUG] Localization initialized[0m
Linux Desktop Tests (6)	UNKNOWN STEP	2026-02-25T19:51:23.5526553Z [Matrix] [32mInitialize client Substitution[0m
Linux Desktop Tests (6)	UNKNOWN STEP	2026-02-25T19:51:23.5605398Z [Matrix] [32mUser is not logged in.[0m
Linux Desktop Tests (6)	UNKNOWN STEP	2026-02-25T19:51:23.5639583Z [90m[🌎 Easy Localization] [DEBUG] Start[0m
Linux Desktop Tests (6)	UNKNOWN STEP	2026-02-25T19:51:24.8833119Z [90m[🌎 Easy Localization] [DEBUG] Init state[0m
Linux Desktop Tests (6)	UNKNOWN STEP	2026-02-25T19:51:24.8847292Z [90m[🌎 Easy Localization] [DEBUG] Build[0m
Linux Desktop Tests (6)	UNKNOWN STEP	2026-02-25T19:51:24.8852089Z [90m[🌎 Easy Localization] [DEBUG] Init Localization Delegate[0m
Linux Desktop Tests (6)	UNKNOWN STEP	2026-02-25T19:51:24.8858500Z [90m[🌎 Easy Localization] [DEBUG] Init provider[0m
Linux Desktop Tests (6)	UNKNOWN STEP	2026-02-25T19:51:25.0113235Z [90m[🌎 Easy Localization] [DEBUG] Load Localization Delegate[0m
Linux Desktop Tests (6)	UNKNOWN STEP	2026-02-25T19:51:25.0122153Z [90m[🌎 Easy Localization] [DEBUG] Load asset from assets/translations[0m
Linux Desktop Tests (6)	UNKNOWN STEP	2026-02-25T19:51:26.6254112Z [90m[🌎 Easy Localization] [DEBUG] Build[0m
Linux Desktop Tests (6)	UNKNOWN STEP	2026-02-25T19:51:26.6256329Z [90m[🌎 Easy Localization] [DEBUG] Init Localization Delegate[0m
Linux Desktop Tests (6)	UNKNOWN STEP	2026-02-25T19:51:26.6258199Z [90m[🌎 Easy Localization] [DEBUG] Init provider[0m
Linux Desktop Tests (6)	UNKNOWN STEP	2026-02-25T19:51:27.2933507Z STEP: Initial Onboarding
Linux Desktop Tests (6)	UNKNOWN STEP	2026-02-25T19:51:27.2935815Z Waiting for globalMatrixClient to be initialized...
Linux Desktop Tests (6)	UNKNOWN STEP	2026-02-25T19:51:27.2936399Z globalMatrixClient initialized!
Linux Desktop Tests (6)	UNKNOWN STEP	2026-02-25T19:51:31.8114410Z STEP: Entering Homeserver
Linux Desktop Tests (6)	UNKNOWN STEP	2026-02-25T19:51:32.5275837Z STEP: Entering Credentials
Linux Desktop Tests (6)	UNKNOWN STEP	2026-02-25T19:51:33.6106056Z STEP: Final Introduction Check
Linux Desktop Tests (6)	UNKNOWN STEP	2026-02-25T19:51:33.9059749Z [Matrix] [32mInitialize client Substitution[0m
Linux Desktop Tests (6)	UNKNOWN STEP	2026-02-25T19:51:33.9328224Z [Matrix] [32mSuccessfully connected as testuser1 with http://localhost:8008[0m
Linux Desktop Tests (6)	UNKNOWN STEP	2026-02-25T19:51:35.3591426Z checking room test_general id: !FwxxEAgLyLEnabFVCm:test.matrix.local
Linux Desktop Tests (6)	UNKNOWN STEP	2026-02-25T19:51:35.3592548Z checking room test_avatar id: !tXCKkaRSxYfUIGqJeC:test.matrix.local
Linux Desktop Tests (6)	UNKNOWN STEP	2026-02-25T19:51:35.3598387Z checking room test_photos id: !EqjLObDtokBVRwOEtF:test.matrix.local
Linux Desktop Tests (6)	UNKNOWN STEP	2026-02-25T19:51:35.3599077Z checking room test_art id: !dMXweBPMpnuoWyHerg:test.matrix.local
Linux Desktop Tests (6)	UNKNOWN STEP	2026-02-25T19:51:35.3599746Z checking room test_invite_only id: !UUjVJRcvpqiWUWlCeA:test.matrix.local
Linux Desktop Tests (6)	UNKNOWN STEP	2026-02-25T19:51:35.3601946Z start quering new events...
Linux Desktop Tests (6)	UNKNOWN STEP	2026-02-25T19:51:35.3609269Z finished...
Linux Desktop Tests (6)	UNKNOWN STEP	2026-02-25T19:51:35.3613091Z ret is empty...
Linux Desktop Tests (6)	UNKNOWN STEP	2026-02-25T19:51:35.3614750Z no new things to append...
Linux Desktop Tests (6)	UNKNOWN STEP	2026-02-25T19:51:36.1790585Z STEP: Waiting for Main Feed
Linux Desktop Tests (6)	UNKNOWN STEP	2026-02-25T19:51:36.4113142Z STEP: Logout Flow
Linux Desktop Tests (6)	UNKNOWN STEP	2026-02-25T19:51:37.5062444Z [Matrix] [33mCurrent sync request ID has changed. Dropping this sync loop![0m
Linux Desktop Tests (6)	UNKNOWN STEP	2026-02-25T19:51:38.0046993Z Consolidated Logout test passed successfully
Linux Desktop Tests (6)	UNKNOWN STEP	2026-02-25T19:51:38.0275475Z --- tearDown ---
Linux Desktop Tests (6)	UNKNOWN STEP	2026-02-25T19:51:38.0368975Z 00:14 +1: (tearDownAll)
Linux Desktop Tests (6)	UNKNOWN STEP	2026-02-25T19:51:38.0517260Z 00:15 +1: All tests passed!
Linux Desktop Tests (6)	UNKNOWN STEP	2026-02-25T19:51:38.0964655Z [0;34m[INFO][0m   Running: integration_test/post_creation_with_matrix_test.dart
Linux Desktop Tests (6)	UNKNOWN STEP	2026-02-25T19:51:39.1621589Z 00:00 +0: loading /home/runner/work/substitution/substitution/integration_test/post_creation_with_matrix_test.dart
Linux Desktop Tests (6)	UNKNOWN STEP	2026-02-25T19:52:05.2608569Z Building Linux application...                                   
Linux Desktop Tests (6)	UNKNOWN STEP	2026-02-25T19:52:05.2640625Z ✓ Built build/linux/x64/debug/bundle/substitution
Linux Desktop Tests (6)	UNKNOWN STEP	2026-02-25T19:52:05.9301686Z 00:00 +0: (setUpAll)
Linux Desktop Tests (6)	UNKNOWN STEP	2026-02-25T19:52:05.9506796Z 00:00 +0: Content Creation with Real Matrix Server Can compose and send a text message
Linux Desktop Tests (6)	UNKNOWN STEP	2026-02-25T19:52:06.3213859Z *** sqflite warning ***
Linux Desktop Tests (6)	UNKNOWN STEP	2026-02-25T19:52:06.3214174Z 
Linux Desktop Tests (6)	UNKNOWN STEP	2026-02-25T19:52:06.3214380Z You are changing sqflite default factory.
Linux Desktop Tests (6)	UNKNOWN STEP	2026-02-25T19:52:06.3215425Z Be aware of the potential side effects. Any library using sqflite
Linux Desktop Tests (6)	UNKNOWN STEP	2026-02-25T19:52:06.3216151Z will have this factory as the default for all operations.
Linux Desktop Tests (6)	UNKNOWN STEP	2026-02-25T19:52:06.3216569Z 
Linux Desktop Tests (6)	UNKNOWN STEP	2026-02-25T19:52:06.3216701Z *** sqflite warning ***
Linux Desktop Tests (6)	UNKNOWN STEP	2026-02-25T19:52:06.3216927Z 
Linux Desktop Tests (6)	UNKNOWN STEP	2026-02-25T19:52:06.4403613Z [90m[🌎 Easy Localization] [DEBUG] Localization initialized[0m
Linux Desktop Tests (6)	UNKNOWN STEP	2026-02-25T19:52:06.4420382Z [Matrix] [32mInitialize client Substitution[0m
Linux Desktop Tests (6)	UNKNOWN STEP	2026-02-25T19:52:06.4499090Z [Matrix] [32mUser is not logged in.[0m
Linux Desktop Tests (6)	UNKNOWN STEP	2026-02-25T19:52:06.4533994Z [90m[🌎 Easy Localization] [DEBUG] Start[0m
Linux Desktop Tests (6)	UNKNOWN STEP	2026-02-25T19:52:06.8430142Z [90m[🌎 Easy Localization] [DEBUG] Init state[0m
Linux Desktop Tests (6)	UNKNOWN STEP	2026-02-25T19:52:06.8446215Z [90m[🌎 Easy Localization] [DEBUG] Build[0m
Linux Desktop Tests (6)	UNKNOWN STEP	2026-02-25T19:52:06.8454983Z [90m[🌎 Easy Localization] [DEBUG] Init Localization Delegate[0m
Linux Desktop Tests (6)	UNKNOWN STEP	2026-02-25T19:52:06.8460804Z [90m[🌎 Easy Localization] [DEBUG] Init provider[0m
Linux Desktop Tests (6)	UNKNOWN STEP	2026-02-25T19:52:06.9721482Z [90m[🌎 Easy Localization] [DEBUG] Load Localization Delegate[0m
Linux Desktop Tests (6)	UNKNOWN STEP	2026-02-25T19:52:06.9732925Z [90m[🌎 Easy Localization] [DEBUG] Load asset from assets/translations[0m
Linux Desktop Tests (6)	UNKNOWN STEP	2026-02-25T19:52:07.5843888Z [90m[🌎 Easy Localization] [DEBUG] Build[0m
Linux Desktop Tests (6)	UNKNOWN STEP	2026-02-25T19:52:07.5845241Z [90m[🌎 Easy Localization] [DEBUG] Init Localization Delegate[0m
Linux Desktop Tests (6)	UNKNOWN STEP	2026-02-25T19:52:07.5847472Z [90m[🌎 Easy Localization] [DEBUG] Init provider[0m
Linux Desktop Tests (6)	UNKNOWN STEP	2026-02-25T19:52:09.2019315Z Waiting for globalMatrixClient to be initialized...
Linux Desktop Tests (6)	UNKNOWN STEP	2026-02-25T19:52:09.2020830Z globalMatrixClient initialized!
Linux Desktop Tests (6)	UNKNOWN STEP	2026-02-25T19:52:25.5096218Z [Matrix] [32mInitialize client Substitution[0m
Linux Desktop Tests (6)	UNKNOWN STEP	2026-02-25T19:52:25.5371294Z [Matrix] [32mSuccessfully connected as testuser1 with http://localhost:8008[0m
Linux Desktop Tests (6)	UNKNOWN STEP	2026-02-25T19:52:26.9951034Z checking room test_general id: !FwxxEAgLyLEnabFVCm:test.matrix.local
Linux Desktop Tests (6)	UNKNOWN STEP	2026-02-25T19:52:26.9951985Z checking room test_avatar id: !tXCKkaRSxYfUIGqJeC:test.matrix.local
Linux Desktop Tests (6)	UNKNOWN STEP	2026-02-25T19:52:26.9952734Z checking room test_photos id: !EqjLObDtokBVRwOEtF:test.matrix.local
Linux Desktop Tests (6)	UNKNOWN STEP	2026-02-25T19:52:26.9953426Z checking room test_art id: !dMXweBPMpnuoWyHerg:test.matrix.local
Linux Desktop Tests (6)	UNKNOWN STEP	2026-02-25T19:52:26.9954260Z checking room test_invite_only id: !UUjVJRcvpqiWUWlCeA:test.matrix.local
Linux Desktop Tests (6)	UNKNOWN STEP	2026-02-25T19:52:26.9959286Z start quering new events...
Linux Desktop Tests (6)	UNKNOWN STEP	2026-02-25T19:52:26.9962756Z finished...
Linux Desktop Tests (6)	UNKNOWN STEP	2026-02-25T19:52:26.9963061Z ret is empty...
Linux Desktop Tests (6)	UNKNOWN STEP	2026-02-25T19:52:26.9963411Z no new things to append...
Linux Desktop Tests (6)	UNKNOWN STEP	2026-02-25T19:52:27.9182448Z checking room test_general id: !FwxxEAgLyLEnabFVCm:test.matrix.local
Linux Desktop Tests (6)	UNKNOWN STEP	2026-02-25T19:52:27.9183493Z checking room test_avatar id: !tXCKkaRSxYfUIGqJeC:test.matrix.local
Linux Desktop Tests (6)	UNKNOWN STEP	2026-02-25T19:52:27.9183992Z checking room test_photos id: !EqjLObDtokBVRwOEtF:test.matrix.local
Linux Desktop Tests (6)	UNKNOWN STEP	2026-02-25T19:52:27.9188474Z checking room test_art id: !dMXweBPMpnuoWyHerg:test.matrix.local
Linux Desktop Tests (6)	UNKNOWN STEP	2026-02-25T19:52:27.9190277Z checking room test_invite_only id: !UUjVJRcvpqiWUWlCeA:test.matrix.local
Linux Desktop Tests (6)	UNKNOWN STEP	2026-02-25T19:52:27.9190939Z start quering new events...
Linux Desktop Tests (6)	UNKNOWN STEP	2026-02-25T19:52:27.9191310Z finished...
Linux Desktop Tests (6)	UNKNOWN STEP	2026-02-25T19:52:27.9191831Z ret is empty...
Linux Desktop Tests (6)	UNKNOWN STEP	2026-02-25T19:52:27.9192160Z no new things to append...
Linux Desktop Tests (6)	UNKNOWN STEP	2026-02-25T19:52:32.5520293Z ⚠ No rooms found on RoomSelectPage - skipping
Linux Desktop Tests (6)	UNKNOWN STEP	2026-02-25T19:52:32.6166735Z 00:26 +1: Content Creation with Real Matrix Server Can select room before sending message
Linux Desktop Tests (6)	UNKNOWN STEP	2026-02-25T19:52:32.6833461Z *** sqflite warning ***
Linux Desktop Tests (6)	UNKNOWN STEP	2026-02-25T19:52:32.6833749Z 
Linux Desktop Tests (6)	UNKNOWN STEP	2026-02-25T19:52:32.6834248Z You are changing sqflite default factory.
Linux Desktop Tests (6)	UNKNOWN STEP	2026-02-25T19:52:32.6834783Z Be aware of the potential side effects. Any library using sqflite
Linux Desktop Tests (6)	UNKNOWN STEP	2026-02-25T19:52:32.6835564Z will have this factory as the default for all operations.
Linux Desktop Tests (6)	UNKNOWN STEP	2026-02-25T19:52:32.6835905Z 
Linux Desktop Tests (6)	UNKNOWN STEP	2026-02-25T19:52:32.6836018Z *** sqflite warning ***
Linux Desktop Tests (6)	UNKNOWN STEP	2026-02-25T19:52:32.6836208Z 
Linux Desktop Tests (6)	UNKNOWN STEP	2026-02-25T19:52:32.7374717Z [90m[🌎 Easy Localization] [DEBUG] Localization initialized[0m
Linux Desktop Tests (6)	UNKNOWN STEP	2026-02-25T19:52:32.7376902Z [Matrix] [32mInitialize client Substitution[0m
Linux Desktop Tests (6)	UNKNOWN STEP	2026-02-25T19:52:32.7386731Z [Matrix] [32mUser is not logged in.[0m
Linux Desktop Tests (6)	UNKNOWN STEP	2026-02-25T19:52:32.7387335Z [90m[🌎 Easy Localization] [DEBUG] Start[0m
Linux Desktop Tests (6)	UNKNOWN STEP	2026-02-25T19:52:33.2014153Z 00:27 +1: Content Creation with Real Matrix Server Can compose and send a text message
Linux Desktop Tests (6)	UNKNOWN STEP	2026-02-25T19:52:33.2015489Z [90m[🌎 Easy Localization] [DEBUG] Init state[0m
Linux Desktop Tests (6)	UNKNOWN STEP	2026-02-25T19:52:33.2018179Z [90m[🌎 Easy Localization] [DEBUG] Build[0m
Linux Desktop Tests (6)	UNKNOWN STEP	2026-02-25T19:52:33.2018902Z [90m[🌎 Easy Localization] [DEBUG] Init Localization Delegate[0m
Linux Desktop Tests (6)	UNKNOWN STEP	2026-02-25T19:52:33.2024723Z [90m[🌎 Easy Localization] [DEBUG] Init provider[0m
Linux Desktop Tests (6)	UNKNOWN STEP	2026-02-25T19:52:33.2118378Z [90m[🌎 Easy Localization] [DEBUG] Load Localization Delegate[0m
Linux Desktop Tests (6)	UNKNOWN STEP	2026-02-25T19:52:33.2122862Z [90m[🌎 Easy Localization] [DEBUG] Load asset from assets/translations[0m
Linux Desktop Tests (6)	UNKNOWN STEP	2026-02-25T19:52:33.7338544Z [90m[🌎 Easy Localization] [DEBUG] Build[0m
Linux Desktop Tests (6)	UNKNOWN STEP	2026-02-25T19:52:33.7340688Z [90m[🌎 Easy Localization] [DEBUG] Init Localization Delegate[0m
Linux Desktop Tests (6)	UNKNOWN STEP	2026-02-25T19:52:33.7341629Z [90m[🌎 Easy Localization] [DEBUG] Init provider[0m
Linux Desktop Tests (6)	UNKNOWN STEP	2026-02-25T19:52:34.8056338Z 00:28 +1: Content Creation with Real Matrix Server Can select room before sending message
Linux Desktop Tests (6)	UNKNOWN STEP	2026-02-25T19:52:34.8057611Z Waiting for globalMatrixClient to be initialized...
Linux Desktop Tests (6)	UNKNOWN STEP	2026-02-25T19:52:34.8058059Z globalMatrixClient initialized!
Linux Desktop Tests (6)	UNKNOWN STEP	2026-02-25T19:52:50.8215543Z [Matrix] [32mInitialize client Substitution[0m
Linux Desktop Tests (6)	UNKNOWN STEP	2026-02-25T19:52:50.8253859Z 00:44 +1: Content Creation with Real Matrix Server Can compose and send a text message
Linux Desktop Tests (6)	UNKNOWN STEP	2026-02-25T19:52:50.8255208Z [Matrix] [33mCurrent sync request ID has changed. Dropping this sync loop![0m
Linux Desktop Tests (6)	UNKNOWN STEP	2026-02-25T19:52:50.8393305Z 00:44 +1: Content Creation with Real Matrix Server Can select room before sending message
Linux Desktop Tests (6)	UNKNOWN STEP	2026-02-25T19:52:50.8394100Z [Matrix] [32mSuccessfully connected as testuser1 with http://localhost:8008[0m
Linux Desktop Tests (6)	UNKNOWN STEP	2026-02-25T19:52:52.2315268Z 00:46 +1: Content Creation with Real Matrix Server Can compose and send a text message
Linux Desktop Tests (6)	UNKNOWN STEP	2026-02-25T19:52:52.2316152Z checking room test_general id: !FwxxEAgLyLEnabFVCm:test.matrix.local
Linux Desktop Tests (6)	UNKNOWN STEP	2026-02-25T19:52:52.2317822Z checking room test_avatar id: !tXCKkaRSxYfUIGqJeC:test.matrix.local
Linux Desktop Tests (6)	UNKNOWN STEP	2026-02-25T19:52:52.2319395Z checking room test_photos id: !EqjLObDtokBVRwOEtF:test.matrix.local
Linux Desktop Tests (6)	UNKNOWN STEP	2026-02-25T19:52:52.2320130Z checking room test_art id: !dMXweBPMpnuoWyHerg:test.matrix.local
Linux Desktop Tests (6)	UNKNOWN STEP	2026-02-25T19:52:52.2322759Z checking room test_invite_only id: !UUjVJRcvpqiWUWlCeA:test.matrix.local
Linux Desktop Tests (6)	UNKNOWN STEP	2026-02-25T19:52:52.2323442Z start quering new events...
Linux Desktop Tests (6)	UNKNOWN STEP	2026-02-25T19:52:52.2323728Z finished...
Linux Desktop Tests (6)	UNKNOWN STEP	2026-02-25T19:52:52.2324743Z ret is empty...
Linux Desktop Tests (6)	UNKNOWN STEP	2026-02-25T19:52:52.2327042Z no new things to append...
Linux Desktop Tests (6)	UNKNOWN STEP	2026-02-25T19:52:53.1687632Z checking room test_general id: !FwxxEAgLyLEnabFVCm:test.matrix.local
Linux Desktop Tests (6)	UNKNOWN STEP	2026-02-25T19:52:53.1688476Z checking room test_avatar id: !tXCKkaRSxYfUIGqJeC:test.matrix.local
Linux Desktop Tests (6)	UNKNOWN STEP	2026-02-25T19:52:53.1689198Z checking room test_photos id: !EqjLObDtokBVRwOEtF:test.matrix.local
Linux Desktop Tests (6)	UNKNOWN STEP	2026-02-25T19:52:53.1693179Z checking room test_art id: !dMXweBPMpnuoWyHerg:test.matrix.local
Linux Desktop Tests (6)	UNKNOWN STEP	2026-02-25T19:52:53.1694126Z checking room test_invite_only id: !UUjVJRcvpqiWUWlCeA:test.matrix.local
Linux Desktop Tests (6)	UNKNOWN STEP	2026-02-25T19:52:53.1695710Z start quering new events...
Linux Desktop Tests (6)	UNKNOWN STEP	2026-02-25T19:52:53.1696186Z finished...
Linux Desktop Tests (6)	UNKNOWN STEP	2026-02-25T19:52:53.1696645Z ret is empty...
Linux Desktop Tests (6)	UNKNOWN STEP	2026-02-25T19:52:53.1696971Z no new things to append...
Linux Desktop Tests (6)	UNKNOWN STEP	2026-02-25T19:52:57.8012281Z 00:51 +1: Content Creation with Real Matrix Server Can select room before sending message
Linux Desktop Tests (6)	UNKNOWN STEP	2026-02-25T19:52:57.8013330Z ⚠ No rooms found on RoomSelectPage - skipping
Linux Desktop Tests (6)	UNKNOWN STEP	2026-02-25T19:52:57.8425489Z 00:51 +2: Content Creation with Real Matrix Server Sent message appears in feed
Linux Desktop Tests (6)	UNKNOWN STEP	2026-02-25T19:52:57.9011632Z *** sqflite warning ***
Linux Desktop Tests (6)	UNKNOWN STEP	2026-02-25T19:52:57.9011948Z 
Linux Desktop Tests (6)	UNKNOWN STEP	2026-02-25T19:52:57.9012121Z You are changing sqflite default factory.
Linux Desktop Tests (6)	UNKNOWN STEP	2026-02-25T19:52:57.9012727Z Be aware of the potential side effects. Any library using sqflite
Linux Desktop Tests (6)	UNKNOWN STEP	2026-02-25T19:52:57.9013156Z will have this factory as the default for all operations.
Linux Desktop Tests (6)	UNKNOWN STEP	2026-02-25T19:52:57.9013383Z 
Linux Desktop Tests (6)	UNKNOWN STEP	2026-02-25T19:52:57.9013707Z *** sqflite warning ***
Linux Desktop Tests (6)	UNKNOWN STEP	2026-02-25T19:52:57.9013848Z 
Linux Desktop Tests (6)	UNKNOWN STEP	2026-02-25T19:52:57.9517131Z [90m[🌎 Easy Localization] [DEBUG] Localization initialized[0m
Linux Desktop Tests (6)	UNKNOWN STEP	2026-02-25T19:52:57.9519416Z [Matrix] [32mInitialize client Substitution[0m
Linux Desktop Tests (6)	UNKNOWN STEP	2026-02-25T19:52:57.9536659Z [Matrix] [32mUser is not logged in.[0m
Linux Desktop Tests (6)	UNKNOWN STEP	2026-02-25T19:52:57.9538813Z [90m[🌎 Easy Localization] [DEBUG] Start[0m
Linux Desktop Tests (6)	UNKNOWN STEP	2026-02-25T19:52:58.4177636Z 00:52 +2: Content Creation with Real Matrix Server Can compose and send a text message
Linux Desktop Tests (6)	UNKNOWN STEP	2026-02-25T19:52:58.4180421Z [90m[🌎 Easy Localization] [DEBUG] Init state[0m
Linux Desktop Tests (6)	UNKNOWN STEP	2026-02-25T19:52:58.4184920Z [90m[🌎 Easy Localization] [DEBUG] Build[0m
Linux Desktop Tests (6)	UNKNOWN STEP	2026-02-25T19:52:58.4187102Z [90m[🌎 Easy Localization] [DEBUG] Init Localization Delegate[0m
Linux Desktop Tests (6)	UNKNOWN STEP	2026-02-25T19:52:58.4187887Z [90m[🌎 Easy Localization] [DEBUG] Init provider[0m
Linux Desktop Tests (6)	UNKNOWN STEP	2026-02-25T19:52:58.4243422Z [90m[🌎 Easy Localization] [DEBUG] Load Localization Delegate[0m
Linux Desktop Tests (6)	UNKNOWN STEP	2026-02-25T19:52:58.4245543Z [90m[🌎 Easy Localization] [DEBUG] Load asset from assets/translations[0m
Linux Desktop Tests (6)	UNKNOWN STEP	2026-02-25T19:52:58.9338184Z [90m[🌎 Easy Localization] [DEBUG] Build[0m
Linux Desktop Tests (6)	UNKNOWN STEP	2026-02-25T19:52:58.9339647Z [90m[🌎 Easy Localization] [DEBUG] Init Localization Delegate[0m
Linux Desktop Tests (6)	UNKNOWN STEP	2026-02-25T19:52:58.9340634Z [90m[🌎 Easy Localization] [DEBUG] Init provider[0m
Linux Desktop Tests (6)	UNKNOWN STEP	2026-02-25T19:53:00.0056745Z 00:54 +2: Content Creation with Real Matrix Server Sent message appears in feed
Linux Desktop Tests (6)	UNKNOWN STEP	2026-02-25T19:53:00.0057550Z Waiting for globalMatrixClient to be initialized...
Linux Desktop Tests (6)	UNKNOWN STEP	2026-02-25T19:53:00.0058078Z globalMatrixClient initialized!
Linux Desktop Tests (6)	UNKNOWN STEP	2026-02-25T19:53:15.9875366Z 01:10 +2: Content Creation with Real Matrix Server Can select room before sending message
Linux Desktop Tests (6)	UNKNOWN STEP	2026-02-25T19:53:15.9877666Z [Matrix] [33mCurrent sync request ID has changed. Dropping this sync loop![0m
Linux Desktop Tests (6)	UNKNOWN STEP	2026-02-25T19:53:15.9881990Z 01:10 +2: Content Creation with Real Matrix Server Sent message appears in feed
Linux Desktop Tests (6)	UNKNOWN STEP	2026-02-25T19:53:15.9896258Z [Matrix] [32mInitialize client Substitution[0m
Linux Desktop Tests (6)	UNKNOWN STEP	2026-02-25T19:53:16.0034030Z [Matrix] [32mSuccessfully connected as testuser1 with http://localhost:8008[0m
Linux Desktop Tests (6)	UNKNOWN STEP	2026-02-25T19:53:17.4005478Z 01:11 +2: Content Creation with Real Matrix Server Can compose and send a text message
Linux Desktop Tests (6)	UNKNOWN STEP	2026-02-25T19:53:17.4006451Z checking room test_general id: !FwxxEAgLyLEnabFVCm:test.matrix.local
Linux Desktop Tests (6)	UNKNOWN STEP	2026-02-25T19:53:17.4007447Z checking room test_avatar id: !tXCKkaRSxYfUIGqJeC:test.matrix.local
Linux Desktop Tests (6)	UNKNOWN STEP	2026-02-25T19:53:17.4009893Z checking room test_photos id: !EqjLObDtokBVRwOEtF:test.matrix.local
Linux Desktop Tests (6)	UNKNOWN STEP	2026-02-25T19:53:17.4010669Z checking room test_art id: !dMXweBPMpnuoWyHerg:test.matrix.local
Linux Desktop Tests (6)	UNKNOWN STEP	2026-02-25T19:53:17.4011421Z checking room test_invite_only id: !UUjVJRcvpqiWUWlCeA:test.matrix.local
Linux Desktop Tests (6)	UNKNOWN STEP	2026-02-25T19:53:17.4012054Z start quering new events...
Linux Desktop Tests (6)	UNKNOWN STEP	2026-02-25T19:53:17.4012531Z finished...
Linux Desktop Tests (6)	UNKNOWN STEP	2026-02-25T19:53:17.4013784Z ret is empty...
Linux Desktop Tests (6)	UNKNOWN STEP	2026-02-25T19:53:17.4014101Z no new things to append...
Linux Desktop Tests (6)	UNKNOWN STEP	2026-02-25T19:53:20.3976085Z checking room test_general id: !FwxxEAgLyLEnabFVCm:test.matrix.local
Linux Desktop Tests (6)	UNKNOWN STEP	2026-02-25T19:53:20.3979118Z checking room test_avatar id: !tXCKkaRSxYfUIGqJeC:test.matrix.local
Linux Desktop Tests (6)	UNKNOWN STEP	2026-02-25T19:53:20.3979950Z checking room test_photos id: !EqjLObDtokBVRwOEtF:test.matrix.local
Linux Desktop Tests (6)	UNKNOWN STEP	2026-02-25T19:53:20.3980719Z checking room test_art id: !dMXweBPMpnuoWyHerg:test.matrix.local
Linux Desktop Tests (6)	UNKNOWN STEP	2026-02-25T19:53:20.3981496Z checking room test_invite_only id: !UUjVJRcvpqiWUWlCeA:test.matrix.local
Linux Desktop Tests (6)	UNKNOWN STEP	2026-02-25T19:53:20.3982108Z start quering new events...
Linux Desktop Tests (6)	UNKNOWN STEP	2026-02-25T19:53:20.3984473Z finished...
Linux Desktop Tests (6)	UNKNOWN STEP	2026-02-25T19:53:20.3985933Z ret is empty...
Linux Desktop Tests (6)	UNKNOWN STEP	2026-02-25T19:53:20.3986283Z no new things to append...
Linux Desktop Tests (6)	UNKNOWN STEP	2026-02-25T19:53:25.0353650Z 01:19 +2: Content Creation with Real Matrix Server Sent message appears in feed
Linux Desktop Tests (6)	UNKNOWN STEP	2026-02-25T19:53:25.0355246Z ⚠ No rooms on RoomSelectPage - skipping
Linux Desktop Tests (6)	UNKNOWN STEP	2026-02-25T19:53:25.0767945Z 01:19 +3: Content Creation with Real Matrix Server Can create text post with formatting
Linux Desktop Tests (6)	UNKNOWN STEP	2026-02-25T19:53:25.1339991Z *** sqflite warning ***
Linux Desktop Tests (6)	UNKNOWN STEP	2026-02-25T19:53:25.1340670Z 
Linux Desktop Tests (6)	UNKNOWN STEP	2026-02-25T19:53:25.1341206Z You are changing sqflite default factory.
Linux Desktop Tests (6)	UNKNOWN STEP	2026-02-25T19:53:25.1342474Z Be aware of the potential side effects. Any library using sqflite
Linux Desktop Tests (6)	UNKNOWN STEP	2026-02-25T19:53:25.1347498Z will have this factory as the default for all operations.
Linux Desktop Tests (6)	UNKNOWN STEP	2026-02-25T19:53:25.1348003Z 
Linux Desktop Tests (6)	UNKNOWN STEP	2026-02-25T19:53:25.1348255Z *** sqflite warning ***
Linux Desktop Tests (6)	UNKNOWN STEP	2026-02-25T19:53:25.1348469Z 
Linux Desktop Tests (6)	UNKNOWN STEP	2026-02-25T19:53:25.1875645Z [90m[🌎 Easy Localization] [DEBUG] Localization initialized[0m
Linux Desktop Tests (6)	UNKNOWN STEP	2026-02-25T19:53:25.1876535Z [Matrix] [32mInitialize client Substitution[0m
Linux Desktop Tests (6)	UNKNOWN STEP	2026-02-25T19:53:25.1892335Z [Matrix] [32mUser is not logged in.[0m
Linux Desktop Tests (6)	UNKNOWN STEP	2026-02-25T19:53:25.1894187Z [90m[🌎 Easy Localization] [DEBUG] Start[0m
Linux Desktop Tests (6)	UNKNOWN STEP	2026-02-25T19:53:25.6518021Z 01:19 +3: Content Creation with Real Matrix Server Can compose and send a text message
Linux Desktop Tests (6)	UNKNOWN STEP	2026-02-25T19:53:25.6519148Z [90m[🌎 Easy Localization] [DEBUG] Init state[0m
Linux Desktop Tests (6)	UNKNOWN STEP	2026-02-25T19:53:25.6522194Z [90m[🌎 Easy Localization] [DEBUG] Build[0m
Linux Desktop Tests (6)	UNKNOWN STEP	2026-02-25T19:53:25.6522960Z [90m[🌎 Easy Localization] [DEBUG] Init Localization Delegate[0m
Linux Desktop Tests (6)	UNKNOWN STEP	2026-02-25T19:53:25.6523734Z [90m[🌎 Easy Localization] [DEBUG] Init provider[0m
Linux Desktop Tests (6)	UNKNOWN STEP	2026-02-25T19:53:25.6577777Z [90m[🌎 Easy Localization] [DEBUG] Load Localization Delegate[0m
Linux Desktop Tests (6)	UNKNOWN STEP	2026-02-25T19:53:25.6579544Z [90m[🌎 Easy Localization] [DEBUG] Load asset from assets/translations[0m
Linux Desktop Tests (6)	UNKNOWN STEP	2026-02-25T19:53:26.1667789Z [90m[🌎 Easy Localization] [DEBUG] Build[0m
Linux Desktop Tests (6)	UNKNOWN STEP	2026-02-25T19:53:26.1669471Z [90m[🌎 Easy Localization] [DEBUG] Init Localization Delegate[0m
Linux Desktop Tests (6)	UNKNOWN STEP	2026-02-25T19:53:26.1670214Z [90m[🌎 Easy Localization] [DEBUG] Init provider[0m
Linux Desktop Tests (6)	UNKNOWN STEP	2026-02-25T19:53:27.2487089Z 01:21 +3: Content Creation with Real Matrix Server Can create text post with formatting
Linux Desktop Tests (6)	UNKNOWN STEP	2026-02-25T19:53:27.2487755Z Waiting for globalMatrixClient to be initialized...
Linux Desktop Tests (6)	UNKNOWN STEP	2026-02-25T19:53:27.2488096Z globalMatrixClient initialized!
Linux Desktop Tests (6)	UNKNOWN STEP	2026-02-25T19:53:43.1999998Z 01:37 +3: Content Creation with Real Matrix Server Sent message appears in feed
Linux Desktop Tests (6)	UNKNOWN STEP	2026-02-25T19:53:43.2004677Z [Matrix] [33mCurrent sync request ID has changed. Dropping this sync loop![0m
Linux Desktop Tests (6)	UNKNOWN STEP	2026-02-25T19:53:43.2007901Z 01:37 +3: Content Creation with Real Matrix Server Can create text post with formatting
Linux Desktop Tests (6)	UNKNOWN STEP	2026-02-25T19:53:43.2008870Z [Matrix] [32mInitialize client Substitution[0m
Linux Desktop Tests (6)	UNKNOWN STEP	2026-02-25T19:53:43.2162956Z [Matrix] [32mSuccessfully connected as testuser1 with http://localhost:8008[0m
Linux Desktop Tests (6)	UNKNOWN STEP	2026-02-25T19:53:44.5981477Z 01:38 +3: Content Creation with Real Matrix Server Can compose and send a text message
Linux Desktop Tests (6)	UNKNOWN STEP	2026-02-25T19:53:44.5982678Z checking room test_general id: !FwxxEAgLyLEnabFVCm:test.matrix.local
Linux Desktop Tests (6)	UNKNOWN STEP	2026-02-25T19:53:44.5984590Z checking room test_avatar id: !tXCKkaRSxYfUIGqJeC:test.matrix.local
Linux Desktop Tests (6)	UNKNOWN STEP	2026-02-25T19:53:44.5985612Z checking room test_photos id: !EqjLObDtokBVRwOEtF:test.matrix.local
Linux Desktop Tests (6)	UNKNOWN STEP	2026-02-25T19:53:44.5986521Z checking room test_art id: !dMXweBPMpnuoWyHerg:test.matrix.local
Linux Desktop Tests (6)	UNKNOWN STEP	2026-02-25T19:53:44.5987317Z checking room test_invite_only id: !UUjVJRcvpqiWUWlCeA:test.matrix.local
Linux Desktop Tests (6)	UNKNOWN STEP	2026-02-25T19:53:44.5987759Z start quering new events...
Linux Desktop Tests (6)	UNKNOWN STEP	2026-02-25T19:53:44.5987974Z finished...
Linux Desktop Tests (6)	UNKNOWN STEP	2026-02-25T19:53:44.5989055Z ret is empty...
Linux Desktop Tests (6)	UNKNOWN STEP	2026-02-25T19:53:44.5989936Z no new things to append...
Linux Desktop Tests (6)	UNKNOWN STEP	2026-02-25T19:53:45.5471476Z checking room test_general id: !FwxxEAgLyLEnabFVCm:test.matrix.local
Linux Desktop Tests (6)	UNKNOWN STEP	2026-02-25T19:53:45.5472347Z checking room test_avatar id: !tXCKkaRSxYfUIGqJeC:test.matrix.local
Linux Desktop Tests (6)	UNKNOWN STEP	2026-02-25T19:53:45.5474963Z checking room test_photos id: !EqjLObDtokBVRwOEtF:test.matrix.local
Linux Desktop Tests (6)	UNKNOWN STEP	2026-02-25T19:53:45.5475975Z checking room test_art id: !dMXweBPMpnuoWyHerg:test.matrix.local
Linux Desktop Tests (6)	UNKNOWN STEP	2026-02-25T19:53:45.5476747Z checking room test_invite_only id: !UUjVJRcvpqiWUWlCeA:test.matrix.local
Linux Desktop Tests (6)	UNKNOWN STEP	2026-02-25T19:53:45.5477377Z start quering new events...
Linux Desktop Tests (6)	UNKNOWN STEP	2026-02-25T19:53:45.5477734Z finished...
Linux Desktop Tests (6)	UNKNOWN STEP	2026-02-25T19:53:45.5480595Z ret is empty...
Linux Desktop Tests (6)	UNKNOWN STEP	2026-02-25T19:53:45.5481278Z no new things to append...
Linux Desktop Tests (6)	UNKNOWN STEP	2026-02-25T19:53:50.1852688Z 01:44 +3: Content Creation with Real Matrix Server Can create text post with formatting
Linux Desktop Tests (6)	UNKNOWN STEP	2026-02-25T19:53:50.1853620Z ⚠ No rooms on RoomSelectPage - skipping
Linux Desktop Tests (6)	UNKNOWN STEP	2026-02-25T19:53:50.2241841Z 01:44 +4: Content Creation with Real Matrix Server Message appears in correct room (test_general)
Linux Desktop Tests (6)	UNKNOWN STEP	2026-02-25T19:53:50.2807854Z *** sqflite warning ***
Linux Desktop Tests (6)	UNKNOWN STEP	2026-02-25T19:53:50.2808605Z 
Linux Desktop Tests (6)	UNKNOWN STEP	2026-02-25T19:53:50.2809195Z You are changing sqflite default factory.
Linux Desktop Tests (6)	UNKNOWN STEP	2026-02-25T19:53:50.2811194Z Be aware of the potential side effects. Any library using sqflite
Linux Desktop Tests (6)	UNKNOWN STEP	2026-02-25T19:53:50.2811862Z will have this factory as the default for all operations.
Linux Desktop Tests (6)	UNKNOWN STEP	2026-02-25T19:53:50.2812245Z 
Linux Desktop Tests (6)	UNKNOWN STEP	2026-02-25T19:53:50.2812381Z *** sqflite warning ***
Linux Desktop Tests (6)	UNKNOWN STEP	2026-02-25T19:53:50.2812595Z 
Linux Desktop Tests (6)	UNKNOWN STEP	2026-02-25T19:53:50.3323263Z [90m[🌎 Easy Localization] [DEBUG] Localization initialized[0m
Linux Desktop Tests (6)	UNKNOWN STEP	2026-02-25T19:53:50.3324262Z [Matrix] [32mInitialize client Substitution[0m
Linux Desktop Tests (6)	UNKNOWN STEP	2026-02-25T19:53:50.3341992Z [Matrix] [32mUser is not logged in.[0m
Linux Desktop Tests (6)	UNKNOWN STEP	2026-02-25T19:53:50.3343934Z [90m[🌎 Easy Localization] [DEBUG] Start[0m
Linux Desktop Tests (6)	UNKNOWN STEP	2026-02-25T19:53:50.7847136Z 01:44 +4: Content Creation with Real Matrix Server Can compose and send a text message
Linux Desktop Tests (6)	UNKNOWN STEP	2026-02-25T19:53:50.7848709Z [90m[🌎 Easy Localization] [DEBUG] Init state[0m
Linux Desktop Tests (6)	UNKNOWN STEP	2026-02-25T19:53:50.7849466Z [90m[🌎 Easy Localization] [DEBUG] Build[0m
Linux Desktop Tests (6)	UNKNOWN STEP	2026-02-25T19:53:50.7851586Z [90m[🌎 Easy Localization] [DEBUG] Init Localization Delegate[0m
Linux Desktop Tests (6)	UNKNOWN STEP	2026-02-25T19:53:50.7852067Z [90m[🌎 Easy Localization] [DEBUG] Init provider[0m
Linux Desktop Tests (6)	UNKNOWN STEP	2026-02-25T19:53:50.7901222Z [90m[🌎 Easy Localization] [DEBUG] Load Localization Delegate[0m
Linux Desktop Tests (6)	UNKNOWN STEP	2026-02-25T19:53:50.7903120Z [90m[🌎 Easy Localization] [DEBUG] Load asset from assets/translations[0m
Linux Desktop Tests (6)	UNKNOWN STEP	2026-02-25T19:53:51.3006328Z [90m[🌎 Easy Localization] [DEBUG] Build[0m
Linux Desktop Tests (6)	UNKNOWN STEP	2026-02-25T19:53:51.3007886Z [90m[🌎 Easy Localization] [DEBUG] Init Localization Delegate[0m
Linux Desktop Tests (6)	UNKNOWN STEP	2026-02-25T19:53:51.3010110Z [90m[🌎 Easy Localization] [DEBUG] Init provider[0m
Linux Desktop Tests (6)	UNKNOWN STEP	2026-02-25T19:53:52.3714916Z 01:46 +4: Content Creation with Real Matrix Server Message appears in correct room (test_general)
Linux Desktop Tests (6)	UNKNOWN STEP	2026-02-25T19:53:52.3715711Z Waiting for globalMatrixClient to be initialized...
Linux Desktop Tests (6)	UNKNOWN STEP	2026-02-25T19:53:52.3716034Z globalMatrixClient initialized!
Linux Desktop Tests (6)	UNKNOWN STEP	2026-02-25T19:54:08.2821324Z 02:02 +4: Content Creation with Real Matrix Server Can create text post with formatting
Linux Desktop Tests (6)	UNKNOWN STEP	2026-02-25T19:54:08.2822903Z [Matrix] [33mCurrent sync request ID has changed. Dropping this sync loop![0m
Linux Desktop Tests (6)	UNKNOWN STEP	2026-02-25T19:54:08.2838955Z 02:02 +4: Content Creation with Real Matrix Server Message appears in correct room (test_general)
Linux Desktop Tests (6)	UNKNOWN STEP	2026-02-25T19:54:08.2839898Z [Matrix] [32mInitialize client Substitution[0m
Linux Desktop Tests (6)	UNKNOWN STEP	2026-02-25T19:54:08.2991874Z [Matrix] [32mSuccessfully connected as testuser1 with http://localhost:8008[0m
Linux Desktop Tests (6)	UNKNOWN STEP	2026-02-25T19:54:09.6996948Z 02:03 +4: Content Creation with Real Matrix Server Can compose and send a text message
Linux Desktop Tests (6)	UNKNOWN STEP	2026-02-25T19:54:09.6997887Z checking room test_general id: !FwxxEAgLyLEnabFVCm:test.matrix.local
Linux Desktop Tests (6)	UNKNOWN STEP	2026-02-25T19:54:09.6998752Z checking room test_avatar id: !tXCKkaRSxYfUIGqJeC:test.matrix.local
Linux Desktop Tests (6)	UNKNOWN STEP	2026-02-25T19:54:09.6999311Z checking room test_photos id: !EqjLObDtokBVRwOEtF:test.matrix.local
Linux Desktop Tests (6)	UNKNOWN STEP	2026-02-25T19:54:09.6999753Z checking room test_art id: !dMXweBPMpnuoWyHerg:test.matrix.local
Linux Desktop Tests (6)	UNKNOWN STEP	2026-02-25T19:54:09.7000204Z checking room test_invite_only id: !UUjVJRcvpqiWUWlCeA:test.matrix.local
Linux Desktop Tests (6)	UNKNOWN STEP	2026-02-25T19:54:09.7000575Z start quering new events...
Linux Desktop Tests (6)	UNKNOWN STEP	2026-02-25T19:54:09.7000815Z finished...
Linux Desktop Tests (6)	UNKNOWN STEP	2026-02-25T19:54:09.7000989Z ret is empty...
Linux Desktop Tests (6)	UNKNOWN STEP	2026-02-25T19:54:09.7001171Z no new things to append...
Linux Desktop Tests (6)	UNKNOWN STEP	2026-02-25T19:54:10.6292135Z checking room test_general id: !FwxxEAgLyLEnabFVCm:test.matrix.local
Linux Desktop Tests (6)	UNKNOWN STEP	2026-02-25T19:54:10.6294819Z checking room test_avatar id: !tXCKkaRSxYfUIGqJeC:test.matrix.local
Linux Desktop Tests (6)	UNKNOWN STEP	2026-02-25T19:54:10.6297542Z checking room test_photos id: !EqjLObDtokBVRwOEtF:test.matrix.local
Linux Desktop Tests (6)	UNKNOWN STEP	2026-02-25T19:54:10.6298337Z checking room test_art id: !dMXweBPMpnuoWyHerg:test.matrix.local
Linux Desktop Tests (6)	UNKNOWN STEP	2026-02-25T19:54:10.6299129Z checking room test_invite_only id: !UUjVJRcvpqiWUWlCeA:test.matrix.local
Linux Desktop Tests (6)	UNKNOWN STEP	2026-02-25T19:54:10.6300046Z start quering new events...
Linux Desktop Tests (6)	UNKNOWN STEP	2026-02-25T19:54:10.6300428Z finished...
Linux Desktop Tests (6)	UNKNOWN STEP	2026-02-25T19:54:10.6300708Z ret is empty...
Linux Desktop Tests (6)	UNKNOWN STEP	2026-02-25T19:54:10.6384604Z no new things to append...
Linux Desktop Tests (6)	UNKNOWN STEP	2026-02-25T19:54:15.2681813Z 02:09 +4: Content Creation with Real Matrix Server Message appears in correct room (test_general)
Linux Desktop Tests (6)	UNKNOWN STEP	2026-02-25T19:54:15.2682929Z ⚠ No rooms on RoomSelectPage - skipping
Linux Desktop Tests (6)	UNKNOWN STEP	2026-02-25T19:54:15.3065948Z 02:09 +5: Content Creation with Real Matrix Server Multiple users can send messages to same room
Linux Desktop Tests (6)	UNKNOWN STEP	2026-02-25T19:54:15.3607063Z *** sqflite warning ***
Linux Desktop Tests (6)	UNKNOWN STEP	2026-02-25T19:54:15.3607380Z 
Linux Desktop Tests (6)	UNKNOWN STEP	2026-02-25T19:54:15.3607552Z You are changing sqflite default factory.
Linux Desktop Tests (6)	UNKNOWN STEP	2026-02-25T19:54:15.3608158Z Be aware of the potential side effects. Any library using sqflite
Linux Desktop Tests (6)	UNKNOWN STEP	2026-02-25T19:54:15.3608832Z will have this factory as the default for all operations.
Linux Desktop Tests (6)	UNKNOWN STEP	2026-02-25T19:54:15.3609217Z 
Linux Desktop Tests (6)	UNKNOWN STEP	2026-02-25T19:54:15.3609352Z *** sqflite warning ***
Linux Desktop Tests (6)	UNKNOWN STEP	2026-02-25T19:54:15.3609568Z 
Linux Desktop Tests (6)	UNKNOWN STEP	2026-02-25T19:54:15.4097753Z [90m[🌎 Easy Localization] [DEBUG] Localization initialized[0m
Linux Desktop Tests (6)	UNKNOWN STEP	2026-02-25T19:54:15.4098696Z [Matrix] [32mInitialize client Substitution[0m
Linux Desktop Tests (6)	UNKNOWN STEP	2026-02-25T19:54:15.4113239Z [Matrix] [32mUser is not logged in.[0m
Linux Desktop Tests (6)	UNKNOWN STEP	2026-02-25T19:54:15.4114747Z [90m[🌎 Easy Localization] [DEBUG] Start[0m
Linux Desktop Tests (6)	UNKNOWN STEP	2026-02-25T19:54:15.8673629Z 02:09 +5: Content Creation with Real Matrix Server Can compose and send a text message
Linux Desktop Tests (6)	UNKNOWN STEP	2026-02-25T19:54:15.8676292Z [90m[🌎 Easy Localization] [DEBUG] Init state[0m
Linux Desktop Tests (6)	UNKNOWN STEP	2026-02-25T19:54:15.8676925Z [90m[🌎 Easy Localization] [DEBUG] Build[0m
Linux Desktop Tests (6)	UNKNOWN STEP	2026-02-25T19:54:15.8677645Z [90m[🌎 Easy Localization] [DEBUG] Init Localization Delegate[0m
Linux Desktop Tests (6)	UNKNOWN STEP	2026-02-25T19:54:15.8678387Z [90m[🌎 Easy Localization] [DEBUG] Init provider[0m
Linux Desktop Tests (6)	UNKNOWN STEP	2026-02-25T19:54:15.8720331Z [90m[🌎 Easy Localization] [DEBUG] Load Localization Delegate[0m
Linux Desktop Tests (6)	UNKNOWN STEP	2026-02-25T19:54:15.8722155Z [90m[🌎 Easy Localization] [DEBUG] Load asset from assets/translations[0m
Linux Desktop Tests (6)	UNKNOWN STEP	2026-02-25T19:54:16.3836452Z [90m[🌎 Easy Localization] [DEBUG] Build[0m
Linux Desktop Tests (6)	UNKNOWN STEP	2026-02-25T19:54:16.3838824Z [90m[🌎 Easy Localization] [DEBUG] Init Localization Delegate[0m
Linux Desktop Tests (6)	UNKNOWN STEP	2026-02-25T19:54:16.3840003Z [90m[🌎 Easy Localization] [DEBUG] Init provider[0m
Linux Desktop Tests (6)	UNKNOWN STEP	2026-02-25T19:54:17.4544158Z 02:11 +5: Content Creation with Real Matrix Server Multiple users can send messages to same room
Linux Desktop Tests (6)	UNKNOWN STEP	2026-02-25T19:54:17.4545252Z Waiting for globalMatrixClient to be initialized...
Linux Desktop Tests (6)	UNKNOWN STEP	2026-02-25T19:54:17.4545588Z globalMatrixClient initialized!
Linux Desktop Tests (6)	UNKNOWN STEP	2026-02-25T19:54:33.4012193Z 02:27 +5: Content Creation with Real Matrix Server Message appears in correct room (test_general)
Linux Desktop Tests (6)	UNKNOWN STEP	2026-02-25T19:54:33.4014071Z [Matrix] [33mCurrent sync request ID has changed. Dropping this sync loop![0m
Linux Desktop Tests (6)	UNKNOWN STEP	2026-02-25T19:54:33.4026893Z 02:27 +5: Content Creation with Real Matrix Server Multiple users can send messages to same room
Linux Desktop Tests (6)	UNKNOWN STEP	2026-02-25T19:54:33.4027936Z [Matrix] [32mInitialize client Substitution[0m
Linux Desktop Tests (6)	UNKNOWN STEP	2026-02-25T19:54:33.4178722Z [Matrix] [32mSuccessfully connected as testuser1 with http://localhost:8008[0m
Linux Desktop Tests (6)	UNKNOWN STEP	2026-02-25T19:54:34.7956278Z 02:28 +5: Content Creation with Real Matrix Server Can compose and send a text message
Linux Desktop Tests (6)	UNKNOWN STEP	2026-02-25T19:54:34.7957649Z checking room test_general id: !FwxxEAgLyLEnabFVCm:test.matrix.local
Linux Desktop Tests (6)	UNKNOWN STEP	2026-02-25T19:54:34.7958445Z checking room test_avatar id: !tXCKkaRSxYfUIGqJeC:test.matrix.local
Linux Desktop Tests (6)	UNKNOWN STEP	2026-02-25T19:54:34.7959219Z checking room test_photos id: !EqjLObDtokBVRwOEtF:test.matrix.local
Linux Desktop Tests (6)	UNKNOWN STEP	2026-02-25T19:54:34.7959999Z checking room test_art id: !dMXweBPMpnuoWyHerg:test.matrix.local
Linux Desktop Tests (6)	UNKNOWN STEP	2026-02-25T19:54:34.7970337Z checking room test_invite_only id: !UUjVJRcvpqiWUWlCeA:test.matrix.local
Linux Desktop Tests (6)	UNKNOWN STEP	2026-02-25T19:54:34.7971043Z start quering new events...
Linux Desktop Tests (6)	UNKNOWN STEP	2026-02-25T19:54:34.7971437Z finished...
Linux Desktop Tests (6)	UNKNOWN STEP	2026-02-25T19:54:34.7971893Z ret is empty...
Linux Desktop Tests (6)	UNKNOWN STEP	2026-02-25T19:54:34.7972454Z no new things to append...
Linux Desktop Tests (6)	UNKNOWN STEP	2026-02-25T19:54:37.8120337Z checking room test_general id: !FwxxEAgLyLEnabFVCm:test.matrix.local
Linux Desktop Tests (6)	UNKNOWN STEP	2026-02-25T19:54:37.8121824Z checking room test_avatar id: !tXCKkaRSxYfUIGqJeC:test.matrix.local
Linux Desktop Tests (6)	UNKNOWN STEP	2026-02-25T19:54:37.8124250Z checking room test_photos id: !EqjLObDtokBVRwOEtF:test.matrix.local
Linux Desktop Tests (6)	UNKNOWN STEP	2026-02-25T19:54:37.8126910Z checking room test_art id: !dMXweBPMpnuoWyHerg:test.matrix.local
Linux Desktop Tests (6)	UNKNOWN STEP	2026-02-25T19:54:37.8127717Z checking room test_invite_only id: !UUjVJRcvpqiWUWlCeA:test.matrix.local
Linux Desktop Tests (6)	UNKNOWN STEP	2026-02-25T19:54:37.8129125Z start quering new events...
Linux Desktop Tests (6)	UNKNOWN STEP	2026-02-25T19:54:37.8129522Z finished...
Linux Desktop Tests (6)	UNKNOWN STEP	2026-02-25T19:54:37.8129844Z ret is empty...
Linux Desktop Tests (6)	UNKNOWN STEP	2026-02-25T19:54:37.8130797Z no new things to append...
Linux Desktop Tests (6)	UNKNOWN STEP	2026-02-25T19:54:42.4520766Z 02:36 +5: Content Creation with Real Matrix Server Multiple users can send messages to same room
Linux Desktop Tests (6)	UNKNOWN STEP	2026-02-25T19:54:42.4521844Z ✓ Multiple users can send messages
Linux Desktop Tests (6)	UNKNOWN STEP	2026-02-25T19:54:42.4902656Z 02:36 +6: Content Creation with Real Matrix Server Can upload an image to the feed
Linux Desktop Tests (6)	UNKNOWN STEP	2026-02-25T19:54:42.5460151Z *** sqflite warning ***
Linux Desktop Tests (6)	UNKNOWN STEP	2026-02-25T19:54:42.5460511Z 
Linux Desktop Tests (6)	UNKNOWN STEP	2026-02-25T19:54:42.5463013Z You are changing sqflite default factory.
Linux Desktop Tests (6)	UNKNOWN STEP	2026-02-25T19:54:42.5463500Z Be aware of the potential side effects. Any library using sqflite
Linux Desktop Tests (6)	UNKNOWN STEP	2026-02-25T19:54:42.5463906Z will have this factory as the default for all operations.
Linux Desktop Tests (6)	UNKNOWN STEP	2026-02-25T19:54:42.5464175Z 
Linux Desktop Tests (6)	UNKNOWN STEP	2026-02-25T19:54:42.5464252Z *** sqflite warning ***
Linux Desktop Tests (6)	UNKNOWN STEP	2026-02-25T19:54:42.5464386Z 
Linux Desktop Tests (6)	UNKNOWN STEP	2026-02-25T19:54:42.5950124Z [90m[🌎 Easy Localization] [DEBUG] Localization initialized[0m
Linux Desktop Tests (6)	UNKNOWN STEP	2026-02-25T19:54:42.5951082Z [Matrix] [32mInitialize client Substitution[0m
Linux Desktop Tests (6)	UNKNOWN STEP	2026-02-25T19:54:42.5967298Z [Matrix] [32mUser is not logged in.[0m
Linux Desktop Tests (6)	UNKNOWN STEP	2026-02-25T19:54:42.5968948Z [90m[🌎 Easy Localization] [DEBUG] Start[0m
Linux Desktop Tests (6)	UNKNOWN STEP	2026-02-25T19:54:43.0513936Z 02:37 +6: Content Creation with Real Matrix Server Can compose and send a text message
Linux Desktop Tests (6)	UNKNOWN STEP	2026-02-25T19:54:43.0516518Z [90m[🌎 Easy Localization] [DEBUG] Init state[0m
Linux Desktop Tests (6)	UNKNOWN STEP	2026-02-25T19:54:43.0517140Z [90m[🌎 Easy Localization] [DEBUG] Build[0m
Linux Desktop Tests (6)	UNKNOWN STEP	2026-02-25T19:54:43.0517861Z [90m[🌎 Easy Localization] [DEBUG] Init Localization Delegate[0m
Linux Desktop Tests (6)	UNKNOWN STEP	2026-02-25T19:54:43.0518597Z [90m[🌎 Easy Localization] [DEBUG] Init provider[0m
Linux Desktop Tests (6)	UNKNOWN STEP	2026-02-25T19:54:43.0558601Z [90m[🌎 Easy Localization] [DEBUG] Load Localization Delegate[0m
Linux Desktop Tests (6)	UNKNOWN STEP	2026-02-25T19:54:43.0560083Z [90m[🌎 Easy Localization] [DEBUG] Load asset from assets/translations[0m
Linux Desktop Tests (6)	UNKNOWN STEP	2026-02-25T19:54:43.5665707Z [90m[🌎 Easy Localization] [DEBUG] Build[0m
Linux Desktop Tests (6)	UNKNOWN STEP	2026-02-25T19:54:43.5666535Z [90m[🌎 Easy Localization] [DEBUG] Init Localization Delegate[0m
Linux Desktop Tests (6)	UNKNOWN STEP	2026-02-25T19:54:43.5667325Z [90m[🌎 Easy Localization] [DEBUG] Init provider[0m
Linux Desktop Tests (6)	UNKNOWN STEP	2026-02-25T19:54:44.6384159Z 02:38 +6: Content Creation with Real Matrix Server Can upload an image to the feed
Linux Desktop Tests (6)	UNKNOWN STEP	2026-02-25T19:54:44.6384659Z Waiting for globalMatrixClient to be initialized...
Linux Desktop Tests (6)	UNKNOWN STEP	2026-02-25T19:54:44.6384984Z globalMatrixClient initialized!
Linux Desktop Tests (6)	UNKNOWN STEP	2026-02-25T19:55:00.5662449Z 02:54 +6: Content Creation with Real Matrix Server Multiple users can send messages to same room
Linux Desktop Tests (6)	UNKNOWN STEP	2026-02-25T19:55:00.5663769Z [Matrix] [33mCurrent sync request ID has changed. Dropping this sync loop![0m
Linux Desktop Tests (6)	UNKNOWN STEP	2026-02-25T19:55:00.5682931Z 02:54 +6: Content Creation with Real Matrix Server Can upload an image to the feed
Linux Desktop Tests (6)	UNKNOWN STEP	2026-02-25T19:55:00.5683966Z [Matrix] [32mInitialize client Substitution[0m
Linux Desktop Tests (6)	UNKNOWN STEP	2026-02-25T19:55:00.5829459Z [Matrix] [32mSuccessfully connected as testuser1 with http://localhost:8008[0m
Linux Desktop Tests (6)	UNKNOWN STEP	2026-02-25T19:55:01.4412839Z 02:55 +6: Content Creation with Real Matrix Server Can compose and send a text message
Linux Desktop Tests (6)	UNKNOWN STEP	2026-02-25T19:55:01.4413813Z checking room test_general id: !FwxxEAgLyLEnabFVCm:test.matrix.local
Linux Desktop Tests (6)	UNKNOWN STEP	2026-02-25T19:55:01.4414560Z checking room test_avatar id: !tXCKkaRSxYfUIGqJeC:test.matrix.local
Linux Desktop Tests (6)	UNKNOWN STEP	2026-02-25T19:55:01.4415569Z checking room test_photos id: !EqjLObDtokBVRwOEtF:test.matrix.local
Linux Desktop Tests (6)	UNKNOWN STEP	2026-02-25T19:55:01.4416308Z checking room test_art id: !dMXweBPMpnuoWyHerg:test.matrix.local
Linux Desktop Tests (6)	UNKNOWN STEP	2026-02-25T19:55:01.4418494Z checking room test_invite_only id: !UUjVJRcvpqiWUWlCeA:test.matrix.local
Linux Desktop Tests (6)	UNKNOWN STEP	2026-02-25T19:55:01.4419828Z start quering new events...
Linux Desktop Tests (6)	UNKNOWN STEP	2026-02-25T19:55:01.4420199Z finished...
Linux Desktop Tests (6)	UNKNOWN STEP	2026-02-25T19:55:01.4420473Z ret is empty...
Linux Desktop Tests (6)	UNKNOWN STEP	2026-02-25T19:55:01.4420786Z no new things to append...
Linux Desktop Tests (6)	UNKNOWN STEP	2026-02-25T19:55:04.4791842Z checking room test_general id: !FwxxEAgLyLEnabFVCm:test.matrix.local
Linux Desktop Tests (6)	UNKNOWN STEP	2026-02-25T19:55:04.4793271Z checking room test_avatar id: !tXCKkaRSxYfUIGqJeC:test.matrix.local
Linux Desktop Tests (6)	UNKNOWN STEP	2026-02-25T19:55:04.4794549Z checking room test_photos id: !EqjLObDtokBVRwOEtF:test.matrix.local
Linux Desktop Tests (6)	UNKNOWN STEP	2026-02-25T19:55:04.4795514Z checking room test_art id: !dMXweBPMpnuoWyHerg:test.matrix.local
Linux Desktop Tests (6)	UNKNOWN STEP	2026-02-25T19:55:04.4796114Z checking room test_invite_only id: !UUjVJRcvpqiWUWlCeA:test.matrix.local
Linux Desktop Tests (6)	UNKNOWN STEP	2026-02-25T19:55:04.4799424Z start quering new events...
Linux Desktop Tests (6)	UNKNOWN STEP	2026-02-25T19:55:04.4800044Z finished...
Linux Desktop Tests (6)	UNKNOWN STEP	2026-02-25T19:55:04.4800340Z ret is empty...
Linux Desktop Tests (6)	UNKNOWN STEP	2026-02-25T19:55:04.4800597Z no new things to append...
Linux Desktop Tests (6)	UNKNOWN STEP	2026-02-25T19:55:11.1852590Z 03:05 +6: Content Creation with Real Matrix Server Can upload an image to the feed
Linux Desktop Tests (6)	UNKNOWN STEP	2026-02-25T19:55:11.1854614Z ⚠ No rooms found on RoomSelectPage
Linux Desktop Tests (6)	UNKNOWN STEP	2026-02-25T19:55:11.1859280Z ⚠ Could not navigate to FileMessageWrite - skipping upload test
Linux Desktop Tests (6)	UNKNOWN STEP	2026-02-25T19:55:11.2231375Z 03:05 +7: Content Creation with Real Matrix Server Can upload a video to the feed
Linux Desktop Tests (6)	UNKNOWN STEP	2026-02-25T19:55:11.2792156Z *** sqflite warning ***
Linux Desktop Tests (6)	UNKNOWN STEP	2026-02-25T19:55:11.2792501Z 
Linux Desktop Tests (6)	UNKNOWN STEP	2026-02-25T19:55:11.2792683Z You are changing sqflite default factory.
Linux Desktop Tests (6)	UNKNOWN STEP	2026-02-25T19:55:11.2793285Z Be aware of the potential side effects. Any library using sqflite
Linux Desktop Tests (6)	UNKNOWN STEP	2026-02-25T19:55:11.2793952Z will have this factory as the default for all operations.
Linux Desktop Tests (6)	UNKNOWN STEP	2026-02-25T19:55:11.2794338Z 
Linux Desktop Tests (6)	UNKNOWN STEP	2026-02-25T19:55:11.2794458Z *** sqflite warning ***
Linux Desktop Tests (6)	UNKNOWN STEP	2026-02-25T19:55:11.2794677Z 
Linux Desktop Tests (6)	UNKNOWN STEP	2026-02-25T19:55:11.3294656Z [90m[🌎 Easy Localization] [DEBUG] Localization initialized[0m
Linux Desktop Tests (6)	UNKNOWN STEP	2026-02-25T19:55:11.3295641Z [Matrix] [32mInitialize client Substitution[0m
Linux Desktop Tests (6)	UNKNOWN STEP	2026-02-25T19:55:11.3311160Z [Matrix] [32mUser is not logged in.[0m
Linux Desktop Tests (6)	UNKNOWN STEP	2026-02-25T19:55:11.3312668Z [90m[🌎 Easy Localization] [DEBUG] Start[0m
Linux Desktop Tests (6)	UNKNOWN STEP	2026-02-25T19:55:11.7843793Z 03:05 +7: Content Creation with Real Matrix Server Can compose and send a text message
Linux Desktop Tests (6)	UNKNOWN STEP	2026-02-25T19:55:11.7845513Z [90m[🌎 Easy Localization] [DEBUG] Init state[0m
Linux Desktop Tests (6)	UNKNOWN STEP	2026-02-25T19:55:11.7846487Z [90m[🌎 Easy Localization] [DEBUG] Build[0m
Linux Desktop Tests (6)	UNKNOWN STEP	2026-02-25T19:55:11.7847256Z [90m[🌎 Easy Localization] [DEBUG] Init Localization Delegate[0m
Linux Desktop Tests (6)	UNKNOWN STEP	2026-02-25T19:55:11.7847750Z [90m[🌎 Easy Localization] [DEBUG] Init provider[0m
Linux Desktop Tests (6)	UNKNOWN STEP	2026-02-25T19:55:11.7887688Z [90m[🌎 Easy Localization] [DEBUG] Load Localization Delegate[0m
Linux Desktop Tests (6)	UNKNOWN STEP	2026-02-25T19:55:11.7889873Z [90m[🌎 Easy Localization] [DEBUG] Load asset from assets/translations[0m
Linux Desktop Tests (6)	UNKNOWN STEP	2026-02-25T19:55:12.3005470Z [90m[🌎 Easy Localization] [DEBUG] Build[0m
Linux Desktop Tests (6)	UNKNOWN STEP	2026-02-25T19:55:12.3006321Z [90m[🌎 Easy Localization] [DEBUG] Init Localization Delegate[0m
Linux Desktop Tests (6)	UNKNOWN STEP	2026-02-25T19:55:12.3007068Z [90m[🌎 Easy Localization] [DEBUG] Init provider[0m
Linux Desktop Tests (6)	UNKNOWN STEP	2026-02-25T19:55:13.3554029Z 03:07 +7: Content Creation with Real Matrix Server Can upload a video to the feed
Linux Desktop Tests (6)	UNKNOWN STEP	2026-02-25T19:55:13.3554819Z Waiting for globalMatrixClient to be initialized...
Linux Desktop Tests (6)	UNKNOWN STEP	2026-02-25T19:55:13.3555590Z globalMatrixClient initialized!
Linux Desktop Tests (6)	UNKNOWN STEP	2026-02-25T19:55:29.2828942Z 03:23 +7: Content Creation with Real Matrix Server Can upload an image to the feed
Linux Desktop Tests (6)	UNKNOWN STEP	2026-02-25T19:55:29.2830505Z [Matrix] [33mCurrent sync request ID has changed. Dropping this sync loop![0m
Linux Desktop Tests (6)	UNKNOWN STEP	2026-02-25T19:55:29.2839927Z 03:23 +7: Content Creation with Real Matrix Server Can upload a video to the feed
Linux Desktop Tests (6)	UNKNOWN STEP	2026-02-25T19:55:29.2840854Z [Matrix] [32mInitialize client Substitution[0m
Linux Desktop Tests (6)	UNKNOWN STEP	2026-02-25T19:55:29.3000449Z [Matrix] [32mSuccessfully connected as testuser1 with http://localhost:8008[0m
Linux Desktop Tests (6)	UNKNOWN STEP	2026-02-25T19:55:30.6785323Z 03:24 +7: Content Creation with Real Matrix Server Can compose and send a text message
Linux Desktop Tests (6)	UNKNOWN STEP	2026-02-25T19:55:30.6786693Z checking room test_general id: !FwxxEAgLyLEnabFVCm:test.matrix.local
Linux Desktop Tests (6)	UNKNOWN STEP	2026-02-25T19:55:30.6787526Z checking room test_avatar id: !tXCKkaRSxYfUIGqJeC:test.matrix.local
Linux Desktop Tests (6)	UNKNOWN STEP	2026-02-25T19:55:30.6788319Z checking room test_photos id: !EqjLObDtokBVRwOEtF:test.matrix.local
Linux Desktop Tests (6)	UNKNOWN STEP	2026-02-25T19:55:30.6791278Z checking room test_art id: !dMXweBPMpnuoWyHerg:test.matrix.local
Linux Desktop Tests (6)	UNKNOWN STEP	2026-02-25T19:55:30.6792255Z checking room test_invite_only id: !UUjVJRcvpqiWUWlCeA:test.matrix.local
Linux Desktop Tests (6)	UNKNOWN STEP	2026-02-25T19:55:30.6793048Z start quering new events...
Linux Desktop Tests (6)	UNKNOWN STEP	2026-02-25T19:55:30.6793959Z finished...
Linux Desktop Tests (6)	UNKNOWN STEP	2026-02-25T19:55:30.6794261Z ret is empty...
Linux Desktop Tests (6)	UNKNOWN STEP	2026-02-25T19:55:30.6794582Z no new things to append...
Linux Desktop Tests (6)	UNKNOWN STEP	2026-02-25T19:55:33.6932783Z checking room test_general id: !FwxxEAgLyLEnabFVCm:test.matrix.local
Linux Desktop Tests (6)	UNKNOWN STEP	2026-02-25T19:55:33.6933652Z checking room test_avatar id: !tXCKkaRSxYfUIGqJeC:test.matrix.local
Linux Desktop Tests (6)	UNKNOWN STEP	2026-02-25T19:55:33.6936485Z checking room test_photos id: !EqjLObDtokBVRwOEtF:test.matrix.local
Linux Desktop Tests (6)	UNKNOWN STEP	2026-02-25T19:55:33.6937602Z checking room test_art id: !dMXweBPMpnuoWyHerg:test.matrix.local
Linux Desktop Tests (6)	UNKNOWN STEP	2026-02-25T19:55:33.6938427Z checking room test_invite_only id: !UUjVJRcvpqiWUWlCeA:test.matrix.local
Linux Desktop Tests (6)	UNKNOWN STEP	2026-02-25T19:55:33.6939098Z start quering new events...
Linux Desktop Tests (6)	UNKNOWN STEP	2026-02-25T19:55:33.6939487Z finished...
Linux Desktop Tests (6)	UNKNOWN STEP	2026-02-25T19:55:33.6939740Z ret is empty...
Linux Desktop Tests (6)	UNKNOWN STEP	2026-02-25T19:55:33.6939942Z no new things to append...
Linux Desktop Tests (6)	UNKNOWN STEP	2026-02-25T19:55:40.3852965Z 03:34 +7: Content Creation with Real Matrix Server Can upload a video to the feed
Linux Desktop Tests (6)	UNKNOWN STEP	2026-02-25T19:55:40.3853658Z ⚠ No rooms found on RoomSelectPage
Linux Desktop Tests (6)	UNKNOWN STEP	2026-02-25T19:55:40.3854100Z ⚠ Could not navigate to FileMessageWrite - skipping video upload test
Linux Desktop Tests (6)	UNKNOWN STEP	2026-02-25T19:55:40.4226268Z 03:34 +8: Content Creation with Real Matrix Server Can upload an audio file to the feed
Linux Desktop Tests (6)	UNKNOWN STEP	2026-02-25T19:55:40.4756664Z *** sqflite warning ***
Linux Desktop Tests (6)	UNKNOWN STEP	2026-02-25T19:55:40.4756967Z 
Linux Desktop Tests (6)	UNKNOWN STEP	2026-02-25T19:55:40.4757136Z You are changing sqflite default factory.
Linux Desktop Tests (6)	UNKNOWN STEP	2026-02-25T19:55:40.4757723Z Be aware of the potential side effects. Any library using sqflite
Linux Desktop Tests (6)	UNKNOWN STEP	2026-02-25T19:55:40.4758413Z will have this factory as the default for all operations.
Linux Desktop Tests (6)	UNKNOWN STEP	2026-02-25T19:55:40.4758797Z 
Linux Desktop Tests (6)	UNKNOWN STEP	2026-02-25T19:55:40.4758925Z *** sqflite warning ***
Linux Desktop Tests (6)	UNKNOWN STEP	2026-02-25T19:55:40.4759120Z 
Linux Desktop Tests (6)	UNKNOWN STEP	2026-02-25T19:55:40.5253524Z [90m[🌎 Easy Localization] [DEBUG] Localization initialized[0m
Linux Desktop Tests (6)	UNKNOWN STEP	2026-02-25T19:55:40.5254449Z [Matrix] [32mInitialize client Substitution[0m
Linux Desktop Tests (6)	UNKNOWN STEP	2026-02-25T19:55:40.5269455Z [Matrix] [32mUser is not logged in.[0m
Linux Desktop Tests (6)	UNKNOWN STEP	2026-02-25T19:55:40.5271732Z [90m[🌎 Easy Localization] [DEBUG] Start[0m
Linux Desktop Tests (6)	UNKNOWN STEP	2026-02-25T19:55:40.9848446Z 03:35 +8: Content Creation with Real Matrix Server Can compose and send a text message
Linux Desktop Tests (6)	UNKNOWN STEP	2026-02-25T19:55:40.9849616Z [90m[🌎 Easy Localization] [DEBUG] Init state[0m
Linux Desktop Tests (6)	UNKNOWN STEP	2026-02-25T19:55:40.9850277Z [90m[🌎 Easy Localization] [DEBUG] Build[0m
Linux Desktop Tests (6)	UNKNOWN STEP	2026-02-25T19:55:40.9851178Z [90m[🌎 Easy Localization] [DEBUG] Init Localization Delegate[0m
Linux Desktop Tests (6)	UNKNOWN STEP	2026-02-25T19:55:40.9851630Z [90m[🌎 Easy Localization] [DEBUG] Init provider[0m
Linux Desktop Tests (6)	UNKNOWN STEP	2026-02-25T19:55:40.9885681Z [90m[🌎 Easy Localization] [DEBUG] Load Localization Delegate[0m
Linux Desktop Tests (6)	UNKNOWN STEP	2026-02-25T19:55:40.9887454Z [90m[🌎 Easy Localization] [DEBUG] Load asset from assets/translations[0m
Linux Desktop Tests (6)	UNKNOWN STEP	2026-02-25T19:55:41.5012123Z [90m[🌎 Easy Localization] [DEBUG] Build[0m
Linux Desktop Tests (6)	UNKNOWN STEP	2026-02-25T19:55:41.5013180Z [90m[🌎 Easy Localization] [DEBUG] Init Localization Delegate[0m
Linux Desktop Tests (6)	UNKNOWN STEP	2026-02-25T19:55:41.5014053Z [90m[🌎 Easy Localization] [DEBUG] Init provider[0m
Linux Desktop Tests (6)	UNKNOWN STEP	2026-02-25T19:55:42.5848267Z 03:36 +8: Content Creation with Real Matrix Server Can upload an audio file to the feed
Linux Desktop Tests (6)	UNKNOWN STEP	2026-02-25T19:55:42.5849100Z Waiting for globalMatrixClient to be initialized...
Linux Desktop Tests (6)	UNKNOWN STEP	2026-02-25T19:55:42.5849662Z globalMatrixClient initialized!
Linux Desktop Tests (6)	UNKNOWN STEP	2026-02-25T19:55:58.4843155Z [Matrix] [32mInitialize client Substitution[0m
Linux Desktop Tests (6)	UNKNOWN STEP	2026-02-25T19:55:58.4858083Z 03:52 +8: Content Creation with Real Matrix Server Can upload a video to the feed
Linux Desktop Tests (6)	UNKNOWN STEP	2026-02-25T19:55:58.4859112Z [Matrix] [33mCurrent sync request ID has changed. Dropping this sync loop![0m
Linux Desktop Tests (6)	UNKNOWN STEP	2026-02-25T19:55:58.4998310Z 03:52 +8: Content Creation with Real Matrix Server Can upload an audio file to the feed
Linux Desktop Tests (6)	UNKNOWN STEP	2026-02-25T19:55:58.4999049Z [Matrix] [32mSuccessfully connected as testuser1 with http://localhost:8008[0m
Linux Desktop Tests (6)	UNKNOWN STEP	2026-02-25T19:55:59.3628708Z 03:53 +8: Content Creation with Real Matrix Server Can compose and send a text message
Linux Desktop Tests (6)	UNKNOWN STEP	2026-02-25T19:55:59.3629907Z checking room test_general id: !FwxxEAgLyLEnabFVCm:test.matrix.local
Linux Desktop Tests (6)	UNKNOWN STEP	2026-02-25T19:55:59.3631491Z checking room test_avatar id: !tXCKkaRSxYfUIGqJeC:test.matrix.local
Linux Desktop Tests (6)	UNKNOWN STEP	2026-02-25T19:55:59.3633170Z checking room test_photos id: !EqjLObDtokBVRwOEtF:test.matrix.local
Linux Desktop Tests (6)	UNKNOWN STEP	2026-02-25T19:55:59.3633924Z checking room test_art id: !dMXweBPMpnuoWyHerg:test.matrix.local
Linux Desktop Tests (6)	UNKNOWN STEP	2026-02-25T19:55:59.3635210Z checking room test_invite_only id: !UUjVJRcvpqiWUWlCeA:test.matrix.local
Linux Desktop Tests (6)	UNKNOWN STEP	2026-02-25T19:55:59.3635935Z start quering new events...
Linux Desktop Tests (6)	UNKNOWN STEP	2026-02-25T19:55:59.3636299Z finished...
Linux Desktop Tests (6)	UNKNOWN STEP	2026-02-25T19:55:59.3636587Z ret is empty...
Linux Desktop Tests (6)	UNKNOWN STEP	2026-02-25T19:55:59.3636899Z no new things to append...
Linux Desktop Tests (6)	UNKNOWN STEP	2026-02-25T19:56:02.3982976Z checking room test_general id: !FwxxEAgLyLEnabFVCm:test.matrix.local
Linux Desktop Tests (6)	UNKNOWN STEP	2026-02-25T19:56:02.3984603Z checking room test_avatar id: !tXCKkaRSxYfUIGqJeC:test.matrix.local
Linux Desktop Tests (6)	UNKNOWN STEP	2026-02-25T19:56:02.3988860Z checking room test_photos id: !EqjLObDtokBVRwOEtF:test.matrix.local
Linux Desktop Tests (6)	UNKNOWN STEP	2026-02-25T19:56:02.3989663Z checking room test_art id: !dMXweBPMpnuoWyHerg:test.matrix.local
Linux Desktop Tests (6)	UNKNOWN STEP	2026-02-25T19:56:02.3990456Z checking room test_invite_only id: !UUjVJRcvpqiWUWlCeA:test.matrix.local
Linux Desktop Tests (6)	UNKNOWN STEP	2026-02-25T19:56:02.3991690Z start quering new events...
Linux Desktop Tests (6)	UNKNOWN STEP	2026-02-25T19:56:02.3992051Z finished...
Linux Desktop Tests (6)	UNKNOWN STEP	2026-02-25T19:56:02.3992342Z ret is empty...
Linux Desktop Tests (6)	UNKNOWN STEP	2026-02-25T19:56:02.3992671Z no new things to append...
Linux Desktop Tests (6)	UNKNOWN STEP	2026-02-25T19:56:09.1021348Z 04:03 +8: Content Creation with Real Matrix Server Can upload an audio file to the feed
Linux Desktop Tests (6)	UNKNOWN STEP	2026-02-25T19:56:09.1022733Z ⚠ No rooms found on RoomSelectPage
Linux Desktop Tests (6)	UNKNOWN STEP	2026-02-25T19:56:09.1023516Z ⚠ Could not navigate to FileMessageWrite - skipping audio upload test
Linux Desktop Tests (6)	UNKNOWN STEP	2026-02-25T19:56:09.1392091Z 04:03 +9: (tearDownAll)
Linux Desktop Tests (6)	UNKNOWN STEP	2026-02-25T19:56:09.1546448Z 04:03 +9: All tests passed!
Linux Desktop Tests (6)	UNKNOWN STEP	2026-02-25T19:56:09.1968739Z [0;34m[INFO][0m   Running: integration_test/room_discovery_with_matrix_test.dart
Linux Desktop Tests (6)	UNKNOWN STEP	2026-02-25T19:56:10.2246231Z 00:00 +0: loading /home/runner/work/substitution/substitution/integration_test/room_discovery_with_matrix_test.dart
Linux Desktop Tests (6)	UNKNOWN STEP	2026-02-25T19:56:35.8114966Z Building Linux application...                                   
Linux Desktop Tests (6)	UNKNOWN STEP	2026-02-25T19:56:35.8146999Z ✓ Built build/linux/x64/debug/bundle/substitution
Linux Desktop Tests (6)	UNKNOWN STEP	2026-02-25T19:56:36.4909736Z 00:00 +0: (setUpAll)
Linux Desktop Tests (6)	UNKNOWN STEP	2026-02-25T19:56:36.5106679Z 00:00 +0: Room Discovery & Subscription with Real Matrix Server User can search for public rooms
Linux Desktop Tests (6)	UNKNOWN STEP	2026-02-25T19:56:36.8708147Z *** sqflite warning ***
Linux Desktop Tests (6)	UNKNOWN STEP	2026-02-25T19:56:36.8708431Z 
Linux Desktop Tests (6)	UNKNOWN STEP	2026-02-25T19:56:36.8708627Z You are changing sqflite default factory.
Linux Desktop Tests (6)	UNKNOWN STEP	2026-02-25T19:56:36.8709035Z Be aware of the potential side effects. Any library using sqflite
Linux Desktop Tests (6)	UNKNOWN STEP	2026-02-25T19:56:36.8709679Z will have this factory as the default for all operations.
Linux Desktop Tests (6)	UNKNOWN STEP	2026-02-25T19:56:36.8710067Z 
Linux Desktop Tests (6)	UNKNOWN STEP	2026-02-25T19:56:36.8710196Z *** sqflite warning ***
Linux Desktop Tests (6)	UNKNOWN STEP	2026-02-25T19:56:36.8710417Z 
Linux Desktop Tests (6)	UNKNOWN STEP	2026-02-25T19:56:36.9342398Z Waiting for globalMatrixClient to be initialized...
Linux Desktop Tests (6)	UNKNOWN STEP	2026-02-25T19:56:36.9939884Z [90m[🌎 Easy Localization] [DEBUG] Localization initialized[0m
Linux Desktop Tests (6)	UNKNOWN STEP	2026-02-25T19:56:36.9961550Z [Matrix] [32mInitialize client Substitution[0m
Linux Desktop Tests (6)	UNKNOWN STEP	2026-02-25T19:56:37.0037739Z [Matrix] [32mUser is not logged in.[0m
Linux Desktop Tests (6)	UNKNOWN STEP	2026-02-25T19:56:37.0072616Z [90m[🌎 Easy Localization] [DEBUG] Start[0m
Linux Desktop Tests (6)	UNKNOWN STEP	2026-02-25T19:56:37.4598499Z [90m[🌎 Easy Localization] [DEBUG] Init state[0m
Linux Desktop Tests (6)	UNKNOWN STEP	2026-02-25T19:56:37.4613518Z [90m[🌎 Easy Localization] [DEBUG] Build[0m
Linux Desktop Tests (6)	UNKNOWN STEP	2026-02-25T19:56:37.4621203Z [90m[🌎 Easy Localization] [DEBUG] Init Localization Delegate[0m
Linux Desktop Tests (6)	UNKNOWN STEP	2026-02-25T19:56:37.4624509Z [90m[🌎 Easy Localization] [DEBUG] Init provider[0m
Linux Desktop Tests (6)	UNKNOWN STEP	2026-02-25T19:56:37.5881144Z [90m[🌎 Easy Localization] [DEBUG] Load Localization Delegate[0m
Linux Desktop Tests (6)	UNKNOWN STEP	2026-02-25T19:56:37.5897423Z [90m[🌎 Easy Localization] [DEBUG] Load asset from assets/translations[0m
Linux Desktop Tests (6)	UNKNOWN STEP	2026-02-25T19:56:37.6923500Z globalMatrixClient initialized!
Linux Desktop Tests (6)	UNKNOWN STEP	2026-02-25T19:56:37.6924260Z Step 1: Checking for Age Gate, Intro, or Login fields...
Linux Desktop Tests (6)	UNKNOWN STEP	2026-02-25T19:56:38.2021287Z [90m[🌎 Easy Localization] [DEBUG] Build[0m
Linux Desktop Tests (6)	UNKNOWN STEP	2026-02-25T19:56:38.2023557Z [90m[🌎 Easy Localization] [DEBUG] Init Localization Delegate[0m
Linux Desktop Tests (6)	UNKNOWN STEP	2026-02-25T19:56:38.2024516Z [90m[🌎 Easy Localization] [DEBUG] Init provider[0m
Linux Desktop Tests (6)	UNKNOWN STEP	2026-02-25T19:56:38.7638724Z Found screen! AgeGate: false, Intro: true, Username: false, Host: false
Linux Desktop Tests (6)	UNKNOWN STEP	2026-02-25T19:56:38.7652460Z Step 2: Navigating through onboarding...
Linux Desktop Tests (6)	UNKNOWN STEP	2026-02-25T19:56:40.8572803Z Tapping Next button at step 0...
Linux Desktop Tests (6)	UNKNOWN STEP	2026-02-25T19:56:43.0206326Z Tapping Next button at step 1...
Linux Desktop Tests (6)	UNKNOWN STEP	2026-02-25T19:56:45.1042019Z Reached target page at step 2. Host: true, Username: false
Linux Desktop Tests (6)	UNKNOWN STEP	2026-02-25T19:56:45.1042718Z Onboarding navigation complete.
Linux Desktop Tests (6)	UNKNOWN STEP	2026-02-25T19:56:45.1043199Z Step 3: Entering host URL: http://localhost:8008
Linux Desktop Tests (6)	UNKNOWN STEP	2026-02-25T19:56:47.3215560Z Tapping host submit button...
Linux Desktop Tests (6)	UNKNOWN STEP	2026-02-25T19:56:49.4300216Z Waiting for login page to appear...
Linux Desktop Tests (6)	UNKNOWN STEP	2026-02-25T19:56:49.9901845Z Login page reached.
Linux Desktop Tests (6)	UNKNOWN STEP	2026-02-25T19:56:49.9902628Z Step 4: Looking for login fields...
Linux Desktop Tests (6)	UNKNOWN STEP	2026-02-25T19:56:49.9924244Z Entering username: testuser1
Linux Desktop Tests (6)	UNKNOWN STEP	2026-02-25T19:56:52.1206094Z Entering password...
Linux Desktop Tests (6)	UNKNOWN STEP	2026-02-25T19:56:54.2368418Z Tapping login submit button...
Linux Desktop Tests (6)	UNKNOWN STEP	2026-02-25T19:56:56.3189259Z Step 5: Waiting for finished page (introGoButton)...
Linux Desktop Tests (6)	UNKNOWN STEP	2026-02-25T19:56:56.6123645Z [Matrix] [32mInitialize client Substitution[0m
Linux Desktop Tests (6)	UNKNOWN STEP	2026-02-25T19:56:56.6419894Z [Matrix] [32mSuccessfully connected as testuser1 with http://localhost:8008[0m
Linux Desktop Tests (6)	UNKNOWN STEP	2026-02-25T19:56:57.8973549Z Finished page reached.
Linux Desktop Tests (6)	UNKNOWN STEP	2026-02-25T19:56:57.8973981Z Tapping Go button...
Linux Desktop Tests (6)	UNKNOWN STEP	2026-02-25T19:56:57.9017543Z Waiting for feed (Scrollable)...
Linux Desktop Tests (6)	UNKNOWN STEP	2026-02-25T19:56:58.0648069Z checking room test_general id: !FwxxEAgLyLEnabFVCm:test.matrix.local
Linux Desktop Tests (6)	UNKNOWN STEP	2026-02-25T19:56:58.0693251Z checking room test_avatar id: !tXCKkaRSxYfUIGqJeC:test.matrix.local
Linux Desktop Tests (6)	UNKNOWN STEP	2026-02-25T19:56:58.0695479Z checking room test_photos id: !EqjLObDtokBVRwOEtF:test.matrix.local
Linux Desktop Tests (6)	UNKNOWN STEP	2026-02-25T19:56:58.0696262Z checking room test_art id: !dMXweBPMpnuoWyHerg:test.matrix.local
Linux Desktop Tests (6)	UNKNOWN STEP	2026-02-25T19:56:58.0698298Z checking room test_invite_only id: !UUjVJRcvpqiWUWlCeA:test.matrix.local
Linux Desktop Tests (6)	UNKNOWN STEP	2026-02-25T19:56:58.0764236Z start quering new events...
Linux Desktop Tests (6)	UNKNOWN STEP	2026-02-25T19:56:58.0796210Z finished...
Linux Desktop Tests (6)	UNKNOWN STEP	2026-02-25T19:56:58.0800963Z ret is empty...
Linux Desktop Tests (6)	UNKNOWN STEP	2026-02-25T19:56:58.0808460Z no new things to append...
Linux Desktop Tests (6)	UNKNOWN STEP	2026-02-25T19:56:58.4309846Z Feed reached.
Linux Desktop Tests (6)	UNKNOWN STEP	2026-02-25T19:56:58.4311034Z ✓ Room discovery UI accessible
Linux Desktop Tests (6)	UNKNOWN STEP	2026-02-25T19:56:58.5065845Z 00:22 +1: Room Discovery & Subscription with Real Matrix Server Test rooms are discoverable (test_general, test_photos, test_art)
Linux Desktop Tests (6)	UNKNOWN STEP	2026-02-25T19:56:58.5699459Z *** sqflite warning ***
Linux Desktop Tests (6)	UNKNOWN STEP	2026-02-25T19:56:58.5700162Z 
Linux Desktop Tests (6)	UNKNOWN STEP	2026-02-25T19:56:58.5704300Z You are changing sqflite default factory.
Linux Desktop Tests (6)	UNKNOWN STEP	2026-02-25T19:56:58.5706433Z Be aware of the potential side effects. Any library using sqflite
Linux Desktop Tests (6)	UNKNOWN STEP	2026-02-25T19:56:58.5707099Z will have this factory as the default for all operations.
Linux Desktop Tests (6)	UNKNOWN STEP	2026-02-25T19:56:58.5707490Z 
Linux Desktop Tests (6)	UNKNOWN STEP	2026-02-25T19:56:58.5707616Z *** sqflite warning ***
Linux Desktop Tests (6)	UNKNOWN STEP	2026-02-25T19:56:58.5707831Z 
Linux Desktop Tests (6)	UNKNOWN STEP	2026-02-25T19:56:58.6111185Z Waiting for globalMatrixClient to be initialized...
Linux Desktop Tests (6)	UNKNOWN STEP	2026-02-25T19:56:58.6378278Z [90m[🌎 Easy Localization] [DEBUG] Localization initialized[0m
Linux Desktop Tests (6)	UNKNOWN STEP	2026-02-25T19:56:58.6378989Z [Matrix] [32mInitialize client Substitution[0m
Linux Desktop Tests (6)	UNKNOWN STEP	2026-02-25T19:56:58.6389932Z [Matrix] [32mUser is not logged in.[0m
Linux Desktop Tests (6)	UNKNOWN STEP	2026-02-25T19:56:58.6393181Z [90m[🌎 Easy Localization] [DEBUG] Start[0m
Linux Desktop Tests (6)	UNKNOWN STEP	2026-02-25T19:56:59.1184299Z 00:22 +1: Room Discovery & Subscription with Real Matrix Server User can search for public rooms
Linux Desktop Tests (6)	UNKNOWN STEP	2026-02-25T19:56:59.1185719Z [90m[🌎 Easy Localization] [DEBUG] Init state[0m
Linux Desktop Tests (6)	UNKNOWN STEP	2026-02-25T19:56:59.1189087Z [90m[🌎 Easy Localization] [DEBUG] Build[0m
Linux Desktop Tests (6)	UNKNOWN STEP	2026-02-25T19:56:59.1189846Z [90m[🌎 Easy Localization] [DEBUG] Init Localization Delegate[0m
Linux Desktop Tests (6)	UNKNOWN STEP	2026-02-25T19:56:59.1190610Z [90m[🌎 Easy Localization] [DEBUG] Init provider[0m
Linux Desktop Tests (6)	UNKNOWN STEP	2026-02-25T19:56:59.1266587Z [90m[🌎 Easy Localization] [DEBUG] Load Localization Delegate[0m
Linux Desktop Tests (6)	UNKNOWN STEP	2026-02-25T19:56:59.1269538Z [90m[🌎 Easy Localization] [DEBUG] Load asset from assets/translations[0m
Linux Desktop Tests (6)	UNKNOWN STEP	2026-02-25T19:56:59.1302736Z 00:22 +1: Room Discovery & Subscription with Real Matrix Server Test rooms are discoverable (test_general, test_photos, test_art)
Linux Desktop Tests (6)	UNKNOWN STEP	2026-02-25T19:56:59.1305615Z globalMatrixClient initialized!
Linux Desktop Tests (6)	UNKNOWN STEP	2026-02-25T19:56:59.1306165Z Step 1: Checking for Age Gate, Intro, or Login fields...
Linux Desktop Tests (6)	UNKNOWN STEP	2026-02-25T19:56:59.6347234Z 00:23 +1: Room Discovery & Subscription with Real Matrix Server User can search for public rooms
Linux Desktop Tests (6)	UNKNOWN STEP	2026-02-25T19:56:59.6348781Z [90m[🌎 Easy Localization] [DEBUG] Build[0m
Linux Desktop Tests (6)	UNKNOWN STEP	2026-02-25T19:56:59.6349843Z [90m[🌎 Easy Localization] [DEBUG] Init Localization Delegate[0m
Linux Desktop Tests (6)	UNKNOWN STEP	2026-02-25T19:56:59.6351059Z [90m[🌎 Easy Localization] [DEBUG] Init provider[0m
Linux Desktop Tests (6)	UNKNOWN STEP	2026-02-25T19:56:59.6718395Z 00:23 +1: Room Discovery & Subscription with Real Matrix Server Test rooms are discoverable (test_general, test_photos, test_art)
Linux Desktop Tests (6)	UNKNOWN STEP	2026-02-25T19:56:59.6719602Z Found screen! AgeGate: false, Intro: true, Username: false, Host: false
Linux Desktop Tests (6)	UNKNOWN STEP	2026-02-25T19:56:59.6720304Z Step 2: Navigating through onboarding...
Linux Desktop Tests (6)	UNKNOWN STEP	2026-02-25T19:57:01.7379418Z Tapping Next button at step 0...
Linux Desktop Tests (6)	UNKNOWN STEP	2026-02-25T19:57:03.8199571Z Tapping Next button at step 1...
Linux Desktop Tests (6)	UNKNOWN STEP	2026-02-25T19:57:05.9032454Z Reached target page at step 2. Host: true, Username: false
Linux Desktop Tests (6)	UNKNOWN STEP	2026-02-25T19:57:05.9033486Z Onboarding navigation complete.
Linux Desktop Tests (6)	UNKNOWN STEP	2026-02-25T19:57:05.9034088Z Step 3: Entering host URL: http://localhost:8008
Linux Desktop Tests (6)	UNKNOWN STEP	2026-02-25T19:57:08.0370392Z Tapping host submit button...
Linux Desktop Tests (6)	UNKNOWN STEP	2026-02-25T19:57:10.1102261Z Waiting for login page to appear...
Linux Desktop Tests (6)	UNKNOWN STEP	2026-02-25T19:57:10.6353814Z Login page reached.
Linux Desktop Tests (6)	UNKNOWN STEP	2026-02-25T19:57:10.6354713Z Step 4: Looking for login fields...
Linux Desktop Tests (6)	UNKNOWN STEP	2026-02-25T19:57:10.6355655Z Entering username: testuser1
Linux Desktop Tests (6)	UNKNOWN STEP	2026-02-25T19:57:12.7872144Z Entering password...
Linux Desktop Tests (6)	UNKNOWN STEP	2026-02-25T19:57:14.9043269Z Tapping login submit button...
Linux Desktop Tests (6)	UNKNOWN STEP	2026-02-25T19:57:16.9771001Z Step 5: Waiting for finished page (introGoButton)...
Linux Desktop Tests (6)	UNKNOWN STEP	2026-02-25T19:57:17.2696498Z 00:40 +1: Room Discovery & Subscription with Real Matrix Server User can search for public rooms
Linux Desktop Tests (6)	UNKNOWN STEP	2026-02-25T19:57:17.2697960Z [Matrix] [33mCurrent sync request ID has changed. Dropping this sync loop![0m
Linux Desktop Tests (6)	UNKNOWN STEP	2026-02-25T19:57:17.2713934Z 00:40 +1: Room Discovery & Subscription with Real Matrix Server Test rooms are discoverable (test_general, test_photos, test_art)
Linux Desktop Tests (6)	UNKNOWN STEP	2026-02-25T19:57:17.2715373Z [Matrix] [32mInitialize client Substitution[0m
Linux Desktop Tests (6)	UNKNOWN STEP	2026-02-25T19:57:17.2885408Z [Matrix] [32mSuccessfully connected as testuser1 with http://localhost:8008[0m
Linux Desktop Tests (6)	UNKNOWN STEP	2026-02-25T19:57:18.5567376Z Finished page reached.
Linux Desktop Tests (6)	UNKNOWN STEP	2026-02-25T19:57:18.5568118Z Tapping Go button...
Linux Desktop Tests (6)	UNKNOWN STEP	2026-02-25T19:57:18.5606398Z Waiting for feed (Scrollable)...
Linux Desktop Tests (6)	UNKNOWN STEP	2026-02-25T19:57:18.6832086Z 00:42 +1: Room Discovery & Subscription with Real Matrix Server User can search for public rooms
Linux Desktop Tests (6)	UNKNOWN STEP	2026-02-25T19:57:18.6833105Z checking room test_general id: !FwxxEAgLyLEnabFVCm:test.matrix.local
Linux Desktop Tests (6)	UNKNOWN STEP	2026-02-25T19:57:18.6842535Z checking room test_avatar id: !tXCKkaRSxYfUIGqJeC:test.matrix.local
Linux Desktop Tests (6)	UNKNOWN STEP	2026-02-25T19:57:18.6843334Z checking room test_photos id: !EqjLObDtokBVRwOEtF:test.matrix.local
Linux Desktop Tests (6)	UNKNOWN STEP	2026-02-25T19:57:18.6844104Z checking room test_art id: !dMXweBPMpnuoWyHerg:test.matrix.local
Linux Desktop Tests (6)	UNKNOWN STEP	2026-02-25T19:57:18.6844849Z checking room test_invite_only id: !UUjVJRcvpqiWUWlCeA:test.matrix.local
Linux Desktop Tests (6)	UNKNOWN STEP	2026-02-25T19:57:18.6845658Z start quering new events...
Linux Desktop Tests (6)	UNKNOWN STEP	2026-02-25T19:57:18.6846017Z finished...
Linux Desktop Tests (6)	UNKNOWN STEP	2026-02-25T19:57:18.6846301Z ret is empty...
Linux Desktop Tests (6)	UNKNOWN STEP	2026-02-25T19:57:18.6846609Z no new things to append...
Linux Desktop Tests (6)	UNKNOWN STEP	2026-02-25T19:57:19.0757918Z 00:42 +1: Room Discovery & Subscription with Real Matrix Server Test rooms are discoverable (test_general, test_photos, test_art)
Linux Desktop Tests (6)	UNKNOWN STEP	2026-02-25T19:57:19.0759118Z Feed reached.
Linux Desktop Tests (6)	UNKNOWN STEP	2026-02-25T19:57:19.0759927Z ✓ Test rooms are visible in the app
Linux Desktop Tests (6)	UNKNOWN STEP	2026-02-25T19:57:19.1164337Z 00:42 +2: Room Discovery & Subscription with Real Matrix Server User can access room settings or details
Linux Desktop Tests (6)	UNKNOWN STEP	2026-02-25T19:57:19.1742506Z *** sqflite warning ***
Linux Desktop Tests (6)	UNKNOWN STEP	2026-02-25T19:57:19.1742840Z 
Linux Desktop Tests (6)	UNKNOWN STEP	2026-02-25T19:57:19.1743022Z You are changing sqflite default factory.
Linux Desktop Tests (6)	UNKNOWN STEP	2026-02-25T19:57:19.1743546Z Be aware of the potential side effects. Any library using sqflite
Linux Desktop Tests (6)	UNKNOWN STEP	2026-02-25T19:57:19.1744001Z will have this factory as the default for all operations.
Linux Desktop Tests (6)	UNKNOWN STEP	2026-02-25T19:57:19.1744239Z 
Linux Desktop Tests (6)	UNKNOWN STEP	2026-02-25T19:57:19.1744319Z *** sqflite warning ***
Linux Desktop Tests (6)	UNKNOWN STEP	2026-02-25T19:57:19.1744455Z 
Linux Desktop Tests (6)	UNKNOWN STEP	2026-02-25T19:57:19.2076319Z Waiting for globalMatrixClient to be initialized...
Linux Desktop Tests (6)	UNKNOWN STEP	2026-02-25T19:57:19.2294888Z [90m[🌎 Easy Localization] [DEBUG] Localization initialized[0m
Linux Desktop Tests (6)	UNKNOWN STEP	2026-02-25T19:57:19.2297346Z [Matrix] [32mInitialize client Substitution[0m
Linux Desktop Tests (6)	UNKNOWN STEP	2026-02-25T19:57:19.2313716Z [Matrix] [32mUser is not logged in.[0m
Linux Desktop Tests (6)	UNKNOWN STEP	2026-02-25T19:57:19.2315842Z [90m[🌎 Easy Localization] [DEBUG] Start[0m
Linux Desktop Tests (6)	UNKNOWN STEP	2026-02-25T19:57:19.7187466Z 00:43 +2: Room Discovery & Subscription with Real Matrix Server User can search for public rooms
Linux Desktop Tests (6)	UNKNOWN STEP	2026-02-25T19:57:19.7188840Z [90m[🌎 Easy Localization] [DEBUG] Init state[0m
Linux Desktop Tests (6)	UNKNOWN STEP	2026-02-25T19:57:19.7189521Z [90m[🌎 Easy Localization] [DEBUG] Build[0m
Linux Desktop Tests (6)	UNKNOWN STEP	2026-02-25T19:57:19.7191593Z [90m[🌎 Easy Localization] [DEBUG] Init Localization Delegate[0m
Linux Desktop Tests (6)	UNKNOWN STEP	2026-02-25T19:57:19.7192292Z [90m[🌎 Easy Localization] [DEBUG] Init provider[0m
Linux Desktop Tests (6)	UNKNOWN STEP	2026-02-25T19:57:19.7242107Z [90m[🌎 Easy Localization] [DEBUG] Load Localization Delegate[0m
Linux Desktop Tests (6)	UNKNOWN STEP	2026-02-25T19:57:19.7244192Z [90m[🌎 Easy Localization] [DEBUG] Load asset from assets/translations[0m
Linux Desktop Tests (6)	UNKNOWN STEP	2026-02-25T19:57:19.7270800Z 00:43 +2: Room Discovery & Subscription with Real Matrix Server User can access room settings or details
Linux Desktop Tests (6)	UNKNOWN STEP	2026-02-25T19:57:19.7271685Z globalMatrixClient initialized!
Linux Desktop Tests (6)	UNKNOWN STEP	2026-02-25T19:57:19.7272234Z Step 1: Checking for Age Gate, Intro, or Login fields...
Linux Desktop Tests (6)	UNKNOWN STEP	2026-02-25T19:57:20.2347830Z 00:43 +2: Room Discovery & Subscription with Real Matrix Server User can search for public rooms
Linux Desktop Tests (6)	UNKNOWN STEP	2026-02-25T19:57:20.2348969Z [90m[🌎 Easy Localization] [DEBUG] Build[0m
Linux Desktop Tests (6)	UNKNOWN STEP	2026-02-25T19:57:20.2350087Z [90m[🌎 Easy Localization] [DEBUG] Init Localization Delegate[0m
Linux Desktop Tests (6)	UNKNOWN STEP	2026-02-25T19:57:20.2350891Z [90m[🌎 Easy Localization] [DEBUG] Init provider[0m
Linux Desktop Tests (6)	UNKNOWN STEP	2026-02-25T19:57:20.2759704Z 00:43 +2: Room Discovery & Subscription with Real Matrix Server User can access room settings or details
Linux Desktop Tests (6)	UNKNOWN STEP	2026-02-25T19:57:20.2760792Z Found screen! AgeGate: false, Intro: true, Username: false, Host: false
Linux Desktop Tests (6)	UNKNOWN STEP	2026-02-25T19:57:20.2761443Z Step 2: Navigating through onboarding...
Linux Desktop Tests (6)	UNKNOWN STEP	2026-02-25T19:57:22.3376783Z Tapping Next button at step 0...
Linux Desktop Tests (6)	UNKNOWN STEP	2026-02-25T19:57:24.4031243Z Tapping Next button at step 1...
Linux Desktop Tests (6)	UNKNOWN STEP	2026-02-25T19:57:26.4701594Z Reached target page at step 2. Host: true, Username: false
Linux Desktop Tests (6)	UNKNOWN STEP	2026-02-25T19:57:26.4702290Z Onboarding navigation complete.
Linux Desktop Tests (6)	UNKNOWN STEP	2026-02-25T19:57:26.4702764Z Step 3: Entering host URL: http://localhost:8008
Linux Desktop Tests (6)	UNKNOWN STEP	2026-02-25T19:57:28.5868188Z Tapping host submit button...
Linux Desktop Tests (6)	UNKNOWN STEP	2026-02-25T19:57:30.6599473Z Waiting for login page to appear...
Linux Desktop Tests (6)	UNKNOWN STEP	2026-02-25T19:57:31.1828245Z Login page reached.
Linux Desktop Tests (6)	UNKNOWN STEP	2026-02-25T19:57:31.1829204Z Step 4: Looking for login fields...
Linux Desktop Tests (6)	UNKNOWN STEP	2026-02-25T19:57:31.1830574Z Entering username: testuser1
Linux Desktop Tests (6)	UNKNOWN STEP	2026-02-25T19:57:33.2860765Z Entering password...
Linux Desktop Tests (6)	UNKNOWN STEP	2026-02-25T19:57:35.4036360Z Tapping login submit button...
Linux Desktop Tests (6)	UNKNOWN STEP	2026-02-25T19:57:37.4762656Z Step 5: Waiting for finished page (introGoButton)...
Linux Desktop Tests (6)	UNKNOWN STEP	2026-02-25T19:57:37.7676341Z 01:01 +2: Room Discovery & Subscription with Real Matrix Server Test rooms are discoverable (test_general, test_photos, test_art)
Linux Desktop Tests (6)	UNKNOWN STEP	2026-02-25T19:57:37.7677935Z [Matrix] [33mCurrent sync request ID has changed. Dropping this sync loop![0m
Linux Desktop Tests (6)	UNKNOWN STEP	2026-02-25T19:57:37.7682053Z 01:01 +2: Room Discovery & Subscription with Real Matrix Server User can access room settings or details
Linux Desktop Tests (6)	UNKNOWN STEP	2026-02-25T19:57:37.7683727Z [Matrix] [32mInitialize client Substitution[0m
Linux Desktop Tests (6)	UNKNOWN STEP	2026-02-25T19:57:37.7840712Z [Matrix] [32mSuccessfully connected as testuser1 with http://localhost:8008[0m
Linux Desktop Tests (6)	UNKNOWN STEP	2026-02-25T19:57:39.0544561Z Finished page reached.
Linux Desktop Tests (6)	UNKNOWN STEP	2026-02-25T19:57:39.0544987Z Tapping Go button...
Linux Desktop Tests (6)	UNKNOWN STEP	2026-02-25T19:57:39.0584366Z Waiting for feed (Scrollable)...
Linux Desktop Tests (6)	UNKNOWN STEP	2026-02-25T19:57:39.1801200Z 01:02 +2: Room Discovery & Subscription with Real Matrix Server User can search for public rooms
Linux Desktop Tests (6)	UNKNOWN STEP	2026-02-25T19:57:39.1803515Z checking room test_general id: !FwxxEAgLyLEnabFVCm:test.matrix.local
Linux Desktop Tests (6)	UNKNOWN STEP	2026-02-25T19:57:39.1808457Z checking room test_avatar id: !tXCKkaRSxYfUIGqJeC:test.matrix.local
Linux Desktop Tests (6)	UNKNOWN STEP	2026-02-25T19:57:39.1809256Z checking room test_photos id: !EqjLObDtokBVRwOEtF:test.matrix.local
Linux Desktop Tests (6)	UNKNOWN STEP	2026-02-25T19:57:39.1809972Z checking room test_art id: !dMXweBPMpnuoWyHerg:test.matrix.local
Linux Desktop Tests (6)	UNKNOWN STEP	2026-02-25T19:57:39.1810759Z checking room test_invite_only id: !UUjVJRcvpqiWUWlCeA:test.matrix.local
Linux Desktop Tests (6)	UNKNOWN STEP	2026-02-25T19:57:39.1811775Z start quering new events...
Linux Desktop Tests (6)	UNKNOWN STEP	2026-02-25T19:57:39.1812842Z finished...
Linux Desktop Tests (6)	UNKNOWN STEP	2026-02-25T19:57:39.1813505Z ret is empty...
Linux Desktop Tests (6)	UNKNOWN STEP	2026-02-25T19:57:39.1813867Z no new things to append...
Linux Desktop Tests (6)	UNKNOWN STEP	2026-02-25T19:57:39.5740920Z 01:03 +2: Room Discovery & Subscription with Real Matrix Server User can access room settings or details
Linux Desktop Tests (6)	UNKNOWN STEP	2026-02-25T19:57:39.5742213Z Feed reached.
Linux Desktop Tests (6)	UNKNOWN STEP	2026-02-25T19:57:39.5742864Z ✓ Room list structure verified
Linux Desktop Tests (6)	UNKNOWN STEP	2026-02-25T19:57:39.6153393Z 01:03 +3: Room Discovery & Subscription with Real Matrix Server Multiple test users can see the same rooms
Linux Desktop Tests (6)	UNKNOWN STEP	2026-02-25T19:57:39.6727389Z *** sqflite warning ***
Linux Desktop Tests (6)	UNKNOWN STEP	2026-02-25T19:57:39.6728923Z 
Linux Desktop Tests (6)	UNKNOWN STEP	2026-02-25T19:57:39.6729398Z You are changing sqflite default factory.
Linux Desktop Tests (6)	UNKNOWN STEP	2026-02-25T19:57:39.6729998Z Be aware of the potential side effects. Any library using sqflite
Linux Desktop Tests (6)	UNKNOWN STEP	2026-02-25T19:57:39.6730641Z will have this factory as the default for all operations.
Linux Desktop Tests (6)	UNKNOWN STEP	2026-02-25T19:57:39.6731023Z 
Linux Desktop Tests (6)	UNKNOWN STEP	2026-02-25T19:57:39.6731151Z *** sqflite warning ***
Linux Desktop Tests (6)	UNKNOWN STEP	2026-02-25T19:57:39.6731372Z 
Linux Desktop Tests (6)	UNKNOWN STEP	2026-02-25T19:57:39.7279956Z [90m[🌎 Easy Localization] [DEBUG] Localization initialized[0m
Linux Desktop Tests (6)	UNKNOWN STEP	2026-02-25T19:57:39.7280445Z [Matrix] [32mInitialize client Substitution[0m
Linux Desktop Tests (6)	UNKNOWN STEP	2026-02-25T19:57:39.7293008Z [Matrix] [32mUser is not logged in.[0m
Linux Desktop Tests (6)	UNKNOWN STEP	2026-02-25T19:57:39.7297633Z [90m[🌎 Easy Localization] [DEBUG] Start[0m
Linux Desktop Tests (6)	UNKNOWN STEP	2026-02-25T19:57:40.1858357Z 01:03 +3: Room Discovery & Subscription with Real Matrix Server User can search for public rooms
Linux Desktop Tests (6)	UNKNOWN STEP	2026-02-25T19:57:40.1859671Z [90m[🌎 Easy Localization] [DEBUG] Init state[0m
Linux Desktop Tests (6)	UNKNOWN STEP	2026-02-25T19:57:40.1863285Z [90m[🌎 Easy Localization] [DEBUG] Build[0m
Linux Desktop Tests (6)	UNKNOWN STEP	2026-02-25T19:57:40.1864135Z [90m[🌎 Easy Localization] [DEBUG] Init Localization Delegate[0m
Linux Desktop Tests (6)	UNKNOWN STEP	2026-02-25T19:57:40.1865273Z [90m[🌎 Easy Localization] [DEBUG] Init provider[0m
Linux Desktop Tests (6)	UNKNOWN STEP	2026-02-25T19:57:40.1936954Z [90m[🌎 Easy Localization] [DEBUG] Load Localization Delegate[0m
Linux Desktop Tests (6)	UNKNOWN STEP	2026-02-25T19:57:40.1938912Z [90m[🌎 Easy Localization] [DEBUG] Load asset from assets/translations[0m
Linux Desktop Tests (6)	UNKNOWN STEP	2026-02-25T19:57:40.7016706Z [90m[🌎 Easy Localization] [DEBUG] Build[0m
Linux Desktop Tests (6)	UNKNOWN STEP	2026-02-25T19:57:40.7017545Z [90m[🌎 Easy Localization] [DEBUG] Init Localization Delegate[0m
Linux Desktop Tests (6)	UNKNOWN STEP	2026-02-25T19:57:40.7018368Z [90m[🌎 Easy Localization] [DEBUG] Init provider[0m
Linux Desktop Tests (6)	UNKNOWN STEP	2026-02-25T19:57:41.7832417Z 01:05 +3: Room Discovery & Subscription with Real Matrix Server Multiple test users can see the same rooms
Linux Desktop Tests (6)	UNKNOWN STEP	2026-02-25T19:57:41.7833487Z Waiting for globalMatrixClient to be initialized...
Linux Desktop Tests (6)	UNKNOWN STEP	2026-02-25T19:57:41.7834028Z globalMatrixClient initialized!
Linux Desktop Tests (6)	UNKNOWN STEP	2026-02-25T19:57:41.7834645Z Step 1: Checking for Age Gate, Intro, or Login fields...
Linux Desktop Tests (6)	UNKNOWN STEP	2026-02-25T19:57:42.3035611Z Found screen! AgeGate: false, Intro: true, Username: false, Host: false
Linux Desktop Tests (6)	UNKNOWN STEP	2026-02-25T19:57:42.3036337Z Step 2: Navigating through onboarding...
Linux Desktop Tests (6)	UNKNOWN STEP	2026-02-25T19:57:44.3706415Z Tapping Next button at step 0...
Linux Desktop Tests (6)	UNKNOWN STEP	2026-02-25T19:57:46.4370220Z Tapping Next button at step 1...
Linux Desktop Tests (6)	UNKNOWN STEP	2026-02-25T19:57:48.5027672Z Reached target page at step 2. Host: true, Username: false
Linux Desktop Tests (6)	UNKNOWN STEP	2026-02-25T19:57:48.5028713Z Onboarding navigation complete.
Linux Desktop Tests (6)	UNKNOWN STEP	2026-02-25T19:57:48.5029753Z Step 3: Entering host URL: http://localhost:8008
Linux Desktop Tests (6)	UNKNOWN STEP	2026-02-25T19:57:50.6039322Z Tapping host submit button...
Linux Desktop Tests (6)	UNKNOWN STEP	2026-02-25T19:57:52.6749773Z Waiting for login page to appear...
Linux Desktop Tests (6)	UNKNOWN STEP	2026-02-25T19:57:53.2032705Z Login page reached.
Linux Desktop Tests (6)	UNKNOWN STEP	2026-02-25T19:57:53.2034721Z Step 4: Looking for login fields...
Linux Desktop Tests (6)	UNKNOWN STEP	2026-02-25T19:57:53.2036273Z Entering username: testuser1
Linux Desktop Tests (6)	UNKNOWN STEP	2026-02-25T19:57:55.3197599Z Entering password...
Linux Desktop Tests (6)	UNKNOWN STEP	2026-02-25T19:57:57.4380907Z Tapping login submit button...
Linux Desktop Tests (6)	UNKNOWN STEP	2026-02-25T19:57:59.5109078Z Step 5: Waiting for finished page (introGoButton)...
Linux Desktop Tests (6)	UNKNOWN STEP	2026-02-25T19:57:59.8010317Z 01:23 +3: Room Discovery & Subscription with Real Matrix Server User can access room settings or details
Linux Desktop Tests (6)	UNKNOWN STEP	2026-02-25T19:57:59.8012164Z [Matrix] [33mCurrent sync request ID has changed. Dropping this sync loop![0m
Linux Desktop Tests (6)	UNKNOWN STEP	2026-02-25T19:57:59.8016611Z 01:23 +3: Room Discovery & Subscription with Real Matrix Server Multiple test users can see the same rooms
Linux Desktop Tests (6)	UNKNOWN STEP	2026-02-25T19:57:59.8019462Z [Matrix] [32mInitialize client Substitution[0m
Linux Desktop Tests (6)	UNKNOWN STEP	2026-02-25T19:57:59.8172015Z [Matrix] [32mSuccessfully connected as testuser1 with http://localhost:8008[0m
Linux Desktop Tests (6)	UNKNOWN STEP	2026-02-25T19:58:01.0883237Z Finished page reached.
Linux Desktop Tests (6)	UNKNOWN STEP	2026-02-25T19:58:01.0883661Z Tapping Go button...
Linux Desktop Tests (6)	UNKNOWN STEP	2026-02-25T19:58:01.0931015Z Waiting for feed (Scrollable)...
Linux Desktop Tests (6)	UNKNOWN STEP	2026-02-25T19:58:01.2129312Z 01:24 +3: Room Discovery & Subscription with Real Matrix Server User can search for public rooms
Linux Desktop Tests (6)	UNKNOWN STEP	2026-02-25T19:58:01.2130289Z checking room test_general id: !FwxxEAgLyLEnabFVCm:test.matrix.local
Linux Desktop Tests (6)	UNKNOWN STEP	2026-02-25T19:58:01.2131867Z checking room test_avatar id: !tXCKkaRSxYfUIGqJeC:test.matrix.local
Linux Desktop Tests (6)	UNKNOWN STEP	2026-02-25T19:58:01.2133871Z checking room test_photos id: !EqjLObDtokBVRwOEtF:test.matrix.local
Linux Desktop Tests (6)	UNKNOWN STEP	2026-02-25T19:58:01.2134874Z checking room test_art id: !dMXweBPMpnuoWyHerg:test.matrix.local
Linux Desktop Tests (6)	UNKNOWN STEP	2026-02-25T19:58:01.2135836Z checking room test_invite_only id: !UUjVJRcvpqiWUWlCeA:test.matrix.local
Linux Desktop Tests (6)	UNKNOWN STEP	2026-02-25T19:58:01.2137646Z start quering new events...
Linux Desktop Tests (6)	UNKNOWN STEP	2026-02-25T19:58:01.2138044Z finished...
Linux Desktop Tests (6)	UNKNOWN STEP	2026-02-25T19:58:01.2138491Z ret is empty...
Linux Desktop Tests (6)	UNKNOWN STEP	2026-02-25T19:58:01.2139773Z no new things to append...
Linux Desktop Tests (6)	UNKNOWN STEP	2026-02-25T19:58:01.6086737Z 01:25 +3: Room Discovery & Subscription with Real Matrix Server Multiple test users can see the same rooms
Linux Desktop Tests (6)	UNKNOWN STEP	2026-02-25T19:58:01.6087575Z Feed reached.
Linux Desktop Tests (6)	UNKNOWN STEP	2026-02-25T19:58:03.6701016Z ✓ Multiple users can see shared rooms
Linux Desktop Tests (6)	UNKNOWN STEP	2026-02-25T19:58:03.7109517Z 01:27 +4: (tearDownAll)
Linux Desktop Tests (6)	UNKNOWN STEP	2026-02-25T19:58:03.7263642Z 01:27 +4: All tests passed!
Linux Desktop Tests (6)	UNKNOWN STEP	2026-02-25T19:58:03.7737929Z [0;32m[OK][0m Linux tests passed
Linux Desktop Tests (6)	UNKNOWN STEP	2026-02-25T19:58:03.7738299Z 
Linux Desktop Tests (6)	UNKNOWN STEP	2026-02-25T19:58:03.7738736Z [1m══════════════════════════════════════════════════════════[0m
Linux Desktop Tests (6)	UNKNOWN STEP	2026-02-25T19:58:03.7739511Z [1m  Test Results Summary[0m
Linux Desktop Tests (6)	UNKNOWN STEP	2026-02-25T19:58:03.7740381Z [1m══════════════════════════════════════════════════════════[0m
Linux Desktop Tests (6)	UNKNOWN STEP	2026-02-25T19:58:03.7740767Z 
Linux Desktop Tests (6)	UNKNOWN STEP	2026-02-25T19:58:03.7741002Z   TARGET             PASSED   FAILED  SKIPPED   DURATION
Linux Desktop Tests (6)	UNKNOWN STEP	2026-02-25T19:58:03.7741669Z   ──────────────── ──────── ──────── ──────── ──────────
Linux Desktop Tests (6)	UNKNOWN STEP	2026-02-25T19:58:03.7742293Z   [0;32mlinux           [0m       15        0        0     7m 52s
Linux Desktop Tests (6)	UNKNOWN STEP	2026-02-25T19:58:03.7742675Z 
Linux Desktop Tests (6)	UNKNOWN STEP	2026-02-25T19:58:03.7742930Z   ──────────────── ──────── ──────── ────────
Linux Desktop Tests (6)	UNKNOWN STEP	2026-02-25T19:58:03.7743493Z   [0;32mTOTAL                  15        0        0[0m
Linux Desktop Tests (6)	UNKNOWN STEP	2026-02-25T19:58:03.7743903Z 
Linux Desktop Tests (6)	UNKNOWN STEP	2026-02-25T19:58:03.7744103Z   [0;32m[1mRESULT: PASSED[0m
Linux Desktop Tests (6)	UNKNOWN STEP	2026-02-25T19:58:03.7744394Z 
Linux Desktop Tests (6)	UNKNOWN STEP	2026-02-25T19:58:03.7744781Z [1m══════════════════════════════════════════════════════════[0m
Linux Desktop Tests (6)	UNKNOWN STEP	2026-02-25T19:58:03.7745470Z 
Linux Desktop Tests (6)	UNKNOWN STEP	2026-02-25T19:58:03.7745713Z [0;34m[INFO][0m Cleaning up...
Linux Desktop Tests (6)	UNKNOWN STEP	2026-02-25T19:58:03.7916438Z [0;34m[INFO][0m Cleanup complete
Linux Desktop Tests (6)	UNKNOWN STEP	2026-02-25T19:58:03.7987672Z ##[group]Run docker compose down -v
Linux Desktop Tests (6)	UNKNOWN STEP	2026-02-25T19:58:03.7987981Z [36;1mdocker compose down -v[0m
Linux Desktop Tests (6)	UNKNOWN STEP	2026-02-25T19:58:03.8035959Z shell: /usr/bin/bash -e {0}
Linux Desktop Tests (6)	UNKNOWN STEP	2026-02-25T19:58:03.8036187Z env:
Linux Desktop Tests (6)	UNKNOWN STEP	2026-02-25T19:58:03.8036354Z   CACHE_VERSION: v1
Linux Desktop Tests (6)	UNKNOWN STEP	2026-02-25T19:58:03.8036637Z   FLUTTER_ROOT: /opt/hostedtoolcache/flutter/stable-3.41.2-x64
Linux Desktop Tests (6)	UNKNOWN STEP	2026-02-25T19:58:03.8036985Z   PUB_CACHE: /home/runner/.pub-cache
Linux Desktop Tests (6)	UNKNOWN STEP	2026-02-25T19:58:03.8037227Z ##[endgroup]
Linux Desktop Tests (6)	UNKNOWN STEP	2026-02-25T19:58:03.8779232Z time="2026-02-25T19:58:03Z" level=warning msg="/home/runner/work/substitution/substitution/docker-compose.yml: the attribute `version` is obsolete, it will be ignored, please remove it to avoid potential confusion"
Linux Desktop Tests (6)	UNKNOWN STEP	2026-02-25T19:58:03.8816389Z  Container substitution-redis-1  Stopping
Linux Desktop Tests (6)	UNKNOWN STEP	2026-02-25T19:58:03.8819192Z  Container substitution-matrix-synapse-1  Stopping
Linux Desktop Tests (6)	UNKNOWN STEP	2026-02-25T19:58:04.0622508Z  Container substitution-redis-1  Stopped
Linux Desktop Tests (6)	UNKNOWN STEP	2026-02-25T19:58:04.0624703Z  Container substitution-redis-1  Removing
Linux Desktop Tests (6)	UNKNOWN STEP	2026-02-25T19:58:04.0668543Z  Container substitution-redis-1  Removed
Linux Desktop Tests (6)	UNKNOWN STEP	2026-02-25T19:58:04.1021670Z  Container substitution-matrix-synapse-1  Stopped
Linux Desktop Tests (6)	UNKNOWN STEP	2026-02-25T19:58:04.1024631Z  Container substitution-matrix-synapse-1  Removing
Linux Desktop Tests (6)	UNKNOWN STEP	2026-02-25T19:58:04.1653098Z  Container substitution-matrix-synapse-1  Removed
Linux Desktop Tests (6)	UNKNOWN STEP	2026-02-25T19:58:04.1654264Z  Container substitution-dex-1  Stopping
Linux Desktop Tests (6)	UNKNOWN STEP	2026-02-25T19:58:04.1656615Z  Container substitution-postgres-1  Stopping
Linux Desktop Tests (6)	UNKNOWN STEP	2026-02-25T19:58:04.2878723Z  Container substitution-dex-1  Stopped
Linux Desktop Tests (6)	UNKNOWN STEP	2026-02-25T19:58:04.2880084Z  Container substitution-dex-1  Removing
Linux Desktop Tests (6)	UNKNOWN STEP	2026-02-25T19:58:04.2980248Z  Container substitution-dex-1  Removed
Linux Desktop Tests (6)	UNKNOWN STEP	2026-02-25T19:58:04.3104140Z  Container substitution-postgres-1  Stopped
Linux Desktop Tests (6)	UNKNOWN STEP	2026-02-25T19:58:04.3106393Z  Container substitution-postgres-1  Removing
Linux Desktop Tests (6)	UNKNOWN STEP	2026-02-25T19:58:04.3922775Z  Container substitution-postgres-1  Removed
Linux Desktop Tests (6)	UNKNOWN STEP	2026-02-25T19:58:04.3930891Z  Network substitution_substitution_network  Removing
Linux Desktop Tests (6)	UNKNOWN STEP	2026-02-25T19:58:04.4874507Z  Network substitution_substitution_network  Removed
Linux Desktop Tests (6)	UNKNOWN STEP	2026-02-25T19:58:04.5044824Z Post job cleanup.
Linux Desktop Tests (6)	UNKNOWN STEP	2026-02-25T19:58:04.6475930Z Post job cleanup.
Linux Desktop Tests (6)	UNKNOWN STEP	2026-02-25T19:58:04.7801455Z Cache hit occurred on the primary key flutter-pub-linux-stable-3.41.2-x64-90673a4eef275d1a6692c26ac80d6d746d41a73a-fabacfc13d2b7e18a7fb2822593662b03764f624bf41fd351cdabec60fb27783, not saving cache.
Linux Desktop Tests (6)	UNKNOWN STEP	2026-02-25T19:58:04.7883855Z Post job cleanup.
Linux Desktop Tests (6)	UNKNOWN STEP	2026-02-25T19:58:04.9257615Z Cache hit occurred on the primary key flutter-linux-stable-3.41.2-x64-90673a4eef275d1a6692c26ac80d6d746d41a73a, not saving cache.
Linux Desktop Tests (6)	UNKNOWN STEP	2026-02-25T19:58:04.9407800Z Post job cleanup.
Linux Desktop Tests (6)	UNKNOWN STEP	2026-02-25T19:58:05.0381463Z [command]/usr/bin/git version
Linux Desktop Tests (6)	UNKNOWN STEP	2026-02-25T19:58:05.0419018Z git version 2.53.0
Linux Desktop Tests (6)	UNKNOWN STEP	2026-02-25T19:58:05.0468722Z Temporarily overriding HOME='/home/runner/work/_temp/92a4a97b-21ac-4fe1-a957-d5fede2e0dfe' before making global git config changes
Linux Desktop Tests (6)	UNKNOWN STEP	2026-02-25T19:58:05.0469929Z Adding repository directory to the temporary git global config as a safe directory
Linux Desktop Tests (6)	UNKNOWN STEP	2026-02-25T19:58:05.0473872Z [command]/usr/bin/git config --global --add safe.directory /home/runner/work/substitution/substitution
Linux Desktop Tests (6)	UNKNOWN STEP	2026-02-25T19:58:05.0509700Z [command]/usr/bin/git config --local --name-only --get-regexp core\.sshCommand
Linux Desktop Tests (6)	UNKNOWN STEP	2026-02-25T19:58:05.0542819Z [command]/usr/bin/git submodule foreach --recursive sh -c "git config --local --name-only --get-regexp 'core\.sshCommand' && git config --local --unset-all 'core.sshCommand' || :"
Linux Desktop Tests (6)	UNKNOWN STEP	2026-02-25T19:58:05.0792759Z [command]/usr/bin/git config --local --name-only --get-regexp http\.https\:\/\/github\.com\/\.extraheader
Linux Desktop Tests (6)	UNKNOWN STEP	2026-02-25T19:58:05.0814513Z http.https://github.com/.extraheader
Linux Desktop Tests (6)	UNKNOWN STEP	2026-02-25T19:58:05.0839740Z [command]/usr/bin/git config --local --unset-all http.https://github.com/.extraheader
Linux Desktop Tests (6)	UNKNOWN STEP	2026-02-25T19:58:05.0862316Z [command]/usr/bin/git submodule foreach --recursive sh -c "git config --local --name-only --get-regexp 'http\.https\:\/\/github\.com\/\.extraheader' && git config --local --unset-all 'http.https://github.com/.extraheader' || :"
Linux Desktop Tests (6)	UNKNOWN STEP	2026-02-25T19:58:05.1095579Z [command]/usr/bin/git config --local --name-only --get-regexp ^includeIf\.gitdir:
Linux Desktop Tests (6)	UNKNOWN STEP	2026-02-25T19:58:05.1127263Z [command]/usr/bin/git submodule foreach --recursive git config --local --show-origin --name-only --get-regexp remote.origin.url
Linux Desktop Tests (6)	UNKNOWN STEP	2026-02-25T19:58:05.1469798Z Cleaning up orphan processes
Linux Desktop Tests (0)	UNKNOWN STEP	﻿2026-02-25T19:48:13.2069032Z Current runner version: '2.331.0'
Linux Desktop Tests (0)	UNKNOWN STEP	2026-02-25T19:48:13.2092576Z ##[group]Runner Image Provisioner
Linux Desktop Tests (0)	UNKNOWN STEP	2026-02-25T19:48:13.2093491Z Hosted Compute Agent
Linux Desktop Tests (0)	UNKNOWN STEP	2026-02-25T19:48:13.2094070Z Version: 20260213.493
Linux Desktop Tests (0)	UNKNOWN STEP	2026-02-25T19:48:13.2094628Z Commit: 5c115507f6dd24b8de37d8bbe0bb4509d0cc0fa3
Linux Desktop Tests (0)	UNKNOWN STEP	2026-02-25T19:48:13.2095464Z Build Date: 2026-02-13T00:28:41Z
Linux Desktop Tests (0)	UNKNOWN STEP	2026-02-25T19:48:13.2096105Z Worker ID: {77cf239c-eff0-47da-aec0-c9679b69fefc}
Linux Desktop Tests (0)	UNKNOWN STEP	2026-02-25T19:48:13.2096837Z Azure Region: eastus2
Linux Desktop Tests (0)	UNKNOWN STEP	2026-02-25T19:48:13.2097775Z ##[endgroup]
Linux Desktop Tests (0)	UNKNOWN STEP	2026-02-25T19:48:13.2100123Z ##[group]Operating System
Linux Desktop Tests (0)	UNKNOWN STEP	2026-02-25T19:48:13.2100877Z Ubuntu
Linux Desktop Tests (0)	UNKNOWN STEP	2026-02-25T19:48:13.2101502Z 24.04.3
Linux Desktop Tests (0)	UNKNOWN STEP	2026-02-25T19:48:13.2101980Z LTS
Linux Desktop Tests (0)	UNKNOWN STEP	2026-02-25T19:48:13.2102414Z ##[endgroup]
Linux Desktop Tests (0)	UNKNOWN STEP	2026-02-25T19:48:13.2102989Z ##[group]Runner Image
Linux Desktop Tests (0)	UNKNOWN STEP	2026-02-25T19:48:13.2103510Z Image: ubuntu-24.04
Linux Desktop Tests (0)	UNKNOWN STEP	2026-02-25T19:48:13.2104036Z Version: 20260224.36.1
Linux Desktop Tests (0)	UNKNOWN STEP	2026-02-25T19:48:13.2105282Z Included Software: https://github.com/actions/runner-images/blob/ubuntu24/20260224.36/images/ubuntu/Ubuntu2404-Readme.md
Linux Desktop Tests (0)	UNKNOWN STEP	2026-02-25T19:48:13.2106770Z Image Release: https://github.com/actions/runner-images/releases/tag/ubuntu24%2F20260224.36
Linux Desktop Tests (0)	UNKNOWN STEP	2026-02-25T19:48:13.2107740Z ##[endgroup]
Linux Desktop Tests (0)	UNKNOWN STEP	2026-02-25T19:48:13.2108832Z ##[group]GITHUB_TOKEN Permissions
Linux Desktop Tests (0)	UNKNOWN STEP	2026-02-25T19:48:13.2111088Z Contents: read
Linux Desktop Tests (0)	UNKNOWN STEP	2026-02-25T19:48:13.2111643Z Metadata: read
Linux Desktop Tests (0)	UNKNOWN STEP	2026-02-25T19:48:13.2112171Z Packages: read
Linux Desktop Tests (0)	UNKNOWN STEP	2026-02-25T19:48:13.2112625Z ##[endgroup]
Linux Desktop Tests (0)	UNKNOWN STEP	2026-02-25T19:48:13.2114648Z Secret source: Actions
Linux Desktop Tests (0)	UNKNOWN STEP	2026-02-25T19:48:13.2115363Z Prepare workflow directory
Linux Desktop Tests (0)	UNKNOWN STEP	2026-02-25T19:48:13.2500199Z Prepare all required actions
Linux Desktop Tests (0)	UNKNOWN STEP	2026-02-25T19:48:13.2537194Z Getting action download info
Linux Desktop Tests (0)	UNKNOWN STEP	2026-02-25T19:48:13.5949723Z Download action repository 'actions/checkout@v4' (SHA:34e114876b0b11c390a56381ad16ebd13914f8d5)
Linux Desktop Tests (0)	UNKNOWN STEP	2026-02-25T19:48:13.7620885Z Download action repository 'subosito/flutter-action@v2' (SHA:fd55f4c5af5b953cc57a2be44cb082c8f6635e8e)
Linux Desktop Tests (0)	UNKNOWN STEP	2026-02-25T19:48:14.0844913Z Getting action download info
Linux Desktop Tests (0)	UNKNOWN STEP	2026-02-25T19:48:14.2231315Z Download action repository 'actions/cache@v4' (SHA:0057852bfaa89a56745cba8c7296529d2fc39830)
Linux Desktop Tests (0)	UNKNOWN STEP	2026-02-25T19:48:14.3574284Z Complete job name: Linux Desktop Tests (0)
Linux Desktop Tests (0)	UNKNOWN STEP	2026-02-25T19:48:14.4319144Z ##[group]Run actions/checkout@v4
Linux Desktop Tests (0)	UNKNOWN STEP	2026-02-25T19:48:14.4320270Z with:
Linux Desktop Tests (0)	UNKNOWN STEP	2026-02-25T19:48:14.4320733Z   repository: floffel/substitution
Linux Desktop Tests (0)	UNKNOWN STEP	2026-02-25T19:48:14.4321453Z   token: ***
Linux Desktop Tests (0)	UNKNOWN STEP	2026-02-25T19:48:14.4321880Z   ssh-strict: true
Linux Desktop Tests (0)	UNKNOWN STEP	2026-02-25T19:48:14.4322330Z   ssh-user: git
Linux Desktop Tests (0)	UNKNOWN STEP	2026-02-25T19:48:14.4322789Z   persist-credentials: true
Linux Desktop Tests (0)	UNKNOWN STEP	2026-02-25T19:48:14.4323289Z   clean: true
Linux Desktop Tests (0)	UNKNOWN STEP	2026-02-25T19:48:14.4323753Z   sparse-checkout-cone-mode: true
Linux Desktop Tests (0)	UNKNOWN STEP	2026-02-25T19:48:14.4324408Z   fetch-depth: 1
Linux Desktop Tests (0)	UNKNOWN STEP	2026-02-25T19:48:14.4324860Z   fetch-tags: false
Linux Desktop Tests (0)	UNKNOWN STEP	2026-02-25T19:48:14.4325460Z   show-progress: true
Linux Desktop Tests (0)	UNKNOWN STEP	2026-02-25T19:48:14.4326237Z   lfs: false
Linux Desktop Tests (0)	UNKNOWN STEP	2026-02-25T19:48:14.4326836Z   submodules: false
Linux Desktop Tests (0)	UNKNOWN STEP	2026-02-25T19:48:14.4327346Z   set-safe-directory: true
Linux Desktop Tests (0)	UNKNOWN STEP	2026-02-25T19:48:14.4328168Z env:
Linux Desktop Tests (0)	UNKNOWN STEP	2026-02-25T19:48:14.4328752Z   CACHE_VERSION: v1
Linux Desktop Tests (0)	UNKNOWN STEP	2026-02-25T19:48:14.4329219Z ##[endgroup]
Linux Desktop Tests (0)	UNKNOWN STEP	2026-02-25T19:48:14.5417681Z Syncing repository: floffel/substitution
Linux Desktop Tests (0)	UNKNOWN STEP	2026-02-25T19:48:14.5420201Z ##[group]Getting Git version info
Linux Desktop Tests (0)	UNKNOWN STEP	2026-02-25T19:48:14.5421085Z Working directory is '/home/runner/work/substitution/substitution'
Linux Desktop Tests (0)	UNKNOWN STEP	2026-02-25T19:48:14.5422164Z [command]/usr/bin/git version
Linux Desktop Tests (0)	UNKNOWN STEP	2026-02-25T19:48:14.5490304Z git version 2.53.0
Linux Desktop Tests (0)	UNKNOWN STEP	2026-02-25T19:48:14.5515551Z ##[endgroup]
Linux Desktop Tests (0)	UNKNOWN STEP	2026-02-25T19:48:14.5529599Z Temporarily overriding HOME='/home/runner/work/_temp/c1b88725-2448-4de6-aebf-3ae0c96a4010' before making global git config changes
Linux Desktop Tests (0)	UNKNOWN STEP	2026-02-25T19:48:14.5531169Z Adding repository directory to the temporary git global config as a safe directory
Linux Desktop Tests (0)	UNKNOWN STEP	2026-02-25T19:48:14.5534598Z [command]/usr/bin/git config --global --add safe.directory /home/runner/work/substitution/substitution
Linux Desktop Tests (0)	UNKNOWN STEP	2026-02-25T19:48:14.5572955Z Deleting the contents of '/home/runner/work/substitution/substitution'
Linux Desktop Tests (0)	UNKNOWN STEP	2026-02-25T19:48:14.5576679Z ##[group]Initializing the repository
Linux Desktop Tests (0)	UNKNOWN STEP	2026-02-25T19:48:14.5580670Z [command]/usr/bin/git init /home/runner/work/substitution/substitution
Linux Desktop Tests (0)	UNKNOWN STEP	2026-02-25T19:48:14.5665793Z hint: Using 'master' as the name for the initial branch. This default branch name
Linux Desktop Tests (0)	UNKNOWN STEP	2026-02-25T19:48:14.5667133Z hint: will change to "main" in Git 3.0. To configure the initial branch name
Linux Desktop Tests (0)	UNKNOWN STEP	2026-02-25T19:48:14.5668103Z hint: to use in all of your new repositories, which will suppress this warning,
Linux Desktop Tests (0)	UNKNOWN STEP	2026-02-25T19:48:14.5668881Z hint: call:
Linux Desktop Tests (0)	UNKNOWN STEP	2026-02-25T19:48:14.5669653Z hint:
Linux Desktop Tests (0)	UNKNOWN STEP	2026-02-25T19:48:14.5670601Z hint: 	git config --global init.defaultBranch <name>
Linux Desktop Tests (0)	UNKNOWN STEP	2026-02-25T19:48:14.5671450Z hint:
Linux Desktop Tests (0)	UNKNOWN STEP	2026-02-25T19:48:14.5672057Z hint: Names commonly chosen instead of 'master' are 'main', 'trunk' and
Linux Desktop Tests (0)	UNKNOWN STEP	2026-02-25T19:48:14.5673028Z hint: 'development'. The just-created branch can be renamed via this command:
Linux Desktop Tests (0)	UNKNOWN STEP	2026-02-25T19:48:14.5673781Z hint:
Linux Desktop Tests (0)	UNKNOWN STEP	2026-02-25T19:48:14.5674186Z hint: 	git branch -m <name>
Linux Desktop Tests (0)	UNKNOWN STEP	2026-02-25T19:48:14.5674668Z hint:
Linux Desktop Tests (0)	UNKNOWN STEP	2026-02-25T19:48:14.5675555Z hint: Disable this message with "git config set advice.defaultBranchName false"
Linux Desktop Tests (0)	UNKNOWN STEP	2026-02-25T19:48:14.5676698Z Initialized empty Git repository in /home/runner/work/substitution/substitution/.git/
Linux Desktop Tests (0)	UNKNOWN STEP	2026-02-25T19:48:14.5681791Z [command]/usr/bin/git remote add origin https://github.com/floffel/substitution
Linux Desktop Tests (0)	UNKNOWN STEP	2026-02-25T19:48:14.5715485Z ##[endgroup]
Linux Desktop Tests (0)	UNKNOWN STEP	2026-02-25T19:48:14.5716261Z ##[group]Disabling automatic garbage collection
Linux Desktop Tests (0)	UNKNOWN STEP	2026-02-25T19:48:14.5720015Z [command]/usr/bin/git config --local gc.auto 0
Linux Desktop Tests (0)	UNKNOWN STEP	2026-02-25T19:48:14.5750915Z ##[endgroup]
Linux Desktop Tests (0)	UNKNOWN STEP	2026-02-25T19:48:14.5752300Z ##[group]Setting up auth
Linux Desktop Tests (0)	UNKNOWN STEP	2026-02-25T19:48:14.5758605Z [command]/usr/bin/git config --local --name-only --get-regexp core\.sshCommand
Linux Desktop Tests (0)	UNKNOWN STEP	2026-02-25T19:48:14.5791359Z [command]/usr/bin/git submodule foreach --recursive sh -c "git config --local --name-only --get-regexp 'core\.sshCommand' && git config --local --unset-all 'core.sshCommand' || :"
Linux Desktop Tests (0)	UNKNOWN STEP	2026-02-25T19:48:14.6116691Z [command]/usr/bin/git config --local --name-only --get-regexp http\.https\:\/\/github\.com\/\.extraheader
Linux Desktop Tests (0)	UNKNOWN STEP	2026-02-25T19:48:14.6145507Z [command]/usr/bin/git submodule foreach --recursive sh -c "git config --local --name-only --get-regexp 'http\.https\:\/\/github\.com\/\.extraheader' && git config --local --unset-all 'http.https://github.com/.extraheader' || :"
Linux Desktop Tests (0)	UNKNOWN STEP	2026-02-25T19:48:14.6373934Z [command]/usr/bin/git config --local --name-only --get-regexp ^includeIf\.gitdir:
Linux Desktop Tests (0)	UNKNOWN STEP	2026-02-25T19:48:14.6413143Z [command]/usr/bin/git submodule foreach --recursive git config --local --show-origin --name-only --get-regexp remote.origin.url
Linux Desktop Tests (0)	UNKNOWN STEP	2026-02-25T19:48:14.6650106Z [command]/usr/bin/git config --local http.https://github.com/.extraheader AUTHORIZATION: basic ***
Linux Desktop Tests (0)	UNKNOWN STEP	2026-02-25T19:48:14.6684546Z ##[endgroup]
Linux Desktop Tests (0)	UNKNOWN STEP	2026-02-25T19:48:14.6685985Z ##[group]Fetching the repository
Linux Desktop Tests (0)	UNKNOWN STEP	2026-02-25T19:48:14.6694737Z [command]/usr/bin/git -c protocol.version=2 fetch --no-tags --prune --no-recurse-submodules --depth=1 origin +0408461b08eee1bbe2c516702bd1813b916d3e4c:refs/remotes/pull/1/merge
Linux Desktop Tests (0)	UNKNOWN STEP	2026-02-25T19:48:15.6737776Z From https://github.com/floffel/substitution
Linux Desktop Tests (0)	UNKNOWN STEP	2026-02-25T19:48:15.6740321Z  * [new ref]         0408461b08eee1bbe2c516702bd1813b916d3e4c -> pull/1/merge
Linux Desktop Tests (0)	UNKNOWN STEP	2026-02-25T19:48:15.6778401Z ##[endgroup]
Linux Desktop Tests (0)	UNKNOWN STEP	2026-02-25T19:48:15.6782136Z ##[group]Determining the checkout info
Linux Desktop Tests (0)	UNKNOWN STEP	2026-02-25T19:48:15.6784359Z ##[endgroup]
Linux Desktop Tests (0)	UNKNOWN STEP	2026-02-25T19:48:15.6786020Z [command]/usr/bin/git sparse-checkout disable
Linux Desktop Tests (0)	UNKNOWN STEP	2026-02-25T19:48:15.6830365Z [command]/usr/bin/git config --local --unset-all extensions.worktreeConfig
Linux Desktop Tests (0)	UNKNOWN STEP	2026-02-25T19:48:15.6859942Z ##[group]Checking out the ref
Linux Desktop Tests (0)	UNKNOWN STEP	2026-02-25T19:48:15.6863327Z [command]/usr/bin/git checkout --progress --force refs/remotes/pull/1/merge
Linux Desktop Tests (0)	UNKNOWN STEP	2026-02-25T19:48:15.9747643Z Note: switching to 'refs/remotes/pull/1/merge'.
Linux Desktop Tests (0)	UNKNOWN STEP	2026-02-25T19:48:15.9749597Z 
Linux Desktop Tests (0)	UNKNOWN STEP	2026-02-25T19:48:15.9750838Z You are in 'detached HEAD' state. You can look around, make experimental
Linux Desktop Tests (0)	UNKNOWN STEP	2026-02-25T19:48:15.9755240Z changes and commit them, and you can discard any commits you make in this
Linux Desktop Tests (0)	UNKNOWN STEP	2026-02-25T19:48:15.9758171Z state without impacting any branches by switching back to a branch.
Linux Desktop Tests (0)	UNKNOWN STEP	2026-02-25T19:48:15.9760128Z 
Linux Desktop Tests (0)	UNKNOWN STEP	2026-02-25T19:48:15.9761208Z If you want to create a new branch to retain commits you create, you may
Linux Desktop Tests (0)	UNKNOWN STEP	2026-02-25T19:48:15.9764120Z do so (now or later) by using -c with the switch command. Example:
Linux Desktop Tests (0)	UNKNOWN STEP	2026-02-25T19:48:15.9765298Z 
Linux Desktop Tests (0)	UNKNOWN STEP	2026-02-25T19:48:15.9765710Z   git switch -c <new-branch-name>
Linux Desktop Tests (0)	UNKNOWN STEP	2026-02-25T19:48:15.9766457Z 
Linux Desktop Tests (0)	UNKNOWN STEP	2026-02-25T19:48:15.9766980Z Or undo this operation with:
Linux Desktop Tests (0)	UNKNOWN STEP	2026-02-25T19:48:15.9767903Z 
Linux Desktop Tests (0)	UNKNOWN STEP	2026-02-25T19:48:15.9768309Z   git switch -
Linux Desktop Tests (0)	UNKNOWN STEP	2026-02-25T19:48:15.9768864Z 
Linux Desktop Tests (0)	UNKNOWN STEP	2026-02-25T19:48:15.9770007Z Turn off this advice by setting config variable advice.detachedHead to false
Linux Desktop Tests (0)	UNKNOWN STEP	2026-02-25T19:48:15.9771400Z 
Linux Desktop Tests (0)	UNKNOWN STEP	2026-02-25T19:48:15.9773129Z HEAD is now at 0408461 Merge 86c2f4a4443179a61e99b4f5d2c467a0f9c43a72 into 74cc852017b0f1fdeb37326726f5fee7effe2248
Linux Desktop Tests (0)	UNKNOWN STEP	2026-02-25T19:48:15.9777801Z ##[endgroup]
Linux Desktop Tests (0)	UNKNOWN STEP	2026-02-25T19:48:15.9810887Z [command]/usr/bin/git log -1 --format=%H
Linux Desktop Tests (0)	UNKNOWN STEP	2026-02-25T19:48:15.9834660Z 0408461b08eee1bbe2c516702bd1813b916d3e4c
Linux Desktop Tests (0)	UNKNOWN STEP	2026-02-25T19:48:16.0122650Z ##[group]Run sudo apt-get update -q
Linux Desktop Tests (0)	UNKNOWN STEP	2026-02-25T19:48:16.0123925Z [36;1msudo apt-get update -q[0m
Linux Desktop Tests (0)	UNKNOWN STEP	2026-02-25T19:48:16.0125050Z [36;1msudo apt-get install -y \[0m
Linux Desktop Tests (0)	UNKNOWN STEP	2026-02-25T19:48:16.0126304Z [36;1m  clang cmake ninja-build pkg-config \[0m
Linux Desktop Tests (0)	UNKNOWN STEP	2026-02-25T19:48:16.0127752Z [36;1m  libgtk-3-dev liblzma-dev libstdc++-12-dev \[0m
Linux Desktop Tests (0)	UNKNOWN STEP	2026-02-25T19:48:16.0129597Z [36;1m  libsecret-1-dev libjsoncpp-dev libsqlite3-dev \[0m
Linux Desktop Tests (0)	UNKNOWN STEP	2026-02-25T19:48:16.0131277Z [36;1m  libgl1-mesa-dev libegl1-mesa-dev libgles2-mesa-dev \[0m
Linux Desktop Tests (0)	UNKNOWN STEP	2026-02-25T19:48:16.0132868Z [36;1m  libblkid-dev libdbus-1-dev libatk1.0-dev \[0m
Linux Desktop Tests (0)	UNKNOWN STEP	2026-02-25T19:48:16.0134137Z [36;1m  xvfb[0m
Linux Desktop Tests (0)	UNKNOWN STEP	2026-02-25T19:48:16.0191404Z shell: /usr/bin/bash -e {0}
Linux Desktop Tests (0)	UNKNOWN STEP	2026-02-25T19:48:16.0192575Z env:
Linux Desktop Tests (0)	UNKNOWN STEP	2026-02-25T19:48:16.0193436Z   CACHE_VERSION: v1
Linux Desktop Tests (0)	UNKNOWN STEP	2026-02-25T19:48:16.0194396Z ##[endgroup]
Linux Desktop Tests (0)	UNKNOWN STEP	2026-02-25T19:48:16.1406852Z Get:1 file:/etc/apt/apt-mirrors.txt Mirrorlist [144 B]
Linux Desktop Tests (0)	UNKNOWN STEP	2026-02-25T19:48:16.1761584Z Hit:2 http://azure.archive.ubuntu.com/ubuntu noble InRelease
Linux Desktop Tests (0)	UNKNOWN STEP	2026-02-25T19:48:16.1791504Z Get:3 http://azure.archive.ubuntu.com/ubuntu noble-updates InRelease [126 kB]
Linux Desktop Tests (0)	UNKNOWN STEP	2026-02-25T19:48:16.1851441Z Get:4 http://azure.archive.ubuntu.com/ubuntu noble-backports InRelease [126 kB]
Linux Desktop Tests (0)	UNKNOWN STEP	2026-02-25T19:48:16.1872069Z Get:5 http://azure.archive.ubuntu.com/ubuntu noble-security InRelease [126 kB]
Linux Desktop Tests (0)	UNKNOWN STEP	2026-02-25T19:48:16.2230490Z Hit:6 https://packages.microsoft.com/repos/azure-cli noble InRelease
Linux Desktop Tests (0)	UNKNOWN STEP	2026-02-25T19:48:16.2310485Z Get:7 https://packages.microsoft.com/ubuntu/24.04/prod noble InRelease [3600 B]
Linux Desktop Tests (0)	UNKNOWN STEP	2026-02-25T19:48:16.3489794Z Get:8 http://azure.archive.ubuntu.com/ubuntu noble-updates/main amd64 Packages [1800 kB]
Linux Desktop Tests (0)	UNKNOWN STEP	2026-02-25T19:48:16.3687909Z Get:9 http://azure.archive.ubuntu.com/ubuntu noble-updates/main Translation-en [331 kB]
Linux Desktop Tests (0)	UNKNOWN STEP	2026-02-25T19:48:16.3702857Z Get:10 http://azure.archive.ubuntu.com/ubuntu noble-updates/main amd64 Components [175 kB]
Linux Desktop Tests (0)	UNKNOWN STEP	2026-02-25T19:48:16.3712550Z Get:11 http://azure.archive.ubuntu.com/ubuntu noble-updates/main amd64 c-n-f Metadata [16.5 kB]
Linux Desktop Tests (0)	UNKNOWN STEP	2026-02-25T19:48:16.3724205Z Get:12 http://azure.archive.ubuntu.com/ubuntu noble-updates/universe amd64 Packages [1557 kB]
Linux Desktop Tests (0)	UNKNOWN STEP	2026-02-25T19:48:16.3830895Z Get:13 http://azure.archive.ubuntu.com/ubuntu noble-updates/universe Translation-en [316 kB]
Linux Desktop Tests (0)	UNKNOWN STEP	2026-02-25T19:48:16.3855421Z Get:14 http://azure.archive.ubuntu.com/ubuntu noble-updates/universe amd64 Components [386 kB]
Linux Desktop Tests (0)	UNKNOWN STEP	2026-02-25T19:48:16.3881723Z Get:15 http://azure.archive.ubuntu.com/ubuntu noble-updates/universe amd64 c-n-f Metadata [32.7 kB]
Linux Desktop Tests (0)	UNKNOWN STEP	2026-02-25T19:48:16.3891904Z Get:16 http://azure.archive.ubuntu.com/ubuntu noble-updates/restricted amd64 Packages [2735 kB]
Linux Desktop Tests (0)	UNKNOWN STEP	2026-02-25T19:48:16.4031593Z Get:17 http://azure.archive.ubuntu.com/ubuntu noble-updates/restricted Translation-en [630 kB]
Linux Desktop Tests (0)	UNKNOWN STEP	2026-02-25T19:48:16.4491811Z Get:18 http://azure.archive.ubuntu.com/ubuntu noble-updates/restricted amd64 Components [212 B]
Linux Desktop Tests (0)	UNKNOWN STEP	2026-02-25T19:48:16.4500984Z Get:19 http://azure.archive.ubuntu.com/ubuntu noble-updates/multiverse amd64 Components [940 B]
Linux Desktop Tests (0)	UNKNOWN STEP	2026-02-25T19:48:16.4510733Z Get:20 http://azure.archive.ubuntu.com/ubuntu noble-backports/main amd64 Components [7296 B]
Linux Desktop Tests (0)	UNKNOWN STEP	2026-02-25T19:48:16.4522688Z Get:21 http://azure.archive.ubuntu.com/ubuntu noble-backports/universe amd64 Components [10.5 kB]
Linux Desktop Tests (0)	UNKNOWN STEP	2026-02-25T19:48:16.4530043Z Get:22 http://azure.archive.ubuntu.com/ubuntu noble-backports/restricted amd64 Components [216 B]
Linux Desktop Tests (0)	UNKNOWN STEP	2026-02-25T19:48:16.4537351Z Get:23 http://azure.archive.ubuntu.com/ubuntu noble-backports/multiverse amd64 Components [212 B]
Linux Desktop Tests (0)	UNKNOWN STEP	2026-02-25T19:48:16.4752185Z Get:24 http://azure.archive.ubuntu.com/ubuntu noble-security/main amd64 Packages [1491 kB]
Linux Desktop Tests (0)	UNKNOWN STEP	2026-02-25T19:48:16.4820957Z Get:25 http://azure.archive.ubuntu.com/ubuntu noble-security/main Translation-en [239 kB]
Linux Desktop Tests (0)	UNKNOWN STEP	2026-02-25T19:48:16.4846888Z Get:26 http://azure.archive.ubuntu.com/ubuntu noble-security/main amd64 Components [21.5 kB]
Linux Desktop Tests (0)	UNKNOWN STEP	2026-02-25T19:48:16.4863755Z Get:27 http://azure.archive.ubuntu.com/ubuntu noble-security/main amd64 c-n-f Metadata [9932 B]
Linux Desktop Tests (0)	UNKNOWN STEP	2026-02-25T19:48:16.4891858Z Get:28 http://azure.archive.ubuntu.com/ubuntu noble-security/universe amd64 Packages [936 kB]
Linux Desktop Tests (0)	UNKNOWN STEP	2026-02-25T19:48:16.4929028Z Get:29 http://azure.archive.ubuntu.com/ubuntu noble-security/universe Translation-en [216 kB]
Linux Desktop Tests (0)	UNKNOWN STEP	2026-02-25T19:48:16.4954239Z Get:30 http://azure.archive.ubuntu.com/ubuntu noble-security/universe amd64 Components [74.2 kB]
Linux Desktop Tests (0)	UNKNOWN STEP	2026-02-25T19:48:16.4972641Z Get:31 http://azure.archive.ubuntu.com/ubuntu noble-security/universe amd64 c-n-f Metadata [20.1 kB]
Linux Desktop Tests (0)	UNKNOWN STEP	2026-02-25T19:48:16.5430561Z Get:32 http://azure.archive.ubuntu.com/ubuntu noble-security/restricted amd64 Packages [2557 kB]
Linux Desktop Tests (0)	UNKNOWN STEP	2026-02-25T19:48:16.5558581Z Get:33 http://azure.archive.ubuntu.com/ubuntu noble-security/restricted Translation-en [594 kB]
Linux Desktop Tests (0)	UNKNOWN STEP	2026-02-25T19:48:16.5593304Z Get:34 http://azure.archive.ubuntu.com/ubuntu noble-security/restricted amd64 Components [212 B]
Linux Desktop Tests (0)	UNKNOWN STEP	2026-02-25T19:48:16.5605079Z Get:35 http://azure.archive.ubuntu.com/ubuntu noble-security/multiverse amd64 Components [212 B]
Linux Desktop Tests (0)	UNKNOWN STEP	2026-02-25T19:48:16.5896603Z Get:36 https://packages.microsoft.com/ubuntu/24.04/prod noble/main armhf Packages [11.4 kB]
Linux Desktop Tests (0)	UNKNOWN STEP	2026-02-25T19:48:16.5983646Z Get:37 https://packages.microsoft.com/ubuntu/24.04/prod noble/main arm64 Packages [74.9 kB]
Linux Desktop Tests (0)	UNKNOWN STEP	2026-02-25T19:48:16.6178530Z Get:38 https://packages.microsoft.com/ubuntu/24.04/prod noble/main amd64 Packages [96.0 kB]
Linux Desktop Tests (0)	UNKNOWN STEP	2026-02-25T19:48:22.3337397Z Fetched 14.7 MB in 2s (8587 kB/s)
Linux Desktop Tests (0)	UNKNOWN STEP	2026-02-25T19:48:23.0916275Z Reading package lists...
Linux Desktop Tests (0)	UNKNOWN STEP	2026-02-25T19:48:23.1257471Z Reading package lists...
Linux Desktop Tests (0)	UNKNOWN STEP	2026-02-25T19:48:23.2887211Z Building dependency tree...
Linux Desktop Tests (0)	UNKNOWN STEP	2026-02-25T19:48:23.2894087Z Reading state information...
Linux Desktop Tests (0)	UNKNOWN STEP	2026-02-25T19:48:23.4545238Z pkg-config is already the newest version (1.8.1-2build1).
Linux Desktop Tests (0)	UNKNOWN STEP	2026-02-25T19:48:23.4546922Z libstdc++-12-dev is already the newest version (12.4.0-2ubuntu1~24.04.1).
Linux Desktop Tests (0)	UNKNOWN STEP	2026-02-25T19:48:23.4547710Z libstdc++-12-dev set to manually installed.
Linux Desktop Tests (0)	UNKNOWN STEP	2026-02-25T19:48:23.4551442Z libsqlite3-dev is already the newest version (3.45.1-1ubuntu2.5).
Linux Desktop Tests (0)	UNKNOWN STEP	2026-02-25T19:48:23.4552191Z xvfb is already the newest version (2:21.1.12-1ubuntu1.5).
Linux Desktop Tests (0)	UNKNOWN STEP	2026-02-25T19:48:23.4552843Z The following additional packages will be installed:
Linux Desktop Tests (0)	UNKNOWN STEP	2026-02-25T19:48:23.4553559Z   bzip2-doc cmake-data gir1.2-atk-1.0 gir1.2-atspi-2.0 gir1.2-freedesktop
Linux Desktop Tests (0)	UNKNOWN STEP	2026-02-25T19:48:23.4554334Z   gir1.2-freedesktop-dev gir1.2-gdkpixbuf-2.0 gir1.2-glib-2.0
Linux Desktop Tests (0)	UNKNOWN STEP	2026-02-25T19:48:23.4555078Z   gir1.2-glib-2.0-dev gir1.2-gtk-3.0 gir1.2-harfbuzz-0.0 gir1.2-pango-1.0
Linux Desktop Tests (0)	UNKNOWN STEP	2026-02-25T19:48:23.4555867Z   gir1.2-secret-1 libatk-bridge2.0-dev libatspi2.0-dev libbrotli-dev
Linux Desktop Tests (0)	UNKNOWN STEP	2026-02-25T19:48:23.4556742Z   libbz2-dev libcairo-script-interpreter2 libcairo2-dev libdatrie-dev
Linux Desktop Tests (0)	UNKNOWN STEP	2026-02-25T19:48:23.4557500Z   libdeflate-dev libegl-dev libegl-mesa0 libegl1 libepoxy-dev
Linux Desktop Tests (0)	UNKNOWN STEP	2026-02-25T19:48:23.4558231Z   libfontconfig-dev libfreetype-dev libfribidi-dev libgcrypt20-dev
Linux Desktop Tests (0)	UNKNOWN STEP	2026-02-25T19:48:23.4559091Z   libgdk-pixbuf-2.0-dev libgdk-pixbuf2.0-bin libgirepository-2.0-0 libgl-dev
Linux Desktop Tests (0)	UNKNOWN STEP	2026-02-25T19:48:23.4560189Z   libgles-dev libgles1 libgles2 libglib2.0-0t64 libglib2.0-bin libglib2.0-data
Linux Desktop Tests (0)	UNKNOWN STEP	2026-02-25T19:48:23.4561092Z   libglib2.0-dev libglib2.0-dev-bin libglvnd-core-dev libglvnd-dev libglx-dev
Linux Desktop Tests (0)	UNKNOWN STEP	2026-02-25T19:48:23.4561932Z   libgpg-error-dev libgraphite2-dev libharfbuzz-cairo0 libharfbuzz-dev
Linux Desktop Tests (0)	UNKNOWN STEP	2026-02-25T19:48:23.4562656Z   libharfbuzz-gobject0 libharfbuzz-icu0 libharfbuzz-subset0 libice-dev
Linux Desktop Tests (0)	UNKNOWN STEP	2026-02-25T19:48:23.4563504Z   libjbig-dev libjpeg-dev libjpeg-turbo8-dev libjpeg8-dev libjsoncpp25
Linux Desktop Tests (0)	UNKNOWN STEP	2026-02-25T19:48:23.4564335Z   liblerc-dev libmount-dev libopengl-dev libopengl0 libpango1.0-dev
Linux Desktop Tests (0)	UNKNOWN STEP	2026-02-25T19:48:23.4565140Z   libpangoxft-1.0-0 libpixman-1-dev libpng-dev libpng-tools libpng16-16t64
Linux Desktop Tests (0)	UNKNOWN STEP	2026-02-25T19:48:23.4565920Z   libpthread-stubs0-dev librhash0 libsecret-1-0 libsecret-common
Linux Desktop Tests (0)	UNKNOWN STEP	2026-02-25T19:48:23.4566705Z   libselinux1-dev libsepol-dev libsharpyuv-dev libsm-dev libthai-dev
Linux Desktop Tests (0)	UNKNOWN STEP	2026-02-25T19:48:23.4567514Z   libtiff-dev libtiffxx6 libwayland-bin libwayland-dev libwayland-server0
Linux Desktop Tests (0)	UNKNOWN STEP	2026-02-25T19:48:23.4568216Z   libwebp-dev libwebpdecoder3 libx11-dev libxau-dev libxcb-render0-dev
Linux Desktop Tests (0)	UNKNOWN STEP	2026-02-25T19:48:23.4568951Z   libxcb-shm0-dev libxcb1-dev libxcomposite-dev libxcursor-dev libxdamage-dev
Linux Desktop Tests (0)	UNKNOWN STEP	2026-02-25T19:48:23.4569698Z   libxdmcp-dev libxext-dev libxfixes-dev libxft-dev libxi-dev libxinerama-dev
Linux Desktop Tests (0)	UNKNOWN STEP	2026-02-25T19:48:23.4570211Z   libxkbcommon-dev libxrandr-dev libxrender-dev libxtst-dev pango1.0-tools
Linux Desktop Tests (0)	UNKNOWN STEP	2026-02-25T19:48:23.4570706Z   uuid-dev wayland-protocols x11proto-dev xorg-sgml-doctools xtrans-dev
Linux Desktop Tests (0)	UNKNOWN STEP	2026-02-25T19:48:23.4571067Z Suggested packages:
Linux Desktop Tests (0)	UNKNOWN STEP	2026-02-25T19:48:23.4571375Z   cmake-doc cmake-format elpa-cmake-mode libcairo2-doc libdatrie-doc
Linux Desktop Tests (0)	UNKNOWN STEP	2026-02-25T19:48:23.4571824Z   freetype2-doc libgcrypt20-doc low-memory-monitor libglib2.0-doc
Linux Desktop Tests (0)	UNKNOWN STEP	2026-02-25T19:48:23.4572278Z   libxml2-utils libgraphite2-utils libgtk-3-doc libice-doc liblzma-doc
Linux Desktop Tests (0)	UNKNOWN STEP	2026-02-25T19:48:23.4572770Z   libpango1.0-doc libsm-doc libthai-doc libwayland-doc libx11-doc libxcb-doc
Linux Desktop Tests (0)	UNKNOWN STEP	2026-02-25T19:48:23.4573165Z   libxext-doc graphicsmagick
Linux Desktop Tests (0)	UNKNOWN STEP	2026-02-25T19:48:23.5661429Z The following NEW packages will be installed:
Linux Desktop Tests (0)	UNKNOWN STEP	2026-02-25T19:48:23.5662189Z   bzip2-doc clang cmake cmake-data gir1.2-atk-1.0 gir1.2-atspi-2.0
Linux Desktop Tests (0)	UNKNOWN STEP	2026-02-25T19:48:23.5663003Z   gir1.2-freedesktop gir1.2-freedesktop-dev gir1.2-gdkpixbuf-2.0
Linux Desktop Tests (0)	UNKNOWN STEP	2026-02-25T19:48:23.5663830Z   gir1.2-glib-2.0-dev gir1.2-gtk-3.0 gir1.2-harfbuzz-0.0 gir1.2-pango-1.0
Linux Desktop Tests (0)	UNKNOWN STEP	2026-02-25T19:48:23.5664648Z   gir1.2-secret-1 libatk-bridge2.0-dev libatk1.0-dev libatspi2.0-dev
Linux Desktop Tests (0)	UNKNOWN STEP	2026-02-25T19:48:23.5665502Z   libblkid-dev libbrotli-dev libbz2-dev libcairo-script-interpreter2
Linux Desktop Tests (0)	UNKNOWN STEP	2026-02-25T19:48:23.5666363Z   libcairo2-dev libdatrie-dev libdbus-1-dev libdeflate-dev libegl-dev
Linux Desktop Tests (0)	UNKNOWN STEP	2026-02-25T19:48:23.5667237Z   libegl-mesa0 libegl1 libegl1-mesa-dev libepoxy-dev libfontconfig-dev
Linux Desktop Tests (0)	UNKNOWN STEP	2026-02-25T19:48:23.5668137Z   libfreetype-dev libfribidi-dev libgcrypt20-dev libgdk-pixbuf-2.0-dev
Linux Desktop Tests (0)	UNKNOWN STEP	2026-02-25T19:48:23.5669013Z   libgdk-pixbuf2.0-bin libgirepository-2.0-0 libgl-dev libgl1-mesa-dev
Linux Desktop Tests (0)	UNKNOWN STEP	2026-02-25T19:48:23.5670041Z   libgles-dev libgles1 libgles2 libgles2-mesa-dev libglib2.0-dev
Linux Desktop Tests (0)	UNKNOWN STEP	2026-02-25T19:48:23.5670834Z   libglib2.0-dev-bin libglvnd-core-dev libglvnd-dev libglx-dev
Linux Desktop Tests (0)	UNKNOWN STEP	2026-02-25T19:48:23.5671695Z   libgpg-error-dev libgraphite2-dev libgtk-3-dev libharfbuzz-cairo0
Linux Desktop Tests (0)	UNKNOWN STEP	2026-02-25T19:48:23.5672610Z   libharfbuzz-dev libharfbuzz-gobject0 libharfbuzz-icu0 libharfbuzz-subset0
Linux Desktop Tests (0)	UNKNOWN STEP	2026-02-25T19:48:23.5673526Z   libice-dev libjbig-dev libjpeg-dev libjpeg-turbo8-dev libjpeg8-dev
Linux Desktop Tests (0)	UNKNOWN STEP	2026-02-25T19:48:23.5674385Z   libjsoncpp-dev libjsoncpp25 liblerc-dev liblzma-dev libmount-dev
Linux Desktop Tests (0)	UNKNOWN STEP	2026-02-25T19:48:23.5675215Z   libopengl-dev libopengl0 libpango1.0-dev libpangoxft-1.0-0 libpixman-1-dev
Linux Desktop Tests (0)	UNKNOWN STEP	2026-02-25T19:48:23.5676088Z   libpng-dev libpng-tools libpthread-stubs0-dev librhash0 libsecret-1-0
Linux Desktop Tests (0)	UNKNOWN STEP	2026-02-25T19:48:23.5676875Z   libsecret-1-dev libsecret-common libselinux1-dev libsepol-dev
Linux Desktop Tests (0)	UNKNOWN STEP	2026-02-25T19:48:23.5677685Z   libsharpyuv-dev libsm-dev libthai-dev libtiff-dev libtiffxx6 libwayland-bin
Linux Desktop Tests (0)	UNKNOWN STEP	2026-02-25T19:48:23.5678599Z   libwayland-dev libwayland-server0 libwebp-dev libwebpdecoder3 libx11-dev
Linux Desktop Tests (0)	UNKNOWN STEP	2026-02-25T19:48:23.5679655Z   libxau-dev libxcb-render0-dev libxcb-shm0-dev libxcb1-dev libxcomposite-dev
Linux Desktop Tests (0)	UNKNOWN STEP	2026-02-25T19:48:23.5680561Z   libxcursor-dev libxdamage-dev libxdmcp-dev libxext-dev libxfixes-dev
Linux Desktop Tests (0)	UNKNOWN STEP	2026-02-25T19:48:23.5681362Z   libxft-dev libxi-dev libxinerama-dev libxkbcommon-dev libxrandr-dev
Linux Desktop Tests (0)	UNKNOWN STEP	2026-02-25T19:48:23.5682146Z   libxrender-dev libxtst-dev ninja-build pango1.0-tools uuid-dev
Linux Desktop Tests (0)	UNKNOWN STEP	2026-02-25T19:48:23.5683326Z   wayland-protocols x11proto-dev xorg-sgml-doctools xtrans-dev
Linux Desktop Tests (0)	UNKNOWN STEP	2026-02-25T19:48:23.5683984Z The following packages will be upgraded:
Linux Desktop Tests (0)	UNKNOWN STEP	2026-02-25T19:48:23.5684627Z   gir1.2-glib-2.0 libglib2.0-0t64 libglib2.0-bin libglib2.0-data
Linux Desktop Tests (0)	UNKNOWN STEP	2026-02-25T19:48:23.5688882Z   libpng16-16t64
Linux Desktop Tests (0)	UNKNOWN STEP	2026-02-25T19:48:23.5893483Z 5 upgraded, 115 newly installed, 0 to remove and 27 not upgraded.
Linux Desktop Tests (0)	UNKNOWN STEP	2026-02-25T19:48:23.5894128Z Need to get 30.4 MB of archives.
Linux Desktop Tests (0)	UNKNOWN STEP	2026-02-25T19:48:23.5894764Z After this operation, 139 MB of additional disk space will be used.
Linux Desktop Tests (0)	UNKNOWN STEP	2026-02-25T19:48:23.5895295Z Get:1 file:/etc/apt/apt-mirrors.txt Mirrorlist [144 B]
Linux Desktop Tests (0)	UNKNOWN STEP	2026-02-25T19:48:23.6072014Z Get:2 http://azure.archive.ubuntu.com/ubuntu noble-updates/main amd64 libglib2.0-data all 2.80.0-6ubuntu3.8 [49.6 kB]
Linux Desktop Tests (0)	UNKNOWN STEP	2026-02-25T19:48:23.6109940Z Get:3 http://azure.archive.ubuntu.com/ubuntu noble-updates/main amd64 libglib2.0-bin amd64 2.80.0-6ubuntu3.8 [97.9 kB]
Linux Desktop Tests (0)	UNKNOWN STEP	2026-02-25T19:48:23.6145765Z Get:4 http://azure.archive.ubuntu.com/ubuntu noble-updates/main amd64 gir1.2-glib-2.0 amd64 2.80.0-6ubuntu3.8 [183 kB]
Linux Desktop Tests (0)	UNKNOWN STEP	2026-02-25T19:48:23.6185040Z Get:5 http://azure.archive.ubuntu.com/ubuntu noble-updates/main amd64 libglib2.0-0t64 amd64 2.80.0-6ubuntu3.8 [1545 kB]
Linux Desktop Tests (0)	UNKNOWN STEP	2026-02-25T19:48:23.6454816Z Get:6 http://azure.archive.ubuntu.com/ubuntu noble-updates/main amd64 libpng16-16t64 amd64 1.6.43-5ubuntu0.5 [188 kB]
Linux Desktop Tests (0)	UNKNOWN STEP	2026-02-25T19:48:23.6496511Z Get:7 http://azure.archive.ubuntu.com/ubuntu noble-updates/main amd64 bzip2-doc all 1.0.8-5.1build0.1 [499 kB]
Linux Desktop Tests (0)	UNKNOWN STEP	2026-02-25T19:48:23.6579124Z Get:8 http://azure.archive.ubuntu.com/ubuntu noble/universe amd64 clang amd64 1:18.0-59~exp2 [5846 B]
Linux Desktop Tests (0)	UNKNOWN STEP	2026-02-25T19:48:23.6616456Z Get:9 http://azure.archive.ubuntu.com/ubuntu noble/main amd64 libjsoncpp25 amd64 1.9.5-6build1 [82.8 kB]
Linux Desktop Tests (0)	UNKNOWN STEP	2026-02-25T19:48:23.6645230Z Get:10 http://azure.archive.ubuntu.com/ubuntu noble/main amd64 librhash0 amd64 1.4.3-3build1 [129 kB]
Linux Desktop Tests (0)	UNKNOWN STEP	2026-02-25T19:48:23.6682736Z Get:11 http://azure.archive.ubuntu.com/ubuntu noble/main amd64 cmake-data all 3.28.3-1build7 [2155 kB]
Linux Desktop Tests (0)	UNKNOWN STEP	2026-02-25T19:48:23.6969953Z Get:12 http://azure.archive.ubuntu.com/ubuntu noble/main amd64 cmake amd64 3.28.3-1build7 [11.2 MB]
Linux Desktop Tests (0)	UNKNOWN STEP	2026-02-25T19:48:23.8261408Z Get:13 http://azure.archive.ubuntu.com/ubuntu noble/main amd64 gir1.2-atk-1.0 amd64 2.52.0-1build1 [23.1 kB]
Linux Desktop Tests (0)	UNKNOWN STEP	2026-02-25T19:48:23.8297627Z Get:14 http://azure.archive.ubuntu.com/ubuntu noble/main amd64 gir1.2-freedesktop amd64 1.80.1-1 [49.7 kB]
Linux Desktop Tests (0)	UNKNOWN STEP	2026-02-25T19:48:23.8322727Z Get:15 http://azure.archive.ubuntu.com/ubuntu noble/main amd64 gir1.2-atspi-2.0 amd64 2.52.0-1build1 [19.8 kB]
Linux Desktop Tests (0)	UNKNOWN STEP	2026-02-25T19:48:23.8346159Z Get:16 http://azure.archive.ubuntu.com/ubuntu noble-updates/main amd64 gir1.2-glib-2.0-dev amd64 2.80.0-6ubuntu3.8 [848 kB]
Linux Desktop Tests (0)	UNKNOWN STEP	2026-02-25T19:48:23.8509175Z Get:17 http://azure.archive.ubuntu.com/ubuntu noble/main amd64 gir1.2-freedesktop-dev amd64 1.80.1-1 [28.8 kB]
Linux Desktop Tests (0)	UNKNOWN STEP	2026-02-25T19:48:23.8542845Z Get:18 http://azure.archive.ubuntu.com/ubuntu noble-updates/main amd64 gir1.2-gdkpixbuf-2.0 amd64 2.42.10+dfsg-3ubuntu3.2 [9488 B]
Linux Desktop Tests (0)	UNKNOWN STEP	2026-02-25T19:48:23.8572956Z Get:19 http://azure.archive.ubuntu.com/ubuntu noble/main amd64 libharfbuzz-gobject0 amd64 8.3.0-2build2 [34.3 kB]
Linux Desktop Tests (0)	UNKNOWN STEP	2026-02-25T19:48:23.9041381Z Get:20 http://azure.archive.ubuntu.com/ubuntu noble/main amd64 gir1.2-harfbuzz-0.0 amd64 8.3.0-2build2 [44.5 kB]
Linux Desktop Tests (0)	UNKNOWN STEP	2026-02-25T19:48:23.9067198Z Get:21 http://azure.archive.ubuntu.com/ubuntu noble/main amd64 libpangoxft-1.0-0 amd64 1.52.1+ds-1build1 [20.3 kB]
Linux Desktop Tests (0)	UNKNOWN STEP	2026-02-25T19:48:23.9088473Z Get:22 http://azure.archive.ubuntu.com/ubuntu noble/main amd64 gir1.2-pango-1.0 amd64 1.52.1+ds-1build1 [34.8 kB]
Linux Desktop Tests (0)	UNKNOWN STEP	2026-02-25T19:48:23.9113208Z Get:23 http://azure.archive.ubuntu.com/ubuntu noble-updates/main amd64 gir1.2-gtk-3.0 amd64 3.24.41-4ubuntu1.3 [245 kB]
Linux Desktop Tests (0)	UNKNOWN STEP	2026-02-25T19:48:23.9156125Z Get:24 http://azure.archive.ubuntu.com/ubuntu noble/main amd64 libsecret-common all 0.21.4-1build3 [4962 B]
Linux Desktop Tests (0)	UNKNOWN STEP	2026-02-25T19:48:23.9175427Z Get:25 http://azure.archive.ubuntu.com/ubuntu noble/main amd64 libsecret-1-0 amd64 0.21.4-1build3 [116 kB]
Linux Desktop Tests (0)	UNKNOWN STEP	2026-02-25T19:48:23.9205250Z Get:26 http://azure.archive.ubuntu.com/ubuntu noble/main amd64 gir1.2-secret-1 amd64 0.21.4-1build3 [9424 B]
Linux Desktop Tests (0)	UNKNOWN STEP	2026-02-25T19:48:23.9230564Z Get:27 http://azure.archive.ubuntu.com/ubuntu noble-updates/main amd64 libglib2.0-dev-bin amd64 2.80.0-6ubuntu3.8 [138 kB]
Linux Desktop Tests (0)	UNKNOWN STEP	2026-02-25T19:48:23.9269851Z Get:28 http://azure.archive.ubuntu.com/ubuntu noble-updates/main amd64 uuid-dev amd64 2.39.3-9ubuntu6.4 [33.5 kB]
Linux Desktop Tests (0)	UNKNOWN STEP	2026-02-25T19:48:23.9292614Z Get:29 http://azure.archive.ubuntu.com/ubuntu noble-updates/main amd64 libblkid-dev amd64 2.39.3-9ubuntu6.4 [204 kB]
Linux Desktop Tests (0)	UNKNOWN STEP	2026-02-25T19:48:23.9330491Z Get:30 http://azure.archive.ubuntu.com/ubuntu noble/main amd64 libsepol-dev amd64 3.5-2build1 [384 kB]
Linux Desktop Tests (0)	UNKNOWN STEP	2026-02-25T19:48:23.9385487Z Get:31 http://azure.archive.ubuntu.com/ubuntu noble-updates/main amd64 libselinux1-dev amd64 3.5-2ubuntu2.1 [164 kB]
Linux Desktop Tests (0)	UNKNOWN STEP	2026-02-25T19:48:23.9420931Z Get:32 http://azure.archive.ubuntu.com/ubuntu noble-updates/main amd64 libmount-dev amd64 2.39.3-9ubuntu6.4 [14.9 kB]
Linux Desktop Tests (0)	UNKNOWN STEP	2026-02-25T19:48:23.9443182Z Get:33 http://azure.archive.ubuntu.com/ubuntu noble-updates/main amd64 libgirepository-2.0-0 amd64 2.80.0-6ubuntu3.8 [73.6 kB]
Linux Desktop Tests (0)	UNKNOWN STEP	2026-02-25T19:48:23.9470132Z Get:34 http://azure.archive.ubuntu.com/ubuntu noble-updates/main amd64 libglib2.0-dev amd64 2.80.0-6ubuntu3.8 [1860 kB]
Linux Desktop Tests (0)	UNKNOWN STEP	2026-02-25T19:48:23.9657769Z Get:35 http://azure.archive.ubuntu.com/ubuntu noble/main amd64 libatk1.0-dev amd64 2.52.0-1build1 [100 kB]
Linux Desktop Tests (0)	UNKNOWN STEP	2026-02-25T19:48:23.9694691Z Get:36 http://azure.archive.ubuntu.com/ubuntu noble-updates/main amd64 libdbus-1-dev amd64 1.14.10-4ubuntu4.1 [190 kB]
Linux Desktop Tests (0)	UNKNOWN STEP	2026-02-25T19:48:23.9730971Z Get:37 http://azure.archive.ubuntu.com/ubuntu noble/main amd64 xorg-sgml-doctools all 1:1.11-1.1 [10.9 kB]
Linux Desktop Tests (0)	UNKNOWN STEP	2026-02-25T19:48:23.9752836Z Get:38 http://azure.archive.ubuntu.com/ubuntu noble/main amd64 x11proto-dev all 2023.2-1 [602 kB]
Linux Desktop Tests (0)	UNKNOWN STEP	2026-02-25T19:48:24.0243309Z Get:39 http://azure.archive.ubuntu.com/ubuntu noble/main amd64 libxau-dev amd64 1:1.0.9-1build6 [9570 B]
Linux Desktop Tests (0)	UNKNOWN STEP	2026-02-25T19:48:24.0263630Z Get:40 http://azure.archive.ubuntu.com/ubuntu noble/main amd64 libxdmcp-dev amd64 1:1.1.3-0ubuntu6 [26.5 kB]
Linux Desktop Tests (0)	UNKNOWN STEP	2026-02-25T19:48:24.0300477Z Get:41 http://azure.archive.ubuntu.com/ubuntu noble/main amd64 xtrans-dev all 1.4.0-1 [68.9 kB]
Linux Desktop Tests (0)	UNKNOWN STEP	2026-02-25T19:48:24.0327955Z Get:42 http://azure.archive.ubuntu.com/ubuntu noble/main amd64 libpthread-stubs0-dev amd64 0.4-1build3 [4746 B]
Linux Desktop Tests (0)	UNKNOWN STEP	2026-02-25T19:48:24.0349993Z Get:43 http://azure.archive.ubuntu.com/ubuntu noble/main amd64 libxcb1-dev amd64 1.15-1ubuntu2 [85.8 kB]
Linux Desktop Tests (0)	UNKNOWN STEP	2026-02-25T19:48:24.0378165Z Get:44 http://azure.archive.ubuntu.com/ubuntu noble/main amd64 libx11-dev amd64 2:1.8.7-1build1 [732 kB]
Linux Desktop Tests (0)	UNKNOWN STEP	2026-02-25T19:48:24.0473283Z Get:45 http://azure.archive.ubuntu.com/ubuntu noble/main amd64 libxext-dev amd64 2:1.3.4-1build2 [83.5 kB]
Linux Desktop Tests (0)	UNKNOWN STEP	2026-02-25T19:48:24.0504006Z Get:46 http://azure.archive.ubuntu.com/ubuntu noble/main amd64 libxfixes-dev amd64 1:6.0.0-2build1 [12.1 kB]
Linux Desktop Tests (0)	UNKNOWN STEP	2026-02-25T19:48:24.0527818Z Get:47 http://azure.archive.ubuntu.com/ubuntu noble/main amd64 libxi-dev amd64 2:1.8.1-1build1 [194 kB]
Linux Desktop Tests (0)	UNKNOWN STEP	2026-02-25T19:48:24.0578813Z Get:48 http://azure.archive.ubuntu.com/ubuntu noble/main amd64 libxtst-dev amd64 2:1.2.3-1.1build1 [15.9 kB]
Linux Desktop Tests (0)	UNKNOWN STEP	2026-02-25T19:48:24.0601360Z Get:49 http://azure.archive.ubuntu.com/ubuntu noble/main amd64 libatspi2.0-dev amd64 2.52.0-1build1 [76.2 kB]
Linux Desktop Tests (0)	UNKNOWN STEP	2026-02-25T19:48:24.0646352Z Get:50 http://azure.archive.ubuntu.com/ubuntu noble/main amd64 libatk-bridge2.0-dev amd64 2.52.0-1build1 [4284 B]
Linux Desktop Tests (0)	UNKNOWN STEP	2026-02-25T19:48:24.0671532Z Get:51 http://azure.archive.ubuntu.com/ubuntu noble/main amd64 libbrotli-dev amd64 1.1.0-2build2 [353 kB]
Linux Desktop Tests (0)	UNKNOWN STEP	2026-02-25T19:48:24.0752697Z Get:52 http://azure.archive.ubuntu.com/ubuntu noble-updates/main amd64 libbz2-dev amd64 1.0.8-5.1build0.1 [33.6 kB]
Linux Desktop Tests (0)	UNKNOWN STEP	2026-02-25T19:48:24.0808736Z Get:53 http://azure.archive.ubuntu.com/ubuntu noble/main amd64 libcairo-script-interpreter2 amd64 1.18.0-3build1 [60.3 kB]
Linux Desktop Tests (0)	UNKNOWN STEP	2026-02-25T19:48:24.0851593Z Get:54 http://azure.archive.ubuntu.com/ubuntu noble-updates/main amd64 libpng-dev amd64 1.6.43-5ubuntu0.5 [265 kB]
Linux Desktop Tests (0)	UNKNOWN STEP	2026-02-25T19:48:24.0897877Z Get:55 http://azure.archive.ubuntu.com/ubuntu noble/main amd64 libfreetype-dev amd64 2.13.2+dfsg-1build3 [575 kB]
Linux Desktop Tests (0)	UNKNOWN STEP	2026-02-25T19:48:24.0981901Z Get:56 http://azure.archive.ubuntu.com/ubuntu noble/main amd64 libfontconfig-dev amd64 2.15.0-1.1ubuntu2 [161 kB]
Linux Desktop Tests (0)	UNKNOWN STEP	2026-02-25T19:48:24.1021354Z Get:57 http://azure.archive.ubuntu.com/ubuntu noble/main amd64 libpixman-1-dev amd64 0.42.2-1build1 [296 kB]
Linux Desktop Tests (0)	UNKNOWN STEP	2026-02-25T19:48:24.1485494Z Get:58 http://azure.archive.ubuntu.com/ubuntu noble/main amd64 libice-dev amd64 2:1.0.10-1build3 [51.0 kB]
Linux Desktop Tests (0)	UNKNOWN STEP	2026-02-25T19:48:24.1511225Z Get:59 http://azure.archive.ubuntu.com/ubuntu noble/main amd64 libsm-dev amd64 2:1.2.3-1build3 [17.8 kB]
Linux Desktop Tests (0)	UNKNOWN STEP	2026-02-25T19:48:24.1534597Z Get:60 http://azure.archive.ubuntu.com/ubuntu noble/main amd64 libxcb-render0-dev amd64 1.15-1ubuntu2 [19.6 kB]
Linux Desktop Tests (0)	UNKNOWN STEP	2026-02-25T19:48:24.1557375Z Get:61 http://azure.archive.ubuntu.com/ubuntu noble/main amd64 libxcb-shm0-dev amd64 1.15-1ubuntu2 [8246 B]
Linux Desktop Tests (0)	UNKNOWN STEP	2026-02-25T19:48:24.1580901Z Get:62 http://azure.archive.ubuntu.com/ubuntu noble/main amd64 libxrender-dev amd64 1:0.9.10-1.1build1 [26.3 kB]
Linux Desktop Tests (0)	UNKNOWN STEP	2026-02-25T19:48:24.1606029Z Get:63 http://azure.archive.ubuntu.com/ubuntu noble/main amd64 libcairo2-dev amd64 1.18.0-3build1 [41.1 kB]
Linux Desktop Tests (0)	UNKNOWN STEP	2026-02-25T19:48:24.1630346Z Get:64 http://azure.archive.ubuntu.com/ubuntu noble/main amd64 libdatrie-dev amd64 0.2.13-3build1 [19.4 kB]
Linux Desktop Tests (0)	UNKNOWN STEP	2026-02-25T19:48:24.1651605Z Get:65 http://azure.archive.ubuntu.com/ubuntu noble-updates/main amd64 libdeflate-dev amd64 1.19-1build1.1 [50.9 kB]
Linux Desktop Tests (0)	UNKNOWN STEP	2026-02-25T19:48:24.1678797Z Get:66 http://azure.archive.ubuntu.com/ubuntu noble-updates/main amd64 libegl-mesa0 amd64 25.2.8-0ubuntu0.24.04.1 [117 kB]
Linux Desktop Tests (0)	UNKNOWN STEP	2026-02-25T19:48:24.1744150Z Get:67 http://azure.archive.ubuntu.com/ubuntu noble/main amd64 libegl1 amd64 1.7.0-1build1 [28.7 kB]
Linux Desktop Tests (0)	UNKNOWN STEP	2026-02-25T19:48:24.1768548Z Get:68 http://azure.archive.ubuntu.com/ubuntu noble/main amd64 libglx-dev amd64 1.7.0-1build1 [14.2 kB]
Linux Desktop Tests (0)	UNKNOWN STEP	2026-02-25T19:48:24.1798643Z Get:69 http://azure.archive.ubuntu.com/ubuntu noble/main amd64 libgl-dev amd64 1.7.0-1build1 [102 kB]
Linux Desktop Tests (0)	UNKNOWN STEP	2026-02-25T19:48:24.1836103Z Get:70 http://azure.archive.ubuntu.com/ubuntu noble/main amd64 libegl-dev amd64 1.7.0-1build1 [18.2 kB]
Linux Desktop Tests (0)	UNKNOWN STEP	2026-02-25T19:48:24.1863583Z Get:71 http://azure.archive.ubuntu.com/ubuntu noble/main amd64 libglvnd-core-dev amd64 1.7.0-1build1 [13.6 kB]
Linux Desktop Tests (0)	UNKNOWN STEP	2026-02-25T19:48:24.1887418Z Get:72 http://azure.archive.ubuntu.com/ubuntu noble/main amd64 libgles1 amd64 1.7.0-1build1 [11.6 kB]
Linux Desktop Tests (0)	UNKNOWN STEP	2026-02-25T19:48:24.1907864Z Get:73 http://azure.archive.ubuntu.com/ubuntu noble/main amd64 libgles2 amd64 1.7.0-1build1 [17.1 kB]
Linux Desktop Tests (0)	UNKNOWN STEP	2026-02-25T19:48:24.1930154Z Get:74 http://azure.archive.ubuntu.com/ubuntu noble/main amd64 libgles-dev amd64 1.7.0-1build1 [50.5 kB]
Linux Desktop Tests (0)	UNKNOWN STEP	2026-02-25T19:48:24.1955006Z Get:75 http://azure.archive.ubuntu.com/ubuntu noble/main amd64 libopengl0 amd64 1.7.0-1build1 [32.8 kB]
Linux Desktop Tests (0)	UNKNOWN STEP	2026-02-25T19:48:24.2445199Z Get:76 http://azure.archive.ubuntu.com/ubuntu noble/main amd64 libopengl-dev amd64 1.7.0-1build1 [3454 B]
Linux Desktop Tests (0)	UNKNOWN STEP	2026-02-25T19:48:24.2465657Z Get:77 http://azure.archive.ubuntu.com/ubuntu noble/main amd64 libglvnd-dev amd64 1.7.0-1build1 [3198 B]
Linux Desktop Tests (0)	UNKNOWN STEP	2026-02-25T19:48:24.2484399Z Get:78 http://azure.archive.ubuntu.com/ubuntu noble-updates/main amd64 libegl1-mesa-dev amd64 25.2.8-0ubuntu0.24.04.1 [26.4 kB]
Linux Desktop Tests (0)	UNKNOWN STEP	2026-02-25T19:48:24.2527422Z Get:79 http://azure.archive.ubuntu.com/ubuntu noble/main amd64 libepoxy-dev amd64 1.5.10-1build1 [132 kB]
Linux Desktop Tests (0)	UNKNOWN STEP	2026-02-25T19:48:24.2594696Z Get:80 http://azure.archive.ubuntu.com/ubuntu noble/main amd64 libfribidi-dev amd64 1.0.13-3build1 [64.8 kB]
Linux Desktop Tests (0)	UNKNOWN STEP	2026-02-25T19:48:24.2621570Z Get:81 http://azure.archive.ubuntu.com/ubuntu noble-updates/main amd64 libgpg-error-dev amd64 1.47-3build2.1 [128 kB]
Linux Desktop Tests (0)	UNKNOWN STEP	2026-02-25T19:48:24.2708347Z Get:82 http://azure.archive.ubuntu.com/ubuntu noble/main amd64 libgcrypt20-dev amd64 1.10.3-2build1 [592 kB]
Linux Desktop Tests (0)	UNKNOWN STEP	2026-02-25T19:48:24.2807984Z Get:83 http://azure.archive.ubuntu.com/ubuntu noble-updates/main amd64 libgdk-pixbuf2.0-bin amd64 2.42.10+dfsg-3ubuntu3.2 [13.9 kB]
Linux Desktop Tests (0)	UNKNOWN STEP	2026-02-25T19:48:24.2842738Z Get:84 http://azure.archive.ubuntu.com/ubuntu noble/main amd64 libjpeg-turbo8-dev amd64 2.1.5-2ubuntu2 [295 kB]
Linux Desktop Tests (0)	UNKNOWN STEP	2026-02-25T19:48:24.2927117Z Get:85 http://azure.archive.ubuntu.com/ubuntu noble/main amd64 libjpeg8-dev amd64 8c-2ubuntu11 [1484 B]
Linux Desktop Tests (0)	UNKNOWN STEP	2026-02-25T19:48:24.2949077Z Get:86 http://azure.archive.ubuntu.com/ubuntu noble/main amd64 libjpeg-dev amd64 8c-2ubuntu11 [1482 B]
Linux Desktop Tests (0)	UNKNOWN STEP	2026-02-25T19:48:24.2974845Z Get:87 http://azure.archive.ubuntu.com/ubuntu noble/main amd64 libjbig-dev amd64 2.1-6.1ubuntu2 [27.9 kB]
Linux Desktop Tests (0)	UNKNOWN STEP	2026-02-25T19:48:24.3005286Z Get:88 http://azure.archive.ubuntu.com/ubuntu noble-updates/main amd64 liblzma-dev amd64 5.6.1+really5.4.5-1ubuntu0.2 [176 kB]
Linux Desktop Tests (0)	UNKNOWN STEP	2026-02-25T19:48:24.3052753Z Get:89 http://azure.archive.ubuntu.com/ubuntu noble/main amd64 libwebpdecoder3 amd64 1.3.2-0.4build3 [114 kB]
Linux Desktop Tests (0)	UNKNOWN STEP	2026-02-25T19:48:24.3081715Z Get:90 http://azure.archive.ubuntu.com/ubuntu noble/main amd64 libsharpyuv-dev amd64 1.3.2-0.4build3 [16.0 kB]
Linux Desktop Tests (0)	UNKNOWN STEP	2026-02-25T19:48:24.3113966Z Get:91 http://azure.archive.ubuntu.com/ubuntu noble/main amd64 libwebp-dev amd64 1.3.2-0.4build3 [367 kB]
Linux Desktop Tests (0)	UNKNOWN STEP	2026-02-25T19:48:24.3178396Z Get:92 http://azure.archive.ubuntu.com/ubuntu noble-updates/main amd64 libtiffxx6 amd64 4.5.1+git230720-4ubuntu2.4 [5648 B]
Linux Desktop Tests (0)	UNKNOWN STEP	2026-02-25T19:48:24.3202085Z Get:93 http://azure.archive.ubuntu.com/ubuntu noble/main amd64 liblerc-dev amd64 4.0.0+ds-4ubuntu2 [182 kB]
Linux Desktop Tests (0)	UNKNOWN STEP	2026-02-25T19:48:24.3245337Z Get:94 http://azure.archive.ubuntu.com/ubuntu noble-updates/main amd64 libtiff-dev amd64 4.5.1+git230720-4ubuntu2.4 [338 kB]
Linux Desktop Tests (0)	UNKNOWN STEP	2026-02-25T19:48:24.3773577Z Get:95 http://azure.archive.ubuntu.com/ubuntu noble-updates/main amd64 libgdk-pixbuf-2.0-dev amd64 2.42.10+dfsg-3ubuntu3.2 [48.0 kB]
Linux Desktop Tests (0)	UNKNOWN STEP	2026-02-25T19:48:24.3798371Z Get:96 http://azure.archive.ubuntu.com/ubuntu noble-updates/main amd64 libgles2-mesa-dev amd64 25.2.8-0ubuntu0.24.04.1 [22.5 kB]
Linux Desktop Tests (0)	UNKNOWN STEP	2026-02-25T19:48:24.3823950Z Get:97 http://azure.archive.ubuntu.com/ubuntu noble/main amd64 libgraphite2-dev amd64 1.3.14-2build1 [14.7 kB]
Linux Desktop Tests (0)	UNKNOWN STEP	2026-02-25T19:48:24.3844691Z Get:98 http://azure.archive.ubuntu.com/ubuntu noble/main amd64 libharfbuzz-icu0 amd64 8.3.0-2build2 [13.3 kB]
Linux Desktop Tests (0)	UNKNOWN STEP	2026-02-25T19:48:24.3868822Z Get:99 http://azure.archive.ubuntu.com/ubuntu noble/main amd64 libharfbuzz-subset0 amd64 8.3.0-2build2 [448 kB]
Linux Desktop Tests (0)	UNKNOWN STEP	2026-02-25T19:48:24.3963935Z Get:100 http://azure.archive.ubuntu.com/ubuntu noble/main amd64 libharfbuzz-cairo0 amd64 8.3.0-2build2 [26.2 kB]
Linux Desktop Tests (0)	UNKNOWN STEP	2026-02-25T19:48:24.3996862Z Get:101 http://azure.archive.ubuntu.com/ubuntu noble/main amd64 libharfbuzz-dev amd64 8.3.0-2build2 [142 kB]
Linux Desktop Tests (0)	UNKNOWN STEP	2026-02-25T19:48:24.4038876Z Get:102 http://azure.archive.ubuntu.com/ubuntu noble/main amd64 libthai-dev amd64 0.1.29-2build1 [26.6 kB]
Linux Desktop Tests (0)	UNKNOWN STEP	2026-02-25T19:48:24.4082977Z Get:103 http://azure.archive.ubuntu.com/ubuntu noble/main amd64 libxft-dev amd64 2.3.6-1build1 [64.3 kB]
Linux Desktop Tests (0)	UNKNOWN STEP	2026-02-25T19:48:24.4124015Z Get:104 http://azure.archive.ubuntu.com/ubuntu noble/main amd64 pango1.0-tools amd64 1.52.1+ds-1build1 [36.7 kB]
Linux Desktop Tests (0)	UNKNOWN STEP	2026-02-25T19:48:24.4152799Z Get:105 http://azure.archive.ubuntu.com/ubuntu noble/main amd64 libpango1.0-dev amd64 1.52.1+ds-1build1 [147 kB]
Linux Desktop Tests (0)	UNKNOWN STEP	2026-02-25T19:48:24.4199028Z Get:106 http://azure.archive.ubuntu.com/ubuntu noble/main amd64 libwayland-server0 amd64 1.22.0-2.1build1 [33.9 kB]
Linux Desktop Tests (0)	UNKNOWN STEP	2026-02-25T19:48:24.4224086Z Get:107 http://azure.archive.ubuntu.com/ubuntu noble/main amd64 libwayland-bin amd64 1.22.0-2.1build1 [20.6 kB]
Linux Desktop Tests (0)	UNKNOWN STEP	2026-02-25T19:48:24.4258867Z Get:108 http://azure.archive.ubuntu.com/ubuntu noble/main amd64 libwayland-dev amd64 1.22.0-2.1build1 [71.3 kB]
Linux Desktop Tests (0)	UNKNOWN STEP	2026-02-25T19:48:24.4285692Z Get:109 http://azure.archive.ubuntu.com/ubuntu noble/main amd64 libxcomposite-dev amd64 1:0.4.5-1build3 [9374 B]
Linux Desktop Tests (0)	UNKNOWN STEP	2026-02-25T19:48:24.4308124Z Get:110 http://azure.archive.ubuntu.com/ubuntu noble/main amd64 libxcursor-dev amd64 1:1.2.1-1build1 [31.8 kB]
Linux Desktop Tests (0)	UNKNOWN STEP	2026-02-25T19:48:24.4336375Z Get:111 http://azure.archive.ubuntu.com/ubuntu noble/main amd64 libxdamage-dev amd64 1:1.1.6-1build1 [5270 B]
Linux Desktop Tests (0)	UNKNOWN STEP	2026-02-25T19:48:24.4361683Z Get:112 http://azure.archive.ubuntu.com/ubuntu noble/main amd64 libxinerama-dev amd64 2:1.1.4-3build1 [7988 B]
Linux Desktop Tests (0)	UNKNOWN STEP	2026-02-25T19:48:24.4387045Z Get:113 http://azure.archive.ubuntu.com/ubuntu noble/main amd64 libxkbcommon-dev amd64 1.6.0-1build1 [56.3 kB]
Linux Desktop Tests (0)	UNKNOWN STEP	2026-02-25T19:48:24.4417169Z Get:114 http://azure.archive.ubuntu.com/ubuntu noble/main amd64 libxrandr-dev amd64 2:1.5.2-2build1 [26.4 kB]
Linux Desktop Tests (0)	UNKNOWN STEP	2026-02-25T19:48:24.4442180Z Get:115 http://azure.archive.ubuntu.com/ubuntu noble-updates/main amd64 wayland-protocols all 1.45-1~ubuntu0.24.04.1 [114 kB]
Linux Desktop Tests (0)	UNKNOWN STEP	2026-02-25T19:48:24.4478263Z Get:116 http://azure.archive.ubuntu.com/ubuntu noble-updates/main amd64 libgtk-3-dev amd64 3.24.41-4ubuntu1.3 [1096 kB]
Linux Desktop Tests (0)	UNKNOWN STEP	2026-02-25T19:48:24.4591950Z Get:117 http://azure.archive.ubuntu.com/ubuntu noble-updates/main amd64 libpng-tools amd64 1.6.43-5ubuntu0.5 [28.5 kB]
Linux Desktop Tests (0)	UNKNOWN STEP	2026-02-25T19:48:24.4620046Z Get:118 http://azure.archive.ubuntu.com/ubuntu noble/universe amd64 libsecret-1-dev amd64 0.21.4-1build3 [129 kB]
Linux Desktop Tests (0)	UNKNOWN STEP	2026-02-25T19:48:24.4654225Z Get:119 http://azure.archive.ubuntu.com/ubuntu noble/universe amd64 ninja-build amd64 1.11.1-2 [129 kB]
Linux Desktop Tests (0)	UNKNOWN STEP	2026-02-25T19:48:24.4689903Z Get:120 http://azure.archive.ubuntu.com/ubuntu noble-updates/main amd64 libgl1-mesa-dev amd64 25.2.8-0ubuntu0.24.04.1 [22.5 kB]
Linux Desktop Tests (0)	UNKNOWN STEP	2026-02-25T19:48:24.5175032Z Get:121 http://azure.archive.ubuntu.com/ubuntu noble/main amd64 libjsoncpp-dev amd64 1.9.5-6build1 [23.0 kB]
Linux Desktop Tests (0)	UNKNOWN STEP	2026-02-25T19:48:24.8746695Z Fetched 30.4 MB in 1s (32.3 MB/s)
Linux Desktop Tests (0)	UNKNOWN STEP	2026-02-25T19:48:25.0365126Z (Reading database ... 
Linux Desktop Tests (0)	UNKNOWN STEP	2026-02-25T19:48:25.0365497Z (Reading database ... 5%
Linux Desktop Tests (0)	UNKNOWN STEP	2026-02-25T19:48:25.0365791Z (Reading database ... 10%
Linux Desktop Tests (0)	UNKNOWN STEP	2026-02-25T19:48:25.0366063Z (Reading database ... 15%
Linux Desktop Tests (0)	UNKNOWN STEP	2026-02-25T19:48:25.0366318Z (Reading database ... 20%
Linux Desktop Tests (0)	UNKNOWN STEP	2026-02-25T19:48:25.0366578Z (Reading database ... 25%
Linux Desktop Tests (0)	UNKNOWN STEP	2026-02-25T19:48:25.0366832Z (Reading database ... 30%
Linux Desktop Tests (0)	UNKNOWN STEP	2026-02-25T19:48:25.0367075Z (Reading database ... 35%
Linux Desktop Tests (0)	UNKNOWN STEP	2026-02-25T19:48:25.0367323Z (Reading database ... 40%
Linux Desktop Tests (0)	UNKNOWN STEP	2026-02-25T19:48:25.0367566Z (Reading database ... 45%
Linux Desktop Tests (0)	UNKNOWN STEP	2026-02-25T19:48:25.0367846Z (Reading database ... 50%
Linux Desktop Tests (0)	UNKNOWN STEP	2026-02-25T19:48:25.1203872Z (Reading database ... 55%
Linux Desktop Tests (0)	UNKNOWN STEP	2026-02-25T19:48:25.3559078Z (Reading database ... 60%
Linux Desktop Tests (0)	UNKNOWN STEP	2026-02-25T19:48:25.4646619Z (Reading database ... 65%
Linux Desktop Tests (0)	UNKNOWN STEP	2026-02-25T19:48:25.5693455Z (Reading database ... 70%
Linux Desktop Tests (0)	UNKNOWN STEP	2026-02-25T19:48:25.7181166Z (Reading database ... 75%
Linux Desktop Tests (0)	UNKNOWN STEP	2026-02-25T19:48:26.2201300Z (Reading database ... 80%
Linux Desktop Tests (0)	UNKNOWN STEP	2026-02-25T19:48:27.2804418Z (Reading database ... 85%
Linux Desktop Tests (0)	UNKNOWN STEP	2026-02-25T19:48:27.8688400Z (Reading database ... 90%
Linux Desktop Tests (0)	UNKNOWN STEP	2026-02-25T19:48:28.5847899Z (Reading database ... 95%
Linux Desktop Tests (0)	UNKNOWN STEP	2026-02-25T19:48:28.5848275Z (Reading database ... 100%
Linux Desktop Tests (0)	UNKNOWN STEP	2026-02-25T19:48:28.5848697Z (Reading database ... 218749 files and directories currently installed.)
Linux Desktop Tests (0)	UNKNOWN STEP	2026-02-25T19:48:28.5893887Z Preparing to unpack .../000-libglib2.0-data_2.80.0-6ubuntu3.8_all.deb ...
Linux Desktop Tests (0)	UNKNOWN STEP	2026-02-25T19:48:28.5942670Z Unpacking libglib2.0-data (2.80.0-6ubuntu3.8) over (2.80.0-6ubuntu3.7) ...
Linux Desktop Tests (0)	UNKNOWN STEP	2026-02-25T19:48:28.6391164Z Preparing to unpack .../001-libglib2.0-bin_2.80.0-6ubuntu3.8_amd64.deb ...
Linux Desktop Tests (0)	UNKNOWN STEP	2026-02-25T19:48:28.6416812Z Unpacking libglib2.0-bin (2.80.0-6ubuntu3.8) over (2.80.0-6ubuntu3.7) ...
Linux Desktop Tests (0)	UNKNOWN STEP	2026-02-25T19:48:28.7756268Z Preparing to unpack .../002-gir1.2-glib-2.0_2.80.0-6ubuntu3.8_amd64.deb ...
Linux Desktop Tests (0)	UNKNOWN STEP	2026-02-25T19:48:28.7789116Z Unpacking gir1.2-glib-2.0:amd64 (2.80.0-6ubuntu3.8) over (2.80.0-6ubuntu3.7) ...
Linux Desktop Tests (0)	UNKNOWN STEP	2026-02-25T19:48:28.8288692Z Preparing to unpack .../003-libglib2.0-0t64_2.80.0-6ubuntu3.8_amd64.deb ...
Linux Desktop Tests (0)	UNKNOWN STEP	2026-02-25T19:48:28.8415890Z Unpacking libglib2.0-0t64:amd64 (2.80.0-6ubuntu3.8) over (2.80.0-6ubuntu3.7) ...
Linux Desktop Tests (0)	UNKNOWN STEP	2026-02-25T19:48:28.9138938Z Preparing to unpack .../004-libpng16-16t64_1.6.43-5ubuntu0.5_amd64.deb ...
Linux Desktop Tests (0)	UNKNOWN STEP	2026-02-25T19:48:28.9572879Z Unpacking libpng16-16t64:amd64 (1.6.43-5ubuntu0.5) over (1.6.43-5ubuntu0.3) ...
Linux Desktop Tests (0)	UNKNOWN STEP	2026-02-25T19:48:28.9877195Z Selecting previously unselected package bzip2-doc.
Linux Desktop Tests (0)	UNKNOWN STEP	2026-02-25T19:48:29.0039866Z Preparing to unpack .../005-bzip2-doc_1.0.8-5.1build0.1_all.deb ...
Linux Desktop Tests (0)	UNKNOWN STEP	2026-02-25T19:48:29.0050361Z Unpacking bzip2-doc (1.0.8-5.1build0.1) ...
Linux Desktop Tests (0)	UNKNOWN STEP	2026-02-25T19:48:29.0363885Z Selecting previously unselected package clang.
Linux Desktop Tests (0)	UNKNOWN STEP	2026-02-25T19:48:29.0523227Z Preparing to unpack .../006-clang_1%3a18.0-59~exp2_amd64.deb ...
Linux Desktop Tests (0)	UNKNOWN STEP	2026-02-25T19:48:29.0534432Z Unpacking clang (1:18.0-59~exp2) ...
Linux Desktop Tests (0)	UNKNOWN STEP	2026-02-25T19:48:29.0768086Z Selecting previously unselected package libjsoncpp25:amd64.
Linux Desktop Tests (0)	UNKNOWN STEP	2026-02-25T19:48:29.0927588Z Preparing to unpack .../007-libjsoncpp25_1.9.5-6build1_amd64.deb ...
Linux Desktop Tests (0)	UNKNOWN STEP	2026-02-25T19:48:29.0938076Z Unpacking libjsoncpp25:amd64 (1.9.5-6build1) ...
Linux Desktop Tests (0)	UNKNOWN STEP	2026-02-25T19:48:29.1170106Z Selecting previously unselected package librhash0:amd64.
Linux Desktop Tests (0)	UNKNOWN STEP	2026-02-25T19:48:29.1327365Z Preparing to unpack .../008-librhash0_1.4.3-3build1_amd64.deb ...
Linux Desktop Tests (0)	UNKNOWN STEP	2026-02-25T19:48:29.1337099Z Unpacking librhash0:amd64 (1.4.3-3build1) ...
Linux Desktop Tests (0)	UNKNOWN STEP	2026-02-25T19:48:29.1578279Z Selecting previously unselected package cmake-data.
Linux Desktop Tests (0)	UNKNOWN STEP	2026-02-25T19:48:29.1736455Z Preparing to unpack .../009-cmake-data_3.28.3-1build7_all.deb ...
Linux Desktop Tests (0)	UNKNOWN STEP	2026-02-25T19:48:29.1922585Z Unpacking cmake-data (3.28.3-1build7) ...
Linux Desktop Tests (0)	UNKNOWN STEP	2026-02-25T19:48:29.7813607Z Selecting previously unselected package cmake.
Linux Desktop Tests (0)	UNKNOWN STEP	2026-02-25T19:48:29.7986710Z Preparing to unpack .../010-cmake_3.28.3-1build7_amd64.deb ...
Linux Desktop Tests (0)	UNKNOWN STEP	2026-02-25T19:48:29.7996653Z Unpacking cmake (3.28.3-1build7) ...
Linux Desktop Tests (0)	UNKNOWN STEP	2026-02-25T19:48:29.9830600Z Selecting previously unselected package gir1.2-atk-1.0:amd64.
Linux Desktop Tests (0)	UNKNOWN STEP	2026-02-25T19:48:29.9992228Z Preparing to unpack .../011-gir1.2-atk-1.0_2.52.0-1build1_amd64.deb ...
Linux Desktop Tests (0)	UNKNOWN STEP	2026-02-25T19:48:30.0001148Z Unpacking gir1.2-atk-1.0:amd64 (2.52.0-1build1) ...
Linux Desktop Tests (0)	UNKNOWN STEP	2026-02-25T19:48:30.0211760Z Selecting previously unselected package gir1.2-freedesktop:amd64.
Linux Desktop Tests (0)	UNKNOWN STEP	2026-02-25T19:48:30.0373593Z Preparing to unpack .../012-gir1.2-freedesktop_1.80.1-1_amd64.deb ...
Linux Desktop Tests (0)	UNKNOWN STEP	2026-02-25T19:48:30.0382020Z Unpacking gir1.2-freedesktop:amd64 (1.80.1-1) ...
Linux Desktop Tests (0)	UNKNOWN STEP	2026-02-25T19:48:30.0603672Z Selecting previously unselected package gir1.2-atspi-2.0:amd64.
Linux Desktop Tests (0)	UNKNOWN STEP	2026-02-25T19:48:30.0764564Z Preparing to unpack .../013-gir1.2-atspi-2.0_2.52.0-1build1_amd64.deb ...
Linux Desktop Tests (0)	UNKNOWN STEP	2026-02-25T19:48:30.0774228Z Unpacking gir1.2-atspi-2.0:amd64 (2.52.0-1build1) ...
Linux Desktop Tests (0)	UNKNOWN STEP	2026-02-25T19:48:30.0984755Z Selecting previously unselected package gir1.2-glib-2.0-dev:amd64.
Linux Desktop Tests (0)	UNKNOWN STEP	2026-02-25T19:48:30.1144259Z Preparing to unpack .../014-gir1.2-glib-2.0-dev_2.80.0-6ubuntu3.8_amd64.deb ...
Linux Desktop Tests (0)	UNKNOWN STEP	2026-02-25T19:48:30.1153428Z Unpacking gir1.2-glib-2.0-dev:amd64 (2.80.0-6ubuntu3.8) ...
Linux Desktop Tests (0)	UNKNOWN STEP	2026-02-25T19:48:30.1706934Z Selecting previously unselected package gir1.2-freedesktop-dev:amd64.
Linux Desktop Tests (0)	UNKNOWN STEP	2026-02-25T19:48:30.1867522Z Preparing to unpack .../015-gir1.2-freedesktop-dev_1.80.1-1_amd64.deb ...
Linux Desktop Tests (0)	UNKNOWN STEP	2026-02-25T19:48:30.1879067Z Unpacking gir1.2-freedesktop-dev:amd64 (1.80.1-1) ...
Linux Desktop Tests (0)	UNKNOWN STEP	2026-02-25T19:48:30.2105697Z Selecting previously unselected package gir1.2-gdkpixbuf-2.0:amd64.
Linux Desktop Tests (0)	UNKNOWN STEP	2026-02-25T19:48:30.2265622Z Preparing to unpack .../016-gir1.2-gdkpixbuf-2.0_2.42.10+dfsg-3ubuntu3.2_amd64.deb ...
Linux Desktop Tests (0)	UNKNOWN STEP	2026-02-25T19:48:30.2276096Z Unpacking gir1.2-gdkpixbuf-2.0:amd64 (2.42.10+dfsg-3ubuntu3.2) ...
Linux Desktop Tests (0)	UNKNOWN STEP	2026-02-25T19:48:30.2494220Z Selecting previously unselected package libharfbuzz-gobject0:amd64.
Linux Desktop Tests (0)	UNKNOWN STEP	2026-02-25T19:48:30.2655177Z Preparing to unpack .../017-libharfbuzz-gobject0_8.3.0-2build2_amd64.deb ...
Linux Desktop Tests (0)	UNKNOWN STEP	2026-02-25T19:48:30.2665457Z Unpacking libharfbuzz-gobject0:amd64 (8.3.0-2build2) ...
Linux Desktop Tests (0)	UNKNOWN STEP	2026-02-25T19:48:30.2875551Z Selecting previously unselected package gir1.2-harfbuzz-0.0:amd64.
Linux Desktop Tests (0)	UNKNOWN STEP	2026-02-25T19:48:30.3036038Z Preparing to unpack .../018-gir1.2-harfbuzz-0.0_8.3.0-2build2_amd64.deb ...
Linux Desktop Tests (0)	UNKNOWN STEP	2026-02-25T19:48:30.3047259Z Unpacking gir1.2-harfbuzz-0.0:amd64 (8.3.0-2build2) ...
Linux Desktop Tests (0)	UNKNOWN STEP	2026-02-25T19:48:30.3279536Z Selecting previously unselected package libpangoxft-1.0-0:amd64.
Linux Desktop Tests (0)	UNKNOWN STEP	2026-02-25T19:48:30.3441051Z Preparing to unpack .../019-libpangoxft-1.0-0_1.52.1+ds-1build1_amd64.deb ...
Linux Desktop Tests (0)	UNKNOWN STEP	2026-02-25T19:48:30.3452166Z Unpacking libpangoxft-1.0-0:amd64 (1.52.1+ds-1build1) ...
Linux Desktop Tests (0)	UNKNOWN STEP	2026-02-25T19:48:30.3666087Z Selecting previously unselected package gir1.2-pango-1.0:amd64.
Linux Desktop Tests (0)	UNKNOWN STEP	2026-02-25T19:48:30.3826322Z Preparing to unpack .../020-gir1.2-pango-1.0_1.52.1+ds-1build1_amd64.deb ...
Linux Desktop Tests (0)	UNKNOWN STEP	2026-02-25T19:48:30.3836037Z Unpacking gir1.2-pango-1.0:amd64 (1.52.1+ds-1build1) ...
Linux Desktop Tests (0)	UNKNOWN STEP	2026-02-25T19:48:30.4053450Z Selecting previously unselected package gir1.2-gtk-3.0:amd64.
Linux Desktop Tests (0)	UNKNOWN STEP	2026-02-25T19:48:30.4213697Z Preparing to unpack .../021-gir1.2-gtk-3.0_3.24.41-4ubuntu1.3_amd64.deb ...
Linux Desktop Tests (0)	UNKNOWN STEP	2026-02-25T19:48:30.4223933Z Unpacking gir1.2-gtk-3.0:amd64 (3.24.41-4ubuntu1.3) ...
Linux Desktop Tests (0)	UNKNOWN STEP	2026-02-25T19:48:30.4479615Z Selecting previously unselected package libsecret-common.
Linux Desktop Tests (0)	UNKNOWN STEP	2026-02-25T19:48:30.4641034Z Preparing to unpack .../022-libsecret-common_0.21.4-1build3_all.deb ...
Linux Desktop Tests (0)	UNKNOWN STEP	2026-02-25T19:48:30.4651045Z Unpacking libsecret-common (0.21.4-1build3) ...
Linux Desktop Tests (0)	UNKNOWN STEP	2026-02-25T19:48:30.4878079Z Selecting previously unselected package libsecret-1-0:amd64.
Linux Desktop Tests (0)	UNKNOWN STEP	2026-02-25T19:48:30.5037605Z Preparing to unpack .../023-libsecret-1-0_0.21.4-1build3_amd64.deb ...
Linux Desktop Tests (0)	UNKNOWN STEP	2026-02-25T19:48:30.5047661Z Unpacking libsecret-1-0:amd64 (0.21.4-1build3) ...
Linux Desktop Tests (0)	UNKNOWN STEP	2026-02-25T19:48:30.5290277Z Selecting previously unselected package gir1.2-secret-1:amd64.
Linux Desktop Tests (0)	UNKNOWN STEP	2026-02-25T19:48:30.5451522Z Preparing to unpack .../024-gir1.2-secret-1_0.21.4-1build3_amd64.deb ...
Linux Desktop Tests (0)	UNKNOWN STEP	2026-02-25T19:48:30.5464282Z Unpacking gir1.2-secret-1:amd64 (0.21.4-1build3) ...
Linux Desktop Tests (0)	UNKNOWN STEP	2026-02-25T19:48:30.5679615Z Selecting previously unselected package libglib2.0-dev-bin.
Linux Desktop Tests (0)	UNKNOWN STEP	2026-02-25T19:48:30.5840845Z Preparing to unpack .../025-libglib2.0-dev-bin_2.80.0-6ubuntu3.8_amd64.deb ...
Linux Desktop Tests (0)	UNKNOWN STEP	2026-02-25T19:48:30.5855562Z Unpacking libglib2.0-dev-bin (2.80.0-6ubuntu3.8) ...
Linux Desktop Tests (0)	UNKNOWN STEP	2026-02-25T19:48:30.6985425Z Selecting previously unselected package uuid-dev:amd64.
Linux Desktop Tests (0)	UNKNOWN STEP	2026-02-25T19:48:30.7147292Z Preparing to unpack .../026-uuid-dev_2.39.3-9ubuntu6.4_amd64.deb ...
Linux Desktop Tests (0)	UNKNOWN STEP	2026-02-25T19:48:30.7157272Z Unpacking uuid-dev:amd64 (2.39.3-9ubuntu6.4) ...
Linux Desktop Tests (0)	UNKNOWN STEP	2026-02-25T19:48:30.7553893Z Selecting previously unselected package libblkid-dev:amd64.
Linux Desktop Tests (0)	UNKNOWN STEP	2026-02-25T19:48:30.7714086Z Preparing to unpack .../027-libblkid-dev_2.39.3-9ubuntu6.4_amd64.deb ...
Linux Desktop Tests (0)	UNKNOWN STEP	2026-02-25T19:48:30.7724333Z Unpacking libblkid-dev:amd64 (2.39.3-9ubuntu6.4) ...
Linux Desktop Tests (0)	UNKNOWN STEP	2026-02-25T19:48:30.7978772Z Selecting previously unselected package libsepol-dev:amd64.
Linux Desktop Tests (0)	UNKNOWN STEP	2026-02-25T19:48:30.8138689Z Preparing to unpack .../028-libsepol-dev_3.5-2build1_amd64.deb ...
Linux Desktop Tests (0)	UNKNOWN STEP	2026-02-25T19:48:30.8149125Z Unpacking libsepol-dev:amd64 (3.5-2build1) ...
Linux Desktop Tests (0)	UNKNOWN STEP	2026-02-25T19:48:30.8489275Z Selecting previously unselected package libselinux1-dev:amd64.
Linux Desktop Tests (0)	UNKNOWN STEP	2026-02-25T19:48:30.8649680Z Preparing to unpack .../029-libselinux1-dev_3.5-2ubuntu2.1_amd64.deb ...
Linux Desktop Tests (0)	UNKNOWN STEP	2026-02-25T19:48:30.8664236Z Unpacking libselinux1-dev:amd64 (3.5-2ubuntu2.1) ...
Linux Desktop Tests (0)	UNKNOWN STEP	2026-02-25T19:48:30.9110689Z Selecting previously unselected package libmount-dev:amd64.
Linux Desktop Tests (0)	UNKNOWN STEP	2026-02-25T19:48:30.9271044Z Preparing to unpack .../030-libmount-dev_2.39.3-9ubuntu6.4_amd64.deb ...
Linux Desktop Tests (0)	UNKNOWN STEP	2026-02-25T19:48:30.9280964Z Unpacking libmount-dev:amd64 (2.39.3-9ubuntu6.4) ...
Linux Desktop Tests (0)	UNKNOWN STEP	2026-02-25T19:48:30.9509080Z Selecting previously unselected package libgirepository-2.0-0:amd64.
Linux Desktop Tests (0)	UNKNOWN STEP	2026-02-25T19:48:30.9670828Z Preparing to unpack .../031-libgirepository-2.0-0_2.80.0-6ubuntu3.8_amd64.deb ...
Linux Desktop Tests (0)	UNKNOWN STEP	2026-02-25T19:48:30.9687676Z Unpacking libgirepository-2.0-0:amd64 (2.80.0-6ubuntu3.8) ...
Linux Desktop Tests (0)	UNKNOWN STEP	2026-02-25T19:48:30.9913441Z Selecting previously unselected package libglib2.0-dev:amd64.
Linux Desktop Tests (0)	UNKNOWN STEP	2026-02-25T19:48:31.0074675Z Preparing to unpack .../032-libglib2.0-dev_2.80.0-6ubuntu3.8_amd64.deb ...
Linux Desktop Tests (0)	UNKNOWN STEP	2026-02-25T19:48:31.0084040Z Unpacking libglib2.0-dev:amd64 (2.80.0-6ubuntu3.8) ...
Linux Desktop Tests (0)	UNKNOWN STEP	2026-02-25T19:48:31.1213014Z Selecting previously unselected package libatk1.0-dev:amd64.
Linux Desktop Tests (0)	UNKNOWN STEP	2026-02-25T19:48:31.1374703Z Preparing to unpack .../033-libatk1.0-dev_2.52.0-1build1_amd64.deb ...
Linux Desktop Tests (0)	UNKNOWN STEP	2026-02-25T19:48:31.1385694Z Unpacking libatk1.0-dev:amd64 (2.52.0-1build1) ...
Linux Desktop Tests (0)	UNKNOWN STEP	2026-02-25T19:48:31.1705946Z Selecting previously unselected package libdbus-1-dev:amd64.
Linux Desktop Tests (0)	UNKNOWN STEP	2026-02-25T19:48:31.1866580Z Preparing to unpack .../034-libdbus-1-dev_1.14.10-4ubuntu4.1_amd64.deb ...
Linux Desktop Tests (0)	UNKNOWN STEP	2026-02-25T19:48:31.1876334Z Unpacking libdbus-1-dev:amd64 (1.14.10-4ubuntu4.1) ...
Linux Desktop Tests (0)	UNKNOWN STEP	2026-02-25T19:48:31.2203031Z Selecting previously unselected package xorg-sgml-doctools.
Linux Desktop Tests (0)	UNKNOWN STEP	2026-02-25T19:48:31.2366022Z Preparing to unpack .../035-xorg-sgml-doctools_1%3a1.11-1.1_all.deb ...
Linux Desktop Tests (0)	UNKNOWN STEP	2026-02-25T19:48:31.2376344Z Unpacking xorg-sgml-doctools (1:1.11-1.1) ...
Linux Desktop Tests (0)	UNKNOWN STEP	2026-02-25T19:48:31.2674222Z Selecting previously unselected package x11proto-dev.
Linux Desktop Tests (0)	UNKNOWN STEP	2026-02-25T19:48:31.2836051Z Preparing to unpack .../036-x11proto-dev_2023.2-1_all.deb ...
Linux Desktop Tests (0)	UNKNOWN STEP	2026-02-25T19:48:31.2845561Z Unpacking x11proto-dev (2023.2-1) ...
Linux Desktop Tests (0)	UNKNOWN STEP	2026-02-25T19:48:31.3367104Z Selecting previously unselected package libxau-dev:amd64.
Linux Desktop Tests (0)	UNKNOWN STEP	2026-02-25T19:48:31.3528651Z Preparing to unpack .../037-libxau-dev_1%3a1.0.9-1build6_amd64.deb ...
Linux Desktop Tests (0)	UNKNOWN STEP	2026-02-25T19:48:31.3538399Z Unpacking libxau-dev:amd64 (1:1.0.9-1build6) ...
Linux Desktop Tests (0)	UNKNOWN STEP	2026-02-25T19:48:31.3754857Z Selecting previously unselected package libxdmcp-dev:amd64.
Linux Desktop Tests (0)	UNKNOWN STEP	2026-02-25T19:48:31.3913902Z Preparing to unpack .../038-libxdmcp-dev_1%3a1.1.3-0ubuntu6_amd64.deb ...
Linux Desktop Tests (0)	UNKNOWN STEP	2026-02-25T19:48:31.3924366Z Unpacking libxdmcp-dev:amd64 (1:1.1.3-0ubuntu6) ...
Linux Desktop Tests (0)	UNKNOWN STEP	2026-02-25T19:48:31.4129866Z Selecting previously unselected package xtrans-dev.
Linux Desktop Tests (0)	UNKNOWN STEP	2026-02-25T19:48:31.4289478Z Preparing to unpack .../039-xtrans-dev_1.4.0-1_all.deb ...
Linux Desktop Tests (0)	UNKNOWN STEP	2026-02-25T19:48:31.4298573Z Unpacking xtrans-dev (1.4.0-1) ...
Linux Desktop Tests (0)	UNKNOWN STEP	2026-02-25T19:48:31.4545422Z Selecting previously unselected package libpthread-stubs0-dev:amd64.
Linux Desktop Tests (0)	UNKNOWN STEP	2026-02-25T19:48:31.4704268Z Preparing to unpack .../040-libpthread-stubs0-dev_0.4-1build3_amd64.deb ...
Linux Desktop Tests (0)	UNKNOWN STEP	2026-02-25T19:48:31.4714509Z Unpacking libpthread-stubs0-dev:amd64 (0.4-1build3) ...
Linux Desktop Tests (0)	UNKNOWN STEP	2026-02-25T19:48:31.4911251Z Selecting previously unselected package libxcb1-dev:amd64.
Linux Desktop Tests (0)	UNKNOWN STEP	2026-02-25T19:48:31.5070933Z Preparing to unpack .../041-libxcb1-dev_1.15-1ubuntu2_amd64.deb ...
Linux Desktop Tests (0)	UNKNOWN STEP	2026-02-25T19:48:31.5080554Z Unpacking libxcb1-dev:amd64 (1.15-1ubuntu2) ...
Linux Desktop Tests (0)	UNKNOWN STEP	2026-02-25T19:48:31.5318068Z Selecting previously unselected package libx11-dev:amd64.
Linux Desktop Tests (0)	UNKNOWN STEP	2026-02-25T19:48:31.5477925Z Preparing to unpack .../042-libx11-dev_2%3a1.8.7-1build1_amd64.deb ...
Linux Desktop Tests (0)	UNKNOWN STEP	2026-02-25T19:48:31.5487279Z Unpacking libx11-dev:amd64 (2:1.8.7-1build1) ...
Linux Desktop Tests (0)	UNKNOWN STEP	2026-02-25T19:48:31.5808337Z Selecting previously unselected package libxext-dev:amd64.
Linux Desktop Tests (0)	UNKNOWN STEP	2026-02-25T19:48:31.5967886Z Preparing to unpack .../043-libxext-dev_2%3a1.3.4-1build2_amd64.deb ...
Linux Desktop Tests (0)	UNKNOWN STEP	2026-02-25T19:48:31.5977772Z Unpacking libxext-dev:amd64 (2:1.3.4-1build2) ...
Linux Desktop Tests (0)	UNKNOWN STEP	2026-02-25T19:48:31.6324003Z Selecting previously unselected package libxfixes-dev:amd64.
Linux Desktop Tests (0)	UNKNOWN STEP	2026-02-25T19:48:31.6485005Z Preparing to unpack .../044-libxfixes-dev_1%3a6.0.0-2build1_amd64.deb ...
Linux Desktop Tests (0)	UNKNOWN STEP	2026-02-25T19:48:31.6495413Z Unpacking libxfixes-dev:amd64 (1:6.0.0-2build1) ...
Linux Desktop Tests (0)	UNKNOWN STEP	2026-02-25T19:48:31.6706400Z Selecting previously unselected package libxi-dev:amd64.
Linux Desktop Tests (0)	UNKNOWN STEP	2026-02-25T19:48:31.6865852Z Preparing to unpack .../045-libxi-dev_2%3a1.8.1-1build1_amd64.deb ...
Linux Desktop Tests (0)	UNKNOWN STEP	2026-02-25T19:48:31.6875051Z Unpacking libxi-dev:amd64 (2:1.8.1-1build1) ...
Linux Desktop Tests (0)	UNKNOWN STEP	2026-02-25T19:48:31.7197990Z Selecting previously unselected package libxtst-dev:amd64.
Linux Desktop Tests (0)	UNKNOWN STEP	2026-02-25T19:48:31.7356919Z Preparing to unpack .../046-libxtst-dev_2%3a1.2.3-1.1build1_amd64.deb ...
Linux Desktop Tests (0)	UNKNOWN STEP	2026-02-25T19:48:31.7365858Z Unpacking libxtst-dev:amd64 (2:1.2.3-1.1build1) ...
Linux Desktop Tests (0)	UNKNOWN STEP	2026-02-25T19:48:31.7589595Z Selecting previously unselected package libatspi2.0-dev:amd64.
Linux Desktop Tests (0)	UNKNOWN STEP	2026-02-25T19:48:31.7748341Z Preparing to unpack .../047-libatspi2.0-dev_2.52.0-1build1_amd64.deb ...
Linux Desktop Tests (0)	UNKNOWN STEP	2026-02-25T19:48:31.7759813Z Unpacking libatspi2.0-dev:amd64 (2.52.0-1build1) ...
Linux Desktop Tests (0)	UNKNOWN STEP	2026-02-25T19:48:31.8032618Z Selecting previously unselected package libatk-bridge2.0-dev:amd64.
Linux Desktop Tests (0)	UNKNOWN STEP	2026-02-25T19:48:31.8192989Z Preparing to unpack .../048-libatk-bridge2.0-dev_2.52.0-1build1_amd64.deb ...
Linux Desktop Tests (0)	UNKNOWN STEP	2026-02-25T19:48:31.8202626Z Unpacking libatk-bridge2.0-dev:amd64 (2.52.0-1build1) ...
Linux Desktop Tests (0)	UNKNOWN STEP	2026-02-25T19:48:31.8408513Z Selecting previously unselected package libbrotli-dev:amd64.
Linux Desktop Tests (0)	UNKNOWN STEP	2026-02-25T19:48:31.8567166Z Preparing to unpack .../049-libbrotli-dev_1.1.0-2build2_amd64.deb ...
Linux Desktop Tests (0)	UNKNOWN STEP	2026-02-25T19:48:31.8574953Z Unpacking libbrotli-dev:amd64 (1.1.0-2build2) ...
Linux Desktop Tests (0)	UNKNOWN STEP	2026-02-25T19:48:31.8831110Z Selecting previously unselected package libbz2-dev:amd64.
Linux Desktop Tests (0)	UNKNOWN STEP	2026-02-25T19:48:31.8990332Z Preparing to unpack .../050-libbz2-dev_1.0.8-5.1build0.1_amd64.deb ...
Linux Desktop Tests (0)	UNKNOWN STEP	2026-02-25T19:48:31.8997849Z Unpacking libbz2-dev:amd64 (1.0.8-5.1build0.1) ...
Linux Desktop Tests (0)	UNKNOWN STEP	2026-02-25T19:48:31.9207645Z Selecting previously unselected package libcairo-script-interpreter2:amd64.
Linux Desktop Tests (0)	UNKNOWN STEP	2026-02-25T19:48:31.9364117Z Preparing to unpack .../051-libcairo-script-interpreter2_1.18.0-3build1_amd64.deb ...
Linux Desktop Tests (0)	UNKNOWN STEP	2026-02-25T19:48:31.9374354Z Unpacking libcairo-script-interpreter2:amd64 (1.18.0-3build1) ...
Linux Desktop Tests (0)	UNKNOWN STEP	2026-02-25T19:48:31.9574631Z Selecting previously unselected package libpng-dev:amd64.
Linux Desktop Tests (0)	UNKNOWN STEP	2026-02-25T19:48:31.9732294Z Preparing to unpack .../052-libpng-dev_1.6.43-5ubuntu0.5_amd64.deb ...
Linux Desktop Tests (0)	UNKNOWN STEP	2026-02-25T19:48:31.9742209Z Unpacking libpng-dev:amd64 (1.6.43-5ubuntu0.5) ...
Linux Desktop Tests (0)	UNKNOWN STEP	2026-02-25T19:48:32.0320080Z Selecting previously unselected package libfreetype-dev:amd64.
Linux Desktop Tests (0)	UNKNOWN STEP	2026-02-25T19:48:32.0477914Z Preparing to unpack .../053-libfreetype-dev_2.13.2+dfsg-1build3_amd64.deb ...
Linux Desktop Tests (0)	UNKNOWN STEP	2026-02-25T19:48:32.0486168Z Unpacking libfreetype-dev:amd64 (2.13.2+dfsg-1build3) ...
Linux Desktop Tests (0)	UNKNOWN STEP	2026-02-25T19:48:32.0831154Z Selecting previously unselected package libfontconfig-dev:amd64.
Linux Desktop Tests (0)	UNKNOWN STEP	2026-02-25T19:48:32.0990428Z Preparing to unpack .../054-libfontconfig-dev_2.15.0-1.1ubuntu2_amd64.deb ...
Linux Desktop Tests (0)	UNKNOWN STEP	2026-02-25T19:48:32.0998480Z Unpacking libfontconfig-dev:amd64 (2.15.0-1.1ubuntu2) ...
Linux Desktop Tests (0)	UNKNOWN STEP	2026-02-25T19:48:32.1233628Z Selecting previously unselected package libpixman-1-dev:amd64.
Linux Desktop Tests (0)	UNKNOWN STEP	2026-02-25T19:48:32.1391718Z Preparing to unpack .../055-libpixman-1-dev_0.42.2-1build1_amd64.deb ...
Linux Desktop Tests (0)	UNKNOWN STEP	2026-02-25T19:48:32.1399491Z Unpacking libpixman-1-dev:amd64 (0.42.2-1build1) ...
Linux Desktop Tests (0)	UNKNOWN STEP	2026-02-25T19:48:32.1642783Z Selecting previously unselected package libice-dev:amd64.
Linux Desktop Tests (0)	UNKNOWN STEP	2026-02-25T19:48:32.1799615Z Preparing to unpack .../056-libice-dev_2%3a1.0.10-1build3_amd64.deb ...
Linux Desktop Tests (0)	UNKNOWN STEP	2026-02-25T19:48:32.1809961Z Unpacking libice-dev:amd64 (2:1.0.10-1build3) ...
Linux Desktop Tests (0)	UNKNOWN STEP	2026-02-25T19:48:32.2024199Z Selecting previously unselected package libsm-dev:amd64.
Linux Desktop Tests (0)	UNKNOWN STEP	2026-02-25T19:48:32.2184234Z Preparing to unpack .../057-libsm-dev_2%3a1.2.3-1build3_amd64.deb ...
Linux Desktop Tests (0)	UNKNOWN STEP	2026-02-25T19:48:32.2192558Z Unpacking libsm-dev:amd64 (2:1.2.3-1build3) ...
Linux Desktop Tests (0)	UNKNOWN STEP	2026-02-25T19:48:32.2408079Z Selecting previously unselected package libxcb-render0-dev:amd64.
Linux Desktop Tests (0)	UNKNOWN STEP	2026-02-25T19:48:32.2567419Z Preparing to unpack .../058-libxcb-render0-dev_1.15-1ubuntu2_amd64.deb ...
Linux Desktop Tests (0)	UNKNOWN STEP	2026-02-25T19:48:32.2576611Z Unpacking libxcb-render0-dev:amd64 (1.15-1ubuntu2) ...
Linux Desktop Tests (0)	UNKNOWN STEP	2026-02-25T19:48:32.2781514Z Selecting previously unselected package libxcb-shm0-dev:amd64.
Linux Desktop Tests (0)	UNKNOWN STEP	2026-02-25T19:48:32.2941088Z Preparing to unpack .../059-libxcb-shm0-dev_1.15-1ubuntu2_amd64.deb ...
Linux Desktop Tests (0)	UNKNOWN STEP	2026-02-25T19:48:32.2951213Z Unpacking libxcb-shm0-dev:amd64 (1.15-1ubuntu2) ...
Linux Desktop Tests (0)	UNKNOWN STEP	2026-02-25T19:48:32.3151191Z Selecting previously unselected package libxrender-dev:amd64.
Linux Desktop Tests (0)	UNKNOWN STEP	2026-02-25T19:48:32.3312306Z Preparing to unpack .../060-libxrender-dev_1%3a0.9.10-1.1build1_amd64.deb ...
Linux Desktop Tests (0)	UNKNOWN STEP	2026-02-25T19:48:32.3321491Z Unpacking libxrender-dev:amd64 (1:0.9.10-1.1build1) ...
Linux Desktop Tests (0)	UNKNOWN STEP	2026-02-25T19:48:32.3531090Z Selecting previously unselected package libcairo2-dev:amd64.
Linux Desktop Tests (0)	UNKNOWN STEP	2026-02-25T19:48:32.3693289Z Preparing to unpack .../061-libcairo2-dev_1.18.0-3build1_amd64.deb ...
Linux Desktop Tests (0)	UNKNOWN STEP	2026-02-25T19:48:32.3702003Z Unpacking libcairo2-dev:amd64 (1.18.0-3build1) ...
Linux Desktop Tests (0)	UNKNOWN STEP	2026-02-25T19:48:32.3954815Z Selecting previously unselected package libdatrie-dev:amd64.
Linux Desktop Tests (0)	UNKNOWN STEP	2026-02-25T19:48:32.4112637Z Preparing to unpack .../062-libdatrie-dev_0.2.13-3build1_amd64.deb ...
Linux Desktop Tests (0)	UNKNOWN STEP	2026-02-25T19:48:32.4119985Z Unpacking libdatrie-dev:amd64 (0.2.13-3build1) ...
Linux Desktop Tests (0)	UNKNOWN STEP	2026-02-25T19:48:32.4316672Z Selecting previously unselected package libdeflate-dev:amd64.
Linux Desktop Tests (0)	UNKNOWN STEP	2026-02-25T19:48:32.4476458Z Preparing to unpack .../063-libdeflate-dev_1.19-1build1.1_amd64.deb ...
Linux Desktop Tests (0)	UNKNOWN STEP	2026-02-25T19:48:32.4484696Z Unpacking libdeflate-dev:amd64 (1.19-1build1.1) ...
Linux Desktop Tests (0)	UNKNOWN STEP	2026-02-25T19:48:32.4706316Z Selecting previously unselected package libegl-mesa0:amd64.
Linux Desktop Tests (0)	UNKNOWN STEP	2026-02-25T19:48:32.4867379Z Preparing to unpack .../064-libegl-mesa0_25.2.8-0ubuntu0.24.04.1_amd64.deb ...
Linux Desktop Tests (0)	UNKNOWN STEP	2026-02-25T19:48:32.4877492Z Unpacking libegl-mesa0:amd64 (25.2.8-0ubuntu0.24.04.1) ...
Linux Desktop Tests (0)	UNKNOWN STEP	2026-02-25T19:48:32.5116881Z Selecting previously unselected package libegl1:amd64.
Linux Desktop Tests (0)	UNKNOWN STEP	2026-02-25T19:48:32.5275368Z Preparing to unpack .../065-libegl1_1.7.0-1build1_amd64.deb ...
Linux Desktop Tests (0)	UNKNOWN STEP	2026-02-25T19:48:32.5284461Z Unpacking libegl1:amd64 (1.7.0-1build1) ...
Linux Desktop Tests (0)	UNKNOWN STEP	2026-02-25T19:48:32.5486606Z Selecting previously unselected package libglx-dev:amd64.
Linux Desktop Tests (0)	UNKNOWN STEP	2026-02-25T19:48:32.5643067Z Preparing to unpack .../066-libglx-dev_1.7.0-1build1_amd64.deb ...
Linux Desktop Tests (0)	UNKNOWN STEP	2026-02-25T19:48:32.5653991Z Unpacking libglx-dev:amd64 (1.7.0-1build1) ...
Linux Desktop Tests (0)	UNKNOWN STEP	2026-02-25T19:48:32.5857034Z Selecting previously unselected package libgl-dev:amd64.
Linux Desktop Tests (0)	UNKNOWN STEP	2026-02-25T19:48:32.6013580Z Preparing to unpack .../067-libgl-dev_1.7.0-1build1_amd64.deb ...
Linux Desktop Tests (0)	UNKNOWN STEP	2026-02-25T19:48:32.6023378Z Unpacking libgl-dev:amd64 (1.7.0-1build1) ...
Linux Desktop Tests (0)	UNKNOWN STEP	2026-02-25T19:48:32.6274445Z Selecting previously unselected package libegl-dev:amd64.
Linux Desktop Tests (0)	UNKNOWN STEP	2026-02-25T19:48:32.6431438Z Preparing to unpack .../068-libegl-dev_1.7.0-1build1_amd64.deb ...
Linux Desktop Tests (0)	UNKNOWN STEP	2026-02-25T19:48:32.6440901Z Unpacking libegl-dev:amd64 (1.7.0-1build1) ...
Linux Desktop Tests (0)	UNKNOWN STEP	2026-02-25T19:48:32.6655981Z Selecting previously unselected package libglvnd-core-dev:amd64.
Linux Desktop Tests (0)	UNKNOWN STEP	2026-02-25T19:48:32.6812753Z Preparing to unpack .../069-libglvnd-core-dev_1.7.0-1build1_amd64.deb ...
Linux Desktop Tests (0)	UNKNOWN STEP	2026-02-25T19:48:32.6820807Z Unpacking libglvnd-core-dev:amd64 (1.7.0-1build1) ...
Linux Desktop Tests (0)	UNKNOWN STEP	2026-02-25T19:48:32.7043938Z Selecting previously unselected package libgles1:amd64.
Linux Desktop Tests (0)	UNKNOWN STEP	2026-02-25T19:48:32.7203646Z Preparing to unpack .../070-libgles1_1.7.0-1build1_amd64.deb ...
Linux Desktop Tests (0)	UNKNOWN STEP	2026-02-25T19:48:32.7211933Z Unpacking libgles1:amd64 (1.7.0-1build1) ...
Linux Desktop Tests (0)	UNKNOWN STEP	2026-02-25T19:48:32.7425549Z Selecting previously unselected package libgles2:amd64.
Linux Desktop Tests (0)	UNKNOWN STEP	2026-02-25T19:48:32.7583600Z Preparing to unpack .../071-libgles2_1.7.0-1build1_amd64.deb ...
Linux Desktop Tests (0)	UNKNOWN STEP	2026-02-25T19:48:32.7592572Z Unpacking libgles2:amd64 (1.7.0-1build1) ...
Linux Desktop Tests (0)	UNKNOWN STEP	2026-02-25T19:48:32.7798991Z Selecting previously unselected package libgles-dev:amd64.
Linux Desktop Tests (0)	UNKNOWN STEP	2026-02-25T19:48:32.7956031Z Preparing to unpack .../072-libgles-dev_1.7.0-1build1_amd64.deb ...
Linux Desktop Tests (0)	UNKNOWN STEP	2026-02-25T19:48:32.7965302Z Unpacking libgles-dev:amd64 (1.7.0-1build1) ...
Linux Desktop Tests (0)	UNKNOWN STEP	2026-02-25T19:48:32.8220919Z Selecting previously unselected package libopengl0:amd64.
Linux Desktop Tests (0)	UNKNOWN STEP	2026-02-25T19:48:32.8378188Z Preparing to unpack .../073-libopengl0_1.7.0-1build1_amd64.deb ...
Linux Desktop Tests (0)	UNKNOWN STEP	2026-02-25T19:48:32.8386700Z Unpacking libopengl0:amd64 (1.7.0-1build1) ...
Linux Desktop Tests (0)	UNKNOWN STEP	2026-02-25T19:48:32.8591512Z Selecting previously unselected package libopengl-dev:amd64.
Linux Desktop Tests (0)	UNKNOWN STEP	2026-02-25T19:48:32.8747821Z Preparing to unpack .../074-libopengl-dev_1.7.0-1build1_amd64.deb ...
Linux Desktop Tests (0)	UNKNOWN STEP	2026-02-25T19:48:32.8755957Z Unpacking libopengl-dev:amd64 (1.7.0-1build1) ...
Linux Desktop Tests (0)	UNKNOWN STEP	2026-02-25T19:48:32.8958752Z Selecting previously unselected package libglvnd-dev:amd64.
Linux Desktop Tests (0)	UNKNOWN STEP	2026-02-25T19:48:32.9116142Z Preparing to unpack .../075-libglvnd-dev_1.7.0-1build1_amd64.deb ...
Linux Desktop Tests (0)	UNKNOWN STEP	2026-02-25T19:48:32.9125746Z Unpacking libglvnd-dev:amd64 (1.7.0-1build1) ...
Linux Desktop Tests (0)	UNKNOWN STEP	2026-02-25T19:48:32.9323917Z Selecting previously unselected package libegl1-mesa-dev:amd64.
Linux Desktop Tests (0)	UNKNOWN STEP	2026-02-25T19:48:32.9480339Z Preparing to unpack .../076-libegl1-mesa-dev_25.2.8-0ubuntu0.24.04.1_amd64.deb ...
Linux Desktop Tests (0)	UNKNOWN STEP	2026-02-25T19:48:32.9592894Z Unpacking libegl1-mesa-dev:amd64 (25.2.8-0ubuntu0.24.04.1) ...
Linux Desktop Tests (0)	UNKNOWN STEP	2026-02-25T19:48:32.9807305Z Selecting previously unselected package libepoxy-dev:amd64.
Linux Desktop Tests (0)	UNKNOWN STEP	2026-02-25T19:48:32.9969524Z Preparing to unpack .../077-libepoxy-dev_1.5.10-1build1_amd64.deb ...
Linux Desktop Tests (0)	UNKNOWN STEP	2026-02-25T19:48:33.0300656Z Unpacking libepoxy-dev:amd64 (1.5.10-1build1) ...
Linux Desktop Tests (0)	UNKNOWN STEP	2026-02-25T19:48:33.0573443Z Selecting previously unselected package libfribidi-dev:amd64.
Linux Desktop Tests (0)	UNKNOWN STEP	2026-02-25T19:48:33.0736343Z Preparing to unpack .../078-libfribidi-dev_1.0.13-3build1_amd64.deb ...
Linux Desktop Tests (0)	UNKNOWN STEP	2026-02-25T19:48:33.0744749Z Unpacking libfribidi-dev:amd64 (1.0.13-3build1) ...
Linux Desktop Tests (0)	UNKNOWN STEP	2026-02-25T19:48:33.1031832Z Selecting previously unselected package libgpg-error-dev.
Linux Desktop Tests (0)	UNKNOWN STEP	2026-02-25T19:48:33.1193768Z Preparing to unpack .../079-libgpg-error-dev_1.47-3build2.1_amd64.deb ...
Linux Desktop Tests (0)	UNKNOWN STEP	2026-02-25T19:48:33.1201971Z Unpacking libgpg-error-dev (1.47-3build2.1) ...
Linux Desktop Tests (0)	UNKNOWN STEP	2026-02-25T19:48:33.1504664Z Selecting previously unselected package libgcrypt20-dev.
Linux Desktop Tests (0)	UNKNOWN STEP	2026-02-25T19:48:33.1665511Z Preparing to unpack .../080-libgcrypt20-dev_1.10.3-2build1_amd64.deb ...
Linux Desktop Tests (0)	UNKNOWN STEP	2026-02-25T19:48:33.1673251Z Unpacking libgcrypt20-dev (1.10.3-2build1) ...
Linux Desktop Tests (0)	UNKNOWN STEP	2026-02-25T19:48:33.2047334Z Selecting previously unselected package libgdk-pixbuf2.0-bin.
Linux Desktop Tests (0)	UNKNOWN STEP	2026-02-25T19:48:33.2211335Z Preparing to unpack .../081-libgdk-pixbuf2.0-bin_2.42.10+dfsg-3ubuntu3.2_amd64.deb ...
Linux Desktop Tests (0)	UNKNOWN STEP	2026-02-25T19:48:33.2220297Z Unpacking libgdk-pixbuf2.0-bin (2.42.10+dfsg-3ubuntu3.2) ...
Linux Desktop Tests (0)	UNKNOWN STEP	2026-02-25T19:48:33.2647723Z Selecting previously unselected package libjpeg-turbo8-dev:amd64.
Linux Desktop Tests (0)	UNKNOWN STEP	2026-02-25T19:48:33.2808850Z Preparing to unpack .../082-libjpeg-turbo8-dev_2.1.5-2ubuntu2_amd64.deb ...
Linux Desktop Tests (0)	UNKNOWN STEP	2026-02-25T19:48:33.2816438Z Unpacking libjpeg-turbo8-dev:amd64 (2.1.5-2ubuntu2) ...
Linux Desktop Tests (0)	UNKNOWN STEP	2026-02-25T19:48:33.3073953Z Selecting previously unselected package libjpeg8-dev:amd64.
Linux Desktop Tests (0)	UNKNOWN STEP	2026-02-25T19:48:33.3235094Z Preparing to unpack .../083-libjpeg8-dev_8c-2ubuntu11_amd64.deb ...
Linux Desktop Tests (0)	UNKNOWN STEP	2026-02-25T19:48:33.3243115Z Unpacking libjpeg8-dev:amd64 (8c-2ubuntu11) ...
Linux Desktop Tests (0)	UNKNOWN STEP	2026-02-25T19:48:33.3473722Z Selecting previously unselected package libjpeg-dev:amd64.
Linux Desktop Tests (0)	UNKNOWN STEP	2026-02-25T19:48:33.3632657Z Preparing to unpack .../084-libjpeg-dev_8c-2ubuntu11_amd64.deb ...
Linux Desktop Tests (0)	UNKNOWN STEP	2026-02-25T19:48:33.3640001Z Unpacking libjpeg-dev:amd64 (8c-2ubuntu11) ...
Linux Desktop Tests (0)	UNKNOWN STEP	2026-02-25T19:48:33.3827006Z Selecting previously unselected package libjbig-dev:amd64.
Linux Desktop Tests (0)	UNKNOWN STEP	2026-02-25T19:48:33.3985717Z Preparing to unpack .../085-libjbig-dev_2.1-6.1ubuntu2_amd64.deb ...
Linux Desktop Tests (0)	UNKNOWN STEP	2026-02-25T19:48:33.3995536Z Unpacking libjbig-dev:amd64 (2.1-6.1ubuntu2) ...
Linux Desktop Tests (0)	UNKNOWN STEP	2026-02-25T19:48:33.4204107Z Selecting previously unselected package liblzma-dev:amd64.
Linux Desktop Tests (0)	UNKNOWN STEP	2026-02-25T19:48:33.4364763Z Preparing to unpack .../086-liblzma-dev_5.6.1+really5.4.5-1ubuntu0.2_amd64.deb ...
Linux Desktop Tests (0)	UNKNOWN STEP	2026-02-25T19:48:33.4373266Z Unpacking liblzma-dev:amd64 (5.6.1+really5.4.5-1ubuntu0.2) ...
Linux Desktop Tests (0)	UNKNOWN STEP	2026-02-25T19:48:33.4655900Z Selecting previously unselected package libwebpdecoder3:amd64.
Linux Desktop Tests (0)	UNKNOWN STEP	2026-02-25T19:48:33.4816685Z Preparing to unpack .../087-libwebpdecoder3_1.3.2-0.4build3_amd64.deb ...
Linux Desktop Tests (0)	UNKNOWN STEP	2026-02-25T19:48:33.4831434Z Unpacking libwebpdecoder3:amd64 (1.3.2-0.4build3) ...
Linux Desktop Tests (0)	UNKNOWN STEP	2026-02-25T19:48:33.5047103Z Selecting previously unselected package libsharpyuv-dev:amd64.
Linux Desktop Tests (0)	UNKNOWN STEP	2026-02-25T19:48:33.5204700Z Preparing to unpack .../088-libsharpyuv-dev_1.3.2-0.4build3_amd64.deb ...
Linux Desktop Tests (0)	UNKNOWN STEP	2026-02-25T19:48:33.5214833Z Unpacking libsharpyuv-dev:amd64 (1.3.2-0.4build3) ...
Linux Desktop Tests (0)	UNKNOWN STEP	2026-02-25T19:48:33.5421721Z Selecting previously unselected package libwebp-dev:amd64.
Linux Desktop Tests (0)	UNKNOWN STEP	2026-02-25T19:48:33.5575698Z Preparing to unpack .../089-libwebp-dev_1.3.2-0.4build3_amd64.deb ...
Linux Desktop Tests (0)	UNKNOWN STEP	2026-02-25T19:48:33.5586022Z Unpacking libwebp-dev:amd64 (1.3.2-0.4build3) ...
Linux Desktop Tests (0)	UNKNOWN STEP	2026-02-25T19:48:33.5898483Z Selecting previously unselected package libtiffxx6:amd64.
Linux Desktop Tests (0)	UNKNOWN STEP	2026-02-25T19:48:33.6053935Z Preparing to unpack .../090-libtiffxx6_4.5.1+git230720-4ubuntu2.4_amd64.deb ...
Linux Desktop Tests (0)	UNKNOWN STEP	2026-02-25T19:48:33.6061556Z Unpacking libtiffxx6:amd64 (4.5.1+git230720-4ubuntu2.4) ...
Linux Desktop Tests (0)	UNKNOWN STEP	2026-02-25T19:48:33.6261361Z Selecting previously unselected package liblerc-dev:amd64.
Linux Desktop Tests (0)	UNKNOWN STEP	2026-02-25T19:48:33.6416923Z Preparing to unpack .../091-liblerc-dev_4.0.0+ds-4ubuntu2_amd64.deb ...
Linux Desktop Tests (0)	UNKNOWN STEP	2026-02-25T19:48:33.6425516Z Unpacking liblerc-dev:amd64 (4.0.0+ds-4ubuntu2) ...
Linux Desktop Tests (0)	UNKNOWN STEP	2026-02-25T19:48:33.6672378Z Selecting previously unselected package libtiff-dev:amd64.
Linux Desktop Tests (0)	UNKNOWN STEP	2026-02-25T19:48:33.6828448Z Preparing to unpack .../092-libtiff-dev_4.5.1+git230720-4ubuntu2.4_amd64.deb ...
Linux Desktop Tests (0)	UNKNOWN STEP	2026-02-25T19:48:33.6842606Z Unpacking libtiff-dev:amd64 (4.5.1+git230720-4ubuntu2.4) ...
Linux Desktop Tests (0)	UNKNOWN STEP	2026-02-25T19:48:33.7185474Z Selecting previously unselected package libgdk-pixbuf-2.0-dev:amd64.
Linux Desktop Tests (0)	UNKNOWN STEP	2026-02-25T19:48:33.7342471Z Preparing to unpack .../093-libgdk-pixbuf-2.0-dev_2.42.10+dfsg-3ubuntu3.2_amd64.deb ...
Linux Desktop Tests (0)	UNKNOWN STEP	2026-02-25T19:48:33.7350417Z Unpacking libgdk-pixbuf-2.0-dev:amd64 (2.42.10+dfsg-3ubuntu3.2) ...
Linux Desktop Tests (0)	UNKNOWN STEP	2026-02-25T19:48:33.7582248Z Selecting previously unselected package libgles2-mesa-dev:amd64.
Linux Desktop Tests (0)	UNKNOWN STEP	2026-02-25T19:48:33.7739630Z Preparing to unpack .../094-libgles2-mesa-dev_25.2.8-0ubuntu0.24.04.1_amd64.deb ...
Linux Desktop Tests (0)	UNKNOWN STEP	2026-02-25T19:48:33.7747629Z Unpacking libgles2-mesa-dev:amd64 (25.2.8-0ubuntu0.24.04.1) ...
Linux Desktop Tests (0)	UNKNOWN STEP	2026-02-25T19:48:33.7946247Z Selecting previously unselected package libgraphite2-dev:amd64.
Linux Desktop Tests (0)	UNKNOWN STEP	2026-02-25T19:48:33.8102083Z Preparing to unpack .../095-libgraphite2-dev_1.3.14-2build1_amd64.deb ...
Linux Desktop Tests (0)	UNKNOWN STEP	2026-02-25T19:48:33.8109169Z Unpacking libgraphite2-dev:amd64 (1.3.14-2build1) ...
Linux Desktop Tests (0)	UNKNOWN STEP	2026-02-25T19:48:33.8331630Z Selecting previously unselected package libharfbuzz-icu0:amd64.
Linux Desktop Tests (0)	UNKNOWN STEP	2026-02-25T19:48:33.8488136Z Preparing to unpack .../096-libharfbuzz-icu0_8.3.0-2build2_amd64.deb ...
Linux Desktop Tests (0)	UNKNOWN STEP	2026-02-25T19:48:33.8496012Z Unpacking libharfbuzz-icu0:amd64 (8.3.0-2build2) ...
Linux Desktop Tests (0)	UNKNOWN STEP	2026-02-25T19:48:33.8715362Z Selecting previously unselected package libharfbuzz-subset0:amd64.
Linux Desktop Tests (0)	UNKNOWN STEP	2026-02-25T19:48:33.8876386Z Preparing to unpack .../097-libharfbuzz-subset0_8.3.0-2build2_amd64.deb ...
Linux Desktop Tests (0)	UNKNOWN STEP	2026-02-25T19:48:33.8886010Z Unpacking libharfbuzz-subset0:amd64 (8.3.0-2build2) ...
Linux Desktop Tests (0)	UNKNOWN STEP	2026-02-25T19:48:33.9159447Z Selecting previously unselected package libharfbuzz-cairo0:amd64.
Linux Desktop Tests (0)	UNKNOWN STEP	2026-02-25T19:48:33.9320445Z Preparing to unpack .../098-libharfbuzz-cairo0_8.3.0-2build2_amd64.deb ...
Linux Desktop Tests (0)	UNKNOWN STEP	2026-02-25T19:48:33.9328617Z Unpacking libharfbuzz-cairo0:amd64 (8.3.0-2build2) ...
Linux Desktop Tests (0)	UNKNOWN STEP	2026-02-25T19:48:33.9533823Z Selecting previously unselected package libharfbuzz-dev:amd64.
Linux Desktop Tests (0)	UNKNOWN STEP	2026-02-25T19:48:33.9697080Z Preparing to unpack .../099-libharfbuzz-dev_8.3.0-2build2_amd64.deb ...
Linux Desktop Tests (0)	UNKNOWN STEP	2026-02-25T19:48:33.9705178Z Unpacking libharfbuzz-dev:amd64 (8.3.0-2build2) ...
Linux Desktop Tests (0)	UNKNOWN STEP	2026-02-25T19:48:34.0043918Z Selecting previously unselected package libthai-dev:amd64.
Linux Desktop Tests (0)	UNKNOWN STEP	2026-02-25T19:48:34.0204249Z Preparing to unpack .../100-libthai-dev_0.1.29-2build1_amd64.deb ...
Linux Desktop Tests (0)	UNKNOWN STEP	2026-02-25T19:48:34.0211596Z Unpacking libthai-dev:amd64 (0.1.29-2build1) ...
Linux Desktop Tests (0)	UNKNOWN STEP	2026-02-25T19:48:34.0449179Z Selecting previously unselected package libxft-dev:amd64.
Linux Desktop Tests (0)	UNKNOWN STEP	2026-02-25T19:48:34.0611475Z Preparing to unpack .../101-libxft-dev_2.3.6-1build1_amd64.deb ...
Linux Desktop Tests (0)	UNKNOWN STEP	2026-02-25T19:48:34.0618395Z Unpacking libxft-dev:amd64 (2.3.6-1build1) ...
Linux Desktop Tests (0)	UNKNOWN STEP	2026-02-25T19:48:34.0901204Z Selecting previously unselected package pango1.0-tools.
Linux Desktop Tests (0)	UNKNOWN STEP	2026-02-25T19:48:34.1063588Z Preparing to unpack .../102-pango1.0-tools_1.52.1+ds-1build1_amd64.deb ...
Linux Desktop Tests (0)	UNKNOWN STEP	2026-02-25T19:48:34.1078737Z Unpacking pango1.0-tools (1.52.1+ds-1build1) ...
Linux Desktop Tests (0)	UNKNOWN STEP	2026-02-25T19:48:34.1292258Z Selecting previously unselected package libpango1.0-dev:amd64.
Linux Desktop Tests (0)	UNKNOWN STEP	2026-02-25T19:48:34.1453751Z Preparing to unpack .../103-libpango1.0-dev_1.52.1+ds-1build1_amd64.deb ...
Linux Desktop Tests (0)	UNKNOWN STEP	2026-02-25T19:48:34.1462150Z Unpacking libpango1.0-dev:amd64 (1.52.1+ds-1build1) ...
Linux Desktop Tests (0)	UNKNOWN STEP	2026-02-25T19:48:34.1802175Z Selecting previously unselected package libwayland-server0:amd64.
Linux Desktop Tests (0)	UNKNOWN STEP	2026-02-25T19:48:34.1964693Z Preparing to unpack .../104-libwayland-server0_1.22.0-2.1build1_amd64.deb ...
Linux Desktop Tests (0)	UNKNOWN STEP	2026-02-25T19:48:34.1975865Z Unpacking libwayland-server0:amd64 (1.22.0-2.1build1) ...
Linux Desktop Tests (0)	UNKNOWN STEP	2026-02-25T19:48:34.2206508Z Selecting previously unselected package libwayland-bin.
Linux Desktop Tests (0)	UNKNOWN STEP	2026-02-25T19:48:34.2367994Z Preparing to unpack .../105-libwayland-bin_1.22.0-2.1build1_amd64.deb ...
Linux Desktop Tests (0)	UNKNOWN STEP	2026-02-25T19:48:34.2375921Z Unpacking libwayland-bin (1.22.0-2.1build1) ...
Linux Desktop Tests (0)	UNKNOWN STEP	2026-02-25T19:48:34.2585792Z Selecting previously unselected package libwayland-dev:amd64.
Linux Desktop Tests (0)	UNKNOWN STEP	2026-02-25T19:48:34.2744244Z Preparing to unpack .../106-libwayland-dev_1.22.0-2.1build1_amd64.deb ...
Linux Desktop Tests (0)	UNKNOWN STEP	2026-02-25T19:48:34.2751974Z Unpacking libwayland-dev:amd64 (1.22.0-2.1build1) ...
Linux Desktop Tests (0)	UNKNOWN STEP	2026-02-25T19:48:34.3001098Z Selecting previously unselected package libxcomposite-dev:amd64.
Linux Desktop Tests (0)	UNKNOWN STEP	2026-02-25T19:48:34.3161600Z Preparing to unpack .../107-libxcomposite-dev_1%3a0.4.5-1build3_amd64.deb ...
Linux Desktop Tests (0)	UNKNOWN STEP	2026-02-25T19:48:34.3173074Z Unpacking libxcomposite-dev:amd64 (1:0.4.5-1build3) ...
Linux Desktop Tests (0)	UNKNOWN STEP	2026-02-25T19:48:34.3402093Z Selecting previously unselected package libxcursor-dev:amd64.
Linux Desktop Tests (0)	UNKNOWN STEP	2026-02-25T19:48:34.3561540Z Preparing to unpack .../108-libxcursor-dev_1%3a1.2.1-1build1_amd64.deb ...
Linux Desktop Tests (0)	UNKNOWN STEP	2026-02-25T19:48:34.3571827Z Unpacking libxcursor-dev:amd64 (1:1.2.1-1build1) ...
Linux Desktop Tests (0)	UNKNOWN STEP	2026-02-25T19:48:34.3835140Z Selecting previously unselected package libxdamage-dev:amd64.
Linux Desktop Tests (0)	UNKNOWN STEP	2026-02-25T19:48:34.3994148Z Preparing to unpack .../109-libxdamage-dev_1%3a1.1.6-1build1_amd64.deb ...
Linux Desktop Tests (0)	UNKNOWN STEP	2026-02-25T19:48:34.4002300Z Unpacking libxdamage-dev:amd64 (1:1.1.6-1build1) ...
Linux Desktop Tests (0)	UNKNOWN STEP	2026-02-25T19:48:34.4213458Z Selecting previously unselected package libxinerama-dev:amd64.
Linux Desktop Tests (0)	UNKNOWN STEP	2026-02-25T19:48:34.4368404Z Preparing to unpack .../110-libxinerama-dev_2%3a1.1.4-3build1_amd64.deb ...
Linux Desktop Tests (0)	UNKNOWN STEP	2026-02-25T19:48:34.4376307Z Unpacking libxinerama-dev:amd64 (2:1.1.4-3build1) ...
Linux Desktop Tests (0)	UNKNOWN STEP	2026-02-25T19:48:34.4596706Z Selecting previously unselected package libxkbcommon-dev:amd64.
Linux Desktop Tests (0)	UNKNOWN STEP	2026-02-25T19:48:34.4755426Z Preparing to unpack .../111-libxkbcommon-dev_1.6.0-1build1_amd64.deb ...
Linux Desktop Tests (0)	UNKNOWN STEP	2026-02-25T19:48:34.4767300Z Unpacking libxkbcommon-dev:amd64 (1.6.0-1build1) ...
Linux Desktop Tests (0)	UNKNOWN STEP	2026-02-25T19:48:34.4989924Z Selecting previously unselected package libxrandr-dev:amd64.
Linux Desktop Tests (0)	UNKNOWN STEP	2026-02-25T19:48:34.5147802Z Preparing to unpack .../112-libxrandr-dev_2%3a1.5.2-2build1_amd64.deb ...
Linux Desktop Tests (0)	UNKNOWN STEP	2026-02-25T19:48:34.5155131Z Unpacking libxrandr-dev:amd64 (2:1.5.2-2build1) ...
Linux Desktop Tests (0)	UNKNOWN STEP	2026-02-25T19:48:34.5375651Z Selecting previously unselected package wayland-protocols.
Linux Desktop Tests (0)	UNKNOWN STEP	2026-02-25T19:48:34.5532593Z Preparing to unpack .../113-wayland-protocols_1.45-1~ubuntu0.24.04.1_all.deb ...
Linux Desktop Tests (0)	UNKNOWN STEP	2026-02-25T19:48:34.5539258Z Unpacking wayland-protocols (1.45-1~ubuntu0.24.04.1) ...
Linux Desktop Tests (0)	UNKNOWN STEP	2026-02-25T19:48:34.5912600Z Selecting previously unselected package libgtk-3-dev:amd64.
Linux Desktop Tests (0)	UNKNOWN STEP	2026-02-25T19:48:34.6070709Z Preparing to unpack .../114-libgtk-3-dev_3.24.41-4ubuntu1.3_amd64.deb ...
Linux Desktop Tests (0)	UNKNOWN STEP	2026-02-25T19:48:34.6081305Z Unpacking libgtk-3-dev:amd64 (3.24.41-4ubuntu1.3) ...
Linux Desktop Tests (0)	UNKNOWN STEP	2026-02-25T19:48:34.7412240Z Selecting previously unselected package libpng-tools.
Linux Desktop Tests (0)	UNKNOWN STEP	2026-02-25T19:48:34.7576637Z Preparing to unpack .../115-libpng-tools_1.6.43-5ubuntu0.5_amd64.deb ...
Linux Desktop Tests (0)	UNKNOWN STEP	2026-02-25T19:48:34.7584265Z Unpacking libpng-tools (1.6.43-5ubuntu0.5) ...
Linux Desktop Tests (0)	UNKNOWN STEP	2026-02-25T19:48:34.7799889Z Selecting previously unselected package libsecret-1-dev:amd64.
Linux Desktop Tests (0)	UNKNOWN STEP	2026-02-25T19:48:34.7961371Z Preparing to unpack .../116-libsecret-1-dev_0.21.4-1build3_amd64.deb ...
Linux Desktop Tests (0)	UNKNOWN STEP	2026-02-25T19:48:34.7972259Z Unpacking libsecret-1-dev:amd64 (0.21.4-1build3) ...
Linux Desktop Tests (0)	UNKNOWN STEP	2026-02-25T19:48:34.8796975Z Selecting previously unselected package ninja-build.
Linux Desktop Tests (0)	UNKNOWN STEP	2026-02-25T19:48:34.8961558Z Preparing to unpack .../117-ninja-build_1.11.1-2_amd64.deb ...
Linux Desktop Tests (0)	UNKNOWN STEP	2026-02-25T19:48:34.8969611Z Unpacking ninja-build (1.11.1-2) ...
Linux Desktop Tests (0)	UNKNOWN STEP	2026-02-25T19:48:34.9502106Z Selecting previously unselected package libgl1-mesa-dev:amd64.
Linux Desktop Tests (0)	UNKNOWN STEP	2026-02-25T19:48:34.9666404Z Preparing to unpack .../118-libgl1-mesa-dev_25.2.8-0ubuntu0.24.04.1_amd64.deb ...
Linux Desktop Tests (0)	UNKNOWN STEP	2026-02-25T19:48:34.9674313Z Unpacking libgl1-mesa-dev:amd64 (25.2.8-0ubuntu0.24.04.1) ...
Linux Desktop Tests (0)	UNKNOWN STEP	2026-02-25T19:48:34.9876906Z Selecting previously unselected package libjsoncpp-dev:amd64.
Linux Desktop Tests (0)	UNKNOWN STEP	2026-02-25T19:48:35.0040301Z Preparing to unpack .../119-libjsoncpp-dev_1.9.5-6build1_amd64.deb ...
Linux Desktop Tests (0)	UNKNOWN STEP	2026-02-25T19:48:35.0051021Z Unpacking libjsoncpp-dev:amd64 (1.9.5-6build1) ...
Linux Desktop Tests (0)	UNKNOWN STEP	2026-02-25T19:48:35.0539705Z Setting up libcairo-script-interpreter2:amd64 (1.18.0-3build1) ...
Linux Desktop Tests (0)	UNKNOWN STEP	2026-02-25T19:48:35.0574870Z Setting up bzip2-doc (1.0.8-5.1build0.1) ...
Linux Desktop Tests (0)	UNKNOWN STEP	2026-02-25T19:48:35.0598955Z Setting up libwayland-server0:amd64 (1.22.0-2.1build1) ...
Linux Desktop Tests (0)	UNKNOWN STEP	2026-02-25T19:48:35.0620873Z Setting up libjpeg-turbo8-dev:amd64 (2.1.5-2ubuntu2) ...
Linux Desktop Tests (0)	UNKNOWN STEP	2026-02-25T19:48:35.0643590Z Setting up libharfbuzz-icu0:amd64 (8.3.0-2build2) ...
Linux Desktop Tests (0)	UNKNOWN STEP	2026-02-25T19:48:35.0665476Z Setting up libpixman-1-dev:amd64 (0.42.2-1build1) ...
Linux Desktop Tests (0)	UNKNOWN STEP	2026-02-25T19:48:35.0684033Z Setting up libglvnd-core-dev:amd64 (1.7.0-1build1) ...
Linux Desktop Tests (0)	UNKNOWN STEP	2026-02-25T19:48:35.0705681Z Setting up libfribidi-dev:amd64 (1.0.13-3build1) ...
Linux Desktop Tests (0)	UNKNOWN STEP	2026-02-25T19:48:35.0724900Z Setting up libxkbcommon-dev:amd64 (1.6.0-1build1) ...
Linux Desktop Tests (0)	UNKNOWN STEP	2026-02-25T19:48:35.0744075Z Setting up libjbig-dev:amd64 (2.1-6.1ubuntu2) ...
Linux Desktop Tests (0)	UNKNOWN STEP	2026-02-25T19:48:35.0763099Z Setting up libwebpdecoder3:amd64 (1.3.2-0.4build3) ...
Linux Desktop Tests (0)	UNKNOWN STEP	2026-02-25T19:48:35.0784199Z Setting up libpthread-stubs0-dev:amd64 (0.4-1build3) ...
Linux Desktop Tests (0)	UNKNOWN STEP	2026-02-25T19:48:35.0805395Z Setting up libopengl0:amd64 (1.7.0-1build1) ...
Linux Desktop Tests (0)	UNKNOWN STEP	2026-02-25T19:48:35.0825921Z Setting up ninja-build (1.11.1-2) ...
Linux Desktop Tests (0)	UNKNOWN STEP	2026-02-25T19:48:35.0848143Z Setting up xtrans-dev (1.4.0-1) ...
Linux Desktop Tests (0)	UNKNOWN STEP	2026-02-25T19:48:35.0869948Z Setting up libwayland-bin (1.22.0-2.1build1) ...
Linux Desktop Tests (0)	UNKNOWN STEP	2026-02-25T19:48:35.0891653Z Setting up libgraphite2-dev:amd64 (1.3.14-2build1) ...
Linux Desktop Tests (0)	UNKNOWN STEP	2026-02-25T19:48:35.0913313Z Setting up libglib2.0-0t64:amd64 (2.80.0-6ubuntu3.8) ...
Linux Desktop Tests (0)	UNKNOWN STEP	2026-02-25T19:48:35.1089830Z Setting up libegl-mesa0:amd64 (25.2.8-0ubuntu0.24.04.1) ...
Linux Desktop Tests (0)	UNKNOWN STEP	2026-02-25T19:48:35.1118439Z Setting up libglib2.0-data (2.80.0-6ubuntu3.8) ...
Linux Desktop Tests (0)	UNKNOWN STEP	2026-02-25T19:48:35.1138409Z Setting up libgles2:amd64 (1.7.0-1build1) ...
Linux Desktop Tests (0)	UNKNOWN STEP	2026-02-25T19:48:35.1161160Z Setting up libharfbuzz-cairo0:amd64 (8.3.0-2build2) ...
Linux Desktop Tests (0)	UNKNOWN STEP	2026-02-25T19:48:35.1182693Z Setting up libdbus-1-dev:amd64 (1.14.10-4ubuntu4.1) ...
Linux Desktop Tests (0)	UNKNOWN STEP	2026-02-25T19:48:35.2774929Z Setting up libgpg-error-dev (1.47-3build2.1) ...
Linux Desktop Tests (0)	UNKNOWN STEP	2026-02-25T19:48:35.2796244Z Setting up uuid-dev:amd64 (2.39.3-9ubuntu6.4) ...
Linux Desktop Tests (0)	UNKNOWN STEP	2026-02-25T19:48:35.2815336Z Setting up clang (1:18.0-59~exp2) ...
Linux Desktop Tests (0)	UNKNOWN STEP	2026-02-25T19:48:35.3286504Z Setting up libgles1:amd64 (1.7.0-1build1) ...
Linux Desktop Tests (0)	UNKNOWN STEP	2026-02-25T19:48:35.3312563Z Setting up libpng16-16t64:amd64 (1.6.43-5ubuntu0.5) ...
Linux Desktop Tests (0)	UNKNOWN STEP	2026-02-25T19:48:35.3334393Z Setting up libjsoncpp25:amd64 (1.9.5-6build1) ...
Linux Desktop Tests (0)	UNKNOWN STEP	2026-02-25T19:48:35.3353731Z Setting up libsepol-dev:amd64 (3.5-2build1) ...
Linux Desktop Tests (0)	UNKNOWN STEP	2026-02-25T19:48:35.3385370Z Setting up gir1.2-glib-2.0:amd64 (2.80.0-6ubuntu3.8) ...
Linux Desktop Tests (0)	UNKNOWN STEP	2026-02-25T19:48:35.3408363Z Setting up liblerc-dev:amd64 (4.0.0+ds-4ubuntu2) ...
Linux Desktop Tests (0)	UNKNOWN STEP	2026-02-25T19:48:35.3428036Z Setting up liblzma-dev:amd64 (5.6.1+really5.4.5-1ubuntu0.2) ...
Linux Desktop Tests (0)	UNKNOWN STEP	2026-02-25T19:48:35.3454874Z Setting up wayland-protocols (1.45-1~ubuntu0.24.04.1) ...
Linux Desktop Tests (0)	UNKNOWN STEP	2026-02-25T19:48:35.3475648Z Setting up libdatrie-dev:amd64 (0.2.13-3build1) ...
Linux Desktop Tests (0)	UNKNOWN STEP	2026-02-25T19:48:35.3503027Z Setting up gir1.2-glib-2.0-dev:amd64 (2.80.0-6ubuntu3.8) ...
Linux Desktop Tests (0)	UNKNOWN STEP	2026-02-25T19:48:35.3529623Z Setting up libgdk-pixbuf2.0-bin (2.42.10+dfsg-3ubuntu3.2) ...
Linux Desktop Tests (0)	UNKNOWN STEP	2026-02-25T19:48:35.3549971Z Setting up librhash0:amd64 (1.4.3-3build1) ...
Linux Desktop Tests (0)	UNKNOWN STEP	2026-02-25T19:48:35.3574678Z Setting up libegl1:amd64 (1.7.0-1build1) ...
Linux Desktop Tests (0)	UNKNOWN STEP	2026-02-25T19:48:35.3607267Z Setting up libharfbuzz-subset0:amd64 (8.3.0-2build2) ...
Linux Desktop Tests (0)	UNKNOWN STEP	2026-02-25T19:48:35.3627794Z Setting up xorg-sgml-doctools (1:1.11-1.1) ...
Linux Desktop Tests (0)	UNKNOWN STEP	2026-02-25T19:48:35.3651092Z Setting up cmake-data (3.28.3-1build7) ...
Linux Desktop Tests (0)	UNKNOWN STEP	2026-02-25T19:48:35.3722169Z Setting up libopengl-dev:amd64 (1.7.0-1build1) ...
Linux Desktop Tests (0)	UNKNOWN STEP	2026-02-25T19:48:35.3751810Z Setting up libjpeg8-dev:amd64 (8c-2ubuntu11) ...
Linux Desktop Tests (0)	UNKNOWN STEP	2026-02-25T19:48:35.3778879Z Setting up libsharpyuv-dev:amd64 (1.3.2-0.4build3) ...
Linux Desktop Tests (0)	UNKNOWN STEP	2026-02-25T19:48:35.3824087Z Setting up libtiffxx6:amd64 (4.5.1+git230720-4ubuntu2.4) ...
Linux Desktop Tests (0)	UNKNOWN STEP	2026-02-25T19:48:35.3832045Z Setting up libdeflate-dev:amd64 (1.19-1build1.1) ...
Linux Desktop Tests (0)	UNKNOWN STEP	2026-02-25T19:48:35.3852326Z Setting up libbrotli-dev:amd64 (1.1.0-2build2) ...
Linux Desktop Tests (0)	UNKNOWN STEP	2026-02-25T19:48:35.3871165Z Setting up libsecret-common (0.21.4-1build3) ...
Linux Desktop Tests (0)	UNKNOWN STEP	2026-02-25T19:48:35.3892012Z Setting up libbz2-dev:amd64 (1.0.8-5.1build0.1) ...
Linux Desktop Tests (0)	UNKNOWN STEP	2026-02-25T19:48:35.3911953Z Setting up libglib2.0-dev-bin (2.80.0-6ubuntu3.8) ...
Linux Desktop Tests (0)	UNKNOWN STEP	2026-02-25T19:48:35.5475347Z Setting up libblkid-dev:amd64 (2.39.3-9ubuntu6.4) ...
Linux Desktop Tests (0)	UNKNOWN STEP	2026-02-25T19:48:35.5496345Z Setting up libjsoncpp-dev:amd64 (1.9.5-6build1) ...
Linux Desktop Tests (0)	UNKNOWN STEP	2026-02-25T19:48:35.5533535Z Setting up gir1.2-freedesktop:amd64 (1.80.1-1) ...
Linux Desktop Tests (0)	UNKNOWN STEP	2026-02-25T19:48:35.5558169Z Setting up libpangoxft-1.0-0:amd64 (1.52.1+ds-1build1) ...
Linux Desktop Tests (0)	UNKNOWN STEP	2026-02-25T19:48:35.5578723Z Setting up gir1.2-gdkpixbuf-2.0:amd64 (2.42.10+dfsg-3ubuntu3.2) ...
Linux Desktop Tests (0)	UNKNOWN STEP	2026-02-25T19:48:35.5602519Z Setting up libpng-tools (1.6.43-5ubuntu0.5) ...
Linux Desktop Tests (0)	UNKNOWN STEP	2026-02-25T19:48:35.5623412Z Setting up libgirepository-2.0-0:amd64 (2.80.0-6ubuntu3.8) ...
Linux Desktop Tests (0)	UNKNOWN STEP	2026-02-25T19:48:35.5642221Z Setting up gir1.2-atk-1.0:amd64 (2.52.0-1build1) ...
Linux Desktop Tests (0)	UNKNOWN STEP	2026-02-25T19:48:35.5665641Z Setting up libselinux1-dev:amd64 (3.5-2ubuntu2.1) ...
Linux Desktop Tests (0)	UNKNOWN STEP	2026-02-25T19:48:35.5690811Z Setting up libpng-dev:amd64 (1.6.43-5ubuntu0.5) ...
Linux Desktop Tests (0)	UNKNOWN STEP	2026-02-25T19:48:35.5708779Z Setting up pango1.0-tools (1.52.1+ds-1build1) ...
Linux Desktop Tests (0)	UNKNOWN STEP	2026-02-25T19:48:35.5731810Z Setting up libjpeg-dev:amd64 (8c-2ubuntu11) ...
Linux Desktop Tests (0)	UNKNOWN STEP	2026-02-25T19:48:35.5750880Z Setting up libglib2.0-bin (2.80.0-6ubuntu3.8) ...
Linux Desktop Tests (0)	UNKNOWN STEP	2026-02-25T19:48:35.5770738Z Setting up libharfbuzz-gobject0:amd64 (8.3.0-2build2) ...
Linux Desktop Tests (0)	UNKNOWN STEP	2026-02-25T19:48:35.5792805Z Setting up gir1.2-atspi-2.0:amd64 (2.52.0-1build1) ...
Linux Desktop Tests (0)	UNKNOWN STEP	2026-02-25T19:48:35.5822961Z Setting up libwayland-dev:amd64 (1.22.0-2.1build1) ...
Linux Desktop Tests (0)	UNKNOWN STEP	2026-02-25T19:48:35.5844064Z Setting up gir1.2-harfbuzz-0.0:amd64 (8.3.0-2build2) ...
Linux Desktop Tests (0)	UNKNOWN STEP	2026-02-25T19:48:35.5873684Z Setting up libfreetype-dev:amd64 (2.13.2+dfsg-1build3) ...
Linux Desktop Tests (0)	UNKNOWN STEP	2026-02-25T19:48:35.5896322Z Setting up gir1.2-pango-1.0:amd64 (1.52.1+ds-1build1) ...
Linux Desktop Tests (0)	UNKNOWN STEP	2026-02-25T19:48:35.5916133Z Setting up libsecret-1-0:amd64 (0.21.4-1build3) ...
Linux Desktop Tests (0)	UNKNOWN STEP	2026-02-25T19:48:35.5943766Z Setting up libwebp-dev:amd64 (1.3.2-0.4build3) ...
Linux Desktop Tests (0)	UNKNOWN STEP	2026-02-25T19:48:35.5967312Z Setting up gir1.2-secret-1:amd64 (0.21.4-1build3) ...
Linux Desktop Tests (0)	UNKNOWN STEP	2026-02-25T19:48:35.5991586Z Setting up libgcrypt20-dev (1.10.3-2build1) ...
Linux Desktop Tests (0)	UNKNOWN STEP	2026-02-25T19:48:35.6016473Z Setting up libtiff-dev:amd64 (4.5.1+git230720-4ubuntu2.4) ...
Linux Desktop Tests (0)	UNKNOWN STEP	2026-02-25T19:48:35.6038758Z Setting up gir1.2-freedesktop-dev:amd64 (1.80.1-1) ...
Linux Desktop Tests (0)	UNKNOWN STEP	2026-02-25T19:48:35.6058070Z Setting up libthai-dev:amd64 (0.1.29-2build1) ...
Linux Desktop Tests (0)	UNKNOWN STEP	2026-02-25T19:48:35.6081400Z Setting up cmake (3.28.3-1build7) ...
Linux Desktop Tests (0)	UNKNOWN STEP	2026-02-25T19:48:35.6101846Z Setting up libmount-dev:amd64 (2.39.3-9ubuntu6.4) ...
Linux Desktop Tests (0)	UNKNOWN STEP	2026-02-25T19:48:35.6121486Z Setting up libfontconfig-dev:amd64 (2.15.0-1.1ubuntu2) ...
Linux Desktop Tests (0)	UNKNOWN STEP	2026-02-25T19:48:35.6142688Z Setting up gir1.2-gtk-3.0:amd64 (3.24.41-4ubuntu1.3) ...
Linux Desktop Tests (0)	UNKNOWN STEP	2026-02-25T19:48:35.6162947Z Setting up libglib2.0-dev:amd64 (2.80.0-6ubuntu3.8) ...
Linux Desktop Tests (0)	UNKNOWN STEP	2026-02-25T19:48:35.6183714Z Setting up libatk1.0-dev:amd64 (2.52.0-1build1) ...
Linux Desktop Tests (0)	UNKNOWN STEP	2026-02-25T19:48:35.6209067Z Setting up libgdk-pixbuf-2.0-dev:amd64 (2.42.10+dfsg-3ubuntu3.2) ...
Linux Desktop Tests (0)	UNKNOWN STEP	2026-02-25T19:48:35.6342208Z Setting up libharfbuzz-dev:amd64 (8.3.0-2build2) ...
Linux Desktop Tests (0)	UNKNOWN STEP	2026-02-25T19:48:35.6364454Z Setting up libsecret-1-dev:amd64 (0.21.4-1build3) ...
Linux Desktop Tests (0)	UNKNOWN STEP	2026-02-25T19:48:35.6695041Z Processing triggers for libc-bin (2.39-0ubuntu8.7) ...
Linux Desktop Tests (0)	UNKNOWN STEP	2026-02-25T19:48:35.7442721Z Processing triggers for man-db (2.12.0-4build2) ...
Linux Desktop Tests (0)	UNKNOWN STEP	2026-02-25T19:48:35.7512971Z Not building database; man-db/auto-update is not 'true'.
Linux Desktop Tests (0)	UNKNOWN STEP	2026-02-25T19:48:35.7546788Z Processing triggers for sgml-base (1.31) ...
Linux Desktop Tests (0)	UNKNOWN STEP	2026-02-25T19:48:35.7716755Z Processing triggers for install-info (7.1-3build2) ...
Linux Desktop Tests (0)	UNKNOWN STEP	2026-02-25T19:48:36.1105415Z Setting up x11proto-dev (2023.2-1) ...
Linux Desktop Tests (0)	UNKNOWN STEP	2026-02-25T19:48:36.1150982Z Setting up libxau-dev:amd64 (1:1.0.9-1build6) ...
Linux Desktop Tests (0)	UNKNOWN STEP	2026-02-25T19:48:36.1174797Z Setting up libice-dev:amd64 (2:1.0.10-1build3) ...
Linux Desktop Tests (0)	UNKNOWN STEP	2026-02-25T19:48:36.1203328Z Setting up libsm-dev:amd64 (2:1.2.3-1build3) ...
Linux Desktop Tests (0)	UNKNOWN STEP	2026-02-25T19:48:36.1249510Z Setting up libxdmcp-dev:amd64 (1:1.1.3-0ubuntu6) ...
Linux Desktop Tests (0)	UNKNOWN STEP	2026-02-25T19:48:36.1339463Z Setting up libxcb1-dev:amd64 (1.15-1ubuntu2) ...
Linux Desktop Tests (0)	UNKNOWN STEP	2026-02-25T19:48:36.1373832Z Setting up libx11-dev:amd64 (2:1.8.7-1build1) ...
Linux Desktop Tests (0)	UNKNOWN STEP	2026-02-25T19:48:36.1405653Z Setting up libxfixes-dev:amd64 (1:6.0.0-2build1) ...
Linux Desktop Tests (0)	UNKNOWN STEP	2026-02-25T19:48:36.1426881Z Setting up libxcb-shm0-dev:amd64 (1.15-1ubuntu2) ...
Linux Desktop Tests (0)	UNKNOWN STEP	2026-02-25T19:48:36.1461049Z Setting up libxcb-render0-dev:amd64 (1.15-1ubuntu2) ...
Linux Desktop Tests (0)	UNKNOWN STEP	2026-02-25T19:48:36.1488699Z Setting up libxext-dev:amd64 (2:1.3.4-1build2) ...
Linux Desktop Tests (0)	UNKNOWN STEP	2026-02-25T19:48:36.1519157Z Setting up libglx-dev:amd64 (1.7.0-1build1) ...
Linux Desktop Tests (0)	UNKNOWN STEP	2026-02-25T19:48:36.1550234Z Setting up libxi-dev:amd64 (2:1.8.1-1build1) ...
Linux Desktop Tests (0)	UNKNOWN STEP	2026-02-25T19:48:36.1575678Z Setting up libxrender-dev:amd64 (1:0.9.10-1.1build1) ...
Linux Desktop Tests (0)	UNKNOWN STEP	2026-02-25T19:48:36.1600284Z Setting up libgl-dev:amd64 (1.7.0-1build1) ...
Linux Desktop Tests (0)	UNKNOWN STEP	2026-02-25T19:48:36.1622979Z Setting up libxft-dev:amd64 (2.3.6-1build1) ...
Linux Desktop Tests (0)	UNKNOWN STEP	2026-02-25T19:48:36.1651889Z Setting up libxtst-dev:amd64 (2:1.2.3-1.1build1) ...
Linux Desktop Tests (0)	UNKNOWN STEP	2026-02-25T19:48:36.1678226Z Setting up libxdamage-dev:amd64 (1:1.1.6-1build1) ...
Linux Desktop Tests (0)	UNKNOWN STEP	2026-02-25T19:48:36.1704588Z Setting up libatspi2.0-dev:amd64 (2.52.0-1build1) ...
Linux Desktop Tests (0)	UNKNOWN STEP	2026-02-25T19:48:36.1748255Z Setting up libegl-dev:amd64 (1.7.0-1build1) ...
Linux Desktop Tests (0)	UNKNOWN STEP	2026-02-25T19:48:36.1776694Z Setting up libxcomposite-dev:amd64 (1:0.4.5-1build3) ...
Linux Desktop Tests (0)	UNKNOWN STEP	2026-02-25T19:48:36.1804491Z Setting up libxcursor-dev:amd64 (1:1.2.1-1build1) ...
Linux Desktop Tests (0)	UNKNOWN STEP	2026-02-25T19:48:36.1828991Z Setting up libepoxy-dev:amd64 (1.5.10-1build1) ...
Linux Desktop Tests (0)	UNKNOWN STEP	2026-02-25T19:48:36.1863317Z Setting up libatk-bridge2.0-dev:amd64 (2.52.0-1build1) ...
Linux Desktop Tests (0)	UNKNOWN STEP	2026-02-25T19:48:36.1890484Z Setting up libxrandr-dev:amd64 (2:1.5.2-2build1) ...
Linux Desktop Tests (0)	UNKNOWN STEP	2026-02-25T19:48:36.1919598Z Setting up libxinerama-dev:amd64 (2:1.1.4-3build1) ...
Linux Desktop Tests (0)	UNKNOWN STEP	2026-02-25T19:48:36.1959610Z Setting up libcairo2-dev:amd64 (1.18.0-3build1) ...
Linux Desktop Tests (0)	UNKNOWN STEP	2026-02-25T19:48:36.1983459Z Setting up libgles-dev:amd64 (1.7.0-1build1) ...
Linux Desktop Tests (0)	UNKNOWN STEP	2026-02-25T19:48:36.2027329Z Setting up libglvnd-dev:amd64 (1.7.0-1build1) ...
Linux Desktop Tests (0)	UNKNOWN STEP	2026-02-25T19:48:36.2060286Z Setting up libpango1.0-dev:amd64 (1.52.1+ds-1build1) ...
Linux Desktop Tests (0)	UNKNOWN STEP	2026-02-25T19:48:36.2087424Z Setting up libgl1-mesa-dev:amd64 (25.2.8-0ubuntu0.24.04.1) ...
Linux Desktop Tests (0)	UNKNOWN STEP	2026-02-25T19:48:36.2114805Z Setting up libegl1-mesa-dev:amd64 (25.2.8-0ubuntu0.24.04.1) ...
Linux Desktop Tests (0)	UNKNOWN STEP	2026-02-25T19:48:36.2153392Z Setting up libgtk-3-dev:amd64 (3.24.41-4ubuntu1.3) ...
Linux Desktop Tests (0)	UNKNOWN STEP	2026-02-25T19:48:36.2180215Z Setting up libgles2-mesa-dev:amd64 (25.2.8-0ubuntu0.24.04.1) ...
Linux Desktop Tests (0)	UNKNOWN STEP	2026-02-25T19:48:37.4722102Z 
Linux Desktop Tests (0)	UNKNOWN STEP	2026-02-25T19:48:37.4722568Z Running kernel seems to be up-to-date.
Linux Desktop Tests (0)	UNKNOWN STEP	2026-02-25T19:48:37.4722959Z 
Linux Desktop Tests (0)	UNKNOWN STEP	2026-02-25T19:48:37.4723071Z Restarting services...
Linux Desktop Tests (0)	UNKNOWN STEP	2026-02-25T19:48:37.5178220Z  systemctl restart packagekit.service php8.3-fpm.service polkit.service udisks2.service
Linux Desktop Tests (0)	UNKNOWN STEP	2026-02-25T19:48:37.6715528Z 
Linux Desktop Tests (0)	UNKNOWN STEP	2026-02-25T19:48:37.6716300Z Service restarts being deferred:
Linux Desktop Tests (0)	UNKNOWN STEP	2026-02-25T19:48:37.6717201Z  systemctl restart ModemManager.service
Linux Desktop Tests (0)	UNKNOWN STEP	2026-02-25T19:48:37.6717904Z  systemctl restart networkd-dispatcher.service
Linux Desktop Tests (0)	UNKNOWN STEP	2026-02-25T19:48:37.6718448Z 
Linux Desktop Tests (0)	UNKNOWN STEP	2026-02-25T19:48:37.6718616Z No containers need to be restarted.
Linux Desktop Tests (0)	UNKNOWN STEP	2026-02-25T19:48:37.6719238Z 
Linux Desktop Tests (0)	UNKNOWN STEP	2026-02-25T19:48:37.6719720Z No user sessions are running outdated binaries.
Linux Desktop Tests (0)	UNKNOWN STEP	2026-02-25T19:48:37.6720225Z 
Linux Desktop Tests (0)	UNKNOWN STEP	2026-02-25T19:48:37.6720565Z No VM guests are running outdated hypervisor (qemu) binaries on this host.
Linux Desktop Tests (0)	UNKNOWN STEP	2026-02-25T19:48:38.5713301Z ##[group]Run subosito/flutter-action@v2
Linux Desktop Tests (0)	UNKNOWN STEP	2026-02-25T19:48:38.5713586Z with:
Linux Desktop Tests (0)	UNKNOWN STEP	2026-02-25T19:48:38.5713759Z   channel: stable
Linux Desktop Tests (0)	UNKNOWN STEP	2026-02-25T19:48:38.5713933Z   cache: true
Linux Desktop Tests (0)	UNKNOWN STEP	2026-02-25T19:48:38.5714114Z   architecture: X64
Linux Desktop Tests (0)	UNKNOWN STEP	2026-02-25T19:48:38.5714319Z   pub-cache-path: default
Linux Desktop Tests (0)	UNKNOWN STEP	2026-02-25T19:48:38.5714527Z   dry-run: false
Linux Desktop Tests (0)	UNKNOWN STEP	2026-02-25T19:48:38.5714774Z   git-source: https://github.com/flutter/flutter.git
Linux Desktop Tests (0)	UNKNOWN STEP	2026-02-25T19:48:38.5715060Z env:
Linux Desktop Tests (0)	UNKNOWN STEP	2026-02-25T19:48:38.5715223Z   CACHE_VERSION: v1
Linux Desktop Tests (0)	UNKNOWN STEP	2026-02-25T19:48:38.5715403Z ##[endgroup]
Linux Desktop Tests (0)	UNKNOWN STEP	2026-02-25T19:48:38.5805834Z ##[group]Run chmod +x "$GITHUB_ACTION_PATH/setup.sh"
Linux Desktop Tests (0)	UNKNOWN STEP	2026-02-25T19:48:38.5806179Z [36;1mchmod +x "$GITHUB_ACTION_PATH/setup.sh"[0m
Linux Desktop Tests (0)	UNKNOWN STEP	2026-02-25T19:48:38.5856388Z shell: /usr/bin/bash --noprofile --norc -e -o pipefail {0}
Linux Desktop Tests (0)	UNKNOWN STEP	2026-02-25T19:48:38.5856710Z env:
Linux Desktop Tests (0)	UNKNOWN STEP	2026-02-25T19:48:38.5856881Z   CACHE_VERSION: v1
Linux Desktop Tests (0)	UNKNOWN STEP	2026-02-25T19:48:38.5857063Z ##[endgroup]
Linux Desktop Tests (0)	UNKNOWN STEP	2026-02-25T19:48:38.5978646Z ##[group]Run $GITHUB_ACTION_PATH/setup.sh -p \
Linux Desktop Tests (0)	UNKNOWN STEP	2026-02-25T19:48:38.5979016Z [36;1m$GITHUB_ACTION_PATH/setup.sh -p \[0m
Linux Desktop Tests (0)	UNKNOWN STEP	2026-02-25T19:48:38.5979492Z [36;1m  -n '' \[0m
Linux Desktop Tests (0)	UNKNOWN STEP	2026-02-25T19:48:38.5979746Z [36;1m  -f '' \[0m
Linux Desktop Tests (0)	UNKNOWN STEP	2026-02-25T19:48:38.5979937Z [36;1m  -a 'X64' \[0m
Linux Desktop Tests (0)	UNKNOWN STEP	2026-02-25T19:48:38.5980124Z [36;1m  -k '' \[0m
Linux Desktop Tests (0)	UNKNOWN STEP	2026-02-25T19:48:38.5980292Z [36;1m  -c '' \[0m
Linux Desktop Tests (0)	UNKNOWN STEP	2026-02-25T19:48:38.5980470Z [36;1m  -l '' \[0m
Linux Desktop Tests (0)	UNKNOWN STEP	2026-02-25T19:48:38.5980644Z [36;1m  -d 'default' \[0m
Linux Desktop Tests (0)	UNKNOWN STEP	2026-02-25T19:48:38.5980928Z [36;1m  -g 'https://github.com/flutter/flutter.git' \[0m
Linux Desktop Tests (0)	UNKNOWN STEP	2026-02-25T19:48:38.5981224Z [36;1m  stable[0m
Linux Desktop Tests (0)	UNKNOWN STEP	2026-02-25T19:48:38.6024892Z shell: /usr/bin/bash --noprofile --norc -e -o pipefail {0}
Linux Desktop Tests (0)	UNKNOWN STEP	2026-02-25T19:48:38.6025215Z env:
Linux Desktop Tests (0)	UNKNOWN STEP	2026-02-25T19:48:38.6025378Z   CACHE_VERSION: v1
Linux Desktop Tests (0)	UNKNOWN STEP	2026-02-25T19:48:38.6025564Z ##[endgroup]
Linux Desktop Tests (0)	UNKNOWN STEP	2026-02-25T19:48:38.8538506Z ##[group]Run actions/cache@v4
Linux Desktop Tests (0)	UNKNOWN STEP	2026-02-25T19:48:38.8538744Z with:
Linux Desktop Tests (0)	UNKNOWN STEP	2026-02-25T19:48:38.8538975Z   path: /opt/hostedtoolcache/flutter/stable-3.41.2-x64
Linux Desktop Tests (0)	UNKNOWN STEP	2026-02-25T19:48:38.8539737Z   key: flutter-linux-stable-3.41.2-x64-90673a4eef275d1a6692c26ac80d6d746d41a73a
Linux Desktop Tests (0)	UNKNOWN STEP	2026-02-25T19:48:38.8540171Z   enableCrossOsArchive: false
Linux Desktop Tests (0)	UNKNOWN STEP	2026-02-25T19:48:38.8540401Z   fail-on-cache-miss: false
Linux Desktop Tests (0)	UNKNOWN STEP	2026-02-25T19:48:38.8540616Z   lookup-only: false
Linux Desktop Tests (0)	UNKNOWN STEP	2026-02-25T19:48:38.8540804Z   save-always: false
Linux Desktop Tests (0)	UNKNOWN STEP	2026-02-25T19:48:38.8540984Z env:
Linux Desktop Tests (0)	UNKNOWN STEP	2026-02-25T19:48:38.8541139Z   CACHE_VERSION: v1
Linux Desktop Tests (0)	UNKNOWN STEP	2026-02-25T19:48:38.8541321Z ##[endgroup]
Linux Desktop Tests (0)	UNKNOWN STEP	2026-02-25T19:48:39.0861999Z Cache hit for: flutter-linux-stable-3.41.2-x64-90673a4eef275d1a6692c26ac80d6d746d41a73a
Linux Desktop Tests (0)	UNKNOWN STEP	2026-02-25T19:48:40.1253684Z Received 226492416 of 1665993529 (13.6%), 215.8 MBs/sec
Linux Desktop Tests (0)	UNKNOWN STEP	2026-02-25T19:48:41.1277822Z Received 448790528 of 1665993529 (26.9%), 213.7 MBs/sec
Linux Desktop Tests (0)	UNKNOWN STEP	2026-02-25T19:48:42.1365209Z Received 671088640 of 1665993529 (40.3%), 212.6 MBs/sec
Linux Desktop Tests (0)	UNKNOWN STEP	2026-02-25T19:48:43.1363915Z Received 931135488 of 1665993529 (55.9%), 221.3 MBs/sec
Linux Desktop Tests (0)	UNKNOWN STEP	2026-02-25T19:48:44.1415740Z Received 1166016512 of 1665993529 (70.0%), 221.7 MBs/sec
Linux Desktop Tests (0)	UNKNOWN STEP	2026-02-25T19:48:45.1611627Z Received 1388314624 of 1665993529 (83.3%), 219.4 MBs/sec
Linux Desktop Tests (0)	UNKNOWN STEP	2026-02-25T19:48:46.1655444Z Received 1610612736 of 1665993529 (96.7%), 218.2 MBs/sec
Linux Desktop Tests (0)	UNKNOWN STEP	2026-02-25T19:48:46.3826839Z Received 1665993529 of 1665993529 (100.0%), 218.9 MBs/sec
Linux Desktop Tests (0)	UNKNOWN STEP	2026-02-25T19:48:46.3830365Z Cache Size: ~1589 MB (1665993529 B)
Linux Desktop Tests (0)	UNKNOWN STEP	2026-02-25T19:48:46.3870157Z [command]/usr/bin/tar -xf /home/runner/work/_temp/4bf9c84c-460e-4562-bd1e-4a2bcb72bc1b/cache.tzst -P -C /home/runner/work/substitution/substitution --use-compress-program unzstd
Linux Desktop Tests (0)	UNKNOWN STEP	2026-02-25T19:48:51.0141355Z Cache restored successfully
Linux Desktop Tests (0)	UNKNOWN STEP	2026-02-25T19:48:51.3291590Z Cache restored from key: flutter-linux-stable-3.41.2-x64-90673a4eef275d1a6692c26ac80d6d746d41a73a
Linux Desktop Tests (0)	UNKNOWN STEP	2026-02-25T19:48:51.4502359Z ##[group]Run actions/cache@v4
Linux Desktop Tests (0)	UNKNOWN STEP	2026-02-25T19:48:51.4502594Z with:
Linux Desktop Tests (0)	UNKNOWN STEP	2026-02-25T19:48:51.4502785Z   path: /home/runner/.pub-cache
Linux Desktop Tests (0)	UNKNOWN STEP	2026-02-25T19:48:51.4503475Z   key: flutter-pub-linux-stable-3.41.2-x64-90673a4eef275d1a6692c26ac80d6d746d41a73a-fabacfc13d2b7e18a7fb2822593662b03764f624bf41fd351cdabec60fb27783
Linux Desktop Tests (0)	UNKNOWN STEP	2026-02-25T19:48:51.4504195Z   enableCrossOsArchive: false
Linux Desktop Tests (0)	UNKNOWN STEP	2026-02-25T19:48:51.4504713Z   fail-on-cache-miss: false
Linux Desktop Tests (0)	UNKNOWN STEP	2026-02-25T19:48:51.4504944Z   lookup-only: false
Linux Desktop Tests (0)	UNKNOWN STEP	2026-02-25T19:48:51.4505142Z   save-always: false
Linux Desktop Tests (0)	UNKNOWN STEP	2026-02-25T19:48:51.4505320Z env:
Linux Desktop Tests (0)	UNKNOWN STEP	2026-02-25T19:48:51.4505486Z   CACHE_VERSION: v1
Linux Desktop Tests (0)	UNKNOWN STEP	2026-02-25T19:48:51.4505670Z ##[endgroup]
Linux Desktop Tests (0)	UNKNOWN STEP	2026-02-25T19:48:51.6840802Z Cache hit for: flutter-pub-linux-stable-3.41.2-x64-90673a4eef275d1a6692c26ac80d6d746d41a73a-fabacfc13d2b7e18a7fb2822593662b03764f624bf41fd351cdabec60fb27783
Linux Desktop Tests (0)	UNKNOWN STEP	2026-02-25T19:48:52.4073734Z Received 133563121 of 133563121 (100.0%), 190.4 MBs/sec
Linux Desktop Tests (0)	UNKNOWN STEP	2026-02-25T19:48:52.4075653Z Cache Size: ~127 MB (133563121 B)
Linux Desktop Tests (0)	UNKNOWN STEP	2026-02-25T19:48:52.4105588Z [command]/usr/bin/tar -xf /home/runner/work/_temp/1083101d-1170-4bb8-8011-8ee5024e64a1/cache.tzst -P -C /home/runner/work/substitution/substitution --use-compress-program unzstd
Linux Desktop Tests (0)	UNKNOWN STEP	2026-02-25T19:48:54.1121500Z Cache restored successfully
Linux Desktop Tests (0)	UNKNOWN STEP	2026-02-25T19:48:54.1462835Z Cache restored from key: flutter-pub-linux-stable-3.41.2-x64-90673a4eef275d1a6692c26ac80d6d746d41a73a-fabacfc13d2b7e18a7fb2822593662b03764f624bf41fd351cdabec60fb27783
Linux Desktop Tests (0)	UNKNOWN STEP	2026-02-25T19:48:54.1578998Z ##[group]Run $GITHUB_ACTION_PATH/setup.sh \
Linux Desktop Tests (0)	UNKNOWN STEP	2026-02-25T19:48:54.1579948Z [36;1m$GITHUB_ACTION_PATH/setup.sh \[0m
Linux Desktop Tests (0)	UNKNOWN STEP	2026-02-25T19:48:54.1580354Z [36;1m  -n '3.41.2' \[0m
Linux Desktop Tests (0)	UNKNOWN STEP	2026-02-25T19:48:54.1580692Z [36;1m  -a 'x64' \[0m
Linux Desktop Tests (0)	UNKNOWN STEP	2026-02-25T19:48:54.1581141Z [36;1m  -c '/opt/hostedtoolcache/flutter/stable-3.41.2-x64' \[0m
Linux Desktop Tests (0)	UNKNOWN STEP	2026-02-25T19:48:54.1581658Z [36;1m  -d '/home/runner/.pub-cache' \[0m
Linux Desktop Tests (0)	UNKNOWN STEP	2026-02-25T19:48:54.1582038Z [36;1m  stable[0m
Linux Desktop Tests (0)	UNKNOWN STEP	2026-02-25T19:48:54.1631605Z shell: /usr/bin/bash --noprofile --norc -e -o pipefail {0}
Linux Desktop Tests (0)	UNKNOWN STEP	2026-02-25T19:48:54.1686063Z env:
Linux Desktop Tests (0)	UNKNOWN STEP	2026-02-25T19:48:54.1686255Z   CACHE_VERSION: v1
Linux Desktop Tests (0)	UNKNOWN STEP	2026-02-25T19:48:54.1686461Z ##[endgroup]
Linux Desktop Tests (0)	UNKNOWN STEP	2026-02-25T19:48:54.3464172Z ##[group]Run flutter precache --linux
Linux Desktop Tests (0)	UNKNOWN STEP	2026-02-25T19:48:54.3464542Z [36;1mflutter precache --linux[0m
Linux Desktop Tests (0)	UNKNOWN STEP	2026-02-25T19:48:54.3464821Z [36;1mflutter pub get[0m
Linux Desktop Tests (0)	UNKNOWN STEP	2026-02-25T19:48:54.3514395Z shell: /usr/bin/bash -e {0}
Linux Desktop Tests (0)	UNKNOWN STEP	2026-02-25T19:48:54.3514646Z env:
Linux Desktop Tests (0)	UNKNOWN STEP	2026-02-25T19:48:54.3514836Z   CACHE_VERSION: v1
Linux Desktop Tests (0)	UNKNOWN STEP	2026-02-25T19:48:54.3515141Z   FLUTTER_ROOT: /opt/hostedtoolcache/flutter/stable-3.41.2-x64
Linux Desktop Tests (0)	UNKNOWN STEP	2026-02-25T19:48:54.3515509Z   PUB_CACHE: /home/runner/.pub-cache
Linux Desktop Tests (0)	UNKNOWN STEP	2026-02-25T19:48:54.3515763Z ##[endgroup]
Linux Desktop Tests (0)	UNKNOWN STEP	2026-02-25T19:48:54.9227214Z Resolving dependencies...
Linux Desktop Tests (0)	UNKNOWN STEP	2026-02-25T19:48:55.2645981Z Downloading packages...
Linux Desktop Tests (0)	UNKNOWN STEP	2026-02-25T19:48:55.3330256Z   _fe_analyzer_shared 91.0.0 (96.0.0 available)
Linux Desktop Tests (0)	UNKNOWN STEP	2026-02-25T19:48:55.3330630Z   analyzer 8.4.1 (10.2.0 available)
Linux Desktop Tests (0)	UNKNOWN STEP	2026-02-25T19:48:55.3330905Z > characters 1.4.1 (was 1.4.0)
Linux Desktop Tests (0)	UNKNOWN STEP	2026-02-25T19:48:55.3331155Z > matcher 0.12.18 (was 0.12.17)
Linux Desktop Tests (0)	UNKNOWN STEP	2026-02-25T19:48:55.3331605Z > material_color_utilities 0.13.0 (was 0.11.1)
Linux Desktop Tests (0)	UNKNOWN STEP	2026-02-25T19:48:55.3332078Z   meta 1.17.0 (1.18.1 available)
Linux Desktop Tests (0)	UNKNOWN STEP	2026-02-25T19:48:55.3332356Z   sqflite_common_ffi 2.3.7+1 (2.4.0+2 available)
Linux Desktop Tests (0)	UNKNOWN STEP	2026-02-25T19:48:55.3332651Z   sqlite3 2.9.4 (3.1.6 available)
Linux Desktop Tests (0)	UNKNOWN STEP	2026-02-25T19:48:55.3332901Z > test_api 0.7.9 (was 0.7.7)
Linux Desktop Tests (0)	UNKNOWN STEP	2026-02-25T19:48:55.3333139Z > test_core 0.6.15 (was 0.6.12)
Linux Desktop Tests (0)	UNKNOWN STEP	2026-02-25T19:48:55.3333667Z   unorm_dart 0.2.0 (0.3.2 available)
Linux Desktop Tests (0)	UNKNOWN STEP	2026-02-25T19:48:55.3333920Z   win32 5.15.0 (6.0.0 available)
Linux Desktop Tests (0)	UNKNOWN STEP	2026-02-25T19:48:55.3334185Z Changed 5 dependencies!
Linux Desktop Tests (0)	UNKNOWN STEP	2026-02-25T19:48:55.3339834Z 7 packages have newer versions incompatible with dependency constraints.
Linux Desktop Tests (0)	UNKNOWN STEP	2026-02-25T19:48:55.3340563Z Try `flutter pub outdated` for more information.
Linux Desktop Tests (0)	UNKNOWN STEP	2026-02-25T19:48:55.9161461Z ##[group]Run flutter config --enable-linux-desktop
Linux Desktop Tests (0)	UNKNOWN STEP	2026-02-25T19:48:55.9161888Z [36;1mflutter config --enable-linux-desktop[0m
Linux Desktop Tests (0)	UNKNOWN STEP	2026-02-25T19:48:55.9210217Z shell: /usr/bin/bash -e {0}
Linux Desktop Tests (0)	UNKNOWN STEP	2026-02-25T19:48:55.9210469Z env:
Linux Desktop Tests (0)	UNKNOWN STEP	2026-02-25T19:48:55.9210643Z   CACHE_VERSION: v1
Linux Desktop Tests (0)	UNKNOWN STEP	2026-02-25T19:48:55.9210943Z   FLUTTER_ROOT: /opt/hostedtoolcache/flutter/stable-3.41.2-x64
Linux Desktop Tests (0)	UNKNOWN STEP	2026-02-25T19:48:55.9211314Z   PUB_CACHE: /home/runner/.pub-cache
Linux Desktop Tests (0)	UNKNOWN STEP	2026-02-25T19:48:55.9211590Z ##[endgroup]
Linux Desktop Tests (0)	UNKNOWN STEP	2026-02-25T19:48:56.0417288Z Setting "enable-linux-desktop" value to "true".
Linux Desktop Tests (0)	UNKNOWN STEP	2026-02-25T19:48:56.0417744Z 
Linux Desktop Tests (0)	UNKNOWN STEP	2026-02-25T19:48:56.0418097Z You may need to restart any open editors for them to read new settings.
Linux Desktop Tests (0)	UNKNOWN STEP	2026-02-25T19:48:56.0494310Z ##[group]Run docker compose up -d postgres matrix-synapse redis
Linux Desktop Tests (0)	UNKNOWN STEP	2026-02-25T19:48:56.0494808Z [36;1mdocker compose up -d postgres matrix-synapse redis[0m
Linux Desktop Tests (0)	UNKNOWN STEP	2026-02-25T19:48:56.0495140Z [36;1msleep 10[0m
Linux Desktop Tests (0)	UNKNOWN STEP	2026-02-25T19:48:56.0495387Z [36;1mdocker compose run --rm matrix-init[0m
Linux Desktop Tests (0)	UNKNOWN STEP	2026-02-25T19:48:56.0495970Z [36;1mtimeout 60 bash -c 'until curl -sf http://localhost:8008/_matrix/client/versions > /dev/null 2>&1; do sleep 2; done'[0m
Linux Desktop Tests (0)	UNKNOWN STEP	2026-02-25T19:48:56.0544267Z shell: /usr/bin/bash -e {0}
Linux Desktop Tests (0)	UNKNOWN STEP	2026-02-25T19:48:56.0544510Z env:
Linux Desktop Tests (0)	UNKNOWN STEP	2026-02-25T19:48:56.0544681Z   CACHE_VERSION: v1
Linux Desktop Tests (0)	UNKNOWN STEP	2026-02-25T19:48:56.0544982Z   FLUTTER_ROOT: /opt/hostedtoolcache/flutter/stable-3.41.2-x64
Linux Desktop Tests (0)	UNKNOWN STEP	2026-02-25T19:48:56.0545347Z   PUB_CACHE: /home/runner/.pub-cache
Linux Desktop Tests (0)	UNKNOWN STEP	2026-02-25T19:48:56.0545599Z ##[endgroup]
Linux Desktop Tests (0)	UNKNOWN STEP	2026-02-25T19:48:56.3097870Z time="2026-02-25T19:48:56Z" level=warning msg="/home/runner/work/substitution/substitution/docker-compose.yml: the attribute `version` is obsolete, it will be ignored, please remove it to avoid potential confusion"
Linux Desktop Tests (0)	UNKNOWN STEP	2026-02-25T19:48:56.3261276Z  dex Pulling 
Linux Desktop Tests (0)	UNKNOWN STEP	2026-02-25T19:48:56.3261730Z  postgres Pulling 
Linux Desktop Tests (0)	UNKNOWN STEP	2026-02-25T19:48:56.3262675Z  redis Pulling 
Linux Desktop Tests (0)	UNKNOWN STEP	2026-02-25T19:48:56.3264056Z  matrix-synapse Pulling 
Linux Desktop Tests (0)	UNKNOWN STEP	2026-02-25T19:48:56.6580026Z  d25f557d7f31 Pulling fs layer 
Linux Desktop Tests (0)	UNKNOWN STEP	2026-02-25T19:48:56.6580418Z  9acd5b82521c Pulling fs layer 
Linux Desktop Tests (0)	UNKNOWN STEP	2026-02-25T19:48:56.6580680Z  10d78728ec4d Pulling fs layer 
Linux Desktop Tests (0)	UNKNOWN STEP	2026-02-25T19:48:56.6580927Z  e0d49f520b92 Pulling fs layer 
Linux Desktop Tests (0)	UNKNOWN STEP	2026-02-25T19:48:56.6581167Z  5de905603ac5 Pulling fs layer 
Linux Desktop Tests (0)	UNKNOWN STEP	2026-02-25T19:48:56.6581404Z  808bb02340fa Pulling fs layer 
Linux Desktop Tests (0)	UNKNOWN STEP	2026-02-25T19:48:56.6581644Z  c0970b69197c Pulling fs layer 
Linux Desktop Tests (0)	UNKNOWN STEP	2026-02-25T19:48:56.6581888Z  9de5f206730a Pulling fs layer 
Linux Desktop Tests (0)	UNKNOWN STEP	2026-02-25T19:48:56.6582126Z  24e28b7dc0a2 Pulling fs layer 
Linux Desktop Tests (0)	UNKNOWN STEP	2026-02-25T19:48:56.6582352Z  830180cf89a8 Pulling fs layer 
Linux Desktop Tests (0)	UNKNOWN STEP	2026-02-25T19:48:56.6582578Z  e0d49f520b92 Waiting 
Linux Desktop Tests (0)	UNKNOWN STEP	2026-02-25T19:48:56.6582780Z  5de905603ac5 Waiting 
Linux Desktop Tests (0)	UNKNOWN STEP	2026-02-25T19:48:56.6582973Z  808bb02340fa Waiting 
Linux Desktop Tests (0)	UNKNOWN STEP	2026-02-25T19:48:56.6583198Z  24e28b7dc0a2 Waiting 
Linux Desktop Tests (0)	UNKNOWN STEP	2026-02-25T19:48:56.6583389Z  c0970b69197c Waiting 
Linux Desktop Tests (0)	UNKNOWN STEP	2026-02-25T19:48:56.6583727Z  9de5f206730a Waiting 
Linux Desktop Tests (0)	UNKNOWN STEP	2026-02-25T19:48:56.6584099Z  830180cf89a8 Waiting 
Linux Desktop Tests (0)	UNKNOWN STEP	2026-02-25T19:48:56.6868803Z  bc1da058f299 Pulling fs layer 
Linux Desktop Tests (0)	UNKNOWN STEP	2026-02-25T19:48:56.6869782Z  09a5a0c32a23 Pulling fs layer 
Linux Desktop Tests (0)	UNKNOWN STEP	2026-02-25T19:48:56.6870250Z  bd53938b1271 Pulling fs layer 
Linux Desktop Tests (0)	UNKNOWN STEP	2026-02-25T19:48:56.6870722Z  9fe3744a2eac Pulling fs layer 
Linux Desktop Tests (0)	UNKNOWN STEP	2026-02-25T19:48:56.6871161Z  7ad54b3c4cef Pulling fs layer 
Linux Desktop Tests (0)	UNKNOWN STEP	2026-02-25T19:48:56.6871616Z  2a97533d89ca Pulling fs layer 
Linux Desktop Tests (0)	UNKNOWN STEP	2026-02-25T19:48:56.6871932Z  4f4fb700ef54 Pulling fs layer 
Linux Desktop Tests (0)	UNKNOWN STEP	2026-02-25T19:48:56.6872193Z  1c2c8d1ee428 Pulling fs layer 
Linux Desktop Tests (0)	UNKNOWN STEP	2026-02-25T19:48:56.6872596Z  09a5a0c32a23 Waiting 
Linux Desktop Tests (0)	UNKNOWN STEP	2026-02-25T19:48:56.6872889Z  bd53938b1271 Waiting 
Linux Desktop Tests (0)	UNKNOWN STEP	2026-02-25T19:48:56.6873230Z  9fe3744a2eac Waiting 
Linux Desktop Tests (0)	UNKNOWN STEP	2026-02-25T19:48:56.6873525Z  7ad54b3c4cef Waiting 
Linux Desktop Tests (0)	UNKNOWN STEP	2026-02-25T19:48:56.6873838Z  2a97533d89ca Waiting 
Linux Desktop Tests (0)	UNKNOWN STEP	2026-02-25T19:48:56.6874074Z  4f4fb700ef54 Waiting 
Linux Desktop Tests (0)	UNKNOWN STEP	2026-02-25T19:48:56.6874273Z  1c2c8d1ee428 Waiting 
Linux Desktop Tests (0)	UNKNOWN STEP	2026-02-25T19:48:56.6874887Z  bc1da058f299 Waiting 
Linux Desktop Tests (0)	UNKNOWN STEP	2026-02-25T19:48:56.6901460Z  589002ba0eae Pulling fs layer 
Linux Desktop Tests (0)	UNKNOWN STEP	2026-02-25T19:48:56.6902594Z  5ffb427686b6 Pulling fs layer 
Linux Desktop Tests (0)	UNKNOWN STEP	2026-02-25T19:48:56.6903835Z  630177b00352 Pulling fs layer 
Linux Desktop Tests (0)	UNKNOWN STEP	2026-02-25T19:48:56.6904305Z  6c18ff1f33d0 Pulling fs layer 
Linux Desktop Tests (0)	UNKNOWN STEP	2026-02-25T19:48:56.6906165Z  13e46e455d3b Pulling fs layer 
Linux Desktop Tests (0)	UNKNOWN STEP	2026-02-25T19:48:56.6906665Z  b4403f29458a Pulling fs layer 
Linux Desktop Tests (0)	UNKNOWN STEP	2026-02-25T19:48:56.6907003Z  40aaa75af6ce Pulling fs layer 
Linux Desktop Tests (0)	UNKNOWN STEP	2026-02-25T19:48:56.6907257Z  589002ba0eae Waiting 
Linux Desktop Tests (0)	UNKNOWN STEP	2026-02-25T19:48:56.6907491Z  162bdab1e0a7 Pulling fs layer 
Linux Desktop Tests (0)	UNKNOWN STEP	2026-02-25T19:48:56.6907773Z  ebff7b0ec73e Pulling fs layer 
Linux Desktop Tests (0)	UNKNOWN STEP	2026-02-25T19:48:56.6908127Z  5ffb427686b6 Waiting 
Linux Desktop Tests (0)	UNKNOWN STEP	2026-02-25T19:48:56.6908507Z  630177b00352 Waiting 
Linux Desktop Tests (0)	UNKNOWN STEP	2026-02-25T19:48:56.6908892Z  c02179436571 Pulling fs layer 
Linux Desktop Tests (0)	UNKNOWN STEP	2026-02-25T19:48:56.6909548Z  6c18ff1f33d0 Waiting 
Linux Desktop Tests (0)	UNKNOWN STEP	2026-02-25T19:48:56.6909939Z  8243369e9866 Pulling fs layer 
Linux Desktop Tests (0)	UNKNOWN STEP	2026-02-25T19:48:56.6910344Z  13e46e455d3b Waiting 
Linux Desktop Tests (0)	UNKNOWN STEP	2026-02-25T19:48:56.6911017Z  b4403f29458a Waiting 
Linux Desktop Tests (0)	UNKNOWN STEP	2026-02-25T19:48:56.6911422Z  162bdab1e0a7 Waiting 
Linux Desktop Tests (0)	UNKNOWN STEP	2026-02-25T19:48:56.6911789Z  40aaa75af6ce Waiting 
Linux Desktop Tests (0)	UNKNOWN STEP	2026-02-25T19:48:56.6912152Z  ebff7b0ec73e Waiting 
Linux Desktop Tests (0)	UNKNOWN STEP	2026-02-25T19:48:56.6912504Z  c02179436571 Waiting 
Linux Desktop Tests (0)	UNKNOWN STEP	2026-02-25T19:48:56.6996172Z  0c8d55a45c0d Pulling fs layer 
Linux Desktop Tests (0)	UNKNOWN STEP	2026-02-25T19:48:56.7005325Z  03af238a5946 Pulling fs layer 
Linux Desktop Tests (0)	UNKNOWN STEP	2026-02-25T19:48:56.7006082Z  686599c79c87 Pulling fs layer 
Linux Desktop Tests (0)	UNKNOWN STEP	2026-02-25T19:48:56.7006867Z  f1cadbd7abd2 Pulling fs layer 
Linux Desktop Tests (0)	UNKNOWN STEP	2026-02-25T19:48:56.7007858Z  3ee96ea8e5d2 Pulling fs layer 
Linux Desktop Tests (0)	UNKNOWN STEP	2026-02-25T19:48:56.7009075Z  a954d256f742 Pulling fs layer 
Linux Desktop Tests (0)	UNKNOWN STEP	2026-02-25T19:48:56.7011240Z  c7ce85987d6d Pulling fs layer 
Linux Desktop Tests (0)	UNKNOWN STEP	2026-02-25T19:48:56.7011674Z  0c8d55a45c0d Waiting 
Linux Desktop Tests (0)	UNKNOWN STEP	2026-02-25T19:48:56.7012072Z  7807da78b90b Pulling fs layer 
Linux Desktop Tests (0)	UNKNOWN STEP	2026-02-25T19:48:56.7012500Z  0478cd5c1079 Pulling fs layer 
Linux Desktop Tests (0)	UNKNOWN STEP	2026-02-25T19:48:56.7012902Z  03af238a5946 Waiting 
Linux Desktop Tests (0)	UNKNOWN STEP	2026-02-25T19:48:56.7013254Z  686599c79c87 Waiting 
Linux Desktop Tests (0)	UNKNOWN STEP	2026-02-25T19:48:56.7013608Z  f1cadbd7abd2 Waiting 
Linux Desktop Tests (0)	UNKNOWN STEP	2026-02-25T19:48:56.7014021Z  3a02ac06be95 Pulling fs layer 
Linux Desktop Tests (0)	UNKNOWN STEP	2026-02-25T19:48:56.7014414Z  3ee96ea8e5d2 Waiting 
Linux Desktop Tests (0)	UNKNOWN STEP	2026-02-25T19:48:56.7014726Z  a954d256f742 Waiting 
Linux Desktop Tests (0)	UNKNOWN STEP	2026-02-25T19:48:56.7015047Z  c7ce85987d6d Waiting 
Linux Desktop Tests (0)	UNKNOWN STEP	2026-02-25T19:48:56.7015366Z  7807da78b90b Waiting 
Linux Desktop Tests (0)	UNKNOWN STEP	2026-02-25T19:48:56.7015677Z  0478cd5c1079 Waiting 
Linux Desktop Tests (0)	UNKNOWN STEP	2026-02-25T19:48:56.7015992Z  3a02ac06be95 Waiting 
Linux Desktop Tests (0)	UNKNOWN STEP	2026-02-25T19:48:56.7313164Z  10d78728ec4d Downloading [==================================================>]     122B/122B
Linux Desktop Tests (0)	UNKNOWN STEP	2026-02-25T19:48:56.7314929Z  d25f557d7f31 Downloading [>                                                  ]  49.15kB/3.622MB
Linux Desktop Tests (0)	UNKNOWN STEP	2026-02-25T19:48:56.7316148Z  10d78728ec4d Verifying Checksum 
Linux Desktop Tests (0)	UNKNOWN STEP	2026-02-25T19:48:56.7316533Z  10d78728ec4d Download complete 
Linux Desktop Tests (0)	UNKNOWN STEP	2026-02-25T19:48:56.7419718Z  9acd5b82521c Downloading [>                                                  ]  1.378kB/127.5kB
Linux Desktop Tests (0)	UNKNOWN STEP	2026-02-25T19:48:56.7518594Z  9acd5b82521c Downloading [==================================================>]  127.5kB/127.5kB
Linux Desktop Tests (0)	UNKNOWN STEP	2026-02-25T19:48:56.7519830Z  9acd5b82521c Verifying Checksum 
Linux Desktop Tests (0)	UNKNOWN STEP	2026-02-25T19:48:56.7520651Z  9acd5b82521c Download complete 
Linux Desktop Tests (0)	UNKNOWN STEP	2026-02-25T19:48:56.7598231Z  d25f557d7f31 Verifying Checksum 
Linux Desktop Tests (0)	UNKNOWN STEP	2026-02-25T19:48:56.7598834Z  d25f557d7f31 Download complete 
Linux Desktop Tests (0)	UNKNOWN STEP	2026-02-25T19:48:56.7611600Z  d25f557d7f31 Extracting [>                                                  ]  65.54kB/3.622MB
Linux Desktop Tests (0)	UNKNOWN STEP	2026-02-25T19:48:56.8066154Z  e0d49f520b92 Downloading [==================================================>]     961B/961B
Linux Desktop Tests (0)	UNKNOWN STEP	2026-02-25T19:48:56.8066949Z  e0d49f520b92 Verifying Checksum 
Linux Desktop Tests (0)	UNKNOWN STEP	2026-02-25T19:48:56.8067420Z  e0d49f520b92 Download complete 
Linux Desktop Tests (0)	UNKNOWN STEP	2026-02-25T19:48:56.8193790Z  5de905603ac5 Downloading [====>                                              ]  1.378kB/17.03kB
Linux Desktop Tests (0)	UNKNOWN STEP	2026-02-25T19:48:56.8204131Z  5de905603ac5 Downloading [==================================================>]  17.03kB/17.03kB
Linux Desktop Tests (0)	UNKNOWN STEP	2026-02-25T19:48:56.8204863Z  5de905603ac5 Verifying Checksum 
Linux Desktop Tests (0)	UNKNOWN STEP	2026-02-25T19:48:56.8205309Z  5de905603ac5 Download complete 
Linux Desktop Tests (0)	UNKNOWN STEP	2026-02-25T19:48:56.8270866Z  d25f557d7f31 Extracting [==================================================>]  3.622MB/3.622MB
Linux Desktop Tests (0)	UNKNOWN STEP	2026-02-25T19:48:56.8282988Z  808bb02340fa Downloading [>                                                  ]  1.378kB/90.98kB
Linux Desktop Tests (0)	UNKNOWN STEP	2026-02-25T19:48:56.8351158Z  808bb02340fa Downloading [==================================================>]  90.98kB/90.98kB
Linux Desktop Tests (0)	UNKNOWN STEP	2026-02-25T19:48:56.8351924Z  808bb02340fa Verifying Checksum 
Linux Desktop Tests (0)	UNKNOWN STEP	2026-02-25T19:48:56.8352381Z  808bb02340fa Download complete 
Linux Desktop Tests (0)	UNKNOWN STEP	2026-02-25T19:48:56.8693449Z  d25f557d7f31 Pull complete 
Linux Desktop Tests (0)	UNKNOWN STEP	2026-02-25T19:48:56.8707009Z  9acd5b82521c Extracting [============>                                      ]  32.77kB/127.5kB
Linux Desktop Tests (0)	UNKNOWN STEP	2026-02-25T19:48:56.8718313Z  9acd5b82521c Extracting [==================================================>]  127.5kB/127.5kB
Linux Desktop Tests (0)	UNKNOWN STEP	2026-02-25T19:48:56.8877613Z  9de5f206730a Downloading [>                                                  ]  8.268kB/766.3kB
Linux Desktop Tests (0)	UNKNOWN STEP	2026-02-25T19:48:56.8879040Z  c0970b69197c Downloading [>                                                  ]  163.8kB/14.88MB
Linux Desktop Tests (0)	UNKNOWN STEP	2026-02-25T19:48:56.9030572Z  24e28b7dc0a2 Downloading [>                                                  ]  1.378kB/83.13kB
Linux Desktop Tests (0)	UNKNOWN STEP	2026-02-25T19:48:56.9119012Z  24e28b7dc0a2 Downloading [==================================================>]  83.13kB/83.13kB
Linux Desktop Tests (0)	UNKNOWN STEP	2026-02-25T19:48:56.9120402Z  9de5f206730a Verifying Checksum 
Linux Desktop Tests (0)	UNKNOWN STEP	2026-02-25T19:48:56.9121185Z  9de5f206730a Download complete 
Linux Desktop Tests (0)	UNKNOWN STEP	2026-02-25T19:48:56.9123403Z  24e28b7dc0a2 Verifying Checksum 
Linux Desktop Tests (0)	UNKNOWN STEP	2026-02-25T19:48:56.9123873Z  24e28b7dc0a2 Download complete 
Linux Desktop Tests (0)	UNKNOWN STEP	2026-02-25T19:48:56.9491968Z  c0970b69197c Verifying Checksum 
Linux Desktop Tests (0)	UNKNOWN STEP	2026-02-25T19:48:56.9492958Z  c0970b69197c Download complete 
Linux Desktop Tests (0)	UNKNOWN STEP	2026-02-25T19:48:57.0069244Z  830180cf89a8 Downloading [>                                                  ]  147.5kB/14.63MB
Linux Desktop Tests (0)	UNKNOWN STEP	2026-02-25T19:48:57.0174473Z  bc1da058f299 Downloading [>                                                  ]  36.72kB/3.644MB
Linux Desktop Tests (0)	UNKNOWN STEP	2026-02-25T19:48:57.0627623Z  09a5a0c32a23 Downloading [======================================>            ]     721B/948B
Linux Desktop Tests (0)	UNKNOWN STEP	2026-02-25T19:48:57.0629954Z  09a5a0c32a23 Downloading [==================================================>]     948B/948B
Linux Desktop Tests (0)	UNKNOWN STEP	2026-02-25T19:48:57.0632529Z  09a5a0c32a23 Verifying Checksum 
Linux Desktop Tests (0)	UNKNOWN STEP	2026-02-25T19:48:57.0633294Z  09a5a0c32a23 Download complete 
Linux Desktop Tests (0)	UNKNOWN STEP	2026-02-25T19:48:57.0633813Z  830180cf89a8 Verifying Checksum 
Linux Desktop Tests (0)	UNKNOWN STEP	2026-02-25T19:48:57.0636143Z  830180cf89a8 Download complete 
Linux Desktop Tests (0)	UNKNOWN STEP	2026-02-25T19:48:57.0637782Z  bc1da058f299 Verifying Checksum 
Linux Desktop Tests (0)	UNKNOWN STEP	2026-02-25T19:48:57.0639163Z  bc1da058f299 Download complete 
Linux Desktop Tests (0)	UNKNOWN STEP	2026-02-25T19:48:57.0646267Z  bc1da058f299 Extracting [>                                                  ]  65.54kB/3.644MB
Linux Desktop Tests (0)	UNKNOWN STEP	2026-02-25T19:48:57.1515622Z  7ad54b3c4cef Downloading [>                                                  ]  126.4kB/12.41MB
Linux Desktop Tests (0)	UNKNOWN STEP	2026-02-25T19:48:57.1600195Z  bc1da058f299 Extracting [==================================================>]  3.644MB/3.644MB
Linux Desktop Tests (0)	UNKNOWN STEP	2026-02-25T19:48:57.1610002Z  bc1da058f299 Extracting [==================================================>]  3.644MB/3.644MB
Linux Desktop Tests (0)	UNKNOWN STEP	2026-02-25T19:48:57.1614263Z  bd53938b1271 Downloading [>                                                  ]  2.087kB/173.4kB
Linux Desktop Tests (0)	UNKNOWN STEP	2026-02-25T19:48:57.1704961Z  9fe3744a2eac Downloading [>                                                  ]   10.3kB/1.003MB
Linux Desktop Tests (0)	UNKNOWN STEP	2026-02-25T19:48:57.1726957Z  bd53938b1271 Downloading [==================================================>]  173.4kB/173.4kB
Linux Desktop Tests (0)	UNKNOWN STEP	2026-02-25T19:48:57.1728305Z  bd53938b1271 Verifying Checksum 
Linux Desktop Tests (0)	UNKNOWN STEP	2026-02-25T19:48:57.1729161Z  bd53938b1271 Download complete 
Linux Desktop Tests (0)	UNKNOWN STEP	2026-02-25T19:48:57.2208506Z  9fe3744a2eac Verifying Checksum 
Linux Desktop Tests (0)	UNKNOWN STEP	2026-02-25T19:48:57.2209266Z  9fe3744a2eac Download complete 
Linux Desktop Tests (0)	UNKNOWN STEP	2026-02-25T19:48:57.2588161Z  7ad54b3c4cef Downloading [=======================>                           ]  5.784MB/12.41MB
Linux Desktop Tests (0)	UNKNOWN STEP	2026-02-25T19:48:57.2814127Z  2a97533d89ca Downloading [==================================================>]     100B/100B
Linux Desktop Tests (0)	UNKNOWN STEP	2026-02-25T19:48:57.2814963Z  2a97533d89ca Verifying Checksum 
Linux Desktop Tests (0)	UNKNOWN STEP	2026-02-25T19:48:57.2815522Z  2a97533d89ca Download complete 
Linux Desktop Tests (0)	UNKNOWN STEP	2026-02-25T19:48:57.3308688Z  7ad54b3c4cef Verifying Checksum 
Linux Desktop Tests (0)	UNKNOWN STEP	2026-02-25T19:48:57.3309212Z  7ad54b3c4cef Download complete 
Linux Desktop Tests (0)	UNKNOWN STEP	2026-02-25T19:48:57.3314069Z  4f4fb700ef54 Downloading [==================================================>]      32B/32B
Linux Desktop Tests (0)	UNKNOWN STEP	2026-02-25T19:48:57.3494196Z  4f4fb700ef54 Verifying Checksum 
Linux Desktop Tests (0)	UNKNOWN STEP	2026-02-25T19:48:57.3494676Z  4f4fb700ef54 Download complete 
Linux Desktop Tests (0)	UNKNOWN STEP	2026-02-25T19:48:57.3533940Z  bc1da058f299 Pull complete 
Linux Desktop Tests (0)	UNKNOWN STEP	2026-02-25T19:48:57.3559690Z  09a5a0c32a23 Extracting [==================================================>]     948B/948B
Linux Desktop Tests (0)	UNKNOWN STEP	2026-02-25T19:48:57.3571736Z  09a5a0c32a23 Extracting [==================================================>]     948B/948B
Linux Desktop Tests (0)	UNKNOWN STEP	2026-02-25T19:48:57.4135725Z  1c2c8d1ee428 Downloading [==================================================>]     576B/576B
Linux Desktop Tests (0)	UNKNOWN STEP	2026-02-25T19:48:57.4136187Z  1c2c8d1ee428 Verifying Checksum 
Linux Desktop Tests (0)	UNKNOWN STEP	2026-02-25T19:48:57.4136461Z  1c2c8d1ee428 Download complete 
Linux Desktop Tests (0)	UNKNOWN STEP	2026-02-25T19:48:57.4396094Z  5ffb427686b6 Downloading [=====================================>             ]     721B/972B
Linux Desktop Tests (0)	UNKNOWN STEP	2026-02-25T19:48:57.4397463Z  5ffb427686b6 Downloading [==================================================>]     972B/972B
Linux Desktop Tests (0)	UNKNOWN STEP	2026-02-25T19:48:57.4398082Z  5ffb427686b6 Verifying Checksum 
Linux Desktop Tests (0)	UNKNOWN STEP	2026-02-25T19:48:57.4398568Z  5ffb427686b6 Download complete 
Linux Desktop Tests (0)	UNKNOWN STEP	2026-02-25T19:48:57.4525317Z  589002ba0eae Downloading [>                                                  ]  39.46kB/3.862MB
Linux Desktop Tests (0)	UNKNOWN STEP	2026-02-25T19:48:57.4930903Z  589002ba0eae Verifying Checksum 
Linux Desktop Tests (0)	UNKNOWN STEP	2026-02-25T19:48:57.4931657Z  589002ba0eae Download complete 
Linux Desktop Tests (0)	UNKNOWN STEP	2026-02-25T19:48:57.4944843Z  589002ba0eae Extracting [>                                                  ]  65.54kB/3.862MB
Linux Desktop Tests (0)	UNKNOWN STEP	2026-02-25T19:48:57.5320737Z  630177b00352 Downloading [>                                                  ]  9.385kB/922.9kB
Linux Desktop Tests (0)	UNKNOWN STEP	2026-02-25T19:48:57.5542314Z  630177b00352 Verifying Checksum 
Linux Desktop Tests (0)	UNKNOWN STEP	2026-02-25T19:48:57.5588773Z  630177b00352 Download complete 
Linux Desktop Tests (0)	UNKNOWN STEP	2026-02-25T19:48:57.5589766Z  6c18ff1f33d0 Downloading [==================================================>]     173B/173B
Linux Desktop Tests (0)	UNKNOWN STEP	2026-02-25T19:48:57.5590528Z  6c18ff1f33d0 Verifying Checksum 
Linux Desktop Tests (0)	UNKNOWN STEP	2026-02-25T19:48:57.5591019Z  6c18ff1f33d0 Download complete 
Linux Desktop Tests (0)	UNKNOWN STEP	2026-02-25T19:48:57.5866428Z  589002ba0eae Extracting [==================================================>]  3.862MB/3.862MB
Linux Desktop Tests (0)	UNKNOWN STEP	2026-02-25T19:48:57.5871497Z  589002ba0eae Extracting [==================================================>]  3.862MB/3.862MB
Linux Desktop Tests (0)	UNKNOWN STEP	2026-02-25T19:48:57.5900898Z  13e46e455d3b Download complete 
Linux Desktop Tests (0)	UNKNOWN STEP	2026-02-25T19:48:57.6142985Z  589002ba0eae Pull complete 
Linux Desktop Tests (0)	UNKNOWN STEP	2026-02-25T19:48:57.6157004Z  5ffb427686b6 Extracting [==================================================>]     972B/972B
Linux Desktop Tests (0)	UNKNOWN STEP	2026-02-25T19:48:57.6164800Z  5ffb427686b6 Extracting [==================================================>]     972B/972B
Linux Desktop Tests (0)	UNKNOWN STEP	2026-02-25T19:48:57.6586857Z  40aaa75af6ce Downloading [===>                                               ]     700B/9.62kB
Linux Desktop Tests (0)	UNKNOWN STEP	2026-02-25T19:48:57.6590055Z  40aaa75af6ce Downloading [==================================================>]   9.62kB/9.62kB
Linux Desktop Tests (0)	UNKNOWN STEP	2026-02-25T19:48:57.6597134Z  40aaa75af6ce Verifying Checksum 
Linux Desktop Tests (0)	UNKNOWN STEP	2026-02-25T19:48:57.6597616Z  40aaa75af6ce Download complete 
Linux Desktop Tests (0)	UNKNOWN STEP	2026-02-25T19:48:57.6672265Z  b4403f29458a Downloading [>                                                  ]  528.2kB/105.2MB
Linux Desktop Tests (0)	UNKNOWN STEP	2026-02-25T19:48:57.7015860Z  162bdab1e0a7 Download complete 
Linux Desktop Tests (0)	UNKNOWN STEP	2026-02-25T19:48:57.7465601Z  ebff7b0ec73e Downloading [==================================================>]     170B/170B
Linux Desktop Tests (0)	UNKNOWN STEP	2026-02-25T19:48:57.7466447Z  ebff7b0ec73e Verifying Checksum 
Linux Desktop Tests (0)	UNKNOWN STEP	2026-02-25T19:48:57.7466923Z  ebff7b0ec73e Download complete 
Linux Desktop Tests (0)	UNKNOWN STEP	2026-02-25T19:48:57.7964364Z  b4403f29458a Downloading [=======>                                           ]  16.51MB/105.2MB
Linux Desktop Tests (0)	UNKNOWN STEP	2026-02-25T19:48:57.8130486Z  c02179436571 Downloading [=====>                                             ]     700B/5.84kB
Linux Desktop Tests (0)	UNKNOWN STEP	2026-02-25T19:48:57.8136890Z  c02179436571 Downloading [==================================================>]   5.84kB/5.84kB
Linux Desktop Tests (0)	UNKNOWN STEP	2026-02-25T19:48:57.8137778Z  c02179436571 Verifying Checksum 
Linux Desktop Tests (0)	UNKNOWN STEP	2026-02-25T19:48:57.8140393Z  c02179436571 Download complete 
Linux Desktop Tests (0)	UNKNOWN STEP	2026-02-25T19:48:57.8914113Z  8243369e9866 Downloading [==================================================>]     186B/186B
Linux Desktop Tests (0)	UNKNOWN STEP	2026-02-25T19:48:57.8915579Z  8243369e9866 Verifying Checksum 
Linux Desktop Tests (0)	UNKNOWN STEP	2026-02-25T19:48:57.8916038Z  8243369e9866 Download complete 
Linux Desktop Tests (0)	UNKNOWN STEP	2026-02-25T19:48:57.8984997Z  b4403f29458a Downloading [==========>                                        ]  22.91MB/105.2MB
Linux Desktop Tests (0)	UNKNOWN STEP	2026-02-25T19:48:57.9541740Z  0c8d55a45c0d Downloading [>                                                  ]  306.4kB/29.78MB
Linux Desktop Tests (0)	UNKNOWN STEP	2026-02-25T19:48:58.0094379Z  03af238a5946 Downloading [>                                                  ]  13.04kB/1.293MB
Linux Desktop Tests (0)	UNKNOWN STEP	2026-02-25T19:48:58.0354195Z  03af238a5946 Verifying Checksum 
Linux Desktop Tests (0)	UNKNOWN STEP	2026-02-25T19:48:58.0354702Z  03af238a5946 Download complete 
Linux Desktop Tests (0)	UNKNOWN STEP	2026-02-25T19:48:58.0618328Z  0c8d55a45c0d Downloading [=======>                                           ]  4.276MB/29.78MB
Linux Desktop Tests (0)	UNKNOWN STEP	2026-02-25T19:48:58.0801347Z  b4403f29458a Downloading [==============>                                    ]  30.93MB/105.2MB
Linux Desktop Tests (0)	UNKNOWN STEP	2026-02-25T19:48:58.1380363Z  686599c79c87 Downloading [>                                                  ]  122.2kB/11.8MB
Linux Desktop Tests (0)	UNKNOWN STEP	2026-02-25T19:48:58.1749941Z  0c8d55a45c0d Downloading [===========>                                       ]  6.721MB/29.78MB
Linux Desktop Tests (0)	UNKNOWN STEP	2026-02-25T19:48:58.1843071Z  b4403f29458a Downloading [================>                                  ]  34.14MB/105.2MB
Linux Desktop Tests (0)	UNKNOWN STEP	2026-02-25T19:48:58.2383034Z  686599c79c87 Downloading [=======================================>           ]  9.418MB/11.8MB
Linux Desktop Tests (0)	UNKNOWN STEP	2026-02-25T19:48:58.2485522Z  686599c79c87 Verifying Checksum 
Linux Desktop Tests (0)	UNKNOWN STEP	2026-02-25T19:48:58.2485980Z  686599c79c87 Download complete 
Linux Desktop Tests (0)	UNKNOWN STEP	2026-02-25T19:48:58.2860712Z  0c8d55a45c0d Downloading [===========================>                       ]   16.5MB/29.78MB
Linux Desktop Tests (0)	UNKNOWN STEP	2026-02-25T19:48:58.2871210Z  b4403f29458a Downloading [=================>                                 ]  36.82MB/105.2MB
Linux Desktop Tests (0)	UNKNOWN STEP	2026-02-25T19:48:58.3497251Z  f1cadbd7abd2 Download complete 
Linux Desktop Tests (0)	UNKNOWN STEP	2026-02-25T19:48:58.3953110Z  b4403f29458a Downloading [======================>                            ]  47.48MB/105.2MB
Linux Desktop Tests (0)	UNKNOWN STEP	2026-02-25T19:48:58.3954093Z  0c8d55a45c0d Downloading [===========================================>       ]  25.63MB/29.78MB
Linux Desktop Tests (0)	UNKNOWN STEP	2026-02-25T19:48:58.4111611Z  0c8d55a45c0d Verifying Checksum 
Linux Desktop Tests (0)	UNKNOWN STEP	2026-02-25T19:48:58.4112539Z  0c8d55a45c0d Download complete 
Linux Desktop Tests (0)	UNKNOWN STEP	2026-02-25T19:48:58.4349819Z  3ee96ea8e5d2 Downloading [==================================================>]     250B/250B
Linux Desktop Tests (0)	UNKNOWN STEP	2026-02-25T19:48:58.4350429Z  3ee96ea8e5d2 Verifying Checksum 
Linux Desktop Tests (0)	UNKNOWN STEP	2026-02-25T19:48:58.4350917Z  3ee96ea8e5d2 Download complete 
Linux Desktop Tests (0)	UNKNOWN STEP	2026-02-25T19:48:58.4982977Z  b4403f29458a Downloading [============================>                      ]  60.28MB/105.2MB
Linux Desktop Tests (0)	UNKNOWN STEP	2026-02-25T19:48:58.6001710Z  b4403f29458a Downloading [================================>                  ]  68.82MB/105.2MB
Linux Desktop Tests (0)	UNKNOWN STEP	2026-02-25T19:48:58.6108104Z  c7ce85987d6d Downloading [==>                                                ]     719B/13.29kB
Linux Desktop Tests (0)	UNKNOWN STEP	2026-02-25T19:48:58.6466055Z  c7ce85987d6d Downloading [==================================================>]  13.29kB/13.29kB
Linux Desktop Tests (0)	UNKNOWN STEP	2026-02-25T19:48:58.6467071Z  c7ce85987d6d Verifying Checksum 
Linux Desktop Tests (0)	UNKNOWN STEP	2026-02-25T19:48:58.6467489Z  c7ce85987d6d Download complete 
Linux Desktop Tests (0)	UNKNOWN STEP	2026-02-25T19:48:58.6498778Z  9acd5b82521c Pull complete 
Linux Desktop Tests (0)	UNKNOWN STEP	2026-02-25T19:48:58.6539886Z  10d78728ec4d Extracting [==================================================>]     122B/122B
Linux Desktop Tests (0)	UNKNOWN STEP	2026-02-25T19:48:58.6540959Z  10d78728ec4d Extracting [==================================================>]     122B/122B
Linux Desktop Tests (0)	UNKNOWN STEP	2026-02-25T19:48:58.6574170Z  a954d256f742 Downloading [>                                                  ]  222.2kB/21.98MB
Linux Desktop Tests (0)	UNKNOWN STEP	2026-02-25T19:48:58.6601764Z  09a5a0c32a23 Pull complete 
Linux Desktop Tests (0)	UNKNOWN STEP	2026-02-25T19:48:58.6608515Z  5ffb427686b6 Pull complete 
Linux Desktop Tests (0)	UNKNOWN STEP	2026-02-25T19:48:58.6803422Z  bd53938b1271 Extracting [=========>                                         ]  32.77kB/173.4kB
Linux Desktop Tests (0)	UNKNOWN STEP	2026-02-25T19:48:58.6807102Z  630177b00352 Extracting [=>                                                 ]  32.77kB/922.9kB
Linux Desktop Tests (0)	UNKNOWN STEP	2026-02-25T19:48:58.6817977Z  bd53938b1271 Extracting [==================================================>]  173.4kB/173.4kB
Linux Desktop Tests (0)	UNKNOWN STEP	2026-02-25T19:48:58.7045804Z  b4403f29458a Downloading [===================================>               ]  74.16MB/105.2MB
Linux Desktop Tests (0)	UNKNOWN STEP	2026-02-25T19:48:58.7056302Z  10d78728ec4d Pull complete 
Linux Desktop Tests (0)	UNKNOWN STEP	2026-02-25T19:48:58.7095655Z  e0d49f520b92 Extracting [==================================================>]     961B/961B
Linux Desktop Tests (0)	UNKNOWN STEP	2026-02-25T19:48:58.7110972Z  e0d49f520b92 Extracting [==================================================>]     961B/961B
Linux Desktop Tests (0)	UNKNOWN STEP	2026-02-25T19:48:58.7303463Z  e0d49f520b92 Pull complete 
Linux Desktop Tests (0)	UNKNOWN STEP	2026-02-25T19:48:58.7318555Z  5de905603ac5 Extracting [==================================================>]  17.03kB/17.03kB
Linux Desktop Tests (0)	UNKNOWN STEP	2026-02-25T19:48:58.7320837Z  5de905603ac5 Extracting [==================================================>]  17.03kB/17.03kB
Linux Desktop Tests (0)	UNKNOWN STEP	2026-02-25T19:48:58.7388264Z  630177b00352 Extracting [==================================================>]  922.9kB/922.9kB
Linux Desktop Tests (0)	UNKNOWN STEP	2026-02-25T19:48:58.7476972Z  5de905603ac5 Pull complete 
Linux Desktop Tests (0)	UNKNOWN STEP	2026-02-25T19:48:58.7480777Z  0c8d55a45c0d Extracting [>                                                  ]  327.7kB/29.78MB
Linux Desktop Tests (0)	UNKNOWN STEP	2026-02-25T19:48:58.7497486Z  808bb02340fa Extracting [==================>                                ]  32.77kB/90.98kB
Linux Desktop Tests (0)	UNKNOWN STEP	2026-02-25T19:48:58.7502523Z  808bb02340fa Extracting [==================================================>]  90.98kB/90.98kB
Linux Desktop Tests (0)	UNKNOWN STEP	2026-02-25T19:48:58.7515407Z  808bb02340fa Extracting [==================================================>]  90.98kB/90.98kB
Linux Desktop Tests (0)	UNKNOWN STEP	2026-02-25T19:48:58.7517038Z  630177b00352 Pull complete 
Linux Desktop Tests (0)	UNKNOWN STEP	2026-02-25T19:48:58.7540723Z  bd53938b1271 Extracting [==================================================>]  173.4kB/173.4kB
Linux Desktop Tests (0)	UNKNOWN STEP	2026-02-25T19:48:58.7559950Z  6c18ff1f33d0 Extracting [==================================================>]     173B/173B
Linux Desktop Tests (0)	UNKNOWN STEP	2026-02-25T19:48:58.7561671Z  6c18ff1f33d0 Extracting [==================================================>]     173B/173B
Linux Desktop Tests (0)	UNKNOWN STEP	2026-02-25T19:48:58.7578400Z  a954d256f742 Downloading [=============>                                     ]  5.726MB/21.98MB
Linux Desktop Tests (0)	UNKNOWN STEP	2026-02-25T19:48:58.7653136Z  7807da78b90b Downloading [>                                                  ]    458kB/45.54MB
Linux Desktop Tests (0)	UNKNOWN STEP	2026-02-25T19:48:58.7800739Z  808bb02340fa Pull complete 
Linux Desktop Tests (0)	UNKNOWN STEP	2026-02-25T19:48:58.7817486Z  6c18ff1f33d0 Pull complete 
Linux Desktop Tests (0)	UNKNOWN STEP	2026-02-25T19:48:58.7851514Z  c0970b69197c Extracting [>                                                  ]  163.8kB/14.88MB
Linux Desktop Tests (0)	UNKNOWN STEP	2026-02-25T19:48:58.7856026Z  13e46e455d3b Extracting [==================================================>]     116B/116B
Linux Desktop Tests (0)	UNKNOWN STEP	2026-02-25T19:48:58.7867207Z  13e46e455d3b Extracting [==================================================>]     116B/116B
Linux Desktop Tests (0)	UNKNOWN STEP	2026-02-25T19:48:58.8035018Z  13e46e455d3b Pull complete 
Linux Desktop Tests (0)	UNKNOWN STEP	2026-02-25T19:48:58.8105148Z  b4403f29458a Downloading [======================================>            ]   81.1MB/105.2MB
Linux Desktop Tests (0)	UNKNOWN STEP	2026-02-25T19:48:58.8572964Z  0c8d55a45c0d Extracting [======>                                            ]  3.604MB/29.78MB
Linux Desktop Tests (0)	UNKNOWN STEP	2026-02-25T19:48:58.8651155Z  a954d256f742 Downloading [=====================>                             ]  9.612MB/21.98MB
Linux Desktop Tests (0)	UNKNOWN STEP	2026-02-25T19:48:58.8719983Z  7807da78b90b Downloading [========>                                          ]   7.44MB/45.54MB
Linux Desktop Tests (0)	UNKNOWN STEP	2026-02-25T19:48:58.8852613Z  c0970b69197c Extracting [============>                                      ]  3.604MB/14.88MB
Linux Desktop Tests (0)	UNKNOWN STEP	2026-02-25T19:48:58.9173970Z  b4403f29458a Downloading [=============================================>     ]  96.55MB/105.2MB
Linux Desktop Tests (0)	UNKNOWN STEP	2026-02-25T19:48:58.9590496Z  0c8d55a45c0d Extracting [===========>                                       ]  6.554MB/29.78MB
Linux Desktop Tests (0)	UNKNOWN STEP	2026-02-25T19:48:58.9762389Z  a954d256f742 Downloading [================================>                  ]  14.42MB/21.98MB
Linux Desktop Tests (0)	UNKNOWN STEP	2026-02-25T19:48:58.9769507Z  7807da78b90b Downloading [=======================>                           ]  21.84MB/45.54MB
Linux Desktop Tests (0)	UNKNOWN STEP	2026-02-25T19:48:58.9850841Z  b4403f29458a Verifying Checksum 
Linux Desktop Tests (0)	UNKNOWN STEP	2026-02-25T19:48:58.9851815Z  b4403f29458a Download complete 
Linux Desktop Tests (0)	UNKNOWN STEP	2026-02-25T19:48:58.9897342Z  c0970b69197c Extracting [==========================>                        ]  7.864MB/14.88MB
Linux Desktop Tests (0)	UNKNOWN STEP	2026-02-25T19:48:59.0011732Z  b4403f29458a Extracting [>                                                  ]  557.1kB/105.2MB
Linux Desktop Tests (0)	UNKNOWN STEP	2026-02-25T19:48:59.0675034Z  0c8d55a45c0d Extracting [==============>                                    ]  8.847MB/29.78MB
Linux Desktop Tests (0)	UNKNOWN STEP	2026-02-25T19:48:59.0715037Z  bd53938b1271 Pull complete 
Linux Desktop Tests (0)	UNKNOWN STEP	2026-02-25T19:48:59.0720692Z  9fe3744a2eac Extracting [=>                                                 ]  32.77kB/1.003MB
Linux Desktop Tests (0)	UNKNOWN STEP	2026-02-25T19:48:59.0772452Z  a954d256f742 Downloading [==========================================>        ]  18.54MB/21.98MB
Linux Desktop Tests (0)	UNKNOWN STEP	2026-02-25T19:48:59.0792071Z  7807da78b90b Downloading [====================================>              ]  32.96MB/45.54MB
Linux Desktop Tests (0)	UNKNOWN STEP	2026-02-25T19:48:59.0915082Z  c0970b69197c Extracting [=================================>                 ]  9.994MB/14.88MB
Linux Desktop Tests (0)	UNKNOWN STEP	2026-02-25T19:48:59.1027592Z  9fe3744a2eac Extracting [==================================================>]  1.003MB/1.003MB
Linux Desktop Tests (0)	UNKNOWN STEP	2026-02-25T19:48:59.1033217Z  9fe3744a2eac Extracting [==================================================>]  1.003MB/1.003MB
Linux Desktop Tests (0)	UNKNOWN STEP	2026-02-25T19:48:59.1200224Z  0478cd5c1079 Downloading [===================>                               ]  1.369kB/3.507kB
Linux Desktop Tests (0)	UNKNOWN STEP	2026-02-25T19:48:59.1202440Z  0478cd5c1079 Downloading [==================================================>]  3.507kB/3.507kB
Linux Desktop Tests (0)	UNKNOWN STEP	2026-02-25T19:48:59.1204993Z  0478cd5c1079 Verifying Checksum 
Linux Desktop Tests (0)	UNKNOWN STEP	2026-02-25T19:48:59.1205460Z  0478cd5c1079 Download complete 
Linux Desktop Tests (0)	UNKNOWN STEP	2026-02-25T19:48:59.1343507Z  a954d256f742 Downloading [==================================================>]  21.98MB/21.98MB
Linux Desktop Tests (0)	UNKNOWN STEP	2026-02-25T19:48:59.1344463Z  a954d256f742 Verifying Checksum 
Linux Desktop Tests (0)	UNKNOWN STEP	2026-02-25T19:48:59.1344943Z  a954d256f742 Download complete 
Linux Desktop Tests (0)	UNKNOWN STEP	2026-02-25T19:48:59.1370351Z  9fe3744a2eac Pull complete 
Linux Desktop Tests (0)	UNKNOWN STEP	2026-02-25T19:48:59.1417700Z  7ad54b3c4cef Extracting [>                                                  ]  131.1kB/12.41MB
Linux Desktop Tests (0)	UNKNOWN STEP	2026-02-25T19:48:59.1501555Z  b4403f29458a Extracting [>                                                  ]  1.114MB/105.2MB
Linux Desktop Tests (0)	UNKNOWN STEP	2026-02-25T19:48:59.1803412Z  7807da78b90b Downloading [============================================>      ]  40.82MB/45.54MB
Linux Desktop Tests (0)	UNKNOWN STEP	2026-02-25T19:48:59.1965001Z  0c8d55a45c0d Extracting [=================>                                 ]  10.16MB/29.78MB
Linux Desktop Tests (0)	UNKNOWN STEP	2026-02-25T19:48:59.2048834Z  c0970b69197c Extracting [==================================================>]  14.88MB/14.88MB
Linux Desktop Tests (0)	UNKNOWN STEP	2026-02-25T19:48:59.2061088Z  7807da78b90b Verifying Checksum 
Linux Desktop Tests (0)	UNKNOWN STEP	2026-02-25T19:48:59.2062967Z  7807da78b90b Download complete 
Linux Desktop Tests (0)	UNKNOWN STEP	2026-02-25T19:48:59.2208902Z  3a02ac06be95 Downloading [==========>                                        ]     720B/3.462kB
Linux Desktop Tests (0)	UNKNOWN STEP	2026-02-25T19:48:59.2212621Z  3a02ac06be95 Verifying Checksum 
Linux Desktop Tests (0)	UNKNOWN STEP	2026-02-25T19:48:59.2214499Z  3a02ac06be95 Download complete 
Linux Desktop Tests (0)	UNKNOWN STEP	2026-02-25T19:48:59.2359557Z  c0970b69197c Pull complete 
Linux Desktop Tests (0)	UNKNOWN STEP	2026-02-25T19:48:59.2386346Z  9de5f206730a Extracting [==>                                                ]  32.77kB/766.3kB
Linux Desktop Tests (0)	UNKNOWN STEP	2026-02-25T19:48:59.2444428Z  7ad54b3c4cef Extracting [========>                                          ]  2.097MB/12.41MB
Linux Desktop Tests (0)	UNKNOWN STEP	2026-02-25T19:48:59.2560965Z  b4403f29458a Extracting [==>                                                ]  4.456MB/105.2MB
Linux Desktop Tests (0)	UNKNOWN STEP	2026-02-25T19:48:59.2561995Z  9de5f206730a Extracting [==================================================>]  766.3kB/766.3kB
Linux Desktop Tests (0)	UNKNOWN STEP	2026-02-25T19:48:59.2564489Z  9de5f206730a Extracting [==================================================>]  766.3kB/766.3kB
Linux Desktop Tests (0)	UNKNOWN STEP	2026-02-25T19:48:59.2762036Z  9de5f206730a Pull complete 
Linux Desktop Tests (0)	UNKNOWN STEP	2026-02-25T19:48:59.2790006Z  24e28b7dc0a2 Extracting [===================>                               ]  32.77kB/83.13kB
Linux Desktop Tests (0)	UNKNOWN STEP	2026-02-25T19:48:59.2800897Z  24e28b7dc0a2 Extracting [==================================================>]  83.13kB/83.13kB
Linux Desktop Tests (0)	UNKNOWN STEP	2026-02-25T19:48:59.2814405Z  24e28b7dc0a2 Extracting [==================================================>]  83.13kB/83.13kB
Linux Desktop Tests (0)	UNKNOWN STEP	2026-02-25T19:48:59.3076430Z  0c8d55a45c0d Extracting [===================>                               ]   11.8MB/29.78MB
Linux Desktop Tests (0)	UNKNOWN STEP	2026-02-25T19:48:59.3174399Z  24e28b7dc0a2 Pull complete 
Linux Desktop Tests (0)	UNKNOWN STEP	2026-02-25T19:48:59.3225275Z  830180cf89a8 Extracting [>                                                  ]  163.8kB/14.63MB
Linux Desktop Tests (0)	UNKNOWN STEP	2026-02-25T19:48:59.3463825Z  7ad54b3c4cef Extracting [========================>                          ]  6.029MB/12.41MB
Linux Desktop Tests (0)	UNKNOWN STEP	2026-02-25T19:48:59.3664234Z  b4403f29458a Extracting [====>                                              ]   9.47MB/105.2MB
Linux Desktop Tests (0)	UNKNOWN STEP	2026-02-25T19:48:59.4108258Z  0c8d55a45c0d Extracting [========================>                          ]  14.42MB/29.78MB
Linux Desktop Tests (0)	UNKNOWN STEP	2026-02-25T19:48:59.4270876Z  830180cf89a8 Extracting [============>                                      ]  3.604MB/14.63MB
Linux Desktop Tests (0)	UNKNOWN STEP	2026-02-25T19:48:59.4492447Z  7ad54b3c4cef Extracting [=========================================>         ]  10.35MB/12.41MB
Linux Desktop Tests (0)	UNKNOWN STEP	2026-02-25T19:48:59.4669076Z  b4403f29458a Extracting [======>                                            ]  13.93MB/105.2MB
Linux Desktop Tests (0)	UNKNOWN STEP	2026-02-25T19:48:59.5056506Z  7ad54b3c4cef Extracting [==================================================>]  12.41MB/12.41MB
Linux Desktop Tests (0)	UNKNOWN STEP	2026-02-25T19:48:59.5140359Z  0c8d55a45c0d Extracting [==============================>                    ]  18.35MB/29.78MB
Linux Desktop Tests (0)	UNKNOWN STEP	2026-02-25T19:48:59.5292611Z  830180cf89a8 Extracting [======================>                            ]  6.554MB/14.63MB
Linux Desktop Tests (0)	UNKNOWN STEP	2026-02-25T19:48:59.5485791Z  7ad54b3c4cef Pull complete 
Linux Desktop Tests (0)	UNKNOWN STEP	2026-02-25T19:48:59.5501313Z  2a97533d89ca Extracting [==================================================>]     100B/100B
Linux Desktop Tests (0)	UNKNOWN STEP	2026-02-25T19:48:59.5507110Z  2a97533d89ca Extracting [==================================================>]     100B/100B
Linux Desktop Tests (0)	UNKNOWN STEP	2026-02-25T19:48:59.5656416Z  2a97533d89ca Pull complete 
Linux Desktop Tests (0)	UNKNOWN STEP	2026-02-25T19:48:59.5675010Z  4f4fb700ef54 Extracting [==================================================>]      32B/32B
Linux Desktop Tests (0)	UNKNOWN STEP	2026-02-25T19:48:59.5692714Z  4f4fb700ef54 Extracting [==================================================>]      32B/32B
Linux Desktop Tests (0)	UNKNOWN STEP	2026-02-25T19:48:59.5774306Z  b4403f29458a Extracting [========>                                          ]  18.38MB/105.2MB
Linux Desktop Tests (0)	UNKNOWN STEP	2026-02-25T19:48:59.5845018Z  4f4fb700ef54 Pull complete 
Linux Desktop Tests (0)	UNKNOWN STEP	2026-02-25T19:48:59.5861771Z  1c2c8d1ee428 Extracting [==================================================>]     576B/576B
Linux Desktop Tests (0)	UNKNOWN STEP	2026-02-25T19:48:59.5865444Z  1c2c8d1ee428 Extracting [==================================================>]     576B/576B
Linux Desktop Tests (0)	UNKNOWN STEP	2026-02-25T19:48:59.6049693Z  1c2c8d1ee428 Pull complete 
Linux Desktop Tests (0)	UNKNOWN STEP	2026-02-25T19:48:59.6169635Z  redis Pulled 
Linux Desktop Tests (0)	UNKNOWN STEP	2026-02-25T19:48:59.6190578Z  0c8d55a45c0d Extracting [====================================>              ]  21.63MB/29.78MB
Linux Desktop Tests (0)	UNKNOWN STEP	2026-02-25T19:48:59.6318058Z  830180cf89a8 Extracting [================================>                  ]  9.503MB/14.63MB
Linux Desktop Tests (0)	UNKNOWN STEP	2026-02-25T19:48:59.6824465Z  b4403f29458a Extracting [===========>                                       ]  24.51MB/105.2MB
Linux Desktop Tests (0)	UNKNOWN STEP	2026-02-25T19:48:59.7331160Z  830180cf89a8 Extracting [===========================================>       ]  12.78MB/14.63MB
Linux Desktop Tests (0)	UNKNOWN STEP	2026-02-25T19:48:59.7373210Z  0c8d55a45c0d Extracting [===========================================>       ]  25.89MB/29.78MB
Linux Desktop Tests (0)	UNKNOWN STEP	2026-02-25T19:48:59.7743043Z  830180cf89a8 Extracting [==================================================>]  14.63MB/14.63MB
Linux Desktop Tests (0)	UNKNOWN STEP	2026-02-25T19:48:59.7850513Z  b4403f29458a Extracting [==============>                                    ]   31.2MB/105.2MB
Linux Desktop Tests (0)	UNKNOWN STEP	2026-02-25T19:48:59.8119690Z  830180cf89a8 Pull complete 
Linux Desktop Tests (0)	UNKNOWN STEP	2026-02-25T19:48:59.8188240Z  dex Pulled 
Linux Desktop Tests (0)	UNKNOWN STEP	2026-02-25T19:48:59.8861279Z  b4403f29458a Extracting [==================>                                ]  38.99MB/105.2MB
Linux Desktop Tests (0)	UNKNOWN STEP	2026-02-25T19:48:59.9053690Z  0c8d55a45c0d Extracting [============================================>      ]  26.21MB/29.78MB
Linux Desktop Tests (0)	UNKNOWN STEP	2026-02-25T19:48:59.9907676Z  b4403f29458a Extracting [======================>                            ]  47.35MB/105.2MB
Linux Desktop Tests (0)	UNKNOWN STEP	2026-02-25T19:49:00.0213625Z  0c8d55a45c0d Extracting [===============================================>   ]  28.51MB/29.78MB
Linux Desktop Tests (0)	UNKNOWN STEP	2026-02-25T19:49:00.0957025Z  b4403f29458a Extracting [========================>                          ]  52.36MB/105.2MB
Linux Desktop Tests (0)	UNKNOWN STEP	2026-02-25T19:49:00.1963941Z  b4403f29458a Extracting [===========================>                       ]  58.49MB/105.2MB
Linux Desktop Tests (0)	UNKNOWN STEP	2026-02-25T19:49:00.2224435Z  0c8d55a45c0d Extracting [================================================>  ]  29.16MB/29.78MB
Linux Desktop Tests (0)	UNKNOWN STEP	2026-02-25T19:49:00.3111821Z  b4403f29458a Extracting [===============================>                   ]  65.73MB/105.2MB
Linux Desktop Tests (0)	UNKNOWN STEP	2026-02-25T19:49:00.3306080Z  0c8d55a45c0d Extracting [==================================================>]  29.78MB/29.78MB
Linux Desktop Tests (0)	UNKNOWN STEP	2026-02-25T19:49:00.3555027Z  0c8d55a45c0d Pull complete 
Linux Desktop Tests (0)	UNKNOWN STEP	2026-02-25T19:49:00.3566667Z  03af238a5946 Extracting [=>                                                 ]  32.77kB/1.293MB
Linux Desktop Tests (0)	UNKNOWN STEP	2026-02-25T19:49:00.4192161Z  b4403f29458a Extracting [==================================>                ]  73.53MB/105.2MB
Linux Desktop Tests (0)	UNKNOWN STEP	2026-02-25T19:49:00.4746024Z  03af238a5946 Extracting [===================================>               ]  917.5kB/1.293MB
Linux Desktop Tests (0)	UNKNOWN STEP	2026-02-25T19:49:00.4844308Z  03af238a5946 Extracting [==================================================>]  1.293MB/1.293MB
Linux Desktop Tests (0)	UNKNOWN STEP	2026-02-25T19:49:00.4851685Z  03af238a5946 Extracting [==================================================>]  1.293MB/1.293MB
Linux Desktop Tests (0)	UNKNOWN STEP	2026-02-25T19:49:00.5452797Z  b4403f29458a Extracting [===================================>               ]   75.2MB/105.2MB
Linux Desktop Tests (0)	UNKNOWN STEP	2026-02-25T19:49:00.6211701Z  03af238a5946 Pull complete 
Linux Desktop Tests (0)	UNKNOWN STEP	2026-02-25T19:49:00.6238492Z  686599c79c87 Extracting [>                                                  ]  131.1kB/11.8MB
Linux Desktop Tests (0)	UNKNOWN STEP	2026-02-25T19:49:00.7125719Z  b4403f29458a Extracting [====================================>              ]  76.32MB/105.2MB
Linux Desktop Tests (0)	UNKNOWN STEP	2026-02-25T19:49:00.7244775Z  686599c79c87 Extracting [=====>                                             ]  1.311MB/11.8MB
Linux Desktop Tests (0)	UNKNOWN STEP	2026-02-25T19:49:00.8262074Z  686599c79c87 Extracting [================>                                  ]  3.801MB/11.8MB
Linux Desktop Tests (0)	UNKNOWN STEP	2026-02-25T19:49:00.8276569Z  b4403f29458a Extracting [=====================================>             ]   79.1MB/105.2MB
Linux Desktop Tests (0)	UNKNOWN STEP	2026-02-25T19:49:00.9291020Z  686599c79c87 Extracting [============================>                      ]  6.816MB/11.8MB
Linux Desktop Tests (0)	UNKNOWN STEP	2026-02-25T19:49:00.9368021Z  b4403f29458a Extracting [=======================================>           ]  82.44MB/105.2MB
Linux Desktop Tests (0)	UNKNOWN STEP	2026-02-25T19:49:01.0382385Z  686599c79c87 Extracting [=======================================>           ]  9.306MB/11.8MB
Linux Desktop Tests (0)	UNKNOWN STEP	2026-02-25T19:49:01.0436990Z  b4403f29458a Extracting [=========================================>         ]  86.34MB/105.2MB
Linux Desktop Tests (0)	UNKNOWN STEP	2026-02-25T19:49:01.1452855Z  b4403f29458a Extracting [===========================================>       ]   90.8MB/105.2MB
Linux Desktop Tests (0)	UNKNOWN STEP	2026-02-25T19:49:01.1491379Z  686599c79c87 Extracting [============================================>      ]  10.62MB/11.8MB
Linux Desktop Tests (0)	UNKNOWN STEP	2026-02-25T19:49:01.2494729Z  686599c79c87 Extracting [=================================================> ]   11.8MB/11.8MB
Linux Desktop Tests (0)	UNKNOWN STEP	2026-02-25T19:49:01.2505825Z  686599c79c87 Extracting [==================================================>]   11.8MB/11.8MB
Linux Desktop Tests (0)	UNKNOWN STEP	2026-02-25T19:49:01.2586441Z  b4403f29458a Extracting [===========================================>       ]  92.47MB/105.2MB
Linux Desktop Tests (0)	UNKNOWN STEP	2026-02-25T19:49:01.3673955Z  b4403f29458a Extracting [================================================>  ]  101.4MB/105.2MB
Linux Desktop Tests (0)	UNKNOWN STEP	2026-02-25T19:49:01.3718507Z  686599c79c87 Pull complete 
Linux Desktop Tests (0)	UNKNOWN STEP	2026-02-25T19:49:01.3735111Z  f1cadbd7abd2 Extracting [==================================================>]     252B/252B
Linux Desktop Tests (0)	UNKNOWN STEP	2026-02-25T19:49:01.3752023Z  f1cadbd7abd2 Extracting [==================================================>]     252B/252B
Linux Desktop Tests (0)	UNKNOWN STEP	2026-02-25T19:49:01.3902225Z  f1cadbd7abd2 Pull complete 
Linux Desktop Tests (0)	UNKNOWN STEP	2026-02-25T19:49:01.3912236Z  3ee96ea8e5d2 Extracting [==================================================>]     250B/250B
Linux Desktop Tests (0)	UNKNOWN STEP	2026-02-25T19:49:01.3915407Z  3ee96ea8e5d2 Extracting [==================================================>]     250B/250B
Linux Desktop Tests (0)	UNKNOWN STEP	2026-02-25T19:49:01.4052997Z  3ee96ea8e5d2 Pull complete 
Linux Desktop Tests (0)	UNKNOWN STEP	2026-02-25T19:49:01.4108828Z  a954d256f742 Extracting [>                                                  ]  229.4kB/21.98MB
Linux Desktop Tests (0)	UNKNOWN STEP	2026-02-25T19:49:01.4502410Z  b4403f29458a Extracting [==================================================>]  105.2MB/105.2MB
Linux Desktop Tests (0)	UNKNOWN STEP	2026-02-25T19:49:01.5136661Z  a954d256f742 Extracting [=====>                                             ]  2.294MB/21.98MB
Linux Desktop Tests (0)	UNKNOWN STEP	2026-02-25T19:49:01.6140604Z  a954d256f742 Extracting [=================>                                 ]  7.569MB/21.98MB
Linux Desktop Tests (0)	UNKNOWN STEP	2026-02-25T19:49:01.6215849Z  b4403f29458a Pull complete 
Linux Desktop Tests (0)	UNKNOWN STEP	2026-02-25T19:49:01.6229617Z  40aaa75af6ce Extracting [==================================================>]   9.62kB/9.62kB
Linux Desktop Tests (0)	UNKNOWN STEP	2026-02-25T19:49:01.6236999Z  40aaa75af6ce Extracting [==================================================>]   9.62kB/9.62kB
Linux Desktop Tests (0)	UNKNOWN STEP	2026-02-25T19:49:01.6526784Z  40aaa75af6ce Pull complete 
Linux Desktop Tests (0)	UNKNOWN STEP	2026-02-25T19:49:01.6546308Z  162bdab1e0a7 Extracting [==================================================>]     128B/128B
Linux Desktop Tests (0)	UNKNOWN STEP	2026-02-25T19:49:01.6548580Z  162bdab1e0a7 Extracting [==================================================>]     128B/128B
Linux Desktop Tests (0)	UNKNOWN STEP	2026-02-25T19:49:01.6649698Z  162bdab1e0a7 Pull complete 
Linux Desktop Tests (0)	UNKNOWN STEP	2026-02-25T19:49:01.6661453Z  ebff7b0ec73e Extracting [==================================================>]     170B/170B
Linux Desktop Tests (0)	UNKNOWN STEP	2026-02-25T19:49:01.6668057Z  ebff7b0ec73e Extracting [==================================================>]     170B/170B
Linux Desktop Tests (0)	UNKNOWN STEP	2026-02-25T19:49:01.6774699Z  ebff7b0ec73e Pull complete 
Linux Desktop Tests (0)	UNKNOWN STEP	2026-02-25T19:49:01.6788493Z  c02179436571 Extracting [==================================================>]   5.84kB/5.84kB
Linux Desktop Tests (0)	UNKNOWN STEP	2026-02-25T19:49:01.6791321Z  c02179436571 Extracting [==================================================>]   5.84kB/5.84kB
Linux Desktop Tests (0)	UNKNOWN STEP	2026-02-25T19:49:01.6898339Z  c02179436571 Pull complete 
Linux Desktop Tests (0)	UNKNOWN STEP	2026-02-25T19:49:01.6909231Z  8243369e9866 Extracting [==================================================>]     186B/186B
Linux Desktop Tests (0)	UNKNOWN STEP	2026-02-25T19:49:01.6915888Z  8243369e9866 Extracting [==================================================>]     186B/186B
Linux Desktop Tests (0)	UNKNOWN STEP	2026-02-25T19:49:01.7022298Z  8243369e9866 Pull complete 
Linux Desktop Tests (0)	UNKNOWN STEP	2026-02-25T19:49:01.7088061Z  postgres Pulled 
Linux Desktop Tests (0)	UNKNOWN STEP	2026-02-25T19:49:01.7158145Z  a954d256f742 Extracting [===============================>                   ]  13.76MB/21.98MB
Linux Desktop Tests (0)	UNKNOWN STEP	2026-02-25T19:49:01.8196066Z  a954d256f742 Extracting [================================================>  ]   21.1MB/21.98MB
Linux Desktop Tests (0)	UNKNOWN STEP	2026-02-25T19:49:01.8629542Z  a954d256f742 Extracting [==================================================>]  21.98MB/21.98MB
Linux Desktop Tests (0)	UNKNOWN STEP	2026-02-25T19:49:01.8892806Z  a954d256f742 Pull complete 
Linux Desktop Tests (0)	UNKNOWN STEP	2026-02-25T19:49:01.8902992Z  c7ce85987d6d Extracting [==================================================>]  13.29kB/13.29kB
Linux Desktop Tests (0)	UNKNOWN STEP	2026-02-25T19:49:01.8907510Z  c7ce85987d6d Extracting [==================================================>]  13.29kB/13.29kB
Linux Desktop Tests (0)	UNKNOWN STEP	2026-02-25T19:49:01.9096118Z  c7ce85987d6d Pull complete 
Linux Desktop Tests (0)	UNKNOWN STEP	2026-02-25T19:49:01.9282542Z  7807da78b90b Extracting [>                                                  ]  458.8kB/45.54MB
Linux Desktop Tests (0)	UNKNOWN STEP	2026-02-25T19:49:02.0588680Z  7807da78b90b Extracting [===>                                               ]  2.753MB/45.54MB
Linux Desktop Tests (0)	UNKNOWN STEP	2026-02-25T19:49:02.1641509Z  7807da78b90b Extracting [========>                                          ]   7.34MB/45.54MB
Linux Desktop Tests (0)	UNKNOWN STEP	2026-02-25T19:49:02.3187773Z  7807da78b90b Extracting [==========>                                        ]  9.175MB/45.54MB
Linux Desktop Tests (0)	UNKNOWN STEP	2026-02-25T19:49:02.4275430Z  7807da78b90b Extracting [================>                                  ]  14.68MB/45.54MB
Linux Desktop Tests (0)	UNKNOWN STEP	2026-02-25T19:49:02.6257369Z  7807da78b90b Extracting [=====================>                             ]  19.27MB/45.54MB
Linux Desktop Tests (0)	UNKNOWN STEP	2026-02-25T19:49:02.7734980Z  7807da78b90b Extracting [=======================>                           ]  21.56MB/45.54MB
Linux Desktop Tests (0)	UNKNOWN STEP	2026-02-25T19:49:02.9171504Z  7807da78b90b Extracting [==============================>                    ]  27.53MB/45.54MB
Linux Desktop Tests (0)	UNKNOWN STEP	2026-02-25T19:49:03.1667381Z  7807da78b90b Extracting [=================================>                 ]  30.74MB/45.54MB
Linux Desktop Tests (0)	UNKNOWN STEP	2026-02-25T19:49:03.3258592Z  7807da78b90b Extracting [===================================>               ]  32.11MB/45.54MB
Linux Desktop Tests (0)	UNKNOWN STEP	2026-02-25T19:49:03.4471231Z  7807da78b90b Extracting [====================================>              ]  33.03MB/45.54MB
Linux Desktop Tests (0)	UNKNOWN STEP	2026-02-25T19:49:03.5782076Z  7807da78b90b Extracting [=====================================>             ]  34.41MB/45.54MB
Linux Desktop Tests (0)	UNKNOWN STEP	2026-02-25T19:49:03.7143799Z  7807da78b90b Extracting [======================================>            ]  34.87MB/45.54MB
Linux Desktop Tests (0)	UNKNOWN STEP	2026-02-25T19:49:03.8203184Z  7807da78b90b Extracting [============================================>      ]  40.83MB/45.54MB
Linux Desktop Tests (0)	UNKNOWN STEP	2026-02-25T19:49:03.9551039Z  7807da78b90b Extracting [==============================================>    ]  42.21MB/45.54MB
Linux Desktop Tests (0)	UNKNOWN STEP	2026-02-25T19:49:04.0870795Z  7807da78b90b Extracting [===============================================>   ]  43.58MB/45.54MB
Linux Desktop Tests (0)	UNKNOWN STEP	2026-02-25T19:49:04.1879096Z  7807da78b90b Extracting [=================================================> ]  44.96MB/45.54MB
Linux Desktop Tests (0)	UNKNOWN STEP	2026-02-25T19:49:04.2023820Z  7807da78b90b Extracting [==================================================>]  45.54MB/45.54MB
Linux Desktop Tests (0)	UNKNOWN STEP	2026-02-25T19:49:04.4049735Z  7807da78b90b Pull complete 
Linux Desktop Tests (0)	UNKNOWN STEP	2026-02-25T19:49:04.4058947Z  0478cd5c1079 Extracting [==================================================>]  3.507kB/3.507kB
Linux Desktop Tests (0)	UNKNOWN STEP	2026-02-25T19:49:04.4064769Z  0478cd5c1079 Extracting [==================================================>]  3.507kB/3.507kB
Linux Desktop Tests (0)	UNKNOWN STEP	2026-02-25T19:49:04.4153468Z  0478cd5c1079 Pull complete 
Linux Desktop Tests (0)	UNKNOWN STEP	2026-02-25T19:49:04.4163358Z  3a02ac06be95 Extracting [==================================================>]  3.462kB/3.462kB
Linux Desktop Tests (0)	UNKNOWN STEP	2026-02-25T19:49:04.4169247Z  3a02ac06be95 Extracting [==================================================>]  3.462kB/3.462kB
Linux Desktop Tests (0)	UNKNOWN STEP	2026-02-25T19:49:04.4243863Z  3a02ac06be95 Pull complete 
Linux Desktop Tests (0)	UNKNOWN STEP	2026-02-25T19:49:04.4297529Z  matrix-synapse Pulled 
Linux Desktop Tests (0)	UNKNOWN STEP	2026-02-25T19:49:04.4317468Z  Network substitution_substitution_network  Creating
Linux Desktop Tests (0)	UNKNOWN STEP	2026-02-25T19:49:04.4713646Z  Network substitution_substitution_network  Created
Linux Desktop Tests (0)	UNKNOWN STEP	2026-02-25T19:49:04.4719945Z  Container substitution-redis-1  Creating
Linux Desktop Tests (0)	UNKNOWN STEP	2026-02-25T19:49:04.4720508Z  Container substitution-postgres-1  Creating
Linux Desktop Tests (0)	UNKNOWN STEP	2026-02-25T19:49:04.4721032Z  Container substitution-dex-1  Creating
Linux Desktop Tests (0)	UNKNOWN STEP	2026-02-25T19:49:04.4946210Z  Container substitution-postgres-1  Created
Linux Desktop Tests (0)	UNKNOWN STEP	2026-02-25T19:49:04.4946811Z  Container substitution-dex-1  Created
Linux Desktop Tests (0)	UNKNOWN STEP	2026-02-25T19:49:04.4947324Z  Container substitution-redis-1  Created
Linux Desktop Tests (0)	UNKNOWN STEP	2026-02-25T19:49:04.4947900Z  Container substitution-matrix-synapse-1  Creating
Linux Desktop Tests (0)	UNKNOWN STEP	2026-02-25T19:49:04.5050302Z  Container substitution-matrix-synapse-1  Created
Linux Desktop Tests (0)	UNKNOWN STEP	2026-02-25T19:49:04.5062965Z  Container substitution-postgres-1  Starting
Linux Desktop Tests (0)	UNKNOWN STEP	2026-02-25T19:49:04.5063659Z  Container substitution-dex-1  Starting
Linux Desktop Tests (0)	UNKNOWN STEP	2026-02-25T19:49:04.5064203Z  Container substitution-redis-1  Starting
Linux Desktop Tests (0)	UNKNOWN STEP	2026-02-25T19:49:04.7618603Z  Container substitution-dex-1  Started
Linux Desktop Tests (0)	UNKNOWN STEP	2026-02-25T19:49:04.7744983Z  Container substitution-redis-1  Started
Linux Desktop Tests (0)	UNKNOWN STEP	2026-02-25T19:49:04.7890415Z  Container substitution-postgres-1  Started
Linux Desktop Tests (0)	UNKNOWN STEP	2026-02-25T19:49:04.7891073Z  Container substitution-postgres-1  Waiting
Linux Desktop Tests (0)	UNKNOWN STEP	2026-02-25T19:49:04.7891661Z  Container substitution-dex-1  Waiting
Linux Desktop Tests (0)	UNKNOWN STEP	2026-02-25T19:49:10.2905204Z  Container substitution-dex-1  Healthy
Linux Desktop Tests (0)	UNKNOWN STEP	2026-02-25T19:49:15.2902212Z  Container substitution-postgres-1  Healthy
Linux Desktop Tests (0)	UNKNOWN STEP	2026-02-25T19:49:15.2902856Z  Container substitution-matrix-synapse-1  Starting
Linux Desktop Tests (0)	UNKNOWN STEP	2026-02-25T19:49:15.4385315Z  Container substitution-matrix-synapse-1  Started
Linux Desktop Tests (0)	UNKNOWN STEP	2026-02-25T19:49:25.5130660Z time="2026-02-25T19:49:25Z" level=warning msg="/home/runner/work/substitution/substitution/docker-compose.yml: the attribute `version` is obsolete, it will be ignored, please remove it to avoid potential confusion"
Linux Desktop Tests (0)	UNKNOWN STEP	2026-02-25T19:49:25.5208666Z  Container substitution-dex-1  Running
Linux Desktop Tests (0)	UNKNOWN STEP	2026-02-25T19:49:25.5210970Z  Container substitution-postgres-1  Running
Linux Desktop Tests (0)	UNKNOWN STEP	2026-02-25T19:49:25.5211959Z  Container substitution-matrix-synapse-1  Running
Linux Desktop Tests (0)	UNKNOWN STEP	2026-02-25T19:49:25.5223601Z  Container substitution-dex-1  Waiting
Linux Desktop Tests (0)	UNKNOWN STEP	2026-02-25T19:49:25.5224172Z  Container substitution-postgres-1  Waiting
Linux Desktop Tests (0)	UNKNOWN STEP	2026-02-25T19:49:26.0240279Z  Container substitution-postgres-1  Healthy
Linux Desktop Tests (0)	UNKNOWN STEP	2026-02-25T19:49:26.0240990Z  Container substitution-dex-1  Healthy
Linux Desktop Tests (0)	UNKNOWN STEP	2026-02-25T19:49:26.0254376Z  matrix-init Pulling 
Linux Desktop Tests (0)	UNKNOWN STEP	2026-02-25T19:49:26.3830357Z  589002ba0eae Already exists 
Linux Desktop Tests (0)	UNKNOWN STEP	2026-02-25T19:49:26.3841714Z  aca07fe076f1 Pulling fs layer 
Linux Desktop Tests (0)	UNKNOWN STEP	2026-02-25T19:49:26.3842232Z  6dafe251d313 Pulling fs layer 
Linux Desktop Tests (0)	UNKNOWN STEP	2026-02-25T19:49:26.3842659Z  fa340e77c336 Pulling fs layer 
Linux Desktop Tests (0)	UNKNOWN STEP	2026-02-25T19:49:26.4855182Z  fa340e77c336 Downloading [==================================================>]     247B/247B
Linux Desktop Tests (0)	UNKNOWN STEP	2026-02-25T19:49:26.4855908Z  fa340e77c336 Download complete 
Linux Desktop Tests (0)	UNKNOWN STEP	2026-02-25T19:49:26.4880687Z  6dafe251d313 Downloading [>                                                  ]  163.1kB/16.02MB
Linux Desktop Tests (0)	UNKNOWN STEP	2026-02-25T19:49:26.5930228Z  6dafe251d313 Downloading [========================>                          ]  7.879MB/16.02MB
Linux Desktop Tests (0)	UNKNOWN STEP	2026-02-25T19:49:26.6890597Z  6dafe251d313 Verifying Checksum 
Linux Desktop Tests (0)	UNKNOWN STEP	2026-02-25T19:49:26.6890917Z  6dafe251d313 Download complete 
Linux Desktop Tests (0)	UNKNOWN STEP	2026-02-25T19:49:26.8591042Z  aca07fe076f1 Downloading [>                                                  ]  4.824kB/460.9kB
Linux Desktop Tests (0)	UNKNOWN STEP	2026-02-25T19:49:26.8756483Z  aca07fe076f1 Downloading [==================================================>]  460.9kB/460.9kB
Linux Desktop Tests (0)	UNKNOWN STEP	2026-02-25T19:49:26.8757208Z  aca07fe076f1 Verifying Checksum 
Linux Desktop Tests (0)	UNKNOWN STEP	2026-02-25T19:49:26.8757563Z  aca07fe076f1 Download complete 
Linux Desktop Tests (0)	UNKNOWN STEP	2026-02-25T19:49:26.8757948Z  aca07fe076f1 Extracting [===>                                               ]  32.77kB/460.9kB
Linux Desktop Tests (0)	UNKNOWN STEP	2026-02-25T19:49:26.9855754Z  aca07fe076f1 Extracting [==================================================>]  460.9kB/460.9kB
Linux Desktop Tests (0)	UNKNOWN STEP	2026-02-25T19:49:27.1317871Z  aca07fe076f1 Pull complete 
Linux Desktop Tests (0)	UNKNOWN STEP	2026-02-25T19:49:27.1340189Z  6dafe251d313 Extracting [>                                                  ]  163.8kB/16.02MB
Linux Desktop Tests (0)	UNKNOWN STEP	2026-02-25T19:49:27.2418202Z  6dafe251d313 Extracting [=========>                                         ]  2.949MB/16.02MB
Linux Desktop Tests (0)	UNKNOWN STEP	2026-02-25T19:49:27.3433433Z  6dafe251d313 Extracting [=================>                                 ]  5.734MB/16.02MB
Linux Desktop Tests (0)	UNKNOWN STEP	2026-02-25T19:49:27.4461900Z  6dafe251d313 Extracting [=================================>                 ]  10.81MB/16.02MB
Linux Desktop Tests (0)	UNKNOWN STEP	2026-02-25T19:49:27.5625026Z  6dafe251d313 Extracting [========================================>          ]  12.94MB/16.02MB
Linux Desktop Tests (0)	UNKNOWN STEP	2026-02-25T19:49:27.6771613Z  6dafe251d313 Extracting [=============================================>     ]  14.58MB/16.02MB
Linux Desktop Tests (0)	UNKNOWN STEP	2026-02-25T19:49:27.7857350Z  6dafe251d313 Extracting [================================================>  ]   15.4MB/16.02MB
Linux Desktop Tests (0)	UNKNOWN STEP	2026-02-25T19:49:27.8382416Z  6dafe251d313 Extracting [==================================================>]  16.02MB/16.02MB
Linux Desktop Tests (0)	UNKNOWN STEP	2026-02-25T19:49:27.9065294Z  6dafe251d313 Pull complete 
Linux Desktop Tests (0)	UNKNOWN STEP	2026-02-25T19:49:27.9074901Z  fa340e77c336 Extracting [==================================================>]     247B/247B
Linux Desktop Tests (0)	UNKNOWN STEP	2026-02-25T19:49:27.9080771Z  fa340e77c336 Extracting [==================================================>]     247B/247B
Linux Desktop Tests (0)	UNKNOWN STEP	2026-02-25T19:49:27.9191913Z  fa340e77c336 Pull complete 
Linux Desktop Tests (0)	UNKNOWN STEP	2026-02-25T19:49:27.9249728Z  matrix-init Pulled 
Linux Desktop Tests (0)	UNKNOWN STEP	2026-02-25T19:49:30.6870485Z Collecting requests
Linux Desktop Tests (0)	UNKNOWN STEP	2026-02-25T19:49:30.7213965Z   Downloading requests-2.32.5-py3-none-any.whl.metadata (4.9 kB)
Linux Desktop Tests (0)	UNKNOWN STEP	2026-02-25T19:49:30.8457094Z Collecting charset_normalizer<4,>=2 (from requests)
Linux Desktop Tests (0)	UNKNOWN STEP	2026-02-25T19:49:30.8540239Z   Downloading charset_normalizer-3.4.4-cp311-cp311-musllinux_1_2_x86_64.whl.metadata (37 kB)
Linux Desktop Tests (0)	UNKNOWN STEP	2026-02-25T19:49:30.8848844Z Collecting idna<4,>=2.5 (from requests)
Linux Desktop Tests (0)	UNKNOWN STEP	2026-02-25T19:49:30.8922794Z   Downloading idna-3.11-py3-none-any.whl.metadata (8.4 kB)
Linux Desktop Tests (0)	UNKNOWN STEP	2026-02-25T19:49:30.9460139Z Collecting urllib3<3,>=1.21.1 (from requests)
Linux Desktop Tests (0)	UNKNOWN STEP	2026-02-25T19:49:30.9537188Z   Downloading urllib3-2.6.3-py3-none-any.whl.metadata (6.9 kB)
Linux Desktop Tests (0)	UNKNOWN STEP	2026-02-25T19:49:30.9863706Z Collecting certifi>=2017.4.17 (from requests)
Linux Desktop Tests (0)	UNKNOWN STEP	2026-02-25T19:49:30.9936533Z   Downloading certifi-2026.2.25-py3-none-any.whl.metadata (2.5 kB)
Linux Desktop Tests (0)	UNKNOWN STEP	2026-02-25T19:49:31.0168922Z Downloading requests-2.32.5-py3-none-any.whl (64 kB)
Linux Desktop Tests (0)	UNKNOWN STEP	2026-02-25T19:49:31.0232838Z    ━━━━━━━━━━━━━━━━━━━━━━━━━━━━━━━━━━━━━━━━ 64.7/64.7 kB 15.1 MB/s eta 0:00:00
Linux Desktop Tests (0)	UNKNOWN STEP	2026-02-25T19:49:31.0304896Z Downloading certifi-2026.2.25-py3-none-any.whl (153 kB)
Linux Desktop Tests (0)	UNKNOWN STEP	2026-02-25T19:49:31.0391567Z    ━━━━━━━━━━━━━━━━━━━━━━━━━━━━━━━━━━━━━━━━ 153.7/153.7 kB 22.7 MB/s eta 0:00:00
Linux Desktop Tests (0)	UNKNOWN STEP	2026-02-25T19:49:31.0465959Z Downloading charset_normalizer-3.4.4-cp311-cp311-musllinux_1_2_x86_64.whl (152 kB)
Linux Desktop Tests (0)	UNKNOWN STEP	2026-02-25T19:49:31.0515320Z    ━━━━━━━━━━━━━━━━━━━━━━━━━━━━━━━━━━━━━━━━ 153.0/153.0 kB 50.6 MB/s eta 0:00:00
Linux Desktop Tests (0)	UNKNOWN STEP	2026-02-25T19:49:31.0587700Z Downloading idna-3.11-py3-none-any.whl (71 kB)
Linux Desktop Tests (0)	UNKNOWN STEP	2026-02-25T19:49:31.0633797Z    ━━━━━━━━━━━━━━━━━━━━━━━━━━━━━━━━━━━━━━━━ 71.0/71.0 kB 24.7 MB/s eta 0:00:00
Linux Desktop Tests (0)	UNKNOWN STEP	2026-02-25T19:49:31.0710209Z Downloading urllib3-2.6.3-py3-none-any.whl (131 kB)
Linux Desktop Tests (0)	UNKNOWN STEP	2026-02-25T19:49:31.0759991Z    ━━━━━━━━━━━━━━━━━━━━━━━━━━━━━━━━━━━━━━━━ 131.6/131.6 kB 40.6 MB/s eta 0:00:00
Linux Desktop Tests (0)	UNKNOWN STEP	2026-02-25T19:49:31.1458438Z Installing collected packages: urllib3, idna, charset_normalizer, certifi, requests
Linux Desktop Tests (0)	UNKNOWN STEP	2026-02-25T19:49:31.4736204Z Successfully installed certifi-2026.2.25 charset_normalizer-3.4.4 idna-3.11 requests-2.32.5 urllib3-2.6.3
Linux Desktop Tests (0)	UNKNOWN STEP	2026-02-25T19:49:31.4739205Z WARNING: Running pip as the 'root' user can result in broken permissions and conflicting behaviour with the system package manager. It is recommended to use a virtual environment instead: https://pip.pypa.io/warnings/venv
Linux Desktop Tests (0)	UNKNOWN STEP	2026-02-25T19:49:31.5648811Z 
Linux Desktop Tests (0)	UNKNOWN STEP	2026-02-25T19:49:31.5649174Z [notice] A new release of pip is available: 24.0 -> 26.0.1
Linux Desktop Tests (0)	UNKNOWN STEP	2026-02-25T19:49:31.5649987Z [notice] To update, run: pip install --upgrade pip
Linux Desktop Tests (0)	UNKNOWN STEP	2026-02-25T19:49:38.5648631Z Initializing Matrix Synapse test server...
Linux Desktop Tests (0)	UNKNOWN STEP	2026-02-25T19:49:38.5649461Z 
Linux Desktop Tests (0)	UNKNOWN STEP	2026-02-25T19:49:38.5649906Z ✓ Synapse server is ready
Linux Desktop Tests (0)	UNKNOWN STEP	2026-02-25T19:49:38.5650206Z 
Linux Desktop Tests (0)	UNKNOWN STEP	2026-02-25T19:49:38.5653356Z Creating test users...
Linux Desktop Tests (0)	UNKNOWN STEP	2026-02-25T19:49:38.5654118Z ✓ Created user: testuser1
Linux Desktop Tests (0)	UNKNOWN STEP	2026-02-25T19:49:38.5654555Z ✓ Created user: testuser2
Linux Desktop Tests (0)	UNKNOWN STEP	2026-02-25T19:49:38.5654968Z ✓ Created admin user: testadmin
Linux Desktop Tests (0)	UNKNOWN STEP	2026-02-25T19:49:38.5655223Z 
Linux Desktop Tests (0)	UNKNOWN STEP	2026-02-25T19:49:38.5655421Z Creating test rooms and populating with data...
Linux Desktop Tests (0)	UNKNOWN STEP	2026-02-25T19:49:38.5655993Z ✓ Logged in user: @testadmin:test.matrix.local
Linux Desktop Tests (0)	UNKNOWN STEP	2026-02-25T19:49:38.5656464Z ✓ Admin token acquired
Linux Desktop Tests (0)	UNKNOWN STEP	2026-02-25T19:49:38.5656886Z ✓ Logged in user: @testuser1:test.matrix.local
Linux Desktop Tests (0)	UNKNOWN STEP	2026-02-25T19:49:38.5657567Z ✓ Created room: test_general (!bLGkSzGqjoZqtLMIsv:test.matrix.local)
Linux Desktop Tests (0)	UNKNOWN STEP	2026-02-25T19:49:38.5658217Z ✓ Logged in user: @testuser2:test.matrix.local
Linux Desktop Tests (0)	UNKNOWN STEP	2026-02-25T19:49:38.5658693Z   ✓ User testuser2 joined room
Linux Desktop Tests (0)	UNKNOWN STEP	2026-02-25T19:49:38.5659139Z ✓ Logged in user: @testadmin:test.matrix.local
Linux Desktop Tests (0)	UNKNOWN STEP	2026-02-25T19:49:38.5659810Z   ✓ User testadmin joined room
Linux Desktop Tests (0)	UNKNOWN STEP	2026-02-25T19:49:38.5660208Z   ✓ Published room to directory
Linux Desktop Tests (0)	UNKNOWN STEP	2026-02-25T19:49:38.5660617Z   ✓ Posted 5 messages to room
Linux Desktop Tests (0)	UNKNOWN STEP	2026-02-25T19:49:38.5661067Z   Seeding media messages (image, video, audio)...
Linux Desktop Tests (0)	UNKNOWN STEP	2026-02-25T19:49:38.5661863Z   ✓ Uploaded media 'test_image.png': mxc://test.matrix.local/LscjbehowHcGuJSttZcywcmP
Linux Desktop Tests (0)	UNKNOWN STEP	2026-02-25T19:49:38.5662549Z   ✓ Posted m.image message to room
Linux Desktop Tests (0)	UNKNOWN STEP	2026-02-25T19:49:38.5663230Z   ✓ Uploaded media 'test_video.mp4': mxc://test.matrix.local/jLoeoqCTZVSbYpOsmAbutOYn
Linux Desktop Tests (0)	UNKNOWN STEP	2026-02-25T19:49:38.5663911Z   ✓ Posted m.video message to room
Linux Desktop Tests (0)	UNKNOWN STEP	2026-02-25T19:49:38.5664631Z   ✓ Uploaded media 'test_audio.mp3': mxc://test.matrix.local/nDXcdAejSGxHQJqDCAZcJSxF
Linux Desktop Tests (0)	UNKNOWN STEP	2026-02-25T19:49:38.5665350Z   ✓ Posted m.audio message to room
Linux Desktop Tests (0)	UNKNOWN STEP	2026-02-25T19:49:38.5665965Z ✓ Created room: test_photos (!OTYSZaAkqjpMZhCccJ:test.matrix.local)
Linux Desktop Tests (0)	UNKNOWN STEP	2026-02-25T19:49:38.5666614Z ✓ Logged in user: @testuser2:test.matrix.local
Linux Desktop Tests (0)	UNKNOWN STEP	2026-02-25T19:49:38.5667097Z   ✓ User testuser2 joined room
Linux Desktop Tests (0)	UNKNOWN STEP	2026-02-25T19:49:38.5667551Z ✓ Logged in user: @testadmin:test.matrix.local
Linux Desktop Tests (0)	UNKNOWN STEP	2026-02-25T19:49:38.5668020Z   ✓ User testadmin joined room
Linux Desktop Tests (0)	UNKNOWN STEP	2026-02-25T19:49:38.5668457Z   ✓ Published room to directory
Linux Desktop Tests (0)	UNKNOWN STEP	2026-02-25T19:49:38.5668865Z   ✓ Posted 3 messages to room
Linux Desktop Tests (0)	UNKNOWN STEP	2026-02-25T19:49:38.5669263Z   Seeding media messages (image, video, audio)...
Linux Desktop Tests (0)	UNKNOWN STEP	2026-02-25T19:49:38.5670285Z   ✓ Uploaded media 'test_image.png': mxc://test.matrix.local/hqYbWsYXmgqlREbLNXEIcVfZ
Linux Desktop Tests (0)	UNKNOWN STEP	2026-02-25T19:49:38.5670993Z   ✓ Posted m.image message to room
Linux Desktop Tests (0)	UNKNOWN STEP	2026-02-25T19:49:38.5671677Z   ✓ Uploaded media 'test_video.mp4': mxc://test.matrix.local/YkueqXdFjXuFDJCBRWlOBQUP
Linux Desktop Tests (0)	UNKNOWN STEP	2026-02-25T19:49:38.5672356Z   ✓ Posted m.video message to room
Linux Desktop Tests (0)	UNKNOWN STEP	2026-02-25T19:49:38.5673050Z   ✓ Uploaded media 'test_audio.mp3': mxc://test.matrix.local/ecvKtlhloXlPKEwwEVUdfbAS
Linux Desktop Tests (0)	UNKNOWN STEP	2026-02-25T19:49:38.5673842Z   ✓ Posted m.audio message to room
Linux Desktop Tests (0)	UNKNOWN STEP	2026-02-25T19:49:38.5674485Z ✓ Created room: test_art (!kHllindmWDyGGUSuAF:test.matrix.local)
Linux Desktop Tests (0)	UNKNOWN STEP	2026-02-25T19:49:38.5675182Z ✓ Logged in user: @testuser2:test.matrix.local
Linux Desktop Tests (0)	UNKNOWN STEP	2026-02-25T19:49:38.5675721Z   ✓ User testuser2 joined room
Linux Desktop Tests (0)	UNKNOWN STEP	2026-02-25T19:49:38.5676224Z ✓ Logged in user: @testadmin:test.matrix.local
Linux Desktop Tests (0)	UNKNOWN STEP	2026-02-25T19:49:38.5677080Z   ✓ User testadmin joined room
Linux Desktop Tests (0)	UNKNOWN STEP	2026-02-25T19:49:38.5677559Z   ✓ Published room to directory
Linux Desktop Tests (0)	UNKNOWN STEP	2026-02-25T19:49:38.5678268Z ✓ Uploaded dummy avatar: mxc://test.matrix.local/RSFQeOKuUCiLhoGBLaxfMMfJ
Linux Desktop Tests (0)	UNKNOWN STEP	2026-02-25T19:49:38.5679206Z   ✓ Set room avatar to mxc://test.matrix.local/RSFQeOKuUCiLhoGBLaxfMMfJ
Linux Desktop Tests (0)	UNKNOWN STEP	2026-02-25T19:49:38.5680296Z ✓ Created room: test_invite_only (!oyJWzNzzkVKFKCNlJW:test.matrix.local)
Linux Desktop Tests (0)	UNKNOWN STEP	2026-02-25T19:49:38.5681094Z   ℹ Skipping user invites for room (discovery test)
Linux Desktop Tests (0)	UNKNOWN STEP	2026-02-25T19:49:38.5681689Z   ✓ Published room to directory
Linux Desktop Tests (0)	UNKNOWN STEP	2026-02-25T19:49:38.5682163Z   ✓ Posted 2 messages to room
Linux Desktop Tests (0)	UNKNOWN STEP	2026-02-25T19:49:38.5682821Z ✓ Created room: test_avatar (!CMmpjNASjtryLiEoYK:test.matrix.local)
Linux Desktop Tests (0)	UNKNOWN STEP	2026-02-25T19:49:38.5683541Z ✓ Logged in user: @testuser2:test.matrix.local
Linux Desktop Tests (0)	UNKNOWN STEP	2026-02-25T19:49:38.5684070Z   ✓ User testuser2 joined room
Linux Desktop Tests (0)	UNKNOWN STEP	2026-02-25T19:49:38.5684579Z ✓ Logged in user: @testadmin:test.matrix.local
Linux Desktop Tests (0)	UNKNOWN STEP	2026-02-25T19:49:38.5685112Z   ✓ User testadmin joined room
Linux Desktop Tests (0)	UNKNOWN STEP	2026-02-25T19:49:38.5685794Z   ✓ Published room to directory
Linux Desktop Tests (0)	UNKNOWN STEP	2026-02-25T19:49:38.5686511Z ✓ Uploaded dummy avatar: mxc://test.matrix.local/HckLdgKCDMmRAgJMcXCOFVCz
Linux Desktop Tests (0)	UNKNOWN STEP	2026-02-25T19:49:38.5687428Z   ✓ Set room avatar to mxc://test.matrix.local/HckLdgKCDMmRAgJMcXCOFVCz
Linux Desktop Tests (0)	UNKNOWN STEP	2026-02-25T19:49:38.5687900Z 
Linux Desktop Tests (0)	UNKNOWN STEP	2026-02-25T19:49:38.5688055Z ============================================================
Linux Desktop Tests (0)	UNKNOWN STEP	2026-02-25T19:49:38.5688569Z ✅ Matrix test server initialized successfully!
Linux Desktop Tests (0)	UNKNOWN STEP	2026-02-25T19:49:38.5689001Z ============================================================
Linux Desktop Tests (0)	UNKNOWN STEP	2026-02-25T19:49:38.5689278Z 
Linux Desktop Tests (0)	UNKNOWN STEP	2026-02-25T19:49:38.5689609Z 📝 Test Users:
Linux Desktop Tests (0)	UNKNOWN STEP	2026-02-25T19:49:38.5689870Z   testuser1
Linux Desktop Tests (0)	UNKNOWN STEP	2026-02-25T19:49:38.5690168Z     ID: @testuser1:test.matrix.local
Linux Desktop Tests (0)	UNKNOWN STEP	2026-02-25T19:49:38.5690584Z     Password: testpass123
Linux Desktop Tests (0)	UNKNOWN STEP	2026-02-25T19:49:38.5690922Z   testuser2
Linux Desktop Tests (0)	UNKNOWN STEP	2026-02-25T19:49:38.5691226Z     ID: @testuser2:test.matrix.local
Linux Desktop Tests (0)	UNKNOWN STEP	2026-02-25T19:49:38.5691702Z     Password: testpass123
Linux Desktop Tests (0)	UNKNOWN STEP	2026-02-25T19:49:38.5692101Z   testadmin
Linux Desktop Tests (0)	UNKNOWN STEP	2026-02-25T19:49:38.5692406Z     ID: @testadmin:test.matrix.local
Linux Desktop Tests (0)	UNKNOWN STEP	2026-02-25T19:49:38.5692848Z     Password: testpass123
Linux Desktop Tests (0)	UNKNOWN STEP	2026-02-25T19:49:38.5693083Z 
Linux Desktop Tests (0)	UNKNOWN STEP	2026-02-25T19:49:38.5693259Z 🏠 Test Rooms:
Linux Desktop Tests (0)	UNKNOWN STEP	2026-02-25T19:49:38.5693564Z   test_general (with messages)
Linux Desktop Tests (0)	UNKNOWN STEP	2026-02-25T19:49:38.5693997Z     ID: !bLGkSzGqjoZqtLMIsv:test.matrix.local
Linux Desktop Tests (0)	UNKNOWN STEP	2026-02-25T19:49:38.5694497Z   test_photos (with messages)
Linux Desktop Tests (0)	UNKNOWN STEP	2026-02-25T19:49:38.5694952Z     ID: !OTYSZaAkqjpMZhCccJ:test.matrix.local
Linux Desktop Tests (0)	UNKNOWN STEP	2026-02-25T19:49:38.5695431Z   test_art (empty)
Linux Desktop Tests (0)	UNKNOWN STEP	2026-02-25T19:49:38.5695829Z     ID: !kHllindmWDyGGUSuAF:test.matrix.local
Linux Desktop Tests (0)	UNKNOWN STEP	2026-02-25T19:49:38.5696330Z   test_invite_only (with messages)
Linux Desktop Tests (0)	UNKNOWN STEP	2026-02-25T19:49:38.5696807Z     ID: !oyJWzNzzkVKFKCNlJW:test.matrix.local
Linux Desktop Tests (0)	UNKNOWN STEP	2026-02-25T19:49:38.5697279Z   test_avatar (empty)
Linux Desktop Tests (0)	UNKNOWN STEP	2026-02-25T19:49:38.5697688Z     ID: !CMmpjNASjtryLiEoYK:test.matrix.local
Linux Desktop Tests (0)	UNKNOWN STEP	2026-02-25T19:49:38.5698038Z 
Linux Desktop Tests (0)	UNKNOWN STEP	2026-02-25T19:49:38.5698300Z 🔑 Test Credentials for Integration Tests:
Linux Desktop Tests (0)	UNKNOWN STEP	2026-02-25T19:49:38.5698811Z   Server:    http://matrix-synapse:8008
Linux Desktop Tests (0)	UNKNOWN STEP	2026-02-25T19:49:38.5699496Z   Test User: testuser1
Linux Desktop Tests (0)	UNKNOWN STEP	2026-02-25T19:49:38.5699906Z   Password:  testpass123
Linux Desktop Tests (0)	UNKNOWN STEP	2026-02-25T19:49:38.5700159Z 
Linux Desktop Tests (0)	UNKNOWN STEP	2026-02-25T19:49:38.5700294Z Room Status:
Linux Desktop Tests (0)	UNKNOWN STEP	2026-02-25T19:49:38.5700964Z   test_general - 5 text + image/video/audio messages (for testing message lists and media rendering)
Linux Desktop Tests (0)	UNKNOWN STEP	2026-02-25T19:49:38.5702028Z   test_photos  - 3 text + image/video/audio messages (for testing photo/media content)
Linux Desktop Tests (0)	UNKNOWN STEP	2026-02-25T19:49:38.5702812Z   test_art     - 0 messages (for testing empty rooms)
Linux Desktop Tests (0)	UNKNOWN STEP	2026-02-25T19:49:38.5703473Z ✓ Logged in user: @testuser1:test.matrix.local
Linux Desktop Tests (0)	UNKNOWN STEP	2026-02-25T19:49:38.5703827Z 
Linux Desktop Tests (0)	UNKNOWN STEP	2026-02-25T19:49:38.5704080Z   📋 Public room directory has 5 room(s):
Linux Desktop Tests (0)	UNKNOWN STEP	2026-02-25T19:49:38.5704634Z     - test_art (!kHllindmWDyGGUSuAF:test.matrix.local)
Linux Desktop Tests (0)	UNKNOWN STEP	2026-02-25T19:49:38.5705263Z     - test_general (!bLGkSzGqjoZqtLMIsv:test.matrix.local)
Linux Desktop Tests (0)	UNKNOWN STEP	2026-02-25T19:49:38.5705880Z     - test_photos (!OTYSZaAkqjpMZhCccJ:test.matrix.local)
Linux Desktop Tests (0)	UNKNOWN STEP	2026-02-25T19:49:38.5706492Z     - test_avatar (!CMmpjNASjtryLiEoYK:test.matrix.local)
Linux Desktop Tests (0)	UNKNOWN STEP	2026-02-25T19:49:38.5707168Z     - test_invite_only (!oyJWzNzzkVKFKCNlJW:test.matrix.local)
Linux Desktop Tests (0)	UNKNOWN STEP	2026-02-25T19:49:38.5707834Z 
Linux Desktop Tests (0)	UNKNOWN STEP	2026-02-25T19:49:38.7135878Z ##[group]Run xvfb-run --auto-servernum --server-args="-screen 0 1280x1024x24" ./scripts/test.sh linux --no-docker --shard 0 --total-shards 7
Linux Desktop Tests (0)	UNKNOWN STEP	2026-02-25T19:49:38.7136898Z [36;1mxvfb-run --auto-servernum --server-args="-screen 0 1280x1024x24" ./scripts/test.sh linux --no-docker --shard 0 --total-shards 7[0m
Linux Desktop Tests (0)	UNKNOWN STEP	2026-02-25T19:49:38.7186109Z shell: /usr/bin/bash -e {0}
Linux Desktop Tests (0)	UNKNOWN STEP	2026-02-25T19:49:38.7186369Z env:
Linux Desktop Tests (0)	UNKNOWN STEP	2026-02-25T19:49:38.7186551Z   CACHE_VERSION: v1
Linux Desktop Tests (0)	UNKNOWN STEP	2026-02-25T19:49:38.7186856Z   FLUTTER_ROOT: /opt/hostedtoolcache/flutter/stable-3.41.2-x64
Linux Desktop Tests (0)	UNKNOWN STEP	2026-02-25T19:49:38.7187216Z   PUB_CACHE: /home/runner/.pub-cache
Linux Desktop Tests (0)	UNKNOWN STEP	2026-02-25T19:49:38.7187509Z   MATRIX_SERVER: http://localhost:8008
Linux Desktop Tests (0)	UNKNOWN STEP	2026-02-25T19:49:38.7187778Z   MATRIX_TEST_USER: testuser1
Linux Desktop Tests (0)	UNKNOWN STEP	2026-02-25T19:49:38.7188021Z   MATRIX_TEST_PASSWORD: testpass123
Linux Desktop Tests (0)	UNKNOWN STEP	2026-02-25T19:49:38.7188270Z ##[endgroup]
Linux Desktop Tests (0)	UNKNOWN STEP	2026-02-25T19:49:41.5452314Z [1m
Linux Desktop Tests (0)	UNKNOWN STEP	2026-02-25T19:49:41.5452690Z   Substitution Test Runner
Linux Desktop Tests (0)	UNKNOWN STEP	2026-02-25T19:49:41.5466400Z   2026-02-25 19:49:41
Linux Desktop Tests (0)	UNKNOWN STEP	2026-02-25T19:49:41.5466820Z   Targets: linux
Linux Desktop Tests (0)	UNKNOWN STEP	2026-02-25T19:49:41.5467189Z [0m
Linux Desktop Tests (0)	UNKNOWN STEP	2026-02-25T19:49:41.5474481Z [0;34m[INFO][0m Fetching Flutter dependencies...
Linux Desktop Tests (0)	UNKNOWN STEP	2026-02-25T19:49:42.5756507Z   unorm_dart 0.2.0 (0.3.2 available)
Linux Desktop Tests (0)	UNKNOWN STEP	2026-02-25T19:49:42.5757033Z   win32 5.15.0 (6.0.0 available)
Linux Desktop Tests (0)	UNKNOWN STEP	2026-02-25T19:49:42.5757319Z Got dependencies!
Linux Desktop Tests (0)	UNKNOWN STEP	2026-02-25T19:49:42.5757666Z 7 packages have newer versions incompatible with dependency constraints.
Linux Desktop Tests (0)	UNKNOWN STEP	2026-02-25T19:49:42.5758083Z Try `flutter pub outdated` for more information.
Linux Desktop Tests (0)	UNKNOWN STEP	2026-02-25T19:49:42.5758749Z [0;32m[OK][0m Dependencies fetched
Linux Desktop Tests (0)	UNKNOWN STEP	2026-02-25T19:49:42.5776346Z [0;34m[INFO][0m Target: linux
Linux Desktop Tests (0)	UNKNOWN STEP	2026-02-25T19:49:42.5776836Z 
Linux Desktop Tests (0)	UNKNOWN STEP	2026-02-25T19:49:42.5777673Z [1m━━━ Linux Desktop Tests ━━━[0m
Linux Desktop Tests (0)	UNKNOWN STEP	2026-02-25T19:49:42.5778004Z 
Linux Desktop Tests (0)	UNKNOWN STEP	2026-02-25T19:49:42.5785132Z [0;34m[INFO][0m Enabling Linux desktop support...
Linux Desktop Tests (0)	UNKNOWN STEP	2026-02-25T19:49:42.8606033Z [0;34m[INFO][0m Shard 0/7: running 5 of 32 files
Linux Desktop Tests (0)	UNKNOWN STEP	2026-02-25T19:49:42.8606803Z [0;34m[INFO][0m Running 5 integration test(s) on Linux...
Linux Desktop Tests (0)	UNKNOWN STEP	2026-02-25T19:49:42.8607521Z [0;34m[INFO][0m   Running: integration_test/app_test.dart
Linux Desktop Tests (0)	UNKNOWN STEP	2026-02-25T19:49:44.6289243Z 00:00 +0: loading /home/runner/work/substitution/substitution/integration_test/app_test.dart
Linux Desktop Tests (0)	UNKNOWN STEP	2026-02-25T19:50:17.5420158Z Building Linux application...                                   
Linux Desktop Tests (0)	UNKNOWN STEP	2026-02-25T19:50:17.5447576Z ✓ Built build/linux/x64/debug/bundle/substitution
Linux Desktop Tests (0)	UNKNOWN STEP	2026-02-25T19:50:21.6215604Z 00:00 +0: Substitution App - Base Integration Tests App starts and displays home page
Linux Desktop Tests (0)	UNKNOWN STEP	2026-02-25T19:50:22.1870654Z Waiting for globalMatrixClient to be initialized...
Linux Desktop Tests (0)	UNKNOWN STEP	2026-02-25T19:50:22.4098901Z [90m[🌎 Easy Localization] [DEBUG] Localization initialized[0m
Linux Desktop Tests (0)	UNKNOWN STEP	2026-02-25T19:50:22.4128390Z [Matrix] [32mInitialize client Substitution[0m
Linux Desktop Tests (0)	UNKNOWN STEP	2026-02-25T19:50:22.4207497Z [Matrix] [32mUser is not logged in.[0m
Linux Desktop Tests (0)	UNKNOWN STEP	2026-02-25T19:50:22.4240702Z [90m[🌎 Easy Localization] [DEBUG] Start[0m
Linux Desktop Tests (0)	UNKNOWN STEP	2026-02-25T19:50:22.6993792Z [90m[🌎 Easy Localization] [DEBUG] Init state[0m
Linux Desktop Tests (0)	UNKNOWN STEP	2026-02-25T19:50:22.7009277Z [90m[🌎 Easy Localization] [DEBUG] Build[0m
Linux Desktop Tests (0)	UNKNOWN STEP	2026-02-25T19:50:22.7015428Z [90m[🌎 Easy Localization] [DEBUG] Init Localization Delegate[0m
Linux Desktop Tests (0)	UNKNOWN STEP	2026-02-25T19:50:22.7022585Z [90m[🌎 Easy Localization] [DEBUG] Init provider[0m
Linux Desktop Tests (0)	UNKNOWN STEP	2026-02-25T19:50:22.8368268Z [90m[🌎 Easy Localization] [DEBUG] Load Localization Delegate[0m
Linux Desktop Tests (0)	UNKNOWN STEP	2026-02-25T19:50:22.8376317Z [90m[🌎 Easy Localization] [DEBUG] Load asset from assets/translations[0m
Linux Desktop Tests (0)	UNKNOWN STEP	2026-02-25T19:50:22.9400234Z globalMatrixClient initialized!
Linux Desktop Tests (0)	UNKNOWN STEP	2026-02-25T19:50:23.2564620Z [90m[🌎 Easy Localization] [DEBUG] Build[0m
Linux Desktop Tests (0)	UNKNOWN STEP	2026-02-25T19:50:23.2567460Z [90m[🌎 Easy Localization] [DEBUG] Init Localization Delegate[0m
Linux Desktop Tests (0)	UNKNOWN STEP	2026-02-25T19:50:23.2568258Z [90m[🌎 Easy Localization] [DEBUG] Init provider[0m
Linux Desktop Tests (0)	UNKNOWN STEP	2026-02-25T19:50:26.7261434Z No Age Gate detected (or already passed).
Linux Desktop Tests (0)	UNKNOWN STEP	2026-02-25T19:50:29.8918682Z No Age Gate detected (or already passed).
Linux Desktop Tests (0)	UNKNOWN STEP	2026-02-25T19:50:35.1886905Z 00:13 +1: Substitution App - Base Integration Tests App handles Matrix connection
Linux Desktop Tests (0)	UNKNOWN STEP	2026-02-25T19:50:35.2309874Z *** sqflite warning ***
Linux Desktop Tests (0)	UNKNOWN STEP	2026-02-25T19:50:35.2312251Z 
Linux Desktop Tests (0)	UNKNOWN STEP	2026-02-25T19:50:35.2312496Z You are changing sqflite default factory.
Linux Desktop Tests (0)	UNKNOWN STEP	2026-02-25T19:50:35.2313172Z Be aware of the potential side effects. Any library using sqflite
Linux Desktop Tests (0)	UNKNOWN STEP	2026-02-25T19:50:35.2313954Z will have this factory as the default for all operations.
Linux Desktop Tests (0)	UNKNOWN STEP	2026-02-25T19:50:35.2314397Z 
Linux Desktop Tests (0)	UNKNOWN STEP	2026-02-25T19:50:35.2314559Z *** sqflite warning ***
Linux Desktop Tests (0)	UNKNOWN STEP	2026-02-25T19:50:35.2314825Z 
Linux Desktop Tests (0)	UNKNOWN STEP	2026-02-25T19:50:35.2315068Z Waiting for globalMatrixClient to be initialized...
Linux Desktop Tests (0)	UNKNOWN STEP	2026-02-25T19:50:35.2317944Z globalMatrixClient initialized!
Linux Desktop Tests (0)	UNKNOWN STEP	2026-02-25T19:50:35.3077061Z [90m[🌎 Easy Localization] [DEBUG] Localization initialized[0m
Linux Desktop Tests (0)	UNKNOWN STEP	2026-02-25T19:50:35.3088201Z [Matrix] [32mInitialize client Substitution[0m
Linux Desktop Tests (0)	UNKNOWN STEP	2026-02-25T19:50:35.3088910Z [Matrix] [32mUser is not logged in.[0m
Linux Desktop Tests (0)	UNKNOWN STEP	2026-02-25T19:50:35.3094224Z [90m[🌎 Easy Localization] [DEBUG] Start[0m
Linux Desktop Tests (0)	UNKNOWN STEP	2026-02-25T19:50:35.5396202Z 00:13 +1: Substitution App - Base Integration Tests App starts and displays home page
Linux Desktop Tests (0)	UNKNOWN STEP	2026-02-25T19:50:35.5397401Z [90m[🌎 Easy Localization] [DEBUG] Init state[0m
Linux Desktop Tests (0)	UNKNOWN STEP	2026-02-25T19:50:35.5398201Z [90m[🌎 Easy Localization] [DEBUG] Build[0m
Linux Desktop Tests (0)	UNKNOWN STEP	2026-02-25T19:50:35.5402052Z [90m[🌎 Easy Localization] [DEBUG] Init Localization Delegate[0m
Linux Desktop Tests (0)	UNKNOWN STEP	2026-02-25T19:50:35.5403052Z [90m[🌎 Easy Localization] [DEBUG] Init provider[0m
Linux Desktop Tests (0)	UNKNOWN STEP	2026-02-25T19:50:35.5471449Z [90m[🌎 Easy Localization] [DEBUG] Load Localization Delegate[0m
Linux Desktop Tests (0)	UNKNOWN STEP	2026-02-25T19:50:35.5474029Z [90m[🌎 Easy Localization] [DEBUG] Load asset from assets/translations[0m
Linux Desktop Tests (0)	UNKNOWN STEP	2026-02-25T19:50:35.8561278Z [90m[🌎 Easy Localization] [DEBUG] Build[0m
Linux Desktop Tests (0)	UNKNOWN STEP	2026-02-25T19:50:35.8562713Z [90m[🌎 Easy Localization] [DEBUG] Init Localization Delegate[0m
Linux Desktop Tests (0)	UNKNOWN STEP	2026-02-25T19:50:35.8563837Z [90m[🌎 Easy Localization] [DEBUG] Init provider[0m
Linux Desktop Tests (0)	UNKNOWN STEP	2026-02-25T19:50:38.4251050Z 00:16 +1: Substitution App - Base Integration Tests App handles Matrix connection
Linux Desktop Tests (0)	UNKNOWN STEP	2026-02-25T19:50:38.4251828Z No Age Gate detected (or already passed).
Linux Desktop Tests (0)	UNKNOWN STEP	2026-02-25T19:50:43.6281411Z 00:22 +2: Substitution App - Base Integration Tests Navigation works correctly
Linux Desktop Tests (0)	UNKNOWN STEP	2026-02-25T19:50:43.6552831Z *** sqflite warning ***
Linux Desktop Tests (0)	UNKNOWN STEP	2026-02-25T19:50:43.6553167Z 
Linux Desktop Tests (0)	UNKNOWN STEP	2026-02-25T19:50:43.6553371Z You are changing sqflite default factory.
Linux Desktop Tests (0)	UNKNOWN STEP	2026-02-25T19:50:43.6554014Z Be aware of the potential side effects. Any library using sqflite
Linux Desktop Tests (0)	UNKNOWN STEP	2026-02-25T19:50:43.6554729Z will have this factory as the default for all operations.
Linux Desktop Tests (0)	UNKNOWN STEP	2026-02-25T19:50:43.6555147Z 
Linux Desktop Tests (0)	UNKNOWN STEP	2026-02-25T19:50:43.6555296Z *** sqflite warning ***
Linux Desktop Tests (0)	UNKNOWN STEP	2026-02-25T19:50:43.6555527Z 
Linux Desktop Tests (0)	UNKNOWN STEP	2026-02-25T19:50:43.6555755Z Waiting for globalMatrixClient to be initialized...
Linux Desktop Tests (0)	UNKNOWN STEP	2026-02-25T19:50:43.6556311Z globalMatrixClient initialized!
Linux Desktop Tests (0)	UNKNOWN STEP	2026-02-25T19:50:43.7216662Z [90m[🌎 Easy Localization] [DEBUG] Localization initialized[0m
Linux Desktop Tests (0)	UNKNOWN STEP	2026-02-25T19:50:43.7218241Z [Matrix] [32mInitialize client Substitution[0m
Linux Desktop Tests (0)	UNKNOWN STEP	2026-02-25T19:50:43.7228950Z [Matrix] [32mUser is not logged in.[0m
Linux Desktop Tests (0)	UNKNOWN STEP	2026-02-25T19:50:43.7235266Z [90m[🌎 Easy Localization] [DEBUG] Start[0m
Linux Desktop Tests (0)	UNKNOWN STEP	2026-02-25T19:50:43.9735160Z 00:22 +2: Substitution App - Base Integration Tests App starts and displays home page
Linux Desktop Tests (0)	UNKNOWN STEP	2026-02-25T19:50:43.9736524Z [90m[🌎 Easy Localization] [DEBUG] Init state[0m
Linux Desktop Tests (0)	UNKNOWN STEP	2026-02-25T19:50:43.9737183Z [90m[🌎 Easy Localization] [DEBUG] Build[0m
Linux Desktop Tests (0)	UNKNOWN STEP	2026-02-25T19:50:43.9738086Z [90m[🌎 Easy Localization] [DEBUG] Init Localization Delegate[0m
Linux Desktop Tests (0)	UNKNOWN STEP	2026-02-25T19:50:43.9738871Z [90m[🌎 Easy Localization] [DEBUG] Init provider[0m
Linux Desktop Tests (0)	UNKNOWN STEP	2026-02-25T19:50:43.9790179Z [90m[🌎 Easy Localization] [DEBUG] Load Localization Delegate[0m
Linux Desktop Tests (0)	UNKNOWN STEP	2026-02-25T19:50:43.9792389Z [90m[🌎 Easy Localization] [DEBUG] Load asset from assets/translations[0m
Linux Desktop Tests (0)	UNKNOWN STEP	2026-02-25T19:50:44.2889046Z [90m[🌎 Easy Localization] [DEBUG] Build[0m
Linux Desktop Tests (0)	UNKNOWN STEP	2026-02-25T19:50:44.2891196Z [90m[🌎 Easy Localization] [DEBUG] Init Localization Delegate[0m
Linux Desktop Tests (0)	UNKNOWN STEP	2026-02-25T19:50:44.2891928Z [90m[🌎 Easy Localization] [DEBUG] Init provider[0m
Linux Desktop Tests (0)	UNKNOWN STEP	2026-02-25T19:50:46.8583396Z 00:25 +2: Substitution App - Base Integration Tests Navigation works correctly
Linux Desktop Tests (0)	UNKNOWN STEP	2026-02-25T19:50:46.8583869Z No Age Gate detected (or already passed).
Linux Desktop Tests (0)	UNKNOWN STEP	2026-02-25T19:50:52.0600392Z 00:30 +3: Substitution App - Base Integration Tests App handles orientation changes
Linux Desktop Tests (0)	UNKNOWN STEP	2026-02-25T19:50:52.0874607Z *** sqflite warning ***
Linux Desktop Tests (0)	UNKNOWN STEP	2026-02-25T19:50:52.0874925Z 
Linux Desktop Tests (0)	UNKNOWN STEP	2026-02-25T19:50:52.0875115Z You are changing sqflite default factory.
Linux Desktop Tests (0)	UNKNOWN STEP	2026-02-25T19:50:52.0875771Z Be aware of the potential side effects. Any library using sqflite
Linux Desktop Tests (0)	UNKNOWN STEP	2026-02-25T19:50:52.0876508Z will have this factory as the default for all operations.
Linux Desktop Tests (0)	UNKNOWN STEP	2026-02-25T19:50:52.0876931Z 
Linux Desktop Tests (0)	UNKNOWN STEP	2026-02-25T19:50:52.0877084Z *** sqflite warning ***
Linux Desktop Tests (0)	UNKNOWN STEP	2026-02-25T19:50:52.0877325Z 
Linux Desktop Tests (0)	UNKNOWN STEP	2026-02-25T19:50:52.0877565Z Waiting for globalMatrixClient to be initialized...
Linux Desktop Tests (0)	UNKNOWN STEP	2026-02-25T19:50:52.0878140Z globalMatrixClient initialized!
Linux Desktop Tests (0)	UNKNOWN STEP	2026-02-25T19:50:52.1387073Z [90m[🌎 Easy Localization] [DEBUG] Localization initialized[0m
Linux Desktop Tests (0)	UNKNOWN STEP	2026-02-25T19:50:52.1388001Z [Matrix] [32mInitialize client Substitution[0m
Linux Desktop Tests (0)	UNKNOWN STEP	2026-02-25T19:50:52.1406717Z [Matrix] [32mUser is not logged in.[0m
Linux Desktop Tests (0)	UNKNOWN STEP	2026-02-25T19:50:52.1407325Z [90m[🌎 Easy Localization] [DEBUG] Start[0m
Linux Desktop Tests (0)	UNKNOWN STEP	2026-02-25T19:50:52.4075159Z 00:30 +3: Substitution App - Base Integration Tests App starts and displays home page
Linux Desktop Tests (0)	UNKNOWN STEP	2026-02-25T19:50:52.4076297Z [90m[🌎 Easy Localization] [DEBUG] Init state[0m
Linux Desktop Tests (0)	UNKNOWN STEP	2026-02-25T19:50:52.4080336Z [90m[🌎 Easy Localization] [DEBUG] Build[0m
Linux Desktop Tests (0)	UNKNOWN STEP	2026-02-25T19:50:52.4081122Z [90m[🌎 Easy Localization] [DEBUG] Init Localization Delegate[0m
Linux Desktop Tests (0)	UNKNOWN STEP	2026-02-25T19:50:52.4081869Z [90m[🌎 Easy Localization] [DEBUG] Init provider[0m
Linux Desktop Tests (0)	UNKNOWN STEP	2026-02-25T19:50:52.4143528Z [90m[🌎 Easy Localization] [DEBUG] Load Localization Delegate[0m
Linux Desktop Tests (0)	UNKNOWN STEP	2026-02-25T19:50:52.4145449Z [90m[🌎 Easy Localization] [DEBUG] Load asset from assets/translations[0m
Linux Desktop Tests (0)	UNKNOWN STEP	2026-02-25T19:50:52.7233361Z [90m[🌎 Easy Localization] [DEBUG] Build[0m
Linux Desktop Tests (0)	UNKNOWN STEP	2026-02-25T19:50:52.7234233Z [90m[🌎 Easy Localization] [DEBUG] Init Localization Delegate[0m
Linux Desktop Tests (0)	UNKNOWN STEP	2026-02-25T19:50:52.7235008Z [90m[🌎 Easy Localization] [DEBUG] Init provider[0m
Linux Desktop Tests (0)	UNKNOWN STEP	2026-02-25T19:50:55.3084405Z 00:33 +3: Substitution App - Base Integration Tests App handles orientation changes
Linux Desktop Tests (0)	UNKNOWN STEP	2026-02-25T19:50:55.3085212Z No Age Gate detected (or already passed).
Linux Desktop Tests (0)	UNKNOWN STEP	2026-02-25T19:51:10.8513350Z 00:49 +4: (tearDownAll)
Linux Desktop Tests (0)	UNKNOWN STEP	2026-02-25T19:51:10.8673218Z 00:49 +4: All tests passed!
Linux Desktop Tests (0)	UNKNOWN STEP	2026-02-25T19:51:10.9068180Z [0;34m[INFO][0m   Running: integration_test/feed_with_matrix_test.dart
Linux Desktop Tests (0)	UNKNOWN STEP	2026-02-25T19:51:11.9212201Z 00:00 +0: loading /home/runner/work/substitution/substitution/integration_test/feed_with_matrix_test.dart
Linux Desktop Tests (0)	UNKNOWN STEP	2026-02-25T19:51:37.3337100Z Building Linux application...                                   
Linux Desktop Tests (0)	UNKNOWN STEP	2026-02-25T19:51:37.3365596Z ✓ Built build/linux/x64/debug/bundle/substitution
Linux Desktop Tests (0)	UNKNOWN STEP	2026-02-25T19:51:38.0058131Z 00:00 +0: (setUpAll)
Linux Desktop Tests (0)	UNKNOWN STEP	2026-02-25T19:51:38.0296736Z 00:00 +0: Feed with Real Matrix Server Display unified feed from multiple rooms
Linux Desktop Tests (0)	UNKNOWN STEP	2026-02-25T19:51:38.3856135Z *** sqflite warning ***
Linux Desktop Tests (0)	UNKNOWN STEP	2026-02-25T19:51:38.3857581Z 
Linux Desktop Tests (0)	UNKNOWN STEP	2026-02-25T19:51:38.3858142Z You are changing sqflite default factory.
Linux Desktop Tests (0)	UNKNOWN STEP	2026-02-25T19:51:38.3858832Z Be aware of the potential side effects. Any library using sqflite
Linux Desktop Tests (0)	UNKNOWN STEP	2026-02-25T19:51:38.3859577Z will have this factory as the default for all operations.
Linux Desktop Tests (0)	UNKNOWN STEP	2026-02-25T19:51:38.3860060Z 
Linux Desktop Tests (0)	UNKNOWN STEP	2026-02-25T19:51:38.3860221Z *** sqflite warning ***
Linux Desktop Tests (0)	UNKNOWN STEP	2026-02-25T19:51:38.3860455Z 
Linux Desktop Tests (0)	UNKNOWN STEP	2026-02-25T19:51:38.4475641Z Waiting for globalMatrixClient to be initialized...
Linux Desktop Tests (0)	UNKNOWN STEP	2026-02-25T19:51:38.5079889Z [90m[🌎 Easy Localization] [DEBUG] Localization initialized[0m
Linux Desktop Tests (0)	UNKNOWN STEP	2026-02-25T19:51:38.5099066Z [Matrix] [32mInitialize client Substitution[0m
Linux Desktop Tests (0)	UNKNOWN STEP	2026-02-25T19:51:38.5184814Z [Matrix] [32mUser is not logged in.[0m
Linux Desktop Tests (0)	UNKNOWN STEP	2026-02-25T19:51:38.5218531Z [90m[🌎 Easy Localization] [DEBUG] Start[0m
Linux Desktop Tests (0)	UNKNOWN STEP	2026-02-25T19:51:38.9630550Z [90m[🌎 Easy Localization] [DEBUG] Init state[0m
Linux Desktop Tests (0)	UNKNOWN STEP	2026-02-25T19:51:38.9647056Z [90m[🌎 Easy Localization] [DEBUG] Build[0m
Linux Desktop Tests (0)	UNKNOWN STEP	2026-02-25T19:51:38.9655260Z [90m[🌎 Easy Localization] [DEBUG] Init Localization Delegate[0m
Linux Desktop Tests (0)	UNKNOWN STEP	2026-02-25T19:51:38.9662894Z [90m[🌎 Easy Localization] [DEBUG] Init provider[0m
Linux Desktop Tests (0)	UNKNOWN STEP	2026-02-25T19:51:39.0947246Z [90m[🌎 Easy Localization] [DEBUG] Load Localization Delegate[0m
Linux Desktop Tests (0)	UNKNOWN STEP	2026-02-25T19:51:39.0958496Z [90m[🌎 Easy Localization] [DEBUG] Load asset from assets/translations[0m
Linux Desktop Tests (0)	UNKNOWN STEP	2026-02-25T19:51:39.1999846Z globalMatrixClient initialized!
Linux Desktop Tests (0)	UNKNOWN STEP	2026-02-25T19:51:39.2000463Z Step 1: Checking for Age Gate, Intro, or Login fields...
Linux Desktop Tests (0)	UNKNOWN STEP	2026-02-25T19:51:39.7046594Z [90m[🌎 Easy Localization] [DEBUG] Build[0m
Linux Desktop Tests (0)	UNKNOWN STEP	2026-02-25T19:51:39.7049182Z [90m[🌎 Easy Localization] [DEBUG] Init Localization Delegate[0m
Linux Desktop Tests (0)	UNKNOWN STEP	2026-02-25T19:51:39.7050302Z [90m[🌎 Easy Localization] [DEBUG] Init provider[0m
Linux Desktop Tests (0)	UNKNOWN STEP	2026-02-25T19:51:40.2578415Z Found screen! AgeGate: false, Intro: true, Username: false, Host: false
Linux Desktop Tests (0)	UNKNOWN STEP	2026-02-25T19:51:40.2597013Z Step 2: Navigating through onboarding...
Linux Desktop Tests (0)	UNKNOWN STEP	2026-02-25T19:51:42.3429218Z Tapping Next button at step 0...
Linux Desktop Tests (0)	UNKNOWN STEP	2026-02-25T19:51:44.5066070Z Tapping Next button at step 1...
Linux Desktop Tests (0)	UNKNOWN STEP	2026-02-25T19:51:46.5903357Z Reached target page at step 2. Host: true, Username: false
Linux Desktop Tests (0)	UNKNOWN STEP	2026-02-25T19:51:46.5905947Z Onboarding navigation complete.
Linux Desktop Tests (0)	UNKNOWN STEP	2026-02-25T19:51:46.5906805Z Step 3: Entering host URL: http://localhost:8008
Linux Desktop Tests (0)	UNKNOWN STEP	2026-02-25T19:51:48.7912618Z Tapping host submit button...
Linux Desktop Tests (0)	UNKNOWN STEP	2026-02-25T19:51:50.9003512Z Waiting for login page to appear...
Linux Desktop Tests (0)	UNKNOWN STEP	2026-02-25T19:51:51.4610567Z Login page reached.
Linux Desktop Tests (0)	UNKNOWN STEP	2026-02-25T19:51:51.4611035Z Step 4: Looking for login fields...
Linux Desktop Tests (0)	UNKNOWN STEP	2026-02-25T19:51:51.4639796Z Entering username: testuser1
Linux Desktop Tests (0)	UNKNOWN STEP	2026-02-25T19:51:53.5895331Z Entering password...
Linux Desktop Tests (0)	UNKNOWN STEP	2026-02-25T19:51:55.7061478Z Tapping login submit button...
Linux Desktop Tests (0)	UNKNOWN STEP	2026-02-25T19:51:57.7880048Z Step 5: Waiting for finished page (introGoButton)...
Linux Desktop Tests (0)	UNKNOWN STEP	2026-02-25T19:51:58.0812173Z [Matrix] [32mInitialize client Substitution[0m
Linux Desktop Tests (0)	UNKNOWN STEP	2026-02-25T19:51:58.1092933Z [Matrix] [32mSuccessfully connected as testuser1 with http://localhost:8008[0m
Linux Desktop Tests (0)	UNKNOWN STEP	2026-02-25T19:51:59.3801380Z Finished page reached.
Linux Desktop Tests (0)	UNKNOWN STEP	2026-02-25T19:51:59.3803118Z Tapping Go button...
Linux Desktop Tests (0)	UNKNOWN STEP	2026-02-25T19:51:59.3851491Z Waiting for feed (Scrollable)...
Linux Desktop Tests (0)	UNKNOWN STEP	2026-02-25T19:51:59.5859073Z checking room test_general id: !bLGkSzGqjoZqtLMIsv:test.matrix.local
Linux Desktop Tests (0)	UNKNOWN STEP	2026-02-25T19:51:59.5880472Z checking room test_art id: !kHllindmWDyGGUSuAF:test.matrix.local
Linux Desktop Tests (0)	UNKNOWN STEP	2026-02-25T19:51:59.5881393Z checking room test_photos id: !OTYSZaAkqjpMZhCccJ:test.matrix.local
Linux Desktop Tests (0)	UNKNOWN STEP	2026-02-25T19:51:59.5882237Z checking room test_invite_only id: !oyJWzNzzkVKFKCNlJW:test.matrix.local
Linux Desktop Tests (0)	UNKNOWN STEP	2026-02-25T19:51:59.5883100Z checking room test_avatar id: !CMmpjNASjtryLiEoYK:test.matrix.local
Linux Desktop Tests (0)	UNKNOWN STEP	2026-02-25T19:51:59.5885256Z start quering new events...
Linux Desktop Tests (0)	UNKNOWN STEP	2026-02-25T19:51:59.5886334Z finished...
Linux Desktop Tests (0)	UNKNOWN STEP	2026-02-25T19:51:59.5887285Z ret is empty...
Linux Desktop Tests (0)	UNKNOWN STEP	2026-02-25T19:51:59.5887738Z no new things to append...
Linux Desktop Tests (0)	UNKNOWN STEP	2026-02-25T19:51:59.9014475Z Feed reached.
Linux Desktop Tests (0)	UNKNOWN STEP	2026-02-25T19:51:59.9016180Z ✓ Unified feed displayed with messages
Linux Desktop Tests (0)	UNKNOWN STEP	2026-02-25T19:51:59.9748282Z 00:21 +1: Feed with Real Matrix Server Feed displays content from test_general room (has 5 messages)
Linux Desktop Tests (0)	UNKNOWN STEP	2026-02-25T19:52:00.0575319Z *** sqflite warning ***
Linux Desktop Tests (0)	UNKNOWN STEP	2026-02-25T19:52:00.0575608Z 
Linux Desktop Tests (0)	UNKNOWN STEP	2026-02-25T19:52:00.0575781Z You are changing sqflite default factory.
Linux Desktop Tests (0)	UNKNOWN STEP	2026-02-25T19:52:00.0576371Z Be aware of the potential side effects. Any library using sqflite
Linux Desktop Tests (0)	UNKNOWN STEP	2026-02-25T19:52:00.0577001Z will have this factory as the default for all operations.
Linux Desktop Tests (0)	UNKNOWN STEP	2026-02-25T19:52:00.0577402Z 
Linux Desktop Tests (0)	UNKNOWN STEP	2026-02-25T19:52:00.0577547Z *** sqflite warning ***
Linux Desktop Tests (0)	UNKNOWN STEP	2026-02-25T19:52:00.0577746Z 
Linux Desktop Tests (0)	UNKNOWN STEP	2026-02-25T19:52:00.1091897Z Waiting for globalMatrixClient to be initialized...
Linux Desktop Tests (0)	UNKNOWN STEP	2026-02-25T19:52:00.1306632Z [90m[🌎 Easy Localization] [DEBUG] Localization initialized[0m
Linux Desktop Tests (0)	UNKNOWN STEP	2026-02-25T19:52:00.1307149Z [Matrix] [32mInitialize client Substitution[0m
Linux Desktop Tests (0)	UNKNOWN STEP	2026-02-25T19:52:00.1317747Z [Matrix] [32mUser is not logged in.[0m
Linux Desktop Tests (0)	UNKNOWN STEP	2026-02-25T19:52:00.1326119Z [90m[🌎 Easy Localization] [DEBUG] Start[0m
Linux Desktop Tests (0)	UNKNOWN STEP	2026-02-25T19:52:00.6218136Z 00:22 +1: Feed with Real Matrix Server Display unified feed from multiple rooms
Linux Desktop Tests (0)	UNKNOWN STEP	2026-02-25T19:52:00.6220370Z [90m[🌎 Easy Localization] [DEBUG] Init state[0m
Linux Desktop Tests (0)	UNKNOWN STEP	2026-02-25T19:52:00.6222111Z [90m[🌎 Easy Localization] [DEBUG] Build[0m
Linux Desktop Tests (0)	UNKNOWN STEP	2026-02-25T19:52:00.6222839Z [90m[🌎 Easy Localization] [DEBUG] Init Localization Delegate[0m
Linux Desktop Tests (0)	UNKNOWN STEP	2026-02-25T19:52:00.6223456Z [90m[🌎 Easy Localization] [DEBUG] Init provider[0m
Linux Desktop Tests (0)	UNKNOWN STEP	2026-02-25T19:52:00.6311771Z [90m[🌎 Easy Localization] [DEBUG] Load Localization Delegate[0m
Linux Desktop Tests (0)	UNKNOWN STEP	2026-02-25T19:52:00.6314227Z [90m[🌎 Easy Localization] [DEBUG] Load asset from assets/translations[0m
Linux Desktop Tests (0)	UNKNOWN STEP	2026-02-25T19:52:00.6356980Z 00:22 +1: Feed with Real Matrix Server Feed displays content from test_general room (has 5 messages)
Linux Desktop Tests (0)	UNKNOWN STEP	2026-02-25T19:52:00.6357955Z globalMatrixClient initialized!
Linux Desktop Tests (0)	UNKNOWN STEP	2026-02-25T19:52:00.6358866Z Step 1: Checking for Age Gate, Intro, or Login fields...
Linux Desktop Tests (0)	UNKNOWN STEP	2026-02-25T19:52:01.1543742Z 00:23 +1: Feed with Real Matrix Server Display unified feed from multiple rooms
Linux Desktop Tests (0)	UNKNOWN STEP	2026-02-25T19:52:01.1546455Z [90m[🌎 Easy Localization] [DEBUG] Build[0m
Linux Desktop Tests (0)	UNKNOWN STEP	2026-02-25T19:52:01.1547205Z [90m[🌎 Easy Localization] [DEBUG] Init Localization Delegate[0m
Linux Desktop Tests (0)	UNKNOWN STEP	2026-02-25T19:52:01.1547962Z [90m[🌎 Easy Localization] [DEBUG] Init provider[0m
Linux Desktop Tests (0)	UNKNOWN STEP	2026-02-25T19:52:01.1938854Z 00:23 +1: Feed with Real Matrix Server Feed displays content from test_general room (has 5 messages)
Linux Desktop Tests (0)	UNKNOWN STEP	2026-02-25T19:52:01.1940223Z Found screen! AgeGate: false, Intro: true, Username: false, Host: false
Linux Desktop Tests (0)	UNKNOWN STEP	2026-02-25T19:52:01.1940685Z Step 2: Navigating through onboarding...
Linux Desktop Tests (0)	UNKNOWN STEP	2026-02-25T19:52:03.2574574Z Tapping Next button at step 0...
Linux Desktop Tests (0)	UNKNOWN STEP	2026-02-25T19:52:05.3391244Z Tapping Next button at step 1...
Linux Desktop Tests (0)	UNKNOWN STEP	2026-02-25T19:52:07.4238974Z Reached target page at step 2. Host: true, Username: false
Linux Desktop Tests (0)	UNKNOWN STEP	2026-02-25T19:52:07.4239804Z Onboarding navigation complete.
Linux Desktop Tests (0)	UNKNOWN STEP	2026-02-25T19:52:07.4242973Z Step 3: Entering host URL: http://localhost:8008
Linux Desktop Tests (0)	UNKNOWN STEP	2026-02-25T19:52:09.5563659Z Tapping host submit button...
Linux Desktop Tests (0)	UNKNOWN STEP	2026-02-25T19:52:11.6288574Z Waiting for login page to appear...
Linux Desktop Tests (0)	UNKNOWN STEP	2026-02-25T19:52:12.1564361Z Login page reached.
Linux Desktop Tests (0)	UNKNOWN STEP	2026-02-25T19:52:12.1565135Z Step 4: Looking for login fields...
Linux Desktop Tests (0)	UNKNOWN STEP	2026-02-25T19:52:12.1566261Z Entering username: testuser1
Linux Desktop Tests (0)	UNKNOWN STEP	2026-02-25T19:52:14.3067432Z Entering password...
Linux Desktop Tests (0)	UNKNOWN STEP	2026-02-25T19:52:16.4235135Z Tapping login submit button...
Linux Desktop Tests (0)	UNKNOWN STEP	2026-02-25T19:52:18.4974913Z Step 5: Waiting for finished page (introGoButton)...
Linux Desktop Tests (0)	UNKNOWN STEP	2026-02-25T19:52:18.7920863Z [Matrix] [32mInitialize client Substitution[0m
Linux Desktop Tests (0)	UNKNOWN STEP	2026-02-25T19:52:18.7955374Z 00:40 +1: Feed with Real Matrix Server Display unified feed from multiple rooms
Linux Desktop Tests (0)	UNKNOWN STEP	2026-02-25T19:52:18.7957837Z [Matrix] [33mCurrent sync request ID has changed. Dropping this sync loop![0m
Linux Desktop Tests (0)	UNKNOWN STEP	2026-02-25T19:52:18.8090910Z 00:40 +1: Feed with Real Matrix Server Feed displays content from test_general room (has 5 messages)
Linux Desktop Tests (0)	UNKNOWN STEP	2026-02-25T19:52:18.8092195Z [Matrix] [32mSuccessfully connected as testuser1 with http://localhost:8008[0m
Linux Desktop Tests (0)	UNKNOWN STEP	2026-02-25T19:52:20.0775588Z Finished page reached.
Linux Desktop Tests (0)	UNKNOWN STEP	2026-02-25T19:52:20.0776443Z Tapping Go button...
Linux Desktop Tests (0)	UNKNOWN STEP	2026-02-25T19:52:20.0817505Z Waiting for feed (Scrollable)...
Linux Desktop Tests (0)	UNKNOWN STEP	2026-02-25T19:52:20.1967156Z 00:42 +1: Feed with Real Matrix Server Display unified feed from multiple rooms
Linux Desktop Tests (0)	UNKNOWN STEP	2026-02-25T19:52:20.1968556Z checking room test_general id: !bLGkSzGqjoZqtLMIsv:test.matrix.local
Linux Desktop Tests (0)	UNKNOWN STEP	2026-02-25T19:52:20.1970607Z checking room test_art id: !kHllindmWDyGGUSuAF:test.matrix.local
Linux Desktop Tests (0)	UNKNOWN STEP	2026-02-25T19:52:20.1971574Z checking room test_photos id: !OTYSZaAkqjpMZhCccJ:test.matrix.local
Linux Desktop Tests (0)	UNKNOWN STEP	2026-02-25T19:52:20.1975162Z checking room test_invite_only id: !oyJWzNzzkVKFKCNlJW:test.matrix.local
Linux Desktop Tests (0)	UNKNOWN STEP	2026-02-25T19:52:20.1976125Z checking room test_avatar id: !CMmpjNASjtryLiEoYK:test.matrix.local
Linux Desktop Tests (0)	UNKNOWN STEP	2026-02-25T19:52:20.1976791Z start quering new events...
Linux Desktop Tests (0)	UNKNOWN STEP	2026-02-25T19:52:20.1977174Z finished...
Linux Desktop Tests (0)	UNKNOWN STEP	2026-02-25T19:52:20.1977471Z ret is empty...
Linux Desktop Tests (0)	UNKNOWN STEP	2026-02-25T19:52:20.1977820Z no new things to append...
Linux Desktop Tests (0)	UNKNOWN STEP	2026-02-25T19:52:20.5945464Z 00:42 +1: Feed with Real Matrix Server Feed displays content from test_general room (has 5 messages)
Linux Desktop Tests (0)	UNKNOWN STEP	2026-02-25T19:52:20.5946475Z Feed reached.
Linux Desktop Tests (0)	UNKNOWN STEP	2026-02-25T19:52:23.6905410Z ✓ Feed displays test_general room content
Linux Desktop Tests (0)	UNKNOWN STEP	2026-02-25T19:52:23.7305342Z 00:45 +2: Feed with Real Matrix Server Feed displays content from test_photos room (has 3 messages)
Linux Desktop Tests (0)	UNKNOWN STEP	2026-02-25T19:52:23.7879601Z *** sqflite warning ***
Linux Desktop Tests (0)	UNKNOWN STEP	2026-02-25T19:52:23.7879911Z 
Linux Desktop Tests (0)	UNKNOWN STEP	2026-02-25T19:52:23.7881591Z You are changing sqflite default factory.
Linux Desktop Tests (0)	UNKNOWN STEP	2026-02-25T19:52:23.7882510Z Be aware of the potential side effects. Any library using sqflite
Linux Desktop Tests (0)	UNKNOWN STEP	2026-02-25T19:52:23.7884823Z will have this factory as the default for all operations.
Linux Desktop Tests (0)	UNKNOWN STEP	2026-02-25T19:52:23.7886014Z 
Linux Desktop Tests (0)	UNKNOWN STEP	2026-02-25T19:52:23.7886201Z *** sqflite warning ***
Linux Desktop Tests (0)	UNKNOWN STEP	2026-02-25T19:52:23.7886450Z 
Linux Desktop Tests (0)	UNKNOWN STEP	2026-02-25T19:52:23.8206879Z Waiting for globalMatrixClient to be initialized...
Linux Desktop Tests (0)	UNKNOWN STEP	2026-02-25T19:52:23.8413249Z [90m[🌎 Easy Localization] [DEBUG] Localization initialized[0m
Linux Desktop Tests (0)	UNKNOWN STEP	2026-02-25T19:52:23.8414722Z [Matrix] [32mInitialize client Substitution[0m
Linux Desktop Tests (0)	UNKNOWN STEP	2026-02-25T19:52:23.8433722Z [Matrix] [32mUser is not logged in.[0m
Linux Desktop Tests (0)	UNKNOWN STEP	2026-02-25T19:52:23.8444366Z [90m[🌎 Easy Localization] [DEBUG] Start[0m
Linux Desktop Tests (0)	UNKNOWN STEP	2026-02-25T19:52:24.3391888Z 00:46 +2: Feed with Real Matrix Server Display unified feed from multiple rooms
Linux Desktop Tests (0)	UNKNOWN STEP	2026-02-25T19:52:24.3392976Z [90m[🌎 Easy Localization] [DEBUG] Init state[0m
Linux Desktop Tests (0)	UNKNOWN STEP	2026-02-25T19:52:24.3393616Z [90m[🌎 Easy Localization] [DEBUG] Build[0m
Linux Desktop Tests (0)	UNKNOWN STEP	2026-02-25T19:52:24.3395125Z [90m[🌎 Easy Localization] [DEBUG] Init Localization Delegate[0m
Linux Desktop Tests (0)	UNKNOWN STEP	2026-02-25T19:52:24.3396235Z [90m[🌎 Easy Localization] [DEBUG] Init provider[0m
Linux Desktop Tests (0)	UNKNOWN STEP	2026-02-25T19:52:24.3447896Z [90m[🌎 Easy Localization] [DEBUG] Load Localization Delegate[0m
Linux Desktop Tests (0)	UNKNOWN STEP	2026-02-25T19:52:24.3449648Z [90m[🌎 Easy Localization] [DEBUG] Load asset from assets/translations[0m
Linux Desktop Tests (0)	UNKNOWN STEP	2026-02-25T19:52:24.3476243Z 00:46 +2: Feed with Real Matrix Server Feed displays content from test_photos room (has 3 messages)
Linux Desktop Tests (0)	UNKNOWN STEP	2026-02-25T19:52:24.3477070Z globalMatrixClient initialized!
Linux Desktop Tests (0)	UNKNOWN STEP	2026-02-25T19:52:24.3477653Z Step 1: Checking for Age Gate, Intro, or Login fields...
Linux Desktop Tests (0)	UNKNOWN STEP	2026-02-25T19:52:24.8546147Z 00:46 +2: Feed with Real Matrix Server Display unified feed from multiple rooms
Linux Desktop Tests (0)	UNKNOWN STEP	2026-02-25T19:52:24.8547335Z [90m[🌎 Easy Localization] [DEBUG] Build[0m
Linux Desktop Tests (0)	UNKNOWN STEP	2026-02-25T19:52:24.8548203Z [90m[🌎 Easy Localization] [DEBUG] Init Localization Delegate[0m
Linux Desktop Tests (0)	UNKNOWN STEP	2026-02-25T19:52:24.8549027Z [90m[🌎 Easy Localization] [DEBUG] Init provider[0m
Linux Desktop Tests (0)	UNKNOWN STEP	2026-02-25T19:52:24.8963469Z 00:46 +2: Feed with Real Matrix Server Feed displays content from test_photos room (has 3 messages)
Linux Desktop Tests (0)	UNKNOWN STEP	2026-02-25T19:52:24.8964500Z Found screen! AgeGate: false, Intro: true, Username: false, Host: false
Linux Desktop Tests (0)	UNKNOWN STEP	2026-02-25T19:52:24.8964968Z Step 2: Navigating through onboarding...
Linux Desktop Tests (0)	UNKNOWN STEP	2026-02-25T19:52:26.9570273Z Tapping Next button at step 0...
Linux Desktop Tests (0)	UNKNOWN STEP	2026-02-25T19:52:29.0239660Z Tapping Next button at step 1...
Linux Desktop Tests (0)	UNKNOWN STEP	2026-02-25T19:52:31.0896763Z Reached target page at step 2. Host: true, Username: false
Linux Desktop Tests (0)	UNKNOWN STEP	2026-02-25T19:52:31.0897893Z Onboarding navigation complete.
Linux Desktop Tests (0)	UNKNOWN STEP	2026-02-25T19:52:31.0898818Z Step 3: Entering host URL: http://localhost:8008
Linux Desktop Tests (0)	UNKNOWN STEP	2026-02-25T19:52:33.2073182Z Tapping host submit button...
Linux Desktop Tests (0)	UNKNOWN STEP	2026-02-25T19:52:35.2791888Z Waiting for login page to appear...
Linux Desktop Tests (0)	UNKNOWN STEP	2026-02-25T19:52:35.8021427Z Login page reached.
Linux Desktop Tests (0)	UNKNOWN STEP	2026-02-25T19:52:35.8021913Z Step 4: Looking for login fields...
Linux Desktop Tests (0)	UNKNOWN STEP	2026-02-25T19:52:35.8022678Z Entering username: testuser1
Linux Desktop Tests (0)	UNKNOWN STEP	2026-02-25T19:52:37.9224192Z Entering password...
Linux Desktop Tests (0)	UNKNOWN STEP	2026-02-25T19:52:40.0233600Z Tapping login submit button...
Linux Desktop Tests (0)	UNKNOWN STEP	2026-02-25T19:52:42.0962488Z Step 5: Waiting for finished page (introGoButton)...
Linux Desktop Tests (0)	UNKNOWN STEP	2026-02-25T19:52:42.3914410Z [Matrix] [32mInitialize client Substitution[0m
Linux Desktop Tests (0)	UNKNOWN STEP	2026-02-25T19:52:42.3950908Z 01:04 +2: Feed with Real Matrix Server Feed displays content from test_general room (has 5 messages)
Linux Desktop Tests (0)	UNKNOWN STEP	2026-02-25T19:52:42.3952851Z [Matrix] [33mCurrent sync request ID has changed. Dropping this sync loop![0m
Linux Desktop Tests (0)	UNKNOWN STEP	2026-02-25T19:52:42.4097224Z 01:04 +2: Feed with Real Matrix Server Feed displays content from test_photos room (has 3 messages)
Linux Desktop Tests (0)	UNKNOWN STEP	2026-02-25T19:52:42.4099020Z [Matrix] [32mSuccessfully connected as testuser1 with http://localhost:8008[0m
Linux Desktop Tests (0)	UNKNOWN STEP	2026-02-25T19:52:43.6733750Z Finished page reached.
Linux Desktop Tests (0)	UNKNOWN STEP	2026-02-25T19:52:43.6734238Z Tapping Go button...
Linux Desktop Tests (0)	UNKNOWN STEP	2026-02-25T19:52:43.6775556Z Waiting for feed (Scrollable)...
Linux Desktop Tests (0)	UNKNOWN STEP	2026-02-25T19:52:43.7958562Z 01:05 +2: Feed with Real Matrix Server Display unified feed from multiple rooms
Linux Desktop Tests (0)	UNKNOWN STEP	2026-02-25T19:52:43.7963406Z checking room test_general id: !bLGkSzGqjoZqtLMIsv:test.matrix.local
Linux Desktop Tests (0)	UNKNOWN STEP	2026-02-25T19:52:43.7964325Z checking room test_art id: !kHllindmWDyGGUSuAF:test.matrix.local
Linux Desktop Tests (0)	UNKNOWN STEP	2026-02-25T19:52:43.7965107Z checking room test_photos id: !OTYSZaAkqjpMZhCccJ:test.matrix.local
Linux Desktop Tests (0)	UNKNOWN STEP	2026-02-25T19:52:43.7966508Z checking room test_invite_only id: !oyJWzNzzkVKFKCNlJW:test.matrix.local
Linux Desktop Tests (0)	UNKNOWN STEP	2026-02-25T19:52:43.7968513Z checking room test_avatar id: !CMmpjNASjtryLiEoYK:test.matrix.local
Linux Desktop Tests (0)	UNKNOWN STEP	2026-02-25T19:52:43.7969025Z start quering new events...
Linux Desktop Tests (0)	UNKNOWN STEP	2026-02-25T19:52:43.7969633Z finished...
Linux Desktop Tests (0)	UNKNOWN STEP	2026-02-25T19:52:43.7969888Z ret is empty...
Linux Desktop Tests (0)	UNKNOWN STEP	2026-02-25T19:52:43.7971722Z no new things to append...
Linux Desktop Tests (0)	UNKNOWN STEP	2026-02-25T19:52:44.1940726Z 01:06 +2: Feed with Real Matrix Server Feed displays content from test_photos room (has 3 messages)
Linux Desktop Tests (0)	UNKNOWN STEP	2026-02-25T19:52:44.1941226Z Feed reached.
Linux Desktop Tests (0)	UNKNOWN STEP	2026-02-25T19:52:47.2901502Z ✓ Feed includes test_photos room content
Linux Desktop Tests (0)	UNKNOWN STEP	2026-02-25T19:52:47.3308699Z 01:09 +3: Feed with Real Matrix Server Feed loads and shows messages chronologically
Linux Desktop Tests (0)	UNKNOWN STEP	2026-02-25T19:52:47.3902035Z *** sqflite warning ***
Linux Desktop Tests (0)	UNKNOWN STEP	2026-02-25T19:52:47.3902336Z 
Linux Desktop Tests (0)	UNKNOWN STEP	2026-02-25T19:52:47.3902528Z You are changing sqflite default factory.
Linux Desktop Tests (0)	UNKNOWN STEP	2026-02-25T19:52:47.3903163Z Be aware of the potential side effects. Any library using sqflite
Linux Desktop Tests (0)	UNKNOWN STEP	2026-02-25T19:52:47.3903899Z will have this factory as the default for all operations.
Linux Desktop Tests (0)	UNKNOWN STEP	2026-02-25T19:52:47.3904330Z 
Linux Desktop Tests (0)	UNKNOWN STEP	2026-02-25T19:52:47.3904473Z *** sqflite warning ***
Linux Desktop Tests (0)	UNKNOWN STEP	2026-02-25T19:52:47.3904711Z 
Linux Desktop Tests (0)	UNKNOWN STEP	2026-02-25T19:52:47.4244700Z Waiting for globalMatrixClient to be initialized...
Linux Desktop Tests (0)	UNKNOWN STEP	2026-02-25T19:52:47.4574919Z [90m[🌎 Easy Localization] [DEBUG] Localization initialized[0m
Linux Desktop Tests (0)	UNKNOWN STEP	2026-02-25T19:52:47.4575728Z [Matrix] [32mInitialize client Substitution[0m
Linux Desktop Tests (0)	UNKNOWN STEP	2026-02-25T19:52:47.4592690Z [Matrix] [32mUser is not logged in.[0m
Linux Desktop Tests (0)	UNKNOWN STEP	2026-02-25T19:52:47.4594097Z [90m[🌎 Easy Localization] [DEBUG] Start[0m
Linux Desktop Tests (0)	UNKNOWN STEP	2026-02-25T19:52:47.9389220Z 01:09 +3: Feed with Real Matrix Server Display unified feed from multiple rooms
Linux Desktop Tests (0)	UNKNOWN STEP	2026-02-25T19:52:47.9391018Z [90m[🌎 Easy Localization] [DEBUG] Init state[0m
Linux Desktop Tests (0)	UNKNOWN STEP	2026-02-25T19:52:47.9391969Z [90m[🌎 Easy Localization] [DEBUG] Build[0m
Linux Desktop Tests (0)	UNKNOWN STEP	2026-02-25T19:52:47.9394001Z [90m[🌎 Easy Localization] [DEBUG] Init Localization Delegate[0m
Linux Desktop Tests (0)	UNKNOWN STEP	2026-02-25T19:52:47.9394779Z [90m[🌎 Easy Localization] [DEBUG] Init provider[0m
Linux Desktop Tests (0)	UNKNOWN STEP	2026-02-25T19:52:47.9444943Z [90m[🌎 Easy Localization] [DEBUG] Load Localization Delegate[0m
Linux Desktop Tests (0)	UNKNOWN STEP	2026-02-25T19:52:47.9446372Z [90m[🌎 Easy Localization] [DEBUG] Load asset from assets/translations[0m
Linux Desktop Tests (0)	UNKNOWN STEP	2026-02-25T19:52:47.9471391Z 01:09 +3: Feed with Real Matrix Server Feed loads and shows messages chronologically
Linux Desktop Tests (0)	UNKNOWN STEP	2026-02-25T19:52:47.9472111Z globalMatrixClient initialized!
Linux Desktop Tests (0)	UNKNOWN STEP	2026-02-25T19:52:47.9472654Z Step 1: Checking for Age Gate, Intro, or Login fields...
Linux Desktop Tests (0)	UNKNOWN STEP	2026-02-25T19:52:48.4540836Z 01:10 +3: Feed with Real Matrix Server Display unified feed from multiple rooms
Linux Desktop Tests (0)	UNKNOWN STEP	2026-02-25T19:52:48.4542266Z [90m[🌎 Easy Localization] [DEBUG] Build[0m
Linux Desktop Tests (0)	UNKNOWN STEP	2026-02-25T19:52:48.4543200Z [90m[🌎 Easy Localization] [DEBUG] Init Localization Delegate[0m
Linux Desktop Tests (0)	UNKNOWN STEP	2026-02-25T19:52:48.4543868Z [90m[🌎 Easy Localization] [DEBUG] Init provider[0m
Linux Desktop Tests (0)	UNKNOWN STEP	2026-02-25T19:52:48.4932459Z 01:10 +3: Feed with Real Matrix Server Feed loads and shows messages chronologically
Linux Desktop Tests (0)	UNKNOWN STEP	2026-02-25T19:52:48.4933371Z Found screen! AgeGate: false, Intro: true, Username: false, Host: false
Linux Desktop Tests (0)	UNKNOWN STEP	2026-02-25T19:52:48.4935419Z Step 2: Navigating through onboarding...
Linux Desktop Tests (0)	UNKNOWN STEP	2026-02-25T19:52:50.5570465Z Tapping Next button at step 0...
Linux Desktop Tests (0)	UNKNOWN STEP	2026-02-25T19:52:52.6394298Z Tapping Next button at step 1...
Linux Desktop Tests (0)	UNKNOWN STEP	2026-02-25T19:52:54.7076745Z Reached target page at step 2. Host: true, Username: false
Linux Desktop Tests (0)	UNKNOWN STEP	2026-02-25T19:52:54.7077373Z Onboarding navigation complete.
Linux Desktop Tests (0)	UNKNOWN STEP	2026-02-25T19:52:54.7077893Z Step 3: Entering host URL: http://localhost:8008
Linux Desktop Tests (0)	UNKNOWN STEP	2026-02-25T19:52:56.8242389Z Tapping host submit button...
Linux Desktop Tests (0)	UNKNOWN STEP	2026-02-25T19:52:58.8958517Z Waiting for login page to appear...
Linux Desktop Tests (0)	UNKNOWN STEP	2026-02-25T19:52:59.4189053Z Login page reached.
Linux Desktop Tests (0)	UNKNOWN STEP	2026-02-25T19:52:59.4189717Z Step 4: Looking for login fields...
Linux Desktop Tests (0)	UNKNOWN STEP	2026-02-25T19:52:59.4190217Z Entering username: testuser1
Linux Desktop Tests (0)	UNKNOWN STEP	2026-02-25T19:53:01.5399064Z Entering password...
Linux Desktop Tests (0)	UNKNOWN STEP	2026-02-25T19:53:03.6556909Z Tapping login submit button...
Linux Desktop Tests (0)	UNKNOWN STEP	2026-02-25T19:53:05.7293234Z Step 5: Waiting for finished page (introGoButton)...
Linux Desktop Tests (0)	UNKNOWN STEP	2026-02-25T19:53:06.0266041Z 01:28 +3: Feed with Real Matrix Server Feed displays content from test_photos room (has 3 messages)
Linux Desktop Tests (0)	UNKNOWN STEP	2026-02-25T19:53:06.0267988Z [Matrix] [33mCurrent sync request ID has changed. Dropping this sync loop![0m
Linux Desktop Tests (0)	UNKNOWN STEP	2026-02-25T19:53:06.0281630Z 01:28 +3: Feed with Real Matrix Server Feed loads and shows messages chronologically
Linux Desktop Tests (0)	UNKNOWN STEP	2026-02-25T19:53:06.0282555Z [Matrix] [32mInitialize client Substitution[0m
Linux Desktop Tests (0)	UNKNOWN STEP	2026-02-25T19:53:06.0437239Z [Matrix] [32mSuccessfully connected as testuser1 with http://localhost:8008[0m
Linux Desktop Tests (0)	UNKNOWN STEP	2026-02-25T19:53:06.7927747Z Finished page reached.
Linux Desktop Tests (0)	UNKNOWN STEP	2026-02-25T19:53:06.7928503Z Tapping Go button...
Linux Desktop Tests (0)	UNKNOWN STEP	2026-02-25T19:53:06.7965907Z Waiting for feed (Scrollable)...
Linux Desktop Tests (0)	UNKNOWN STEP	2026-02-25T19:53:06.8977023Z 01:28 +3: Feed with Real Matrix Server Display unified feed from multiple rooms
Linux Desktop Tests (0)	UNKNOWN STEP	2026-02-25T19:53:06.8978390Z checking room test_general id: !bLGkSzGqjoZqtLMIsv:test.matrix.local
Linux Desktop Tests (0)	UNKNOWN STEP	2026-02-25T19:53:06.8980255Z checking room test_art id: !kHllindmWDyGGUSuAF:test.matrix.local
Linux Desktop Tests (0)	UNKNOWN STEP	2026-02-25T19:53:06.8981092Z checking room test_photos id: !OTYSZaAkqjpMZhCccJ:test.matrix.local
Linux Desktop Tests (0)	UNKNOWN STEP	2026-02-25T19:53:06.8981897Z checking room test_invite_only id: !oyJWzNzzkVKFKCNlJW:test.matrix.local
Linux Desktop Tests (0)	UNKNOWN STEP	2026-02-25T19:53:06.8982661Z checking room test_avatar id: !CMmpjNASjtryLiEoYK:test.matrix.local
Linux Desktop Tests (0)	UNKNOWN STEP	2026-02-25T19:53:06.8983152Z start quering new events...
Linux Desktop Tests (0)	UNKNOWN STEP	2026-02-25T19:53:06.8985432Z finished...
Linux Desktop Tests (0)	UNKNOWN STEP	2026-02-25T19:53:06.8985617Z ret is empty...
Linux Desktop Tests (0)	UNKNOWN STEP	2026-02-25T19:53:06.8985811Z no new things to append...
Linux Desktop Tests (0)	UNKNOWN STEP	2026-02-25T19:53:07.3101700Z 01:29 +3: Feed with Real Matrix Server Feed loads and shows messages chronologically
Linux Desktop Tests (0)	UNKNOWN STEP	2026-02-25T19:53:07.3102349Z Feed reached.
Linux Desktop Tests (0)	UNKNOWN STEP	2026-02-25T19:53:09.3897730Z ✓ Feed supports scrolling and infinite loading
Linux Desktop Tests (0)	UNKNOWN STEP	2026-02-25T19:53:09.4276997Z 01:31 +4: Feed with Real Matrix Server Feed excludes test_art room (empty room)
Linux Desktop Tests (0)	UNKNOWN STEP	2026-02-25T19:53:09.4821564Z *** sqflite warning ***
Linux Desktop Tests (0)	UNKNOWN STEP	2026-02-25T19:53:09.4822216Z 
Linux Desktop Tests (0)	UNKNOWN STEP	2026-02-25T19:53:09.4822731Z You are changing sqflite default factory.
Linux Desktop Tests (0)	UNKNOWN STEP	2026-02-25T19:53:09.4823611Z Be aware of the potential side effects. Any library using sqflite
Linux Desktop Tests (0)	UNKNOWN STEP	2026-02-25T19:53:09.4824321Z will have this factory as the default for all operations.
Linux Desktop Tests (0)	UNKNOWN STEP	2026-02-25T19:53:09.4824760Z 
Linux Desktop Tests (0)	UNKNOWN STEP	2026-02-25T19:53:09.4824920Z *** sqflite warning ***
Linux Desktop Tests (0)	UNKNOWN STEP	2026-02-25T19:53:09.4825149Z 
Linux Desktop Tests (0)	UNKNOWN STEP	2026-02-25T19:53:09.5133060Z Waiting for globalMatrixClient to be initialized...
Linux Desktop Tests (0)	UNKNOWN STEP	2026-02-25T19:53:09.5379264Z [90m[🌎 Easy Localization] [DEBUG] Localization initialized[0m
Linux Desktop Tests (0)	UNKNOWN STEP	2026-02-25T19:53:09.5380284Z [Matrix] [32mInitialize client Substitution[0m
Linux Desktop Tests (0)	UNKNOWN STEP	2026-02-25T19:53:09.5384099Z [Matrix] [32mUser is not logged in.[0m
Linux Desktop Tests (0)	UNKNOWN STEP	2026-02-25T19:53:09.5385468Z [90m[🌎 Easy Localization] [DEBUG] Start[0m
Linux Desktop Tests (0)	UNKNOWN STEP	2026-02-25T19:53:10.0221312Z 01:32 +4: Feed with Real Matrix Server Display unified feed from multiple rooms
Linux Desktop Tests (0)	UNKNOWN STEP	2026-02-25T19:53:10.0223629Z [90m[🌎 Easy Localization] [DEBUG] Init state[0m
Linux Desktop Tests (0)	UNKNOWN STEP	2026-02-25T19:53:10.0224281Z [90m[🌎 Easy Localization] [DEBUG] Build[0m
Linux Desktop Tests (0)	UNKNOWN STEP	2026-02-25T19:53:10.0225327Z [90m[🌎 Easy Localization] [DEBUG] Init Localization Delegate[0m
Linux Desktop Tests (0)	UNKNOWN STEP	2026-02-25T19:53:10.0226098Z [90m[🌎 Easy Localization] [DEBUG] Init provider[0m
Linux Desktop Tests (0)	UNKNOWN STEP	2026-02-25T19:53:10.0272571Z [90m[🌎 Easy Localization] [DEBUG] Load Localization Delegate[0m
Linux Desktop Tests (0)	UNKNOWN STEP	2026-02-25T19:53:10.0274252Z [90m[🌎 Easy Localization] [DEBUG] Load asset from assets/translations[0m
Linux Desktop Tests (0)	UNKNOWN STEP	2026-02-25T19:53:10.0298197Z 01:32 +4: Feed with Real Matrix Server Feed excludes test_art room (empty room)
Linux Desktop Tests (0)	UNKNOWN STEP	2026-02-25T19:53:10.0298894Z globalMatrixClient initialized!
Linux Desktop Tests (0)	UNKNOWN STEP	2026-02-25T19:53:10.0299609Z Step 1: Checking for Age Gate, Intro, or Login fields...
Linux Desktop Tests (0)	UNKNOWN STEP	2026-02-25T19:53:10.5369270Z 01:32 +4: Feed with Real Matrix Server Display unified feed from multiple rooms
Linux Desktop Tests (0)	UNKNOWN STEP	2026-02-25T19:53:10.5370855Z [90m[🌎 Easy Localization] [DEBUG] Build[0m
Linux Desktop Tests (0)	UNKNOWN STEP	2026-02-25T19:53:10.5372254Z [90m[🌎 Easy Localization] [DEBUG] Init Localization Delegate[0m
Linux Desktop Tests (0)	UNKNOWN STEP	2026-02-25T19:53:10.5373039Z [90m[🌎 Easy Localization] [DEBUG] Init provider[0m
Linux Desktop Tests (0)	UNKNOWN STEP	2026-02-25T19:53:10.5791303Z 01:32 +4: Feed with Real Matrix Server Feed excludes test_art room (empty room)
Linux Desktop Tests (0)	UNKNOWN STEP	2026-02-25T19:53:10.5792938Z Found screen! AgeGate: false, Intro: true, Username: false, Host: false
Linux Desktop Tests (0)	UNKNOWN STEP	2026-02-25T19:53:10.5793719Z Step 2: Navigating through onboarding...
Linux Desktop Tests (0)	UNKNOWN STEP	2026-02-25T19:53:12.6400365Z Tapping Next button at step 0...
Linux Desktop Tests (0)	UNKNOWN STEP	2026-02-25T19:53:14.7063388Z Tapping Next button at step 1...
Linux Desktop Tests (0)	UNKNOWN STEP	2026-02-25T19:53:16.7893103Z Reached target page at step 2. Host: true, Username: false
Linux Desktop Tests (0)	UNKNOWN STEP	2026-02-25T19:53:16.7894275Z Onboarding navigation complete.
Linux Desktop Tests (0)	UNKNOWN STEP	2026-02-25T19:53:16.7895025Z Step 3: Entering host URL: http://localhost:8008
Linux Desktop Tests (0)	UNKNOWN STEP	2026-02-25T19:53:18.9066800Z Tapping host submit button...
Linux Desktop Tests (0)	UNKNOWN STEP	2026-02-25T19:53:20.9791971Z Waiting for login page to appear...
Linux Desktop Tests (0)	UNKNOWN STEP	2026-02-25T19:53:21.5012781Z Login page reached.
Linux Desktop Tests (0)	UNKNOWN STEP	2026-02-25T19:53:21.5013557Z Step 4: Looking for login fields...
Linux Desktop Tests (0)	UNKNOWN STEP	2026-02-25T19:53:21.5014176Z Entering username: testuser1
Linux Desktop Tests (0)	UNKNOWN STEP	2026-02-25T19:53:23.6064832Z Entering password...
Linux Desktop Tests (0)	UNKNOWN STEP	2026-02-25T19:53:25.7056175Z Tapping login submit button...
Linux Desktop Tests (0)	UNKNOWN STEP	2026-02-25T19:53:27.7783657Z Step 5: Waiting for finished page (introGoButton)...
Linux Desktop Tests (0)	UNKNOWN STEP	2026-02-25T19:53:28.0669942Z 01:50 +4: Feed with Real Matrix Server Feed loads and shows messages chronologically
Linux Desktop Tests (0)	UNKNOWN STEP	2026-02-25T19:53:28.0670938Z [Matrix] [33mCurrent sync request ID has changed. Dropping this sync loop![0m
Linux Desktop Tests (0)	UNKNOWN STEP	2026-02-25T19:53:28.0688125Z 01:50 +4: Feed with Real Matrix Server Feed excludes test_art room (empty room)
Linux Desktop Tests (0)	UNKNOWN STEP	2026-02-25T19:53:28.0689268Z [Matrix] [32mInitialize client Substitution[0m
Linux Desktop Tests (0)	UNKNOWN STEP	2026-02-25T19:53:28.0840288Z [Matrix] [32mSuccessfully connected as testuser1 with http://localhost:8008[0m
Linux Desktop Tests (0)	UNKNOWN STEP	2026-02-25T19:53:28.8400365Z Finished page reached.
Linux Desktop Tests (0)	UNKNOWN STEP	2026-02-25T19:53:28.8400763Z Tapping Go button...
Linux Desktop Tests (0)	UNKNOWN STEP	2026-02-25T19:53:28.8434701Z Waiting for feed (Scrollable)...
Linux Desktop Tests (0)	UNKNOWN STEP	2026-02-25T19:53:28.9625821Z 01:50 +4: Feed with Real Matrix Server Display unified feed from multiple rooms
Linux Desktop Tests (0)	UNKNOWN STEP	2026-02-25T19:53:28.9626621Z checking room test_general id: !bLGkSzGqjoZqtLMIsv:test.matrix.local
Linux Desktop Tests (0)	UNKNOWN STEP	2026-02-25T19:53:28.9627290Z checking room test_art id: !kHllindmWDyGGUSuAF:test.matrix.local
Linux Desktop Tests (0)	UNKNOWN STEP	2026-02-25T19:53:28.9707055Z checking room test_photos id: !OTYSZaAkqjpMZhCccJ:test.matrix.local
Linux Desktop Tests (0)	UNKNOWN STEP	2026-02-25T19:53:28.9710097Z checking room test_invite_only id: !oyJWzNzzkVKFKCNlJW:test.matrix.local
Linux Desktop Tests (0)	UNKNOWN STEP	2026-02-25T19:53:28.9711415Z checking room test_avatar id: !CMmpjNASjtryLiEoYK:test.matrix.local
Linux Desktop Tests (0)	UNKNOWN STEP	2026-02-25T19:53:28.9713795Z start quering new events...
Linux Desktop Tests (0)	UNKNOWN STEP	2026-02-25T19:53:28.9714200Z finished...
Linux Desktop Tests (0)	UNKNOWN STEP	2026-02-25T19:53:28.9714851Z ret is empty...
Linux Desktop Tests (0)	UNKNOWN STEP	2026-02-25T19:53:28.9716359Z no new things to append...
Linux Desktop Tests (0)	UNKNOWN STEP	2026-02-25T19:53:29.3598702Z 01:51 +4: Feed with Real Matrix Server Feed excludes test_art room (empty room)
Linux Desktop Tests (0)	UNKNOWN STEP	2026-02-25T19:53:29.3599794Z Feed reached.
Linux Desktop Tests (0)	UNKNOWN STEP	2026-02-25T19:53:32.4559861Z ✓ Empty rooms properly handled in feed
Linux Desktop Tests (0)	UNKNOWN STEP	2026-02-25T19:53:32.4956262Z 01:54 +5: (tearDownAll)
Linux Desktop Tests (0)	UNKNOWN STEP	2026-02-25T19:53:32.5106983Z 01:54 +5: All tests passed!
Linux Desktop Tests (0)	UNKNOWN STEP	2026-02-25T19:53:32.5514618Z [0;34m[INFO][0m   Running: integration_test/matrix_integration_test.dart
Linux Desktop Tests (0)	UNKNOWN STEP	2026-02-25T19:53:33.5635862Z 00:00 +0: loading /home/runner/work/substitution/substitution/integration_test/matrix_integration_test.dart
Linux Desktop Tests (0)	UNKNOWN STEP	2026-02-25T19:53:58.6402606Z Building Linux application...                                   
Linux Desktop Tests (0)	UNKNOWN STEP	2026-02-25T19:53:58.6430448Z ✓ Built build/linux/x64/debug/bundle/substitution
Linux Desktop Tests (0)	UNKNOWN STEP	2026-02-25T19:53:59.3107380Z 00:00 +0: (setUpAll)
Linux Desktop Tests (0)	UNKNOWN STEP	2026-02-25T19:53:59.3300127Z 00:00 +0: Matrix Server Integration Tests Connect to Matrix test server
Linux Desktop Tests (0)	UNKNOWN STEP	2026-02-25T19:53:59.8441894Z 00:00 +1: Matrix Server Integration Tests Login with test user credentials
Linux Desktop Tests (0)	UNKNOWN STEP	2026-02-25T19:54:00.2346674Z [Matrix] [32mInitialize client integration_test_1772049239890[0m
Linux Desktop Tests (0)	UNKNOWN STEP	2026-02-25T19:54:00.2701639Z [Matrix] [32mSuccessfully connected as testuser1 with http://localhost:8008[0m
Linux Desktop Tests (0)	UNKNOWN STEP	2026-02-25T19:54:00.6142341Z [Matrix] [33mCurrent sync request ID has changed. Dropping this sync loop![0m
Linux Desktop Tests (0)	UNKNOWN STEP	2026-02-25T19:54:00.6672601Z 00:01 +2: Matrix Server Integration Tests Access test server with valid credentials
Linux Desktop Tests (0)	UNKNOWN STEP	2026-02-25T19:54:01.0338671Z [Matrix] [32mInitialize client integration_test_1772049240710[0m
Linux Desktop Tests (0)	UNKNOWN STEP	2026-02-25T19:54:01.0513468Z [Matrix] [32mSuccessfully connected as testuser1 with http://localhost:8008[0m
Linux Desktop Tests (0)	UNKNOWN STEP	2026-02-25T19:54:01.3571529Z [Matrix] [33mCurrent sync request ID has changed. Dropping this sync loop![0m
Linux Desktop Tests (0)	UNKNOWN STEP	2026-02-25T19:54:01.4066990Z 00:02 +3: Matrix Server Integration Tests Verify test rooms exist
Linux Desktop Tests (0)	UNKNOWN STEP	2026-02-25T19:54:01.7653104Z [Matrix] [32mInitialize client integration_test_1772049241444[0m
Linux Desktop Tests (0)	UNKNOWN STEP	2026-02-25T19:54:01.7825548Z [Matrix] [32mSuccessfully connected as testuser1 with http://localhost:8008[0m
Linux Desktop Tests (0)	UNKNOWN STEP	2026-02-25T19:54:02.0817135Z [Matrix] [33mCurrent sync request ID has changed. Dropping this sync loop![0m
Linux Desktop Tests (0)	UNKNOWN STEP	2026-02-25T19:54:02.1308655Z 00:02 +4: Matrix Server Integration Tests Test room with messages vs empty room
Linux Desktop Tests (0)	UNKNOWN STEP	2026-02-25T19:54:02.4917560Z [Matrix] [32mInitialize client integration_test_1772049242172[0m
Linux Desktop Tests (0)	UNKNOWN STEP	2026-02-25T19:54:02.5092389Z [Matrix] [32mSuccessfully connected as testuser1 with http://localhost:8008[0m
Linux Desktop Tests (0)	UNKNOWN STEP	2026-02-25T19:54:02.7946216Z [Matrix] [33mCurrent sync request ID has changed. Dropping this sync loop![0m
Linux Desktop Tests (0)	UNKNOWN STEP	2026-02-25T19:54:02.8444630Z 00:03 +5: Matrix Server Integration Tests Verify multiple test users created
Linux Desktop Tests (0)	UNKNOWN STEP	2026-02-25T19:54:03.2107906Z [Matrix] [32mInitialize client integration_test_1772049242892[0m
Linux Desktop Tests (0)	UNKNOWN STEP	2026-02-25T19:54:03.2289001Z [Matrix] [32mSuccessfully connected as testuser1 with http://localhost:8008[0m
Linux Desktop Tests (0)	UNKNOWN STEP	2026-02-25T19:54:03.5134894Z [Matrix] [33mCurrent sync request ID has changed. Dropping this sync loop![0m
Linux Desktop Tests (0)	UNKNOWN STEP	2026-02-25T19:54:03.5623661Z 00:04 +6: Matrix Server Integration Tests Send message to test room
Linux Desktop Tests (0)	UNKNOWN STEP	2026-02-25T19:54:03.9216854Z [Matrix] [32mInitialize client integration_test_1772049243602[0m
Linux Desktop Tests (0)	UNKNOWN STEP	2026-02-25T19:54:03.9388943Z [Matrix] [32mSuccessfully connected as testuser1 with http://localhost:8008[0m
Linux Desktop Tests (0)	UNKNOWN STEP	2026-02-25T19:54:04.3615180Z [Matrix] [31m[Vodozemac] Unable to update user device keys - M_UNKNOWN_TOKEN: Invalid access token passed.
Linux Desktop Tests (0)	UNKNOWN STEP	2026-02-25T19:54:04.3616549Z #0      MatrixApi.unexpectedResponse (package:matrix/matrix_api_lite/matrix_api.dart:62:7)
Linux Desktop Tests (0)	UNKNOWN STEP	2026-02-25T19:54:04.3617525Z #1      Api.queryKeys (package:matrix/matrix_api_lite/generated/api.dart:2487:37)
Linux Desktop Tests (0)	UNKNOWN STEP	2026-02-25T19:54:04.3618301Z <asynchronous suspension>
Linux Desktop Tests (0)	UNKNOWN STEP	2026-02-25T19:54:04.3618709Z #2      Client.updateUserDeviceKeys (package:matrix/src/client.dart:3358:26)
Linux Desktop Tests (0)	UNKNOWN STEP	2026-02-25T19:54:04.3619159Z <asynchronous suspension>
Linux Desktop Tests (0)	UNKNOWN STEP	2026-02-25T19:54:04.3619696Z #3      Client._innerSync (package:matrix/src/client.dart:2489:7)
Linux Desktop Tests (0)	UNKNOWN STEP	2026-02-25T19:54:04.3620038Z <asynchronous suspension>
Linux Desktop Tests (0)	UNKNOWN STEP	2026-02-25T19:54:04.3620613Z #4      StackZoneSpecification._registerCallback.<anonymous closure> (package:stack_trace/src/stack_zone_specification.dart:114:42)
Linux Desktop Tests (0)	UNKNOWN STEP	2026-02-25T19:54:04.3621214Z <asynchronous suspension>
Linux Desktop Tests (0)	UNKNOWN STEP	2026-02-25T19:54:04.3621472Z [0m
Linux Desktop Tests (0)	UNKNOWN STEP	2026-02-25T19:54:04.4144124Z 00:05 +7: Matrix Server Integration Tests Login as different test user
Linux Desktop Tests (0)	UNKNOWN STEP	2026-02-25T19:54:04.7750706Z [Matrix] [32mInitialize client integration_test_1772049244453[0m
Linux Desktop Tests (0)	UNKNOWN STEP	2026-02-25T19:54:04.7924823Z [Matrix] [32mSuccessfully connected as testuser2 with http://localhost:8008[0m
Linux Desktop Tests (0)	UNKNOWN STEP	2026-02-25T19:54:05.0479178Z [Matrix] [33mCurrent sync request ID has changed. Dropping this sync loop![0m
Linux Desktop Tests (0)	UNKNOWN STEP	2026-02-25T19:54:05.0947859Z 00:05 +8: Matrix Server Integration Tests Rooms are public and joinable
Linux Desktop Tests (0)	UNKNOWN STEP	2026-02-25T19:54:05.4554354Z [Matrix] [32mInitialize client integration_test_1772049245132[0m
Linux Desktop Tests (0)	UNKNOWN STEP	2026-02-25T19:54:05.4728933Z [Matrix] [32mSuccessfully connected as testuser1 with http://localhost:8008[0m
Linux Desktop Tests (0)	UNKNOWN STEP	2026-02-25T19:54:05.7437071Z [Matrix] [33mCurrent sync request ID has changed. Dropping this sync loop![0m
Linux Desktop Tests (0)	UNKNOWN STEP	2026-02-25T19:54:05.7957065Z 00:06 +9: Matrix Server Integration Tests List joined rooms
Linux Desktop Tests (0)	UNKNOWN STEP	2026-02-25T19:54:06.1521630Z [Matrix] [32mInitialize client integration_test_1772049245831[0m
Linux Desktop Tests (0)	UNKNOWN STEP	2026-02-25T19:54:06.1685792Z [Matrix] [32mSuccessfully connected as testuser1 with http://localhost:8008[0m
Linux Desktop Tests (0)	UNKNOWN STEP	2026-02-25T19:54:06.4424245Z [Matrix] [33mCurrent sync request ID has changed. Dropping this sync loop![0m
Linux Desktop Tests (0)	UNKNOWN STEP	2026-02-25T19:54:06.4910614Z 00:07 +10: Matrix Server Integration Tests Room with messages contains messages
Linux Desktop Tests (0)	UNKNOWN STEP	2026-02-25T19:54:06.8554771Z [Matrix] [32mInitialize client integration_test_1772049246535[0m
Linux Desktop Tests (0)	UNKNOWN STEP	2026-02-25T19:54:06.8729602Z [Matrix] [32mSuccessfully connected as testuser1 with http://localhost:8008[0m
Linux Desktop Tests (0)	UNKNOWN STEP	2026-02-25T19:54:07.1548084Z [Matrix] [33mCurrent sync request ID has changed. Dropping this sync loop![0m
Linux Desktop Tests (0)	UNKNOWN STEP	2026-02-25T19:54:07.2081556Z 00:07 +11: Matrix Server Integration Tests Empty room has no messages
Linux Desktop Tests (0)	UNKNOWN STEP	2026-02-25T19:54:07.5684503Z [Matrix] [32mInitialize client integration_test_1772049247249[0m
Linux Desktop Tests (0)	UNKNOWN STEP	2026-02-25T19:54:07.5851655Z [Matrix] [32mSuccessfully connected as testuser1 with http://localhost:8008[0m
Linux Desktop Tests (0)	UNKNOWN STEP	2026-02-25T19:54:07.8587010Z [Matrix] [33mCurrent sync request ID has changed. Dropping this sync loop![0m
Linux Desktop Tests (0)	UNKNOWN STEP	2026-02-25T19:54:07.9070579Z 00:08 +12: Matrix Server Integration Tests Multiple users in same room
Linux Desktop Tests (0)	UNKNOWN STEP	2026-02-25T19:54:08.2729222Z [Matrix] [32mInitialize client integration_test_1772049247949[0m
Linux Desktop Tests (0)	UNKNOWN STEP	2026-02-25T19:54:08.2903037Z [Matrix] [32mSuccessfully connected as testuser1 with http://localhost:8008[0m
Linux Desktop Tests (0)	UNKNOWN STEP	2026-02-25T19:54:08.5078108Z ✓ Found 3 members in room
Linux Desktop Tests (0)	UNKNOWN STEP	2026-02-25T19:54:08.5395196Z [Matrix] [33mCurrent sync request ID has changed. Dropping this sync loop![0m
Linux Desktop Tests (0)	UNKNOWN STEP	2026-02-25T19:54:08.5884950Z 00:09 +13: Matrix Server Integration Tests Send and receive message
Linux Desktop Tests (0)	UNKNOWN STEP	2026-02-25T19:54:08.9481251Z [Matrix] [32mInitialize client integration_test_1772049248629[0m
Linux Desktop Tests (0)	UNKNOWN STEP	2026-02-25T19:54:08.9659744Z [Matrix] [32mSuccessfully connected as testuser1 with http://localhost:8008[0m
Linux Desktop Tests (0)	UNKNOWN STEP	2026-02-25T19:54:09.3040200Z [Matrix] [31m[Vodozemac] Unable to update user device keys - M_UNKNOWN_TOKEN: Invalid access token passed.
Linux Desktop Tests (0)	UNKNOWN STEP	2026-02-25T19:54:09.3042232Z #0      MatrixApi.unexpectedResponse (package:matrix/matrix_api_lite/matrix_api.dart:62:7)
Linux Desktop Tests (0)	UNKNOWN STEP	2026-02-25T19:54:09.3043090Z #1      Api.queryKeys (package:matrix/matrix_api_lite/generated/api.dart:2487:37)
Linux Desktop Tests (0)	UNKNOWN STEP	2026-02-25T19:54:09.3043511Z <asynchronous suspension>
Linux Desktop Tests (0)	UNKNOWN STEP	2026-02-25T19:54:09.3043868Z #2      Client.updateUserDeviceKeys (package:matrix/src/client.dart:3358:26)
Linux Desktop Tests (0)	UNKNOWN STEP	2026-02-25T19:54:09.3044244Z <asynchronous suspension>
Linux Desktop Tests (0)	UNKNOWN STEP	2026-02-25T19:54:09.3044545Z #3      Client._innerSync (package:matrix/src/client.dart:2489:7)
Linux Desktop Tests (0)	UNKNOWN STEP	2026-02-25T19:54:09.3044879Z <asynchronous suspension>
Linux Desktop Tests (0)	UNKNOWN STEP	2026-02-25T19:54:09.3045451Z #4      StackZoneSpecification._registerCallback.<anonymous closure> (package:stack_trace/src/stack_zone_specification.dart:114:42)
Linux Desktop Tests (0)	UNKNOWN STEP	2026-02-25T19:54:09.3046024Z <asynchronous suspension>
Linux Desktop Tests (0)	UNKNOWN STEP	2026-02-25T19:54:09.3046284Z [0m
Linux Desktop Tests (0)	UNKNOWN STEP	2026-02-25T19:54:09.3561185Z 00:10 +14: Matrix Server Integration Tests Sync with server
Linux Desktop Tests (0)	UNKNOWN STEP	2026-02-25T19:54:09.7163422Z [Matrix] [32mInitialize client integration_test_1772049249397[0m
Linux Desktop Tests (0)	UNKNOWN STEP	2026-02-25T19:54:09.7327197Z [Matrix] [32mSuccessfully connected as testuser1 with http://localhost:8008[0m
Linux Desktop Tests (0)	UNKNOWN STEP	2026-02-25T19:54:10.0015815Z [Matrix] [33mCurrent sync request ID has changed. Dropping this sync loop![0m
Linux Desktop Tests (0)	UNKNOWN STEP	2026-02-25T19:54:10.0482777Z 00:10 +15: Matrix Server Integration Tests Create and join room
Linux Desktop Tests (0)	UNKNOWN STEP	2026-02-25T19:54:10.4070690Z [Matrix] [32mInitialize client integration_test_1772049250089[0m
Linux Desktop Tests (0)	UNKNOWN STEP	2026-02-25T19:54:10.4228722Z [Matrix] [32mSuccessfully connected as testuser1 with http://localhost:8008[0m
Linux Desktop Tests (0)	UNKNOWN STEP	2026-02-25T19:54:10.8447451Z [Matrix] [33mCurrent sync request ID has changed. Dropping this sync loop![0m
Linux Desktop Tests (0)	UNKNOWN STEP	2026-02-25T19:54:10.8981328Z 00:11 +16: Matrix Server Integration Tests Room with different message counts
Linux Desktop Tests (0)	UNKNOWN STEP	2026-02-25T19:54:11.2545308Z [Matrix] [32mInitialize client integration_test_1772049250936[0m
Linux Desktop Tests (0)	UNKNOWN STEP	2026-02-25T19:54:11.2707120Z [Matrix] [32mSuccessfully connected as testuser1 with http://localhost:8008[0m
Linux Desktop Tests (0)	UNKNOWN STEP	2026-02-25T19:54:11.5821413Z [Matrix] [33mCurrent sync request ID has changed. Dropping this sync loop![0m
Linux Desktop Tests (0)	UNKNOWN STEP	2026-02-25T19:54:11.6302735Z 00:12 +17: (tearDownAll)
Linux Desktop Tests (0)	UNKNOWN STEP	2026-02-25T19:54:11.6450044Z 00:12 +17: All tests passed!
Linux Desktop Tests (0)	UNKNOWN STEP	2026-02-25T19:54:11.6900003Z [0;34m[INFO][0m   Running: integration_test/profile_edit_test.dart
Linux Desktop Tests (0)	UNKNOWN STEP	2026-02-25T19:54:12.6531966Z 00:00 +0: loading /home/runner/work/substitution/substitution/integration_test/profile_edit_test.dart
Linux Desktop Tests (0)	UNKNOWN STEP	2026-02-25T19:54:30.5195379Z Building Linux application...                                   
Linux Desktop Tests (0)	UNKNOWN STEP	2026-02-25T19:54:30.5218753Z ✓ Built build/linux/x64/debug/bundle/substitution
Linux Desktop Tests (0)	UNKNOWN STEP	2026-02-25T19:54:31.1084076Z 00:00 +0: Menu -> "Edit Profile" -> edit name -> save -> verify updated
Linux Desktop Tests (0)	UNKNOWN STEP	2026-02-25T19:54:31.3525996Z 00:00 +1: (tearDownAll)
Linux Desktop Tests (0)	UNKNOWN STEP	2026-02-25T19:54:31.3648829Z 00:00 +1: All tests passed!
Linux Desktop Tests (0)	UNKNOWN STEP	2026-02-25T19:54:31.4032220Z [0;34m[INFO][0m   Running: integration_test/room_feed_test.dart
Linux Desktop Tests (0)	UNKNOWN STEP	2026-02-25T19:54:32.3804461Z 00:00 +0: loading /home/runner/work/substitution/substitution/integration_test/room_feed_test.dart
Linux Desktop Tests (0)	UNKNOWN STEP	2026-02-25T19:54:50.1315336Z Building Linux application...                                   
Linux Desktop Tests (0)	UNKNOWN STEP	2026-02-25T19:54:50.1340792Z ✓ Built build/linux/x64/debug/bundle/substitution
Linux Desktop Tests (0)	UNKNOWN STEP	2026-02-25T19:54:50.7132310Z Warning: A tag was used that wasn't specified in dart_test.yaml.
Linux Desktop Tests (0)	UNKNOWN STEP	2026-02-25T19:54:50.7132743Z   integration was used in the suite itself
Linux Desktop Tests (0)	UNKNOWN STEP	2026-02-25T19:54:50.7132939Z 
Linux Desktop Tests (0)	UNKNOWN STEP	2026-02-25T19:54:50.7167652Z 00:00 +0: Room Feed Integration Tests Main feed -> tap room-specific link -> verify only that room's posts show
Linux Desktop Tests (0)	UNKNOWN STEP	2026-02-25T19:54:50.9479574Z 00:00 +1: (tearDownAll)
Linux Desktop Tests (0)	UNKNOWN STEP	2026-02-25T19:54:50.9725740Z 00:00 +1: All tests passed!
Linux Desktop Tests (0)	UNKNOWN STEP	2026-02-25T19:54:51.0138668Z [0;32m[OK][0m Linux tests passed
Linux Desktop Tests (0)	UNKNOWN STEP	2026-02-25T19:54:51.0139129Z 
Linux Desktop Tests (0)	UNKNOWN STEP	2026-02-25T19:54:51.0139779Z [1m══════════════════════════════════════════════════════════[0m
Linux Desktop Tests (0)	UNKNOWN STEP	2026-02-25T19:54:51.0140461Z [1m  Test Results Summary[0m
Linux Desktop Tests (0)	UNKNOWN STEP	2026-02-25T19:54:51.0141154Z [1m══════════════════════════════════════════════════════════[0m
Linux Desktop Tests (0)	UNKNOWN STEP	2026-02-25T19:54:51.0141566Z 
Linux Desktop Tests (0)	UNKNOWN STEP	2026-02-25T19:54:51.0141806Z   TARGET             PASSED   FAILED  SKIPPED   DURATION
Linux Desktop Tests (0)	UNKNOWN STEP	2026-02-25T19:54:51.0148720Z   ──────────────── ──────── ──────── ──────── ──────────
Linux Desktop Tests (0)	UNKNOWN STEP	2026-02-25T19:54:51.0149765Z   [0;32mlinux           [0m       28        0        0      5m 9s
Linux Desktop Tests (0)	UNKNOWN STEP	2026-02-25T19:54:51.0150296Z 
Linux Desktop Tests (0)	UNKNOWN STEP	2026-02-25T19:54:51.0150809Z   ──────────────── ──────── ──────── ────────
Linux Desktop Tests (0)	UNKNOWN STEP	2026-02-25T19:54:51.0151412Z   [0;32mTOTAL                  28        0        0[0m
Linux Desktop Tests (0)	UNKNOWN STEP	2026-02-25T19:54:51.0151761Z 
Linux Desktop Tests (0)	UNKNOWN STEP	2026-02-25T19:54:51.0152055Z   [0;32m[1mRESULT: PASSED[0m
Linux Desktop Tests (0)	UNKNOWN STEP	2026-02-25T19:54:51.0152390Z 
Linux Desktop Tests (0)	UNKNOWN STEP	2026-02-25T19:54:51.0152929Z [1m══════════════════════════════════════════════════════════[0m
Linux Desktop Tests (0)	UNKNOWN STEP	2026-02-25T19:54:51.0153356Z 
Linux Desktop Tests (0)	UNKNOWN STEP	2026-02-25T19:54:51.0153577Z [0;34m[INFO][0m Cleaning up...
Linux Desktop Tests (0)	UNKNOWN STEP	2026-02-25T19:54:51.0296915Z [0;34m[INFO][0m Cleanup complete
Linux Desktop Tests (0)	UNKNOWN STEP	2026-02-25T19:54:51.0365725Z ##[group]Run docker compose down -v
Linux Desktop Tests (0)	UNKNOWN STEP	2026-02-25T19:54:51.0366073Z [36;1mdocker compose down -v[0m
Linux Desktop Tests (0)	UNKNOWN STEP	2026-02-25T19:54:51.0414712Z shell: /usr/bin/bash -e {0}
Linux Desktop Tests (0)	UNKNOWN STEP	2026-02-25T19:54:51.0414959Z env:
Linux Desktop Tests (0)	UNKNOWN STEP	2026-02-25T19:54:51.0415140Z   CACHE_VERSION: v1
Linux Desktop Tests (0)	UNKNOWN STEP	2026-02-25T19:54:51.0415444Z   FLUTTER_ROOT: /opt/hostedtoolcache/flutter/stable-3.41.2-x64
Linux Desktop Tests (0)	UNKNOWN STEP	2026-02-25T19:54:51.0415812Z   PUB_CACHE: /home/runner/.pub-cache
Linux Desktop Tests (0)	UNKNOWN STEP	2026-02-25T19:54:51.0416077Z ##[endgroup]
Linux Desktop Tests (0)	UNKNOWN STEP	2026-02-25T19:54:51.1154246Z time="2026-02-25T19:54:51Z" level=warning msg="/home/runner/work/substitution/substitution/docker-compose.yml: the attribute `version` is obsolete, it will be ignored, please remove it to avoid potential confusion"
Linux Desktop Tests (0)	UNKNOWN STEP	2026-02-25T19:54:51.1210634Z  Container substitution-redis-1  Stopping
Linux Desktop Tests (0)	UNKNOWN STEP	2026-02-25T19:54:51.1213513Z  Container substitution-matrix-synapse-1  Stopping
Linux Desktop Tests (0)	UNKNOWN STEP	2026-02-25T19:54:51.4609622Z  Container substitution-redis-1  Stopped
Linux Desktop Tests (0)	UNKNOWN STEP	2026-02-25T19:54:51.4610733Z  Container substitution-redis-1  Removing
Linux Desktop Tests (0)	UNKNOWN STEP	2026-02-25T19:54:51.4614058Z  Container substitution-matrix-synapse-1  Stopped
Linux Desktop Tests (0)	UNKNOWN STEP	2026-02-25T19:54:51.4614723Z  Container substitution-matrix-synapse-1  Removing
Linux Desktop Tests (0)	UNKNOWN STEP	2026-02-25T19:54:51.4662561Z  Container substitution-redis-1  Removed
Linux Desktop Tests (0)	UNKNOWN STEP	2026-02-25T19:54:51.5238864Z  Container substitution-matrix-synapse-1  Removed
Linux Desktop Tests (0)	UNKNOWN STEP	2026-02-25T19:54:51.5240098Z  Container substitution-postgres-1  Stopping
Linux Desktop Tests (0)	UNKNOWN STEP	2026-02-25T19:54:51.5240909Z  Container substitution-dex-1  Stopping
Linux Desktop Tests (0)	UNKNOWN STEP	2026-02-25T19:54:51.6463576Z  Container substitution-dex-1  Stopped
Linux Desktop Tests (0)	UNKNOWN STEP	2026-02-25T19:54:51.6465614Z  Container substitution-dex-1  Removing
Linux Desktop Tests (0)	UNKNOWN STEP	2026-02-25T19:54:51.6514126Z  Container substitution-dex-1  Removed
Linux Desktop Tests (0)	UNKNOWN STEP	2026-02-25T19:54:51.6877321Z  Container substitution-postgres-1  Stopped
Linux Desktop Tests (0)	UNKNOWN STEP	2026-02-25T19:54:51.6879229Z  Container substitution-postgres-1  Removing
Linux Desktop Tests (0)	UNKNOWN STEP	2026-02-25T19:54:51.7501292Z  Container substitution-postgres-1  Removed
Linux Desktop Tests (0)	UNKNOWN STEP	2026-02-25T19:54:51.7508018Z  Network substitution_substitution_network  Removing
Linux Desktop Tests (0)	UNKNOWN STEP	2026-02-25T19:54:51.8424957Z  Network substitution_substitution_network  Removed
Linux Desktop Tests (0)	UNKNOWN STEP	2026-02-25T19:54:51.8612844Z Post job cleanup.
Linux Desktop Tests (0)	UNKNOWN STEP	2026-02-25T19:54:52.0054726Z Post job cleanup.
Linux Desktop Tests (0)	UNKNOWN STEP	2026-02-25T19:54:52.1358677Z Cache hit occurred on the primary key flutter-pub-linux-stable-3.41.2-x64-90673a4eef275d1a6692c26ac80d6d746d41a73a-fabacfc13d2b7e18a7fb2822593662b03764f624bf41fd351cdabec60fb27783, not saving cache.
Linux Desktop Tests (0)	UNKNOWN STEP	2026-02-25T19:54:52.1440619Z Post job cleanup.
Linux Desktop Tests (0)	UNKNOWN STEP	2026-02-25T19:54:52.2732752Z Cache hit occurred on the primary key flutter-linux-stable-3.41.2-x64-90673a4eef275d1a6692c26ac80d6d746d41a73a, not saving cache.
Linux Desktop Tests (0)	UNKNOWN STEP	2026-02-25T19:54:52.2882684Z Post job cleanup.
Linux Desktop Tests (0)	UNKNOWN STEP	2026-02-25T19:54:52.3870456Z [command]/usr/bin/git version
Linux Desktop Tests (0)	UNKNOWN STEP	2026-02-25T19:54:52.3907069Z git version 2.53.0
Linux Desktop Tests (0)	UNKNOWN STEP	2026-02-25T19:54:52.3957640Z Temporarily overriding HOME='/home/runner/work/_temp/f63cccf8-551c-4b0a-8ac1-7494a648f5e5' before making global git config changes
Linux Desktop Tests (0)	UNKNOWN STEP	2026-02-25T19:54:52.3959020Z Adding repository directory to the temporary git global config as a safe directory
Linux Desktop Tests (0)	UNKNOWN STEP	2026-02-25T19:54:52.3964150Z [command]/usr/bin/git config --global --add safe.directory /home/runner/work/substitution/substitution
Linux Desktop Tests (0)	UNKNOWN STEP	2026-02-25T19:54:52.3999634Z [command]/usr/bin/git config --local --name-only --get-regexp core\.sshCommand
Linux Desktop Tests (0)	UNKNOWN STEP	2026-02-25T19:54:52.4036465Z [command]/usr/bin/git submodule foreach --recursive sh -c "git config --local --name-only --get-regexp 'core\.sshCommand' && git config --local --unset-all 'core.sshCommand' || :"
Linux Desktop Tests (0)	UNKNOWN STEP	2026-02-25T19:54:52.4277189Z [command]/usr/bin/git config --local --name-only --get-regexp http\.https\:\/\/github\.com\/\.extraheader
Linux Desktop Tests (0)	UNKNOWN STEP	2026-02-25T19:54:52.4301738Z http.https://github.com/.extraheader
Linux Desktop Tests (0)	UNKNOWN STEP	2026-02-25T19:54:52.4314726Z [command]/usr/bin/git config --local --unset-all http.https://github.com/.extraheader
Linux Desktop Tests (0)	UNKNOWN STEP	2026-02-25T19:54:52.4349191Z [command]/usr/bin/git submodule foreach --recursive sh -c "git config --local --name-only --get-regexp 'http\.https\:\/\/github\.com\/\.extraheader' && git config --local --unset-all 'http.https://github.com/.extraheader' || :"
Linux Desktop Tests (0)	UNKNOWN STEP	2026-02-25T19:54:52.4582862Z [command]/usr/bin/git config --local --name-only --get-regexp ^includeIf\.gitdir:
Linux Desktop Tests (0)	UNKNOWN STEP	2026-02-25T19:54:52.4613987Z [command]/usr/bin/git submodule foreach --recursive git config --local --show-origin --name-only --get-regexp remote.origin.url
Linux Desktop Tests (0)	UNKNOWN STEP	2026-02-25T19:54:52.4953865Z Cleaning up orphan processes
Linux Desktop Tests (4)	UNKNOWN STEP	﻿2026-02-25T19:48:13.9219731Z Current runner version: '2.331.0'
Linux Desktop Tests (4)	UNKNOWN STEP	2026-02-25T19:48:13.9243145Z ##[group]Runner Image Provisioner
Linux Desktop Tests (4)	UNKNOWN STEP	2026-02-25T19:48:13.9244260Z Hosted Compute Agent
Linux Desktop Tests (4)	UNKNOWN STEP	2026-02-25T19:48:13.9244888Z Version: 20260213.493
Linux Desktop Tests (4)	UNKNOWN STEP	2026-02-25T19:48:13.9245521Z Commit: 5c115507f6dd24b8de37d8bbe0bb4509d0cc0fa3
Linux Desktop Tests (4)	UNKNOWN STEP	2026-02-25T19:48:13.9246274Z Build Date: 2026-02-13T00:28:41Z
Linux Desktop Tests (4)	UNKNOWN STEP	2026-02-25T19:48:13.9246919Z Worker ID: {6d4dc63f-4221-41d2-a6a5-377f2a303745}
Linux Desktop Tests (4)	UNKNOWN STEP	2026-02-25T19:48:13.9247605Z Azure Region: centralus
Linux Desktop Tests (4)	UNKNOWN STEP	2026-02-25T19:48:13.9248103Z ##[endgroup]
Linux Desktop Tests (4)	UNKNOWN STEP	2026-02-25T19:48:13.9249601Z ##[group]Operating System
Linux Desktop Tests (4)	UNKNOWN STEP	2026-02-25T19:48:13.9250227Z Ubuntu
Linux Desktop Tests (4)	UNKNOWN STEP	2026-02-25T19:48:13.9250694Z 24.04.3
Linux Desktop Tests (4)	UNKNOWN STEP	2026-02-25T19:48:13.9251267Z LTS
Linux Desktop Tests (4)	UNKNOWN STEP	2026-02-25T19:48:13.9251697Z ##[endgroup]
Linux Desktop Tests (4)	UNKNOWN STEP	2026-02-25T19:48:13.9252192Z ##[group]Runner Image
Linux Desktop Tests (4)	UNKNOWN STEP	2026-02-25T19:48:13.9252778Z Image: ubuntu-24.04
Linux Desktop Tests (4)	UNKNOWN STEP	2026-02-25T19:48:13.9253346Z Version: 20260224.36.1
Linux Desktop Tests (4)	UNKNOWN STEP	2026-02-25T19:48:13.9254816Z Included Software: https://github.com/actions/runner-images/blob/ubuntu24/20260224.36/images/ubuntu/Ubuntu2404-Readme.md
Linux Desktop Tests (4)	UNKNOWN STEP	2026-02-25T19:48:13.9256268Z Image Release: https://github.com/actions/runner-images/releases/tag/ubuntu24%2F20260224.36
Linux Desktop Tests (4)	UNKNOWN STEP	2026-02-25T19:48:13.9257142Z ##[endgroup]
Linux Desktop Tests (4)	UNKNOWN STEP	2026-02-25T19:48:13.9258319Z ##[group]GITHUB_TOKEN Permissions
Linux Desktop Tests (4)	UNKNOWN STEP	2026-02-25T19:48:13.9260113Z Contents: read
Linux Desktop Tests (4)	UNKNOWN STEP	2026-02-25T19:48:13.9260715Z Metadata: read
Linux Desktop Tests (4)	UNKNOWN STEP	2026-02-25T19:48:13.9261322Z Packages: read
Linux Desktop Tests (4)	UNKNOWN STEP	2026-02-25T19:48:13.9261783Z ##[endgroup]
Linux Desktop Tests (4)	UNKNOWN STEP	2026-02-25T19:48:13.9264005Z Secret source: Actions
Linux Desktop Tests (4)	UNKNOWN STEP	2026-02-25T19:48:13.9264801Z Prepare workflow directory
Linux Desktop Tests (4)	UNKNOWN STEP	2026-02-25T19:48:13.9663091Z Prepare all required actions
Linux Desktop Tests (4)	UNKNOWN STEP	2026-02-25T19:48:13.9700771Z Getting action download info
Linux Desktop Tests (4)	UNKNOWN STEP	2026-02-25T19:48:14.3399412Z Download action repository 'actions/checkout@v4' (SHA:34e114876b0b11c390a56381ad16ebd13914f8d5)
Linux Desktop Tests (4)	UNKNOWN STEP	2026-02-25T19:48:14.4791004Z Download action repository 'subosito/flutter-action@v2' (SHA:fd55f4c5af5b953cc57a2be44cb082c8f6635e8e)
Linux Desktop Tests (4)	UNKNOWN STEP	2026-02-25T19:48:15.0685784Z Getting action download info
Linux Desktop Tests (4)	UNKNOWN STEP	2026-02-25T19:48:15.2743321Z Download action repository 'actions/cache@v4' (SHA:0057852bfaa89a56745cba8c7296529d2fc39830)
Linux Desktop Tests (4)	UNKNOWN STEP	2026-02-25T19:48:15.4318918Z Complete job name: Linux Desktop Tests (4)
Linux Desktop Tests (4)	UNKNOWN STEP	2026-02-25T19:48:15.5157416Z ##[group]Run actions/checkout@v4
Linux Desktop Tests (4)	UNKNOWN STEP	2026-02-25T19:48:15.5158654Z with:
Linux Desktop Tests (4)	UNKNOWN STEP	2026-02-25T19:48:15.5159369Z   repository: floffel/substitution
Linux Desktop Tests (4)	UNKNOWN STEP	2026-02-25T19:48:15.5160536Z   token: ***
Linux Desktop Tests (4)	UNKNOWN STEP	2026-02-25T19:48:15.5161225Z   ssh-strict: true
Linux Desktop Tests (4)	UNKNOWN STEP	2026-02-25T19:48:15.5161943Z   ssh-user: git
Linux Desktop Tests (4)	UNKNOWN STEP	2026-02-25T19:48:15.5162673Z   persist-credentials: true
Linux Desktop Tests (4)	UNKNOWN STEP	2026-02-25T19:48:15.5163494Z   clean: true
Linux Desktop Tests (4)	UNKNOWN STEP	2026-02-25T19:48:15.5164672Z   sparse-checkout-cone-mode: true
Linux Desktop Tests (4)	UNKNOWN STEP	2026-02-25T19:48:15.5165595Z   fetch-depth: 1
Linux Desktop Tests (4)	UNKNOWN STEP	2026-02-25T19:48:15.5166318Z   fetch-tags: false
Linux Desktop Tests (4)	UNKNOWN STEP	2026-02-25T19:48:15.5167061Z   show-progress: true
Linux Desktop Tests (4)	UNKNOWN STEP	2026-02-25T19:48:15.5167814Z   lfs: false
Linux Desktop Tests (4)	UNKNOWN STEP	2026-02-25T19:48:15.5168491Z   submodules: false
Linux Desktop Tests (4)	UNKNOWN STEP	2026-02-25T19:48:15.5169234Z   set-safe-directory: true
Linux Desktop Tests (4)	UNKNOWN STEP	2026-02-25T19:48:15.5170338Z env:
Linux Desktop Tests (4)	UNKNOWN STEP	2026-02-25T19:48:15.5170999Z   CACHE_VERSION: v1
Linux Desktop Tests (4)	UNKNOWN STEP	2026-02-25T19:48:15.5171700Z ##[endgroup]
Linux Desktop Tests (4)	UNKNOWN STEP	2026-02-25T19:48:15.6292049Z Syncing repository: floffel/substitution
Linux Desktop Tests (4)	UNKNOWN STEP	2026-02-25T19:48:15.6294755Z ##[group]Getting Git version info
Linux Desktop Tests (4)	UNKNOWN STEP	2026-02-25T19:48:15.6296210Z Working directory is '/home/runner/work/substitution/substitution'
Linux Desktop Tests (4)	UNKNOWN STEP	2026-02-25T19:48:15.6298119Z [command]/usr/bin/git version
Linux Desktop Tests (4)	UNKNOWN STEP	2026-02-25T19:48:15.6381385Z git version 2.53.0
Linux Desktop Tests (4)	UNKNOWN STEP	2026-02-25T19:48:15.6407743Z ##[endgroup]
Linux Desktop Tests (4)	UNKNOWN STEP	2026-02-25T19:48:15.6421981Z Temporarily overriding HOME='/home/runner/work/_temp/e7a06df0-e4b6-4695-84cd-956a834fdfe6' before making global git config changes
Linux Desktop Tests (4)	UNKNOWN STEP	2026-02-25T19:48:15.6424894Z Adding repository directory to the temporary git global config as a safe directory
Linux Desktop Tests (4)	UNKNOWN STEP	2026-02-25T19:48:15.6427733Z [command]/usr/bin/git config --global --add safe.directory /home/runner/work/substitution/substitution
Linux Desktop Tests (4)	UNKNOWN STEP	2026-02-25T19:48:15.6466453Z Deleting the contents of '/home/runner/work/substitution/substitution'
Linux Desktop Tests (4)	UNKNOWN STEP	2026-02-25T19:48:15.6469850Z ##[group]Initializing the repository
Linux Desktop Tests (4)	UNKNOWN STEP	2026-02-25T19:48:15.6474091Z [command]/usr/bin/git init /home/runner/work/substitution/substitution
Linux Desktop Tests (4)	UNKNOWN STEP	2026-02-25T19:48:15.6600027Z hint: Using 'master' as the name for the initial branch. This default branch name
Linux Desktop Tests (4)	UNKNOWN STEP	2026-02-25T19:48:15.6601919Z hint: will change to "main" in Git 3.0. To configure the initial branch name
Linux Desktop Tests (4)	UNKNOWN STEP	2026-02-25T19:48:15.6603988Z hint: to use in all of your new repositories, which will suppress this warning,
Linux Desktop Tests (4)	UNKNOWN STEP	2026-02-25T19:48:15.6606225Z hint: call:
Linux Desktop Tests (4)	UNKNOWN STEP	2026-02-25T19:48:15.6606918Z hint:
Linux Desktop Tests (4)	UNKNOWN STEP	2026-02-25T19:48:15.6607793Z hint: 	git config --global init.defaultBranch <name>
Linux Desktop Tests (4)	UNKNOWN STEP	2026-02-25T19:48:15.6608888Z hint:
Linux Desktop Tests (4)	UNKNOWN STEP	2026-02-25T19:48:15.6610161Z hint: Names commonly chosen instead of 'master' are 'main', 'trunk' and
Linux Desktop Tests (4)	UNKNOWN STEP	2026-02-25T19:48:15.6611854Z hint: 'development'. The just-created branch can be renamed via this command:
Linux Desktop Tests (4)	UNKNOWN STEP	2026-02-25T19:48:15.6613145Z hint:
Linux Desktop Tests (4)	UNKNOWN STEP	2026-02-25T19:48:15.6614063Z hint: 	git branch -m <name>
Linux Desktop Tests (4)	UNKNOWN STEP	2026-02-25T19:48:15.6614895Z hint:
Linux Desktop Tests (4)	UNKNOWN STEP	2026-02-25T19:48:15.6616427Z hint: Disable this message with "git config set advice.defaultBranchName false"
Linux Desktop Tests (4)	UNKNOWN STEP	2026-02-25T19:48:15.6618370Z Initialized empty Git repository in /home/runner/work/substitution/substitution/.git/
Linux Desktop Tests (4)	UNKNOWN STEP	2026-02-25T19:48:15.6621511Z [command]/usr/bin/git remote add origin https://github.com/floffel/substitution
Linux Desktop Tests (4)	UNKNOWN STEP	2026-02-25T19:48:15.6654196Z ##[endgroup]
Linux Desktop Tests (4)	UNKNOWN STEP	2026-02-25T19:48:15.6655458Z ##[group]Disabling automatic garbage collection
Linux Desktop Tests (4)	UNKNOWN STEP	2026-02-25T19:48:15.6658589Z [command]/usr/bin/git config --local gc.auto 0
Linux Desktop Tests (4)	UNKNOWN STEP	2026-02-25T19:48:15.6687965Z ##[endgroup]
Linux Desktop Tests (4)	UNKNOWN STEP	2026-02-25T19:48:15.6689160Z ##[group]Setting up auth
Linux Desktop Tests (4)	UNKNOWN STEP	2026-02-25T19:48:15.6695082Z [command]/usr/bin/git config --local --name-only --get-regexp core\.sshCommand
Linux Desktop Tests (4)	UNKNOWN STEP	2026-02-25T19:48:15.6726414Z [command]/usr/bin/git submodule foreach --recursive sh -c "git config --local --name-only --get-regexp 'core\.sshCommand' && git config --local --unset-all 'core.sshCommand' || :"
Linux Desktop Tests (4)	UNKNOWN STEP	2026-02-25T19:48:15.7096549Z [command]/usr/bin/git config --local --name-only --get-regexp http\.https\:\/\/github\.com\/\.extraheader
Linux Desktop Tests (4)	UNKNOWN STEP	2026-02-25T19:48:15.7130821Z [command]/usr/bin/git submodule foreach --recursive sh -c "git config --local --name-only --get-regexp 'http\.https\:\/\/github\.com\/\.extraheader' && git config --local --unset-all 'http.https://github.com/.extraheader' || :"
Linux Desktop Tests (4)	UNKNOWN STEP	2026-02-25T19:48:15.7360199Z [command]/usr/bin/git config --local --name-only --get-regexp ^includeIf\.gitdir:
Linux Desktop Tests (4)	UNKNOWN STEP	2026-02-25T19:48:15.7402810Z [command]/usr/bin/git submodule foreach --recursive git config --local --show-origin --name-only --get-regexp remote.origin.url
Linux Desktop Tests (4)	UNKNOWN STEP	2026-02-25T19:48:15.7638745Z [command]/usr/bin/git config --local http.https://github.com/.extraheader AUTHORIZATION: basic ***
Linux Desktop Tests (4)	UNKNOWN STEP	2026-02-25T19:48:15.7674753Z ##[endgroup]
Linux Desktop Tests (4)	UNKNOWN STEP	2026-02-25T19:48:15.7676947Z ##[group]Fetching the repository
Linux Desktop Tests (4)	UNKNOWN STEP	2026-02-25T19:48:15.7686620Z [command]/usr/bin/git -c protocol.version=2 fetch --no-tags --prune --no-recurse-submodules --depth=1 origin +0408461b08eee1bbe2c516702bd1813b916d3e4c:refs/remotes/pull/1/merge
Linux Desktop Tests (4)	UNKNOWN STEP	2026-02-25T19:48:16.9512303Z From https://github.com/floffel/substitution
Linux Desktop Tests (4)	UNKNOWN STEP	2026-02-25T19:48:16.9516047Z  * [new ref]         0408461b08eee1bbe2c516702bd1813b916d3e4c -> pull/1/merge
Linux Desktop Tests (4)	UNKNOWN STEP	2026-02-25T19:48:16.9550344Z ##[endgroup]
Linux Desktop Tests (4)	UNKNOWN STEP	2026-02-25T19:48:16.9551156Z ##[group]Determining the checkout info
Linux Desktop Tests (4)	UNKNOWN STEP	2026-02-25T19:48:16.9553092Z ##[endgroup]
Linux Desktop Tests (4)	UNKNOWN STEP	2026-02-25T19:48:16.9559004Z [command]/usr/bin/git sparse-checkout disable
Linux Desktop Tests (4)	UNKNOWN STEP	2026-02-25T19:48:16.9604112Z [command]/usr/bin/git config --local --unset-all extensions.worktreeConfig
Linux Desktop Tests (4)	UNKNOWN STEP	2026-02-25T19:48:16.9632074Z ##[group]Checking out the ref
Linux Desktop Tests (4)	UNKNOWN STEP	2026-02-25T19:48:16.9636994Z [command]/usr/bin/git checkout --progress --force refs/remotes/pull/1/merge
Linux Desktop Tests (4)	UNKNOWN STEP	2026-02-25T19:48:17.2503224Z Note: switching to 'refs/remotes/pull/1/merge'.
Linux Desktop Tests (4)	UNKNOWN STEP	2026-02-25T19:48:17.2504212Z 
Linux Desktop Tests (4)	UNKNOWN STEP	2026-02-25T19:48:17.2504593Z You are in 'detached HEAD' state. You can look around, make experimental
Linux Desktop Tests (4)	UNKNOWN STEP	2026-02-25T19:48:17.2505423Z changes and commit them, and you can discard any commits you make in this
Linux Desktop Tests (4)	UNKNOWN STEP	2026-02-25T19:48:17.2506223Z state without impacting any branches by switching back to a branch.
Linux Desktop Tests (4)	UNKNOWN STEP	2026-02-25T19:48:17.2506712Z 
Linux Desktop Tests (4)	UNKNOWN STEP	2026-02-25T19:48:17.2507048Z If you want to create a new branch to retain commits you create, you may
Linux Desktop Tests (4)	UNKNOWN STEP	2026-02-25T19:48:17.2508068Z do so (now or later) by using -c with the switch command. Example:
Linux Desktop Tests (4)	UNKNOWN STEP	2026-02-25T19:48:17.2508434Z 
Linux Desktop Tests (4)	UNKNOWN STEP	2026-02-25T19:48:17.2508582Z   git switch -c <new-branch-name>
Linux Desktop Tests (4)	UNKNOWN STEP	2026-02-25T19:48:17.2508825Z 
Linux Desktop Tests (4)	UNKNOWN STEP	2026-02-25T19:48:17.2508973Z Or undo this operation with:
Linux Desktop Tests (4)	UNKNOWN STEP	2026-02-25T19:48:17.2509186Z 
Linux Desktop Tests (4)	UNKNOWN STEP	2026-02-25T19:48:17.2509309Z   git switch -
Linux Desktop Tests (4)	UNKNOWN STEP	2026-02-25T19:48:17.2509501Z 
Linux Desktop Tests (4)	UNKNOWN STEP	2026-02-25T19:48:17.2509784Z Turn off this advice by setting config variable advice.detachedHead to false
Linux Desktop Tests (4)	UNKNOWN STEP	2026-02-25T19:48:17.2510216Z 
Linux Desktop Tests (4)	UNKNOWN STEP	2026-02-25T19:48:17.2510711Z HEAD is now at 0408461 Merge 86c2f4a4443179a61e99b4f5d2c467a0f9c43a72 into 74cc852017b0f1fdeb37326726f5fee7effe2248
Linux Desktop Tests (4)	UNKNOWN STEP	2026-02-25T19:48:17.2520865Z ##[endgroup]
Linux Desktop Tests (4)	UNKNOWN STEP	2026-02-25T19:48:17.2562667Z [command]/usr/bin/git log -1 --format=%H
Linux Desktop Tests (4)	UNKNOWN STEP	2026-02-25T19:48:17.2588314Z 0408461b08eee1bbe2c516702bd1813b916d3e4c
Linux Desktop Tests (4)	UNKNOWN STEP	2026-02-25T19:48:17.2847288Z ##[group]Run sudo apt-get update -q
Linux Desktop Tests (4)	UNKNOWN STEP	2026-02-25T19:48:17.2847726Z [36;1msudo apt-get update -q[0m
Linux Desktop Tests (4)	UNKNOWN STEP	2026-02-25T19:48:17.2848054Z [36;1msudo apt-get install -y \[0m
Linux Desktop Tests (4)	UNKNOWN STEP	2026-02-25T19:48:17.2848433Z [36;1m  clang cmake ninja-build pkg-config \[0m
Linux Desktop Tests (4)	UNKNOWN STEP	2026-02-25T19:48:17.2848853Z [36;1m  libgtk-3-dev liblzma-dev libstdc++-12-dev \[0m
Linux Desktop Tests (4)	UNKNOWN STEP	2026-02-25T19:48:17.2849294Z [36;1m  libsecret-1-dev libjsoncpp-dev libsqlite3-dev \[0m
Linux Desktop Tests (4)	UNKNOWN STEP	2026-02-25T19:48:17.2849776Z [36;1m  libgl1-mesa-dev libegl1-mesa-dev libgles2-mesa-dev \[0m
Linux Desktop Tests (4)	UNKNOWN STEP	2026-02-25T19:48:17.2850231Z [36;1m  libblkid-dev libdbus-1-dev libatk1.0-dev \[0m
Linux Desktop Tests (4)	UNKNOWN STEP	2026-02-25T19:48:17.2850589Z [36;1m  xvfb[0m
Linux Desktop Tests (4)	UNKNOWN STEP	2026-02-25T19:48:17.2905443Z shell: /usr/bin/bash -e {0}
Linux Desktop Tests (4)	UNKNOWN STEP	2026-02-25T19:48:17.2905755Z env:
Linux Desktop Tests (4)	UNKNOWN STEP	2026-02-25T19:48:17.2905978Z   CACHE_VERSION: v1
Linux Desktop Tests (4)	UNKNOWN STEP	2026-02-25T19:48:17.2906219Z ##[endgroup]
Linux Desktop Tests (4)	UNKNOWN STEP	2026-02-25T19:48:17.3756489Z Get:1 file:/etc/apt/apt-mirrors.txt Mirrorlist [144 B]
Linux Desktop Tests (4)	UNKNOWN STEP	2026-02-25T19:48:17.4079799Z Hit:2 http://azure.archive.ubuntu.com/ubuntu noble InRelease
Linux Desktop Tests (4)	UNKNOWN STEP	2026-02-25T19:48:17.4081529Z Hit:6 https://packages.microsoft.com/repos/azure-cli noble InRelease
Linux Desktop Tests (4)	UNKNOWN STEP	2026-02-25T19:48:17.4103051Z Get:3 http://azure.archive.ubuntu.com/ubuntu noble-updates InRelease [126 kB]
Linux Desktop Tests (4)	UNKNOWN STEP	2026-02-25T19:48:17.4135871Z Get:4 http://azure.archive.ubuntu.com/ubuntu noble-backports InRelease [126 kB]
Linux Desktop Tests (4)	UNKNOWN STEP	2026-02-25T19:48:17.4182200Z Get:5 http://azure.archive.ubuntu.com/ubuntu noble-security InRelease [126 kB]
Linux Desktop Tests (4)	UNKNOWN STEP	2026-02-25T19:48:17.4184490Z Get:7 https://packages.microsoft.com/ubuntu/24.04/prod noble InRelease [3600 B]
Linux Desktop Tests (4)	UNKNOWN STEP	2026-02-25T19:48:17.5955791Z Get:8 http://azure.archive.ubuntu.com/ubuntu noble-updates/main amd64 Packages [1800 kB]
Linux Desktop Tests (4)	UNKNOWN STEP	2026-02-25T19:48:17.6151585Z Get:9 http://azure.archive.ubuntu.com/ubuntu noble-updates/main Translation-en [331 kB]
Linux Desktop Tests (4)	UNKNOWN STEP	2026-02-25T19:48:17.6196307Z Get:10 http://azure.archive.ubuntu.com/ubuntu noble-updates/main amd64 Components [175 kB]
Linux Desktop Tests (4)	UNKNOWN STEP	2026-02-25T19:48:17.6208894Z Get:11 http://azure.archive.ubuntu.com/ubuntu noble-updates/main amd64 c-n-f Metadata [16.5 kB]
Linux Desktop Tests (4)	UNKNOWN STEP	2026-02-25T19:48:17.6231504Z Get:12 http://azure.archive.ubuntu.com/ubuntu noble-updates/universe amd64 Packages [1557 kB]
Linux Desktop Tests (4)	UNKNOWN STEP	2026-02-25T19:48:17.6336384Z Get:13 http://azure.archive.ubuntu.com/ubuntu noble-updates/universe Translation-en [316 kB]
Linux Desktop Tests (4)	UNKNOWN STEP	2026-02-25T19:48:17.6367914Z Get:14 http://azure.archive.ubuntu.com/ubuntu noble-updates/universe amd64 Components [386 kB]
Linux Desktop Tests (4)	UNKNOWN STEP	2026-02-25T19:48:17.6404249Z Get:15 http://azure.archive.ubuntu.com/ubuntu noble-updates/universe amd64 c-n-f Metadata [32.7 kB]
Linux Desktop Tests (4)	UNKNOWN STEP	2026-02-25T19:48:17.6427126Z Get:16 http://azure.archive.ubuntu.com/ubuntu noble-updates/restricted amd64 Packages [2735 kB]
Linux Desktop Tests (4)	UNKNOWN STEP	2026-02-25T19:48:17.6575071Z Get:17 http://azure.archive.ubuntu.com/ubuntu noble-updates/restricted Translation-en [630 kB]
Linux Desktop Tests (4)	UNKNOWN STEP	2026-02-25T19:48:17.7045769Z Get:18 http://azure.archive.ubuntu.com/ubuntu noble-updates/restricted amd64 Components [212 B]
Linux Desktop Tests (4)	UNKNOWN STEP	2026-02-25T19:48:17.7056000Z Get:19 http://azure.archive.ubuntu.com/ubuntu noble-updates/multiverse amd64 Components [940 B]
Linux Desktop Tests (4)	UNKNOWN STEP	2026-02-25T19:48:17.7069629Z Get:20 http://azure.archive.ubuntu.com/ubuntu noble-backports/main amd64 Components [7296 B]
Linux Desktop Tests (4)	UNKNOWN STEP	2026-02-25T19:48:17.7087133Z Get:21 http://azure.archive.ubuntu.com/ubuntu noble-backports/universe amd64 Components [10.5 kB]
Linux Desktop Tests (4)	UNKNOWN STEP	2026-02-25T19:48:17.7106805Z Get:22 http://azure.archive.ubuntu.com/ubuntu noble-backports/restricted amd64 Components [216 B]
Linux Desktop Tests (4)	UNKNOWN STEP	2026-02-25T19:48:17.7119725Z Get:23 http://azure.archive.ubuntu.com/ubuntu noble-backports/multiverse amd64 Components [212 B]
Linux Desktop Tests (4)	UNKNOWN STEP	2026-02-25T19:48:17.7240971Z Get:24 http://azure.archive.ubuntu.com/ubuntu noble-security/main amd64 Packages [1491 kB]
Linux Desktop Tests (4)	UNKNOWN STEP	2026-02-25T19:48:17.7330913Z Get:25 http://azure.archive.ubuntu.com/ubuntu noble-security/main Translation-en [239 kB]
Linux Desktop Tests (4)	UNKNOWN STEP	2026-02-25T19:48:17.7352170Z Get:26 http://azure.archive.ubuntu.com/ubuntu noble-security/main amd64 Components [21.5 kB]
Linux Desktop Tests (4)	UNKNOWN STEP	2026-02-25T19:48:17.7374699Z Get:27 http://azure.archive.ubuntu.com/ubuntu noble-security/main amd64 c-n-f Metadata [9932 B]
Linux Desktop Tests (4)	UNKNOWN STEP	2026-02-25T19:48:17.7381086Z Get:28 http://azure.archive.ubuntu.com/ubuntu noble-security/universe amd64 Packages [936 kB]
Linux Desktop Tests (4)	UNKNOWN STEP	2026-02-25T19:48:17.7431534Z Get:29 http://azure.archive.ubuntu.com/ubuntu noble-security/universe Translation-en [216 kB]
Linux Desktop Tests (4)	UNKNOWN STEP	2026-02-25T19:48:17.7452801Z Get:30 http://azure.archive.ubuntu.com/ubuntu noble-security/universe amd64 Components [74.2 kB]
Linux Desktop Tests (4)	UNKNOWN STEP	2026-02-25T19:48:17.7468214Z Get:31 http://azure.archive.ubuntu.com/ubuntu noble-security/universe amd64 c-n-f Metadata [20.1 kB]
Linux Desktop Tests (4)	UNKNOWN STEP	2026-02-25T19:48:17.7833104Z Get:36 https://packages.microsoft.com/ubuntu/24.04/prod noble/main amd64 Packages [96.0 kB]
Linux Desktop Tests (4)	UNKNOWN STEP	2026-02-25T19:48:17.7925685Z Get:32 http://azure.archive.ubuntu.com/ubuntu noble-security/restricted amd64 Packages [2557 kB]
Linux Desktop Tests (4)	UNKNOWN STEP	2026-02-25T19:48:17.8036415Z Get:37 https://packages.microsoft.com/ubuntu/24.04/prod noble/main arm64 Packages [74.9 kB]
Linux Desktop Tests (4)	UNKNOWN STEP	2026-02-25T19:48:17.8082195Z Get:33 http://azure.archive.ubuntu.com/ubuntu noble-security/restricted Translation-en [594 kB]
Linux Desktop Tests (4)	UNKNOWN STEP	2026-02-25T19:48:17.8112443Z Get:38 https://packages.microsoft.com/ubuntu/24.04/prod noble/main armhf Packages [11.4 kB]
Linux Desktop Tests (4)	UNKNOWN STEP	2026-02-25T19:48:17.8122958Z Get:34 http://azure.archive.ubuntu.com/ubuntu noble-security/restricted amd64 Components [212 B]
Linux Desktop Tests (4)	UNKNOWN STEP	2026-02-25T19:48:17.8146303Z Get:35 http://azure.archive.ubuntu.com/ubuntu noble-security/multiverse amd64 Components [212 B]
Linux Desktop Tests (4)	UNKNOWN STEP	2026-02-25T19:48:23.0973007Z Fetched 14.7 MB in 2s (8502 kB/s)
Linux Desktop Tests (4)	UNKNOWN STEP	2026-02-25T19:48:23.8499086Z Reading package lists...
Linux Desktop Tests (4)	UNKNOWN STEP	2026-02-25T19:48:23.8839010Z Reading package lists...
Linux Desktop Tests (4)	UNKNOWN STEP	2026-02-25T19:48:24.0471696Z Building dependency tree...
Linux Desktop Tests (4)	UNKNOWN STEP	2026-02-25T19:48:24.0479284Z Reading state information...
Linux Desktop Tests (4)	UNKNOWN STEP	2026-02-25T19:48:24.2109094Z pkg-config is already the newest version (1.8.1-2build1).
Linux Desktop Tests (4)	UNKNOWN STEP	2026-02-25T19:48:24.2109674Z libstdc++-12-dev is already the newest version (12.4.0-2ubuntu1~24.04.1).
Linux Desktop Tests (4)	UNKNOWN STEP	2026-02-25T19:48:24.2110297Z libstdc++-12-dev set to manually installed.
Linux Desktop Tests (4)	UNKNOWN STEP	2026-02-25T19:48:24.2110988Z libsqlite3-dev is already the newest version (3.45.1-1ubuntu2.5).
Linux Desktop Tests (4)	UNKNOWN STEP	2026-02-25T19:48:24.2111780Z xvfb is already the newest version (2:21.1.12-1ubuntu1.5).
Linux Desktop Tests (4)	UNKNOWN STEP	2026-02-25T19:48:24.2112353Z The following additional packages will be installed:
Linux Desktop Tests (4)	UNKNOWN STEP	2026-02-25T19:48:24.2113159Z   bzip2-doc cmake-data gir1.2-atk-1.0 gir1.2-atspi-2.0 gir1.2-freedesktop
Linux Desktop Tests (4)	UNKNOWN STEP	2026-02-25T19:48:24.2114318Z   gir1.2-freedesktop-dev gir1.2-gdkpixbuf-2.0 gir1.2-glib-2.0
Linux Desktop Tests (4)	UNKNOWN STEP	2026-02-25T19:48:24.2115216Z   gir1.2-glib-2.0-dev gir1.2-gtk-3.0 gir1.2-harfbuzz-0.0 gir1.2-pango-1.0
Linux Desktop Tests (4)	UNKNOWN STEP	2026-02-25T19:48:24.2116179Z   gir1.2-secret-1 libatk-bridge2.0-dev libatspi2.0-dev libbrotli-dev
Linux Desktop Tests (4)	UNKNOWN STEP	2026-02-25T19:48:24.2117094Z   libbz2-dev libcairo-script-interpreter2 libcairo2-dev libdatrie-dev
Linux Desktop Tests (4)	UNKNOWN STEP	2026-02-25T19:48:24.2118033Z   libdeflate-dev libegl-dev libegl-mesa0 libegl1 libepoxy-dev
Linux Desktop Tests (4)	UNKNOWN STEP	2026-02-25T19:48:24.2118849Z   libfontconfig-dev libfreetype-dev libfribidi-dev libgcrypt20-dev
Linux Desktop Tests (4)	UNKNOWN STEP	2026-02-25T19:48:24.2119726Z   libgdk-pixbuf-2.0-dev libgdk-pixbuf2.0-bin libgirepository-2.0-0 libgl-dev
Linux Desktop Tests (4)	UNKNOWN STEP	2026-02-25T19:48:24.2120657Z   libgles-dev libgles1 libgles2 libglib2.0-0t64 libglib2.0-bin libglib2.0-data
Linux Desktop Tests (4)	UNKNOWN STEP	2026-02-25T19:48:24.2121592Z   libglib2.0-dev libglib2.0-dev-bin libglvnd-core-dev libglvnd-dev libglx-dev
Linux Desktop Tests (4)	UNKNOWN STEP	2026-02-25T19:48:24.2122521Z   libgpg-error-dev libgraphite2-dev libharfbuzz-cairo0 libharfbuzz-dev
Linux Desktop Tests (4)	UNKNOWN STEP	2026-02-25T19:48:24.2123396Z   libharfbuzz-gobject0 libharfbuzz-icu0 libharfbuzz-subset0 libice-dev
Linux Desktop Tests (4)	UNKNOWN STEP	2026-02-25T19:48:24.2124648Z   libjbig-dev libjpeg-dev libjpeg-turbo8-dev libjpeg8-dev libjsoncpp25
Linux Desktop Tests (4)	UNKNOWN STEP	2026-02-25T19:48:24.2125174Z   liblerc-dev libmount-dev libopengl-dev libopengl0 libpango1.0-dev
Linux Desktop Tests (4)	UNKNOWN STEP	2026-02-25T19:48:24.2125865Z   libpangoxft-1.0-0 libpixman-1-dev libpng-dev libpng-tools libpng16-16t64
Linux Desktop Tests (4)	UNKNOWN STEP	2026-02-25T19:48:24.2126406Z   libpthread-stubs0-dev librhash0 libsecret-1-0 libsecret-common
Linux Desktop Tests (4)	UNKNOWN STEP	2026-02-25T19:48:24.2126912Z   libselinux1-dev libsepol-dev libsharpyuv-dev libsm-dev libthai-dev
Linux Desktop Tests (4)	UNKNOWN STEP	2026-02-25T19:48:24.2127481Z   libtiff-dev libtiffxx6 libwayland-bin libwayland-dev libwayland-server0
Linux Desktop Tests (4)	UNKNOWN STEP	2026-02-25T19:48:24.2128062Z   libwebp-dev libwebpdecoder3 libx11-dev libxau-dev libxcb-render0-dev
Linux Desktop Tests (4)	UNKNOWN STEP	2026-02-25T19:48:24.2128797Z   libxcb-shm0-dev libxcb1-dev libxcomposite-dev libxcursor-dev libxdamage-dev
Linux Desktop Tests (4)	UNKNOWN STEP	2026-02-25T19:48:24.2129313Z   libxdmcp-dev libxext-dev libxfixes-dev libxft-dev libxi-dev libxinerama-dev
Linux Desktop Tests (4)	UNKNOWN STEP	2026-02-25T19:48:24.2129805Z   libxkbcommon-dev libxrandr-dev libxrender-dev libxtst-dev pango1.0-tools
Linux Desktop Tests (4)	UNKNOWN STEP	2026-02-25T19:48:24.2130270Z   uuid-dev wayland-protocols x11proto-dev xorg-sgml-doctools xtrans-dev
Linux Desktop Tests (4)	UNKNOWN STEP	2026-02-25T19:48:24.2130604Z Suggested packages:
Linux Desktop Tests (4)	UNKNOWN STEP	2026-02-25T19:48:24.2130887Z   cmake-doc cmake-format elpa-cmake-mode libcairo2-doc libdatrie-doc
Linux Desktop Tests (4)	UNKNOWN STEP	2026-02-25T19:48:24.2131294Z   freetype2-doc libgcrypt20-doc low-memory-monitor libglib2.0-doc
Linux Desktop Tests (4)	UNKNOWN STEP	2026-02-25T19:48:24.2131717Z   libxml2-utils libgraphite2-utils libgtk-3-doc libice-doc liblzma-doc
Linux Desktop Tests (4)	UNKNOWN STEP	2026-02-25T19:48:24.2132165Z   libpango1.0-doc libsm-doc libthai-doc libwayland-doc libx11-doc libxcb-doc
Linux Desktop Tests (4)	UNKNOWN STEP	2026-02-25T19:48:24.2132521Z   libxext-doc graphicsmagick
Linux Desktop Tests (4)	UNKNOWN STEP	2026-02-25T19:48:24.2711474Z The following NEW packages will be installed:
Linux Desktop Tests (4)	UNKNOWN STEP	2026-02-25T19:48:24.2712115Z   bzip2-doc clang cmake cmake-data gir1.2-atk-1.0 gir1.2-atspi-2.0
Linux Desktop Tests (4)	UNKNOWN STEP	2026-02-25T19:48:24.2712830Z   gir1.2-freedesktop gir1.2-freedesktop-dev gir1.2-gdkpixbuf-2.0
Linux Desktop Tests (4)	UNKNOWN STEP	2026-02-25T19:48:24.2713575Z   gir1.2-glib-2.0-dev gir1.2-gtk-3.0 gir1.2-harfbuzz-0.0 gir1.2-pango-1.0
Linux Desktop Tests (4)	UNKNOWN STEP	2026-02-25T19:48:24.2714543Z   gir1.2-secret-1 libatk-bridge2.0-dev libatk1.0-dev libatspi2.0-dev
Linux Desktop Tests (4)	UNKNOWN STEP	2026-02-25T19:48:24.2715304Z   libblkid-dev libbrotli-dev libbz2-dev libcairo-script-interpreter2
Linux Desktop Tests (4)	UNKNOWN STEP	2026-02-25T19:48:24.2715874Z   libcairo2-dev libdatrie-dev libdbus-1-dev libdeflate-dev libegl-dev
Linux Desktop Tests (4)	UNKNOWN STEP	2026-02-25T19:48:24.2716576Z   libegl-mesa0 libegl1 libegl1-mesa-dev libepoxy-dev libfontconfig-dev
Linux Desktop Tests (4)	UNKNOWN STEP	2026-02-25T19:48:24.2717373Z   libfreetype-dev libfribidi-dev libgcrypt20-dev libgdk-pixbuf-2.0-dev
Linux Desktop Tests (4)	UNKNOWN STEP	2026-02-25T19:48:24.2718055Z   libgdk-pixbuf2.0-bin libgirepository-2.0-0 libgl-dev libgl1-mesa-dev
Linux Desktop Tests (4)	UNKNOWN STEP	2026-02-25T19:48:24.2718529Z   libgles-dev libgles1 libgles2 libgles2-mesa-dev libglib2.0-dev
Linux Desktop Tests (4)	UNKNOWN STEP	2026-02-25T19:48:24.2718967Z   libglib2.0-dev-bin libglvnd-core-dev libglvnd-dev libglx-dev
Linux Desktop Tests (4)	UNKNOWN STEP	2026-02-25T19:48:24.2719427Z   libgpg-error-dev libgraphite2-dev libgtk-3-dev libharfbuzz-cairo0
Linux Desktop Tests (4)	UNKNOWN STEP	2026-02-25T19:48:24.2720102Z   libharfbuzz-dev libharfbuzz-gobject0 libharfbuzz-icu0 libharfbuzz-subset0
Linux Desktop Tests (4)	UNKNOWN STEP	2026-02-25T19:48:24.2720918Z   libice-dev libjbig-dev libjpeg-dev libjpeg-turbo8-dev libjpeg8-dev
Linux Desktop Tests (4)	UNKNOWN STEP	2026-02-25T19:48:24.2721555Z   libjsoncpp-dev libjsoncpp25 liblerc-dev liblzma-dev libmount-dev
Linux Desktop Tests (4)	UNKNOWN STEP	2026-02-25T19:48:24.2722062Z   libopengl-dev libopengl0 libpango1.0-dev libpangoxft-1.0-0 libpixman-1-dev
Linux Desktop Tests (4)	UNKNOWN STEP	2026-02-25T19:48:24.2722606Z   libpng-dev libpng-tools libpthread-stubs0-dev librhash0 libsecret-1-0
Linux Desktop Tests (4)	UNKNOWN STEP	2026-02-25T19:48:24.2723085Z   libsecret-1-dev libsecret-common libselinux1-dev libsepol-dev
Linux Desktop Tests (4)	UNKNOWN STEP	2026-02-25T19:48:24.2723571Z   libsharpyuv-dev libsm-dev libthai-dev libtiff-dev libtiffxx6 libwayland-bin
Linux Desktop Tests (4)	UNKNOWN STEP	2026-02-25T19:48:24.2724255Z   libwayland-dev libwayland-server0 libwebp-dev libwebpdecoder3 libx11-dev
Linux Desktop Tests (4)	UNKNOWN STEP	2026-02-25T19:48:24.2724857Z   libxau-dev libxcb-render0-dev libxcb-shm0-dev libxcb1-dev libxcomposite-dev
Linux Desktop Tests (4)	UNKNOWN STEP	2026-02-25T19:48:24.2725702Z   libxcursor-dev libxdamage-dev libxdmcp-dev libxext-dev libxfixes-dev
Linux Desktop Tests (4)	UNKNOWN STEP	2026-02-25T19:48:24.2726386Z   libxft-dev libxi-dev libxinerama-dev libxkbcommon-dev libxrandr-dev
Linux Desktop Tests (4)	UNKNOWN STEP	2026-02-25T19:48:24.2727035Z   libxrender-dev libxtst-dev ninja-build pango1.0-tools uuid-dev
Linux Desktop Tests (4)	UNKNOWN STEP	2026-02-25T19:48:24.2728097Z   wayland-protocols x11proto-dev xorg-sgml-doctools xtrans-dev
Linux Desktop Tests (4)	UNKNOWN STEP	2026-02-25T19:48:24.2728475Z The following packages will be upgraded:
Linux Desktop Tests (4)	UNKNOWN STEP	2026-02-25T19:48:24.2728830Z   gir1.2-glib-2.0 libglib2.0-0t64 libglib2.0-bin libglib2.0-data
Linux Desktop Tests (4)	UNKNOWN STEP	2026-02-25T19:48:24.2731268Z   libpng16-16t64
Linux Desktop Tests (4)	UNKNOWN STEP	2026-02-25T19:48:24.2932235Z 5 upgraded, 115 newly installed, 0 to remove and 27 not upgraded.
Linux Desktop Tests (4)	UNKNOWN STEP	2026-02-25T19:48:24.2932858Z Need to get 30.4 MB of archives.
Linux Desktop Tests (4)	UNKNOWN STEP	2026-02-25T19:48:24.2933396Z After this operation, 139 MB of additional disk space will be used.
Linux Desktop Tests (4)	UNKNOWN STEP	2026-02-25T19:48:24.2933958Z Get:1 file:/etc/apt/apt-mirrors.txt Mirrorlist [144 B]
Linux Desktop Tests (4)	UNKNOWN STEP	2026-02-25T19:48:24.6300822Z Get:2 http://azure.archive.ubuntu.com/ubuntu noble-updates/main amd64 libglib2.0-data all 2.80.0-6ubuntu3.8 [49.6 kB]
Linux Desktop Tests (4)	UNKNOWN STEP	2026-02-25T19:48:25.0047149Z Get:3 http://azure.archive.ubuntu.com/ubuntu noble-updates/main amd64 libglib2.0-bin amd64 2.80.0-6ubuntu3.8 [97.9 kB]
Linux Desktop Tests (4)	UNKNOWN STEP	2026-02-25T19:48:25.7553687Z Get:4 http://azure.archive.ubuntu.com/ubuntu noble-updates/main amd64 gir1.2-glib-2.0 amd64 2.80.0-6ubuntu3.8 [183 kB]
Linux Desktop Tests (4)	UNKNOWN STEP	2026-02-25T19:48:26.6938164Z Get:5 http://azure.archive.ubuntu.com/ubuntu noble-updates/main amd64 libglib2.0-0t64 amd64 2.80.0-6ubuntu3.8 [1545 kB]
Linux Desktop Tests (4)	UNKNOWN STEP	2026-02-25T19:48:34.4848726Z Get:6 http://azure.archive.ubuntu.com/ubuntu noble-updates/main amd64 libpng16-16t64 amd64 1.6.43-5ubuntu0.5 [188 kB]
Linux Desktop Tests (4)	UNKNOWN STEP	2026-02-25T19:48:35.5150106Z Get:7 http://azure.archive.ubuntu.com/ubuntu noble-updates/main amd64 bzip2-doc all 1.0.8-5.1build0.1 [499 kB]
Linux Desktop Tests (4)	UNKNOWN STEP	2026-02-25T19:48:38.0328309Z Get:8 http://azure.archive.ubuntu.com/ubuntu noble/universe amd64 clang amd64 1:18.0-59~exp2 [5846 B]
Linux Desktop Tests (4)	UNKNOWN STEP	2026-02-25T19:48:38.2189855Z Get:9 http://azure.archive.ubuntu.com/ubuntu noble/main amd64 libjsoncpp25 amd64 1.9.5-6build1 [82.8 kB]
Linux Desktop Tests (4)	UNKNOWN STEP	2026-02-25T19:48:38.7588671Z Get:10 http://azure.archive.ubuntu.com/ubuntu noble/main amd64 librhash0 amd64 1.4.3-3build1 [129 kB]
Linux Desktop Tests (4)	UNKNOWN STEP	2026-02-25T19:48:39.5504364Z Get:11 http://azure.archive.ubuntu.com/ubuntu noble/main amd64 cmake-data all 3.28.3-1build7 [2155 kB]
Linux Desktop Tests (4)	UNKNOWN STEP	2026-02-25T19:48:50.7494427Z Get:12 http://azure.archive.ubuntu.com/ubuntu noble/main amd64 cmake amd64 3.28.3-1build7 [11.2 MB]
Linux Desktop Tests (4)	UNKNOWN STEP	2026-02-25T19:49:48.9140383Z Get:13 http://azure.archive.ubuntu.com/ubuntu noble/main amd64 gir1.2-atk-1.0 amd64 2.52.0-1build1 [23.1 kB]
Linux Desktop Tests (4)	UNKNOWN STEP	2026-02-25T19:49:49.1652416Z Get:14 http://azure.archive.ubuntu.com/ubuntu noble/main amd64 gir1.2-freedesktop amd64 1.80.1-1 [49.7 kB]
Linux Desktop Tests (4)	UNKNOWN STEP	2026-02-25T19:49:49.6240685Z Get:15 http://azure.archive.ubuntu.com/ubuntu noble/main amd64 gir1.2-atspi-2.0 amd64 2.52.0-1build1 [19.8 kB]
Linux Desktop Tests (4)	UNKNOWN STEP	2026-02-25T19:49:49.8249884Z Get:16 http://azure.archive.ubuntu.com/ubuntu noble-updates/main amd64 gir1.2-glib-2.0-dev amd64 2.80.0-6ubuntu3.8 [848 kB]
Linux Desktop Tests (4)	UNKNOWN STEP	2026-02-25T19:49:54.6569070Z Get:17 http://azure.archive.ubuntu.com/ubuntu noble/main amd64 gir1.2-freedesktop-dev amd64 1.80.1-1 [28.8 kB]
Linux Desktop Tests (4)	UNKNOWN STEP	2026-02-25T19:49:54.9147447Z Get:18 http://azure.archive.ubuntu.com/ubuntu noble-updates/main amd64 gir1.2-gdkpixbuf-2.0 amd64 2.42.10+dfsg-3ubuntu3.2 [9488 B]
Linux Desktop Tests (4)	UNKNOWN STEP	2026-02-25T19:49:55.0817450Z Get:19 http://azure.archive.ubuntu.com/ubuntu noble/main amd64 libharfbuzz-gobject0 amd64 8.3.0-2build2 [34.3 kB]
Linux Desktop Tests (4)	UNKNOWN STEP	2026-02-25T19:49:55.3545713Z Get:20 http://azure.archive.ubuntu.com/ubuntu noble/main amd64 gir1.2-harfbuzz-0.0 amd64 8.3.0-2build2 [44.5 kB]
Linux Desktop Tests (4)	UNKNOWN STEP	2026-02-25T19:49:55.8137473Z Get:21 http://azure.archive.ubuntu.com/ubuntu noble/main amd64 libpangoxft-1.0-0 amd64 1.52.1+ds-1build1 [20.3 kB]
Linux Desktop Tests (4)	UNKNOWN STEP	2026-02-25T19:49:56.0528681Z Get:22 http://azure.archive.ubuntu.com/ubuntu noble/main amd64 gir1.2-pango-1.0 amd64 1.52.1+ds-1build1 [34.8 kB]
Linux Desktop Tests (4)	UNKNOWN STEP	2026-02-25T19:49:56.3944289Z Get:23 http://azure.archive.ubuntu.com/ubuntu noble-updates/main amd64 gir1.2-gtk-3.0 amd64 3.24.41-4ubuntu1.3 [245 kB]
Linux Desktop Tests (4)	UNKNOWN STEP	2026-02-25T19:49:58.4883139Z Get:24 http://azure.archive.ubuntu.com/ubuntu noble/main amd64 libsecret-common all 0.21.4-1build3 [4962 B]
Linux Desktop Tests (4)	UNKNOWN STEP	2026-02-25T19:49:58.7413694Z Get:25 http://azure.archive.ubuntu.com/ubuntu noble/main amd64 libsecret-1-0 amd64 0.21.4-1build3 [116 kB]
Linux Desktop Tests (4)	UNKNOWN STEP	2026-02-25T19:49:59.4942208Z Get:26 http://azure.archive.ubuntu.com/ubuntu noble/main amd64 gir1.2-secret-1 amd64 0.21.4-1build3 [9424 B]
Linux Desktop Tests (4)	UNKNOWN STEP	2026-02-25T19:49:59.6819374Z Get:27 http://azure.archive.ubuntu.com/ubuntu noble-updates/main amd64 libglib2.0-dev-bin amd64 2.80.0-6ubuntu3.8 [138 kB]
Linux Desktop Tests (4)	UNKNOWN STEP	2026-02-25T19:50:00.6428796Z Get:28 http://azure.archive.ubuntu.com/ubuntu noble-updates/main amd64 uuid-dev amd64 2.39.3-9ubuntu6.4 [33.5 kB]
Linux Desktop Tests (4)	UNKNOWN STEP	2026-02-25T19:50:01.0575052Z Get:29 http://azure.archive.ubuntu.com/ubuntu noble-updates/main amd64 libblkid-dev amd64 2.39.3-9ubuntu6.4 [204 kB]
Linux Desktop Tests (4)	UNKNOWN STEP	2026-02-25T19:50:02.4400622Z Get:30 http://azure.archive.ubuntu.com/ubuntu noble/main amd64 libsepol-dev amd64 3.5-2build1 [384 kB]
Linux Desktop Tests (4)	UNKNOWN STEP	2026-02-25T19:50:04.6798805Z Get:31 http://azure.archive.ubuntu.com/ubuntu noble-updates/main amd64 libselinux1-dev amd64 3.5-2ubuntu2.1 [164 kB]
Linux Desktop Tests (4)	UNKNOWN STEP	2026-02-25T19:50:05.6687343Z Get:32 http://azure.archive.ubuntu.com/ubuntu noble-updates/main amd64 libmount-dev amd64 2.39.3-9ubuntu6.4 [14.9 kB]
Linux Desktop Tests (4)	UNKNOWN STEP	2026-02-25T19:50:05.9185181Z Get:33 http://azure.archive.ubuntu.com/ubuntu noble-updates/main amd64 libgirepository-2.0-0 amd64 2.80.0-6ubuntu3.8 [73.6 kB]
Linux Desktop Tests (4)	UNKNOWN STEP	2026-02-25T19:50:06.4338474Z Get:34 http://azure.archive.ubuntu.com/ubuntu noble-updates/main amd64 libglib2.0-dev amd64 2.80.0-6ubuntu3.8 [1860 kB]
Linux Desktop Tests (4)	UNKNOWN STEP	2026-02-25T19:50:18.1602677Z Get:35 http://azure.archive.ubuntu.com/ubuntu noble/main amd64 libatk1.0-dev amd64 2.52.0-1build1 [100 kB]
Linux Desktop Tests (4)	UNKNOWN STEP	2026-02-25T19:50:18.8369331Z Get:36 http://azure.archive.ubuntu.com/ubuntu noble-updates/main amd64 libdbus-1-dev amd64 1.14.10-4ubuntu4.1 [190 kB]
Linux Desktop Tests (4)	UNKNOWN STEP	2026-02-25T19:50:19.9834745Z Get:37 http://azure.archive.ubuntu.com/ubuntu noble/main amd64 xorg-sgml-doctools all 1:1.11-1.1 [10.9 kB]
Linux Desktop Tests (4)	UNKNOWN STEP	2026-02-25T19:50:20.2218169Z Get:38 http://azure.archive.ubuntu.com/ubuntu noble/main amd64 x11proto-dev all 2023.2-1 [602 kB]
Linux Desktop Tests (4)	UNKNOWN STEP	2026-02-25T19:50:24.2037528Z Get:39 http://azure.archive.ubuntu.com/ubuntu noble/main amd64 libxau-dev amd64 1:1.0.9-1build6 [9570 B]
Linux Desktop Tests (4)	UNKNOWN STEP	2026-02-25T19:50:24.4184834Z Get:40 http://azure.archive.ubuntu.com/ubuntu noble/main amd64 libxdmcp-dev amd64 1:1.1.3-0ubuntu6 [26.5 kB]
Linux Desktop Tests (4)	UNKNOWN STEP	2026-02-25T19:50:24.6700605Z Get:41 http://azure.archive.ubuntu.com/ubuntu noble/main amd64 xtrans-dev all 1.4.0-1 [68.9 kB]
Linux Desktop Tests (4)	UNKNOWN STEP	2026-02-25T19:50:25.2091846Z Get:42 http://azure.archive.ubuntu.com/ubuntu noble/main amd64 libpthread-stubs0-dev amd64 0.4-1build3 [4746 B]
Linux Desktop Tests (4)	UNKNOWN STEP	2026-02-25T19:50:25.3775555Z Get:43 http://azure.archive.ubuntu.com/ubuntu noble/main amd64 libxcb1-dev amd64 1.15-1ubuntu2 [85.8 kB]
Linux Desktop Tests (4)	UNKNOWN STEP	2026-02-25T19:50:25.9961858Z Get:44 http://azure.archive.ubuntu.com/ubuntu noble/main amd64 libx11-dev amd64 2:1.8.7-1build1 [732 kB]
Linux Desktop Tests (4)	UNKNOWN STEP	2026-02-25T19:50:30.5399947Z Get:45 http://azure.archive.ubuntu.com/ubuntu noble/main amd64 libxext-dev amd64 2:1.3.4-1build2 [83.5 kB]
Linux Desktop Tests (4)	UNKNOWN STEP	2026-02-25T19:50:31.2004039Z Get:46 http://azure.archive.ubuntu.com/ubuntu noble/main amd64 libxfixes-dev amd64 1:6.0.0-2build1 [12.1 kB]
Linux Desktop Tests (4)	UNKNOWN STEP	2026-02-25T19:50:31.3921979Z Get:47 http://azure.archive.ubuntu.com/ubuntu noble/main amd64 libxi-dev amd64 2:1.8.1-1build1 [194 kB]
Linux Desktop Tests (4)	UNKNOWN STEP	2026-02-25T19:50:32.6887743Z Get:48 http://azure.archive.ubuntu.com/ubuntu noble/main amd64 libxtst-dev amd64 2:1.2.3-1.1build1 [15.9 kB]
Linux Desktop Tests (4)	UNKNOWN STEP	2026-02-25T19:50:32.9570012Z Get:49 http://azure.archive.ubuntu.com/ubuntu noble/main amd64 libatspi2.0-dev amd64 2.52.0-1build1 [76.2 kB]
Linux Desktop Tests (4)	UNKNOWN STEP	2026-02-25T19:50:33.6324631Z Get:50 http://azure.archive.ubuntu.com/ubuntu noble/main amd64 libatk-bridge2.0-dev amd64 2.52.0-1build1 [4284 B]
Linux Desktop Tests (4)	UNKNOWN STEP	2026-02-25T19:50:33.8513535Z Get:51 http://azure.archive.ubuntu.com/ubuntu noble/main amd64 libbrotli-dev amd64 1.1.0-2build2 [353 kB]
Linux Desktop Tests (4)	UNKNOWN STEP	2026-02-25T19:50:36.1261701Z Get:52 http://azure.archive.ubuntu.com/ubuntu noble-updates/main amd64 libbz2-dev amd64 1.0.8-5.1build0.1 [33.6 kB]
Linux Desktop Tests (4)	UNKNOWN STEP	2026-02-25T19:50:36.4553185Z Get:53 http://azure.archive.ubuntu.com/ubuntu noble/main amd64 libcairo-script-interpreter2 amd64 1.18.0-3build1 [60.3 kB]
Linux Desktop Tests (4)	UNKNOWN STEP	2026-02-25T19:50:36.9560866Z Get:54 http://azure.archive.ubuntu.com/ubuntu noble-updates/main amd64 libpng-dev amd64 1.6.43-5ubuntu0.5 [265 kB]
Linux Desktop Tests (4)	UNKNOWN STEP	2026-02-25T19:50:38.5729323Z Get:55 http://azure.archive.ubuntu.com/ubuntu noble/main amd64 libfreetype-dev amd64 2.13.2+dfsg-1build3 [575 kB]
Linux Desktop Tests (4)	UNKNOWN STEP	2026-02-25T19:50:42.1664728Z Get:56 http://azure.archive.ubuntu.com/ubuntu noble/main amd64 libfontconfig-dev amd64 2.15.0-1.1ubuntu2 [161 kB]
Linux Desktop Tests (4)	UNKNOWN STEP	2026-02-25T19:50:43.4185741Z Get:57 http://azure.archive.ubuntu.com/ubuntu noble/main amd64 libpixman-1-dev amd64 0.42.2-1build1 [296 kB]
Linux Desktop Tests (4)	UNKNOWN STEP	2026-02-25T19:50:45.5896935Z Get:58 http://azure.archive.ubuntu.com/ubuntu noble/main amd64 libice-dev amd64 2:1.0.10-1build3 [51.0 kB]
Linux Desktop Tests (4)	UNKNOWN STEP	2026-02-25T19:50:46.1454851Z Get:59 http://azure.archive.ubuntu.com/ubuntu noble/main amd64 libsm-dev amd64 2:1.2.3-1build3 [17.8 kB]
Linux Desktop Tests (4)	UNKNOWN STEP	2026-02-25T19:50:46.4124758Z Get:60 http://azure.archive.ubuntu.com/ubuntu noble/main amd64 libxcb-render0-dev amd64 1.15-1ubuntu2 [19.6 kB]
Linux Desktop Tests (4)	UNKNOWN STEP	2026-02-25T19:50:46.6804025Z Get:61 http://azure.archive.ubuntu.com/ubuntu noble/main amd64 libxcb-shm0-dev amd64 1.15-1ubuntu2 [8246 B]
Linux Desktop Tests (4)	UNKNOWN STEP	2026-02-25T19:50:46.8920427Z Get:62 http://azure.archive.ubuntu.com/ubuntu noble/main amd64 libxrender-dev amd64 1:0.9.10-1.1build1 [26.3 kB]
Linux Desktop Tests (4)	UNKNOWN STEP	2026-02-25T19:50:47.2460913Z Get:63 http://azure.archive.ubuntu.com/ubuntu noble/main amd64 libcairo2-dev amd64 1.18.0-3build1 [41.1 kB]
Linux Desktop Tests (4)	UNKNOWN STEP	2026-02-25T19:50:47.7730300Z Get:64 http://azure.archive.ubuntu.com/ubuntu noble/main amd64 libdatrie-dev amd64 0.2.13-3build1 [19.4 kB]
Linux Desktop Tests (4)	UNKNOWN STEP	2026-02-25T19:50:48.0426211Z Get:65 http://azure.archive.ubuntu.com/ubuntu noble-updates/main amd64 libdeflate-dev amd64 1.19-1build1.1 [50.9 kB]
Linux Desktop Tests (4)	UNKNOWN STEP	2026-02-25T19:50:48.5771505Z Get:66 http://azure.archive.ubuntu.com/ubuntu noble-updates/main amd64 libegl-mesa0 amd64 25.2.8-0ubuntu0.24.04.1 [117 kB]
Linux Desktop Tests (4)	UNKNOWN STEP	2026-02-25T19:50:49.3777615Z Get:67 http://azure.archive.ubuntu.com/ubuntu noble/main amd64 libegl1 amd64 1.7.0-1build1 [28.7 kB]
Linux Desktop Tests (4)	UNKNOWN STEP	2026-02-25T19:50:50.0907734Z Get:68 http://azure.archive.ubuntu.com/ubuntu noble/main amd64 libglx-dev amd64 1.7.0-1build1 [14.2 kB]
Linux Desktop Tests (4)	UNKNOWN STEP	2026-02-25T19:50:50.4142863Z Get:69 http://azure.archive.ubuntu.com/ubuntu noble/main amd64 libgl-dev amd64 1.7.0-1build1 [102 kB]
Linux Desktop Tests (4)	UNKNOWN STEP	2026-02-25T19:50:51.1658828Z Get:70 http://azure.archive.ubuntu.com/ubuntu noble/main amd64 libegl-dev amd64 1.7.0-1build1 [18.2 kB]
Linux Desktop Tests (4)	UNKNOWN STEP	2026-02-25T19:50:51.4130613Z Get:71 http://azure.archive.ubuntu.com/ubuntu noble/main amd64 libglvnd-core-dev amd64 1.7.0-1build1 [13.6 kB]
Linux Desktop Tests (4)	UNKNOWN STEP	2026-02-25T19:50:51.6658908Z Get:72 http://azure.archive.ubuntu.com/ubuntu noble/main amd64 libgles1 amd64 1.7.0-1build1 [11.6 kB]
Linux Desktop Tests (4)	UNKNOWN STEP	2026-02-25T19:50:51.8644366Z Get:73 http://azure.archive.ubuntu.com/ubuntu noble/main amd64 libgles2 amd64 1.7.0-1build1 [17.1 kB]
Linux Desktop Tests (4)	UNKNOWN STEP	2026-02-25T19:50:52.1059520Z Get:74 http://azure.archive.ubuntu.com/ubuntu noble/main amd64 libgles-dev amd64 1.7.0-1build1 [50.5 kB]
Linux Desktop Tests (4)	UNKNOWN STEP	2026-02-25T19:50:52.5390302Z Get:75 http://azure.archive.ubuntu.com/ubuntu noble/main amd64 libopengl0 amd64 1.7.0-1build1 [32.8 kB]
Linux Desktop Tests (4)	UNKNOWN STEP	2026-02-25T19:50:52.8507681Z Get:76 http://azure.archive.ubuntu.com/ubuntu noble/main amd64 libopengl-dev amd64 1.7.0-1build1 [3454 B]
Linux Desktop Tests (4)	UNKNOWN STEP	2026-02-25T19:50:52.9862442Z Get:77 http://azure.archive.ubuntu.com/ubuntu noble/main amd64 libglvnd-dev amd64 1.7.0-1build1 [3198 B]
Linux Desktop Tests (4)	UNKNOWN STEP	2026-02-25T19:50:53.1985888Z Get:78 http://azure.archive.ubuntu.com/ubuntu noble-updates/main amd64 libegl1-mesa-dev amd64 25.2.8-0ubuntu0.24.04.1 [26.4 kB]
Linux Desktop Tests (4)	UNKNOWN STEP	2026-02-25T19:50:53.4996210Z Get:79 http://azure.archive.ubuntu.com/ubuntu noble/main amd64 libepoxy-dev amd64 1.5.10-1build1 [132 kB]
Linux Desktop Tests (4)	UNKNOWN STEP	2026-02-25T19:50:54.4396908Z Get:80 http://azure.archive.ubuntu.com/ubuntu noble/main amd64 libfribidi-dev amd64 1.0.13-3build1 [64.8 kB]
Linux Desktop Tests (4)	UNKNOWN STEP	2026-02-25T19:50:55.0309392Z Get:81 http://azure.archive.ubuntu.com/ubuntu noble-updates/main amd64 libgpg-error-dev amd64 1.47-3build2.1 [128 kB]
Linux Desktop Tests (4)	UNKNOWN STEP	2026-02-25T19:50:56.0666818Z Get:82 http://azure.archive.ubuntu.com/ubuntu noble/main amd64 libgcrypt20-dev amd64 1.10.3-2build1 [592 kB]
Linux Desktop Tests (4)	UNKNOWN STEP	2026-02-25T19:50:59.4000298Z Get:83 http://azure.archive.ubuntu.com/ubuntu noble-updates/main amd64 libgdk-pixbuf2.0-bin amd64 2.42.10+dfsg-3ubuntu3.2 [13.9 kB]
Linux Desktop Tests (4)	UNKNOWN STEP	2026-02-25T19:50:59.5894778Z Get:84 http://azure.archive.ubuntu.com/ubuntu noble/main amd64 libjpeg-turbo8-dev amd64 2.1.5-2ubuntu2 [295 kB]
Linux Desktop Tests (4)	UNKNOWN STEP	2026-02-25T19:51:01.4976437Z Get:85 http://azure.archive.ubuntu.com/ubuntu noble/main amd64 libjpeg8-dev amd64 8c-2ubuntu11 [1484 B]
Linux Desktop Tests (4)	UNKNOWN STEP	2026-02-25T19:51:01.6538968Z Get:86 http://azure.archive.ubuntu.com/ubuntu noble/main amd64 libjpeg-dev amd64 8c-2ubuntu11 [1482 B]
Linux Desktop Tests (4)	UNKNOWN STEP	2026-02-25T19:51:01.8140111Z Get:87 http://azure.archive.ubuntu.com/ubuntu noble/main amd64 libjbig-dev amd64 2.1-6.1ubuntu2 [27.9 kB]
Linux Desktop Tests (4)	UNKNOWN STEP	2026-02-25T19:51:02.1281081Z Get:88 http://azure.archive.ubuntu.com/ubuntu noble-updates/main amd64 liblzma-dev amd64 5.6.1+really5.4.5-1ubuntu0.2 [176 kB]
Linux Desktop Tests (4)	UNKNOWN STEP	2026-02-25T19:51:03.4142177Z Get:89 http://azure.archive.ubuntu.com/ubuntu noble/main amd64 libwebpdecoder3 amd64 1.3.2-0.4build3 [114 kB]
Linux Desktop Tests (4)	UNKNOWN STEP	2026-02-25T19:51:04.1674094Z Get:90 http://azure.archive.ubuntu.com/ubuntu noble/main amd64 libsharpyuv-dev amd64 1.3.2-0.4build3 [16.0 kB]
Linux Desktop Tests (4)	UNKNOWN STEP	2026-02-25T19:51:04.4006904Z Get:91 http://azure.archive.ubuntu.com/ubuntu noble/main amd64 libwebp-dev amd64 1.3.2-0.4build3 [367 kB]
Linux Desktop Tests (4)	UNKNOWN STEP	2026-02-25T19:51:06.6752145Z Get:92 http://azure.archive.ubuntu.com/ubuntu noble-updates/main amd64 libtiffxx6 amd64 4.5.1+git230720-4ubuntu2.4 [5648 B]
Linux Desktop Tests (4)	UNKNOWN STEP	2026-02-25T19:51:06.8366794Z Get:93 http://azure.archive.ubuntu.com/ubuntu noble/main amd64 liblerc-dev amd64 4.0.0+ds-4ubuntu2 [182 kB]
Linux Desktop Tests (4)	UNKNOWN STEP	2026-02-25T19:51:07.9863207Z Get:94 http://azure.archive.ubuntu.com/ubuntu noble-updates/main amd64 libtiff-dev amd64 4.5.1+git230720-4ubuntu2.4 [338 kB]
Linux Desktop Tests (4)	UNKNOWN STEP	2026-02-25T19:51:09.9886969Z Get:95 http://azure.archive.ubuntu.com/ubuntu noble-updates/main amd64 libgdk-pixbuf-2.0-dev amd64 2.42.10+dfsg-3ubuntu3.2 [48.0 kB]
Linux Desktop Tests (4)	UNKNOWN STEP	2026-02-25T19:51:10.4598119Z Get:96 http://azure.archive.ubuntu.com/ubuntu noble-updates/main amd64 libgles2-mesa-dev amd64 25.2.8-0ubuntu0.24.04.1 [22.5 kB]
Linux Desktop Tests (4)	UNKNOWN STEP	2026-02-25T19:51:10.7162864Z Get:97 http://azure.archive.ubuntu.com/ubuntu noble/main amd64 libgraphite2-dev amd64 1.3.14-2build1 [14.7 kB]
Linux Desktop Tests (4)	UNKNOWN STEP	2026-02-25T19:51:10.9152364Z Get:98 http://azure.archive.ubuntu.com/ubuntu noble/main amd64 libharfbuzz-icu0 amd64 8.3.0-2build2 [13.3 kB]
Linux Desktop Tests (4)	UNKNOWN STEP	2026-02-25T19:51:11.1417407Z Get:99 http://azure.archive.ubuntu.com/ubuntu noble/main amd64 libharfbuzz-subset0 amd64 8.3.0-2build2 [448 kB]
Linux Desktop Tests (4)	UNKNOWN STEP	2026-02-25T19:51:13.8978433Z Get:100 http://azure.archive.ubuntu.com/ubuntu noble/main amd64 libharfbuzz-cairo0 amd64 8.3.0-2build2 [26.2 kB]
Linux Desktop Tests (4)	UNKNOWN STEP	2026-02-25T19:51:14.2050411Z Get:101 http://azure.archive.ubuntu.com/ubuntu noble/main amd64 libharfbuzz-dev amd64 8.3.0-2build2 [142 kB]
Linux Desktop Tests (4)	UNKNOWN STEP	2026-02-25T19:51:15.3025782Z Get:102 http://azure.archive.ubuntu.com/ubuntu noble/main amd64 libthai-dev amd64 0.1.29-2build1 [26.6 kB]
Linux Desktop Tests (4)	UNKNOWN STEP	2026-02-25T19:51:15.5333203Z Get:103 http://azure.archive.ubuntu.com/ubuntu noble/main amd64 libxft-dev amd64 2.3.6-1build1 [64.3 kB]
Linux Desktop Tests (4)	UNKNOWN STEP	2026-02-25T19:51:15.6446230Z Get:104 http://azure.archive.ubuntu.com/ubuntu noble/main amd64 pango1.0-tools amd64 1.52.1+ds-1build1 [36.7 kB]
Linux Desktop Tests (4)	UNKNOWN STEP	2026-02-25T19:51:15.7189116Z Get:105 http://azure.archive.ubuntu.com/ubuntu noble/main amd64 libpango1.0-dev amd64 1.52.1+ds-1build1 [147 kB]
Linux Desktop Tests (4)	UNKNOWN STEP	2026-02-25T19:51:15.8922590Z Get:106 http://azure.archive.ubuntu.com/ubuntu noble/main amd64 libwayland-server0 amd64 1.22.0-2.1build1 [33.9 kB]
Linux Desktop Tests (4)	UNKNOWN STEP	2026-02-25T19:51:15.9718990Z Get:107 http://azure.archive.ubuntu.com/ubuntu noble/main amd64 libwayland-bin amd64 1.22.0-2.1build1 [20.6 kB]
Linux Desktop Tests (4)	UNKNOWN STEP	2026-02-25T19:51:16.0364982Z Get:108 http://azure.archive.ubuntu.com/ubuntu noble/main amd64 libwayland-dev amd64 1.22.0-2.1build1 [71.3 kB]
Linux Desktop Tests (4)	UNKNOWN STEP	2026-02-25T19:51:16.1465102Z Get:109 http://azure.archive.ubuntu.com/ubuntu noble/main amd64 libxcomposite-dev amd64 1:0.4.5-1build3 [9374 B]
Linux Desktop Tests (4)	UNKNOWN STEP	2026-02-25T19:51:16.1974079Z Get:110 http://azure.archive.ubuntu.com/ubuntu noble/main amd64 libxcursor-dev amd64 1:1.2.1-1build1 [31.8 kB]
Linux Desktop Tests (4)	UNKNOWN STEP	2026-02-25T19:51:16.2728862Z Get:111 http://azure.archive.ubuntu.com/ubuntu noble/main amd64 libxdamage-dev amd64 1:1.1.6-1build1 [5270 B]
Linux Desktop Tests (4)	UNKNOWN STEP	2026-02-25T19:51:16.3276141Z Get:112 http://azure.archive.ubuntu.com/ubuntu noble/main amd64 libxinerama-dev amd64 2:1.1.4-3build1 [7988 B]
Linux Desktop Tests (4)	UNKNOWN STEP	2026-02-25T19:51:16.3749764Z Get:113 http://azure.archive.ubuntu.com/ubuntu noble/main amd64 libxkbcommon-dev amd64 1.6.0-1build1 [56.3 kB]
Linux Desktop Tests (4)	UNKNOWN STEP	2026-02-25T19:51:16.4572121Z Get:114 http://azure.archive.ubuntu.com/ubuntu noble/main amd64 libxrandr-dev amd64 2:1.5.2-2build1 [26.4 kB]
Linux Desktop Tests (4)	UNKNOWN STEP	2026-02-25T19:51:16.5193987Z Get:115 http://azure.archive.ubuntu.com/ubuntu noble-updates/main amd64 wayland-protocols all 1.45-1~ubuntu0.24.04.1 [114 kB]
Linux Desktop Tests (4)	UNKNOWN STEP	2026-02-25T19:51:16.6448541Z Get:116 http://azure.archive.ubuntu.com/ubuntu noble-updates/main amd64 libgtk-3-dev amd64 3.24.41-4ubuntu1.3 [1096 kB]
Linux Desktop Tests (4)	UNKNOWN STEP	2026-02-25T19:51:17.4343689Z Get:117 http://azure.archive.ubuntu.com/ubuntu noble-updates/main amd64 libpng-tools amd64 1.6.43-5ubuntu0.5 [28.5 kB]
Linux Desktop Tests (4)	UNKNOWN STEP	2026-02-25T19:51:17.5077561Z Get:118 http://azure.archive.ubuntu.com/ubuntu noble/universe amd64 libsecret-1-dev amd64 0.21.4-1build3 [129 kB]
Linux Desktop Tests (4)	UNKNOWN STEP	2026-02-25T19:51:17.7043100Z Get:119 http://azure.archive.ubuntu.com/ubuntu noble/universe amd64 ninja-build amd64 1.11.1-2 [129 kB]
Linux Desktop Tests (4)	UNKNOWN STEP	2026-02-25T19:51:17.8564052Z Get:120 http://azure.archive.ubuntu.com/ubuntu noble-updates/main amd64 libgl1-mesa-dev amd64 25.2.8-0ubuntu0.24.04.1 [22.5 kB]
Linux Desktop Tests (4)	UNKNOWN STEP	2026-02-25T19:51:17.9307858Z Get:121 http://azure.archive.ubuntu.com/ubuntu noble/main amd64 libjsoncpp-dev amd64 1.9.5-6build1 [23.0 kB]
Linux Desktop Tests (4)	UNKNOWN STEP	2026-02-25T19:51:18.3142579Z Fetched 30.4 MB in 2min 54s (175 kB/s)
Linux Desktop Tests (4)	UNKNOWN STEP	2026-02-25T19:51:18.3732158Z (Reading database ... 
Linux Desktop Tests (4)	UNKNOWN STEP	2026-02-25T19:51:18.3732734Z (Reading database ... 5%
Linux Desktop Tests (4)	UNKNOWN STEP	2026-02-25T19:51:18.3733105Z (Reading database ... 10%
Linux Desktop Tests (4)	UNKNOWN STEP	2026-02-25T19:51:18.3733378Z (Reading database ... 15%
Linux Desktop Tests (4)	UNKNOWN STEP	2026-02-25T19:51:18.3733938Z (Reading database ... 20%
Linux Desktop Tests (4)	UNKNOWN STEP	2026-02-25T19:51:18.3734424Z (Reading database ... 25%
Linux Desktop Tests (4)	UNKNOWN STEP	2026-02-25T19:51:18.3734865Z (Reading database ... 30%
Linux Desktop Tests (4)	UNKNOWN STEP	2026-02-25T19:51:18.3735328Z (Reading database ... 35%
Linux Desktop Tests (4)	UNKNOWN STEP	2026-02-25T19:51:18.3735794Z (Reading database ... 40%
Linux Desktop Tests (4)	UNKNOWN STEP	2026-02-25T19:51:18.3736214Z (Reading database ... 45%
Linux Desktop Tests (4)	UNKNOWN STEP	2026-02-25T19:51:18.3736679Z (Reading database ... 50%
Linux Desktop Tests (4)	UNKNOWN STEP	2026-02-25T19:51:18.3851938Z (Reading database ... 55%
Linux Desktop Tests (4)	UNKNOWN STEP	2026-02-25T19:51:18.4484851Z (Reading database ... 60%
Linux Desktop Tests (4)	UNKNOWN STEP	2026-02-25T19:51:18.4985439Z (Reading database ... 65%
Linux Desktop Tests (4)	UNKNOWN STEP	2026-02-25T19:51:18.5462076Z (Reading database ... 70%
Linux Desktop Tests (4)	UNKNOWN STEP	2026-02-25T19:51:18.5944135Z (Reading database ... 75%
Linux Desktop Tests (4)	UNKNOWN STEP	2026-02-25T19:51:18.7281346Z (Reading database ... 80%
Linux Desktop Tests (4)	UNKNOWN STEP	2026-02-25T19:51:18.9013879Z (Reading database ... 85%
Linux Desktop Tests (4)	UNKNOWN STEP	2026-02-25T19:51:19.0656799Z (Reading database ... 90%
Linux Desktop Tests (4)	UNKNOWN STEP	2026-02-25T19:51:19.1831844Z (Reading database ... 95%
Linux Desktop Tests (4)	UNKNOWN STEP	2026-02-25T19:51:19.1832328Z (Reading database ... 100%
Linux Desktop Tests (4)	UNKNOWN STEP	2026-02-25T19:51:19.1832962Z (Reading database ... 218749 files and directories currently installed.)
Linux Desktop Tests (4)	UNKNOWN STEP	2026-02-25T19:51:19.1878026Z Preparing to unpack .../000-libglib2.0-data_2.80.0-6ubuntu3.8_all.deb ...
Linux Desktop Tests (4)	UNKNOWN STEP	2026-02-25T19:51:19.1922686Z Unpacking libglib2.0-data (2.80.0-6ubuntu3.8) over (2.80.0-6ubuntu3.7) ...
Linux Desktop Tests (4)	UNKNOWN STEP	2026-02-25T19:51:19.2338881Z Preparing to unpack .../001-libglib2.0-bin_2.80.0-6ubuntu3.8_amd64.deb ...
Linux Desktop Tests (4)	UNKNOWN STEP	2026-02-25T19:51:19.2369707Z Unpacking libglib2.0-bin (2.80.0-6ubuntu3.8) over (2.80.0-6ubuntu3.7) ...
Linux Desktop Tests (4)	UNKNOWN STEP	2026-02-25T19:51:19.2979384Z Preparing to unpack .../002-gir1.2-glib-2.0_2.80.0-6ubuntu3.8_amd64.deb ...
Linux Desktop Tests (4)	UNKNOWN STEP	2026-02-25T19:51:19.3010953Z Unpacking gir1.2-glib-2.0:amd64 (2.80.0-6ubuntu3.8) over (2.80.0-6ubuntu3.7) ...
Linux Desktop Tests (4)	UNKNOWN STEP	2026-02-25T19:51:19.3472098Z Preparing to unpack .../003-libglib2.0-0t64_2.80.0-6ubuntu3.8_amd64.deb ...
Linux Desktop Tests (4)	UNKNOWN STEP	2026-02-25T19:51:19.3550080Z Unpacking libglib2.0-0t64:amd64 (2.80.0-6ubuntu3.8) over (2.80.0-6ubuntu3.7) ...
Linux Desktop Tests (4)	UNKNOWN STEP	2026-02-25T19:51:19.4180361Z Preparing to unpack .../004-libpng16-16t64_1.6.43-5ubuntu0.5_amd64.deb ...
Linux Desktop Tests (4)	UNKNOWN STEP	2026-02-25T19:51:19.4264075Z Unpacking libpng16-16t64:amd64 (1.6.43-5ubuntu0.5) over (1.6.43-5ubuntu0.3) ...
Linux Desktop Tests (4)	UNKNOWN STEP	2026-02-25T19:51:19.4587196Z Selecting previously unselected package bzip2-doc.
Linux Desktop Tests (4)	UNKNOWN STEP	2026-02-25T19:51:19.4748050Z Preparing to unpack .../005-bzip2-doc_1.0.8-5.1build0.1_all.deb ...
Linux Desktop Tests (4)	UNKNOWN STEP	2026-02-25T19:51:19.4758576Z Unpacking bzip2-doc (1.0.8-5.1build0.1) ...
Linux Desktop Tests (4)	UNKNOWN STEP	2026-02-25T19:51:19.5034118Z Selecting previously unselected package clang.
Linux Desktop Tests (4)	UNKNOWN STEP	2026-02-25T19:51:19.5192418Z Preparing to unpack .../006-clang_1%3a18.0-59~exp2_amd64.deb ...
Linux Desktop Tests (4)	UNKNOWN STEP	2026-02-25T19:51:19.5203643Z Unpacking clang (1:18.0-59~exp2) ...
Linux Desktop Tests (4)	UNKNOWN STEP	2026-02-25T19:51:19.5439227Z Selecting previously unselected package libjsoncpp25:amd64.
Linux Desktop Tests (4)	UNKNOWN STEP	2026-02-25T19:51:19.5595759Z Preparing to unpack .../007-libjsoncpp25_1.9.5-6build1_amd64.deb ...
Linux Desktop Tests (4)	UNKNOWN STEP	2026-02-25T19:51:19.5609419Z Unpacking libjsoncpp25:amd64 (1.9.5-6build1) ...
Linux Desktop Tests (4)	UNKNOWN STEP	2026-02-25T19:51:19.5867012Z Selecting previously unselected package librhash0:amd64.
Linux Desktop Tests (4)	UNKNOWN STEP	2026-02-25T19:51:19.6022952Z Preparing to unpack .../008-librhash0_1.4.3-3build1_amd64.deb ...
Linux Desktop Tests (4)	UNKNOWN STEP	2026-02-25T19:51:19.6035128Z Unpacking librhash0:amd64 (1.4.3-3build1) ...
Linux Desktop Tests (4)	UNKNOWN STEP	2026-02-25T19:51:19.6285475Z Selecting previously unselected package cmake-data.
Linux Desktop Tests (4)	UNKNOWN STEP	2026-02-25T19:51:19.6440997Z Preparing to unpack .../009-cmake-data_3.28.3-1build7_all.deb ...
Linux Desktop Tests (4)	UNKNOWN STEP	2026-02-25T19:51:19.6515173Z Unpacking cmake-data (3.28.3-1build7) ...
Linux Desktop Tests (4)	UNKNOWN STEP	2026-02-25T19:51:20.1900266Z Selecting previously unselected package cmake.
Linux Desktop Tests (4)	UNKNOWN STEP	2026-02-25T19:51:20.2071628Z Preparing to unpack .../010-cmake_3.28.3-1build7_amd64.deb ...
Linux Desktop Tests (4)	UNKNOWN STEP	2026-02-25T19:51:20.2081204Z Unpacking cmake (3.28.3-1build7) ...
Linux Desktop Tests (4)	UNKNOWN STEP	2026-02-25T19:51:20.3739739Z Selecting previously unselected package gir1.2-atk-1.0:amd64.
Linux Desktop Tests (4)	UNKNOWN STEP	2026-02-25T19:51:20.3900055Z Preparing to unpack .../011-gir1.2-atk-1.0_2.52.0-1build1_amd64.deb ...
Linux Desktop Tests (4)	UNKNOWN STEP	2026-02-25T19:51:20.3910856Z Unpacking gir1.2-atk-1.0:amd64 (2.52.0-1build1) ...
Linux Desktop Tests (4)	UNKNOWN STEP	2026-02-25T19:51:20.4120045Z Selecting previously unselected package gir1.2-freedesktop:amd64.
Linux Desktop Tests (4)	UNKNOWN STEP	2026-02-25T19:51:20.4278496Z Preparing to unpack .../012-gir1.2-freedesktop_1.80.1-1_amd64.deb ...
Linux Desktop Tests (4)	UNKNOWN STEP	2026-02-25T19:51:20.4289216Z Unpacking gir1.2-freedesktop:amd64 (1.80.1-1) ...
Linux Desktop Tests (4)	UNKNOWN STEP	2026-02-25T19:51:20.4523091Z Selecting previously unselected package gir1.2-atspi-2.0:amd64.
Linux Desktop Tests (4)	UNKNOWN STEP	2026-02-25T19:51:20.4681468Z Preparing to unpack .../013-gir1.2-atspi-2.0_2.52.0-1build1_amd64.deb ...
Linux Desktop Tests (4)	UNKNOWN STEP	2026-02-25T19:51:20.4693065Z Unpacking gir1.2-atspi-2.0:amd64 (2.52.0-1build1) ...
Linux Desktop Tests (4)	UNKNOWN STEP	2026-02-25T19:51:20.4898761Z Selecting previously unselected package gir1.2-glib-2.0-dev:amd64.
Linux Desktop Tests (4)	UNKNOWN STEP	2026-02-25T19:51:20.5055713Z Preparing to unpack .../014-gir1.2-glib-2.0-dev_2.80.0-6ubuntu3.8_amd64.deb ...
Linux Desktop Tests (4)	UNKNOWN STEP	2026-02-25T19:51:20.5067438Z Unpacking gir1.2-glib-2.0-dev:amd64 (2.80.0-6ubuntu3.8) ...
Linux Desktop Tests (4)	UNKNOWN STEP	2026-02-25T19:51:20.5651662Z Selecting previously unselected package gir1.2-freedesktop-dev:amd64.
Linux Desktop Tests (4)	UNKNOWN STEP	2026-02-25T19:51:20.5814568Z Preparing to unpack .../015-gir1.2-freedesktop-dev_1.80.1-1_amd64.deb ...
Linux Desktop Tests (4)	UNKNOWN STEP	2026-02-25T19:51:20.5826178Z Unpacking gir1.2-freedesktop-dev:amd64 (1.80.1-1) ...
Linux Desktop Tests (4)	UNKNOWN STEP	2026-02-25T19:51:20.6058220Z Selecting previously unselected package gir1.2-gdkpixbuf-2.0:amd64.
Linux Desktop Tests (4)	UNKNOWN STEP	2026-02-25T19:51:20.6218141Z Preparing to unpack .../016-gir1.2-gdkpixbuf-2.0_2.42.10+dfsg-3ubuntu3.2_amd64.deb ...
Linux Desktop Tests (4)	UNKNOWN STEP	2026-02-25T19:51:20.6230330Z Unpacking gir1.2-gdkpixbuf-2.0:amd64 (2.42.10+dfsg-3ubuntu3.2) ...
Linux Desktop Tests (4)	UNKNOWN STEP	2026-02-25T19:51:20.6453121Z Selecting previously unselected package libharfbuzz-gobject0:amd64.
Linux Desktop Tests (4)	UNKNOWN STEP	2026-02-25T19:51:20.6611792Z Preparing to unpack .../017-libharfbuzz-gobject0_8.3.0-2build2_amd64.deb ...
Linux Desktop Tests (4)	UNKNOWN STEP	2026-02-25T19:51:20.6622267Z Unpacking libharfbuzz-gobject0:amd64 (8.3.0-2build2) ...
Linux Desktop Tests (4)	UNKNOWN STEP	2026-02-25T19:51:20.6836304Z Selecting previously unselected package gir1.2-harfbuzz-0.0:amd64.
Linux Desktop Tests (4)	UNKNOWN STEP	2026-02-25T19:51:20.6993896Z Preparing to unpack .../018-gir1.2-harfbuzz-0.0_8.3.0-2build2_amd64.deb ...
Linux Desktop Tests (4)	UNKNOWN STEP	2026-02-25T19:51:20.7004210Z Unpacking gir1.2-harfbuzz-0.0:amd64 (8.3.0-2build2) ...
Linux Desktop Tests (4)	UNKNOWN STEP	2026-02-25T19:51:20.7226158Z Selecting previously unselected package libpangoxft-1.0-0:amd64.
Linux Desktop Tests (4)	UNKNOWN STEP	2026-02-25T19:51:20.7381769Z Preparing to unpack .../019-libpangoxft-1.0-0_1.52.1+ds-1build1_amd64.deb ...
Linux Desktop Tests (4)	UNKNOWN STEP	2026-02-25T19:51:20.7392363Z Unpacking libpangoxft-1.0-0:amd64 (1.52.1+ds-1build1) ...
Linux Desktop Tests (4)	UNKNOWN STEP	2026-02-25T19:51:20.7597388Z Selecting previously unselected package gir1.2-pango-1.0:amd64.
Linux Desktop Tests (4)	UNKNOWN STEP	2026-02-25T19:51:20.7750640Z Preparing to unpack .../020-gir1.2-pango-1.0_1.52.1+ds-1build1_amd64.deb ...
Linux Desktop Tests (4)	UNKNOWN STEP	2026-02-25T19:51:20.7761034Z Unpacking gir1.2-pango-1.0:amd64 (1.52.1+ds-1build1) ...
Linux Desktop Tests (4)	UNKNOWN STEP	2026-02-25T19:51:20.7974103Z Selecting previously unselected package gir1.2-gtk-3.0:amd64.
Linux Desktop Tests (4)	UNKNOWN STEP	2026-02-25T19:51:20.8129522Z Preparing to unpack .../021-gir1.2-gtk-3.0_3.24.41-4ubuntu1.3_amd64.deb ...
Linux Desktop Tests (4)	UNKNOWN STEP	2026-02-25T19:51:20.8140272Z Unpacking gir1.2-gtk-3.0:amd64 (3.24.41-4ubuntu1.3) ...
Linux Desktop Tests (4)	UNKNOWN STEP	2026-02-25T19:51:20.8394755Z Selecting previously unselected package libsecret-common.
Linux Desktop Tests (4)	UNKNOWN STEP	2026-02-25T19:51:20.8553254Z Preparing to unpack .../022-libsecret-common_0.21.4-1build3_all.deb ...
Linux Desktop Tests (4)	UNKNOWN STEP	2026-02-25T19:51:20.8563977Z Unpacking libsecret-common (0.21.4-1build3) ...
Linux Desktop Tests (4)	UNKNOWN STEP	2026-02-25T19:51:20.8777300Z Selecting previously unselected package libsecret-1-0:amd64.
Linux Desktop Tests (4)	UNKNOWN STEP	2026-02-25T19:51:20.8936424Z Preparing to unpack .../023-libsecret-1-0_0.21.4-1build3_amd64.deb ...
Linux Desktop Tests (4)	UNKNOWN STEP	2026-02-25T19:51:20.8947229Z Unpacking libsecret-1-0:amd64 (0.21.4-1build3) ...
Linux Desktop Tests (4)	UNKNOWN STEP	2026-02-25T19:51:20.9184075Z Selecting previously unselected package gir1.2-secret-1:amd64.
Linux Desktop Tests (4)	UNKNOWN STEP	2026-02-25T19:51:20.9342777Z Preparing to unpack .../024-gir1.2-secret-1_0.21.4-1build3_amd64.deb ...
Linux Desktop Tests (4)	UNKNOWN STEP	2026-02-25T19:51:20.9354348Z Unpacking gir1.2-secret-1:amd64 (0.21.4-1build3) ...
Linux Desktop Tests (4)	UNKNOWN STEP	2026-02-25T19:51:20.9565399Z Selecting previously unselected package libglib2.0-dev-bin.
Linux Desktop Tests (4)	UNKNOWN STEP	2026-02-25T19:51:20.9722473Z Preparing to unpack .../025-libglib2.0-dev-bin_2.80.0-6ubuntu3.8_amd64.deb ...
Linux Desktop Tests (4)	UNKNOWN STEP	2026-02-25T19:51:20.9736073Z Unpacking libglib2.0-dev-bin (2.80.0-6ubuntu3.8) ...
Linux Desktop Tests (4)	UNKNOWN STEP	2026-02-25T19:51:21.0112513Z Selecting previously unselected package uuid-dev:amd64.
Linux Desktop Tests (4)	UNKNOWN STEP	2026-02-25T19:51:21.0272196Z Preparing to unpack .../026-uuid-dev_2.39.3-9ubuntu6.4_amd64.deb ...
Linux Desktop Tests (4)	UNKNOWN STEP	2026-02-25T19:51:21.0285532Z Unpacking uuid-dev:amd64 (2.39.3-9ubuntu6.4) ...
Linux Desktop Tests (4)	UNKNOWN STEP	2026-02-25T19:51:21.0589451Z Selecting previously unselected package libblkid-dev:amd64.
Linux Desktop Tests (4)	UNKNOWN STEP	2026-02-25T19:51:21.0750744Z Preparing to unpack .../027-libblkid-dev_2.39.3-9ubuntu6.4_amd64.deb ...
Linux Desktop Tests (4)	UNKNOWN STEP	2026-02-25T19:51:21.0761525Z Unpacking libblkid-dev:amd64 (2.39.3-9ubuntu6.4) ...
Linux Desktop Tests (4)	UNKNOWN STEP	2026-02-25T19:51:21.1021956Z Selecting previously unselected package libsepol-dev:amd64.
Linux Desktop Tests (4)	UNKNOWN STEP	2026-02-25T19:51:21.1183080Z Preparing to unpack .../028-libsepol-dev_3.5-2build1_amd64.deb ...
Linux Desktop Tests (4)	UNKNOWN STEP	2026-02-25T19:51:21.1193075Z Unpacking libsepol-dev:amd64 (3.5-2build1) ...
Linux Desktop Tests (4)	UNKNOWN STEP	2026-02-25T19:51:21.1542808Z Selecting previously unselected package libselinux1-dev:amd64.
Linux Desktop Tests (4)	UNKNOWN STEP	2026-02-25T19:51:21.1703245Z Preparing to unpack .../029-libselinux1-dev_3.5-2ubuntu2.1_amd64.deb ...
Linux Desktop Tests (4)	UNKNOWN STEP	2026-02-25T19:51:21.1713316Z Unpacking libselinux1-dev:amd64 (3.5-2ubuntu2.1) ...
Linux Desktop Tests (4)	UNKNOWN STEP	2026-02-25T19:51:21.2185997Z Selecting previously unselected package libmount-dev:amd64.
Linux Desktop Tests (4)	UNKNOWN STEP	2026-02-25T19:51:21.2347372Z Preparing to unpack .../030-libmount-dev_2.39.3-9ubuntu6.4_amd64.deb ...
Linux Desktop Tests (4)	UNKNOWN STEP	2026-02-25T19:51:21.2358589Z Unpacking libmount-dev:amd64 (2.39.3-9ubuntu6.4) ...
Linux Desktop Tests (4)	UNKNOWN STEP	2026-02-25T19:51:21.2587895Z Selecting previously unselected package libgirepository-2.0-0:amd64.
Linux Desktop Tests (4)	UNKNOWN STEP	2026-02-25T19:51:21.2748136Z Preparing to unpack .../031-libgirepository-2.0-0_2.80.0-6ubuntu3.8_amd64.deb ...
Linux Desktop Tests (4)	UNKNOWN STEP	2026-02-25T19:51:21.2759573Z Unpacking libgirepository-2.0-0:amd64 (2.80.0-6ubuntu3.8) ...
Linux Desktop Tests (4)	UNKNOWN STEP	2026-02-25T19:51:21.2980395Z Selecting previously unselected package libglib2.0-dev:amd64.
Linux Desktop Tests (4)	UNKNOWN STEP	2026-02-25T19:51:21.3140258Z Preparing to unpack .../032-libglib2.0-dev_2.80.0-6ubuntu3.8_amd64.deb ...
Linux Desktop Tests (4)	UNKNOWN STEP	2026-02-25T19:51:21.3150730Z Unpacking libglib2.0-dev:amd64 (2.80.0-6ubuntu3.8) ...
Linux Desktop Tests (4)	UNKNOWN STEP	2026-02-25T19:51:21.4267275Z Selecting previously unselected package libatk1.0-dev:amd64.
Linux Desktop Tests (4)	UNKNOWN STEP	2026-02-25T19:51:21.4429462Z Preparing to unpack .../033-libatk1.0-dev_2.52.0-1build1_amd64.deb ...
Linux Desktop Tests (4)	UNKNOWN STEP	2026-02-25T19:51:21.4441472Z Unpacking libatk1.0-dev:amd64 (2.52.0-1build1) ...
Linux Desktop Tests (4)	UNKNOWN STEP	2026-02-25T19:51:21.4766942Z Selecting previously unselected package libdbus-1-dev:amd64.
Linux Desktop Tests (4)	UNKNOWN STEP	2026-02-25T19:51:21.4927711Z Preparing to unpack .../034-libdbus-1-dev_1.14.10-4ubuntu4.1_amd64.deb ...
Linux Desktop Tests (4)	UNKNOWN STEP	2026-02-25T19:51:21.4937556Z Unpacking libdbus-1-dev:amd64 (1.14.10-4ubuntu4.1) ...
Linux Desktop Tests (4)	UNKNOWN STEP	2026-02-25T19:51:21.5261902Z Selecting previously unselected package xorg-sgml-doctools.
Linux Desktop Tests (4)	UNKNOWN STEP	2026-02-25T19:51:21.5425475Z Preparing to unpack .../035-xorg-sgml-doctools_1%3a1.11-1.1_all.deb ...
Linux Desktop Tests (4)	UNKNOWN STEP	2026-02-25T19:51:21.5437517Z Unpacking xorg-sgml-doctools (1:1.11-1.1) ...
Linux Desktop Tests (4)	UNKNOWN STEP	2026-02-25T19:51:21.5697494Z Selecting previously unselected package x11proto-dev.
Linux Desktop Tests (4)	UNKNOWN STEP	2026-02-25T19:51:21.5858707Z Preparing to unpack .../036-x11proto-dev_2023.2-1_all.deb ...
Linux Desktop Tests (4)	UNKNOWN STEP	2026-02-25T19:51:21.5869906Z Unpacking x11proto-dev (2023.2-1) ...
Linux Desktop Tests (4)	UNKNOWN STEP	2026-02-25T19:51:21.6439739Z Selecting previously unselected package libxau-dev:amd64.
Linux Desktop Tests (4)	UNKNOWN STEP	2026-02-25T19:51:21.6602096Z Preparing to unpack .../037-libxau-dev_1%3a1.0.9-1build6_amd64.deb ...
Linux Desktop Tests (4)	UNKNOWN STEP	2026-02-25T19:51:21.6612319Z Unpacking libxau-dev:amd64 (1:1.0.9-1build6) ...
Linux Desktop Tests (4)	UNKNOWN STEP	2026-02-25T19:51:21.6837189Z Selecting previously unselected package libxdmcp-dev:amd64.
Linux Desktop Tests (4)	UNKNOWN STEP	2026-02-25T19:51:21.6998707Z Preparing to unpack .../038-libxdmcp-dev_1%3a1.1.3-0ubuntu6_amd64.deb ...
Linux Desktop Tests (4)	UNKNOWN STEP	2026-02-25T19:51:21.7010866Z Unpacking libxdmcp-dev:amd64 (1:1.1.3-0ubuntu6) ...
Linux Desktop Tests (4)	UNKNOWN STEP	2026-02-25T19:51:21.7227301Z Selecting previously unselected package xtrans-dev.
Linux Desktop Tests (4)	UNKNOWN STEP	2026-02-25T19:51:21.7388034Z Preparing to unpack .../039-xtrans-dev_1.4.0-1_all.deb ...
Linux Desktop Tests (4)	UNKNOWN STEP	2026-02-25T19:51:21.7399293Z Unpacking xtrans-dev (1.4.0-1) ...
Linux Desktop Tests (4)	UNKNOWN STEP	2026-02-25T19:51:21.7654011Z Selecting previously unselected package libpthread-stubs0-dev:amd64.
Linux Desktop Tests (4)	UNKNOWN STEP	2026-02-25T19:51:21.7815099Z Preparing to unpack .../040-libpthread-stubs0-dev_0.4-1build3_amd64.deb ...
Linux Desktop Tests (4)	UNKNOWN STEP	2026-02-25T19:51:21.7825831Z Unpacking libpthread-stubs0-dev:amd64 (0.4-1build3) ...
Linux Desktop Tests (4)	UNKNOWN STEP	2026-02-25T19:51:21.8033438Z Selecting previously unselected package libxcb1-dev:amd64.
Linux Desktop Tests (4)	UNKNOWN STEP	2026-02-25T19:51:21.8194501Z Preparing to unpack .../041-libxcb1-dev_1.15-1ubuntu2_amd64.deb ...
Linux Desktop Tests (4)	UNKNOWN STEP	2026-02-25T19:51:21.8204272Z Unpacking libxcb1-dev:amd64 (1.15-1ubuntu2) ...
Linux Desktop Tests (4)	UNKNOWN STEP	2026-02-25T19:51:21.8446066Z Selecting previously unselected package libx11-dev:amd64.
Linux Desktop Tests (4)	UNKNOWN STEP	2026-02-25T19:51:21.8606193Z Preparing to unpack .../042-libx11-dev_2%3a1.8.7-1build1_amd64.deb ...
Linux Desktop Tests (4)	UNKNOWN STEP	2026-02-25T19:51:21.8616603Z Unpacking libx11-dev:amd64 (2:1.8.7-1build1) ...
Linux Desktop Tests (4)	UNKNOWN STEP	2026-02-25T19:51:21.8935641Z Selecting previously unselected package libxext-dev:amd64.
Linux Desktop Tests (4)	UNKNOWN STEP	2026-02-25T19:51:21.9096841Z Preparing to unpack .../043-libxext-dev_2%3a1.3.4-1build2_amd64.deb ...
Linux Desktop Tests (4)	UNKNOWN STEP	2026-02-25T19:51:21.9115589Z Unpacking libxext-dev:amd64 (2:1.3.4-1build2) ...
Linux Desktop Tests (4)	UNKNOWN STEP	2026-02-25T19:51:21.9433237Z Selecting previously unselected package libxfixes-dev:amd64.
Linux Desktop Tests (4)	UNKNOWN STEP	2026-02-25T19:51:21.9594485Z Preparing to unpack .../044-libxfixes-dev_1%3a6.0.0-2build1_amd64.deb ...
Linux Desktop Tests (4)	UNKNOWN STEP	2026-02-25T19:51:21.9604619Z Unpacking libxfixes-dev:amd64 (1:6.0.0-2build1) ...
Linux Desktop Tests (4)	UNKNOWN STEP	2026-02-25T19:51:21.9820272Z Selecting previously unselected package libxi-dev:amd64.
Linux Desktop Tests (4)	UNKNOWN STEP	2026-02-25T19:51:21.9980311Z Preparing to unpack .../045-libxi-dev_2%3a1.8.1-1build1_amd64.deb ...
Linux Desktop Tests (4)	UNKNOWN STEP	2026-02-25T19:51:21.9990746Z Unpacking libxi-dev:amd64 (2:1.8.1-1build1) ...
Linux Desktop Tests (4)	UNKNOWN STEP	2026-02-25T19:51:22.0331424Z Selecting previously unselected package libxtst-dev:amd64.
Linux Desktop Tests (4)	UNKNOWN STEP	2026-02-25T19:51:22.0490335Z Preparing to unpack .../046-libxtst-dev_2%3a1.2.3-1.1build1_amd64.deb ...
Linux Desktop Tests (4)	UNKNOWN STEP	2026-02-25T19:51:22.0500915Z Unpacking libxtst-dev:amd64 (2:1.2.3-1.1build1) ...
Linux Desktop Tests (4)	UNKNOWN STEP	2026-02-25T19:51:22.0731561Z Selecting previously unselected package libatspi2.0-dev:amd64.
Linux Desktop Tests (4)	UNKNOWN STEP	2026-02-25T19:51:22.0889529Z Preparing to unpack .../047-libatspi2.0-dev_2.52.0-1build1_amd64.deb ...
Linux Desktop Tests (4)	UNKNOWN STEP	2026-02-25T19:51:22.0900308Z Unpacking libatspi2.0-dev:amd64 (2.52.0-1build1) ...
Linux Desktop Tests (4)	UNKNOWN STEP	2026-02-25T19:51:22.1184356Z Selecting previously unselected package libatk-bridge2.0-dev:amd64.
Linux Desktop Tests (4)	UNKNOWN STEP	2026-02-25T19:51:22.1345431Z Preparing to unpack .../048-libatk-bridge2.0-dev_2.52.0-1build1_amd64.deb ...
Linux Desktop Tests (4)	UNKNOWN STEP	2026-02-25T19:51:22.1357571Z Unpacking libatk-bridge2.0-dev:amd64 (2.52.0-1build1) ...
Linux Desktop Tests (4)	UNKNOWN STEP	2026-02-25T19:51:22.1570816Z Selecting previously unselected package libbrotli-dev:amd64.
Linux Desktop Tests (4)	UNKNOWN STEP	2026-02-25T19:51:22.1731064Z Preparing to unpack .../049-libbrotli-dev_1.1.0-2build2_amd64.deb ...
Linux Desktop Tests (4)	UNKNOWN STEP	2026-02-25T19:51:22.1741981Z Unpacking libbrotli-dev:amd64 (1.1.0-2build2) ...
Linux Desktop Tests (4)	UNKNOWN STEP	2026-02-25T19:51:22.2013140Z Selecting previously unselected package libbz2-dev:amd64.
Linux Desktop Tests (4)	UNKNOWN STEP	2026-02-25T19:51:22.2172066Z Preparing to unpack .../050-libbz2-dev_1.0.8-5.1build0.1_amd64.deb ...
Linux Desktop Tests (4)	UNKNOWN STEP	2026-02-25T19:51:22.2183102Z Unpacking libbz2-dev:amd64 (1.0.8-5.1build0.1) ...
Linux Desktop Tests (4)	UNKNOWN STEP	2026-02-25T19:51:22.2408297Z Selecting previously unselected package libcairo-script-interpreter2:amd64.
Linux Desktop Tests (4)	UNKNOWN STEP	2026-02-25T19:51:22.2569526Z Preparing to unpack .../051-libcairo-script-interpreter2_1.18.0-3build1_amd64.deb ...
Linux Desktop Tests (4)	UNKNOWN STEP	2026-02-25T19:51:22.2579484Z Unpacking libcairo-script-interpreter2:amd64 (1.18.0-3build1) ...
Linux Desktop Tests (4)	UNKNOWN STEP	2026-02-25T19:51:22.2793918Z Selecting previously unselected package libpng-dev:amd64.
Linux Desktop Tests (4)	UNKNOWN STEP	2026-02-25T19:51:22.2953976Z Preparing to unpack .../052-libpng-dev_1.6.43-5ubuntu0.5_amd64.deb ...
Linux Desktop Tests (4)	UNKNOWN STEP	2026-02-25T19:51:22.2966469Z Unpacking libpng-dev:amd64 (1.6.43-5ubuntu0.5) ...
Linux Desktop Tests (4)	UNKNOWN STEP	2026-02-25T19:51:22.3274314Z Selecting previously unselected package libfreetype-dev:amd64.
Linux Desktop Tests (4)	UNKNOWN STEP	2026-02-25T19:51:22.3432813Z Preparing to unpack .../053-libfreetype-dev_2.13.2+dfsg-1build3_amd64.deb ...
Linux Desktop Tests (4)	UNKNOWN STEP	2026-02-25T19:51:22.3443655Z Unpacking libfreetype-dev:amd64 (2.13.2+dfsg-1build3) ...
Linux Desktop Tests (4)	UNKNOWN STEP	2026-02-25T19:51:22.3802170Z Selecting previously unselected package libfontconfig-dev:amd64.
Linux Desktop Tests (4)	UNKNOWN STEP	2026-02-25T19:51:22.3961086Z Preparing to unpack .../054-libfontconfig-dev_2.15.0-1.1ubuntu2_amd64.deb ...
Linux Desktop Tests (4)	UNKNOWN STEP	2026-02-25T19:51:22.3969600Z Unpacking libfontconfig-dev:amd64 (2.15.0-1.1ubuntu2) ...
Linux Desktop Tests (4)	UNKNOWN STEP	2026-02-25T19:51:22.4200779Z Selecting previously unselected package libpixman-1-dev:amd64.
Linux Desktop Tests (4)	UNKNOWN STEP	2026-02-25T19:51:22.4358129Z Preparing to unpack .../055-libpixman-1-dev_0.42.2-1build1_amd64.deb ...
Linux Desktop Tests (4)	UNKNOWN STEP	2026-02-25T19:51:22.4366768Z Unpacking libpixman-1-dev:amd64 (0.42.2-1build1) ...
Linux Desktop Tests (4)	UNKNOWN STEP	2026-02-25T19:51:22.4608096Z Selecting previously unselected package libice-dev:amd64.
Linux Desktop Tests (4)	UNKNOWN STEP	2026-02-25T19:51:22.4766009Z Preparing to unpack .../056-libice-dev_2%3a1.0.10-1build3_amd64.deb ...
Linux Desktop Tests (4)	UNKNOWN STEP	2026-02-25T19:51:22.4774716Z Unpacking libice-dev:amd64 (2:1.0.10-1build3) ...
Linux Desktop Tests (4)	UNKNOWN STEP	2026-02-25T19:51:22.4992832Z Selecting previously unselected package libsm-dev:amd64.
Linux Desktop Tests (4)	UNKNOWN STEP	2026-02-25T19:51:22.5154495Z Preparing to unpack .../057-libsm-dev_2%3a1.2.3-1build3_amd64.deb ...
Linux Desktop Tests (4)	UNKNOWN STEP	2026-02-25T19:51:22.5162107Z Unpacking libsm-dev:amd64 (2:1.2.3-1build3) ...
Linux Desktop Tests (4)	UNKNOWN STEP	2026-02-25T19:51:22.5367895Z Selecting previously unselected package libxcb-render0-dev:amd64.
Linux Desktop Tests (4)	UNKNOWN STEP	2026-02-25T19:51:22.5527623Z Preparing to unpack .../058-libxcb-render0-dev_1.15-1ubuntu2_amd64.deb ...
Linux Desktop Tests (4)	UNKNOWN STEP	2026-02-25T19:51:22.5537033Z Unpacking libxcb-render0-dev:amd64 (1.15-1ubuntu2) ...
Linux Desktop Tests (4)	UNKNOWN STEP	2026-02-25T19:51:22.5747217Z Selecting previously unselected package libxcb-shm0-dev:amd64.
Linux Desktop Tests (4)	UNKNOWN STEP	2026-02-25T19:51:22.5905848Z Preparing to unpack .../059-libxcb-shm0-dev_1.15-1ubuntu2_amd64.deb ...
Linux Desktop Tests (4)	UNKNOWN STEP	2026-02-25T19:51:22.5915353Z Unpacking libxcb-shm0-dev:amd64 (1.15-1ubuntu2) ...
Linux Desktop Tests (4)	UNKNOWN STEP	2026-02-25T19:51:22.6116450Z Selecting previously unselected package libxrender-dev:amd64.
Linux Desktop Tests (4)	UNKNOWN STEP	2026-02-25T19:51:22.6284392Z Preparing to unpack .../060-libxrender-dev_1%3a0.9.10-1.1build1_amd64.deb ...
Linux Desktop Tests (4)	UNKNOWN STEP	2026-02-25T19:51:22.6296060Z Unpacking libxrender-dev:amd64 (1:0.9.10-1.1build1) ...
Linux Desktop Tests (4)	UNKNOWN STEP	2026-02-25T19:51:22.6500573Z Selecting previously unselected package libcairo2-dev:amd64.
Linux Desktop Tests (4)	UNKNOWN STEP	2026-02-25T19:51:22.6657903Z Preparing to unpack .../061-libcairo2-dev_1.18.0-3build1_amd64.deb ...
Linux Desktop Tests (4)	UNKNOWN STEP	2026-02-25T19:51:22.6665882Z Unpacking libcairo2-dev:amd64 (1.18.0-3build1) ...
Linux Desktop Tests (4)	UNKNOWN STEP	2026-02-25T19:51:22.6917947Z Selecting previously unselected package libdatrie-dev:amd64.
Linux Desktop Tests (4)	UNKNOWN STEP	2026-02-25T19:51:22.7074607Z Preparing to unpack .../062-libdatrie-dev_0.2.13-3build1_amd64.deb ...
Linux Desktop Tests (4)	UNKNOWN STEP	2026-02-25T19:51:22.7082885Z Unpacking libdatrie-dev:amd64 (0.2.13-3build1) ...
Linux Desktop Tests (4)	UNKNOWN STEP	2026-02-25T19:51:22.7289801Z Selecting previously unselected package libdeflate-dev:amd64.
Linux Desktop Tests (4)	UNKNOWN STEP	2026-02-25T19:51:22.7447290Z Preparing to unpack .../063-libdeflate-dev_1.19-1build1.1_amd64.deb ...
Linux Desktop Tests (4)	UNKNOWN STEP	2026-02-25T19:51:22.7456392Z Unpacking libdeflate-dev:amd64 (1.19-1build1.1) ...
Linux Desktop Tests (4)	UNKNOWN STEP	2026-02-25T19:51:22.7682690Z Selecting previously unselected package libegl-mesa0:amd64.
Linux Desktop Tests (4)	UNKNOWN STEP	2026-02-25T19:51:22.7841449Z Preparing to unpack .../064-libegl-mesa0_25.2.8-0ubuntu0.24.04.1_amd64.deb ...
Linux Desktop Tests (4)	UNKNOWN STEP	2026-02-25T19:51:22.7850235Z Unpacking libegl-mesa0:amd64 (25.2.8-0ubuntu0.24.04.1) ...
Linux Desktop Tests (4)	UNKNOWN STEP	2026-02-25T19:51:22.8097782Z Selecting previously unselected package libegl1:amd64.
Linux Desktop Tests (4)	UNKNOWN STEP	2026-02-25T19:51:22.8255398Z Preparing to unpack .../065-libegl1_1.7.0-1build1_amd64.deb ...
Linux Desktop Tests (4)	UNKNOWN STEP	2026-02-25T19:51:22.8264068Z Unpacking libegl1:amd64 (1.7.0-1build1) ...
Linux Desktop Tests (4)	UNKNOWN STEP	2026-02-25T19:51:22.8466718Z Selecting previously unselected package libglx-dev:amd64.
Linux Desktop Tests (4)	UNKNOWN STEP	2026-02-25T19:51:22.8623064Z Preparing to unpack .../066-libglx-dev_1.7.0-1build1_amd64.deb ...
Linux Desktop Tests (4)	UNKNOWN STEP	2026-02-25T19:51:22.8630275Z Unpacking libglx-dev:amd64 (1.7.0-1build1) ...
Linux Desktop Tests (4)	UNKNOWN STEP	2026-02-25T19:51:22.8833385Z Selecting previously unselected package libgl-dev:amd64.
Linux Desktop Tests (4)	UNKNOWN STEP	2026-02-25T19:51:22.8988575Z Preparing to unpack .../067-libgl-dev_1.7.0-1build1_amd64.deb ...
Linux Desktop Tests (4)	UNKNOWN STEP	2026-02-25T19:51:22.8997856Z Unpacking libgl-dev:amd64 (1.7.0-1build1) ...
Linux Desktop Tests (4)	UNKNOWN STEP	2026-02-25T19:51:22.9245790Z Selecting previously unselected package libegl-dev:amd64.
Linux Desktop Tests (4)	UNKNOWN STEP	2026-02-25T19:51:22.9403261Z Preparing to unpack .../068-libegl-dev_1.7.0-1build1_amd64.deb ...
Linux Desktop Tests (4)	UNKNOWN STEP	2026-02-25T19:51:22.9412983Z Unpacking libegl-dev:amd64 (1.7.0-1build1) ...
Linux Desktop Tests (4)	UNKNOWN STEP	2026-02-25T19:51:22.9620040Z Selecting previously unselected package libglvnd-core-dev:amd64.
Linux Desktop Tests (4)	UNKNOWN STEP	2026-02-25T19:51:22.9777808Z Preparing to unpack .../069-libglvnd-core-dev_1.7.0-1build1_amd64.deb ...
Linux Desktop Tests (4)	UNKNOWN STEP	2026-02-25T19:51:22.9786719Z Unpacking libglvnd-core-dev:amd64 (1.7.0-1build1) ...
Linux Desktop Tests (4)	UNKNOWN STEP	2026-02-25T19:51:23.0003444Z Selecting previously unselected package libgles1:amd64.
Linux Desktop Tests (4)	UNKNOWN STEP	2026-02-25T19:51:23.0163251Z Preparing to unpack .../070-libgles1_1.7.0-1build1_amd64.deb ...
Linux Desktop Tests (4)	UNKNOWN STEP	2026-02-25T19:51:23.0179567Z Unpacking libgles1:amd64 (1.7.0-1build1) ...
Linux Desktop Tests (4)	UNKNOWN STEP	2026-02-25T19:51:23.0397956Z Selecting previously unselected package libgles2:amd64.
Linux Desktop Tests (4)	UNKNOWN STEP	2026-02-25T19:51:23.0557559Z Preparing to unpack .../071-libgles2_1.7.0-1build1_amd64.deb ...
Linux Desktop Tests (4)	UNKNOWN STEP	2026-02-25T19:51:23.0566185Z Unpacking libgles2:amd64 (1.7.0-1build1) ...
Linux Desktop Tests (4)	UNKNOWN STEP	2026-02-25T19:51:23.0781867Z Selecting previously unselected package libgles-dev:amd64.
Linux Desktop Tests (4)	UNKNOWN STEP	2026-02-25T19:51:23.0943369Z Preparing to unpack .../072-libgles-dev_1.7.0-1build1_amd64.deb ...
Linux Desktop Tests (4)	UNKNOWN STEP	2026-02-25T19:51:23.0951480Z Unpacking libgles-dev:amd64 (1.7.0-1build1) ...
Linux Desktop Tests (4)	UNKNOWN STEP	2026-02-25T19:51:23.1210586Z Selecting previously unselected package libopengl0:amd64.
Linux Desktop Tests (4)	UNKNOWN STEP	2026-02-25T19:51:23.1371796Z Preparing to unpack .../073-libopengl0_1.7.0-1build1_amd64.deb ...
Linux Desktop Tests (4)	UNKNOWN STEP	2026-02-25T19:51:23.1380907Z Unpacking libopengl0:amd64 (1.7.0-1build1) ...
Linux Desktop Tests (4)	UNKNOWN STEP	2026-02-25T19:51:23.1595564Z Selecting previously unselected package libopengl-dev:amd64.
Linux Desktop Tests (4)	UNKNOWN STEP	2026-02-25T19:51:23.1760771Z Preparing to unpack .../074-libopengl-dev_1.7.0-1build1_amd64.deb ...
Linux Desktop Tests (4)	UNKNOWN STEP	2026-02-25T19:51:23.1770001Z Unpacking libopengl-dev:amd64 (1.7.0-1build1) ...
Linux Desktop Tests (4)	UNKNOWN STEP	2026-02-25T19:51:23.1972261Z Selecting previously unselected package libglvnd-dev:amd64.
Linux Desktop Tests (4)	UNKNOWN STEP	2026-02-25T19:51:23.2134606Z Preparing to unpack .../075-libglvnd-dev_1.7.0-1build1_amd64.deb ...
Linux Desktop Tests (4)	UNKNOWN STEP	2026-02-25T19:51:23.2143199Z Unpacking libglvnd-dev:amd64 (1.7.0-1build1) ...
Linux Desktop Tests (4)	UNKNOWN STEP	2026-02-25T19:51:23.2342885Z Selecting previously unselected package libegl1-mesa-dev:amd64.
Linux Desktop Tests (4)	UNKNOWN STEP	2026-02-25T19:51:23.2504631Z Preparing to unpack .../076-libegl1-mesa-dev_25.2.8-0ubuntu0.24.04.1_amd64.deb ...
Linux Desktop Tests (4)	UNKNOWN STEP	2026-02-25T19:51:23.2621934Z Unpacking libegl1-mesa-dev:amd64 (25.2.8-0ubuntu0.24.04.1) ...
Linux Desktop Tests (4)	UNKNOWN STEP	2026-02-25T19:51:23.2846495Z Selecting previously unselected package libepoxy-dev:amd64.
Linux Desktop Tests (4)	UNKNOWN STEP	2026-02-25T19:51:23.3008321Z Preparing to unpack .../077-libepoxy-dev_1.5.10-1build1_amd64.deb ...
Linux Desktop Tests (4)	UNKNOWN STEP	2026-02-25T19:51:23.3016836Z Unpacking libepoxy-dev:amd64 (1.5.10-1build1) ...
Linux Desktop Tests (4)	UNKNOWN STEP	2026-02-25T19:51:23.3285394Z Selecting previously unselected package libfribidi-dev:amd64.
Linux Desktop Tests (4)	UNKNOWN STEP	2026-02-25T19:51:23.3447096Z Preparing to unpack .../078-libfribidi-dev_1.0.13-3build1_amd64.deb ...
Linux Desktop Tests (4)	UNKNOWN STEP	2026-02-25T19:51:23.3455506Z Unpacking libfribidi-dev:amd64 (1.0.13-3build1) ...
Linux Desktop Tests (4)	UNKNOWN STEP	2026-02-25T19:51:23.3755022Z Selecting previously unselected package libgpg-error-dev.
Linux Desktop Tests (4)	UNKNOWN STEP	2026-02-25T19:51:23.3915952Z Preparing to unpack .../079-libgpg-error-dev_1.47-3build2.1_amd64.deb ...
Linux Desktop Tests (4)	UNKNOWN STEP	2026-02-25T19:51:23.3924305Z Unpacking libgpg-error-dev (1.47-3build2.1) ...
Linux Desktop Tests (4)	UNKNOWN STEP	2026-02-25T19:51:23.4178124Z Selecting previously unselected package libgcrypt20-dev.
Linux Desktop Tests (4)	UNKNOWN STEP	2026-02-25T19:51:23.4339709Z Preparing to unpack .../080-libgcrypt20-dev_1.10.3-2build1_amd64.deb ...
Linux Desktop Tests (4)	UNKNOWN STEP	2026-02-25T19:51:23.4347742Z Unpacking libgcrypt20-dev (1.10.3-2build1) ...
Linux Desktop Tests (4)	UNKNOWN STEP	2026-02-25T19:51:23.4680076Z Selecting previously unselected package libgdk-pixbuf2.0-bin.
Linux Desktop Tests (4)	UNKNOWN STEP	2026-02-25T19:51:23.4841435Z Preparing to unpack .../081-libgdk-pixbuf2.0-bin_2.42.10+dfsg-3ubuntu3.2_amd64.deb ...
Linux Desktop Tests (4)	UNKNOWN STEP	2026-02-25T19:51:23.4848917Z Unpacking libgdk-pixbuf2.0-bin (2.42.10+dfsg-3ubuntu3.2) ...
Linux Desktop Tests (4)	UNKNOWN STEP	2026-02-25T19:51:23.5082691Z Selecting previously unselected package libjpeg-turbo8-dev:amd64.
Linux Desktop Tests (4)	UNKNOWN STEP	2026-02-25T19:51:23.5245129Z Preparing to unpack .../082-libjpeg-turbo8-dev_2.1.5-2ubuntu2_amd64.deb ...
Linux Desktop Tests (4)	UNKNOWN STEP	2026-02-25T19:51:23.5253453Z Unpacking libjpeg-turbo8-dev:amd64 (2.1.5-2ubuntu2) ...
Linux Desktop Tests (4)	UNKNOWN STEP	2026-02-25T19:51:23.5515440Z Selecting previously unselected package libjpeg8-dev:amd64.
Linux Desktop Tests (4)	UNKNOWN STEP	2026-02-25T19:51:23.5677180Z Preparing to unpack .../083-libjpeg8-dev_8c-2ubuntu11_amd64.deb ...
Linux Desktop Tests (4)	UNKNOWN STEP	2026-02-25T19:51:23.5684479Z Unpacking libjpeg8-dev:amd64 (8c-2ubuntu11) ...
Linux Desktop Tests (4)	UNKNOWN STEP	2026-02-25T19:51:23.5877747Z Selecting previously unselected package libjpeg-dev:amd64.
Linux Desktop Tests (4)	UNKNOWN STEP	2026-02-25T19:51:23.6038763Z Preparing to unpack .../084-libjpeg-dev_8c-2ubuntu11_amd64.deb ...
Linux Desktop Tests (4)	UNKNOWN STEP	2026-02-25T19:51:23.6046793Z Unpacking libjpeg-dev:amd64 (8c-2ubuntu11) ...
Linux Desktop Tests (4)	UNKNOWN STEP	2026-02-25T19:51:23.6237630Z Selecting previously unselected package libjbig-dev:amd64.
Linux Desktop Tests (4)	UNKNOWN STEP	2026-02-25T19:51:23.6397480Z Preparing to unpack .../085-libjbig-dev_2.1-6.1ubuntu2_amd64.deb ...
Linux Desktop Tests (4)	UNKNOWN STEP	2026-02-25T19:51:23.6405403Z Unpacking libjbig-dev:amd64 (2.1-6.1ubuntu2) ...
Linux Desktop Tests (4)	UNKNOWN STEP	2026-02-25T19:51:23.6607094Z Selecting previously unselected package liblzma-dev:amd64.
Linux Desktop Tests (4)	UNKNOWN STEP	2026-02-25T19:51:23.6765103Z Preparing to unpack .../086-liblzma-dev_5.6.1+really5.4.5-1ubuntu0.2_amd64.deb ...
Linux Desktop Tests (4)	UNKNOWN STEP	2026-02-25T19:51:23.6774151Z Unpacking liblzma-dev:amd64 (5.6.1+really5.4.5-1ubuntu0.2) ...
Linux Desktop Tests (4)	UNKNOWN STEP	2026-02-25T19:51:23.7043129Z Selecting previously unselected package libwebpdecoder3:amd64.
Linux Desktop Tests (4)	UNKNOWN STEP	2026-02-25T19:51:23.7204328Z Preparing to unpack .../087-libwebpdecoder3_1.3.2-0.4build3_amd64.deb ...
Linux Desktop Tests (4)	UNKNOWN STEP	2026-02-25T19:51:23.7213334Z Unpacking libwebpdecoder3:amd64 (1.3.2-0.4build3) ...
Linux Desktop Tests (4)	UNKNOWN STEP	2026-02-25T19:51:23.7425480Z Selecting previously unselected package libsharpyuv-dev:amd64.
Linux Desktop Tests (4)	UNKNOWN STEP	2026-02-25T19:51:23.7584591Z Preparing to unpack .../088-libsharpyuv-dev_1.3.2-0.4build3_amd64.deb ...
Linux Desktop Tests (4)	UNKNOWN STEP	2026-02-25T19:51:23.7592282Z Unpacking libsharpyuv-dev:amd64 (1.3.2-0.4build3) ...
Linux Desktop Tests (4)	UNKNOWN STEP	2026-02-25T19:51:23.7796035Z Selecting previously unselected package libwebp-dev:amd64.
Linux Desktop Tests (4)	UNKNOWN STEP	2026-02-25T19:51:23.7955814Z Preparing to unpack .../089-libwebp-dev_1.3.2-0.4build3_amd64.deb ...
Linux Desktop Tests (4)	UNKNOWN STEP	2026-02-25T19:51:23.7963961Z Unpacking libwebp-dev:amd64 (1.3.2-0.4build3) ...
Linux Desktop Tests (4)	UNKNOWN STEP	2026-02-25T19:51:23.8288336Z Selecting previously unselected package libtiffxx6:amd64.
Linux Desktop Tests (4)	UNKNOWN STEP	2026-02-25T19:51:23.8448273Z Preparing to unpack .../090-libtiffxx6_4.5.1+git230720-4ubuntu2.4_amd64.deb ...
Linux Desktop Tests (4)	UNKNOWN STEP	2026-02-25T19:51:23.8456826Z Unpacking libtiffxx6:amd64 (4.5.1+git230720-4ubuntu2.4) ...
Linux Desktop Tests (4)	UNKNOWN STEP	2026-02-25T19:51:23.8652775Z Selecting previously unselected package liblerc-dev:amd64.
Linux Desktop Tests (4)	UNKNOWN STEP	2026-02-25T19:51:23.8812268Z Preparing to unpack .../091-liblerc-dev_4.0.0+ds-4ubuntu2_amd64.deb ...
Linux Desktop Tests (4)	UNKNOWN STEP	2026-02-25T19:51:23.8819988Z Unpacking liblerc-dev:amd64 (4.0.0+ds-4ubuntu2) ...
Linux Desktop Tests (4)	UNKNOWN STEP	2026-02-25T19:51:23.9059247Z Selecting previously unselected package libtiff-dev:amd64.
Linux Desktop Tests (4)	UNKNOWN STEP	2026-02-25T19:51:23.9219070Z Preparing to unpack .../092-libtiff-dev_4.5.1+git230720-4ubuntu2.4_amd64.deb ...
Linux Desktop Tests (4)	UNKNOWN STEP	2026-02-25T19:51:23.9226936Z Unpacking libtiff-dev:amd64 (4.5.1+git230720-4ubuntu2.4) ...
Linux Desktop Tests (4)	UNKNOWN STEP	2026-02-25T19:51:23.9580920Z Selecting previously unselected package libgdk-pixbuf-2.0-dev:amd64.
Linux Desktop Tests (4)	UNKNOWN STEP	2026-02-25T19:51:23.9741588Z Preparing to unpack .../093-libgdk-pixbuf-2.0-dev_2.42.10+dfsg-3ubuntu3.2_amd64.deb ...
Linux Desktop Tests (4)	UNKNOWN STEP	2026-02-25T19:51:23.9749425Z Unpacking libgdk-pixbuf-2.0-dev:amd64 (2.42.10+dfsg-3ubuntu3.2) ...
Linux Desktop Tests (4)	UNKNOWN STEP	2026-02-25T19:51:23.9984220Z Selecting previously unselected package libgles2-mesa-dev:amd64.
Linux Desktop Tests (4)	UNKNOWN STEP	2026-02-25T19:51:24.0145341Z Preparing to unpack .../094-libgles2-mesa-dev_25.2.8-0ubuntu0.24.04.1_amd64.deb ...
Linux Desktop Tests (4)	UNKNOWN STEP	2026-02-25T19:51:24.0162373Z Unpacking libgles2-mesa-dev:amd64 (25.2.8-0ubuntu0.24.04.1) ...
Linux Desktop Tests (4)	UNKNOWN STEP	2026-02-25T19:51:24.0367478Z Selecting previously unselected package libgraphite2-dev:amd64.
Linux Desktop Tests (4)	UNKNOWN STEP	2026-02-25T19:51:24.0529694Z Preparing to unpack .../095-libgraphite2-dev_1.3.14-2build1_amd64.deb ...
Linux Desktop Tests (4)	UNKNOWN STEP	2026-02-25T19:51:24.0538218Z Unpacking libgraphite2-dev:amd64 (1.3.14-2build1) ...
Linux Desktop Tests (4)	UNKNOWN STEP	2026-02-25T19:51:24.0765113Z Selecting previously unselected package libharfbuzz-icu0:amd64.
Linux Desktop Tests (4)	UNKNOWN STEP	2026-02-25T19:51:24.0926736Z Preparing to unpack .../096-libharfbuzz-icu0_8.3.0-2build2_amd64.deb ...
Linux Desktop Tests (4)	UNKNOWN STEP	2026-02-25T19:51:24.0935617Z Unpacking libharfbuzz-icu0:amd64 (8.3.0-2build2) ...
Linux Desktop Tests (4)	UNKNOWN STEP	2026-02-25T19:51:24.1152584Z Selecting previously unselected package libharfbuzz-subset0:amd64.
Linux Desktop Tests (4)	UNKNOWN STEP	2026-02-25T19:51:24.1315737Z Preparing to unpack .../097-libharfbuzz-subset0_8.3.0-2build2_amd64.deb ...
Linux Desktop Tests (4)	UNKNOWN STEP	2026-02-25T19:51:24.1324676Z Unpacking libharfbuzz-subset0:amd64 (8.3.0-2build2) ...
Linux Desktop Tests (4)	UNKNOWN STEP	2026-02-25T19:51:24.1594378Z Selecting previously unselected package libharfbuzz-cairo0:amd64.
Linux Desktop Tests (4)	UNKNOWN STEP	2026-02-25T19:51:24.1755757Z Preparing to unpack .../098-libharfbuzz-cairo0_8.3.0-2build2_amd64.deb ...
Linux Desktop Tests (4)	UNKNOWN STEP	2026-02-25T19:51:24.1764450Z Unpacking libharfbuzz-cairo0:amd64 (8.3.0-2build2) ...
Linux Desktop Tests (4)	UNKNOWN STEP	2026-02-25T19:51:24.1968166Z Selecting previously unselected package libharfbuzz-dev:amd64.
Linux Desktop Tests (4)	UNKNOWN STEP	2026-02-25T19:51:24.2130211Z Preparing to unpack .../099-libharfbuzz-dev_8.3.0-2build2_amd64.deb ...
Linux Desktop Tests (4)	UNKNOWN STEP	2026-02-25T19:51:24.2137747Z Unpacking libharfbuzz-dev:amd64 (8.3.0-2build2) ...
Linux Desktop Tests (4)	UNKNOWN STEP	2026-02-25T19:51:24.2466638Z Selecting previously unselected package libthai-dev:amd64.
Linux Desktop Tests (4)	UNKNOWN STEP	2026-02-25T19:51:24.2629951Z Preparing to unpack .../100-libthai-dev_0.1.29-2build1_amd64.deb ...
Linux Desktop Tests (4)	UNKNOWN STEP	2026-02-25T19:51:24.2640026Z Unpacking libthai-dev:amd64 (0.1.29-2build1) ...
Linux Desktop Tests (4)	UNKNOWN STEP	2026-02-25T19:51:24.2876347Z Selecting previously unselected package libxft-dev:amd64.
Linux Desktop Tests (4)	UNKNOWN STEP	2026-02-25T19:51:24.3038637Z Preparing to unpack .../101-libxft-dev_2.3.6-1build1_amd64.deb ...
Linux Desktop Tests (4)	UNKNOWN STEP	2026-02-25T19:51:24.3047062Z Unpacking libxft-dev:amd64 (2.3.6-1build1) ...
Linux Desktop Tests (4)	UNKNOWN STEP	2026-02-25T19:51:24.3330158Z Selecting previously unselected package pango1.0-tools.
Linux Desktop Tests (4)	UNKNOWN STEP	2026-02-25T19:51:24.3492468Z Preparing to unpack .../102-pango1.0-tools_1.52.1+ds-1build1_amd64.deb ...
Linux Desktop Tests (4)	UNKNOWN STEP	2026-02-25T19:51:24.3501800Z Unpacking pango1.0-tools (1.52.1+ds-1build1) ...
Linux Desktop Tests (4)	UNKNOWN STEP	2026-02-25T19:51:24.3718586Z Selecting previously unselected package libpango1.0-dev:amd64.
Linux Desktop Tests (4)	UNKNOWN STEP	2026-02-25T19:51:24.3879964Z Preparing to unpack .../103-libpango1.0-dev_1.52.1+ds-1build1_amd64.deb ...
Linux Desktop Tests (4)	UNKNOWN STEP	2026-02-25T19:51:24.3887967Z Unpacking libpango1.0-dev:amd64 (1.52.1+ds-1build1) ...
Linux Desktop Tests (4)	UNKNOWN STEP	2026-02-25T19:51:24.4228974Z Selecting previously unselected package libwayland-server0:amd64.
Linux Desktop Tests (4)	UNKNOWN STEP	2026-02-25T19:51:24.4390275Z Preparing to unpack .../104-libwayland-server0_1.22.0-2.1build1_amd64.deb ...
Linux Desktop Tests (4)	UNKNOWN STEP	2026-02-25T19:51:24.4400504Z Unpacking libwayland-server0:amd64 (1.22.0-2.1build1) ...
Linux Desktop Tests (4)	UNKNOWN STEP	2026-02-25T19:51:24.4601229Z Selecting previously unselected package libwayland-bin.
Linux Desktop Tests (4)	UNKNOWN STEP	2026-02-25T19:51:24.4760962Z Preparing to unpack .../105-libwayland-bin_1.22.0-2.1build1_amd64.deb ...
Linux Desktop Tests (4)	UNKNOWN STEP	2026-02-25T19:51:24.4769683Z Unpacking libwayland-bin (1.22.0-2.1build1) ...
Linux Desktop Tests (4)	UNKNOWN STEP	2026-02-25T19:51:24.4974927Z Selecting previously unselected package libwayland-dev:amd64.
Linux Desktop Tests (4)	UNKNOWN STEP	2026-02-25T19:51:24.5135177Z Preparing to unpack .../106-libwayland-dev_1.22.0-2.1build1_amd64.deb ...
Linux Desktop Tests (4)	UNKNOWN STEP	2026-02-25T19:51:24.5143206Z Unpacking libwayland-dev:amd64 (1.22.0-2.1build1) ...
Linux Desktop Tests (4)	UNKNOWN STEP	2026-02-25T19:51:24.5391062Z Selecting previously unselected package libxcomposite-dev:amd64.
Linux Desktop Tests (4)	UNKNOWN STEP	2026-02-25T19:51:24.5571404Z Preparing to unpack .../107-libxcomposite-dev_1%3a0.4.5-1build3_amd64.deb ...
Linux Desktop Tests (4)	UNKNOWN STEP	2026-02-25T19:51:24.5572329Z Unpacking libxcomposite-dev:amd64 (1:0.4.5-1build3) ...
Linux Desktop Tests (4)	UNKNOWN STEP	2026-02-25T19:51:24.5782720Z Selecting previously unselected package libxcursor-dev:amd64.
Linux Desktop Tests (4)	UNKNOWN STEP	2026-02-25T19:51:24.5942505Z Preparing to unpack .../108-libxcursor-dev_1%3a1.2.1-1build1_amd64.deb ...
Linux Desktop Tests (4)	UNKNOWN STEP	2026-02-25T19:51:24.5950409Z Unpacking libxcursor-dev:amd64 (1:1.2.1-1build1) ...
Linux Desktop Tests (4)	UNKNOWN STEP	2026-02-25T19:51:24.6211462Z Selecting previously unselected package libxdamage-dev:amd64.
Linux Desktop Tests (4)	UNKNOWN STEP	2026-02-25T19:51:24.6373166Z Preparing to unpack .../109-libxdamage-dev_1%3a1.1.6-1build1_amd64.deb ...
Linux Desktop Tests (4)	UNKNOWN STEP	2026-02-25T19:51:24.6381484Z Unpacking libxdamage-dev:amd64 (1:1.1.6-1build1) ...
Linux Desktop Tests (4)	UNKNOWN STEP	2026-02-25T19:51:24.6589398Z Selecting previously unselected package libxinerama-dev:amd64.
Linux Desktop Tests (4)	UNKNOWN STEP	2026-02-25T19:51:24.6753268Z Preparing to unpack .../110-libxinerama-dev_2%3a1.1.4-3build1_amd64.deb ...
Linux Desktop Tests (4)	UNKNOWN STEP	2026-02-25T19:51:24.6771127Z Unpacking libxinerama-dev:amd64 (2:1.1.4-3build1) ...
Linux Desktop Tests (4)	UNKNOWN STEP	2026-02-25T19:51:24.6984114Z Selecting previously unselected package libxkbcommon-dev:amd64.
Linux Desktop Tests (4)	UNKNOWN STEP	2026-02-25T19:51:24.7146875Z Preparing to unpack .../111-libxkbcommon-dev_1.6.0-1build1_amd64.deb ...
Linux Desktop Tests (4)	UNKNOWN STEP	2026-02-25T19:51:24.7155335Z Unpacking libxkbcommon-dev:amd64 (1.6.0-1build1) ...
Linux Desktop Tests (4)	UNKNOWN STEP	2026-02-25T19:51:24.7381634Z Selecting previously unselected package libxrandr-dev:amd64.
Linux Desktop Tests (4)	UNKNOWN STEP	2026-02-25T19:51:24.7543447Z Preparing to unpack .../112-libxrandr-dev_2%3a1.5.2-2build1_amd64.deb ...
Linux Desktop Tests (4)	UNKNOWN STEP	2026-02-25T19:51:24.7551520Z Unpacking libxrandr-dev:amd64 (2:1.5.2-2build1) ...
Linux Desktop Tests (4)	UNKNOWN STEP	2026-02-25T19:51:24.7777716Z Selecting previously unselected package wayland-protocols.
Linux Desktop Tests (4)	UNKNOWN STEP	2026-02-25T19:51:24.7939742Z Preparing to unpack .../113-wayland-protocols_1.45-1~ubuntu0.24.04.1_all.deb ...
Linux Desktop Tests (4)	UNKNOWN STEP	2026-02-25T19:51:24.7948120Z Unpacking wayland-protocols (1.45-1~ubuntu0.24.04.1) ...
Linux Desktop Tests (4)	UNKNOWN STEP	2026-02-25T19:51:24.8323027Z Selecting previously unselected package libgtk-3-dev:amd64.
Linux Desktop Tests (4)	UNKNOWN STEP	2026-02-25T19:51:24.8484060Z Preparing to unpack .../114-libgtk-3-dev_3.24.41-4ubuntu1.3_amd64.deb ...
Linux Desktop Tests (4)	UNKNOWN STEP	2026-02-25T19:51:24.8493327Z Unpacking libgtk-3-dev:amd64 (3.24.41-4ubuntu1.3) ...
Linux Desktop Tests (4)	UNKNOWN STEP	2026-02-25T19:51:24.9882085Z Selecting previously unselected package libpng-tools.
Linux Desktop Tests (4)	UNKNOWN STEP	2026-02-25T19:51:25.0046299Z Preparing to unpack .../115-libpng-tools_1.6.43-5ubuntu0.5_amd64.deb ...
Linux Desktop Tests (4)	UNKNOWN STEP	2026-02-25T19:51:25.0055502Z Unpacking libpng-tools (1.6.43-5ubuntu0.5) ...
Linux Desktop Tests (4)	UNKNOWN STEP	2026-02-25T19:51:25.0269995Z Selecting previously unselected package libsecret-1-dev:amd64.
Linux Desktop Tests (4)	UNKNOWN STEP	2026-02-25T19:51:25.0434118Z Preparing to unpack .../116-libsecret-1-dev_0.21.4-1build3_amd64.deb ...
Linux Desktop Tests (4)	UNKNOWN STEP	2026-02-25T19:51:25.0442701Z Unpacking libsecret-1-dev:amd64 (0.21.4-1build3) ...
Linux Desktop Tests (4)	UNKNOWN STEP	2026-02-25T19:51:25.1255225Z Selecting previously unselected package ninja-build.
Linux Desktop Tests (4)	UNKNOWN STEP	2026-02-25T19:51:25.1420527Z Preparing to unpack .../117-ninja-build_1.11.1-2_amd64.deb ...
Linux Desktop Tests (4)	UNKNOWN STEP	2026-02-25T19:51:25.1430471Z Unpacking ninja-build (1.11.1-2) ...
Linux Desktop Tests (4)	UNKNOWN STEP	2026-02-25T19:51:25.1839853Z Selecting previously unselected package libgl1-mesa-dev:amd64.
Linux Desktop Tests (4)	UNKNOWN STEP	2026-02-25T19:51:25.2001269Z Preparing to unpack .../118-libgl1-mesa-dev_25.2.8-0ubuntu0.24.04.1_amd64.deb ...
Linux Desktop Tests (4)	UNKNOWN STEP	2026-02-25T19:51:25.2010555Z Unpacking libgl1-mesa-dev:amd64 (25.2.8-0ubuntu0.24.04.1) ...
Linux Desktop Tests (4)	UNKNOWN STEP	2026-02-25T19:51:25.2208386Z Selecting previously unselected package libjsoncpp-dev:amd64.
Linux Desktop Tests (4)	UNKNOWN STEP	2026-02-25T19:51:25.2370062Z Preparing to unpack .../119-libjsoncpp-dev_1.9.5-6build1_amd64.deb ...
Linux Desktop Tests (4)	UNKNOWN STEP	2026-02-25T19:51:25.2379041Z Unpacking libjsoncpp-dev:amd64 (1.9.5-6build1) ...
Linux Desktop Tests (4)	UNKNOWN STEP	2026-02-25T19:51:25.2850472Z Setting up libcairo-script-interpreter2:amd64 (1.18.0-3build1) ...
Linux Desktop Tests (4)	UNKNOWN STEP	2026-02-25T19:51:25.2874794Z Setting up bzip2-doc (1.0.8-5.1build0.1) ...
Linux Desktop Tests (4)	UNKNOWN STEP	2026-02-25T19:51:25.2895419Z Setting up libwayland-server0:amd64 (1.22.0-2.1build1) ...
Linux Desktop Tests (4)	UNKNOWN STEP	2026-02-25T19:51:25.2915916Z Setting up libjpeg-turbo8-dev:amd64 (2.1.5-2ubuntu2) ...
Linux Desktop Tests (4)	UNKNOWN STEP	2026-02-25T19:51:25.2935697Z Setting up libharfbuzz-icu0:amd64 (8.3.0-2build2) ...
Linux Desktop Tests (4)	UNKNOWN STEP	2026-02-25T19:51:25.2959810Z Setting up libpixman-1-dev:amd64 (0.42.2-1build1) ...
Linux Desktop Tests (4)	UNKNOWN STEP	2026-02-25T19:51:25.2980541Z Setting up libglvnd-core-dev:amd64 (1.7.0-1build1) ...
Linux Desktop Tests (4)	UNKNOWN STEP	2026-02-25T19:51:25.3001789Z Setting up libfribidi-dev:amd64 (1.0.13-3build1) ...
Linux Desktop Tests (4)	UNKNOWN STEP	2026-02-25T19:51:25.3022901Z Setting up libxkbcommon-dev:amd64 (1.6.0-1build1) ...
Linux Desktop Tests (4)	UNKNOWN STEP	2026-02-25T19:51:25.3043166Z Setting up libjbig-dev:amd64 (2.1-6.1ubuntu2) ...
Linux Desktop Tests (4)	UNKNOWN STEP	2026-02-25T19:51:25.3063215Z Setting up libwebpdecoder3:amd64 (1.3.2-0.4build3) ...
Linux Desktop Tests (4)	UNKNOWN STEP	2026-02-25T19:51:25.3083465Z Setting up libpthread-stubs0-dev:amd64 (0.4-1build3) ...
Linux Desktop Tests (4)	UNKNOWN STEP	2026-02-25T19:51:25.3107025Z Setting up libopengl0:amd64 (1.7.0-1build1) ...
Linux Desktop Tests (4)	UNKNOWN STEP	2026-02-25T19:51:25.3129819Z Setting up ninja-build (1.11.1-2) ...
Linux Desktop Tests (4)	UNKNOWN STEP	2026-02-25T19:51:25.3149785Z Setting up xtrans-dev (1.4.0-1) ...
Linux Desktop Tests (4)	UNKNOWN STEP	2026-02-25T19:51:25.3170578Z Setting up libwayland-bin (1.22.0-2.1build1) ...
Linux Desktop Tests (4)	UNKNOWN STEP	2026-02-25T19:51:25.3190990Z Setting up libgraphite2-dev:amd64 (1.3.14-2build1) ...
Linux Desktop Tests (4)	UNKNOWN STEP	2026-02-25T19:51:25.3210687Z Setting up libglib2.0-0t64:amd64 (2.80.0-6ubuntu3.8) ...
Linux Desktop Tests (4)	UNKNOWN STEP	2026-02-25T19:51:25.3320159Z Setting up libegl-mesa0:amd64 (25.2.8-0ubuntu0.24.04.1) ...
Linux Desktop Tests (4)	UNKNOWN STEP	2026-02-25T19:51:25.3339983Z Setting up libglib2.0-data (2.80.0-6ubuntu3.8) ...
Linux Desktop Tests (4)	UNKNOWN STEP	2026-02-25T19:51:25.3359872Z Setting up libgles2:amd64 (1.7.0-1build1) ...
Linux Desktop Tests (4)	UNKNOWN STEP	2026-02-25T19:51:25.3379625Z Setting up libharfbuzz-cairo0:amd64 (8.3.0-2build2) ...
Linux Desktop Tests (4)	UNKNOWN STEP	2026-02-25T19:51:25.3399981Z Setting up libdbus-1-dev:amd64 (1.14.10-4ubuntu4.1) ...
Linux Desktop Tests (4)	UNKNOWN STEP	2026-02-25T19:51:25.4808219Z Setting up libgpg-error-dev (1.47-3build2.1) ...
Linux Desktop Tests (4)	UNKNOWN STEP	2026-02-25T19:51:25.4829391Z Setting up uuid-dev:amd64 (2.39.3-9ubuntu6.4) ...
Linux Desktop Tests (4)	UNKNOWN STEP	2026-02-25T19:51:25.4851231Z Setting up clang (1:18.0-59~exp2) ...
Linux Desktop Tests (4)	UNKNOWN STEP	2026-02-25T19:51:25.5097316Z Setting up libgles1:amd64 (1.7.0-1build1) ...
Linux Desktop Tests (4)	UNKNOWN STEP	2026-02-25T19:51:25.5118211Z Setting up libpng16-16t64:amd64 (1.6.43-5ubuntu0.5) ...
Linux Desktop Tests (4)	UNKNOWN STEP	2026-02-25T19:51:25.5140634Z Setting up libjsoncpp25:amd64 (1.9.5-6build1) ...
Linux Desktop Tests (4)	UNKNOWN STEP	2026-02-25T19:51:25.5163530Z Setting up libsepol-dev:amd64 (3.5-2build1) ...
Linux Desktop Tests (4)	UNKNOWN STEP	2026-02-25T19:51:25.5186871Z Setting up gir1.2-glib-2.0:amd64 (2.80.0-6ubuntu3.8) ...
Linux Desktop Tests (4)	UNKNOWN STEP	2026-02-25T19:51:25.5208033Z Setting up liblerc-dev:amd64 (4.0.0+ds-4ubuntu2) ...
Linux Desktop Tests (4)	UNKNOWN STEP	2026-02-25T19:51:25.5229045Z Setting up liblzma-dev:amd64 (5.6.1+really5.4.5-1ubuntu0.2) ...
Linux Desktop Tests (4)	UNKNOWN STEP	2026-02-25T19:51:25.5249774Z Setting up wayland-protocols (1.45-1~ubuntu0.24.04.1) ...
Linux Desktop Tests (4)	UNKNOWN STEP	2026-02-25T19:51:25.5270112Z Setting up libdatrie-dev:amd64 (0.2.13-3build1) ...
Linux Desktop Tests (4)	UNKNOWN STEP	2026-02-25T19:51:25.5292142Z Setting up gir1.2-glib-2.0-dev:amd64 (2.80.0-6ubuntu3.8) ...
Linux Desktop Tests (4)	UNKNOWN STEP	2026-02-25T19:51:25.5313997Z Setting up libgdk-pixbuf2.0-bin (2.42.10+dfsg-3ubuntu3.2) ...
Linux Desktop Tests (4)	UNKNOWN STEP	2026-02-25T19:51:25.5334676Z Setting up librhash0:amd64 (1.4.3-3build1) ...
Linux Desktop Tests (4)	UNKNOWN STEP	2026-02-25T19:51:25.5355690Z Setting up libegl1:amd64 (1.7.0-1build1) ...
Linux Desktop Tests (4)	UNKNOWN STEP	2026-02-25T19:51:25.5377939Z Setting up libharfbuzz-subset0:amd64 (8.3.0-2build2) ...
Linux Desktop Tests (4)	UNKNOWN STEP	2026-02-25T19:51:25.5398272Z Setting up xorg-sgml-doctools (1:1.11-1.1) ...
Linux Desktop Tests (4)	UNKNOWN STEP	2026-02-25T19:51:25.5420054Z Setting up cmake-data (3.28.3-1build7) ...
Linux Desktop Tests (4)	UNKNOWN STEP	2026-02-25T19:51:25.5490956Z Setting up libopengl-dev:amd64 (1.7.0-1build1) ...
Linux Desktop Tests (4)	UNKNOWN STEP	2026-02-25T19:51:25.5512610Z Setting up libjpeg8-dev:amd64 (8c-2ubuntu11) ...
Linux Desktop Tests (4)	UNKNOWN STEP	2026-02-25T19:51:25.5535334Z Setting up libsharpyuv-dev:amd64 (1.3.2-0.4build3) ...
Linux Desktop Tests (4)	UNKNOWN STEP	2026-02-25T19:51:25.5556164Z Setting up libtiffxx6:amd64 (4.5.1+git230720-4ubuntu2.4) ...
Linux Desktop Tests (4)	UNKNOWN STEP	2026-02-25T19:51:25.5577417Z Setting up libdeflate-dev:amd64 (1.19-1build1.1) ...
Linux Desktop Tests (4)	UNKNOWN STEP	2026-02-25T19:51:25.5597995Z Setting up libbrotli-dev:amd64 (1.1.0-2build2) ...
Linux Desktop Tests (4)	UNKNOWN STEP	2026-02-25T19:51:25.5617660Z Setting up libsecret-common (0.21.4-1build3) ...
Linux Desktop Tests (4)	UNKNOWN STEP	2026-02-25T19:51:25.5648836Z Setting up libbz2-dev:amd64 (1.0.8-5.1build0.1) ...
Linux Desktop Tests (4)	UNKNOWN STEP	2026-02-25T19:51:25.5670540Z Setting up libglib2.0-dev-bin (2.80.0-6ubuntu3.8) ...
Linux Desktop Tests (4)	UNKNOWN STEP	2026-02-25T19:51:25.7142769Z Setting up libblkid-dev:amd64 (2.39.3-9ubuntu6.4) ...
Linux Desktop Tests (4)	UNKNOWN STEP	2026-02-25T19:51:25.7165137Z Setting up libjsoncpp-dev:amd64 (1.9.5-6build1) ...
Linux Desktop Tests (4)	UNKNOWN STEP	2026-02-25T19:51:25.7186446Z Setting up gir1.2-freedesktop:amd64 (1.80.1-1) ...
Linux Desktop Tests (4)	UNKNOWN STEP	2026-02-25T19:51:25.7212712Z Setting up libpangoxft-1.0-0:amd64 (1.52.1+ds-1build1) ...
Linux Desktop Tests (4)	UNKNOWN STEP	2026-02-25T19:51:25.7237547Z Setting up gir1.2-gdkpixbuf-2.0:amd64 (2.42.10+dfsg-3ubuntu3.2) ...
Linux Desktop Tests (4)	UNKNOWN STEP	2026-02-25T19:51:25.7261720Z Setting up libpng-tools (1.6.43-5ubuntu0.5) ...
Linux Desktop Tests (4)	UNKNOWN STEP	2026-02-25T19:51:25.7288139Z Setting up libgirepository-2.0-0:amd64 (2.80.0-6ubuntu3.8) ...
Linux Desktop Tests (4)	UNKNOWN STEP	2026-02-25T19:51:25.7310321Z Setting up gir1.2-atk-1.0:amd64 (2.52.0-1build1) ...
Linux Desktop Tests (4)	UNKNOWN STEP	2026-02-25T19:51:25.7334747Z Setting up libselinux1-dev:amd64 (3.5-2ubuntu2.1) ...
Linux Desktop Tests (4)	UNKNOWN STEP	2026-02-25T19:51:25.7356978Z Setting up libpng-dev:amd64 (1.6.43-5ubuntu0.5) ...
Linux Desktop Tests (4)	UNKNOWN STEP	2026-02-25T19:51:25.7379651Z Setting up pango1.0-tools (1.52.1+ds-1build1) ...
Linux Desktop Tests (4)	UNKNOWN STEP	2026-02-25T19:51:25.7405393Z Setting up libjpeg-dev:amd64 (8c-2ubuntu11) ...
Linux Desktop Tests (4)	UNKNOWN STEP	2026-02-25T19:51:25.7427998Z Setting up libglib2.0-bin (2.80.0-6ubuntu3.8) ...
Linux Desktop Tests (4)	UNKNOWN STEP	2026-02-25T19:51:25.7450261Z Setting up libharfbuzz-gobject0:amd64 (8.3.0-2build2) ...
Linux Desktop Tests (4)	UNKNOWN STEP	2026-02-25T19:51:25.7476185Z Setting up gir1.2-atspi-2.0:amd64 (2.52.0-1build1) ...
Linux Desktop Tests (4)	UNKNOWN STEP	2026-02-25T19:51:25.7497574Z Setting up libwayland-dev:amd64 (1.22.0-2.1build1) ...
Linux Desktop Tests (4)	UNKNOWN STEP	2026-02-25T19:51:25.7518270Z Setting up gir1.2-harfbuzz-0.0:amd64 (8.3.0-2build2) ...
Linux Desktop Tests (4)	UNKNOWN STEP	2026-02-25T19:51:25.7544817Z Setting up libfreetype-dev:amd64 (2.13.2+dfsg-1build3) ...
Linux Desktop Tests (4)	UNKNOWN STEP	2026-02-25T19:51:25.7565960Z Setting up gir1.2-pango-1.0:amd64 (1.52.1+ds-1build1) ...
Linux Desktop Tests (4)	UNKNOWN STEP	2026-02-25T19:51:25.7587019Z Setting up libsecret-1-0:amd64 (0.21.4-1build3) ...
Linux Desktop Tests (4)	UNKNOWN STEP	2026-02-25T19:51:25.7612530Z Setting up libwebp-dev:amd64 (1.3.2-0.4build3) ...
Linux Desktop Tests (4)	UNKNOWN STEP	2026-02-25T19:51:25.7635024Z Setting up gir1.2-secret-1:amd64 (0.21.4-1build3) ...
Linux Desktop Tests (4)	UNKNOWN STEP	2026-02-25T19:51:25.7655443Z Setting up libgcrypt20-dev (1.10.3-2build1) ...
Linux Desktop Tests (4)	UNKNOWN STEP	2026-02-25T19:51:25.7692898Z Setting up libtiff-dev:amd64 (4.5.1+git230720-4ubuntu2.4) ...
Linux Desktop Tests (4)	UNKNOWN STEP	2026-02-25T19:51:25.7713949Z Setting up gir1.2-freedesktop-dev:amd64 (1.80.1-1) ...
Linux Desktop Tests (4)	UNKNOWN STEP	2026-02-25T19:51:25.7738317Z Setting up libthai-dev:amd64 (0.1.29-2build1) ...
Linux Desktop Tests (4)	UNKNOWN STEP	2026-02-25T19:51:25.7759231Z Setting up cmake (3.28.3-1build7) ...
Linux Desktop Tests (4)	UNKNOWN STEP	2026-02-25T19:51:25.7780423Z Setting up libmount-dev:amd64 (2.39.3-9ubuntu6.4) ...
Linux Desktop Tests (4)	UNKNOWN STEP	2026-02-25T19:51:25.7803559Z Setting up libfontconfig-dev:amd64 (2.15.0-1.1ubuntu2) ...
Linux Desktop Tests (4)	UNKNOWN STEP	2026-02-25T19:51:25.7825481Z Setting up gir1.2-gtk-3.0:amd64 (3.24.41-4ubuntu1.3) ...
Linux Desktop Tests (4)	UNKNOWN STEP	2026-02-25T19:51:25.7854600Z Setting up libglib2.0-dev:amd64 (2.80.0-6ubuntu3.8) ...
Linux Desktop Tests (4)	UNKNOWN STEP	2026-02-25T19:51:25.7878591Z Setting up libatk1.0-dev:amd64 (2.52.0-1build1) ...
Linux Desktop Tests (4)	UNKNOWN STEP	2026-02-25T19:51:25.7900257Z Setting up libgdk-pixbuf-2.0-dev:amd64 (2.42.10+dfsg-3ubuntu3.2) ...
Linux Desktop Tests (4)	UNKNOWN STEP	2026-02-25T19:51:25.8037335Z Setting up libharfbuzz-dev:amd64 (8.3.0-2build2) ...
Linux Desktop Tests (4)	UNKNOWN STEP	2026-02-25T19:51:25.8060808Z Setting up libsecret-1-dev:amd64 (0.21.4-1build3) ...
Linux Desktop Tests (4)	UNKNOWN STEP	2026-02-25T19:51:25.8563655Z Processing triggers for libc-bin (2.39-0ubuntu8.7) ...
Linux Desktop Tests (4)	UNKNOWN STEP	2026-02-25T19:51:25.8949205Z Processing triggers for man-db (2.12.0-4build2) ...
Linux Desktop Tests (4)	UNKNOWN STEP	2026-02-25T19:51:25.8981728Z Not building database; man-db/auto-update is not 'true'.
Linux Desktop Tests (4)	UNKNOWN STEP	2026-02-25T19:51:25.9019728Z Processing triggers for sgml-base (1.31) ...
Linux Desktop Tests (4)	UNKNOWN STEP	2026-02-25T19:51:25.9166801Z Processing triggers for install-info (7.1-3build2) ...
Linux Desktop Tests (4)	UNKNOWN STEP	2026-02-25T19:51:26.0255966Z Setting up x11proto-dev (2023.2-1) ...
Linux Desktop Tests (4)	UNKNOWN STEP	2026-02-25T19:51:26.0308214Z Setting up libxau-dev:amd64 (1:1.0.9-1build6) ...
Linux Desktop Tests (4)	UNKNOWN STEP	2026-02-25T19:51:26.0331138Z Setting up libice-dev:amd64 (2:1.0.10-1build3) ...
Linux Desktop Tests (4)	UNKNOWN STEP	2026-02-25T19:51:26.0356458Z Setting up libsm-dev:amd64 (2:1.2.3-1build3) ...
Linux Desktop Tests (4)	UNKNOWN STEP	2026-02-25T19:51:26.0407488Z Setting up libxdmcp-dev:amd64 (1:1.1.3-0ubuntu6) ...
Linux Desktop Tests (4)	UNKNOWN STEP	2026-02-25T19:51:26.0496013Z Setting up libxcb1-dev:amd64 (1.15-1ubuntu2) ...
Linux Desktop Tests (4)	UNKNOWN STEP	2026-02-25T19:51:26.0530929Z Setting up libx11-dev:amd64 (2:1.8.7-1build1) ...
Linux Desktop Tests (4)	UNKNOWN STEP	2026-02-25T19:51:26.0569679Z Setting up libxfixes-dev:amd64 (1:6.0.0-2build1) ...
Linux Desktop Tests (4)	UNKNOWN STEP	2026-02-25T19:51:26.0592771Z Setting up libxcb-shm0-dev:amd64 (1.15-1ubuntu2) ...
Linux Desktop Tests (4)	UNKNOWN STEP	2026-02-25T19:51:26.0626698Z Setting up libxcb-render0-dev:amd64 (1.15-1ubuntu2) ...
Linux Desktop Tests (4)	UNKNOWN STEP	2026-02-25T19:51:26.0649245Z Setting up libxext-dev:amd64 (2:1.3.4-1build2) ...
Linux Desktop Tests (4)	UNKNOWN STEP	2026-02-25T19:51:26.0676172Z Setting up libglx-dev:amd64 (1.7.0-1build1) ...
Linux Desktop Tests (4)	UNKNOWN STEP	2026-02-25T19:51:26.0711879Z Setting up libxi-dev:amd64 (2:1.8.1-1build1) ...
Linux Desktop Tests (4)	UNKNOWN STEP	2026-02-25T19:51:26.0736838Z Setting up libxrender-dev:amd64 (1:0.9.10-1.1build1) ...
Linux Desktop Tests (4)	UNKNOWN STEP	2026-02-25T19:51:26.0761565Z Setting up libgl-dev:amd64 (1.7.0-1build1) ...
Linux Desktop Tests (4)	UNKNOWN STEP	2026-02-25T19:51:26.0785717Z Setting up libxft-dev:amd64 (2.3.6-1build1) ...
Linux Desktop Tests (4)	UNKNOWN STEP	2026-02-25T19:51:26.0812673Z Setting up libxtst-dev:amd64 (2:1.2.3-1.1build1) ...
Linux Desktop Tests (4)	UNKNOWN STEP	2026-02-25T19:51:26.0839657Z Setting up libxdamage-dev:amd64 (1:1.1.6-1build1) ...
Linux Desktop Tests (4)	UNKNOWN STEP	2026-02-25T19:51:26.0866166Z Setting up libatspi2.0-dev:amd64 (2.52.0-1build1) ...
Linux Desktop Tests (4)	UNKNOWN STEP	2026-02-25T19:51:26.0912211Z Setting up libegl-dev:amd64 (1.7.0-1build1) ...
Linux Desktop Tests (4)	UNKNOWN STEP	2026-02-25T19:51:26.0935617Z Setting up libxcomposite-dev:amd64 (1:0.4.5-1build3) ...
Linux Desktop Tests (4)	UNKNOWN STEP	2026-02-25T19:51:26.0957043Z Setting up libxcursor-dev:amd64 (1:1.2.1-1build1) ...
Linux Desktop Tests (4)	UNKNOWN STEP	2026-02-25T19:51:26.0985013Z Setting up libepoxy-dev:amd64 (1.5.10-1build1) ...
Linux Desktop Tests (4)	UNKNOWN STEP	2026-02-25T19:51:26.1020820Z Setting up libatk-bridge2.0-dev:amd64 (2.52.0-1build1) ...
Linux Desktop Tests (4)	UNKNOWN STEP	2026-02-25T19:51:26.1043458Z Setting up libxrandr-dev:amd64 (2:1.5.2-2build1) ...
Linux Desktop Tests (4)	UNKNOWN STEP	2026-02-25T19:51:26.1073691Z Setting up libxinerama-dev:amd64 (2:1.1.4-3build1) ...
Linux Desktop Tests (4)	UNKNOWN STEP	2026-02-25T19:51:26.1103238Z Setting up libcairo2-dev:amd64 (1.18.0-3build1) ...
Linux Desktop Tests (4)	UNKNOWN STEP	2026-02-25T19:51:26.1131468Z Setting up libgles-dev:amd64 (1.7.0-1build1) ...
Linux Desktop Tests (4)	UNKNOWN STEP	2026-02-25T19:51:26.1175508Z Setting up libglvnd-dev:amd64 (1.7.0-1build1) ...
Linux Desktop Tests (4)	UNKNOWN STEP	2026-02-25T19:51:26.1204727Z Setting up libpango1.0-dev:amd64 (1.52.1+ds-1build1) ...
Linux Desktop Tests (4)	UNKNOWN STEP	2026-02-25T19:51:26.1233192Z Setting up libgl1-mesa-dev:amd64 (25.2.8-0ubuntu0.24.04.1) ...
Linux Desktop Tests (4)	UNKNOWN STEP	2026-02-25T19:51:26.1258846Z Setting up libegl1-mesa-dev:amd64 (25.2.8-0ubuntu0.24.04.1) ...
Linux Desktop Tests (4)	UNKNOWN STEP	2026-02-25T19:51:26.1295665Z Setting up libgtk-3-dev:amd64 (3.24.41-4ubuntu1.3) ...
Linux Desktop Tests (4)	UNKNOWN STEP	2026-02-25T19:51:26.1326016Z Setting up libgles2-mesa-dev:amd64 (25.2.8-0ubuntu0.24.04.1) ...
Linux Desktop Tests (4)	UNKNOWN STEP	2026-02-25T19:51:26.7321551Z 
Linux Desktop Tests (4)	UNKNOWN STEP	2026-02-25T19:51:26.7322054Z Running kernel seems to be up-to-date.
Linux Desktop Tests (4)	UNKNOWN STEP	2026-02-25T19:51:26.7322514Z 
Linux Desktop Tests (4)	UNKNOWN STEP	2026-02-25T19:51:26.7322690Z Restarting services...
Linux Desktop Tests (4)	UNKNOWN STEP	2026-02-25T19:51:26.7804059Z  systemctl restart packagekit.service php8.3-fpm.service polkit.service udisks2.service
Linux Desktop Tests (4)	UNKNOWN STEP	2026-02-25T19:51:26.9245593Z 
Linux Desktop Tests (4)	UNKNOWN STEP	2026-02-25T19:51:26.9247982Z Service restarts being deferred:
Linux Desktop Tests (4)	UNKNOWN STEP	2026-02-25T19:51:26.9250380Z  systemctl restart ModemManager.service
Linux Desktop Tests (4)	UNKNOWN STEP	2026-02-25T19:51:26.9252315Z  systemctl restart networkd-dispatcher.service
Linux Desktop Tests (4)	UNKNOWN STEP	2026-02-25T19:51:26.9253371Z 
Linux Desktop Tests (4)	UNKNOWN STEP	2026-02-25T19:51:26.9255316Z No containers need to be restarted.
Linux Desktop Tests (4)	UNKNOWN STEP	2026-02-25T19:51:26.9267049Z 
Linux Desktop Tests (4)	UNKNOWN STEP	2026-02-25T19:51:26.9267334Z No user sessions are running outdated binaries.
Linux Desktop Tests (4)	UNKNOWN STEP	2026-02-25T19:51:26.9267719Z 
Linux Desktop Tests (4)	UNKNOWN STEP	2026-02-25T19:51:26.9268033Z No VM guests are running outdated hypervisor (qemu) binaries on this host.
Linux Desktop Tests (4)	UNKNOWN STEP	2026-02-25T19:51:27.9712065Z ##[group]Run subosito/flutter-action@v2
Linux Desktop Tests (4)	UNKNOWN STEP	2026-02-25T19:51:27.9712347Z with:
Linux Desktop Tests (4)	UNKNOWN STEP	2026-02-25T19:51:27.9712512Z   channel: stable
Linux Desktop Tests (4)	UNKNOWN STEP	2026-02-25T19:51:27.9712682Z   cache: true
Linux Desktop Tests (4)	UNKNOWN STEP	2026-02-25T19:51:27.9712852Z   architecture: X64
Linux Desktop Tests (4)	UNKNOWN STEP	2026-02-25T19:51:27.9713041Z   pub-cache-path: default
Linux Desktop Tests (4)	UNKNOWN STEP	2026-02-25T19:51:27.9713239Z   dry-run: false
Linux Desktop Tests (4)	UNKNOWN STEP	2026-02-25T19:51:27.9713485Z   git-source: https://github.com/flutter/flutter.git
Linux Desktop Tests (4)	UNKNOWN STEP	2026-02-25T19:51:27.9713938Z env:
Linux Desktop Tests (4)	UNKNOWN STEP	2026-02-25T19:51:27.9714097Z   CACHE_VERSION: v1
Linux Desktop Tests (4)	UNKNOWN STEP	2026-02-25T19:51:27.9714266Z ##[endgroup]
Linux Desktop Tests (4)	UNKNOWN STEP	2026-02-25T19:51:27.9808860Z ##[group]Run chmod +x "$GITHUB_ACTION_PATH/setup.sh"
Linux Desktop Tests (4)	UNKNOWN STEP	2026-02-25T19:51:27.9809203Z [36;1mchmod +x "$GITHUB_ACTION_PATH/setup.sh"[0m
Linux Desktop Tests (4)	UNKNOWN STEP	2026-02-25T19:51:27.9859642Z shell: /usr/bin/bash --noprofile --norc -e -o pipefail {0}
Linux Desktop Tests (4)	UNKNOWN STEP	2026-02-25T19:51:27.9859956Z env:
Linux Desktop Tests (4)	UNKNOWN STEP	2026-02-25T19:51:27.9860119Z   CACHE_VERSION: v1
Linux Desktop Tests (4)	UNKNOWN STEP	2026-02-25T19:51:27.9860293Z ##[endgroup]
Linux Desktop Tests (4)	UNKNOWN STEP	2026-02-25T19:51:27.9988685Z ##[group]Run $GITHUB_ACTION_PATH/setup.sh -p \
Linux Desktop Tests (4)	UNKNOWN STEP	2026-02-25T19:51:27.9989066Z [36;1m$GITHUB_ACTION_PATH/setup.sh -p \[0m
Linux Desktop Tests (4)	UNKNOWN STEP	2026-02-25T19:51:27.9989321Z [36;1m  -n '' \[0m
Linux Desktop Tests (4)	UNKNOWN STEP	2026-02-25T19:51:27.9989502Z [36;1m  -f '' \[0m
Linux Desktop Tests (4)	UNKNOWN STEP	2026-02-25T19:51:27.9989668Z [36;1m  -a 'X64' \[0m
Linux Desktop Tests (4)	UNKNOWN STEP	2026-02-25T19:51:27.9989848Z [36;1m  -k '' \[0m
Linux Desktop Tests (4)	UNKNOWN STEP	2026-02-25T19:51:27.9990011Z [36;1m  -c '' \[0m
Linux Desktop Tests (4)	UNKNOWN STEP	2026-02-25T19:51:27.9990183Z [36;1m  -l '' \[0m
Linux Desktop Tests (4)	UNKNOWN STEP	2026-02-25T19:51:27.9990354Z [36;1m  -d 'default' \[0m
Linux Desktop Tests (4)	UNKNOWN STEP	2026-02-25T19:51:27.9990644Z [36;1m  -g 'https://github.com/flutter/flutter.git' \[0m
Linux Desktop Tests (4)	UNKNOWN STEP	2026-02-25T19:51:27.9990931Z [36;1m  stable[0m
Linux Desktop Tests (4)	UNKNOWN STEP	2026-02-25T19:51:28.0037924Z shell: /usr/bin/bash --noprofile --norc -e -o pipefail {0}
Linux Desktop Tests (4)	UNKNOWN STEP	2026-02-25T19:51:28.0038242Z env:
Linux Desktop Tests (4)	UNKNOWN STEP	2026-02-25T19:51:28.0038405Z   CACHE_VERSION: v1
Linux Desktop Tests (4)	UNKNOWN STEP	2026-02-25T19:51:28.0038585Z ##[endgroup]
Linux Desktop Tests (4)	UNKNOWN STEP	2026-02-25T19:51:28.3221438Z ##[group]Run actions/cache@v4
Linux Desktop Tests (4)	UNKNOWN STEP	2026-02-25T19:51:28.3221671Z with:
Linux Desktop Tests (4)	UNKNOWN STEP	2026-02-25T19:51:28.3221913Z   path: /opt/hostedtoolcache/flutter/stable-3.41.2-x64
Linux Desktop Tests (4)	UNKNOWN STEP	2026-02-25T19:51:28.3222374Z   key: flutter-linux-stable-3.41.2-x64-90673a4eef275d1a6692c26ac80d6d746d41a73a
Linux Desktop Tests (4)	UNKNOWN STEP	2026-02-25T19:51:28.3222802Z   enableCrossOsArchive: false
Linux Desktop Tests (4)	UNKNOWN STEP	2026-02-25T19:51:28.3223049Z   fail-on-cache-miss: false
Linux Desktop Tests (4)	UNKNOWN STEP	2026-02-25T19:51:28.3223269Z   lookup-only: false
Linux Desktop Tests (4)	UNKNOWN STEP	2026-02-25T19:51:28.3223466Z   save-always: false
Linux Desktop Tests (4)	UNKNOWN STEP	2026-02-25T19:51:28.3223645Z env:
Linux Desktop Tests (4)	UNKNOWN STEP	2026-02-25T19:51:28.3224085Z   CACHE_VERSION: v1
Linux Desktop Tests (4)	UNKNOWN STEP	2026-02-25T19:51:28.3224388Z ##[endgroup]
Linux Desktop Tests (4)	UNKNOWN STEP	2026-02-25T19:51:28.6065949Z Cache hit for: flutter-linux-stable-3.41.2-x64-90673a4eef275d1a6692c26ac80d6d746d41a73a
Linux Desktop Tests (4)	UNKNOWN STEP	2026-02-25T19:51:29.7990059Z Received 100663296 of 1665993529 (6.0%), 96.0 MBs/sec
Linux Desktop Tests (4)	UNKNOWN STEP	2026-02-25T19:51:30.8672534Z Received 268435456 of 1665993529 (16.1%), 123.7 MBs/sec
Linux Desktop Tests (4)	UNKNOWN STEP	2026-02-25T19:51:31.8679665Z Received 444596224 of 1665993529 (26.7%), 138.2 MBs/sec
Linux Desktop Tests (4)	UNKNOWN STEP	2026-02-25T19:51:32.8682099Z Received 658505728 of 1665993529 (39.5%), 154.3 MBs/sec
Linux Desktop Tests (4)	UNKNOWN STEP	2026-02-25T19:51:33.8678918Z Received 813694976 of 1665993529 (48.8%), 153.1 MBs/sec
Linux Desktop Tests (4)	UNKNOWN STEP	2026-02-25T19:51:34.8696017Z Received 1044381696 of 1665993529 (62.7%), 164.1 MBs/sec
Linux Desktop Tests (4)	UNKNOWN STEP	2026-02-25T19:51:35.8708791Z Received 1207959552 of 1665993529 (72.5%), 162.9 MBs/sec
Linux Desktop Tests (4)	UNKNOWN STEP	2026-02-25T19:51:36.8719261Z Received 1388314624 of 1665993529 (83.3%), 164.0 MBs/sec
Linux Desktop Tests (4)	UNKNOWN STEP	2026-02-25T19:51:37.8729008Z Received 1572864000 of 1665993529 (94.4%), 165.3 MBs/sec
Linux Desktop Tests (4)	UNKNOWN STEP	2026-02-25T19:51:38.4777647Z Received 1665993529 of 1665993529 (100.0%), 164.2 MBs/sec
Linux Desktop Tests (4)	UNKNOWN STEP	2026-02-25T19:51:38.4805048Z Cache Size: ~1589 MB (1665993529 B)
Linux Desktop Tests (4)	UNKNOWN STEP	2026-02-25T19:51:38.4892492Z [command]/usr/bin/tar -xf /home/runner/work/_temp/1a9127b2-8e76-4b65-aee3-2c995862978a/cache.tzst -P -C /home/runner/work/substitution/substitution --use-compress-program unzstd
Linux Desktop Tests (4)	UNKNOWN STEP	2026-02-25T19:51:43.7903323Z Cache restored successfully
Linux Desktop Tests (4)	UNKNOWN STEP	2026-02-25T19:51:44.1052900Z Cache restored from key: flutter-linux-stable-3.41.2-x64-90673a4eef275d1a6692c26ac80d6d746d41a73a
Linux Desktop Tests (4)	UNKNOWN STEP	2026-02-25T19:51:44.2337477Z ##[group]Run actions/cache@v4
Linux Desktop Tests (4)	UNKNOWN STEP	2026-02-25T19:51:44.2337707Z with:
Linux Desktop Tests (4)	UNKNOWN STEP	2026-02-25T19:51:44.2337889Z   path: /home/runner/.pub-cache
Linux Desktop Tests (4)	UNKNOWN STEP	2026-02-25T19:51:44.2338818Z   key: flutter-pub-linux-stable-3.41.2-x64-90673a4eef275d1a6692c26ac80d6d746d41a73a-fabacfc13d2b7e18a7fb2822593662b03764f624bf41fd351cdabec60fb27783
Linux Desktop Tests (4)	UNKNOWN STEP	2026-02-25T19:51:44.2339543Z   enableCrossOsArchive: false
Linux Desktop Tests (4)	UNKNOWN STEP	2026-02-25T19:51:44.2339782Z   fail-on-cache-miss: false
Linux Desktop Tests (4)	UNKNOWN STEP	2026-02-25T19:51:44.2340005Z   lookup-only: false
Linux Desktop Tests (4)	UNKNOWN STEP	2026-02-25T19:51:44.2340191Z   save-always: false
Linux Desktop Tests (4)	UNKNOWN STEP	2026-02-25T19:51:44.2340367Z env:
Linux Desktop Tests (4)	UNKNOWN STEP	2026-02-25T19:51:44.2340523Z   CACHE_VERSION: v1
Linux Desktop Tests (4)	UNKNOWN STEP	2026-02-25T19:51:44.2340696Z ##[endgroup]
Linux Desktop Tests (4)	UNKNOWN STEP	2026-02-25T19:51:44.5479516Z Cache hit for: flutter-pub-linux-stable-3.41.2-x64-90673a4eef275d1a6692c26ac80d6d746d41a73a-fabacfc13d2b7e18a7fb2822593662b03764f624bf41fd351cdabec60fb27783
Linux Desktop Tests (4)	UNKNOWN STEP	2026-02-25T19:51:45.7090515Z Received 104857600 of 133563121 (78.5%), 100.0 MBs/sec
Linux Desktop Tests (4)	UNKNOWN STEP	2026-02-25T19:51:45.8852406Z Received 133563121 of 133563121 (100.0%), 108.2 MBs/sec
Linux Desktop Tests (4)	UNKNOWN STEP	2026-02-25T19:51:45.8854009Z Cache Size: ~127 MB (133563121 B)
Linux Desktop Tests (4)	UNKNOWN STEP	2026-02-25T19:51:45.8885815Z [command]/usr/bin/tar -xf /home/runner/work/_temp/ae11235a-35c1-487b-9a46-e3e563ba04ac/cache.tzst -P -C /home/runner/work/substitution/substitution --use-compress-program unzstd
Linux Desktop Tests (4)	UNKNOWN STEP	2026-02-25T19:51:47.6433607Z Cache restored successfully
Linux Desktop Tests (4)	UNKNOWN STEP	2026-02-25T19:51:47.6781120Z Cache restored from key: flutter-pub-linux-stable-3.41.2-x64-90673a4eef275d1a6692c26ac80d6d746d41a73a-fabacfc13d2b7e18a7fb2822593662b03764f624bf41fd351cdabec60fb27783
Linux Desktop Tests (4)	UNKNOWN STEP	2026-02-25T19:51:47.6902575Z ##[group]Run $GITHUB_ACTION_PATH/setup.sh \
Linux Desktop Tests (4)	UNKNOWN STEP	2026-02-25T19:51:47.6902922Z [36;1m$GITHUB_ACTION_PATH/setup.sh \[0m
Linux Desktop Tests (4)	UNKNOWN STEP	2026-02-25T19:51:47.6903189Z [36;1m  -n '3.41.2' \[0m
Linux Desktop Tests (4)	UNKNOWN STEP	2026-02-25T19:51:47.6903408Z [36;1m  -a 'x64' \[0m
Linux Desktop Tests (4)	UNKNOWN STEP	2026-02-25T19:51:47.6903693Z [36;1m  -c '/opt/hostedtoolcache/flutter/stable-3.41.2-x64' \[0m
Linux Desktop Tests (4)	UNKNOWN STEP	2026-02-25T19:51:47.6904282Z [36;1m  -d '/home/runner/.pub-cache' \[0m
Linux Desktop Tests (4)	UNKNOWN STEP	2026-02-25T19:51:47.6904543Z [36;1m  stable[0m
Linux Desktop Tests (4)	UNKNOWN STEP	2026-02-25T19:51:47.6952487Z shell: /usr/bin/bash --noprofile --norc -e -o pipefail {0}
Linux Desktop Tests (4)	UNKNOWN STEP	2026-02-25T19:51:47.6952821Z env:
Linux Desktop Tests (4)	UNKNOWN STEP	2026-02-25T19:51:47.6952992Z   CACHE_VERSION: v1
Linux Desktop Tests (4)	UNKNOWN STEP	2026-02-25T19:51:47.6953182Z ##[endgroup]
Linux Desktop Tests (4)	UNKNOWN STEP	2026-02-25T19:51:48.0134946Z ##[group]Run flutter precache --linux
Linux Desktop Tests (4)	UNKNOWN STEP	2026-02-25T19:51:48.0135286Z [36;1mflutter precache --linux[0m
Linux Desktop Tests (4)	UNKNOWN STEP	2026-02-25T19:51:48.0135544Z [36;1mflutter pub get[0m
Linux Desktop Tests (4)	UNKNOWN STEP	2026-02-25T19:51:48.0186413Z shell: /usr/bin/bash -e {0}
Linux Desktop Tests (4)	UNKNOWN STEP	2026-02-25T19:51:48.0186660Z env:
Linux Desktop Tests (4)	UNKNOWN STEP	2026-02-25T19:51:48.0186833Z   CACHE_VERSION: v1
Linux Desktop Tests (4)	UNKNOWN STEP	2026-02-25T19:51:48.0187121Z   FLUTTER_ROOT: /opt/hostedtoolcache/flutter/stable-3.41.2-x64
Linux Desktop Tests (4)	UNKNOWN STEP	2026-02-25T19:51:48.0187472Z   PUB_CACHE: /home/runner/.pub-cache
Linux Desktop Tests (4)	UNKNOWN STEP	2026-02-25T19:51:48.0187717Z ##[endgroup]
Linux Desktop Tests (4)	UNKNOWN STEP	2026-02-25T19:51:48.6185541Z Resolving dependencies...
Linux Desktop Tests (4)	UNKNOWN STEP	2026-02-25T19:51:49.0304299Z Downloading packages...
Linux Desktop Tests (4)	UNKNOWN STEP	2026-02-25T19:51:49.1386883Z   _fe_analyzer_shared 91.0.0 (96.0.0 available)
Linux Desktop Tests (4)	UNKNOWN STEP	2026-02-25T19:51:49.1387283Z   analyzer 8.4.1 (10.2.0 available)
Linux Desktop Tests (4)	UNKNOWN STEP	2026-02-25T19:51:49.1387582Z > characters 1.4.1 (was 1.4.0)
Linux Desktop Tests (4)	UNKNOWN STEP	2026-02-25T19:51:49.1387987Z > matcher 0.12.18 (was 0.12.17)
Linux Desktop Tests (4)	UNKNOWN STEP	2026-02-25T19:51:49.1388334Z > material_color_utilities 0.13.0 (was 0.11.1)
Linux Desktop Tests (4)	UNKNOWN STEP	2026-02-25T19:51:49.1388877Z   meta 1.17.0 (1.18.1 available)
Linux Desktop Tests (4)	UNKNOWN STEP	2026-02-25T19:51:49.1389624Z   sqflite_common_ffi 2.3.7+1 (2.4.0+2 available)
Linux Desktop Tests (4)	UNKNOWN STEP	2026-02-25T19:51:49.1390047Z   sqlite3 2.9.4 (3.1.6 available)
Linux Desktop Tests (4)	UNKNOWN STEP	2026-02-25T19:51:49.1390406Z > test_api 0.7.9 (was 0.7.7)
Linux Desktop Tests (4)	UNKNOWN STEP	2026-02-25T19:51:49.1390767Z > test_core 0.6.15 (was 0.6.12)
Linux Desktop Tests (4)	UNKNOWN STEP	2026-02-25T19:51:49.1391120Z   unorm_dart 0.2.0 (0.3.2 available)
Linux Desktop Tests (4)	UNKNOWN STEP	2026-02-25T19:51:49.1391507Z   win32 5.15.0 (6.0.0 available)
Linux Desktop Tests (4)	UNKNOWN STEP	2026-02-25T19:51:49.1391888Z Changed 5 dependencies!
Linux Desktop Tests (4)	UNKNOWN STEP	2026-02-25T19:51:49.1397420Z 7 packages have newer versions incompatible with dependency constraints.
Linux Desktop Tests (4)	UNKNOWN STEP	2026-02-25T19:51:49.1397954Z Try `flutter pub outdated` for more information.
Linux Desktop Tests (4)	UNKNOWN STEP	2026-02-25T19:51:49.7547336Z ##[group]Run flutter config --enable-linux-desktop
Linux Desktop Tests (4)	UNKNOWN STEP	2026-02-25T19:51:49.7547765Z [36;1mflutter config --enable-linux-desktop[0m
Linux Desktop Tests (4)	UNKNOWN STEP	2026-02-25T19:51:49.7596215Z shell: /usr/bin/bash -e {0}
Linux Desktop Tests (4)	UNKNOWN STEP	2026-02-25T19:51:49.7596456Z env:
Linux Desktop Tests (4)	UNKNOWN STEP	2026-02-25T19:51:49.7596622Z   CACHE_VERSION: v1
Linux Desktop Tests (4)	UNKNOWN STEP	2026-02-25T19:51:49.7596917Z   FLUTTER_ROOT: /opt/hostedtoolcache/flutter/stable-3.41.2-x64
Linux Desktop Tests (4)	UNKNOWN STEP	2026-02-25T19:51:49.7597282Z   PUB_CACHE: /home/runner/.pub-cache
Linux Desktop Tests (4)	UNKNOWN STEP	2026-02-25T19:51:49.7597526Z ##[endgroup]
Linux Desktop Tests (4)	UNKNOWN STEP	2026-02-25T19:51:49.8773007Z Setting "enable-linux-desktop" value to "true".
Linux Desktop Tests (4)	UNKNOWN STEP	2026-02-25T19:51:49.8773920Z 
Linux Desktop Tests (4)	UNKNOWN STEP	2026-02-25T19:51:49.8774302Z You may need to restart any open editors for them to read new settings.
Linux Desktop Tests (4)	UNKNOWN STEP	2026-02-25T19:51:49.8848027Z ##[group]Run docker compose up -d postgres matrix-synapse redis
Linux Desktop Tests (4)	UNKNOWN STEP	2026-02-25T19:51:49.8848520Z [36;1mdocker compose up -d postgres matrix-synapse redis[0m
Linux Desktop Tests (4)	UNKNOWN STEP	2026-02-25T19:51:49.8848844Z [36;1msleep 10[0m
Linux Desktop Tests (4)	UNKNOWN STEP	2026-02-25T19:51:49.8849075Z [36;1mdocker compose run --rm matrix-init[0m
Linux Desktop Tests (4)	UNKNOWN STEP	2026-02-25T19:51:49.8849644Z [36;1mtimeout 60 bash -c 'until curl -sf http://localhost:8008/_matrix/client/versions > /dev/null 2>&1; do sleep 2; done'[0m
Linux Desktop Tests (4)	UNKNOWN STEP	2026-02-25T19:51:49.8898460Z shell: /usr/bin/bash -e {0}
Linux Desktop Tests (4)	UNKNOWN STEP	2026-02-25T19:51:49.8898698Z env:
Linux Desktop Tests (4)	UNKNOWN STEP	2026-02-25T19:51:49.8898868Z   CACHE_VERSION: v1
Linux Desktop Tests (4)	UNKNOWN STEP	2026-02-25T19:51:49.8899156Z   FLUTTER_ROOT: /opt/hostedtoolcache/flutter/stable-3.41.2-x64
Linux Desktop Tests (4)	UNKNOWN STEP	2026-02-25T19:51:49.8899512Z   PUB_CACHE: /home/runner/.pub-cache
Linux Desktop Tests (4)	UNKNOWN STEP	2026-02-25T19:51:49.8899787Z ##[endgroup]
Linux Desktop Tests (4)	UNKNOWN STEP	2026-02-25T19:51:50.4271347Z time="2026-02-25T19:51:50Z" level=warning msg="/home/runner/work/substitution/substitution/docker-compose.yml: the attribute `version` is obsolete, it will be ignored, please remove it to avoid potential confusion"
Linux Desktop Tests (4)	UNKNOWN STEP	2026-02-25T19:51:50.4426227Z  postgres Pulling 
Linux Desktop Tests (4)	UNKNOWN STEP	2026-02-25T19:51:50.4426835Z  matrix-synapse Pulling 
Linux Desktop Tests (4)	UNKNOWN STEP	2026-02-25T19:51:50.4427962Z  dex Pulling 
Linux Desktop Tests (4)	UNKNOWN STEP	2026-02-25T19:51:50.4430156Z  redis Pulling 
Linux Desktop Tests (4)	UNKNOWN STEP	2026-02-25T19:51:51.0388193Z  d25f557d7f31 Pulling fs layer 
Linux Desktop Tests (4)	UNKNOWN STEP	2026-02-25T19:51:51.0388529Z  9acd5b82521c Pulling fs layer 
Linux Desktop Tests (4)	UNKNOWN STEP	2026-02-25T19:51:51.0388776Z  10d78728ec4d Pulling fs layer 
Linux Desktop Tests (4)	UNKNOWN STEP	2026-02-25T19:51:51.0389013Z  e0d49f520b92 Pulling fs layer 
Linux Desktop Tests (4)	UNKNOWN STEP	2026-02-25T19:51:51.0389233Z  5de905603ac5 Pulling fs layer 
Linux Desktop Tests (4)	UNKNOWN STEP	2026-02-25T19:51:51.0389448Z  808bb02340fa Pulling fs layer 
Linux Desktop Tests (4)	UNKNOWN STEP	2026-02-25T19:51:51.0389665Z  c0970b69197c Pulling fs layer 
Linux Desktop Tests (4)	UNKNOWN STEP	2026-02-25T19:51:51.0389880Z  9de5f206730a Pulling fs layer 
Linux Desktop Tests (4)	UNKNOWN STEP	2026-02-25T19:51:51.0390096Z  24e28b7dc0a2 Pulling fs layer 
Linux Desktop Tests (4)	UNKNOWN STEP	2026-02-25T19:51:51.0390336Z  830180cf89a8 Pulling fs layer 
Linux Desktop Tests (4)	UNKNOWN STEP	2026-02-25T19:51:51.0390543Z  5de905603ac5 Waiting 
Linux Desktop Tests (4)	UNKNOWN STEP	2026-02-25T19:51:51.0390727Z  808bb02340fa Waiting 
Linux Desktop Tests (4)	UNKNOWN STEP	2026-02-25T19:51:51.0390909Z  c0970b69197c Waiting 
Linux Desktop Tests (4)	UNKNOWN STEP	2026-02-25T19:51:51.0391100Z  9de5f206730a Waiting 
Linux Desktop Tests (4)	UNKNOWN STEP	2026-02-25T19:51:51.0391281Z  24e28b7dc0a2 Waiting 
Linux Desktop Tests (4)	UNKNOWN STEP	2026-02-25T19:51:51.0391460Z  830180cf89a8 Waiting 
Linux Desktop Tests (4)	UNKNOWN STEP	2026-02-25T19:51:51.0391655Z  e0d49f520b92 Waiting 
Linux Desktop Tests (4)	UNKNOWN STEP	2026-02-25T19:51:51.1802486Z  bc1da058f299 Pulling fs layer 
Linux Desktop Tests (4)	UNKNOWN STEP	2026-02-25T19:51:51.1803153Z  09a5a0c32a23 Pulling fs layer 
Linux Desktop Tests (4)	UNKNOWN STEP	2026-02-25T19:51:51.1803987Z  bd53938b1271 Pulling fs layer 
Linux Desktop Tests (4)	UNKNOWN STEP	2026-02-25T19:51:51.1804412Z  9fe3744a2eac Pulling fs layer 
Linux Desktop Tests (4)	UNKNOWN STEP	2026-02-25T19:51:51.1804803Z  7ad54b3c4cef Pulling fs layer 
Linux Desktop Tests (4)	UNKNOWN STEP	2026-02-25T19:51:51.1805178Z  bc1da058f299 Waiting 
Linux Desktop Tests (4)	UNKNOWN STEP	2026-02-25T19:51:51.1805517Z  2a97533d89ca Pulling fs layer 
Linux Desktop Tests (4)	UNKNOWN STEP	2026-02-25T19:51:51.1805903Z  4f4fb700ef54 Pulling fs layer 
Linux Desktop Tests (4)	UNKNOWN STEP	2026-02-25T19:51:51.1806286Z  1c2c8d1ee428 Pulling fs layer 
Linux Desktop Tests (4)	UNKNOWN STEP	2026-02-25T19:51:51.1806654Z  09a5a0c32a23 Waiting 
Linux Desktop Tests (4)	UNKNOWN STEP	2026-02-25T19:51:51.1807311Z  2a97533d89ca Waiting 
Linux Desktop Tests (4)	UNKNOWN STEP	2026-02-25T19:51:51.1807643Z  4f4fb700ef54 Waiting 
Linux Desktop Tests (4)	UNKNOWN STEP	2026-02-25T19:51:51.1807992Z  bd53938b1271 Waiting 
Linux Desktop Tests (4)	UNKNOWN STEP	2026-02-25T19:51:51.1808245Z  1c2c8d1ee428 Waiting 
Linux Desktop Tests (4)	UNKNOWN STEP	2026-02-25T19:51:51.1808444Z  9fe3744a2eac Waiting 
Linux Desktop Tests (4)	UNKNOWN STEP	2026-02-25T19:51:51.1808663Z  7ad54b3c4cef Waiting 
Linux Desktop Tests (4)	UNKNOWN STEP	2026-02-25T19:51:51.1924372Z  0c8d55a45c0d Pulling fs layer 
Linux Desktop Tests (4)	UNKNOWN STEP	2026-02-25T19:51:51.1925987Z  03af238a5946 Pulling fs layer 
Linux Desktop Tests (4)	UNKNOWN STEP	2026-02-25T19:51:51.1931770Z  686599c79c87 Pulling fs layer 
Linux Desktop Tests (4)	UNKNOWN STEP	2026-02-25T19:51:51.1932253Z  f1cadbd7abd2 Pulling fs layer 
Linux Desktop Tests (4)	UNKNOWN STEP	2026-02-25T19:51:51.1932663Z  3ee96ea8e5d2 Pulling fs layer 
Linux Desktop Tests (4)	UNKNOWN STEP	2026-02-25T19:51:51.1933056Z  a954d256f742 Pulling fs layer 
Linux Desktop Tests (4)	UNKNOWN STEP	2026-02-25T19:51:51.1933440Z  c7ce85987d6d Pulling fs layer 
Linux Desktop Tests (4)	UNKNOWN STEP	2026-02-25T19:51:51.1934009Z  7807da78b90b Pulling fs layer 
Linux Desktop Tests (4)	UNKNOWN STEP	2026-02-25T19:51:51.1934248Z  0478cd5c1079 Pulling fs layer 
Linux Desktop Tests (4)	UNKNOWN STEP	2026-02-25T19:51:51.1934480Z  3a02ac06be95 Pulling fs layer 
Linux Desktop Tests (4)	UNKNOWN STEP	2026-02-25T19:51:51.1934713Z  a954d256f742 Waiting 
Linux Desktop Tests (4)	UNKNOWN STEP	2026-02-25T19:51:51.1934934Z  0478cd5c1079 Waiting 
Linux Desktop Tests (4)	UNKNOWN STEP	2026-02-25T19:51:51.1935136Z  c7ce85987d6d Waiting 
Linux Desktop Tests (4)	UNKNOWN STEP	2026-02-25T19:51:51.1935325Z  3a02ac06be95 Waiting 
Linux Desktop Tests (4)	UNKNOWN STEP	2026-02-25T19:51:51.1935510Z  7807da78b90b Waiting 
Linux Desktop Tests (4)	UNKNOWN STEP	2026-02-25T19:51:51.1935696Z  0c8d55a45c0d Waiting 
Linux Desktop Tests (4)	UNKNOWN STEP	2026-02-25T19:51:51.1935888Z  03af238a5946 Waiting 
Linux Desktop Tests (4)	UNKNOWN STEP	2026-02-25T19:51:51.1936357Z  686599c79c87 Waiting 
Linux Desktop Tests (4)	UNKNOWN STEP	2026-02-25T19:51:51.1936573Z  f1cadbd7abd2 Waiting 
Linux Desktop Tests (4)	UNKNOWN STEP	2026-02-25T19:51:51.1936761Z  3ee96ea8e5d2 Waiting 
Linux Desktop Tests (4)	UNKNOWN STEP	2026-02-25T19:51:51.2040147Z  589002ba0eae Pulling fs layer 
Linux Desktop Tests (4)	UNKNOWN STEP	2026-02-25T19:51:51.2040706Z  5ffb427686b6 Pulling fs layer 
Linux Desktop Tests (4)	UNKNOWN STEP	2026-02-25T19:51:51.2041116Z  630177b00352 Pulling fs layer 
Linux Desktop Tests (4)	UNKNOWN STEP	2026-02-25T19:51:51.2041503Z  6c18ff1f33d0 Pulling fs layer 
Linux Desktop Tests (4)	UNKNOWN STEP	2026-02-25T19:51:51.2041881Z  13e46e455d3b Pulling fs layer 
Linux Desktop Tests (4)	UNKNOWN STEP	2026-02-25T19:51:51.2042263Z  b4403f29458a Pulling fs layer 
Linux Desktop Tests (4)	UNKNOWN STEP	2026-02-25T19:51:51.2042635Z  40aaa75af6ce Pulling fs layer 
Linux Desktop Tests (4)	UNKNOWN STEP	2026-02-25T19:51:51.2043015Z  162bdab1e0a7 Pulling fs layer 
Linux Desktop Tests (4)	UNKNOWN STEP	2026-02-25T19:51:51.2043405Z  ebff7b0ec73e Pulling fs layer 
Linux Desktop Tests (4)	UNKNOWN STEP	2026-02-25T19:51:51.2044000Z  c02179436571 Pulling fs layer 
Linux Desktop Tests (4)	UNKNOWN STEP	2026-02-25T19:51:51.2044263Z  8243369e9866 Pulling fs layer 
Linux Desktop Tests (4)	UNKNOWN STEP	2026-02-25T19:51:51.2044620Z  589002ba0eae Waiting 
Linux Desktop Tests (4)	UNKNOWN STEP	2026-02-25T19:51:51.2044830Z  5ffb427686b6 Waiting 
Linux Desktop Tests (4)	UNKNOWN STEP	2026-02-25T19:51:51.2045013Z  630177b00352 Waiting 
Linux Desktop Tests (4)	UNKNOWN STEP	2026-02-25T19:51:51.2045208Z  6c18ff1f33d0 Waiting 
Linux Desktop Tests (4)	UNKNOWN STEP	2026-02-25T19:51:51.2045522Z  13e46e455d3b Waiting 
Linux Desktop Tests (4)	UNKNOWN STEP	2026-02-25T19:51:51.2045709Z  b4403f29458a Waiting 
Linux Desktop Tests (4)	UNKNOWN STEP	2026-02-25T19:51:51.2045886Z  40aaa75af6ce Waiting 
Linux Desktop Tests (4)	UNKNOWN STEP	2026-02-25T19:51:51.2046066Z  c02179436571 Waiting 
Linux Desktop Tests (4)	UNKNOWN STEP	2026-02-25T19:51:51.2046373Z  8243369e9866 Waiting 
Linux Desktop Tests (4)	UNKNOWN STEP	2026-02-25T19:51:51.2046557Z  162bdab1e0a7 Waiting 
Linux Desktop Tests (4)	UNKNOWN STEP	2026-02-25T19:51:51.2083057Z  10d78728ec4d Downloading [==================================================>]     122B/122B
Linux Desktop Tests (4)	UNKNOWN STEP	2026-02-25T19:51:51.2084057Z  10d78728ec4d Download complete 
Linux Desktop Tests (4)	UNKNOWN STEP	2026-02-25T19:51:51.2109297Z  d25f557d7f31 Downloading [>                                                  ]  37.05kB/3.622MB
Linux Desktop Tests (4)	UNKNOWN STEP	2026-02-25T19:51:51.2524675Z  9acd5b82521c Downloading [>                                                  ]  1.378kB/127.5kB
Linux Desktop Tests (4)	UNKNOWN STEP	2026-02-25T19:51:51.2783536Z  9acd5b82521c Download complete 
Linux Desktop Tests (4)	UNKNOWN STEP	2026-02-25T19:51:51.2915725Z  d25f557d7f31 Verifying Checksum 
Linux Desktop Tests (4)	UNKNOWN STEP	2026-02-25T19:51:51.2917207Z  d25f557d7f31 Download complete 
Linux Desktop Tests (4)	UNKNOWN STEP	2026-02-25T19:51:51.2954838Z  d25f557d7f31 Extracting [>                                                  ]  65.54kB/3.622MB
Linux Desktop Tests (4)	UNKNOWN STEP	2026-02-25T19:51:51.3707386Z  d25f557d7f31 Extracting [==================================================>]  3.622MB/3.622MB
Linux Desktop Tests (4)	UNKNOWN STEP	2026-02-25T19:51:51.3887524Z  e0d49f520b92 Downloading [==================================================>]     961B/961B
Linux Desktop Tests (4)	UNKNOWN STEP	2026-02-25T19:51:51.3888285Z  e0d49f520b92 Verifying Checksum 
Linux Desktop Tests (4)	UNKNOWN STEP	2026-02-25T19:51:51.3888743Z  e0d49f520b92 Download complete 
Linux Desktop Tests (4)	UNKNOWN STEP	2026-02-25T19:51:51.4174295Z  d25f557d7f31 Pull complete 
Linux Desktop Tests (4)	UNKNOWN STEP	2026-02-25T19:51:51.4190122Z  9acd5b82521c Extracting [============>                                      ]  32.77kB/127.5kB
Linux Desktop Tests (4)	UNKNOWN STEP	2026-02-25T19:51:51.4202992Z  9acd5b82521c Extracting [==================================================>]  127.5kB/127.5kB
Linux Desktop Tests (4)	UNKNOWN STEP	2026-02-25T19:51:51.4533980Z  5de905603ac5 Downloading [====>                                              ]  1.378kB/17.03kB
Linux Desktop Tests (4)	UNKNOWN STEP	2026-02-25T19:51:51.4550104Z  5de905603ac5 Downloading [==================================================>]  17.03kB/17.03kB
Linux Desktop Tests (4)	UNKNOWN STEP	2026-02-25T19:51:51.4550908Z  5de905603ac5 Verifying Checksum 
Linux Desktop Tests (4)	UNKNOWN STEP	2026-02-25T19:51:51.4551636Z  5de905603ac5 Download complete 
Linux Desktop Tests (4)	UNKNOWN STEP	2026-02-25T19:51:51.4704966Z  808bb02340fa Downloading [>                                                  ]  1.378kB/90.98kB
Linux Desktop Tests (4)	UNKNOWN STEP	2026-02-25T19:51:51.4860919Z  808bb02340fa Downloading [==================================================>]  90.98kB/90.98kB
Linux Desktop Tests (4)	UNKNOWN STEP	2026-02-25T19:51:51.4863068Z  808bb02340fa Verifying Checksum 
Linux Desktop Tests (4)	UNKNOWN STEP	2026-02-25T19:51:51.6135932Z  9de5f206730a Downloading [>                                                  ]  8.268kB/766.3kB
Linux Desktop Tests (4)	UNKNOWN STEP	2026-02-25T19:51:51.6194235Z  c0970b69197c Downloading [>                                                  ]  162.5kB/14.88MB
Linux Desktop Tests (4)	UNKNOWN STEP	2026-02-25T19:51:51.6503287Z  9de5f206730a Verifying Checksum 
Linux Desktop Tests (4)	UNKNOWN STEP	2026-02-25T19:51:51.6504933Z  9de5f206730a Download complete 
Linux Desktop Tests (4)	UNKNOWN STEP	2026-02-25T19:51:51.6719268Z  24e28b7dc0a2 Downloading [>                                                  ]  1.378kB/83.13kB
Linux Desktop Tests (4)	UNKNOWN STEP	2026-02-25T19:51:51.6829238Z  24e28b7dc0a2 Downloading [==================================================>]  83.13kB/83.13kB
Linux Desktop Tests (4)	UNKNOWN STEP	2026-02-25T19:51:51.6830568Z  24e28b7dc0a2 Verifying Checksum 
Linux Desktop Tests (4)	UNKNOWN STEP	2026-02-25T19:51:51.6832400Z  24e28b7dc0a2 Download complete 
Linux Desktop Tests (4)	UNKNOWN STEP	2026-02-25T19:51:51.7202262Z  c0970b69197c Downloading [====================================>              ]  10.99MB/14.88MB
Linux Desktop Tests (4)	UNKNOWN STEP	2026-02-25T19:51:51.7678737Z  c0970b69197c Download complete 
Linux Desktop Tests (4)	UNKNOWN STEP	2026-02-25T19:51:51.8566188Z  830180cf89a8 Downloading [>                                                  ]  162.5kB/14.63MB
Linux Desktop Tests (4)	UNKNOWN STEP	2026-02-25T19:51:51.8858676Z  bc1da058f299 Downloading [>                                                  ]  36.76kB/3.644MB
Linux Desktop Tests (4)	UNKNOWN STEP	2026-02-25T19:51:51.9570548Z  830180cf89a8 Downloading [============================================>      ]  13.13MB/14.63MB
Linux Desktop Tests (4)	UNKNOWN STEP	2026-02-25T19:51:51.9587754Z  09a5a0c32a23 Downloading [======================================>            ]     721B/948B
Linux Desktop Tests (4)	UNKNOWN STEP	2026-02-25T19:51:51.9588740Z  09a5a0c32a23 Downloading [==================================================>]     948B/948B
Linux Desktop Tests (4)	UNKNOWN STEP	2026-02-25T19:51:51.9592104Z  09a5a0c32a23 Verifying Checksum 
Linux Desktop Tests (4)	UNKNOWN STEP	2026-02-25T19:51:51.9592821Z  09a5a0c32a23 Download complete 
Linux Desktop Tests (4)	UNKNOWN STEP	2026-02-25T19:51:51.9615273Z  830180cf89a8 Downloading [==================================================>]  14.63MB/14.63MB
Linux Desktop Tests (4)	UNKNOWN STEP	2026-02-25T19:51:51.9616922Z  830180cf89a8 Verifying Checksum 
Linux Desktop Tests (4)	UNKNOWN STEP	2026-02-25T19:51:51.9617586Z  830180cf89a8 Download complete 
Linux Desktop Tests (4)	UNKNOWN STEP	2026-02-25T19:51:51.9738579Z  bc1da058f299 Verifying Checksum 
Linux Desktop Tests (4)	UNKNOWN STEP	2026-02-25T19:51:51.9739651Z  bc1da058f299 Download complete 
Linux Desktop Tests (4)	UNKNOWN STEP	2026-02-25T19:51:51.9747331Z  bc1da058f299 Extracting [>                                                  ]  65.54kB/3.644MB
Linux Desktop Tests (4)	UNKNOWN STEP	2026-02-25T19:51:52.0867198Z  bc1da058f299 Extracting [==>                                                ]  196.6kB/3.644MB
Linux Desktop Tests (4)	UNKNOWN STEP	2026-02-25T19:51:52.1502469Z  bd53938b1271 Downloading [>                                                  ]  2.087kB/173.4kB
Linux Desktop Tests (4)	UNKNOWN STEP	2026-02-25T19:51:52.1701078Z  9fe3744a2eac Downloading [>                                                  ]   10.3kB/1.003MB
Linux Desktop Tests (4)	UNKNOWN STEP	2026-02-25T19:51:52.1780552Z  bd53938b1271 Verifying Checksum 
Linux Desktop Tests (4)	UNKNOWN STEP	2026-02-25T19:51:52.1781454Z  bd53938b1271 Download complete 
Linux Desktop Tests (4)	UNKNOWN STEP	2026-02-25T19:51:52.1846995Z  bc1da058f299 Extracting [==================================================>]  3.644MB/3.644MB
Linux Desktop Tests (4)	UNKNOWN STEP	2026-02-25T19:51:52.1852900Z  bc1da058f299 Extracting [==================================================>]  3.644MB/3.644MB
Linux Desktop Tests (4)	UNKNOWN STEP	2026-02-25T19:51:52.2155230Z  7ad54b3c4cef Downloading [>                                                  ]  127.4kB/12.41MB
Linux Desktop Tests (4)	UNKNOWN STEP	2026-02-25T19:51:52.2345471Z  9fe3744a2eac Verifying Checksum 
Linux Desktop Tests (4)	UNKNOWN STEP	2026-02-25T19:51:52.2347684Z  9fe3744a2eac Download complete 
Linux Desktop Tests (4)	UNKNOWN STEP	2026-02-25T19:51:52.3244116Z  7ad54b3c4cef Downloading [=======>                                           ]  1.834MB/12.41MB
Linux Desktop Tests (4)	UNKNOWN STEP	2026-02-25T19:51:52.3712418Z  bc1da058f299 Pull complete 
Linux Desktop Tests (4)	UNKNOWN STEP	2026-02-25T19:51:52.3879650Z  2a97533d89ca Downloading [==================================================>]     100B/100B
Linux Desktop Tests (4)	UNKNOWN STEP	2026-02-25T19:51:52.4156448Z  2a97533d89ca Verifying Checksum 
Linux Desktop Tests (4)	UNKNOWN STEP	2026-02-25T19:51:52.4162150Z  2a97533d89ca Download complete 
Linux Desktop Tests (4)	UNKNOWN STEP	2026-02-25T19:51:52.4162956Z  09a5a0c32a23 Extracting [==================================================>]     948B/948B
Linux Desktop Tests (4)	UNKNOWN STEP	2026-02-25T19:51:52.4176193Z  09a5a0c32a23 Extracting [==================================================>]     948B/948B
Linux Desktop Tests (4)	UNKNOWN STEP	2026-02-25T19:51:52.4291334Z  7ad54b3c4cef Downloading [====================>                              ]  5.145MB/12.41MB
Linux Desktop Tests (4)	UNKNOWN STEP	2026-02-25T19:51:52.4424001Z  4f4fb700ef54 Downloading [==================================================>]      32B/32B
Linux Desktop Tests (4)	UNKNOWN STEP	2026-02-25T19:51:52.4424806Z  4f4fb700ef54 Verifying Checksum 
Linux Desktop Tests (4)	UNKNOWN STEP	2026-02-25T19:51:52.4425231Z  4f4fb700ef54 Download complete 
Linux Desktop Tests (4)	UNKNOWN STEP	2026-02-25T19:51:52.5374611Z  7ad54b3c4cef Downloading [=============================>                     ]  7.409MB/12.41MB
Linux Desktop Tests (4)	UNKNOWN STEP	2026-02-25T19:51:52.6129295Z  7ad54b3c4cef Verifying Checksum 
Linux Desktop Tests (4)	UNKNOWN STEP	2026-02-25T19:51:52.6129841Z  7ad54b3c4cef Download complete 
Linux Desktop Tests (4)	UNKNOWN STEP	2026-02-25T19:51:52.6250849Z  1c2c8d1ee428 Downloading [==================================================>]     576B/576B
Linux Desktop Tests (4)	UNKNOWN STEP	2026-02-25T19:51:52.6251756Z  1c2c8d1ee428 Verifying Checksum 
Linux Desktop Tests (4)	UNKNOWN STEP	2026-02-25T19:51:52.6252498Z  1c2c8d1ee428 Download complete 
Linux Desktop Tests (4)	UNKNOWN STEP	2026-02-25T19:51:52.6614210Z  0c8d55a45c0d Downloading [>                                                  ]  298.8kB/29.78MB
Linux Desktop Tests (4)	UNKNOWN STEP	2026-02-25T19:51:52.7628436Z  0c8d55a45c0d Downloading [========>                                          ]  5.253MB/29.78MB
Linux Desktop Tests (4)	UNKNOWN STEP	2026-02-25T19:51:52.7674425Z  9acd5b82521c Pull complete 
Linux Desktop Tests (4)	UNKNOWN STEP	2026-02-25T19:51:52.7679409Z  09a5a0c32a23 Pull complete 
Linux Desktop Tests (4)	UNKNOWN STEP	2026-02-25T19:51:52.7690750Z  10d78728ec4d Extracting [==================================================>]     122B/122B
Linux Desktop Tests (4)	UNKNOWN STEP	2026-02-25T19:51:52.7696928Z  10d78728ec4d Extracting [==================================================>]     122B/122B
Linux Desktop Tests (4)	UNKNOWN STEP	2026-02-25T19:51:52.7707558Z  bd53938b1271 Extracting [=========>                                         ]  32.77kB/173.4kB
Linux Desktop Tests (4)	UNKNOWN STEP	2026-02-25T19:51:52.7725693Z  bd53938b1271 Extracting [==================================================>]  173.4kB/173.4kB
Linux Desktop Tests (4)	UNKNOWN STEP	2026-02-25T19:51:52.7823097Z  03af238a5946 Downloading [>                                                  ]  13.04kB/1.293MB
Linux Desktop Tests (4)	UNKNOWN STEP	2026-02-25T19:51:52.7855572Z  10d78728ec4d Pull complete 
Linux Desktop Tests (4)	UNKNOWN STEP	2026-02-25T19:51:52.7871006Z  e0d49f520b92 Extracting [==================================================>]     961B/961B
Linux Desktop Tests (4)	UNKNOWN STEP	2026-02-25T19:51:52.7877512Z  e0d49f520b92 Extracting [==================================================>]     961B/961B
Linux Desktop Tests (4)	UNKNOWN STEP	2026-02-25T19:51:52.8118679Z  e0d49f520b92 Pull complete 
Linux Desktop Tests (4)	UNKNOWN STEP	2026-02-25T19:51:52.8133150Z  5de905603ac5 Extracting [==================================================>]  17.03kB/17.03kB
Linux Desktop Tests (4)	UNKNOWN STEP	2026-02-25T19:51:52.8137214Z  5de905603ac5 Extracting [==================================================>]  17.03kB/17.03kB
Linux Desktop Tests (4)	UNKNOWN STEP	2026-02-25T19:51:52.8193130Z  bd53938b1271 Extracting [==================================================>]  173.4kB/173.4kB
Linux Desktop Tests (4)	UNKNOWN STEP	2026-02-25T19:51:52.8240829Z  5de905603ac5 Pull complete 
Linux Desktop Tests (4)	UNKNOWN STEP	2026-02-25T19:51:52.8252489Z  808bb02340fa Extracting [==================>                                ]  32.77kB/90.98kB
Linux Desktop Tests (4)	UNKNOWN STEP	2026-02-25T19:51:52.8258479Z  808bb02340fa Extracting [==================================================>]  90.98kB/90.98kB
Linux Desktop Tests (4)	UNKNOWN STEP	2026-02-25T19:51:52.8265916Z  808bb02340fa Extracting [==================================================>]  90.98kB/90.98kB
Linux Desktop Tests (4)	UNKNOWN STEP	2026-02-25T19:51:52.8394344Z  808bb02340fa Pull complete 
Linux Desktop Tests (4)	UNKNOWN STEP	2026-02-25T19:51:52.8421975Z  c0970b69197c Extracting [>                                                  ]  163.8kB/14.88MB
Linux Desktop Tests (4)	UNKNOWN STEP	2026-02-25T19:51:52.8480419Z  03af238a5946 Downloading [==================================================>]  1.293MB/1.293MB
Linux Desktop Tests (4)	UNKNOWN STEP	2026-02-25T19:51:52.8485564Z  03af238a5946 Verifying Checksum 
Linux Desktop Tests (4)	UNKNOWN STEP	2026-02-25T19:51:52.8488007Z  03af238a5946 Download complete 
Linux Desktop Tests (4)	UNKNOWN STEP	2026-02-25T19:51:52.8623966Z  0c8d55a45c0d Downloading [================================>                  ]  19.63MB/29.78MB
Linux Desktop Tests (4)	UNKNOWN STEP	2026-02-25T19:51:52.8674306Z  686599c79c87 Downloading [>                                                  ]  118.7kB/11.8MB
Linux Desktop Tests (4)	UNKNOWN STEP	2026-02-25T19:51:52.9276293Z  0c8d55a45c0d Verifying Checksum 
Linux Desktop Tests (4)	UNKNOWN STEP	2026-02-25T19:51:52.9277964Z  0c8d55a45c0d Download complete 
Linux Desktop Tests (4)	UNKNOWN STEP	2026-02-25T19:51:52.9454238Z  c0970b69197c Extracting [==================>                                ]  5.571MB/14.88MB
Linux Desktop Tests (4)	UNKNOWN STEP	2026-02-25T19:51:52.9677967Z  686599c79c87 Downloading [=============================>                     ]  6.852MB/11.8MB
Linux Desktop Tests (4)	UNKNOWN STEP	2026-02-25T19:51:52.9840059Z  0c8d55a45c0d Extracting [>                                                  ]  327.7kB/29.78MB
Linux Desktop Tests (4)	UNKNOWN STEP	2026-02-25T19:51:52.9888166Z  686599c79c87 Verifying Checksum 
Linux Desktop Tests (4)	UNKNOWN STEP	2026-02-25T19:51:52.9897586Z  686599c79c87 Download complete 
Linux Desktop Tests (4)	UNKNOWN STEP	2026-02-25T19:51:53.0252188Z  bd53938b1271 Pull complete 
Linux Desktop Tests (4)	UNKNOWN STEP	2026-02-25T19:51:53.0261513Z  9fe3744a2eac Extracting [=>                                                 ]  32.77kB/1.003MB
Linux Desktop Tests (4)	UNKNOWN STEP	2026-02-25T19:51:53.0461815Z  c0970b69197c Extracting [==================================>                ]  10.32MB/14.88MB
Linux Desktop Tests (4)	UNKNOWN STEP	2026-02-25T19:51:53.0526498Z  9fe3744a2eac Extracting [==================================================>]  1.003MB/1.003MB
Linux Desktop Tests (4)	UNKNOWN STEP	2026-02-25T19:51:53.0530632Z  9fe3744a2eac Extracting [==================================================>]  1.003MB/1.003MB
Linux Desktop Tests (4)	UNKNOWN STEP	2026-02-25T19:51:53.0626485Z  f1cadbd7abd2 Downloading [==================================================>]     252B/252B
Linux Desktop Tests (4)	UNKNOWN STEP	2026-02-25T19:51:53.0627807Z  f1cadbd7abd2 Verifying Checksum 
Linux Desktop Tests (4)	UNKNOWN STEP	2026-02-25T19:51:53.0629125Z  f1cadbd7abd2 Download complete 
Linux Desktop Tests (4)	UNKNOWN STEP	2026-02-25T19:51:53.0671658Z  9fe3744a2eac Pull complete 
Linux Desktop Tests (4)	UNKNOWN STEP	2026-02-25T19:51:53.0697302Z  7ad54b3c4cef Extracting [>                                                  ]  131.1kB/12.41MB
Linux Desktop Tests (4)	UNKNOWN STEP	2026-02-25T19:51:53.0925825Z  0c8d55a45c0d Extracting [======>                                            ]  3.932MB/29.78MB
Linux Desktop Tests (4)	UNKNOWN STEP	2026-02-25T19:51:53.1215420Z  3ee96ea8e5d2 Downloading [==================================================>]     250B/250B
Linux Desktop Tests (4)	UNKNOWN STEP	2026-02-25T19:51:53.1217466Z  3ee96ea8e5d2 Verifying Checksum 
Linux Desktop Tests (4)	UNKNOWN STEP	2026-02-25T19:51:53.1218491Z  3ee96ea8e5d2 Download complete 
Linux Desktop Tests (4)	UNKNOWN STEP	2026-02-25T19:51:53.1301514Z  c0970b69197c Extracting [==================================================>]  14.88MB/14.88MB
Linux Desktop Tests (4)	UNKNOWN STEP	2026-02-25T19:51:53.1510098Z  c0970b69197c Pull complete 
Linux Desktop Tests (4)	UNKNOWN STEP	2026-02-25T19:51:53.1526821Z  9de5f206730a Extracting [==>                                                ]  32.77kB/766.3kB
Linux Desktop Tests (4)	UNKNOWN STEP	2026-02-25T19:51:53.1691341Z  9de5f206730a Extracting [==================================================>]  766.3kB/766.3kB
Linux Desktop Tests (4)	UNKNOWN STEP	2026-02-25T19:51:53.1696896Z  9de5f206730a Extracting [==================================================>]  766.3kB/766.3kB
Linux Desktop Tests (4)	UNKNOWN STEP	2026-02-25T19:51:53.1719485Z  7ad54b3c4cef Extracting [=============>                                     ]  3.277MB/12.41MB
Linux Desktop Tests (4)	UNKNOWN STEP	2026-02-25T19:51:53.1814482Z  9de5f206730a Pull complete 
Linux Desktop Tests (4)	UNKNOWN STEP	2026-02-25T19:51:53.1831485Z  24e28b7dc0a2 Extracting [===================>                               ]  32.77kB/83.13kB
Linux Desktop Tests (4)	UNKNOWN STEP	2026-02-25T19:51:53.1838273Z  24e28b7dc0a2 Extracting [==================================================>]  83.13kB/83.13kB
Linux Desktop Tests (4)	UNKNOWN STEP	2026-02-25T19:51:53.1851630Z  24e28b7dc0a2 Extracting [==================================================>]  83.13kB/83.13kB
Linux Desktop Tests (4)	UNKNOWN STEP	2026-02-25T19:51:53.1938626Z  0c8d55a45c0d Extracting [============>                                      ]  7.209MB/29.78MB
Linux Desktop Tests (4)	UNKNOWN STEP	2026-02-25T19:51:53.2174978Z  24e28b7dc0a2 Pull complete 
Linux Desktop Tests (4)	UNKNOWN STEP	2026-02-25T19:51:53.2220239Z  830180cf89a8 Extracting [>                                                  ]  163.8kB/14.63MB
Linux Desktop Tests (4)	UNKNOWN STEP	2026-02-25T19:51:53.2320000Z  a954d256f742 Downloading [>                                                  ]  235.9kB/21.98MB
Linux Desktop Tests (4)	UNKNOWN STEP	2026-02-25T19:51:53.2736615Z  7ad54b3c4cef Extracting [=================================>                 ]  8.258MB/12.41MB
Linux Desktop Tests (4)	UNKNOWN STEP	2026-02-25T19:51:53.2762796Z  c7ce85987d6d Downloading [==>                                                ]     719B/13.29kB
Linux Desktop Tests (4)	UNKNOWN STEP	2026-02-25T19:51:53.2768472Z  c7ce85987d6d Downloading [==================================================>]  13.29kB/13.29kB
Linux Desktop Tests (4)	UNKNOWN STEP	2026-02-25T19:51:53.2777641Z  c7ce85987d6d Download complete 
Linux Desktop Tests (4)	UNKNOWN STEP	2026-02-25T19:51:53.3227937Z  830180cf89a8 Extracting [==============>                                    ]  4.096MB/14.63MB
Linux Desktop Tests (4)	UNKNOWN STEP	2026-02-25T19:51:53.3248774Z  0c8d55a45c0d Extracting [=================>                                 ]  10.16MB/29.78MB
Linux Desktop Tests (4)	UNKNOWN STEP	2026-02-25T19:51:53.3412415Z  a954d256f742 Downloading [=================>                                 ]  7.573MB/21.98MB
Linux Desktop Tests (4)	UNKNOWN STEP	2026-02-25T19:51:53.3622910Z  7ad54b3c4cef Extracting [==================================================>]  12.41MB/12.41MB
Linux Desktop Tests (4)	UNKNOWN STEP	2026-02-25T19:51:53.3999278Z  7ad54b3c4cef Pull complete 
Linux Desktop Tests (4)	UNKNOWN STEP	2026-02-25T19:51:53.4001474Z  2a97533d89ca Extracting [==================================================>]     100B/100B
Linux Desktop Tests (4)	UNKNOWN STEP	2026-02-25T19:51:53.4021253Z  2a97533d89ca Extracting [==================================================>]     100B/100B
Linux Desktop Tests (4)	UNKNOWN STEP	2026-02-25T19:51:53.4139140Z  2a97533d89ca Pull complete 
Linux Desktop Tests (4)	UNKNOWN STEP	2026-02-25T19:51:53.4155627Z  4f4fb700ef54 Extracting [==================================================>]      32B/32B
Linux Desktop Tests (4)	UNKNOWN STEP	2026-02-25T19:51:53.4164797Z  4f4fb700ef54 Extracting [==================================================>]      32B/32B
Linux Desktop Tests (4)	UNKNOWN STEP	2026-02-25T19:51:53.4272727Z  7807da78b90b Downloading [>                                                  ]  470.2kB/45.54MB
Linux Desktop Tests (4)	UNKNOWN STEP	2026-02-25T19:51:53.4274285Z  830180cf89a8 Extracting [==========================>                        ]    7.7MB/14.63MB
Linux Desktop Tests (4)	UNKNOWN STEP	2026-02-25T19:51:53.4304947Z  4f4fb700ef54 Pull complete 
Linux Desktop Tests (4)	UNKNOWN STEP	2026-02-25T19:51:53.4349198Z  1c2c8d1ee428 Extracting [==================================================>]     576B/576B
Linux Desktop Tests (4)	UNKNOWN STEP	2026-02-25T19:51:53.4351474Z  1c2c8d1ee428 Extracting [==================================================>]     576B/576B
Linux Desktop Tests (4)	UNKNOWN STEP	2026-02-25T19:51:53.4353327Z  0c8d55a45c0d Extracting [===================>                               ]   11.8MB/29.78MB
Linux Desktop Tests (4)	UNKNOWN STEP	2026-02-25T19:51:53.4411286Z  a954d256f742 Verifying Checksum 
Linux Desktop Tests (4)	UNKNOWN STEP	2026-02-25T19:51:53.4424354Z  a954d256f742 Download complete 
Linux Desktop Tests (4)	UNKNOWN STEP	2026-02-25T19:51:53.4556299Z  1c2c8d1ee428 Pull complete 
Linux Desktop Tests (4)	UNKNOWN STEP	2026-02-25T19:51:53.4558713Z  0478cd5c1079 Downloading [==========>                                        ]     720B/3.507kB
Linux Desktop Tests (4)	UNKNOWN STEP	2026-02-25T19:51:53.4562805Z  0478cd5c1079 Downloading [==================================================>]  3.507kB/3.507kB
Linux Desktop Tests (4)	UNKNOWN STEP	2026-02-25T19:51:53.4569665Z  0478cd5c1079 Verifying Checksum 
Linux Desktop Tests (4)	UNKNOWN STEP	2026-02-25T19:51:53.4570462Z  0478cd5c1079 Download complete 
Linux Desktop Tests (4)	UNKNOWN STEP	2026-02-25T19:51:53.4634517Z  redis Pulled 
Linux Desktop Tests (4)	UNKNOWN STEP	2026-02-25T19:51:53.5295939Z  7807da78b90b Downloading [========>                                          ]   7.42MB/45.54MB
Linux Desktop Tests (4)	UNKNOWN STEP	2026-02-25T19:51:53.5350206Z  830180cf89a8 Extracting [===================================>               ]  10.32MB/14.63MB
Linux Desktop Tests (4)	UNKNOWN STEP	2026-02-25T19:51:53.5393585Z  0c8d55a45c0d Extracting [===========================>                       ]  16.38MB/29.78MB
Linux Desktop Tests (4)	UNKNOWN STEP	2026-02-25T19:51:53.6245048Z  830180cf89a8 Extracting [==================================================>]  14.63MB/14.63MB
Linux Desktop Tests (4)	UNKNOWN STEP	2026-02-25T19:51:53.6339156Z  7807da78b90b Downloading [================================>                  ]  29.65MB/45.54MB
Linux Desktop Tests (4)	UNKNOWN STEP	2026-02-25T19:51:53.6363687Z  3a02ac06be95 Downloading [==========>                                        ]     720B/3.462kB
Linux Desktop Tests (4)	UNKNOWN STEP	2026-02-25T19:51:53.6371158Z  3a02ac06be95 Verifying Checksum 
Linux Desktop Tests (4)	UNKNOWN STEP	2026-02-25T19:51:53.6371626Z  3a02ac06be95 Download complete 
Linux Desktop Tests (4)	UNKNOWN STEP	2026-02-25T19:51:53.6415540Z  0c8d55a45c0d Extracting [====================================>              ]  21.95MB/29.78MB
Linux Desktop Tests (4)	UNKNOWN STEP	2026-02-25T19:51:53.6623554Z  589002ba0eae Downloading [>                                                  ]  39.05kB/3.862MB
Linux Desktop Tests (4)	UNKNOWN STEP	2026-02-25T19:51:53.6655414Z  830180cf89a8 Pull complete 
Linux Desktop Tests (4)	UNKNOWN STEP	2026-02-25T19:51:53.6728204Z  dex Pulled 
Linux Desktop Tests (4)	UNKNOWN STEP	2026-02-25T19:51:53.7146654Z  7807da78b90b Verifying Checksum 
Linux Desktop Tests (4)	UNKNOWN STEP	2026-02-25T19:51:53.7147840Z  7807da78b90b Download complete 
Linux Desktop Tests (4)	UNKNOWN STEP	2026-02-25T19:51:53.7557112Z  589002ba0eae Verifying Checksum 
Linux Desktop Tests (4)	UNKNOWN STEP	2026-02-25T19:51:53.7557965Z  589002ba0eae Download complete 
Linux Desktop Tests (4)	UNKNOWN STEP	2026-02-25T19:51:53.7563398Z  589002ba0eae Extracting [>                                                  ]  65.54kB/3.862MB
Linux Desktop Tests (4)	UNKNOWN STEP	2026-02-25T19:51:53.8223355Z  5ffb427686b6 Downloading [=====================================>             ]     721B/972B
Linux Desktop Tests (4)	UNKNOWN STEP	2026-02-25T19:51:53.8224458Z  5ffb427686b6 Downloading [==================================================>]     972B/972B
Linux Desktop Tests (4)	UNKNOWN STEP	2026-02-25T19:51:53.8225533Z  5ffb427686b6 Verifying Checksum 
Linux Desktop Tests (4)	UNKNOWN STEP	2026-02-25T19:51:53.8225970Z  5ffb427686b6 Download complete 
Linux Desktop Tests (4)	UNKNOWN STEP	2026-02-25T19:51:53.8600382Z  589002ba0eae Extracting [=================>                                 ]  1.376MB/3.862MB
Linux Desktop Tests (4)	UNKNOWN STEP	2026-02-25T19:51:53.9001904Z  589002ba0eae Extracting [==================================================>]  3.862MB/3.862MB
Linux Desktop Tests (4)	UNKNOWN STEP	2026-02-25T19:51:53.9006153Z  589002ba0eae Extracting [==================================================>]  3.862MB/3.862MB
Linux Desktop Tests (4)	UNKNOWN STEP	2026-02-25T19:51:53.9144627Z  630177b00352 Downloading [>                                                  ]  10.28kB/922.9kB
Linux Desktop Tests (4)	UNKNOWN STEP	2026-02-25T19:51:53.9249868Z  589002ba0eae Pull complete 
Linux Desktop Tests (4)	UNKNOWN STEP	2026-02-25T19:51:53.9259937Z  5ffb427686b6 Extracting [==================================================>]     972B/972B
Linux Desktop Tests (4)	UNKNOWN STEP	2026-02-25T19:51:53.9264342Z  5ffb427686b6 Extracting [==================================================>]     972B/972B
Linux Desktop Tests (4)	UNKNOWN STEP	2026-02-25T19:51:53.9320533Z  0c8d55a45c0d Extracting [============================================>      ]  26.21MB/29.78MB
Linux Desktop Tests (4)	UNKNOWN STEP	2026-02-25T19:51:53.9635248Z  5ffb427686b6 Pull complete 
Linux Desktop Tests (4)	UNKNOWN STEP	2026-02-25T19:51:53.9698362Z  630177b00352 Downloading [==================================================>]  922.9kB/922.9kB
Linux Desktop Tests (4)	UNKNOWN STEP	2026-02-25T19:51:53.9699083Z  630177b00352 Verifying Checksum 
Linux Desktop Tests (4)	UNKNOWN STEP	2026-02-25T19:51:53.9699701Z  630177b00352 Extracting [=>                                                 ]  32.77kB/922.9kB
Linux Desktop Tests (4)	UNKNOWN STEP	2026-02-25T19:51:53.9714561Z  6c18ff1f33d0 Downloading [==================================================>]     173B/173B
Linux Desktop Tests (4)	UNKNOWN STEP	2026-02-25T19:51:53.9723501Z  6c18ff1f33d0 Verifying Checksum 
Linux Desktop Tests (4)	UNKNOWN STEP	2026-02-25T19:51:53.9727308Z  6c18ff1f33d0 Download complete 
Linux Desktop Tests (4)	UNKNOWN STEP	2026-02-25T19:51:53.9951645Z  630177b00352 Extracting [==================================================>]  922.9kB/922.9kB
Linux Desktop Tests (4)	UNKNOWN STEP	2026-02-25T19:51:54.0070632Z  630177b00352 Pull complete 
Linux Desktop Tests (4)	UNKNOWN STEP	2026-02-25T19:51:54.0083169Z  6c18ff1f33d0 Extracting [==================================================>]     173B/173B
Linux Desktop Tests (4)	UNKNOWN STEP	2026-02-25T19:51:54.0086151Z  6c18ff1f33d0 Extracting [==================================================>]     173B/173B
Linux Desktop Tests (4)	UNKNOWN STEP	2026-02-25T19:51:54.0184669Z  6c18ff1f33d0 Pull complete 
Linux Desktop Tests (4)	UNKNOWN STEP	2026-02-25T19:51:54.0326717Z  13e46e455d3b Downloading [==================================================>]     116B/116B
Linux Desktop Tests (4)	UNKNOWN STEP	2026-02-25T19:51:54.0327654Z  13e46e455d3b Verifying Checksum 
Linux Desktop Tests (4)	UNKNOWN STEP	2026-02-25T19:51:54.0328899Z  13e46e455d3b Download complete 
Linux Desktop Tests (4)	UNKNOWN STEP	2026-02-25T19:51:54.0331409Z  13e46e455d3b Extracting [==================================================>]     116B/116B
Linux Desktop Tests (4)	UNKNOWN STEP	2026-02-25T19:51:54.0339160Z  13e46e455d3b Extracting [==================================================>]     116B/116B
Linux Desktop Tests (4)	UNKNOWN STEP	2026-02-25T19:51:54.0437066Z  13e46e455d3b Pull complete 
Linux Desktop Tests (4)	UNKNOWN STEP	2026-02-25T19:51:54.0568407Z  0c8d55a45c0d Extracting [===============================================>   ]  28.51MB/29.78MB
Linux Desktop Tests (4)	UNKNOWN STEP	2026-02-25T19:51:54.1864841Z  40aaa75af6ce Downloading [===>                                               ]     700B/9.62kB
Linux Desktop Tests (4)	UNKNOWN STEP	2026-02-25T19:51:54.1869321Z  40aaa75af6ce Downloading [==================================================>]   9.62kB/9.62kB
Linux Desktop Tests (4)	UNKNOWN STEP	2026-02-25T19:51:54.1870192Z  40aaa75af6ce Verifying Checksum 
Linux Desktop Tests (4)	UNKNOWN STEP	2026-02-25T19:51:54.1871089Z  40aaa75af6ce Download complete 
Linux Desktop Tests (4)	UNKNOWN STEP	2026-02-25T19:51:54.2185104Z  b4403f29458a Downloading [>                                                  ]  528.2kB/105.2MB
Linux Desktop Tests (4)	UNKNOWN STEP	2026-02-25T19:51:54.2367591Z  0c8d55a45c0d Extracting [================================================>  ]  29.16MB/29.78MB
Linux Desktop Tests (4)	UNKNOWN STEP	2026-02-25T19:51:54.2634129Z  162bdab1e0a7 Downloading [==================================================>]     128B/128B
Linux Desktop Tests (4)	UNKNOWN STEP	2026-02-25T19:51:54.2634920Z  162bdab1e0a7 Verifying Checksum 
Linux Desktop Tests (4)	UNKNOWN STEP	2026-02-25T19:51:54.2635905Z  162bdab1e0a7 Download complete 
Linux Desktop Tests (4)	UNKNOWN STEP	2026-02-25T19:51:54.3218291Z  b4403f29458a Downloading [===>                                               ]  6.895MB/105.2MB
Linux Desktop Tests (4)	UNKNOWN STEP	2026-02-25T19:51:54.3339064Z  0c8d55a45c0d Extracting [==================================================>]  29.78MB/29.78MB
Linux Desktop Tests (4)	UNKNOWN STEP	2026-02-25T19:51:54.3583119Z  0c8d55a45c0d Pull complete 
Linux Desktop Tests (4)	UNKNOWN STEP	2026-02-25T19:51:54.3594050Z  03af238a5946 Extracting [=>                                                 ]  32.77kB/1.293MB
Linux Desktop Tests (4)	UNKNOWN STEP	2026-02-25T19:51:54.3839050Z  ebff7b0ec73e Downloading [==================================================>]     170B/170B
Linux Desktop Tests (4)	UNKNOWN STEP	2026-02-25T19:51:54.3839850Z  ebff7b0ec73e Verifying Checksum 
Linux Desktop Tests (4)	UNKNOWN STEP	2026-02-25T19:51:54.3840309Z  ebff7b0ec73e Download complete 
Linux Desktop Tests (4)	UNKNOWN STEP	2026-02-25T19:51:54.4344920Z  b4403f29458a Downloading [=========>                                         ]  19.17MB/105.2MB
Linux Desktop Tests (4)	UNKNOWN STEP	2026-02-25T19:51:54.4731783Z  03af238a5946 Extracting [===================================>               ]  917.5kB/1.293MB
Linux Desktop Tests (4)	UNKNOWN STEP	2026-02-25T19:51:54.4840521Z  03af238a5946 Extracting [==================================================>]  1.293MB/1.293MB
Linux Desktop Tests (4)	UNKNOWN STEP	2026-02-25T19:51:54.4851703Z  03af238a5946 Extracting [==================================================>]  1.293MB/1.293MB
Linux Desktop Tests (4)	UNKNOWN STEP	2026-02-25T19:51:54.4952690Z  c02179436571 Downloading [=====>                                             ]     700B/5.84kB
Linux Desktop Tests (4)	UNKNOWN STEP	2026-02-25T19:51:54.4955680Z  c02179436571 Downloading [==================================================>]   5.84kB/5.84kB
Linux Desktop Tests (4)	UNKNOWN STEP	2026-02-25T19:51:54.4956422Z  c02179436571 Verifying Checksum 
Linux Desktop Tests (4)	UNKNOWN STEP	2026-02-25T19:51:54.4956846Z  c02179436571 Download complete 
Linux Desktop Tests (4)	UNKNOWN STEP	2026-02-25T19:51:54.5373250Z  b4403f29458a Downloading [===============>                                   ]  32.52MB/105.2MB
Linux Desktop Tests (4)	UNKNOWN STEP	2026-02-25T19:51:54.5394562Z  03af238a5946 Pull complete 
Linux Desktop Tests (4)	UNKNOWN STEP	2026-02-25T19:51:54.5418907Z  686599c79c87 Extracting [>                                                  ]  131.1kB/11.8MB
Linux Desktop Tests (4)	UNKNOWN STEP	2026-02-25T19:51:54.5848639Z  8243369e9866 Downloading [==================================================>]     186B/186B
Linux Desktop Tests (4)	UNKNOWN STEP	2026-02-25T19:51:54.5852239Z  8243369e9866 Verifying Checksum 
Linux Desktop Tests (4)	UNKNOWN STEP	2026-02-25T19:51:54.5852724Z  8243369e9866 Download complete 
Linux Desktop Tests (4)	UNKNOWN STEP	2026-02-25T19:51:54.6390884Z  b4403f29458a Downloading [=======================>                           ]  48.55MB/105.2MB
Linux Desktop Tests (4)	UNKNOWN STEP	2026-02-25T19:51:54.6431788Z  686599c79c87 Extracting [====>                                              ]   1.18MB/11.8MB
Linux Desktop Tests (4)	UNKNOWN STEP	2026-02-25T19:51:54.7405715Z  b4403f29458a Downloading [=================================>                 ]  70.94MB/105.2MB
Linux Desktop Tests (4)	UNKNOWN STEP	2026-02-25T19:51:54.7550293Z  686599c79c87 Extracting [================>                                  ]  3.801MB/11.8MB
Linux Desktop Tests (4)	UNKNOWN STEP	2026-02-25T19:51:54.8420000Z  b4403f29458a Downloading [==========================================>        ]  88.49MB/105.2MB
Linux Desktop Tests (4)	UNKNOWN STEP	2026-02-25T19:51:54.8564995Z  686599c79c87 Extracting [=============================>                     ]  6.947MB/11.8MB
Linux Desktop Tests (4)	UNKNOWN STEP	2026-02-25T19:51:54.9414131Z  b4403f29458a Verifying Checksum 
Linux Desktop Tests (4)	UNKNOWN STEP	2026-02-25T19:51:54.9414695Z  b4403f29458a Download complete 
Linux Desktop Tests (4)	UNKNOWN STEP	2026-02-25T19:51:54.9512950Z  b4403f29458a Extracting [>                                                  ]  557.1kB/105.2MB
Linux Desktop Tests (4)	UNKNOWN STEP	2026-02-25T19:51:54.9696168Z  686599c79c87 Extracting [=======================================>           ]  9.306MB/11.8MB
Linux Desktop Tests (4)	UNKNOWN STEP	2026-02-25T19:51:55.0572389Z  b4403f29458a Extracting [=>                                                 ]  3.899MB/105.2MB
Linux Desktop Tests (4)	UNKNOWN STEP	2026-02-25T19:51:55.0887535Z  686599c79c87 Extracting [============================================>      ]  10.62MB/11.8MB
Linux Desktop Tests (4)	UNKNOWN STEP	2026-02-25T19:51:55.1605021Z  b4403f29458a Extracting [=====>                                             ]   11.7MB/105.2MB
Linux Desktop Tests (4)	UNKNOWN STEP	2026-02-25T19:51:55.1938462Z  686599c79c87 Extracting [================================================>  ]  11.53MB/11.8MB
Linux Desktop Tests (4)	UNKNOWN STEP	2026-02-25T19:51:55.2007228Z  686599c79c87 Extracting [==================================================>]   11.8MB/11.8MB
Linux Desktop Tests (4)	UNKNOWN STEP	2026-02-25T19:51:55.2637284Z  b4403f29458a Extracting [=========>                                         ]   19.5MB/105.2MB
Linux Desktop Tests (4)	UNKNOWN STEP	2026-02-25T19:51:55.3658360Z  b4403f29458a Extracting [============>                                      ]  26.74MB/105.2MB
Linux Desktop Tests (4)	UNKNOWN STEP	2026-02-25T19:51:55.3776655Z  686599c79c87 Pull complete 
Linux Desktop Tests (4)	UNKNOWN STEP	2026-02-25T19:51:55.3789205Z  f1cadbd7abd2 Extracting [==================================================>]     252B/252B
Linux Desktop Tests (4)	UNKNOWN STEP	2026-02-25T19:51:55.3796024Z  f1cadbd7abd2 Extracting [==================================================>]     252B/252B
Linux Desktop Tests (4)	UNKNOWN STEP	2026-02-25T19:51:55.3939731Z  f1cadbd7abd2 Pull complete 
Linux Desktop Tests (4)	UNKNOWN STEP	2026-02-25T19:51:55.3955626Z  3ee96ea8e5d2 Extracting [==================================================>]     250B/250B
Linux Desktop Tests (4)	UNKNOWN STEP	2026-02-25T19:51:55.3956614Z  3ee96ea8e5d2 Extracting [==================================================>]     250B/250B
Linux Desktop Tests (4)	UNKNOWN STEP	2026-02-25T19:51:55.4063535Z  3ee96ea8e5d2 Pull complete 
Linux Desktop Tests (4)	UNKNOWN STEP	2026-02-25T19:51:55.4100830Z  a954d256f742 Extracting [>                                                  ]  229.4kB/21.98MB
Linux Desktop Tests (4)	UNKNOWN STEP	2026-02-25T19:51:55.4686772Z  b4403f29458a Extracting [================>                                  ]  33.98MB/105.2MB
Linux Desktop Tests (4)	UNKNOWN STEP	2026-02-25T19:51:55.5273444Z  a954d256f742 Extracting [=====>                                             ]  2.294MB/21.98MB
Linux Desktop Tests (4)	UNKNOWN STEP	2026-02-25T19:51:55.5753198Z  b4403f29458a Extracting [===================>                               ]  41.78MB/105.2MB
Linux Desktop Tests (4)	UNKNOWN STEP	2026-02-25T19:51:55.6281692Z  a954d256f742 Extracting [==============>                                    ]  6.193MB/21.98MB
Linux Desktop Tests (4)	UNKNOWN STEP	2026-02-25T19:51:55.6875539Z  b4403f29458a Extracting [=======================>                           ]  49.58MB/105.2MB
Linux Desktop Tests (4)	UNKNOWN STEP	2026-02-25T19:51:55.7321672Z  a954d256f742 Extracting [=============================>                     ]  12.85MB/21.98MB
Linux Desktop Tests (4)	UNKNOWN STEP	2026-02-25T19:51:55.7953415Z  b4403f29458a Extracting [=========================>                         ]  53.48MB/105.2MB
Linux Desktop Tests (4)	UNKNOWN STEP	2026-02-25T19:51:55.8348797Z  a954d256f742 Extracting [==========================================>        ]  18.58MB/21.98MB
Linux Desktop Tests (4)	UNKNOWN STEP	2026-02-25T19:51:55.8978641Z  b4403f29458a Extracting [============================>                      ]  60.16MB/105.2MB
Linux Desktop Tests (4)	UNKNOWN STEP	2026-02-25T19:51:55.9447457Z  a954d256f742 Extracting [==================================================>]  21.98MB/21.98MB
Linux Desktop Tests (4)	UNKNOWN STEP	2026-02-25T19:51:55.9980713Z  b4403f29458a Extracting [===============================>                   ]  66.29MB/105.2MB
Linux Desktop Tests (4)	UNKNOWN STEP	2026-02-25T19:51:56.1278365Z  b4403f29458a Extracting [================================>                  ]  67.96MB/105.2MB
Linux Desktop Tests (4)	UNKNOWN STEP	2026-02-25T19:51:56.1279190Z  a954d256f742 Pull complete 
Linux Desktop Tests (4)	UNKNOWN STEP	2026-02-25T19:51:56.1291795Z  c7ce85987d6d Extracting [==================================================>]  13.29kB/13.29kB
Linux Desktop Tests (4)	UNKNOWN STEP	2026-02-25T19:51:56.1295545Z  c7ce85987d6d Extracting [==================================================>]  13.29kB/13.29kB
Linux Desktop Tests (4)	UNKNOWN STEP	2026-02-25T19:51:56.1612777Z  c7ce85987d6d Pull complete 
Linux Desktop Tests (4)	UNKNOWN STEP	2026-02-25T19:51:56.1901344Z  7807da78b90b Extracting [>                                                  ]  458.8kB/45.54MB
Linux Desktop Tests (4)	UNKNOWN STEP	2026-02-25T19:51:56.3429336Z  b4403f29458a Extracting [===================================>               ]   75.2MB/105.2MB
Linux Desktop Tests (4)	UNKNOWN STEP	2026-02-25T19:51:56.3598806Z  7807da78b90b Extracting [===>                                               ]  2.753MB/45.54MB
Linux Desktop Tests (4)	UNKNOWN STEP	2026-02-25T19:51:56.4618991Z  7807da78b90b Extracting [======>                                            ]  5.964MB/45.54MB
Linux Desktop Tests (4)	UNKNOWN STEP	2026-02-25T19:51:56.5334870Z  b4403f29458a Extracting [====================================>              ]  76.32MB/105.2MB
Linux Desktop Tests (4)	UNKNOWN STEP	2026-02-25T19:51:56.5922110Z  7807da78b90b Extracting [=========>                                         ]  8.716MB/45.54MB
Linux Desktop Tests (4)	UNKNOWN STEP	2026-02-25T19:51:56.6341636Z  b4403f29458a Extracting [=====================================>             ]  78.54MB/105.2MB
Linux Desktop Tests (4)	UNKNOWN STEP	2026-02-25T19:51:56.7046110Z  7807da78b90b Extracting [==========>                                        ]  9.634MB/45.54MB
Linux Desktop Tests (4)	UNKNOWN STEP	2026-02-25T19:51:56.7510128Z  b4403f29458a Extracting [======================================>            ]  81.89MB/105.2MB
Linux Desktop Tests (4)	UNKNOWN STEP	2026-02-25T19:51:56.8082061Z  7807da78b90b Extracting [===============>                                   ]  14.22MB/45.54MB
Linux Desktop Tests (4)	UNKNOWN STEP	2026-02-25T19:51:56.8583163Z  b4403f29458a Extracting [========================================>          ]  85.23MB/105.2MB
Linux Desktop Tests (4)	UNKNOWN STEP	2026-02-25T19:51:56.9143357Z  7807da78b90b Extracting [===================>                               ]  17.89MB/45.54MB
Linux Desktop Tests (4)	UNKNOWN STEP	2026-02-25T19:51:56.9652999Z  b4403f29458a Extracting [==========================================>        ]  89.69MB/105.2MB
Linux Desktop Tests (4)	UNKNOWN STEP	2026-02-25T19:51:57.0833272Z  7807da78b90b Extracting [=====================>                             ]  19.27MB/45.54MB
Linux Desktop Tests (4)	UNKNOWN STEP	2026-02-25T19:51:57.1189554Z  b4403f29458a Extracting [===========================================>       ]  92.47MB/105.2MB
Linux Desktop Tests (4)	UNKNOWN STEP	2026-02-25T19:51:57.2240878Z  b4403f29458a Extracting [================================================>  ]  101.4MB/105.2MB
Linux Desktop Tests (4)	UNKNOWN STEP	2026-02-25T19:51:57.2690132Z  7807da78b90b Extracting [=======================>                           ]  21.56MB/45.54MB
Linux Desktop Tests (4)	UNKNOWN STEP	2026-02-25T19:51:57.2957858Z  b4403f29458a Extracting [==================================================>]  105.2MB/105.2MB
Linux Desktop Tests (4)	UNKNOWN STEP	2026-02-25T19:51:57.3766435Z  7807da78b90b Extracting [=============================>                     ]  27.07MB/45.54MB
Linux Desktop Tests (4)	UNKNOWN STEP	2026-02-25T19:51:57.4948632Z  7807da78b90b Extracting [==============================>                    ]  27.98MB/45.54MB
Linux Desktop Tests (4)	UNKNOWN STEP	2026-02-25T19:51:57.6806291Z  b4403f29458a Pull complete 
Linux Desktop Tests (4)	UNKNOWN STEP	2026-02-25T19:51:57.6818266Z  40aaa75af6ce Extracting [==================================================>]   9.62kB/9.62kB
Linux Desktop Tests (4)	UNKNOWN STEP	2026-02-25T19:51:57.6823010Z  40aaa75af6ce Extracting [==================================================>]   9.62kB/9.62kB
Linux Desktop Tests (4)	UNKNOWN STEP	2026-02-25T19:51:57.6980168Z  40aaa75af6ce Pull complete 
Linux Desktop Tests (4)	UNKNOWN STEP	2026-02-25T19:51:57.6999390Z  162bdab1e0a7 Extracting [==================================================>]     128B/128B
Linux Desktop Tests (4)	UNKNOWN STEP	2026-02-25T19:51:57.7017607Z  162bdab1e0a7 Extracting [==================================================>]     128B/128B
Linux Desktop Tests (4)	UNKNOWN STEP	2026-02-25T19:51:57.7115662Z  162bdab1e0a7 Pull complete 
Linux Desktop Tests (4)	UNKNOWN STEP	2026-02-25T19:51:57.7127965Z  ebff7b0ec73e Extracting [==================================================>]     170B/170B
Linux Desktop Tests (4)	UNKNOWN STEP	2026-02-25T19:51:57.7132366Z  ebff7b0ec73e Extracting [==================================================>]     170B/170B
Linux Desktop Tests (4)	UNKNOWN STEP	2026-02-25T19:51:57.7226906Z  ebff7b0ec73e Pull complete 
Linux Desktop Tests (4)	UNKNOWN STEP	2026-02-25T19:51:57.7239963Z  c02179436571 Extracting [==================================================>]   5.84kB/5.84kB
Linux Desktop Tests (4)	UNKNOWN STEP	2026-02-25T19:51:57.7245344Z  c02179436571 Extracting [==================================================>]   5.84kB/5.84kB
Linux Desktop Tests (4)	UNKNOWN STEP	2026-02-25T19:51:57.7363665Z  c02179436571 Pull complete 
Linux Desktop Tests (4)	UNKNOWN STEP	2026-02-25T19:51:57.7376908Z  8243369e9866 Extracting [==================================================>]     186B/186B
Linux Desktop Tests (4)	UNKNOWN STEP	2026-02-25T19:51:57.7381034Z  8243369e9866 Extracting [==================================================>]     186B/186B
Linux Desktop Tests (4)	UNKNOWN STEP	2026-02-25T19:51:57.7473603Z  8243369e9866 Pull complete 
Linux Desktop Tests (4)	UNKNOWN STEP	2026-02-25T19:51:57.7533467Z  postgres Pulled 
Linux Desktop Tests (4)	UNKNOWN STEP	2026-02-25T19:51:57.8176134Z  7807da78b90b Extracting [=================================>                 ]  30.74MB/45.54MB
Linux Desktop Tests (4)	UNKNOWN STEP	2026-02-25T19:51:57.9869013Z  7807da78b90b Extracting [===================================>               ]  32.11MB/45.54MB
Linux Desktop Tests (4)	UNKNOWN STEP	2026-02-25T19:51:58.1154038Z  7807da78b90b Extracting [====================================>              ]  33.03MB/45.54MB
Linux Desktop Tests (4)	UNKNOWN STEP	2026-02-25T19:51:58.2567604Z  7807da78b90b Extracting [=====================================>             ]  34.41MB/45.54MB
Linux Desktop Tests (4)	UNKNOWN STEP	2026-02-25T19:51:58.4022082Z  7807da78b90b Extracting [======================================>            ]  34.87MB/45.54MB
Linux Desktop Tests (4)	UNKNOWN STEP	2026-02-25T19:51:58.5171853Z  7807da78b90b Extracting [============================================>      ]  40.83MB/45.54MB
Linux Desktop Tests (4)	UNKNOWN STEP	2026-02-25T19:51:58.6604821Z  7807da78b90b Extracting [==============================================>    ]  42.21MB/45.54MB
Linux Desktop Tests (4)	UNKNOWN STEP	2026-02-25T19:51:58.8004404Z  7807da78b90b Extracting [===============================================>   ]  43.58MB/45.54MB
Linux Desktop Tests (4)	UNKNOWN STEP	2026-02-25T19:51:58.9060654Z  7807da78b90b Extracting [=================================================> ]  44.96MB/45.54MB
Linux Desktop Tests (4)	UNKNOWN STEP	2026-02-25T19:51:58.9211767Z  7807da78b90b Extracting [==================================================>]  45.54MB/45.54MB
Linux Desktop Tests (4)	UNKNOWN STEP	2026-02-25T19:51:59.0352584Z  7807da78b90b Pull complete 
Linux Desktop Tests (4)	UNKNOWN STEP	2026-02-25T19:51:59.0362945Z  0478cd5c1079 Extracting [==================================================>]  3.507kB/3.507kB
Linux Desktop Tests (4)	UNKNOWN STEP	2026-02-25T19:51:59.0366578Z  0478cd5c1079 Extracting [==================================================>]  3.507kB/3.507kB
Linux Desktop Tests (4)	UNKNOWN STEP	2026-02-25T19:51:59.0466816Z  0478cd5c1079 Pull complete 
Linux Desktop Tests (4)	UNKNOWN STEP	2026-02-25T19:51:59.0477274Z  3a02ac06be95 Extracting [==================================================>]  3.462kB/3.462kB
Linux Desktop Tests (4)	UNKNOWN STEP	2026-02-25T19:51:59.0485509Z  3a02ac06be95 Extracting [==================================================>]  3.462kB/3.462kB
Linux Desktop Tests (4)	UNKNOWN STEP	2026-02-25T19:51:59.0562135Z  3a02ac06be95 Pull complete 
Linux Desktop Tests (4)	UNKNOWN STEP	2026-02-25T19:51:59.0613609Z  matrix-synapse Pulled 
Linux Desktop Tests (4)	UNKNOWN STEP	2026-02-25T19:51:59.0635155Z  Network substitution_substitution_network  Creating
Linux Desktop Tests (4)	UNKNOWN STEP	2026-02-25T19:51:59.1024270Z  Network substitution_substitution_network  Created
Linux Desktop Tests (4)	UNKNOWN STEP	2026-02-25T19:51:59.1030693Z  Container substitution-redis-1  Creating
Linux Desktop Tests (4)	UNKNOWN STEP	2026-02-25T19:51:59.1031268Z  Container substitution-postgres-1  Creating
Linux Desktop Tests (4)	UNKNOWN STEP	2026-02-25T19:51:59.1031776Z  Container substitution-dex-1  Creating
Linux Desktop Tests (4)	UNKNOWN STEP	2026-02-25T19:51:59.1568574Z  Container substitution-postgres-1  Created
Linux Desktop Tests (4)	UNKNOWN STEP	2026-02-25T19:51:59.1569160Z  Container substitution-redis-1  Created
Linux Desktop Tests (4)	UNKNOWN STEP	2026-02-25T19:51:59.1569662Z  Container substitution-dex-1  Created
Linux Desktop Tests (4)	UNKNOWN STEP	2026-02-25T19:51:59.1570212Z  Container substitution-matrix-synapse-1  Creating
Linux Desktop Tests (4)	UNKNOWN STEP	2026-02-25T19:51:59.1694073Z  Container substitution-matrix-synapse-1  Created
Linux Desktop Tests (4)	UNKNOWN STEP	2026-02-25T19:51:59.1705478Z  Container substitution-redis-1  Starting
Linux Desktop Tests (4)	UNKNOWN STEP	2026-02-25T19:51:59.1711049Z  Container substitution-postgres-1  Starting
Linux Desktop Tests (4)	UNKNOWN STEP	2026-02-25T19:51:59.1711550Z  Container substitution-dex-1  Starting
Linux Desktop Tests (4)	UNKNOWN STEP	2026-02-25T19:51:59.4211452Z  Container substitution-dex-1  Started
Linux Desktop Tests (4)	UNKNOWN STEP	2026-02-25T19:51:59.4246172Z  Container substitution-postgres-1  Started
Linux Desktop Tests (4)	UNKNOWN STEP	2026-02-25T19:51:59.4248242Z  Container substitution-postgres-1  Waiting
Linux Desktop Tests (4)	UNKNOWN STEP	2026-02-25T19:51:59.4249844Z  Container substitution-dex-1  Waiting
Linux Desktop Tests (4)	UNKNOWN STEP	2026-02-25T19:51:59.4487729Z  Container substitution-redis-1  Started
Linux Desktop Tests (4)	UNKNOWN STEP	2026-02-25T19:52:04.9261182Z  Container substitution-dex-1  Healthy
Linux Desktop Tests (4)	UNKNOWN STEP	2026-02-25T19:52:09.9263067Z  Container substitution-postgres-1  Healthy
Linux Desktop Tests (4)	UNKNOWN STEP	2026-02-25T19:52:09.9263968Z  Container substitution-matrix-synapse-1  Starting
Linux Desktop Tests (4)	UNKNOWN STEP	2026-02-25T19:52:10.0731032Z  Container substitution-matrix-synapse-1  Started
Linux Desktop Tests (4)	UNKNOWN STEP	2026-02-25T19:52:20.1916206Z time="2026-02-25T19:52:20Z" level=warning msg="/home/runner/work/substitution/substitution/docker-compose.yml: the attribute `version` is obsolete, it will be ignored, please remove it to avoid potential confusion"
Linux Desktop Tests (4)	UNKNOWN STEP	2026-02-25T19:52:20.2246578Z  Container substitution-dex-1  Running
Linux Desktop Tests (4)	UNKNOWN STEP	2026-02-25T19:52:20.2247289Z  Container substitution-postgres-1  Running
Linux Desktop Tests (4)	UNKNOWN STEP	2026-02-25T19:52:20.2247904Z  Container substitution-matrix-synapse-1  Running
Linux Desktop Tests (4)	UNKNOWN STEP	2026-02-25T19:52:20.2259659Z  Container substitution-dex-1  Waiting
Linux Desktop Tests (4)	UNKNOWN STEP	2026-02-25T19:52:20.2260228Z  Container substitution-postgres-1  Waiting
Linux Desktop Tests (4)	UNKNOWN STEP	2026-02-25T19:52:20.7276552Z  Container substitution-dex-1  Healthy
Linux Desktop Tests (4)	UNKNOWN STEP	2026-02-25T19:52:20.7277149Z  Container substitution-postgres-1  Healthy
Linux Desktop Tests (4)	UNKNOWN STEP	2026-02-25T19:52:20.7292232Z  matrix-init Pulling 
Linux Desktop Tests (4)	UNKNOWN STEP	2026-02-25T19:52:21.4711485Z  589002ba0eae Already exists 
Linux Desktop Tests (4)	UNKNOWN STEP	2026-02-25T19:52:21.4724839Z  aca07fe076f1 Pulling fs layer 
Linux Desktop Tests (4)	UNKNOWN STEP	2026-02-25T19:52:21.4725934Z  6dafe251d313 Pulling fs layer 
Linux Desktop Tests (4)	UNKNOWN STEP	2026-02-25T19:52:21.4727418Z  fa340e77c336 Pulling fs layer 
Linux Desktop Tests (4)	UNKNOWN STEP	2026-02-25T19:52:21.6848379Z  fa340e77c336 Downloading [==================================================>]     247B/247B
Linux Desktop Tests (4)	UNKNOWN STEP	2026-02-25T19:52:21.6848878Z  fa340e77c336 Download complete 
Linux Desktop Tests (4)	UNKNOWN STEP	2026-02-25T19:52:21.6916587Z  aca07fe076f1 Downloading [>                                                  ]  4.824kB/460.9kB
Linux Desktop Tests (4)	UNKNOWN STEP	2026-02-25T19:52:21.7093042Z  6dafe251d313 Downloading [>                                                  ]    164kB/16.02MB
Linux Desktop Tests (4)	UNKNOWN STEP	2026-02-25T19:52:21.7354435Z  aca07fe076f1 Downloading [==================================================>]  460.9kB/460.9kB
Linux Desktop Tests (4)	UNKNOWN STEP	2026-02-25T19:52:21.7355341Z  aca07fe076f1 Verifying Checksum 
Linux Desktop Tests (4)	UNKNOWN STEP	2026-02-25T19:52:21.7355742Z  aca07fe076f1 Download complete 
Linux Desktop Tests (4)	UNKNOWN STEP	2026-02-25T19:52:21.7356169Z  aca07fe076f1 Extracting [===>                                               ]  32.77kB/460.9kB
Linux Desktop Tests (4)	UNKNOWN STEP	2026-02-25T19:52:21.8127427Z  6dafe251d313 Downloading [=================================>                 ]  10.64MB/16.02MB
Linux Desktop Tests (4)	UNKNOWN STEP	2026-02-25T19:52:21.8598147Z  6dafe251d313 Verifying Checksum 
Linux Desktop Tests (4)	UNKNOWN STEP	2026-02-25T19:52:21.8598733Z  6dafe251d313 Download complete 
Linux Desktop Tests (4)	UNKNOWN STEP	2026-02-25T19:52:21.8700111Z  aca07fe076f1 Extracting [==================================================>]  460.9kB/460.9kB
Linux Desktop Tests (4)	UNKNOWN STEP	2026-02-25T19:52:22.0296028Z  aca07fe076f1 Pull complete 
Linux Desktop Tests (4)	UNKNOWN STEP	2026-02-25T19:52:22.0320684Z  6dafe251d313 Extracting [>                                                  ]  163.8kB/16.02MB
Linux Desktop Tests (4)	UNKNOWN STEP	2026-02-25T19:52:22.1328442Z  6dafe251d313 Extracting [========>                                          ]  2.785MB/16.02MB
Linux Desktop Tests (4)	UNKNOWN STEP	2026-02-25T19:52:22.2498461Z  6dafe251d313 Extracting [=================>                                 ]  5.734MB/16.02MB
Linux Desktop Tests (4)	UNKNOWN STEP	2026-02-25T19:52:22.3527450Z  6dafe251d313 Extracting [=================================>                 ]  10.65MB/16.02MB
Linux Desktop Tests (4)	UNKNOWN STEP	2026-02-25T19:52:22.4621830Z  6dafe251d313 Extracting [=======================================>           ]  12.78MB/16.02MB
Linux Desktop Tests (4)	UNKNOWN STEP	2026-02-25T19:52:22.5697884Z  6dafe251d313 Extracting [============================================>      ]  14.25MB/16.02MB
Linux Desktop Tests (4)	UNKNOWN STEP	2026-02-25T19:52:22.6834629Z  6dafe251d313 Extracting [===============================================>   ]  15.07MB/16.02MB
Linux Desktop Tests (4)	UNKNOWN STEP	2026-02-25T19:52:22.7755902Z  6dafe251d313 Extracting [==================================================>]  16.02MB/16.02MB
Linux Desktop Tests (4)	UNKNOWN STEP	2026-02-25T19:52:22.8421887Z  6dafe251d313 Pull complete 
Linux Desktop Tests (4)	UNKNOWN STEP	2026-02-25T19:52:22.8433132Z  fa340e77c336 Extracting [==================================================>]     247B/247B
Linux Desktop Tests (4)	UNKNOWN STEP	2026-02-25T19:52:22.8437752Z  fa340e77c336 Extracting [==================================================>]     247B/247B
Linux Desktop Tests (4)	UNKNOWN STEP	2026-02-25T19:52:22.8528670Z  fa340e77c336 Pull complete 
Linux Desktop Tests (4)	UNKNOWN STEP	2026-02-25T19:52:22.8580459Z  matrix-init Pulled 
Linux Desktop Tests (4)	UNKNOWN STEP	2026-02-25T19:52:25.6846650Z Collecting requests
Linux Desktop Tests (4)	UNKNOWN STEP	2026-02-25T19:52:25.7408673Z   Downloading requests-2.32.5-py3-none-any.whl.metadata (4.9 kB)
Linux Desktop Tests (4)	UNKNOWN STEP	2026-02-25T19:52:25.8817162Z Collecting charset_normalizer<4,>=2 (from requests)
Linux Desktop Tests (4)	UNKNOWN STEP	2026-02-25T19:52:25.8970743Z   Downloading charset_normalizer-3.4.4-cp311-cp311-musllinux_1_2_x86_64.whl.metadata (37 kB)
Linux Desktop Tests (4)	UNKNOWN STEP	2026-02-25T19:52:25.9390548Z Collecting idna<4,>=2.5 (from requests)
Linux Desktop Tests (4)	UNKNOWN STEP	2026-02-25T19:52:25.9528173Z   Downloading idna-3.11-py3-none-any.whl.metadata (8.4 kB)
Linux Desktop Tests (4)	UNKNOWN STEP	2026-02-25T19:52:26.0133050Z Collecting urllib3<3,>=1.21.1 (from requests)
Linux Desktop Tests (4)	UNKNOWN STEP	2026-02-25T19:52:26.0270307Z   Downloading urllib3-2.6.3-py3-none-any.whl.metadata (6.9 kB)
Linux Desktop Tests (4)	UNKNOWN STEP	2026-02-25T19:52:26.0649879Z Collecting certifi>=2017.4.17 (from requests)
Linux Desktop Tests (4)	UNKNOWN STEP	2026-02-25T19:52:26.0784393Z   Downloading certifi-2026.2.25-py3-none-any.whl.metadata (2.5 kB)
Linux Desktop Tests (4)	UNKNOWN STEP	2026-02-25T19:52:26.1088303Z Downloading requests-2.32.5-py3-none-any.whl (64 kB)
Linux Desktop Tests (4)	UNKNOWN STEP	2026-02-25T19:52:26.1176488Z    ━━━━━━━━━━━━━━━━━━━━━━━━━━━━━━━━━━━━━━━━ 64.7/64.7 kB 9.5 MB/s eta 0:00:00
Linux Desktop Tests (4)	UNKNOWN STEP	2026-02-25T19:52:26.1319606Z Downloading certifi-2026.2.25-py3-none-any.whl (153 kB)
Linux Desktop Tests (4)	UNKNOWN STEP	2026-02-25T19:52:26.1465145Z    ━━━━━━━━━━━━━━━━━━━━━━━━━━━━━━━━━━━━━━━━ 153.7/153.7 kB 11.6 MB/s eta 0:00:00
Linux Desktop Tests (4)	UNKNOWN STEP	2026-02-25T19:52:26.1607550Z Downloading charset_normalizer-3.4.4-cp311-cp311-musllinux_1_2_x86_64.whl (152 kB)
Linux Desktop Tests (4)	UNKNOWN STEP	2026-02-25T19:52:26.1659187Z    ━━━━━━━━━━━━━━━━━━━━━━━━━━━━━━━━━━━━━━━━ 153.0/153.0 kB 44.8 MB/s eta 0:00:00
Linux Desktop Tests (4)	UNKNOWN STEP	2026-02-25T19:52:26.1797320Z Downloading idna-3.11-py3-none-any.whl (71 kB)
Linux Desktop Tests (4)	UNKNOWN STEP	2026-02-25T19:52:26.1843529Z    ━━━━━━━━━━━━━━━━━━━━━━━━━━━━━━━━━━━━━━━━ 71.0/71.0 kB 24.2 MB/s eta 0:00:00
Linux Desktop Tests (4)	UNKNOWN STEP	2026-02-25T19:52:26.1981519Z Downloading urllib3-2.6.3-py3-none-any.whl (131 kB)
Linux Desktop Tests (4)	UNKNOWN STEP	2026-02-25T19:52:26.2030823Z    ━━━━━━━━━━━━━━━━━━━━━━━━━━━━━━━━━━━━━━━━ 131.6/131.6 kB 42.4 MB/s eta 0:00:00
Linux Desktop Tests (4)	UNKNOWN STEP	2026-02-25T19:52:26.2720337Z Installing collected packages: urllib3, idna, charset_normalizer, certifi, requests
Linux Desktop Tests (4)	UNKNOWN STEP	2026-02-25T19:52:26.6012869Z Successfully installed certifi-2026.2.25 charset_normalizer-3.4.4 idna-3.11 requests-2.32.5 urllib3-2.6.3
Linux Desktop Tests (4)	UNKNOWN STEP	2026-02-25T19:52:26.6016481Z WARNING: Running pip as the 'root' user can result in broken permissions and conflicting behaviour with the system package manager. It is recommended to use a virtual environment instead: https://pip.pypa.io/warnings/venv
Linux Desktop Tests (4)	UNKNOWN STEP	2026-02-25T19:52:26.7215991Z 
Linux Desktop Tests (4)	UNKNOWN STEP	2026-02-25T19:52:26.7216372Z [notice] A new release of pip is available: 24.0 -> 26.0.1
Linux Desktop Tests (4)	UNKNOWN STEP	2026-02-25T19:52:26.7217059Z [notice] To update, run: pip install --upgrade pip
Linux Desktop Tests (4)	UNKNOWN STEP	2026-02-25T19:52:33.8000308Z Initializing Matrix Synapse test server...
Linux Desktop Tests (4)	UNKNOWN STEP	2026-02-25T19:52:33.8001149Z 
Linux Desktop Tests (4)	UNKNOWN STEP	2026-02-25T19:52:33.8001537Z ✓ Synapse server is ready
Linux Desktop Tests (4)	UNKNOWN STEP	2026-02-25T19:52:33.8001785Z 
Linux Desktop Tests (4)	UNKNOWN STEP	2026-02-25T19:52:33.8001907Z Creating test users...
Linux Desktop Tests (4)	UNKNOWN STEP	2026-02-25T19:52:33.8002319Z ✓ Created user: testuser1
Linux Desktop Tests (4)	UNKNOWN STEP	2026-02-25T19:52:33.8002711Z ✓ Created user: testuser2
Linux Desktop Tests (4)	UNKNOWN STEP	2026-02-25T19:52:33.8003116Z ✓ Created admin user: testadmin
Linux Desktop Tests (4)	UNKNOWN STEP	2026-02-25T19:52:33.8003360Z 
Linux Desktop Tests (4)	UNKNOWN STEP	2026-02-25T19:52:33.8003534Z Creating test rooms and populating with data...
Linux Desktop Tests (4)	UNKNOWN STEP	2026-02-25T19:52:33.8004773Z ✓ Logged in user: @testadmin:test.matrix.local
Linux Desktop Tests (4)	UNKNOWN STEP	2026-02-25T19:52:33.8005246Z ✓ Admin token acquired
Linux Desktop Tests (4)	UNKNOWN STEP	2026-02-25T19:52:33.8005683Z ✓ Logged in user: @testuser1:test.matrix.local
Linux Desktop Tests (4)	UNKNOWN STEP	2026-02-25T19:52:33.8006341Z ✓ Created room: test_general (!qFGvglGhyIabBMwFsN:test.matrix.local)
Linux Desktop Tests (4)	UNKNOWN STEP	2026-02-25T19:52:33.8006994Z ✓ Logged in user: @testuser2:test.matrix.local
Linux Desktop Tests (4)	UNKNOWN STEP	2026-02-25T19:52:33.8007486Z   ✓ User testuser2 joined room
Linux Desktop Tests (4)	UNKNOWN STEP	2026-02-25T19:52:33.8007941Z ✓ Logged in user: @testadmin:test.matrix.local
Linux Desktop Tests (4)	UNKNOWN STEP	2026-02-25T19:52:33.8008411Z   ✓ User testadmin joined room
Linux Desktop Tests (4)	UNKNOWN STEP	2026-02-25T19:52:33.8008838Z   ✓ Published room to directory
Linux Desktop Tests (4)	UNKNOWN STEP	2026-02-25T19:52:33.8009252Z   ✓ Posted 5 messages to room
Linux Desktop Tests (4)	UNKNOWN STEP	2026-02-25T19:52:33.8009633Z   Seeding media messages (image, video, audio)...
Linux Desktop Tests (4)	UNKNOWN STEP	2026-02-25T19:52:33.8010673Z   ✓ Uploaded media 'test_image.png': mxc://test.matrix.local/rIDFopYwAmnmBBUyvrlEpHgn
Linux Desktop Tests (4)	UNKNOWN STEP	2026-02-25T19:52:33.8011385Z   ✓ Posted m.image message to room
Linux Desktop Tests (4)	UNKNOWN STEP	2026-02-25T19:52:33.8012070Z   ✓ Uploaded media 'test_video.mp4': mxc://test.matrix.local/KujrDokQgjKKrpibzmsOufYT
Linux Desktop Tests (4)	UNKNOWN STEP	2026-02-25T19:52:33.8012742Z   ✓ Posted m.video message to room
Linux Desktop Tests (4)	UNKNOWN STEP	2026-02-25T19:52:33.8013418Z   ✓ Uploaded media 'test_audio.mp3': mxc://test.matrix.local/QeVmxGwNEozzyRuAyHzUmuAf
Linux Desktop Tests (4)	UNKNOWN STEP	2026-02-25T19:52:33.8014295Z   ✓ Posted m.audio message to room
Linux Desktop Tests (4)	UNKNOWN STEP	2026-02-25T19:52:33.8014892Z ✓ Created room: test_photos (!sUVOAJgClODkRsgaQm:test.matrix.local)
Linux Desktop Tests (4)	UNKNOWN STEP	2026-02-25T19:52:33.8015542Z ✓ Logged in user: @testuser2:test.matrix.local
Linux Desktop Tests (4)	UNKNOWN STEP	2026-02-25T19:52:33.8016010Z   ✓ User testuser2 joined room
Linux Desktop Tests (4)	UNKNOWN STEP	2026-02-25T19:52:33.8016452Z ✓ Logged in user: @testadmin:test.matrix.local
Linux Desktop Tests (4)	UNKNOWN STEP	2026-02-25T19:52:33.8016936Z   ✓ User testadmin joined room
Linux Desktop Tests (4)	UNKNOWN STEP	2026-02-25T19:52:33.8017327Z   ✓ Published room to directory
Linux Desktop Tests (4)	UNKNOWN STEP	2026-02-25T19:52:33.8017722Z   ✓ Posted 3 messages to room
Linux Desktop Tests (4)	UNKNOWN STEP	2026-02-25T19:52:33.8018107Z   Seeding media messages (image, video, audio)...
Linux Desktop Tests (4)	UNKNOWN STEP	2026-02-25T19:52:33.8018908Z   ✓ Uploaded media 'test_image.png': mxc://test.matrix.local/jzbKKGcKxfsTDBrVnZEDdwQV
Linux Desktop Tests (4)	UNKNOWN STEP	2026-02-25T19:52:33.8019602Z   ✓ Posted m.image message to room
Linux Desktop Tests (4)	UNKNOWN STEP	2026-02-25T19:52:33.8020289Z   ✓ Uploaded media 'test_video.mp4': mxc://test.matrix.local/prGCxwIbbMABkRjVdKhhTfup
Linux Desktop Tests (4)	UNKNOWN STEP	2026-02-25T19:52:33.8020959Z   ✓ Posted m.video message to room
Linux Desktop Tests (4)	UNKNOWN STEP	2026-02-25T19:52:33.8021615Z   ✓ Uploaded media 'test_audio.mp3': mxc://test.matrix.local/UuCjEhTVqSEMgKUJXndNjopP
Linux Desktop Tests (4)	UNKNOWN STEP	2026-02-25T19:52:33.8022275Z   ✓ Posted m.audio message to room
Linux Desktop Tests (4)	UNKNOWN STEP	2026-02-25T19:52:33.8022829Z ✓ Created room: test_art (!SouSDzdoizwaVCcpAW:test.matrix.local)
Linux Desktop Tests (4)	UNKNOWN STEP	2026-02-25T19:52:33.8023435Z ✓ Logged in user: @testuser2:test.matrix.local
Linux Desktop Tests (4)	UNKNOWN STEP	2026-02-25T19:52:33.8024073Z   ✓ User testuser2 joined room
Linux Desktop Tests (4)	UNKNOWN STEP	2026-02-25T19:52:33.8024540Z ✓ Logged in user: @testadmin:test.matrix.local
Linux Desktop Tests (4)	UNKNOWN STEP	2026-02-25T19:52:33.8024994Z   ✓ User testadmin joined room
Linux Desktop Tests (4)	UNKNOWN STEP	2026-02-25T19:52:33.8025381Z   ✓ Published room to directory
Linux Desktop Tests (4)	UNKNOWN STEP	2026-02-25T19:52:33.8026007Z ✓ Uploaded dummy avatar: mxc://test.matrix.local/yJlZUnDTpDgZfDMFxcNRQrXi
Linux Desktop Tests (4)	UNKNOWN STEP	2026-02-25T19:52:33.8026797Z   ✓ Set room avatar to mxc://test.matrix.local/yJlZUnDTpDgZfDMFxcNRQrXi
Linux Desktop Tests (4)	UNKNOWN STEP	2026-02-25T19:52:33.8027583Z ✓ Created room: test_invite_only (!dmMwIHUnmadbVuxYZf:test.matrix.local)
Linux Desktop Tests (4)	UNKNOWN STEP	2026-02-25T19:52:33.8028253Z   ℹ Skipping user invites for room (discovery test)
Linux Desktop Tests (4)	UNKNOWN STEP	2026-02-25T19:52:33.8028778Z   ✓ Published room to directory
Linux Desktop Tests (4)	UNKNOWN STEP	2026-02-25T19:52:33.8029195Z   ✓ Posted 2 messages to room
Linux Desktop Tests (4)	UNKNOWN STEP	2026-02-25T19:52:33.8029770Z ✓ Created room: test_avatar (!rXPZZKyVTomBjqrasm:test.matrix.local)
Linux Desktop Tests (4)	UNKNOWN STEP	2026-02-25T19:52:33.8030422Z ✓ Logged in user: @testuser2:test.matrix.local
Linux Desktop Tests (4)	UNKNOWN STEP	2026-02-25T19:52:33.8030893Z   ✓ User testuser2 joined room
Linux Desktop Tests (4)	UNKNOWN STEP	2026-02-25T19:52:33.8031343Z ✓ Logged in user: @testadmin:test.matrix.local
Linux Desktop Tests (4)	UNKNOWN STEP	2026-02-25T19:52:33.8032048Z   ✓ User testadmin joined room
Linux Desktop Tests (4)	UNKNOWN STEP	2026-02-25T19:52:33.8032466Z   ✓ Published room to directory
Linux Desktop Tests (4)	UNKNOWN STEP	2026-02-25T19:52:33.8033080Z ✓ Uploaded dummy avatar: mxc://test.matrix.local/GrjmLEkyyDqLVCPIduQmyKFd
Linux Desktop Tests (4)	UNKNOWN STEP	2026-02-25T19:52:33.8034074Z   ✓ Set room avatar to mxc://test.matrix.local/GrjmLEkyyDqLVCPIduQmyKFd
Linux Desktop Tests (4)	UNKNOWN STEP	2026-02-25T19:52:33.8034492Z 
Linux Desktop Tests (4)	UNKNOWN STEP	2026-02-25T19:52:33.8034642Z ============================================================
Linux Desktop Tests (4)	UNKNOWN STEP	2026-02-25T19:52:33.8035184Z ✅ Matrix test server initialized successfully!
Linux Desktop Tests (4)	UNKNOWN STEP	2026-02-25T19:52:33.8035641Z ============================================================
Linux Desktop Tests (4)	UNKNOWN STEP	2026-02-25T19:52:33.8035942Z 
Linux Desktop Tests (4)	UNKNOWN STEP	2026-02-25T19:52:33.8036116Z 📝 Test Users:
Linux Desktop Tests (4)	UNKNOWN STEP	2026-02-25T19:52:33.8036376Z   testuser1
Linux Desktop Tests (4)	UNKNOWN STEP	2026-02-25T19:52:33.8036648Z     ID: @testuser1:test.matrix.local
Linux Desktop Tests (4)	UNKNOWN STEP	2026-02-25T19:52:33.8037036Z     Password: testpass123
Linux Desktop Tests (4)	UNKNOWN STEP	2026-02-25T19:52:33.8037348Z   testuser2
Linux Desktop Tests (4)	UNKNOWN STEP	2026-02-25T19:52:33.8037619Z     ID: @testuser2:test.matrix.local
Linux Desktop Tests (4)	UNKNOWN STEP	2026-02-25T19:52:33.8037986Z     Password: testpass123
Linux Desktop Tests (4)	UNKNOWN STEP	2026-02-25T19:52:33.8038303Z   testadmin
Linux Desktop Tests (4)	UNKNOWN STEP	2026-02-25T19:52:33.8038583Z     ID: @testadmin:test.matrix.local
Linux Desktop Tests (4)	UNKNOWN STEP	2026-02-25T19:52:33.8038992Z     Password: testpass123
Linux Desktop Tests (4)	UNKNOWN STEP	2026-02-25T19:52:33.8039215Z 
Linux Desktop Tests (4)	UNKNOWN STEP	2026-02-25T19:52:33.8039370Z 🏠 Test Rooms:
Linux Desktop Tests (4)	UNKNOWN STEP	2026-02-25T19:52:33.8039658Z   test_general (with messages)
Linux Desktop Tests (4)	UNKNOWN STEP	2026-02-25T19:52:33.8040252Z     ID: !qFGvglGhyIabBMwFsN:test.matrix.local
Linux Desktop Tests (4)	UNKNOWN STEP	2026-02-25T19:52:33.8040675Z   test_photos (with messages)
Linux Desktop Tests (4)	UNKNOWN STEP	2026-02-25T19:52:33.8041058Z     ID: !sUVOAJgClODkRsgaQm:test.matrix.local
Linux Desktop Tests (4)	UNKNOWN STEP	2026-02-25T19:52:33.8041456Z   test_art (empty)
Linux Desktop Tests (4)	UNKNOWN STEP	2026-02-25T19:52:33.8041775Z     ID: !SouSDzdoizwaVCcpAW:test.matrix.local
Linux Desktop Tests (4)	UNKNOWN STEP	2026-02-25T19:52:33.8042182Z   test_invite_only (with messages)
Linux Desktop Tests (4)	UNKNOWN STEP	2026-02-25T19:52:33.8042578Z     ID: !dmMwIHUnmadbVuxYZf:test.matrix.local
Linux Desktop Tests (4)	UNKNOWN STEP	2026-02-25T19:52:33.8042970Z   test_avatar (empty)
Linux Desktop Tests (4)	UNKNOWN STEP	2026-02-25T19:52:33.8043315Z     ID: !rXPZZKyVTomBjqrasm:test.matrix.local
Linux Desktop Tests (4)	UNKNOWN STEP	2026-02-25T19:52:33.8043616Z 
Linux Desktop Tests (4)	UNKNOWN STEP	2026-02-25T19:52:33.8044014Z 🔑 Test Credentials for Integration Tests:
Linux Desktop Tests (4)	UNKNOWN STEP	2026-02-25T19:52:33.8044441Z   Server:    http://matrix-synapse:8008
Linux Desktop Tests (4)	UNKNOWN STEP	2026-02-25T19:52:33.8044837Z   Test User: testuser1
Linux Desktop Tests (4)	UNKNOWN STEP	2026-02-25T19:52:33.8045154Z   Password:  testpass123
Linux Desktop Tests (4)	UNKNOWN STEP	2026-02-25T19:52:33.8045362Z 
Linux Desktop Tests (4)	UNKNOWN STEP	2026-02-25T19:52:33.8045465Z Room Status:
Linux Desktop Tests (4)	UNKNOWN STEP	2026-02-25T19:52:33.8046024Z   test_general - 5 text + image/video/audio messages (for testing message lists and media rendering)
Linux Desktop Tests (4)	UNKNOWN STEP	2026-02-25T19:52:33.8046906Z   test_photos  - 3 text + image/video/audio messages (for testing photo/media content)
Linux Desktop Tests (4)	UNKNOWN STEP	2026-02-25T19:52:33.8047562Z   test_art     - 0 messages (for testing empty rooms)
Linux Desktop Tests (4)	UNKNOWN STEP	2026-02-25T19:52:33.8048146Z ✓ Logged in user: @testuser1:test.matrix.local
Linux Desktop Tests (4)	UNKNOWN STEP	2026-02-25T19:52:33.8048452Z 
Linux Desktop Tests (4)	UNKNOWN STEP	2026-02-25T19:52:33.8048680Z   📋 Public room directory has 5 room(s):
Linux Desktop Tests (4)	UNKNOWN STEP	2026-02-25T19:52:33.8049191Z     - test_photos (!sUVOAJgClODkRsgaQm:test.matrix.local)
Linux Desktop Tests (4)	UNKNOWN STEP	2026-02-25T19:52:33.8049803Z     - test_avatar (!rXPZZKyVTomBjqrasm:test.matrix.local)
Linux Desktop Tests (4)	UNKNOWN STEP	2026-02-25T19:52:33.8050392Z     - test_general (!qFGvglGhyIabBMwFsN:test.matrix.local)
Linux Desktop Tests (4)	UNKNOWN STEP	2026-02-25T19:52:33.8050937Z     - test_art (!SouSDzdoizwaVCcpAW:test.matrix.local)
Linux Desktop Tests (4)	UNKNOWN STEP	2026-02-25T19:52:33.8051512Z     - test_invite_only (!dmMwIHUnmadbVuxYZf:test.matrix.local)
Linux Desktop Tests (4)	UNKNOWN STEP	2026-02-25T19:52:33.8051904Z 
Linux Desktop Tests (4)	UNKNOWN STEP	2026-02-25T19:52:33.9541145Z ##[group]Run xvfb-run --auto-servernum --server-args="-screen 0 1280x1024x24" ./scripts/test.sh linux --no-docker --shard 4 --total-shards 7
Linux Desktop Tests (4)	UNKNOWN STEP	2026-02-25T19:52:33.9542150Z [36;1mxvfb-run --auto-servernum --server-args="-screen 0 1280x1024x24" ./scripts/test.sh linux --no-docker --shard 4 --total-shards 7[0m
Linux Desktop Tests (4)	UNKNOWN STEP	2026-02-25T19:52:33.9591746Z shell: /usr/bin/bash -e {0}
Linux Desktop Tests (4)	UNKNOWN STEP	2026-02-25T19:52:33.9591990Z env:
Linux Desktop Tests (4)	UNKNOWN STEP	2026-02-25T19:52:33.9592166Z   CACHE_VERSION: v1
Linux Desktop Tests (4)	UNKNOWN STEP	2026-02-25T19:52:33.9592456Z   FLUTTER_ROOT: /opt/hostedtoolcache/flutter/stable-3.41.2-x64
Linux Desktop Tests (4)	UNKNOWN STEP	2026-02-25T19:52:33.9592808Z   PUB_CACHE: /home/runner/.pub-cache
Linux Desktop Tests (4)	UNKNOWN STEP	2026-02-25T19:52:33.9593091Z   MATRIX_SERVER: http://localhost:8008
Linux Desktop Tests (4)	UNKNOWN STEP	2026-02-25T19:52:33.9593355Z   MATRIX_TEST_USER: testuser1
Linux Desktop Tests (4)	UNKNOWN STEP	2026-02-25T19:52:33.9593602Z   MATRIX_TEST_PASSWORD: testpass123
Linux Desktop Tests (4)	UNKNOWN STEP	2026-02-25T19:52:33.9594007Z ##[endgroup]
Linux Desktop Tests (4)	UNKNOWN STEP	2026-02-25T19:52:36.7344824Z [1m
Linux Desktop Tests (4)	UNKNOWN STEP	2026-02-25T19:52:36.7345084Z   Substitution Test Runner
Linux Desktop Tests (4)	UNKNOWN STEP	2026-02-25T19:52:36.7359206Z   2026-02-25 19:52:36
Linux Desktop Tests (4)	UNKNOWN STEP	2026-02-25T19:52:36.7359554Z   Targets: linux
Linux Desktop Tests (4)	UNKNOWN STEP	2026-02-25T19:52:36.7359813Z [0m
Linux Desktop Tests (4)	UNKNOWN STEP	2026-02-25T19:52:36.7367217Z [0;34m[INFO][0m Fetching Flutter dependencies...
Linux Desktop Tests (4)	UNKNOWN STEP	2026-02-25T19:52:37.8447850Z   unorm_dart 0.2.0 (0.3.2 available)
Linux Desktop Tests (4)	UNKNOWN STEP	2026-02-25T19:52:37.8448383Z   win32 5.15.0 (6.0.0 available)
Linux Desktop Tests (4)	UNKNOWN STEP	2026-02-25T19:52:37.8448763Z Got dependencies!
Linux Desktop Tests (4)	UNKNOWN STEP	2026-02-25T19:52:37.8449147Z 7 packages have newer versions incompatible with dependency constraints.
Linux Desktop Tests (4)	UNKNOWN STEP	2026-02-25T19:52:37.8449626Z Try `flutter pub outdated` for more information.
Linux Desktop Tests (4)	UNKNOWN STEP	2026-02-25T19:52:37.8450391Z [0;32m[OK][0m Dependencies fetched
Linux Desktop Tests (4)	UNKNOWN STEP	2026-02-25T19:52:37.8468547Z [0;34m[INFO][0m Target: linux
Linux Desktop Tests (4)	UNKNOWN STEP	2026-02-25T19:52:37.8469019Z 
Linux Desktop Tests (4)	UNKNOWN STEP	2026-02-25T19:52:37.8471123Z [1m━━━ Linux Desktop Tests ━━━[0m
Linux Desktop Tests (4)	UNKNOWN STEP	2026-02-25T19:52:37.8471464Z 
Linux Desktop Tests (4)	UNKNOWN STEP	2026-02-25T19:52:37.8478558Z [0;34m[INFO][0m Enabling Linux desktop support...
Linux Desktop Tests (4)	UNKNOWN STEP	2026-02-25T19:52:38.1363983Z [0;34m[INFO][0m Shard 4/7: running 4 of 32 files
Linux Desktop Tests (4)	UNKNOWN STEP	2026-02-25T19:52:38.1364779Z [0;34m[INFO][0m Running 4 integration test(s) on Linux...
Linux Desktop Tests (4)	UNKNOWN STEP	2026-02-25T19:52:38.1365569Z [0;34m[INFO][0m   Running: integration_test/discovery_flow_test.dart
Linux Desktop Tests (4)	UNKNOWN STEP	2026-02-25T19:52:39.6578348Z 00:00 +0: loading /home/runner/work/substitution/substitution/integration_test/discovery_flow_test.dart
Linux Desktop Tests (4)	UNKNOWN STEP	2026-02-25T19:53:10.0501741Z Building Linux application...                                   
Linux Desktop Tests (4)	UNKNOWN STEP	2026-02-25T19:53:10.0539594Z ✓ Built build/linux/x64/debug/bundle/substitution
Linux Desktop Tests (4)	UNKNOWN STEP	2026-02-25T19:53:13.0523005Z 00:00 +0: Discovery Flow Integration Tests Navigate to follow feeds -> add server -> search rooms -> see results
Linux Desktop Tests (4)	UNKNOWN STEP	2026-02-25T19:53:13.8657790Z [90m[🌎 Easy Localization] [DEBUG] Localization initialized[0m
Linux Desktop Tests (4)	UNKNOWN STEP	2026-02-25T19:53:13.8672927Z [Matrix] [32mInitialize client Substitution[0m
Linux Desktop Tests (4)	UNKNOWN STEP	2026-02-25T19:53:13.8748097Z [Matrix] [32mUser is not logged in.[0m
Linux Desktop Tests (4)	UNKNOWN STEP	2026-02-25T19:53:13.8790126Z [90m[🌎 Easy Localization] [DEBUG] Start[0m
Linux Desktop Tests (4)	UNKNOWN STEP	2026-02-25T19:53:14.1421420Z [90m[🌎 Easy Localization] [DEBUG] Init state[0m
Linux Desktop Tests (4)	UNKNOWN STEP	2026-02-25T19:53:14.1435129Z [90m[🌎 Easy Localization] [DEBUG] Build[0m
Linux Desktop Tests (4)	UNKNOWN STEP	2026-02-25T19:53:14.1441831Z [90m[🌎 Easy Localization] [DEBUG] Init Localization Delegate[0m
Linux Desktop Tests (4)	UNKNOWN STEP	2026-02-25T19:53:14.1444061Z [90m[🌎 Easy Localization] [DEBUG] Init provider[0m
Linux Desktop Tests (4)	UNKNOWN STEP	2026-02-25T19:53:14.2760697Z [90m[🌎 Easy Localization] [DEBUG] Load Localization Delegate[0m
Linux Desktop Tests (4)	UNKNOWN STEP	2026-02-25T19:53:14.2770642Z [90m[🌎 Easy Localization] [DEBUG] Load asset from assets/translations[0m
Linux Desktop Tests (4)	UNKNOWN STEP	2026-02-25T19:53:14.8840518Z [90m[🌎 Easy Localization] [DEBUG] Build[0m
Linux Desktop Tests (4)	UNKNOWN STEP	2026-02-25T19:53:14.8842439Z [90m[🌎 Easy Localization] [DEBUG] Init Localization Delegate[0m
Linux Desktop Tests (4)	UNKNOWN STEP	2026-02-25T19:53:14.8843273Z [90m[🌎 Easy Localization] [DEBUG] Init provider[0m
Linux Desktop Tests (4)	UNKNOWN STEP	2026-02-25T19:53:24.8460261Z ✓ Discovery flow: app running
Linux Desktop Tests (4)	UNKNOWN STEP	2026-02-25T19:53:24.9320663Z 00:11 +1: Discovery Flow Integration Tests Search multiple servers and results merge correctly
Linux Desktop Tests (4)	UNKNOWN STEP	2026-02-25T19:53:24.9622910Z *** sqflite warning ***
Linux Desktop Tests (4)	UNKNOWN STEP	2026-02-25T19:53:24.9623205Z 
Linux Desktop Tests (4)	UNKNOWN STEP	2026-02-25T19:53:24.9623433Z You are changing sqflite default factory.
Linux Desktop Tests (4)	UNKNOWN STEP	2026-02-25T19:53:24.9624724Z Be aware of the potential side effects. Any library using sqflite
Linux Desktop Tests (4)	UNKNOWN STEP	2026-02-25T19:53:24.9625444Z will have this factory as the default for all operations.
Linux Desktop Tests (4)	UNKNOWN STEP	2026-02-25T19:53:24.9625860Z 
Linux Desktop Tests (4)	UNKNOWN STEP	2026-02-25T19:53:24.9625998Z *** sqflite warning ***
Linux Desktop Tests (4)	UNKNOWN STEP	2026-02-25T19:53:24.9626218Z 
Linux Desktop Tests (4)	UNKNOWN STEP	2026-02-25T19:53:25.0280954Z [90m[🌎 Easy Localization] [DEBUG] Localization initialized[0m
Linux Desktop Tests (4)	UNKNOWN STEP	2026-02-25T19:53:25.0281680Z [Matrix] [32mInitialize client Substitution[0m
Linux Desktop Tests (4)	UNKNOWN STEP	2026-02-25T19:53:25.0298011Z [Matrix] [32mUser is not logged in.[0m
Linux Desktop Tests (4)	UNKNOWN STEP	2026-02-25T19:53:25.0302426Z [90m[🌎 Easy Localization] [DEBUG] Start[0m
Linux Desktop Tests (4)	UNKNOWN STEP	2026-02-25T19:53:25.4682098Z 00:12 +1: Discovery Flow Integration Tests Navigate to follow feeds -> add server -> search rooms -> see results
Linux Desktop Tests (4)	UNKNOWN STEP	2026-02-25T19:53:25.4684527Z [90m[🌎 Easy Localization] [DEBUG] Init state[0m
Linux Desktop Tests (4)	UNKNOWN STEP	2026-02-25T19:53:25.4686527Z [90m[🌎 Easy Localization] [DEBUG] Build[0m
Linux Desktop Tests (4)	UNKNOWN STEP	2026-02-25T19:53:25.4687264Z [90m[🌎 Easy Localization] [DEBUG] Init Localization Delegate[0m
Linux Desktop Tests (4)	UNKNOWN STEP	2026-02-25T19:53:25.4688112Z [90m[🌎 Easy Localization] [DEBUG] Init provider[0m
Linux Desktop Tests (4)	UNKNOWN STEP	2026-02-25T19:53:25.4766317Z [90m[🌎 Easy Localization] [DEBUG] Load Localization Delegate[0m
Linux Desktop Tests (4)	UNKNOWN STEP	2026-02-25T19:53:25.4769961Z [90m[🌎 Easy Localization] [DEBUG] Load asset from assets/translations[0m
Linux Desktop Tests (4)	UNKNOWN STEP	2026-02-25T19:53:26.0008058Z [90m[🌎 Easy Localization] [DEBUG] Build[0m
Linux Desktop Tests (4)	UNKNOWN STEP	2026-02-25T19:53:26.0009351Z [90m[🌎 Easy Localization] [DEBUG] Init Localization Delegate[0m
Linux Desktop Tests (4)	UNKNOWN STEP	2026-02-25T19:53:26.0010703Z [90m[🌎 Easy Localization] [DEBUG] Init provider[0m
Linux Desktop Tests (4)	UNKNOWN STEP	2026-02-25T19:53:35.3543524Z 00:22 +1: Discovery Flow Integration Tests Search multiple servers and results merge correctly
Linux Desktop Tests (4)	UNKNOWN STEP	2026-02-25T19:53:35.3544820Z ✓ Multi-server search: app running
Linux Desktop Tests (4)	UNKNOWN STEP	2026-02-25T19:53:35.3930014Z 00:22 +2: Discovery Flow Integration Tests Join room and verify it appears in main feed
Linux Desktop Tests (4)	UNKNOWN STEP	2026-02-25T19:53:35.4219407Z *** sqflite warning ***
Linux Desktop Tests (4)	UNKNOWN STEP	2026-02-25T19:53:35.4220169Z 
Linux Desktop Tests (4)	UNKNOWN STEP	2026-02-25T19:53:35.4220357Z You are changing sqflite default factory.
Linux Desktop Tests (4)	UNKNOWN STEP	2026-02-25T19:53:35.4221010Z Be aware of the potential side effects. Any library using sqflite
Linux Desktop Tests (4)	UNKNOWN STEP	2026-02-25T19:53:35.4221711Z will have this factory as the default for all operations.
Linux Desktop Tests (4)	UNKNOWN STEP	2026-02-25T19:53:35.4222111Z 
Linux Desktop Tests (4)	UNKNOWN STEP	2026-02-25T19:53:35.4222237Z *** sqflite warning ***
Linux Desktop Tests (4)	UNKNOWN STEP	2026-02-25T19:53:35.4222443Z 
Linux Desktop Tests (4)	UNKNOWN STEP	2026-02-25T19:53:35.4749117Z [90m[🌎 Easy Localization] [DEBUG] Localization initialized[0m
Linux Desktop Tests (4)	UNKNOWN STEP	2026-02-25T19:53:35.4750664Z [Matrix] [32mInitialize client Substitution[0m
Linux Desktop Tests (4)	UNKNOWN STEP	2026-02-25T19:53:35.4769806Z [Matrix] [32mUser is not logged in.[0m
Linux Desktop Tests (4)	UNKNOWN STEP	2026-02-25T19:53:35.4771979Z [90m[🌎 Easy Localization] [DEBUG] Start[0m
Linux Desktop Tests (4)	UNKNOWN STEP	2026-02-25T19:53:35.9350948Z 00:22 +2: Discovery Flow Integration Tests Navigate to follow feeds -> add server -> search rooms -> see results
Linux Desktop Tests (4)	UNKNOWN STEP	2026-02-25T19:53:35.9352757Z [90m[🌎 Easy Localization] [DEBUG] Init state[0m
Linux Desktop Tests (4)	UNKNOWN STEP	2026-02-25T19:53:35.9353616Z [90m[🌎 Easy Localization] [DEBUG] Build[0m
Linux Desktop Tests (4)	UNKNOWN STEP	2026-02-25T19:53:35.9354541Z [90m[🌎 Easy Localization] [DEBUG] Init Localization Delegate[0m
Linux Desktop Tests (4)	UNKNOWN STEP	2026-02-25T19:53:35.9355333Z [90m[🌎 Easy Localization] [DEBUG] Init provider[0m
Linux Desktop Tests (4)	UNKNOWN STEP	2026-02-25T19:53:35.9409118Z [90m[🌎 Easy Localization] [DEBUG] Load Localization Delegate[0m
Linux Desktop Tests (4)	UNKNOWN STEP	2026-02-25T19:53:35.9413290Z [90m[🌎 Easy Localization] [DEBUG] Load asset from assets/translations[0m
Linux Desktop Tests (4)	UNKNOWN STEP	2026-02-25T19:53:36.4507596Z [90m[🌎 Easy Localization] [DEBUG] Build[0m
Linux Desktop Tests (4)	UNKNOWN STEP	2026-02-25T19:53:36.4508819Z [90m[🌎 Easy Localization] [DEBUG] Init Localization Delegate[0m
Linux Desktop Tests (4)	UNKNOWN STEP	2026-02-25T19:53:36.4510411Z [90m[🌎 Easy Localization] [DEBUG] Init provider[0m
Linux Desktop Tests (4)	UNKNOWN STEP	2026-02-25T19:53:45.7871338Z 00:32 +2: Discovery Flow Integration Tests Join room and verify it appears in main feed
Linux Desktop Tests (4)	UNKNOWN STEP	2026-02-25T19:53:45.7872214Z ✓ Join room: app running
Linux Desktop Tests (4)	UNKNOWN STEP	2026-02-25T19:53:45.8247573Z 00:32 +3: Discovery Flow Integration Tests Leave room and verify it disappears from main feed
Linux Desktop Tests (4)	UNKNOWN STEP	2026-02-25T19:53:45.8528222Z *** sqflite warning ***
Linux Desktop Tests (4)	UNKNOWN STEP	2026-02-25T19:53:45.8528531Z 
Linux Desktop Tests (4)	UNKNOWN STEP	2026-02-25T19:53:45.8528722Z You are changing sqflite default factory.
Linux Desktop Tests (4)	UNKNOWN STEP	2026-02-25T19:53:45.8529363Z Be aware of the potential side effects. Any library using sqflite
Linux Desktop Tests (4)	UNKNOWN STEP	2026-02-25T19:53:45.8530398Z will have this factory as the default for all operations.
Linux Desktop Tests (4)	UNKNOWN STEP	2026-02-25T19:53:45.8530828Z 
Linux Desktop Tests (4)	UNKNOWN STEP	2026-02-25T19:53:45.8530962Z *** sqflite warning ***
Linux Desktop Tests (4)	UNKNOWN STEP	2026-02-25T19:53:45.8531184Z 
Linux Desktop Tests (4)	UNKNOWN STEP	2026-02-25T19:53:45.9040595Z [90m[🌎 Easy Localization] [DEBUG] Localization initialized[0m
Linux Desktop Tests (4)	UNKNOWN STEP	2026-02-25T19:53:45.9041819Z [Matrix] [32mInitialize client Substitution[0m
Linux Desktop Tests (4)	UNKNOWN STEP	2026-02-25T19:53:45.9060654Z [Matrix] [32mUser is not logged in.[0m
Linux Desktop Tests (4)	UNKNOWN STEP	2026-02-25T19:53:45.9062869Z [90m[🌎 Easy Localization] [DEBUG] Start[0m
Linux Desktop Tests (4)	UNKNOWN STEP	2026-02-25T19:53:46.3679791Z 00:33 +3: Discovery Flow Integration Tests Navigate to follow feeds -> add server -> search rooms -> see results
Linux Desktop Tests (4)	UNKNOWN STEP	2026-02-25T19:53:46.3681652Z [90m[🌎 Easy Localization] [DEBUG] Init state[0m
Linux Desktop Tests (4)	UNKNOWN STEP	2026-02-25T19:53:46.3684812Z [90m[🌎 Easy Localization] [DEBUG] Build[0m
Linux Desktop Tests (4)	UNKNOWN STEP	2026-02-25T19:53:46.3685463Z [90m[🌎 Easy Localization] [DEBUG] Init Localization Delegate[0m
Linux Desktop Tests (4)	UNKNOWN STEP	2026-02-25T19:53:46.3686176Z [90m[🌎 Easy Localization] [DEBUG] Init provider[0m
Linux Desktop Tests (4)	UNKNOWN STEP	2026-02-25T19:53:46.3740427Z [90m[🌎 Easy Localization] [DEBUG] Load Localization Delegate[0m
Linux Desktop Tests (4)	UNKNOWN STEP	2026-02-25T19:53:46.3743022Z [90m[🌎 Easy Localization] [DEBUG] Load asset from assets/translations[0m
Linux Desktop Tests (4)	UNKNOWN STEP	2026-02-25T19:53:46.8837366Z [90m[🌎 Easy Localization] [DEBUG] Build[0m
Linux Desktop Tests (4)	UNKNOWN STEP	2026-02-25T19:53:46.8838638Z [90m[🌎 Easy Localization] [DEBUG] Init Localization Delegate[0m
Linux Desktop Tests (4)	UNKNOWN STEP	2026-02-25T19:53:46.8839607Z [90m[🌎 Easy Localization] [DEBUG] Init provider[0m
Linux Desktop Tests (4)	UNKNOWN STEP	2026-02-25T19:53:56.2210057Z 00:43 +3: Discovery Flow Integration Tests Leave room and verify it disappears from main feed
Linux Desktop Tests (4)	UNKNOWN STEP	2026-02-25T19:53:56.2210929Z ✓ Leave room: app running
Linux Desktop Tests (4)	UNKNOWN STEP	2026-02-25T19:53:56.2587185Z 00:43 +4: Discovery Flow Integration Tests Join room and verify it appears in main feed
Linux Desktop Tests (4)	UNKNOWN STEP	2026-02-25T19:53:56.2863434Z *** sqflite warning ***
Linux Desktop Tests (4)	UNKNOWN STEP	2026-02-25T19:53:56.2863930Z 
Linux Desktop Tests (4)	UNKNOWN STEP	2026-02-25T19:53:56.2864131Z You are changing sqflite default factory.
Linux Desktop Tests (4)	UNKNOWN STEP	2026-02-25T19:53:56.2864783Z Be aware of the potential side effects. Any library using sqflite
Linux Desktop Tests (4)	UNKNOWN STEP	2026-02-25T19:53:56.2865547Z will have this factory as the default for all operations.
Linux Desktop Tests (4)	UNKNOWN STEP	2026-02-25T19:53:56.2865971Z 
Linux Desktop Tests (4)	UNKNOWN STEP	2026-02-25T19:53:56.2866126Z *** sqflite warning ***
Linux Desktop Tests (4)	UNKNOWN STEP	2026-02-25T19:53:56.2866372Z 
Linux Desktop Tests (4)	UNKNOWN STEP	2026-02-25T19:53:56.3372669Z [90m[🌎 Easy Localization] [DEBUG] Localization initialized[0m
Linux Desktop Tests (4)	UNKNOWN STEP	2026-02-25T19:53:56.3373615Z [Matrix] [32mInitialize client Substitution[0m
Linux Desktop Tests (4)	UNKNOWN STEP	2026-02-25T19:53:56.3391289Z [Matrix] [32mUser is not logged in.[0m
Linux Desktop Tests (4)	UNKNOWN STEP	2026-02-25T19:53:56.3393331Z [90m[🌎 Easy Localization] [DEBUG] Start[0m
Linux Desktop Tests (4)	UNKNOWN STEP	2026-02-25T19:53:56.8018502Z 00:43 +4: Discovery Flow Integration Tests Navigate to follow feeds -> add server -> search rooms -> see results
Linux Desktop Tests (4)	UNKNOWN STEP	2026-02-25T19:53:56.8019839Z [90m[🌎 Easy Localization] [DEBUG] Init state[0m
Linux Desktop Tests (4)	UNKNOWN STEP	2026-02-25T19:53:56.8022622Z [90m[🌎 Easy Localization] [DEBUG] Build[0m
Linux Desktop Tests (4)	UNKNOWN STEP	2026-02-25T19:53:56.8023405Z [90m[🌎 Easy Localization] [DEBUG] Init Localization Delegate[0m
Linux Desktop Tests (4)	UNKNOWN STEP	2026-02-25T19:53:56.8024402Z [90m[🌎 Easy Localization] [DEBUG] Init provider[0m
Linux Desktop Tests (4)	UNKNOWN STEP	2026-02-25T19:53:56.8069500Z [90m[🌎 Easy Localization] [DEBUG] Load Localization Delegate[0m
Linux Desktop Tests (4)	UNKNOWN STEP	2026-02-25T19:53:56.8071962Z [90m[🌎 Easy Localization] [DEBUG] Load asset from assets/translations[0m
Linux Desktop Tests (4)	UNKNOWN STEP	2026-02-25T19:53:57.3165652Z [90m[🌎 Easy Localization] [DEBUG] Build[0m
Linux Desktop Tests (4)	UNKNOWN STEP	2026-02-25T19:53:57.3168199Z [90m[🌎 Easy Localization] [DEBUG] Init Localization Delegate[0m
Linux Desktop Tests (4)	UNKNOWN STEP	2026-02-25T19:53:57.3168976Z [90m[🌎 Easy Localization] [DEBUG] Init provider[0m
Linux Desktop Tests (4)	UNKNOWN STEP	2026-02-25T19:54:06.6530739Z 00:53 +4: Discovery Flow Integration Tests Join room and verify it appears in main feed
Linux Desktop Tests (4)	UNKNOWN STEP	2026-02-25T19:54:06.6531735Z ✓ Join room: app running
Linux Desktop Tests (4)	UNKNOWN STEP	2026-02-25T19:54:06.6914093Z 00:53 +5: Discovery Flow Integration Tests Leave room and verify it disappears from main feed
Linux Desktop Tests (4)	UNKNOWN STEP	2026-02-25T19:54:06.7200908Z *** sqflite warning ***
Linux Desktop Tests (4)	UNKNOWN STEP	2026-02-25T19:54:06.7201200Z 
Linux Desktop Tests (4)	UNKNOWN STEP	2026-02-25T19:54:06.7201381Z You are changing sqflite default factory.
Linux Desktop Tests (4)	UNKNOWN STEP	2026-02-25T19:54:06.7202002Z Be aware of the potential side effects. Any library using sqflite
Linux Desktop Tests (4)	UNKNOWN STEP	2026-02-25T19:54:06.7202695Z will have this factory as the default for all operations.
Linux Desktop Tests (4)	UNKNOWN STEP	2026-02-25T19:54:06.7203142Z 
Linux Desktop Tests (4)	UNKNOWN STEP	2026-02-25T19:54:06.7203274Z *** sqflite warning ***
Linux Desktop Tests (4)	UNKNOWN STEP	2026-02-25T19:54:06.7204135Z 
Linux Desktop Tests (4)	UNKNOWN STEP	2026-02-25T19:54:06.7719457Z [90m[🌎 Easy Localization] [DEBUG] Localization initialized[0m
Linux Desktop Tests (4)	UNKNOWN STEP	2026-02-25T19:54:06.7720365Z [Matrix] [32mInitialize client Substitution[0m
Linux Desktop Tests (4)	UNKNOWN STEP	2026-02-25T19:54:06.7737917Z [Matrix] [32mUser is not logged in.[0m
Linux Desktop Tests (4)	UNKNOWN STEP	2026-02-25T19:54:06.7740686Z [90m[🌎 Easy Localization] [DEBUG] Start[0m
Linux Desktop Tests (4)	UNKNOWN STEP	2026-02-25T19:54:07.2347317Z 00:54 +5: Discovery Flow Integration Tests Navigate to follow feeds -> add server -> search rooms -> see results
Linux Desktop Tests (4)	UNKNOWN STEP	2026-02-25T19:54:07.2348674Z [90m[🌎 Easy Localization] [DEBUG] Init state[0m
Linux Desktop Tests (4)	UNKNOWN STEP	2026-02-25T19:54:07.2351539Z [90m[🌎 Easy Localization] [DEBUG] Build[0m
Linux Desktop Tests (4)	UNKNOWN STEP	2026-02-25T19:54:07.2352929Z [90m[🌎 Easy Localization] [DEBUG] Init Localization Delegate[0m
Linux Desktop Tests (4)	UNKNOWN STEP	2026-02-25T19:54:07.2354580Z [90m[🌎 Easy Localization] [DEBUG] Init provider[0m
Linux Desktop Tests (4)	UNKNOWN STEP	2026-02-25T19:54:07.2439141Z [90m[🌎 Easy Localization] [DEBUG] Load Localization Delegate[0m
Linux Desktop Tests (4)	UNKNOWN STEP	2026-02-25T19:54:07.2440871Z [90m[🌎 Easy Localization] [DEBUG] Load asset from assets/translations[0m
Linux Desktop Tests (4)	UNKNOWN STEP	2026-02-25T19:54:07.7515114Z [90m[🌎 Easy Localization] [DEBUG] Build[0m
Linux Desktop Tests (4)	UNKNOWN STEP	2026-02-25T19:54:07.7517024Z [90m[🌎 Easy Localization] [DEBUG] Init Localization Delegate[0m
Linux Desktop Tests (4)	UNKNOWN STEP	2026-02-25T19:54:07.7517845Z [90m[🌎 Easy Localization] [DEBUG] Init provider[0m
Linux Desktop Tests (4)	UNKNOWN STEP	2026-02-25T19:54:17.0863549Z 01:04 +5: Discovery Flow Integration Tests Leave room and verify it disappears from main feed
Linux Desktop Tests (4)	UNKNOWN STEP	2026-02-25T19:54:17.0864782Z ✓ Leave room: app running
Linux Desktop Tests (4)	UNKNOWN STEP	2026-02-25T19:54:17.1254713Z 01:04 +6: (tearDownAll)
Linux Desktop Tests (4)	UNKNOWN STEP	2026-02-25T19:54:17.1417511Z 01:04 +6: All tests passed!
Linux Desktop Tests (4)	UNKNOWN STEP	2026-02-25T19:54:17.1804671Z [0;34m[INFO][0m   Running: integration_test/key_verification_test.dart
Linux Desktop Tests (4)	UNKNOWN STEP	2026-02-25T19:54:18.1865924Z 00:00 +0: loading /home/runner/work/substitution/substitution/integration_test/key_verification_test.dart
Linux Desktop Tests (4)	UNKNOWN STEP	2026-02-25T19:54:36.2940694Z Building Linux application...                                   
Linux Desktop Tests (4)	UNKNOWN STEP	2026-02-25T19:54:36.2969138Z ✓ Built build/linux/x64/debug/bundle/substitution
Linux Desktop Tests (4)	UNKNOWN STEP	2026-02-25T19:54:36.8897914Z Warning: A tag was used that wasn't specified in dart_test.yaml.
Linux Desktop Tests (4)	UNKNOWN STEP	2026-02-25T19:54:36.8898604Z   integration was used in the suite itself
Linux Desktop Tests (4)	UNKNOWN STEP	2026-02-25T19:54:36.8898941Z 
Linux Desktop Tests (4)	UNKNOWN STEP	2026-02-25T19:54:36.8935115Z 00:00 +0: Key Verification Integration Tests Menu -> Security -> see devices -> start verification -> complete flow
Linux Desktop Tests (4)	UNKNOWN STEP	2026-02-25T19:54:37.1347713Z 00:00 +1: (tearDownAll)
Linux Desktop Tests (4)	UNKNOWN STEP	2026-02-25T19:54:37.1606023Z 00:00 +1: All tests passed!
Linux Desktop Tests (4)	UNKNOWN STEP	2026-02-25T19:54:37.2008867Z [0;34m[INFO][0m   Running: integration_test/onboarding_and_login_test.dart
Linux Desktop Tests (4)	UNKNOWN STEP	2026-02-25T19:54:38.2203395Z 00:00 +0: loading /home/runner/work/substitution/substitution/integration_test/onboarding_and_login_test.dart
Linux Desktop Tests (4)	UNKNOWN STEP	2026-02-25T19:55:04.1089260Z Building Linux application...                                   
Linux Desktop Tests (4)	UNKNOWN STEP	2026-02-25T19:55:04.1119136Z ✓ Built build/linux/x64/debug/bundle/substitution
Linux Desktop Tests (4)	UNKNOWN STEP	2026-02-25T19:55:04.8349175Z 00:00 +0: Onboarding & Login Flow with Real Matrix Server Complete onboarding: host selection -> login -> view feed
Linux Desktop Tests (4)	UNKNOWN STEP	2026-02-25T19:55:05.1320334Z Waiting for globalMatrixClient to be initialized...
Linux Desktop Tests (4)	UNKNOWN STEP	2026-02-25T19:55:05.3168863Z [90m[🌎 Easy Localization] [DEBUG] Localization initialized[0m
Linux Desktop Tests (4)	UNKNOWN STEP	2026-02-25T19:55:05.3190020Z [Matrix] [32mInitialize client Substitution[0m
Linux Desktop Tests (4)	UNKNOWN STEP	2026-02-25T19:55:05.3269400Z [Matrix] [32mUser is not logged in.[0m
Linux Desktop Tests (4)	UNKNOWN STEP	2026-02-25T19:55:05.3306759Z [90m[🌎 Easy Localization] [DEBUG] Start[0m
Linux Desktop Tests (4)	UNKNOWN STEP	2026-02-25T19:55:05.6442125Z [90m[🌎 Easy Localization] [DEBUG] Init state[0m
Linux Desktop Tests (4)	UNKNOWN STEP	2026-02-25T19:55:05.6484470Z [90m[🌎 Easy Localization] [DEBUG] Build[0m
Linux Desktop Tests (4)	UNKNOWN STEP	2026-02-25T19:55:05.6486108Z [90m[🌎 Easy Localization] [DEBUG] Init Localization Delegate[0m
Linux Desktop Tests (4)	UNKNOWN STEP	2026-02-25T19:55:05.6492605Z [90m[🌎 Easy Localization] [DEBUG] Init provider[0m
Linux Desktop Tests (4)	UNKNOWN STEP	2026-02-25T19:55:05.7904594Z [90m[🌎 Easy Localization] [DEBUG] Load Localization Delegate[0m
Linux Desktop Tests (4)	UNKNOWN STEP	2026-02-25T19:55:05.7917513Z [90m[🌎 Easy Localization] [DEBUG] Load asset from assets/translations[0m
Linux Desktop Tests (4)	UNKNOWN STEP	2026-02-25T19:55:05.8994047Z globalMatrixClient initialized!
Linux Desktop Tests (4)	UNKNOWN STEP	2026-02-25T19:55:06.2180780Z [90m[🌎 Easy Localization] [DEBUG] Build[0m
Linux Desktop Tests (4)	UNKNOWN STEP	2026-02-25T19:55:06.2185711Z [90m[🌎 Easy Localization] [DEBUG] Init Localization Delegate[0m
Linux Desktop Tests (4)	UNKNOWN STEP	2026-02-25T19:55:06.2188036Z [90m[🌎 Easy Localization] [DEBUG] Init provider[0m
Linux Desktop Tests (4)	UNKNOWN STEP	2026-02-25T19:55:09.6562898Z No Age Gate detected (or already passed).
Linux Desktop Tests (4)	UNKNOWN STEP	2026-02-25T19:55:35.6031546Z Debug: Checking for fields...
Linux Desktop Tests (4)	UNKNOWN STEP	2026-02-25T19:55:35.6034565Z Fields count: 2
Linux Desktop Tests (4)	UNKNOWN STEP	2026-02-25T19:55:35.6039481Z Username field found: true
Linux Desktop Tests (4)	UNKNOWN STEP	2026-02-25T19:55:35.6049760Z Password field found: true
Linux Desktop Tests (4)	UNKNOWN STEP	2026-02-25T19:55:51.2049525Z ✓ Onboarding and login completed successfully
Linux Desktop Tests (4)	UNKNOWN STEP	2026-02-25T19:55:51.2770909Z 00:46 +1: Onboarding & Login Flow with Real Matrix Server Login with invalid credentials shows error
Linux Desktop Tests (4)	UNKNOWN STEP	2026-02-25T19:55:51.3146337Z *** sqflite warning ***
Linux Desktop Tests (4)	UNKNOWN STEP	2026-02-25T19:55:51.3147374Z 
Linux Desktop Tests (4)	UNKNOWN STEP	2026-02-25T19:55:51.3150191Z You are changing sqflite default factory.
Linux Desktop Tests (4)	UNKNOWN STEP	2026-02-25T19:55:51.3151298Z Be aware of the potential side effects. Any library using sqflite
Linux Desktop Tests (4)	UNKNOWN STEP	2026-02-25T19:55:51.3152442Z will have this factory as the default for all operations.
Linux Desktop Tests (4)	UNKNOWN STEP	2026-02-25T19:55:51.3152854Z 
Linux Desktop Tests (4)	UNKNOWN STEP	2026-02-25T19:55:51.3153024Z *** sqflite warning ***
Linux Desktop Tests (4)	UNKNOWN STEP	2026-02-25T19:55:51.3153265Z 
Linux Desktop Tests (4)	UNKNOWN STEP	2026-02-25T19:55:51.3153509Z Waiting for globalMatrixClient to be initialized...
Linux Desktop Tests (4)	UNKNOWN STEP	2026-02-25T19:55:51.3154287Z globalMatrixClient initialized!
Linux Desktop Tests (4)	UNKNOWN STEP	2026-02-25T19:55:51.3838086Z [90m[🌎 Easy Localization] [DEBUG] Localization initialized[0m
Linux Desktop Tests (4)	UNKNOWN STEP	2026-02-25T19:55:51.3838575Z [Matrix] [32mInitialize client Substitution[0m
Linux Desktop Tests (4)	UNKNOWN STEP	2026-02-25T19:55:51.3851661Z [Matrix] [32mUser is not logged in.[0m
Linux Desktop Tests (4)	UNKNOWN STEP	2026-02-25T19:55:51.3854230Z [90m[🌎 Easy Localization] [DEBUG] Start[0m
Linux Desktop Tests (4)	UNKNOWN STEP	2026-02-25T19:55:51.6343096Z 00:46 +1: Onboarding & Login Flow with Real Matrix Server Complete onboarding: host selection -> login -> view feed
Linux Desktop Tests (4)	UNKNOWN STEP	2026-02-25T19:55:51.6344674Z [90m[🌎 Easy Localization] [DEBUG] Init state[0m
Linux Desktop Tests (4)	UNKNOWN STEP	2026-02-25T19:55:51.6349958Z [90m[🌎 Easy Localization] [DEBUG] Build[0m
Linux Desktop Tests (4)	UNKNOWN STEP	2026-02-25T19:55:51.6350774Z [90m[🌎 Easy Localization] [DEBUG] Init Localization Delegate[0m
Linux Desktop Tests (4)	UNKNOWN STEP	2026-02-25T19:55:51.6351631Z [90m[🌎 Easy Localization] [DEBUG] Init provider[0m
Linux Desktop Tests (4)	UNKNOWN STEP	2026-02-25T19:55:51.6427413Z [90m[🌎 Easy Localization] [DEBUG] Load Localization Delegate[0m
Linux Desktop Tests (4)	UNKNOWN STEP	2026-02-25T19:55:51.6430285Z [90m[🌎 Easy Localization] [DEBUG] Load asset from assets/translations[0m
Linux Desktop Tests (4)	UNKNOWN STEP	2026-02-25T19:55:51.9505931Z [90m[🌎 Easy Localization] [DEBUG] Build[0m
Linux Desktop Tests (4)	UNKNOWN STEP	2026-02-25T19:55:51.9507010Z [90m[🌎 Easy Localization] [DEBUG] Init Localization Delegate[0m
Linux Desktop Tests (4)	UNKNOWN STEP	2026-02-25T19:55:51.9507907Z [90m[🌎 Easy Localization] [DEBUG] Init provider[0m
Linux Desktop Tests (4)	UNKNOWN STEP	2026-02-25T19:55:54.5202092Z 00:49 +1: Onboarding & Login Flow with Real Matrix Server Login with invalid credentials shows error
Linux Desktop Tests (4)	UNKNOWN STEP	2026-02-25T19:55:54.5202936Z No Age Gate detected (or already passed).
Linux Desktop Tests (4)	UNKNOWN STEP	2026-02-25T19:56:02.4641310Z Debug: Checking for fields (Invalid login test)...
Linux Desktop Tests (4)	UNKNOWN STEP	2026-02-25T19:56:02.4642165Z Fields count: 2
Linux Desktop Tests (4)	UNKNOWN STEP	2026-02-25T19:56:06.1376066Z ✓ Invalid credentials properly rejected
Linux Desktop Tests (4)	UNKNOWN STEP	2026-02-25T19:56:06.1784526Z 01:01 +2: Onboarding & Login Flow with Real Matrix Server User can choose different homeserver
Linux Desktop Tests (4)	UNKNOWN STEP	2026-02-25T19:56:06.2098043Z *** sqflite warning ***
Linux Desktop Tests (4)	UNKNOWN STEP	2026-02-25T19:56:06.2098353Z 
Linux Desktop Tests (4)	UNKNOWN STEP	2026-02-25T19:56:06.2098570Z You are changing sqflite default factory.
Linux Desktop Tests (4)	UNKNOWN STEP	2026-02-25T19:56:06.2099199Z Be aware of the potential side effects. Any library using sqflite
Linux Desktop Tests (4)	UNKNOWN STEP	2026-02-25T19:56:06.2099875Z will have this factory as the default for all operations.
Linux Desktop Tests (4)	UNKNOWN STEP	2026-02-25T19:56:06.2100269Z 
Linux Desktop Tests (4)	UNKNOWN STEP	2026-02-25T19:56:06.2100408Z *** sqflite warning ***
Linux Desktop Tests (4)	UNKNOWN STEP	2026-02-25T19:56:06.2100633Z 
Linux Desktop Tests (4)	UNKNOWN STEP	2026-02-25T19:56:06.2100844Z Waiting for globalMatrixClient to be initialized...
Linux Desktop Tests (4)	UNKNOWN STEP	2026-02-25T19:56:06.2101371Z globalMatrixClient initialized!
Linux Desktop Tests (4)	UNKNOWN STEP	2026-02-25T19:56:06.2678514Z [90m[🌎 Easy Localization] [DEBUG] Localization initialized[0m
Linux Desktop Tests (4)	UNKNOWN STEP	2026-02-25T19:56:06.2679305Z [Matrix] [32mInitialize client Substitution[0m
Linux Desktop Tests (4)	UNKNOWN STEP	2026-02-25T19:56:06.2696634Z [Matrix] [32mUser is not logged in.[0m
Linux Desktop Tests (4)	UNKNOWN STEP	2026-02-25T19:56:06.2698811Z [90m[🌎 Easy Localization] [DEBUG] Start[0m
Linux Desktop Tests (4)	UNKNOWN STEP	2026-02-25T19:56:06.5181076Z 01:01 +2: Onboarding & Login Flow with Real Matrix Server Complete onboarding: host selection -> login -> view feed
Linux Desktop Tests (4)	UNKNOWN STEP	2026-02-25T19:56:06.5182830Z [90m[🌎 Easy Localization] [DEBUG] Init state[0m
Linux Desktop Tests (4)	UNKNOWN STEP	2026-02-25T19:56:06.5185305Z [90m[🌎 Easy Localization] [DEBUG] Build[0m
Linux Desktop Tests (4)	UNKNOWN STEP	2026-02-25T19:56:06.5187081Z [90m[🌎 Easy Localization] [DEBUG] Init Localization Delegate[0m
Linux Desktop Tests (4)	UNKNOWN STEP	2026-02-25T19:56:06.5187841Z [90m[🌎 Easy Localization] [DEBUG] Init provider[0m
Linux Desktop Tests (4)	UNKNOWN STEP	2026-02-25T19:56:06.5226539Z [90m[🌎 Easy Localization] [DEBUG] Load Localization Delegate[0m
Linux Desktop Tests (4)	UNKNOWN STEP	2026-02-25T19:56:06.5228504Z [90m[🌎 Easy Localization] [DEBUG] Load asset from assets/translations[0m
Linux Desktop Tests (4)	UNKNOWN STEP	2026-02-25T19:56:06.8333046Z [90m[🌎 Easy Localization] [DEBUG] Build[0m
Linux Desktop Tests (4)	UNKNOWN STEP	2026-02-25T19:56:06.8336841Z [90m[🌎 Easy Localization] [DEBUG] Init Localization Delegate[0m
Linux Desktop Tests (4)	UNKNOWN STEP	2026-02-25T19:56:06.8338505Z [90m[🌎 Easy Localization] [DEBUG] Init provider[0m
Linux Desktop Tests (4)	UNKNOWN STEP	2026-02-25T19:56:09.4030191Z 01:04 +2: Onboarding & Login Flow with Real Matrix Server User can choose different homeserver
Linux Desktop Tests (4)	UNKNOWN STEP	2026-02-25T19:56:09.4030998Z No Age Gate detected (or already passed).
Linux Desktop Tests (4)	UNKNOWN STEP	2026-02-25T19:56:14.1088274Z ✓ Homeserver selection working
Linux Desktop Tests (4)	UNKNOWN STEP	2026-02-25T19:56:14.1494429Z 01:09 +3: (tearDownAll)
Linux Desktop Tests (4)	UNKNOWN STEP	2026-02-25T19:56:14.1641391Z 01:09 +3: All tests passed!
Linux Desktop Tests (4)	UNKNOWN STEP	2026-02-25T19:56:14.2038170Z [0;34m[INFO][0m   Running: integration_test/registration_button_test.dart
Linux Desktop Tests (4)	UNKNOWN STEP	2026-02-25T19:56:15.2660366Z 00:00 +0: loading /home/runner/work/substitution/substitution/integration_test/registration_button_test.dart
Linux Desktop Tests (4)	UNKNOWN STEP	2026-02-25T19:56:41.1611145Z Building Linux application...                                   
Linux Desktop Tests (4)	UNKNOWN STEP	2026-02-25T19:56:41.1641359Z ✓ Built build/linux/x64/debug/bundle/substitution
Linux Desktop Tests (4)	UNKNOWN STEP	2026-02-25T19:56:41.8731334Z 00:00 +0: Registration Options Test with Real Matrix Server Login page shows SSO and Web Register buttons
Linux Desktop Tests (4)	UNKNOWN STEP	2026-02-25T19:56:42.3552519Z [90m[🌎 Easy Localization] [DEBUG] Localization initialized[0m
Linux Desktop Tests (4)	UNKNOWN STEP	2026-02-25T19:56:42.3571613Z [Matrix] [32mInitialize client Substitution[0m
Linux Desktop Tests (4)	UNKNOWN STEP	2026-02-25T19:56:42.3650296Z [Matrix] [32mUser is not logged in.[0m
Linux Desktop Tests (4)	UNKNOWN STEP	2026-02-25T19:56:42.3684697Z [90m[🌎 Easy Localization] [DEBUG] Start[0m
Linux Desktop Tests (4)	UNKNOWN STEP	2026-02-25T19:56:42.6967457Z [90m[🌎 Easy Localization] [DEBUG] Init state[0m
Linux Desktop Tests (4)	UNKNOWN STEP	2026-02-25T19:56:42.6981267Z [90m[🌎 Easy Localization] [DEBUG] Build[0m
Linux Desktop Tests (4)	UNKNOWN STEP	2026-02-25T19:56:42.6988736Z [90m[🌎 Easy Localization] [DEBUG] Init Localization Delegate[0m
Linux Desktop Tests (4)	UNKNOWN STEP	2026-02-25T19:56:42.6995140Z [90m[🌎 Easy Localization] [DEBUG] Init provider[0m
Linux Desktop Tests (4)	UNKNOWN STEP	2026-02-25T19:56:42.8295137Z [90m[🌎 Easy Localization] [DEBUG] Load Localization Delegate[0m
Linux Desktop Tests (4)	UNKNOWN STEP	2026-02-25T19:56:42.8322835Z [90m[🌎 Easy Localization] [DEBUG] Load asset from assets/translations[0m
Linux Desktop Tests (4)	UNKNOWN STEP	2026-02-25T19:56:43.4551482Z [90m[🌎 Easy Localization] [DEBUG] Build[0m
Linux Desktop Tests (4)	UNKNOWN STEP	2026-02-25T19:56:43.4552984Z [90m[🌎 Easy Localization] [DEBUG] Init Localization Delegate[0m
Linux Desktop Tests (4)	UNKNOWN STEP	2026-02-25T19:56:43.4554116Z [90m[🌎 Easy Localization] [DEBUG] Init provider[0m
Linux Desktop Tests (4)	UNKNOWN STEP	2026-02-25T19:57:01.5564937Z ✓ Found SSO alternatives
Linux Desktop Tests (4)	UNKNOWN STEP	2026-02-25T19:57:04.6550471Z ✓ Registration buttons verify successfully
Linux Desktop Tests (4)	UNKNOWN STEP	2026-02-25T19:57:04.7225337Z 00:22 +1: (tearDownAll)
Linux Desktop Tests (4)	UNKNOWN STEP	2026-02-25T19:57:04.7467897Z 00:22 +1: All tests passed!
Linux Desktop Tests (4)	UNKNOWN STEP	2026-02-25T19:57:04.7958617Z [0;32m[OK][0m Linux tests passed
Linux Desktop Tests (4)	UNKNOWN STEP	2026-02-25T19:57:04.7958987Z 
Linux Desktop Tests (4)	UNKNOWN STEP	2026-02-25T19:57:04.7960175Z [1m══════════════════════════════════════════════════════════[0m
Linux Desktop Tests (4)	UNKNOWN STEP	2026-02-25T19:57:04.7960812Z [1m  Test Results Summary[0m
Linux Desktop Tests (4)	UNKNOWN STEP	2026-02-25T19:57:04.7961520Z [1m══════════════════════════════════════════════════════════[0m
Linux Desktop Tests (4)	UNKNOWN STEP	2026-02-25T19:57:04.7961907Z 
Linux Desktop Tests (4)	UNKNOWN STEP	2026-02-25T19:57:04.7962129Z   TARGET             PASSED   FAILED  SKIPPED   DURATION
Linux Desktop Tests (4)	UNKNOWN STEP	2026-02-25T19:57:04.7962814Z   ──────────────── ──────── ──────── ──────── ──────────
Linux Desktop Tests (4)	UNKNOWN STEP	2026-02-25T19:57:04.7963563Z   [0;32mlinux           [0m       11        0        0     4m 26s
Linux Desktop Tests (4)	UNKNOWN STEP	2026-02-25T19:57:04.7964301Z 
Linux Desktop Tests (4)	UNKNOWN STEP	2026-02-25T19:57:04.7964577Z   ──────────────── ──────── ──────── ────────
Linux Desktop Tests (4)	UNKNOWN STEP	2026-02-25T19:57:04.7965220Z   [0;32mTOTAL                  11        0        0[0m
Linux Desktop Tests (4)	UNKNOWN STEP	2026-02-25T19:57:04.7965563Z 
Linux Desktop Tests (4)	UNKNOWN STEP	2026-02-25T19:57:04.7965775Z   [0;32m[1mRESULT: PASSED[0m
Linux Desktop Tests (4)	UNKNOWN STEP	2026-02-25T19:57:04.7966046Z 
Linux Desktop Tests (4)	UNKNOWN STEP	2026-02-25T19:57:04.7967073Z [1m══════════════════════════════════════════════════════════[0m
Linux Desktop Tests (4)	UNKNOWN STEP	2026-02-25T19:57:04.7967652Z 
Linux Desktop Tests (4)	UNKNOWN STEP	2026-02-25T19:57:04.7968155Z [0;34m[INFO][0m Cleaning up...
Linux Desktop Tests (4)	UNKNOWN STEP	2026-02-25T19:57:04.8128111Z [0;34m[INFO][0m Cleanup complete
Linux Desktop Tests (4)	UNKNOWN STEP	2026-02-25T19:57:04.8199922Z ##[group]Run docker compose down -v
Linux Desktop Tests (4)	UNKNOWN STEP	2026-02-25T19:57:04.8200259Z [36;1mdocker compose down -v[0m
Linux Desktop Tests (4)	UNKNOWN STEP	2026-02-25T19:57:04.8249630Z shell: /usr/bin/bash -e {0}
Linux Desktop Tests (4)	UNKNOWN STEP	2026-02-25T19:57:04.8249872Z env:
Linux Desktop Tests (4)	UNKNOWN STEP	2026-02-25T19:57:04.8250048Z   CACHE_VERSION: v1
Linux Desktop Tests (4)	UNKNOWN STEP	2026-02-25T19:57:04.8250353Z   FLUTTER_ROOT: /opt/hostedtoolcache/flutter/stable-3.41.2-x64
Linux Desktop Tests (4)	UNKNOWN STEP	2026-02-25T19:57:04.8250736Z   PUB_CACHE: /home/runner/.pub-cache
Linux Desktop Tests (4)	UNKNOWN STEP	2026-02-25T19:57:04.8251002Z ##[endgroup]
Linux Desktop Tests (4)	UNKNOWN STEP	2026-02-25T19:57:04.8995749Z time="2026-02-25T19:57:04Z" level=warning msg="/home/runner/work/substitution/substitution/docker-compose.yml: the attribute `version` is obsolete, it will be ignored, please remove it to avoid potential confusion"
Linux Desktop Tests (4)	UNKNOWN STEP	2026-02-25T19:57:04.9034979Z  Container substitution-redis-1  Stopping
Linux Desktop Tests (4)	UNKNOWN STEP	2026-02-25T19:57:04.9036164Z  Container substitution-matrix-synapse-1  Stopping
Linux Desktop Tests (4)	UNKNOWN STEP	2026-02-25T19:57:05.2685834Z  Container substitution-redis-1  Stopped
Linux Desktop Tests (4)	UNKNOWN STEP	2026-02-25T19:57:05.2686639Z  Container substitution-redis-1  Removing
Linux Desktop Tests (4)	UNKNOWN STEP	2026-02-25T19:57:05.2738318Z  Container substitution-redis-1  Removed
Linux Desktop Tests (4)	UNKNOWN STEP	2026-02-25T19:57:05.2994755Z  Container substitution-matrix-synapse-1  Stopped
Linux Desktop Tests (4)	UNKNOWN STEP	2026-02-25T19:57:05.2995494Z  Container substitution-matrix-synapse-1  Removing
Linux Desktop Tests (4)	UNKNOWN STEP	2026-02-25T19:57:05.3640904Z  Container substitution-matrix-synapse-1  Removed
Linux Desktop Tests (4)	UNKNOWN STEP	2026-02-25T19:57:05.3641856Z  Container substitution-dex-1  Stopping
Linux Desktop Tests (4)	UNKNOWN STEP	2026-02-25T19:57:05.3642620Z  Container substitution-postgres-1  Stopping
Linux Desktop Tests (4)	UNKNOWN STEP	2026-02-25T19:57:05.5018223Z  Container substitution-dex-1  Stopped
Linux Desktop Tests (4)	UNKNOWN STEP	2026-02-25T19:57:05.5020086Z  Container substitution-dex-1  Removing
Linux Desktop Tests (4)	UNKNOWN STEP	2026-02-25T19:57:05.5053675Z  Container substitution-dex-1  Removed
Linux Desktop Tests (4)	UNKNOWN STEP	2026-02-25T19:57:05.5805115Z  Container substitution-postgres-1  Stopped
Linux Desktop Tests (4)	UNKNOWN STEP	2026-02-25T19:57:05.5808658Z  Container substitution-postgres-1  Removing
Linux Desktop Tests (4)	UNKNOWN STEP	2026-02-25T19:57:05.6550331Z  Container substitution-postgres-1  Removed
Linux Desktop Tests (4)	UNKNOWN STEP	2026-02-25T19:57:05.6571715Z  Network substitution_substitution_network  Removing
Linux Desktop Tests (4)	UNKNOWN STEP	2026-02-25T19:57:05.7513597Z  Network substitution_substitution_network  Removed
Linux Desktop Tests (4)	UNKNOWN STEP	2026-02-25T19:57:05.7683945Z Post job cleanup.
Linux Desktop Tests (4)	UNKNOWN STEP	2026-02-25T19:57:05.9106460Z Post job cleanup.
Linux Desktop Tests (4)	UNKNOWN STEP	2026-02-25T19:57:06.0457240Z Cache hit occurred on the primary key flutter-pub-linux-stable-3.41.2-x64-90673a4eef275d1a6692c26ac80d6d746d41a73a-fabacfc13d2b7e18a7fb2822593662b03764f624bf41fd351cdabec60fb27783, not saving cache.
Linux Desktop Tests (4)	UNKNOWN STEP	2026-02-25T19:57:06.0542072Z Post job cleanup.
Linux Desktop Tests (4)	UNKNOWN STEP	2026-02-25T19:57:06.1892590Z Cache hit occurred on the primary key flutter-linux-stable-3.41.2-x64-90673a4eef275d1a6692c26ac80d6d746d41a73a, not saving cache.
Linux Desktop Tests (4)	UNKNOWN STEP	2026-02-25T19:57:06.2030255Z Post job cleanup.
Linux Desktop Tests (4)	UNKNOWN STEP	2026-02-25T19:57:06.3035194Z [command]/usr/bin/git version
Linux Desktop Tests (4)	UNKNOWN STEP	2026-02-25T19:57:06.3073048Z git version 2.53.0
Linux Desktop Tests (4)	UNKNOWN STEP	2026-02-25T19:57:06.3119349Z Temporarily overriding HOME='/home/runner/work/_temp/52ae6933-a648-4ff9-9037-57b13c40e622' before making global git config changes
Linux Desktop Tests (4)	UNKNOWN STEP	2026-02-25T19:57:06.3120717Z Adding repository directory to the temporary git global config as a safe directory
Linux Desktop Tests (4)	UNKNOWN STEP	2026-02-25T19:57:06.3133400Z [command]/usr/bin/git config --global --add safe.directory /home/runner/work/substitution/substitution
Linux Desktop Tests (4)	UNKNOWN STEP	2026-02-25T19:57:06.3171025Z [command]/usr/bin/git config --local --name-only --get-regexp core\.sshCommand
Linux Desktop Tests (4)	UNKNOWN STEP	2026-02-25T19:57:06.3205800Z [command]/usr/bin/git submodule foreach --recursive sh -c "git config --local --name-only --get-regexp 'core\.sshCommand' && git config --local --unset-all 'core.sshCommand' || :"
Linux Desktop Tests (4)	UNKNOWN STEP	2026-02-25T19:57:06.3450330Z [command]/usr/bin/git config --local --name-only --get-regexp http\.https\:\/\/github\.com\/\.extraheader
Linux Desktop Tests (4)	UNKNOWN STEP	2026-02-25T19:57:06.3473525Z http.https://github.com/.extraheader
Linux Desktop Tests (4)	UNKNOWN STEP	2026-02-25T19:57:06.3486959Z [command]/usr/bin/git config --local --unset-all http.https://github.com/.extraheader
Linux Desktop Tests (4)	UNKNOWN STEP	2026-02-25T19:57:06.3518784Z [command]/usr/bin/git submodule foreach --recursive sh -c "git config --local --name-only --get-regexp 'http\.https\:\/\/github\.com\/\.extraheader' && git config --local --unset-all 'http.https://github.com/.extraheader' || :"
Linux Desktop Tests (4)	UNKNOWN STEP	2026-02-25T19:57:06.3753459Z [command]/usr/bin/git config --local --name-only --get-regexp ^includeIf\.gitdir:
Linux Desktop Tests (4)	UNKNOWN STEP	2026-02-25T19:57:06.3786953Z [command]/usr/bin/git submodule foreach --recursive git config --local --show-origin --name-only --get-regexp remote.origin.url
Linux Desktop Tests (4)	UNKNOWN STEP	2026-02-25T19:57:06.4133688Z Cleaning up orphan processes
iOS Tests (Simulator) (5)	UNKNOWN STEP	﻿2026-02-25T19:48:13.0401680Z Current runner version: '2.331.0'
iOS Tests (Simulator) (5)	UNKNOWN STEP	2026-02-25T19:48:13.0415660Z ##[group]Runner Image Provisioner
iOS Tests (Simulator) (5)	UNKNOWN STEP	2026-02-25T19:48:13.0416230Z Hosted Compute Agent
iOS Tests (Simulator) (5)	UNKNOWN STEP	2026-02-25T19:48:13.0416580Z Version: 20260213.493
iOS Tests (Simulator) (5)	UNKNOWN STEP	2026-02-25T19:48:13.0416970Z Commit: 5c115507f6dd24b8de37d8bbe0bb4509d0cc0fa3
iOS Tests (Simulator) (5)	UNKNOWN STEP	2026-02-25T19:48:13.0417420Z Build Date: 2026-02-13T00:28:41Z
iOS Tests (Simulator) (5)	UNKNOWN STEP	2026-02-25T19:48:13.0417850Z Worker ID: {7cfe64ea-b248-40fa-b8f8-e253bdeefcaf}
iOS Tests (Simulator) (5)	UNKNOWN STEP	2026-02-25T19:48:13.0418530Z Azure Region: westus
iOS Tests (Simulator) (5)	UNKNOWN STEP	2026-02-25T19:48:13.0418900Z ##[endgroup]
iOS Tests (Simulator) (5)	UNKNOWN STEP	2026-02-25T19:48:13.0419750Z ##[group]Operating System
iOS Tests (Simulator) (5)	UNKNOWN STEP	2026-02-25T19:48:13.0420110Z macOS
iOS Tests (Simulator) (5)	UNKNOWN STEP	2026-02-25T19:48:13.0420480Z 15.7.4
iOS Tests (Simulator) (5)	UNKNOWN STEP	2026-02-25T19:48:13.0420770Z 24G517
iOS Tests (Simulator) (5)	UNKNOWN STEP	2026-02-25T19:48:13.0421100Z ##[endgroup]
iOS Tests (Simulator) (5)	UNKNOWN STEP	2026-02-25T19:48:13.0421490Z ##[group]Runner Image
iOS Tests (Simulator) (5)	UNKNOWN STEP	2026-02-25T19:48:13.0421830Z Image: macos-15-arm64
iOS Tests (Simulator) (5)	UNKNOWN STEP	2026-02-25T19:48:13.0422210Z Version: 20260224.0170.1
iOS Tests (Simulator) (5)	UNKNOWN STEP	2026-02-25T19:48:13.0422970Z Included Software: https://github.com/actions/runner-images/blob/macos-15-arm64/20260224.0170/images/macos/macos-15-arm64-Readme.md
iOS Tests (Simulator) (5)	UNKNOWN STEP	2026-02-25T19:48:13.0423930Z Image Release: https://github.com/actions/runner-images/releases/tag/macos-15-arm64%2F20260224.0170
iOS Tests (Simulator) (5)	UNKNOWN STEP	2026-02-25T19:48:13.0424530Z ##[endgroup]
iOS Tests (Simulator) (5)	UNKNOWN STEP	2026-02-25T19:48:13.0425200Z ##[group]GITHUB_TOKEN Permissions
iOS Tests (Simulator) (5)	UNKNOWN STEP	2026-02-25T19:48:13.0426160Z Contents: read
iOS Tests (Simulator) (5)	UNKNOWN STEP	2026-02-25T19:48:13.0426500Z Metadata: read
iOS Tests (Simulator) (5)	UNKNOWN STEP	2026-02-25T19:48:13.0426800Z Packages: read
iOS Tests (Simulator) (5)	UNKNOWN STEP	2026-02-25T19:48:13.0427110Z ##[endgroup]
iOS Tests (Simulator) (5)	UNKNOWN STEP	2026-02-25T19:48:13.0428390Z Secret source: Actions
iOS Tests (Simulator) (5)	UNKNOWN STEP	2026-02-25T19:48:13.0428790Z Prepare workflow directory
iOS Tests (Simulator) (5)	UNKNOWN STEP	2026-02-25T19:48:13.0677550Z Prepare all required actions
iOS Tests (Simulator) (5)	UNKNOWN STEP	2026-02-25T19:48:13.0704660Z Getting action download info
iOS Tests (Simulator) (5)	UNKNOWN STEP	2026-02-25T19:48:13.4264470Z Download action repository 'actions/checkout@v4' (SHA:34e114876b0b11c390a56381ad16ebd13914f8d5)
iOS Tests (Simulator) (5)	UNKNOWN STEP	2026-02-25T19:48:13.6542630Z Download action repository 'subosito/flutter-action@v2' (SHA:fd55f4c5af5b953cc57a2be44cb082c8f6635e8e)
iOS Tests (Simulator) (5)	UNKNOWN STEP	2026-02-25T19:48:14.4128370Z Getting action download info
iOS Tests (Simulator) (5)	UNKNOWN STEP	2026-02-25T19:48:14.5761600Z Download action repository 'actions/cache@v4' (SHA:0057852bfaa89a56745cba8c7296529d2fc39830)
iOS Tests (Simulator) (5)	UNKNOWN STEP	2026-02-25T19:48:14.6916500Z Complete job name: iOS Tests (Simulator) (5)
iOS Tests (Simulator) (5)	UNKNOWN STEP	2026-02-25T19:48:14.7324480Z ##[group]Run actions/checkout@v4
iOS Tests (Simulator) (5)	UNKNOWN STEP	2026-02-25T19:48:14.7324990Z with:
iOS Tests (Simulator) (5)	UNKNOWN STEP	2026-02-25T19:48:14.7325270Z   repository: floffel/substitution
iOS Tests (Simulator) (5)	UNKNOWN STEP	2026-02-25T19:48:14.7325790Z   token: ***
iOS Tests (Simulator) (5)	UNKNOWN STEP	2026-02-25T19:48:14.7326050Z   ssh-strict: true
iOS Tests (Simulator) (5)	UNKNOWN STEP	2026-02-25T19:48:14.7326320Z   ssh-user: git
iOS Tests (Simulator) (5)	UNKNOWN STEP	2026-02-25T19:48:14.7326590Z   persist-credentials: true
iOS Tests (Simulator) (5)	UNKNOWN STEP	2026-02-25T19:48:14.7326900Z   clean: true
iOS Tests (Simulator) (5)	UNKNOWN STEP	2026-02-25T19:48:14.7327180Z   sparse-checkout-cone-mode: true
iOS Tests (Simulator) (5)	UNKNOWN STEP	2026-02-25T19:48:14.7328530Z   fetch-depth: 1
iOS Tests (Simulator) (5)	UNKNOWN STEP	2026-02-25T19:48:14.7328830Z   fetch-tags: false
iOS Tests (Simulator) (5)	UNKNOWN STEP	2026-02-25T19:48:14.7329110Z   show-progress: true
iOS Tests (Simulator) (5)	UNKNOWN STEP	2026-02-25T19:48:14.7329390Z   lfs: false
iOS Tests (Simulator) (5)	UNKNOWN STEP	2026-02-25T19:48:14.7329640Z   submodules: false
iOS Tests (Simulator) (5)	UNKNOWN STEP	2026-02-25T19:48:14.7329920Z   set-safe-directory: true
iOS Tests (Simulator) (5)	UNKNOWN STEP	2026-02-25T19:48:14.7330540Z env:
iOS Tests (Simulator) (5)	UNKNOWN STEP	2026-02-25T19:48:14.7330800Z   CACHE_VERSION: v1
iOS Tests (Simulator) (5)	UNKNOWN STEP	2026-02-25T19:48:14.7331070Z ##[endgroup]
iOS Tests (Simulator) (5)	UNKNOWN STEP	2026-02-25T19:48:15.0045750Z Syncing repository: floffel/substitution
iOS Tests (Simulator) (5)	UNKNOWN STEP	2026-02-25T19:48:15.0047080Z ##[group]Getting Git version info
iOS Tests (Simulator) (5)	UNKNOWN STEP	2026-02-25T19:48:15.0047780Z Working directory is '/Users/runner/work/substitution/substitution'
iOS Tests (Simulator) (5)	UNKNOWN STEP	2026-02-25T19:48:15.0048510Z [command]/opt/homebrew/bin/git version
iOS Tests (Simulator) (5)	UNKNOWN STEP	2026-02-25T19:48:15.0669910Z git version 2.53.0
iOS Tests (Simulator) (5)	UNKNOWN STEP	2026-02-25T19:48:15.0695130Z ##[endgroup]
iOS Tests (Simulator) (5)	UNKNOWN STEP	2026-02-25T19:48:15.0700730Z Copying '/Users/runner/.gitconfig' to '/Users/runner/work/_temp/72e89fb3-b2fd-47ab-a2e2-8b7d0de45dc7/.gitconfig'
iOS Tests (Simulator) (5)	UNKNOWN STEP	2026-02-25T19:48:15.0706680Z Temporarily overriding HOME='/Users/runner/work/_temp/72e89fb3-b2fd-47ab-a2e2-8b7d0de45dc7' before making global git config changes
iOS Tests (Simulator) (5)	UNKNOWN STEP	2026-02-25T19:48:15.0707690Z Adding repository directory to the temporary git global config as a safe directory
iOS Tests (Simulator) (5)	UNKNOWN STEP	2026-02-25T19:48:15.0710360Z [command]/opt/homebrew/bin/git config --global --add safe.directory /Users/runner/work/substitution/substitution
iOS Tests (Simulator) (5)	UNKNOWN STEP	2026-02-25T19:48:15.0800000Z Deleting the contents of '/Users/runner/work/substitution/substitution'
iOS Tests (Simulator) (5)	UNKNOWN STEP	2026-02-25T19:48:15.0802070Z ##[group]Initializing the repository
iOS Tests (Simulator) (5)	UNKNOWN STEP	2026-02-25T19:48:15.0806330Z [command]/opt/homebrew/bin/git init /Users/runner/work/substitution/substitution
iOS Tests (Simulator) (5)	UNKNOWN STEP	2026-02-25T19:48:15.0944470Z hint: Using 'master' as the name for the initial branch. This default branch name
iOS Tests (Simulator) (5)	UNKNOWN STEP	2026-02-25T19:48:15.0945410Z hint: will change to "main" in Git 3.0. To configure the initial branch name
iOS Tests (Simulator) (5)	UNKNOWN STEP	2026-02-25T19:48:15.0946180Z hint: to use in all of your new repositories, which will suppress this warning,
iOS Tests (Simulator) (5)	UNKNOWN STEP	2026-02-25T19:48:15.0946700Z hint: call:
iOS Tests (Simulator) (5)	UNKNOWN STEP	2026-02-25T19:48:15.0946960Z hint:
iOS Tests (Simulator) (5)	UNKNOWN STEP	2026-02-25T19:48:15.0947330Z hint: 	git config --global init.defaultBranch <name>
iOS Tests (Simulator) (5)	UNKNOWN STEP	2026-02-25T19:48:15.0947730Z hint:
iOS Tests (Simulator) (5)	UNKNOWN STEP	2026-02-25T19:48:15.0948130Z hint: Names commonly chosen instead of 'master' are 'main', 'trunk' and
iOS Tests (Simulator) (5)	UNKNOWN STEP	2026-02-25T19:48:15.0948750Z hint: 'development'. The just-created branch can be renamed via this command:
iOS Tests (Simulator) (5)	UNKNOWN STEP	2026-02-25T19:48:15.0949240Z hint:
iOS Tests (Simulator) (5)	UNKNOWN STEP	2026-02-25T19:48:15.0949520Z hint: 	git branch -m <name>
iOS Tests (Simulator) (5)	UNKNOWN STEP	2026-02-25T19:48:15.0949840Z hint:
iOS Tests (Simulator) (5)	UNKNOWN STEP	2026-02-25T19:48:15.0950280Z hint: Disable this message with "git config set advice.defaultBranchName false"
iOS Tests (Simulator) (5)	UNKNOWN STEP	2026-02-25T19:48:15.0950970Z Initialized empty Git repository in /Users/runner/work/substitution/substitution/.git/
iOS Tests (Simulator) (5)	UNKNOWN STEP	2026-02-25T19:48:15.0952790Z [command]/opt/homebrew/bin/git remote add origin https://github.com/floffel/substitution
iOS Tests (Simulator) (5)	UNKNOWN STEP	2026-02-25T19:48:15.1017530Z ##[endgroup]
iOS Tests (Simulator) (5)	UNKNOWN STEP	2026-02-25T19:48:15.1018110Z ##[group]Disabling automatic garbage collection
iOS Tests (Simulator) (5)	UNKNOWN STEP	2026-02-25T19:48:15.1019820Z [command]/opt/homebrew/bin/git config --local gc.auto 0
iOS Tests (Simulator) (5)	UNKNOWN STEP	2026-02-25T19:48:15.1068200Z ##[endgroup]
iOS Tests (Simulator) (5)	UNKNOWN STEP	2026-02-25T19:48:15.1068700Z ##[group]Setting up auth
iOS Tests (Simulator) (5)	UNKNOWN STEP	2026-02-25T19:48:15.1072270Z [command]/opt/homebrew/bin/git config --local --name-only --get-regexp core\.sshCommand
iOS Tests (Simulator) (5)	UNKNOWN STEP	2026-02-25T19:48:15.1118070Z [command]/opt/homebrew/bin/git submodule foreach --recursive sh -c "git config --local --name-only --get-regexp 'core\.sshCommand' && git config --local --unset-all 'core.sshCommand' || :"
iOS Tests (Simulator) (5)	UNKNOWN STEP	2026-02-25T19:48:15.2576820Z [command]/opt/homebrew/bin/git config --local --name-only --get-regexp http\.https\:\/\/github\.com\/\.extraheader
iOS Tests (Simulator) (5)	UNKNOWN STEP	2026-02-25T19:48:15.2580440Z [command]/opt/homebrew/bin/git submodule foreach --recursive sh -c "git config --local --name-only --get-regexp 'http\.https\:\/\/github\.com\/\.extraheader' && git config --local --unset-all 'http.https://github.com/.extraheader' || :"
iOS Tests (Simulator) (5)	UNKNOWN STEP	2026-02-25T19:48:15.3204120Z [command]/opt/homebrew/bin/git config --local --name-only --get-regexp ^includeIf\.gitdir:
iOS Tests (Simulator) (5)	UNKNOWN STEP	2026-02-25T19:48:15.3267580Z [command]/opt/homebrew/bin/git submodule foreach --recursive git config --local --show-origin --name-only --get-regexp remote.origin.url
iOS Tests (Simulator) (5)	UNKNOWN STEP	2026-02-25T19:48:15.4068040Z [command]/opt/homebrew/bin/git config --local http.https://github.com/.extraheader AUTHORIZATION: basic ***
iOS Tests (Simulator) (5)	UNKNOWN STEP	2026-02-25T19:48:15.4189800Z ##[endgroup]
iOS Tests (Simulator) (5)	UNKNOWN STEP	2026-02-25T19:48:15.4191560Z ##[group]Fetching the repository
iOS Tests (Simulator) (5)	UNKNOWN STEP	2026-02-25T19:48:15.4194830Z [command]/opt/homebrew/bin/git -c protocol.version=2 fetch --no-tags --prune --no-recurse-submodules --depth=1 origin +0408461b08eee1bbe2c516702bd1813b916d3e4c:refs/remotes/pull/1/merge
iOS Tests (Simulator) (5)	UNKNOWN STEP	2026-02-25T19:48:16.4895280Z From https://github.com/floffel/substitution
iOS Tests (Simulator) (5)	UNKNOWN STEP	2026-02-25T19:48:16.4896350Z  * [new ref]         0408461b08eee1bbe2c516702bd1813b916d3e4c -> pull/1/merge
iOS Tests (Simulator) (5)	UNKNOWN STEP	2026-02-25T19:48:16.4994810Z ##[endgroup]
iOS Tests (Simulator) (5)	UNKNOWN STEP	2026-02-25T19:48:16.4995510Z ##[group]Determining the checkout info
iOS Tests (Simulator) (5)	UNKNOWN STEP	2026-02-25T19:48:16.4996280Z ##[endgroup]
iOS Tests (Simulator) (5)	UNKNOWN STEP	2026-02-25T19:48:16.5000990Z [command]/opt/homebrew/bin/git sparse-checkout disable
iOS Tests (Simulator) (5)	UNKNOWN STEP	2026-02-25T19:48:16.5098100Z [command]/opt/homebrew/bin/git config --local --unset-all extensions.worktreeConfig
iOS Tests (Simulator) (5)	UNKNOWN STEP	2026-02-25T19:48:16.5163840Z ##[group]Checking out the ref
iOS Tests (Simulator) (5)	UNKNOWN STEP	2026-02-25T19:48:16.5166120Z [command]/opt/homebrew/bin/git checkout --progress --force refs/remotes/pull/1/merge
iOS Tests (Simulator) (5)	UNKNOWN STEP	2026-02-25T19:48:16.7330140Z HEAD is now at 0408461 Merge 86c2f4a4443179a61e99b4f5d2c467a0f9c43a72 into 74cc852017b0f1fdeb37326726f5fee7effe2248
iOS Tests (Simulator) (5)	UNKNOWN STEP	2026-02-25T19:48:16.7355460Z ##[endgroup]
iOS Tests (Simulator) (5)	UNKNOWN STEP	2026-02-25T19:48:16.7440680Z [command]/opt/homebrew/bin/git log -1 --format=%H
iOS Tests (Simulator) (5)	UNKNOWN STEP	2026-02-25T19:48:16.7501270Z 0408461b08eee1bbe2c516702bd1813b916d3e4c
iOS Tests (Simulator) (5)	UNKNOWN STEP	2026-02-25T19:48:16.7778750Z ##[group]Run subosito/flutter-action@v2
iOS Tests (Simulator) (5)	UNKNOWN STEP	2026-02-25T19:48:16.7779080Z with:
iOS Tests (Simulator) (5)	UNKNOWN STEP	2026-02-25T19:48:16.7779310Z   channel: stable
iOS Tests (Simulator) (5)	UNKNOWN STEP	2026-02-25T19:48:16.7779540Z   cache: true
iOS Tests (Simulator) (5)	UNKNOWN STEP	2026-02-25T19:48:16.7779760Z   architecture: ARM64
iOS Tests (Simulator) (5)	UNKNOWN STEP	2026-02-25T19:48:16.7780010Z   pub-cache-path: default
iOS Tests (Simulator) (5)	UNKNOWN STEP	2026-02-25T19:48:16.7780270Z   dry-run: false
iOS Tests (Simulator) (5)	UNKNOWN STEP	2026-02-25T19:48:16.7780530Z   git-source: https://github.com/flutter/flutter.git
iOS Tests (Simulator) (5)	UNKNOWN STEP	2026-02-25T19:48:16.7780830Z env:
iOS Tests (Simulator) (5)	UNKNOWN STEP	2026-02-25T19:48:16.7781030Z   CACHE_VERSION: v1
iOS Tests (Simulator) (5)	UNKNOWN STEP	2026-02-25T19:48:16.7781240Z ##[endgroup]
iOS Tests (Simulator) (5)	UNKNOWN STEP	2026-02-25T19:48:16.7860250Z ##[group]Run chmod +x "$GITHUB_ACTION_PATH/setup.sh"
iOS Tests (Simulator) (5)	UNKNOWN STEP	2026-02-25T19:48:16.7860610Z [36;1mchmod +x "$GITHUB_ACTION_PATH/setup.sh"[0m
iOS Tests (Simulator) (5)	UNKNOWN STEP	2026-02-25T19:48:16.7898120Z shell: /bin/bash --noprofile --norc -e -o pipefail {0}
iOS Tests (Simulator) (5)	UNKNOWN STEP	2026-02-25T19:48:16.7898500Z env:
iOS Tests (Simulator) (5)	UNKNOWN STEP	2026-02-25T19:48:16.7898710Z   CACHE_VERSION: v1
iOS Tests (Simulator) (5)	UNKNOWN STEP	2026-02-25T19:48:16.7898950Z ##[endgroup]
iOS Tests (Simulator) (5)	UNKNOWN STEP	2026-02-25T19:48:16.8439080Z ##[group]Run $GITHUB_ACTION_PATH/setup.sh -p \
iOS Tests (Simulator) (5)	UNKNOWN STEP	2026-02-25T19:48:16.8439660Z [36;1m$GITHUB_ACTION_PATH/setup.sh -p \[0m
iOS Tests (Simulator) (5)	UNKNOWN STEP	2026-02-25T19:48:16.8439980Z [36;1m  -n '' \[0m
iOS Tests (Simulator) (5)	UNKNOWN STEP	2026-02-25T19:48:16.8440230Z [36;1m  -f '' \[0m
iOS Tests (Simulator) (5)	UNKNOWN STEP	2026-02-25T19:48:16.8440480Z [36;1m  -a 'ARM64' \[0m
iOS Tests (Simulator) (5)	UNKNOWN STEP	2026-02-25T19:48:16.8440720Z [36;1m  -k '' \[0m
iOS Tests (Simulator) (5)	UNKNOWN STEP	2026-02-25T19:48:16.8440960Z [36;1m  -c '' \[0m
iOS Tests (Simulator) (5)	UNKNOWN STEP	2026-02-25T19:48:16.8441210Z [36;1m  -l '' \[0m
iOS Tests (Simulator) (5)	UNKNOWN STEP	2026-02-25T19:48:16.8441450Z [36;1m  -d 'default' \[0m
iOS Tests (Simulator) (5)	UNKNOWN STEP	2026-02-25T19:48:16.8441800Z [36;1m  -g 'https://github.com/flutter/flutter.git' \[0m
iOS Tests (Simulator) (5)	UNKNOWN STEP	2026-02-25T19:48:16.8442140Z [36;1m  stable[0m
iOS Tests (Simulator) (5)	UNKNOWN STEP	2026-02-25T19:48:16.8482780Z shell: /bin/bash --noprofile --norc -e -o pipefail {0}
iOS Tests (Simulator) (5)	UNKNOWN STEP	2026-02-25T19:48:16.8483180Z env:
iOS Tests (Simulator) (5)	UNKNOWN STEP	2026-02-25T19:48:16.8483420Z   CACHE_VERSION: v1
iOS Tests (Simulator) (5)	UNKNOWN STEP	2026-02-25T19:48:16.8483650Z ##[endgroup]
iOS Tests (Simulator) (5)	UNKNOWN STEP	2026-02-25T19:48:17.3207660Z ##[group]Run actions/cache@v4
iOS Tests (Simulator) (5)	UNKNOWN STEP	2026-02-25T19:48:17.3207880Z with:
iOS Tests (Simulator) (5)	UNKNOWN STEP	2026-02-25T19:48:17.3208100Z   path: /Users/runner/hostedtoolcache/flutter/stable-3.41.2-arm64
iOS Tests (Simulator) (5)	UNKNOWN STEP	2026-02-25T19:48:17.3208520Z   key: flutter-macos-stable-3.41.2-arm64-90673a4eef275d1a6692c26ac80d6d746d41a73a
iOS Tests (Simulator) (5)	UNKNOWN STEP	2026-02-25T19:48:17.3208830Z   enableCrossOsArchive: false
iOS Tests (Simulator) (5)	UNKNOWN STEP	2026-02-25T19:48:17.3209010Z   fail-on-cache-miss: false
iOS Tests (Simulator) (5)	UNKNOWN STEP	2026-02-25T19:48:17.3209190Z   lookup-only: false
iOS Tests (Simulator) (5)	UNKNOWN STEP	2026-02-25T19:48:17.3209340Z   save-always: false
iOS Tests (Simulator) (5)	UNKNOWN STEP	2026-02-25T19:48:17.3209500Z env:
iOS Tests (Simulator) (5)	UNKNOWN STEP	2026-02-25T19:48:17.3209630Z   CACHE_VERSION: v1
iOS Tests (Simulator) (5)	UNKNOWN STEP	2026-02-25T19:48:17.3209770Z ##[endgroup]
iOS Tests (Simulator) (5)	UNKNOWN STEP	2026-02-25T19:48:17.5917870Z Cache not found for input keys: flutter-macos-stable-3.41.2-arm64-90673a4eef275d1a6692c26ac80d6d746d41a73a
iOS Tests (Simulator) (5)	UNKNOWN STEP	2026-02-25T19:48:17.6795150Z ##[group]Run actions/cache@v4
iOS Tests (Simulator) (5)	UNKNOWN STEP	2026-02-25T19:48:17.6795390Z with:
iOS Tests (Simulator) (5)	UNKNOWN STEP	2026-02-25T19:48:17.6795540Z   path: /Users/runner/.pub-cache
iOS Tests (Simulator) (5)	UNKNOWN STEP	2026-02-25T19:48:17.6796080Z   key: flutter-pub-macos-stable-3.41.2-arm64-90673a4eef275d1a6692c26ac80d6d746d41a73a-fabacfc13d2b7e18a7fb2822593662b03764f624bf41fd351cdabec60fb27783
iOS Tests (Simulator) (5)	UNKNOWN STEP	2026-02-25T19:48:17.6796650Z   enableCrossOsArchive: false
iOS Tests (Simulator) (5)	UNKNOWN STEP	2026-02-25T19:48:17.6796870Z   fail-on-cache-miss: false
iOS Tests (Simulator) (5)	UNKNOWN STEP	2026-02-25T19:48:17.6797050Z   lookup-only: false
iOS Tests (Simulator) (5)	UNKNOWN STEP	2026-02-25T19:48:17.6797230Z   save-always: false
iOS Tests (Simulator) (5)	UNKNOWN STEP	2026-02-25T19:48:17.6797390Z env:
iOS Tests (Simulator) (5)	UNKNOWN STEP	2026-02-25T19:48:17.6797520Z   CACHE_VERSION: v1
iOS Tests (Simulator) (5)	UNKNOWN STEP	2026-02-25T19:48:17.6797670Z ##[endgroup]
iOS Tests (Simulator) (5)	UNKNOWN STEP	2026-02-25T19:48:17.9464310Z Cache not found for input keys: flutter-pub-macos-stable-3.41.2-arm64-90673a4eef275d1a6692c26ac80d6d746d41a73a-fabacfc13d2b7e18a7fb2822593662b03764f624bf41fd351cdabec60fb27783
iOS Tests (Simulator) (5)	UNKNOWN STEP	2026-02-25T19:48:17.9516920Z ##[group]Run $GITHUB_ACTION_PATH/setup.sh \
iOS Tests (Simulator) (5)	UNKNOWN STEP	2026-02-25T19:48:17.9517210Z [36;1m$GITHUB_ACTION_PATH/setup.sh \[0m
iOS Tests (Simulator) (5)	UNKNOWN STEP	2026-02-25T19:48:17.9517430Z [36;1m  -n '3.41.2' \[0m
iOS Tests (Simulator) (5)	UNKNOWN STEP	2026-02-25T19:48:17.9517630Z [36;1m  -a 'arm64' \[0m
iOS Tests (Simulator) (5)	UNKNOWN STEP	2026-02-25T19:48:17.9517940Z [36;1m  -c '/Users/runner/hostedtoolcache/flutter/stable-3.41.2-arm64' \[0m
iOS Tests (Simulator) (5)	UNKNOWN STEP	2026-02-25T19:48:17.9518270Z [36;1m  -d '/Users/runner/.pub-cache' \[0m
iOS Tests (Simulator) (5)	UNKNOWN STEP	2026-02-25T19:48:17.9518500Z [36;1m  stable[0m
iOS Tests (Simulator) (5)	UNKNOWN STEP	2026-02-25T19:48:17.9546680Z shell: /bin/bash --noprofile --norc -e -o pipefail {0}
iOS Tests (Simulator) (5)	UNKNOWN STEP	2026-02-25T19:48:17.9547170Z env:
iOS Tests (Simulator) (5)	UNKNOWN STEP	2026-02-25T19:48:17.9547330Z   CACHE_VERSION: v1
iOS Tests (Simulator) (5)	UNKNOWN STEP	2026-02-25T19:48:17.9547800Z ##[endgroup]
iOS Tests (Simulator) (5)	UNKNOWN STEP	2026-02-25T19:48:18.4278160Z   % Total    % Received % Xferd  Average Speed   Time    Time     Time  Current
iOS Tests (Simulator) (5)	UNKNOWN STEP	2026-02-25T19:48:18.4279440Z                                  Dload  Upload   Total   Spent    Left  Speed
iOS Tests (Simulator) (5)	UNKNOWN STEP	2026-02-25T19:48:18.4290190Z 
iOS Tests (Simulator) (5)	UNKNOWN STEP	2026-02-25T19:48:18.8544820Z   0     0    0     0    0     0      0      0 --:--:-- --:--:-- --:--:--     0
iOS Tests (Simulator) (5)	UNKNOWN STEP	2026-02-25T19:48:19.8475550Z   0 2045M    0 1678k    0     0  4009k      0  0:08:42 --:--:--  0:08:42 4006k
iOS Tests (Simulator) (5)	UNKNOWN STEP	2026-02-25T19:48:20.8491640Z   3 2045M    3 80.5M    0     0  56.7M      0  0:00:36  0:00:01  0:00:35 56.7M
iOS Tests (Simulator) (5)	UNKNOWN STEP	2026-02-25T19:48:21.8478920Z   7 2045M    7  157M    0     0  65.0M      0  0:00:31  0:00:02  0:00:29 65.0M
iOS Tests (Simulator) (5)	UNKNOWN STEP	2026-02-25T19:48:22.8485530Z  12 2045M   12  247M    0     0  72.2M      0  0:00:28  0:00:03  0:00:25 72.2M
iOS Tests (Simulator) (5)	UNKNOWN STEP	2026-02-25T19:48:23.8494230Z  16 2045M   16  339M    0     0  76.7M      0  0:00:26  0:00:04  0:00:22 76.7M
iOS Tests (Simulator) (5)	UNKNOWN STEP	2026-02-25T19:48:24.8500720Z  20 2045M   20  418M    0     0  77.2M      0  0:00:26  0:00:05  0:00:21 83.4M
iOS Tests (Simulator) (5)	UNKNOWN STEP	2026-02-25T19:48:25.8499430Z  24 2045M   24  509M    0     0  79.4M      0  0:00:25  0:00:06  0:00:19 85.8M
iOS Tests (Simulator) (5)	UNKNOWN STEP	2026-02-25T19:48:26.8502740Z  29 2045M   29  597M    0     0  80.5M      0  0:00:25  0:00:07  0:00:18 87.9M
iOS Tests (Simulator) (5)	UNKNOWN STEP	2026-02-25T19:48:27.8510010Z  33 2045M   33  680M    0     0  80.8M      0  0:00:25  0:00:08  0:00:17 86.6M
iOS Tests (Simulator) (5)	UNKNOWN STEP	2026-02-25T19:48:28.8520660Z  37 2045M   37  767M    0     0  81.5M      0  0:00:25  0:00:09  0:00:16 85.7M
iOS Tests (Simulator) (5)	UNKNOWN STEP	2026-02-25T19:48:29.8519670Z  41 2045M   41  858M    0     0  82.4M      0  0:00:24  0:00:10  0:00:14 88.0M
iOS Tests (Simulator) (5)	UNKNOWN STEP	2026-02-25T19:48:30.8524990Z  46 2045M   46  951M    0     0  83.2M      0  0:00:24  0:00:11  0:00:13 88.2M
iOS Tests (Simulator) (5)	UNKNOWN STEP	2026-02-25T19:48:31.8532040Z  50 2045M   50 1041M    0     0  83.8M      0  0:00:24  0:00:12  0:00:12 88.8M
iOS Tests (Simulator) (5)	UNKNOWN STEP	2026-02-25T19:48:32.8541070Z  55 2045M   55 1131M    0     0  84.3M      0  0:00:24  0:00:13  0:00:11 90.1M
iOS Tests (Simulator) (5)	UNKNOWN STEP	2026-02-25T19:48:33.8540670Z  59 2045M   59 1217M    0     0  84.4M      0  0:00:24  0:00:14  0:00:10 90.0M
iOS Tests (Simulator) (5)	UNKNOWN STEP	2026-02-25T19:48:34.8547080Z  63 2045M   63 1296M    0     0  84.1M      0  0:00:24  0:00:15  0:00:09 87.5M
iOS Tests (Simulator) (5)	UNKNOWN STEP	2026-02-25T19:48:35.8555170Z  67 2045M   67 1385M    0     0  84.3M      0  0:00:24  0:00:16  0:00:08 86.8M
iOS Tests (Simulator) (5)	UNKNOWN STEP	2026-02-25T19:48:36.8569850Z  72 2045M   72 1474M    0     0  84.6M      0  0:00:24  0:00:17  0:00:07 86.5M
iOS Tests (Simulator) (5)	UNKNOWN STEP	2026-02-25T19:48:37.8588790Z  76 2045M   76 1557M    0     0  84.5M      0  0:00:24  0:00:18  0:00:06 85.1M
iOS Tests (Simulator) (5)	UNKNOWN STEP	2026-02-25T19:48:38.8566080Z  80 2045M   80 1644M    0     0  84.7M      0  0:00:24  0:00:19  0:00:05 85.3M
iOS Tests (Simulator) (5)	UNKNOWN STEP	2026-02-25T19:48:39.8610530Z  84 2045M   84 1728M    0     0  84.6M      0  0:00:24  0:00:20  0:00:04 86.3M
iOS Tests (Simulator) (5)	UNKNOWN STEP	2026-02-25T19:48:40.8582530Z  88 2045M   88 1817M    0     0  84.8M      0  0:00:24  0:00:21  0:00:03 86.3M
iOS Tests (Simulator) (5)	UNKNOWN STEP	2026-02-25T19:48:41.8589110Z  93 2045M   93 1907M    0     0  85.0M      0  0:00:24  0:00:22  0:00:02 86.5M
iOS Tests (Simulator) (5)	UNKNOWN STEP	2026-02-25T19:48:42.5006100Z  97 2045M   97 1986M    0     0  84.8M      0  0:00:24  0:00:23  0:00:01 85.8M
iOS Tests (Simulator) (5)	UNKNOWN STEP	2026-02-25T19:48:42.5015190Z 100 2045M  100 2045M    0     0  85.0M      0  0:00:24  0:00:24 --:--:-- 86.3M
iOS Tests (Simulator) (5)	UNKNOWN STEP	2026-02-25T19:49:16.0066940Z ##[group]Run flutter precache --ios
iOS Tests (Simulator) (5)	UNKNOWN STEP	2026-02-25T19:49:16.0067400Z [36;1mflutter precache --ios[0m
iOS Tests (Simulator) (5)	UNKNOWN STEP	2026-02-25T19:49:16.0067720Z [36;1mflutter pub get[0m
iOS Tests (Simulator) (5)	UNKNOWN STEP	2026-02-25T19:49:16.0302720Z shell: /bin/bash -e {0}
iOS Tests (Simulator) (5)	UNKNOWN STEP	2026-02-25T19:49:16.0302970Z env:
iOS Tests (Simulator) (5)	UNKNOWN STEP	2026-02-25T19:49:16.0303150Z   CACHE_VERSION: v1
iOS Tests (Simulator) (5)	UNKNOWN STEP	2026-02-25T19:49:16.0303560Z   FLUTTER_ROOT: /Users/runner/hostedtoolcache/flutter/stable-3.41.2-arm64
iOS Tests (Simulator) (5)	UNKNOWN STEP	2026-02-25T19:49:16.0303910Z   PUB_CACHE: /Users/runner/.pub-cache
iOS Tests (Simulator) (5)	UNKNOWN STEP	2026-02-25T19:49:16.0304160Z ##[endgroup]
iOS Tests (Simulator) (5)	UNKNOWN STEP	2026-02-25T19:49:19.4872560Z Resolving dependencies...
iOS Tests (Simulator) (5)	UNKNOWN STEP	2026-02-25T19:49:20.5228640Z Downloading packages...
iOS Tests (Simulator) (5)	UNKNOWN STEP	2026-02-25T19:49:27.3266780Z   _fe_analyzer_shared 91.0.0 (96.0.0 available)
iOS Tests (Simulator) (5)	UNKNOWN STEP	2026-02-25T19:49:27.3267590Z   analyzer 8.4.1 (10.2.0 available)
iOS Tests (Simulator) (5)	UNKNOWN STEP	2026-02-25T19:49:27.3268040Z   canonical_json 1.1.2 (1.1.3 available)
iOS Tests (Simulator) (5)	UNKNOWN STEP	2026-02-25T19:49:27.3268330Z > characters 1.4.1 (was 1.4.0)
iOS Tests (Simulator) (5)	UNKNOWN STEP	2026-02-25T19:49:27.3273830Z > matcher 0.12.18 (was 0.12.17)
iOS Tests (Simulator) (5)	UNKNOWN STEP	2026-02-25T19:49:27.3274340Z > material_color_utilities 0.13.0 (was 0.11.1)
iOS Tests (Simulator) (5)	UNKNOWN STEP	2026-02-25T19:49:27.3274600Z   meta 1.17.0 (1.18.1 available)
iOS Tests (Simulator) (5)	UNKNOWN STEP	2026-02-25T19:49:27.3274870Z   sqflite_common_ffi 2.3.7+1 (2.4.0+2 available)
iOS Tests (Simulator) (5)	UNKNOWN STEP	2026-02-25T19:49:27.3275140Z   sqlite3 2.9.4 (3.1.6 available)
iOS Tests (Simulator) (5)	UNKNOWN STEP	2026-02-25T19:49:27.3275440Z > test_api 0.7.9 (was 0.7.7)
iOS Tests (Simulator) (5)	UNKNOWN STEP	2026-02-25T19:49:27.3275640Z > test_core 0.6.15 (was 0.6.12)
iOS Tests (Simulator) (5)	UNKNOWN STEP	2026-02-25T19:49:27.3275860Z   unorm_dart 0.2.0 (0.3.2 available)
iOS Tests (Simulator) (5)	UNKNOWN STEP	2026-02-25T19:49:27.3276130Z   win32 5.15.0 (6.0.0 available)
iOS Tests (Simulator) (5)	UNKNOWN STEP	2026-02-25T19:49:27.3276440Z Changed 5 dependencies!
iOS Tests (Simulator) (5)	UNKNOWN STEP	2026-02-25T19:49:27.3276740Z 8 packages have newer versions incompatible with dependency constraints.
iOS Tests (Simulator) (5)	UNKNOWN STEP	2026-02-25T19:49:27.3277090Z Try `flutter pub outdated` for more information.
iOS Tests (Simulator) (5)	UNKNOWN STEP	2026-02-25T19:49:28.7251380Z ##[group]Run ./scripts/test.sh ios --no-docker --shard 5 --total-shards 7
iOS Tests (Simulator) (5)	UNKNOWN STEP	2026-02-25T19:49:28.7251830Z [36;1m./scripts/test.sh ios --no-docker --shard 5 --total-shards 7[0m
iOS Tests (Simulator) (5)	UNKNOWN STEP	2026-02-25T19:49:28.7331860Z shell: /bin/bash -e {0}
iOS Tests (Simulator) (5)	UNKNOWN STEP	2026-02-25T19:49:28.7332110Z env:
iOS Tests (Simulator) (5)	UNKNOWN STEP	2026-02-25T19:49:28.7332290Z   CACHE_VERSION: v1
iOS Tests (Simulator) (5)	UNKNOWN STEP	2026-02-25T19:49:28.7332550Z   FLUTTER_ROOT: /Users/runner/hostedtoolcache/flutter/stable-3.41.2-arm64
iOS Tests (Simulator) (5)	UNKNOWN STEP	2026-02-25T19:49:28.7332910Z   PUB_CACHE: /Users/runner/.pub-cache
iOS Tests (Simulator) (5)	UNKNOWN STEP	2026-02-25T19:49:28.7333190Z   MATRIX_SERVER: http://localhost:8008
iOS Tests (Simulator) (5)	UNKNOWN STEP	2026-02-25T19:49:28.7333420Z   MATRIX_TEST_USER: testuser1
iOS Tests (Simulator) (5)	UNKNOWN STEP	2026-02-25T19:49:28.7333640Z   MATRIX_TEST_PASSWORD: testpass123
iOS Tests (Simulator) (5)	UNKNOWN STEP	2026-02-25T19:49:28.7333890Z ##[endgroup]
iOS Tests (Simulator) (5)	UNKNOWN STEP	2026-02-25T19:49:28.7728370Z [1m
iOS Tests (Simulator) (5)	UNKNOWN STEP	2026-02-25T19:49:28.7731220Z   Substitution Test Runner
iOS Tests (Simulator) (5)	UNKNOWN STEP	2026-02-25T19:49:28.7754930Z   2026-02-25 19:49:28
iOS Tests (Simulator) (5)	UNKNOWN STEP	2026-02-25T19:49:28.7755270Z   Targets: ios
iOS Tests (Simulator) (5)	UNKNOWN STEP	2026-02-25T19:49:28.7755640Z [0m
iOS Tests (Simulator) (5)	UNKNOWN STEP	2026-02-25T19:49:28.7761170Z [0;34m[INFO][0m Fetching Flutter dependencies...
iOS Tests (Simulator) (5)	UNKNOWN STEP	2026-02-25T19:49:29.5126840Z   unorm_dart 0.2.0 (0.3.2 available)
iOS Tests (Simulator) (5)	UNKNOWN STEP	2026-02-25T19:49:29.5127340Z   win32 5.15.0 (6.0.0 available)
iOS Tests (Simulator) (5)	UNKNOWN STEP	2026-02-25T19:49:29.5128050Z Got dependencies!
iOS Tests (Simulator) (5)	UNKNOWN STEP	2026-02-25T19:49:29.5130220Z 8 packages have newer versions incompatible with dependency constraints.
iOS Tests (Simulator) (5)	UNKNOWN STEP	2026-02-25T19:49:29.5136980Z Try `flutter pub outdated` for more information.
iOS Tests (Simulator) (5)	UNKNOWN STEP	2026-02-25T19:49:29.5137660Z [0;32m[OK][0m Dependencies fetched
iOS Tests (Simulator) (5)	UNKNOWN STEP	2026-02-25T19:49:29.5156080Z [0;34m[INFO][0m Target: ios
iOS Tests (Simulator) (5)	UNKNOWN STEP	2026-02-25T19:49:29.5156320Z 
iOS Tests (Simulator) (5)	UNKNOWN STEP	2026-02-25T19:49:29.5156840Z [1m━━━ iOS Tests (Simulator) ━━━[0m
iOS Tests (Simulator) (5)	UNKNOWN STEP	2026-02-25T19:49:29.5156980Z 
iOS Tests (Simulator) (5)	UNKNOWN STEP	2026-02-25T19:49:34.2900100Z [0;34m[INFO][0m Using simulator: B38715C4-2E95-49D7-A969-A9343CA986CC
iOS Tests (Simulator) (5)	UNKNOWN STEP	2026-02-25T19:49:47.9644090Z [0;34m[INFO][0m Waiting for simulator boot (timeout: 600s)...
iOS Tests (Simulator) (5)	UNKNOWN STEP	2026-02-25T19:53:24.1907630Z [0;32m[OK][0m Simulator booted
iOS Tests (Simulator) (5)	UNKNOWN STEP	2026-02-25T19:53:27.9200960Z [0;34m[INFO][0m Waiting for simulator responsiveness...
iOS Tests (Simulator) (5)	UNKNOWN STEP	2026-02-25T19:55:08.4096150Z [1;33m[WARN][0m Simulator may not be fully responsive
iOS Tests (Simulator) (5)	UNKNOWN STEP	2026-02-25T19:55:08.4908200Z [0;34m[INFO][0m Running all integration tests on iOS (timeout: 2700s)...
iOS Tests (Simulator) (5)	UNKNOWN STEP	2026-02-25T19:56:21.9134060Z -j/--concurrency was parsed but will be ignored, this option is not supported when running Integration Tests or web tests.
iOS Tests (Simulator) (5)	UNKNOWN STEP	2026-02-25T19:56:23.0873430Z 00:00 +0: loading /Users/runner/work/substitution/substitution/integration_test/interaction_with_matrix_test.dart
iOS Tests (Simulator) (5)	UNKNOWN STEP	2026-02-25T19:56:45.4587450Z Upgrading AppFrameworkInfo.plist
iOS Tests (Simulator) (5)	UNKNOWN STEP	2026-02-25T19:56:45.4607020Z Upgrading Podfile
iOS Tests (Simulator) (5)	UNKNOWN STEP	2026-02-25T19:56:45.5868950Z To ensure your app continues to launch on upcoming iOS versions, UIScene lifecycle support will soon be required. Please see https://flutter.dev/to/uiscene-migration for the migration guide.
iOS Tests (Simulator) (5)	UNKNOWN STEP	2026-02-25T19:56:45.5869750Z 
iOS Tests (Simulator) (5)	UNKNOWN STEP	2026-02-25T19:57:21.9067570Z Running pod install...                                             14.3s
iOS Tests (Simulator) (5)	UNKNOWN STEP	2026-02-25T20:00:41.6932350Z Running Xcode build...                                          
iOS Tests (Simulator) (5)	UNKNOWN STEP	2026-02-25T20:00:41.6953700Z Xcode build done.                                           199.5s
iOS Tests (Simulator) (5)	UNKNOWN STEP	2026-02-25T20:01:16.0074420Z 00:00 +0: /Users/runner/work/substitution/substitution/integration_test/interaction_with_matrix_test.dart: (setUpAll)
iOS Tests (Simulator) (5)	UNKNOWN STEP	2026-02-25T20:01:16.0532700Z 00:00 +0: /Users/runner/work/substitution/substitution/integration_test/interaction_with_matrix_test.dart: Engagement & Interaction with Real Matrix Server Message interactions work with messages from test_general room
iOS Tests (Simulator) (5)	UNKNOWN STEP	2026-02-25T20:01:16.1629030Z   Skipping: Matrix server not reachable at http://localhost:8008 (no Docker on this runner)
iOS Tests (Simulator) (5)	UNKNOWN STEP	2026-02-25T20:01:16.6095120Z Waiting for globalMatrixClient to be initialized...
iOS Tests (Simulator) (5)	UNKNOWN STEP	2026-02-25T20:01:18.0647980Z [90m[🌎 Easy Localization] [DEBUG] Localization initialized[0m
iOS Tests (Simulator) (5)	UNKNOWN STEP	2026-02-25T20:01:18.0762740Z [Matrix] [32mInitialize client Substitution[0m
iOS Tests (Simulator) (5)	UNKNOWN STEP	2026-02-25T20:01:18.0888220Z [Matrix] [32mUser is not logged in.[0m
iOS Tests (Simulator) (5)	UNKNOWN STEP	2026-02-25T20:01:18.0889950Z [90m[🌎 Easy Localization] [DEBUG] Start[0m
iOS Tests (Simulator) (5)	UNKNOWN STEP	2026-02-25T20:01:18.4849370Z [90m[🌎 Easy Localization] [DEBUG] Init state[0m
iOS Tests (Simulator) (5)	UNKNOWN STEP	2026-02-25T20:01:18.4850390Z [90m[🌎 Easy Localization] [DEBUG] Build[0m
iOS Tests (Simulator) (5)	UNKNOWN STEP	2026-02-25T20:01:18.4988010Z [90m[🌎 Easy Localization] [DEBUG] Init Localization Delegate[0m
iOS Tests (Simulator) (5)	UNKNOWN STEP	2026-02-25T20:01:18.5103040Z [90m[🌎 Easy Localization] [DEBUG] Init provider[0m
iOS Tests (Simulator) (5)	UNKNOWN STEP	2026-02-25T20:01:18.6128860Z [90m[🌎 Easy Localization] [DEBUG] Load Localization Delegate[0m
iOS Tests (Simulator) (5)	UNKNOWN STEP	2026-02-25T20:01:18.6259710Z [90m[🌎 Easy Localization] [DEBUG] Load asset from assets/translations[0m
iOS Tests (Simulator) (5)	UNKNOWN STEP	2026-02-25T20:01:18.6264810Z globalMatrixClient initialized!
iOS Tests (Simulator) (5)	UNKNOWN STEP	2026-02-25T20:01:18.6693260Z   Skipping: Matrix server not reachable at http://localhost:8008 (no Docker on this runner)
iOS Tests (Simulator) (5)	UNKNOWN STEP	2026-02-25T20:01:18.7104180Z ══╡ EXCEPTION CAUGHT BY FLUTTER TEST FRAMEWORK ╞════════════════════════════════════════════════════
iOS Tests (Simulator) (5)	UNKNOWN STEP	2026-02-25T20:01:18.7217290Z The following TestFailure was thrown running a test:
iOS Tests (Simulator) (5)	UNKNOWN STEP	2026-02-25T20:01:18.7284960Z Expected: at least one matching candidate
iOS Tests (Simulator) (5)	UNKNOWN STEP	2026-02-25T20:01:18.7411760Z   Actual: _TypeWidgetFinder:<Found 0 widgets with type "Scrollable": []>
iOS Tests (Simulator) (5)	UNKNOWN STEP	2026-02-25T20:01:18.7614540Z    Which: means none were found but some were expected
iOS Tests (Simulator) (5)	UNKNOWN STEP	2026-02-25T20:01:18.7831110Z 
iOS Tests (Simulator) (5)	UNKNOWN STEP	2026-02-25T20:01:18.7970200Z When the exception was thrown, this was the stack:
iOS Tests (Simulator) (5)	UNKNOWN STEP	2026-02-25T20:01:18.8085340Z #4      main.<anonymous closure>.<anonymous closure> (file:///Users/runner/work/substitution/substitution/integration_test/interaction_with_matrix_test.dart:278:9)
iOS Tests (Simulator) (5)	UNKNOWN STEP	2026-02-25T20:01:18.8175100Z <asynchronous suspension>
iOS Tests (Simulator) (5)	UNKNOWN STEP	2026-02-25T20:01:18.8276230Z #5      testWidgets.<anonymous closure>.<anonymous closure> (package:flutter_test/src/widget_tester.dart:192:15)
iOS Tests (Simulator) (5)	UNKNOWN STEP	2026-02-25T20:01:18.8429080Z <asynchronous suspension>
iOS Tests (Simulator) (5)	UNKNOWN STEP	2026-02-25T20:01:18.8576040Z #6      TestWidgetsFlutterBinding._runTestBody (package:flutter_test/src/binding.dart:1682:5)
iOS Tests (Simulator) (5)	UNKNOWN STEP	2026-02-25T20:01:18.8637390Z <asynchronous suspension>
iOS Tests (Simulator) (5)	UNKNOWN STEP	2026-02-25T20:01:18.8738240Z <asynchronous suspension>
iOS Tests (Simulator) (5)	UNKNOWN STEP	2026-02-25T20:01:18.8838770Z (elided one frame from package:stack_trace)
iOS Tests (Simulator) (5)	UNKNOWN STEP	2026-02-25T20:01:18.8944980Z 
iOS Tests (Simulator) (5)	UNKNOWN STEP	2026-02-25T20:01:18.9046420Z This was caught by the test expectation on the following line:
iOS Tests (Simulator) (5)	UNKNOWN STEP	2026-02-25T20:01:18.9148910Z   file:///Users/runner/work/substitution/substitution/integration_test/interaction_with_matrix_test.dart line 278
iOS Tests (Simulator) (5)	UNKNOWN STEP	2026-02-25T20:01:18.9250970Z The test description was:
iOS Tests (Simulator) (5)	UNKNOWN STEP	2026-02-25T20:01:18.9450240Z   Message interactions work with messages from test_general room
iOS Tests (Simulator) (5)	UNKNOWN STEP	2026-02-25T20:01:18.9551910Z ════════════════════════════════════════════════════════════════════════════════════════════════════
iOS Tests (Simulator) (5)	UNKNOWN STEP	2026-02-25T20:01:18.9654850Z 00:02 +0 -1: /Users/runner/work/substitution/substitution/integration_test/interaction_with_matrix_test.dart: Engagement & Interaction with Real Matrix Server Message interactions work with messages from test_general room [E]
iOS Tests (Simulator) (5)	UNKNOWN STEP	2026-02-25T20:01:18.9757810Z   Test failed. See exception logs above.
iOS Tests (Simulator) (5)	UNKNOWN STEP	2026-02-25T20:01:18.9860480Z   The test description was: Message interactions work with messages from test_general room
iOS Tests (Simulator) (5)	UNKNOWN STEP	2026-02-25T20:01:18.9965780Z   
iOS Tests (Simulator) (5)	UNKNOWN STEP	2026-02-25T20:01:19.0086300Z 00:02 +0 -1: /Users/runner/work/substitution/substitution/integration_test/interaction_with_matrix_test.dart: (tearDownAll)
iOS Tests (Simulator) (5)	UNKNOWN STEP	2026-02-25T20:01:23.4373550Z 00:07 +0 -1: loading /Users/runner/work/substitution/substitution/integration_test/offline_test.dart
iOS Tests (Simulator) (5)	UNKNOWN STEP	2026-02-25T20:01:29.1149930Z To ensure your app continues to launch on upcoming iOS versions, UIScene lifecycle support will soon be required. Please see https://flutter.dev/to/uiscene-migration for the migration guide.
iOS Tests (Simulator) (5)	UNKNOWN STEP	2026-02-25T20:01:29.1156700Z 
iOS Tests (Simulator) (5)	UNKNOWN STEP	2026-02-25T20:02:21.2304180Z Running Xcode build...                                          
iOS Tests (Simulator) (5)	UNKNOWN STEP	2026-02-25T20:02:21.2416960Z Xcode build done.                                           49.6s
iOS Tests (Simulator) (5)	UNKNOWN STEP	2026-02-25T20:02:33.2859250Z Warning: A tag was used that wasn't specified in dart_test.yaml.
iOS Tests (Simulator) (5)	UNKNOWN STEP	2026-02-25T20:02:33.2894830Z   integration was used in the suite itself
iOS Tests (Simulator) (5)	UNKNOWN STEP	2026-02-25T20:02:33.2995910Z 
iOS Tests (Simulator) (5)	UNKNOWN STEP	2026-02-25T20:02:36.4883430Z 01:20 +0 -1: loading /Users/runner/work/substitution/substitution/integration_test/room_feed_with_matrix_test.dart
iOS Tests (Simulator) (5)	UNKNOWN STEP	2026-02-25T20:02:43.6085680Z To ensure your app continues to launch on upcoming iOS versions, UIScene lifecycle support will soon be required. Please see https://flutter.dev/to/uiscene-migration for the migration guide.
iOS Tests (Simulator) (5)	UNKNOWN STEP	2026-02-25T20:02:43.6093530Z 
iOS Tests (Simulator) (5)	UNKNOWN STEP	2026-02-25T20:03:38.2515540Z Running Xcode build...                                          
iOS Tests (Simulator) (5)	UNKNOWN STEP	2026-02-25T20:03:38.2623210Z Xcode build done.                                           52.4s
iOS Tests (Simulator) (5)	UNKNOWN STEP	2026-02-25T20:03:55.3132410Z 02:39 +0 -1: loading /Users/runner/work/substitution/substitution/integration_test/feed_with_matrix_test.dart
iOS Tests (Simulator) (5)	UNKNOWN STEP	2026-02-25T20:04:03.1749440Z To ensure your app continues to launch on upcoming iOS versions, UIScene lifecycle support will soon be required. Please see https://flutter.dev/to/uiscene-migration for the migration guide.
iOS Tests (Simulator) (5)	UNKNOWN STEP	2026-02-25T20:04:03.1851620Z 
iOS Tests (Simulator) (5)	UNKNOWN STEP	2026-02-25T20:05:03.8495650Z Running Xcode build...                                          
iOS Tests (Simulator) (5)	UNKNOWN STEP	2026-02-25T20:05:03.8584590Z Xcode build done.                                           57.0s
iOS Tests (Simulator) (5)	UNKNOWN STEP	2026-02-25T20:05:22.2727450Z 04:06 +0 -1: loading /Users/runner/work/substitution/substitution/integration_test/compliance_test.dart
iOS Tests (Simulator) (5)	UNKNOWN STEP	2026-02-25T20:05:28.9958700Z To ensure your app continues to launch on upcoming iOS versions, UIScene lifecycle support will soon be required. Please see https://flutter.dev/to/uiscene-migration for the migration guide.
iOS Tests (Simulator) (5)	UNKNOWN STEP	2026-02-25T20:05:29.0148160Z 
iOS Tests (Simulator) (5)	UNKNOWN STEP	2026-02-25T20:06:43.4547330Z Running Xcode build...                                          
iOS Tests (Simulator) (5)	UNKNOWN STEP	2026-02-25T20:06:43.4819890Z Xcode build done.                                           71.3s
iOS Tests (Simulator) (5)	UNKNOWN STEP	2026-02-25T20:06:56.7522600Z 05:40 +0 -1: /Users/runner/work/substitution/substitution/integration_test/compliance_test.dart: (setUpAll)
iOS Tests (Simulator) (5)	UNKNOWN STEP	2026-02-25T20:06:56.7612910Z 05:40 +0 -1: /Users/runner/work/substitution/substitution/integration_test/compliance_test.dart: Compliance Features with Real Matrix Server Tapping Report/Block opens dialog with report reason and block checkbox
iOS Tests (Simulator) (5)	UNKNOWN STEP	2026-02-25T20:06:56.7941390Z   Skipping: Matrix server not reachable at http://localhost:8008 (no Docker on this runner)
iOS Tests (Simulator) (5)	UNKNOWN STEP	2026-02-25T20:06:58.7220650Z [90m[🌎 Easy Localization] [DEBUG] Localization initialized[0m
iOS Tests (Simulator) (5)	UNKNOWN STEP	2026-02-25T20:06:58.7259520Z [Matrix] [32mInitialize client Substitution[0m
iOS Tests (Simulator) (5)	UNKNOWN STEP	2026-02-25T20:06:58.7366260Z [Matrix] [32mUser is not logged in.[0m
iOS Tests (Simulator) (5)	UNKNOWN STEP	2026-02-25T20:06:58.7466830Z [90m[🌎 Easy Localization] [DEBUG] Start[0m
iOS Tests (Simulator) (5)	UNKNOWN STEP	2026-02-25T20:07:00.3436290Z [90m[🌎 Easy Localization] [DEBUG] Init state[0m
iOS Tests (Simulator) (5)	UNKNOWN STEP	2026-02-25T20:07:00.3553180Z [90m[🌎 Easy Localization] [DEBUG] Build[0m
iOS Tests (Simulator) (5)	UNKNOWN STEP	2026-02-25T20:07:00.4545100Z [90m[🌎 Easy Localization] [DEBUG] Init Localization Delegate[0m
iOS Tests (Simulator) (5)	UNKNOWN STEP	2026-02-25T20:07:00.8849250Z [90m[🌎 Easy Localization] [DEBUG] Init provider[0m
iOS Tests (Simulator) (5)	UNKNOWN STEP	2026-02-25T20:07:00.9049470Z [90m[🌎 Easy Localization] [DEBUG] Load Localization Delegate[0m
iOS Tests (Simulator) (5)	UNKNOWN STEP	2026-02-25T20:07:00.9277930Z [90m[🌎 Easy Localization] [DEBUG] Load asset from assets/translations[0m
iOS Tests (Simulator) (5)	UNKNOWN STEP	2026-02-25T20:07:00.9388880Z [90m[🌎 Easy Localization] [DEBUG] Build[0m
iOS Tests (Simulator) (5)	UNKNOWN STEP	2026-02-25T20:07:00.9677890Z [90m[🌎 Easy Localization] [DEBUG] Init Localization Delegate[0m
iOS Tests (Simulator) (5)	UNKNOWN STEP	2026-02-25T20:07:00.9779570Z [90m[🌎 Easy Localization] [DEBUG] Init provider[0m
iOS Tests (Simulator) (5)	UNKNOWN STEP	2026-02-25T20:07:01.0296570Z   Skipping: Matrix server not reachable at http://localhost:8008 (no Docker on this runner)
iOS Tests (Simulator) (5)	UNKNOWN STEP	2026-02-25T20:07:05.1934810Z ⚠ No posts in feed — skipping dialog test
iOS Tests (Simulator) (5)	UNKNOWN STEP	2026-02-25T20:07:05.2896890Z 05:49 +0 ~1 -1: /Users/runner/work/substitution/substitution/integration_test/compliance_test.dart: (tearDownAll)
iOS Tests (Simulator) (5)	UNKNOWN STEP	2026-02-25T20:07:11.1565430Z 05:54 +0 ~1 -1: loading /Users/runner/work/substitution/substitution/integration_test/room_feed_test.dart
iOS Tests (Simulator) (5)	UNKNOWN STEP	2026-02-25T20:07:19.0928880Z To ensure your app continues to launch on upcoming iOS versions, UIScene lifecycle support will soon be required. Please see https://flutter.dev/to/uiscene-migration for the migration guide.
iOS Tests (Simulator) (5)	UNKNOWN STEP	2026-02-25T20:07:19.0956630Z 
iOS Tests (Simulator) (5)	UNKNOWN STEP	2026-02-25T20:08:18.6139450Z Running Xcode build...                                          
iOS Tests (Simulator) (5)	UNKNOWN STEP	2026-02-25T20:08:18.6145840Z Xcode build done.                                           53.5s
iOS Tests (Simulator) (5)	UNKNOWN STEP	2026-02-25T20:08:30.9192120Z Warning: A tag was used that wasn't specified in dart_test.yaml.
iOS Tests (Simulator) (5)	UNKNOWN STEP	2026-02-25T20:08:30.9273400Z   integration was used in the suite itself
iOS Tests (Simulator) (5)	UNKNOWN STEP	2026-02-25T20:08:30.9388780Z 
iOS Tests (Simulator) (5)	UNKNOWN STEP	2026-02-25T20:08:34.8173930Z 07:18 +0 ~1 -1: loading /Users/runner/work/substitution/substitution/integration_test/create_room_with_matrix_test.dart
iOS Tests (Simulator) (5)	UNKNOWN STEP	2026-02-25T20:08:44.0857700Z To ensure your app continues to launch on upcoming iOS versions, UIScene lifecycle support will soon be required. Please see https://flutter.dev/to/uiscene-migration for the migration guide.
iOS Tests (Simulator) (5)	UNKNOWN STEP	2026-02-25T20:08:44.0957150Z 
iOS Tests (Simulator) (5)	UNKNOWN STEP	2026-02-25T20:10:03.7069890Z Running Xcode build...                                          
iOS Tests (Simulator) (5)	UNKNOWN STEP	2026-02-25T20:10:03.7160300Z Xcode build done.                                           76.7s
iOS Tests (Simulator) (5)	UNKNOWN STEP	2026-02-25T20:10:22.8291250Z 09:06 +0 ~1 -1: loading /Users/runner/work/substitution/substitution/integration_test/key_verification_test.dart
iOS Tests (Simulator) (5)	UNKNOWN STEP	2026-02-25T20:10:29.9367360Z To ensure your app continues to launch on upcoming iOS versions, UIScene lifecycle support will soon be required. Please see https://flutter.dev/to/uiscene-migration for the migration guide.
iOS Tests (Simulator) (5)	UNKNOWN STEP	2026-02-25T20:10:29.9461860Z 
iOS Tests (Simulator) (5)	UNKNOWN STEP	2026-02-25T20:11:31.6628600Z Running Xcode build...                                          
iOS Tests (Simulator) (5)	UNKNOWN STEP	2026-02-25T20:11:31.6630550Z Xcode build done.                                           58.5s
iOS Tests (Simulator) (5)	UNKNOWN STEP	2026-02-25T20:11:44.8340470Z Warning: A tag was used that wasn't specified in dart_test.yaml.
iOS Tests (Simulator) (5)	UNKNOWN STEP	2026-02-25T20:11:44.8347300Z   integration was used in the suite itself
iOS Tests (Simulator) (5)	UNKNOWN STEP	2026-02-25T20:11:44.8347610Z 
iOS Tests (Simulator) (5)	UNKNOWN STEP	2026-02-25T20:11:48.0058380Z 10:31 +0 ~1 -1: loading /Users/runner/work/substitution/substitution/integration_test/profile_edit_test.dart
iOS Tests (Simulator) (5)	UNKNOWN STEP	2026-02-25T20:11:56.1895370Z To ensure your app continues to launch on upcoming iOS versions, UIScene lifecycle support will soon be required. Please see https://flutter.dev/to/uiscene-migration for the migration guide.
iOS Tests (Simulator) (5)	UNKNOWN STEP	2026-02-25T20:11:56.1899420Z 
iOS Tests (Simulator) (5)	UNKNOWN STEP	2026-02-25T20:12:54.8266070Z Running Xcode build...                                          
iOS Tests (Simulator) (5)	UNKNOWN STEP	2026-02-25T20:12:54.8363990Z Xcode build done.                                           55.6s
iOS Tests (Simulator) (5)	UNKNOWN STEP	2026-02-25T20:13:13.4628960Z 11:57 +0 ~1 -1: loading /Users/runner/work/substitution/substitution/integration_test/onboarding_flow_test.dart
iOS Tests (Simulator) (5)	UNKNOWN STEP	2026-02-25T20:13:21.0498790Z To ensure your app continues to launch on upcoming iOS versions, UIScene lifecycle support will soon be required. Please see https://flutter.dev/to/uiscene-migration for the migration guide.
iOS Tests (Simulator) (5)	UNKNOWN STEP	2026-02-25T20:13:21.0590100Z 
iOS Tests (Simulator) (5)	UNKNOWN STEP	2026-02-25T20:14:16.5702500Z Running Xcode build...                                          
iOS Tests (Simulator) (5)	UNKNOWN STEP	2026-02-25T20:14:16.5799920Z Xcode build done.                                           52.7s
iOS Tests (Simulator) (5)	UNKNOWN STEP	2026-02-25T20:14:31.3511800Z 13:15 +0 ~1 -1: loading /Users/runner/work/substitution/substitution/integration_test/app_test.dart
iOS Tests (Simulator) (5)	UNKNOWN STEP	2026-02-25T20:14:39.4065630Z To ensure your app continues to launch on upcoming iOS versions, UIScene lifecycle support will soon be required. Please see https://flutter.dev/to/uiscene-migration for the migration guide.
iOS Tests (Simulator) (5)	UNKNOWN STEP	2026-02-25T20:14:39.4158340Z 
iOS Tests (Simulator) (5)	UNKNOWN STEP	2026-02-25T20:15:53.1365720Z Running Xcode build...                                          
iOS Tests (Simulator) (5)	UNKNOWN STEP	2026-02-25T20:15:53.1469850Z Xcode build done.                                           71.1s
iOS Tests (Simulator) (5)	UNKNOWN STEP	2026-02-25T20:16:10.2146790Z 14:53 +0 ~1 -1: loading /Users/runner/work/substitution/substitution/integration_test/multi_user_correspondence_test.dart
iOS Tests (Simulator) (5)	UNKNOWN STEP	2026-02-25T20:16:17.9234960Z To ensure your app continues to launch on upcoming iOS versions, UIScene lifecycle support will soon be required. Please see https://flutter.dev/to/uiscene-migration for the migration guide.
iOS Tests (Simulator) (5)	UNKNOWN STEP	2026-02-25T20:16:17.9332610Z 
iOS Tests (Simulator) (5)	UNKNOWN STEP	2026-02-25T20:17:26.8047860Z Running Xcode build...                                          
iOS Tests (Simulator) (5)	UNKNOWN STEP	2026-02-25T20:17:26.8156850Z Xcode build done.                                           65.8s
iOS Tests (Simulator) (5)	UNKNOWN STEP	2026-02-25T20:17:40.9376150Z 16:24 +0 ~1 -1: /Users/runner/work/substitution/substitution/integration_test/multi_user_correspondence_test.dart: (setUpAll)
iOS Tests (Simulator) (5)	UNKNOWN STEP	2026-02-25T20:17:40.9643950Z 16:24 +0 ~1 -1: /Users/runner/work/substitution/substitution/integration_test/multi_user_correspondence_test.dart: Multi-User Correspondence with Real Matrix Server STRICT: Messages preserve order and timestamps
iOS Tests (Simulator) (5)	UNKNOWN STEP	2026-02-25T20:17:40.9782260Z   Skipping: Matrix server not reachable at http://localhost:8008 (no Docker on this runner)
iOS Tests (Simulator) (5)	UNKNOWN STEP	2026-02-25T20:17:43.0168090Z   Skipping: Matrix server not reachable at http://localhost:8008 (no Docker on this runner)
iOS Tests (Simulator) (5)	UNKNOWN STEP	2026-02-25T20:17:43.0284380Z ══╡ EXCEPTION CAUGHT BY FLUTTER TEST FRAMEWORK ╞════════════════════════════════════════════════════
iOS Tests (Simulator) (5)	UNKNOWN STEP	2026-02-25T20:17:43.0399590Z The following TestFailure was thrown running a test:
iOS Tests (Simulator) (5)	UNKNOWN STEP	2026-02-25T20:17:43.0536150Z Expected: at least one matching candidate
iOS Tests (Simulator) (5)	UNKNOWN STEP	2026-02-25T20:17:43.0650210Z   Actual: _TypeWidgetFinder:<Found 0 widgets with type "Scrollable": []>
iOS Tests (Simulator) (5)	UNKNOWN STEP	2026-02-25T20:17:43.0753270Z    Which: means none were found but some were expected
iOS Tests (Simulator) (5)	UNKNOWN STEP	2026-02-25T20:17:43.0855030Z MUST show feed
iOS Tests (Simulator) (5)	UNKNOWN STEP	2026-02-25T20:17:43.1072630Z 
iOS Tests (Simulator) (5)	UNKNOWN STEP	2026-02-25T20:17:43.1079450Z When the exception was thrown, this was the stack:
iOS Tests (Simulator) (5)	UNKNOWN STEP	2026-02-25T20:17:43.1231120Z #4      main.<anonymous closure>.<anonymous closure> (file:///Users/runner/work/substitution/substitution/integration_test/multi_user_correspondence_test.dart:365:9)
iOS Tests (Simulator) (5)	UNKNOWN STEP	2026-02-25T20:17:43.1334940Z <asynchronous suspension>
iOS Tests (Simulator) (5)	UNKNOWN STEP	2026-02-25T20:17:43.1436640Z #5      testWidgets.<anonymous closure>.<anonymous closure> (package:flutter_test/src/widget_tester.dart:192:15)
iOS Tests (Simulator) (5)	UNKNOWN STEP	2026-02-25T20:17:43.1538100Z <asynchronous suspension>
iOS Tests (Simulator) (5)	UNKNOWN STEP	2026-02-25T20:17:43.1661500Z #6      TestWidgetsFlutterBinding._runTestBody (package:flutter_test/src/binding.dart:1682:5)
iOS Tests (Simulator) (5)	UNKNOWN STEP	2026-02-25T20:17:43.1765280Z <asynchronous suspension>
iOS Tests (Simulator) (5)	UNKNOWN STEP	2026-02-25T20:17:43.1909150Z <asynchronous suspension>
iOS Tests (Simulator) (5)	UNKNOWN STEP	2026-02-25T20:17:43.2011720Z (elided one frame from package:stack_trace)
iOS Tests (Simulator) (5)	UNKNOWN STEP	2026-02-25T20:17:43.2112730Z 
iOS Tests (Simulator) (5)	UNKNOWN STEP	2026-02-25T20:17:43.2219400Z This was caught by the test expectation on the following line:
iOS Tests (Simulator) (5)	UNKNOWN STEP	2026-02-25T20:17:43.2554770Z   file:///Users/runner/work/substitution/substitution/integration_test/multi_user_correspondence_test.dart line 365
iOS Tests (Simulator) (5)	UNKNOWN STEP	2026-02-25T20:17:43.2568170Z The test description was:
iOS Tests (Simulator) (5)	UNKNOWN STEP	2026-02-25T20:17:43.2680930Z   STRICT: Messages preserve order and timestamps
iOS Tests (Simulator) (5)	UNKNOWN STEP	2026-02-25T20:17:43.2786030Z ════════════════════════════════════════════════════════════════════════════════════════════════════
iOS Tests (Simulator) (5)	UNKNOWN STEP	2026-02-25T20:17:43.2862730Z 16:26 +0 ~1 -2: /Users/runner/work/substitution/substitution/integration_test/multi_user_correspondence_test.dart: Multi-User Correspondence with Real Matrix Server STRICT: Messages preserve order and timestamps [E]
iOS Tests (Simulator) (5)	UNKNOWN STEP	2026-02-25T20:17:43.2966670Z   Test failed. See exception logs above.
iOS Tests (Simulator) (5)	UNKNOWN STEP	2026-02-25T20:17:43.3069270Z   The test description was: STRICT: Messages preserve order and timestamps
iOS Tests (Simulator) (5)	UNKNOWN STEP	2026-02-25T20:17:43.3181930Z   
iOS Tests (Simulator) (5)	UNKNOWN STEP	2026-02-25T20:17:43.3290810Z error DatabaseException(Error Domain=SqfliteDarwinDatabase Code=6922 "disk I/O error" UserInfo={NSLocalizedDescription=disk I/O error}) sql 'BEGIN EXCLUSIVE' args [] during open, closing...
iOS Tests (Simulator) (5)	UNKNOWN STEP	2026-02-25T20:17:43.3392780Z ══╡ EXCEPTION CAUGHT BY FLUTTER TEST FRAMEWORK ╞════════════════════════════════════════════════════
iOS Tests (Simulator) (5)	UNKNOWN STEP	2026-02-25T20:17:43.3497240Z The following SqfliteDatabaseException was thrown running a test (but after the test had completed):
iOS Tests (Simulator) (5)	UNKNOWN STEP	2026-02-25T20:17:43.3611940Z DatabaseException(Error Domain=SqfliteDarwinDatabase Code=6922 "disk I/O error"
iOS Tests (Simulator) (5)	UNKNOWN STEP	2026-02-25T20:17:43.3713580Z UserInfo={NSLocalizedDescription=disk I/O error}) sql 'BEGIN EXCLUSIVE' args []
iOS Tests (Simulator) (5)	UNKNOWN STEP	2026-02-25T20:17:43.3815940Z 
iOS Tests (Simulator) (5)	UNKNOWN STEP	2026-02-25T20:17:43.3917040Z When the exception was thrown, this was the stack:
iOS Tests (Simulator) (5)	UNKNOWN STEP	2026-02-25T20:17:43.4021240Z #0      wrapDatabaseException (package:sqflite_platform_interface/src/platform_exception.dart:12:7)
iOS Tests (Simulator) (5)	UNKNOWN STEP	2026-02-25T20:17:43.4122440Z <asynchronous suspension>
iOS Tests (Simulator) (5)	UNKNOWN STEP	2026-02-25T20:17:43.4224810Z #1      SqfliteDatabaseMixin.txnSynchronized (package:sqflite_common/src/database_mixin.dart:554:16)
iOS Tests (Simulator) (5)	UNKNOWN STEP	2026-02-25T20:17:43.4327930Z <asynchronous suspension>
iOS Tests (Simulator) (5)	UNKNOWN STEP	2026-02-25T20:17:43.4443980Z #2      SqfliteDatabaseMixinExt.txnBeginTransaction (package:sqflite_common/src/database_mixin.dart:411:20)
iOS Tests (Simulator) (5)	UNKNOWN STEP	2026-02-25T20:17:43.4571790Z <asynchronous suspension>
iOS Tests (Simulator) (5)	UNKNOWN STEP	2026-02-25T20:17:43.4675910Z #3      SqfliteDatabaseMixin.beginTransaction (package:sqflite_common/src/database_mixin.dart:863:5)
iOS Tests (Simulator) (5)	UNKNOWN STEP	2026-02-25T20:17:43.4783960Z <asynchronous suspension>
iOS Tests (Simulator) (5)	UNKNOWN STEP	2026-02-25T20:17:43.4888880Z #4      SqfliteDatabaseMixinExt._txnTransaction (package:sqflite_common/src/database_mixin.dart:384:13)
iOS Tests (Simulator) (5)	UNKNOWN STEP	2026-02-25T20:17:43.4999210Z <asynchronous suspension>
iOS Tests (Simulator) (5)	UNKNOWN STEP	2026-02-25T20:17:43.5101030Z #5      BasicLock.synchronized (package:synchronized/src/basic_lock.dart:38:16)
iOS Tests (Simulator) (5)	UNKNOWN STEP	2026-02-25T20:17:43.5210390Z <asynchronous suspension>
iOS Tests (Simulator) (5)	UNKNOWN STEP	2026-02-25T20:17:43.5312290Z #6      SqfliteDatabaseMixin.txnSynchronized (package:sqflite_common/src/database_mixin.dart:589:14)
iOS Tests (Simulator) (5)	UNKNOWN STEP	2026-02-25T20:17:43.5426540Z <asynchronous suspension>
iOS Tests (Simulator) (5)	UNKNOWN STEP	2026-02-25T20:17:43.5528200Z #7      SqfliteDatabaseMixin.doOpen (package:sqflite_common/src/database_mixin.dart:1126:13)
iOS Tests (Simulator) (5)	UNKNOWN STEP	2026-02-25T20:17:43.5651830Z <asynchronous suspension>
iOS Tests (Simulator) (5)	UNKNOWN STEP	2026-02-25T20:17:43.5752980Z #8      SqfliteDatabaseOpenHelper.openDatabase (package:sqflite_common/src/database.dart:46:7)
iOS Tests (Simulator) (5)	UNKNOWN STEP	2026-02-25T20:17:43.5906660Z <asynchronous suspension>
iOS Tests (Simulator) (5)	UNKNOWN STEP	2026-02-25T20:17:43.6010370Z #9      SqfliteDatabaseFactoryMixin.openDatabase.<anonymous closure> (package:sqflite_common/src/factory_mixin.dart:115:18)
iOS Tests (Simulator) (5)	UNKNOWN STEP	2026-02-25T20:17:43.6110310Z <asynchronous suspension>
iOS Tests (Simulator) (5)	UNKNOWN STEP	2026-02-25T20:17:43.6212640Z #10     ReentrantLock.synchronized.<anonymous closure> (package:synchronized/src/reentrant_lock.dart:40:18)
iOS Tests (Simulator) (5)	UNKNOWN STEP	2026-02-25T20:17:43.6315450Z <asynchronous suspension>
iOS Tests (Simulator) (5)	UNKNOWN STEP	2026-02-25T20:17:43.6416920Z #11     BasicLock.synchronized (package:synchronized/src/basic_lock.dart:38:16)
iOS Tests (Simulator) (5)	UNKNOWN STEP	2026-02-25T20:17:43.6529840Z <asynchronous suspension>
iOS Tests (Simulator) (5)	UNKNOWN STEP	2026-02-25T20:17:43.6683630Z #12     main (package:substitution/main.dart:381:22)
iOS Tests (Simulator) (5)	UNKNOWN STEP	2026-02-25T20:17:43.6786190Z <asynchronous suspension>
iOS Tests (Simulator) (5)	UNKNOWN STEP	2026-02-25T20:17:43.6887680Z ════════════════════════════════════════════════════════════════════════════════════════════════════
iOS Tests (Simulator) (5)	UNKNOWN STEP	2026-02-25T20:17:43.6989580Z   Test failed. See exception logs above.
iOS Tests (Simulator) (5)	UNKNOWN STEP	2026-02-25T20:17:43.7082880Z   The test description was: STRICT: Messages preserve order and timestamps
iOS Tests (Simulator) (5)	UNKNOWN STEP	2026-02-25T20:17:43.7193380Z   
iOS Tests (Simulator) (5)	UNKNOWN STEP	2026-02-25T20:17:43.7294950Z 16:26 +0 ~1 -2: /Users/runner/work/substitution/substitution/integration_test/multi_user_correspondence_test.dart: (tearDownAll)
iOS Tests (Simulator) (5)	UNKNOWN STEP	2026-02-25T20:17:47.1294230Z 16:30 +0 ~1 -2: loading /Users/runner/work/substitution/substitution/integration_test/registration_button_test.dart
iOS Tests (Simulator) (5)	UNKNOWN STEP	2026-02-25T20:17:53.2185320Z To ensure your app continues to launch on upcoming iOS versions, UIScene lifecycle support will soon be required. Please see https://flutter.dev/to/uiscene-migration for the migration guide.
iOS Tests (Simulator) (5)	UNKNOWN STEP	2026-02-25T20:17:53.2287600Z 
iOS Tests (Simulator) (5)	UNKNOWN STEP	2026-02-25T20:18:55.9133580Z Running Xcode build...                                          
iOS Tests (Simulator) (5)	UNKNOWN STEP	2026-02-25T20:18:55.9136250Z Xcode build done.                                           59.7s
iOS Tests (Simulator) (5)	UNKNOWN STEP	2026-02-25T20:19:11.6325750Z 17:55 +0 ~1 -2: loading /Users/runner/work/substitution/substitution/integration_test/theme_toggle_test.dart
iOS Tests (Simulator) (5)	UNKNOWN STEP	2026-02-25T20:19:19.2013820Z To ensure your app continues to launch on upcoming iOS versions, UIScene lifecycle support will soon be required. Please see https://flutter.dev/to/uiscene-migration for the migration guide.
iOS Tests (Simulator) (5)	UNKNOWN STEP	2026-02-25T20:19:19.2114600Z 
iOS Tests (Simulator) (5)	UNKNOWN STEP	2026-02-25T20:20:01.3429720Z Running Xcode build...                                          
iOS Tests (Simulator) (5)	UNKNOWN STEP	2026-02-25T20:20:01.3533800Z Xcode build done.                                           38.8s
iOS Tests (Simulator) (5)	UNKNOWN STEP	2026-02-25T20:20:20.5273600Z 19:04 +0 ~1 -2: loading /Users/runner/work/substitution/substitution/integration_test/interaction_strict_test.dart
iOS Tests (Simulator) (5)	UNKNOWN STEP	2026-02-25T20:20:28.1488300Z To ensure your app continues to launch on upcoming iOS versions, UIScene lifecycle support will soon be required. Please see https://flutter.dev/to/uiscene-migration for the migration guide.
iOS Tests (Simulator) (5)	UNKNOWN STEP	2026-02-25T20:20:28.1591330Z 
iOS Tests (Simulator) (5)	UNKNOWN STEP	2026-02-25T20:21:37.5931030Z Running Xcode build...                                          
iOS Tests (Simulator) (5)	UNKNOWN STEP	2026-02-25T20:21:37.6068130Z Xcode build done.                                           66.3s
iOS Tests (Simulator) (5)	UNKNOWN STEP	2026-02-25T20:21:50.8909870Z 20:34 +0 ~1 -2: /Users/runner/work/substitution/substitution/integration_test/interaction_strict_test.dart: (setUpAll)
iOS Tests (Simulator) (5)	UNKNOWN STEP	2026-02-25T20:21:50.9154400Z 20:34 +0 ~1 -2: /Users/runner/work/substitution/substitution/integration_test/interaction_strict_test.dart: Strict Message Interaction (Reactions & Replies) STRICT: Reactions show emoji and count
iOS Tests (Simulator) (5)	UNKNOWN STEP	2026-02-25T20:21:50.9478950Z   Skipping: Matrix server not reachable at http://localhost:8008 (no Docker on this runner)
iOS Tests (Simulator) (5)	UNKNOWN STEP	2026-02-25T20:21:52.6860730Z [90m[🌎 Easy Localization] [DEBUG] Localization initialized[0m
iOS Tests (Simulator) (5)	UNKNOWN STEP	2026-02-25T20:21:52.6870770Z [Matrix] [32mInitialize client Substitution[0m
iOS Tests (Simulator) (5)	UNKNOWN STEP	2026-02-25T20:21:52.6976780Z [Matrix] [32mUser is not logged in.[0m
iOS Tests (Simulator) (5)	UNKNOWN STEP	2026-02-25T20:21:52.7086800Z [90m[🌎 Easy Localization] [DEBUG] Start[0m
iOS Tests (Simulator) (5)	UNKNOWN STEP	2026-02-25T20:21:53.0828600Z [90m[🌎 Easy Localization] [DEBUG] Init state[0m
iOS Tests (Simulator) (5)	UNKNOWN STEP	2026-02-25T20:21:53.0930280Z [90m[🌎 Easy Localization] [DEBUG] Build[0m
iOS Tests (Simulator) (5)	UNKNOWN STEP	2026-02-25T20:21:53.1047630Z [90m[🌎 Easy Localization] [DEBUG] Init Localization Delegate[0m
iOS Tests (Simulator) (5)	UNKNOWN STEP	2026-02-25T20:21:53.1150530Z [90m[🌎 Easy Localization] [DEBUG] Init provider[0m
iOS Tests (Simulator) (5)	UNKNOWN STEP	2026-02-25T20:21:53.1951530Z [90m[🌎 Easy Localization] [DEBUG] Load Localization Delegate[0m
iOS Tests (Simulator) (5)	UNKNOWN STEP	2026-02-25T20:21:53.2096690Z [90m[🌎 Easy Localization] [DEBUG] Load asset from assets/translations[0m
iOS Tests (Simulator) (5)	UNKNOWN STEP	2026-02-25T20:21:53.7950150Z [90m[🌎 Easy Localization] [DEBUG] Build[0m
iOS Tests (Simulator) (5)	UNKNOWN STEP	2026-02-25T20:21:53.8120530Z [90m[🌎 Easy Localization] [DEBUG] Init Localization Delegate[0m
iOS Tests (Simulator) (5)	UNKNOWN STEP	2026-02-25T20:21:53.8223090Z [90m[🌎 Easy Localization] [DEBUG] Init provider[0m
iOS Tests (Simulator) (5)	UNKNOWN STEP	2026-02-25T20:21:54.6825910Z   Skipping: Matrix server not reachable at http://localhost:8008 (no Docker on this runner)
iOS Tests (Simulator) (5)	UNKNOWN STEP	2026-02-25T20:21:54.7254480Z ✓ Feed displays messages (reactions may not be in test data)
iOS Tests (Simulator) (5)	UNKNOWN STEP	2026-02-25T20:21:54.7376490Z 20:38 +0 ~2 -2: /Users/runner/work/substitution/substitution/integration_test/interaction_strict_test.dart: (tearDownAll)
iOS Tests (Simulator) (5)	UNKNOWN STEP	2026-02-25T20:22:01.5456920Z 20:45 +0 ~2 -2: loading /Users/runner/work/substitution/substitution/integration_test/comment_nesting_test.dart
iOS Tests (Simulator) (5)	UNKNOWN STEP	2026-02-25T20:22:09.3122270Z To ensure your app continues to launch on upcoming iOS versions, UIScene lifecycle support will soon be required. Please see https://flutter.dev/to/uiscene-migration for the migration guide.
iOS Tests (Simulator) (5)	UNKNOWN STEP	2026-02-25T20:22:09.3239340Z 
iOS Tests (Simulator) (5)	UNKNOWN STEP	2026-02-25T20:23:18.0325540Z Running Xcode build...                                          
iOS Tests (Simulator) (5)	UNKNOWN STEP	2026-02-25T20:23:18.0431440Z Xcode build done.                                           65.8s
iOS Tests (Simulator) (5)	UNKNOWN STEP	2026-02-25T20:23:37.5772150Z 22:21 +0 ~2 -2: loading /Users/runner/work/substitution/substitution/integration_test/message_types_with_matrix_test.dart
iOS Tests (Simulator) (5)	UNKNOWN STEP	2026-02-25T20:23:45.6053270Z To ensure your app continues to launch on upcoming iOS versions, UIScene lifecycle support will soon be required. Please see https://flutter.dev/to/uiscene-migration for the migration guide.
iOS Tests (Simulator) (5)	UNKNOWN STEP	2026-02-25T20:23:45.6155590Z 
iOS Tests (Simulator) (5)	UNKNOWN STEP	2026-02-25T20:24:50.1550780Z Running Xcode build...                                          
iOS Tests (Simulator) (5)	UNKNOWN STEP	2026-02-25T20:24:50.1645910Z Xcode build done.                                           60.9s
iOS Tests (Simulator) (5)	UNKNOWN STEP	2026-02-25T20:25:07.2765730Z 23:50 +0 ~2 -2: loading /Users/runner/work/substitution/substitution/integration_test/profile_view_test.dart
iOS Tests (Simulator) (5)	UNKNOWN STEP	2026-02-25T20:25:13.9406360Z To ensure your app continues to launch on upcoming iOS versions, UIScene lifecycle support will soon be required. Please see https://flutter.dev/to/uiscene-migration for the migration guide.
iOS Tests (Simulator) (5)	UNKNOWN STEP	2026-02-25T20:25:13.9573890Z 
iOS Tests (Simulator) (5)	UNKNOWN STEP	2026-02-25T20:25:57.8845730Z Running Xcode build...                                          
iOS Tests (Simulator) (5)	UNKNOWN STEP	2026-02-25T20:25:57.8950160Z Xcode build done.                                           40.9s
iOS Tests (Simulator) (5)	UNKNOWN STEP	2026-02-25T20:26:14.3001440Z Warning: A tag was used that wasn't specified in dart_test.yaml.
iOS Tests (Simulator) (5)	UNKNOWN STEP	2026-02-25T20:26:14.3158110Z   integration was used in the suite itself
iOS Tests (Simulator) (5)	UNKNOWN STEP	2026-02-25T20:26:14.3275590Z 
iOS Tests (Simulator) (5)	UNKNOWN STEP	2026-02-25T20:26:19.4692980Z 25:03 +0 ~2 -2: loading /Users/runner/work/substitution/substitution/integration_test/feed_test.dart
iOS Tests (Simulator) (5)	UNKNOWN STEP	2026-02-25T20:26:28.2904240Z To ensure your app continues to launch on upcoming iOS versions, UIScene lifecycle support will soon be required. Please see https://flutter.dev/to/uiscene-migration for the migration guide.
iOS Tests (Simulator) (5)	UNKNOWN STEP	2026-02-25T20:26:28.3021720Z 
iOS Tests (Simulator) (5)	UNKNOWN STEP	2026-02-25T20:27:45.0555700Z Running Xcode build...                                          
iOS Tests (Simulator) (5)	UNKNOWN STEP	2026-02-25T20:27:45.0667680Z Xcode build done.                                           72.8s
iOS Tests (Simulator) (5)	UNKNOWN STEP	2026-02-25T20:28:01.5757600Z Warning: A tag was used that wasn't specified in dart_test.yaml.
iOS Tests (Simulator) (5)	UNKNOWN STEP	2026-02-25T20:28:01.5759780Z   integration was used in the suite itself
iOS Tests (Simulator) (5)	UNKNOWN STEP	2026-02-25T20:28:01.5861990Z 
iOS Tests (Simulator) (5)	UNKNOWN STEP	2026-02-25T20:28:05.6719880Z 26:49 +0 ~2 -2: loading /Users/runner/work/substitution/substitution/integration_test/followfeeds_with_matrix_test.dart
iOS Tests (Simulator) (5)	UNKNOWN STEP	2026-02-25T20:28:15.5689480Z To ensure your app continues to launch on upcoming iOS versions, UIScene lifecycle support will soon be required. Please see https://flutter.dev/to/uiscene-migration for the migration guide.
iOS Tests (Simulator) (5)	UNKNOWN STEP	2026-02-25T20:28:15.5792290Z 
iOS Tests (Simulator) (5)	UNKNOWN STEP	2026-02-25T20:29:25.4553020Z Running Xcode build...                                          
iOS Tests (Simulator) (5)	UNKNOWN STEP	2026-02-25T20:29:25.4659180Z Xcode build done.                                           67.1s
iOS Tests (Simulator) (5)	UNKNOWN STEP	2026-02-25T20:29:38.9076930Z 28:22 +0 ~2 -2: /Users/runner/work/substitution/substitution/integration_test/followfeeds_with_matrix_test.dart: (setUpAll)
iOS Tests (Simulator) (5)	UNKNOWN STEP	2026-02-25T20:29:38.9080410Z 28:22 +0 ~2 -2: /Users/runner/work/substitution/substitution/integration_test/followfeeds_with_matrix_test.dart: Follow Feeds Search with Real Matrix Server Room avatars are displayed correctly
iOS Tests (Simulator) (5)	UNKNOWN STEP	2026-02-25T20:29:38.9392030Z   Skipping: Matrix server not reachable at http://localhost:8008 (no Docker on this runner)
iOS Tests (Simulator) (5)	UNKNOWN STEP	2026-02-25T20:29:39.3276700Z Waiting for globalMatrixClient to be initialized...
iOS Tests (Simulator) (5)	UNKNOWN STEP	2026-02-25T20:29:41.3192770Z [90m[🌎 Easy Localization] [DEBUG] Localization initialized[0m
iOS Tests (Simulator) (5)	UNKNOWN STEP	2026-02-25T20:29:41.3232710Z [Matrix] [32mInitialize client Substitution[0m
iOS Tests (Simulator) (5)	UNKNOWN STEP	2026-02-25T20:29:41.3287430Z [Matrix] [32mUser is not logged in.[0m
iOS Tests (Simulator) (5)	UNKNOWN STEP	2026-02-25T20:29:41.3390960Z [90m[🌎 Easy Localization] [DEBUG] Start[0m
iOS Tests (Simulator) (5)	UNKNOWN STEP	2026-02-25T20:29:41.6643080Z [90m[🌎 Easy Localization] [DEBUG] Init state[0m
iOS Tests (Simulator) (5)	UNKNOWN STEP	2026-02-25T20:29:41.6746680Z [90m[🌎 Easy Localization] [DEBUG] Build[0m
iOS Tests (Simulator) (5)	UNKNOWN STEP	2026-02-25T20:29:41.6849380Z [90m[🌎 Easy Localization] [DEBUG] Init Localization Delegate[0m
iOS Tests (Simulator) (5)	UNKNOWN STEP	2026-02-25T20:29:41.7146400Z [90m[🌎 Easy Localization] [DEBUG] Init provider[0m
iOS Tests (Simulator) (5)	UNKNOWN STEP	2026-02-25T20:29:41.7693080Z [90m[🌎 Easy Localization] [DEBUG] Load Localization Delegate[0m
iOS Tests (Simulator) (5)	UNKNOWN STEP	2026-02-25T20:29:41.7797010Z [90m[🌎 Easy Localization] [DEBUG] Load asset from assets/translations[0m
iOS Tests (Simulator) (5)	UNKNOWN STEP	2026-02-25T20:29:41.9357200Z globalMatrixClient initialized!
iOS Tests (Simulator) (5)	UNKNOWN STEP	2026-02-25T20:29:41.9463780Z   Skipping: Matrix server not reachable at http://localhost:8008 (no Docker on this runner)
iOS Tests (Simulator) (5)	UNKNOWN STEP	2026-02-25T20:29:41.9614770Z ══╡ EXCEPTION CAUGHT BY FLUTTER TEST FRAMEWORK ╞════════════════════════════════════════════════════
iOS Tests (Simulator) (5)	UNKNOWN STEP	2026-02-25T20:29:41.9725010Z The following StateError was thrown running a test:
iOS Tests (Simulator) (5)	UNKNOWN STEP	2026-02-25T20:29:41.9835050Z Bad state: No element
iOS Tests (Simulator) (5)	UNKNOWN STEP	2026-02-25T20:29:41.9950980Z 
iOS Tests (Simulator) (5)	UNKNOWN STEP	2026-02-25T20:29:42.0062370Z When the exception was thrown, this was the stack:
iOS Tests (Simulator) (5)	UNKNOWN STEP	2026-02-25T20:29:42.0063550Z #0      Iterable.first (dart:core/iterable.dart:663:7)
iOS Tests (Simulator) (5)	UNKNOWN STEP	2026-02-25T20:29:42.0259330Z #1      _FirstFinderMixin.filter (package:flutter_test/src/finders.dart:1340:28)
iOS Tests (Simulator) (5)	UNKNOWN STEP	2026-02-25T20:29:42.0361360Z #3      Iterable.single (dart:core/iterable.dart:694:13)
iOS Tests (Simulator) (5)	UNKNOWN STEP	2026-02-25T20:29:42.0476070Z #4      WidgetController.element (package:flutter_test/src/controller.dart:883:30)
iOS Tests (Simulator) (5)	UNKNOWN STEP	2026-02-25T20:29:42.0578210Z #5      main.<anonymous closure>.<anonymous closure> (file:///Users/runner/work/substitution/substitution/integration_test/followfeeds_with_matrix_test.dart:342:36)
iOS Tests (Simulator) (5)	UNKNOWN STEP	2026-02-25T20:29:42.0579020Z <asynchronous suspension>
iOS Tests (Simulator) (5)	UNKNOWN STEP	2026-02-25T20:29:42.0746360Z #6      testWidgets.<anonymous closure>.<anonymous closure> (package:flutter_test/src/widget_tester.dart:192:15)
iOS Tests (Simulator) (5)	UNKNOWN STEP	2026-02-25T20:29:42.0855170Z <asynchronous suspension>
iOS Tests (Simulator) (5)	UNKNOWN STEP	2026-02-25T20:29:42.0956870Z #7      TestWidgetsFlutterBinding._runTestBody (package:flutter_test/src/binding.dart:1682:5)
iOS Tests (Simulator) (5)	UNKNOWN STEP	2026-02-25T20:29:42.1058540Z <asynchronous suspension>
iOS Tests (Simulator) (5)	UNKNOWN STEP	2026-02-25T20:29:42.1180200Z <asynchronous suspension>
iOS Tests (Simulator) (5)	UNKNOWN STEP	2026-02-25T20:29:42.1453330Z (elided 2 frames from dart:async-patch and package:stack_trace)
iOS Tests (Simulator) (5)	UNKNOWN STEP	2026-02-25T20:29:42.1570360Z 
iOS Tests (Simulator) (5)	UNKNOWN STEP	2026-02-25T20:29:42.1672930Z The test description was:
iOS Tests (Simulator) (5)	UNKNOWN STEP	2026-02-25T20:29:42.1780040Z   Room avatars are displayed correctly
iOS Tests (Simulator) (5)	UNKNOWN STEP	2026-02-25T20:29:42.1882710Z ════════════════════════════════════════════════════════════════════════════════════════════════════
iOS Tests (Simulator) (5)	UNKNOWN STEP	2026-02-25T20:29:42.1984930Z 28:25 +0 ~2 -3: /Users/runner/work/substitution/substitution/integration_test/followfeeds_with_matrix_test.dart: Follow Feeds Search with Real Matrix Server Room avatars are displayed correctly [E]
iOS Tests (Simulator) (5)	UNKNOWN STEP	2026-02-25T20:29:42.2144260Z   Test failed. See exception logs above.
iOS Tests (Simulator) (5)	UNKNOWN STEP	2026-02-25T20:29:42.2247210Z   The test description was: Room avatars are displayed correctly
iOS Tests (Simulator) (5)	UNKNOWN STEP	2026-02-25T20:29:42.2355540Z   
iOS Tests (Simulator) (5)	UNKNOWN STEP	2026-02-25T20:29:42.2557980Z 28:25 +0 ~2 -3: /Users/runner/work/substitution/substitution/integration_test/followfeeds_with_matrix_test.dart: (tearDownAll)
iOS Tests (Simulator) (5)	UNKNOWN STEP	2026-02-25T20:29:46.2943330Z 28:30 +0 ~2 -3: loading /Users/runner/work/substitution/substitution/integration_test/login_debug_test.dart
iOS Tests (Simulator) (5)	UNKNOWN STEP	2026-02-25T20:29:52.8533480Z To ensure your app continues to launch on upcoming iOS versions, UIScene lifecycle support will soon be required. Please see https://flutter.dev/to/uiscene-migration for the migration guide.
iOS Tests (Simulator) (5)	UNKNOWN STEP	2026-02-25T20:29:52.8535770Z 
iOS Tests (Simulator) (5)	UNKNOWN STEP	2026-02-25T20:30:56.5339400Z Running Xcode build...                                          
iOS Tests (Simulator) (5)	UNKNOWN STEP	2026-02-25T20:30:56.5364780Z Xcode build done.                                           61.2s
iOS Tests (Simulator) (5)	UNKNOWN STEP	2026-02-25T20:31:14.7543360Z 29:58 +0 ~2 -3: loading /Users/runner/work/substitution/substitution/integration_test/post_creation_with_matrix_test.dart
iOS Tests (Simulator) (5)	UNKNOWN STEP	2026-02-25T20:31:23.0439710Z To ensure your app continues to launch on upcoming iOS versions, UIScene lifecycle support will soon be required. Please see https://flutter.dev/to/uiscene-migration for the migration guide.
iOS Tests (Simulator) (5)	UNKNOWN STEP	2026-02-25T20:31:23.0543770Z 
iOS Tests (Simulator) (5)	UNKNOWN STEP	2026-02-25T20:32:24.6806210Z Running Xcode build...                                          
iOS Tests (Simulator) (5)	UNKNOWN STEP	2026-02-25T20:32:24.6908940Z Xcode build done.                                           58.9s
iOS Tests (Simulator) (5)	UNKNOWN STEP	2026-02-25T20:32:39.8475160Z 31:23 +0 ~2 -3: /Users/runner/work/substitution/substitution/integration_test/post_creation_with_matrix_test.dart: (setUpAll)
iOS Tests (Simulator) (5)	UNKNOWN STEP	2026-02-25T20:32:39.8538390Z 31:23 +0 ~2 -3: /Users/runner/work/substitution/substitution/integration_test/post_creation_with_matrix_test.dart: Content Creation with Real Matrix Server Can upload an image to the feed
iOS Tests (Simulator) (5)	UNKNOWN STEP	2026-02-25T20:32:39.8996780Z   Skipping: Matrix server not reachable at http://localhost:8008 (no Docker on this runner)
iOS Tests (Simulator) (5)	UNKNOWN STEP	2026-02-25T20:32:41.7305550Z [90m[🌎 Easy Localization] [DEBUG] Localization initialized[0m
iOS Tests (Simulator) (5)	UNKNOWN STEP	2026-02-25T20:32:41.7312010Z [Matrix] [32mInitialize client Substitution[0m
iOS Tests (Simulator) (5)	UNKNOWN STEP	2026-02-25T20:32:41.7447590Z [Matrix] [32mUser is not logged in.[0m
iOS Tests (Simulator) (5)	UNKNOWN STEP	2026-02-25T20:32:41.7549400Z [90m[🌎 Easy Localization] [DEBUG] Start[0m
iOS Tests (Simulator) (5)	UNKNOWN STEP	2026-02-25T20:32:42.1273250Z [90m[🌎 Easy Localization] [DEBUG] Init state[0m
iOS Tests (Simulator) (5)	UNKNOWN STEP	2026-02-25T20:32:42.1393470Z [90m[🌎 Easy Localization] [DEBUG] Build[0m
iOS Tests (Simulator) (5)	UNKNOWN STEP	2026-02-25T20:32:42.1614880Z [90m[🌎 Easy Localization] [DEBUG] Init Localization Delegate[0m
iOS Tests (Simulator) (5)	UNKNOWN STEP	2026-02-25T20:32:42.1723640Z [90m[🌎 Easy Localization] [DEBUG] Init provider[0m
iOS Tests (Simulator) (5)	UNKNOWN STEP	2026-02-25T20:32:42.1861520Z [90m[🌎 Easy Localization] [DEBUG] Load Localization Delegate[0m
iOS Tests (Simulator) (5)	UNKNOWN STEP	2026-02-25T20:32:42.2188740Z [90m[🌎 Easy Localization] [DEBUG] Load asset from assets/translations[0m
iOS Tests (Simulator) (5)	UNKNOWN STEP	2026-02-25T20:32:42.7808280Z [90m[🌎 Easy Localization] [DEBUG] Build[0m
iOS Tests (Simulator) (5)	UNKNOWN STEP	2026-02-25T20:32:42.7917730Z [90m[🌎 Easy Localization] [DEBUG] Init Localization Delegate[0m
iOS Tests (Simulator) (5)	UNKNOWN STEP	2026-02-25T20:32:42.8025730Z [90m[🌎 Easy Localization] [DEBUG] Init provider[0m
iOS Tests (Simulator) (5)	UNKNOWN STEP	2026-02-25T20:32:43.6295330Z   Skipping: Matrix server not reachable at http://localhost:8008 (no Docker on this runner)
iOS Tests (Simulator) (5)	UNKNOWN STEP	2026-02-25T20:32:45.7132050Z ⚠ Compose button (Icons.send_outlined) not found
iOS Tests (Simulator) (5)	UNKNOWN STEP	2026-02-25T20:32:45.7735010Z ⚠ Could not navigate to FileMessageWrite - skipping upload test
iOS Tests (Simulator) (5)	UNKNOWN STEP	2026-02-25T20:32:45.7982670Z 31:29 +0 ~3 -3: /Users/runner/work/substitution/substitution/integration_test/post_creation_with_matrix_test.dart: Content Creation with Real Matrix Server Can upload a video to the feed
iOS Tests (Simulator) (5)	UNKNOWN STEP	2026-02-25T20:32:45.8400090Z   Skipping: Matrix server not reachable at http://localhost:8008 (no Docker on this runner)
iOS Tests (Simulator) (5)	UNKNOWN STEP	2026-02-25T20:32:45.8502270Z [90m[🌎 Easy Localization] [DEBUG] Localization initialized[0m
iOS Tests (Simulator) (5)	UNKNOWN STEP	2026-02-25T20:32:45.8620610Z [Matrix] [32mInitialize client Substitution[0m
iOS Tests (Simulator) (5)	UNKNOWN STEP	2026-02-25T20:32:45.8769520Z [Matrix] [32mUser is not logged in.[0m
iOS Tests (Simulator) (5)	UNKNOWN STEP	2026-02-25T20:32:45.9033400Z [90m[🌎 Easy Localization] [DEBUG] Start[0m
iOS Tests (Simulator) (5)	UNKNOWN STEP	2026-02-25T20:32:46.3583640Z 31:30 +0 ~3 -3: /Users/runner/work/substitution/substitution/integration_test/post_creation_with_matrix_test.dart: Content Creation with Real Matrix Server Can upload an image to the feed
iOS Tests (Simulator) (5)	UNKNOWN STEP	2026-02-25T20:32:46.3691850Z [90m[🌎 Easy Localization] [DEBUG] Init state[0m
iOS Tests (Simulator) (5)	UNKNOWN STEP	2026-02-25T20:32:46.3780390Z [90m[🌎 Easy Localization] [DEBUG] Build[0m
iOS Tests (Simulator) (5)	UNKNOWN STEP	2026-02-25T20:32:46.3883930Z [90m[🌎 Easy Localization] [DEBUG] Init Localization Delegate[0m
iOS Tests (Simulator) (5)	UNKNOWN STEP	2026-02-25T20:32:46.3987450Z [90m[🌎 Easy Localization] [DEBUG] Init provider[0m
iOS Tests (Simulator) (5)	UNKNOWN STEP	2026-02-25T20:32:46.4091430Z [90m[🌎 Easy Localization] [DEBUG] Load Localization Delegate[0m
iOS Tests (Simulator) (5)	UNKNOWN STEP	2026-02-25T20:32:46.4193150Z [90m[🌎 Easy Localization] [DEBUG] Load asset from assets/translations[0m
iOS Tests (Simulator) (5)	UNKNOWN STEP	2026-02-25T20:32:46.8567260Z [90m[🌎 Easy Localization] [DEBUG] Build[0m
iOS Tests (Simulator) (5)	UNKNOWN STEP	2026-02-25T20:32:46.8682370Z [90m[🌎 Easy Localization] [DEBUG] Init Localization Delegate[0m
iOS Tests (Simulator) (5)	UNKNOWN STEP	2026-02-25T20:32:46.8949960Z [90m[🌎 Easy Localization] [DEBUG] Init provider[0m
iOS Tests (Simulator) (5)	UNKNOWN STEP	2026-02-25T20:32:47.9347540Z 31:31 +0 ~3 -3: /Users/runner/work/substitution/substitution/integration_test/post_creation_with_matrix_test.dart: Content Creation with Real Matrix Server Can upload a video to the feed
iOS Tests (Simulator) (5)	UNKNOWN STEP	2026-02-25T20:32:47.9479470Z   Skipping: Matrix server not reachable at http://localhost:8008 (no Docker on this runner)
iOS Tests (Simulator) (5)	UNKNOWN STEP	2026-02-25T20:32:50.0202990Z ⚠ Compose button (Icons.send_outlined) not found
iOS Tests (Simulator) (5)	UNKNOWN STEP	2026-02-25T20:32:50.0324630Z ⚠ Could not navigate to FileMessageWrite - skipping video upload test
iOS Tests (Simulator) (5)	UNKNOWN STEP	2026-02-25T20:32:50.0459780Z 31:33 +0 ~4 -3: /Users/runner/work/substitution/substitution/integration_test/post_creation_with_matrix_test.dart: (tearDownAll)
iOS Tests (Simulator) (5)	UNKNOWN STEP	2026-02-25T20:32:55.3287910Z 31:39 +0 ~4 -3: loading /Users/runner/work/substitution/substitution/integration_test/refresh_logic_test.dart
iOS Tests (Simulator) (5)	UNKNOWN STEP	2026-02-25T20:33:02.5214730Z To ensure your app continues to launch on upcoming iOS versions, UIScene lifecycle support will soon be required. Please see https://flutter.dev/to/uiscene-migration for the migration guide.
iOS Tests (Simulator) (5)	UNKNOWN STEP	2026-02-25T20:33:02.5317900Z 
iOS Tests (Simulator) (5)	UNKNOWN STEP	2026-02-25T20:34:05.8300060Z Running Xcode build...                                          
iOS Tests (Simulator) (5)	UNKNOWN STEP	2026-02-25T20:34:05.8427340Z Xcode build done.                                           60.0s
iOS Tests (Simulator) (5)	UNKNOWN STEP	2026-02-25T20:34:19.5103190Z 33:03 +0 ~4 -3: /Users/runner/work/substitution/substitution/integration_test/refresh_logic_test.dart: (setUpAll)
iOS Tests (Simulator) (5)	UNKNOWN STEP	2026-02-25T20:34:19.5238760Z 33:03 +0 ~4 -3: /Users/runner/work/substitution/substitution/integration_test/refresh_logic_test.dart: Refresh Logic Integration Tests New background message appears after refresh
iOS Tests (Simulator) (5)	UNKNOWN STEP	2026-02-25T20:34:19.5593320Z   Skipping: Matrix server not reachable at http://localhost:8008 (no Docker on this runner)
iOS Tests (Simulator) (5)	UNKNOWN STEP	2026-02-25T20:34:21.8014110Z   Skipping: Matrix server not reachable at http://localhost:8008 (no Docker on this runner)
iOS Tests (Simulator) (5)	UNKNOWN STEP	2026-02-25T20:34:21.8734950Z ══╡ EXCEPTION CAUGHT BY FLUTTER TEST FRAMEWORK ╞════════════════════════════════════════════════════
iOS Tests (Simulator) (5)	UNKNOWN STEP	2026-02-25T20:34:21.8791610Z The following _TypeError was thrown running a test:
iOS Tests (Simulator) (5)	UNKNOWN STEP	2026-02-25T20:34:21.8895080Z Null check operator used on a null value
iOS Tests (Simulator) (5)	UNKNOWN STEP	2026-02-25T20:34:21.8996040Z 
iOS Tests (Simulator) (5)	UNKNOWN STEP	2026-02-25T20:34:21.9097240Z When the exception was thrown, this was the stack:
iOS Tests (Simulator) (5)	UNKNOWN STEP	2026-02-25T20:34:21.9200620Z #0      main.<anonymous closure>.<anonymous closure> (file:///Users/runner/work/substitution/substitution/integration_test/refresh_logic_test.dart:150:44)
iOS Tests (Simulator) (5)	UNKNOWN STEP	2026-02-25T20:34:21.9302860Z <asynchronous suspension>
iOS Tests (Simulator) (5)	UNKNOWN STEP	2026-02-25T20:34:21.9441250Z #1      testWidgets.<anonymous closure>.<anonymous closure> (package:flutter_test/src/widget_tester.dart:192:15)
iOS Tests (Simulator) (5)	UNKNOWN STEP	2026-02-25T20:34:21.9655690Z <asynchronous suspension>
iOS Tests (Simulator) (5)	UNKNOWN STEP	2026-02-25T20:34:21.9756060Z #2      TestWidgetsFlutterBinding._runTestBody (package:flutter_test/src/binding.dart:1682:5)
iOS Tests (Simulator) (5)	UNKNOWN STEP	2026-02-25T20:34:21.9864950Z <asynchronous suspension>
iOS Tests (Simulator) (5)	UNKNOWN STEP	2026-02-25T20:34:21.9977920Z <asynchronous suspension>
iOS Tests (Simulator) (5)	UNKNOWN STEP	2026-02-25T20:34:22.0083040Z (elided one frame from package:stack_trace)
iOS Tests (Simulator) (5)	UNKNOWN STEP	2026-02-25T20:34:22.0185060Z 
iOS Tests (Simulator) (5)	UNKNOWN STEP	2026-02-25T20:34:22.0291290Z The test description was:
iOS Tests (Simulator) (5)	UNKNOWN STEP	2026-02-25T20:34:22.0404450Z   New background message appears after refresh
iOS Tests (Simulator) (5)	UNKNOWN STEP	2026-02-25T20:34:22.0860170Z ════════════════════════════════════════════════════════════════════════════════════════════════════
iOS Tests (Simulator) (5)	UNKNOWN STEP	2026-02-25T20:34:22.0959680Z 33:05 +0 ~4 -4: /Users/runner/work/substitution/substitution/integration_test/refresh_logic_test.dart: Refresh Logic Integration Tests New background message appears after refresh [E]
iOS Tests (Simulator) (5)	UNKNOWN STEP	2026-02-25T20:34:22.1072070Z   Test failed. See exception logs above.
iOS Tests (Simulator) (5)	UNKNOWN STEP	2026-02-25T20:34:22.1179090Z   The test description was: New background message appears after refresh
iOS Tests (Simulator) (5)	UNKNOWN STEP	2026-02-25T20:34:22.1313170Z   
iOS Tests (Simulator) (5)	UNKNOWN STEP	2026-02-25T20:34:22.1421150Z 33:05 +0 ~4 -4: /Users/runner/work/substitution/substitution/integration_test/refresh_logic_test.dart: (tearDownAll)
iOS Tests (Simulator) (5)	UNKNOWN STEP	2026-02-25T20:34:22.1525350Z 33:05 +0 ~4 -4: /Users/runner/work/substitution/substitution/integration_test/refresh_logic_test.dart: Refresh Logic Integration Tests New background message appears after refresh
iOS Tests (Simulator) (5)	UNKNOWN STEP	2026-02-25T20:34:22.1630400Z [90m[🌎 Easy Localization] [DEBUG] Localization initialized[0m
iOS Tests (Simulator) (5)	UNKNOWN STEP	2026-02-25T20:34:22.1917970Z [Matrix] [32mInitialize client Substitution[0m
iOS Tests (Simulator) (5)	UNKNOWN STEP	2026-02-25T20:34:22.2063570Z [Matrix] [32mUser is not logged in.[0m
iOS Tests (Simulator) (5)	UNKNOWN STEP	2026-02-25T20:34:22.2166120Z [90m[🌎 Easy Localization] [DEBUG] Start[0m
iOS Tests (Simulator) (5)	UNKNOWN STEP	2026-02-25T20:34:26.0447900Z 33:09 +0 ~4 -4: loading /Users/runner/work/substitution/substitution/integration_test/room_discovery_with_matrix_test.dart
iOS Tests (Simulator) (5)	UNKNOWN STEP	2026-02-25T20:34:32.6484550Z To ensure your app continues to launch on upcoming iOS versions, UIScene lifecycle support will soon be required. Please see https://flutter.dev/to/uiscene-migration for the migration guide.
iOS Tests (Simulator) (5)	UNKNOWN STEP	2026-02-25T20:34:32.6580860Z 
iOS Tests (Simulator) (5)	UNKNOWN STEP	2026-02-25T20:35:38.9836170Z Running Xcode build...                                          
iOS Tests (Simulator) (5)	UNKNOWN STEP	2026-02-25T20:35:38.9925850Z Xcode build done.                                           63.8s
iOS Tests (Simulator) (5)	UNKNOWN STEP	2026-02-25T20:35:55.6903830Z 34:39 +0 ~4 -4: loading /Users/runner/work/substitution/substitution/integration_test/room_permissions_test.dart
iOS Tests (Simulator) (5)	UNKNOWN STEP	2026-02-25T20:36:03.4152210Z To ensure your app continues to launch on upcoming iOS versions, UIScene lifecycle support will soon be required. Please see https://flutter.dev/to/uiscene-migration for the migration guide.
iOS Tests (Simulator) (5)	UNKNOWN STEP	2026-02-25T20:36:03.4255080Z 
iOS Tests (Simulator) (5)	UNKNOWN STEP	2026-02-25T20:36:55.0106190Z Running Xcode build...                                          
iOS Tests (Simulator) (5)	UNKNOWN STEP	2026-02-25T20:36:55.0227010Z Xcode build done.                                           48.7s
iOS Tests (Simulator) (5)	UNKNOWN STEP	2026-02-25T20:37:09.1403920Z Warning: A tag was used that wasn't specified in dart_test.yaml.
iOS Tests (Simulator) (5)	UNKNOWN STEP	2026-02-25T20:37:09.1498050Z   integration was used in the suite itself
iOS Tests (Simulator) (5)	UNKNOWN STEP	2026-02-25T20:37:09.1601160Z 
iOS Tests (Simulator) (5)	UNKNOWN STEP	2026-02-25T20:37:12.5885300Z 35:56 +0 ~4 -4: loading /Users/runner/work/substitution/substitution/integration_test/logout_test.dart
iOS Tests (Simulator) (5)	UNKNOWN STEP	2026-02-25T20:37:18.2822440Z To ensure your app continues to launch on upcoming iOS versions, UIScene lifecycle support will soon be required. Please see https://flutter.dev/to/uiscene-migration for the migration guide.
iOS Tests (Simulator) (5)	UNKNOWN STEP	2026-02-25T20:37:18.2962460Z 
iOS Tests (Simulator) (5)	UNKNOWN STEP	2026-02-25T20:38:19.2364620Z Running Xcode build...                                          
iOS Tests (Simulator) (5)	UNKNOWN STEP	2026-02-25T20:38:19.2467900Z Xcode build done.                                           58.5s
iOS Tests (Simulator) (5)	UNKNOWN STEP	2026-02-25T20:38:37.0900270Z 37:20 +0 ~4 -4: loading /Users/runner/work/substitution/substitution/integration_test/room_discovery_strict_test.dart
iOS Tests (Simulator) (5)	UNKNOWN STEP	2026-02-25T20:38:48.0789220Z To ensure your app continues to launch on upcoming iOS versions, UIScene lifecycle support will soon be required. Please see https://flutter.dev/to/uiscene-migration for the migration guide.
iOS Tests (Simulator) (5)	UNKNOWN STEP	2026-02-25T20:38:48.0884050Z 
iOS Tests (Simulator) (5)	UNKNOWN STEP	2026-02-25T20:39:45.5390860Z Running Xcode build...                                          
iOS Tests (Simulator) (5)	UNKNOWN STEP	2026-02-25T20:39:45.5497920Z Xcode build done.                                           54.9s
iOS Tests (Simulator) (5)	UNKNOWN STEP	2026-02-25T20:40:05.0290480Z 38:48 +0 ~4 -4: loading /Users/runner/work/substitution/substitution/integration_test/onboarding_and_login_test.dart
iOS Tests (Simulator) (5)	UNKNOWN STEP	2026-02-25T20:40:11.3424350Z [0;31m[ERROR][0m iOS tests timed out after 2700s
iOS Tests (Simulator) (5)	UNKNOWN STEP	2026-02-25T20:40:11.3427720Z 
iOS Tests (Simulator) (5)	UNKNOWN STEP	2026-02-25T20:40:11.3673500Z [1m══════════════════════════════════════════════════════════[0m
iOS Tests (Simulator) (5)	UNKNOWN STEP	2026-02-25T20:40:11.3680580Z [1m  Test Results Summary[0m
iOS Tests (Simulator) (5)	UNKNOWN STEP	2026-02-25T20:40:11.3783070Z [1m══════════════════════════════════════════════════════════[0m
iOS Tests (Simulator) (5)	UNKNOWN STEP	2026-02-25T20:40:11.3888000Z 
iOS Tests (Simulator) (5)	UNKNOWN STEP	2026-02-25T20:40:11.3989200Z   TARGET             PASSED   FAILED  SKIPPED   DURATION
iOS Tests (Simulator) (5)	UNKNOWN STEP	2026-02-25T20:40:11.4108670Z   ──────────────── ──────── ──────── ──────── ──────────
iOS Tests (Simulator) (5)	UNKNOWN STEP	2026-02-25T20:40:11.4310200Z   [0;31mios             [0m        0        4        4     45m 3s
iOS Tests (Simulator) (5)	UNKNOWN STEP	2026-02-25T20:40:11.4424650Z 
iOS Tests (Simulator) (5)	UNKNOWN STEP	2026-02-25T20:40:11.4526770Z   ──────────────── ──────── ──────── ────────
iOS Tests (Simulator) (5)	UNKNOWN STEP	2026-02-25T20:40:11.4628580Z   [0;31mTOTAL                   0        4        4[0m
iOS Tests (Simulator) (5)	UNKNOWN STEP	2026-02-25T20:40:11.4730140Z 
iOS Tests (Simulator) (5)	UNKNOWN STEP	2026-02-25T20:40:11.4839240Z   [0;31m[1mRESULT: FAILED[0m
iOS Tests (Simulator) (5)	UNKNOWN STEP	2026-02-25T20:40:11.4942280Z 
iOS Tests (Simulator) (5)	UNKNOWN STEP	2026-02-25T20:40:11.5062800Z [1m══════════════════════════════════════════════════════════[0m
iOS Tests (Simulator) (5)	UNKNOWN STEP	2026-02-25T20:40:11.5175060Z 
iOS Tests (Simulator) (5)	UNKNOWN STEP	2026-02-25T20:40:11.5508140Z [0;34m[INFO][0m Cleaning up...
iOS Tests (Simulator) (5)	UNKNOWN STEP	2026-02-25T20:40:18.3009140Z [0;34m[INFO][0m Cleanup complete
iOS Tests (Simulator) (5)	UNKNOWN STEP	2026-02-25T20:40:18.4707460Z ##[error]Process completed with exit code 1.
iOS Tests (Simulator) (5)	UNKNOWN STEP	2026-02-25T20:40:18.6584310Z Post job cleanup.
iOS Tests (Simulator) (5)	UNKNOWN STEP	2026-02-25T20:40:18.7400270Z Post job cleanup.
iOS Tests (Simulator) (5)	UNKNOWN STEP	2026-02-25T20:40:19.6981810Z [command]/opt/homebrew/bin/git version
iOS Tests (Simulator) (5)	UNKNOWN STEP	2026-02-25T20:40:19.7185990Z git version 2.53.0
iOS Tests (Simulator) (5)	UNKNOWN STEP	2026-02-25T20:40:19.7846340Z Copying '/Users/runner/.gitconfig' to '/Users/runner/work/_temp/b2d2ad20-734d-4083-8782-3bacc24942c8/.gitconfig'
iOS Tests (Simulator) (5)	UNKNOWN STEP	2026-02-25T20:40:19.7948390Z Temporarily overriding HOME='/Users/runner/work/_temp/b2d2ad20-734d-4083-8782-3bacc24942c8' before making global git config changes
iOS Tests (Simulator) (5)	UNKNOWN STEP	2026-02-25T20:40:19.8057670Z Adding repository directory to the temporary git global config as a safe directory
iOS Tests (Simulator) (5)	UNKNOWN STEP	2026-02-25T20:40:19.8159660Z [command]/opt/homebrew/bin/git config --global --add safe.directory /Users/runner/work/substitution/substitution
iOS Tests (Simulator) (5)	UNKNOWN STEP	2026-02-25T20:40:19.8610180Z [command]/opt/homebrew/bin/git config --local --name-only --get-regexp core\.sshCommand
iOS Tests (Simulator) (5)	UNKNOWN STEP	2026-02-25T20:40:19.8939280Z [command]/opt/homebrew/bin/git submodule foreach --recursive sh -c "git config --local --name-only --get-regexp 'core\.sshCommand' && git config --local --unset-all 'core.sshCommand' || :"
iOS Tests (Simulator) (5)	UNKNOWN STEP	2026-02-25T20:40:20.0600650Z [command]/opt/homebrew/bin/git config --local --name-only --get-regexp http\.https\:\/\/github\.com\/\.extraheader
iOS Tests (Simulator) (5)	UNKNOWN STEP	2026-02-25T20:40:20.0703130Z http.https://github.com/.extraheader
iOS Tests (Simulator) (5)	UNKNOWN STEP	2026-02-25T20:40:20.0905510Z [command]/opt/homebrew/bin/git config --local --unset-all http.https://github.com/.extraheader
iOS Tests (Simulator) (5)	UNKNOWN STEP	2026-02-25T20:40:20.1110410Z [command]/opt/homebrew/bin/git submodule foreach --recursive sh -c "git config --local --name-only --get-regexp 'http\.https\:\/\/github\.com\/\.extraheader' && git config --local --unset-all 'http.https://github.com/.extraheader' || :"
iOS Tests (Simulator) (5)	UNKNOWN STEP	2026-02-25T20:40:20.3097890Z [command]/opt/homebrew/bin/git config --local --name-only --get-regexp ^includeIf\.gitdir:
iOS Tests (Simulator) (5)	UNKNOWN STEP	2026-02-25T20:40:20.3413970Z [command]/opt/homebrew/bin/git submodule foreach --recursive git config --local --show-origin --name-only --get-regexp remote.origin.url
iOS Tests (Simulator) (5)	UNKNOWN STEP	2026-02-25T20:40:20.5298180Z Cleaning up orphan processes
iOS Tests (Simulator) (5)	UNKNOWN STEP	2026-02-25T20:40:25.3885570Z Terminate orphan process: pid (16357) (ibtoold)
iOS Tests (Simulator) (5)	UNKNOWN STEP	2026-02-25T20:40:41.5167240Z Terminate orphan process: pid (7611) (Simulator)
iOS Tests (Simulator) (1)	Set up job	﻿2026-02-25T19:48:13.6282820Z Current runner version: '2.331.0'
iOS Tests (Simulator) (1)	Set up job	2026-02-25T19:48:13.6310270Z ##[group]Runner Image Provisioner
iOS Tests (Simulator) (1)	Set up job	2026-02-25T19:48:13.6310950Z Hosted Compute Agent
iOS Tests (Simulator) (1)	Set up job	2026-02-25T19:48:13.6311380Z Version: 20260213.493
iOS Tests (Simulator) (1)	Set up job	2026-02-25T19:48:13.6311780Z Commit: 5c115507f6dd24b8de37d8bbe0bb4509d0cc0fa3
iOS Tests (Simulator) (1)	Set up job	2026-02-25T19:48:13.6312230Z Build Date: 2026-02-13T00:28:41Z
iOS Tests (Simulator) (1)	Set up job	2026-02-25T19:48:13.6312730Z Worker ID: {22833937-3577-4672-a5e4-9806ee1fed8a}
iOS Tests (Simulator) (1)	Set up job	2026-02-25T19:48:13.6313150Z Azure Region: westus
iOS Tests (Simulator) (1)	Set up job	2026-02-25T19:48:13.6313630Z ##[endgroup]
iOS Tests (Simulator) (1)	Set up job	2026-02-25T19:48:13.6314570Z ##[group]Operating System
iOS Tests (Simulator) (1)	Set up job	2026-02-25T19:48:13.6315000Z macOS
iOS Tests (Simulator) (1)	Set up job	2026-02-25T19:48:13.6315360Z 15.7.4
iOS Tests (Simulator) (1)	Set up job	2026-02-25T19:48:13.6315690Z 24G517
iOS Tests (Simulator) (1)	Set up job	2026-02-25T19:48:13.6315980Z ##[endgroup]
iOS Tests (Simulator) (1)	Set up job	2026-02-25T19:48:13.6316280Z ##[group]Runner Image
iOS Tests (Simulator) (1)	Set up job	2026-02-25T19:48:13.6316700Z Image: macos-15-arm64
iOS Tests (Simulator) (1)	Set up job	2026-02-25T19:48:13.6317080Z Version: 20260224.0170.1
iOS Tests (Simulator) (1)	Set up job	2026-02-25T19:48:13.6317810Z Included Software: https://github.com/actions/runner-images/blob/macos-15-arm64/20260224.0170/images/macos/macos-15-arm64-Readme.md
iOS Tests (Simulator) (1)	Set up job	2026-02-25T19:48:13.6318990Z Image Release: https://github.com/actions/runner-images/releases/tag/macos-15-arm64%2F20260224.0170
iOS Tests (Simulator) (1)	Set up job	2026-02-25T19:48:13.6319610Z ##[endgroup]
iOS Tests (Simulator) (1)	Set up job	2026-02-25T19:48:13.6320870Z ##[group]GITHUB_TOKEN Permissions
iOS Tests (Simulator) (1)	Set up job	2026-02-25T19:48:13.6322110Z Contents: read
iOS Tests (Simulator) (1)	Set up job	2026-02-25T19:48:13.6322430Z Metadata: read
iOS Tests (Simulator) (1)	Set up job	2026-02-25T19:48:13.6322810Z Packages: read
iOS Tests (Simulator) (1)	Set up job	2026-02-25T19:48:13.6323180Z ##[endgroup]
iOS Tests (Simulator) (1)	Set up job	2026-02-25T19:48:13.6324610Z Secret source: Actions
iOS Tests (Simulator) (1)	Set up job	2026-02-25T19:48:13.6325060Z Prepare workflow directory
iOS Tests (Simulator) (1)	Set up job	2026-02-25T19:48:13.6846060Z Prepare all required actions
iOS Tests (Simulator) (1)	Set up job	2026-02-25T19:48:13.6885840Z Getting action download info
iOS Tests (Simulator) (1)	Set up job	2026-02-25T19:48:13.9728790Z Download action repository 'actions/checkout@v4' (SHA:34e114876b0b11c390a56381ad16ebd13914f8d5)
iOS Tests (Simulator) (1)	Set up job	2026-02-25T19:48:14.4572750Z Download action repository 'subosito/flutter-action@v2' (SHA:fd55f4c5af5b953cc57a2be44cb082c8f6635e8e)
iOS Tests (Simulator) (1)	Set up job	2026-02-25T19:48:15.0700640Z Getting action download info
iOS Tests (Simulator) (1)	Set up job	2026-02-25T19:48:15.2190590Z Download action repository 'actions/cache@v4' (SHA:0057852bfaa89a56745cba8c7296529d2fc39830)
iOS Tests (Simulator) (1)	Set up job	2026-02-25T19:48:15.5448840Z Complete job name: iOS Tests (Simulator) (1)
iOS Tests (Simulator) (1)	Run actions/checkout@v4	﻿2026-02-25T19:48:15.5948830Z ##[group]Run actions/checkout@v4
iOS Tests (Simulator) (1)	Run actions/checkout@v4	2026-02-25T19:48:15.5949640Z with:
iOS Tests (Simulator) (1)	Run actions/checkout@v4	2026-02-25T19:48:15.5950050Z   repository: floffel/substitution
iOS Tests (Simulator) (1)	Run actions/checkout@v4	2026-02-25T19:48:15.5950830Z   token: ***
iOS Tests (Simulator) (1)	Run actions/checkout@v4	2026-02-25T19:48:15.5951210Z   ssh-strict: true
iOS Tests (Simulator) (1)	Run actions/checkout@v4	2026-02-25T19:48:15.5951610Z   ssh-user: git
iOS Tests (Simulator) (1)	Run actions/checkout@v4	2026-02-25T19:48:15.5952020Z   persist-credentials: true
iOS Tests (Simulator) (1)	Run actions/checkout@v4	2026-02-25T19:48:15.5952470Z   clean: true
iOS Tests (Simulator) (1)	Run actions/checkout@v4	2026-02-25T19:48:15.5952880Z   sparse-checkout-cone-mode: true
iOS Tests (Simulator) (1)	Run actions/checkout@v4	2026-02-25T19:48:15.5953380Z   fetch-depth: 1
iOS Tests (Simulator) (1)	Run actions/checkout@v4	2026-02-25T19:48:15.5953780Z   fetch-tags: false
iOS Tests (Simulator) (1)	Run actions/checkout@v4	2026-02-25T19:48:15.5954200Z   show-progress: true
iOS Tests (Simulator) (1)	Run actions/checkout@v4	2026-02-25T19:48:15.5954600Z   lfs: false
iOS Tests (Simulator) (1)	Run actions/checkout@v4	2026-02-25T19:48:15.5954970Z   submodules: false
iOS Tests (Simulator) (1)	Run actions/checkout@v4	2026-02-25T19:48:15.5955400Z   set-safe-directory: true
iOS Tests (Simulator) (1)	Run actions/checkout@v4	2026-02-25T19:48:15.5955940Z env:
iOS Tests (Simulator) (1)	Run actions/checkout@v4	2026-02-25T19:48:15.5956320Z   CACHE_VERSION: v1
iOS Tests (Simulator) (1)	Run actions/checkout@v4	2026-02-25T19:48:15.5956710Z ##[endgroup]
iOS Tests (Simulator) (1)	Run actions/checkout@v4	2026-02-25T19:48:16.2175760Z Syncing repository: floffel/substitution
iOS Tests (Simulator) (1)	Run actions/checkout@v4	2026-02-25T19:48:16.2178010Z ##[group]Getting Git version info
iOS Tests (Simulator) (1)	Run actions/checkout@v4	2026-02-25T19:48:16.2178930Z Working directory is '/Users/runner/work/substitution/substitution'
iOS Tests (Simulator) (1)	Run actions/checkout@v4	2026-02-25T19:48:16.2180270Z [command]/opt/homebrew/bin/git version
iOS Tests (Simulator) (1)	Run actions/checkout@v4	2026-02-25T19:48:16.2691230Z git version 2.53.0
iOS Tests (Simulator) (1)	Run actions/checkout@v4	2026-02-25T19:48:16.3124790Z ##[endgroup]
iOS Tests (Simulator) (1)	Run actions/checkout@v4	2026-02-25T19:48:16.3436660Z Copying '/Users/runner/.gitconfig' to '/Users/runner/work/_temp/2628b62c-1e09-4e26-88b1-08617a121158/.gitconfig'
iOS Tests (Simulator) (1)	Run actions/checkout@v4	2026-02-25T19:48:16.3549790Z Temporarily overriding HOME='/Users/runner/work/_temp/2628b62c-1e09-4e26-88b1-08617a121158' before making global git config changes
iOS Tests (Simulator) (1)	Run actions/checkout@v4	2026-02-25T19:48:16.3575850Z Adding repository directory to the temporary git global config as a safe directory
iOS Tests (Simulator) (1)	Run actions/checkout@v4	2026-02-25T19:48:16.3643870Z [command]/opt/homebrew/bin/git config --global --add safe.directory /Users/runner/work/substitution/substitution
iOS Tests (Simulator) (1)	Run actions/checkout@v4	2026-02-25T19:48:16.3750890Z Deleting the contents of '/Users/runner/work/substitution/substitution'
iOS Tests (Simulator) (1)	Run actions/checkout@v4	2026-02-25T19:48:16.3767320Z ##[group]Initializing the repository
iOS Tests (Simulator) (1)	Run actions/checkout@v4	2026-02-25T19:48:16.3779050Z [command]/opt/homebrew/bin/git init /Users/runner/work/substitution/substitution
iOS Tests (Simulator) (1)	Run actions/checkout@v4	2026-02-25T19:48:16.3786020Z hint: Using 'master' as the name for the initial branch. This default branch name
iOS Tests (Simulator) (1)	Run actions/checkout@v4	2026-02-25T19:48:16.3831930Z hint: will change to "main" in Git 3.0. To configure the initial branch name
iOS Tests (Simulator) (1)	Run actions/checkout@v4	2026-02-25T19:48:16.3838950Z hint: to use in all of your new repositories, which will suppress this warning,
iOS Tests (Simulator) (1)	Run actions/checkout@v4	2026-02-25T19:48:16.3840070Z hint: call:
iOS Tests (Simulator) (1)	Run actions/checkout@v4	2026-02-25T19:48:16.3840960Z hint:
iOS Tests (Simulator) (1)	Run actions/checkout@v4	2026-02-25T19:48:16.3841780Z hint: 	git config --global init.defaultBranch <name>
iOS Tests (Simulator) (1)	Run actions/checkout@v4	2026-02-25T19:48:16.3843140Z hint:
iOS Tests (Simulator) (1)	Run actions/checkout@v4	2026-02-25T19:48:16.3888620Z hint: Names commonly chosen instead of 'master' are 'main', 'trunk' and
iOS Tests (Simulator) (1)	Run actions/checkout@v4	2026-02-25T19:48:16.3890400Z hint: 'development'. The just-created branch can be renamed via this command:
iOS Tests (Simulator) (1)	Run actions/checkout@v4	2026-02-25T19:48:16.3891730Z hint:
iOS Tests (Simulator) (1)	Run actions/checkout@v4	2026-02-25T19:48:16.3892370Z hint: 	git branch -m <name>
iOS Tests (Simulator) (1)	Run actions/checkout@v4	2026-02-25T19:48:16.3893260Z hint:
iOS Tests (Simulator) (1)	Run actions/checkout@v4	2026-02-25T19:48:16.3895250Z hint: Disable this message with "git config set advice.defaultBranchName false"
iOS Tests (Simulator) (1)	Run actions/checkout@v4	2026-02-25T19:48:16.3896730Z Initialized empty Git repository in /Users/runner/work/substitution/substitution/.git/
iOS Tests (Simulator) (1)	Run actions/checkout@v4	2026-02-25T19:48:16.3901780Z [command]/opt/homebrew/bin/git remote add origin https://github.com/floffel/substitution
iOS Tests (Simulator) (1)	Run actions/checkout@v4	2026-02-25T19:48:16.3904140Z ##[endgroup]
iOS Tests (Simulator) (1)	Run actions/checkout@v4	2026-02-25T19:48:16.3904920Z ##[group]Disabling automatic garbage collection
iOS Tests (Simulator) (1)	Run actions/checkout@v4	2026-02-25T19:48:16.3905640Z [command]/opt/homebrew/bin/git config --local gc.auto 0
iOS Tests (Simulator) (1)	Run actions/checkout@v4	2026-02-25T19:48:16.3907220Z ##[endgroup]
iOS Tests (Simulator) (1)	Run actions/checkout@v4	2026-02-25T19:48:16.3908020Z ##[group]Setting up auth
iOS Tests (Simulator) (1)	Run actions/checkout@v4	2026-02-25T19:48:16.3908830Z [command]/opt/homebrew/bin/git config --local --name-only --get-regexp core\.sshCommand
iOS Tests (Simulator) (1)	Run actions/checkout@v4	2026-02-25T19:48:16.3911510Z [command]/opt/homebrew/bin/git submodule foreach --recursive sh -c "git config --local --name-only --get-regexp 'core\.sshCommand' && git config --local --unset-all 'core.sshCommand' || :"
iOS Tests (Simulator) (1)	Run actions/checkout@v4	2026-02-25T19:48:16.5531900Z [command]/opt/homebrew/bin/git config --local --name-only --get-regexp http\.https\:\/\/github\.com\/\.extraheader
iOS Tests (Simulator) (1)	Run actions/checkout@v4	2026-02-25T19:48:16.5663890Z [command]/opt/homebrew/bin/git submodule foreach --recursive sh -c "git config --local --name-only --get-regexp 'http\.https\:\/\/github\.com\/\.extraheader' && git config --local --unset-all 'http.https://github.com/.extraheader' || :"
iOS Tests (Simulator) (1)	Run actions/checkout@v4	2026-02-25T19:48:16.7287090Z [command]/opt/homebrew/bin/git config --local --name-only --get-regexp ^includeIf\.gitdir:
iOS Tests (Simulator) (1)	Run actions/checkout@v4	2026-02-25T19:48:16.7673010Z [command]/opt/homebrew/bin/git submodule foreach --recursive git config --local --show-origin --name-only --get-regexp remote.origin.url
iOS Tests (Simulator) (1)	Run actions/checkout@v4	2026-02-25T19:48:16.9778330Z [command]/opt/homebrew/bin/git config --local http.https://github.com/.extraheader AUTHORIZATION: basic ***
iOS Tests (Simulator) (1)	Run actions/checkout@v4	2026-02-25T19:48:17.0111470Z ##[endgroup]
iOS Tests (Simulator) (1)	Run actions/checkout@v4	2026-02-25T19:48:17.0213640Z ##[group]Fetching the repository
iOS Tests (Simulator) (1)	Run actions/checkout@v4	2026-02-25T19:48:17.0314820Z [command]/opt/homebrew/bin/git -c protocol.version=2 fetch --no-tags --prune --no-recurse-submodules --depth=1 origin +0408461b08eee1bbe2c516702bd1813b916d3e4c:refs/remotes/pull/1/merge
iOS Tests (Simulator) (1)	Run actions/checkout@v4	2026-02-25T19:48:18.0595460Z From https://github.com/floffel/substitution
iOS Tests (Simulator) (1)	Run actions/checkout@v4	2026-02-25T19:48:18.0697820Z  * [new ref]         0408461b08eee1bbe2c516702bd1813b916d3e4c -> pull/1/merge
iOS Tests (Simulator) (1)	Run actions/checkout@v4	2026-02-25T19:48:18.1001090Z ##[endgroup]
iOS Tests (Simulator) (1)	Run actions/checkout@v4	2026-02-25T19:48:18.1103990Z ##[group]Determining the checkout info
iOS Tests (Simulator) (1)	Run actions/checkout@v4	2026-02-25T19:48:18.1206300Z ##[endgroup]
iOS Tests (Simulator) (1)	Run actions/checkout@v4	2026-02-25T19:48:18.1309440Z [command]/opt/homebrew/bin/git sparse-checkout disable
iOS Tests (Simulator) (1)	Run actions/checkout@v4	2026-02-25T19:48:18.1613630Z [command]/opt/homebrew/bin/git config --local --unset-all extensions.worktreeConfig
iOS Tests (Simulator) (1)	Run actions/checkout@v4	2026-02-25T19:48:18.1942770Z ##[group]Checking out the ref
iOS Tests (Simulator) (1)	Run actions/checkout@v4	2026-02-25T19:48:18.1943840Z [command]/opt/homebrew/bin/git checkout --progress --force refs/remotes/pull/1/merge
iOS Tests (Simulator) (1)	Run actions/checkout@v4	2026-02-25T19:48:18.3298400Z HEAD is now at 0408461 Merge 86c2f4a4443179a61e99b4f5d2c467a0f9c43a72 into 74cc852017b0f1fdeb37326726f5fee7effe2248
iOS Tests (Simulator) (1)	Run actions/checkout@v4	2026-02-25T19:48:18.3606980Z ##[endgroup]
iOS Tests (Simulator) (1)	Run actions/checkout@v4	2026-02-25T19:48:18.3837260Z [command]/opt/homebrew/bin/git log -1 --format=%H
iOS Tests (Simulator) (1)	Run actions/checkout@v4	2026-02-25T19:48:18.3937710Z 0408461b08eee1bbe2c516702bd1813b916d3e4c
iOS Tests (Simulator) (1)	Setup Flutter	﻿2026-02-25T19:48:18.4297980Z ##[group]Run subosito/flutter-action@v2
iOS Tests (Simulator) (1)	Setup Flutter	2026-02-25T19:48:18.4298520Z with:
iOS Tests (Simulator) (1)	Setup Flutter	2026-02-25T19:48:18.4298850Z   channel: stable
iOS Tests (Simulator) (1)	Setup Flutter	2026-02-25T19:48:18.4299400Z   cache: true
iOS Tests (Simulator) (1)	Setup Flutter	2026-02-25T19:48:18.4299820Z   architecture: ARM64
iOS Tests (Simulator) (1)	Setup Flutter	2026-02-25T19:48:18.4300360Z   pub-cache-path: default
iOS Tests (Simulator) (1)	Setup Flutter	2026-02-25T19:48:18.4300800Z   dry-run: false
iOS Tests (Simulator) (1)	Setup Flutter	2026-02-25T19:48:18.4301450Z   git-source: https://github.com/flutter/flutter.git
iOS Tests (Simulator) (1)	Setup Flutter	2026-02-25T19:48:18.4302130Z env:
iOS Tests (Simulator) (1)	Setup Flutter	2026-02-25T19:48:18.4302530Z   CACHE_VERSION: v1
iOS Tests (Simulator) (1)	Setup Flutter	2026-02-25T19:48:18.4303070Z ##[endgroup]
iOS Tests (Simulator) (1)	Setup Flutter	2026-02-25T19:48:18.4406220Z ##[group]Run chmod +x "$GITHUB_ACTION_PATH/setup.sh"
iOS Tests (Simulator) (1)	Setup Flutter	2026-02-25T19:48:18.4406780Z [36;1mchmod +x "$GITHUB_ACTION_PATH/setup.sh"[0m
iOS Tests (Simulator) (1)	Setup Flutter	2026-02-25T19:48:18.4522480Z shell: /bin/bash --noprofile --norc -e -o pipefail {0}
iOS Tests (Simulator) (1)	Setup Flutter	2026-02-25T19:48:18.4523050Z env:
iOS Tests (Simulator) (1)	Setup Flutter	2026-02-25T19:48:18.4523350Z   CACHE_VERSION: v1
iOS Tests (Simulator) (1)	Setup Flutter	2026-02-25T19:48:18.4523680Z ##[endgroup]
iOS Tests (Simulator) (1)	Setup Flutter	2026-02-25T19:48:18.5395060Z ##[group]Run $GITHUB_ACTION_PATH/setup.sh -p \
iOS Tests (Simulator) (1)	Setup Flutter	2026-02-25T19:48:18.5395760Z [36;1m$GITHUB_ACTION_PATH/setup.sh -p \[0m
iOS Tests (Simulator) (1)	Setup Flutter	2026-02-25T19:48:18.5396270Z [36;1m  -n '' \[0m
iOS Tests (Simulator) (1)	Setup Flutter	2026-02-25T19:48:18.5396620Z [36;1m  -f '' \[0m
iOS Tests (Simulator) (1)	Setup Flutter	2026-02-25T19:48:18.5396960Z [36;1m  -a 'ARM64' \[0m
iOS Tests (Simulator) (1)	Setup Flutter	2026-02-25T19:48:18.5397330Z [36;1m  -k '' \[0m
iOS Tests (Simulator) (1)	Setup Flutter	2026-02-25T19:48:18.5397650Z [36;1m  -c '' \[0m
iOS Tests (Simulator) (1)	Setup Flutter	2026-02-25T19:48:18.5397970Z [36;1m  -l '' \[0m
iOS Tests (Simulator) (1)	Setup Flutter	2026-02-25T19:48:18.5398300Z [36;1m  -d 'default' \[0m
iOS Tests (Simulator) (1)	Setup Flutter	2026-02-25T19:48:18.5398780Z [36;1m  -g 'https://github.com/flutter/flutter.git' \[0m
iOS Tests (Simulator) (1)	Setup Flutter	2026-02-25T19:48:18.5399240Z [36;1m  stable[0m
iOS Tests (Simulator) (1)	Setup Flutter	2026-02-25T19:48:18.5433510Z shell: /bin/bash --noprofile --norc -e -o pipefail {0}
iOS Tests (Simulator) (1)	Setup Flutter	2026-02-25T19:48:18.5434010Z env:
iOS Tests (Simulator) (1)	Setup Flutter	2026-02-25T19:48:18.5434320Z   CACHE_VERSION: v1
iOS Tests (Simulator) (1)	Setup Flutter	2026-02-25T19:48:18.5434670Z ##[endgroup]
iOS Tests (Simulator) (1)	Setup Flutter	2026-02-25T19:48:19.1886700Z ##[group]Run actions/cache@v4
iOS Tests (Simulator) (1)	Setup Flutter	2026-02-25T19:48:19.1887170Z with:
iOS Tests (Simulator) (1)	Setup Flutter	2026-02-25T19:48:19.1887590Z   path: /Users/runner/hostedtoolcache/flutter/stable-3.41.2-arm64
iOS Tests (Simulator) (1)	Setup Flutter	2026-02-25T19:48:19.1888270Z   key: flutter-macos-stable-3.41.2-arm64-90673a4eef275d1a6692c26ac80d6d746d41a73a
iOS Tests (Simulator) (1)	Setup Flutter	2026-02-25T19:48:19.1888880Z   enableCrossOsArchive: false
iOS Tests (Simulator) (1)	Setup Flutter	2026-02-25T19:48:19.1889290Z   fail-on-cache-miss: false
iOS Tests (Simulator) (1)	Setup Flutter	2026-02-25T19:48:19.1889650Z   lookup-only: false
iOS Tests (Simulator) (1)	Setup Flutter	2026-02-25T19:48:19.1889970Z   save-always: false
iOS Tests (Simulator) (1)	Setup Flutter	2026-02-25T19:48:19.1890290Z env:
iOS Tests (Simulator) (1)	Setup Flutter	2026-02-25T19:48:19.1890600Z   CACHE_VERSION: v1
iOS Tests (Simulator) (1)	Setup Flutter	2026-02-25T19:48:19.1890930Z ##[endgroup]
iOS Tests (Simulator) (1)	Setup Flutter	2026-02-25T19:48:19.4483670Z Cache not found for input keys: flutter-macos-stable-3.41.2-arm64-90673a4eef275d1a6692c26ac80d6d746d41a73a
iOS Tests (Simulator) (1)	Setup Flutter	2026-02-25T19:48:19.6062390Z ##[group]Run actions/cache@v4
iOS Tests (Simulator) (1)	Setup Flutter	2026-02-25T19:48:19.6063570Z with:
iOS Tests (Simulator) (1)	Setup Flutter	2026-02-25T19:48:19.6064480Z   path: /Users/runner/.pub-cache
iOS Tests (Simulator) (1)	Setup Flutter	2026-02-25T19:48:19.6066980Z   key: flutter-pub-macos-stable-3.41.2-arm64-90673a4eef275d1a6692c26ac80d6d746d41a73a-fabacfc13d2b7e18a7fb2822593662b03764f624bf41fd351cdabec60fb27783
iOS Tests (Simulator) (1)	Setup Flutter	2026-02-25T19:48:19.6069380Z   enableCrossOsArchive: false
iOS Tests (Simulator) (1)	Setup Flutter	2026-02-25T19:48:19.6070510Z   fail-on-cache-miss: false
iOS Tests (Simulator) (1)	Setup Flutter	2026-02-25T19:48:19.6071530Z   lookup-only: false
iOS Tests (Simulator) (1)	Setup Flutter	2026-02-25T19:48:19.6072410Z   save-always: false
iOS Tests (Simulator) (1)	Setup Flutter	2026-02-25T19:48:19.6073330Z env:
iOS Tests (Simulator) (1)	Setup Flutter	2026-02-25T19:48:19.6074200Z   CACHE_VERSION: v1
iOS Tests (Simulator) (1)	Setup Flutter	2026-02-25T19:48:19.6075100Z ##[endgroup]
iOS Tests (Simulator) (1)	Setup Flutter	2026-02-25T19:48:19.8595220Z Cache not found for input keys: flutter-pub-macos-stable-3.41.2-arm64-90673a4eef275d1a6692c26ac80d6d746d41a73a-fabacfc13d2b7e18a7fb2822593662b03764f624bf41fd351cdabec60fb27783
iOS Tests (Simulator) (1)	Setup Flutter	2026-02-25T19:48:19.8759830Z ##[group]Run $GITHUB_ACTION_PATH/setup.sh \
iOS Tests (Simulator) (1)	Setup Flutter	2026-02-25T19:48:19.8760470Z [36;1m$GITHUB_ACTION_PATH/setup.sh \[0m
iOS Tests (Simulator) (1)	Setup Flutter	2026-02-25T19:48:19.8760910Z [36;1m  -n '3.41.2' \[0m
iOS Tests (Simulator) (1)	Setup Flutter	2026-02-25T19:48:19.8761300Z [36;1m  -a 'arm64' \[0m
iOS Tests (Simulator) (1)	Setup Flutter	2026-02-25T19:48:19.8761840Z [36;1m  -c '/Users/runner/hostedtoolcache/flutter/stable-3.41.2-arm64' \[0m
iOS Tests (Simulator) (1)	Setup Flutter	2026-02-25T19:48:19.8762450Z [36;1m  -d '/Users/runner/.pub-cache' \[0m
iOS Tests (Simulator) (1)	Setup Flutter	2026-02-25T19:48:19.8762850Z [36;1m  stable[0m
iOS Tests (Simulator) (1)	Setup Flutter	2026-02-25T19:48:19.8846270Z shell: /bin/bash --noprofile --norc -e -o pipefail {0}
iOS Tests (Simulator) (1)	Setup Flutter	2026-02-25T19:48:19.8854010Z env:
iOS Tests (Simulator) (1)	Setup Flutter	2026-02-25T19:48:19.8854350Z   CACHE_VERSION: v1
iOS Tests (Simulator) (1)	Setup Flutter	2026-02-25T19:48:19.8854660Z ##[endgroup]
iOS Tests (Simulator) (1)	Setup Flutter	2026-02-25T19:48:20.3504130Z   % Total    % Received % Xferd  Average Speed   Time    Time     Time  Current
iOS Tests (Simulator) (1)	Setup Flutter	2026-02-25T19:48:20.3605020Z                                  Dload  Upload   Total   Spent    Left  Speed
iOS Tests (Simulator) (1)	Setup Flutter	2026-02-25T19:48:20.3705760Z 
iOS Tests (Simulator) (1)	Setup Flutter	2026-02-25T19:48:20.6243620Z   0     0    0     0    0     0      0      0 --:--:-- --:--:-- --:--:--     0
iOS Tests (Simulator) (1)	Setup Flutter	2026-02-25T19:48:21.6275230Z   1 2045M    1 21.5M    0     0  76.2M      0  0:00:26 --:--:--  0:00:26 76.2M
iOS Tests (Simulator) (1)	Setup Flutter	2026-02-25T19:48:22.6268250Z   4 2045M    4 84.0M    0     0  65.5M      0  0:00:31  0:00:01  0:00:30 65.5M
iOS Tests (Simulator) (1)	Setup Flutter	2026-02-25T19:48:23.6255550Z   7 2045M    7  155M    0     0  68.0M      0  0:00:30  0:00:02  0:00:28 68.0M
iOS Tests (Simulator) (1)	Setup Flutter	2026-02-25T19:48:24.6261330Z  11 2045M   11  233M    0     0  71.0M      0  0:00:28  0:00:03  0:00:25 71.0M
iOS Tests (Simulator) (1)	Setup Flutter	2026-02-25T19:48:25.6264340Z  15 2045M   15  316M    0     0  73.8M      0  0:00:27  0:00:04  0:00:23 73.8M
iOS Tests (Simulator) (1)	Setup Flutter	2026-02-25T19:48:26.6279340Z  19 2045M   19  408M    0     0  77.4M      0  0:00:26  0:00:05  0:00:21 77.4M
iOS Tests (Simulator) (1)	Setup Flutter	2026-02-25T19:48:27.6289450Z  24 2045M   24  492M    0     0  78.3M      0  0:00:26  0:00:06  0:00:20 81.6M
iOS Tests (Simulator) (1)	Setup Flutter	2026-02-25T19:48:28.6282550Z  27 2045M   27  571M    0     0  78.4M      0  0:00:26  0:00:07  0:00:19 83.1M
iOS Tests (Simulator) (1)	Setup Flutter	2026-02-25T19:48:29.6303390Z  32 2045M   32  659M    0     0  79.6M      0  0:00:25  0:00:08  0:00:17 85.2M
iOS Tests (Simulator) (1)	Setup Flutter	2026-02-25T19:48:30.6298880Z  36 2045M   36  743M    0     0  80.0M      0  0:00:25  0:00:09  0:00:16 85.4M
iOS Tests (Simulator) (1)	Setup Flutter	2026-02-25T19:48:31.6299870Z  40 2045M   40  826M    0     0  80.3M      0  0:00:25  0:00:10  0:00:15 83.5M
iOS Tests (Simulator) (1)	Setup Flutter	2026-02-25T19:48:32.6310010Z  45 2045M   45  921M    0     0  81.6M      0  0:00:25  0:00:11  0:00:14 85.7M
iOS Tests (Simulator) (1)	Setup Flutter	2026-02-25T19:48:33.6306890Z  49 2045M   49 1016M    0     0  82.7M      0  0:00:24  0:00:12  0:00:12 89.0M
iOS Tests (Simulator) (1)	Setup Flutter	2026-02-25T19:48:34.6315740Z  54 2045M   54 1111M    0     0  83.6M      0  0:00:24  0:00:13  0:00:11 90.3M
iOS Tests (Simulator) (1)	Setup Flutter	2026-02-25T19:48:35.6328610Z  58 2045M   58 1200M    0     0  84.0M      0  0:00:24  0:00:14  0:00:10 91.4M
iOS Tests (Simulator) (1)	Setup Flutter	2026-02-25T19:48:36.6324440Z  62 2045M   62 1278M    0     0  83.6M      0  0:00:24  0:00:15  0:00:09 90.4M
iOS Tests (Simulator) (1)	Setup Flutter	2026-02-25T19:48:37.6324780Z  66 2045M   66 1365M    0     0  83.8M      0  0:00:24  0:00:16  0:00:08 88.8M
iOS Tests (Simulator) (1)	Setup Flutter	2026-02-25T19:48:38.6351210Z  71 2045M   71 1459M    0     0  84.4M      0  0:00:24  0:00:17  0:00:07 88.5M
iOS Tests (Simulator) (1)	Setup Flutter	2026-02-25T19:48:39.6357560Z  75 2045M   75 1550M    0     0  84.8M      0  0:00:24  0:00:18  0:00:06 87.8M
iOS Tests (Simulator) (1)	Setup Flutter	2026-02-25T19:48:40.6342550Z  79 2045M   79 1626M    0     0  84.3M      0  0:00:24  0:00:19  0:00:05 85.3M
iOS Tests (Simulator) (1)	Setup Flutter	2026-02-25T19:48:41.6346770Z  83 2045M   83 1701M    0     0  83.9M      0  0:00:24  0:00:20  0:00:04 84.6M
iOS Tests (Simulator) (1)	Setup Flutter	2026-02-25T19:48:42.6360620Z  86 2045M   86 1774M    0     0  83.3M      0  0:00:24  0:00:21  0:00:03 81.9M
iOS Tests (Simulator) (1)	Setup Flutter	2026-02-25T19:48:43.6362120Z  89 2045M   89 1840M    0     0  82.6M      0  0:00:24  0:00:22  0:00:02 76.2M
iOS Tests (Simulator) (1)	Setup Flutter	2026-02-25T19:48:44.6377630Z  93 2045M   93 1906M    0     0  81.8M      0  0:00:24  0:00:23  0:00:01 71.1M
iOS Tests (Simulator) (1)	Setup Flutter	2026-02-25T19:48:45.6370690Z  96 2045M   96 1969M    0     0  81.0M      0  0:00:25  0:00:24  0:00:01 68.4M
iOS Tests (Simulator) (1)	Setup Flutter	2026-02-25T19:48:45.7889050Z  99 2045M   99 2034M    0     0  80.4M      0  0:00:25  0:00:25 --:--:-- 66.4M
iOS Tests (Simulator) (1)	Setup Flutter	2026-02-25T19:48:45.7890030Z 100 2045M  100 2045M    0     0  80.4M      0  0:00:25  0:00:25 --:--:-- 65.2M
iOS Tests (Simulator) (1)	Install dependencies	﻿2026-02-25T19:49:28.9853830Z ##[group]Run flutter precache --ios
iOS Tests (Simulator) (1)	Install dependencies	2026-02-25T19:49:28.9854190Z [36;1mflutter precache --ios[0m
iOS Tests (Simulator) (1)	Install dependencies	2026-02-25T19:49:28.9854420Z [36;1mflutter pub get[0m
iOS Tests (Simulator) (1)	Install dependencies	2026-02-25T19:49:29.0072830Z shell: /bin/bash -e {0}
iOS Tests (Simulator) (1)	Install dependencies	2026-02-25T19:49:29.0073280Z env:
iOS Tests (Simulator) (1)	Install dependencies	2026-02-25T19:49:29.0073490Z   CACHE_VERSION: v1
iOS Tests (Simulator) (1)	Install dependencies	2026-02-25T19:49:29.0073820Z   FLUTTER_ROOT: /Users/runner/hostedtoolcache/flutter/stable-3.41.2-arm64
iOS Tests (Simulator) (1)	Install dependencies	2026-02-25T19:49:29.0074250Z   PUB_CACHE: /Users/runner/.pub-cache
iOS Tests (Simulator) (1)	Install dependencies	2026-02-25T19:49:29.0074480Z ##[endgroup]
iOS Tests (Simulator) (1)	Install dependencies	2026-02-25T19:49:32.3798310Z Resolving dependencies...
iOS Tests (Simulator) (1)	Install dependencies	2026-02-25T19:49:33.0001280Z Downloading packages...
iOS Tests (Simulator) (1)	Install dependencies	2026-02-25T19:49:41.5024420Z   _fe_analyzer_shared 91.0.0 (96.0.0 available)
iOS Tests (Simulator) (1)	Install dependencies	2026-02-25T19:49:41.5142890Z   analyzer 8.4.1 (10.2.0 available)
iOS Tests (Simulator) (1)	Install dependencies	2026-02-25T19:49:41.5158790Z   canonical_json 1.1.2 (1.1.3 available)
iOS Tests (Simulator) (1)	Install dependencies	2026-02-25T19:49:41.5187930Z > characters 1.4.1 (was 1.4.0)
iOS Tests (Simulator) (1)	Install dependencies	2026-02-25T19:49:41.5191190Z > matcher 0.12.18 (was 0.12.17)
iOS Tests (Simulator) (1)	Install dependencies	2026-02-25T19:49:41.5191560Z > material_color_utilities 0.13.0 (was 0.11.1)
iOS Tests (Simulator) (1)	Install dependencies	2026-02-25T19:49:41.5192320Z   meta 1.17.0 (1.18.1 available)
iOS Tests (Simulator) (1)	Install dependencies	2026-02-25T19:49:41.5192810Z   sqflite_common_ffi 2.3.7+1 (2.4.0+2 available)
iOS Tests (Simulator) (1)	Install dependencies	2026-02-25T19:49:41.5193720Z   sqlite3 2.9.4 (3.1.6 available)
iOS Tests (Simulator) (1)	Install dependencies	2026-02-25T19:49:41.5202170Z > test_api 0.7.9 (was 0.7.7)
iOS Tests (Simulator) (1)	Install dependencies	2026-02-25T19:49:41.5222800Z > test_core 0.6.15 (was 0.6.12)
iOS Tests (Simulator) (1)	Install dependencies	2026-02-25T19:49:41.5223120Z   unorm_dart 0.2.0 (0.3.2 available)
iOS Tests (Simulator) (1)	Install dependencies	2026-02-25T19:49:41.5223400Z   win32 5.15.0 (6.0.0 available)
iOS Tests (Simulator) (1)	Install dependencies	2026-02-25T19:49:41.5223730Z Changed 5 dependencies!
iOS Tests (Simulator) (1)	Install dependencies	2026-02-25T19:49:41.5224140Z 8 packages have newer versions incompatible with dependency constraints.
iOS Tests (Simulator) (1)	Install dependencies	2026-02-25T19:49:41.5224930Z Try `flutter pub outdated` for more information.
iOS Tests (Simulator) (1)	Run iOS integration tests (Batched)	﻿2026-02-25T19:49:44.1612530Z ##[group]Run ./scripts/test.sh ios --no-docker --shard 1 --total-shards 7
iOS Tests (Simulator) (1)	Run iOS integration tests (Batched)	2026-02-25T19:49:44.1613230Z [36;1m./scripts/test.sh ios --no-docker --shard 1 --total-shards 7[0m
iOS Tests (Simulator) (1)	Run iOS integration tests (Batched)	2026-02-25T19:49:44.1694290Z shell: /bin/bash -e {0}
iOS Tests (Simulator) (1)	Run iOS integration tests (Batched)	2026-02-25T19:49:44.1694610Z env:
iOS Tests (Simulator) (1)	Run iOS integration tests (Batched)	2026-02-25T19:49:44.1694830Z   CACHE_VERSION: v1
iOS Tests (Simulator) (1)	Run iOS integration tests (Batched)	2026-02-25T19:49:44.1695170Z   FLUTTER_ROOT: /Users/runner/hostedtoolcache/flutter/stable-3.41.2-arm64
iOS Tests (Simulator) (1)	Run iOS integration tests (Batched)	2026-02-25T19:49:44.1695580Z   PUB_CACHE: /Users/runner/.pub-cache
iOS Tests (Simulator) (1)	Run iOS integration tests (Batched)	2026-02-25T19:49:44.1695860Z   MATRIX_SERVER: http://localhost:8008
iOS Tests (Simulator) (1)	Run iOS integration tests (Batched)	2026-02-25T19:49:44.1696140Z   MATRIX_TEST_USER: testuser1
iOS Tests (Simulator) (1)	Run iOS integration tests (Batched)	2026-02-25T19:49:44.1696430Z   MATRIX_TEST_PASSWORD: testpass123
iOS Tests (Simulator) (1)	Run iOS integration tests (Batched)	2026-02-25T19:49:44.1696760Z ##[endgroup]
iOS Tests (Simulator) (1)	Run iOS integration tests (Batched)	2026-02-25T19:49:44.2612960Z [1m
iOS Tests (Simulator) (1)	Run iOS integration tests (Batched)	2026-02-25T19:49:44.2613860Z   Substitution Test Runner
iOS Tests (Simulator) (1)	Run iOS integration tests (Batched)	2026-02-25T19:49:44.2642840Z   2026-02-25 19:49:44
iOS Tests (Simulator) (1)	Run iOS integration tests (Batched)	2026-02-25T19:49:44.2643270Z   Targets: ios
iOS Tests (Simulator) (1)	Run iOS integration tests (Batched)	2026-02-25T19:49:44.2643770Z [0m
iOS Tests (Simulator) (1)	Run iOS integration tests (Batched)	2026-02-25T19:49:44.2649420Z [0;34m[INFO][0m Fetching Flutter dependencies...
iOS Tests (Simulator) (1)	Run iOS integration tests (Batched)	2026-02-25T19:49:45.3844470Z   unorm_dart 0.2.0 (0.3.2 available)
iOS Tests (Simulator) (1)	Run iOS integration tests (Batched)	2026-02-25T19:49:45.3944580Z   win32 5.15.0 (6.0.0 available)
iOS Tests (Simulator) (1)	Run iOS integration tests (Batched)	2026-02-25T19:49:45.4047070Z Got dependencies!
iOS Tests (Simulator) (1)	Run iOS integration tests (Batched)	2026-02-25T19:49:45.4148650Z 8 packages have newer versions incompatible with dependency constraints.
iOS Tests (Simulator) (1)	Run iOS integration tests (Batched)	2026-02-25T19:49:45.4251210Z Try `flutter pub outdated` for more information.
iOS Tests (Simulator) (1)	Run iOS integration tests (Batched)	2026-02-25T19:49:45.4276260Z [0;32m[OK][0m Dependencies fetched
iOS Tests (Simulator) (1)	Run iOS integration tests (Batched)	2026-02-25T19:49:45.4276810Z [0;34m[INFO][0m Target: ios
iOS Tests (Simulator) (1)	Run iOS integration tests (Batched)	2026-02-25T19:49:45.4277260Z 
iOS Tests (Simulator) (1)	Run iOS integration tests (Batched)	2026-02-25T19:49:45.4294770Z [1m━━━ iOS Tests (Simulator) ━━━[0m
iOS Tests (Simulator) (1)	Run iOS integration tests (Batched)	2026-02-25T19:49:45.4295030Z 
iOS Tests (Simulator) (1)	Run iOS integration tests (Batched)	2026-02-25T19:50:35.2676490Z [0;34m[INFO][0m Using simulator: B38715C4-2E95-49D7-A969-A9343CA986CC
iOS Tests (Simulator) (1)	Run iOS integration tests (Batched)	2026-02-25T19:50:49.1749410Z [0;34m[INFO][0m Waiting for simulator boot (timeout: 600s)...
iOS Tests (Simulator) (1)	Run iOS integration tests (Batched)	2026-02-25T19:54:44.3307090Z [0;32m[OK][0m Simulator booted
iOS Tests (Simulator) (1)	Run iOS integration tests (Batched)	2026-02-25T19:54:47.5193280Z [0;34m[INFO][0m Waiting for simulator responsiveness...
iOS Tests (Simulator) (1)	Run iOS integration tests (Batched)	2026-02-25T19:56:35.8533060Z [1;33m[WARN][0m Simulator may not be fully responsive
iOS Tests (Simulator) (1)	Run iOS integration tests (Batched)	2026-02-25T19:56:35.8747560Z [0;34m[INFO][0m Running all integration tests on iOS (timeout: 2700s)...
iOS Tests (Simulator) (1)	Run iOS integration tests (Batched)	2026-02-25T19:58:08.1603760Z -j/--concurrency was parsed but will be ignored, this option is not supported when running Integration Tests or web tests.
iOS Tests (Simulator) (1)	Run iOS integration tests (Batched)	2026-02-25T19:58:09.5913850Z 00:00 +0: loading /Users/runner/work/substitution/substitution/integration_test/interaction_with_matrix_test.dart
iOS Tests (Simulator) (1)	Run iOS integration tests (Batched)	2026-02-25T19:58:27.5489610Z Upgrading AppFrameworkInfo.plist
iOS Tests (Simulator) (1)	Run iOS integration tests (Batched)	2026-02-25T19:58:27.5582150Z Upgrading Podfile
iOS Tests (Simulator) (1)	Run iOS integration tests (Batched)	2026-02-25T19:58:27.8085330Z To ensure your app continues to launch on upcoming iOS versions, UIScene lifecycle support will soon be required. Please see https://flutter.dev/to/uiscene-migration for the migration guide.
iOS Tests (Simulator) (1)	Run iOS integration tests (Batched)	2026-02-25T19:58:27.8179970Z 
iOS Tests (Simulator) (1)	Run iOS integration tests (Batched)	2026-02-25T19:58:49.3620650Z Running pod install...                                              9.8s
iOS Tests (Simulator) (1)	Run iOS integration tests (Batched)	2026-02-25T20:01:46.9268530Z Running Xcode build...                                          
iOS Tests (Simulator) (1)	Run iOS integration tests (Batched)	2026-02-25T20:01:46.9400390Z Xcode build done.                                           177.4s
iOS Tests (Simulator) (1)	Run iOS integration tests (Batched)	2026-02-25T20:10:10.5360790Z 00:00 +0 -1: loading /Users/runner/work/substitution/substitution/integration_test/interaction_with_matrix_test.dart [E]
iOS Tests (Simulator) (1)	Run iOS integration tests (Batched)	2026-02-25T20:10:10.5490490Z   TimeoutException after 0:12:00.000000: Test timed out after 12 minutes.
iOS Tests (Simulator) (1)	Run iOS integration tests (Batched)	2026-02-25T20:10:10.7094650Z   package:test_api/src/backend/invoker.dart 398:28  Invoker._handleError.<fn>
iOS Tests (Simulator) (1)	Run iOS integration tests (Batched)	2026-02-25T20:10:10.7246320Z   dart:async/zone_root.dart 27:47                   _rootRun
iOS Tests (Simulator) (1)	Run iOS integration tests (Batched)	2026-02-25T20:10:10.7349410Z   dart:async/zone.dart 726:19                       _CustomZone.run
iOS Tests (Simulator) (1)	Run iOS integration tests (Batched)	2026-02-25T20:10:10.7455370Z   package:test_api/src/backend/invoker.dart 396:10  Invoker._handleError
iOS Tests (Simulator) (1)	Run iOS integration tests (Batched)	2026-02-25T20:10:10.7560650Z   package:test_api/src/backend/invoker.dart 351:9   Invoker.heartbeat.<fn>.<fn>
iOS Tests (Simulator) (1)	Run iOS integration tests (Batched)	2026-02-25T20:10:10.7692000Z   dart:async/zone_root.dart 35:13                   _rootRun
iOS Tests (Simulator) (1)	Run iOS integration tests (Batched)	2026-02-25T20:10:10.7863380Z   dart:async/zone.dart 726:19                       _CustomZone.run
iOS Tests (Simulator) (1)	Run iOS integration tests (Batched)	2026-02-25T20:10:10.7886170Z   package:test_api/src/backend/invoker.dart 350:38  Invoker.heartbeat.<fn>
iOS Tests (Simulator) (1)	Run iOS integration tests (Batched)	2026-02-25T20:10:10.8028230Z   dart:async-patch/timer_patch.dart 18:15           Timer._createTimer.<fn>
iOS Tests (Simulator) (1)	Run iOS integration tests (Batched)	2026-02-25T20:10:10.8161420Z   dart:isolate-patch/timer_impl.dart 423:19         _Timer._runTimers
iOS Tests (Simulator) (1)	Run iOS integration tests (Batched)	2026-02-25T20:10:10.8263120Z   dart:isolate-patch/timer_impl.dart 454:5          _Timer._handleMessage
iOS Tests (Simulator) (1)	Run iOS integration tests (Batched)	2026-02-25T20:10:10.8367330Z   dart:isolate-patch/isolate_patch.dart 193:12      _RawReceivePort._handleMessage
iOS Tests (Simulator) (1)	Run iOS integration tests (Batched)	2026-02-25T20:10:10.8467580Z   
iOS Tests (Simulator) (1)	Run iOS integration tests (Batched)	2026-02-25T20:10:10.8571150Z 00:00 +0 -1: loading /Users/runner/work/substitution/substitution/integration_test/offline_test.dart
iOS Tests (Simulator) (1)	Run iOS integration tests (Batched)	2026-02-25T20:10:29.9337580Z To ensure your app continues to launch on upcoming iOS versions, UIScene lifecycle support will soon be required. Please see https://flutter.dev/to/uiscene-migration for the migration guide.
iOS Tests (Simulator) (1)	Run iOS integration tests (Batched)	2026-02-25T20:10:29.9339510Z 
iOS Tests (Simulator) (1)	Run iOS integration tests (Batched)	2026-02-25T20:12:12.8899860Z Running Xcode build...                                          
iOS Tests (Simulator) (1)	Run iOS integration tests (Batched)	2026-02-25T20:12:12.9031400Z Xcode build done.                                           96.6s
iOS Tests (Simulator) (1)	Run iOS integration tests (Batched)	2026-02-25T20:22:10.9132490Z 00:00 +0 -2: loading /Users/runner/work/substitution/substitution/integration_test/offline_test.dart [E]
iOS Tests (Simulator) (1)	Run iOS integration tests (Batched)	2026-02-25T20:22:10.9184420Z   TimeoutException after 0:12:00.000000: Test timed out after 12 minutes.
iOS Tests (Simulator) (1)	Run iOS integration tests (Batched)	2026-02-25T20:22:11.0075740Z   package:test_api/src/backend/invoker.dart 398:28  Invoker._handleError.<fn>
iOS Tests (Simulator) (1)	Run iOS integration tests (Batched)	2026-02-25T20:22:11.0082160Z   dart:async/zone_root.dart 27:47                   _rootRun
iOS Tests (Simulator) (1)	Run iOS integration tests (Batched)	2026-02-25T20:22:11.0082880Z   dart:async/zone.dart 726:19                       _CustomZone.run
iOS Tests (Simulator) (1)	Run iOS integration tests (Batched)	2026-02-25T20:22:11.0083370Z   package:test_api/src/backend/invoker.dart 396:10  Invoker._handleError
iOS Tests (Simulator) (1)	Run iOS integration tests (Batched)	2026-02-25T20:22:11.0084130Z   package:test_api/src/backend/invoker.dart 351:9   Invoker.heartbeat.<fn>.<fn>
iOS Tests (Simulator) (1)	Run iOS integration tests (Batched)	2026-02-25T20:22:11.0085280Z   dart:async/zone_root.dart 35:13                   _rootRun
iOS Tests (Simulator) (1)	Run iOS integration tests (Batched)	2026-02-25T20:22:11.0086880Z   dart:async/zone.dart 726:19                       _CustomZone.run
iOS Tests (Simulator) (1)	Run iOS integration tests (Batched)	2026-02-25T20:22:11.0088560Z   package:test_api/src/backend/invoker.dart 350:38  Invoker.heartbeat.<fn>
iOS Tests (Simulator) (1)	Run iOS integration tests (Batched)	2026-02-25T20:22:11.0089030Z   dart:async-patch/timer_patch.dart 18:15           Timer._createTimer.<fn>
iOS Tests (Simulator) (1)	Run iOS integration tests (Batched)	2026-02-25T20:22:11.0089880Z   dart:isolate-patch/timer_impl.dart 423:19         _Timer._runTimers
iOS Tests (Simulator) (1)	Run iOS integration tests (Batched)	2026-02-25T20:22:11.0092170Z   dart:isolate-patch/timer_impl.dart 454:5          _Timer._handleMessage
iOS Tests (Simulator) (1)	Run iOS integration tests (Batched)	2026-02-25T20:22:11.0094720Z   dart:isolate-patch/isolate_patch.dart 193:12      _RawReceivePort._handleMessage
iOS Tests (Simulator) (1)	Run iOS integration tests (Batched)	2026-02-25T20:22:11.0561480Z   
iOS Tests (Simulator) (1)	Run iOS integration tests (Batched)	2026-02-25T20:22:11.0572510Z 00:00 +0 -2: loading /Users/runner/work/substitution/substitution/integration_test/room_feed_with_matrix_test.dart
iOS Tests (Simulator) (1)	Run iOS integration tests (Batched)	2026-02-25T20:22:30.4801140Z To ensure your app continues to launch on upcoming iOS versions, UIScene lifecycle support will soon be required. Please see https://flutter.dev/to/uiscene-migration for the migration guide.
iOS Tests (Simulator) (1)	Run iOS integration tests (Batched)	2026-02-25T20:22:30.4803080Z 
iOS Tests (Simulator) (1)	Run iOS integration tests (Batched)	2026-02-25T20:24:56.7092510Z Running Xcode build...                                          
iOS Tests (Simulator) (1)	Run iOS integration tests (Batched)	2026-02-25T20:24:56.7187140Z Xcode build done.                                           139.9s
iOS Tests (Simulator) (1)	Run iOS integration tests (Batched)	2026-02-25T20:34:11.0648720Z 00:00 +0 -3: loading /Users/runner/work/substitution/substitution/integration_test/room_feed_with_matrix_test.dart [E]
iOS Tests (Simulator) (1)	Run iOS integration tests (Batched)	2026-02-25T20:34:11.0774110Z   TimeoutException after 0:12:00.000000: Test timed out after 12 minutes.
iOS Tests (Simulator) (1)	Run iOS integration tests (Batched)	2026-02-25T20:34:11.0907780Z   package:test_api/src/backend/invoker.dart 398:28  Invoker._handleError.<fn>
iOS Tests (Simulator) (1)	Run iOS integration tests (Batched)	2026-02-25T20:34:11.1013530Z   dart:async/zone_root.dart 27:47                   _rootRun
iOS Tests (Simulator) (1)	Run iOS integration tests (Batched)	2026-02-25T20:34:11.1119740Z   dart:async/zone.dart 726:19                       _CustomZone.run
iOS Tests (Simulator) (1)	Run iOS integration tests (Batched)	2026-02-25T20:34:11.1226530Z   package:test_api/src/backend/invoker.dart 396:10  Invoker._handleError
iOS Tests (Simulator) (1)	Run iOS integration tests (Batched)	2026-02-25T20:34:11.1363810Z   package:test_api/src/backend/invoker.dart 351:9   Invoker.heartbeat.<fn>.<fn>
iOS Tests (Simulator) (1)	Run iOS integration tests (Batched)	2026-02-25T20:34:11.1497280Z   dart:async/zone_root.dart 35:13                   _rootRun
iOS Tests (Simulator) (1)	Run iOS integration tests (Batched)	2026-02-25T20:34:11.1525120Z   dart:async/zone.dart 726:19                       _CustomZone.run
iOS Tests (Simulator) (1)	Run iOS integration tests (Batched)	2026-02-25T20:34:11.1617530Z   package:test_api/src/backend/invoker.dart 350:38  Invoker.heartbeat.<fn>
iOS Tests (Simulator) (1)	Run iOS integration tests (Batched)	2026-02-25T20:34:11.1619100Z   dart:async-patch/timer_patch.dart 18:15           Timer._createTimer.<fn>
iOS Tests (Simulator) (1)	Run iOS integration tests (Batched)	2026-02-25T20:34:11.1621100Z   dart:isolate-patch/timer_impl.dart 423:19         _Timer._runTimers
iOS Tests (Simulator) (1)	Run iOS integration tests (Batched)	2026-02-25T20:34:11.1622760Z   dart:isolate-patch/timer_impl.dart 454:5          _Timer._handleMessage
iOS Tests (Simulator) (1)	Run iOS integration tests (Batched)	2026-02-25T20:34:11.1627420Z   dart:isolate-patch/isolate_patch.dart 193:12      _RawReceivePort._handleMessage
iOS Tests (Simulator) (1)	Run iOS integration tests (Batched)	2026-02-25T20:34:11.1628000Z   
iOS Tests (Simulator) (1)	Run iOS integration tests (Batched)	2026-02-25T20:34:11.1630830Z 00:00 +0 -3: loading /Users/runner/work/substitution/substitution/integration_test/feed_with_matrix_test.dart
iOS Tests (Simulator) (1)	Run iOS integration tests (Batched)	2026-02-25T20:34:22.0542680Z To ensure your app continues to launch on upcoming iOS versions, UIScene lifecycle support will soon be required. Please see https://flutter.dev/to/uiscene-migration for the migration guide.
iOS Tests (Simulator) (1)	Run iOS integration tests (Batched)	2026-02-25T20:34:22.0666950Z 
iOS Tests (Simulator) (1)	Run iOS integration tests (Batched)	2026-02-25T20:35:37.2963200Z Running Xcode build...                                          
iOS Tests (Simulator) (1)	Run iOS integration tests (Batched)	2026-02-25T20:35:37.2966770Z Xcode build done.                                           73.1s
iOS Tests (Simulator) (1)	Run iOS integration tests (Batched)	2026-02-25T20:41:39.1837210Z [0;31m[ERROR][0m iOS tests timed out after 2700s
iOS Tests (Simulator) (1)	Run iOS integration tests (Batched)	2026-02-25T20:41:39.1837970Z 
iOS Tests (Simulator) (1)	Run iOS integration tests (Batched)	2026-02-25T20:41:39.2173750Z [1m══════════════════════════════════════════════════════════[0m
iOS Tests (Simulator) (1)	Run iOS integration tests (Batched)	2026-02-25T20:41:39.2174840Z [1m  Test Results Summary[0m
iOS Tests (Simulator) (1)	Run iOS integration tests (Batched)	2026-02-25T20:41:39.2280320Z [1m══════════════════════════════════════════════════════════[0m
iOS Tests (Simulator) (1)	Run iOS integration tests (Batched)	2026-02-25T20:41:39.2382620Z 
iOS Tests (Simulator) (1)	Run iOS integration tests (Batched)	2026-02-25T20:41:39.2483890Z   TARGET             PASSED   FAILED  SKIPPED   DURATION
iOS Tests (Simulator) (1)	Run iOS integration tests (Batched)	2026-02-25T20:41:39.2590820Z   ──────────────── ──────── ──────── ──────── ──────────
iOS Tests (Simulator) (1)	Run iOS integration tests (Batched)	2026-02-25T20:41:39.2710060Z   [0;31mios             [0m        0        3        0     45m 4s
iOS Tests (Simulator) (1)	Run iOS integration tests (Batched)	2026-02-25T20:41:39.2874340Z 
iOS Tests (Simulator) (1)	Run iOS integration tests (Batched)	2026-02-25T20:41:39.2984420Z   ──────────────── ──────── ──────── ────────
iOS Tests (Simulator) (1)	Run iOS integration tests (Batched)	2026-02-25T20:41:39.3088510Z   [0;31mTOTAL                   0        3        0[0m
iOS Tests (Simulator) (1)	Run iOS integration tests (Batched)	2026-02-25T20:41:39.3200720Z 
iOS Tests (Simulator) (1)	Run iOS integration tests (Batched)	2026-02-25T20:41:39.3409580Z   [0;31m[1mRESULT: FAILED[0m
iOS Tests (Simulator) (1)	Run iOS integration tests (Batched)	2026-02-25T20:41:39.3548260Z 
iOS Tests (Simulator) (1)	Run iOS integration tests (Batched)	2026-02-25T20:41:39.3945920Z [1m══════════════════════════════════════════════════════════[0m
iOS Tests (Simulator) (1)	Run iOS integration tests (Batched)	2026-02-25T20:41:39.3947090Z 
iOS Tests (Simulator) (1)	Run iOS integration tests (Batched)	2026-02-25T20:41:39.4119090Z [0;34m[INFO][0m Cleaning up...
iOS Tests (Simulator) (1)	Run iOS integration tests (Batched)	2026-02-25T20:41:47.8860030Z [0;34m[INFO][0m Cleanup complete
iOS Tests (Simulator) (1)	Run iOS integration tests (Batched)	2026-02-25T20:41:48.0791620Z ##[error]Process completed with exit code 1.
iOS Tests (Simulator) (1)	Post Setup Flutter	﻿2026-02-25T20:41:48.6935880Z Post job cleanup.
iOS Tests (Simulator) (1)	Post Run actions/checkout@v4	﻿2026-02-25T20:41:48.7316740Z Post job cleanup.
iOS Tests (Simulator) (1)	Post Run actions/checkout@v4	2026-02-25T20:41:50.4473090Z [command]/opt/homebrew/bin/git version
iOS Tests (Simulator) (1)	Post Run actions/checkout@v4	2026-02-25T20:41:50.4909570Z git version 2.53.0
iOS Tests (Simulator) (1)	Post Run actions/checkout@v4	2026-02-25T20:41:50.5645520Z Copying '/Users/runner/.gitconfig' to '/Users/runner/work/_temp/2917e2ec-806b-475e-a4b1-3a780df80fa9/.gitconfig'
iOS Tests (Simulator) (1)	Post Run actions/checkout@v4	2026-02-25T20:41:50.5762550Z Temporarily overriding HOME='/Users/runner/work/_temp/2917e2ec-806b-475e-a4b1-3a780df80fa9' before making global git config changes
iOS Tests (Simulator) (1)	Post Run actions/checkout@v4	2026-02-25T20:41:50.5808200Z Adding repository directory to the temporary git global config as a safe directory
iOS Tests (Simulator) (1)	Post Run actions/checkout@v4	2026-02-25T20:41:50.5961380Z [command]/opt/homebrew/bin/git config --global --add safe.directory /Users/runner/work/substitution/substitution
iOS Tests (Simulator) (1)	Post Run actions/checkout@v4	2026-02-25T20:41:50.6205720Z [command]/opt/homebrew/bin/git config --local --name-only --get-regexp core\.sshCommand
iOS Tests (Simulator) (1)	Post Run actions/checkout@v4	2026-02-25T20:41:50.6644890Z [command]/opt/homebrew/bin/git submodule foreach --recursive sh -c "git config --local --name-only --get-regexp 'core\.sshCommand' && git config --local --unset-all 'core.sshCommand' || :"
iOS Tests (Simulator) (1)	Post Run actions/checkout@v4	2026-02-25T20:41:50.9175080Z [command]/opt/homebrew/bin/git config --local --name-only --get-regexp http\.https\:\/\/github\.com\/\.extraheader
iOS Tests (Simulator) (1)	Post Run actions/checkout@v4	2026-02-25T20:41:50.9276360Z http.https://github.com/.extraheader
iOS Tests (Simulator) (1)	Post Run actions/checkout@v4	2026-02-25T20:41:50.9583480Z [command]/opt/homebrew/bin/git config --local --unset-all http.https://github.com/.extraheader
iOS Tests (Simulator) (1)	Post Run actions/checkout@v4	2026-02-25T20:41:50.9929470Z [command]/opt/homebrew/bin/git submodule foreach --recursive sh -c "git config --local --name-only --get-regexp 'http\.https\:\/\/github\.com\/\.extraheader' && git config --local --unset-all 'http.https://github.com/.extraheader' || :"
iOS Tests (Simulator) (1)	Post Run actions/checkout@v4	2026-02-25T20:41:51.2343890Z [command]/opt/homebrew/bin/git config --local --name-only --get-regexp ^includeIf\.gitdir:
iOS Tests (Simulator) (1)	Post Run actions/checkout@v4	2026-02-25T20:41:51.2682800Z [command]/opt/homebrew/bin/git submodule foreach --recursive git config --local --show-origin --name-only --get-regexp remote.origin.url
iOS Tests (Simulator) (1)	Complete job	﻿2026-02-25T20:41:51.5052640Z Cleaning up orphan processes
iOS Tests (Simulator) (1)	Complete job	2026-02-25T20:42:17.7820010Z Terminate orphan process: pid (5611) (Simulator)
iOS Tests (Simulator) (2)	Set up job	﻿2026-02-25T19:48:13.6428880Z Current runner version: '2.331.0'
iOS Tests (Simulator) (2)	Set up job	2026-02-25T19:48:13.6447630Z ##[group]Runner Image Provisioner
iOS Tests (Simulator) (2)	Set up job	2026-02-25T19:48:13.6448250Z Hosted Compute Agent
iOS Tests (Simulator) (2)	Set up job	2026-02-25T19:48:13.6448610Z Version: 20260213.493
iOS Tests (Simulator) (2)	Set up job	2026-02-25T19:48:13.6448990Z Commit: 5c115507f6dd24b8de37d8bbe0bb4509d0cc0fa3
iOS Tests (Simulator) (2)	Set up job	2026-02-25T19:48:13.6449470Z Build Date: 2026-02-13T00:28:41Z
iOS Tests (Simulator) (2)	Set up job	2026-02-25T19:48:13.6450110Z Worker ID: {7da2bb28-6e42-4b73-889a-fba146fd87d0}
iOS Tests (Simulator) (2)	Set up job	2026-02-25T19:48:13.6450630Z Azure Region: westus
iOS Tests (Simulator) (2)	Set up job	2026-02-25T19:48:13.6451080Z ##[endgroup]
iOS Tests (Simulator) (2)	Set up job	2026-02-25T19:48:13.6452100Z ##[group]Operating System
iOS Tests (Simulator) (2)	Set up job	2026-02-25T19:48:13.6452490Z macOS
iOS Tests (Simulator) (2)	Set up job	2026-02-25T19:48:13.6452810Z 15.7.4
iOS Tests (Simulator) (2)	Set up job	2026-02-25T19:48:13.6453200Z 24G517
iOS Tests (Simulator) (2)	Set up job	2026-02-25T19:48:13.6453520Z ##[endgroup]
iOS Tests (Simulator) (2)	Set up job	2026-02-25T19:48:13.6453830Z ##[group]Runner Image
iOS Tests (Simulator) (2)	Set up job	2026-02-25T19:48:13.6454200Z Image: macos-15-arm64
iOS Tests (Simulator) (2)	Set up job	2026-02-25T19:48:13.6454530Z Version: 20260224.0170.1
iOS Tests (Simulator) (2)	Set up job	2026-02-25T19:48:13.6455240Z Included Software: https://github.com/actions/runner-images/blob/macos-15-arm64/20260224.0170/images/macos/macos-15-arm64-Readme.md
iOS Tests (Simulator) (2)	Set up job	2026-02-25T19:48:13.6456520Z Image Release: https://github.com/actions/runner-images/releases/tag/macos-15-arm64%2F20260224.0170
iOS Tests (Simulator) (2)	Set up job	2026-02-25T19:48:13.6457180Z ##[endgroup]
iOS Tests (Simulator) (2)	Set up job	2026-02-25T19:48:13.6457940Z ##[group]GITHUB_TOKEN Permissions
iOS Tests (Simulator) (2)	Set up job	2026-02-25T19:48:13.6459600Z Contents: read
iOS Tests (Simulator) (2)	Set up job	2026-02-25T19:48:13.6459980Z Metadata: read
iOS Tests (Simulator) (2)	Set up job	2026-02-25T19:48:13.6460350Z Packages: read
iOS Tests (Simulator) (2)	Set up job	2026-02-25T19:48:13.6460660Z ##[endgroup]
iOS Tests (Simulator) (2)	Set up job	2026-02-25T19:48:13.6462090Z Secret source: Actions
iOS Tests (Simulator) (2)	Set up job	2026-02-25T19:48:13.6462500Z Prepare workflow directory
iOS Tests (Simulator) (2)	Set up job	2026-02-25T19:48:13.6860870Z Prepare all required actions
iOS Tests (Simulator) (2)	Set up job	2026-02-25T19:48:13.6893660Z Getting action download info
iOS Tests (Simulator) (2)	Set up job	2026-02-25T19:48:13.9535530Z Download action repository 'actions/checkout@v4' (SHA:34e114876b0b11c390a56381ad16ebd13914f8d5)
iOS Tests (Simulator) (2)	Set up job	2026-02-25T19:48:14.3658700Z Download action repository 'subosito/flutter-action@v2' (SHA:fd55f4c5af5b953cc57a2be44cb082c8f6635e8e)
iOS Tests (Simulator) (2)	Set up job	2026-02-25T19:48:14.8015380Z Getting action download info
iOS Tests (Simulator) (2)	Set up job	2026-02-25T19:48:14.9334700Z Download action repository 'actions/cache@v4' (SHA:0057852bfaa89a56745cba8c7296529d2fc39830)
iOS Tests (Simulator) (2)	Set up job	2026-02-25T19:48:15.1037550Z Complete job name: iOS Tests (Simulator) (2)
iOS Tests (Simulator) (2)	Run actions/checkout@v4	﻿2026-02-25T19:48:15.1478290Z ##[group]Run actions/checkout@v4
iOS Tests (Simulator) (2)	Run actions/checkout@v4	2026-02-25T19:48:15.1478970Z with:
iOS Tests (Simulator) (2)	Run actions/checkout@v4	2026-02-25T19:48:15.1479280Z   repository: floffel/substitution
iOS Tests (Simulator) (2)	Run actions/checkout@v4	2026-02-25T19:48:15.1479820Z   token: ***
iOS Tests (Simulator) (2)	Run actions/checkout@v4	2026-02-25T19:48:15.1480090Z   ssh-strict: true
iOS Tests (Simulator) (2)	Run actions/checkout@v4	2026-02-25T19:48:15.1480370Z   ssh-user: git
iOS Tests (Simulator) (2)	Run actions/checkout@v4	2026-02-25T19:48:15.1480650Z   persist-credentials: true
iOS Tests (Simulator) (2)	Run actions/checkout@v4	2026-02-25T19:48:15.1480960Z   clean: true
iOS Tests (Simulator) (2)	Run actions/checkout@v4	2026-02-25T19:48:15.1481240Z   sparse-checkout-cone-mode: true
iOS Tests (Simulator) (2)	Run actions/checkout@v4	2026-02-25T19:48:15.1481570Z   fetch-depth: 1
iOS Tests (Simulator) (2)	Run actions/checkout@v4	2026-02-25T19:48:15.1481840Z   fetch-tags: false
iOS Tests (Simulator) (2)	Run actions/checkout@v4	2026-02-25T19:48:15.1482120Z   show-progress: true
iOS Tests (Simulator) (2)	Run actions/checkout@v4	2026-02-25T19:48:15.1482400Z   lfs: false
iOS Tests (Simulator) (2)	Run actions/checkout@v4	2026-02-25T19:48:15.1482660Z   submodules: false
iOS Tests (Simulator) (2)	Run actions/checkout@v4	2026-02-25T19:48:15.1482950Z   set-safe-directory: true
iOS Tests (Simulator) (2)	Run actions/checkout@v4	2026-02-25T19:48:15.1483360Z env:
iOS Tests (Simulator) (2)	Run actions/checkout@v4	2026-02-25T19:48:15.1483620Z   CACHE_VERSION: v1
iOS Tests (Simulator) (2)	Run actions/checkout@v4	2026-02-25T19:48:15.1483900Z ##[endgroup]
iOS Tests (Simulator) (2)	Run actions/checkout@v4	2026-02-25T19:48:15.9640850Z Syncing repository: floffel/substitution
iOS Tests (Simulator) (2)	Run actions/checkout@v4	2026-02-25T19:48:15.9649590Z ##[group]Getting Git version info
iOS Tests (Simulator) (2)	Run actions/checkout@v4	2026-02-25T19:48:15.9655830Z Working directory is '/Users/runner/work/substitution/substitution'
iOS Tests (Simulator) (2)	Run actions/checkout@v4	2026-02-25T19:48:15.9663350Z [command]/opt/homebrew/bin/git version
iOS Tests (Simulator) (2)	Run actions/checkout@v4	2026-02-25T19:48:16.0364460Z git version 2.53.0
iOS Tests (Simulator) (2)	Run actions/checkout@v4	2026-02-25T19:48:16.0450480Z ##[endgroup]
iOS Tests (Simulator) (2)	Run actions/checkout@v4	2026-02-25T19:48:16.0507310Z Copying '/Users/runner/.gitconfig' to '/Users/runner/work/_temp/f89731f4-6e7d-49f5-bf71-c15ffe5c9a25/.gitconfig'
iOS Tests (Simulator) (2)	Run actions/checkout@v4	2026-02-25T19:48:16.0518440Z Temporarily overriding HOME='/Users/runner/work/_temp/f89731f4-6e7d-49f5-bf71-c15ffe5c9a25' before making global git config changes
iOS Tests (Simulator) (2)	Run actions/checkout@v4	2026-02-25T19:48:16.0523200Z Adding repository directory to the temporary git global config as a safe directory
iOS Tests (Simulator) (2)	Run actions/checkout@v4	2026-02-25T19:48:16.0524520Z [command]/opt/homebrew/bin/git config --global --add safe.directory /Users/runner/work/substitution/substitution
iOS Tests (Simulator) (2)	Run actions/checkout@v4	2026-02-25T19:48:16.1313330Z Deleting the contents of '/Users/runner/work/substitution/substitution'
iOS Tests (Simulator) (2)	Run actions/checkout@v4	2026-02-25T19:48:16.1333090Z ##[group]Initializing the repository
iOS Tests (Simulator) (2)	Run actions/checkout@v4	2026-02-25T19:48:16.1460660Z [command]/opt/homebrew/bin/git init /Users/runner/work/substitution/substitution
iOS Tests (Simulator) (2)	Run actions/checkout@v4	2026-02-25T19:48:16.1610300Z hint: Using 'master' as the name for the initial branch. This default branch name
iOS Tests (Simulator) (2)	Run actions/checkout@v4	2026-02-25T19:48:16.1614520Z hint: will change to "main" in Git 3.0. To configure the initial branch name
iOS Tests (Simulator) (2)	Run actions/checkout@v4	2026-02-25T19:48:16.1620650Z hint: to use in all of your new repositories, which will suppress this warning,
iOS Tests (Simulator) (2)	Run actions/checkout@v4	2026-02-25T19:48:16.1621420Z hint: call:
iOS Tests (Simulator) (2)	Run actions/checkout@v4	2026-02-25T19:48:16.1622810Z hint:
iOS Tests (Simulator) (2)	Run actions/checkout@v4	2026-02-25T19:48:16.1623320Z hint: 	git config --global init.defaultBranch <name>
iOS Tests (Simulator) (2)	Run actions/checkout@v4	2026-02-25T19:48:16.1624810Z hint:
iOS Tests (Simulator) (2)	Run actions/checkout@v4	2026-02-25T19:48:16.1625350Z hint: Names commonly chosen instead of 'master' are 'main', 'trunk' and
iOS Tests (Simulator) (2)	Run actions/checkout@v4	2026-02-25T19:48:16.1626180Z hint: 'development'. The just-created branch can be renamed via this command:
iOS Tests (Simulator) (2)	Run actions/checkout@v4	2026-02-25T19:48:16.1627550Z hint:
iOS Tests (Simulator) (2)	Run actions/checkout@v4	2026-02-25T19:48:16.1628480Z hint: 	git branch -m <name>
iOS Tests (Simulator) (2)	Run actions/checkout@v4	2026-02-25T19:48:16.1629550Z hint:
iOS Tests (Simulator) (2)	Run actions/checkout@v4	2026-02-25T19:48:16.1630710Z hint: Disable this message with "git config set advice.defaultBranchName false"
iOS Tests (Simulator) (2)	Run actions/checkout@v4	2026-02-25T19:48:16.1631550Z Initialized empty Git repository in /Users/runner/work/substitution/substitution/.git/
iOS Tests (Simulator) (2)	Run actions/checkout@v4	2026-02-25T19:48:16.1633950Z [command]/opt/homebrew/bin/git remote add origin https://github.com/floffel/substitution
iOS Tests (Simulator) (2)	Run actions/checkout@v4	2026-02-25T19:48:16.1637350Z ##[endgroup]
iOS Tests (Simulator) (2)	Run actions/checkout@v4	2026-02-25T19:48:16.1638610Z ##[group]Disabling automatic garbage collection
iOS Tests (Simulator) (2)	Run actions/checkout@v4	2026-02-25T19:48:16.1639270Z [command]/opt/homebrew/bin/git config --local gc.auto 0
iOS Tests (Simulator) (2)	Run actions/checkout@v4	2026-02-25T19:48:16.1643200Z ##[endgroup]
iOS Tests (Simulator) (2)	Run actions/checkout@v4	2026-02-25T19:48:16.1646480Z ##[group]Setting up auth
iOS Tests (Simulator) (2)	Run actions/checkout@v4	2026-02-25T19:48:16.1648550Z [command]/opt/homebrew/bin/git config --local --name-only --get-regexp core\.sshCommand
iOS Tests (Simulator) (2)	Run actions/checkout@v4	2026-02-25T19:48:16.1652510Z [command]/opt/homebrew/bin/git submodule foreach --recursive sh -c "git config --local --name-only --get-regexp 'core\.sshCommand' && git config --local --unset-all 'core.sshCommand' || :"
iOS Tests (Simulator) (2)	Run actions/checkout@v4	2026-02-25T19:48:16.3918720Z [command]/opt/homebrew/bin/git config --local --name-only --get-regexp http\.https\:\/\/github\.com\/\.extraheader
iOS Tests (Simulator) (2)	Run actions/checkout@v4	2026-02-25T19:48:16.4040080Z [command]/opt/homebrew/bin/git submodule foreach --recursive sh -c "git config --local --name-only --get-regexp 'http\.https\:\/\/github\.com\/\.extraheader' && git config --local --unset-all 'http.https://github.com/.extraheader' || :"
iOS Tests (Simulator) (2)	Run actions/checkout@v4	2026-02-25T19:48:16.5801520Z [command]/opt/homebrew/bin/git config --local --name-only --get-regexp ^includeIf\.gitdir:
iOS Tests (Simulator) (2)	Run actions/checkout@v4	2026-02-25T19:48:16.6118720Z [command]/opt/homebrew/bin/git submodule foreach --recursive git config --local --show-origin --name-only --get-regexp remote.origin.url
iOS Tests (Simulator) (2)	Run actions/checkout@v4	2026-02-25T19:48:16.8230090Z [command]/opt/homebrew/bin/git config --local http.https://github.com/.extraheader AUTHORIZATION: basic ***
iOS Tests (Simulator) (2)	Run actions/checkout@v4	2026-02-25T19:48:16.8534260Z ##[endgroup]
iOS Tests (Simulator) (2)	Run actions/checkout@v4	2026-02-25T19:48:16.8536780Z ##[group]Fetching the repository
iOS Tests (Simulator) (2)	Run actions/checkout@v4	2026-02-25T19:48:16.8537830Z [command]/opt/homebrew/bin/git -c protocol.version=2 fetch --no-tags --prune --no-recurse-submodules --depth=1 origin +0408461b08eee1bbe2c516702bd1813b916d3e4c:refs/remotes/pull/1/merge
iOS Tests (Simulator) (2)	Run actions/checkout@v4	2026-02-25T19:48:17.9702020Z From https://github.com/floffel/substitution
iOS Tests (Simulator) (2)	Run actions/checkout@v4	2026-02-25T19:48:17.9703750Z  * [new ref]         0408461b08eee1bbe2c516702bd1813b916d3e4c -> pull/1/merge
iOS Tests (Simulator) (2)	Run actions/checkout@v4	2026-02-25T19:48:17.9878540Z ##[endgroup]
iOS Tests (Simulator) (2)	Run actions/checkout@v4	2026-02-25T19:48:17.9881240Z ##[group]Determining the checkout info
iOS Tests (Simulator) (2)	Run actions/checkout@v4	2026-02-25T19:48:17.9882620Z ##[endgroup]
iOS Tests (Simulator) (2)	Run actions/checkout@v4	2026-02-25T19:48:17.9883580Z [command]/opt/homebrew/bin/git sparse-checkout disable
iOS Tests (Simulator) (2)	Run actions/checkout@v4	2026-02-25T19:48:18.0043060Z [command]/opt/homebrew/bin/git config --local --unset-all extensions.worktreeConfig
iOS Tests (Simulator) (2)	Run actions/checkout@v4	2026-02-25T19:48:18.0127100Z ##[group]Checking out the ref
iOS Tests (Simulator) (2)	Run actions/checkout@v4	2026-02-25T19:48:18.0129400Z [command]/opt/homebrew/bin/git checkout --progress --force refs/remotes/pull/1/merge
iOS Tests (Simulator) (2)	Run actions/checkout@v4	2026-02-25T19:48:18.4989570Z HEAD is now at 0408461 Merge 86c2f4a4443179a61e99b4f5d2c467a0f9c43a72 into 74cc852017b0f1fdeb37326726f5fee7effe2248
iOS Tests (Simulator) (2)	Run actions/checkout@v4	2026-02-25T19:48:18.5532900Z ##[endgroup]
iOS Tests (Simulator) (2)	Run actions/checkout@v4	2026-02-25T19:48:18.5727180Z [command]/opt/homebrew/bin/git log -1 --format=%H
iOS Tests (Simulator) (2)	Run actions/checkout@v4	2026-02-25T19:48:18.5728220Z 0408461b08eee1bbe2c516702bd1813b916d3e4c
iOS Tests (Simulator) (2)	Setup Flutter	﻿2026-02-25T19:48:18.6157430Z ##[group]Run subosito/flutter-action@v2
iOS Tests (Simulator) (2)	Setup Flutter	2026-02-25T19:48:18.6157890Z with:
iOS Tests (Simulator) (2)	Setup Flutter	2026-02-25T19:48:18.6158050Z   channel: stable
iOS Tests (Simulator) (2)	Setup Flutter	2026-02-25T19:48:18.6158270Z   cache: true
iOS Tests (Simulator) (2)	Setup Flutter	2026-02-25T19:48:18.6158600Z   architecture: ARM64
iOS Tests (Simulator) (2)	Setup Flutter	2026-02-25T19:48:18.6158870Z   pub-cache-path: default
iOS Tests (Simulator) (2)	Setup Flutter	2026-02-25T19:48:18.6159070Z   dry-run: false
iOS Tests (Simulator) (2)	Setup Flutter	2026-02-25T19:48:18.6159290Z   git-source: https://github.com/flutter/flutter.git
iOS Tests (Simulator) (2)	Setup Flutter	2026-02-25T19:48:18.6159510Z env:
iOS Tests (Simulator) (2)	Setup Flutter	2026-02-25T19:48:18.6159630Z   CACHE_VERSION: v1
iOS Tests (Simulator) (2)	Setup Flutter	2026-02-25T19:48:18.6159770Z ##[endgroup]
iOS Tests (Simulator) (2)	Setup Flutter	2026-02-25T19:48:18.6298700Z ##[group]Run chmod +x "$GITHUB_ACTION_PATH/setup.sh"
iOS Tests (Simulator) (2)	Setup Flutter	2026-02-25T19:48:18.6299130Z [36;1mchmod +x "$GITHUB_ACTION_PATH/setup.sh"[0m
iOS Tests (Simulator) (2)	Setup Flutter	2026-02-25T19:48:18.6464410Z shell: /bin/bash --noprofile --norc -e -o pipefail {0}
iOS Tests (Simulator) (2)	Setup Flutter	2026-02-25T19:48:18.6465350Z env:
iOS Tests (Simulator) (2)	Setup Flutter	2026-02-25T19:48:18.6465840Z   CACHE_VERSION: v1
iOS Tests (Simulator) (2)	Setup Flutter	2026-02-25T19:48:18.6466260Z ##[endgroup]
iOS Tests (Simulator) (2)	Setup Flutter	2026-02-25T19:48:18.7864470Z ##[group]Run $GITHUB_ACTION_PATH/setup.sh -p \
iOS Tests (Simulator) (2)	Setup Flutter	2026-02-25T19:48:18.7865550Z [36;1m$GITHUB_ACTION_PATH/setup.sh -p \[0m
iOS Tests (Simulator) (2)	Setup Flutter	2026-02-25T19:48:18.7866420Z [36;1m  -n '' \[0m
iOS Tests (Simulator) (2)	Setup Flutter	2026-02-25T19:48:18.7866890Z [36;1m  -f '' \[0m
iOS Tests (Simulator) (2)	Setup Flutter	2026-02-25T19:48:18.7867300Z [36;1m  -a 'ARM64' \[0m
iOS Tests (Simulator) (2)	Setup Flutter	2026-02-25T19:48:18.7868300Z [36;1m  -k '' \[0m
iOS Tests (Simulator) (2)	Setup Flutter	2026-02-25T19:48:18.7868650Z [36;1m  -c '' \[0m
iOS Tests (Simulator) (2)	Setup Flutter	2026-02-25T19:48:18.7868810Z [36;1m  -l '' \[0m
iOS Tests (Simulator) (2)	Setup Flutter	2026-02-25T19:48:18.7869010Z [36;1m  -d 'default' \[0m
iOS Tests (Simulator) (2)	Setup Flutter	2026-02-25T19:48:18.7869460Z [36;1m  -g 'https://github.com/flutter/flutter.git' \[0m
iOS Tests (Simulator) (2)	Setup Flutter	2026-02-25T19:48:18.7869900Z [36;1m  stable[0m
iOS Tests (Simulator) (2)	Setup Flutter	2026-02-25T19:48:18.7958190Z shell: /bin/bash --noprofile --norc -e -o pipefail {0}
iOS Tests (Simulator) (2)	Setup Flutter	2026-02-25T19:48:18.7958630Z env:
iOS Tests (Simulator) (2)	Setup Flutter	2026-02-25T19:48:18.7959260Z   CACHE_VERSION: v1
iOS Tests (Simulator) (2)	Setup Flutter	2026-02-25T19:48:18.7959430Z ##[endgroup]
iOS Tests (Simulator) (2)	Setup Flutter	2026-02-25T19:48:19.3094380Z ##[group]Run actions/cache@v4
iOS Tests (Simulator) (2)	Setup Flutter	2026-02-25T19:48:19.3094630Z with:
iOS Tests (Simulator) (2)	Setup Flutter	2026-02-25T19:48:19.3094970Z   path: /Users/runner/hostedtoolcache/flutter/stable-3.41.2-arm64
iOS Tests (Simulator) (2)	Setup Flutter	2026-02-25T19:48:19.3095420Z   key: flutter-macos-stable-3.41.2-arm64-90673a4eef275d1a6692c26ac80d6d746d41a73a
iOS Tests (Simulator) (2)	Setup Flutter	2026-02-25T19:48:19.3095760Z   enableCrossOsArchive: false
iOS Tests (Simulator) (2)	Setup Flutter	2026-02-25T19:48:19.3095980Z   fail-on-cache-miss: false
iOS Tests (Simulator) (2)	Setup Flutter	2026-02-25T19:48:19.3096150Z   lookup-only: false
iOS Tests (Simulator) (2)	Setup Flutter	2026-02-25T19:48:19.3096320Z   save-always: false
iOS Tests (Simulator) (2)	Setup Flutter	2026-02-25T19:48:19.3096470Z env:
iOS Tests (Simulator) (2)	Setup Flutter	2026-02-25T19:48:19.3096590Z   CACHE_VERSION: v1
iOS Tests (Simulator) (2)	Setup Flutter	2026-02-25T19:48:19.3096740Z ##[endgroup]
iOS Tests (Simulator) (2)	Setup Flutter	2026-02-25T19:48:19.9598830Z Cache not found for input keys: flutter-macos-stable-3.41.2-arm64-90673a4eef275d1a6692c26ac80d6d746d41a73a
iOS Tests (Simulator) (2)	Setup Flutter	2026-02-25T19:48:20.1858550Z ##[group]Run actions/cache@v4
iOS Tests (Simulator) (2)	Setup Flutter	2026-02-25T19:48:20.1858840Z with:
iOS Tests (Simulator) (2)	Setup Flutter	2026-02-25T19:48:20.1858970Z   path: /Users/runner/.pub-cache
iOS Tests (Simulator) (2)	Setup Flutter	2026-02-25T19:48:20.1859590Z   key: flutter-pub-macos-stable-3.41.2-arm64-90673a4eef275d1a6692c26ac80d6d746d41a73a-fabacfc13d2b7e18a7fb2822593662b03764f624bf41fd351cdabec60fb27783
iOS Tests (Simulator) (2)	Setup Flutter	2026-02-25T19:48:20.1860180Z   enableCrossOsArchive: false
iOS Tests (Simulator) (2)	Setup Flutter	2026-02-25T19:48:20.1860390Z   fail-on-cache-miss: false
iOS Tests (Simulator) (2)	Setup Flutter	2026-02-25T19:48:20.1860550Z   lookup-only: false
iOS Tests (Simulator) (2)	Setup Flutter	2026-02-25T19:48:20.1860710Z   save-always: false
iOS Tests (Simulator) (2)	Setup Flutter	2026-02-25T19:48:20.1860890Z env:
iOS Tests (Simulator) (2)	Setup Flutter	2026-02-25T19:48:20.1861010Z   CACHE_VERSION: v1
iOS Tests (Simulator) (2)	Setup Flutter	2026-02-25T19:48:20.1861190Z ##[endgroup]
iOS Tests (Simulator) (2)	Setup Flutter	2026-02-25T19:48:20.4757880Z Cache not found for input keys: flutter-pub-macos-stable-3.41.2-arm64-90673a4eef275d1a6692c26ac80d6d746d41a73a-fabacfc13d2b7e18a7fb2822593662b03764f624bf41fd351cdabec60fb27783
iOS Tests (Simulator) (2)	Setup Flutter	2026-02-25T19:48:20.4859700Z ##[group]Run $GITHUB_ACTION_PATH/setup.sh \
iOS Tests (Simulator) (2)	Setup Flutter	2026-02-25T19:48:20.4860000Z [36;1m$GITHUB_ACTION_PATH/setup.sh \[0m
iOS Tests (Simulator) (2)	Setup Flutter	2026-02-25T19:48:20.4860200Z [36;1m  -n '3.41.2' \[0m
iOS Tests (Simulator) (2)	Setup Flutter	2026-02-25T19:48:20.4860430Z [36;1m  -a 'arm64' \[0m
iOS Tests (Simulator) (2)	Setup Flutter	2026-02-25T19:48:20.4860770Z [36;1m  -c '/Users/runner/hostedtoolcache/flutter/stable-3.41.2-arm64' \[0m
iOS Tests (Simulator) (2)	Setup Flutter	2026-02-25T19:48:20.4861100Z [36;1m  -d '/Users/runner/.pub-cache' \[0m
iOS Tests (Simulator) (2)	Setup Flutter	2026-02-25T19:48:20.4861340Z [36;1m  stable[0m
iOS Tests (Simulator) (2)	Setup Flutter	2026-02-25T19:48:20.4937220Z shell: /bin/bash --noprofile --norc -e -o pipefail {0}
iOS Tests (Simulator) (2)	Setup Flutter	2026-02-25T19:48:20.4938540Z env:
iOS Tests (Simulator) (2)	Setup Flutter	2026-02-25T19:48:20.4938840Z   CACHE_VERSION: v1
iOS Tests (Simulator) (2)	Setup Flutter	2026-02-25T19:48:20.4938990Z ##[endgroup]
iOS Tests (Simulator) (2)	Setup Flutter	2026-02-25T19:48:21.0834650Z   % Total    % Received % Xferd  Average Speed   Time    Time     Time  Current
iOS Tests (Simulator) (2)	Setup Flutter	2026-02-25T19:48:21.0937500Z                                  Dload  Upload   Total   Spent    Left  Speed
iOS Tests (Simulator) (2)	Setup Flutter	2026-02-25T19:48:21.1042840Z 
iOS Tests (Simulator) (2)	Setup Flutter	2026-02-25T19:48:21.5297790Z   0     0    0     0    0     0      0      0 --:--:-- --:--:-- --:--:--     0
iOS Tests (Simulator) (2)	Setup Flutter	2026-02-25T19:48:22.5325190Z   1 2045M    1 23.1M    0     0  50.5M      0  0:00:40 --:--:--  0:00:40 50.5M
iOS Tests (Simulator) (2)	Setup Flutter	2026-02-25T19:48:23.5261800Z   4 2045M    4 88.3M    0     0  60.6M      0  0:00:33  0:00:01  0:00:32 60.6M
iOS Tests (Simulator) (2)	Setup Flutter	2026-02-25T19:48:24.5256830Z   6 2045M    6  138M    0     0  56.4M      0  0:00:36  0:00:02  0:00:34 56.4M
iOS Tests (Simulator) (2)	Setup Flutter	2026-02-25T19:48:25.5308230Z   9 2045M    9  196M    0     0  56.9M      0  0:00:35  0:00:03  0:00:32 56.9M
iOS Tests (Simulator) (2)	Setup Flutter	2026-02-25T19:48:26.5248240Z  12 2045M   12  245M    0     0  55.1M      0  0:00:37  0:00:04  0:00:33 55.1M
iOS Tests (Simulator) (2)	Setup Flutter	2026-02-25T19:48:27.5239800Z  14 2045M   14  302M    0     0  55.4M      0  0:00:36  0:00:05  0:00:31 55.8M
iOS Tests (Simulator) (2)	Setup Flutter	2026-02-25T19:48:28.5266960Z  16 2045M   16  344M    0     0  53.3M      0  0:00:38  0:00:06  0:00:32 51.2M
iOS Tests (Simulator) (2)	Setup Flutter	2026-02-25T19:48:29.5214690Z  20 2045M   20  410M    0     0  55.1M      0  0:00:37  0:00:07  0:00:30 54.4M
iOS Tests (Simulator) (2)	Setup Flutter	2026-02-25T19:48:30.5242840Z  23 2045M   23  473M    0     0  55.9M      0  0:00:36  0:00:08  0:00:28 55.2M
iOS Tests (Simulator) (2)	Setup Flutter	2026-02-25T19:48:31.5255230Z  26 2045M   26  539M    0     0  56.9M      0  0:00:35  0:00:09  0:00:26 58.6M
iOS Tests (Simulator) (2)	Setup Flutter	2026-02-25T19:48:32.5262620Z  29 2045M   29  596M    0     0  57.0M      0  0:00:35  0:00:10  0:00:25 58.9M
iOS Tests (Simulator) (2)	Setup Flutter	2026-02-25T19:48:33.5213610Z  32 2045M   32  664M    0     0  57.9M      0  0:00:35  0:00:11  0:00:24 63.9M
iOS Tests (Simulator) (2)	Setup Flutter	2026-02-25T19:48:34.5222850Z  35 2045M   35  733M    0     0  58.8M      0  0:00:34  0:00:12  0:00:22 64.4M
iOS Tests (Simulator) (2)	Setup Flutter	2026-02-25T19:48:35.5213540Z  39 2045M   39  815M    0     0  60.6M      0  0:00:33  0:00:13  0:00:20 68.4M
iOS Tests (Simulator) (2)	Setup Flutter	2026-02-25T19:48:36.5208350Z  43 2045M   43  890M    0     0  61.6M      0  0:00:33  0:00:14  0:00:19 70.3M
iOS Tests (Simulator) (2)	Setup Flutter	2026-02-25T19:48:37.5216020Z  46 2045M   46  955M    0     0  61.7M      0  0:00:33  0:00:15  0:00:18 71.6M
iOS Tests (Simulator) (2)	Setup Flutter	2026-02-25T19:48:38.5219570Z  50 2045M   50 1026M    0     0  62.3M      0  0:00:32  0:00:16  0:00:16 72.4M
iOS Tests (Simulator) (2)	Setup Flutter	2026-02-25T19:48:39.5216950Z  53 2045M   53 1088M    0     0  62.3M      0  0:00:32  0:00:17  0:00:15 71.0M
iOS Tests (Simulator) (2)	Setup Flutter	2026-02-25T19:48:40.5238530Z  56 2045M   56 1159M    0     0  62.8M      0  0:00:32  0:00:18  0:00:14 68.8M
iOS Tests (Simulator) (2)	Setup Flutter	2026-02-25T19:48:41.5251190Z  59 2045M   59 1226M    0     0  63.0M      0  0:00:32  0:00:19  0:00:13 67.2M
iOS Tests (Simulator) (2)	Setup Flutter	2026-02-25T19:48:42.5217240Z  63 2045M   63 1299M    0     0  63.5M      0  0:00:32  0:00:20  0:00:12 68.9M
iOS Tests (Simulator) (2)	Setup Flutter	2026-02-25T19:48:43.5213620Z  66 2045M   66 1366M    0     0  63.7M      0  0:00:32  0:00:21  0:00:11 68.0M
iOS Tests (Simulator) (2)	Setup Flutter	2026-02-25T19:48:44.5215250Z  70 2045M   70 1441M    0     0  64.1M      0  0:00:31  0:00:22  0:00:09 70.5M
iOS Tests (Simulator) (2)	Setup Flutter	2026-02-25T19:48:45.5252470Z  74 2045M   74 1521M    0     0  64.8M      0  0:00:31  0:00:23  0:00:08 72.2M
iOS Tests (Simulator) (2)	Setup Flutter	2026-02-25T19:48:46.5237610Z  77 2045M   77 1589M    0     0  64.9M      0  0:00:31  0:00:24  0:00:07 72.5M
iOS Tests (Simulator) (2)	Setup Flutter	2026-02-25T19:48:47.5227520Z  80 2045M   80 1653M    0     0  64.9M      0  0:00:31  0:00:25  0:00:06 70.8M
iOS Tests (Simulator) (2)	Setup Flutter	2026-02-25T19:48:48.5222930Z  84 2045M   84 1731M    0     0  65.4M      0  0:00:31  0:00:26  0:00:05 72.9M
iOS Tests (Simulator) (2)	Setup Flutter	2026-02-25T19:48:49.5340020Z  88 2045M   88 1804M    0     0  65.7M      0  0:00:31  0:00:27  0:00:04 72.6M
iOS Tests (Simulator) (2)	Setup Flutter	2026-02-25T19:48:50.5216850Z  91 2045M   91 1879M    0     0  66.0M      0  0:00:30  0:00:28  0:00:02 71.5M
iOS Tests (Simulator) (2)	Setup Flutter	2026-02-25T19:48:51.5209530Z  95 2045M   95 1945M    0     0  66.0M      0  0:00:30  0:00:29  0:00:01 71.1M
iOS Tests (Simulator) (2)	Setup Flutter	2026-02-25T19:48:51.9310550Z  98 2045M   98 2016M    0     0  66.2M      0  0:00:30  0:00:30 --:--:-- 72.4M
iOS Tests (Simulator) (2)	Setup Flutter	2026-02-25T19:48:51.9313050Z 100 2045M  100 2045M    0     0  66.2M      0  0:00:30  0:00:30 --:--:-- 71.3M
iOS Tests (Simulator) (2)	Install dependencies	﻿2026-02-25T19:49:46.3437700Z ##[group]Run flutter precache --ios
iOS Tests (Simulator) (2)	Install dependencies	2026-02-25T19:49:46.3438140Z [36;1mflutter precache --ios[0m
iOS Tests (Simulator) (2)	Install dependencies	2026-02-25T19:49:46.3449050Z [36;1mflutter pub get[0m
iOS Tests (Simulator) (2)	Install dependencies	2026-02-25T19:49:46.4070100Z shell: /bin/bash -e {0}
iOS Tests (Simulator) (2)	Install dependencies	2026-02-25T19:49:46.4070430Z env:
iOS Tests (Simulator) (2)	Install dependencies	2026-02-25T19:49:46.4070620Z   CACHE_VERSION: v1
iOS Tests (Simulator) (2)	Install dependencies	2026-02-25T19:49:46.4070990Z   FLUTTER_ROOT: /Users/runner/hostedtoolcache/flutter/stable-3.41.2-arm64
iOS Tests (Simulator) (2)	Install dependencies	2026-02-25T19:49:46.4071430Z   PUB_CACHE: /Users/runner/.pub-cache
iOS Tests (Simulator) (2)	Install dependencies	2026-02-25T19:49:46.4071660Z ##[endgroup]
iOS Tests (Simulator) (2)	Install dependencies	2026-02-25T19:49:53.4178340Z Resolving dependencies...
iOS Tests (Simulator) (2)	Install dependencies	2026-02-25T19:49:54.3370530Z Downloading packages...
iOS Tests (Simulator) (2)	Install dependencies	2026-02-25T19:50:06.7610770Z   _fe_analyzer_shared 91.0.0 (96.0.0 available)
iOS Tests (Simulator) (2)	Install dependencies	2026-02-25T19:50:06.7614950Z   analyzer 8.4.1 (10.2.0 available)
iOS Tests (Simulator) (2)	Install dependencies	2026-02-25T19:50:06.7615870Z   canonical_json 1.1.2 (1.1.3 available)
iOS Tests (Simulator) (2)	Install dependencies	2026-02-25T19:50:06.7616610Z > characters 1.4.1 (was 1.4.0)
iOS Tests (Simulator) (2)	Install dependencies	2026-02-25T19:50:06.7616930Z > matcher 0.12.18 (was 0.12.17)
iOS Tests (Simulator) (2)	Install dependencies	2026-02-25T19:50:06.7617590Z > material_color_utilities 0.13.0 (was 0.11.1)
iOS Tests (Simulator) (2)	Install dependencies	2026-02-25T19:50:06.7619270Z   meta 1.17.0 (1.18.1 available)
iOS Tests (Simulator) (2)	Install dependencies	2026-02-25T19:50:06.7645100Z   sqflite_common_ffi 2.3.7+1 (2.4.0+2 available)
iOS Tests (Simulator) (2)	Install dependencies	2026-02-25T19:50:06.7645910Z   sqlite3 2.9.4 (3.1.6 available)
iOS Tests (Simulator) (2)	Install dependencies	2026-02-25T19:50:06.7646250Z > test_api 0.7.9 (was 0.7.7)
iOS Tests (Simulator) (2)	Install dependencies	2026-02-25T19:50:06.7646630Z > test_core 0.6.15 (was 0.6.12)
iOS Tests (Simulator) (2)	Install dependencies	2026-02-25T19:50:06.7647050Z   unorm_dart 0.2.0 (0.3.2 available)
iOS Tests (Simulator) (2)	Install dependencies	2026-02-25T19:50:06.7647500Z   win32 5.15.0 (6.0.0 available)
iOS Tests (Simulator) (2)	Install dependencies	2026-02-25T19:50:06.7647920Z Changed 5 dependencies!
iOS Tests (Simulator) (2)	Install dependencies	2026-02-25T19:50:06.7648620Z 8 packages have newer versions incompatible with dependency constraints.
iOS Tests (Simulator) (2)	Install dependencies	2026-02-25T19:50:06.7649110Z Try `flutter pub outdated` for more information.
iOS Tests (Simulator) (2)	Run iOS integration tests (Batched)	﻿2026-02-25T19:50:09.6950550Z ##[group]Run ./scripts/test.sh ios --no-docker --shard 2 --total-shards 7
iOS Tests (Simulator) (2)	Run iOS integration tests (Batched)	2026-02-25T19:50:09.6951150Z [36;1m./scripts/test.sh ios --no-docker --shard 2 --total-shards 7[0m
iOS Tests (Simulator) (2)	Run iOS integration tests (Batched)	2026-02-25T19:50:09.7095520Z shell: /bin/bash -e {0}
iOS Tests (Simulator) (2)	Run iOS integration tests (Batched)	2026-02-25T19:50:09.7095900Z env:
iOS Tests (Simulator) (2)	Run iOS integration tests (Batched)	2026-02-25T19:50:09.7096670Z   CACHE_VERSION: v1
iOS Tests (Simulator) (2)	Run iOS integration tests (Batched)	2026-02-25T19:50:09.7097180Z   FLUTTER_ROOT: /Users/runner/hostedtoolcache/flutter/stable-3.41.2-arm64
iOS Tests (Simulator) (2)	Run iOS integration tests (Batched)	2026-02-25T19:50:09.7097710Z   PUB_CACHE: /Users/runner/.pub-cache
iOS Tests (Simulator) (2)	Run iOS integration tests (Batched)	2026-02-25T19:50:09.7098180Z   MATRIX_SERVER: http://localhost:8008
iOS Tests (Simulator) (2)	Run iOS integration tests (Batched)	2026-02-25T19:50:09.7098440Z   MATRIX_TEST_USER: testuser1
iOS Tests (Simulator) (2)	Run iOS integration tests (Batched)	2026-02-25T19:50:09.7099300Z   MATRIX_TEST_PASSWORD: testpass123
iOS Tests (Simulator) (2)	Run iOS integration tests (Batched)	2026-02-25T19:50:09.7099560Z ##[endgroup]
iOS Tests (Simulator) (2)	Run iOS integration tests (Batched)	2026-02-25T19:50:09.8092660Z [1m
iOS Tests (Simulator) (2)	Run iOS integration tests (Batched)	2026-02-25T19:50:09.8093030Z   Substitution Test Runner
iOS Tests (Simulator) (2)	Run iOS integration tests (Batched)	2026-02-25T19:50:09.8144840Z   2026-02-25 19:50:09
iOS Tests (Simulator) (2)	Run iOS integration tests (Batched)	2026-02-25T19:50:09.8145130Z   Targets: ios
iOS Tests (Simulator) (2)	Run iOS integration tests (Batched)	2026-02-25T19:50:09.8145450Z [0m
iOS Tests (Simulator) (2)	Run iOS integration tests (Batched)	2026-02-25T19:50:09.8156290Z [0;34m[INFO][0m Fetching Flutter dependencies...
iOS Tests (Simulator) (2)	Run iOS integration tests (Batched)	2026-02-25T19:50:10.7528750Z   unorm_dart 0.2.0 (0.3.2 available)
iOS Tests (Simulator) (2)	Run iOS integration tests (Batched)	2026-02-25T19:50:10.7542270Z   win32 5.15.0 (6.0.0 available)
iOS Tests (Simulator) (2)	Run iOS integration tests (Batched)	2026-02-25T19:50:10.7542910Z Got dependencies!
iOS Tests (Simulator) (2)	Run iOS integration tests (Batched)	2026-02-25T19:50:10.7543350Z 8 packages have newer versions incompatible with dependency constraints.
iOS Tests (Simulator) (2)	Run iOS integration tests (Batched)	2026-02-25T19:50:10.7543810Z Try `flutter pub outdated` for more information.
iOS Tests (Simulator) (2)	Run iOS integration tests (Batched)	2026-02-25T19:50:10.7546750Z [0;32m[OK][0m Dependencies fetched
iOS Tests (Simulator) (2)	Run iOS integration tests (Batched)	2026-02-25T19:50:10.7565350Z [0;34m[INFO][0m Target: ios
iOS Tests (Simulator) (2)	Run iOS integration tests (Batched)	2026-02-25T19:50:10.7565780Z 
iOS Tests (Simulator) (2)	Run iOS integration tests (Batched)	2026-02-25T19:50:10.7570460Z [1m━━━ iOS Tests (Simulator) ━━━[0m
iOS Tests (Simulator) (2)	Run iOS integration tests (Batched)	2026-02-25T19:50:10.7572260Z 
iOS Tests (Simulator) (2)	Run iOS integration tests (Batched)	2026-02-25T19:50:37.0993580Z [0;34m[INFO][0m Using simulator: B38715C4-2E95-49D7-A969-A9343CA986CC
iOS Tests (Simulator) (2)	Run iOS integration tests (Batched)	2026-02-25T19:50:49.8047440Z [0;34m[INFO][0m Waiting for simulator boot (timeout: 600s)...
iOS Tests (Simulator) (2)	Run iOS integration tests (Batched)	2026-02-25T19:55:11.7373900Z [0;32m[OK][0m Simulator booted
iOS Tests (Simulator) (2)	Run iOS integration tests (Batched)	2026-02-25T19:55:15.1235820Z [0;34m[INFO][0m Waiting for simulator responsiveness...
iOS Tests (Simulator) (2)	Run iOS integration tests (Batched)	2026-02-25T19:57:04.1745810Z [1;33m[WARN][0m Simulator may not be fully responsive
iOS Tests (Simulator) (2)	Run iOS integration tests (Batched)	2026-02-25T19:57:04.3821640Z [0;34m[INFO][0m Running all integration tests on iOS (timeout: 2700s)...
iOS Tests (Simulator) (2)	Run iOS integration tests (Batched)	2026-02-25T19:57:29.2879750Z -j/--concurrency was parsed but will be ignored, this option is not supported when running Integration Tests or web tests.
iOS Tests (Simulator) (2)	Run iOS integration tests (Batched)	2026-02-25T19:57:30.4212990Z 00:00 +0: loading /Users/runner/work/substitution/substitution/integration_test/interaction_with_matrix_test.dart
iOS Tests (Simulator) (2)	Run iOS integration tests (Batched)	2026-02-25T19:58:04.6852400Z Upgrading AppFrameworkInfo.plist
iOS Tests (Simulator) (2)	Run iOS integration tests (Batched)	2026-02-25T19:58:04.7551690Z Upgrading Podfile
iOS Tests (Simulator) (2)	Run iOS integration tests (Batched)	2026-02-25T19:58:04.9763250Z To ensure your app continues to launch on upcoming iOS versions, UIScene lifecycle support will soon be required. Please see https://flutter.dev/to/uiscene-migration for the migration guide.
iOS Tests (Simulator) (2)	Run iOS integration tests (Batched)	2026-02-25T19:58:04.9860330Z 
iOS Tests (Simulator) (2)	Run iOS integration tests (Batched)	2026-02-25T19:58:45.5771470Z Running pod install...                                             14.7s
iOS Tests (Simulator) (2)	Run iOS integration tests (Batched)	2026-02-25T20:04:56.6311970Z Running Xcode build...                                          
iOS Tests (Simulator) (2)	Run iOS integration tests (Batched)	2026-02-25T20:04:56.6420020Z Xcode build done.                                           370.9s
iOS Tests (Simulator) (2)	Run iOS integration tests (Batched)	2026-02-25T20:09:30.7102140Z 00:00 +0 -1: loading /Users/runner/work/substitution/substitution/integration_test/interaction_with_matrix_test.dart [E]
iOS Tests (Simulator) (2)	Run iOS integration tests (Batched)	2026-02-25T20:09:30.7276380Z   TimeoutException after 0:12:00.000000: Test timed out after 12 minutes.
iOS Tests (Simulator) (2)	Run iOS integration tests (Batched)	2026-02-25T20:09:30.7722340Z   package:test_api/src/backend/invoker.dart 398:28  Invoker._handleError.<fn>
iOS Tests (Simulator) (2)	Run iOS integration tests (Batched)	2026-02-25T20:09:30.7847320Z   dart:async/zone_root.dart 27:47                   _rootRun
iOS Tests (Simulator) (2)	Run iOS integration tests (Batched)	2026-02-25T20:09:30.7951820Z   dart:async/zone.dart 726:19                       _CustomZone.run
iOS Tests (Simulator) (2)	Run iOS integration tests (Batched)	2026-02-25T20:09:30.8060720Z   package:test_api/src/backend/invoker.dart 396:10  Invoker._handleError
iOS Tests (Simulator) (2)	Run iOS integration tests (Batched)	2026-02-25T20:09:30.8289910Z   package:test_api/src/backend/invoker.dart 351:9   Invoker.heartbeat.<fn>.<fn>
iOS Tests (Simulator) (2)	Run iOS integration tests (Batched)	2026-02-25T20:09:30.8391670Z   dart:async/zone_root.dart 35:13                   _rootRun
iOS Tests (Simulator) (2)	Run iOS integration tests (Batched)	2026-02-25T20:09:30.8517290Z   dart:async/zone.dart 726:19                       _CustomZone.run
iOS Tests (Simulator) (2)	Run iOS integration tests (Batched)	2026-02-25T20:09:30.8756260Z   package:test_api/src/backend/invoker.dart 350:38  Invoker.heartbeat.<fn>
iOS Tests (Simulator) (2)	Run iOS integration tests (Batched)	2026-02-25T20:09:30.8817270Z   dart:async-patch/timer_patch.dart 18:15           Timer._createTimer.<fn>
iOS Tests (Simulator) (2)	Run iOS integration tests (Batched)	2026-02-25T20:09:30.8918640Z   dart:isolate-patch/timer_impl.dart 423:19         _Timer._runTimers
iOS Tests (Simulator) (2)	Run iOS integration tests (Batched)	2026-02-25T20:09:30.8974680Z   dart:isolate-patch/timer_impl.dart 454:5          _Timer._handleMessage
iOS Tests (Simulator) (2)	Run iOS integration tests (Batched)	2026-02-25T20:09:30.9137930Z   dart:isolate-patch/isolate_patch.dart 193:12      _RawReceivePort._handleMessage
iOS Tests (Simulator) (2)	Run iOS integration tests (Batched)	2026-02-25T20:09:30.9305360Z   
iOS Tests (Simulator) (2)	Run iOS integration tests (Batched)	2026-02-25T20:09:30.9408030Z 00:00 +0 -1: loading /Users/runner/work/substitution/substitution/integration_test/offline_test.dart
iOS Tests (Simulator) (2)	Run iOS integration tests (Batched)	2026-02-25T20:09:42.8316660Z To ensure your app continues to launch on upcoming iOS versions, UIScene lifecycle support will soon be required. Please see https://flutter.dev/to/uiscene-migration for the migration guide.
iOS Tests (Simulator) (2)	Run iOS integration tests (Batched)	2026-02-25T20:09:42.8421540Z 
iOS Tests (Simulator) (2)	Run iOS integration tests (Batched)	2026-02-25T20:11:09.0129500Z Running Xcode build...                                          
iOS Tests (Simulator) (2)	Run iOS integration tests (Batched)	2026-02-25T20:11:09.0241490Z Xcode build done.                                           82.8s
iOS Tests (Simulator) (2)	Run iOS integration tests (Batched)	2026-02-25T20:21:30.9523790Z 00:00 +0 -2: loading /Users/runner/work/substitution/substitution/integration_test/offline_test.dart [E]
iOS Tests (Simulator) (2)	Run iOS integration tests (Batched)	2026-02-25T20:21:30.9730990Z   TimeoutException after 0:12:00.000000: Test timed out after 12 minutes.
iOS Tests (Simulator) (2)	Run iOS integration tests (Batched)	2026-02-25T20:21:31.0465200Z   package:test_api/src/backend/invoker.dart 398:28  Invoker._handleError.<fn>
iOS Tests (Simulator) (2)	Run iOS integration tests (Batched)	2026-02-25T20:21:31.0630390Z   dart:async/zone_root.dart 27:47                   _rootRun
iOS Tests (Simulator) (2)	Run iOS integration tests (Batched)	2026-02-25T20:21:31.0738610Z   dart:async/zone.dart 726:19                       _CustomZone.run
iOS Tests (Simulator) (2)	Run iOS integration tests (Batched)	2026-02-25T20:21:31.0850980Z   package:test_api/src/backend/invoker.dart 396:10  Invoker._handleError
iOS Tests (Simulator) (2)	Run iOS integration tests (Batched)	2026-02-25T20:21:31.0955200Z   package:test_api/src/backend/invoker.dart 351:9   Invoker.heartbeat.<fn>.<fn>
iOS Tests (Simulator) (2)	Run iOS integration tests (Batched)	2026-02-25T20:21:31.1065430Z   dart:async/zone_root.dart 35:13                   _rootRun
iOS Tests (Simulator) (2)	Run iOS integration tests (Batched)	2026-02-25T20:21:31.1175550Z   dart:async/zone.dart 726:19                       _CustomZone.run
iOS Tests (Simulator) (2)	Run iOS integration tests (Batched)	2026-02-25T20:21:31.1313700Z   package:test_api/src/backend/invoker.dart 350:38  Invoker.heartbeat.<fn>
iOS Tests (Simulator) (2)	Run iOS integration tests (Batched)	2026-02-25T20:21:31.1445620Z   dart:async-patch/timer_patch.dart 18:15           Timer._createTimer.<fn>
iOS Tests (Simulator) (2)	Run iOS integration tests (Batched)	2026-02-25T20:21:31.1574880Z   dart:isolate-patch/timer_impl.dart 423:19         _Timer._runTimers
iOS Tests (Simulator) (2)	Run iOS integration tests (Batched)	2026-02-25T20:21:31.1678930Z   dart:isolate-patch/timer_impl.dart 454:5          _Timer._handleMessage
iOS Tests (Simulator) (2)	Run iOS integration tests (Batched)	2026-02-25T20:21:31.1933990Z   dart:isolate-patch/isolate_patch.dart 193:12      _RawReceivePort._handleMessage
iOS Tests (Simulator) (2)	Run iOS integration tests (Batched)	2026-02-25T20:21:31.2074700Z   
iOS Tests (Simulator) (2)	Run iOS integration tests (Batched)	2026-02-25T20:21:31.2171060Z 00:00 +0 -2: loading /Users/runner/work/substitution/substitution/integration_test/room_feed_with_matrix_test.dart
iOS Tests (Simulator) (2)	Run iOS integration tests (Batched)	2026-02-25T20:21:47.3138740Z To ensure your app continues to launch on upcoming iOS versions, UIScene lifecycle support will soon be required. Please see https://flutter.dev/to/uiscene-migration for the migration guide.
iOS Tests (Simulator) (2)	Run iOS integration tests (Batched)	2026-02-25T20:21:47.3537780Z 
iOS Tests (Simulator) (2)	Run iOS integration tests (Batched)	2026-02-25T20:24:17.8799750Z Running Xcode build...                                          
iOS Tests (Simulator) (2)	Run iOS integration tests (Batched)	2026-02-25T20:24:17.8907550Z Xcode build done.                                           147.8s
iOS Tests (Simulator) (2)	Run iOS integration tests (Batched)	2026-02-25T20:33:31.1128220Z 00:00 +0 -3: loading /Users/runner/work/substitution/substitution/integration_test/room_feed_with_matrix_test.dart [E]
iOS Tests (Simulator) (2)	Run iOS integration tests (Batched)	2026-02-25T20:33:31.1232710Z   TimeoutException after 0:12:00.000000: Test timed out after 12 minutes.
iOS Tests (Simulator) (2)	Run iOS integration tests (Batched)	2026-02-25T20:33:31.1564810Z   package:test_api/src/backend/invoker.dart 398:28  Invoker._handleError.<fn>
iOS Tests (Simulator) (2)	Run iOS integration tests (Batched)	2026-02-25T20:33:31.1667550Z   dart:async/zone_root.dart 27:47                   _rootRun
iOS Tests (Simulator) (2)	Run iOS integration tests (Batched)	2026-02-25T20:33:31.1794740Z   dart:async/zone.dart 726:19                       _CustomZone.run
iOS Tests (Simulator) (2)	Run iOS integration tests (Batched)	2026-02-25T20:33:31.1995850Z   package:test_api/src/backend/invoker.dart 396:10  Invoker._handleError
iOS Tests (Simulator) (2)	Run iOS integration tests (Batched)	2026-02-25T20:33:31.1998790Z   package:test_api/src/backend/invoker.dart 351:9   Invoker.heartbeat.<fn>.<fn>
iOS Tests (Simulator) (2)	Run iOS integration tests (Batched)	2026-02-25T20:33:31.2102910Z   dart:async/zone_root.dart 35:13                   _rootRun
iOS Tests (Simulator) (2)	Run iOS integration tests (Batched)	2026-02-25T20:33:31.2209250Z   dart:async/zone.dart 726:19                       _CustomZone.run
iOS Tests (Simulator) (2)	Run iOS integration tests (Batched)	2026-02-25T20:33:31.2311630Z   package:test_api/src/backend/invoker.dart 350:38  Invoker.heartbeat.<fn>
iOS Tests (Simulator) (2)	Run iOS integration tests (Batched)	2026-02-25T20:33:31.2450090Z   dart:async-patch/timer_patch.dart 18:15           Timer._createTimer.<fn>
iOS Tests (Simulator) (2)	Run iOS integration tests (Batched)	2026-02-25T20:33:31.2565250Z   dart:isolate-patch/timer_impl.dart 423:19         _Timer._runTimers
iOS Tests (Simulator) (2)	Run iOS integration tests (Batched)	2026-02-25T20:33:31.2668630Z   dart:isolate-patch/timer_impl.dart 454:5          _Timer._handleMessage
iOS Tests (Simulator) (2)	Run iOS integration tests (Batched)	2026-02-25T20:33:31.2740420Z   dart:isolate-patch/isolate_patch.dart 193:12      _RawReceivePort._handleMessage
iOS Tests (Simulator) (2)	Run iOS integration tests (Batched)	2026-02-25T20:33:31.2741600Z   
iOS Tests (Simulator) (2)	Run iOS integration tests (Batched)	2026-02-25T20:33:31.2742370Z 00:00 +0 -3: loading /Users/runner/work/substitution/substitution/integration_test/feed_with_matrix_test.dart
iOS Tests (Simulator) (2)	Run iOS integration tests (Batched)	2026-02-25T20:33:47.1275750Z To ensure your app continues to launch on upcoming iOS versions, UIScene lifecycle support will soon be required. Please see https://flutter.dev/to/uiscene-migration for the migration guide.
iOS Tests (Simulator) (2)	Run iOS integration tests (Batched)	2026-02-25T20:33:47.1282890Z 
iOS Tests (Simulator) (2)	Run iOS integration tests (Batched)	2026-02-25T20:34:45.8805640Z Running Xcode build...                                          
iOS Tests (Simulator) (2)	Run iOS integration tests (Batched)	2026-02-25T20:34:45.8808820Z Xcode build done.                                           52.7s
iOS Tests (Simulator) (2)	Run iOS integration tests (Batched)	2026-02-25T20:42:06.1247960Z 
iOS Tests (Simulator) (2)	Run iOS integration tests (Batched)	2026-02-25T20:42:06.1409290Z [0;31m[ERROR][0m iOS tests timed out after 2700s
iOS Tests (Simulator) (2)	Run iOS integration tests (Batched)	2026-02-25T20:42:06.1514270Z [1m══════════════════════════════════════════════════════════[0m
iOS Tests (Simulator) (2)	Run iOS integration tests (Batched)	2026-02-25T20:42:06.1518590Z [1m  Test Results Summary[0m
iOS Tests (Simulator) (2)	Run iOS integration tests (Batched)	2026-02-25T20:42:06.1620960Z [1m══════════════════════════════════════════════════════════[0m
iOS Tests (Simulator) (2)	Run iOS integration tests (Batched)	2026-02-25T20:42:06.1656210Z 
iOS Tests (Simulator) (2)	Run iOS integration tests (Batched)	2026-02-25T20:42:06.1657080Z   TARGET             PASSED   FAILED  SKIPPED   DURATION
iOS Tests (Simulator) (2)	Run iOS integration tests (Batched)	2026-02-25T20:42:06.1658370Z   ──────────────── ──────── ──────── ──────── ──────────
iOS Tests (Simulator) (2)	Run iOS integration tests (Batched)	2026-02-25T20:42:06.1658820Z   [0;31mios             [0m        0        3        0     45m 2s
iOS Tests (Simulator) (2)	Run iOS integration tests (Batched)	2026-02-25T20:42:06.1659440Z 
iOS Tests (Simulator) (2)	Run iOS integration tests (Batched)	2026-02-25T20:42:06.1661810Z   ──────────────── ──────── ──────── ────────
iOS Tests (Simulator) (2)	Run iOS integration tests (Batched)	2026-02-25T20:42:06.1662470Z   [0;31mTOTAL                   0        3        0[0m
iOS Tests (Simulator) (2)	Run iOS integration tests (Batched)	2026-02-25T20:42:06.1662790Z 
iOS Tests (Simulator) (2)	Run iOS integration tests (Batched)	2026-02-25T20:42:06.1663010Z   [0;31m[1mRESULT: FAILED[0m
iOS Tests (Simulator) (2)	Run iOS integration tests (Batched)	2026-02-25T20:42:06.1663460Z 
iOS Tests (Simulator) (2)	Run iOS integration tests (Batched)	2026-02-25T20:42:06.1663990Z [1m══════════════════════════════════════════════════════════[0m
iOS Tests (Simulator) (2)	Run iOS integration tests (Batched)	2026-02-25T20:42:06.1664200Z 
iOS Tests (Simulator) (2)	Run iOS integration tests (Batched)	2026-02-25T20:42:06.1664590Z [0;34m[INFO][0m Cleaning up...
iOS Tests (Simulator) (2)	Run iOS integration tests (Batched)	2026-02-25T20:42:13.0372410Z [0;34m[INFO][0m Cleanup complete
iOS Tests (Simulator) (2)	Run iOS integration tests (Batched)	2026-02-25T20:42:13.2636710Z ##[error]Process completed with exit code 1.
iOS Tests (Simulator) (2)	Post Setup Flutter	﻿2026-02-25T20:42:13.6005090Z Post job cleanup.
iOS Tests (Simulator) (2)	Post Run actions/checkout@v4	﻿2026-02-25T20:42:13.6450860Z Post job cleanup.
iOS Tests (Simulator) (2)	Post Run actions/checkout@v4	2026-02-25T20:42:14.8877900Z [command]/opt/homebrew/bin/git version
iOS Tests (Simulator) (2)	Post Run actions/checkout@v4	2026-02-25T20:42:14.9366350Z git version 2.53.0
iOS Tests (Simulator) (2)	Post Run actions/checkout@v4	2026-02-25T20:42:15.0130260Z Copying '/Users/runner/.gitconfig' to '/Users/runner/work/_temp/938fa831-44f8-4977-a72f-891f7863180d/.gitconfig'
iOS Tests (Simulator) (2)	Post Run actions/checkout@v4	2026-02-25T20:42:15.0231840Z Temporarily overriding HOME='/Users/runner/work/_temp/938fa831-44f8-4977-a72f-891f7863180d' before making global git config changes
iOS Tests (Simulator) (2)	Post Run actions/checkout@v4	2026-02-25T20:42:15.0426170Z Adding repository directory to the temporary git global config as a safe directory
iOS Tests (Simulator) (2)	Post Run actions/checkout@v4	2026-02-25T20:42:15.0599210Z [command]/opt/homebrew/bin/git config --global --add safe.directory /Users/runner/work/substitution/substitution
iOS Tests (Simulator) (2)	Post Run actions/checkout@v4	2026-02-25T20:42:15.0802880Z [command]/opt/homebrew/bin/git config --local --name-only --get-regexp core\.sshCommand
iOS Tests (Simulator) (2)	Post Run actions/checkout@v4	2026-02-25T20:42:15.1112690Z [command]/opt/homebrew/bin/git submodule foreach --recursive sh -c "git config --local --name-only --get-regexp 'core\.sshCommand' && git config --local --unset-all 'core.sshCommand' || :"
iOS Tests (Simulator) (2)	Post Run actions/checkout@v4	2026-02-25T20:42:15.4010900Z [command]/opt/homebrew/bin/git config --local --name-only --get-regexp http\.https\:\/\/github\.com\/\.extraheader
iOS Tests (Simulator) (2)	Post Run actions/checkout@v4	2026-02-25T20:42:15.4044630Z http.https://github.com/.extraheader
iOS Tests (Simulator) (2)	Post Run actions/checkout@v4	2026-02-25T20:42:15.4258840Z [command]/opt/homebrew/bin/git config --local --unset-all http.https://github.com/.extraheader
iOS Tests (Simulator) (2)	Post Run actions/checkout@v4	2026-02-25T20:42:15.4260750Z [command]/opt/homebrew/bin/git submodule foreach --recursive sh -c "git config --local --name-only --get-regexp 'http\.https\:\/\/github\.com\/\.extraheader' && git config --local --unset-all 'http.https://github.com/.extraheader' || :"
iOS Tests (Simulator) (2)	Post Run actions/checkout@v4	2026-02-25T20:42:15.7446400Z [command]/opt/homebrew/bin/git config --local --name-only --get-regexp ^includeIf\.gitdir:
iOS Tests (Simulator) (2)	Post Run actions/checkout@v4	2026-02-25T20:42:15.7701240Z [command]/opt/homebrew/bin/git submodule foreach --recursive git config --local --show-origin --name-only --get-regexp remote.origin.url
iOS Tests (Simulator) (2)	Complete job	﻿2026-02-25T20:42:16.1474110Z Cleaning up orphan processes
iOS Tests (Simulator) (2)	Complete job	2026-02-25T20:42:34.9497950Z Terminate orphan process: pid (8584) (Simulator)
Android Tests (2)	UNKNOWN STEP	﻿2026-02-25T19:48:14.0217045Z Current runner version: '2.331.0'
Android Tests (2)	UNKNOWN STEP	2026-02-25T19:48:14.0241362Z ##[group]Runner Image Provisioner
Android Tests (2)	UNKNOWN STEP	2026-02-25T19:48:14.0242155Z Hosted Compute Agent
Android Tests (2)	UNKNOWN STEP	2026-02-25T19:48:14.0242710Z Version: 20260213.493
Android Tests (2)	UNKNOWN STEP	2026-02-25T19:48:14.0243468Z Commit: 5c115507f6dd24b8de37d8bbe0bb4509d0cc0fa3
Android Tests (2)	UNKNOWN STEP	2026-02-25T19:48:14.0244129Z Build Date: 2026-02-13T00:28:41Z
Android Tests (2)	UNKNOWN STEP	2026-02-25T19:48:14.0244772Z Worker ID: {360ac40b-f0c5-4755-837d-d4ff72e0ea46}
Android Tests (2)	UNKNOWN STEP	2026-02-25T19:48:14.0245483Z Azure Region: westus
Android Tests (2)	UNKNOWN STEP	2026-02-25T19:48:14.0246028Z ##[endgroup]
Android Tests (2)	UNKNOWN STEP	2026-02-25T19:48:14.0247827Z ##[group]Operating System
Android Tests (2)	UNKNOWN STEP	2026-02-25T19:48:14.0248532Z Ubuntu
Android Tests (2)	UNKNOWN STEP	2026-02-25T19:48:14.0248980Z 24.04.3
Android Tests (2)	UNKNOWN STEP	2026-02-25T19:48:14.0249438Z LTS
Android Tests (2)	UNKNOWN STEP	2026-02-25T19:48:14.0249959Z ##[endgroup]
Android Tests (2)	UNKNOWN STEP	2026-02-25T19:48:14.0250442Z ##[group]Runner Image
Android Tests (2)	UNKNOWN STEP	2026-02-25T19:48:14.0251401Z Image: ubuntu-24.04
Android Tests (2)	UNKNOWN STEP	2026-02-25T19:48:14.0251946Z Version: 20260224.36.1
Android Tests (2)	UNKNOWN STEP	2026-02-25T19:48:14.0253166Z Included Software: https://github.com/actions/runner-images/blob/ubuntu24/20260224.36/images/ubuntu/Ubuntu2404-Readme.md
Android Tests (2)	UNKNOWN STEP	2026-02-25T19:48:14.0254687Z Image Release: https://github.com/actions/runner-images/releases/tag/ubuntu24%2F20260224.36
Android Tests (2)	UNKNOWN STEP	2026-02-25T19:48:14.0255581Z ##[endgroup]
Android Tests (2)	UNKNOWN STEP	2026-02-25T19:48:14.0256643Z ##[group]GITHUB_TOKEN Permissions
Android Tests (2)	UNKNOWN STEP	2026-02-25T19:48:14.0258536Z Contents: read
Android Tests (2)	UNKNOWN STEP	2026-02-25T19:48:14.0259101Z Metadata: read
Android Tests (2)	UNKNOWN STEP	2026-02-25T19:48:14.0259563Z Packages: read
Android Tests (2)	UNKNOWN STEP	2026-02-25T19:48:14.0260176Z ##[endgroup]
Android Tests (2)	UNKNOWN STEP	2026-02-25T19:48:14.0262330Z Secret source: Actions
Android Tests (2)	UNKNOWN STEP	2026-02-25T19:48:14.0263056Z Prepare workflow directory
Android Tests (2)	UNKNOWN STEP	2026-02-25T19:48:14.0670290Z Prepare all required actions
Android Tests (2)	UNKNOWN STEP	2026-02-25T19:48:14.0709792Z Getting action download info
Android Tests (2)	UNKNOWN STEP	2026-02-25T19:48:14.5768081Z Download action repository 'actions/checkout@v4' (SHA:34e114876b0b11c390a56381ad16ebd13914f8d5)
Android Tests (2)	UNKNOWN STEP	2026-02-25T19:48:14.7143394Z Download action repository 'actions/setup-java@v4' (SHA:c1e323688fd81a25caa38c78aa6df2d33d3e20d9)
Android Tests (2)	UNKNOWN STEP	2026-02-25T19:48:15.8687946Z Download action repository 'subosito/flutter-action@v2' (SHA:fd55f4c5af5b953cc57a2be44cb082c8f6635e8e)
Android Tests (2)	UNKNOWN STEP	2026-02-25T19:48:16.6188702Z Download action repository 'reactivecircus/android-emulator-runner@v2' (SHA:b530d96654c385303d652368551fb075bc2f0b6b)
Android Tests (2)	UNKNOWN STEP	2026-02-25T19:48:17.6196761Z Getting action download info
Android Tests (2)	UNKNOWN STEP	2026-02-25T19:48:17.7930894Z Download action repository 'actions/cache@v4' (SHA:0057852bfaa89a56745cba8c7296529d2fc39830)
Android Tests (2)	UNKNOWN STEP	2026-02-25T19:48:17.9273666Z Complete job name: Android Tests (2)
Android Tests (2)	UNKNOWN STEP	2026-02-25T19:48:17.9975330Z ##[group]Run actions/checkout@v4
Android Tests (2)	UNKNOWN STEP	2026-02-25T19:48:17.9976019Z with:
Android Tests (2)	UNKNOWN STEP	2026-02-25T19:48:17.9976333Z   repository: floffel/substitution
Android Tests (2)	UNKNOWN STEP	2026-02-25T19:48:17.9976780Z   token: ***
Android Tests (2)	UNKNOWN STEP	2026-02-25T19:48:17.9977195Z   ssh-strict: true
Android Tests (2)	UNKNOWN STEP	2026-02-25T19:48:17.9977499Z   ssh-user: git
Android Tests (2)	UNKNOWN STEP	2026-02-25T19:48:17.9977740Z   persist-credentials: true
Android Tests (2)	UNKNOWN STEP	2026-02-25T19:48:18.0045125Z   clean: true
Android Tests (2)	UNKNOWN STEP	2026-02-25T19:48:18.0045482Z   sparse-checkout-cone-mode: true
Android Tests (2)	UNKNOWN STEP	2026-02-25T19:48:18.0045965Z   fetch-depth: 1
Android Tests (2)	UNKNOWN STEP	2026-02-25T19:48:18.0046343Z   fetch-tags: false
Android Tests (2)	UNKNOWN STEP	2026-02-25T19:48:18.0046743Z   show-progress: true
Android Tests (2)	UNKNOWN STEP	2026-02-25T19:48:18.0047106Z   lfs: false
Android Tests (2)	UNKNOWN STEP	2026-02-25T19:48:18.0047557Z   submodules: false
Android Tests (2)	UNKNOWN STEP	2026-02-25T19:48:18.0047903Z   set-safe-directory: true
Android Tests (2)	UNKNOWN STEP	2026-02-25T19:48:18.0049918Z env:
Android Tests (2)	UNKNOWN STEP	2026-02-25T19:48:18.0050279Z   CACHE_VERSION: v1
Android Tests (2)	UNKNOWN STEP	2026-02-25T19:48:18.0050827Z ##[endgroup]
Android Tests (2)	UNKNOWN STEP	2026-02-25T19:48:18.1259609Z Syncing repository: floffel/substitution
Android Tests (2)	UNKNOWN STEP	2026-02-25T19:48:18.1261220Z ##[group]Getting Git version info
Android Tests (2)	UNKNOWN STEP	2026-02-25T19:48:18.1261715Z Working directory is '/home/runner/work/substitution/substitution'
Android Tests (2)	UNKNOWN STEP	2026-02-25T19:48:18.1262616Z [command]/usr/bin/git version
Android Tests (2)	UNKNOWN STEP	2026-02-25T19:48:18.1406059Z git version 2.53.0
Android Tests (2)	UNKNOWN STEP	2026-02-25T19:48:18.1433539Z ##[endgroup]
Android Tests (2)	UNKNOWN STEP	2026-02-25T19:48:18.1449929Z Temporarily overriding HOME='/home/runner/work/_temp/986afe54-7489-4577-bdfd-c3f12e1aa4bc' before making global git config changes
Android Tests (2)	UNKNOWN STEP	2026-02-25T19:48:18.1451572Z Adding repository directory to the temporary git global config as a safe directory
Android Tests (2)	UNKNOWN STEP	2026-02-25T19:48:18.1456669Z [command]/usr/bin/git config --global --add safe.directory /home/runner/work/substitution/substitution
Android Tests (2)	UNKNOWN STEP	2026-02-25T19:48:18.1500892Z Deleting the contents of '/home/runner/work/substitution/substitution'
Android Tests (2)	UNKNOWN STEP	2026-02-25T19:48:18.1504726Z ##[group]Initializing the repository
Android Tests (2)	UNKNOWN STEP	2026-02-25T19:48:18.1509440Z [command]/usr/bin/git init /home/runner/work/substitution/substitution
Android Tests (2)	UNKNOWN STEP	2026-02-25T19:48:18.1617398Z hint: Using 'master' as the name for the initial branch. This default branch name
Android Tests (2)	UNKNOWN STEP	2026-02-25T19:48:18.1618417Z hint: will change to "main" in Git 3.0. To configure the initial branch name
Android Tests (2)	UNKNOWN STEP	2026-02-25T19:48:18.1619578Z hint: to use in all of your new repositories, which will suppress this warning,
Android Tests (2)	UNKNOWN STEP	2026-02-25T19:48:18.1620090Z hint: call:
Android Tests (2)	UNKNOWN STEP	2026-02-25T19:48:18.1620267Z hint:
Android Tests (2)	UNKNOWN STEP	2026-02-25T19:48:18.1620778Z hint: 	git config --global init.defaultBranch <name>
Android Tests (2)	UNKNOWN STEP	2026-02-25T19:48:18.1621126Z hint:
Android Tests (2)	UNKNOWN STEP	2026-02-25T19:48:18.1621420Z hint: Names commonly chosen instead of 'master' are 'main', 'trunk' and
Android Tests (2)	UNKNOWN STEP	2026-02-25T19:48:18.1622189Z hint: 'development'. The just-created branch can be renamed via this command:
Android Tests (2)	UNKNOWN STEP	2026-02-25T19:48:18.1622942Z hint:
Android Tests (2)	UNKNOWN STEP	2026-02-25T19:48:18.1623180Z hint: 	git branch -m <name>
Android Tests (2)	UNKNOWN STEP	2026-02-25T19:48:18.1623451Z hint:
Android Tests (2)	UNKNOWN STEP	2026-02-25T19:48:18.1623803Z hint: Disable this message with "git config set advice.defaultBranchName false"
Android Tests (2)	UNKNOWN STEP	2026-02-25T19:48:18.1624715Z Initialized empty Git repository in /home/runner/work/substitution/substitution/.git/
Android Tests (2)	UNKNOWN STEP	2026-02-25T19:48:18.1635808Z [command]/usr/bin/git remote add origin https://github.com/floffel/substitution
Android Tests (2)	UNKNOWN STEP	2026-02-25T19:48:18.1672102Z ##[endgroup]
Android Tests (2)	UNKNOWN STEP	2026-02-25T19:48:18.1672721Z ##[group]Disabling automatic garbage collection
Android Tests (2)	UNKNOWN STEP	2026-02-25T19:48:18.1676929Z [command]/usr/bin/git config --local gc.auto 0
Android Tests (2)	UNKNOWN STEP	2026-02-25T19:48:18.1706307Z ##[endgroup]
Android Tests (2)	UNKNOWN STEP	2026-02-25T19:48:18.1706924Z ##[group]Setting up auth
Android Tests (2)	UNKNOWN STEP	2026-02-25T19:48:18.1714180Z [command]/usr/bin/git config --local --name-only --get-regexp core\.sshCommand
Android Tests (2)	UNKNOWN STEP	2026-02-25T19:48:18.1746379Z [command]/usr/bin/git submodule foreach --recursive sh -c "git config --local --name-only --get-regexp 'core\.sshCommand' && git config --local --unset-all 'core.sshCommand' || :"
Android Tests (2)	UNKNOWN STEP	2026-02-25T19:48:18.2117093Z [command]/usr/bin/git config --local --name-only --get-regexp http\.https\:\/\/github\.com\/\.extraheader
Android Tests (2)	UNKNOWN STEP	2026-02-25T19:48:18.2148046Z [command]/usr/bin/git submodule foreach --recursive sh -c "git config --local --name-only --get-regexp 'http\.https\:\/\/github\.com\/\.extraheader' && git config --local --unset-all 'http.https://github.com/.extraheader' || :"
Android Tests (2)	UNKNOWN STEP	2026-02-25T19:48:18.2377357Z [command]/usr/bin/git config --local --name-only --get-regexp ^includeIf\.gitdir:
Android Tests (2)	UNKNOWN STEP	2026-02-25T19:48:18.2417585Z [command]/usr/bin/git submodule foreach --recursive git config --local --show-origin --name-only --get-regexp remote.origin.url
Android Tests (2)	UNKNOWN STEP	2026-02-25T19:48:18.2651727Z [command]/usr/bin/git config --local http.https://github.com/.extraheader AUTHORIZATION: basic ***
Android Tests (2)	UNKNOWN STEP	2026-02-25T19:48:18.2686504Z ##[endgroup]
Android Tests (2)	UNKNOWN STEP	2026-02-25T19:48:18.2687386Z ##[group]Fetching the repository
Android Tests (2)	UNKNOWN STEP	2026-02-25T19:48:18.2696011Z [command]/usr/bin/git -c protocol.version=2 fetch --no-tags --prune --no-recurse-submodules --depth=1 origin +0408461b08eee1bbe2c516702bd1813b916d3e4c:refs/remotes/pull/1/merge
Android Tests (2)	UNKNOWN STEP	2026-02-25T19:48:19.7901397Z From https://github.com/floffel/substitution
Android Tests (2)	UNKNOWN STEP	2026-02-25T19:48:19.7902748Z  * [new ref]         0408461b08eee1bbe2c516702bd1813b916d3e4c -> pull/1/merge
Android Tests (2)	UNKNOWN STEP	2026-02-25T19:48:19.7934317Z ##[endgroup]
Android Tests (2)	UNKNOWN STEP	2026-02-25T19:48:19.7934916Z ##[group]Determining the checkout info
Android Tests (2)	UNKNOWN STEP	2026-02-25T19:48:19.7937186Z ##[endgroup]
Android Tests (2)	UNKNOWN STEP	2026-02-25T19:48:19.7943360Z [command]/usr/bin/git sparse-checkout disable
Android Tests (2)	UNKNOWN STEP	2026-02-25T19:48:19.7986513Z [command]/usr/bin/git config --local --unset-all extensions.worktreeConfig
Android Tests (2)	UNKNOWN STEP	2026-02-25T19:48:19.8014544Z ##[group]Checking out the ref
Android Tests (2)	UNKNOWN STEP	2026-02-25T19:48:19.8018855Z [command]/usr/bin/git checkout --progress --force refs/remotes/pull/1/merge
Android Tests (2)	UNKNOWN STEP	2026-02-25T19:48:20.0857815Z Note: switching to 'refs/remotes/pull/1/merge'.
Android Tests (2)	UNKNOWN STEP	2026-02-25T19:48:20.0858266Z 
Android Tests (2)	UNKNOWN STEP	2026-02-25T19:48:20.0858656Z You are in 'detached HEAD' state. You can look around, make experimental
Android Tests (2)	UNKNOWN STEP	2026-02-25T19:48:20.0859641Z changes and commit them, and you can discard any commits you make in this
Android Tests (2)	UNKNOWN STEP	2026-02-25T19:48:20.0861179Z state without impacting any branches by switching back to a branch.
Android Tests (2)	UNKNOWN STEP	2026-02-25T19:48:20.0861831Z 
Android Tests (2)	UNKNOWN STEP	2026-02-25T19:48:20.0862316Z If you want to create a new branch to retain commits you create, you may
Android Tests (2)	UNKNOWN STEP	2026-02-25T19:48:20.0863226Z do so (now or later) by using -c with the switch command. Example:
Android Tests (2)	UNKNOWN STEP	2026-02-25T19:48:20.0863711Z 
Android Tests (2)	UNKNOWN STEP	2026-02-25T19:48:20.0863878Z   git switch -c <new-branch-name>
Android Tests (2)	UNKNOWN STEP	2026-02-25T19:48:20.0864203Z 
Android Tests (2)	UNKNOWN STEP	2026-02-25T19:48:20.0864367Z Or undo this operation with:
Android Tests (2)	UNKNOWN STEP	2026-02-25T19:48:20.0864659Z 
Android Tests (2)	UNKNOWN STEP	2026-02-25T19:48:20.0864796Z   git switch -
Android Tests (2)	UNKNOWN STEP	2026-02-25T19:48:20.0865494Z 
Android Tests (2)	UNKNOWN STEP	2026-02-25T19:48:20.0865974Z Turn off this advice by setting config variable advice.detachedHead to false
Android Tests (2)	UNKNOWN STEP	2026-02-25T19:48:20.0866730Z 
Android Tests (2)	UNKNOWN STEP	2026-02-25T19:48:20.0867598Z HEAD is now at 0408461 Merge 86c2f4a4443179a61e99b4f5d2c467a0f9c43a72 into 74cc852017b0f1fdeb37326726f5fee7effe2248
Android Tests (2)	UNKNOWN STEP	2026-02-25T19:48:20.0879388Z ##[endgroup]
Android Tests (2)	UNKNOWN STEP	2026-02-25T19:48:20.0928634Z [command]/usr/bin/git log -1 --format=%H
Android Tests (2)	UNKNOWN STEP	2026-02-25T19:48:20.0954646Z 0408461b08eee1bbe2c516702bd1813b916d3e4c
Android Tests (2)	UNKNOWN STEP	2026-02-25T19:48:20.1215771Z ##[group]Run actions/setup-java@v4
Android Tests (2)	UNKNOWN STEP	2026-02-25T19:48:20.1216053Z with:
Android Tests (2)	UNKNOWN STEP	2026-02-25T19:48:20.1216239Z   java-version: 17
Android Tests (2)	UNKNOWN STEP	2026-02-25T19:48:20.1216439Z   distribution: temurin
Android Tests (2)	UNKNOWN STEP	2026-02-25T19:48:20.1216637Z   java-package: jdk
Android Tests (2)	UNKNOWN STEP	2026-02-25T19:48:20.1216824Z   check-latest: false
Android Tests (2)	UNKNOWN STEP	2026-02-25T19:48:20.1217011Z   server-id: github
Android Tests (2)	UNKNOWN STEP	2026-02-25T19:48:20.1217218Z   server-username: GITHUB_ACTOR
Android Tests (2)	UNKNOWN STEP	2026-02-25T19:48:20.1217449Z   server-password: GITHUB_TOKEN
Android Tests (2)	UNKNOWN STEP	2026-02-25T19:48:20.1217671Z   overwrite-settings: true
Android Tests (2)	UNKNOWN STEP	2026-02-25T19:48:20.1217881Z   job-status: success
Android Tests (2)	UNKNOWN STEP	2026-02-25T19:48:20.1218174Z   token: ***
Android Tests (2)	UNKNOWN STEP	2026-02-25T19:48:20.1218348Z env:
Android Tests (2)	UNKNOWN STEP	2026-02-25T19:48:20.1218497Z   CACHE_VERSION: v1
Android Tests (2)	UNKNOWN STEP	2026-02-25T19:48:20.1218677Z ##[endgroup]
Android Tests (2)	UNKNOWN STEP	2026-02-25T19:48:20.3267568Z ##[group]Installed distributions
Android Tests (2)	UNKNOWN STEP	2026-02-25T19:48:20.3517268Z Resolved Java 17.0.18+8 from tool-cache
Android Tests (2)	UNKNOWN STEP	2026-02-25T19:48:20.3518657Z Setting Java 17.0.18+8 as the default
Android Tests (2)	UNKNOWN STEP	2026-02-25T19:48:20.3532794Z Creating toolchains.xml for JDK version 17 from temurin
Android Tests (2)	UNKNOWN STEP	2026-02-25T19:48:20.3610268Z Writing to /home/runner/.m2/toolchains.xml
Android Tests (2)	UNKNOWN STEP	2026-02-25T19:48:20.3610893Z 
Android Tests (2)	UNKNOWN STEP	2026-02-25T19:48:20.3611036Z Java configuration:
Android Tests (2)	UNKNOWN STEP	2026-02-25T19:48:20.3612183Z   Distribution: temurin
Android Tests (2)	UNKNOWN STEP	2026-02-25T19:48:20.3612632Z   Version: 17.0.18+8
Android Tests (2)	UNKNOWN STEP	2026-02-25T19:48:20.3613818Z   Path: /opt/hostedtoolcache/Java_Temurin-Hotspot_jdk/17.0.18-8/x64
Android Tests (2)	UNKNOWN STEP	2026-02-25T19:48:20.3614350Z 
Android Tests (2)	UNKNOWN STEP	2026-02-25T19:48:20.3615006Z ##[endgroup]
Android Tests (2)	UNKNOWN STEP	2026-02-25T19:48:20.3633045Z Creating settings.xml with server-id: github
Android Tests (2)	UNKNOWN STEP	2026-02-25T19:48:20.3646132Z Writing to /home/runner/.m2/settings.xml
Android Tests (2)	UNKNOWN STEP	2026-02-25T19:48:20.3870107Z ##[group]Run subosito/flutter-action@v2
Android Tests (2)	UNKNOWN STEP	2026-02-25T19:48:20.3870390Z with:
Android Tests (2)	UNKNOWN STEP	2026-02-25T19:48:20.3870724Z   channel: stable
Android Tests (2)	UNKNOWN STEP	2026-02-25T19:48:20.3870902Z   cache: true
Android Tests (2)	UNKNOWN STEP	2026-02-25T19:48:20.3871069Z   architecture: X64
Android Tests (2)	UNKNOWN STEP	2026-02-25T19:48:20.3871260Z   pub-cache-path: default
Android Tests (2)	UNKNOWN STEP	2026-02-25T19:48:20.3871460Z   dry-run: false
Android Tests (2)	UNKNOWN STEP	2026-02-25T19:48:20.3871702Z   git-source: https://github.com/flutter/flutter.git
Android Tests (2)	UNKNOWN STEP	2026-02-25T19:48:20.3871991Z env:
Android Tests (2)	UNKNOWN STEP	2026-02-25T19:48:20.3872148Z   CACHE_VERSION: v1
Android Tests (2)	UNKNOWN STEP	2026-02-25T19:48:20.3872436Z   JAVA_HOME: /opt/hostedtoolcache/Java_Temurin-Hotspot_jdk/17.0.18-8/x64
Android Tests (2)	UNKNOWN STEP	2026-02-25T19:48:20.3872882Z   JAVA_HOME_17_X64: /opt/hostedtoolcache/Java_Temurin-Hotspot_jdk/17.0.18-8/x64
Android Tests (2)	UNKNOWN STEP	2026-02-25T19:48:20.3873239Z ##[endgroup]
Android Tests (2)	UNKNOWN STEP	2026-02-25T19:48:20.3966450Z ##[group]Run chmod +x "$GITHUB_ACTION_PATH/setup.sh"
Android Tests (2)	UNKNOWN STEP	2026-02-25T19:48:20.3966839Z [36;1mchmod +x "$GITHUB_ACTION_PATH/setup.sh"[0m
Android Tests (2)	UNKNOWN STEP	2026-02-25T19:48:20.4019378Z shell: /usr/bin/bash --noprofile --norc -e -o pipefail {0}
Android Tests (2)	UNKNOWN STEP	2026-02-25T19:48:20.4019754Z env:
Android Tests (2)	UNKNOWN STEP	2026-02-25T19:48:20.4019921Z   CACHE_VERSION: v1
Android Tests (2)	UNKNOWN STEP	2026-02-25T19:48:20.4020235Z   JAVA_HOME: /opt/hostedtoolcache/Java_Temurin-Hotspot_jdk/17.0.18-8/x64
Android Tests (2)	UNKNOWN STEP	2026-02-25T19:48:20.4020936Z   JAVA_HOME_17_X64: /opt/hostedtoolcache/Java_Temurin-Hotspot_jdk/17.0.18-8/x64
Android Tests (2)	UNKNOWN STEP	2026-02-25T19:48:20.4021303Z ##[endgroup]
Android Tests (2)	UNKNOWN STEP	2026-02-25T19:48:20.4172883Z ##[group]Run $GITHUB_ACTION_PATH/setup.sh -p \
Android Tests (2)	UNKNOWN STEP	2026-02-25T19:48:20.4173412Z [36;1m$GITHUB_ACTION_PATH/setup.sh -p \[0m
Android Tests (2)	UNKNOWN STEP	2026-02-25T19:48:20.4173670Z [36;1m  -n '' \[0m
Android Tests (2)	UNKNOWN STEP	2026-02-25T19:48:20.4173847Z [36;1m  -f '' \[0m
Android Tests (2)	UNKNOWN STEP	2026-02-25T19:48:20.4174021Z [36;1m  -a 'X64' \[0m
Android Tests (2)	UNKNOWN STEP	2026-02-25T19:48:20.4174196Z [36;1m  -k '' \[0m
Android Tests (2)	UNKNOWN STEP	2026-02-25T19:48:20.4174364Z [36;1m  -c '' \[0m
Android Tests (2)	UNKNOWN STEP	2026-02-25T19:48:20.4174531Z [36;1m  -l '' \[0m
Android Tests (2)	UNKNOWN STEP	2026-02-25T19:48:20.4174716Z [36;1m  -d 'default' \[0m
Android Tests (2)	UNKNOWN STEP	2026-02-25T19:48:20.4174992Z [36;1m  -g 'https://github.com/flutter/flutter.git' \[0m
Android Tests (2)	UNKNOWN STEP	2026-02-25T19:48:20.4175291Z [36;1m  stable[0m
Android Tests (2)	UNKNOWN STEP	2026-02-25T19:48:20.4217896Z shell: /usr/bin/bash --noprofile --norc -e -o pipefail {0}
Android Tests (2)	UNKNOWN STEP	2026-02-25T19:48:20.4218206Z env:
Android Tests (2)	UNKNOWN STEP	2026-02-25T19:48:20.4218371Z   CACHE_VERSION: v1
Android Tests (2)	UNKNOWN STEP	2026-02-25T19:48:20.4218668Z   JAVA_HOME: /opt/hostedtoolcache/Java_Temurin-Hotspot_jdk/17.0.18-8/x64
Android Tests (2)	UNKNOWN STEP	2026-02-25T19:48:20.4219135Z   JAVA_HOME_17_X64: /opt/hostedtoolcache/Java_Temurin-Hotspot_jdk/17.0.18-8/x64
Android Tests (2)	UNKNOWN STEP	2026-02-25T19:48:20.4219492Z ##[endgroup]
Android Tests (2)	UNKNOWN STEP	2026-02-25T19:48:20.6066499Z ##[group]Run actions/cache@v4
Android Tests (2)	UNKNOWN STEP	2026-02-25T19:48:20.6066719Z with:
Android Tests (2)	UNKNOWN STEP	2026-02-25T19:48:20.6066941Z   path: /opt/hostedtoolcache/flutter/stable-3.41.2-x64
Android Tests (2)	UNKNOWN STEP	2026-02-25T19:48:20.6067371Z   key: flutter-linux-stable-3.41.2-x64-90673a4eef275d1a6692c26ac80d6d746d41a73a
Android Tests (2)	UNKNOWN STEP	2026-02-25T19:48:20.6067776Z   enableCrossOsArchive: false
Android Tests (2)	UNKNOWN STEP	2026-02-25T19:48:20.6068004Z   fail-on-cache-miss: false
Android Tests (2)	UNKNOWN STEP	2026-02-25T19:48:20.6068210Z   lookup-only: false
Android Tests (2)	UNKNOWN STEP	2026-02-25T19:48:20.6068398Z   save-always: false
Android Tests (2)	UNKNOWN STEP	2026-02-25T19:48:20.6068564Z env:
Android Tests (2)	UNKNOWN STEP	2026-02-25T19:48:20.6068723Z   CACHE_VERSION: v1
Android Tests (2)	UNKNOWN STEP	2026-02-25T19:48:20.6069019Z   JAVA_HOME: /opt/hostedtoolcache/Java_Temurin-Hotspot_jdk/17.0.18-8/x64
Android Tests (2)	UNKNOWN STEP	2026-02-25T19:48:20.6069479Z   JAVA_HOME_17_X64: /opt/hostedtoolcache/Java_Temurin-Hotspot_jdk/17.0.18-8/x64
Android Tests (2)	UNKNOWN STEP	2026-02-25T19:48:20.6069888Z ##[endgroup]
Android Tests (2)	UNKNOWN STEP	2026-02-25T19:48:21.0051304Z Cache hit for: flutter-linux-stable-3.41.2-x64-90673a4eef275d1a6692c26ac80d6d746d41a73a
Android Tests (2)	UNKNOWN STEP	2026-02-25T19:48:22.2863039Z Received 4194304 of 1665993529 (0.3%), 4.0 MBs/sec
Android Tests (2)	UNKNOWN STEP	2026-02-25T19:48:23.2902321Z Received 130023424 of 1665993529 (7.8%), 61.9 MBs/sec
Android Tests (2)	UNKNOWN STEP	2026-02-25T19:48:24.2874061Z Received 260046848 of 1665993529 (15.6%), 82.6 MBs/sec
Android Tests (2)	UNKNOWN STEP	2026-02-25T19:48:25.2872324Z Received 390070272 of 1665993529 (23.4%), 93.0 MBs/sec
Android Tests (2)	UNKNOWN STEP	2026-02-25T19:48:26.2885101Z Received 520093696 of 1665993529 (31.2%), 99.1 MBs/sec
Android Tests (2)	UNKNOWN STEP	2026-02-25T19:48:27.2888940Z Received 645922816 of 1665993529 (38.8%), 102.6 MBs/sec
Android Tests (2)	UNKNOWN STEP	2026-02-25T19:48:28.2894947Z Received 763363328 of 1665993529 (45.8%), 103.9 MBs/sec
Android Tests (2)	UNKNOWN STEP	2026-02-25T19:48:29.2907259Z Received 872415232 of 1665993529 (52.4%), 103.9 MBs/sec
Android Tests (2)	UNKNOWN STEP	2026-02-25T19:48:30.3010260Z Received 985661440 of 1665993529 (59.2%), 104.3 MBs/sec
Android Tests (2)	UNKNOWN STEP	2026-02-25T19:48:31.2953837Z Received 1090519040 of 1665993529 (65.5%), 103.9 MBs/sec
Android Tests (2)	UNKNOWN STEP	2026-02-25T19:48:32.2959271Z Received 1207959552 of 1665993529 (72.5%), 104.6 MBs/sec
Android Tests (2)	UNKNOWN STEP	2026-02-25T19:48:33.2968394Z Received 1337982976 of 1665993529 (80.3%), 106.2 MBs/sec
Android Tests (2)	UNKNOWN STEP	2026-02-25T19:48:34.3026993Z Received 1426063360 of 1665993529 (85.6%), 104.5 MBs/sec
Android Tests (2)	UNKNOWN STEP	2026-02-25T19:48:35.3028784Z Received 1526726656 of 1665993529 (91.6%), 103.9 MBs/sec
Android Tests (2)	UNKNOWN STEP	2026-02-25T19:48:36.3037852Z Received 1623195648 of 1665993529 (97.4%), 103.1 MBs/sec
Android Tests (2)	UNKNOWN STEP	2026-02-25T19:48:36.6846539Z Received 1665993529 of 1665993529 (100.0%), 103.2 MBs/sec
Android Tests (2)	UNKNOWN STEP	2026-02-25T19:48:36.6850099Z Cache Size: ~1589 MB (1665993529 B)
Android Tests (2)	UNKNOWN STEP	2026-02-25T19:48:36.6957031Z [command]/usr/bin/tar -xf /home/runner/work/_temp/cf71c8fb-2710-445a-9bf7-36a2ca0b86fd/cache.tzst -P -C /home/runner/work/substitution/substitution --use-compress-program unzstd
Android Tests (2)	UNKNOWN STEP	2026-02-25T19:48:41.4443735Z Cache restored successfully
Android Tests (2)	UNKNOWN STEP	2026-02-25T19:48:41.7466898Z Cache restored from key: flutter-linux-stable-3.41.2-x64-90673a4eef275d1a6692c26ac80d6d746d41a73a
Android Tests (2)	UNKNOWN STEP	2026-02-25T19:48:41.8697621Z ##[group]Run actions/cache@v4
Android Tests (2)	UNKNOWN STEP	2026-02-25T19:48:41.8697885Z with:
Android Tests (2)	UNKNOWN STEP	2026-02-25T19:48:41.8698096Z   path: /home/runner/.pub-cache
Android Tests (2)	UNKNOWN STEP	2026-02-25T19:48:41.8698892Z   key: flutter-pub-linux-stable-3.41.2-x64-90673a4eef275d1a6692c26ac80d6d746d41a73a-fabacfc13d2b7e18a7fb2822593662b03764f624bf41fd351cdabec60fb27783
Android Tests (2)	UNKNOWN STEP	2026-02-25T19:48:41.8699985Z   enableCrossOsArchive: false
Android Tests (2)	UNKNOWN STEP	2026-02-25T19:48:41.8700246Z   fail-on-cache-miss: false
Android Tests (2)	UNKNOWN STEP	2026-02-25T19:48:41.8700979Z   lookup-only: false
Android Tests (2)	UNKNOWN STEP	2026-02-25T19:48:41.8701329Z   save-always: false
Android Tests (2)	UNKNOWN STEP	2026-02-25T19:48:41.8701544Z env:
Android Tests (2)	UNKNOWN STEP	2026-02-25T19:48:41.8701723Z   CACHE_VERSION: v1
Android Tests (2)	UNKNOWN STEP	2026-02-25T19:48:41.8702044Z   JAVA_HOME: /opt/hostedtoolcache/Java_Temurin-Hotspot_jdk/17.0.18-8/x64
Android Tests (2)	UNKNOWN STEP	2026-02-25T19:48:41.8702548Z   JAVA_HOME_17_X64: /opt/hostedtoolcache/Java_Temurin-Hotspot_jdk/17.0.18-8/x64
Android Tests (2)	UNKNOWN STEP	2026-02-25T19:48:41.8702938Z ##[endgroup]
Android Tests (2)	UNKNOWN STEP	2026-02-25T19:48:42.2633700Z Cache hit for: flutter-pub-linux-stable-3.41.2-x64-90673a4eef275d1a6692c26ac80d6d746d41a73a-fabacfc13d2b7e18a7fb2822593662b03764f624bf41fd351cdabec60fb27783
Android Tests (2)	UNKNOWN STEP	2026-02-25T19:48:43.5851855Z Received 0 of 133563121 (0.0%), 0.0 MBs/sec
Android Tests (2)	UNKNOWN STEP	2026-02-25T19:48:44.6506568Z Received 133563121 of 133563121 (100.0%), 61.7 MBs/sec
Android Tests (2)	UNKNOWN STEP	2026-02-25T19:48:44.6509490Z Cache Size: ~127 MB (133563121 B)
Android Tests (2)	UNKNOWN STEP	2026-02-25T19:48:44.6574355Z [command]/usr/bin/tar -xf /home/runner/work/_temp/8f786ab8-2b55-49a7-8db3-96deda2099d7/cache.tzst -P -C /home/runner/work/substitution/substitution --use-compress-program unzstd
Android Tests (2)	UNKNOWN STEP	2026-02-25T19:48:46.2118906Z Cache restored successfully
Android Tests (2)	UNKNOWN STEP	2026-02-25T19:48:46.2478877Z Cache restored from key: flutter-pub-linux-stable-3.41.2-x64-90673a4eef275d1a6692c26ac80d6d746d41a73a-fabacfc13d2b7e18a7fb2822593662b03764f624bf41fd351cdabec60fb27783
Android Tests (2)	UNKNOWN STEP	2026-02-25T19:48:46.2604916Z ##[group]Run $GITHUB_ACTION_PATH/setup.sh \
Android Tests (2)	UNKNOWN STEP	2026-02-25T19:48:46.2605246Z [36;1m$GITHUB_ACTION_PATH/setup.sh \[0m
Android Tests (2)	UNKNOWN STEP	2026-02-25T19:48:46.2605516Z [36;1m  -n '3.41.2' \[0m
Android Tests (2)	UNKNOWN STEP	2026-02-25T19:48:46.2605743Z [36;1m  -a 'x64' \[0m
Android Tests (2)	UNKNOWN STEP	2026-02-25T19:48:46.2606031Z [36;1m  -c '/opt/hostedtoolcache/flutter/stable-3.41.2-x64' \[0m
Android Tests (2)	UNKNOWN STEP	2026-02-25T19:48:46.2606376Z [36;1m  -d '/home/runner/.pub-cache' \[0m
Android Tests (2)	UNKNOWN STEP	2026-02-25T19:48:46.2606629Z [36;1m  stable[0m
Android Tests (2)	UNKNOWN STEP	2026-02-25T19:48:46.2655108Z shell: /usr/bin/bash --noprofile --norc -e -o pipefail {0}
Android Tests (2)	UNKNOWN STEP	2026-02-25T19:48:46.2655454Z env:
Android Tests (2)	UNKNOWN STEP	2026-02-25T19:48:46.2655648Z   CACHE_VERSION: v1
Android Tests (2)	UNKNOWN STEP	2026-02-25T19:48:46.2655964Z   JAVA_HOME: /opt/hostedtoolcache/Java_Temurin-Hotspot_jdk/17.0.18-8/x64
Android Tests (2)	UNKNOWN STEP	2026-02-25T19:48:46.2656480Z   JAVA_HOME_17_X64: /opt/hostedtoolcache/Java_Temurin-Hotspot_jdk/17.0.18-8/x64
Android Tests (2)	UNKNOWN STEP	2026-02-25T19:48:46.2656868Z ##[endgroup]
Android Tests (2)	UNKNOWN STEP	2026-02-25T19:48:46.4181285Z ##[group]Run flutter precache --android
Android Tests (2)	UNKNOWN STEP	2026-02-25T19:48:46.4181658Z [36;1mflutter precache --android[0m
Android Tests (2)	UNKNOWN STEP	2026-02-25T19:48:46.4181934Z [36;1mflutter pub get[0m
Android Tests (2)	UNKNOWN STEP	2026-02-25T19:48:46.4232174Z shell: /usr/bin/bash -e {0}
Android Tests (2)	UNKNOWN STEP	2026-02-25T19:48:46.4232434Z env:
Android Tests (2)	UNKNOWN STEP	2026-02-25T19:48:46.4232605Z   CACHE_VERSION: v1
Android Tests (2)	UNKNOWN STEP	2026-02-25T19:48:46.4232929Z   JAVA_HOME: /opt/hostedtoolcache/Java_Temurin-Hotspot_jdk/17.0.18-8/x64
Android Tests (2)	UNKNOWN STEP	2026-02-25T19:48:46.4233423Z   JAVA_HOME_17_X64: /opt/hostedtoolcache/Java_Temurin-Hotspot_jdk/17.0.18-8/x64
Android Tests (2)	UNKNOWN STEP	2026-02-25T19:48:46.4233900Z   FLUTTER_ROOT: /opt/hostedtoolcache/flutter/stable-3.41.2-x64
Android Tests (2)	UNKNOWN STEP	2026-02-25T19:48:46.4234258Z   PUB_CACHE: /home/runner/.pub-cache
Android Tests (2)	UNKNOWN STEP	2026-02-25T19:48:46.4234512Z ##[endgroup]
Android Tests (2)	UNKNOWN STEP	2026-02-25T19:48:47.1179995Z Resolving dependencies...
Android Tests (2)	UNKNOWN STEP	2026-02-25T19:48:47.5389650Z Downloading packages...
Android Tests (2)	UNKNOWN STEP	2026-02-25T19:48:47.6032570Z   _fe_analyzer_shared 91.0.0 (96.0.0 available)
Android Tests (2)	UNKNOWN STEP	2026-02-25T19:48:47.6033194Z   analyzer 8.4.1 (10.2.0 available)
Android Tests (2)	UNKNOWN STEP	2026-02-25T19:48:47.6033846Z > characters 1.4.1 (was 1.4.0)
Android Tests (2)	UNKNOWN STEP	2026-02-25T19:48:47.6034299Z > matcher 0.12.18 (was 0.12.17)
Android Tests (2)	UNKNOWN STEP	2026-02-25T19:48:47.6034768Z > material_color_utilities 0.13.0 (was 0.11.1)
Android Tests (2)	UNKNOWN STEP	2026-02-25T19:48:47.6035257Z   meta 1.17.0 (1.18.1 available)
Android Tests (2)	UNKNOWN STEP	2026-02-25T19:48:47.6035734Z   sqflite_common_ffi 2.3.7+1 (2.4.0+2 available)
Android Tests (2)	UNKNOWN STEP	2026-02-25T19:48:47.6036236Z   sqlite3 2.9.4 (3.1.6 available)
Android Tests (2)	UNKNOWN STEP	2026-02-25T19:48:47.6036659Z > test_api 0.7.9 (was 0.7.7)
Android Tests (2)	UNKNOWN STEP	2026-02-25T19:48:47.6037075Z > test_core 0.6.15 (was 0.6.12)
Android Tests (2)	UNKNOWN STEP	2026-02-25T19:48:47.6037612Z   unorm_dart 0.2.0 (0.3.2 available)
Android Tests (2)	UNKNOWN STEP	2026-02-25T19:48:47.6038185Z   win32 5.15.0 (6.0.0 available)
Android Tests (2)	UNKNOWN STEP	2026-02-25T19:48:47.6038799Z Changed 5 dependencies!
Android Tests (2)	UNKNOWN STEP	2026-02-25T19:48:47.6041869Z 7 packages have newer versions incompatible with dependency constraints.
Android Tests (2)	UNKNOWN STEP	2026-02-25T19:48:47.6043458Z Try `flutter pub outdated` for more information.
Android Tests (2)	UNKNOWN STEP	2026-02-25T19:48:48.4879988Z ##[group]Run docker compose up -d postgres matrix-synapse redis
Android Tests (2)	UNKNOWN STEP	2026-02-25T19:48:48.4880881Z [36;1mdocker compose up -d postgres matrix-synapse redis[0m
Android Tests (2)	UNKNOWN STEP	2026-02-25T19:48:48.4881235Z [36;1msleep 10[0m
Android Tests (2)	UNKNOWN STEP	2026-02-25T19:48:48.4881472Z [36;1mdocker compose run --rm matrix-init[0m
Android Tests (2)	UNKNOWN STEP	2026-02-25T19:48:48.4882060Z [36;1mtimeout 60 bash -c 'until curl -sf http://localhost:8008/_matrix/client/versions > /dev/null 2>&1; do sleep 2; done'[0m
Android Tests (2)	UNKNOWN STEP	2026-02-25T19:48:48.4931009Z shell: /usr/bin/bash -e {0}
Android Tests (2)	UNKNOWN STEP	2026-02-25T19:48:48.4931251Z env:
Android Tests (2)	UNKNOWN STEP	2026-02-25T19:48:48.4931420Z   CACHE_VERSION: v1
Android Tests (2)	UNKNOWN STEP	2026-02-25T19:48:48.4931746Z   JAVA_HOME: /opt/hostedtoolcache/Java_Temurin-Hotspot_jdk/17.0.18-8/x64
Android Tests (2)	UNKNOWN STEP	2026-02-25T19:48:48.4932249Z   JAVA_HOME_17_X64: /opt/hostedtoolcache/Java_Temurin-Hotspot_jdk/17.0.18-8/x64
Android Tests (2)	UNKNOWN STEP	2026-02-25T19:48:48.4932709Z   FLUTTER_ROOT: /opt/hostedtoolcache/flutter/stable-3.41.2-x64
Android Tests (2)	UNKNOWN STEP	2026-02-25T19:48:48.4933087Z   PUB_CACHE: /home/runner/.pub-cache
Android Tests (2)	UNKNOWN STEP	2026-02-25T19:48:48.4933341Z ##[endgroup]
Android Tests (2)	UNKNOWN STEP	2026-02-25T19:48:52.0788915Z time="2026-02-25T19:48:52Z" level=warning msg="/home/runner/work/substitution/substitution/docker-compose.yml: the attribute `version` is obsolete, it will be ignored, please remove it to avoid potential confusion"
Android Tests (2)	UNKNOWN STEP	2026-02-25T19:48:52.1144519Z  redis Pulling 
Android Tests (2)	UNKNOWN STEP	2026-02-25T19:48:52.1145048Z  dex Pulling 
Android Tests (2)	UNKNOWN STEP	2026-02-25T19:48:52.1145543Z  matrix-synapse Pulling 
Android Tests (2)	UNKNOWN STEP	2026-02-25T19:48:52.1146127Z  postgres Pulling 
Android Tests (2)	UNKNOWN STEP	2026-02-25T19:48:53.2203847Z  589002ba0eae Pulling fs layer 
Android Tests (2)	UNKNOWN STEP	2026-02-25T19:48:53.2204362Z  5ffb427686b6 Pulling fs layer 
Android Tests (2)	UNKNOWN STEP	2026-02-25T19:48:53.2204686Z  630177b00352 Pulling fs layer 
Android Tests (2)	UNKNOWN STEP	2026-02-25T19:48:53.2204989Z  6c18ff1f33d0 Pulling fs layer 
Android Tests (2)	UNKNOWN STEP	2026-02-25T19:48:53.2205224Z  13e46e455d3b Pulling fs layer 
Android Tests (2)	UNKNOWN STEP	2026-02-25T19:48:53.2205440Z  b4403f29458a Pulling fs layer 
Android Tests (2)	UNKNOWN STEP	2026-02-25T19:48:53.2205676Z  40aaa75af6ce Pulling fs layer 
Android Tests (2)	UNKNOWN STEP	2026-02-25T19:48:53.2205905Z  162bdab1e0a7 Pulling fs layer 
Android Tests (2)	UNKNOWN STEP	2026-02-25T19:48:53.2206164Z  ebff7b0ec73e Pulling fs layer 
Android Tests (2)	UNKNOWN STEP	2026-02-25T19:48:53.2206395Z  c02179436571 Pulling fs layer 
Android Tests (2)	UNKNOWN STEP	2026-02-25T19:48:53.2206610Z  8243369e9866 Pulling fs layer 
Android Tests (2)	UNKNOWN STEP	2026-02-25T19:48:53.2206815Z  6c18ff1f33d0 Waiting 
Android Tests (2)	UNKNOWN STEP	2026-02-25T19:48:53.2207008Z  13e46e455d3b Waiting 
Android Tests (2)	UNKNOWN STEP	2026-02-25T19:48:53.2207197Z  b4403f29458a Waiting 
Android Tests (2)	UNKNOWN STEP	2026-02-25T19:48:53.2207380Z  40aaa75af6ce Waiting 
Android Tests (2)	UNKNOWN STEP	2026-02-25T19:48:53.2207566Z  c02179436571 Waiting 
Android Tests (2)	UNKNOWN STEP	2026-02-25T19:48:53.2207744Z  162bdab1e0a7 Waiting 
Android Tests (2)	UNKNOWN STEP	2026-02-25T19:48:53.2207923Z  ebff7b0ec73e Waiting 
Android Tests (2)	UNKNOWN STEP	2026-02-25T19:48:53.2208107Z  8243369e9866 Waiting 
Android Tests (2)	UNKNOWN STEP	2026-02-25T19:48:53.2469506Z  0c8d55a45c0d Pulling fs layer 
Android Tests (2)	UNKNOWN STEP	2026-02-25T19:48:53.2470038Z  03af238a5946 Pulling fs layer 
Android Tests (2)	UNKNOWN STEP	2026-02-25T19:48:53.2470442Z  686599c79c87 Pulling fs layer 
Android Tests (2)	UNKNOWN STEP	2026-02-25T19:48:53.2471152Z  f1cadbd7abd2 Pulling fs layer 
Android Tests (2)	UNKNOWN STEP	2026-02-25T19:48:53.2471548Z  3ee96ea8e5d2 Pulling fs layer 
Android Tests (2)	UNKNOWN STEP	2026-02-25T19:48:53.2471942Z  a954d256f742 Pulling fs layer 
Android Tests (2)	UNKNOWN STEP	2026-02-25T19:48:53.2472328Z  c7ce85987d6d Pulling fs layer 
Android Tests (2)	UNKNOWN STEP	2026-02-25T19:48:53.2472774Z  7807da78b90b Pulling fs layer 
Android Tests (2)	UNKNOWN STEP	2026-02-25T19:48:53.2473200Z  0478cd5c1079 Pulling fs layer 
Android Tests (2)	UNKNOWN STEP	2026-02-25T19:48:53.2473601Z  3a02ac06be95 Pulling fs layer 
Android Tests (2)	UNKNOWN STEP	2026-02-25T19:48:53.2473986Z  686599c79c87 Waiting 
Android Tests (2)	UNKNOWN STEP	2026-02-25T19:48:53.2474333Z  f1cadbd7abd2 Waiting 
Android Tests (2)	UNKNOWN STEP	2026-02-25T19:48:53.2474682Z  3ee96ea8e5d2 Waiting 
Android Tests (2)	UNKNOWN STEP	2026-02-25T19:48:53.2475009Z  0c8d55a45c0d Waiting 
Android Tests (2)	UNKNOWN STEP	2026-02-25T19:48:53.2475337Z  a954d256f742 Waiting 
Android Tests (2)	UNKNOWN STEP	2026-02-25T19:48:53.2475649Z  c7ce85987d6d Waiting 
Android Tests (2)	UNKNOWN STEP	2026-02-25T19:48:53.2475957Z  7807da78b90b Waiting 
Android Tests (2)	UNKNOWN STEP	2026-02-25T19:48:53.2476271Z  0478cd5c1079 Waiting 
Android Tests (2)	UNKNOWN STEP	2026-02-25T19:48:53.2476609Z  3a02ac06be95 Waiting 
Android Tests (2)	UNKNOWN STEP	2026-02-25T19:48:53.2476948Z  03af238a5946 Waiting 
Android Tests (2)	UNKNOWN STEP	2026-02-25T19:48:53.2658270Z  bc1da058f299 Pulling fs layer 
Android Tests (2)	UNKNOWN STEP	2026-02-25T19:48:53.2658940Z  09a5a0c32a23 Pulling fs layer 
Android Tests (2)	UNKNOWN STEP	2026-02-25T19:48:53.2659533Z  bd53938b1271 Pulling fs layer 
Android Tests (2)	UNKNOWN STEP	2026-02-25T19:48:53.2660142Z  9fe3744a2eac Pulling fs layer 
Android Tests (2)	UNKNOWN STEP	2026-02-25T19:48:53.2660826Z  7ad54b3c4cef Pulling fs layer 
Android Tests (2)	UNKNOWN STEP	2026-02-25T19:48:53.2661751Z  2a97533d89ca Pulling fs layer 
Android Tests (2)	UNKNOWN STEP	2026-02-25T19:48:53.2662255Z  4f4fb700ef54 Pulling fs layer 
Android Tests (2)	UNKNOWN STEP	2026-02-25T19:48:53.2663153Z  1c2c8d1ee428 Pulling fs layer 
Android Tests (2)	UNKNOWN STEP	2026-02-25T19:48:53.2663760Z  bc1da058f299 Waiting 
Android Tests (2)	UNKNOWN STEP	2026-02-25T19:48:53.2664164Z  bd53938b1271 Waiting 
Android Tests (2)	UNKNOWN STEP	2026-02-25T19:48:53.2664564Z  2a97533d89ca Waiting 
Android Tests (2)	UNKNOWN STEP	2026-02-25T19:48:53.2664864Z  4f4fb700ef54 Waiting 
Android Tests (2)	UNKNOWN STEP	2026-02-25T19:48:53.2665211Z  9fe3744a2eac Waiting 
Android Tests (2)	UNKNOWN STEP	2026-02-25T19:48:53.2665595Z  1c2c8d1ee428 Waiting 
Android Tests (2)	UNKNOWN STEP	2026-02-25T19:48:53.2665894Z  7ad54b3c4cef Waiting 
Android Tests (2)	UNKNOWN STEP	2026-02-25T19:48:53.2666205Z  09a5a0c32a23 Waiting 
Android Tests (2)	UNKNOWN STEP	2026-02-25T19:48:53.3648578Z  d25f557d7f31 Pulling fs layer 
Android Tests (2)	UNKNOWN STEP	2026-02-25T19:48:53.3649089Z  9acd5b82521c Pulling fs layer 
Android Tests (2)	UNKNOWN STEP	2026-02-25T19:48:53.3649555Z  10d78728ec4d Pulling fs layer 
Android Tests (2)	UNKNOWN STEP	2026-02-25T19:48:53.3649936Z  e0d49f520b92 Pulling fs layer 
Android Tests (2)	UNKNOWN STEP	2026-02-25T19:48:53.3650404Z  5de905603ac5 Pulling fs layer 
Android Tests (2)	UNKNOWN STEP	2026-02-25T19:48:53.3651048Z  808bb02340fa Pulling fs layer 
Android Tests (2)	UNKNOWN STEP	2026-02-25T19:48:53.3651509Z  c0970b69197c Pulling fs layer 
Android Tests (2)	UNKNOWN STEP	2026-02-25T19:48:53.3652008Z  9de5f206730a Pulling fs layer 
Android Tests (2)	UNKNOWN STEP	2026-02-25T19:48:53.3652310Z  24e28b7dc0a2 Pulling fs layer 
Android Tests (2)	UNKNOWN STEP	2026-02-25T19:48:53.3652682Z  830180cf89a8 Pulling fs layer 
Android Tests (2)	UNKNOWN STEP	2026-02-25T19:48:53.3653148Z  d25f557d7f31 Waiting 
Android Tests (2)	UNKNOWN STEP	2026-02-25T19:48:53.3653520Z  9acd5b82521c Waiting 
Android Tests (2)	UNKNOWN STEP	2026-02-25T19:48:53.3653811Z  5de905603ac5 Waiting 
Android Tests (2)	UNKNOWN STEP	2026-02-25T19:48:53.3654057Z  808bb02340fa Waiting 
Android Tests (2)	UNKNOWN STEP	2026-02-25T19:48:53.3654356Z  e0d49f520b92 Waiting 
Android Tests (2)	UNKNOWN STEP	2026-02-25T19:48:53.3654663Z  24e28b7dc0a2 Waiting 
Android Tests (2)	UNKNOWN STEP	2026-02-25T19:48:53.3654903Z  c0970b69197c Waiting 
Android Tests (2)	UNKNOWN STEP	2026-02-25T19:48:53.3655178Z  830180cf89a8 Waiting 
Android Tests (2)	UNKNOWN STEP	2026-02-25T19:48:53.3655489Z  9de5f206730a Waiting 
Android Tests (2)	UNKNOWN STEP	2026-02-25T19:48:53.4468424Z  589002ba0eae Downloading [>                                                  ]  39.49kB/3.862MB
Android Tests (2)	UNKNOWN STEP	2026-02-25T19:48:53.4490039Z  5ffb427686b6 Downloading [=====================================>             ]     721B/972B
Android Tests (2)	UNKNOWN STEP	2026-02-25T19:48:53.4491457Z  5ffb427686b6 Downloading [==================================================>]     972B/972B
Android Tests (2)	UNKNOWN STEP	2026-02-25T19:48:53.4494125Z  5ffb427686b6 Verifying Checksum 
Android Tests (2)	UNKNOWN STEP	2026-02-25T19:48:53.4494715Z  5ffb427686b6 Download complete 
Android Tests (2)	UNKNOWN STEP	2026-02-25T19:48:53.4621875Z  589002ba0eae Verifying Checksum 
Android Tests (2)	UNKNOWN STEP	2026-02-25T19:48:53.4622337Z  589002ba0eae Download complete 
Android Tests (2)	UNKNOWN STEP	2026-02-25T19:48:53.4634091Z  589002ba0eae Extracting [>                                                  ]  65.54kB/3.862MB
Android Tests (2)	UNKNOWN STEP	2026-02-25T19:48:53.4711147Z  630177b00352 Downloading [>                                                  ]  10.28kB/922.9kB
Android Tests (2)	UNKNOWN STEP	2026-02-25T19:48:53.4778809Z  630177b00352 Verifying Checksum 
Android Tests (2)	UNKNOWN STEP	2026-02-25T19:48:53.4780786Z  630177b00352 Download complete 
Android Tests (2)	UNKNOWN STEP	2026-02-25T19:48:53.5534353Z  589002ba0eae Extracting [==================================================>]  3.862MB/3.862MB
Android Tests (2)	UNKNOWN STEP	2026-02-25T19:48:53.5537144Z  589002ba0eae Extracting [==================================================>]  3.862MB/3.862MB
Android Tests (2)	UNKNOWN STEP	2026-02-25T19:48:53.5725221Z  589002ba0eae Pull complete 
Android Tests (2)	UNKNOWN STEP	2026-02-25T19:48:53.5742522Z  5ffb427686b6 Extracting [==================================================>]     972B/972B
Android Tests (2)	UNKNOWN STEP	2026-02-25T19:48:53.5745409Z  5ffb427686b6 Extracting [==================================================>]     972B/972B
Android Tests (2)	UNKNOWN STEP	2026-02-25T19:48:53.6873993Z  6c18ff1f33d0 Downloading [==================================================>]     173B/173B
Android Tests (2)	UNKNOWN STEP	2026-02-25T19:48:53.6875389Z  6c18ff1f33d0 Verifying Checksum 
Android Tests (2)	UNKNOWN STEP	2026-02-25T19:48:53.6876032Z  6c18ff1f33d0 Download complete 
Android Tests (2)	UNKNOWN STEP	2026-02-25T19:48:53.7023446Z  13e46e455d3b Downloading [==================================================>]     116B/116B
Android Tests (2)	UNKNOWN STEP	2026-02-25T19:48:53.7024215Z  13e46e455d3b Verifying Checksum 
Android Tests (2)	UNKNOWN STEP	2026-02-25T19:48:53.7024681Z  13e46e455d3b Download complete 
Android Tests (2)	UNKNOWN STEP	2026-02-25T19:48:53.7316707Z  b4403f29458a Downloading [>                                                  ]  531.2kB/105.2MB
Android Tests (2)	UNKNOWN STEP	2026-02-25T19:48:53.8324794Z  b4403f29458a Downloading [=============>                                     ]  29.41MB/105.2MB
Android Tests (2)	UNKNOWN STEP	2026-02-25T19:48:53.9292787Z  162bdab1e0a7 Download complete 
Android Tests (2)	UNKNOWN STEP	2026-02-25T19:48:53.9339667Z  b4403f29458a Downloading [==========================>                        ]  55.69MB/105.2MB
Android Tests (2)	UNKNOWN STEP	2026-02-25T19:48:53.9647823Z  40aaa75af6ce Downloading [===>                                               ]     700B/9.62kB
Android Tests (2)	UNKNOWN STEP	2026-02-25T19:48:53.9648988Z  40aaa75af6ce Downloading [==================================================>]   9.62kB/9.62kB
Android Tests (2)	UNKNOWN STEP	2026-02-25T19:48:53.9653283Z  40aaa75af6ce Verifying Checksum 
Android Tests (2)	UNKNOWN STEP	2026-02-25T19:48:53.9653871Z  40aaa75af6ce Download complete 
Android Tests (2)	UNKNOWN STEP	2026-02-25T19:48:54.0658598Z  b4403f29458a Downloading [===============================>                   ]  66.42MB/105.2MB
Android Tests (2)	UNKNOWN STEP	2026-02-25T19:48:54.1681494Z  b4403f29458a Downloading [=============================================>     ]  95.27MB/105.2MB
Android Tests (2)	UNKNOWN STEP	2026-02-25T19:48:54.1816451Z  ebff7b0ec73e Downloading [==================================================>]     170B/170B
Android Tests (2)	UNKNOWN STEP	2026-02-25T19:48:54.1820739Z  ebff7b0ec73e Download complete 
Android Tests (2)	UNKNOWN STEP	2026-02-25T19:48:54.2050023Z  c02179436571 Downloading [=====>                                             ]     700B/5.84kB
Android Tests (2)	UNKNOWN STEP	2026-02-25T19:48:54.2052587Z  c02179436571 Download complete 
Android Tests (2)	UNKNOWN STEP	2026-02-25T19:48:54.3216443Z  b4403f29458a Downloading [==============================================>    ]  97.96MB/105.2MB
Android Tests (2)	UNKNOWN STEP	2026-02-25T19:48:54.3429083Z  b4403f29458a Verifying Checksum 
Android Tests (2)	UNKNOWN STEP	2026-02-25T19:48:54.3429603Z  b4403f29458a Download complete 
Android Tests (2)	UNKNOWN STEP	2026-02-25T19:48:54.4406871Z  8243369e9866 Download complete 
Android Tests (2)	UNKNOWN STEP	2026-02-25T19:48:54.4430330Z  0c8d55a45c0d Downloading [>                                                  ]  311.3kB/29.78MB
Android Tests (2)	UNKNOWN STEP	2026-02-25T19:48:54.5449731Z  0c8d55a45c0d Downloading [==========================>                        ]  15.99MB/29.78MB
Android Tests (2)	UNKNOWN STEP	2026-02-25T19:48:54.5756111Z  03af238a5946 Downloading [>                                                  ]  13.49kB/1.293MB
Android Tests (2)	UNKNOWN STEP	2026-02-25T19:48:54.5821437Z  03af238a5946 Verifying Checksum 
Android Tests (2)	UNKNOWN STEP	2026-02-25T19:48:54.5821935Z  03af238a5946 Download complete 
Android Tests (2)	UNKNOWN STEP	2026-02-25T19:48:54.6537702Z  0c8d55a45c0d Downloading [============================================>      ]  26.69MB/29.78MB
Android Tests (2)	UNKNOWN STEP	2026-02-25T19:48:54.6930880Z  0c8d55a45c0d Verifying Checksum 
Android Tests (2)	UNKNOWN STEP	2026-02-25T19:48:54.6932099Z  0c8d55a45c0d Download complete 
Android Tests (2)	UNKNOWN STEP	2026-02-25T19:48:54.7019314Z  686599c79c87 Downloading [>                                                  ]    118kB/11.8MB
Android Tests (2)	UNKNOWN STEP	2026-02-25T19:48:54.7800117Z  686599c79c87 Verifying Checksum 
Android Tests (2)	UNKNOWN STEP	2026-02-25T19:48:54.7800999Z  686599c79c87 Download complete 
Android Tests (2)	UNKNOWN STEP	2026-02-25T19:48:54.8083155Z  0c8d55a45c0d Extracting [>                                                  ]  327.7kB/29.78MB
Android Tests (2)	UNKNOWN STEP	2026-02-25T19:48:54.8215290Z  f1cadbd7abd2 Downloading [==================================================>]     252B/252B
Android Tests (2)	UNKNOWN STEP	2026-02-25T19:48:54.8221352Z  f1cadbd7abd2 Verifying Checksum 
Android Tests (2)	UNKNOWN STEP	2026-02-25T19:48:54.8221840Z  f1cadbd7abd2 Download complete 
Android Tests (2)	UNKNOWN STEP	2026-02-25T19:48:54.9122001Z  0c8d55a45c0d Extracting [==========>                                        ]  6.226MB/29.78MB
Android Tests (2)	UNKNOWN STEP	2026-02-25T19:48:54.9378248Z  3ee96ea8e5d2 Downloading [==================================================>]     250B/250B
Android Tests (2)	UNKNOWN STEP	2026-02-25T19:48:54.9379841Z  3ee96ea8e5d2 Verifying Checksum 
Android Tests (2)	UNKNOWN STEP	2026-02-25T19:48:54.9381336Z  3ee96ea8e5d2 Download complete 
Android Tests (2)	UNKNOWN STEP	2026-02-25T19:48:55.0172801Z  0c8d55a45c0d Extracting [=================>                                 ]  10.16MB/29.78MB
Android Tests (2)	UNKNOWN STEP	2026-02-25T19:48:55.0283131Z  a954d256f742 Downloading [>                                                  ]  221.3kB/21.98MB
Android Tests (2)	UNKNOWN STEP	2026-02-25T19:48:55.1010231Z  c7ce85987d6d Downloading [==>                                                ]     719B/13.29kB
Android Tests (2)	UNKNOWN STEP	2026-02-25T19:48:55.1013877Z  c7ce85987d6d Downloading [==================================================>]  13.29kB/13.29kB
Android Tests (2)	UNKNOWN STEP	2026-02-25T19:48:55.1016499Z  c7ce85987d6d Verifying Checksum 
Android Tests (2)	UNKNOWN STEP	2026-02-25T19:48:55.1016999Z  c7ce85987d6d Download complete 
Android Tests (2)	UNKNOWN STEP	2026-02-25T19:48:55.1088463Z  a954d256f742 Verifying Checksum 
Android Tests (2)	UNKNOWN STEP	2026-02-25T19:48:55.1088821Z  a954d256f742 Download complete 
Android Tests (2)	UNKNOWN STEP	2026-02-25T19:48:55.1181234Z  0c8d55a45c0d Extracting [======================>                            ]  13.11MB/29.78MB
Android Tests (2)	UNKNOWN STEP	2026-02-25T19:48:55.1771305Z  7807da78b90b Downloading [>                                                  ]  459.4kB/45.54MB
Android Tests (2)	UNKNOWN STEP	2026-02-25T19:48:55.2187281Z  0c8d55a45c0d Extracting [==================================>                ]  20.64MB/29.78MB
Android Tests (2)	UNKNOWN STEP	2026-02-25T19:48:55.2798513Z  7807da78b90b Downloading [=====================>                             ]  19.99MB/45.54MB
Android Tests (2)	UNKNOWN STEP	2026-02-25T19:48:55.3206571Z  0c8d55a45c0d Extracting [==========================================>        ]  25.56MB/29.78MB
Android Tests (2)	UNKNOWN STEP	2026-02-25T19:48:55.3723874Z  3a02ac06be95 Downloading [==========>                                        ]     720B/3.462kB
Android Tests (2)	UNKNOWN STEP	2026-02-25T19:48:55.3725466Z  3a02ac06be95 Download complete 
Android Tests (2)	UNKNOWN STEP	2026-02-25T19:48:55.3811785Z  7807da78b90b Downloading [============================================>      ]  40.38MB/45.54MB
Android Tests (2)	UNKNOWN STEP	2026-02-25T19:48:55.4043391Z  0478cd5c1079 Downloading [==========>                                        ]     720B/3.507kB
Android Tests (2)	UNKNOWN STEP	2026-02-25T19:48:55.4050304Z  0478cd5c1079 Downloading [==================================================>]  3.507kB/3.507kB
Android Tests (2)	UNKNOWN STEP	2026-02-25T19:48:55.4054381Z  0478cd5c1079 Verifying Checksum 
Android Tests (2)	UNKNOWN STEP	2026-02-25T19:48:55.4054907Z  0478cd5c1079 Download complete 
Android Tests (2)	UNKNOWN STEP	2026-02-25T19:48:55.4079474Z  7807da78b90b Verifying Checksum 
Android Tests (2)	UNKNOWN STEP	2026-02-25T19:48:55.4080318Z  7807da78b90b Download complete 
Android Tests (2)	UNKNOWN STEP	2026-02-25T19:48:55.4844137Z  0c8d55a45c0d Extracting [============================================>      ]  26.21MB/29.78MB
Android Tests (2)	UNKNOWN STEP	2026-02-25T19:48:55.5751260Z  5ffb427686b6 Pull complete 
Android Tests (2)	UNKNOWN STEP	2026-02-25T19:48:55.5767295Z  630177b00352 Extracting [=>                                                 ]  32.77kB/922.9kB
Android Tests (2)	UNKNOWN STEP	2026-02-25T19:48:55.5901574Z  0c8d55a45c0d Extracting [===============================================>   ]  28.51MB/29.78MB
Android Tests (2)	UNKNOWN STEP	2026-02-25T19:48:55.5999822Z  630177b00352 Extracting [==================================================>]  922.9kB/922.9kB
Android Tests (2)	UNKNOWN STEP	2026-02-25T19:48:55.6221749Z  bc1da058f299 Downloading [>                                                  ]  37.51kB/3.644MB
Android Tests (2)	UNKNOWN STEP	2026-02-25T19:48:55.6386448Z  bc1da058f299 Verifying Checksum 
Android Tests (2)	UNKNOWN STEP	2026-02-25T19:48:55.6391452Z  bc1da058f299 Download complete 
Android Tests (2)	UNKNOWN STEP	2026-02-25T19:48:55.6394881Z  bc1da058f299 Extracting [>                                                  ]  65.54kB/3.644MB
Android Tests (2)	UNKNOWN STEP	2026-02-25T19:48:55.6435332Z  09a5a0c32a23 Downloading [======================================>            ]     721B/948B
Android Tests (2)	UNKNOWN STEP	2026-02-25T19:48:55.6437072Z  09a5a0c32a23 Downloading [==================================================>]     948B/948B
Android Tests (2)	UNKNOWN STEP	2026-02-25T19:48:55.6440205Z  09a5a0c32a23 Verifying Checksum 
Android Tests (2)	UNKNOWN STEP	2026-02-25T19:48:55.6441933Z  09a5a0c32a23 Download complete 
Android Tests (2)	UNKNOWN STEP	2026-02-25T19:48:55.6524139Z  bd53938b1271 Downloading [>                                                  ]  2.087kB/173.4kB
Android Tests (2)	UNKNOWN STEP	2026-02-25T19:48:55.6550462Z  bd53938b1271 Verifying Checksum 
Android Tests (2)	UNKNOWN STEP	2026-02-25T19:48:55.6551303Z  bd53938b1271 Download complete 
Android Tests (2)	UNKNOWN STEP	2026-02-25T19:48:55.7676138Z  bc1da058f299 Extracting [===>                                               ]  262.1kB/3.644MB
Android Tests (2)	UNKNOWN STEP	2026-02-25T19:48:55.7763418Z  0c8d55a45c0d Extracting [================================================>  ]  29.16MB/29.78MB
Android Tests (2)	UNKNOWN STEP	2026-02-25T19:48:55.8744614Z  0c8d55a45c0d Extracting [=================================================> ]  29.49MB/29.78MB
Android Tests (2)	UNKNOWN STEP	2026-02-25T19:48:55.8758328Z  7ad54b3c4cef Downloading [>                                                  ]  127.4kB/12.41MB
Android Tests (2)	UNKNOWN STEP	2026-02-25T19:48:55.8779997Z  bc1da058f299 Extracting [==========>                                        ]  786.4kB/3.644MB
Android Tests (2)	UNKNOWN STEP	2026-02-25T19:48:55.8912655Z  9fe3744a2eac Downloading [>                                                  ]   10.3kB/1.003MB
Android Tests (2)	UNKNOWN STEP	2026-02-25T19:48:55.8979016Z  9fe3744a2eac Verifying Checksum 
Android Tests (2)	UNKNOWN STEP	2026-02-25T19:48:55.8982215Z  9fe3744a2eac Download complete 
Android Tests (2)	UNKNOWN STEP	2026-02-25T19:48:55.9108141Z  2a97533d89ca Downloading [==================================================>]     100B/100B
Android Tests (2)	UNKNOWN STEP	2026-02-25T19:48:55.9113742Z  2a97533d89ca Verifying Checksum 
Android Tests (2)	UNKNOWN STEP	2026-02-25T19:48:55.9114243Z  2a97533d89ca Download complete 
Android Tests (2)	UNKNOWN STEP	2026-02-25T19:48:55.9417365Z  7ad54b3c4cef Verifying Checksum 
Android Tests (2)	UNKNOWN STEP	2026-02-25T19:48:55.9418643Z  7ad54b3c4cef Download complete 
Android Tests (2)	UNKNOWN STEP	2026-02-25T19:48:55.9648044Z  bc1da058f299 Extracting [==================================================>]  3.644MB/3.644MB
Android Tests (2)	UNKNOWN STEP	2026-02-25T19:48:55.9655736Z  bc1da058f299 Extracting [==================================================>]  3.644MB/3.644MB
Android Tests (2)	UNKNOWN STEP	2026-02-25T19:48:55.9735307Z  0c8d55a45c0d Extracting [==================================================>]  29.78MB/29.78MB
Android Tests (2)	UNKNOWN STEP	2026-02-25T19:48:56.0771927Z  0c8d55a45c0d Pull complete 
Android Tests (2)	UNKNOWN STEP	2026-02-25T19:48:56.1159933Z  bc1da058f299 Pull complete 
Android Tests (2)	UNKNOWN STEP	2026-02-25T19:48:56.1169000Z  03af238a5946 Extracting [=>                                                 ]  32.77kB/1.293MB
Android Tests (2)	UNKNOWN STEP	2026-02-25T19:48:56.1186392Z  09a5a0c32a23 Extracting [==================================================>]     948B/948B
Android Tests (2)	UNKNOWN STEP	2026-02-25T19:48:56.1188871Z  09a5a0c32a23 Extracting [==================================================>]     948B/948B
Android Tests (2)	UNKNOWN STEP	2026-02-25T19:48:56.1358177Z  4f4fb700ef54 Downloading [==================================================>]      32B/32B
Android Tests (2)	UNKNOWN STEP	2026-02-25T19:48:56.1360908Z  4f4fb700ef54 Verifying Checksum 
Android Tests (2)	UNKNOWN STEP	2026-02-25T19:48:56.1361390Z  4f4fb700ef54 Download complete 
Android Tests (2)	UNKNOWN STEP	2026-02-25T19:48:56.1462591Z  1c2c8d1ee428 Downloading [==================================================>]     576B/576B
Android Tests (2)	UNKNOWN STEP	2026-02-25T19:48:56.1463328Z  1c2c8d1ee428 Verifying Checksum 
Android Tests (2)	UNKNOWN STEP	2026-02-25T19:48:56.1463783Z  1c2c8d1ee428 Download complete 
Android Tests (2)	UNKNOWN STEP	2026-02-25T19:48:56.1738771Z  630177b00352 Pull complete 
Android Tests (2)	UNKNOWN STEP	2026-02-25T19:48:56.1771383Z  d25f557d7f31 Downloading [>                                                  ]  49.15kB/3.622MB
Android Tests (2)	UNKNOWN STEP	2026-02-25T19:48:56.1891717Z  d25f557d7f31 Verifying Checksum 
Android Tests (2)	UNKNOWN STEP	2026-02-25T19:48:56.1892317Z  d25f557d7f31 Download complete 
Android Tests (2)	UNKNOWN STEP	2026-02-25T19:48:56.1898607Z  d25f557d7f31 Extracting [>                                                  ]  65.54kB/3.622MB
Android Tests (2)	UNKNOWN STEP	2026-02-25T19:48:56.2145756Z  6c18ff1f33d0 Extracting [==================================================>]     173B/173B
Android Tests (2)	UNKNOWN STEP	2026-02-25T19:48:56.2149507Z  6c18ff1f33d0 Extracting [==================================================>]     173B/173B
Android Tests (2)	UNKNOWN STEP	2026-02-25T19:48:56.2285301Z  09a5a0c32a23 Pull complete 
Android Tests (2)	UNKNOWN STEP	2026-02-25T19:48:56.2352896Z  bd53938b1271 Extracting [=========>                                         ]  32.77kB/173.4kB
Android Tests (2)	UNKNOWN STEP	2026-02-25T19:48:56.2386404Z  6c18ff1f33d0 Pull complete 
Android Tests (2)	UNKNOWN STEP	2026-02-25T19:48:56.2426915Z  13e46e455d3b Extracting [==================================================>]     116B/116B
Android Tests (2)	UNKNOWN STEP	2026-02-25T19:48:56.2427807Z  13e46e455d3b Extracting [==================================================>]     116B/116B
Android Tests (2)	UNKNOWN STEP	2026-02-25T19:48:56.2441883Z  03af238a5946 Extracting [==========>                                        ]  262.1kB/1.293MB
Android Tests (2)	UNKNOWN STEP	2026-02-25T19:48:56.2506194Z  13e46e455d3b Pull complete 
Android Tests (2)	UNKNOWN STEP	2026-02-25T19:48:56.2544793Z  bd53938b1271 Extracting [==================================================>]  173.4kB/173.4kB
Android Tests (2)	UNKNOWN STEP	2026-02-25T19:48:56.2623416Z  b4403f29458a Extracting [>                                                  ]  557.1kB/105.2MB
Android Tests (2)	UNKNOWN STEP	2026-02-25T19:48:56.2917529Z  d25f557d7f31 Extracting [==================>                                ]  1.311MB/3.622MB
Android Tests (2)	UNKNOWN STEP	2026-02-25T19:48:56.2957865Z  bd53938b1271 Extracting [==================================================>]  173.4kB/173.4kB
Android Tests (2)	UNKNOWN STEP	2026-02-25T19:48:56.3542488Z  03af238a5946 Extracting [===================================>               ]  917.5kB/1.293MB
Android Tests (2)	UNKNOWN STEP	2026-02-25T19:48:56.3589645Z  d25f557d7f31 Extracting [==================================================>]  3.622MB/3.622MB
Android Tests (2)	UNKNOWN STEP	2026-02-25T19:48:56.3647458Z  b4403f29458a Extracting [>                                                  ]  1.114MB/105.2MB
Android Tests (2)	UNKNOWN STEP	2026-02-25T19:48:56.3754999Z  03af238a5946 Extracting [==================================================>]  1.293MB/1.293MB
Android Tests (2)	UNKNOWN STEP	2026-02-25T19:48:56.3790085Z  10d78728ec4d Downloading [==================================================>]     122B/122B
Android Tests (2)	UNKNOWN STEP	2026-02-25T19:48:56.3795693Z  10d78728ec4d Verifying Checksum 
Android Tests (2)	UNKNOWN STEP	2026-02-25T19:48:56.3798586Z  10d78728ec4d Download complete 
Android Tests (2)	UNKNOWN STEP	2026-02-25T19:48:56.4179476Z  d25f557d7f31 Pull complete 
Android Tests (2)	UNKNOWN STEP	2026-02-25T19:48:56.4273965Z  03af238a5946 Pull complete 
Android Tests (2)	UNKNOWN STEP	2026-02-25T19:48:56.4324703Z  686599c79c87 Extracting [>                                                  ]  131.1kB/11.8MB
Android Tests (2)	UNKNOWN STEP	2026-02-25T19:48:56.4458602Z  9acd5b82521c Downloading [>                                                  ]  1.378kB/127.5kB
Android Tests (2)	UNKNOWN STEP	2026-02-25T19:48:56.4479000Z  9acd5b82521c Downloading [==================================================>]  127.5kB/127.5kB
Android Tests (2)	UNKNOWN STEP	2026-02-25T19:48:56.4481778Z  9acd5b82521c Verifying Checksum 
Android Tests (2)	UNKNOWN STEP	2026-02-25T19:48:56.4482283Z  9acd5b82521c Download complete 
Android Tests (2)	UNKNOWN STEP	2026-02-25T19:48:56.4495727Z  9acd5b82521c Extracting [============>                                      ]  32.77kB/127.5kB
Android Tests (2)	UNKNOWN STEP	2026-02-25T19:48:56.4540161Z  9acd5b82521c Extracting [==================================================>]  127.5kB/127.5kB
Android Tests (2)	UNKNOWN STEP	2026-02-25T19:48:56.4571277Z  e0d49f520b92 Downloading [==================================================>]     961B/961B
Android Tests (2)	UNKNOWN STEP	2026-02-25T19:48:56.4576702Z  e0d49f520b92 Verifying Checksum 
Android Tests (2)	UNKNOWN STEP	2026-02-25T19:48:56.4577171Z  e0d49f520b92 Download complete 
Android Tests (2)	UNKNOWN STEP	2026-02-25T19:48:56.4660342Z  b4403f29458a Extracting [==>                                                ]  5.014MB/105.2MB
Android Tests (2)	UNKNOWN STEP	2026-02-25T19:48:56.4838319Z  9acd5b82521c Pull complete 
Android Tests (2)	UNKNOWN STEP	2026-02-25T19:48:56.4875118Z  10d78728ec4d Extracting [==================================================>]     122B/122B
Android Tests (2)	UNKNOWN STEP	2026-02-25T19:48:56.4878763Z  10d78728ec4d Extracting [==================================================>]     122B/122B
Android Tests (2)	UNKNOWN STEP	2026-02-25T19:48:56.5034011Z  10d78728ec4d Pull complete 
Android Tests (2)	UNKNOWN STEP	2026-02-25T19:48:56.5049207Z  e0d49f520b92 Extracting [==================================================>]     961B/961B
Android Tests (2)	UNKNOWN STEP	2026-02-25T19:48:56.5068433Z  e0d49f520b92 Extracting [==================================================>]     961B/961B
Android Tests (2)	UNKNOWN STEP	2026-02-25T19:48:56.5181473Z  e0d49f520b92 Pull complete 
Android Tests (2)	UNKNOWN STEP	2026-02-25T19:48:56.5205590Z  bd53938b1271 Pull complete 
Android Tests (2)	UNKNOWN STEP	2026-02-25T19:48:56.5231447Z  9fe3744a2eac Extracting [=>                                                 ]  32.77kB/1.003MB
Android Tests (2)	UNKNOWN STEP	2026-02-25T19:48:56.5461721Z  9fe3744a2eac Extracting [==================================================>]  1.003MB/1.003MB
Android Tests (2)	UNKNOWN STEP	2026-02-25T19:48:56.5464983Z  9fe3744a2eac Extracting [==================================================>]  1.003MB/1.003MB
Android Tests (2)	UNKNOWN STEP	2026-02-25T19:48:56.5483116Z  686599c79c87 Extracting [===>                                               ]  786.4kB/11.8MB
Android Tests (2)	UNKNOWN STEP	2026-02-25T19:48:56.5632985Z  9fe3744a2eac Pull complete 
Android Tests (2)	UNKNOWN STEP	2026-02-25T19:48:56.5668242Z  7ad54b3c4cef Extracting [>                                                  ]  131.1kB/12.41MB
Android Tests (2)	UNKNOWN STEP	2026-02-25T19:48:56.5719042Z  b4403f29458a Extracting [=====>                                             ]  10.58MB/105.2MB
Android Tests (2)	UNKNOWN STEP	2026-02-25T19:48:56.6601955Z  686599c79c87 Extracting [============>                                      ]  3.015MB/11.8MB
Android Tests (2)	UNKNOWN STEP	2026-02-25T19:48:56.6690802Z  7ad54b3c4cef Extracting [============>                                      ]  3.146MB/12.41MB
Android Tests (2)	UNKNOWN STEP	2026-02-25T19:48:56.6727844Z  b4403f29458a Extracting [=======>                                           ]  16.71MB/105.2MB
Android Tests (2)	UNKNOWN STEP	2026-02-25T19:48:56.6940871Z  5de905603ac5 Downloading [====>                                              ]  1.378kB/17.03kB
Android Tests (2)	UNKNOWN STEP	2026-02-25T19:48:56.6943336Z  5de905603ac5 Downloading [==================================================>]  17.03kB/17.03kB
Android Tests (2)	UNKNOWN STEP	2026-02-25T19:48:56.6944707Z  5de905603ac5 Verifying Checksum 
Android Tests (2)	UNKNOWN STEP	2026-02-25T19:48:56.6949228Z  5de905603ac5 Download complete 
Android Tests (2)	UNKNOWN STEP	2026-02-25T19:48:56.6954577Z  5de905603ac5 Extracting [==================================================>]  17.03kB/17.03kB
Android Tests (2)	UNKNOWN STEP	2026-02-25T19:48:56.6962131Z  5de905603ac5 Extracting [==================================================>]  17.03kB/17.03kB
Android Tests (2)	UNKNOWN STEP	2026-02-25T19:48:56.7167510Z  808bb02340fa Downloading [>                                                  ]  1.378kB/90.98kB
Android Tests (2)	UNKNOWN STEP	2026-02-25T19:48:56.7211347Z  808bb02340fa Downloading [==================================================>]  90.98kB/90.98kB
Android Tests (2)	UNKNOWN STEP	2026-02-25T19:48:56.7217168Z  808bb02340fa Verifying Checksum 
Android Tests (2)	UNKNOWN STEP	2026-02-25T19:48:56.7217846Z  808bb02340fa Download complete 
Android Tests (2)	UNKNOWN STEP	2026-02-25T19:48:56.7345908Z  5de905603ac5 Pull complete 
Android Tests (2)	UNKNOWN STEP	2026-02-25T19:48:56.7365796Z  808bb02340fa Extracting [==================>                                ]  32.77kB/90.98kB
Android Tests (2)	UNKNOWN STEP	2026-02-25T19:48:56.7376034Z  808bb02340fa Extracting [==================================================>]  90.98kB/90.98kB
Android Tests (2)	UNKNOWN STEP	2026-02-25T19:48:56.7397462Z  808bb02340fa Extracting [==================================================>]  90.98kB/90.98kB
Android Tests (2)	UNKNOWN STEP	2026-02-25T19:48:56.7556811Z  808bb02340fa Pull complete 
Android Tests (2)	UNKNOWN STEP	2026-02-25T19:48:56.7567924Z  c0970b69197c Downloading [>                                                  ]  162.5kB/14.88MB
Android Tests (2)	UNKNOWN STEP	2026-02-25T19:48:56.7636507Z  686599c79c87 Extracting [===============>                                   ]   3.67MB/11.8MB
Android Tests (2)	UNKNOWN STEP	2026-02-25T19:48:56.7705176Z  7ad54b3c4cef Extracting [============================>                      ]  7.078MB/12.41MB
Android Tests (2)	UNKNOWN STEP	2026-02-25T19:48:56.7745018Z  b4403f29458a Extracting [==========>                                        ]  21.17MB/105.2MB
Android Tests (2)	UNKNOWN STEP	2026-02-25T19:48:56.8656094Z  686599c79c87 Extracting [========================>                          ]  5.898MB/11.8MB
Android Tests (2)	UNKNOWN STEP	2026-02-25T19:48:56.8716061Z  7ad54b3c4cef Extracting [================================================>  ]  12.06MB/12.41MB
Android Tests (2)	UNKNOWN STEP	2026-02-25T19:48:56.8774189Z  c0970b69197c Downloading [=====================>                             ]  6.313MB/14.88MB
Android Tests (2)	UNKNOWN STEP	2026-02-25T19:48:56.8806545Z  7ad54b3c4cef Extracting [==================================================>]  12.41MB/12.41MB
Android Tests (2)	UNKNOWN STEP	2026-02-25T19:48:56.8872390Z  b4403f29458a Extracting [============>                                      ]   27.3MB/105.2MB
Android Tests (2)	UNKNOWN STEP	2026-02-25T19:48:56.9235835Z  9de5f206730a Downloading [=>                                                 ]  16.38kB/766.3kB
Android Tests (2)	UNKNOWN STEP	2026-02-25T19:48:56.9277529Z  7ad54b3c4cef Pull complete 
Android Tests (2)	UNKNOWN STEP	2026-02-25T19:48:56.9289178Z  9de5f206730a Downloading [==================================================>]  766.3kB/766.3kB
Android Tests (2)	UNKNOWN STEP	2026-02-25T19:48:56.9290172Z  2a97533d89ca Extracting [==================================================>]     100B/100B
Android Tests (2)	UNKNOWN STEP	2026-02-25T19:48:56.9293848Z  9de5f206730a Download complete 
Android Tests (2)	UNKNOWN STEP	2026-02-25T19:48:56.9307344Z  2a97533d89ca Extracting [==================================================>]     100B/100B
Android Tests (2)	UNKNOWN STEP	2026-02-25T19:48:56.9441552Z  2a97533d89ca Pull complete 
Android Tests (2)	UNKNOWN STEP	2026-02-25T19:48:56.9449647Z  4f4fb700ef54 Extracting [==================================================>]      32B/32B
Android Tests (2)	UNKNOWN STEP	2026-02-25T19:48:56.9453467Z  4f4fb700ef54 Extracting [==================================================>]      32B/32B
Android Tests (2)	UNKNOWN STEP	2026-02-25T19:48:56.9580098Z  4f4fb700ef54 Pull complete 
Android Tests (2)	UNKNOWN STEP	2026-02-25T19:48:56.9607421Z  1c2c8d1ee428 Extracting [==================================================>]     576B/576B
Android Tests (2)	UNKNOWN STEP	2026-02-25T19:48:56.9611893Z  1c2c8d1ee428 Extracting [==================================================>]     576B/576B
Android Tests (2)	UNKNOWN STEP	2026-02-25T19:48:56.9718291Z  686599c79c87 Extracting [==============================>                    ]  7.209MB/11.8MB
Android Tests (2)	UNKNOWN STEP	2026-02-25T19:48:56.9781681Z  1c2c8d1ee428 Pull complete 
Android Tests (2)	UNKNOWN STEP	2026-02-25T19:48:56.9855646Z  redis Pulled 
Android Tests (2)	UNKNOWN STEP	2026-02-25T19:48:56.9921467Z  b4403f29458a Extracting [===============>                                   ]  32.87MB/105.2MB
Android Tests (2)	UNKNOWN STEP	2026-02-25T19:48:56.9960862Z  c0970b69197c Downloading [=================================================> ]   14.6MB/14.88MB
Android Tests (2)	UNKNOWN STEP	2026-02-25T19:48:56.9984698Z  c0970b69197c Verifying Checksum 
Android Tests (2)	UNKNOWN STEP	2026-02-25T19:48:56.9985762Z  c0970b69197c Download complete 
Android Tests (2)	UNKNOWN STEP	2026-02-25T19:48:57.0014578Z  c0970b69197c Extracting [>                                                  ]  163.8kB/14.88MB
Android Tests (2)	UNKNOWN STEP	2026-02-25T19:48:57.0434580Z  24e28b7dc0a2 Downloading [>                                                  ]  1.378kB/83.13kB
Android Tests (2)	UNKNOWN STEP	2026-02-25T19:48:57.0441714Z  24e28b7dc0a2 Downloading [==================================================>]  83.13kB/83.13kB
Android Tests (2)	UNKNOWN STEP	2026-02-25T19:48:57.0443696Z  24e28b7dc0a2 Verifying Checksum 
Android Tests (2)	UNKNOWN STEP	2026-02-25T19:48:57.0444643Z  24e28b7dc0a2 Download complete 
Android Tests (2)	UNKNOWN STEP	2026-02-25T19:48:57.0963847Z  686599c79c87 Extracting [======================================>            ]  9.175MB/11.8MB
Android Tests (2)	UNKNOWN STEP	2026-02-25T19:48:57.0999161Z  b4403f29458a Extracting [==================>                                ]  39.55MB/105.2MB
Android Tests (2)	UNKNOWN STEP	2026-02-25T19:48:57.1033181Z  c0970b69197c Extracting [=================>                                 ]  5.079MB/14.88MB
Android Tests (2)	UNKNOWN STEP	2026-02-25T19:48:57.2006008Z  b4403f29458a Extracting [=====================>                             ]  46.24MB/105.2MB
Android Tests (2)	UNKNOWN STEP	2026-02-25T19:48:57.2050005Z  c0970b69197c Extracting [===================================>               ]  10.49MB/14.88MB
Android Tests (2)	UNKNOWN STEP	2026-02-25T19:48:57.2165691Z  686599c79c87 Extracting [==========================================>        ]  10.09MB/11.8MB
Android Tests (2)	UNKNOWN STEP	2026-02-25T19:48:57.2606765Z  830180cf89a8 Downloading [>                                                  ]  147.5kB/14.63MB
Android Tests (2)	UNKNOWN STEP	2026-02-25T19:48:57.2711859Z  c0970b69197c Extracting [==================================================>]  14.88MB/14.88MB
Android Tests (2)	UNKNOWN STEP	2026-02-25T19:48:57.3214162Z  686599c79c87 Extracting [============================================>      ]  10.62MB/11.8MB
Android Tests (2)	UNKNOWN STEP	2026-02-25T19:48:57.3295439Z  c0970b69197c Pull complete 
Android Tests (2)	UNKNOWN STEP	2026-02-25T19:48:57.3311334Z  9de5f206730a Extracting [==>                                                ]  32.77kB/766.3kB
Android Tests (2)	UNKNOWN STEP	2026-02-25T19:48:57.3402344Z  b4403f29458a Extracting [========================>                          ]  51.25MB/105.2MB
Android Tests (2)	UNKNOWN STEP	2026-02-25T19:48:57.3511902Z  9de5f206730a Extracting [==================================================>]  766.3kB/766.3kB
Android Tests (2)	UNKNOWN STEP	2026-02-25T19:48:57.3832998Z  9de5f206730a Pull complete 
Android Tests (2)	UNKNOWN STEP	2026-02-25T19:48:57.3850069Z  24e28b7dc0a2 Extracting [===================>                               ]  32.77kB/83.13kB
Android Tests (2)	UNKNOWN STEP	2026-02-25T19:48:57.3855947Z  24e28b7dc0a2 Extracting [==================================================>]  83.13kB/83.13kB
Android Tests (2)	UNKNOWN STEP	2026-02-25T19:48:57.3870052Z  24e28b7dc0a2 Extracting [==================================================>]  83.13kB/83.13kB
Android Tests (2)	UNKNOWN STEP	2026-02-25T19:48:57.3916689Z  830180cf89a8 Downloading [======================>                            ]  6.514MB/14.63MB
Android Tests (2)	UNKNOWN STEP	2026-02-25T19:48:57.4161407Z  24e28b7dc0a2 Pull complete 
Android Tests (2)	UNKNOWN STEP	2026-02-25T19:48:57.4321159Z  686599c79c87 Extracting [===============================================>   ]  11.14MB/11.8MB
Android Tests (2)	UNKNOWN STEP	2026-02-25T19:48:57.4500862Z  b4403f29458a Extracting [=========================>                         ]  54.59MB/105.2MB
Android Tests (2)	UNKNOWN STEP	2026-02-25T19:48:57.4961815Z  686599c79c87 Extracting [==================================================>]   11.8MB/11.8MB
Android Tests (2)	UNKNOWN STEP	2026-02-25T19:48:57.5134612Z  830180cf89a8 Downloading [====================================>              ]  10.74MB/14.63MB
Android Tests (2)	UNKNOWN STEP	2026-02-25T19:48:57.5517178Z  686599c79c87 Pull complete 
Android Tests (2)	UNKNOWN STEP	2026-02-25T19:48:57.5534585Z  f1cadbd7abd2 Extracting [==================================================>]     252B/252B
Android Tests (2)	UNKNOWN STEP	2026-02-25T19:48:57.5538294Z  f1cadbd7abd2 Extracting [==================================================>]     252B/252B
Android Tests (2)	UNKNOWN STEP	2026-02-25T19:48:57.5620003Z  b4403f29458a Extracting [=============================>                     ]  61.28MB/105.2MB
Android Tests (2)	UNKNOWN STEP	2026-02-25T19:48:57.5666594Z  f1cadbd7abd2 Pull complete 
Android Tests (2)	UNKNOWN STEP	2026-02-25T19:48:57.5680977Z  3ee96ea8e5d2 Extracting [==================================================>]     250B/250B
Android Tests (2)	UNKNOWN STEP	2026-02-25T19:48:57.5687123Z  3ee96ea8e5d2 Extracting [==================================================>]     250B/250B
Android Tests (2)	UNKNOWN STEP	2026-02-25T19:48:57.5802984Z  3ee96ea8e5d2 Pull complete 
Android Tests (2)	UNKNOWN STEP	2026-02-25T19:48:57.5820276Z  830180cf89a8 Verifying Checksum 
Android Tests (2)	UNKNOWN STEP	2026-02-25T19:48:57.5821225Z  830180cf89a8 Download complete 
Android Tests (2)	UNKNOWN STEP	2026-02-25T19:48:57.5888019Z  a954d256f742 Extracting [>                                                  ]  229.4kB/21.98MB
Android Tests (2)	UNKNOWN STEP	2026-02-25T19:48:57.5904903Z  830180cf89a8 Extracting [>                                                  ]  163.8kB/14.63MB
Android Tests (2)	UNKNOWN STEP	2026-02-25T19:48:57.6666962Z  b4403f29458a Extracting [===============================>                   ]  66.29MB/105.2MB
Android Tests (2)	UNKNOWN STEP	2026-02-25T19:48:57.6934448Z  830180cf89a8 Extracting [==============>                                    ]  4.096MB/14.63MB
Android Tests (2)	UNKNOWN STEP	2026-02-25T19:48:57.7082052Z  a954d256f742 Extracting [===>                                               ]  1.606MB/21.98MB
Android Tests (2)	UNKNOWN STEP	2026-02-25T19:48:57.7682467Z  b4403f29458a Extracting [=================================>                 ]   71.3MB/105.2MB
Android Tests (2)	UNKNOWN STEP	2026-02-25T19:48:57.7941487Z  830180cf89a8 Extracting [=============================>                     ]   8.52MB/14.63MB
Android Tests (2)	UNKNOWN STEP	2026-02-25T19:48:57.8100879Z  a954d256f742 Extracting [=======>                                           ]  3.211MB/21.98MB
Android Tests (2)	UNKNOWN STEP	2026-02-25T19:48:57.8948196Z  830180cf89a8 Extracting [========================================>          ]  11.96MB/14.63MB
Android Tests (2)	UNKNOWN STEP	2026-02-25T19:48:57.9137354Z  a954d256f742 Extracting [=================>                                 ]  7.799MB/21.98MB
Android Tests (2)	UNKNOWN STEP	2026-02-25T19:48:57.9463548Z  830180cf89a8 Extracting [==================================================>]  14.63MB/14.63MB
Android Tests (2)	UNKNOWN STEP	2026-02-25T19:48:57.9814415Z  b4403f29458a Extracting [===================================>               ]   75.2MB/105.2MB
Android Tests (2)	UNKNOWN STEP	2026-02-25T19:48:58.0156240Z  a954d256f742 Extracting [=============================>                     ]  12.85MB/21.98MB
Android Tests (2)	UNKNOWN STEP	2026-02-25T19:48:58.0351852Z  830180cf89a8 Pull complete 
Android Tests (2)	UNKNOWN STEP	2026-02-25T19:48:58.0427267Z  dex Pulled 
Android Tests (2)	UNKNOWN STEP	2026-02-25T19:48:58.1107273Z  b4403f29458a Extracting [====================================>              ]  75.76MB/105.2MB
Android Tests (2)	UNKNOWN STEP	2026-02-25T19:48:58.1232925Z  a954d256f742 Extracting [==========================================>        ]  18.58MB/21.98MB
Android Tests (2)	UNKNOWN STEP	2026-02-25T19:48:58.2193005Z  b4403f29458a Extracting [====================================>              ]  76.87MB/105.2MB
Android Tests (2)	UNKNOWN STEP	2026-02-25T19:48:58.2338783Z  a954d256f742 Extracting [==================================================>]  21.98MB/21.98MB
Android Tests (2)	UNKNOWN STEP	2026-02-25T19:48:58.2786304Z  a954d256f742 Pull complete 
Android Tests (2)	UNKNOWN STEP	2026-02-25T19:48:58.2802180Z  c7ce85987d6d Extracting [==================================================>]  13.29kB/13.29kB
Android Tests (2)	UNKNOWN STEP	2026-02-25T19:48:58.2806506Z  c7ce85987d6d Extracting [==================================================>]  13.29kB/13.29kB
Android Tests (2)	UNKNOWN STEP	2026-02-25T19:48:58.3045839Z  c7ce85987d6d Pull complete 
Android Tests (2)	UNKNOWN STEP	2026-02-25T19:48:58.3284563Z  7807da78b90b Extracting [>                                                  ]  458.8kB/45.54MB
Android Tests (2)	UNKNOWN STEP	2026-02-25T19:48:58.3338426Z  b4403f29458a Extracting [=====================================>             ]   79.1MB/105.2MB
Android Tests (2)	UNKNOWN STEP	2026-02-25T19:48:58.4470750Z  b4403f29458a Extracting [=======================================>           ]  82.44MB/105.2MB
Android Tests (2)	UNKNOWN STEP	2026-02-25T19:48:58.4945375Z  7807da78b90b Extracting [===>                                               ]  2.753MB/45.54MB
Android Tests (2)	UNKNOWN STEP	2026-02-25T19:48:58.5638170Z  b4403f29458a Extracting [=========================================>         ]  86.34MB/105.2MB
Android Tests (2)	UNKNOWN STEP	2026-02-25T19:48:58.5964944Z  7807da78b90b Extracting [=====>                                             ]  5.046MB/45.54MB
Android Tests (2)	UNKNOWN STEP	2026-02-25T19:48:58.6788839Z  b4403f29458a Extracting [===========================================>       ]   90.8MB/105.2MB
Android Tests (2)	UNKNOWN STEP	2026-02-25T19:48:58.7036980Z  7807da78b90b Extracting [=========>                                         ]  8.258MB/45.54MB
Android Tests (2)	UNKNOWN STEP	2026-02-25T19:48:58.7964858Z  b4403f29458a Extracting [===========================================>       ]  92.47MB/105.2MB
Android Tests (2)	UNKNOWN STEP	2026-02-25T19:48:58.8263266Z  7807da78b90b Extracting [==========>                                        ]  9.175MB/45.54MB
Android Tests (2)	UNKNOWN STEP	2026-02-25T19:48:58.8995181Z  b4403f29458a Extracting [================================================>  ]  101.4MB/105.2MB
Android Tests (2)	UNKNOWN STEP	2026-02-25T19:48:58.9458007Z  7807da78b90b Extracting [==============>                                    ]  12.85MB/45.54MB
Android Tests (2)	UNKNOWN STEP	2026-02-25T19:48:58.9722104Z  b4403f29458a Extracting [==================================================>]  105.2MB/105.2MB
Android Tests (2)	UNKNOWN STEP	2026-02-25T19:48:59.0502341Z  7807da78b90b Extracting [==================>                                ]  16.97MB/45.54MB
Android Tests (2)	UNKNOWN STEP	2026-02-25T19:48:59.2216361Z  7807da78b90b Extracting [=====================>                             ]  19.27MB/45.54MB
Android Tests (2)	UNKNOWN STEP	2026-02-25T19:48:59.2438214Z  b4403f29458a Pull complete 
Android Tests (2)	UNKNOWN STEP	2026-02-25T19:48:59.2449013Z  40aaa75af6ce Extracting [==================================================>]   9.62kB/9.62kB
Android Tests (2)	UNKNOWN STEP	2026-02-25T19:48:59.2459260Z  40aaa75af6ce Extracting [==================================================>]   9.62kB/9.62kB
Android Tests (2)	UNKNOWN STEP	2026-02-25T19:48:59.2664574Z  40aaa75af6ce Pull complete 
Android Tests (2)	UNKNOWN STEP	2026-02-25T19:48:59.2679226Z  162bdab1e0a7 Extracting [==================================================>]     128B/128B
Android Tests (2)	UNKNOWN STEP	2026-02-25T19:48:59.2685276Z  162bdab1e0a7 Extracting [==================================================>]     128B/128B
Android Tests (2)	UNKNOWN STEP	2026-02-25T19:48:59.2794586Z  162bdab1e0a7 Pull complete 
Android Tests (2)	UNKNOWN STEP	2026-02-25T19:48:59.2808818Z  ebff7b0ec73e Extracting [==================================================>]     170B/170B
Android Tests (2)	UNKNOWN STEP	2026-02-25T19:48:59.2818530Z  ebff7b0ec73e Extracting [==================================================>]     170B/170B
Android Tests (2)	UNKNOWN STEP	2026-02-25T19:48:59.2954279Z  ebff7b0ec73e Pull complete 
Android Tests (2)	UNKNOWN STEP	2026-02-25T19:48:59.2966897Z  c02179436571 Extracting [==================================================>]   5.84kB/5.84kB
Android Tests (2)	UNKNOWN STEP	2026-02-25T19:48:59.2972452Z  c02179436571 Extracting [==================================================>]   5.84kB/5.84kB
Android Tests (2)	UNKNOWN STEP	2026-02-25T19:48:59.3196799Z  c02179436571 Pull complete 
Android Tests (2)	UNKNOWN STEP	2026-02-25T19:48:59.3213795Z  8243369e9866 Extracting [==================================================>]     186B/186B
Android Tests (2)	UNKNOWN STEP	2026-02-25T19:48:59.3218652Z  8243369e9866 Extracting [==================================================>]     186B/186B
Android Tests (2)	UNKNOWN STEP	2026-02-25T19:48:59.3349619Z  8243369e9866 Pull complete 
Android Tests (2)	UNKNOWN STEP	2026-02-25T19:48:59.3415014Z  postgres Pulled 
Android Tests (2)	UNKNOWN STEP	2026-02-25T19:48:59.3971906Z  7807da78b90b Extracting [=======================>                           ]  21.56MB/45.54MB
Android Tests (2)	UNKNOWN STEP	2026-02-25T19:48:59.5460644Z  7807da78b90b Extracting [==============================>                    ]  27.53MB/45.54MB
Android Tests (2)	UNKNOWN STEP	2026-02-25T19:48:59.8070813Z  7807da78b90b Extracting [=================================>                 ]  30.74MB/45.54MB
Android Tests (2)	UNKNOWN STEP	2026-02-25T19:48:59.9722866Z  7807da78b90b Extracting [===================================>               ]  32.11MB/45.54MB
Android Tests (2)	UNKNOWN STEP	2026-02-25T19:49:00.0980387Z  7807da78b90b Extracting [====================================>              ]  33.03MB/45.54MB
Android Tests (2)	UNKNOWN STEP	2026-02-25T19:49:00.2366419Z  7807da78b90b Extracting [=====================================>             ]  34.41MB/45.54MB
Android Tests (2)	UNKNOWN STEP	2026-02-25T19:49:00.3761779Z  7807da78b90b Extracting [======================================>            ]  34.87MB/45.54MB
Android Tests (2)	UNKNOWN STEP	2026-02-25T19:49:00.4839518Z  7807da78b90b Extracting [============================================>      ]  40.83MB/45.54MB
Android Tests (2)	UNKNOWN STEP	2026-02-25T19:49:00.6211042Z  7807da78b90b Extracting [==============================================>    ]  42.21MB/45.54MB
Android Tests (2)	UNKNOWN STEP	2026-02-25T19:49:00.7577475Z  7807da78b90b Extracting [===============================================>   ]  43.58MB/45.54MB
Android Tests (2)	UNKNOWN STEP	2026-02-25T19:49:00.8621101Z  7807da78b90b Extracting [=================================================> ]  44.96MB/45.54MB
Android Tests (2)	UNKNOWN STEP	2026-02-25T19:49:00.8762185Z  7807da78b90b Extracting [==================================================>]  45.54MB/45.54MB
Android Tests (2)	UNKNOWN STEP	2026-02-25T19:49:01.0322376Z  7807da78b90b Pull complete 
Android Tests (2)	UNKNOWN STEP	2026-02-25T19:49:01.0334133Z  0478cd5c1079 Extracting [==================================================>]  3.507kB/3.507kB
Android Tests (2)	UNKNOWN STEP	2026-02-25T19:49:01.0337720Z  0478cd5c1079 Extracting [==================================================>]  3.507kB/3.507kB
Android Tests (2)	UNKNOWN STEP	2026-02-25T19:49:01.0411278Z  0478cd5c1079 Pull complete 
Android Tests (2)	UNKNOWN STEP	2026-02-25T19:49:01.0422087Z  3a02ac06be95 Extracting [==================================================>]  3.462kB/3.462kB
Android Tests (2)	UNKNOWN STEP	2026-02-25T19:49:01.0424319Z  3a02ac06be95 Extracting [==================================================>]  3.462kB/3.462kB
Android Tests (2)	UNKNOWN STEP	2026-02-25T19:49:01.0505381Z  3a02ac06be95 Pull complete 
Android Tests (2)	UNKNOWN STEP	2026-02-25T19:49:01.0567711Z  matrix-synapse Pulled 
Android Tests (2)	UNKNOWN STEP	2026-02-25T19:49:01.0588670Z  Network substitution_substitution_network  Creating
Android Tests (2)	UNKNOWN STEP	2026-02-25T19:49:01.0959413Z  Network substitution_substitution_network  Created
Android Tests (2)	UNKNOWN STEP	2026-02-25T19:49:01.0965103Z  Container substitution-dex-1  Creating
Android Tests (2)	UNKNOWN STEP	2026-02-25T19:49:01.0965680Z  Container substitution-postgres-1  Creating
Android Tests (2)	UNKNOWN STEP	2026-02-25T19:49:01.0966582Z  Container substitution-redis-1  Creating
Android Tests (2)	UNKNOWN STEP	2026-02-25T19:49:01.1363680Z  Container substitution-dex-1  Created
Android Tests (2)	UNKNOWN STEP	2026-02-25T19:49:01.1364513Z  Container substitution-postgres-1  Created
Android Tests (2)	UNKNOWN STEP	2026-02-25T19:49:01.1365049Z  Container substitution-redis-1  Created
Android Tests (2)	UNKNOWN STEP	2026-02-25T19:49:01.1365607Z  Container substitution-matrix-synapse-1  Creating
Android Tests (2)	UNKNOWN STEP	2026-02-25T19:49:01.1478723Z  Container substitution-matrix-synapse-1  Created
Android Tests (2)	UNKNOWN STEP	2026-02-25T19:49:01.1500996Z  Container substitution-redis-1  Starting
Android Tests (2)	UNKNOWN STEP	2026-02-25T19:49:01.1504119Z  Container substitution-postgres-1  Starting
Android Tests (2)	UNKNOWN STEP	2026-02-25T19:49:01.1504675Z  Container substitution-dex-1  Starting
Android Tests (2)	UNKNOWN STEP	2026-02-25T19:49:01.4279882Z  Container substitution-postgres-1  Started
Android Tests (2)	UNKNOWN STEP	2026-02-25T19:49:01.4365794Z  Container substitution-dex-1  Started
Android Tests (2)	UNKNOWN STEP	2026-02-25T19:49:01.4369320Z  Container substitution-dex-1  Waiting
Android Tests (2)	UNKNOWN STEP	2026-02-25T19:49:01.4369930Z  Container substitution-postgres-1  Waiting
Android Tests (2)	UNKNOWN STEP	2026-02-25T19:49:01.4518553Z  Container substitution-redis-1  Started
Android Tests (2)	UNKNOWN STEP	2026-02-25T19:49:06.9380727Z  Container substitution-dex-1  Healthy
Android Tests (2)	UNKNOWN STEP	2026-02-25T19:49:11.9381659Z  Container substitution-postgres-1  Healthy
Android Tests (2)	UNKNOWN STEP	2026-02-25T19:49:11.9382515Z  Container substitution-matrix-synapse-1  Starting
Android Tests (2)	UNKNOWN STEP	2026-02-25T19:49:12.0902958Z  Container substitution-matrix-synapse-1  Started
Android Tests (2)	UNKNOWN STEP	2026-02-25T19:49:22.1639881Z time="2026-02-25T19:49:22Z" level=warning msg="/home/runner/work/substitution/substitution/docker-compose.yml: the attribute `version` is obsolete, it will be ignored, please remove it to avoid potential confusion"
Android Tests (2)	UNKNOWN STEP	2026-02-25T19:49:22.1733047Z  Container substitution-postgres-1  Running
Android Tests (2)	UNKNOWN STEP	2026-02-25T19:49:22.1733817Z  Container substitution-dex-1  Running
Android Tests (2)	UNKNOWN STEP	2026-02-25T19:49:22.1734373Z  Container substitution-matrix-synapse-1  Running
Android Tests (2)	UNKNOWN STEP	2026-02-25T19:49:22.1746470Z  Container substitution-postgres-1  Waiting
Android Tests (2)	UNKNOWN STEP	2026-02-25T19:49:22.1746869Z  Container substitution-dex-1  Waiting
Android Tests (2)	UNKNOWN STEP	2026-02-25T19:49:22.6768733Z  Container substitution-dex-1  Healthy
Android Tests (2)	UNKNOWN STEP	2026-02-25T19:49:22.6769523Z  Container substitution-postgres-1  Healthy
Android Tests (2)	UNKNOWN STEP	2026-02-25T19:49:22.6784704Z  matrix-init Pulling 
Android Tests (2)	UNKNOWN STEP	2026-02-25T19:49:24.3323617Z  589002ba0eae Already exists 
Android Tests (2)	UNKNOWN STEP	2026-02-25T19:49:24.3340854Z  aca07fe076f1 Pulling fs layer 
Android Tests (2)	UNKNOWN STEP	2026-02-25T19:49:24.3341647Z  6dafe251d313 Pulling fs layer 
Android Tests (2)	UNKNOWN STEP	2026-02-25T19:49:24.3342768Z  fa340e77c336 Pulling fs layer 
Android Tests (2)	UNKNOWN STEP	2026-02-25T19:49:24.5646986Z  fa340e77c336 Downloading [==================================================>]     247B/247B
Android Tests (2)	UNKNOWN STEP	2026-02-25T19:49:24.5647613Z  fa340e77c336 Verifying Checksum 
Android Tests (2)	UNKNOWN STEP	2026-02-25T19:49:24.5648031Z  fa340e77c336 Download complete 
Android Tests (2)	UNKNOWN STEP	2026-02-25T19:49:24.5680724Z  6dafe251d313 Downloading [>                                                  ]  163.1kB/16.02MB
Android Tests (2)	UNKNOWN STEP	2026-02-25T19:49:24.5783199Z  aca07fe076f1 Downloading [>                                                  ]  4.824kB/460.9kB
Android Tests (2)	UNKNOWN STEP	2026-02-25T19:49:24.5848824Z  aca07fe076f1 Downloading [==================================================>]  460.9kB/460.9kB
Android Tests (2)	UNKNOWN STEP	2026-02-25T19:49:24.5849710Z  aca07fe076f1 Verifying Checksum 
Android Tests (2)	UNKNOWN STEP	2026-02-25T19:49:24.5850262Z  aca07fe076f1 Download complete 
Android Tests (2)	UNKNOWN STEP	2026-02-25T19:49:24.5874129Z  aca07fe076f1 Extracting [===>                                               ]  32.77kB/460.9kB
Android Tests (2)	UNKNOWN STEP	2026-02-25T19:49:24.6309868Z  6dafe251d313 Verifying Checksum 
Android Tests (2)	UNKNOWN STEP	2026-02-25T19:49:24.6310371Z  6dafe251d313 Download complete 
Android Tests (2)	UNKNOWN STEP	2026-02-25T19:49:24.7049309Z  aca07fe076f1 Extracting [==================================================>]  460.9kB/460.9kB
Android Tests (2)	UNKNOWN STEP	2026-02-25T19:49:24.8555344Z  aca07fe076f1 Pull complete 
Android Tests (2)	UNKNOWN STEP	2026-02-25T19:49:24.8578364Z  6dafe251d313 Extracting [>                                                  ]  163.8kB/16.02MB
Android Tests (2)	UNKNOWN STEP	2026-02-25T19:49:24.9605094Z  6dafe251d313 Extracting [========>                                          ]  2.785MB/16.02MB
Android Tests (2)	UNKNOWN STEP	2026-02-25T19:49:25.0754775Z  6dafe251d313 Extracting [=================>                                 ]  5.734MB/16.02MB
Android Tests (2)	UNKNOWN STEP	2026-02-25T19:49:25.1802250Z  6dafe251d313 Extracting [=================================>                 ]  10.81MB/16.02MB
Android Tests (2)	UNKNOWN STEP	2026-02-25T19:49:25.2997106Z  6dafe251d313 Extracting [========================================>          ]  12.94MB/16.02MB
Android Tests (2)	UNKNOWN STEP	2026-02-25T19:49:25.4026062Z  6dafe251d313 Extracting [=============================================>     ]  14.42MB/16.02MB
Android Tests (2)	UNKNOWN STEP	2026-02-25T19:49:25.5147781Z  6dafe251d313 Extracting [===============================================>   ]  15.24MB/16.02MB
Android Tests (2)	UNKNOWN STEP	2026-02-25T19:49:25.5819972Z  6dafe251d313 Extracting [==================================================>]  16.02MB/16.02MB
Android Tests (2)	UNKNOWN STEP	2026-02-25T19:49:25.6694038Z  6dafe251d313 Pull complete 
Android Tests (2)	UNKNOWN STEP	2026-02-25T19:49:25.6704927Z  fa340e77c336 Extracting [==================================================>]     247B/247B
Android Tests (2)	UNKNOWN STEP	2026-02-25T19:49:25.6709597Z  fa340e77c336 Extracting [==================================================>]     247B/247B
Android Tests (2)	UNKNOWN STEP	2026-02-25T19:49:25.6845863Z  fa340e77c336 Pull complete 
Android Tests (2)	UNKNOWN STEP	2026-02-25T19:49:25.6908801Z  matrix-init Pulled 
Android Tests (2)	UNKNOWN STEP	2026-02-25T19:49:28.4885760Z Collecting requests
Android Tests (2)	UNKNOWN STEP	2026-02-25T19:49:28.5120046Z   Downloading requests-2.32.5-py3-none-any.whl.metadata (4.9 kB)
Android Tests (2)	UNKNOWN STEP	2026-02-25T19:49:28.6323157Z Collecting charset_normalizer<4,>=2 (from requests)
Android Tests (2)	UNKNOWN STEP	2026-02-25T19:49:28.6372155Z   Downloading charset_normalizer-3.4.4-cp311-cp311-musllinux_1_2_x86_64.whl.metadata (37 kB)
Android Tests (2)	UNKNOWN STEP	2026-02-25T19:49:28.6644921Z Collecting idna<4,>=2.5 (from requests)
Android Tests (2)	UNKNOWN STEP	2026-02-25T19:49:28.6685528Z   Downloading idna-3.11-py3-none-any.whl.metadata (8.4 kB)
Android Tests (2)	UNKNOWN STEP	2026-02-25T19:49:28.7227467Z Collecting urllib3<3,>=1.21.1 (from requests)
Android Tests (2)	UNKNOWN STEP	2026-02-25T19:49:28.7261119Z   Downloading urllib3-2.6.3-py3-none-any.whl.metadata (6.9 kB)
Android Tests (2)	UNKNOWN STEP	2026-02-25T19:49:28.7550866Z Collecting certifi>=2017.4.17 (from requests)
Android Tests (2)	UNKNOWN STEP	2026-02-25T19:49:28.7582045Z   Downloading certifi-2026.2.25-py3-none-any.whl.metadata (2.5 kB)
Android Tests (2)	UNKNOWN STEP	2026-02-25T19:49:28.7775660Z Downloading requests-2.32.5-py3-none-any.whl (64 kB)
Android Tests (2)	UNKNOWN STEP	2026-02-25T19:49:28.7830843Z    ━━━━━━━━━━━━━━━━━━━━━━━━━━━━━━━━━━━━━━━━ 64.7/64.7 kB 21.3 MB/s eta 0:00:00
Android Tests (2)	UNKNOWN STEP	2026-02-25T19:49:28.7863893Z Downloading certifi-2026.2.25-py3-none-any.whl (153 kB)
Android Tests (2)	UNKNOWN STEP	2026-02-25T19:49:28.7926289Z    ━━━━━━━━━━━━━━━━━━━━━━━━━━━━━━━━━━━━━━━━ 153.7/153.7 kB 34.9 MB/s eta 0:00:00
Android Tests (2)	UNKNOWN STEP	2026-02-25T19:49:28.7994282Z Downloading charset_normalizer-3.4.4-cp311-cp311-musllinux_1_2_x86_64.whl (152 kB)
Android Tests (2)	UNKNOWN STEP	2026-02-25T19:49:28.8044384Z    ━━━━━━━━━━━━━━━━━━━━━━━━━━━━━━━━━━━━━━━━ 153.0/153.0 kB 50.4 MB/s eta 0:00:00
Android Tests (2)	UNKNOWN STEP	2026-02-25T19:49:28.8075757Z Downloading idna-3.11-py3-none-any.whl (71 kB)
Android Tests (2)	UNKNOWN STEP	2026-02-25T19:49:28.8123795Z    ━━━━━━━━━━━━━━━━━━━━━━━━━━━━━━━━━━━━━━━━ 71.0/71.0 kB 22.5 MB/s eta 0:00:00
Android Tests (2)	UNKNOWN STEP	2026-02-25T19:49:28.8155101Z Downloading urllib3-2.6.3-py3-none-any.whl (131 kB)
Android Tests (2)	UNKNOWN STEP	2026-02-25T19:49:28.8204751Z    ━━━━━━━━━━━━━━━━━━━━━━━━━━━━━━━━━━━━━━━━ 131.6/131.6 kB 42.8 MB/s eta 0:00:00
Android Tests (2)	UNKNOWN STEP	2026-02-25T19:49:28.8910052Z Installing collected packages: urllib3, idna, charset_normalizer, certifi, requests
Android Tests (2)	UNKNOWN STEP	2026-02-25T19:49:29.2261719Z Successfully installed certifi-2026.2.25 charset_normalizer-3.4.4 idna-3.11 requests-2.32.5 urllib3-2.6.3
Android Tests (2)	UNKNOWN STEP	2026-02-25T19:49:29.2264532Z WARNING: Running pip as the 'root' user can result in broken permissions and conflicting behaviour with the system package manager. It is recommended to use a virtual environment instead: https://pip.pypa.io/warnings/venv
Android Tests (2)	UNKNOWN STEP	2026-02-25T19:49:29.3091241Z 
Android Tests (2)	UNKNOWN STEP	2026-02-25T19:49:29.3092218Z [notice] A new release of pip is available: 24.0 -> 26.0.1
Android Tests (2)	UNKNOWN STEP	2026-02-25T19:49:29.3093460Z [notice] To update, run: pip install --upgrade pip
Android Tests (2)	UNKNOWN STEP	2026-02-25T19:49:36.4538401Z Initializing Matrix Synapse test server...
Android Tests (2)	UNKNOWN STEP	2026-02-25T19:49:36.4538876Z 
Android Tests (2)	UNKNOWN STEP	2026-02-25T19:49:36.4539337Z ✓ Synapse server is ready
Android Tests (2)	UNKNOWN STEP	2026-02-25T19:49:36.4539514Z 
Android Tests (2)	UNKNOWN STEP	2026-02-25T19:49:36.4539664Z Creating test users...
Android Tests (2)	UNKNOWN STEP	2026-02-25T19:49:36.4540124Z ✓ Created user: testuser1
Android Tests (2)	UNKNOWN STEP	2026-02-25T19:49:36.4540759Z ✓ Created user: testuser2
Android Tests (2)	UNKNOWN STEP	2026-02-25T19:49:36.4541250Z ✓ Created admin user: testadmin
Android Tests (2)	UNKNOWN STEP	2026-02-25T19:49:36.4541539Z 
Android Tests (2)	UNKNOWN STEP	2026-02-25T19:49:36.4541738Z Creating test rooms and populating with data...
Android Tests (2)	UNKNOWN STEP	2026-02-25T19:49:36.4542404Z ✓ Logged in user: @testadmin:test.matrix.local
Android Tests (2)	UNKNOWN STEP	2026-02-25T19:49:36.4542945Z ✓ Admin token acquired
Android Tests (2)	UNKNOWN STEP	2026-02-25T19:49:36.4543424Z ✓ Logged in user: @testuser1:test.matrix.local
Android Tests (2)	UNKNOWN STEP	2026-02-25T19:49:36.4544166Z ✓ Created room: test_general (!DlWKTIGJcjOZAEtWzt:test.matrix.local)
Android Tests (2)	UNKNOWN STEP	2026-02-25T19:49:36.4544900Z ✓ Logged in user: @testuser2:test.matrix.local
Android Tests (2)	UNKNOWN STEP	2026-02-25T19:49:36.4545358Z   ✓ User testuser2 joined room
Android Tests (2)	UNKNOWN STEP	2026-02-25T19:49:36.4545662Z ✓ Logged in user: @testadmin:test.matrix.local
Android Tests (2)	UNKNOWN STEP	2026-02-25T19:49:36.4545984Z   ✓ User testadmin joined room
Android Tests (2)	UNKNOWN STEP	2026-02-25T19:49:36.4546242Z   ✓ Published room to directory
Android Tests (2)	UNKNOWN STEP	2026-02-25T19:49:36.4546786Z   ✓ Posted 5 messages to room
Android Tests (2)	UNKNOWN STEP	2026-02-25T19:49:36.4547209Z   Seeding media messages (image, video, audio)...
Android Tests (2)	UNKNOWN STEP	2026-02-25T19:49:36.4547736Z   ✓ Uploaded media 'test_image.png': mxc://test.matrix.local/sUYSpXiIgFZpTXXHifrmDwju
Android Tests (2)	UNKNOWN STEP	2026-02-25T19:49:36.4548200Z   ✓ Posted m.image message to room
Android Tests (2)	UNKNOWN STEP	2026-02-25T19:49:36.4548653Z   ✓ Uploaded media 'test_video.mp4': mxc://test.matrix.local/seCBXpQdCzAfEEzAkhLzdMxH
Android Tests (2)	UNKNOWN STEP	2026-02-25T19:49:36.4549089Z   ✓ Posted m.video message to room
Android Tests (2)	UNKNOWN STEP	2026-02-25T19:49:36.4549576Z   ✓ Uploaded media 'test_audio.mp3': mxc://test.matrix.local/LyEFddAzXHmFaVYwzkeFgQed
Android Tests (2)	UNKNOWN STEP	2026-02-25T19:49:36.4550002Z   ✓ Posted m.audio message to room
Android Tests (2)	UNKNOWN STEP	2026-02-25T19:49:36.4550378Z ✓ Created room: test_photos (!lQXHPeEtQZdRRKZqeM:test.matrix.local)
Android Tests (2)	UNKNOWN STEP	2026-02-25T19:49:36.4551061Z ✓ Logged in user: @testuser2:test.matrix.local
Android Tests (2)	UNKNOWN STEP	2026-02-25T19:49:36.4551366Z   ✓ User testuser2 joined room
Android Tests (2)	UNKNOWN STEP	2026-02-25T19:49:36.4551655Z ✓ Logged in user: @testadmin:test.matrix.local
Android Tests (2)	UNKNOWN STEP	2026-02-25T19:49:36.4551967Z   ✓ User testadmin joined room
Android Tests (2)	UNKNOWN STEP	2026-02-25T19:49:36.4552223Z   ✓ Published room to directory
Android Tests (2)	UNKNOWN STEP	2026-02-25T19:49:36.4552489Z   ✓ Posted 3 messages to room
Android Tests (2)	UNKNOWN STEP	2026-02-25T19:49:36.4552741Z   Seeding media messages (image, video, audio)...
Android Tests (2)	UNKNOWN STEP	2026-02-25T19:49:36.4553230Z   ✓ Uploaded media 'test_image.png': mxc://test.matrix.local/MXvbihaMxEygIZRQhCIoqEPm
Android Tests (2)	UNKNOWN STEP	2026-02-25T19:49:36.4553686Z   ✓ Posted m.image message to room
Android Tests (2)	UNKNOWN STEP	2026-02-25T19:49:36.4554129Z   ✓ Uploaded media 'test_video.mp4': mxc://test.matrix.local/rPAnUpooFxbpspNWDTTYTutN
Android Tests (2)	UNKNOWN STEP	2026-02-25T19:49:36.4554565Z   ✓ Posted m.video message to room
Android Tests (2)	UNKNOWN STEP	2026-02-25T19:49:36.4554990Z   ✓ Uploaded media 'test_audio.mp3': mxc://test.matrix.local/ybyaVrRLAbQdexTNDHXkcuNm
Android Tests (2)	UNKNOWN STEP	2026-02-25T19:49:36.4555413Z   ✓ Posted m.audio message to room
Android Tests (2)	UNKNOWN STEP	2026-02-25T19:49:36.4555771Z ✓ Created room: test_art (!YuhjOISIfZhLragliP:test.matrix.local)
Android Tests (2)	UNKNOWN STEP	2026-02-25T19:49:36.4556171Z ✓ Logged in user: @testuser2:test.matrix.local
Android Tests (2)	UNKNOWN STEP	2026-02-25T19:49:36.4556474Z   ✓ User testuser2 joined room
Android Tests (2)	UNKNOWN STEP	2026-02-25T19:49:36.4556771Z ✓ Logged in user: @testadmin:test.matrix.local
Android Tests (2)	UNKNOWN STEP	2026-02-25T19:49:36.4557068Z   ✓ User testadmin joined room
Android Tests (2)	UNKNOWN STEP	2026-02-25T19:49:36.4557332Z   ✓ Published room to directory
Android Tests (2)	UNKNOWN STEP	2026-02-25T19:49:36.4557723Z ✓ Uploaded dummy avatar: mxc://test.matrix.local/BrXizpVeLqbHRGnODxMdcFWw
Android Tests (2)	UNKNOWN STEP	2026-02-25T19:49:36.4558245Z   ✓ Set room avatar to mxc://test.matrix.local/BrXizpVeLqbHRGnODxMdcFWw
Android Tests (2)	UNKNOWN STEP	2026-02-25T19:49:36.4558754Z ✓ Created room: test_invite_only (!UdBbYKJgsgaXFdrlEo:test.matrix.local)
Android Tests (2)	UNKNOWN STEP	2026-02-25T19:49:36.4559216Z   ℹ Skipping user invites for room (discovery test)
Android Tests (2)	UNKNOWN STEP	2026-02-25T19:49:36.4559539Z   ✓ Published room to directory
Android Tests (2)	UNKNOWN STEP	2026-02-25T19:49:36.4559800Z   ✓ Posted 2 messages to room
Android Tests (2)	UNKNOWN STEP	2026-02-25T19:49:36.4560156Z ✓ Created room: test_avatar (!ShTNTssUAgeEkKKcqS:test.matrix.local)
Android Tests (2)	UNKNOWN STEP	2026-02-25T19:49:36.4560776Z ✓ Logged in user: @testuser2:test.matrix.local
Android Tests (2)	UNKNOWN STEP	2026-02-25T19:49:36.4561098Z   ✓ User testuser2 joined room
Android Tests (2)	UNKNOWN STEP	2026-02-25T19:49:36.4561386Z ✓ Logged in user: @testadmin:test.matrix.local
Android Tests (2)	UNKNOWN STEP	2026-02-25T19:49:36.4561687Z   ✓ User testadmin joined room
Android Tests (2)	UNKNOWN STEP	2026-02-25T19:49:36.4561954Z   ✓ Published room to directory
Android Tests (2)	UNKNOWN STEP	2026-02-25T19:49:36.4562355Z ✓ Uploaded dummy avatar: mxc://test.matrix.local/VZxcwHdNmXAeeaHjzqeIkARN
Android Tests (2)	UNKNOWN STEP	2026-02-25T19:49:36.4562882Z   ✓ Set room avatar to mxc://test.matrix.local/VZxcwHdNmXAeeaHjzqeIkARN
Android Tests (2)	UNKNOWN STEP	2026-02-25T19:49:36.4563164Z 
Android Tests (2)	UNKNOWN STEP	2026-02-25T19:49:36.4563266Z ============================================================
Android Tests (2)	UNKNOWN STEP	2026-02-25T19:49:36.4563606Z ✅ Matrix test server initialized successfully!
Android Tests (2)	UNKNOWN STEP	2026-02-25T19:49:36.4563892Z ============================================================
Android Tests (2)	UNKNOWN STEP	2026-02-25T19:49:36.4564076Z 
Android Tests (2)	UNKNOWN STEP	2026-02-25T19:49:36.4564183Z 📝 Test Users:
Android Tests (2)	UNKNOWN STEP	2026-02-25T19:49:36.4564349Z   testuser1
Android Tests (2)	UNKNOWN STEP	2026-02-25T19:49:36.4564524Z     ID: @testuser1:test.matrix.local
Android Tests (2)	UNKNOWN STEP	2026-02-25T19:49:36.4564773Z     Password: testpass123
Android Tests (2)	UNKNOWN STEP	2026-02-25T19:49:36.4564976Z   testuser2
Android Tests (2)	UNKNOWN STEP	2026-02-25T19:49:36.4565153Z     ID: @testuser2:test.matrix.local
Android Tests (2)	UNKNOWN STEP	2026-02-25T19:49:36.4565387Z     Password: testpass123
Android Tests (2)	UNKNOWN STEP	2026-02-25T19:49:36.4565580Z   testadmin
Android Tests (2)	UNKNOWN STEP	2026-02-25T19:49:36.4565911Z     ID: @testadmin:test.matrix.local
Android Tests (2)	UNKNOWN STEP	2026-02-25T19:49:36.4566145Z     Password: testpass123
Android Tests (2)	UNKNOWN STEP	2026-02-25T19:49:36.4566386Z 
Android Tests (2)	UNKNOWN STEP	2026-02-25T19:49:36.4566488Z 🏠 Test Rooms:
Android Tests (2)	UNKNOWN STEP	2026-02-25T19:49:36.4566677Z   test_general (with messages)
Android Tests (2)	UNKNOWN STEP	2026-02-25T19:49:36.4566929Z     ID: !DlWKTIGJcjOZAEtWzt:test.matrix.local
Android Tests (2)	UNKNOWN STEP	2026-02-25T19:49:36.4567202Z   test_photos (with messages)
Android Tests (2)	UNKNOWN STEP	2026-02-25T19:49:36.4567442Z     ID: !lQXHPeEtQZdRRKZqeM:test.matrix.local
Android Tests (2)	UNKNOWN STEP	2026-02-25T19:49:36.4567699Z   test_art (empty)
Android Tests (2)	UNKNOWN STEP	2026-02-25T19:49:36.4567908Z     ID: !YuhjOISIfZhLragliP:test.matrix.local
Android Tests (2)	UNKNOWN STEP	2026-02-25T19:49:36.4568175Z   test_invite_only (with messages)
Android Tests (2)	UNKNOWN STEP	2026-02-25T19:49:36.4568430Z     ID: !UdBbYKJgsgaXFdrlEo:test.matrix.local
Android Tests (2)	UNKNOWN STEP	2026-02-25T19:49:36.4568686Z   test_avatar (empty)
Android Tests (2)	UNKNOWN STEP	2026-02-25T19:49:36.4568900Z     ID: !ShTNTssUAgeEkKKcqS:test.matrix.local
Android Tests (2)	UNKNOWN STEP	2026-02-25T19:49:36.4569086Z 
Android Tests (2)	UNKNOWN STEP	2026-02-25T19:49:36.4569222Z 🔑 Test Credentials for Integration Tests:
Android Tests (2)	UNKNOWN STEP	2026-02-25T19:49:36.4569508Z   Server:    http://matrix-synapse:8008
Android Tests (2)	UNKNOWN STEP	2026-02-25T19:49:36.4569776Z   Test User: testuser1
Android Tests (2)	UNKNOWN STEP	2026-02-25T19:49:36.4569981Z   Password:  testpass123
Android Tests (2)	UNKNOWN STEP	2026-02-25T19:49:36.4570125Z 
Android Tests (2)	UNKNOWN STEP	2026-02-25T19:49:36.4570200Z Room Status:
Android Tests (2)	UNKNOWN STEP	2026-02-25T19:49:36.4570761Z   test_general - 5 text + image/video/audio messages (for testing message lists and media rendering)
Android Tests (2)	UNKNOWN STEP	2026-02-25T19:49:36.4571344Z   test_photos  - 3 text + image/video/audio messages (for testing photo/media content)
Android Tests (2)	UNKNOWN STEP	2026-02-25T19:49:36.4571778Z   test_art     - 0 messages (for testing empty rooms)
Android Tests (2)	UNKNOWN STEP	2026-02-25T19:49:36.4572185Z ✓ Logged in user: @testuser1:test.matrix.local
Android Tests (2)	UNKNOWN STEP	2026-02-25T19:49:36.4572383Z 
Android Tests (2)	UNKNOWN STEP	2026-02-25T19:49:36.4572514Z   📋 Public room directory has 5 room(s):
Android Tests (2)	UNKNOWN STEP	2026-02-25T19:49:36.4572829Z     - test_photos (!lQXHPeEtQZdRRKZqeM:test.matrix.local)
Android Tests (2)	UNKNOWN STEP	2026-02-25T19:49:36.4573200Z     - test_art (!YuhjOISIfZhLragliP:test.matrix.local)
Android Tests (2)	UNKNOWN STEP	2026-02-25T19:49:36.4573537Z     - test_avatar (!ShTNTssUAgeEkKKcqS:test.matrix.local)
Android Tests (2)	UNKNOWN STEP	2026-02-25T19:49:36.4573878Z     - test_general (!DlWKTIGJcjOZAEtWzt:test.matrix.local)
Android Tests (2)	UNKNOWN STEP	2026-02-25T19:49:36.4574248Z     - test_invite_only (!UdBbYKJgsgaXFdrlEo:test.matrix.local)
Android Tests (2)	UNKNOWN STEP	2026-02-25T19:49:36.4574495Z 
Android Tests (2)	UNKNOWN STEP	2026-02-25T19:49:36.6090182Z ##[group]Run reactivecircus/android-emulator-runner@v2
Android Tests (2)	UNKNOWN STEP	2026-02-25T19:49:36.6090747Z with:
Android Tests (2)	UNKNOWN STEP	2026-02-25T19:49:36.6090973Z   api-level: 29
Android Tests (2)	UNKNOWN STEP	2026-02-25T19:49:36.6091164Z   target: default
Android Tests (2)	UNKNOWN STEP	2026-02-25T19:49:36.6091339Z   arch: x86_64
Android Tests (2)	UNKNOWN STEP	2026-02-25T19:49:36.6091516Z   profile: pixel_4
Android Tests (2)	UNKNOWN STEP	2026-02-25T19:49:36.6091701Z   ram-size: 2048M
Android Tests (2)	UNKNOWN STEP	2026-02-25T19:49:36.6091886Z   heap-size: 512M
Android Tests (2)	UNKNOWN STEP	2026-02-25T19:49:36.6092226Z   emulator-options: -no-window -no-audio -no-boot-anim -gpu swiftshader_indirect
Android Tests (2)	UNKNOWN STEP	2026-02-25T19:49:36.6092640Z   emulator-boot-timeout: 900
Android Tests (2)	UNKNOWN STEP	2026-02-25T19:49:36.6092871Z   disable-animations: true
Android Tests (2)	UNKNOWN STEP	2026-02-25T19:49:36.6093212Z   script: ./scripts/test.sh android --no-docker --shard 2 --total-shards 7
Android Tests (2)	UNKNOWN STEP	2026-02-25T19:49:36.6093573Z   cores: 2
Android Tests (2)	UNKNOWN STEP	2026-02-25T19:49:36.6093744Z   avd-name: test
Android Tests (2)	UNKNOWN STEP	2026-02-25T19:49:36.6093937Z   force-avd-creation: true
Android Tests (2)	UNKNOWN STEP	2026-02-25T19:49:36.6094158Z   emulator-port: 5554
Android Tests (2)	UNKNOWN STEP	2026-02-25T19:49:36.6094381Z   disable-spellchecker: false
Android Tests (2)	UNKNOWN STEP	2026-02-25T19:49:36.6094652Z   disable-linux-hw-accel: auto
Android Tests (2)	UNKNOWN STEP	2026-02-25T19:49:36.6094884Z   enable-hw-keyboard: false
Android Tests (2)	UNKNOWN STEP	2026-02-25T19:49:36.6095090Z   channel: stable
Android Tests (2)	UNKNOWN STEP	2026-02-25T19:49:36.6095265Z env:
Android Tests (2)	UNKNOWN STEP	2026-02-25T19:49:36.6095426Z   CACHE_VERSION: v1
Android Tests (2)	UNKNOWN STEP	2026-02-25T19:49:36.6095731Z   JAVA_HOME: /opt/hostedtoolcache/Java_Temurin-Hotspot_jdk/17.0.18-8/x64
Android Tests (2)	UNKNOWN STEP	2026-02-25T19:49:36.6096200Z   JAVA_HOME_17_X64: /opt/hostedtoolcache/Java_Temurin-Hotspot_jdk/17.0.18-8/x64
Android Tests (2)	UNKNOWN STEP	2026-02-25T19:49:36.6096640Z   FLUTTER_ROOT: /opt/hostedtoolcache/flutter/stable-3.41.2-x64
Android Tests (2)	UNKNOWN STEP	2026-02-25T19:49:36.6096970Z   PUB_CACHE: /home/runner/.pub-cache
Android Tests (2)	UNKNOWN STEP	2026-02-25T19:49:36.6097246Z   MATRIX_SERVER: http://localhost:8008
Android Tests (2)	UNKNOWN STEP	2026-02-25T19:49:36.6097504Z   MATRIX_TEST_USER: testuser1
Android Tests (2)	UNKNOWN STEP	2026-02-25T19:49:36.6097736Z   MATRIX_TEST_PASSWORD: testpass123
Android Tests (2)	UNKNOWN STEP	2026-02-25T19:49:36.6097968Z ##[endgroup]
Android Tests (2)	UNKNOWN STEP	2026-02-25T19:49:36.6649809Z ##[group]Configure emulator
Android Tests (2)	UNKNOWN STEP	2026-02-25T19:49:36.6656000Z You're running a Linux VM where hardware acceleration is not available. Please consider using a macOS VM instead to take advantage of native hardware acceleration support provided by HAXM.
Android Tests (2)	UNKNOWN STEP	2026-02-25T19:49:36.6658238Z API level: 29
Android Tests (2)	UNKNOWN STEP	2026-02-25T19:49:36.6658671Z System image API level: 29
Android Tests (2)	UNKNOWN STEP	2026-02-25T19:49:36.6659139Z target: default
Android Tests (2)	UNKNOWN STEP	2026-02-25T19:49:36.6659558Z CPU architecture: x86_64
Android Tests (2)	UNKNOWN STEP	2026-02-25T19:49:36.6660055Z Hardware profile: pixel_4
Android Tests (2)	UNKNOWN STEP	2026-02-25T19:49:36.6660452Z Cores: 2
Android Tests (2)	UNKNOWN STEP	2026-02-25T19:49:36.6660989Z RAM size: 2048M
Android Tests (2)	UNKNOWN STEP	2026-02-25T19:49:36.6661356Z Heap size: 512M
Android Tests (2)	UNKNOWN STEP	2026-02-25T19:49:36.6661717Z SD card path or size: 
Android Tests (2)	UNKNOWN STEP	2026-02-25T19:49:36.6662262Z Disk size: 
Android Tests (2)	UNKNOWN STEP	2026-02-25T19:49:36.6662725Z AVD name: test
Android Tests (2)	UNKNOWN STEP	2026-02-25T19:49:36.6663541Z force avd creation: true
Android Tests (2)	UNKNOWN STEP	2026-02-25T19:49:36.6664984Z Emulator boot timeout: 900
Android Tests (2)	UNKNOWN STEP	2026-02-25T19:49:36.6665782Z emulator port: 5554
Android Tests (2)	UNKNOWN STEP	2026-02-25T19:49:36.6667024Z emulator options: -no-window -no-audio -no-boot-anim -gpu swiftshader_indirect
Android Tests (2)	UNKNOWN STEP	2026-02-25T19:49:36.6667785Z disable animations: true
Android Tests (2)	UNKNOWN STEP	2026-02-25T19:49:36.6668338Z disable spellchecker: false
Android Tests (2)	UNKNOWN STEP	2026-02-25T19:49:36.6669755Z disable Linux hardware acceleration: true
Android Tests (2)	UNKNOWN STEP	2026-02-25T19:49:36.6670300Z enable hardware keyboard: false
Android Tests (2)	UNKNOWN STEP	2026-02-25T19:49:36.6672204Z Channel: 0 (stable)
Android Tests (2)	UNKNOWN STEP	2026-02-25T19:49:36.6673875Z Script:
Android Tests (2)	UNKNOWN STEP	2026-02-25T19:49:36.6674700Z ./scripts/test.sh android --no-docker --shard 2 --total-shards 7
Android Tests (2)	UNKNOWN STEP	2026-02-25T19:49:36.6675323Z Pre emulator launch script:
Android Tests (2)	UNKNOWN STEP	2026-02-25T19:49:36.6675942Z ##[endgroup]
Android Tests (2)	UNKNOWN STEP	2026-02-25T19:49:36.6678147Z ##[group]Install Android SDK
Android Tests (2)	UNKNOWN STEP	2026-02-25T19:49:36.6875835Z [command]/usr/bin/sh -c \yes | sdkmanager --licenses > /dev/null
Android Tests (2)	UNKNOWN STEP	2026-02-25T19:49:46.0838825Z Installing latest build tools, platform tools, and platform.
Android Tests (2)	UNKNOWN STEP	2026-02-25T19:49:46.0864896Z [command]/usr/bin/sh -c \sdkmanager --install 'build-tools;35.0.0' platform-tools 'platforms;android-29'> /dev/null
Android Tests (2)	UNKNOWN STEP	2026-02-25T19:49:53.8273338Z Installing latest emulator.
Android Tests (2)	UNKNOWN STEP	2026-02-25T19:49:53.8290473Z [command]/usr/bin/sh -c \sdkmanager --install emulator --channel=0 > /dev/null
Android Tests (2)	UNKNOWN STEP	2026-02-25T19:50:07.7785426Z Installing system images.
Android Tests (2)	UNKNOWN STEP	2026-02-25T19:50:07.7807851Z [command]/usr/bin/sh -c \sdkmanager --install 'system-images;android-29;default;x86_64' --channel=0 > /dev/null
Android Tests (2)	UNKNOWN STEP	2026-02-25T19:50:43.9846093Z ##[endgroup]
Android Tests (2)	UNKNOWN STEP	2026-02-25T19:50:43.9850152Z ##[group]Create AVD
Android Tests (2)	UNKNOWN STEP	2026-02-25T19:50:43.9852808Z Creating AVD.
Android Tests (2)	UNKNOWN STEP	2026-02-25T19:50:43.9875628Z [command]/usr/bin/sh -c \echo no | avdmanager create avd --force -n test --abi 'default/x86_64' --package 'system-images;android-29;default;x86_64' --device 'pixel_4'
Android Tests (2)	UNKNOWN STEP	2026-02-25T19:50:44.7805404Z Loading local repository...                                                     
Android Tests (2)	UNKNOWN STEP	2026-02-25T19:50:44.7809603Z [=========                              ] 25% Loading local repository...       
Android Tests (2)	UNKNOWN STEP	2026-02-25T19:50:44.7810867Z [=========                              ] 25% Fetch remote repository...        
Android Tests (2)	UNKNOWN STEP	2026-02-25T19:50:44.7819402Z [=======================================] 100% Fetch remote repository...       
Android Tests (2)	UNKNOWN STEP	2026-02-25T19:50:45.4118717Z [command]/usr/bin/sh -c \printf 'hw.cpu.ncore=2\nhw.ramSize=2048M\nhw.heapSize=512M\n' >> /home/runner/.android/avd/test.avd/config.ini
Android Tests (2)	UNKNOWN STEP	2026-02-25T19:50:45.4141187Z ##[endgroup]
Android Tests (2)	UNKNOWN STEP	2026-02-25T19:50:45.4143412Z ##[group]Launch Emulator
Android Tests (2)	UNKNOWN STEP	2026-02-25T19:50:45.4145367Z Disabling Linux hardware acceleration.
Android Tests (2)	UNKNOWN STEP	2026-02-25T19:50:45.4145932Z Starting emulator.
Android Tests (2)	UNKNOWN STEP	2026-02-25T19:50:45.4163479Z [command]/usr/bin/sh -c \/usr/local/lib/android/sdk/emulator/emulator -port 5554 -avd test -no-window -no-audio -no-boot-anim -gpu swiftshader_indirect -accel off &
Android Tests (2)	UNKNOWN STEP	2026-02-25T19:50:45.4306863Z INFO         | Android emulator version 36.4.9.0 (build_id 14788078) (CL:N/A)
Android Tests (2)	UNKNOWN STEP	2026-02-25T19:50:45.4307577Z INFO         | Graphics backend: gfxstream
Android Tests (2)	UNKNOWN STEP	2026-02-25T19:50:45.4308156Z INFO         | Found systemPath /usr/local/lib/android/sdk/system-images/android-29/default/x86_64/
Android Tests (2)	UNKNOWN STEP	2026-02-25T19:50:45.6575894Z ProbeKVM: This user doesn't have permissions to use KVM (/dev/kvm).
Android Tests (2)	UNKNOWN STEP	2026-02-25T19:50:45.6576744Z The KVM line in /etc/group is: [kvm:x:993:]
Android Tests (2)	UNKNOWN STEP	2026-02-25T19:50:45.6577160Z 
Android Tests (2)	UNKNOWN STEP	2026-02-25T19:50:45.6577769Z If the current user has KVM permissions,
Android Tests (2)	UNKNOWN STEP	2026-02-25T19:50:45.6578644Z the KVM line in /etc/group should end with ":" followed by your username.
Android Tests (2)	UNKNOWN STEP	2026-02-25T19:50:45.6579322Z 
Android Tests (2)	UNKNOWN STEP	2026-02-25T19:50:45.6579732Z If we see LINE_NOT_FOUND, the kvm group may need to be created along with permissions:
Android Tests (2)	UNKNOWN STEP	2026-02-25T19:50:45.6580917Z     sudo groupadd -r kvm
Android Tests (2)	UNKNOWN STEP	2026-02-25T19:50:45.6581745Z     # Then ensure /lib/udev/rules.d/50-udev-default.rules contains something like:
Android Tests (2)	UNKNOWN STEP	2026-02-25T19:50:45.6582701Z     # KERNEL=="kvm", GROUP="kvm", MODE="0660"
Android Tests (2)	UNKNOWN STEP	2026-02-25T19:50:45.6583308Z     # and then run:
Android Tests (2)	UNKNOWN STEP	2026-02-25T19:50:45.6583767Z     sudo gpasswd -a $USER kvm
Android Tests (2)	UNKNOWN STEP	2026-02-25T19:50:45.6584108Z 
Android Tests (2)	UNKNOWN STEP	2026-02-25T19:50:45.6584797Z If we see kvm:... but no username at the end, running the following command may allow KVM access:
Android Tests (2)	UNKNOWN STEP	2026-02-25T19:50:45.6585935Z     sudo gpasswd -a $USER kvm
Android Tests (2)	UNKNOWN STEP	2026-02-25T19:50:45.6586329Z 
Android Tests (2)	UNKNOWN STEP	2026-02-25T19:50:45.6586682Z You may need to log out and back in for changes to take effect.
Android Tests (2)	UNKNOWN STEP	2026-02-25T19:50:45.6587212Z 
Android Tests (2)	UNKNOWN STEP	2026-02-25T19:50:46.2488094Z INFO         | Increasing RAM size to 2048MB
Android Tests (2)	UNKNOWN STEP	2026-02-25T19:50:46.2493823Z ##############################################################################
Android Tests (2)	UNKNOWN STEP	2026-02-25T19:50:46.2494744Z ##                        WARNING - ACTION REQUIRED                         ##
Android Tests (2)	UNKNOWN STEP	2026-02-25T19:50:46.2495597Z ##  Consider using the '-metrics-collection' flag to help improve the       ##
Android Tests (2)	UNKNOWN STEP	2026-02-25T19:50:46.2496192Z ##  emulator by sending anonymized usage data. Or use the '-no-metrics'     ##
Android Tests (2)	UNKNOWN STEP	2026-02-25T19:50:46.2496697Z ##  flag to bypass this warning and turn off the metrics collection.        ##
Android Tests (2)	UNKNOWN STEP	2026-02-25T19:50:46.2497189Z ##  In a future release this warning will turn into a one-time blocking     ##
Android Tests (2)	UNKNOWN STEP	2026-02-25T19:50:46.2497677Z ##  prompt to ask for explicit user input regarding metrics collection.     ##
Android Tests (2)	UNKNOWN STEP	2026-02-25T19:50:46.2498077Z ##                                                                          ##
Android Tests (2)	UNKNOWN STEP	2026-02-25T19:50:46.2498479Z ##  Please see '-help-metrics-collection' for more details. You can use     ##
Android Tests (2)	UNKNOWN STEP	2026-02-25T19:50:46.2499301Z ##  '-metrics-to-file' or '-metrics-to-console' flags to see what type of   ##
Android Tests (2)	UNKNOWN STEP	2026-02-25T19:50:46.2499789Z ##  data is being collected by emulator as part of usage statistics.        ##
Android Tests (2)	UNKNOWN STEP	2026-02-25T19:50:46.2500182Z ##############################################################################
Android Tests (2)	UNKNOWN STEP	2026-02-25T19:50:46.2500722Z INFO         | Guest GLES Driver: Auto (ext controls)
Android Tests (2)	UNKNOWN STEP	2026-02-25T19:50:46.2501273Z INFO         | emuglConfig_init: vulkan_mode_selected:swiftshader gles_mode_selected:swiftshader
Android Tests (2)	UNKNOWN STEP	2026-02-25T19:50:46.2501803Z WARNING      | FeatureControl is requesting a non existing feature.
Android Tests (2)	UNKNOWN STEP	2026-02-25T19:50:46.2502177Z INFO         | Checking system compatibility:
Android Tests (2)	UNKNOWN STEP	2026-02-25T19:50:46.2502474Z INFO         |   Checking: hasSufficientDiskSpace
Android Tests (2)	UNKNOWN STEP	2026-02-25T19:50:46.2502829Z INFO         |      Ok: Disk space requirements to run avd: `test` are met
Android Tests (2)	UNKNOWN STEP	2026-02-25T19:50:46.2503182Z INFO         |   Checking: hasSufficientHwGpu
Android Tests (2)	UNKNOWN STEP	2026-02-25T19:50:46.2503520Z INFO         |      Ok: Hardware GPU compatibility checks are not required
Android Tests (2)	UNKNOWN STEP	2026-02-25T19:50:46.2503884Z INFO         |   Checking: hasSufficientSystem
Android Tests (2)	UNKNOWN STEP	2026-02-25T19:50:46.2504213Z INFO         |      Ok: System requirements to run avd: `test` are met
Android Tests (2)	UNKNOWN STEP	2026-02-25T19:50:46.2504624Z WARNING      | x86_64 emulation may not work without hardware acceleration!
Android Tests (2)	UNKNOWN STEP	2026-02-25T19:50:46.2505064Z WARNING      | FeatureControl is requesting a non existing feature.
Android Tests (2)	UNKNOWN STEP	2026-02-25T19:50:46.2505455Z ERROR        | Unable to connect to adb daemon on port: 5037
Android Tests (2)	UNKNOWN STEP	2026-02-25T19:50:46.2506017Z INFO         | Storing crashdata in: /tmp/android-runner/emu-crash-36.4.9.db, detection is enabled for process: 5057
Android Tests (2)	UNKNOWN STEP	2026-02-25T19:50:46.2506523Z INFO         | Initializing gfxstream backend
Android Tests (2)	UNKNOWN STEP	2026-02-25T19:50:46.2506822Z INFO         | android_startOpenglesRenderer: gpu info
Android Tests (2)	UNKNOWN STEP	2026-02-25T19:50:46.2507101Z INFO         | 
Android Tests (2)	UNKNOWN STEP	2026-02-25T19:50:46.2507373Z INFO         | initIcdPaths: ICD set to 'swiftshader', using Swiftshader ICD
Android Tests (2)	UNKNOWN STEP	2026-02-25T19:50:46.2507983Z INFO         | Setting ICD filenames for the loader = /usr/local/lib/android/sdk/emulator/lib64/vulkan/vk_swiftshader_icd.json
Android Tests (2)	UNKNOWN STEP	2026-02-25T19:50:46.2508987Z INFO         | SharedLibrary::open for [/usr/local/lib/android/sdk/emulator/qemu/linux-x86_64/lib64/vulkan/libvulkan.so]
Android Tests (2)	UNKNOWN STEP	2026-02-25T19:50:46.2509747Z INFO         | SharedLibrary::open for [/usr/local/lib/android/sdk/emulator/qemu/linux-x86_64/lib64/vulkan/libvulkan.so.1]
Android Tests (2)	UNKNOWN STEP	2026-02-25T19:50:46.2510420Z INFO         | SharedLibrary::open for [/usr/local/lib/android/sdk/emulator/lib64/vulkan/libvulkan.so]
Android Tests (2)	UNKNOWN STEP	2026-02-25T19:50:46.2511214Z INFO         | Added library: /usr/local/lib/android/sdk/emulator/lib64/vulkan/libvulkan.so
Android Tests (2)	UNKNOWN STEP	2026-02-25T19:50:46.2511735Z INFO         | Selecting Vulkan device: SwiftShader Device (Subzero), Version: 1.3.0
Android Tests (2)	UNKNOWN STEP	2026-02-25T19:50:46.2512138Z INFO         | SharedLibrary::open for [libX11]
Android Tests (2)	UNKNOWN STEP	2026-02-25T19:50:46.2512451Z WARNING      | Could not open libX11.so, try libX11.so.6
Android Tests (2)	UNKNOWN STEP	2026-02-25T19:50:46.2512777Z INFO         | SharedLibrary::open for [libX11.so.6]
Android Tests (2)	UNKNOWN STEP	2026-02-25T19:50:46.2513094Z INFO         | SharedLibrary::open for [libX11-xcb]
Android Tests (2)	UNKNOWN STEP	2026-02-25T19:50:46.2513441Z WARNING      | Could not open libX11-xcb.so, try libX11-xcb.so.1
Android Tests (2)	UNKNOWN STEP	2026-02-25T19:50:46.2513805Z INFO         | SharedLibrary::open for [libX11-xcb.so.1]
Android Tests (2)	UNKNOWN STEP	2026-02-25T19:50:46.2514118Z INFO         | Initializing VkEmulation features:
Android Tests (2)	UNKNOWN STEP	2026-02-25T19:50:46.2514415Z INFO         |     glInteropSupported: false
Android Tests (2)	UNKNOWN STEP	2026-02-25T19:50:46.2514685Z INFO         |     useDeferredCommands: true
Android Tests (2)	UNKNOWN STEP	2026-02-25T19:50:46.2514982Z INFO         |     createResourceWithRequirements: true
Android Tests (2)	UNKNOWN STEP	2026-02-25T19:50:46.2515288Z INFO         |     useVulkanComposition: false
Android Tests (2)	UNKNOWN STEP	2026-02-25T19:50:46.2515596Z INFO         |     useVulkanNativeSwapchain: false
Android Tests (2)	UNKNOWN STEP	2026-02-25T19:50:46.2515896Z INFO         |     enable guestRenderDoc: false
Android Tests (2)	UNKNOWN STEP	2026-02-25T19:50:46.2516178Z INFO         |     ASTC LDR emulation mode: Gpu
Android Tests (2)	UNKNOWN STEP	2026-02-25T19:50:46.2516446Z INFO         |     enable ETC2 emulation: true
Android Tests (2)	UNKNOWN STEP	2026-02-25T19:50:46.2516723Z INFO         |     enable Ycbcr emulation: false
Android Tests (2)	UNKNOWN STEP	2026-02-25T19:50:46.2517003Z INFO         |     guestVulkanOnly: false
Android Tests (2)	UNKNOWN STEP	2026-02-25T19:50:46.2517406Z INFO         |     useDedicatedAllocations: false
Android Tests (2)	UNKNOWN STEP	2026-02-25T19:50:46.2517738Z INFO         | Graphics Adapter Vendor Google (Google Inc.)
Android Tests (2)	UNKNOWN STEP	2026-02-25T19:50:46.2518178Z INFO         | Graphics Adapter Android Emulator OpenGL ES Translator (Google SwiftShader)
Android Tests (2)	UNKNOWN STEP	2026-02-25T19:50:46.2518697Z INFO         | Graphics API Version OpenGL ES 3.0 (OpenGL ES 3.0 SwiftShader 4.0.0.1)
Android Tests (2)	UNKNOWN STEP	2026-02-25T19:50:46.2722842Z INFO         | Graphics API Extensions GL_OES_EGL_sync GL_OES_EGL_image GL_OES_EGL_image_external GL_OES_depth24 GL_OES_depth32 GL_OES_element_index_uint GL_OESWARNING: cannnot unmap ptr 0x7f7ea1e01000 as it is in the protected range from 0x7f7e21e00000 to 0x7f7ea2000000
Android Tests (2)	UNKNOWN STEP	2026-02-25T19:50:46.2869305Z _texture_float GL_OES_texture_float_linear GL_OES_compressed_paletted_texture GL_OES_compressed_ETC1_RGB8_texture GL_OES_depth_texture GL_OES_texture_half_float GL_OES_texture_half_float_linear GL_OES_packed_depth_stencil GL_OES_vertex_half_float GL_OES_standard_derivatives GL_OES_texture_npot GL_OES_rgb8_rgba8 GL_EXT_color_buffer_float GL_EXT_color_buffer_half_float GL_EXT_texture_format_BGRA8888 GL_APPLE_texture_format_BGRA8888 
Android Tests (2)	UNKNOWN STEP	2026-02-25T19:50:46.2872835Z INFO         | Graphics Device Extensions N/A
Android Tests (2)	UNKNOWN STEP	2026-02-25T19:50:46.2873393Z INFO         | Disabling sparse binding feature support
Android Tests (2)	UNKNOWN STEP	2026-02-25T19:50:46.2873942Z INFO         | Userspace boot properties:
Android Tests (2)	UNKNOWN STEP	2026-02-25T19:50:46.2874423Z INFO         |   android.bootanim=0
Android Tests (2)	UNKNOWN STEP	2026-02-25T19:50:46.2874850Z INFO         |   android.qemud=1
Android Tests (2)	UNKNOWN STEP	2026-02-25T19:50:46.2875464Z INFO         |   androidboot.boot_devices=pci0000:00/0000:00:03.0 pci0000:00/0000:00:06.0
Android Tests (2)	UNKNOWN STEP	2026-02-25T19:50:46.2876191Z INFO         |   androidboot.hardware=ranchu
Android Tests (2)	UNKNOWN STEP	2026-02-25T19:50:46.2876731Z INFO         |   androidboot.hardware.vulkan=ranchu
Android Tests (2)	UNKNOWN STEP	2026-02-25T19:50:46.2877304Z INFO         |   androidboot.serialno=EMULATOR36X4X9X0
Android Tests (2)	UNKNOWN STEP	2026-02-25T19:50:46.2878193Z INFO         |   androidboot.vbmeta.digest=0893f0f3bac935802e7658f39b766acd7344cd0553606784a98cb6a38c2a8629
Android Tests (2)	UNKNOWN STEP	2026-02-25T19:50:46.2879406Z INFO         |   androidboot.vbmeta.hash_alg=sha256
Android Tests (2)	UNKNOWN STEP	2026-02-25T19:50:46.2879936Z INFO         |   androidboot.vbmeta.size=4352
Android Tests (2)	UNKNOWN STEP	2026-02-25T19:50:46.2880378Z INFO         |   qemu=1
Android Tests (2)	UNKNOWN STEP	2026-02-25T19:50:46.2880953Z INFO         |   qemu.avd_name=test
Android Tests (2)	UNKNOWN STEP	2026-02-25T19:50:46.2881420Z INFO         |   qemu.camera_hq_edge_processing=0
Android Tests (2)	UNKNOWN STEP	2026-02-25T19:50:46.2881926Z INFO         |   qemu.dalvik.vm.heapsize=512m
Android Tests (2)	UNKNOWN STEP	2026-02-25T19:50:46.2882428Z INFO         |   qemu.encrypt=1
Android Tests (2)	UNKNOWN STEP	2026-02-25T19:50:46.2882874Z INFO         |   qemu.gles=1
Android Tests (2)	UNKNOWN STEP	2026-02-25T19:50:46.2883291Z INFO         |   qemu.gltransport=pipe
Android Tests (2)	UNKNOWN STEP	2026-02-25T19:50:46.2883829Z INFO         |   qemu.gltransport.drawFlushInterval=800
Android Tests (2)	UNKNOWN STEP	2026-02-25T19:50:46.2884386Z INFO         |   qemu.opengles.version=196608
Android Tests (2)	UNKNOWN STEP	2026-02-25T19:50:46.2884975Z INFO         |   qemu.settings.system.screen_off_timeout=2147483647
Android Tests (2)	UNKNOWN STEP	2026-02-25T19:50:46.2885552Z INFO         |   qemu.skin=1080x2280
Android Tests (2)	UNKNOWN STEP	2026-02-25T19:50:46.2886010Z INFO         |   qemu.uirenderer=skiagl
Android Tests (2)	UNKNOWN STEP	2026-02-25T19:50:46.2886445Z INFO         |   qemu.vsync=60
Android Tests (2)	UNKNOWN STEP	2026-02-25T19:50:46.2886839Z INFO         |   qemu.wifi=1
Android Tests (2)	UNKNOWN STEP	2026-02-25T19:50:46.2887370Z TCG doesn't support requested feature: CPUID.01H:ECX.avx [bit 28]
Android Tests (2)	UNKNOWN STEP	2026-02-25T19:50:46.2888106Z TCG doesn't support requested feature: CPUID.01H:ECX.f16c [bit 29]
Android Tests (2)	UNKNOWN STEP	2026-02-25T19:50:46.2888821Z TCG doesn't support requested feature: CPUID.01H:ECX.avx [bit 28]
Android Tests (2)	UNKNOWN STEP	2026-02-25T19:50:46.2889539Z TCG doesn't support requested feature: CPUID.01H:ECX.f16c [bit 29]
Android Tests (2)	UNKNOWN STEP	2026-02-25T19:50:46.2890190Z INFO         | Monitoring duration of emulator setup.
Android Tests (2)	UNKNOWN STEP	2026-02-25T19:50:46.3057320Z INFO         | Setting display: 0 configuration to: 1080x2280, dpi: 440x440 
Android Tests (2)	UNKNOWN STEP	2026-02-25T19:50:46.3058041Z INFO         | setDisplayActiveConfig 0
Android Tests (2)	UNKNOWN STEP	2026-02-25T19:50:46.3149940Z INFO         | Loading snapshot 'default_boot'...
Android Tests (2)	UNKNOWN STEP	2026-02-25T19:50:46.3152430Z WARNING      | Failed to process .ini file /home/runner/.android/emu-update-last-check.ini for reading.
Android Tests (2)	UNKNOWN STEP	2026-02-25T19:50:46.3272795Z WARNING      | Device 'cache' does not have the requested snapshot 'default_boot'
Android Tests (2)	UNKNOWN STEP	2026-02-25T19:50:46.3273649Z 
Android Tests (2)	UNKNOWN STEP	2026-02-25T19:50:46.3273906Z WARNING      | Failed to load snapshot 'default_boot'
Android Tests (2)	UNKNOWN STEP	2026-02-25T19:50:46.3275053Z USER_INFO    | The emulator is performing a cold boot without a saved state because there's no snapshot and you have configured it not to save on exit.
Android Tests (2)	UNKNOWN STEP	2026-02-25T19:50:47.4249676Z WARNING      | Failed to process .ini file /home/runner/.android/emu-update-last-check.ini for reading.
Android Tests (2)	UNKNOWN STEP	2026-02-25T19:50:55.4214715Z [command]/usr/local/lib/android/sdk/platform-tools/adb -s emulator-5554 shell getprop sys.boot_completed
Android Tests (2)	UNKNOWN STEP	2026-02-25T19:50:55.4416179Z * daemon not running; starting now at tcp:5037
Android Tests (2)	UNKNOWN STEP	2026-02-25T19:50:55.5438712Z * daemon started successfully
Android Tests (2)	UNKNOWN STEP	2026-02-25T19:50:55.5673557Z adb: device offline
Android Tests (2)	UNKNOWN STEP	2026-02-25T19:50:55.5683914Z The process '/usr/local/lib/android/sdk/platform-tools/adb' failed with exit code 1
Android Tests (2)	UNKNOWN STEP	2026-02-25T19:50:57.5735676Z [command]/usr/local/lib/android/sdk/platform-tools/adb -s emulator-5554 shell getprop sys.boot_completed
Android Tests (2)	UNKNOWN STEP	2026-02-25T19:50:57.5770840Z adb: device offline
Android Tests (2)	UNKNOWN STEP	2026-02-25T19:50:57.5778194Z The process '/usr/local/lib/android/sdk/platform-tools/adb' failed with exit code 1
Android Tests (2)	UNKNOWN STEP	2026-02-25T19:50:59.5826896Z [command]/usr/local/lib/android/sdk/platform-tools/adb -s emulator-5554 shell getprop sys.boot_completed
Android Tests (2)	UNKNOWN STEP	2026-02-25T19:50:59.5862138Z adb: device offline
Android Tests (2)	UNKNOWN STEP	2026-02-25T19:50:59.5868455Z The process '/usr/local/lib/android/sdk/platform-tools/adb' failed with exit code 1
Android Tests (2)	UNKNOWN STEP	2026-02-25T19:51:01.5908203Z [command]/usr/local/lib/android/sdk/platform-tools/adb -s emulator-5554 shell getprop sys.boot_completed
Android Tests (2)	UNKNOWN STEP	2026-02-25T19:51:01.5945335Z adb: device offline
Android Tests (2)	UNKNOWN STEP	2026-02-25T19:51:01.5951483Z The process '/usr/local/lib/android/sdk/platform-tools/adb' failed with exit code 1
Android Tests (2)	UNKNOWN STEP	2026-02-25T19:51:03.6002042Z [command]/usr/local/lib/android/sdk/platform-tools/adb -s emulator-5554 shell getprop sys.boot_completed
Android Tests (2)	UNKNOWN STEP	2026-02-25T19:51:03.6034728Z adb: device offline
Android Tests (2)	UNKNOWN STEP	2026-02-25T19:51:03.6040187Z The process '/usr/local/lib/android/sdk/platform-tools/adb' failed with exit code 1
Android Tests (2)	UNKNOWN STEP	2026-02-25T19:51:05.6087105Z [command]/usr/local/lib/android/sdk/platform-tools/adb -s emulator-5554 shell getprop sys.boot_completed
Android Tests (2)	UNKNOWN STEP	2026-02-25T19:51:05.6118805Z adb: device offline
Android Tests (2)	UNKNOWN STEP	2026-02-25T19:51:05.6125146Z The process '/usr/local/lib/android/sdk/platform-tools/adb' failed with exit code 1
Android Tests (2)	UNKNOWN STEP	2026-02-25T19:51:07.6171480Z [command]/usr/local/lib/android/sdk/platform-tools/adb -s emulator-5554 shell getprop sys.boot_completed
Android Tests (2)	UNKNOWN STEP	2026-02-25T19:51:07.6208335Z adb: device offline
Android Tests (2)	UNKNOWN STEP	2026-02-25T19:51:07.6215465Z The process '/usr/local/lib/android/sdk/platform-tools/adb' failed with exit code 1
Android Tests (2)	UNKNOWN STEP	2026-02-25T19:51:09.6246205Z [command]/usr/local/lib/android/sdk/platform-tools/adb -s emulator-5554 shell getprop sys.boot_completed
Android Tests (2)	UNKNOWN STEP	2026-02-25T19:51:09.6281726Z adb: device offline
Android Tests (2)	UNKNOWN STEP	2026-02-25T19:51:09.6287287Z The process '/usr/local/lib/android/sdk/platform-tools/adb' failed with exit code 1
Android Tests (2)	UNKNOWN STEP	2026-02-25T19:51:11.6333792Z [command]/usr/local/lib/android/sdk/platform-tools/adb -s emulator-5554 shell getprop sys.boot_completed
Android Tests (2)	UNKNOWN STEP	2026-02-25T19:51:11.6369295Z adb: device offline
Android Tests (2)	UNKNOWN STEP	2026-02-25T19:51:11.6376210Z The process '/usr/local/lib/android/sdk/platform-tools/adb' failed with exit code 1
Android Tests (2)	UNKNOWN STEP	2026-02-25T19:51:13.6416154Z [command]/usr/local/lib/android/sdk/platform-tools/adb -s emulator-5554 shell getprop sys.boot_completed
Android Tests (2)	UNKNOWN STEP	2026-02-25T19:51:13.6451113Z adb: device offline
Android Tests (2)	UNKNOWN STEP	2026-02-25T19:51:13.6457526Z The process '/usr/local/lib/android/sdk/platform-tools/adb' failed with exit code 1
Android Tests (2)	UNKNOWN STEP	2026-02-25T19:51:15.6494374Z [command]/usr/local/lib/android/sdk/platform-tools/adb -s emulator-5554 shell getprop sys.boot_completed
Android Tests (2)	UNKNOWN STEP	2026-02-25T19:51:15.6530055Z adb: device offline
Android Tests (2)	UNKNOWN STEP	2026-02-25T19:51:15.6536043Z The process '/usr/local/lib/android/sdk/platform-tools/adb' failed with exit code 1
Android Tests (2)	UNKNOWN STEP	2026-02-25T19:51:17.6582338Z [command]/usr/local/lib/android/sdk/platform-tools/adb -s emulator-5554 shell getprop sys.boot_completed
Android Tests (2)	UNKNOWN STEP	2026-02-25T19:51:17.6617003Z adb: device offline
Android Tests (2)	UNKNOWN STEP	2026-02-25T19:51:17.6623361Z The process '/usr/local/lib/android/sdk/platform-tools/adb' failed with exit code 1
Android Tests (2)	UNKNOWN STEP	2026-02-25T19:51:19.6671494Z [command]/usr/local/lib/android/sdk/platform-tools/adb -s emulator-5554 shell getprop sys.boot_completed
Android Tests (2)	UNKNOWN STEP	2026-02-25T19:51:21.7471806Z 
Android Tests (2)	UNKNOWN STEP	2026-02-25T19:51:23.8693031Z [command]/usr/local/lib/android/sdk/platform-tools/adb -s emulator-5554 shell getprop sys.boot_completed
Android Tests (2)	UNKNOWN STEP	2026-02-25T19:51:25.3871563Z 
Android Tests (2)	UNKNOWN STEP	2026-02-25T19:51:27.3927430Z [command]/usr/local/lib/android/sdk/platform-tools/adb -s emulator-5554 shell getprop sys.boot_completed
Android Tests (2)	UNKNOWN STEP	2026-02-25T19:51:30.7679737Z 
Android Tests (2)	UNKNOWN STEP	2026-02-25T19:51:32.7957499Z [command]/usr/local/lib/android/sdk/platform-tools/adb -s emulator-5554 shell getprop sys.boot_completed
Android Tests (2)	UNKNOWN STEP	2026-02-25T19:51:34.3284001Z 
Android Tests (2)	UNKNOWN STEP	2026-02-25T19:51:36.3385167Z [command]/usr/local/lib/android/sdk/platform-tools/adb -s emulator-5554 shell getprop sys.boot_completed
Android Tests (2)	UNKNOWN STEP	2026-02-25T19:51:37.2176208Z 
Android Tests (2)	UNKNOWN STEP	2026-02-25T19:51:39.2306060Z [command]/usr/local/lib/android/sdk/platform-tools/adb -s emulator-5554 shell getprop sys.boot_completed
Android Tests (2)	UNKNOWN STEP	2026-02-25T19:51:39.5729246Z 
Android Tests (2)	UNKNOWN STEP	2026-02-25T19:51:41.5821326Z [command]/usr/local/lib/android/sdk/platform-tools/adb -s emulator-5554 shell getprop sys.boot_completed
Android Tests (2)	UNKNOWN STEP	2026-02-25T19:51:41.9027714Z 
Android Tests (2)	UNKNOWN STEP	2026-02-25T19:51:43.9282997Z [command]/usr/local/lib/android/sdk/platform-tools/adb -s emulator-5554 shell getprop sys.boot_completed
Android Tests (2)	UNKNOWN STEP	2026-02-25T19:51:44.3772158Z 
Android Tests (2)	UNKNOWN STEP	2026-02-25T19:51:46.3873105Z [command]/usr/local/lib/android/sdk/platform-tools/adb -s emulator-5554 shell getprop sys.boot_completed
Android Tests (2)	UNKNOWN STEP	2026-02-25T19:51:46.7596296Z 
Android Tests (2)	UNKNOWN STEP	2026-02-25T19:51:48.7755333Z [command]/usr/local/lib/android/sdk/platform-tools/adb -s emulator-5554 shell getprop sys.boot_completed
Android Tests (2)	UNKNOWN STEP	2026-02-25T19:51:49.0408030Z 
Android Tests (2)	UNKNOWN STEP	2026-02-25T19:51:51.0465658Z [command]/usr/local/lib/android/sdk/platform-tools/adb -s emulator-5554 shell getprop sys.boot_completed
Android Tests (2)	UNKNOWN STEP	2026-02-25T19:51:51.4239972Z 
Android Tests (2)	UNKNOWN STEP	2026-02-25T19:51:53.4289771Z [command]/usr/local/lib/android/sdk/platform-tools/adb -s emulator-5554 shell getprop sys.boot_completed
Android Tests (2)	UNKNOWN STEP	2026-02-25T19:51:53.8678830Z 
Android Tests (2)	UNKNOWN STEP	2026-02-25T19:51:55.8731422Z [command]/usr/local/lib/android/sdk/platform-tools/adb -s emulator-5554 shell getprop sys.boot_completed
Android Tests (2)	UNKNOWN STEP	2026-02-25T19:51:56.3642048Z 
Android Tests (2)	UNKNOWN STEP	2026-02-25T19:51:58.3692539Z [command]/usr/local/lib/android/sdk/platform-tools/adb -s emulator-5554 shell getprop sys.boot_completed
Android Tests (2)	UNKNOWN STEP	2026-02-25T19:51:58.8932796Z 
Android Tests (2)	UNKNOWN STEP	2026-02-25T19:52:00.8983178Z [command]/usr/local/lib/android/sdk/platform-tools/adb -s emulator-5554 shell getprop sys.boot_completed
Android Tests (2)	UNKNOWN STEP	2026-02-25T19:52:01.5370404Z 
Android Tests (2)	UNKNOWN STEP	2026-02-25T19:52:03.5608449Z [command]/usr/local/lib/android/sdk/platform-tools/adb -s emulator-5554 shell getprop sys.boot_completed
Android Tests (2)	UNKNOWN STEP	2026-02-25T19:52:04.4000472Z 
Android Tests (2)	UNKNOWN STEP	2026-02-25T19:52:06.4684913Z [command]/usr/local/lib/android/sdk/platform-tools/adb -s emulator-5554 shell getprop sys.boot_completed
Android Tests (2)	UNKNOWN STEP	2026-02-25T19:52:07.5223497Z 
Android Tests (2)	UNKNOWN STEP	2026-02-25T19:52:09.5284024Z [command]/usr/local/lib/android/sdk/platform-tools/adb -s emulator-5554 shell getprop sys.boot_completed
Android Tests (2)	UNKNOWN STEP	2026-02-25T19:52:10.4399399Z 
Android Tests (2)	UNKNOWN STEP	2026-02-25T19:52:12.4754313Z [command]/usr/local/lib/android/sdk/platform-tools/adb -s emulator-5554 shell getprop sys.boot_completed
Android Tests (2)	UNKNOWN STEP	2026-02-25T19:52:13.0342616Z 
Android Tests (2)	UNKNOWN STEP	2026-02-25T19:52:15.0401100Z [command]/usr/local/lib/android/sdk/platform-tools/adb -s emulator-5554 shell getprop sys.boot_completed
Android Tests (2)	UNKNOWN STEP	2026-02-25T19:52:15.3693490Z 
Android Tests (2)	UNKNOWN STEP	2026-02-25T19:52:17.3744338Z [command]/usr/local/lib/android/sdk/platform-tools/adb -s emulator-5554 shell getprop sys.boot_completed
Android Tests (2)	UNKNOWN STEP	2026-02-25T19:52:17.8971496Z 
Android Tests (2)	UNKNOWN STEP	2026-02-25T19:52:19.9015314Z [command]/usr/local/lib/android/sdk/platform-tools/adb -s emulator-5554 shell getprop sys.boot_completed
Android Tests (2)	UNKNOWN STEP	2026-02-25T19:52:20.3526433Z 
Android Tests (2)	UNKNOWN STEP	2026-02-25T19:52:22.3908310Z [command]/usr/local/lib/android/sdk/platform-tools/adb -s emulator-5554 shell getprop sys.boot_completed
Android Tests (2)	UNKNOWN STEP	2026-02-25T19:52:23.2821158Z 
Android Tests (2)	UNKNOWN STEP	2026-02-25T19:52:25.2873664Z [command]/usr/local/lib/android/sdk/platform-tools/adb -s emulator-5554 shell getprop sys.boot_completed
Android Tests (2)	UNKNOWN STEP	2026-02-25T19:52:25.8571383Z 
Android Tests (2)	UNKNOWN STEP	2026-02-25T19:52:27.8623467Z [command]/usr/local/lib/android/sdk/platform-tools/adb -s emulator-5554 shell getprop sys.boot_completed
Android Tests (2)	UNKNOWN STEP	2026-02-25T19:52:28.5200149Z 
Android Tests (2)	UNKNOWN STEP	2026-02-25T19:52:30.5278186Z [command]/usr/local/lib/android/sdk/platform-tools/adb -s emulator-5554 shell getprop sys.boot_completed
Android Tests (2)	UNKNOWN STEP	2026-02-25T19:52:31.4499628Z 
Android Tests (2)	UNKNOWN STEP	2026-02-25T19:52:33.4712434Z [command]/usr/local/lib/android/sdk/platform-tools/adb -s emulator-5554 shell getprop sys.boot_completed
Android Tests (2)	UNKNOWN STEP	2026-02-25T19:52:33.8731745Z 
Android Tests (2)	UNKNOWN STEP	2026-02-25T19:52:35.8847565Z [command]/usr/local/lib/android/sdk/platform-tools/adb -s emulator-5554 shell getprop sys.boot_completed
Android Tests (2)	UNKNOWN STEP	2026-02-25T19:52:36.9665859Z 
Android Tests (2)	UNKNOWN STEP	2026-02-25T19:52:38.9772730Z [command]/usr/local/lib/android/sdk/platform-tools/adb -s emulator-5554 shell getprop sys.boot_completed
Android Tests (2)	UNKNOWN STEP	2026-02-25T19:52:40.3879214Z 
Android Tests (2)	UNKNOWN STEP	2026-02-25T19:52:42.3974852Z [command]/usr/local/lib/android/sdk/platform-tools/adb -s emulator-5554 shell getprop sys.boot_completed
Android Tests (2)	UNKNOWN STEP	2026-02-25T19:52:43.6685454Z 
Android Tests (2)	UNKNOWN STEP	2026-02-25T19:52:45.6737972Z [command]/usr/local/lib/android/sdk/platform-tools/adb -s emulator-5554 shell getprop sys.boot_completed
Android Tests (2)	UNKNOWN STEP	2026-02-25T19:52:46.7401001Z 
Android Tests (2)	UNKNOWN STEP	2026-02-25T19:52:48.7508998Z [command]/usr/local/lib/android/sdk/platform-tools/adb -s emulator-5554 shell getprop sys.boot_completed
Android Tests (2)	UNKNOWN STEP	2026-02-25T19:52:49.7247637Z 
Android Tests (2)	UNKNOWN STEP	2026-02-25T19:52:51.7870104Z [command]/usr/local/lib/android/sdk/platform-tools/adb -s emulator-5554 shell getprop sys.boot_completed
Android Tests (2)	UNKNOWN STEP	2026-02-25T19:52:52.4618800Z 
Android Tests (2)	UNKNOWN STEP	2026-02-25T19:52:54.5492791Z [command]/usr/local/lib/android/sdk/platform-tools/adb -s emulator-5554 shell getprop sys.boot_completed
Android Tests (2)	UNKNOWN STEP	2026-02-25T19:52:56.7614730Z 
Android Tests (2)	UNKNOWN STEP	2026-02-25T19:52:58.7834906Z [command]/usr/local/lib/android/sdk/platform-tools/adb -s emulator-5554 shell getprop sys.boot_completed
Android Tests (2)	UNKNOWN STEP	2026-02-25T19:52:59.3329016Z 
Android Tests (2)	UNKNOWN STEP	2026-02-25T19:53:01.3617503Z [command]/usr/local/lib/android/sdk/platform-tools/adb -s emulator-5554 shell getprop sys.boot_completed
Android Tests (2)	UNKNOWN STEP	2026-02-25T19:53:01.7475724Z 
Android Tests (2)	UNKNOWN STEP	2026-02-25T19:53:03.7562052Z [command]/usr/local/lib/android/sdk/platform-tools/adb -s emulator-5554 shell getprop sys.boot_completed
Android Tests (2)	UNKNOWN STEP	2026-02-25T19:53:06.0555751Z 1
Android Tests (2)	UNKNOWN STEP	2026-02-25T19:53:06.2448610Z Emulator booted.
Android Tests (2)	UNKNOWN STEP	2026-02-25T19:53:06.2469433Z [command]/usr/local/lib/android/sdk/platform-tools/adb -s emulator-5554 shell input keyevent 82
Android Tests (2)	UNKNOWN STEP	2026-02-25T19:53:08.6358315Z INFO         | Boot completed in 143175 ms
Android Tests (2)	UNKNOWN STEP	2026-02-25T19:53:08.6359819Z INFO         | Increasing screen off timeout, logcat buffer size to 2M.
Android Tests (2)	UNKNOWN STEP	2026-02-25T19:53:36.5471655Z Disabling animations.
Android Tests (2)	UNKNOWN STEP	2026-02-25T19:53:36.5491355Z [command]/usr/local/lib/android/sdk/platform-tools/adb -s emulator-5554 shell settings put global window_animation_scale 0.0
Android Tests (2)	UNKNOWN STEP	2026-02-25T19:53:40.3088866Z [command]/usr/local/lib/android/sdk/platform-tools/adb -s emulator-5554 shell settings put global transition_animation_scale 0.0
Android Tests (2)	UNKNOWN STEP	2026-02-25T19:53:46.2438802Z [command]/usr/local/lib/android/sdk/platform-tools/adb -s emulator-5554 shell settings put global animator_duration_scale 0.0
Android Tests (2)	UNKNOWN STEP	2026-02-25T19:53:48.3120477Z ##[endgroup]
Android Tests (2)	UNKNOWN STEP	2026-02-25T19:53:48.3149184Z [command]/usr/bin/sh -c ./scripts/test.sh android --no-docker --shard 2 --total-shards 7
Android Tests (2)	UNKNOWN STEP	2026-02-25T19:53:48.3288480Z [1m
Android Tests (2)	UNKNOWN STEP	2026-02-25T19:53:48.3292130Z   Substitution Test Runner
Android Tests (2)	UNKNOWN STEP	2026-02-25T19:53:48.3303404Z   2026-02-25 19:53:48
Android Tests (2)	UNKNOWN STEP	2026-02-25T19:53:48.3304016Z   Targets: android
Android Tests (2)	UNKNOWN STEP	2026-02-25T19:53:48.3305383Z [0m
Android Tests (2)	UNKNOWN STEP	2026-02-25T19:53:48.3313935Z [0;34m[INFO][0m Fetching Flutter dependencies...
Android Tests (2)	UNKNOWN STEP	2026-02-25T19:53:49.7845153Z   unorm_dart 0.2.0 (0.3.2 available)
Android Tests (2)	UNKNOWN STEP	2026-02-25T19:53:49.7847173Z   win32 5.15.0 (6.0.0 available)
Android Tests (2)	UNKNOWN STEP	2026-02-25T19:53:49.7849023Z Got dependencies!
Android Tests (2)	UNKNOWN STEP	2026-02-25T19:53:49.7849592Z 7 packages have newer versions incompatible with dependency constraints.
Android Tests (2)	UNKNOWN STEP	2026-02-25T19:53:49.7850300Z Try `flutter pub outdated` for more information.
Android Tests (2)	UNKNOWN STEP	2026-02-25T19:53:49.7851490Z [0;32m[OK][0m Dependencies fetched
Android Tests (2)	UNKNOWN STEP	2026-02-25T19:53:49.7868015Z [0;34m[INFO][0m Target: android
Android Tests (2)	UNKNOWN STEP	2026-02-25T19:53:49.7868754Z 
Android Tests (2)	UNKNOWN STEP	2026-02-25T19:53:49.7869553Z [1m━━━ Android Tests (Emulator) ━━━[0m
Android Tests (2)	UNKNOWN STEP	2026-02-25T19:53:49.7869933Z 
Android Tests (2)	UNKNOWN STEP	2026-02-25T19:53:49.7924841Z [0;34m[INFO][0m Starting Xvfb virtual display...
Android Tests (2)	UNKNOWN STEP	2026-02-25T19:53:51.7978650Z [0;34m[INFO][0m Detected an already running Android device/emulator. Skipping start.
Android Tests (2)	UNKNOWN STEP	2026-02-25T19:53:51.7979743Z [0;34m[INFO][0m Waiting for emulator boot (timeout: 900s)...
Android Tests (2)	UNKNOWN STEP	2026-02-25T19:53:58.2362601Z [0;32m[OK][0m Emulator is ready
Android Tests (2)	UNKNOWN STEP	2026-02-25T19:53:58.2401152Z [0;34m[INFO][0m Running integration tests on Android (timeout: 2400s)...
Android Tests (2)	UNKNOWN STEP	2026-02-25T19:54:04.2436001Z -j/--concurrency was parsed but will be ignored, this option is not supported when running Integration Tests or web tests.
Android Tests (2)	UNKNOWN STEP	2026-02-25T19:54:04.6882602Z 00:00 +0: loading /home/runner/work/substitution/substitution/integration_test/refresh_logic_test.dart
Android Tests (2)	UNKNOWN STEP	2026-02-25T19:59:12.6029959Z Running Gradle task 'assembleDebug'...                          
Android Tests (2)	UNKNOWN STEP	2026-02-25T19:59:12.6031638Z Checking the license for package NDK (Side by side) 27.0.12077973 in /usr/local/lib/android/sdk/licenses
Android Tests (2)	UNKNOWN STEP	2026-02-25T19:59:12.6033714Z License for package NDK (Side by side) 27.0.12077973 accepted.
Android Tests (2)	UNKNOWN STEP	2026-02-25T19:59:12.6036794Z Preparing "Install NDK (Side by side) 27.0.12077973 v.27.0.12077973".
Android Tests (2)	UNKNOWN STEP	2026-02-25T19:59:30.4925092Z "Install NDK (Side by side) 27.0.12077973 v.27.0.12077973" ready.
Android Tests (2)	UNKNOWN STEP	2026-02-25T19:59:30.4928983Z Installing NDK (Side by side) 27.0.12077973 in /usr/local/lib/android/sdk/ndk/27.0.12077973
Android Tests (2)	UNKNOWN STEP	2026-02-25T19:59:30.4929811Z "Install NDK (Side by side) 27.0.12077973 v.27.0.12077973" complete.
Android Tests (2)	UNKNOWN STEP	2026-02-25T19:59:30.6933277Z "Install NDK (Side by side) 27.0.12077973 v.27.0.12077973" finished.
Android Tests (2)	UNKNOWN STEP	2026-02-25T20:00:22.0930092Z Checking the license for package Android SDK Platform 33 in /usr/local/lib/android/sdk/licenses
Android Tests (2)	UNKNOWN STEP	2026-02-25T20:00:22.0931646Z License for package Android SDK Platform 33 accepted.
Android Tests (2)	UNKNOWN STEP	2026-02-25T20:00:22.0932432Z Preparing "Install Android SDK Platform 33 (revision 3)".
Android Tests (2)	UNKNOWN STEP	2026-02-25T20:00:26.9926314Z "Install Android SDK Platform 33 (revision 3)" ready.
Android Tests (2)	UNKNOWN STEP	2026-02-25T20:00:26.9928713Z Installing Android SDK Platform 33 in /usr/local/lib/android/sdk/platforms/android-33
Android Tests (2)	UNKNOWN STEP	2026-02-25T20:00:26.9930309Z "Install Android SDK Platform 33 (revision 3)" complete.
Android Tests (2)	UNKNOWN STEP	2026-02-25T20:00:26.9931567Z "Install Android SDK Platform 33 (revision 3)" finished.
Android Tests (2)	UNKNOWN STEP	2026-02-25T20:03:23.8918394Z Checking the license for package CMake 3.22.1 in /usr/local/lib/android/sdk/licenses
Android Tests (2)	UNKNOWN STEP	2026-02-25T20:03:23.8942041Z License for package CMake 3.22.1 accepted.
Android Tests (2)	UNKNOWN STEP	2026-02-25T20:03:23.8946744Z Preparing "Install CMake 3.22.1 v.3.22.1".
Android Tests (2)	UNKNOWN STEP	2026-02-25T20:03:25.5925379Z "Install CMake 3.22.1 v.3.22.1" ready.
Android Tests (2)	UNKNOWN STEP	2026-02-25T20:03:25.5933594Z Installing CMake 3.22.1 in /usr/local/lib/android/sdk/cmake/3.22.1
Android Tests (2)	UNKNOWN STEP	2026-02-25T20:03:25.5934269Z "Install CMake 3.22.1 v.3.22.1" complete.
Android Tests (2)	UNKNOWN STEP	2026-02-25T20:03:25.5964812Z "Install CMake 3.22.1 v.3.22.1" finished.
Android Tests (2)	UNKNOWN STEP	2026-02-25T20:04:08.3154404Z Running Gradle task 'assembleDebug'...                            603.4s
Android Tests (2)	UNKNOWN STEP	2026-02-25T20:04:09.2240842Z ✓ Built build/app/outputs/flutter-apk/app-debug.apk
Android Tests (2)	UNKNOWN STEP	2026-02-25T20:04:24.6153585Z Installing build/app/outputs/flutter-apk/app-debug.apk...          14.7s
Android Tests (2)	UNKNOWN STEP	2026-02-25T20:05:12.4751959Z 00:00 +0: loading /home/runner/work/substitution/substitution/integration_test/room_discovery_with_matrix_test.dart
Android Tests (2)	UNKNOWN STEP	2026-02-25T20:05:45.9806570Z Running Gradle task 'assembleDebug'...                             33.5s
Android Tests (2)	UNKNOWN STEP	2026-02-25T20:05:47.1509261Z ✓ Built build/app/outputs/flutter-apk/app-debug.apk
Android Tests (2)	UNKNOWN STEP	2026-02-25T20:06:03.4224410Z Installing build/app/outputs/flutter-apk/app-debug.apk...          15.8s
Android Tests (2)	UNKNOWN STEP	2026-02-25T20:06:42.0807724Z 00:00 +0: /home/runner/work/substitution/substitution/integration_test/room_discovery_with_matrix_test.dart: (setUpAll)
Android Tests (2)	UNKNOWN STEP	2026-02-25T20:06:42.5968191Z 00:00 +0: /home/runner/work/substitution/substitution/integration_test/room_discovery_with_matrix_test.dart: Room Discovery & Subscription with Real Matrix Server Test rooms are discoverable (test_general, test_photos, test_art)
Android Tests (2)	UNKNOWN STEP	2026-02-25T20:06:57.1861245Z Waiting for globalMatrixClient to be initialized...
Android Tests (2)	UNKNOWN STEP	2026-02-25T20:07:00.5221051Z [90m[🌎 Easy Localization] [DEBUG] Localization initialized[0m
Android Tests (2)	UNKNOWN STEP	2026-02-25T20:07:00.6605132Z [Matrix] [32mInitialize client Substitution[0m
Android Tests (2)	UNKNOWN STEP	2026-02-25T20:07:01.1828240Z [Matrix] [32mUser is not logged in.[0m
Android Tests (2)	UNKNOWN STEP	2026-02-25T20:07:01.2406788Z [90m[🌎 Easy Localization] [DEBUG] Start[0m
Android Tests (2)	UNKNOWN STEP	2026-02-25T20:07:01.6341620Z [90m[🌎 Easy Localization] [DEBUG] Init state[0m
Android Tests (2)	UNKNOWN STEP	2026-02-25T20:07:01.7632080Z [90m[🌎 Easy Localization] [DEBUG] Build[0m
Android Tests (2)	UNKNOWN STEP	2026-02-25T20:07:01.7634049Z [90m[🌎 Easy Localization] [DEBUG] Init Localization Delegate[0m
Android Tests (2)	UNKNOWN STEP	2026-02-25T20:07:01.7636740Z [90m[🌎 Easy Localization] [DEBUG] Init provider[0m
Android Tests (2)	UNKNOWN STEP	2026-02-25T20:07:07.1577255Z [90m[🌎 Easy Localization] [DEBUG] Load Localization Delegate[0m
Android Tests (2)	UNKNOWN STEP	2026-02-25T20:07:07.2170073Z [90m[🌎 Easy Localization] [DEBUG] Load asset from assets/translations[0m
Android Tests (2)	UNKNOWN STEP	2026-02-25T20:07:10.9326675Z globalMatrixClient initialized!
Android Tests (2)	UNKNOWN STEP	2026-02-25T20:07:10.9929537Z Android detected: Translated localhost to http://10.0.2.2:8008
Android Tests (2)	UNKNOWN STEP	2026-02-25T20:07:11.0034795Z Step 1: Checking for Age Gate, Intro, or Login fields...
Android Tests (2)	UNKNOWN STEP	2026-02-25T20:07:11.5213354Z [90m[🌎 Easy Localization] [DEBUG] Build[0m
Android Tests (2)	UNKNOWN STEP	2026-02-25T20:07:11.5386432Z [90m[🌎 Easy Localization] [DEBUG] Init Localization Delegate[0m
Android Tests (2)	UNKNOWN STEP	2026-02-25T20:07:11.5446902Z [90m[🌎 Easy Localization] [DEBUG] Init provider[0m
Android Tests (2)	UNKNOWN STEP	2026-02-25T20:07:30.3729780Z Found screen! AgeGate: false, Intro: true, Username: false, Host: false
Android Tests (2)	UNKNOWN STEP	2026-02-25T20:07:30.4291831Z Step 2: Navigating through onboarding...
Android Tests (2)	UNKNOWN STEP	2026-02-25T20:07:33.7791740Z Tapping Next button at step 0...
Android Tests (2)	UNKNOWN STEP	2026-02-25T20:07:42.3725850Z Tapping Next button at step 1...
Android Tests (2)	UNKNOWN STEP	2026-02-25T20:07:51.9183813Z Reached target page at step 2. Host: true, Username: false
Android Tests (2)	UNKNOWN STEP	2026-02-25T20:07:51.9350453Z Onboarding navigation complete.
Android Tests (2)	UNKNOWN STEP	2026-02-25T20:07:52.0000867Z Step 3: Entering host URL: http://10.0.2.2:8008
Android Tests (2)	UNKNOWN STEP	2026-02-25T20:08:01.1781603Z Tapping host submit button...
Android Tests (2)	UNKNOWN STEP	2026-02-25T20:08:05.3060352Z Waiting for login page to appear...
Android Tests (2)	UNKNOWN STEP	2026-02-25T20:08:15.1488288Z Login page reached.
Android Tests (2)	UNKNOWN STEP	2026-02-25T20:08:15.1488764Z Step 4: Looking for login fields...
Android Tests (2)	UNKNOWN STEP	2026-02-25T20:08:15.2647482Z Entering username: testuser1
Android Tests (2)	UNKNOWN STEP	2026-02-25T20:08:20.1039200Z Entering password...
Android Tests (2)	UNKNOWN STEP	2026-02-25T20:08:23.6496137Z Tapping login submit button...
Android Tests (2)	UNKNOWN STEP	2026-02-25T20:08:26.2993208Z Step 5: Waiting for finished page (introGoButton)...
Android Tests (2)	UNKNOWN STEP	2026-02-25T20:08:27.3026519Z [Matrix] [32mInitialize client Substitution[0m
Android Tests (2)	UNKNOWN STEP	2026-02-25T20:08:30.6510056Z [Matrix] [32mSuccessfully connected as testuser1 with http://10.0.2.2:8008[0m
Android Tests (2)	UNKNOWN STEP	2026-02-25T20:08:42.4194428Z Finished page reached.
Android Tests (2)	UNKNOWN STEP	2026-02-25T20:08:42.4342272Z Tapping Go button...
Android Tests (2)	UNKNOWN STEP	2026-02-25T20:08:42.6544612Z Waiting for feed (Scrollable)...
Android Tests (2)	UNKNOWN STEP	2026-02-25T20:08:43.8605982Z 02:01 +0 -1: /home/runner/work/substitution/substitution/integration_test/room_discovery_with_matrix_test.dart: Room Discovery & Subscription with Real Matrix Server Test rooms are discoverable (test_general, test_photos, test_art) [E]
Android Tests (2)	UNKNOWN STEP	2026-02-25T20:08:43.8611419Z   TimeoutException after 0:02:00.000000: Test timed out after 2 minutes.
Android Tests (2)	UNKNOWN STEP	2026-02-25T20:08:43.8628218Z   dart:isolate  _RawReceivePort._handleMessage
Android Tests (2)	UNKNOWN STEP	2026-02-25T20:08:43.8628757Z   
Android Tests (2)	UNKNOWN STEP	2026-02-25T20:08:44.7688317Z   'package:flutter_test/src/binding.dart': Failed assertion: line 2781 pos 12: '_pendingFrame == null': is not true.
Android Tests (2)	UNKNOWN STEP	2026-02-25T20:08:44.7691592Z   dart:core                                                                  _AssertionError._throwNew
Android Tests (2)	UNKNOWN STEP	2026-02-25T20:08:44.7692626Z   package:flutter_test/src/binding.dart 2781:12                              LiveTestWidgetsFlutterBinding.postTest
Android Tests (2)	UNKNOWN STEP	2026-02-25T20:08:44.7693528Z   ===== asynchronous gap ===========================
Android Tests (2)	UNKNOWN STEP	2026-02-25T20:08:44.7694227Z   package:stream_channel                                                     _GuaranteeSink.add
Android Tests (2)	UNKNOWN STEP	2026-02-25T20:08:44.7695199Z   tmp/flutter_tools.JJIGID/flutter_test_listener.KPWTLP/listener.dart 56:22  main.<fn>
Android Tests (2)	UNKNOWN STEP	2026-02-25T20:08:44.7695879Z   
Android Tests (2)	UNKNOWN STEP	2026-02-25T20:09:02.7926234Z   'package:flutter_test/src/binding.dart': Failed assertion: line 1639 pos 14: '_parentZone != null': is not true.
Android Tests (2)	UNKNOWN STEP	2026-02-25T20:09:02.7934819Z   dart:core                                                   _AssertionError._throwNew
Android Tests (2)	UNKNOWN STEP	2026-02-25T20:09:02.7936492Z   package:flutter_test/src/binding.dart 1639:14               TestWidgetsFlutterBinding._runTest.handleUncaughtError
Android Tests (2)	UNKNOWN STEP	2026-02-25T20:09:02.7941081Z   package:flutter_test/src/binding.dart 1650:13               TestWidgetsFlutterBinding._runTest.<fn>
Android Tests (2)	UNKNOWN STEP	2026-02-25T20:09:02.7942536Z   ===== asynchronous gap ===========================
Android Tests (2)	UNKNOWN STEP	2026-02-25T20:09:02.7943315Z   dart:async                                                  scheduleMicrotask
Android Tests (2)	UNKNOWN STEP	2026-02-25T20:09:02.7944498Z   package:flutter/src/widgets/focus_manager.dart 1931:5       FocusManager._markNeedsUpdate
Android Tests (2)	UNKNOWN STEP	2026-02-25T20:09:02.7945803Z   package:flutter/src/widgets/focus_manager.dart 1908:7       FocusManager._markNextFocus
Android Tests (2)	UNKNOWN STEP	2026-02-25T20:09:02.7970311Z   package:flutter/src/widgets/focus_manager.dart 994:17       FocusNode._markNextFocus
Android Tests (2)	UNKNOWN STEP	2026-02-25T20:09:02.7971566Z   package:flutter/src/widgets/focus_manager.dart 1510:9       FocusScopeNode._doRequestFocus
Android Tests (2)	UNKNOWN STEP	2026-02-25T20:09:02.7972661Z   package:flutter/src/widgets/focus_manager.dart 1457:13      FocusScopeNode.setFirstFocus
Android Tests (2)	UNKNOWN STEP	2026-02-25T20:09:02.7973803Z   package:flutter/src/widgets/routes.dart 1140:50             _ModalScopeState._updateFocusScopeNode
Android Tests (2)	UNKNOWN STEP	2026-02-25T20:09:02.7974942Z   package:flutter/src/widgets/routes.dart 1119:5              _ModalScopeState.didChangeDependencies
Android Tests (2)	UNKNOWN STEP	2026-02-25T20:09:02.7976054Z   package:flutter/src/widgets/framework.dart 5968:11          StatefulElement._firstBuild
Android Tests (2)	UNKNOWN STEP	2026-02-25T20:09:02.7977081Z   package:flutter/src/widgets/framework.dart 5793:5           ComponentElement.mount
Android Tests (2)	UNKNOWN STEP	2026-02-25T20:09:02.7978074Z   package:flutter/src/widgets/framework.dart 4587:20          Element.inflateWidget
Android Tests (2)	UNKNOWN STEP	2026-02-25T20:09:02.7979040Z   package:flutter/src/widgets/framework.dart 4059:18          Element.updateChild
Android Tests (2)	UNKNOWN STEP	2026-02-25T20:09:02.7980102Z   package:flutter/src/widgets/framework.dart 7115:14          SingleChildRenderObjectElement.mount
Android Tests (2)	UNKNOWN STEP	2026-02-25T20:09:02.7981365Z   package:flutter/src/widgets/framework.dart 4587:20          Element.inflateWidget
Android Tests (2)	UNKNOWN STEP	2026-02-25T20:09:02.7982330Z   package:flutter/src/widgets/framework.dart 4059:18          Element.updateChild
Android Tests (2)	UNKNOWN STEP	2026-02-25T20:09:02.7983677Z   package:flutter/src/widgets/framework.dart 5841:16          ComponentElement.performRebuild
Android Tests (2)	UNKNOWN STEP	2026-02-25T20:09:02.7984678Z   package:flutter/src/widgets/framework.dart 5529:7           Element.rebuild
Android Tests (2)	UNKNOWN STEP	2026-02-25T20:09:02.7985615Z   package:flutter/src/widgets/framework.dart 5799:5           ComponentElement._firstBuild
Android Tests (2)	UNKNOWN STEP	2026-02-25T20:09:02.7986634Z   package:flutter/src/widgets/framework.dart 5793:5           ComponentElement.mount
Android Tests (2)	UNKNOWN STEP	2026-02-25T20:09:02.7987580Z   package:flutter/src/widgets/framework.dart 4587:20          Element.inflateWidget
Android Tests (2)	UNKNOWN STEP	2026-02-25T20:09:02.7988625Z   package:flutter/src/widgets/framework.dart 4059:18          Element.updateChild
Android Tests (2)	UNKNOWN STEP	2026-02-25T20:09:02.7989651Z   package:flutter/src/widgets/framework.dart 5841:16          ComponentElement.performRebuild
Android Tests (2)	UNKNOWN STEP	2026-02-25T20:09:02.7990980Z   package:flutter/src/widgets/framework.dart 5529:7           Element.rebuild
Android Tests (2)	UNKNOWN STEP	2026-02-25T20:09:02.7991925Z   package:flutter/src/widgets/framework.dart 5799:5           ComponentElement._firstBuild
Android Tests (2)	UNKNOWN STEP	2026-02-25T20:09:02.7992930Z   package:flutter/src/widgets/framework.dart 5793:5           ComponentElement.mount
Android Tests (2)	UNKNOWN STEP	2026-02-25T20:09:02.7993853Z   package:flutter/src/widgets/framework.dart 4587:20          Element.inflateWidget
Android Tests (2)	UNKNOWN STEP	2026-02-25T20:09:02.7994715Z   package:flutter/src/widgets/framework.dart 4059:18          Element.updateChild
Android Tests (2)	UNKNOWN STEP	2026-02-25T20:09:02.7995638Z   package:flutter/src/widgets/framework.dart 5841:16          ComponentElement.performRebuild
Android Tests (2)	UNKNOWN STEP	2026-02-25T20:09:02.7996595Z   package:flutter/src/widgets/framework.dart 5529:7           Element.rebuild
Android Tests (2)	UNKNOWN STEP	2026-02-25T20:09:02.7997509Z   package:flutter/src/widgets/framework.dart 5799:5           ComponentElement._firstBuild
Android Tests (2)	UNKNOWN STEP	2026-02-25T20:09:02.7998434Z   package:flutter/src/widgets/framework.dart 5793:5           ComponentElement.mount
Android Tests (2)	UNKNOWN STEP	2026-02-25T20:09:02.7999319Z   package:flutter/src/widgets/framework.dart 4587:20          Element.inflateWidget
Android Tests (2)	UNKNOWN STEP	2026-02-25T20:09:02.8000229Z   package:flutter/src/widgets/framework.dart 4059:18          Element.updateChild
Android Tests (2)	UNKNOWN STEP	2026-02-25T20:09:02.8001674Z   package:flutter/src/widgets/framework.dart 5841:16          ComponentElement.performRebuild
Android Tests (2)	UNKNOWN STEP	2026-02-25T20:09:02.8002728Z   package:flutter/src/widgets/framework.dart 5982:11          StatefulElement.performRebuild
Android Tests (2)	UNKNOWN STEP	2026-02-25T20:09:02.8003656Z   package:flutter/src/widgets/framework.dart 5529:7           Element.rebuild
Android Tests (2)	UNKNOWN STEP	2026-02-25T20:09:02.8004556Z   package:flutter/src/widgets/framework.dart 5799:5           ComponentElement._firstBuild
Android Tests (2)	UNKNOWN STEP	2026-02-25T20:09:02.8005583Z   package:flutter/src/widgets/framework.dart 5973:11          StatefulElement._firstBuild
Android Tests (2)	UNKNOWN STEP	2026-02-25T20:09:02.8006589Z   package:flutter/src/widgets/framework.dart 5793:5           ComponentElement.mount
Android Tests (2)	UNKNOWN STEP	2026-02-25T20:09:02.8007469Z   package:flutter/src/widgets/framework.dart 4587:20          Element.inflateWidget
Android Tests (2)	UNKNOWN STEP	2026-02-25T20:09:02.8008398Z   package:flutter/src/widgets/framework.dart 4059:18          Element.updateChild
Android Tests (2)	UNKNOWN STEP	2026-02-25T20:09:02.8009414Z   package:flutter/src/widgets/framework.dart 5841:16          ComponentElement.performRebuild
Android Tests (2)	UNKNOWN STEP	2026-02-25T20:09:02.8010434Z   package:flutter/src/widgets/framework.dart 5982:11          StatefulElement.performRebuild
Android Tests (2)	UNKNOWN STEP	2026-02-25T20:09:02.8011647Z   package:flutter/src/widgets/framework.dart 5529:7           Element.rebuild
Android Tests (2)	UNKNOWN STEP	2026-02-25T20:09:02.8012627Z   package:flutter/src/widgets/framework.dart 5799:5           ComponentElement._firstBuild
Android Tests (2)	UNKNOWN STEP	2026-02-25T20:09:02.8013693Z   package:flutter/src/widgets/framework.dart 5973:11          StatefulElement._firstBuild
Android Tests (2)	UNKNOWN STEP	2026-02-25T20:09:02.8014680Z   package:flutter/src/widgets/framework.dart 5793:5           ComponentElement.mount
Android Tests (2)	UNKNOWN STEP	2026-02-25T20:09:02.8015657Z   package:flutter/src/widgets/framework.dart 4587:20          Element.inflateWidget
Android Tests (2)	UNKNOWN STEP	2026-02-25T20:09:02.8016745Z   package:flutter/src/widgets/framework.dart 7264:36          MultiChildRenderObjectElement.inflateWidget
Android Tests (2)	UNKNOWN STEP	2026-02-25T20:09:02.8017856Z   package:flutter/src/widgets/framework.dart 4059:18          Element.updateChild
Android Tests (2)	UNKNOWN STEP	2026-02-25T20:09:02.8019064Z   package:flutter/src/widgets/framework.dart 4255:32          Element.updateChildren
Android Tests (2)	UNKNOWN STEP	2026-02-25T20:09:02.8020107Z   package:flutter/src/widgets/framework.dart 7295:17          MultiChildRenderObjectElement.update
Android Tests (2)	UNKNOWN STEP	2026-02-25T20:09:02.8021380Z   package:flutter/src/widgets/framework.dart 4037:15          Element.updateChild
Android Tests (2)	UNKNOWN STEP	2026-02-25T20:09:02.8022361Z   package:flutter/src/widgets/framework.dart 5841:16          ComponentElement.performRebuild
Android Tests (2)	UNKNOWN STEP	2026-02-25T20:09:02.8023468Z   package:flutter/src/widgets/framework.dart 5982:11          StatefulElement.performRebuild
Android Tests (2)	UNKNOWN STEP	2026-02-25T20:09:02.8024467Z   package:flutter/src/widgets/framework.dart 5529:7           Element.rebuild
Android Tests (2)	UNKNOWN STEP	2026-02-25T20:09:02.8025378Z   package:flutter/src/widgets/framework.dart 6007:5           StatefulElement.update
Android Tests (2)	UNKNOWN STEP	2026-02-25T20:09:02.8026287Z   package:flutter/src/widgets/framework.dart 4037:15          Element.updateChild
Android Tests (2)	UNKNOWN STEP	2026-02-25T20:09:02.8027276Z   package:flutter/src/widgets/framework.dart 5841:16          ComponentElement.performRebuild
Android Tests (2)	UNKNOWN STEP	2026-02-25T20:09:02.8028303Z   package:flutter/src/widgets/framework.dart 5529:7           Element.rebuild
Android Tests (2)	UNKNOWN STEP	2026-02-25T20:09:02.8029216Z   package:flutter/src/widgets/framework.dart 6149:5           ProxyElement.update
Android Tests (2)	UNKNOWN STEP	2026-02-25T20:09:02.8030135Z   package:flutter/src/widgets/framework.dart 4037:15          Element.updateChild
Android Tests (2)	UNKNOWN STEP	2026-02-25T20:09:02.8031315Z   package:flutter/src/widgets/framework.dart 5841:16          ComponentElement.performRebuild
Android Tests (2)	UNKNOWN STEP	2026-02-25T20:09:02.8032266Z   package:flutter/src/widgets/framework.dart 5529:7           Element.rebuild
Android Tests (2)	UNKNOWN STEP	2026-02-25T20:09:02.8033111Z   package:flutter/src/widgets/framework.dart 6149:5           ProxyElement.update
Android Tests (2)	UNKNOWN STEP	2026-02-25T20:09:02.8034124Z   package:flutter/src/widgets/inherited_notifier.dart 108:11  _InheritedNotifierElement.update
Android Tests (2)	UNKNOWN STEP	2026-02-25T20:09:02.8035174Z   package:flutter/src/widgets/framework.dart 4037:15          Element.updateChild
Android Tests (2)	UNKNOWN STEP	2026-02-25T20:09:02.8036136Z   package:flutter/src/widgets/framework.dart 5841:16          ComponentElement.performRebuild
Android Tests (2)	UNKNOWN STEP	2026-02-25T20:09:02.8037457Z   package:flutter/src/widgets/framework.dart 5982:11          StatefulElement.performRebuild
Android Tests (2)	UNKNOWN STEP	2026-02-25T20:09:02.8038427Z   package:flutter/src/widgets/framework.dart 5529:7           Element.rebuild
Android Tests (2)	UNKNOWN STEP	2026-02-25T20:09:02.8039335Z   package:flutter/src/widgets/framework.dart 6007:5           StatefulElement.update
Android Tests (2)	UNKNOWN STEP	2026-02-25T20:09:02.8040279Z   package:flutter/src/widgets/framework.dart 4037:15          Element.updateChild
Android Tests (2)	UNKNOWN STEP	2026-02-25T20:09:02.8041499Z   package:flutter/src/widgets/framework.dart 5841:16          ComponentElement.performRebuild
Android Tests (2)	UNKNOWN STEP	2026-02-25T20:09:02.8042507Z   package:flutter/src/widgets/framework.dart 5529:7           Element.rebuild
Android Tests (2)	UNKNOWN STEP	2026-02-25T20:09:02.8043434Z   package:flutter/src/widgets/framework.dart 6149:5           ProxyElement.update
Android Tests (2)	UNKNOWN STEP	2026-02-25T20:09:02.8044482Z   package:flutter/src/widgets/inherited_notifier.dart 108:11  _InheritedNotifierElement.update
Android Tests (2)	UNKNOWN STEP	2026-02-25T20:09:02.8045462Z   package:flutter/src/widgets/framework.dart 4037:15          Element.updateChild
Android Tests (2)	UNKNOWN STEP	2026-02-25T20:09:02.8046365Z   package:flutter/src/widgets/framework.dart 5841:16          ComponentElement.performRebuild
Android Tests (2)	UNKNOWN STEP	2026-02-25T20:09:02.8047301Z   package:flutter/src/widgets/framework.dart 5982:11          StatefulElement.performRebuild
Android Tests (2)	UNKNOWN STEP	2026-02-25T20:09:02.8048131Z   package:flutter/src/widgets/framework.dart 5529:7           Element.rebuild
Android Tests (2)	UNKNOWN STEP	2026-02-25T20:09:02.8048929Z   package:flutter/src/widgets/framework.dart 6007:5           StatefulElement.update
Android Tests (2)	UNKNOWN STEP	2026-02-25T20:09:02.8049753Z   package:flutter/src/widgets/framework.dart 4037:15          Element.updateChild
Android Tests (2)	UNKNOWN STEP	2026-02-25T20:09:02.8050820Z   package:flutter/src/widgets/framework.dart 5841:16          ComponentElement.performRebuild
Android Tests (2)	UNKNOWN STEP	2026-02-25T20:09:02.8051790Z   package:flutter/src/widgets/framework.dart 5982:11          StatefulElement.performRebuild
Android Tests (2)	UNKNOWN STEP	2026-02-25T20:09:02.8052662Z   package:flutter/src/widgets/framework.dart 5529:7           Element.rebuild
Android Tests (2)	UNKNOWN STEP	2026-02-25T20:09:02.8053524Z   package:flutter/src/widgets/framework.dart 6007:5           StatefulElement.update
Android Tests (2)	UNKNOWN STEP	2026-02-25T20:09:02.8054770Z   package:flutter/src/widgets/framework.dart 4037:15          Element.updateChild
Android Tests (2)	UNKNOWN STEP	2026-02-25T20:09:02.8055800Z   package:flutter/src/widgets/framework.dart 7122:14          SingleChildRenderObjectElement.update
Android Tests (2)	UNKNOWN STEP	2026-02-25T20:09:02.8056832Z   package:flutter/src/widgets/framework.dart 4037:15          Element.updateChild
Android Tests (2)	UNKNOWN STEP	2026-02-25T20:09:02.8057806Z   package:flutter/src/widgets/framework.dart 7122:14          SingleChildRenderObjectElement.update
Android Tests (2)	UNKNOWN STEP	2026-02-25T20:09:02.8058791Z   package:flutter/src/widgets/framework.dart 4037:15          Element.updateChild
Android Tests (2)	UNKNOWN STEP	2026-02-25T20:09:02.8059798Z   package:flutter/src/widgets/framework.dart 5841:16          ComponentElement.performRebuild
Android Tests (2)	UNKNOWN STEP	2026-02-25T20:09:02.8060992Z   package:flutter/src/widgets/framework.dart 5529:7           Element.rebuild
Android Tests (2)	UNKNOWN STEP	2026-02-25T20:09:02.8061852Z   package:flutter/src/widgets/framework.dart 6149:5           ProxyElement.update
Android Tests (2)	UNKNOWN STEP	2026-02-25T20:09:02.8062770Z   package:flutter/src/widgets/framework.dart 4037:15          Element.updateChild
Android Tests (2)	UNKNOWN STEP	2026-02-25T20:09:02.8063798Z   package:flutter/src/widgets/framework.dart 5841:16          ComponentElement.performRebuild
Android Tests (2)	UNKNOWN STEP	2026-02-25T20:09:02.8064773Z   package:flutter/src/widgets/framework.dart 5529:7           Element.rebuild
Android Tests (2)	UNKNOWN STEP	2026-02-25T20:09:02.8065660Z   package:flutter/src/widgets/framework.dart 6149:5           ProxyElement.update
Android Tests (2)	UNKNOWN STEP	2026-02-25T20:09:02.8066536Z   package:flutter/src/widgets/framework.dart 4037:15          Element.updateChild
Android Tests (2)	UNKNOWN STEP	2026-02-25T20:09:02.8067600Z   package:flutter/src/widgets/framework.dart 5841:16          ComponentElement.performRebuild
Android Tests (2)	UNKNOWN STEP	2026-02-25T20:09:02.8068670Z   package:flutter/src/widgets/framework.dart 5982:11          StatefulElement.performRebuild
Android Tests (2)	UNKNOWN STEP	2026-02-25T20:09:02.8069658Z   package:flutter/src/widgets/framework.dart 5529:7           Element.rebuild
Android Tests (2)	UNKNOWN STEP	2026-02-25T20:09:02.8070720Z   package:flutter/src/widgets/framework.dart 6007:5           StatefulElement.update
Android Tests (2)	UNKNOWN STEP	2026-02-25T20:09:02.8071647Z   package:flutter/src/widgets/framework.dart 4037:15          Element.updateChild
Android Tests (2)	UNKNOWN STEP	2026-02-25T20:09:02.8072878Z   package:flutter/src/widgets/framework.dart 5841:16          ComponentElement.performRebuild
Android Tests (2)	UNKNOWN STEP	2026-02-25T20:09:02.8073889Z   package:flutter/src/widgets/framework.dart 5529:7           Element.rebuild
Android Tests (2)	UNKNOWN STEP	2026-02-25T20:09:02.8074783Z   package:flutter/src/widgets/framework.dart 6149:5           ProxyElement.update
Android Tests (2)	UNKNOWN STEP	2026-02-25T20:09:02.8075687Z   package:flutter/src/widgets/framework.dart 4037:15          Element.updateChild
Android Tests (2)	UNKNOWN STEP	2026-02-25T20:09:02.8076648Z   package:flutter/src/widgets/framework.dart 5841:16          ComponentElement.performRebuild
Android Tests (2)	UNKNOWN STEP	2026-02-25T20:09:02.8077559Z   package:flutter/src/widgets/framework.dart 5529:7           Element.rebuild
Android Tests (2)	UNKNOWN STEP	2026-02-25T20:09:02.8078431Z   package:flutter/src/widgets/framework.dart 6149:5           ProxyElement.update
Android Tests (2)	UNKNOWN STEP	2026-02-25T20:09:02.8079469Z   package:flutter/src/widgets/inherited_notifier.dart 108:11  _InheritedNotifierElement.update
Android Tests (2)	UNKNOWN STEP	2026-02-25T20:09:02.8080744Z   package:flutter/src/widgets/framework.dart 4037:15          Element.updateChild
Android Tests (2)	UNKNOWN STEP	2026-02-25T20:09:02.8081728Z   package:flutter/src/widgets/framework.dart 5841:16          ComponentElement.performRebuild
Android Tests (2)	UNKNOWN STEP	2026-02-25T20:09:02.8082670Z   package:flutter/src/widgets/framework.dart 5982:11          StatefulElement.performRebuild
Android Tests (2)	UNKNOWN STEP	2026-02-25T20:09:02.8083517Z   package:flutter/src/widgets/framework.dart 5529:7           Element.rebuild
Android Tests (2)	UNKNOWN STEP	2026-02-25T20:09:02.8084342Z   package:flutter/src/widgets/framework.dart 6007:5           StatefulElement.update
Android Tests (2)	UNKNOWN STEP	2026-02-25T20:09:02.8085166Z   package:flutter/src/widgets/framework.dart 4037:15          Element.updateChild
Android Tests (2)	UNKNOWN STEP	2026-02-25T20:09:02.8086051Z   package:flutter/src/widgets/framework.dart 5841:16          ComponentElement.performRebuild
Android Tests (2)	UNKNOWN STEP	2026-02-25T20:09:02.8086947Z   package:flutter/src/widgets/framework.dart 5529:7           Element.rebuild
Android Tests (2)	UNKNOWN STEP	2026-02-25T20:09:02.8087748Z   package:flutter/src/widgets/framework.dart 6149:5           ProxyElement.update
Android Tests (2)	UNKNOWN STEP	2026-02-25T20:09:02.8088837Z   package:flutter/src/widgets/framework.dart 4037:15          Element.updateChild
Android Tests (2)	UNKNOWN STEP	2026-02-25T20:09:02.8089825Z   package:flutter/src/widgets/framework.dart 5841:16          ComponentElement.performRebuild
Android Tests (2)	UNKNOWN STEP	2026-02-25T20:09:02.8090996Z   package:flutter/src/widgets/framework.dart 5529:7           Element.rebuild
Android Tests (2)	UNKNOWN STEP	2026-02-25T20:09:02.8091942Z   package:flutter/src/widgets/framework.dart 5895:5           StatelessElement.update
Android Tests (2)	UNKNOWN STEP	2026-02-25T20:09:02.8092885Z   package:flutter/src/widgets/framework.dart 4037:15          Element.updateChild
Android Tests (2)	UNKNOWN STEP	2026-02-25T20:09:02.8093789Z   package:flutter/src/widgets/framework.dart 5841:16          ComponentElement.performRebuild
Android Tests (2)	UNKNOWN STEP	2026-02-25T20:09:02.8094674Z   package:flutter/src/widgets/framework.dart 5529:7           Element.rebuild
Android Tests (2)	UNKNOWN STEP	2026-02-25T20:09:02.8095550Z   package:flutter/src/widgets/framework.dart 6149:5           ProxyElement.update
Android Tests (2)	UNKNOWN STEP	2026-02-25T20:09:02.8096422Z   package:flutter/src/widgets/framework.dart 4037:15          Element.updateChild
Android Tests (2)	UNKNOWN STEP	2026-02-25T20:09:02.8097387Z   package:flutter/src/widgets/framework.dart 5841:16          ComponentElement.performRebuild
Android Tests (2)	UNKNOWN STEP	2026-02-25T20:09:02.8098334Z   package:flutter/src/widgets/framework.dart 5529:7           Element.rebuild
Android Tests (2)	UNKNOWN STEP	2026-02-25T20:09:02.8099150Z   package:flutter/src/widgets/framework.dart 6149:5           ProxyElement.update
Android Tests (2)	UNKNOWN STEP	2026-02-25T20:09:02.8099999Z   package:flutter/src/widgets/framework.dart 4037:15          Element.updateChild
Android Tests (2)	UNKNOWN STEP	2026-02-25T20:09:02.8101177Z   package:flutter/src/widgets/framework.dart 5841:16          ComponentElement.performRebuild
Android Tests (2)	UNKNOWN STEP	2026-02-25T20:09:02.8102216Z   package:flutter/src/widgets/framework.dart 5982:11          StatefulElement.performRebuild
Android Tests (2)	UNKNOWN STEP	2026-02-25T20:09:02.8103166Z   package:flutter/src/widgets/framework.dart 5529:7           Element.rebuild
Android Tests (2)	UNKNOWN STEP	2026-02-25T20:09:02.8104020Z   package:flutter/src/widgets/framework.dart 2750:15          BuildScope._tryRebuild
Android Tests (2)	UNKNOWN STEP	2026-02-25T20:09:02.8105038Z   package:flutter/src/widgets/framework.dart 2807:11          BuildScope._flushDirtyElements
Android Tests (2)	UNKNOWN STEP	2026-02-25T20:09:02.8106073Z   package:flutter/src/widgets/framework.dart 3111:18          BuildOwner.buildScope
Android Tests (2)	UNKNOWN STEP	2026-02-25T20:09:02.8107446Z   package:flutter/src/widgets/binding.dart 1302:21            WidgetsBinding.drawFrame
Android Tests (2)	UNKNOWN STEP	2026-02-25T20:09:02.8108490Z   package:flutter/src/rendering/binding.dart 495:5            RendererBinding._handlePersistentFrameCallback
Android Tests (2)	UNKNOWN STEP	2026-02-25T20:09:02.8109567Z   package:flutter/src/scheduler/binding.dart 1430:15          SchedulerBinding._invokeFrameCallback
Android Tests (2)	UNKNOWN STEP	2026-02-25T20:09:02.8110773Z   package:flutter/src/scheduler/binding.dart 1345:9           SchedulerBinding.handleDrawFrame
Android Tests (2)	UNKNOWN STEP	2026-02-25T20:09:02.8111845Z   package:flutter_test/src/binding.dart 2511:13               LiveTestWidgetsFlutterBinding.handleDrawFrame
Android Tests (2)	UNKNOWN STEP	2026-02-25T20:09:02.8113010Z   package:flutter/src/scheduler/binding.dart 1198:5           SchedulerBinding._handleDrawFrame
Android Tests (2)	UNKNOWN STEP	2026-02-25T20:09:02.8113748Z   
Android Tests (2)	UNKNOWN STEP	2026-02-25T20:09:04.6816935Z Feed reached.
Android Tests (2)	UNKNOWN STEP	2026-02-25T20:09:04.6920860Z ✓ Test rooms are visible in the app
Android Tests (2)	UNKNOWN STEP	2026-02-25T20:09:04.8121833Z checking room test_avatar id: !ShTNTssUAgeEkKKcqS:test.matrix.local
Android Tests (2)	UNKNOWN STEP	2026-02-25T20:09:04.8215070Z checking room test_invite_only id: !UdBbYKJgsgaXFdrlEo:test.matrix.local
Android Tests (2)	UNKNOWN STEP	2026-02-25T20:09:04.8403155Z checking room test_art id: !YuhjOISIfZhLragliP:test.matrix.local
Android Tests (2)	UNKNOWN STEP	2026-02-25T20:09:04.8404130Z checking room test_general id: !DlWKTIGJcjOZAEtWzt:test.matrix.local
Android Tests (2)	UNKNOWN STEP	2026-02-25T20:09:04.8405100Z checking room test_photos id: !lQXHPeEtQZdRRKZqeM:test.matrix.local
Android Tests (2)	UNKNOWN STEP	2026-02-25T20:09:04.8538582Z start quering new events...
Android Tests (2)	UNKNOWN STEP	2026-02-25T20:09:04.8632850Z finished...
Android Tests (2)	UNKNOWN STEP	2026-02-25T20:09:04.8803285Z ret is empty...
Android Tests (2)	UNKNOWN STEP	2026-02-25T20:09:04.8803945Z no new things to append...
Android Tests (2)	UNKNOWN STEP	2026-02-25T20:09:05.7020141Z   'package:flutter_test/src/binding.dart': Failed assertion: line 1440 pos 14: 'Zone.current == _parentZone': is not true.
Android Tests (2)	UNKNOWN STEP	2026-02-25T20:09:05.7021710Z   dart:core                                                                  _AssertionError._throwNew
Android Tests (2)	UNKNOWN STEP	2026-02-25T20:09:05.7022708Z   package:flutter_test/src/binding.dart 1440:14                              TestWidgetsFlutterBinding._createTestCompletionHandler.<fn>
Android Tests (2)	UNKNOWN STEP	2026-02-25T20:09:05.7023602Z   ===== asynchronous gap ===========================
Android Tests (2)	UNKNOWN STEP	2026-02-25T20:09:05.7024001Z   dart:async                                                                 Future.whenComplete
Android Tests (2)	UNKNOWN STEP	2026-02-25T20:09:05.7024907Z   package:flutter_test/src/binding.dart 1661:10                              TestWidgetsFlutterBinding._runTest
Android Tests (2)	UNKNOWN STEP	2026-02-25T20:09:05.7025774Z   package:flutter_test/src/binding.dart 2759:12                              LiveTestWidgetsFlutterBinding.runTest
Android Tests (2)	UNKNOWN STEP	2026-02-25T20:09:05.7026535Z   package:integration_test/integration_test.dart 237:17                      IntegrationTestWidgetsFlutterBinding.runTest
Android Tests (2)	UNKNOWN STEP	2026-02-25T20:09:05.7027286Z   package:flutter_test/src/widget_tester.dart 184:24                         testWidgets.<fn>
Android Tests (2)	UNKNOWN STEP	2026-02-25T20:09:05.7027763Z   ===== asynchronous gap ===========================
Android Tests (2)	UNKNOWN STEP	2026-02-25T20:09:05.7028179Z   package:stream_channel                                                     _GuaranteeSink.add
Android Tests (2)	UNKNOWN STEP	2026-02-25T20:09:05.7028760Z   tmp/flutter_tools.JJIGID/flutter_test_listener.KPWTLP/listener.dart 56:22  main.<fn>
Android Tests (2)	UNKNOWN STEP	2026-02-25T20:09:05.7029194Z   
Android Tests (2)	UNKNOWN STEP	2026-02-25T20:09:05.8258304Z 02:23 +0 -1: /home/runner/work/substitution/substitution/integration_test/room_discovery_with_matrix_test.dart: (tearDownAll)
Android Tests (2)	UNKNOWN STEP	2026-02-25T20:09:12.2041407Z 02:30 +0 -1: loading /home/runner/work/substitution/substitution/integration_test/multi_user_correspondence_test.dart
Android Tests (2)	UNKNOWN STEP	2026-02-25T20:09:44.9155360Z Running Gradle task 'assembleDebug'...                             32.7s
Android Tests (2)	UNKNOWN STEP	2026-02-25T20:09:46.0436679Z ✓ Built build/app/outputs/flutter-apk/app-debug.apk
Android Tests (2)	UNKNOWN STEP	2026-02-25T20:10:02.4118897Z Installing build/app/outputs/flutter-apk/app-debug.apk...          15.9s
Android Tests (2)	UNKNOWN STEP	2026-02-25T20:10:40.5869817Z 03:58 +0 -1: /home/runner/work/substitution/substitution/integration_test/multi_user_correspondence_test.dart: (setUpAll)
Android Tests (2)	UNKNOWN STEP	2026-02-25T20:10:41.2171439Z 03:59 +0 -1: /home/runner/work/substitution/substitution/integration_test/multi_user_correspondence_test.dart: Multi-User Correspondence with Real Matrix Server STRICT: Messages display sender information
Android Tests (2)	UNKNOWN STEP	2026-02-25T20:10:53.7419723Z Waiting for globalMatrixClient to be initialized...
Android Tests (2)	UNKNOWN STEP	2026-02-25T20:10:57.8127124Z [90m[🌎 Easy Localization] [DEBUG] Localization initialized[0m
Android Tests (2)	UNKNOWN STEP	2026-02-25T20:10:57.8314015Z [Matrix] [32mInitialize client Substitution[0m
Android Tests (2)	UNKNOWN STEP	2026-02-25T20:10:58.1242870Z [Matrix] [32mUser is not logged in.[0m
Android Tests (2)	UNKNOWN STEP	2026-02-25T20:10:58.5497954Z [90m[🌎 Easy Localization] [DEBUG] Start[0m
Android Tests (2)	UNKNOWN STEP	2026-02-25T20:10:58.9646423Z [90m[🌎 Easy Localization] [DEBUG] Init state[0m
Android Tests (2)	UNKNOWN STEP	2026-02-25T20:10:59.0276675Z [90m[🌎 Easy Localization] [DEBUG] Build[0m
Android Tests (2)	UNKNOWN STEP	2026-02-25T20:10:59.0482064Z [90m[🌎 Easy Localization] [DEBUG] Init Localization Delegate[0m
Android Tests (2)	UNKNOWN STEP	2026-02-25T20:10:59.0650040Z [90m[🌎 Easy Localization] [DEBUG] Init provider[0m
Android Tests (2)	UNKNOWN STEP	2026-02-25T20:11:04.5292466Z [90m[🌎 Easy Localization] [DEBUG] Load Localization Delegate[0m
Android Tests (2)	UNKNOWN STEP	2026-02-25T20:11:04.6476630Z [90m[🌎 Easy Localization] [DEBUG] Load asset from assets/translations[0m
Android Tests (2)	UNKNOWN STEP	2026-02-25T20:11:08.4030008Z globalMatrixClient initialized!
Android Tests (2)	UNKNOWN STEP	2026-02-25T20:11:08.5011283Z Android detected: Translated localhost to http://10.0.2.2:8008
Android Tests (2)	UNKNOWN STEP	2026-02-25T20:11:08.5012411Z Step 1: Checking for Age Gate, Intro, or Login fields...
Android Tests (2)	UNKNOWN STEP	2026-02-25T20:11:09.1654222Z [90m[🌎 Easy Localization] [DEBUG] Build[0m
Android Tests (2)	UNKNOWN STEP	2026-02-25T20:11:09.1655606Z [90m[🌎 Easy Localization] [DEBUG] Init Localization Delegate[0m
Android Tests (2)	UNKNOWN STEP	2026-02-25T20:11:09.1656623Z [90m[🌎 Easy Localization] [DEBUG] Init provider[0m
Android Tests (2)	UNKNOWN STEP	2026-02-25T20:11:27.8507041Z Found screen! AgeGate: false, Intro: true, Username: false, Host: false
Android Tests (2)	UNKNOWN STEP	2026-02-25T20:11:27.9013111Z Step 2: Navigating through onboarding...
Android Tests (2)	UNKNOWN STEP	2026-02-25T20:11:31.7594516Z Tapping Next button at step 0...
Android Tests (2)	UNKNOWN STEP	2026-02-25T20:11:40.0292136Z Tapping Next button at step 1...
Android Tests (2)	UNKNOWN STEP	2026-02-25T20:11:49.2796039Z Reached target page at step 2. Host: true, Username: false
Android Tests (2)	UNKNOWN STEP	2026-02-25T20:11:49.2889517Z Onboarding navigation complete.
Android Tests (2)	UNKNOWN STEP	2026-02-25T20:11:49.3494246Z Step 3: Entering host URL: http://10.0.2.2:8008
Android Tests (2)	UNKNOWN STEP	2026-02-25T20:11:55.7329602Z Tapping host submit button...
Android Tests (2)	UNKNOWN STEP	2026-02-25T20:11:59.7261657Z Waiting for login page to appear...
Android Tests (2)	UNKNOWN STEP	2026-02-25T20:12:09.5139177Z Login page reached.
Android Tests (2)	UNKNOWN STEP	2026-02-25T20:12:09.5266194Z Step 4: Looking for login fields...
Android Tests (2)	UNKNOWN STEP	2026-02-25T20:12:09.6229147Z Entering username: testuser1
Android Tests (2)	UNKNOWN STEP	2026-02-25T20:12:13.5476183Z Entering password...
Android Tests (2)	UNKNOWN STEP	2026-02-25T20:12:16.9416720Z Tapping login submit button...
Android Tests (2)	UNKNOWN STEP	2026-02-25T20:12:19.6467697Z Step 5: Waiting for finished page (introGoButton)...
Android Tests (2)	UNKNOWN STEP	2026-02-25T20:12:20.6450982Z [Matrix] [32mInitialize client Substitution[0m
Android Tests (2)	UNKNOWN STEP	2026-02-25T20:12:23.6737140Z [Matrix] [32mSuccessfully connected as testuser1 with http://10.0.2.2:8008[0m
Android Tests (2)	UNKNOWN STEP	2026-02-25T20:12:33.6738863Z Finished page reached.
Android Tests (2)	UNKNOWN STEP	2026-02-25T20:12:33.6929065Z Tapping Go button...
Android Tests (2)	UNKNOWN STEP	2026-02-25T20:12:33.8588472Z Waiting for feed (Scrollable)...
Android Tests (2)	UNKNOWN STEP	2026-02-25T20:12:38.0515896Z Feed reached.
Android Tests (2)	UNKNOWN STEP	2026-02-25T20:12:38.1141015Z ⚠ find.byType(CircleAvatar) not found (MUST show user avatars with messages) - skipping
Android Tests (2)	UNKNOWN STEP	2026-02-25T20:12:39.5067886Z 05:57 +1 -1: /home/runner/work/substitution/substitution/integration_test/multi_user_correspondence_test.dart: (tearDownAll)
Android Tests (2)	UNKNOWN STEP	2026-02-25T20:12:45.1307629Z 06:03 +1 -1: loading /home/runner/work/substitution/substitution/integration_test/feed_merging_test.dart
Android Tests (2)	UNKNOWN STEP	2026-02-25T20:13:17.3262342Z Running Gradle task 'assembleDebug'...                             32.2s
Android Tests (2)	UNKNOWN STEP	2026-02-25T20:13:18.2084468Z ✓ Built build/app/outputs/flutter-apk/app-debug.apk
Android Tests (2)	UNKNOWN STEP	2026-02-25T20:13:31.2653961Z Installing build/app/outputs/flutter-apk/app-debug.apk...          12.6s
Android Tests (2)	UNKNOWN STEP	2026-02-25T20:14:15.0018316Z 07:32 +1 -1: loading /home/runner/work/substitution/substitution/integration_test/followfeeds_with_matrix_test.dart
Android Tests (2)	UNKNOWN STEP	2026-02-25T20:14:47.1085881Z Running Gradle task 'assembleDebug'...                             32.1s
Android Tests (2)	UNKNOWN STEP	2026-02-25T20:14:47.9899819Z ✓ Built build/app/outputs/flutter-apk/app-debug.apk
Android Tests (2)	UNKNOWN STEP	2026-02-25T20:15:00.4666036Z Installing build/app/outputs/flutter-apk/app-debug.apk...          12.1s
Android Tests (2)	UNKNOWN STEP	2026-02-25T20:15:46.3286787Z 09:04 +1 -1: loading /home/runner/work/substitution/substitution/integration_test/onboarding_and_login_test.dart
Android Tests (2)	UNKNOWN STEP	2026-02-25T20:16:18.6224951Z Running Gradle task 'assembleDebug'...                             32.3s
Android Tests (2)	UNKNOWN STEP	2026-02-25T20:16:19.5079810Z ✓ Built build/app/outputs/flutter-apk/app-debug.apk
Android Tests (2)	UNKNOWN STEP	2026-02-25T20:16:33.1461939Z Installing build/app/outputs/flutter-apk/app-debug.apk...          12.8s
Android Tests (2)	UNKNOWN STEP	2026-02-25T20:17:20.5135269Z 10:38 +1 -1: loading /home/runner/work/substitution/substitution/integration_test/profile_edit_test.dart
Android Tests (2)	UNKNOWN STEP	2026-02-25T20:17:42.6775106Z Running Gradle task 'assembleDebug'...                             22.1s
Android Tests (2)	UNKNOWN STEP	2026-02-25T20:17:43.5609498Z ✓ Built build/app/outputs/flutter-apk/app-debug.apk
Android Tests (2)	UNKNOWN STEP	2026-02-25T20:17:56.3423270Z Installing build/app/outputs/flutter-apk/app-debug.apk...          12.4s
Android Tests (2)	UNKNOWN STEP	2026-02-25T20:18:37.8493978Z 11:55 +1 -1: loading /home/runner/work/substitution/substitution/integration_test/feed_with_matrix_test.dart
Android Tests (2)	UNKNOWN STEP	2026-02-25T20:19:09.4865637Z Running Gradle task 'assembleDebug'...                             31.6s
Android Tests (2)	UNKNOWN STEP	2026-02-25T20:19:10.6668441Z ✓ Built build/app/outputs/flutter-apk/app-debug.apk
Android Tests (2)	UNKNOWN STEP	2026-02-25T20:19:27.1641127Z Installing build/app/outputs/flutter-apk/app-debug.apk...          15.7s
Android Tests (2)	UNKNOWN STEP	2026-02-25T20:20:05.2607022Z 13:23 +1 -1: /home/runner/work/substitution/substitution/integration_test/feed_with_matrix_test.dart: (setUpAll)
Android Tests (2)	UNKNOWN STEP	2026-02-25T20:20:05.8744823Z 13:23 +1 -1: /home/runner/work/substitution/substitution/integration_test/feed_with_matrix_test.dart: Feed with Real Matrix Server Feed displays content from test_general room (has 5 messages)
Android Tests (2)	UNKNOWN STEP	2026-02-25T20:20:18.1432473Z Waiting for globalMatrixClient to be initialized...
Android Tests (2)	UNKNOWN STEP	2026-02-25T20:20:21.1514233Z [90m[🌎 Easy Localization] [DEBUG] Localization initialized[0m
Android Tests (2)	UNKNOWN STEP	2026-02-25T20:20:21.2809094Z [Matrix] [32mInitialize client Substitution[0m
Android Tests (2)	UNKNOWN STEP	2026-02-25T20:20:21.7940338Z [Matrix] [32mUser is not logged in.[0m
Android Tests (2)	UNKNOWN STEP	2026-02-25T20:20:21.9905690Z [90m[🌎 Easy Localization] [DEBUG] Start[0m
Android Tests (2)	UNKNOWN STEP	2026-02-25T20:20:22.3818109Z [90m[🌎 Easy Localization] [DEBUG] Init state[0m
Android Tests (2)	UNKNOWN STEP	2026-02-25T20:20:22.4487882Z [90m[🌎 Easy Localization] [DEBUG] Build[0m
Android Tests (2)	UNKNOWN STEP	2026-02-25T20:20:22.4741363Z [90m[🌎 Easy Localization] [DEBUG] Init Localization Delegate[0m
Android Tests (2)	UNKNOWN STEP	2026-02-25T20:20:22.4940807Z [90m[🌎 Easy Localization] [DEBUG] Init provider[0m
Android Tests (2)	UNKNOWN STEP	2026-02-25T20:20:27.3576072Z [90m[🌎 Easy Localization] [DEBUG] Load Localization Delegate[0m
Android Tests (2)	UNKNOWN STEP	2026-02-25T20:20:27.4160868Z [90m[🌎 Easy Localization] [DEBUG] Load asset from assets/translations[0m
Android Tests (2)	UNKNOWN STEP	2026-02-25T20:20:31.1030313Z globalMatrixClient initialized!
Android Tests (2)	UNKNOWN STEP	2026-02-25T20:20:31.1413664Z Android detected: Translated localhost to http://10.0.2.2:8008
Android Tests (2)	UNKNOWN STEP	2026-02-25T20:20:31.1536561Z Step 1: Checking for Age Gate, Intro, or Login fields...
Android Tests (2)	UNKNOWN STEP	2026-02-25T20:20:31.8298915Z [90m[🌎 Easy Localization] [DEBUG] Build[0m
Android Tests (2)	UNKNOWN STEP	2026-02-25T20:20:31.9579165Z [90m[🌎 Easy Localization] [DEBUG] Init Localization Delegate[0m
Android Tests (2)	UNKNOWN STEP	2026-02-25T20:20:31.9761235Z [90m[🌎 Easy Localization] [DEBUG] Init provider[0m
Android Tests (2)	UNKNOWN STEP	2026-02-25T20:20:51.6361047Z Found screen! AgeGate: false, Intro: true, Username: false, Host: false
Android Tests (2)	UNKNOWN STEP	2026-02-25T20:20:51.7075222Z Step 2: Navigating through onboarding...
Android Tests (2)	UNKNOWN STEP	2026-02-25T20:20:55.5372167Z Tapping Next button at step 0...
Android Tests (2)	UNKNOWN STEP	2026-02-25T20:21:04.1538700Z Tapping Next button at step 1...
Android Tests (2)	UNKNOWN STEP	2026-02-25T20:21:14.3235443Z Reached target page at step 2. Host: true, Username: false
Android Tests (2)	UNKNOWN STEP	2026-02-25T20:21:14.3748818Z Onboarding navigation complete.
Android Tests (2)	UNKNOWN STEP	2026-02-25T20:21:14.4220063Z Step 3: Entering host URL: http://10.0.2.2:8008
Android Tests (2)	UNKNOWN STEP	2026-02-25T20:21:23.4628747Z Tapping host submit button...
Android Tests (2)	UNKNOWN STEP	2026-02-25T20:21:27.6841922Z Waiting for login page to appear...
Android Tests (2)	UNKNOWN STEP	2026-02-25T20:21:37.7576703Z Login page reached.
Android Tests (2)	UNKNOWN STEP	2026-02-25T20:21:37.8060010Z Step 4: Looking for login fields...
Android Tests (2)	UNKNOWN STEP	2026-02-25T20:21:37.8977554Z Entering username: testuser1
Android Tests (2)	UNKNOWN STEP	2026-02-25T20:21:41.5124898Z Entering password...
Android Tests (2)	UNKNOWN STEP	2026-02-25T20:21:45.1923724Z Tapping login submit button...
Android Tests (2)	UNKNOWN STEP	2026-02-25T20:21:47.9766777Z Step 5: Waiting for finished page (introGoButton)...
Android Tests (2)	UNKNOWN STEP	2026-02-25T20:21:49.0098342Z [Matrix] [32mInitialize client Substitution[0m
Android Tests (2)	UNKNOWN STEP	2026-02-25T20:21:52.1410257Z [Matrix] [32mSuccessfully connected as testuser1 with http://10.0.2.2:8008[0m
Android Tests (2)	UNKNOWN STEP	2026-02-25T20:22:04.0108449Z Finished page reached.
Android Tests (2)	UNKNOWN STEP	2026-02-25T20:22:04.0241839Z Tapping Go button...
Android Tests (2)	UNKNOWN STEP	2026-02-25T20:22:04.2305663Z Waiting for feed (Scrollable)...
Android Tests (2)	UNKNOWN STEP	2026-02-25T20:22:08.2635049Z 15:26 +1 -2: /home/runner/work/substitution/substitution/integration_test/feed_with_matrix_test.dart: Feed with Real Matrix Server Feed displays content from test_general room (has 5 messages) [E]
Android Tests (2)	UNKNOWN STEP	2026-02-25T20:22:08.2637219Z   TimeoutException after 0:02:00.000000: Test timed out after 2 minutes.
Android Tests (2)	UNKNOWN STEP	2026-02-25T20:22:08.2638094Z   dart:isolate  _RawReceivePort._handleMessage
Android Tests (2)	UNKNOWN STEP	2026-02-25T20:22:08.2638697Z   
Android Tests (2)	UNKNOWN STEP	2026-02-25T20:22:09.3031448Z   'package:flutter_test/src/binding.dart': Failed assertion: line 2780 pos 12: '!_expectingFrame': is not true.
Android Tests (2)	UNKNOWN STEP	2026-02-25T20:22:09.3032836Z   dart:core                                                                  _AssertionError._throwNew
Android Tests (2)	UNKNOWN STEP	2026-02-25T20:22:09.3034204Z   package:flutter_test/src/binding.dart 2780:12                              LiveTestWidgetsFlutterBinding.postTest
Android Tests (2)	UNKNOWN STEP	2026-02-25T20:22:09.3035357Z   ===== asynchronous gap ===========================
Android Tests (2)	UNKNOWN STEP	2026-02-25T20:22:09.3036266Z   package:stream_channel                                                     _GuaranteeSink.add
Android Tests (2)	UNKNOWN STEP	2026-02-25T20:22:09.3037441Z   tmp/flutter_tools.JJIGID/flutter_test_listener.AOBSTJ/listener.dart 56:22  main.<fn>
Android Tests (2)	UNKNOWN STEP	2026-02-25T20:22:09.3038339Z   
Android Tests (2)	UNKNOWN STEP	2026-02-25T20:22:11.1379199Z Feed reached.
Android Tests (2)	UNKNOWN STEP	2026-02-25T20:22:12.1214264Z 15:30 +1 -2: /home/runner/work/substitution/substitution/integration_test/feed_with_matrix_test.dart: (tearDownAll)
Android Tests (2)	UNKNOWN STEP	2026-02-25T20:22:12.4695475Z 15:30 +1 -2: /home/runner/work/substitution/substitution/integration_test/feed_with_matrix_test.dart: Feed with Real Matrix Server Feed displays content from test_general room (has 5 messages)
Android Tests (2)	UNKNOWN STEP	2026-02-25T20:22:12.4696698Z checking room test_avatar id: !ShTNTssUAgeEkKKcqS:test.matrix.local
Android Tests (2)	UNKNOWN STEP	2026-02-25T20:22:12.5133541Z checking room test_invite_only id: !UdBbYKJgsgaXFdrlEo:test.matrix.local
Android Tests (2)	UNKNOWN STEP	2026-02-25T20:22:12.5308634Z checking room test_art id: !YuhjOISIfZhLragliP:test.matrix.local
Android Tests (2)	UNKNOWN STEP	2026-02-25T20:22:12.5564713Z checking room test_general id: !DlWKTIGJcjOZAEtWzt:test.matrix.local
Android Tests (2)	UNKNOWN STEP	2026-02-25T20:22:12.5600926Z checking room test_photos id: !lQXHPeEtQZdRRKZqeM:test.matrix.local
Android Tests (2)	UNKNOWN STEP	2026-02-25T20:22:12.5658340Z start quering new events...
Android Tests (2)	UNKNOWN STEP	2026-02-25T20:22:12.6463719Z finished...
Android Tests (2)	UNKNOWN STEP	2026-02-25T20:22:12.6465438Z ret is empty...
Android Tests (2)	UNKNOWN STEP	2026-02-25T20:22:12.6465981Z no new things to append...
Android Tests (2)	UNKNOWN STEP	2026-02-25T20:22:17.6851726Z 15:35 +1 -2: loading /home/runner/work/substitution/substitution/integration_test/login_debug_test.dart
Android Tests (2)	UNKNOWN STEP	2026-02-25T20:22:48.5463341Z Running Gradle task 'assembleDebug'...                             30.8s
Android Tests (2)	UNKNOWN STEP	2026-02-25T20:22:49.6725931Z ✓ Built build/app/outputs/flutter-apk/app-debug.apk
Android Tests (2)	UNKNOWN STEP	2026-02-25T20:23:02.6377613Z Installing build/app/outputs/flutter-apk/app-debug.apk...          12.5s
Android Tests (2)	UNKNOWN STEP	2026-02-25T20:23:44.4056828Z 17:02 +1 -2: loading /home/runner/work/substitution/substitution/integration_test/profile_view_test.dart
Android Tests (2)	UNKNOWN STEP	2026-02-25T20:24:07.2368606Z Running Gradle task 'assembleDebug'...                             22.8s
Android Tests (2)	UNKNOWN STEP	2026-02-25T20:24:08.1200425Z ✓ Built build/app/outputs/flutter-apk/app-debug.apk
Android Tests (2)	UNKNOWN STEP	2026-02-25T20:24:20.8013220Z Installing build/app/outputs/flutter-apk/app-debug.apk...          12.3s
Android Tests (2)	UNKNOWN STEP	2026-02-25T20:24:56.6969394Z Warning: A tag was used that wasn't specified in dart_test.yaml.
Android Tests (2)	UNKNOWN STEP	2026-02-25T20:24:56.6970463Z   integration was used in the suite itself
Android Tests (2)	UNKNOWN STEP	2026-02-25T20:24:56.6972010Z 
Android Tests (2)	UNKNOWN STEP	2026-02-25T20:25:00.5854620Z 18:18 +1 -2: loading /home/runner/work/substitution/substitution/integration_test/offline_test.dart
Android Tests (2)	UNKNOWN STEP	2026-02-25T20:25:22.4158199Z Running Gradle task 'assembleDebug'...                             21.8s
Android Tests (2)	UNKNOWN STEP	2026-02-25T20:25:23.3177375Z ✓ Built build/app/outputs/flutter-apk/app-debug.apk
Android Tests (2)	UNKNOWN STEP	2026-02-25T20:25:35.7806748Z Installing build/app/outputs/flutter-apk/app-debug.apk...          12.1s
Android Tests (2)	UNKNOWN STEP	2026-02-25T20:26:12.6458587Z Warning: A tag was used that wasn't specified in dart_test.yaml.
Android Tests (2)	UNKNOWN STEP	2026-02-25T20:26:12.6461276Z   integration was used in the suite itself
Android Tests (2)	UNKNOWN STEP	2026-02-25T20:26:12.6461670Z 
Android Tests (2)	UNKNOWN STEP	2026-02-25T20:26:16.6053009Z 19:34 +1 -2: loading /home/runner/work/substitution/substitution/integration_test/comment_nesting_test.dart
Android Tests (2)	UNKNOWN STEP	2026-02-25T20:26:47.7693580Z Running Gradle task 'assembleDebug'...                             31.1s
Android Tests (2)	UNKNOWN STEP	2026-02-25T20:26:48.9145053Z ✓ Built build/app/outputs/flutter-apk/app-debug.apk
Android Tests (2)	UNKNOWN STEP	2026-02-25T20:27:04.9651724Z Installing build/app/outputs/flutter-apk/app-debug.apk...          15.6s
Android Tests (2)	UNKNOWN STEP	2026-02-25T20:28:02.5910835Z 21:20 +1 -2: loading /home/runner/work/substitution/substitution/integration_test/refresh_logic_with_matrix_test.dart
Android Tests (2)	UNKNOWN STEP	2026-02-25T20:28:34.4198291Z Running Gradle task 'assembleDebug'...                             31.8s
Android Tests (2)	UNKNOWN STEP	2026-02-25T20:28:35.5524213Z ✓ Built build/app/outputs/flutter-apk/app-debug.apk
Android Tests (2)	UNKNOWN STEP	2026-02-25T20:28:51.3345442Z Installing build/app/outputs/flutter-apk/app-debug.apk...          15.4s
Android Tests (2)	UNKNOWN STEP	2026-02-25T20:29:37.8721388Z 22:55 +1 -2: loading /home/runner/work/substitution/substitution/integration_test/logout_test.dart
Android Tests (2)	UNKNOWN STEP	2026-02-25T20:30:09.1436211Z Running Gradle task 'assembleDebug'...                             31.2s
Android Tests (2)	UNKNOWN STEP	2026-02-25T20:30:10.0091756Z ✓ Built build/app/outputs/flutter-apk/app-debug.apk
Android Tests (2)	UNKNOWN STEP	2026-02-25T20:30:22.5837770Z Installing build/app/outputs/flutter-apk/app-debug.apk...          12.1s
Android Tests (2)	UNKNOWN STEP	2026-02-25T20:31:06.4367853Z 24:24 +1 -2: loading /home/runner/work/substitution/substitution/integration_test/registration_button_test.dart
Android Tests (2)	UNKNOWN STEP	2026-02-25T20:31:38.3783985Z Running Gradle task 'assembleDebug'...                             31.9s
Android Tests (2)	UNKNOWN STEP	2026-02-25T20:31:39.2538274Z ✓ Built build/app/outputs/flutter-apk/app-debug.apk
Android Tests (2)	UNKNOWN STEP	2026-02-25T20:31:51.6119890Z Installing build/app/outputs/flutter-apk/app-debug.apk...          11.9s
Android Tests (2)	UNKNOWN STEP	2026-02-25T20:32:35.1423967Z 25:53 +1 -2: loading /home/runner/work/substitution/substitution/integration_test/room_feed_test.dart
Android Tests (2)	UNKNOWN STEP	2026-02-25T20:32:57.1044531Z Running Gradle task 'assembleDebug'...                             21.9s
Android Tests (2)	UNKNOWN STEP	2026-02-25T20:32:58.0315922Z ✓ Built build/app/outputs/flutter-apk/app-debug.apk
Android Tests (2)	UNKNOWN STEP	2026-02-25T20:33:10.9587004Z Installing build/app/outputs/flutter-apk/app-debug.apk...          12.5s
Android Tests (2)	UNKNOWN STEP	2026-02-25T20:33:48.0006892Z Warning: A tag was used that wasn't specified in dart_test.yaml.
Android Tests (2)	UNKNOWN STEP	2026-02-25T20:33:48.0007759Z   integration was used in the suite itself
Android Tests (2)	UNKNOWN STEP	2026-02-25T20:33:48.0008219Z 
Android Tests (2)	UNKNOWN STEP	2026-02-25T20:33:52.5372564Z 27:10 +1 -2: loading /home/runner/work/substitution/substitution/integration_test/room_permissions_test.dart
Android Tests (2)	UNKNOWN STEP	2026-02-25T20:34:07.7708036Z Running Gradle task 'assembleDebug'...                          [0;31m[ERROR][0m Android tests failed (exit 124, 2 failed)
Android Tests (2)	UNKNOWN STEP	2026-02-25T20:34:07.7709113Z [0;31m[ERROR][0m Android tests had failures
Android Tests (2)	UNKNOWN STEP	2026-02-25T20:34:07.7709463Z 
Android Tests (2)	UNKNOWN STEP	2026-02-25T20:34:07.7709920Z [1m══════════════════════════════════════════════════════════[0m
Android Tests (2)	UNKNOWN STEP	2026-02-25T20:34:07.7712462Z [1m  Test Results Summary[0m
Android Tests (2)	UNKNOWN STEP	2026-02-25T20:34:07.7713271Z [1m══════════════════════════════════════════════════════════[0m
Android Tests (2)	UNKNOWN STEP	2026-02-25T20:34:07.7713716Z 
Android Tests (2)	UNKNOWN STEP	2026-02-25T20:34:07.7713968Z   TARGET             PASSED   FAILED  SKIPPED   DURATION
Android Tests (2)	UNKNOWN STEP	2026-02-25T20:34:07.7714664Z   ──────────────── ──────── ──────── ──────── ──────────
Android Tests (2)	UNKNOWN STEP	2026-02-25T20:34:07.7715347Z   [0;31mandroid         [0m        1        2        0     40m 0s
Android Tests (2)	UNKNOWN STEP	2026-02-25T20:34:07.7715732Z 
Android Tests (2)	UNKNOWN STEP	2026-02-25T20:34:07.7715996Z   ──────────────── ──────── ──────── ────────
Android Tests (2)	UNKNOWN STEP	2026-02-25T20:34:07.7716570Z   [0;31mTOTAL                   1        2        0[0m
Android Tests (2)	UNKNOWN STEP	2026-02-25T20:34:07.7716905Z 
Android Tests (2)	UNKNOWN STEP	2026-02-25T20:34:07.7717110Z   [0;31m[1mRESULT: FAILED[0m
Android Tests (2)	UNKNOWN STEP	2026-02-25T20:34:07.7717451Z 
Android Tests (2)	UNKNOWN STEP	2026-02-25T20:34:07.7718001Z [1m══════════════════════════════════════════════════════════[0m
Android Tests (2)	UNKNOWN STEP	2026-02-25T20:34:07.7718574Z 
Android Tests (2)	UNKNOWN STEP	2026-02-25T20:34:07.7718868Z [0;34m[INFO][0m Cleaning up...
Android Tests (2)	UNKNOWN STEP	2026-02-25T20:34:07.8029121Z ##[group]Run echo "=== test-results/ ==="
Android Tests (2)	UNKNOWN STEP	2026-02-25T20:34:07.8029623Z [36;1mecho "=== test-results/ ==="[0m
Android Tests (2)	UNKNOWN STEP	2026-02-25T20:34:07.8030030Z [36;1mls -la test-results/ 2>/dev/null || echo "(no test-results dir)"[0m
Android Tests (2)	UNKNOWN STEP	2026-02-25T20:34:07.8030410Z [36;1mfor f in test-results/*.log; do[0m
Android Tests (2)	UNKNOWN STEP	2026-02-25T20:34:07.8030878Z [36;1m  [ -f "$f" ] || continue[0m
Android Tests (2)	UNKNOWN STEP	2026-02-25T20:34:07.8031110Z [36;1m  echo ""[0m
Android Tests (2)	UNKNOWN STEP	2026-02-25T20:34:07.8031307Z [36;1m  echo "=== $f ==="[0m
Android Tests (2)	UNKNOWN STEP	2026-02-25T20:34:07.8031520Z [36;1m  tail -100 "$f"[0m
Android Tests (2)	UNKNOWN STEP	2026-02-25T20:34:07.8031884Z [36;1mdone[0m
Android Tests (2)	UNKNOWN STEP	2026-02-25T20:34:07.8767982Z shell: /usr/bin/bash -e {0}
Android Tests (2)	UNKNOWN STEP	2026-02-25T20:34:07.8768319Z env:
Android Tests (2)	UNKNOWN STEP	2026-02-25T20:34:07.8768565Z   CACHE_VERSION: v1
Android Tests (2)	UNKNOWN STEP	2026-02-25T20:34:07.8769011Z   JAVA_HOME: /opt/hostedtoolcache/Java_Temurin-Hotspot_jdk/17.0.18-8/x64
Android Tests (2)	UNKNOWN STEP	2026-02-25T20:34:07.8769713Z   JAVA_HOME_17_X64: /opt/hostedtoolcache/Java_Temurin-Hotspot_jdk/17.0.18-8/x64
Android Tests (2)	UNKNOWN STEP	2026-02-25T20:34:07.8770424Z   FLUTTER_ROOT: /opt/hostedtoolcache/flutter/stable-3.41.2-x64
Android Tests (2)	UNKNOWN STEP	2026-02-25T20:34:07.8771103Z   PUB_CACHE: /home/runner/.pub-cache
Android Tests (2)	UNKNOWN STEP	2026-02-25T20:34:07.8771491Z   ANDROID_AVD_HOME: /home/runner/.android/avd
Android Tests (2)	UNKNOWN STEP	2026-02-25T20:34:07.8772061Z ##[endgroup]
Android Tests (2)	UNKNOWN STEP	2026-02-25T20:34:07.8847011Z === test-results/ ===
Android Tests (2)	UNKNOWN STEP	2026-02-25T20:34:07.8869048Z total 47320
Android Tests (2)	UNKNOWN STEP	2026-02-25T20:34:07.8869485Z drwxr-xr-x  2 runner runner     4096 Feb 25 20:33 .
Android Tests (2)	UNKNOWN STEP	2026-02-25T20:34:07.8870115Z drwxr-xr-x 24 runner runner     4096 Feb 25 19:54 ..
Android Tests (2)	UNKNOWN STEP	2026-02-25T20:34:07.8870807Z -rw-r--r--  1 runner runner  1950021 Feb 25 20:34 android-device.log
Android Tests (2)	UNKNOWN STEP	2026-02-25T20:34:07.8871338Z -rw-r--r--  1 runner runner    30956 Feb 25 20:33 android-tests.log
Android Tests (2)	UNKNOWN STEP	2026-02-25T20:34:07.8871836Z -rw-r--r--  1 runner runner      233 Feb 25 19:48 ios-device-info.txt
Android Tests (2)	UNKNOWN STEP	2026-02-25T20:34:07.8872586Z -rw-r--r--  1 runner runner 34795326 Feb 25 19:48 ios-test-results.txt
Android Tests (2)	UNKNOWN STEP	2026-02-25T20:34:07.8873353Z -rw-r--r--  1 runner runner 11471554 Feb 25 19:48 test-results.txt
Android Tests (2)	UNKNOWN STEP	2026-02-25T20:34:07.8874129Z -rw-r--r--  1 runner runner   181872 Feb 25 19:48 web-test-results.txt
Android Tests (2)	UNKNOWN STEP	2026-02-25T20:34:07.8874636Z 
Android Tests (2)	UNKNOWN STEP	2026-02-25T20:34:07.8874812Z === test-results/android-device.log ===
Android Tests (2)	UNKNOWN STEP	2026-02-25T20:34:07.8883216Z 02-25 20:33:49.140  1945  1965 W ActivityManager: setHasOverlayUi called on unknown pid: 5161
Android Tests (2)	UNKNOWN STEP	2026-02-25T20:34:07.8886201Z 02-25 20:33:49.193  1945  1945 W system_server: Long monitor contention with owner android.display (1965) at void com.android.server.am.ProcessRecord.updateProcessInfo(boolean, boolean, boolean)(ProcessRecord.java:1298) waiters=0 in int com.android.server.am.ActivityManagerService.getMemoryTrimLevel() for 135ms
Android Tests (2)	UNKNOWN STEP	2026-02-25T20:34:07.8889375Z 02-25 20:33:49.195  1945  1945 W Looper  : Slow dispatch took 325ms main h=com.android.server.job.JobSchedulerService$JobHandler c=null m=7
Android Tests (2)	UNKNOWN STEP	2026-02-25T20:34:07.8890781Z 02-25 20:33:49.195  1945  1945 W Looper  : Slow delivery took 351ms main h=com.android.server.job.JobSchedulerService$JobHandler c=null m=5
Android Tests (2)	UNKNOWN STEP	2026-02-25T20:34:07.8891968Z 02-25 20:33:49.198  1945  1963 W Looper  : Slow dispatch took 983ms android.ui h=com.android.server.am.ActivityManagerService$UiHandler c=null m=53
Android Tests (2)	UNKNOWN STEP	2026-02-25T20:34:07.8893205Z 02-25 20:33:49.199  1945  1963 W Looper  : Slow delivery took 951ms android.ui h=com.android.server.am.ActivityManagerService$UiHandler c=null m=32
Android Tests (2)	UNKNOWN STEP	2026-02-25T20:34:07.8894016Z 02-25 20:33:49.201  1945  1945 W Looper  : Drained
Android Tests (2)	UNKNOWN STEP	2026-02-25T20:34:07.8894979Z 02-25 20:33:49.202  1945  1962 W Looper  : Slow dispatch took 329ms android.fg h=com.android.server.AppStateTracker$MyHandler c=null m=0
Android Tests (2)	UNKNOWN STEP	2026-02-25T20:34:07.8896525Z 02-25 20:33:49.203  1945  1962 W Looper  : Slow delivery took 329ms android.fg h=com.android.server.AppStateTracker$MyHandler c=null m=1
Android Tests (2)	UNKNOWN STEP	2026-02-25T20:34:07.8899019Z 02-25 20:33:49.416  1945  1965 W system_server: Long monitor contention with owner android.anim (1966) at void com.android.server.wm.WindowSurfacePlacer.lambda$new$0$WindowSurfacePlacer()(WindowSurfacePlacer.java:61) waiters=0 in void com.android.server.wm.WindowManagerService$H.handleMessage(android.os.Message) for 132ms
Android Tests (2)	UNKNOWN STEP	2026-02-25T20:34:07.8901776Z 02-25 20:33:49.411  1945  1963 W Looper  : Drained
Android Tests (2)	UNKNOWN STEP	2026-02-25T20:34:07.8902768Z 02-25 20:33:49.683  1945  1970 I ActivityTaskManager: Displayed art.substitution.substitution/.MainActivity: +36s123ms
Android Tests (2)	UNKNOWN STEP	2026-02-25T20:34:07.8903654Z 02-25 20:33:49.755  1945  1962 W Looper  : Drained
Android Tests (2)	UNKNOWN STEP	2026-02-25T20:34:07.8904234Z 02-25 20:33:50.037  1945  1973 I ActivityManager: Force stopping art.substitution.substitution appid=10131 user=-1: deletePackageX
Android Tests (2)	UNKNOWN STEP	2026-02-25T20:34:07.8905309Z 02-25 20:33:50.208  1945  1986 I PackageManager: Removing old permission tree: art.substitution.substitution.DYNAMIC_RECEIVER_NOT_EXPORTED_PERMISSION from package art.substitution.substitution
Android Tests (2)	UNKNOWN STEP	2026-02-25T20:34:07.8906570Z 02-25 20:33:50.221  1945  1986 I PackageManager: Un-granting permission android.permission.GLOBAL_SEARCH from package com.android.quicksearchbox (protectionLevel=18 flags=0x3088be45)
Android Tests (2)	UNKNOWN STEP	2026-02-25T20:34:07.8907756Z 02-25 20:33:50.227  1945  1986 I PackageManager: Un-granting permission android.permission.BIND_WALLPAPER from package com.android.camera2 (protectionLevel=18 flags=0x20d8bc45)
Android Tests (2)	UNKNOWN STEP	2026-02-25T20:34:07.8909029Z 02-25 20:33:50.271  1945  1986 I PackageManager: Un-granting permission android.permission.CONNECTIVITY_USE_RESTRICTED_NETWORKS from package com.android.captiveportallogin (protectionLevel=18 flags=0x38c8be45)
Android Tests (2)	UNKNOWN STEP	2026-02-25T20:34:07.8910726Z 02-25 20:33:50.271  1945  1986 I PackageManager: Un-granting permission android.permission.NETWORK_BYPASS_PRIVATE_DNS from package com.android.captiveportallogin (protectionLevel=2 flags=0x38c8be45)
Android Tests (2)	UNKNOWN STEP	2026-02-25T20:34:07.8911643Z 02-25 20:33:51.068  1777  1777 I keystore: clear_uid 10131
Android Tests (2)	UNKNOWN STEP	2026-02-25T20:34:07.8912234Z 02-25 20:33:51.096  1945  1986 D PackageManager: Instant App installer not found with android.intent.action.INSTALL_INSTANT_APP_PACKAGE
Android Tests (2)	UNKNOWN STEP	2026-02-25T20:34:07.8912886Z 02-25 20:33:51.097  1945  1986 D PackageManager: Clear ephemeral installer activity
Android Tests (2)	UNKNOWN STEP	2026-02-25T20:34:07.8913399Z 02-25 20:33:51.108  1945  1986 E PermissionMonitor: unknown permission type: -1for uid: 10131
Android Tests (2)	UNKNOWN STEP	2026-02-25T20:34:07.8914024Z 02-25 20:33:51.126  1689  3109 E TrafficController: Failed to clean up the permission for 10131: No such file or directory
Android Tests (2)	UNKNOWN STEP	2026-02-25T20:34:07.8914628Z 02-25 20:33:51.182  1689  3109 I netd    : trafficSetNetPermForUids(-1, [10131]) <2.74ms>
Android Tests (2)	UNKNOWN STEP	2026-02-25T20:34:07.8915206Z 02-25 20:33:51.241  1945  2740 E TaskPersister: File error accessing recents directory (directory doesn't exist?).
Android Tests (2)	UNKNOWN STEP	2026-02-25T20:34:07.8916140Z 02-25 20:33:51.690  1945  1986 I system_server: Explicit concurrent copying GC freed 46292(2333KB) AllocSpace objects, 19(764KB) LOS objects, 42% free, 7453KB/12MB, paused 6.558ms total 502.875ms
Android Tests (2)	UNKNOWN STEP	2026-02-25T20:34:07.8917120Z 02-25 20:33:51.790  1945  1986 I ActivityManager: Force stopping art.substitution.substitution appid=10131 user=0: pkg removed
Android Tests (2)	UNKNOWN STEP	2026-02-25T20:34:07.8917792Z 02-25 20:33:51.856  1945  1986 E HistoricalRegistry: Interaction before persistence initialized
Android Tests (2)	UNKNOWN STEP	2026-02-25T20:34:07.8919312Z 02-25 20:33:51.980  1945  1970 W system_server: Long monitor contention with owner main (1945) at void com.android.server.pm.PackageManagerService.forEachInstalledPackage(java.util.function.Consumer, int)(PackageManagerService.java:25146) waiters=1 in java.lang.String com.android.server.pm.PackageManagerService.getInstantAppPackageName(int) for 103ms
Android Tests (2)	UNKNOWN STEP	2026-02-25T20:34:07.8921625Z 02-25 20:33:52.041  1945  1973 W BroadcastQueue: Background execution not allowed: receiving Intent { act=android.intent.action.PACKAGE_REMOVED dat=package:art.substitution.substitution flg=0x4000010 (has extras) } to com.android.gallery3d/.app.PackagesMonitor
Android Tests (2)	UNKNOWN STEP	2026-02-25T20:34:07.8923323Z 02-25 20:33:52.074  1945  1973 W BroadcastQueue: Background execution not allowed: receiving Intent { act=android.intent.action.PACKAGE_REMOVED dat=package:art.substitution.substitution flg=0x4000010 (has extras) } to com.android.musicfx/.Compatibility$Receiver
Android Tests (2)	UNKNOWN STEP	2026-02-25T20:34:07.8924407Z 02-25 20:33:52.085  1945  1945 I RoleManagerService: Granting default permissions...
Android Tests (2)	UNKNOWN STEP	2026-02-25T20:34:07.8925451Z 02-25 20:33:52.116  1945  1945 W Looper  : Slow dispatch took 245ms main h=android.app.ActivityThread$H c=android.app.-$$Lambda$LoadedApk$ReceiverDispatcher$Args$_BumDX2UKsnxLVrE6UJsJZkotuA@e177d4e m=0
Android Tests (2)	UNKNOWN STEP	2026-02-25T20:34:07.8927763Z 02-25 20:33:52.271  1945  1970 W system_server: Long monitor contention with owner android.display (1965) at android.content.res.Resources android.app.ResourcesManager.getOrCreateResources(android.os.IBinder, android.content.res.ResourcesKey, java.lang.ClassLoader)(ResourcesManager.java:762) waiters=0 in android.content.res.Resources android.app.ResourcesManager.getOrCreateResources(android.os.IBinder, android.content.res.ResourcesKey, java.lang.ClassLoader) for 280ms
Android Tests (2)	UNKNOWN STEP	2026-02-25T20:34:07.8929678Z 02-25 20:33:52.353  1945  2048 I InputReader: Reconfiguring input devices.  changes=0x00000010
Android Tests (2)	UNKNOWN STEP	2026-02-25T20:34:07.8930706Z 02-25 20:33:52.410  1945  1945 W Looper  : Slow delivery took 248ms main h=android.app.ActivityThread$H c=android.app.-$$Lambda$LoadedApk$ReceiverDispatcher$Args$_BumDX2UKsnxLVrE6UJsJZkotuA@b957f68 m=0
Android Tests (2)	UNKNOWN STEP	2026-02-25T20:34:07.8931976Z 02-25 20:33:52.410  1945  1945 W Looper  : Slow dispatch took 294ms main h=android.app.ActivityThread$H c=android.app.-$$Lambda$LoadedApk$ReceiverDispatcher$Args$_BumDX2UKsnxLVrE6UJsJZkotuA@b957f68 m=0
Android Tests (2)	UNKNOWN STEP	2026-02-25T20:34:07.8934520Z 02-25 20:33:52.496  1945  1973 W system_server: Long monitor contention with owner PackageManager (1986) at int com.android.server.am.ActivityManagerService.broadcastIntent(android.app.IApplicationThread, android.content.Intent, java.lang.String, android.content.IIntentReceiver, int, java.lang.String, android.os.Bundle, java.lang.String[], int, android.os.Bundle, boolean, boolean, int)(ActivityManagerService.java:15557) waiters=1 in void com.android.server.am.BroadcastQueue.processNextBroadcast(boolean) for 333ms
Android Tests (2)	UNKNOWN STEP	2026-02-25T20:34:07.8936719Z 02-25 20:33:52.574  1945  1962 W Looper  : Slow dispatch took 449ms android.fg h=android.os.Handler c=<recycled PooledLambda@f015ea3> m=0
Android Tests (2)	UNKNOWN STEP	2026-02-25T20:34:07.8937432Z 02-25 20:33:52.686  1945  1962 E PackageManager: failed to find package art.substitution.substitution
Android Tests (2)	UNKNOWN STEP	2026-02-25T20:34:07.8938112Z 02-25 20:33:52.687  1945  1962 E OverlayManager: Failed to change enabled overlays for art.substitution.substitution user 0
Android Tests (2)	UNKNOWN STEP	2026-02-25T20:34:07.8938715Z 02-25 20:33:52.796  2383  2383 D CarrierSvcBindHelper: No carrier app for: 0
Android Tests (2)	UNKNOWN STEP	2026-02-25T20:34:07.8940386Z 02-25 20:33:52.861  1945  1982 W system_server: Long monitor contention with owner HwBinder:1945_4 (2114) at void com.android.server.power.PowerManagerService.acquireWakeLockInternal(android.os.IBinder, int, java.lang.String, java.lang.String, android.os.WorkSource, java.lang.String, int, int)(PowerManagerService.java:1044) waiters=0 in void com.android.server.power.PowerManagerService.handleSandman() for 117ms
Android Tests (2)	UNKNOWN STEP	2026-02-25T20:34:07.8943713Z 02-25 20:33:53.224  1945  1945 W system_server: Long monitor contention with owner android.fg (1962) at int com.android.server.am.ActivityManagerService.bindIsolatedService(android.app.IApplicationThread, android.os.IBinder, android.content.Intent, java.lang.String, android.app.IServiceConnection, int, java.lang.String, java.lang.String, int)(ActivityManagerService.java:14067) waiters=2 in void com.android.server.am.ActivityManagerService$LocalService.updateDeviceIdleTempWhitelist(int[], int, boolean) for 775ms
Android Tests (2)	UNKNOWN STEP	2026-02-25T20:34:07.8947316Z 02-25 20:33:53.228  1945  1963 W system_server: Long monitor contention with owner PackageManager (1986) at int com.android.server.am.ActivityManagerService.broadcastIntent(android.app.IApplicationThread, android.content.Intent, java.lang.String, android.content.IIntentReceiver, int, java.lang.String, android.os.Bundle, java.lang.String[], int, android.os.Bundle, boolean, boolean, int)(ActivityManagerService.java:15557) waiters=1 in void com.android.server.am.ActivityManagerService.dispatchUidsChanged() for 697ms
Android Tests (2)	UNKNOWN STEP	2026-02-25T20:34:07.8951346Z 02-25 20:33:53.243  1945  2369 W system_server: Long monitor contention with owner PackageManager (1986) at int com.android.server.am.ActivityManagerService.broadcastIntent(android.app.IApplicationThread, android.content.Intent, java.lang.String, android.content.IIntentReceiver, int, java.lang.String, android.os.Bundle, java.lang.String[], int, android.os.Bundle, boolean, boolean, int)(ActivityManagerService.java:15557) waiters=2 in void com.android.server.am.ActivityManagerService.serviceDoneExecuting(android.os.IBinder, int, int, int) for 659ms
Android Tests (2)	UNKNOWN STEP	2026-02-25T20:34:07.8955293Z 02-25 20:33:53.246  1945  2641 W system_server: Long monitor contention with owner PackageManager (1986) at int com.android.server.am.ActivityManagerService.broadcastIntent(android.app.IApplicationThread, android.content.Intent, java.lang.String, android.content.IIntentReceiver, int, java.lang.String, android.os.Bundle, java.lang.String[], int, android.os.Bundle, boolean, boolean, int)(ActivityManagerService.java:15557) waiters=3 in void com.android.server.am.ActivityManagerService.publishService(android.os.IBinder, android.content.Intent, android.os.IBinder) for 662ms
Android Tests (2)	UNKNOWN STEP	2026-02-25T20:34:07.8957652Z 02-25 20:33:53.256  2473  2507 I LatinIME:LogUtils: Dictionary info: dictionary = main:en ; version = 54 ; date = 1414726273
Android Tests (2)	UNKNOWN STEP	2026-02-25T20:34:07.8960844Z 02-25 20:33:53.267  1945  1970 W system_server: Long monitor contention with owner PackageManager (1986) at int com.android.server.am.ActivityManagerService.broadcastIntent(android.app.IApplicationThread, android.content.Intent, java.lang.String, android.content.IIntentReceiver, int, java.lang.String, android.os.Bundle, java.lang.String[], int, android.os.Bundle, boolean, boolean, int)(ActivityManagerService.java:15557) waiters=4 in int com.android.server.am.ActivityManagerService.broadcastIntent(android.app.IApplicationThread, android.content.Intent, java.lang.String, android.content.IIntentReceiver, int, java.lang.String, android.os.Bundle, java.lang.String[], int, android.os.Bundle, boolean, boolean, int) for 596ms
Android Tests (2)	UNKNOWN STEP	2026-02-25T20:34:07.8964021Z 02-25 20:33:53.488  1945  1945 W Looper  : Slow dispatch took 1078ms main h=android.app.ActivityThread$H c=android.app.-$$Lambda$LoadedApk$ReceiverDispatcher$Args$_BumDX2UKsnxLVrE6UJsJZkotuA@a3460b2 m=0
Android Tests (2)	UNKNOWN STEP	2026-02-25T20:34:07.8966588Z 02-25 20:33:53.494  1945  1962 W system_server: Long monitor contention with owner PackageManager (1986) at int com.android.server.am.ActivityManagerService.broadcastIntent(android.app.IApplicationThread, android.content.Intent, java.lang.String, android.content.IIntentReceiver, int, java.lang.String, android.os.Bundle, java.lang.String[], int, android.os.Bundle, boolean, boolean, int)(ActivityManagerService.java:15557) waiters=5 in void com.android.server.am.ActivityManagerService.scheduleApplicationInfoChanged(java.util.List, int) for 807ms
Android Tests (2)	UNKNOWN STEP	2026-02-25T20:34:07.8969209Z 02-25 20:33:53.498  1945  1962 W Looper  : Slow dispatch took 924ms android.fg h=android.os.Handler c=com.android.server.om.-$$Lambda$OverlayManagerService$OverlayChangeListener$u9oeN2C0PDMo0pYiLqfMBkwuMNA@96f9803 m=0
Android Tests (2)	UNKNOWN STEP	2026-02-25T20:34:07.8970698Z 02-25 20:33:53.686  1945  1945 W Looper  : Slow dispatch took 197ms main h=android.app.ActivityThread$H c=android.app.-$$Lambda$LoadedApk$ReceiverDispatcher$Args$_BumDX2UKsnxLVrE6UJsJZkotuA@3d5fe m=0
Android Tests (2)	UNKNOWN STEP	2026-02-25T20:34:07.8972952Z 02-25 20:33:53.740  1945  2069 W system_server: Long monitor contention with owner main (1945) at android.content.ComponentName com.android.server.am.ActivityManagerService.startService(android.app.IApplicationThread, android.content.Intent, java.lang.String, boolean, java.lang.String, int)(ActivityManagerService.java:13909) waiters=5 in void com.android.server.am.ActivityManagerService$LocalService.notifyNetworkPolicyRulesUpdated(int, long) for 396ms
Android Tests (2)	UNKNOWN STEP	2026-02-25T20:34:07.8976133Z 02-25 20:33:53.770  1945  1963 W system_server: Long monitor contention with owner main (1945) at android.content.ComponentName com.android.server.am.ActivityManagerService.startService(android.app.IApplicationThread, android.content.Intent, java.lang.String, boolean, java.lang.String, int)(ActivityManagerService.java:13909) waiters=6 in void com.android.server.am.ActivityManagerService.dispatchUidsChanged() for 407ms
Android Tests (2)	UNKNOWN STEP	2026-02-25T20:34:07.8977824Z 02-25 20:33:53.819  1689  3109 I netd    : trafficSwapActiveStatsMap() <285.15ms>
Android Tests (2)	UNKNOWN STEP	2026-02-25T20:34:07.8979818Z 02-25 20:33:53.887  1945  1970 W system_server: Long monitor contention with owner ActivityManager (1973) at void com.android.server.am.BroadcastQueue.processNextBroadcast(boolean)(BroadcastQueue.java:948) waiters=4 in int com.android.server.am.ActivityManagerService.broadcastIntent(android.app.IApplicationThread, android.content.Intent, java.lang.String, android.content.IIntentReceiver, int, java.lang.String, android.os.Bundle, java.lang.String[], int, android.os.Bundle, boolean, boolean, int) for 351ms
Android Tests (2)	UNKNOWN STEP	2026-02-25T20:34:07.8982372Z 02-25 20:33:53.893  1945  1945 W Looper  : Slow dispatch took 128ms main h=android.app.ActivityThread$H c=android.app.-$$Lambda$LoadedApk$ReceiverDispatcher$Args$_BumDX2UKsnxLVrE6UJsJZkotuA@5c3540a m=0
Android Tests (2)	UNKNOWN STEP	2026-02-25T20:34:07.8983464Z 02-25 20:33:53.913  1945  1963 W Looper  : Slow dispatch took 1467ms android.ui h=com.android.server.am.ActivityManagerService$UiHandler c=null m=53
Android Tests (2)	UNKNOWN STEP	2026-02-25T20:34:07.8984338Z 02-25 20:33:53.924  1945  2071 D WifiConfigManager: Remove all networks for app ApplicationInfo{182047b art.substitution.substitution}
Android Tests (2)	UNKNOWN STEP	2026-02-25T20:34:07.8985226Z 02-25 20:33:54.095  1945  1945 I ConditionProviders: Disallowing condition provider art.substitution.substitution
Android Tests (2)	UNKNOWN STEP	2026-02-25T20:34:07.8985982Z 02-25 20:33:54.099  1945  1962 W Looper  : Slow delivery took 971ms android.fg h=android.os.Handler c=<recycled PooledLambda@658bd11> m=0
Android Tests (2)	UNKNOWN STEP	2026-02-25T20:34:07.8986781Z 02-25 20:33:54.099  1945  1962 W Looper  : Slow dispatch took 601ms android.fg h=android.os.Handler c=<recycled PooledLambda@658bd11> m=0
Android Tests (2)	UNKNOWN STEP	2026-02-25T20:34:07.8987372Z 02-25 20:33:54.156  1689  3109 I netd    : tetherGetStats() <128.02ms>
Android Tests (2)	UNKNOWN STEP	2026-02-25T20:34:07.8988074Z 02-25 20:33:54.168  1945  1945 W Looper  : Slow dispatch took 223ms main h=com.android.server.notification.NotificationManagerService$WorkerHandler c=null m=8
Android Tests (2)	UNKNOWN STEP	2026-02-25T20:34:07.8988983Z 02-25 20:33:54.258  1945  1962 W Looper  : Slow dispatch took 160ms android.fg h=android.os.Handler c=<recycled PooledLambda@956cd23> m=0
Android Tests (2)	UNKNOWN STEP	2026-02-25T20:34:07.8989649Z 02-25 20:33:54.340  1734  1913 D AF::TrackHandle: OpPlayAudio: track:55 usage:13 not muted
Android Tests (2)	UNKNOWN STEP	2026-02-25T20:34:07.8990136Z 02-25 20:33:54.475  1734  2025 D AF::TrackHandle: OpPlayAudio: track:55 usage:13 not muted
Android Tests (2)	UNKNOWN STEP	2026-02-25T20:34:07.8991786Z 02-25 20:33:54.550  1945  2069 W system_server: Long monitor contention with owner NetworkStats (2067) at void com.android.server.net.NetworkStatsService$4.onReceive(android.content.Context, android.content.Intent)(NetworkStatsService.java:1078) waiters=0 in void com.android.server.net.NetworkStatsService.setUidForeground(int, boolean) for 799ms
Android Tests (2)	UNKNOWN STEP	2026-02-25T20:34:07.8993369Z 02-25 20:33:54.557  1945  1962 W Looper  : Slow dispatch took 279ms android.fg h=android.os.Handler c=<recycled PooledLambda@37febbd> m=0
Android Tests (2)	UNKNOWN STEP	2026-02-25T20:34:07.8993924Z 02-25 20:33:54.623  1945  1945 W Looper  : Drained
Android Tests (2)	UNKNOWN STEP	2026-02-25T20:34:07.8994468Z 02-25 20:33:54.673  1945  1962 W Looper  : Slow dispatch took 116ms android.fg h=android.os.Handler c=<recycled PooledLambda@78faddc> m=0
Android Tests (2)	UNKNOWN STEP	2026-02-25T20:34:07.8995107Z 02-25 20:33:54.688  1734  2025 D AF::TrackHandle: OpPlayAudio: track:55 usage:13 not muted
Android Tests (2)	UNKNOWN STEP	2026-02-25T20:34:07.8995581Z 02-25 20:33:54.806  1734  2025 D AF::TrackHandle: OpPlayAudio: track:55 usage:13 not muted
Android Tests (2)	UNKNOWN STEP	2026-02-25T20:34:07.8996575Z 02-25 20:33:54.815  3328  5216 I MediaProvider: Begin Intent { act=android.intent.action.PACKAGE_FULLY_REMOVED dat=package:art.substitution.substitution flg=0x5000010 cmp=com.android.providers.media/.MediaService (has extras) }
Android Tests (2)	UNKNOWN STEP	2026-02-25T20:34:07.8997833Z 02-25 20:33:54.834  1945  1962 W Looper  : Slow dispatch took 154ms android.fg h=android.os.Handler c=android.app.LoadedApk$ServiceDispatcher$RunConnection@3f687f3 m=0
Android Tests (2)	UNKNOWN STEP	2026-02-25T20:34:07.8998681Z 02-25 20:33:55.068  1945  1945 W Looper  : Slow dispatch took 384ms main h=android.app.ActivityThread$H c=null m=113
Android Tests (2)	UNKNOWN STEP	2026-02-25T20:34:07.8999376Z 02-25 20:33:55.146  1734  2025 D AF::TrackHandle: OpPlayAudio: track:55 usage:13 not muted
Android Tests (2)	UNKNOWN STEP	2026-02-25T20:34:07.8999855Z 02-25 20:33:55.160  1734  1913 D AF::TrackHandle: OpPlayAudio: track:55 usage:13 not muted
Android Tests (2)	UNKNOWN STEP	2026-02-25T20:34:07.9000956Z 02-25 20:33:55.235  3328  5216 I MediaProvider: End Intent { act=android.intent.action.PACKAGE_FULLY_REMOVED dat=package:art.substitution.substitution flg=0x5000010 cmp=com.android.providers.media/.MediaService (has extras) }
Android Tests (2)	UNKNOWN STEP	2026-02-25T20:34:07.9001941Z 02-25 20:33:55.490  1734  1913 D AF::TrackHandle: OpPlayAudio: track:55 usage:13 not muted
Android Tests (2)	UNKNOWN STEP	2026-02-25T20:34:07.9002331Z 02-25 20:33:55.820  1945  1962 W Looper  : Drained
Android Tests (2)	UNKNOWN STEP	2026-02-25T20:34:07.9002725Z 02-25 20:33:55.970  1734  1913 I chatty  : uid=1041(audioserver) Binder:1734_2 identical 3 lines
Android Tests (2)	UNKNOWN STEP	2026-02-25T20:34:07.9003222Z 02-25 20:33:55.980  1734  1913 D AF::TrackHandle: OpPlayAudio: track:55 usage:13 not muted
Android Tests (2)	UNKNOWN STEP	2026-02-25T20:34:07.9003694Z 02-25 20:33:56.096  1734  1734 D AF::TrackHandle: OpPlayAudio: track:55 usage:13 not muted
Android Tests (2)	UNKNOWN STEP	2026-02-25T20:34:07.9004163Z 02-25 20:33:56.161  1734  1734 D AF::TrackHandle: OpPlayAudio: track:55 usage:13 not muted
Android Tests (2)	UNKNOWN STEP	2026-02-25T20:34:07.9004765Z 02-25 20:33:56.188  1945  2071 D WifiConfigStore: Writing to stores completed in 2215 ms.
Android Tests (2)	UNKNOWN STEP	2026-02-25T20:34:07.9005345Z 02-25 20:33:56.189  1945  2071 E PasspointManager: No app ops listener found for art.substitution.substitution
Android Tests (2)	UNKNOWN STEP	2026-02-25T20:34:07.9006000Z 02-25 20:33:56.204  1945  2071 I DropBoxManagerService: add tag=system_server_wtf isTagEnabled=true flags=0x2
Android Tests (2)	UNKNOWN STEP	2026-02-25T20:34:07.9006558Z 02-25 20:33:56.240  1734  1734 D AF::TrackHandle: OpPlayAudio: track:55 usage:13 not muted
Android Tests (2)	UNKNOWN STEP	2026-02-25T20:34:07.9007034Z 02-25 20:33:56.277  1734  2025 D AF::TrackHandle: OpPlayAudio: track:55 usage:13 not muted
Android Tests (2)	UNKNOWN STEP	2026-02-25T20:34:07.9007504Z 02-25 20:33:56.301  1734  2025 D AF::TrackHandle: OpPlayAudio: track:55 usage:13 not muted
Android Tests (2)	UNKNOWN STEP	2026-02-25T20:34:07.9008349Z 02-25 20:33:56.915  2144  2159 I ssioncontrolle: Background young concurrent copying GC freed 2741(245KB) AllocSpace objects, 2(40KB) LOS objects, 5% free, 1540KB/1625KB, paused 121us total 232.156ms
Android Tests (2)	UNKNOWN STEP	2026-02-25T20:34:07.9009243Z 02-25 20:33:59.135  1945  2641 W ActivityManager: Invalid packageName: art.substitution.substitution
Android Tests (2)	UNKNOWN STEP	2026-02-25T20:34:07.9010044Z 02-25 20:34:00.017  1945  1962 W Looper  : Slow dispatch took 141ms android.fg h=com.android.server.location.GnssLocationProvider$ProviderHandler c=null m=18
Android Tests (2)	UNKNOWN STEP	2026-02-25T20:34:07.9011103Z 02-25 20:34:00.110  2128  2128 D KeyguardClockSwitch: Updating clock: 834
Android Tests (2)	UNKNOWN STEP	2026-02-25T20:34:07.9012027Z 02-25 20:34:00.169  1945  1945 W Looper  : Slow dispatch took 104ms main h=com.android.server.AlarmManagerService$AlarmHandler c=com.android.server.-$$Lambda$AlarmManagerService$2$Eo-D98J-N9R2METkD-12gPs320c@581b5d1 m=0
Android Tests (2)	UNKNOWN STEP	2026-02-25T20:34:07.9012942Z 02-25 20:34:00.903  1945  1970 I RoleUserState: Wrote roles.xml successfully
Android Tests (2)	UNKNOWN STEP	2026-02-25T20:34:07.9013505Z 02-25 20:34:02.109  1945  1964 I DropBoxManagerService: add tag=system_server_strictmode isTagEnabled=true flags=0x2
Android Tests (2)	UNKNOWN STEP	2026-02-25T20:34:07.9013918Z 
Android Tests (2)	UNKNOWN STEP	2026-02-25T20:34:07.9014017Z === test-results/android-tests.log ===
Android Tests (2)	UNKNOWN STEP	2026-02-25T20:34:07.9014327Z [Matrix] [32mUser is not logged in.[0m
Android Tests (2)	UNKNOWN STEP	2026-02-25T20:34:07.9014658Z [90m[🌎 Easy Localization] [DEBUG] Start[0m
Android Tests (2)	UNKNOWN STEP	2026-02-25T20:34:07.9015003Z [90m[🌎 Easy Localization] [DEBUG] Init state[0m
Android Tests (2)	UNKNOWN STEP	2026-02-25T20:34:07.9015368Z [90m[🌎 Easy Localization] [DEBUG] Build[0m
Android Tests (2)	UNKNOWN STEP	2026-02-25T20:34:07.9015759Z [90m[🌎 Easy Localization] [DEBUG] Init Localization Delegate[0m
Android Tests (2)	UNKNOWN STEP	2026-02-25T20:34:07.9016171Z [90m[🌎 Easy Localization] [DEBUG] Init provider[0m
Android Tests (2)	UNKNOWN STEP	2026-02-25T20:34:07.9016572Z [90m[🌎 Easy Localization] [DEBUG] Load Localization Delegate[0m
Android Tests (2)	UNKNOWN STEP	2026-02-25T20:34:07.9017038Z [90m[🌎 Easy Localization] [DEBUG] Load asset from assets/translations[0m
Android Tests (2)	UNKNOWN STEP	2026-02-25T20:34:07.9017411Z globalMatrixClient initialized!
Android Tests (2)	UNKNOWN STEP	2026-02-25T20:34:07.9017741Z Android detected: Translated localhost to http://10.0.2.2:8008
Android Tests (2)	UNKNOWN STEP	2026-02-25T20:34:07.9018132Z Step 1: Checking for Age Gate, Intro, or Login fields...
Android Tests (2)	UNKNOWN STEP	2026-02-25T20:34:07.9018613Z [90m[🌎 Easy Localization] [DEBUG] Build[0m
Android Tests (2)	UNKNOWN STEP	2026-02-25T20:34:07.9019005Z [90m[🌎 Easy Localization] [DEBUG] Init Localization Delegate[0m
Android Tests (2)	UNKNOWN STEP	2026-02-25T20:34:07.9019405Z [90m[🌎 Easy Localization] [DEBUG] Init provider[0m
Android Tests (2)	UNKNOWN STEP	2026-02-25T20:34:07.9019784Z Found screen! AgeGate: false, Intro: true, Username: false, Host: false
Android Tests (2)	UNKNOWN STEP	2026-02-25T20:34:07.9020152Z Step 2: Navigating through onboarding...
Android Tests (2)	UNKNOWN STEP	2026-02-25T20:34:07.9020421Z Tapping Next button at step 0...
Android Tests (2)	UNKNOWN STEP	2026-02-25T20:34:07.9020823Z Tapping Next button at step 1...
Android Tests (2)	UNKNOWN STEP	2026-02-25T20:34:07.9021119Z Reached target page at step 2. Host: true, Username: false
Android Tests (2)	UNKNOWN STEP	2026-02-25T20:34:07.9021435Z Onboarding navigation complete.
Android Tests (2)	UNKNOWN STEP	2026-02-25T20:34:07.9021693Z Step 3: Entering host URL: http://10.0.2.2:8008
Android Tests (2)	UNKNOWN STEP	2026-02-25T20:34:07.9021975Z Tapping host submit button...
Android Tests (2)	UNKNOWN STEP	2026-02-25T20:34:07.9022216Z Waiting for login page to appear...
Android Tests (2)	UNKNOWN STEP	2026-02-25T20:34:07.9022453Z Login page reached.
Android Tests (2)	UNKNOWN STEP	2026-02-25T20:34:07.9022651Z Step 4: Looking for login fields...
Android Tests (2)	UNKNOWN STEP	2026-02-25T20:34:07.9022892Z Entering username: testuser1
Android Tests (2)	UNKNOWN STEP	2026-02-25T20:34:07.9023110Z Entering password...
Android Tests (2)	UNKNOWN STEP	2026-02-25T20:34:07.9023315Z Tapping login submit button...
Android Tests (2)	UNKNOWN STEP	2026-02-25T20:34:07.9023711Z Step 5: Waiting for finished page (introGoButton)...
Android Tests (2)	UNKNOWN STEP	2026-02-25T20:34:07.9024082Z [Matrix] [32mInitialize client Substitution[0m
Android Tests (2)	UNKNOWN STEP	2026-02-25T20:34:07.9024548Z [Matrix] [32mSuccessfully connected as testuser1 with http://10.0.2.2:8008[0m
Android Tests (2)	UNKNOWN STEP	2026-02-25T20:34:07.9024939Z Finished page reached.
Android Tests (2)	UNKNOWN STEP	2026-02-25T20:34:07.9025134Z Tapping Go button...
Android Tests (2)	UNKNOWN STEP	2026-02-25T20:34:07.9025336Z Waiting for feed (Scrollable)...
Android Tests (2)	UNKNOWN STEP	2026-02-25T20:34:07.9026096Z 15:26 +1 -2: /home/runner/work/substitution/substitution/integration_test/feed_with_matrix_test.dart: Feed with Real Matrix Server Feed displays content from test_general room (has 5 messages) [E]
Android Tests (2)	UNKNOWN STEP	2026-02-25T20:34:07.9026974Z   TimeoutException after 0:02:00.000000: Test timed out after 2 minutes.
Android Tests (2)	UNKNOWN STEP	2026-02-25T20:34:07.9027354Z   dart:isolate  _RawReceivePort._handleMessage
Android Tests (2)	UNKNOWN STEP	2026-02-25T20:34:07.9027611Z   
Android Tests (2)	UNKNOWN STEP	2026-02-25T20:34:07.9028018Z   'package:flutter_test/src/binding.dart': Failed assertion: line 2780 pos 12: '!_expectingFrame': is not true.
Android Tests (2)	UNKNOWN STEP	2026-02-25T20:34:07.9028588Z   dart:core                                                                  _AssertionError._throwNew
Android Tests (2)	UNKNOWN STEP	2026-02-25T20:34:07.9029141Z   package:flutter_test/src/binding.dart 2780:12                              LiveTestWidgetsFlutterBinding.postTest
Android Tests (2)	UNKNOWN STEP	2026-02-25T20:34:07.9029624Z   ===== asynchronous gap ===========================
Android Tests (2)	UNKNOWN STEP	2026-02-25T20:34:07.9030017Z   package:stream_channel                                                     _GuaranteeSink.add
Android Tests (2)	UNKNOWN STEP	2026-02-25T20:34:07.9030727Z   tmp/flutter_tools.JJIGID/flutter_test_listener.AOBSTJ/listener.dart 56:22  main.<fn>
Android Tests (2)	UNKNOWN STEP	2026-02-25T20:34:07.9031164Z   
Android Tests (2)	UNKNOWN STEP	2026-02-25T20:34:07.9031317Z Feed reached.
Android Tests (2)	UNKNOWN STEP	2026-02-25T20:34:07.9031744Z 15:30 +1 -2: /home/runner/work/substitution/substitution/integration_test/feed_with_matrix_test.dart: (tearDownAll)
Android Tests (2)	UNKNOWN STEP	2026-02-25T20:34:07.9032745Z 15:30 +1 -2: /home/runner/work/substitution/substitution/integration_test/feed_with_matrix_test.dart: Feed with Real Matrix Server Feed displays content from test_general room (has 5 messages)
Android Tests (2)	UNKNOWN STEP	2026-02-25T20:34:07.9033594Z checking room test_avatar id: !ShTNTssUAgeEkKKcqS:test.matrix.local
Android Tests (2)	UNKNOWN STEP	2026-02-25T20:34:07.9034042Z checking room test_invite_only id: !UdBbYKJgsgaXFdrlEo:test.matrix.local
Android Tests (2)	UNKNOWN STEP	2026-02-25T20:34:07.9034479Z checking room test_art id: !YuhjOISIfZhLragliP:test.matrix.local
Android Tests (2)	UNKNOWN STEP	2026-02-25T20:34:07.9034899Z checking room test_general id: !DlWKTIGJcjOZAEtWzt:test.matrix.local
Android Tests (2)	UNKNOWN STEP	2026-02-25T20:34:07.9035326Z checking room test_photos id: !lQXHPeEtQZdRRKZqeM:test.matrix.local
Android Tests (2)	UNKNOWN STEP	2026-02-25T20:34:07.9035659Z start quering new events...
Android Tests (2)	UNKNOWN STEP	2026-02-25T20:34:07.9035867Z finished...
Android Tests (2)	UNKNOWN STEP	2026-02-25T20:34:07.9036033Z ret is empty...
Android Tests (2)	UNKNOWN STEP	2026-02-25T20:34:07.9036220Z no new things to append...
Android Tests (2)	UNKNOWN STEP	2026-02-25T20:34:07.9036636Z 15:35 +1 -2: loading /home/runner/work/substitution/substitution/integration_test/login_debug_test.dart
Android Tests (2)	UNKNOWN STEP	2026-02-25T20:34:07.9037311Z Running Gradle task 'assembleDebug'...                             30.8s
Android Tests (2)	UNKNOWN STEP	2026-02-25T20:34:07.9037771Z ✓ Built build/app/outputs/flutter-apk/app-debug.apk
Android Tests (2)	UNKNOWN STEP	2026-02-25T20:34:07.9038189Z Installing build/app/outputs/flutter-apk/app-debug.apk...          12.5s
Android Tests (2)	UNKNOWN STEP	2026-02-25T20:34:07.9038751Z 17:02 +1 -2: loading /home/runner/work/substitution/substitution/integration_test/profile_view_test.dart
Android Tests (2)	UNKNOWN STEP	2026-02-25T20:34:07.9039297Z Running Gradle task 'assembleDebug'...                             22.8s
Android Tests (2)	UNKNOWN STEP	2026-02-25T20:34:07.9039747Z ✓ Built build/app/outputs/flutter-apk/app-debug.apk
Android Tests (2)	UNKNOWN STEP	2026-02-25T20:34:07.9040133Z Installing build/app/outputs/flutter-apk/app-debug.apk...          12.3s
Android Tests (2)	UNKNOWN STEP	2026-02-25T20:34:07.9040672Z Warning: A tag was used that wasn't specified in dart_test.yaml.
Android Tests (2)	UNKNOWN STEP	2026-02-25T20:34:07.9041017Z   integration was used in the suite itself
Android Tests (2)	UNKNOWN STEP	2026-02-25T20:34:07.9041197Z 
Android Tests (2)	UNKNOWN STEP	2026-02-25T20:34:07.9041456Z 18:18 +1 -2: loading /home/runner/work/substitution/substitution/integration_test/offline_test.dart
Android Tests (2)	UNKNOWN STEP	2026-02-25T20:34:07.9041989Z Running Gradle task 'assembleDebug'...                             21.8s
Android Tests (2)	UNKNOWN STEP	2026-02-25T20:34:07.9042407Z ✓ Built build/app/outputs/flutter-apk/app-debug.apk
Android Tests (2)	UNKNOWN STEP	2026-02-25T20:34:07.9042929Z Installing build/app/outputs/flutter-apk/app-debug.apk...          12.1s
Android Tests (2)	UNKNOWN STEP	2026-02-25T20:34:07.9043354Z Warning: A tag was used that wasn't specified in dart_test.yaml.
Android Tests (2)	UNKNOWN STEP	2026-02-25T20:34:07.9043688Z   integration was used in the suite itself
Android Tests (2)	UNKNOWN STEP	2026-02-25T20:34:07.9043865Z 
Android Tests (2)	UNKNOWN STEP	2026-02-25T20:34:07.9044160Z 19:34 +1 -2: loading /home/runner/work/substitution/substitution/integration_test/comment_nesting_test.dart
Android Tests (2)	UNKNOWN STEP	2026-02-25T20:34:07.9044709Z Running Gradle task 'assembleDebug'...                             31.1s
Android Tests (2)	UNKNOWN STEP	2026-02-25T20:34:07.9045134Z ✓ Built build/app/outputs/flutter-apk/app-debug.apk
Android Tests (2)	UNKNOWN STEP	2026-02-25T20:34:07.9045521Z Installing build/app/outputs/flutter-apk/app-debug.apk...          15.6s
Android Tests (2)	UNKNOWN STEP	2026-02-25T20:34:07.9046124Z 21:20 +1 -2: loading /home/runner/work/substitution/substitution/integration_test/refresh_logic_with_matrix_test.dart
Android Tests (2)	UNKNOWN STEP	2026-02-25T20:34:07.9046734Z Running Gradle task 'assembleDebug'...                             31.8s
Android Tests (2)	UNKNOWN STEP	2026-02-25T20:34:07.9047194Z ✓ Built build/app/outputs/flutter-apk/app-debug.apk
Android Tests (2)	UNKNOWN STEP	2026-02-25T20:34:07.9047582Z Installing build/app/outputs/flutter-apk/app-debug.apk...          15.4s
Android Tests (2)	UNKNOWN STEP	2026-02-25T20:34:07.9048111Z 22:55 +1 -2: loading /home/runner/work/substitution/substitution/integration_test/logout_test.dart
Android Tests (2)	UNKNOWN STEP	2026-02-25T20:34:07.9048625Z Running Gradle task 'assembleDebug'...                             31.2s
Android Tests (2)	UNKNOWN STEP	2026-02-25T20:34:07.9049040Z ✓ Built build/app/outputs/flutter-apk/app-debug.apk
Android Tests (2)	UNKNOWN STEP	2026-02-25T20:34:07.9049419Z Installing build/app/outputs/flutter-apk/app-debug.apk...          12.1s
Android Tests (2)	UNKNOWN STEP	2026-02-25T20:34:07.9049999Z 24:24 +1 -2: loading /home/runner/work/substitution/substitution/integration_test/registration_button_test.dart
Android Tests (2)	UNKNOWN STEP	2026-02-25T20:34:07.9050770Z Running Gradle task 'assembleDebug'...                             31.9s
Android Tests (2)	UNKNOWN STEP	2026-02-25T20:34:07.9051207Z ✓ Built build/app/outputs/flutter-apk/app-debug.apk
Android Tests (2)	UNKNOWN STEP	2026-02-25T20:34:07.9051602Z Installing build/app/outputs/flutter-apk/app-debug.apk...          11.9s
Android Tests (2)	UNKNOWN STEP	2026-02-25T20:34:07.9052135Z 25:53 +1 -2: loading /home/runner/work/substitution/substitution/integration_test/room_feed_test.dart
Android Tests (2)	UNKNOWN STEP	2026-02-25T20:34:07.9052670Z Running Gradle task 'assembleDebug'...                             21.9s
Android Tests (2)	UNKNOWN STEP	2026-02-25T20:34:07.9053085Z ✓ Built build/app/outputs/flutter-apk/app-debug.apk
Android Tests (2)	UNKNOWN STEP	2026-02-25T20:34:07.9053467Z Installing build/app/outputs/flutter-apk/app-debug.apk...          12.5s
Android Tests (2)	UNKNOWN STEP	2026-02-25T20:34:07.9053887Z Warning: A tag was used that wasn't specified in dart_test.yaml.
Android Tests (2)	UNKNOWN STEP	2026-02-25T20:34:07.9054222Z   integration was used in the suite itself
Android Tests (2)	UNKNOWN STEP	2026-02-25T20:34:07.9054398Z 
Android Tests (2)	UNKNOWN STEP	2026-02-25T20:34:07.9054700Z 27:10 +1 -2: loading /home/runner/work/substitution/substitution/integration_test/room_permissions_test.dart
Android Tests (2)	UNKNOWN STEP	2026-02-25T20:34:07.9055251Z Running Gradle task 'assembleDebug'...                          
Android Tests (2)	UNKNOWN STEP	2026-02-25T20:34:07.9080267Z ##[group]Run docker compose down -v
Android Tests (2)	UNKNOWN STEP	2026-02-25T20:34:07.9080770Z [36;1mdocker compose down -v[0m
Android Tests (2)	UNKNOWN STEP	2026-02-25T20:34:07.9129032Z shell: /usr/bin/bash -e {0}
Android Tests (2)	UNKNOWN STEP	2026-02-25T20:34:07.9129269Z env:
Android Tests (2)	UNKNOWN STEP	2026-02-25T20:34:07.9129441Z   CACHE_VERSION: v1
Android Tests (2)	UNKNOWN STEP	2026-02-25T20:34:07.9129767Z   JAVA_HOME: /opt/hostedtoolcache/Java_Temurin-Hotspot_jdk/17.0.18-8/x64
Android Tests (2)	UNKNOWN STEP	2026-02-25T20:34:07.9130246Z   JAVA_HOME_17_X64: /opt/hostedtoolcache/Java_Temurin-Hotspot_jdk/17.0.18-8/x64
Android Tests (2)	UNKNOWN STEP	2026-02-25T20:34:07.9130954Z   FLUTTER_ROOT: /opt/hostedtoolcache/flutter/stable-3.41.2-x64
Android Tests (2)	UNKNOWN STEP	2026-02-25T20:34:07.9131294Z   PUB_CACHE: /home/runner/.pub-cache
Android Tests (2)	UNKNOWN STEP	2026-02-25T20:34:07.9131570Z   ANDROID_AVD_HOME: /home/runner/.android/avd
Android Tests (2)	UNKNOWN STEP	2026-02-25T20:34:07.9131827Z ##[endgroup]
Android Tests (2)	UNKNOWN STEP	2026-02-25T20:34:08.1037265Z time="2026-02-25T20:34:08Z" level=warning msg="/home/runner/work/substitution/substitution/docker-compose.yml: the attribute `version` is obsolete, it will be ignored, please remove it to avoid potential confusion"
Android Tests (2)	UNKNOWN STEP	2026-02-25T20:34:08.1133372Z  Container substitution-matrix-synapse-1  Stopping
Android Tests (2)	UNKNOWN STEP	2026-02-25T20:34:08.1137198Z  Container substitution-redis-1  Stopping
Android Tests (2)	UNKNOWN STEP	2026-02-25T20:34:08.3602076Z  Container substitution-redis-1  Stopped
Android Tests (2)	UNKNOWN STEP	2026-02-25T20:34:08.3604639Z  Container substitution-redis-1  Removing
Android Tests (2)	UNKNOWN STEP	2026-02-25T20:34:08.3765899Z  Container substitution-redis-1  Removed
Android Tests (2)	UNKNOWN STEP	2026-02-25T20:34:08.3888763Z  Container substitution-matrix-synapse-1  Stopped
Android Tests (2)	UNKNOWN STEP	2026-02-25T20:34:08.3889434Z  Container substitution-matrix-synapse-1  Removing
Android Tests (2)	UNKNOWN STEP	2026-02-25T20:34:08.4618140Z  Container substitution-matrix-synapse-1  Removed
Android Tests (2)	UNKNOWN STEP	2026-02-25T20:34:08.4619018Z  Container substitution-dex-1  Stopping
Android Tests (2)	UNKNOWN STEP	2026-02-25T20:34:08.4619869Z  Container substitution-postgres-1  Stopping
Android Tests (2)	UNKNOWN STEP	2026-02-25T20:34:08.6064207Z  Container substitution-dex-1  Stopped
Android Tests (2)	UNKNOWN STEP	2026-02-25T20:34:08.6064795Z  Container substitution-dex-1  Removing
Android Tests (2)	UNKNOWN STEP	2026-02-25T20:34:08.6130910Z  Container substitution-postgres-1  Stopped
Android Tests (2)	UNKNOWN STEP	2026-02-25T20:34:08.6131743Z  Container substitution-postgres-1  Removing
Android Tests (2)	UNKNOWN STEP	2026-02-25T20:34:08.6167355Z  Container substitution-dex-1  Removed
Android Tests (2)	UNKNOWN STEP	2026-02-25T20:34:08.6794068Z  Container substitution-postgres-1  Removed
Android Tests (2)	UNKNOWN STEP	2026-02-25T20:34:08.6816903Z  Network substitution_substitution_network  Removing
Android Tests (2)	UNKNOWN STEP	2026-02-25T20:34:08.8177333Z  Network substitution_substitution_network  Removed
Android Tests (2)	UNKNOWN STEP	2026-02-25T20:34:08.8370345Z Post job cleanup.
Android Tests (2)	UNKNOWN STEP	2026-02-25T20:34:08.8436885Z Post job cleanup.
Android Tests (2)	UNKNOWN STEP	2026-02-25T20:34:09.0483227Z Post job cleanup.
Android Tests (2)	UNKNOWN STEP	2026-02-25T20:34:09.1503107Z [command]/usr/bin/git version
Android Tests (2)	UNKNOWN STEP	2026-02-25T20:34:09.1542425Z git version 2.53.0
Android Tests (2)	UNKNOWN STEP	2026-02-25T20:34:09.1594287Z Temporarily overriding HOME='/home/runner/work/_temp/f571a303-a0cd-4155-8e1a-4777ded5ec63' before making global git config changes
Android Tests (2)	UNKNOWN STEP	2026-02-25T20:34:09.1595640Z Adding repository directory to the temporary git global config as a safe directory
Android Tests (2)	UNKNOWN STEP	2026-02-25T20:34:09.1599244Z [command]/usr/bin/git config --global --add safe.directory /home/runner/work/substitution/substitution
Android Tests (2)	UNKNOWN STEP	2026-02-25T20:34:09.1641621Z [command]/usr/bin/git config --local --name-only --get-regexp core\.sshCommand
Android Tests (2)	UNKNOWN STEP	2026-02-25T20:34:09.1675018Z [command]/usr/bin/git submodule foreach --recursive sh -c "git config --local --name-only --get-regexp 'core\.sshCommand' && git config --local --unset-all 'core.sshCommand' || :"
Android Tests (2)	UNKNOWN STEP	2026-02-25T20:34:09.1973596Z [command]/usr/bin/git config --local --name-only --get-regexp http\.https\:\/\/github\.com\/\.extraheader
Android Tests (2)	UNKNOWN STEP	2026-02-25T20:34:09.1997197Z http.https://github.com/.extraheader
Android Tests (2)	UNKNOWN STEP	2026-02-25T20:34:09.2010116Z [command]/usr/bin/git config --local --unset-all http.https://github.com/.extraheader
Android Tests (2)	UNKNOWN STEP	2026-02-25T20:34:09.2045526Z [command]/usr/bin/git submodule foreach --recursive sh -c "git config --local --name-only --get-regexp 'http\.https\:\/\/github\.com\/\.extraheader' && git config --local --unset-all 'http.https://github.com/.extraheader' || :"
Android Tests (2)	UNKNOWN STEP	2026-02-25T20:34:09.2289252Z [command]/usr/bin/git config --local --name-only --get-regexp ^includeIf\.gitdir:
Android Tests (2)	UNKNOWN STEP	2026-02-25T20:34:09.2323751Z [command]/usr/bin/git submodule foreach --recursive git config --local --show-origin --name-only --get-regexp remote.origin.url
Android Tests (2)	UNKNOWN STEP	2026-02-25T20:34:09.2687449Z Cleaning up orphan processes
Android Tests (2)	UNKNOWN STEP	2026-02-25T20:34:09.3173896Z Terminate orphan process: pid (7814) (java)
Android Tests (2)	UNKNOWN STEP	2026-02-25T20:34:09.3237407Z Terminate orphan process: pid (8731) (java)
Android Tests (2)	UNKNOWN STEP	2026-02-25T20:34:09.3406058Z Terminate orphan process: pid (13452) (java)
iOS Tests (Simulator) (6)	Set up job	﻿2026-02-25T19:48:13.0517090Z Current runner version: '2.331.0'
iOS Tests (Simulator) (6)	Set up job	2026-02-25T19:48:13.0547580Z ##[group]Runner Image Provisioner
iOS Tests (Simulator) (6)	Set up job	2026-02-25T19:48:13.0549460Z Hosted Compute Agent
iOS Tests (Simulator) (6)	Set up job	2026-02-25T19:48:13.0550450Z Version: 20260213.493
iOS Tests (Simulator) (6)	Set up job	2026-02-25T19:48:13.0551790Z Commit: 5c115507f6dd24b8de37d8bbe0bb4509d0cc0fa3
iOS Tests (Simulator) (6)	Set up job	2026-02-25T19:48:13.0553790Z Build Date: 2026-02-13T00:28:41Z
iOS Tests (Simulator) (6)	Set up job	2026-02-25T19:48:13.0554950Z Worker ID: {45dd0ae3-0fa0-42bb-a0df-6c999fb08cd3}
iOS Tests (Simulator) (6)	Set up job	2026-02-25T19:48:13.0555510Z Azure Region: westus
iOS Tests (Simulator) (6)	Set up job	2026-02-25T19:48:13.0555970Z ##[endgroup]
iOS Tests (Simulator) (6)	Set up job	2026-02-25T19:48:13.0557180Z ##[group]Operating System
iOS Tests (Simulator) (6)	Set up job	2026-02-25T19:48:13.0557790Z macOS
iOS Tests (Simulator) (6)	Set up job	2026-02-25T19:48:13.0558110Z 15.7.4
iOS Tests (Simulator) (6)	Set up job	2026-02-25T19:48:13.0558390Z 24G517
iOS Tests (Simulator) (6)	Set up job	2026-02-25T19:48:13.0558760Z ##[endgroup]
iOS Tests (Simulator) (6)	Set up job	2026-02-25T19:48:13.0559110Z ##[group]Runner Image
iOS Tests (Simulator) (6)	Set up job	2026-02-25T19:48:13.0559520Z Image: macos-15-arm64
iOS Tests (Simulator) (6)	Set up job	2026-02-25T19:48:13.0559950Z Version: 20260217.0157.1
iOS Tests (Simulator) (6)	Set up job	2026-02-25T19:48:13.0560840Z Included Software: https://github.com/actions/runner-images/blob/macos-15-arm64/20260217.0157/images/macos/macos-15-arm64-Readme.md
iOS Tests (Simulator) (6)	Set up job	2026-02-25T19:48:13.0562090Z Image Release: https://github.com/actions/runner-images/releases/tag/macos-15-arm64%2F20260217.0157
iOS Tests (Simulator) (6)	Set up job	2026-02-25T19:48:13.0562860Z ##[endgroup]
iOS Tests (Simulator) (6)	Set up job	2026-02-25T19:48:13.0563910Z ##[group]GITHUB_TOKEN Permissions
iOS Tests (Simulator) (6)	Set up job	2026-02-25T19:48:13.0565920Z Contents: read
iOS Tests (Simulator) (6)	Set up job	2026-02-25T19:48:13.0566290Z Metadata: read
iOS Tests (Simulator) (6)	Set up job	2026-02-25T19:48:13.0566700Z Packages: read
iOS Tests (Simulator) (6)	Set up job	2026-02-25T19:48:13.0567120Z ##[endgroup]
iOS Tests (Simulator) (6)	Set up job	2026-02-25T19:48:13.0569260Z Secret source: Actions
iOS Tests (Simulator) (6)	Set up job	2026-02-25T19:48:13.0569870Z Prepare workflow directory
iOS Tests (Simulator) (6)	Set up job	2026-02-25T19:48:13.0901130Z Prepare all required actions
iOS Tests (Simulator) (6)	Set up job	2026-02-25T19:48:13.0928880Z Getting action download info
iOS Tests (Simulator) (6)	Set up job	2026-02-25T19:48:13.2859750Z Download action repository 'actions/checkout@v4' (SHA:34e114876b0b11c390a56381ad16ebd13914f8d5)
iOS Tests (Simulator) (6)	Set up job	2026-02-25T19:48:13.4919430Z Download action repository 'subosito/flutter-action@v2' (SHA:fd55f4c5af5b953cc57a2be44cb082c8f6635e8e)
iOS Tests (Simulator) (6)	Set up job	2026-02-25T19:48:13.7717410Z Getting action download info
iOS Tests (Simulator) (6)	Set up job	2026-02-25T19:48:13.9028830Z Download action repository 'actions/cache@v4' (SHA:0057852bfaa89a56745cba8c7296529d2fc39830)
iOS Tests (Simulator) (6)	Set up job	2026-02-25T19:48:14.0694900Z Complete job name: iOS Tests (Simulator) (6)
iOS Tests (Simulator) (6)	Run actions/checkout@v4	﻿2026-02-25T19:48:14.1407770Z ##[group]Run actions/checkout@v4
iOS Tests (Simulator) (6)	Run actions/checkout@v4	2026-02-25T19:48:14.1408440Z with:
iOS Tests (Simulator) (6)	Run actions/checkout@v4	2026-02-25T19:48:14.1408770Z   repository: floffel/substitution
iOS Tests (Simulator) (6)	Run actions/checkout@v4	2026-02-25T19:48:14.1409400Z   token: ***
iOS Tests (Simulator) (6)	Run actions/checkout@v4	2026-02-25T19:48:14.1409710Z   ssh-strict: true
iOS Tests (Simulator) (6)	Run actions/checkout@v4	2026-02-25T19:48:14.1410010Z   ssh-user: git
iOS Tests (Simulator) (6)	Run actions/checkout@v4	2026-02-25T19:48:14.1410350Z   persist-credentials: true
iOS Tests (Simulator) (6)	Run actions/checkout@v4	2026-02-25T19:48:14.1410790Z   clean: true
iOS Tests (Simulator) (6)	Run actions/checkout@v4	2026-02-25T19:48:14.1411140Z   sparse-checkout-cone-mode: true
iOS Tests (Simulator) (6)	Run actions/checkout@v4	2026-02-25T19:48:14.1411540Z   fetch-depth: 1
iOS Tests (Simulator) (6)	Run actions/checkout@v4	2026-02-25T19:48:14.1411910Z   fetch-tags: false
iOS Tests (Simulator) (6)	Run actions/checkout@v4	2026-02-25T19:48:14.1412250Z   show-progress: true
iOS Tests (Simulator) (6)	Run actions/checkout@v4	2026-02-25T19:48:14.1412590Z   lfs: false
iOS Tests (Simulator) (6)	Run actions/checkout@v4	2026-02-25T19:48:14.1412960Z   submodules: false
iOS Tests (Simulator) (6)	Run actions/checkout@v4	2026-02-25T19:48:14.1413320Z   set-safe-directory: true
iOS Tests (Simulator) (6)	Run actions/checkout@v4	2026-02-25T19:48:14.1413830Z env:
iOS Tests (Simulator) (6)	Run actions/checkout@v4	2026-02-25T19:48:14.1414180Z   CACHE_VERSION: v1
iOS Tests (Simulator) (6)	Run actions/checkout@v4	2026-02-25T19:48:14.1414570Z ##[endgroup]
iOS Tests (Simulator) (6)	Run actions/checkout@v4	2026-02-25T19:48:14.5039700Z Syncing repository: floffel/substitution
iOS Tests (Simulator) (6)	Run actions/checkout@v4	2026-02-25T19:48:14.5042520Z ##[group]Getting Git version info
iOS Tests (Simulator) (6)	Run actions/checkout@v4	2026-02-25T19:48:14.5043110Z Working directory is '/Users/runner/work/substitution/substitution'
iOS Tests (Simulator) (6)	Run actions/checkout@v4	2026-02-25T19:48:14.5045660Z [command]/opt/homebrew/bin/git version
iOS Tests (Simulator) (6)	Run actions/checkout@v4	2026-02-25T19:48:14.5323620Z git version 2.53.0
iOS Tests (Simulator) (6)	Run actions/checkout@v4	2026-02-25T19:48:14.5349160Z ##[endgroup]
iOS Tests (Simulator) (6)	Run actions/checkout@v4	2026-02-25T19:48:14.5356400Z Copying '/Users/runner/.gitconfig' to '/Users/runner/work/_temp/3e4367d9-885a-4160-ac65-4370ca6cc4cd/.gitconfig'
iOS Tests (Simulator) (6)	Run actions/checkout@v4	2026-02-25T19:48:14.5364090Z Temporarily overriding HOME='/Users/runner/work/_temp/3e4367d9-885a-4160-ac65-4370ca6cc4cd' before making global git config changes
iOS Tests (Simulator) (6)	Run actions/checkout@v4	2026-02-25T19:48:14.5365150Z Adding repository directory to the temporary git global config as a safe directory
iOS Tests (Simulator) (6)	Run actions/checkout@v4	2026-02-25T19:48:14.5368560Z [command]/opt/homebrew/bin/git config --global --add safe.directory /Users/runner/work/substitution/substitution
iOS Tests (Simulator) (6)	Run actions/checkout@v4	2026-02-25T19:48:14.5545260Z Deleting the contents of '/Users/runner/work/substitution/substitution'
iOS Tests (Simulator) (6)	Run actions/checkout@v4	2026-02-25T19:48:14.5557540Z ##[group]Initializing the repository
iOS Tests (Simulator) (6)	Run actions/checkout@v4	2026-02-25T19:48:14.5566510Z [command]/opt/homebrew/bin/git init /Users/runner/work/substitution/substitution
iOS Tests (Simulator) (6)	Run actions/checkout@v4	2026-02-25T19:48:14.5747460Z hint: Using 'master' as the name for the initial branch. This default branch name
iOS Tests (Simulator) (6)	Run actions/checkout@v4	2026-02-25T19:48:14.5748770Z hint: will change to "main" in Git 3.0. To configure the initial branch name
iOS Tests (Simulator) (6)	Run actions/checkout@v4	2026-02-25T19:48:14.5749780Z hint: to use in all of your new repositories, which will suppress this warning,
iOS Tests (Simulator) (6)	Run actions/checkout@v4	2026-02-25T19:48:14.5750340Z hint: call:
iOS Tests (Simulator) (6)	Run actions/checkout@v4	2026-02-25T19:48:14.5750700Z hint:
iOS Tests (Simulator) (6)	Run actions/checkout@v4	2026-02-25T19:48:14.5751100Z hint: 	git config --global init.defaultBranch <name>
iOS Tests (Simulator) (6)	Run actions/checkout@v4	2026-02-25T19:48:14.5751540Z hint:
iOS Tests (Simulator) (6)	Run actions/checkout@v4	2026-02-25T19:48:14.5751970Z hint: Names commonly chosen instead of 'master' are 'main', 'trunk' and
iOS Tests (Simulator) (6)	Run actions/checkout@v4	2026-02-25T19:48:14.5752640Z hint: 'development'. The just-created branch can be renamed via this command:
iOS Tests (Simulator) (6)	Run actions/checkout@v4	2026-02-25T19:48:14.5753190Z hint:
iOS Tests (Simulator) (6)	Run actions/checkout@v4	2026-02-25T19:48:14.5753480Z hint: 	git branch -m <name>
iOS Tests (Simulator) (6)	Run actions/checkout@v4	2026-02-25T19:48:14.5753860Z hint:
iOS Tests (Simulator) (6)	Run actions/checkout@v4	2026-02-25T19:48:14.5754350Z hint: Disable this message with "git config set advice.defaultBranchName false"
iOS Tests (Simulator) (6)	Run actions/checkout@v4	2026-02-25T19:48:14.5755120Z Initialized empty Git repository in /Users/runner/work/substitution/substitution/.git/
iOS Tests (Simulator) (6)	Run actions/checkout@v4	2026-02-25T19:48:14.5756800Z [command]/opt/homebrew/bin/git remote add origin https://github.com/floffel/substitution
iOS Tests (Simulator) (6)	Run actions/checkout@v4	2026-02-25T19:48:14.5833370Z ##[endgroup]
iOS Tests (Simulator) (6)	Run actions/checkout@v4	2026-02-25T19:48:14.5834060Z ##[group]Disabling automatic garbage collection
iOS Tests (Simulator) (6)	Run actions/checkout@v4	2026-02-25T19:48:14.5836980Z [command]/opt/homebrew/bin/git config --local gc.auto 0
iOS Tests (Simulator) (6)	Run actions/checkout@v4	2026-02-25T19:48:14.5899780Z ##[endgroup]
iOS Tests (Simulator) (6)	Run actions/checkout@v4	2026-02-25T19:48:14.5900380Z ##[group]Setting up auth
iOS Tests (Simulator) (6)	Run actions/checkout@v4	2026-02-25T19:48:14.5904160Z [command]/opt/homebrew/bin/git config --local --name-only --get-regexp core\.sshCommand
iOS Tests (Simulator) (6)	Run actions/checkout@v4	2026-02-25T19:48:14.5970140Z [command]/opt/homebrew/bin/git submodule foreach --recursive sh -c "git config --local --name-only --get-regexp 'core\.sshCommand' && git config --local --unset-all 'core.sshCommand' || :"
iOS Tests (Simulator) (6)	Run actions/checkout@v4	2026-02-25T19:48:14.8420460Z [command]/opt/homebrew/bin/git config --local --name-only --get-regexp http\.https\:\/\/github\.com\/\.extraheader
iOS Tests (Simulator) (6)	Run actions/checkout@v4	2026-02-25T19:48:14.8492160Z [command]/opt/homebrew/bin/git submodule foreach --recursive sh -c "git config --local --name-only --get-regexp 'http\.https\:\/\/github\.com\/\.extraheader' && git config --local --unset-all 'http.https://github.com/.extraheader' || :"
iOS Tests (Simulator) (6)	Run actions/checkout@v4	2026-02-25T19:48:15.0001560Z [command]/opt/homebrew/bin/git config --local --name-only --get-regexp ^includeIf\.gitdir:
iOS Tests (Simulator) (6)	Run actions/checkout@v4	2026-02-25T19:48:15.0135960Z [command]/opt/homebrew/bin/git submodule foreach --recursive git config --local --show-origin --name-only --get-regexp remote.origin.url
iOS Tests (Simulator) (6)	Run actions/checkout@v4	2026-02-25T19:48:15.1516130Z [command]/opt/homebrew/bin/git config --local http.https://github.com/.extraheader AUTHORIZATION: basic ***
iOS Tests (Simulator) (6)	Run actions/checkout@v4	2026-02-25T19:48:15.1633040Z ##[endgroup]
iOS Tests (Simulator) (6)	Run actions/checkout@v4	2026-02-25T19:48:15.1634120Z ##[group]Fetching the repository
iOS Tests (Simulator) (6)	Run actions/checkout@v4	2026-02-25T19:48:15.1647940Z [command]/opt/homebrew/bin/git -c protocol.version=2 fetch --no-tags --prune --no-recurse-submodules --depth=1 origin +0408461b08eee1bbe2c516702bd1813b916d3e4c:refs/remotes/pull/1/merge
iOS Tests (Simulator) (6)	Run actions/checkout@v4	2026-02-25T19:48:16.2131970Z From https://github.com/floffel/substitution
iOS Tests (Simulator) (6)	Run actions/checkout@v4	2026-02-25T19:48:16.2290820Z  * [new ref]         0408461b08eee1bbe2c516702bd1813b916d3e4c -> pull/1/merge
iOS Tests (Simulator) (6)	Run actions/checkout@v4	2026-02-25T19:48:16.2340880Z ##[endgroup]
iOS Tests (Simulator) (6)	Run actions/checkout@v4	2026-02-25T19:48:16.2342490Z ##[group]Determining the checkout info
iOS Tests (Simulator) (6)	Run actions/checkout@v4	2026-02-25T19:48:16.2344220Z ##[endgroup]
iOS Tests (Simulator) (6)	Run actions/checkout@v4	2026-02-25T19:48:16.2345370Z [command]/opt/homebrew/bin/git sparse-checkout disable
iOS Tests (Simulator) (6)	Run actions/checkout@v4	2026-02-25T19:48:16.2516460Z [command]/opt/homebrew/bin/git config --local --unset-all extensions.worktreeConfig
iOS Tests (Simulator) (6)	Run actions/checkout@v4	2026-02-25T19:48:16.2647780Z ##[group]Checking out the ref
iOS Tests (Simulator) (6)	Run actions/checkout@v4	2026-02-25T19:48:16.2656160Z [command]/opt/homebrew/bin/git checkout --progress --force refs/remotes/pull/1/merge
iOS Tests (Simulator) (6)	Run actions/checkout@v4	2026-02-25T19:48:16.5581880Z HEAD is now at 0408461 Merge 86c2f4a4443179a61e99b4f5d2c467a0f9c43a72 into 74cc852017b0f1fdeb37326726f5fee7effe2248
iOS Tests (Simulator) (6)	Run actions/checkout@v4	2026-02-25T19:48:16.5628410Z ##[endgroup]
iOS Tests (Simulator) (6)	Run actions/checkout@v4	2026-02-25T19:48:16.5743490Z [command]/opt/homebrew/bin/git log -1 --format=%H
iOS Tests (Simulator) (6)	Run actions/checkout@v4	2026-02-25T19:48:16.5817580Z 0408461b08eee1bbe2c516702bd1813b916d3e4c
iOS Tests (Simulator) (6)	Setup Flutter	﻿2026-02-25T19:48:16.6415830Z ##[group]Run subosito/flutter-action@v2
iOS Tests (Simulator) (6)	Setup Flutter	2026-02-25T19:48:16.6416740Z with:
iOS Tests (Simulator) (6)	Setup Flutter	2026-02-25T19:48:16.6417280Z   channel: stable
iOS Tests (Simulator) (6)	Setup Flutter	2026-02-25T19:48:16.6417870Z   cache: true
iOS Tests (Simulator) (6)	Setup Flutter	2026-02-25T19:48:16.6418480Z   architecture: ARM64
iOS Tests (Simulator) (6)	Setup Flutter	2026-02-25T19:48:16.6419110Z   pub-cache-path: default
iOS Tests (Simulator) (6)	Setup Flutter	2026-02-25T19:48:16.6419750Z   dry-run: false
iOS Tests (Simulator) (6)	Setup Flutter	2026-02-25T19:48:16.6420500Z   git-source: https://github.com/flutter/flutter.git
iOS Tests (Simulator) (6)	Setup Flutter	2026-02-25T19:48:16.6421330Z env:
iOS Tests (Simulator) (6)	Setup Flutter	2026-02-25T19:48:16.6421860Z   CACHE_VERSION: v1
iOS Tests (Simulator) (6)	Setup Flutter	2026-02-25T19:48:16.6422600Z ##[endgroup]
iOS Tests (Simulator) (6)	Setup Flutter	2026-02-25T19:48:16.6541330Z ##[group]Run chmod +x "$GITHUB_ACTION_PATH/setup.sh"
iOS Tests (Simulator) (6)	Setup Flutter	2026-02-25T19:48:16.6542330Z [36;1mchmod +x "$GITHUB_ACTION_PATH/setup.sh"[0m
iOS Tests (Simulator) (6)	Setup Flutter	2026-02-25T19:48:16.6591110Z shell: /bin/bash --noprofile --norc -e -o pipefail {0}
iOS Tests (Simulator) (6)	Setup Flutter	2026-02-25T19:48:16.6592010Z env:
iOS Tests (Simulator) (6)	Setup Flutter	2026-02-25T19:48:16.6592500Z   CACHE_VERSION: v1
iOS Tests (Simulator) (6)	Setup Flutter	2026-02-25T19:48:16.6593030Z ##[endgroup]
iOS Tests (Simulator) (6)	Setup Flutter	2026-02-25T19:48:16.7416910Z ##[group]Run $GITHUB_ACTION_PATH/setup.sh -p \
iOS Tests (Simulator) (6)	Setup Flutter	2026-02-25T19:48:16.7417910Z [36;1m$GITHUB_ACTION_PATH/setup.sh -p \[0m
iOS Tests (Simulator) (6)	Setup Flutter	2026-02-25T19:48:16.7418690Z [36;1m  -n '' \[0m
iOS Tests (Simulator) (6)	Setup Flutter	2026-02-25T19:48:16.7419260Z [36;1m  -f '' \[0m
iOS Tests (Simulator) (6)	Setup Flutter	2026-02-25T19:48:16.7419790Z [36;1m  -a 'ARM64' \[0m
iOS Tests (Simulator) (6)	Setup Flutter	2026-02-25T19:48:16.7420360Z [36;1m  -k '' \[0m
iOS Tests (Simulator) (6)	Setup Flutter	2026-02-25T19:48:16.7420910Z [36;1m  -c '' \[0m
iOS Tests (Simulator) (6)	Setup Flutter	2026-02-25T19:48:16.7421440Z [36;1m  -l '' \[0m
iOS Tests (Simulator) (6)	Setup Flutter	2026-02-25T19:48:16.7421980Z [36;1m  -d 'default' \[0m
iOS Tests (Simulator) (6)	Setup Flutter	2026-02-25T19:48:16.7422720Z [36;1m  -g 'https://github.com/flutter/flutter.git' \[0m
iOS Tests (Simulator) (6)	Setup Flutter	2026-02-25T19:48:16.7423510Z [36;1m  stable[0m
iOS Tests (Simulator) (6)	Setup Flutter	2026-02-25T19:48:16.7520040Z shell: /bin/bash --noprofile --norc -e -o pipefail {0}
iOS Tests (Simulator) (6)	Setup Flutter	2026-02-25T19:48:16.7522340Z env:
iOS Tests (Simulator) (6)	Setup Flutter	2026-02-25T19:48:16.7523490Z   CACHE_VERSION: v1
iOS Tests (Simulator) (6)	Setup Flutter	2026-02-25T19:48:16.7525240Z ##[endgroup]
iOS Tests (Simulator) (6)	Setup Flutter	2026-02-25T19:48:17.0264650Z ##[group]Run actions/cache@v4
iOS Tests (Simulator) (6)	Setup Flutter	2026-02-25T19:48:17.0265360Z with:
iOS Tests (Simulator) (6)	Setup Flutter	2026-02-25T19:48:17.0266050Z   path: /Users/runner/hostedtoolcache/flutter/stable-3.41.2-arm64
iOS Tests (Simulator) (6)	Setup Flutter	2026-02-25T19:48:17.0267300Z   key: flutter-macos-stable-3.41.2-arm64-90673a4eef275d1a6692c26ac80d6d746d41a73a
iOS Tests (Simulator) (6)	Setup Flutter	2026-02-25T19:48:17.0268370Z   enableCrossOsArchive: false
iOS Tests (Simulator) (6)	Setup Flutter	2026-02-25T19:48:17.0269040Z   fail-on-cache-miss: false
iOS Tests (Simulator) (6)	Setup Flutter	2026-02-25T19:48:17.0269630Z   lookup-only: false
iOS Tests (Simulator) (6)	Setup Flutter	2026-02-25T19:48:17.0270160Z   save-always: false
iOS Tests (Simulator) (6)	Setup Flutter	2026-02-25T19:48:17.0270710Z env:
iOS Tests (Simulator) (6)	Setup Flutter	2026-02-25T19:48:17.0271190Z   CACHE_VERSION: v1
iOS Tests (Simulator) (6)	Setup Flutter	2026-02-25T19:48:17.0272150Z ##[endgroup]
iOS Tests (Simulator) (6)	Setup Flutter	2026-02-25T19:48:17.3239580Z Cache not found for input keys: flutter-macos-stable-3.41.2-arm64-90673a4eef275d1a6692c26ac80d6d746d41a73a
iOS Tests (Simulator) (6)	Setup Flutter	2026-02-25T19:48:17.4851460Z ##[group]Run actions/cache@v4
iOS Tests (Simulator) (6)	Setup Flutter	2026-02-25T19:48:17.4852260Z with:
iOS Tests (Simulator) (6)	Setup Flutter	2026-02-25T19:48:17.4852800Z   path: /Users/runner/.pub-cache
iOS Tests (Simulator) (6)	Setup Flutter	2026-02-25T19:48:17.4854540Z   key: flutter-pub-macos-stable-3.41.2-arm64-90673a4eef275d1a6692c26ac80d6d746d41a73a-fabacfc13d2b7e18a7fb2822593662b03764f624bf41fd351cdabec60fb27783
iOS Tests (Simulator) (6)	Setup Flutter	2026-02-25T19:48:17.4856550Z   enableCrossOsArchive: false
iOS Tests (Simulator) (6)	Setup Flutter	2026-02-25T19:48:17.4857250Z   fail-on-cache-miss: false
iOS Tests (Simulator) (6)	Setup Flutter	2026-02-25T19:48:17.4857850Z   lookup-only: false
iOS Tests (Simulator) (6)	Setup Flutter	2026-02-25T19:48:17.4858410Z   save-always: false
iOS Tests (Simulator) (6)	Setup Flutter	2026-02-25T19:48:17.4858990Z env:
iOS Tests (Simulator) (6)	Setup Flutter	2026-02-25T19:48:17.4859510Z   CACHE_VERSION: v1
iOS Tests (Simulator) (6)	Setup Flutter	2026-02-25T19:48:17.4860040Z ##[endgroup]
iOS Tests (Simulator) (6)	Setup Flutter	2026-02-25T19:48:17.6910840Z Cache not found for input keys: flutter-pub-macos-stable-3.41.2-arm64-90673a4eef275d1a6692c26ac80d6d746d41a73a-fabacfc13d2b7e18a7fb2822593662b03764f624bf41fd351cdabec60fb27783
iOS Tests (Simulator) (6)	Setup Flutter	2026-02-25T19:48:17.7059620Z ##[group]Run $GITHUB_ACTION_PATH/setup.sh \
iOS Tests (Simulator) (6)	Setup Flutter	2026-02-25T19:48:17.7061530Z [36;1m$GITHUB_ACTION_PATH/setup.sh \[0m
iOS Tests (Simulator) (6)	Setup Flutter	2026-02-25T19:48:17.7063160Z [36;1m  -n '3.41.2' \[0m
iOS Tests (Simulator) (6)	Setup Flutter	2026-02-25T19:48:17.7064510Z [36;1m  -a 'arm64' \[0m
iOS Tests (Simulator) (6)	Setup Flutter	2026-02-25T19:48:17.7066500Z [36;1m  -c '/Users/runner/hostedtoolcache/flutter/stable-3.41.2-arm64' \[0m
iOS Tests (Simulator) (6)	Setup Flutter	2026-02-25T19:48:17.7068900Z [36;1m  -d '/Users/runner/.pub-cache' \[0m
iOS Tests (Simulator) (6)	Setup Flutter	2026-02-25T19:48:17.7070560Z [36;1m  stable[0m
iOS Tests (Simulator) (6)	Setup Flutter	2026-02-25T19:48:17.7189080Z shell: /bin/bash --noprofile --norc -e -o pipefail {0}
iOS Tests (Simulator) (6)	Setup Flutter	2026-02-25T19:48:17.7191580Z env:
iOS Tests (Simulator) (6)	Setup Flutter	2026-02-25T19:48:17.7192670Z   CACHE_VERSION: v1
iOS Tests (Simulator) (6)	Setup Flutter	2026-02-25T19:48:17.7195550Z ##[endgroup]
iOS Tests (Simulator) (6)	Setup Flutter	2026-02-25T19:48:18.0490310Z   % Total    % Received % Xferd  Average Speed   Time    Time     Time  Current
iOS Tests (Simulator) (6)	Setup Flutter	2026-02-25T19:48:18.0491950Z                                  Dload  Upload   Total   Spent    Left  Speed
iOS Tests (Simulator) (6)	Setup Flutter	2026-02-25T19:48:18.0492740Z 
iOS Tests (Simulator) (6)	Setup Flutter	2026-02-25T19:48:18.4647370Z   0     0    0     0    0     0      0      0 --:--:-- --:--:-- --:--:--     0
iOS Tests (Simulator) (6)	Setup Flutter	2026-02-25T19:48:19.4653260Z   1 2045M    1 27.4M    0     0  65.9M      0  0:00:31 --:--:--  0:00:31 65.8M
iOS Tests (Simulator) (6)	Setup Flutter	2026-02-25T19:48:20.4667720Z   5 2045M    5  105M    0     0  74.7M      0  0:00:27  0:00:01  0:00:26 74.7M
iOS Tests (Simulator) (6)	Setup Flutter	2026-02-25T19:48:21.4671960Z   8 2045M    8  183M    0     0  75.8M      0  0:00:26  0:00:02  0:00:24 75.8M
iOS Tests (Simulator) (6)	Setup Flutter	2026-02-25T19:48:22.4652260Z  12 2045M   12  260M    0     0  76.1M      0  0:00:26  0:00:03  0:00:23 76.1M
iOS Tests (Simulator) (6)	Setup Flutter	2026-02-25T19:48:23.4728520Z  15 2045M   15  321M    0     0  72.8M      0  0:00:28  0:00:04  0:00:24 72.8M
iOS Tests (Simulator) (6)	Setup Flutter	2026-02-25T19:48:24.4754320Z  18 2045M   18  377M    0     0  69.6M      0  0:00:29  0:00:05  0:00:24 69.9M
iOS Tests (Simulator) (6)	Setup Flutter	2026-02-25T19:48:25.4658090Z  20 2045M   20  426M    0     0  66.5M      0  0:00:30  0:00:06  0:00:24 64.1M
iOS Tests (Simulator) (6)	Setup Flutter	2026-02-25T19:48:26.4682310Z  23 2045M   23  479M    0     0  64.6M      0  0:00:31  0:00:07  0:00:24 59.3M
iOS Tests (Simulator) (6)	Setup Flutter	2026-02-25T19:48:27.4746180Z  25 2045M   25  529M    0     0  62.9M      0  0:00:32  0:00:08  0:00:24 53.8M
iOS Tests (Simulator) (6)	Setup Flutter	2026-02-25T19:48:28.4762530Z  28 2045M   28  592M    0     0  62.9M      0  0:00:32  0:00:09  0:00:23 54.1M
iOS Tests (Simulator) (6)	Setup Flutter	2026-02-25T19:48:29.4667130Z  32 2045M   32  664M    0     0  63.7M      0  0:00:32  0:00:10  0:00:22 57.4M
iOS Tests (Simulator) (6)	Setup Flutter	2026-02-25T19:48:30.4656960Z  35 2045M   35  724M    0     0  63.5M      0  0:00:32  0:00:11  0:00:21 59.6M
iOS Tests (Simulator) (6)	Setup Flutter	2026-02-25T19:48:31.4705340Z  38 2045M   38  789M    0     0  63.5M      0  0:00:32  0:00:12  0:00:20 61.9M
iOS Tests (Simulator) (6)	Setup Flutter	2026-02-25T19:48:32.4658790Z  41 2045M   41  850M    0     0  63.4M      0  0:00:32  0:00:13  0:00:19 64.1M
iOS Tests (Simulator) (6)	Setup Flutter	2026-02-25T19:48:33.4708970Z  44 2045M   44  916M    0     0  63.5M      0  0:00:32  0:00:14  0:00:18 64.7M
iOS Tests (Simulator) (6)	Setup Flutter	2026-02-25T19:48:34.4692260Z  47 2045M   47  977M    0     0  63.4M      0  0:00:32  0:00:15  0:00:17 62.6M
iOS Tests (Simulator) (6)	Setup Flutter	2026-02-25T19:48:35.4681470Z  50 2045M   50 1036M    0     0  63.1M      0  0:00:32  0:00:16  0:00:16 62.3M
iOS Tests (Simulator) (6)	Setup Flutter	2026-02-25T19:48:36.4717320Z  54 2045M   54 1110M    0     0  63.7M      0  0:00:32  0:00:17  0:00:15 64.2M
iOS Tests (Simulator) (6)	Setup Flutter	2026-02-25T19:48:37.4803870Z  57 2045M   57 1169M    0     0  63.5M      0  0:00:32  0:00:18  0:00:14 63.7M
iOS Tests (Simulator) (6)	Setup Flutter	2026-02-25T19:48:38.4673080Z  60 2045M   60 1233M    0     0  63.5M      0  0:00:32  0:00:19  0:00:13 63.5M
iOS Tests (Simulator) (6)	Setup Flutter	2026-02-25T19:48:39.4722280Z  63 2045M   63 1294M    0     0  63.4M      0  0:00:32  0:00:20  0:00:12 63.3M
iOS Tests (Simulator) (6)	Setup Flutter	2026-02-25T19:48:40.4654370Z  66 2045M   66 1356M    0     0  63.3M      0  0:00:32  0:00:21  0:00:11 63.8M
iOS Tests (Simulator) (6)	Setup Flutter	2026-02-25T19:48:41.4697340Z  69 2045M   69 1413M    0     0  63.0M      0  0:00:32  0:00:22  0:00:10 60.5M
iOS Tests (Simulator) (6)	Setup Flutter	2026-02-25T19:48:42.4678170Z  72 2045M   72 1480M    0     0  63.2M      0  0:00:32  0:00:23  0:00:09 62.2M
iOS Tests (Simulator) (6)	Setup Flutter	2026-02-25T19:48:43.4652220Z  75 2045M   75 1547M    0     0  63.3M      0  0:00:32  0:00:24  0:00:08 62.8M
iOS Tests (Simulator) (6)	Setup Flutter	2026-02-25T19:48:44.4721520Z  78 2045M   78 1614M    0     0  63.5M      0  0:00:32  0:00:25  0:00:07 63.8M
iOS Tests (Simulator) (6)	Setup Flutter	2026-02-25T19:48:45.4727540Z  82 2045M   82 1683M    0     0  63.7M      0  0:00:32  0:00:26  0:00:06 65.3M
iOS Tests (Simulator) (6)	Setup Flutter	2026-02-25T19:48:46.4760380Z  84 2045M   84 1735M    0     0  63.3M      0  0:00:32  0:00:27  0:00:05 64.3M
iOS Tests (Simulator) (6)	Setup Flutter	2026-02-25T19:48:47.4649600Z  87 2045M   87 1793M    0     0  63.1M      0  0:00:32  0:00:28  0:00:04 62.5M
iOS Tests (Simulator) (6)	Setup Flutter	2026-02-25T19:48:48.4670950Z  90 2045M   90 1855M    0     0  63.0M      0  0:00:32  0:00:29  0:00:03 61.5M
iOS Tests (Simulator) (6)	Setup Flutter	2026-02-25T19:48:49.4790540Z  93 2045M   93 1916M    0     0  63.0M      0  0:00:32  0:00:30  0:00:02 60.4M
iOS Tests (Simulator) (6)	Setup Flutter	2026-02-25T19:48:50.4693680Z  96 2045M   96 1979M    0     0  62.9M      0  0:00:32  0:00:31  0:00:01 59.2M
iOS Tests (Simulator) (6)	Setup Flutter	2026-02-25T19:48:50.5397740Z  99 2045M   99 2041M    0     0  62.9M      0  0:00:32  0:00:32 --:--:-- 61.1M
iOS Tests (Simulator) (6)	Setup Flutter	2026-02-25T19:48:50.5527470Z 100 2045M  100 2045M    0     0  62.9M      0  0:00:32  0:00:32 --:--:-- 62.0M
iOS Tests (Simulator) (6)	Install dependencies	﻿2026-02-25T19:49:34.2782890Z ##[group]Run flutter precache --ios
iOS Tests (Simulator) (6)	Install dependencies	2026-02-25T19:49:34.2783470Z [36;1mflutter precache --ios[0m
iOS Tests (Simulator) (6)	Install dependencies	2026-02-25T19:49:34.2783710Z [36;1mflutter pub get[0m
iOS Tests (Simulator) (6)	Install dependencies	2026-02-25T19:49:34.3067440Z shell: /bin/bash -e {0}
iOS Tests (Simulator) (6)	Install dependencies	2026-02-25T19:49:34.3067710Z env:
iOS Tests (Simulator) (6)	Install dependencies	2026-02-25T19:49:34.3067930Z   CACHE_VERSION: v1
iOS Tests (Simulator) (6)	Install dependencies	2026-02-25T19:49:34.3068250Z   FLUTTER_ROOT: /Users/runner/hostedtoolcache/flutter/stable-3.41.2-arm64
iOS Tests (Simulator) (6)	Install dependencies	2026-02-25T19:49:34.3068680Z   PUB_CACHE: /Users/runner/.pub-cache
iOS Tests (Simulator) (6)	Install dependencies	2026-02-25T19:49:34.3068930Z ##[endgroup]
iOS Tests (Simulator) (6)	Install dependencies	2026-02-25T19:49:44.6199310Z Resolving dependencies...
iOS Tests (Simulator) (6)	Install dependencies	2026-02-25T19:49:45.5932500Z Downloading packages...
iOS Tests (Simulator) (6)	Install dependencies	2026-02-25T19:49:58.0253540Z   _fe_analyzer_shared 91.0.0 (96.0.0 available)
iOS Tests (Simulator) (6)	Install dependencies	2026-02-25T19:49:58.0355050Z   analyzer 8.4.1 (10.2.0 available)
iOS Tests (Simulator) (6)	Install dependencies	2026-02-25T19:49:58.0463130Z   canonical_json 1.1.2 (1.1.3 available)
iOS Tests (Simulator) (6)	Install dependencies	2026-02-25T19:49:58.0569350Z > characters 1.4.1 (was 1.4.0)
iOS Tests (Simulator) (6)	Install dependencies	2026-02-25T19:49:58.0618410Z > matcher 0.12.18 (was 0.12.17)
iOS Tests (Simulator) (6)	Install dependencies	2026-02-25T19:49:58.0634600Z > material_color_utilities 0.13.0 (was 0.11.1)
iOS Tests (Simulator) (6)	Install dependencies	2026-02-25T19:49:58.0647190Z   meta 1.17.0 (1.18.1 available)
iOS Tests (Simulator) (6)	Install dependencies	2026-02-25T19:49:58.0651300Z   sqflite_common_ffi 2.3.7+1 (2.4.0+2 available)
iOS Tests (Simulator) (6)	Install dependencies	2026-02-25T19:49:58.0658450Z   sqlite3 2.9.4 (3.1.6 available)
iOS Tests (Simulator) (6)	Install dependencies	2026-02-25T19:49:58.0658930Z > test_api 0.7.9 (was 0.7.7)
iOS Tests (Simulator) (6)	Install dependencies	2026-02-25T19:49:58.0659260Z > test_core 0.6.15 (was 0.6.12)
iOS Tests (Simulator) (6)	Install dependencies	2026-02-25T19:49:58.0659610Z   unorm_dart 0.2.0 (0.3.2 available)
iOS Tests (Simulator) (6)	Install dependencies	2026-02-25T19:49:58.0660160Z   win32 5.15.0 (6.0.0 available)
iOS Tests (Simulator) (6)	Install dependencies	2026-02-25T19:49:58.0662950Z Changed 5 dependencies!
iOS Tests (Simulator) (6)	Install dependencies	2026-02-25T19:49:58.0663510Z 8 packages have newer versions incompatible with dependency constraints.
iOS Tests (Simulator) (6)	Install dependencies	2026-02-25T19:49:58.0664040Z Try `flutter pub outdated` for more information.
iOS Tests (Simulator) (6)	Run iOS integration tests (Batched)	﻿2026-02-25T19:50:01.0346900Z ##[group]Run ./scripts/test.sh ios --no-docker --shard 6 --total-shards 7
iOS Tests (Simulator) (6)	Run iOS integration tests (Batched)	2026-02-25T19:50:01.0348680Z [36;1m./scripts/test.sh ios --no-docker --shard 6 --total-shards 7[0m
iOS Tests (Simulator) (6)	Run iOS integration tests (Batched)	2026-02-25T19:50:01.0415180Z shell: /bin/bash -e {0}
iOS Tests (Simulator) (6)	Run iOS integration tests (Batched)	2026-02-25T19:50:01.0416400Z env:
iOS Tests (Simulator) (6)	Run iOS integration tests (Batched)	2026-02-25T19:50:01.0416720Z   CACHE_VERSION: v1
iOS Tests (Simulator) (6)	Run iOS integration tests (Batched)	2026-02-25T19:50:01.0417670Z   FLUTTER_ROOT: /Users/runner/hostedtoolcache/flutter/stable-3.41.2-arm64
iOS Tests (Simulator) (6)	Run iOS integration tests (Batched)	2026-02-25T19:50:01.0418100Z   PUB_CACHE: /Users/runner/.pub-cache
iOS Tests (Simulator) (6)	Run iOS integration tests (Batched)	2026-02-25T19:50:01.0419370Z   MATRIX_SERVER: http://localhost:8008
iOS Tests (Simulator) (6)	Run iOS integration tests (Batched)	2026-02-25T19:50:01.0420470Z   MATRIX_TEST_USER: testuser1
iOS Tests (Simulator) (6)	Run iOS integration tests (Batched)	2026-02-25T19:50:01.0422000Z   MATRIX_TEST_PASSWORD: testpass123
iOS Tests (Simulator) (6)	Run iOS integration tests (Batched)	2026-02-25T19:50:01.0422250Z ##[endgroup]
iOS Tests (Simulator) (6)	Run iOS integration tests (Batched)	2026-02-25T19:50:01.1594200Z [1m
iOS Tests (Simulator) (6)	Run iOS integration tests (Batched)	2026-02-25T19:50:01.1605570Z   Substitution Test Runner
iOS Tests (Simulator) (6)	Run iOS integration tests (Batched)	2026-02-25T19:50:01.1665350Z   2026-02-25 19:50:01
iOS Tests (Simulator) (6)	Run iOS integration tests (Batched)	2026-02-25T19:50:01.1665900Z   Targets: ios
iOS Tests (Simulator) (6)	Run iOS integration tests (Batched)	2026-02-25T19:50:01.1667050Z [0m
iOS Tests (Simulator) (6)	Run iOS integration tests (Batched)	2026-02-25T19:50:01.1676670Z [0;34m[INFO][0m Fetching Flutter dependencies...
iOS Tests (Simulator) (6)	Run iOS integration tests (Batched)	2026-02-25T19:50:03.2940180Z   unorm_dart 0.2.0 (0.3.2 available)
iOS Tests (Simulator) (6)	Run iOS integration tests (Batched)	2026-02-25T19:50:03.2940910Z   win32 5.15.0 (6.0.0 available)
iOS Tests (Simulator) (6)	Run iOS integration tests (Batched)	2026-02-25T19:50:03.2968890Z Got dependencies!
iOS Tests (Simulator) (6)	Run iOS integration tests (Batched)	2026-02-25T19:50:03.2976300Z 8 packages have newer versions incompatible with dependency constraints.
iOS Tests (Simulator) (6)	Run iOS integration tests (Batched)	2026-02-25T19:50:03.2977220Z Try `flutter pub outdated` for more information.
iOS Tests (Simulator) (6)	Run iOS integration tests (Batched)	2026-02-25T19:50:03.2978220Z [0;32m[OK][0m Dependencies fetched
iOS Tests (Simulator) (6)	Run iOS integration tests (Batched)	2026-02-25T19:50:03.3013310Z [0;34m[INFO][0m Target: ios
iOS Tests (Simulator) (6)	Run iOS integration tests (Batched)	2026-02-25T19:50:03.3020370Z 
iOS Tests (Simulator) (6)	Run iOS integration tests (Batched)	2026-02-25T19:50:03.3021980Z [1m━━━ iOS Tests (Simulator) ━━━[0m
iOS Tests (Simulator) (6)	Run iOS integration tests (Batched)	2026-02-25T19:50:03.3022590Z 
iOS Tests (Simulator) (6)	Run iOS integration tests (Batched)	2026-02-25T19:50:39.3537340Z [0;34m[INFO][0m Using simulator: 75C84AB9-2E49-49AD-AC16-094B54C40D8B
iOS Tests (Simulator) (6)	Run iOS integration tests (Batched)	2026-02-25T19:50:54.4396450Z [0;34m[INFO][0m Waiting for simulator boot (timeout: 600s)...
iOS Tests (Simulator) (6)	Run iOS integration tests (Batched)	2026-02-25T19:57:51.1145640Z [0;32m[OK][0m Simulator booted
iOS Tests (Simulator) (6)	Run iOS integration tests (Batched)	2026-02-25T19:57:55.9924930Z [0;34m[INFO][0m Waiting for simulator responsiveness...
iOS Tests (Simulator) (6)	Run iOS integration tests (Batched)	2026-02-25T19:59:56.2372760Z [1;33m[WARN][0m Simulator may not be fully responsive
iOS Tests (Simulator) (6)	Run iOS integration tests (Batched)	2026-02-25T19:59:56.2685810Z [0;34m[INFO][0m Running all integration tests on iOS (timeout: 2700s)...
iOS Tests (Simulator) (6)	Run iOS integration tests (Batched)	2026-02-25T20:01:09.0910230Z -j/--concurrency was parsed but will be ignored, this option is not supported when running Integration Tests or web tests.
iOS Tests (Simulator) (6)	Run iOS integration tests (Batched)	2026-02-25T20:01:10.2267600Z 00:00 +0: loading /Users/runner/work/substitution/substitution/integration_test/interaction_with_matrix_test.dart
iOS Tests (Simulator) (6)	Run iOS integration tests (Batched)	2026-02-25T20:01:24.9326840Z Upgrading AppFrameworkInfo.plist
iOS Tests (Simulator) (6)	Run iOS integration tests (Batched)	2026-02-25T20:01:24.9432320Z Upgrading Podfile
iOS Tests (Simulator) (6)	Run iOS integration tests (Batched)	2026-02-25T20:01:25.0536340Z To ensure your app continues to launch on upcoming iOS versions, UIScene lifecycle support will soon be required. Please see https://flutter.dev/to/uiscene-migration for the migration guide.
iOS Tests (Simulator) (6)	Run iOS integration tests (Batched)	2026-02-25T20:01:25.0543220Z 
iOS Tests (Simulator) (6)	Run iOS integration tests (Batched)	2026-02-25T20:02:06.4093090Z Running pod install...                                             34.3s
iOS Tests (Simulator) (6)	Run iOS integration tests (Batched)	2026-02-25T20:09:22.4679910Z Running Xcode build...                                          
iOS Tests (Simulator) (6)	Run iOS integration tests (Batched)	2026-02-25T20:09:22.4801670Z Xcode build done.                                           435.7s
iOS Tests (Simulator) (6)	Run iOS integration tests (Batched)	2026-02-25T20:10:27.5270490Z 00:00 +0: /Users/runner/work/substitution/substitution/integration_test/interaction_with_matrix_test.dart: (setUpAll)
iOS Tests (Simulator) (6)	Run iOS integration tests (Batched)	2026-02-25T20:10:27.5990190Z 00:00 +0: /Users/runner/work/substitution/substitution/integration_test/interaction_with_matrix_test.dart: Engagement & Interaction with Real Matrix Server Thread/reply view shows conversation context
iOS Tests (Simulator) (6)	Run iOS integration tests (Batched)	2026-02-25T20:10:27.6422780Z   Skipping: Matrix server not reachable at http://localhost:8008 (no Docker on this runner)
iOS Tests (Simulator) (6)	Run iOS integration tests (Batched)	2026-02-25T20:10:28.5686090Z Waiting for globalMatrixClient to be initialized...
iOS Tests (Simulator) (6)	Run iOS integration tests (Batched)	2026-02-25T20:10:31.9342960Z [90m[🌎 Easy Localization] [DEBUG] Localization initialized[0m
iOS Tests (Simulator) (6)	Run iOS integration tests (Batched)	2026-02-25T20:10:31.9639480Z [Matrix] [32mInitialize client Substitution[0m
iOS Tests (Simulator) (6)	Run iOS integration tests (Batched)	2026-02-25T20:10:31.9643500Z [Matrix] [32mUser is not logged in.[0m
iOS Tests (Simulator) (6)	Run iOS integration tests (Batched)	2026-02-25T20:10:31.9644120Z [90m[🌎 Easy Localization] [DEBUG] Start[0m
iOS Tests (Simulator) (6)	Run iOS integration tests (Batched)	2026-02-25T20:10:32.1980600Z [90m[🌎 Easy Localization] [DEBUG] Init state[0m
iOS Tests (Simulator) (6)	Run iOS integration tests (Batched)	2026-02-25T20:10:32.2222900Z [90m[🌎 Easy Localization] [DEBUG] Build[0m
iOS Tests (Simulator) (6)	Run iOS integration tests (Batched)	2026-02-25T20:10:32.2333510Z [90m[🌎 Easy Localization] [DEBUG] Init Localization Delegate[0m
iOS Tests (Simulator) (6)	Run iOS integration tests (Batched)	2026-02-25T20:10:32.2437390Z [90m[🌎 Easy Localization] [DEBUG] Init provider[0m
iOS Tests (Simulator) (6)	Run iOS integration tests (Batched)	2026-02-25T20:10:32.3388730Z [90m[🌎 Easy Localization] [DEBUG] Load Localization Delegate[0m
iOS Tests (Simulator) (6)	Run iOS integration tests (Batched)	2026-02-25T20:10:32.3502870Z [90m[🌎 Easy Localization] [DEBUG] Load asset from assets/translations[0m
iOS Tests (Simulator) (6)	Run iOS integration tests (Batched)	2026-02-25T20:10:32.5213830Z globalMatrixClient initialized!
iOS Tests (Simulator) (6)	Run iOS integration tests (Batched)	2026-02-25T20:10:32.5365240Z   Skipping: Matrix server not reachable at http://localhost:8008 (no Docker on this runner)
iOS Tests (Simulator) (6)	Run iOS integration tests (Batched)	2026-02-25T20:10:32.6298760Z ══╡ EXCEPTION CAUGHT BY FLUTTER TEST FRAMEWORK ╞════════════════════════════════════════════════════
iOS Tests (Simulator) (6)	Run iOS integration tests (Batched)	2026-02-25T20:10:32.6409350Z The following TestFailure was thrown running a test:
iOS Tests (Simulator) (6)	Run iOS integration tests (Batched)	2026-02-25T20:10:32.6674090Z Expected: at least one matching candidate
iOS Tests (Simulator) (6)	Run iOS integration tests (Batched)	2026-02-25T20:10:32.6818790Z   Actual: _TypeWidgetFinder:<Found 0 widgets with type "Scrollable": []>
iOS Tests (Simulator) (6)	Run iOS integration tests (Batched)	2026-02-25T20:10:32.6987720Z    Which: means none were found but some were expected
iOS Tests (Simulator) (6)	Run iOS integration tests (Batched)	2026-02-25T20:10:32.7100010Z 
iOS Tests (Simulator) (6)	Run iOS integration tests (Batched)	2026-02-25T20:10:32.7375220Z When the exception was thrown, this was the stack:
iOS Tests (Simulator) (6)	Run iOS integration tests (Batched)	2026-02-25T20:10:32.7491770Z #4      main.<anonymous closure>.<anonymous closure> (file:///Users/runner/work/substitution/substitution/integration_test/interaction_with_matrix_test.dart:307:9)
iOS Tests (Simulator) (6)	Run iOS integration tests (Batched)	2026-02-25T20:10:32.8319110Z <asynchronous suspension>
iOS Tests (Simulator) (6)	Run iOS integration tests (Batched)	2026-02-25T20:10:32.8320030Z #5      testWidgets.<anonymous closure>.<anonymous closure> (package:flutter_test/src/widget_tester.dart:192:15)
iOS Tests (Simulator) (6)	Run iOS integration tests (Batched)	2026-02-25T20:10:32.8322880Z <asynchronous suspension>
iOS Tests (Simulator) (6)	Run iOS integration tests (Batched)	2026-02-25T20:10:32.8323650Z #6      TestWidgetsFlutterBinding._runTestBody (package:flutter_test/src/binding.dart:1682:5)
iOS Tests (Simulator) (6)	Run iOS integration tests (Batched)	2026-02-25T20:10:32.8324490Z <asynchronous suspension>
iOS Tests (Simulator) (6)	Run iOS integration tests (Batched)	2026-02-25T20:10:32.8325150Z <asynchronous suspension>
iOS Tests (Simulator) (6)	Run iOS integration tests (Batched)	2026-02-25T20:10:32.8325460Z (elided one frame from package:stack_trace)
iOS Tests (Simulator) (6)	Run iOS integration tests (Batched)	2026-02-25T20:10:32.8329180Z 
iOS Tests (Simulator) (6)	Run iOS integration tests (Batched)	2026-02-25T20:10:32.8329320Z This was caught by the test expectation on the following line:
iOS Tests (Simulator) (6)	Run iOS integration tests (Batched)	2026-02-25T20:10:32.8330050Z   file:///Users/runner/work/substitution/substitution/integration_test/interaction_with_matrix_test.dart line 307
iOS Tests (Simulator) (6)	Run iOS integration tests (Batched)	2026-02-25T20:10:32.8334910Z The test description was:
iOS Tests (Simulator) (6)	Run iOS integration tests (Batched)	2026-02-25T20:10:32.8630560Z   Thread/reply view shows conversation context
iOS Tests (Simulator) (6)	Run iOS integration tests (Batched)	2026-02-25T20:10:32.8631840Z ════════════════════════════════════════════════════════════════════════════════════════════════════
iOS Tests (Simulator) (6)	Run iOS integration tests (Batched)	2026-02-25T20:10:32.8633290Z 00:05 +0 -1: /Users/runner/work/substitution/substitution/integration_test/interaction_with_matrix_test.dart: Engagement & Interaction with Real Matrix Server Thread/reply view shows conversation context [E]
iOS Tests (Simulator) (6)	Run iOS integration tests (Batched)	2026-02-25T20:10:32.8638830Z   Test failed. See exception logs above.
iOS Tests (Simulator) (6)	Run iOS integration tests (Batched)	2026-02-25T20:10:32.8650650Z   The test description was: Thread/reply view shows conversation context
iOS Tests (Simulator) (6)	Run iOS integration tests (Batched)	2026-02-25T20:10:32.8652320Z   
iOS Tests (Simulator) (6)	Run iOS integration tests (Batched)	2026-02-25T20:10:32.8653570Z 00:05 +0 -1: /Users/runner/work/substitution/substitution/integration_test/interaction_with_matrix_test.dart: (tearDownAll)
iOS Tests (Simulator) (6)	Run iOS integration tests (Batched)	2026-02-25T20:10:48.4573610Z 00:21 +0 -1: loading /Users/runner/work/substitution/substitution/integration_test/offline_test.dart
iOS Tests (Simulator) (6)	Run iOS integration tests (Batched)	2026-02-25T20:11:10.2190060Z To ensure your app continues to launch on upcoming iOS versions, UIScene lifecycle support will soon be required. Please see https://flutter.dev/to/uiscene-migration for the migration guide.
iOS Tests (Simulator) (6)	Run iOS integration tests (Batched)	2026-02-25T20:11:10.2286280Z 
iOS Tests (Simulator) (6)	Run iOS integration tests (Batched)	2026-02-25T20:12:52.7668590Z Running Xcode build...                                          
iOS Tests (Simulator) (6)	Run iOS integration tests (Batched)	2026-02-25T20:12:52.7819830Z Xcode build done.                                           96.5s
iOS Tests (Simulator) (6)	Run iOS integration tests (Batched)	2026-02-25T20:13:14.4019040Z Warning: A tag was used that wasn't specified in dart_test.yaml.
iOS Tests (Simulator) (6)	Run iOS integration tests (Batched)	2026-02-25T20:13:14.4124990Z   integration was used in the suite itself
iOS Tests (Simulator) (6)	Run iOS integration tests (Batched)	2026-02-25T20:13:14.4228880Z 
iOS Tests (Simulator) (6)	Run iOS integration tests (Batched)	2026-02-25T20:13:18.6796700Z 02:51 +0 -1: loading /Users/runner/work/substitution/substitution/integration_test/room_feed_with_matrix_test.dart
iOS Tests (Simulator) (6)	Run iOS integration tests (Batched)	2026-02-25T20:13:29.4057680Z To ensure your app continues to launch on upcoming iOS versions, UIScene lifecycle support will soon be required. Please see https://flutter.dev/to/uiscene-migration for the migration guide.
iOS Tests (Simulator) (6)	Run iOS integration tests (Batched)	2026-02-25T20:13:29.4182280Z 
iOS Tests (Simulator) (6)	Run iOS integration tests (Batched)	2026-02-25T20:15:30.9531180Z Running Xcode build...                                          
iOS Tests (Simulator) (6)	Run iOS integration tests (Batched)	2026-02-25T20:15:30.9543910Z Xcode build done.                                           117.8s
iOS Tests (Simulator) (6)	Run iOS integration tests (Batched)	2026-02-25T20:15:58.0491340Z 05:30 +0 -1: /Users/runner/work/substitution/substitution/integration_test/room_feed_with_matrix_test.dart: (setUpAll)
iOS Tests (Simulator) (6)	Run iOS integration tests (Batched)	2026-02-25T20:15:58.0605190Z 05:30 +0 -1: /Users/runner/work/substitution/substitution/integration_test/room_feed_with_matrix_test.dart: Individual Room Feed with Real Matrix Server Room displays user information with messages
iOS Tests (Simulator) (6)	Run iOS integration tests (Batched)	2026-02-25T20:15:58.1298470Z   Skipping: Matrix server not reachable at http://localhost:8008 (no Docker on this runner)
iOS Tests (Simulator) (6)	Run iOS integration tests (Batched)	2026-02-25T20:16:03.2098870Z [90m[🌎 Easy Localization] [DEBUG] Localization initialized[0m
iOS Tests (Simulator) (6)	Run iOS integration tests (Batched)	2026-02-25T20:16:03.2116250Z [Matrix] [32mInitialize client Substitution[0m
iOS Tests (Simulator) (6)	Run iOS integration tests (Batched)	2026-02-25T20:16:03.2229900Z [Matrix] [32mUser is not logged in.[0m
iOS Tests (Simulator) (6)	Run iOS integration tests (Batched)	2026-02-25T20:16:03.2232290Z [90m[🌎 Easy Localization] [DEBUG] Start[0m
iOS Tests (Simulator) (6)	Run iOS integration tests (Batched)	2026-02-25T20:16:03.2249740Z [90m[🌎 Easy Localization] [DEBUG] Init state[0m
iOS Tests (Simulator) (6)	Run iOS integration tests (Batched)	2026-02-25T20:16:03.2665930Z [90m[🌎 Easy Localization] [DEBUG] Build[0m
iOS Tests (Simulator) (6)	Run iOS integration tests (Batched)	2026-02-25T20:16:03.2777730Z [90m[🌎 Easy Localization] [DEBUG] Init Localization Delegate[0m
iOS Tests (Simulator) (6)	Run iOS integration tests (Batched)	2026-02-25T20:16:03.4044730Z [90m[🌎 Easy Localization] [DEBUG] Init provider[0m
iOS Tests (Simulator) (6)	Run iOS integration tests (Batched)	2026-02-25T20:16:03.4192270Z [90m[🌎 Easy Localization] [DEBUG] Load Localization Delegate[0m
iOS Tests (Simulator) (6)	Run iOS integration tests (Batched)	2026-02-25T20:16:03.4371660Z [90m[🌎 Easy Localization] [DEBUG] Load asset from assets/translations[0m
iOS Tests (Simulator) (6)	Run iOS integration tests (Batched)	2026-02-25T20:16:04.0555630Z [90m[🌎 Easy Localization] [DEBUG] Build[0m
iOS Tests (Simulator) (6)	Run iOS integration tests (Batched)	2026-02-25T20:16:04.0662720Z [90m[🌎 Easy Localization] [DEBUG] Init Localization Delegate[0m
iOS Tests (Simulator) (6)	Run iOS integration tests (Batched)	2026-02-25T20:16:04.0765880Z [90m[🌎 Easy Localization] [DEBUG] Init provider[0m
iOS Tests (Simulator) (6)	Run iOS integration tests (Batched)	2026-02-25T20:16:05.1996850Z   Skipping: Matrix server not reachable at http://localhost:8008 (no Docker on this runner)
iOS Tests (Simulator) (6)	Run iOS integration tests (Batched)	2026-02-25T20:16:05.2026050Z ✓ Message metadata visible in feed
iOS Tests (Simulator) (6)	Run iOS integration tests (Batched)	2026-02-25T20:16:05.2722980Z 05:37 +0 ~1 -1: /Users/runner/work/substitution/substitution/integration_test/room_feed_with_matrix_test.dart: (tearDownAll)
iOS Tests (Simulator) (6)	Run iOS integration tests (Batched)	2026-02-25T20:16:16.1649380Z 05:48 +0 ~1 -1: loading /Users/runner/work/substitution/substitution/integration_test/feed_with_matrix_test.dart
iOS Tests (Simulator) (6)	Run iOS integration tests (Batched)	2026-02-25T20:16:29.9963740Z To ensure your app continues to launch on upcoming iOS versions, UIScene lifecycle support will soon be required. Please see https://flutter.dev/to/uiscene-migration for the migration guide.
iOS Tests (Simulator) (6)	Run iOS integration tests (Batched)	2026-02-25T20:16:30.0108720Z 
iOS Tests (Simulator) (6)	Run iOS integration tests (Batched)	2026-02-25T20:18:24.0812610Z Running Xcode build...                                          
iOS Tests (Simulator) (6)	Run iOS integration tests (Batched)	2026-02-25T20:18:24.0916700Z Xcode build done.                                           105.6s
iOS Tests (Simulator) (6)	Run iOS integration tests (Batched)	2026-02-25T20:18:46.8473580Z 08:19 +0 ~1 -1: /Users/runner/work/substitution/substitution/integration_test/feed_with_matrix_test.dart: (setUpAll)
iOS Tests (Simulator) (6)	Run iOS integration tests (Batched)	2026-02-25T20:18:46.8552520Z 08:19 +0 ~1 -1: /Users/runner/work/substitution/substitution/integration_test/feed_with_matrix_test.dart: Feed with Real Matrix Server Feed excludes test_art room (empty room)
iOS Tests (Simulator) (6)	Run iOS integration tests (Batched)	2026-02-25T20:18:46.8961980Z   Skipping: Matrix server not reachable at http://localhost:8008 (no Docker on this runner)
iOS Tests (Simulator) (6)	Run iOS integration tests (Batched)	2026-02-25T20:18:50.6847200Z   Skipping: Matrix server not reachable at http://localhost:8008 (no Docker on this runner)
iOS Tests (Simulator) (6)	Run iOS integration tests (Batched)	2026-02-25T20:18:50.7189400Z [90m[🌎 Easy Localization] [DEBUG] Localization initialized[0m
iOS Tests (Simulator) (6)	Run iOS integration tests (Batched)	2026-02-25T20:18:50.7190510Z [Matrix] [32mInitialize client Substitution[0m
iOS Tests (Simulator) (6)	Run iOS integration tests (Batched)	2026-02-25T20:18:50.7292510Z [Matrix] [32mUser is not logged in.[0m
iOS Tests (Simulator) (6)	Run iOS integration tests (Batched)	2026-02-25T20:18:50.7357720Z [90m[🌎 Easy Localization] [DEBUG] Start[0m
iOS Tests (Simulator) (6)	Run iOS integration tests (Batched)	2026-02-25T20:18:51.0185520Z [90m[🌎 Easy Localization] [DEBUG] Init state[0m
iOS Tests (Simulator) (6)	Run iOS integration tests (Batched)	2026-02-25T20:18:51.0291150Z [90m[🌎 Easy Localization] [DEBUG] Build[0m
iOS Tests (Simulator) (6)	Run iOS integration tests (Batched)	2026-02-25T20:18:51.0463800Z [90m[🌎 Easy Localization] [DEBUG] Init Localization Delegate[0m
iOS Tests (Simulator) (6)	Run iOS integration tests (Batched)	2026-02-25T20:18:51.0582630Z [90m[🌎 Easy Localization] [DEBUG] Init provider[0m
iOS Tests (Simulator) (6)	Run iOS integration tests (Batched)	2026-02-25T20:18:51.1381980Z [90m[🌎 Easy Localization] [DEBUG] Load Localization Delegate[0m
iOS Tests (Simulator) (6)	Run iOS integration tests (Batched)	2026-02-25T20:18:51.2189570Z [90m[🌎 Easy Localization] [DEBUG] Load asset from assets/translations[0m
iOS Tests (Simulator) (6)	Run iOS integration tests (Batched)	2026-02-25T20:18:51.7696360Z [90m[🌎 Easy Localization] [DEBUG] Build[0m
iOS Tests (Simulator) (6)	Run iOS integration tests (Batched)	2026-02-25T20:18:51.7795710Z [90m[🌎 Easy Localization] [DEBUG] Init Localization Delegate[0m
iOS Tests (Simulator) (6)	Run iOS integration tests (Batched)	2026-02-25T20:18:51.7895900Z [90m[🌎 Easy Localization] [DEBUG] Init provider[0m
iOS Tests (Simulator) (6)	Run iOS integration tests (Batched)	2026-02-25T20:18:54.2929940Z ✓ Empty rooms properly handled in feed
iOS Tests (Simulator) (6)	Run iOS integration tests (Batched)	2026-02-25T20:18:54.3474540Z 08:26 +0 ~2 -1: /Users/runner/work/substitution/substitution/integration_test/feed_with_matrix_test.dart: (tearDownAll)
iOS Tests (Simulator) (6)	Run iOS integration tests (Batched)	2026-02-25T20:19:03.2660400Z 08:35 +0 ~2 -1: loading /Users/runner/work/substitution/substitution/integration_test/compliance_test.dart
iOS Tests (Simulator) (6)	Run iOS integration tests (Batched)	2026-02-25T20:19:16.7157150Z To ensure your app continues to launch on upcoming iOS versions, UIScene lifecycle support will soon be required. Please see https://flutter.dev/to/uiscene-migration for the migration guide.
iOS Tests (Simulator) (6)	Run iOS integration tests (Batched)	2026-02-25T20:19:16.7262250Z 
iOS Tests (Simulator) (6)	Run iOS integration tests (Batched)	2026-02-25T20:21:37.7703500Z Running Xcode build...                                          
iOS Tests (Simulator) (6)	Run iOS integration tests (Batched)	2026-02-25T20:21:37.7807420Z Xcode build done.                                           133.7s
iOS Tests (Simulator) (6)	Run iOS integration tests (Batched)	2026-02-25T20:22:06.3118130Z 11:38 +0 ~2 -1: loading /Users/runner/work/substitution/substitution/integration_test/room_feed_test.dart
iOS Tests (Simulator) (6)	Run iOS integration tests (Batched)	2026-02-25T20:22:16.0838660Z To ensure your app continues to launch on upcoming iOS versions, UIScene lifecycle support will soon be required. Please see https://flutter.dev/to/uiscene-migration for the migration guide.
iOS Tests (Simulator) (6)	Run iOS integration tests (Batched)	2026-02-25T20:22:16.0940530Z 
iOS Tests (Simulator) (6)	Run iOS integration tests (Batched)	2026-02-25T20:23:19.3423150Z Running Xcode build...                                          
iOS Tests (Simulator) (6)	Run iOS integration tests (Batched)	2026-02-25T20:23:19.3534970Z Xcode build done.                                           58.5s
iOS Tests (Simulator) (6)	Run iOS integration tests (Batched)	2026-02-25T20:23:35.3214940Z Warning: A tag was used that wasn't specified in dart_test.yaml.
iOS Tests (Simulator) (6)	Run iOS integration tests (Batched)	2026-02-25T20:23:35.3365360Z   integration was used in the suite itself
iOS Tests (Simulator) (6)	Run iOS integration tests (Batched)	2026-02-25T20:23:35.3470200Z 
iOS Tests (Simulator) (6)	Run iOS integration tests (Batched)	2026-02-25T20:23:38.9758570Z 13:11 +0 ~2 -1: loading /Users/runner/work/substitution/substitution/integration_test/create_room_with_matrix_test.dart
iOS Tests (Simulator) (6)	Run iOS integration tests (Batched)	2026-02-25T20:23:45.2942200Z To ensure your app continues to launch on upcoming iOS versions, UIScene lifecycle support will soon be required. Please see https://flutter.dev/to/uiscene-migration for the migration guide.
iOS Tests (Simulator) (6)	Run iOS integration tests (Batched)	2026-02-25T20:23:45.3037030Z 
iOS Tests (Simulator) (6)	Run iOS integration tests (Batched)	2026-02-25T20:25:04.6737380Z Running Xcode build...                                          
iOS Tests (Simulator) (6)	Run iOS integration tests (Batched)	2026-02-25T20:25:04.6846530Z Xcode build done.                                           76.9s
iOS Tests (Simulator) (6)	Run iOS integration tests (Batched)	2026-02-25T20:25:27.6328430Z 15:00 +0 ~2 -1: loading /Users/runner/work/substitution/substitution/integration_test/key_verification_test.dart
iOS Tests (Simulator) (6)	Run iOS integration tests (Batched)	2026-02-25T20:25:37.2340180Z To ensure your app continues to launch on upcoming iOS versions, UIScene lifecycle support will soon be required. Please see https://flutter.dev/to/uiscene-migration for the migration guide.
iOS Tests (Simulator) (6)	Run iOS integration tests (Batched)	2026-02-25T20:25:37.2443320Z 
iOS Tests (Simulator) (6)	Run iOS integration tests (Batched)	2026-02-25T20:26:43.0764810Z Running Xcode build...                                          
iOS Tests (Simulator) (6)	Run iOS integration tests (Batched)	2026-02-25T20:26:43.1473910Z Xcode build done.                                           61.7s
iOS Tests (Simulator) (6)	Run iOS integration tests (Batched)	2026-02-25T20:27:00.5466920Z Warning: A tag was used that wasn't specified in dart_test.yaml.
iOS Tests (Simulator) (6)	Run iOS integration tests (Batched)	2026-02-25T20:27:00.5470650Z   integration was used in the suite itself
iOS Tests (Simulator) (6)	Run iOS integration tests (Batched)	2026-02-25T20:27:00.5473670Z 
iOS Tests (Simulator) (6)	Run iOS integration tests (Batched)	2026-02-25T20:27:05.3935160Z 16:37 +0 ~2 -1: loading /Users/runner/work/substitution/substitution/integration_test/profile_edit_test.dart
iOS Tests (Simulator) (6)	Run iOS integration tests (Batched)	2026-02-25T20:27:15.3920710Z To ensure your app continues to launch on upcoming iOS versions, UIScene lifecycle support will soon be required. Please see https://flutter.dev/to/uiscene-migration for the migration guide.
iOS Tests (Simulator) (6)	Run iOS integration tests (Batched)	2026-02-25T20:27:15.4032830Z 
iOS Tests (Simulator) (6)	Run iOS integration tests (Batched)	2026-02-25T20:28:22.0855260Z Running Xcode build...                                          
iOS Tests (Simulator) (6)	Run iOS integration tests (Batched)	2026-02-25T20:28:22.1150260Z Xcode build done.                                           62.0s
iOS Tests (Simulator) (6)	Run iOS integration tests (Batched)	2026-02-25T20:39:05.6769560Z 28:38 +0 ~2 -2: loading /Users/runner/work/substitution/substitution/integration_test/profile_edit_test.dart [E]
iOS Tests (Simulator) (6)	Run iOS integration tests (Batched)	2026-02-25T20:39:05.6838050Z   TimeoutException after 0:12:00.000000: Test timed out after 12 minutes.
iOS Tests (Simulator) (6)	Run iOS integration tests (Batched)	2026-02-25T20:39:05.8413800Z   package:test_api/src/backend/invoker.dart 398:28  Invoker._handleError.<fn>
iOS Tests (Simulator) (6)	Run iOS integration tests (Batched)	2026-02-25T20:39:05.8532820Z   dart:async/zone_root.dart 27:47                   _rootRun
iOS Tests (Simulator) (6)	Run iOS integration tests (Batched)	2026-02-25T20:39:05.8636340Z   dart:async/zone.dart 726:19                       _CustomZone.run
iOS Tests (Simulator) (6)	Run iOS integration tests (Batched)	2026-02-25T20:39:05.8739170Z   package:test_api/src/backend/invoker.dart 396:10  Invoker._handleError
iOS Tests (Simulator) (6)	Run iOS integration tests (Batched)	2026-02-25T20:39:05.8901450Z   package:test_api/src/backend/invoker.dart 351:9   Invoker.heartbeat.<fn>.<fn>
iOS Tests (Simulator) (6)	Run iOS integration tests (Batched)	2026-02-25T20:39:05.9004290Z   dart:async/zone_root.dart 35:13                   _rootRun
iOS Tests (Simulator) (6)	Run iOS integration tests (Batched)	2026-02-25T20:39:05.9149170Z   dart:async/zone.dart 726:19                       _CustomZone.run
iOS Tests (Simulator) (6)	Run iOS integration tests (Batched)	2026-02-25T20:39:05.9287250Z   package:test_api/src/backend/invoker.dart 350:38  Invoker.heartbeat.<fn>
iOS Tests (Simulator) (6)	Run iOS integration tests (Batched)	2026-02-25T20:39:05.9522770Z   dart:async-patch/timer_patch.dart 18:15           Timer._createTimer.<fn>
iOS Tests (Simulator) (6)	Run iOS integration tests (Batched)	2026-02-25T20:39:05.9638680Z   dart:isolate-patch/timer_impl.dart 423:19         _Timer._runTimers
iOS Tests (Simulator) (6)	Run iOS integration tests (Batched)	2026-02-25T20:39:05.9744900Z   dart:isolate-patch/timer_impl.dart 454:5          _Timer._handleMessage
iOS Tests (Simulator) (6)	Run iOS integration tests (Batched)	2026-02-25T20:39:05.9848900Z   dart:isolate-patch/isolate_patch.dart 193:12      _RawReceivePort._handleMessage
iOS Tests (Simulator) (6)	Run iOS integration tests (Batched)	2026-02-25T20:39:05.9956440Z   
iOS Tests (Simulator) (6)	Run iOS integration tests (Batched)	2026-02-25T20:39:06.0074630Z 28:38 +0 ~2 -2: loading /Users/runner/work/substitution/substitution/integration_test/onboarding_flow_test.dart
iOS Tests (Simulator) (6)	Run iOS integration tests (Batched)	2026-02-25T20:39:37.8063670Z To ensure your app continues to launch on upcoming iOS versions, UIScene lifecycle support will soon be required. Please see https://flutter.dev/to/uiscene-migration for the migration guide.
iOS Tests (Simulator) (6)	Run iOS integration tests (Batched)	2026-02-25T20:39:37.8166300Z 
iOS Tests (Simulator) (6)	Run iOS integration tests (Batched)	2026-02-25T20:41:48.7160220Z Running Xcode build...                                          
iOS Tests (Simulator) (6)	Run iOS integration tests (Batched)	2026-02-25T20:41:48.7169420Z Xcode build done.                                           122.6s
iOS Tests (Simulator) (6)	Run iOS integration tests (Batched)	2026-02-25T20:42:17.1184110Z 31:49 +0 ~2 -3: loading /Users/runner/work/substitution/substitution/integration_test/onboarding_flow_test.dart [E]
iOS Tests (Simulator) (6)	Run iOS integration tests (Batched)	2026-02-25T20:42:17.1304160Z   Failed to load "/Users/runner/work/substitution/substitution/integration_test/onboarding_flow_test.dart": Failed to start Dart Development Service
iOS Tests (Simulator) (6)	Run iOS integration tests (Batched)	2026-02-25T20:42:17.1433880Z   
iOS Tests (Simulator) (6)	Run iOS integration tests (Batched)	2026-02-25T20:42:17.1538910Z 31:49 +0 ~2 -3: loading /Users/runner/work/substitution/substitution/integration_test/app_test.dart
iOS Tests (Simulator) (6)	Run iOS integration tests (Batched)	2026-02-25T20:42:39.9126640Z To ensure your app continues to launch on upcoming iOS versions, UIScene lifecycle support will soon be required. Please see https://flutter.dev/to/uiscene-migration for the migration guide.
iOS Tests (Simulator) (6)	Run iOS integration tests (Batched)	2026-02-25T20:42:39.9245390Z 
iOS Tests (Simulator) (6)	Run iOS integration tests (Batched)	2026-02-25T20:45:07.4053740Z Running Xcode build...                                          
iOS Tests (Simulator) (6)	Run iOS integration tests (Batched)	2026-02-25T20:45:07.4172880Z Xcode build done.                                           137.8s
iOS Tests (Simulator) (6)	Run iOS integration tests (Batched)	2026-02-25T20:45:19.6930080Z [0;31m[ERROR][0m iOS tests timed out after 2700s
iOS Tests (Simulator) (6)	Run iOS integration tests (Batched)	2026-02-25T20:45:19.6934190Z 
iOS Tests (Simulator) (6)	Run iOS integration tests (Batched)	2026-02-25T20:45:19.7219930Z [1m══════════════════════════════════════════════════════════[0m
iOS Tests (Simulator) (6)	Run iOS integration tests (Batched)	2026-02-25T20:45:19.7222930Z [1m  Test Results Summary[0m
iOS Tests (Simulator) (6)	Run iOS integration tests (Batched)	2026-02-25T20:45:19.7278430Z [1m══════════════════════════════════════════════════════════[0m
iOS Tests (Simulator) (6)	Run iOS integration tests (Batched)	2026-02-25T20:45:19.7278740Z 
iOS Tests (Simulator) (6)	Run iOS integration tests (Batched)	2026-02-25T20:45:19.7286330Z   TARGET             PASSED   FAILED  SKIPPED   DURATION
iOS Tests (Simulator) (6)	Run iOS integration tests (Batched)	2026-02-25T20:45:19.7290430Z   ──────────────── ──────── ──────── ──────── ──────────
iOS Tests (Simulator) (6)	Run iOS integration tests (Batched)	2026-02-25T20:45:19.7296460Z   [0;31mios             [0m        0        3        2    45m 23s
iOS Tests (Simulator) (6)	Run iOS integration tests (Batched)	2026-02-25T20:45:19.7296760Z 
iOS Tests (Simulator) (6)	Run iOS integration tests (Batched)	2026-02-25T20:45:19.7297790Z   ──────────────── ──────── ──────── ────────
iOS Tests (Simulator) (6)	Run iOS integration tests (Batched)	2026-02-25T20:45:19.7298170Z   [0;31mTOTAL                   0        3        2[0m
iOS Tests (Simulator) (6)	Run iOS integration tests (Batched)	2026-02-25T20:45:19.7298610Z 
iOS Tests (Simulator) (6)	Run iOS integration tests (Batched)	2026-02-25T20:45:19.7299140Z   [0;31m[1mRESULT: FAILED[0m
iOS Tests (Simulator) (6)	Run iOS integration tests (Batched)	2026-02-25T20:45:19.7299330Z 
iOS Tests (Simulator) (6)	Run iOS integration tests (Batched)	2026-02-25T20:45:19.7300390Z [1m══════════════════════════════════════════════════════════[0m
iOS Tests (Simulator) (6)	Run iOS integration tests (Batched)	2026-02-25T20:45:19.7303430Z 
iOS Tests (Simulator) (6)	Run iOS integration tests (Batched)	2026-02-25T20:45:19.7303560Z [0;34m[INFO][0m Cleaning up...
iOS Tests (Simulator) (6)	Run iOS integration tests (Batched)	2026-02-25T20:45:35.8699460Z [0;34m[INFO][0m Cleanup complete
iOS Tests (Simulator) (6)	Run iOS integration tests (Batched)	2026-02-25T20:45:36.5040600Z ##[error]Process completed with exit code 1.
iOS Tests (Simulator) (6)	Post Setup Flutter	﻿2026-02-25T20:45:37.1395160Z Post job cleanup.
iOS Tests (Simulator) (6)	Post Run actions/checkout@v4	﻿2026-02-25T20:45:37.4346550Z Post job cleanup.
iOS Tests (Simulator) (6)	Post Run actions/checkout@v4	2026-02-25T20:45:40.0631170Z [command]/opt/homebrew/bin/git version
iOS Tests (Simulator) (6)	Post Run actions/checkout@v4	2026-02-25T20:45:40.1075290Z git version 2.53.0
iOS Tests (Simulator) (6)	Post Run actions/checkout@v4	2026-02-25T20:45:40.1587820Z Copying '/Users/runner/.gitconfig' to '/Users/runner/work/_temp/4b042697-9cd9-472f-bc79-c17506b103b8/.gitconfig'
iOS Tests (Simulator) (6)	Post Run actions/checkout@v4	2026-02-25T20:45:40.1689390Z Temporarily overriding HOME='/Users/runner/work/_temp/4b042697-9cd9-472f-bc79-c17506b103b8' before making global git config changes
iOS Tests (Simulator) (6)	Post Run actions/checkout@v4	2026-02-25T20:45:40.1993280Z Adding repository directory to the temporary git global config as a safe directory
iOS Tests (Simulator) (6)	Post Run actions/checkout@v4	2026-02-25T20:45:40.2095090Z [command]/opt/homebrew/bin/git config --global --add safe.directory /Users/runner/work/substitution/substitution
iOS Tests (Simulator) (6)	Post Run actions/checkout@v4	2026-02-25T20:45:40.2402200Z [command]/opt/homebrew/bin/git config --local --name-only --get-regexp core\.sshCommand
iOS Tests (Simulator) (6)	Post Run actions/checkout@v4	2026-02-25T20:45:40.2827850Z [command]/opt/homebrew/bin/git submodule foreach --recursive sh -c "git config --local --name-only --get-regexp 'core\.sshCommand' && git config --local --unset-all 'core.sshCommand' || :"
iOS Tests (Simulator) (6)	Post Run actions/checkout@v4	2026-02-25T20:45:40.7167780Z [command]/opt/homebrew/bin/git config --local --name-only --get-regexp http\.https\:\/\/github\.com\/\.extraheader
iOS Tests (Simulator) (6)	Post Run actions/checkout@v4	2026-02-25T20:45:40.7281410Z http.https://github.com/.extraheader
iOS Tests (Simulator) (6)	Post Run actions/checkout@v4	2026-02-25T20:45:40.7598810Z [command]/opt/homebrew/bin/git config --local --unset-all http.https://github.com/.extraheader
iOS Tests (Simulator) (6)	Post Run actions/checkout@v4	2026-02-25T20:45:40.7923800Z [command]/opt/homebrew/bin/git submodule foreach --recursive sh -c "git config --local --name-only --get-regexp 'http\.https\:\/\/github\.com\/\.extraheader' && git config --local --unset-all 'http.https://github.com/.extraheader' || :"
iOS Tests (Simulator) (6)	Post Run actions/checkout@v4	2026-02-25T20:45:41.1595460Z [command]/opt/homebrew/bin/git config --local --name-only --get-regexp ^includeIf\.gitdir:
iOS Tests (Simulator) (6)	Post Run actions/checkout@v4	2026-02-25T20:45:41.1907440Z [command]/opt/homebrew/bin/git submodule foreach --recursive git config --local --show-origin --name-only --get-regexp remote.origin.url
iOS Tests (Simulator) (6)	Complete job	﻿2026-02-25T20:45:41.5963910Z Cleaning up orphan processes
iOS Tests (Simulator) (6)	Complete job	2026-02-25T20:45:43.1064590Z Terminate orphan process: pid (56429) (dart)
iOS Tests (Simulator) (6)	Complete job	2026-02-25T20:46:09.5619440Z Terminate orphan process: pid (2724) (Simulator)
iOS Tests (Simulator) (3)	Set up job	﻿2026-02-25T20:40:55.6585230Z Current runner version: '2.331.0'
iOS Tests (Simulator) (3)	Set up job	2026-02-25T20:40:55.6603780Z ##[group]Runner Image Provisioner
iOS Tests (Simulator) (3)	Set up job	2026-02-25T20:40:55.6604340Z Hosted Compute Agent
iOS Tests (Simulator) (3)	Set up job	2026-02-25T20:40:55.6604780Z Version: 20260213.493
iOS Tests (Simulator) (3)	Set up job	2026-02-25T20:40:55.6605230Z Commit: 5c115507f6dd24b8de37d8bbe0bb4509d0cc0fa3
iOS Tests (Simulator) (3)	Set up job	2026-02-25T20:40:55.6605740Z Build Date: 2026-02-13T00:28:41Z
iOS Tests (Simulator) (3)	Set up job	2026-02-25T20:40:55.6606150Z Worker ID: {4f7995e8-5ef3-4162-9568-8accb62c81a8}
iOS Tests (Simulator) (3)	Set up job	2026-02-25T20:40:55.6606600Z Azure Region: westus
iOS Tests (Simulator) (3)	Set up job	2026-02-25T20:40:55.6606970Z ##[endgroup]
iOS Tests (Simulator) (3)	Set up job	2026-02-25T20:40:55.6607870Z ##[group]Operating System
iOS Tests (Simulator) (3)	Set up job	2026-02-25T20:40:55.6608240Z macOS
iOS Tests (Simulator) (3)	Set up job	2026-02-25T20:40:55.6608520Z 15.7.4
iOS Tests (Simulator) (3)	Set up job	2026-02-25T20:40:55.6608800Z 24G517
iOS Tests (Simulator) (3)	Set up job	2026-02-25T20:40:55.6609170Z ##[endgroup]
iOS Tests (Simulator) (3)	Set up job	2026-02-25T20:40:55.6609540Z ##[group]Runner Image
iOS Tests (Simulator) (3)	Set up job	2026-02-25T20:40:55.6610290Z Image: macos-15-arm64
iOS Tests (Simulator) (3)	Set up job	2026-02-25T20:40:55.6610680Z Version: 20260224.0170.1
iOS Tests (Simulator) (3)	Set up job	2026-02-25T20:40:55.6611390Z Included Software: https://github.com/actions/runner-images/blob/macos-15-arm64/20260224.0170/images/macos/macos-15-arm64-Readme.md
iOS Tests (Simulator) (3)	Set up job	2026-02-25T20:40:55.6612480Z Image Release: https://github.com/actions/runner-images/releases/tag/macos-15-arm64%2F20260224.0170
iOS Tests (Simulator) (3)	Set up job	2026-02-25T20:40:55.6613100Z ##[endgroup]
iOS Tests (Simulator) (3)	Set up job	2026-02-25T20:40:55.6613900Z ##[group]GITHUB_TOKEN Permissions
iOS Tests (Simulator) (3)	Set up job	2026-02-25T20:40:55.6615190Z Contents: read
iOS Tests (Simulator) (3)	Set up job	2026-02-25T20:40:55.6615600Z Metadata: read
iOS Tests (Simulator) (3)	Set up job	2026-02-25T20:40:55.6615910Z Packages: read
iOS Tests (Simulator) (3)	Set up job	2026-02-25T20:40:55.6616280Z ##[endgroup]
iOS Tests (Simulator) (3)	Set up job	2026-02-25T20:40:55.6617620Z Secret source: Actions
iOS Tests (Simulator) (3)	Set up job	2026-02-25T20:40:55.6618100Z Prepare workflow directory
iOS Tests (Simulator) (3)	Set up job	2026-02-25T20:40:55.6906740Z Prepare all required actions
iOS Tests (Simulator) (3)	Set up job	2026-02-25T20:40:55.6936000Z Getting action download info
iOS Tests (Simulator) (3)	Set up job	2026-02-25T20:40:55.9636090Z Download action repository 'actions/checkout@v4' (SHA:34e114876b0b11c390a56381ad16ebd13914f8d5)
iOS Tests (Simulator) (3)	Set up job	2026-02-25T20:40:56.1596490Z Download action repository 'subosito/flutter-action@v2' (SHA:fd55f4c5af5b953cc57a2be44cb082c8f6635e8e)
iOS Tests (Simulator) (3)	Set up job	2026-02-25T20:40:56.4597730Z Getting action download info
iOS Tests (Simulator) (3)	Set up job	2026-02-25T20:40:56.5685120Z Download action repository 'actions/cache@v4' (SHA:0057852bfaa89a56745cba8c7296529d2fc39830)
iOS Tests (Simulator) (3)	Set up job	2026-02-25T20:40:56.6775510Z Complete job name: iOS Tests (Simulator) (3)
iOS Tests (Simulator) (3)	Run actions/checkout@v4	﻿2026-02-25T20:40:56.7147690Z ##[group]Run actions/checkout@v4
iOS Tests (Simulator) (3)	Run actions/checkout@v4	2026-02-25T20:40:56.7148260Z with:
iOS Tests (Simulator) (3)	Run actions/checkout@v4	2026-02-25T20:40:56.7148550Z   repository: floffel/substitution
iOS Tests (Simulator) (3)	Run actions/checkout@v4	2026-02-25T20:40:56.7149120Z   token: ***
iOS Tests (Simulator) (3)	Run actions/checkout@v4	2026-02-25T20:40:56.7149390Z   ssh-strict: true
iOS Tests (Simulator) (3)	Run actions/checkout@v4	2026-02-25T20:40:56.7149680Z   ssh-user: git
iOS Tests (Simulator) (3)	Run actions/checkout@v4	2026-02-25T20:40:56.7149960Z   persist-credentials: true
iOS Tests (Simulator) (3)	Run actions/checkout@v4	2026-02-25T20:40:56.7150270Z   clean: true
iOS Tests (Simulator) (3)	Run actions/checkout@v4	2026-02-25T20:40:56.7150560Z   sparse-checkout-cone-mode: true
iOS Tests (Simulator) (3)	Run actions/checkout@v4	2026-02-25T20:40:56.7150900Z   fetch-depth: 1
iOS Tests (Simulator) (3)	Run actions/checkout@v4	2026-02-25T20:40:56.7151180Z   fetch-tags: false
iOS Tests (Simulator) (3)	Run actions/checkout@v4	2026-02-25T20:40:56.7151470Z   show-progress: true
iOS Tests (Simulator) (3)	Run actions/checkout@v4	2026-02-25T20:40:56.7151770Z   lfs: false
iOS Tests (Simulator) (3)	Run actions/checkout@v4	2026-02-25T20:40:56.7152040Z   submodules: false
iOS Tests (Simulator) (3)	Run actions/checkout@v4	2026-02-25T20:40:56.7152330Z   set-safe-directory: true
iOS Tests (Simulator) (3)	Run actions/checkout@v4	2026-02-25T20:40:56.7152740Z env:
iOS Tests (Simulator) (3)	Run actions/checkout@v4	2026-02-25T20:40:56.7153010Z   CACHE_VERSION: v1
iOS Tests (Simulator) (3)	Run actions/checkout@v4	2026-02-25T20:40:56.7153290Z ##[endgroup]
iOS Tests (Simulator) (3)	Run actions/checkout@v4	2026-02-25T20:40:56.9769620Z Syncing repository: floffel/substitution
iOS Tests (Simulator) (3)	Run actions/checkout@v4	2026-02-25T20:40:56.9771080Z ##[group]Getting Git version info
iOS Tests (Simulator) (3)	Run actions/checkout@v4	2026-02-25T20:40:56.9771590Z Working directory is '/Users/runner/work/substitution/substitution'
iOS Tests (Simulator) (3)	Run actions/checkout@v4	2026-02-25T20:40:56.9772380Z [command]/opt/homebrew/bin/git version
iOS Tests (Simulator) (3)	Run actions/checkout@v4	2026-02-25T20:40:57.0330700Z git version 2.53.0
iOS Tests (Simulator) (3)	Run actions/checkout@v4	2026-02-25T20:40:57.0355320Z ##[endgroup]
iOS Tests (Simulator) (3)	Run actions/checkout@v4	2026-02-25T20:40:57.0360990Z Copying '/Users/runner/.gitconfig' to '/Users/runner/work/_temp/41bf20af-b6f9-4927-8055-0610c53c5ce6/.gitconfig'
iOS Tests (Simulator) (3)	Run actions/checkout@v4	2026-02-25T20:40:57.0368000Z Temporarily overriding HOME='/Users/runner/work/_temp/41bf20af-b6f9-4927-8055-0610c53c5ce6' before making global git config changes
iOS Tests (Simulator) (3)	Run actions/checkout@v4	2026-02-25T20:40:57.0368950Z Adding repository directory to the temporary git global config as a safe directory
iOS Tests (Simulator) (3)	Run actions/checkout@v4	2026-02-25T20:40:57.0371150Z [command]/opt/homebrew/bin/git config --global --add safe.directory /Users/runner/work/substitution/substitution
iOS Tests (Simulator) (3)	Run actions/checkout@v4	2026-02-25T20:40:57.0475260Z Deleting the contents of '/Users/runner/work/substitution/substitution'
iOS Tests (Simulator) (3)	Run actions/checkout@v4	2026-02-25T20:40:57.0477320Z ##[group]Initializing the repository
iOS Tests (Simulator) (3)	Run actions/checkout@v4	2026-02-25T20:40:57.0481600Z [command]/opt/homebrew/bin/git init /Users/runner/work/substitution/substitution
iOS Tests (Simulator) (3)	Run actions/checkout@v4	2026-02-25T20:40:57.0642960Z hint: Using 'master' as the name for the initial branch. This default branch name
iOS Tests (Simulator) (3)	Run actions/checkout@v4	2026-02-25T20:40:57.0644940Z hint: will change to "main" in Git 3.0. To configure the initial branch name
iOS Tests (Simulator) (3)	Run actions/checkout@v4	2026-02-25T20:40:57.0645670Z hint: to use in all of your new repositories, which will suppress this warning,
iOS Tests (Simulator) (3)	Run actions/checkout@v4	2026-02-25T20:40:57.0646190Z hint: call:
iOS Tests (Simulator) (3)	Run actions/checkout@v4	2026-02-25T20:40:57.0646500Z hint:
iOS Tests (Simulator) (3)	Run actions/checkout@v4	2026-02-25T20:40:57.0646860Z hint: 	git config --global init.defaultBranch <name>
iOS Tests (Simulator) (3)	Run actions/checkout@v4	2026-02-25T20:40:57.0647270Z hint:
iOS Tests (Simulator) (3)	Run actions/checkout@v4	2026-02-25T20:40:57.0647660Z hint: Names commonly chosen instead of 'master' are 'main', 'trunk' and
iOS Tests (Simulator) (3)	Run actions/checkout@v4	2026-02-25T20:40:57.0648310Z hint: 'development'. The just-created branch can be renamed via this command:
iOS Tests (Simulator) (3)	Run actions/checkout@v4	2026-02-25T20:40:57.0648820Z hint:
iOS Tests (Simulator) (3)	Run actions/checkout@v4	2026-02-25T20:40:57.0649100Z hint: 	git branch -m <name>
iOS Tests (Simulator) (3)	Run actions/checkout@v4	2026-02-25T20:40:57.0649430Z hint:
iOS Tests (Simulator) (3)	Run actions/checkout@v4	2026-02-25T20:40:57.0649890Z hint: Disable this message with "git config set advice.defaultBranchName false"
iOS Tests (Simulator) (3)	Run actions/checkout@v4	2026-02-25T20:40:57.0650600Z Initialized empty Git repository in /Users/runner/work/substitution/substitution/.git/
iOS Tests (Simulator) (3)	Run actions/checkout@v4	2026-02-25T20:40:57.0651900Z [command]/opt/homebrew/bin/git remote add origin https://github.com/floffel/substitution
iOS Tests (Simulator) (3)	Run actions/checkout@v4	2026-02-25T20:40:57.0721540Z ##[endgroup]
iOS Tests (Simulator) (3)	Run actions/checkout@v4	2026-02-25T20:40:57.0722230Z ##[group]Disabling automatic garbage collection
iOS Tests (Simulator) (3)	Run actions/checkout@v4	2026-02-25T20:40:57.0723840Z [command]/opt/homebrew/bin/git config --local gc.auto 0
iOS Tests (Simulator) (3)	Run actions/checkout@v4	2026-02-25T20:40:57.0786350Z ##[endgroup]
iOS Tests (Simulator) (3)	Run actions/checkout@v4	2026-02-25T20:40:57.0787030Z ##[group]Setting up auth
iOS Tests (Simulator) (3)	Run actions/checkout@v4	2026-02-25T20:40:57.0790730Z [command]/opt/homebrew/bin/git config --local --name-only --get-regexp core\.sshCommand
iOS Tests (Simulator) (3)	Run actions/checkout@v4	2026-02-25T20:40:57.0891950Z [command]/opt/homebrew/bin/git submodule foreach --recursive sh -c "git config --local --name-only --get-regexp 'core\.sshCommand' && git config --local --unset-all 'core.sshCommand' || :"
iOS Tests (Simulator) (3)	Run actions/checkout@v4	2026-02-25T20:40:57.1651400Z [command]/opt/homebrew/bin/git config --local --name-only --get-regexp http\.https\:\/\/github\.com\/\.extraheader
iOS Tests (Simulator) (3)	Run actions/checkout@v4	2026-02-25T20:40:57.1702330Z [command]/opt/homebrew/bin/git submodule foreach --recursive sh -c "git config --local --name-only --get-regexp 'http\.https\:\/\/github\.com\/\.extraheader' && git config --local --unset-all 'http.https://github.com/.extraheader' || :"
iOS Tests (Simulator) (3)	Run actions/checkout@v4	2026-02-25T20:40:57.2356830Z [command]/opt/homebrew/bin/git config --local --name-only --get-regexp ^includeIf\.gitdir:
iOS Tests (Simulator) (3)	Run actions/checkout@v4	2026-02-25T20:40:57.2407320Z [command]/opt/homebrew/bin/git submodule foreach --recursive git config --local --show-origin --name-only --get-regexp remote.origin.url
iOS Tests (Simulator) (3)	Run actions/checkout@v4	2026-02-25T20:40:57.3042970Z [command]/opt/homebrew/bin/git config --local http.https://github.com/.extraheader AUTHORIZATION: basic ***
iOS Tests (Simulator) (3)	Run actions/checkout@v4	2026-02-25T20:40:57.3097870Z ##[endgroup]
iOS Tests (Simulator) (3)	Run actions/checkout@v4	2026-02-25T20:40:57.3098490Z ##[group]Fetching the repository
iOS Tests (Simulator) (3)	Run actions/checkout@v4	2026-02-25T20:40:57.3102870Z [command]/opt/homebrew/bin/git -c protocol.version=2 fetch --no-tags --prune --no-recurse-submodules --depth=1 origin +0408461b08eee1bbe2c516702bd1813b916d3e4c:refs/remotes/pull/1/merge
iOS Tests (Simulator) (3)	Run actions/checkout@v4	2026-02-25T20:40:58.0371040Z From https://github.com/floffel/substitution
iOS Tests (Simulator) (3)	Run actions/checkout@v4	2026-02-25T20:40:58.0372060Z  * [new ref]         0408461b08eee1bbe2c516702bd1813b916d3e4c -> pull/1/merge
iOS Tests (Simulator) (3)	Run actions/checkout@v4	2026-02-25T20:40:58.0477350Z ##[endgroup]
iOS Tests (Simulator) (3)	Run actions/checkout@v4	2026-02-25T20:40:58.0479690Z ##[group]Determining the checkout info
iOS Tests (Simulator) (3)	Run actions/checkout@v4	2026-02-25T20:40:58.0483340Z ##[endgroup]
iOS Tests (Simulator) (3)	Run actions/checkout@v4	2026-02-25T20:40:58.0484710Z [command]/opt/homebrew/bin/git sparse-checkout disable
iOS Tests (Simulator) (3)	Run actions/checkout@v4	2026-02-25T20:40:58.0562880Z [command]/opt/homebrew/bin/git config --local --unset-all extensions.worktreeConfig
iOS Tests (Simulator) (3)	Run actions/checkout@v4	2026-02-25T20:40:58.0622310Z ##[group]Checking out the ref
iOS Tests (Simulator) (3)	Run actions/checkout@v4	2026-02-25T20:40:58.0624770Z [command]/opt/homebrew/bin/git checkout --progress --force refs/remotes/pull/1/merge
iOS Tests (Simulator) (3)	Run actions/checkout@v4	2026-02-25T20:40:58.3033310Z HEAD is now at 0408461 Merge 86c2f4a4443179a61e99b4f5d2c467a0f9c43a72 into 74cc852017b0f1fdeb37326726f5fee7effe2248
iOS Tests (Simulator) (3)	Run actions/checkout@v4	2026-02-25T20:40:58.3114460Z ##[endgroup]
iOS Tests (Simulator) (3)	Run actions/checkout@v4	2026-02-25T20:40:58.3156250Z [command]/opt/homebrew/bin/git log -1 --format=%H
iOS Tests (Simulator) (3)	Run actions/checkout@v4	2026-02-25T20:40:58.3218510Z 0408461b08eee1bbe2c516702bd1813b916d3e4c
iOS Tests (Simulator) (3)	Setup Flutter	﻿2026-02-25T20:40:58.3688430Z ##[group]Run subosito/flutter-action@v2
iOS Tests (Simulator) (3)	Setup Flutter	2026-02-25T20:40:58.3689180Z with:
iOS Tests (Simulator) (3)	Setup Flutter	2026-02-25T20:40:58.3689670Z   channel: stable
iOS Tests (Simulator) (3)	Setup Flutter	2026-02-25T20:40:58.3690170Z   cache: true
iOS Tests (Simulator) (3)	Setup Flutter	2026-02-25T20:40:58.3690740Z   architecture: ARM64
iOS Tests (Simulator) (3)	Setup Flutter	2026-02-25T20:40:58.3691310Z   pub-cache-path: default
iOS Tests (Simulator) (3)	Setup Flutter	2026-02-25T20:40:58.3691860Z   dry-run: false
iOS Tests (Simulator) (3)	Setup Flutter	2026-02-25T20:40:58.3692470Z   git-source: https://github.com/flutter/flutter.git
iOS Tests (Simulator) (3)	Setup Flutter	2026-02-25T20:40:58.3693210Z env:
iOS Tests (Simulator) (3)	Setup Flutter	2026-02-25T20:40:58.3693670Z   CACHE_VERSION: v1
iOS Tests (Simulator) (3)	Setup Flutter	2026-02-25T20:40:58.3694190Z ##[endgroup]
iOS Tests (Simulator) (3)	Setup Flutter	2026-02-25T20:40:58.3789090Z ##[group]Run chmod +x "$GITHUB_ACTION_PATH/setup.sh"
iOS Tests (Simulator) (3)	Setup Flutter	2026-02-25T20:40:58.3789970Z [36;1mchmod +x "$GITHUB_ACTION_PATH/setup.sh"[0m
iOS Tests (Simulator) (3)	Setup Flutter	2026-02-25T20:40:58.3828020Z shell: /bin/bash --noprofile --norc -e -o pipefail {0}
iOS Tests (Simulator) (3)	Setup Flutter	2026-02-25T20:40:58.3828760Z env:
iOS Tests (Simulator) (3)	Setup Flutter	2026-02-25T20:40:58.3829190Z   CACHE_VERSION: v1
iOS Tests (Simulator) (3)	Setup Flutter	2026-02-25T20:40:58.3829740Z ##[endgroup]
iOS Tests (Simulator) (3)	Setup Flutter	2026-02-25T20:40:58.4370100Z ##[group]Run $GITHUB_ACTION_PATH/setup.sh -p \
iOS Tests (Simulator) (3)	Setup Flutter	2026-02-25T20:40:58.4370980Z [36;1m$GITHUB_ACTION_PATH/setup.sh -p \[0m
iOS Tests (Simulator) (3)	Setup Flutter	2026-02-25T20:40:58.4371660Z [36;1m  -n '' \[0m
iOS Tests (Simulator) (3)	Setup Flutter	2026-02-25T20:40:58.4372160Z [36;1m  -f '' \[0m
iOS Tests (Simulator) (3)	Setup Flutter	2026-02-25T20:40:58.4372650Z [36;1m  -a 'ARM64' \[0m
iOS Tests (Simulator) (3)	Setup Flutter	2026-02-25T20:40:58.4373360Z [36;1m  -k '' \[0m
iOS Tests (Simulator) (3)	Setup Flutter	2026-02-25T20:40:58.4373900Z [36;1m  -c '' \[0m
iOS Tests (Simulator) (3)	Setup Flutter	2026-02-25T20:40:58.4374530Z [36;1m  -l '' \[0m
iOS Tests (Simulator) (3)	Setup Flutter	2026-02-25T20:40:58.4375030Z [36;1m  -d 'default' \[0m
iOS Tests (Simulator) (3)	Setup Flutter	2026-02-25T20:40:58.4375780Z [36;1m  -g 'https://github.com/flutter/flutter.git' \[0m
iOS Tests (Simulator) (3)	Setup Flutter	2026-02-25T20:40:58.4376530Z [36;1m  stable[0m
iOS Tests (Simulator) (3)	Setup Flutter	2026-02-25T20:40:58.4412550Z shell: /bin/bash --noprofile --norc -e -o pipefail {0}
iOS Tests (Simulator) (3)	Setup Flutter	2026-02-25T20:40:58.4413390Z env:
iOS Tests (Simulator) (3)	Setup Flutter	2026-02-25T20:40:58.4413830Z   CACHE_VERSION: v1
iOS Tests (Simulator) (3)	Setup Flutter	2026-02-25T20:40:58.4414470Z ##[endgroup]
iOS Tests (Simulator) (3)	Setup Flutter	2026-02-25T20:40:58.6495830Z ##[group]Run actions/cache@v4
iOS Tests (Simulator) (3)	Setup Flutter	2026-02-25T20:40:58.6496450Z with:
iOS Tests (Simulator) (3)	Setup Flutter	2026-02-25T20:40:58.6497040Z   path: /Users/runner/hostedtoolcache/flutter/stable-3.41.2-arm64
iOS Tests (Simulator) (3)	Setup Flutter	2026-02-25T20:40:58.6498150Z   key: flutter-macos-stable-3.41.2-arm64-90673a4eef275d1a6692c26ac80d6d746d41a73a
iOS Tests (Simulator) (3)	Setup Flutter	2026-02-25T20:40:58.6499220Z   enableCrossOsArchive: false
iOS Tests (Simulator) (3)	Setup Flutter	2026-02-25T20:40:58.6499810Z   fail-on-cache-miss: false
iOS Tests (Simulator) (3)	Setup Flutter	2026-02-25T20:40:58.6500320Z   lookup-only: false
iOS Tests (Simulator) (3)	Setup Flutter	2026-02-25T20:40:58.6500800Z   save-always: false
iOS Tests (Simulator) (3)	Setup Flutter	2026-02-25T20:40:58.6501290Z env:
iOS Tests (Simulator) (3)	Setup Flutter	2026-02-25T20:40:58.6501710Z   CACHE_VERSION: v1
iOS Tests (Simulator) (3)	Setup Flutter	2026-02-25T20:40:58.6502190Z ##[endgroup]
iOS Tests (Simulator) (3)	Setup Flutter	2026-02-25T20:40:58.8193510Z Cache not found for input keys: flutter-macos-stable-3.41.2-arm64-90673a4eef275d1a6692c26ac80d6d746d41a73a
iOS Tests (Simulator) (3)	Setup Flutter	2026-02-25T20:40:58.9175290Z ##[group]Run actions/cache@v4
iOS Tests (Simulator) (3)	Setup Flutter	2026-02-25T20:40:58.9175950Z with:
iOS Tests (Simulator) (3)	Setup Flutter	2026-02-25T20:40:58.9176410Z   path: /Users/runner/.pub-cache
iOS Tests (Simulator) (3)	Setup Flutter	2026-02-25T20:40:58.9177920Z   key: flutter-pub-macos-stable-3.41.2-arm64-90673a4eef275d1a6692c26ac80d6d746d41a73a-fabacfc13d2b7e18a7fb2822593662b03764f624bf41fd351cdabec60fb27783
iOS Tests (Simulator) (3)	Setup Flutter	2026-02-25T20:40:58.9179540Z   enableCrossOsArchive: false
iOS Tests (Simulator) (3)	Setup Flutter	2026-02-25T20:40:58.9180140Z   fail-on-cache-miss: false
iOS Tests (Simulator) (3)	Setup Flutter	2026-02-25T20:40:58.9180670Z   lookup-only: false
iOS Tests (Simulator) (3)	Setup Flutter	2026-02-25T20:40:58.9181150Z   save-always: false
iOS Tests (Simulator) (3)	Setup Flutter	2026-02-25T20:40:58.9181650Z env:
iOS Tests (Simulator) (3)	Setup Flutter	2026-02-25T20:40:58.9182070Z   CACHE_VERSION: v1
iOS Tests (Simulator) (3)	Setup Flutter	2026-02-25T20:40:58.9182550Z ##[endgroup]
iOS Tests (Simulator) (3)	Setup Flutter	2026-02-25T20:40:59.0703770Z Cache not found for input keys: flutter-pub-macos-stable-3.41.2-arm64-90673a4eef275d1a6692c26ac80d6d746d41a73a-fabacfc13d2b7e18a7fb2822593662b03764f624bf41fd351cdabec60fb27783
iOS Tests (Simulator) (3)	Setup Flutter	2026-02-25T20:40:59.0773100Z ##[group]Run $GITHUB_ACTION_PATH/setup.sh \
iOS Tests (Simulator) (3)	Setup Flutter	2026-02-25T20:40:59.0773820Z [36;1m$GITHUB_ACTION_PATH/setup.sh \[0m
iOS Tests (Simulator) (3)	Setup Flutter	2026-02-25T20:40:59.0774420Z [36;1m  -n '3.41.2' \[0m
iOS Tests (Simulator) (3)	Setup Flutter	2026-02-25T20:40:59.0774940Z [36;1m  -a 'arm64' \[0m
iOS Tests (Simulator) (3)	Setup Flutter	2026-02-25T20:40:59.0775680Z [36;1m  -c '/Users/runner/hostedtoolcache/flutter/stable-3.41.2-arm64' \[0m
iOS Tests (Simulator) (3)	Setup Flutter	2026-02-25T20:40:59.0776570Z [36;1m  -d '/Users/runner/.pub-cache' \[0m
iOS Tests (Simulator) (3)	Setup Flutter	2026-02-25T20:40:59.0777270Z [36;1m  stable[0m
iOS Tests (Simulator) (3)	Setup Flutter	2026-02-25T20:40:59.0808350Z shell: /bin/bash --noprofile --norc -e -o pipefail {0}
iOS Tests (Simulator) (3)	Setup Flutter	2026-02-25T20:40:59.0809240Z env:
iOS Tests (Simulator) (3)	Setup Flutter	2026-02-25T20:40:59.0809650Z   CACHE_VERSION: v1
iOS Tests (Simulator) (3)	Setup Flutter	2026-02-25T20:40:59.0810100Z ##[endgroup]
iOS Tests (Simulator) (3)	Setup Flutter	2026-02-25T20:40:59.2507260Z   % Total    % Received % Xferd  Average Speed   Time    Time     Time  Current
iOS Tests (Simulator) (3)	Setup Flutter	2026-02-25T20:40:59.2508540Z                                  Dload  Upload   Total   Spent    Left  Speed
iOS Tests (Simulator) (3)	Setup Flutter	2026-02-25T20:40:59.2509100Z 
iOS Tests (Simulator) (3)	Setup Flutter	2026-02-25T20:40:59.5510650Z   0     0    0     0    0     0      0      0 --:--:-- --:--:-- --:--:--     0
iOS Tests (Simulator) (3)	Setup Flutter	2026-02-25T20:41:00.5513910Z   1 2045M    1 23.4M    0     0  77.9M      0  0:00:26 --:--:--  0:00:26 77.7M
iOS Tests (Simulator) (3)	Setup Flutter	2026-02-25T20:41:01.5522460Z   5 2045M    5  119M    0     0  92.1M      0  0:00:22  0:00:01  0:00:21 92.1M
iOS Tests (Simulator) (3)	Setup Flutter	2026-02-25T20:41:02.5524910Z  10 2045M   10  214M    0     0  93.2M      0  0:00:21  0:00:02  0:00:19 93.1M
iOS Tests (Simulator) (3)	Setup Flutter	2026-02-25T20:41:03.5527960Z  14 2045M   14  306M    0     0  92.9M      0  0:00:22  0:00:03  0:00:19 92.9M
iOS Tests (Simulator) (3)	Setup Flutter	2026-02-25T20:41:04.5536760Z  20 2045M   20  411M    0     0  95.7M      0  0:00:21  0:00:04  0:00:17 95.7M
iOS Tests (Simulator) (3)	Setup Flutter	2026-02-25T20:41:05.5540270Z  25 2045M   25  516M    0     0  97.3M      0  0:00:21  0:00:05  0:00:16 98.5M
iOS Tests (Simulator) (3)	Setup Flutter	2026-02-25T20:41:06.5544180Z  30 2045M   30  622M    0     0  98.7M      0  0:00:20  0:00:06  0:00:14  100M
iOS Tests (Simulator) (3)	Setup Flutter	2026-02-25T20:41:07.5545200Z  35 2045M   35  726M    0     0  99.5M      0  0:00:20  0:00:07  0:00:13  102M
iOS Tests (Simulator) (3)	Setup Flutter	2026-02-25T20:41:08.5552670Z  40 2045M   40  821M    0     0  98.9M      0  0:00:20  0:00:08  0:00:12  102M
iOS Tests (Simulator) (3)	Setup Flutter	2026-02-25T20:41:09.5562090Z  44 2045M   44  906M    0     0  97.4M      0  0:00:20  0:00:09  0:00:11 98.9M
iOS Tests (Simulator) (3)	Setup Flutter	2026-02-25T20:41:10.5568450Z  48 2045M   48  993M    0     0  96.4M      0  0:00:21  0:00:10  0:00:11 95.4M
iOS Tests (Simulator) (3)	Setup Flutter	2026-02-25T20:41:11.5576620Z  52 2045M   52 1083M    0     0  95.9M      0  0:00:21  0:00:11  0:00:10 92.3M
iOS Tests (Simulator) (3)	Setup Flutter	2026-02-25T20:41:12.5601740Z  57 2045M   57 1168M    0     0  94.9M      0  0:00:21  0:00:12  0:00:09 88.2M
iOS Tests (Simulator) (3)	Setup Flutter	2026-02-25T20:41:13.5637510Z  61 2045M   61 1254M    0     0  94.3M      0  0:00:21  0:00:13  0:00:08 86.6M
iOS Tests (Simulator) (3)	Setup Flutter	2026-02-25T20:41:14.5578090Z  65 2045M   65 1334M    0     0  93.2M      0  0:00:21  0:00:14  0:00:07 85.5M
iOS Tests (Simulator) (3)	Setup Flutter	2026-02-25T20:41:15.5587110Z  69 2045M   69 1413M    0     0  92.3M      0  0:00:22  0:00:15  0:00:07 84.0M
iOS Tests (Simulator) (3)	Setup Flutter	2026-02-25T20:41:16.5596230Z  73 2045M   73 1509M    0     0  92.6M      0  0:00:22  0:00:16  0:00:06 85.2M
iOS Tests (Simulator) (3)	Setup Flutter	2026-02-25T20:41:17.5595840Z  78 2045M   78 1601M    0     0  92.6M      0  0:00:22  0:00:17  0:00:05 86.7M
iOS Tests (Simulator) (3)	Setup Flutter	2026-02-25T20:41:18.5606910Z  83 2045M   83 1705M    0     0  93.2M      0  0:00:21  0:00:18  0:00:03 90.2M
iOS Tests (Simulator) (3)	Setup Flutter	2026-02-25T20:41:19.5606390Z  88 2045M   88 1804M    0     0  93.5M      0  0:00:21  0:00:19  0:00:02 94.1M
iOS Tests (Simulator) (3)	Setup Flutter	2026-02-25T20:41:20.5618010Z  90 2045M   90 1860M    0     0  91.6M      0  0:00:22  0:00:20  0:00:02 89.3M
iOS Tests (Simulator) (3)	Setup Flutter	2026-02-25T20:41:21.5622720Z  93 2045M   93 1911M    0     0  89.7M      0  0:00:22  0:00:21  0:00:01 80.3M
iOS Tests (Simulator) (3)	Setup Flutter	2026-02-25T20:41:22.5643310Z  96 2045M   96 1974M    0     0  88.5M      0  0:00:23  0:00:22  0:00:01 74.5M
iOS Tests (Simulator) (3)	Setup Flutter	2026-02-25T20:41:22.9027560Z  99 2045M   99 2032M    0     0  87.2M      0  0:00:23  0:00:23 --:--:-- 65.3M
iOS Tests (Simulator) (3)	Setup Flutter	2026-02-25T20:41:22.9028270Z 100 2045M  100 2045M    0     0  86.5M      0  0:00:23  0:00:23 --:--:-- 55.5M
iOS Tests (Simulator) (3)	Install dependencies	﻿2026-02-25T20:42:00.1918490Z ##[group]Run flutter precache --ios
iOS Tests (Simulator) (3)	Install dependencies	2026-02-25T20:42:00.1918820Z [36;1mflutter precache --ios[0m
iOS Tests (Simulator) (3)	Install dependencies	2026-02-25T20:42:00.1919050Z [36;1mflutter pub get[0m
iOS Tests (Simulator) (3)	Install dependencies	2026-02-25T20:42:00.2141050Z shell: /bin/bash -e {0}
iOS Tests (Simulator) (3)	Install dependencies	2026-02-25T20:42:00.2141460Z env:
iOS Tests (Simulator) (3)	Install dependencies	2026-02-25T20:42:00.2141650Z   CACHE_VERSION: v1
iOS Tests (Simulator) (3)	Install dependencies	2026-02-25T20:42:00.2141930Z   FLUTTER_ROOT: /Users/runner/hostedtoolcache/flutter/stable-3.41.2-arm64
iOS Tests (Simulator) (3)	Install dependencies	2026-02-25T20:42:00.2142360Z   PUB_CACHE: /Users/runner/.pub-cache
iOS Tests (Simulator) (3)	Install dependencies	2026-02-25T20:42:00.2142580Z ##[endgroup]
iOS Tests (Simulator) (3)	Install dependencies	2026-02-25T20:42:03.7796120Z Resolving dependencies...
iOS Tests (Simulator) (3)	Install dependencies	2026-02-25T20:42:04.4276950Z Downloading packages...
iOS Tests (Simulator) (3)	Install dependencies	2026-02-25T20:42:13.3703700Z   _fe_analyzer_shared 91.0.0 (96.0.0 available)
iOS Tests (Simulator) (3)	Install dependencies	2026-02-25T20:42:13.3704810Z   analyzer 8.4.1 (10.2.0 available)
iOS Tests (Simulator) (3)	Install dependencies	2026-02-25T20:42:13.3706910Z   canonical_json 1.1.2 (1.1.3 available)
iOS Tests (Simulator) (3)	Install dependencies	2026-02-25T20:42:13.3707480Z > characters 1.4.1 (was 1.4.0)
iOS Tests (Simulator) (3)	Install dependencies	2026-02-25T20:42:13.3711820Z > matcher 0.12.18 (was 0.12.17)
iOS Tests (Simulator) (3)	Install dependencies	2026-02-25T20:42:13.3712240Z > material_color_utilities 0.13.0 (was 0.11.1)
iOS Tests (Simulator) (3)	Install dependencies	2026-02-25T20:42:13.3713040Z   meta 1.17.0 (1.18.1 available)
iOS Tests (Simulator) (3)	Install dependencies	2026-02-25T20:42:13.3713580Z   sqflite_common_ffi 2.3.7+1 (2.4.0+2 available)
iOS Tests (Simulator) (3)	Install dependencies	2026-02-25T20:42:13.3713860Z   sqlite3 2.9.4 (3.1.6 available)
iOS Tests (Simulator) (3)	Install dependencies	2026-02-25T20:42:13.3714170Z > test_api 0.7.9 (was 0.7.7)
iOS Tests (Simulator) (3)	Install dependencies	2026-02-25T20:42:13.3714410Z > test_core 0.6.15 (was 0.6.12)
iOS Tests (Simulator) (3)	Install dependencies	2026-02-25T20:42:13.3716480Z   unorm_dart 0.2.0 (0.3.2 available)
iOS Tests (Simulator) (3)	Install dependencies	2026-02-25T20:42:13.3717950Z   win32 5.15.0 (6.0.0 available)
iOS Tests (Simulator) (3)	Install dependencies	2026-02-25T20:42:13.3719480Z Changed 5 dependencies!
iOS Tests (Simulator) (3)	Install dependencies	2026-02-25T20:42:13.3719930Z 8 packages have newer versions incompatible with dependency constraints.
iOS Tests (Simulator) (3)	Install dependencies	2026-02-25T20:42:13.3720330Z Try `flutter pub outdated` for more information.
iOS Tests (Simulator) (3)	Run iOS integration tests (Batched)	﻿2026-02-25T20:42:14.6851310Z ##[group]Run ./scripts/test.sh ios --no-docker --shard 3 --total-shards 7
iOS Tests (Simulator) (3)	Run iOS integration tests (Batched)	2026-02-25T20:42:14.6851750Z [36;1m./scripts/test.sh ios --no-docker --shard 3 --total-shards 7[0m
iOS Tests (Simulator) (3)	Run iOS integration tests (Batched)	2026-02-25T20:42:14.6885470Z shell: /bin/bash -e {0}
iOS Tests (Simulator) (3)	Run iOS integration tests (Batched)	2026-02-25T20:42:14.6885790Z env:
iOS Tests (Simulator) (3)	Run iOS integration tests (Batched)	2026-02-25T20:42:14.6885970Z   CACHE_VERSION: v1
iOS Tests (Simulator) (3)	Run iOS integration tests (Batched)	2026-02-25T20:42:14.6886260Z   FLUTTER_ROOT: /Users/runner/hostedtoolcache/flutter/stable-3.41.2-arm64
iOS Tests (Simulator) (3)	Run iOS integration tests (Batched)	2026-02-25T20:42:14.6886600Z   PUB_CACHE: /Users/runner/.pub-cache
iOS Tests (Simulator) (3)	Run iOS integration tests (Batched)	2026-02-25T20:42:14.6887190Z   MATRIX_SERVER: http://localhost:8008
iOS Tests (Simulator) (3)	Run iOS integration tests (Batched)	2026-02-25T20:42:14.6887470Z   MATRIX_TEST_USER: testuser1
iOS Tests (Simulator) (3)	Run iOS integration tests (Batched)	2026-02-25T20:42:14.6887710Z   MATRIX_TEST_PASSWORD: testpass123
iOS Tests (Simulator) (3)	Run iOS integration tests (Batched)	2026-02-25T20:42:14.6888030Z ##[endgroup]
iOS Tests (Simulator) (3)	Run iOS integration tests (Batched)	2026-02-25T20:42:14.7560410Z [1m
iOS Tests (Simulator) (3)	Run iOS integration tests (Batched)	2026-02-25T20:42:14.7560750Z   Substitution Test Runner
iOS Tests (Simulator) (3)	Run iOS integration tests (Batched)	2026-02-25T20:42:14.7576010Z   2026-02-25 20:42:14
iOS Tests (Simulator) (3)	Run iOS integration tests (Batched)	2026-02-25T20:42:14.7576610Z   Targets: ios
iOS Tests (Simulator) (3)	Run iOS integration tests (Batched)	2026-02-25T20:42:14.7577120Z [0m
iOS Tests (Simulator) (3)	Run iOS integration tests (Batched)	2026-02-25T20:42:14.7581860Z [0;34m[INFO][0m Fetching Flutter dependencies...
iOS Tests (Simulator) (3)	Run iOS integration tests (Batched)	2026-02-25T20:42:15.5623140Z   unorm_dart 0.2.0 (0.3.2 available)
iOS Tests (Simulator) (3)	Run iOS integration tests (Batched)	2026-02-25T20:42:15.5675900Z   win32 5.15.0 (6.0.0 available)
iOS Tests (Simulator) (3)	Run iOS integration tests (Batched)	2026-02-25T20:42:15.5682750Z Got dependencies!
iOS Tests (Simulator) (3)	Run iOS integration tests (Batched)	2026-02-25T20:42:15.5686710Z 8 packages have newer versions incompatible with dependency constraints.
iOS Tests (Simulator) (3)	Run iOS integration tests (Batched)	2026-02-25T20:42:15.5690670Z Try `flutter pub outdated` for more information.
iOS Tests (Simulator) (3)	Run iOS integration tests (Batched)	2026-02-25T20:42:15.5708630Z [0;32m[OK][0m Dependencies fetched
iOS Tests (Simulator) (3)	Run iOS integration tests (Batched)	2026-02-25T20:42:15.5709240Z [0;34m[INFO][0m Target: ios
iOS Tests (Simulator) (3)	Run iOS integration tests (Batched)	2026-02-25T20:42:15.5709650Z 
iOS Tests (Simulator) (3)	Run iOS integration tests (Batched)	2026-02-25T20:42:15.5710460Z [1m━━━ iOS Tests (Simulator) ━━━[0m
iOS Tests (Simulator) (3)	Run iOS integration tests (Batched)	2026-02-25T20:42:15.5732410Z 
iOS Tests (Simulator) (3)	Run iOS integration tests (Batched)	2026-02-25T20:43:55.5606490Z [0;34m[INFO][0m Using simulator: B38715C4-2E95-49D7-A969-A9343CA986CC
iOS Tests (Simulator) (3)	Run iOS integration tests (Batched)	2026-02-25T20:44:14.0176860Z [0;34m[INFO][0m Waiting for simulator boot (timeout: 600s)...
iOS Tests (Simulator) (3)	Run iOS integration tests (Batched)	2026-02-25T20:52:42.1996480Z [0;32m[OK][0m Simulator booted
iOS Tests (Simulator) (3)	Run iOS integration tests (Batched)	2026-02-25T20:52:45.4610470Z [0;34m[INFO][0m Waiting for simulator responsiveness...
iOS Tests (Simulator) (3)	Run iOS integration tests (Batched)	2026-02-25T20:53:46.8955880Z [1;33m[WARN][0m Simulator may not be fully responsive
iOS Tests (Simulator) (3)	Run iOS integration tests (Batched)	2026-02-25T20:53:46.9041380Z [0;34m[INFO][0m Running all integration tests on iOS (timeout: 2700s)...
iOS Tests (Simulator) (3)	Run iOS integration tests (Batched)	2026-02-25T20:54:11.9662750Z -j/--concurrency was parsed but will be ignored, this option is not supported when running Integration Tests or web tests.
iOS Tests (Simulator) (3)	Run iOS integration tests (Batched)	2026-02-25T20:54:13.3625350Z 00:00 +0: loading /Users/runner/work/substitution/substitution/integration_test/interaction_with_matrix_test.dart
iOS Tests (Simulator) (3)	Run iOS integration tests (Batched)	2026-02-25T20:54:23.2546230Z Upgrading AppFrameworkInfo.plist
iOS Tests (Simulator) (3)	Run iOS integration tests (Batched)	2026-02-25T20:54:23.2649110Z Upgrading Podfile
iOS Tests (Simulator) (3)	Run iOS integration tests (Batched)	2026-02-25T20:54:23.4324060Z To ensure your app continues to launch on upcoming iOS versions, UIScene lifecycle support will soon be required. Please see https://flutter.dev/to/uiscene-migration for the migration guide.
iOS Tests (Simulator) (3)	Run iOS integration tests (Batched)	2026-02-25T20:54:23.4422030Z 
iOS Tests (Simulator) (3)	Run iOS integration tests (Batched)	2026-02-25T20:54:46.1851110Z Running pod install...                                             13.1s
iOS Tests (Simulator) (3)	Run iOS integration tests (Batched)	2026-02-25T20:58:37.5980230Z Running Xcode build...                                          
iOS Tests (Simulator) (3)	Run iOS integration tests (Batched)	2026-02-25T20:58:37.5987270Z Xcode build done.                                           231.3s
iOS Tests (Simulator) (3)	Run iOS integration tests (Batched)	2026-02-25T21:06:13.9280630Z 00:00 +0 -1: loading /Users/runner/work/substitution/substitution/integration_test/interaction_with_matrix_test.dart [E]
iOS Tests (Simulator) (3)	Run iOS integration tests (Batched)	2026-02-25T21:06:13.9356630Z   TimeoutException after 0:12:00.000000: Test timed out after 12 minutes.
iOS Tests (Simulator) (3)	Run iOS integration tests (Batched)	2026-02-25T21:06:14.1402210Z   package:test_api/src/backend/invoker.dart 398:28  Invoker._handleError.<fn>
iOS Tests (Simulator) (3)	Run iOS integration tests (Batched)	2026-02-25T21:06:14.1509530Z   dart:async/zone_root.dart 27:47                   _rootRun
iOS Tests (Simulator) (3)	Run iOS integration tests (Batched)	2026-02-25T21:06:14.1640720Z   dart:async/zone.dart 726:19                       _CustomZone.run
iOS Tests (Simulator) (3)	Run iOS integration tests (Batched)	2026-02-25T21:06:14.1733430Z   package:test_api/src/backend/invoker.dart 396:10  Invoker._handleError
iOS Tests (Simulator) (3)	Run iOS integration tests (Batched)	2026-02-25T21:06:14.1843390Z   package:test_api/src/backend/invoker.dart 351:9   Invoker.heartbeat.<fn>.<fn>
iOS Tests (Simulator) (3)	Run iOS integration tests (Batched)	2026-02-25T21:06:14.1945320Z   dart:async/zone_root.dart 35:13                   _rootRun
iOS Tests (Simulator) (3)	Run iOS integration tests (Batched)	2026-02-25T21:06:14.2080100Z   dart:async/zone.dart 726:19                       _CustomZone.run
iOS Tests (Simulator) (3)	Run iOS integration tests (Batched)	2026-02-25T21:06:14.2184460Z   package:test_api/src/backend/invoker.dart 350:38  Invoker.heartbeat.<fn>
iOS Tests (Simulator) (3)	Run iOS integration tests (Batched)	2026-02-25T21:06:14.2282070Z   dart:async-patch/timer_patch.dart 18:15           Timer._createTimer.<fn>
iOS Tests (Simulator) (3)	Run iOS integration tests (Batched)	2026-02-25T21:06:14.2389980Z   dart:isolate-patch/timer_impl.dart 423:19         _Timer._runTimers
iOS Tests (Simulator) (3)	Run iOS integration tests (Batched)	2026-02-25T21:06:14.2493360Z   dart:isolate-patch/timer_impl.dart 454:5          _Timer._handleMessage
iOS Tests (Simulator) (3)	Run iOS integration tests (Batched)	2026-02-25T21:06:14.2633520Z   dart:isolate-patch/isolate_patch.dart 193:12      _RawReceivePort._handleMessage
iOS Tests (Simulator) (3)	Run iOS integration tests (Batched)	2026-02-25T21:06:14.2763440Z   
iOS Tests (Simulator) (3)	Run iOS integration tests (Batched)	2026-02-25T21:06:14.2865270Z 00:00 +0 -1: loading /Users/runner/work/substitution/substitution/integration_test/offline_test.dart
iOS Tests (Simulator) (3)	Run iOS integration tests (Batched)	2026-02-25T21:06:35.9003920Z To ensure your app continues to launch on upcoming iOS versions, UIScene lifecycle support will soon be required. Please see https://flutter.dev/to/uiscene-migration for the migration guide.
iOS Tests (Simulator) (3)	Run iOS integration tests (Batched)	2026-02-25T21:06:35.9105240Z 
iOS Tests (Simulator) (3)	Run iOS integration tests (Batched)	2026-02-25T21:08:08.3958750Z Running Xcode build...                                          
iOS Tests (Simulator) (3)	Run iOS integration tests (Batched)	2026-02-25T21:08:08.4187130Z Xcode build done.                                           87.7s
iOS Tests (Simulator) (3)	Run iOS integration tests (Batched)	2026-02-25T21:18:14.2680890Z 00:00 +0 -2: loading /Users/runner/work/substitution/substitution/integration_test/offline_test.dart [E]
iOS Tests (Simulator) (3)	Run iOS integration tests (Batched)	2026-02-25T21:18:14.2687500Z   TimeoutException after 0:12:00.000000: Test timed out after 12 minutes.
iOS Tests (Simulator) (3)	Run iOS integration tests (Batched)	2026-02-25T21:18:14.3371850Z   package:test_api/src/backend/invoker.dart 398:28  Invoker._handleError.<fn>
iOS Tests (Simulator) (3)	Run iOS integration tests (Batched)	2026-02-25T21:18:14.3377180Z   dart:async/zone_root.dart 27:47                   _rootRun
iOS Tests (Simulator) (3)	Run iOS integration tests (Batched)	2026-02-25T21:18:14.3379080Z   dart:async/zone.dart 726:19                       _CustomZone.run
iOS Tests (Simulator) (3)	Run iOS integration tests (Batched)	2026-02-25T21:18:14.3379660Z   package:test_api/src/backend/invoker.dart 396:10  Invoker._handleError
iOS Tests (Simulator) (3)	Run iOS integration tests (Batched)	2026-02-25T21:18:14.3383700Z   package:test_api/src/backend/invoker.dart 351:9   Invoker.heartbeat.<fn>.<fn>
iOS Tests (Simulator) (3)	Run iOS integration tests (Batched)	2026-02-25T21:18:14.3386180Z   dart:async/zone_root.dart 35:13                   _rootRun
iOS Tests (Simulator) (3)	Run iOS integration tests (Batched)	2026-02-25T21:18:14.3386830Z   dart:async/zone.dart 726:19                       _CustomZone.run
iOS Tests (Simulator) (3)	Run iOS integration tests (Batched)	2026-02-25T21:18:14.3388960Z   package:test_api/src/backend/invoker.dart 350:38  Invoker.heartbeat.<fn>
iOS Tests (Simulator) (3)	Run iOS integration tests (Batched)	2026-02-25T21:18:14.3392900Z   dart:async-patch/timer_patch.dart 18:15           Timer._createTimer.<fn>
iOS Tests (Simulator) (3)	Run iOS integration tests (Batched)	2026-02-25T21:18:14.3396050Z   dart:isolate-patch/timer_impl.dart 423:19         _Timer._runTimers
iOS Tests (Simulator) (3)	Run iOS integration tests (Batched)	2026-02-25T21:18:14.3398120Z   dart:isolate-patch/timer_impl.dart 454:5          _Timer._handleMessage
iOS Tests (Simulator) (3)	Run iOS integration tests (Batched)	2026-02-25T21:18:14.3399150Z   dart:isolate-patch/isolate_patch.dart 193:12      _RawReceivePort._handleMessage
iOS Tests (Simulator) (3)	Run iOS integration tests (Batched)	2026-02-25T21:18:14.3937080Z   
iOS Tests (Simulator) (3)	Run iOS integration tests (Batched)	2026-02-25T21:18:14.3943400Z 00:00 +0 -2: loading /Users/runner/work/substitution/substitution/integration_test/room_feed_with_matrix_test.dart
iOS Tests (Simulator) (3)	Run iOS integration tests (Batched)	2026-02-25T21:18:27.8627500Z To ensure your app continues to launch on upcoming iOS versions, UIScene lifecycle support will soon be required. Please see https://flutter.dev/to/uiscene-migration for the migration guide.
iOS Tests (Simulator) (3)	Run iOS integration tests (Batched)	2026-02-25T21:18:27.8630510Z 
iOS Tests (Simulator) (3)	Run iOS integration tests (Batched)	2026-02-25T21:20:46.0692280Z Running Xcode build...                                          
iOS Tests (Simulator) (3)	Run iOS integration tests (Batched)	2026-02-25T21:20:46.0771710Z Xcode build done.                                           133.0s
iOS Tests (Simulator) (3)	Run iOS integration tests (Batched)	2026-02-25T21:30:14.4562170Z 00:00 +0 -3: loading /Users/runner/work/substitution/substitution/integration_test/room_feed_with_matrix_test.dart [E]
iOS Tests (Simulator) (3)	Run iOS integration tests (Batched)	2026-02-25T21:30:14.4675910Z   TimeoutException after 0:12:00.000000: Test timed out after 12 minutes.
iOS Tests (Simulator) (3)	Run iOS integration tests (Batched)	2026-02-25T21:30:14.5043590Z   package:test_api/src/backend/invoker.dart 398:28  Invoker._handleError.<fn>
iOS Tests (Simulator) (3)	Run iOS integration tests (Batched)	2026-02-25T21:30:14.5185130Z   dart:async/zone_root.dart 27:47                   _rootRun
iOS Tests (Simulator) (3)	Run iOS integration tests (Batched)	2026-02-25T21:30:14.5490190Z   dart:async/zone.dart 726:19                       _CustomZone.run
iOS Tests (Simulator) (3)	Run iOS integration tests (Batched)	2026-02-25T21:30:14.5500250Z   package:test_api/src/backend/invoker.dart 396:10  Invoker._handleError
iOS Tests (Simulator) (3)	Run iOS integration tests (Batched)	2026-02-25T21:30:14.5603610Z   package:test_api/src/backend/invoker.dart 351:9   Invoker.heartbeat.<fn>.<fn>
iOS Tests (Simulator) (3)	Run iOS integration tests (Batched)	2026-02-25T21:30:14.5705480Z   dart:async/zone_root.dart 35:13                   _rootRun
iOS Tests (Simulator) (3)	Run iOS integration tests (Batched)	2026-02-25T21:30:14.5846300Z   dart:async/zone.dart 726:19                       _CustomZone.run
iOS Tests (Simulator) (3)	Run iOS integration tests (Batched)	2026-02-25T21:30:14.5964770Z   package:test_api/src/backend/invoker.dart 350:38  Invoker.heartbeat.<fn>
iOS Tests (Simulator) (3)	Run iOS integration tests (Batched)	2026-02-25T21:30:14.5987640Z   dart:async-patch/timer_patch.dart 18:15           Timer._createTimer.<fn>
iOS Tests (Simulator) (3)	Run iOS integration tests (Batched)	2026-02-25T21:30:14.5993070Z   dart:isolate-patch/timer_impl.dart 423:19         _Timer._runTimers
iOS Tests (Simulator) (3)	Run iOS integration tests (Batched)	2026-02-25T21:30:14.6002620Z   dart:isolate-patch/timer_impl.dart 454:5          _Timer._handleMessage
iOS Tests (Simulator) (3)	Run iOS integration tests (Batched)	2026-02-25T21:30:14.6003280Z   dart:isolate-patch/isolate_patch.dart 193:12      _RawReceivePort._handleMessage
iOS Tests (Simulator) (3)	Run iOS integration tests (Batched)	2026-02-25T21:30:14.6004340Z   
iOS Tests (Simulator) (3)	Run iOS integration tests (Batched)	2026-02-25T21:30:14.6007490Z 00:00 +0 -3: loading /Users/runner/work/substitution/substitution/integration_test/feed_with_matrix_test.dart
iOS Tests (Simulator) (3)	Run iOS integration tests (Batched)	2026-02-25T21:30:32.7201610Z To ensure your app continues to launch on upcoming iOS versions, UIScene lifecycle support will soon be required. Please see https://flutter.dev/to/uiscene-migration for the migration guide.
iOS Tests (Simulator) (3)	Run iOS integration tests (Batched)	2026-02-25T21:30:32.7214730Z 
iOS Tests (Simulator) (3)	Run iOS integration tests (Batched)	2026-02-25T21:33:24.6316660Z Running Xcode build...                                          
iOS Tests (Simulator) (3)	Run iOS integration tests (Batched)	2026-02-25T21:33:24.6488180Z Xcode build done.                                           159.9s
iOS Tests (Simulator) (3)	Run iOS integration tests (Batched)	2026-02-25T21:38:47.6328520Z [0;31m[ERROR][0m iOS tests timed out after 2700s
iOS Tests (Simulator) (3)	Run iOS integration tests (Batched)	2026-02-25T21:38:47.6333510Z 
iOS Tests (Simulator) (3)	Run iOS integration tests (Batched)	2026-02-25T21:38:47.6482930Z [1m══════════════════════════════════════════════════════════[0m
iOS Tests (Simulator) (3)	Run iOS integration tests (Batched)	2026-02-25T21:38:47.6484070Z [1m  Test Results Summary[0m
iOS Tests (Simulator) (3)	Run iOS integration tests (Batched)	2026-02-25T21:38:47.6497620Z [1m══════════════════════════════════════════════════════════[0m
iOS Tests (Simulator) (3)	Run iOS integration tests (Batched)	2026-02-25T21:38:47.6498330Z 
iOS Tests (Simulator) (3)	Run iOS integration tests (Batched)	2026-02-25T21:38:47.6499030Z   TARGET             PASSED   FAILED  SKIPPED   DURATION
iOS Tests (Simulator) (3)	Run iOS integration tests (Batched)	2026-02-25T21:38:47.6499580Z   ──────────────── ──────── ──────── ──────── ──────────
iOS Tests (Simulator) (3)	Run iOS integration tests (Batched)	2026-02-25T21:38:47.6500260Z   [0;31mios             [0m        0        3        0     45m 1s
iOS Tests (Simulator) (3)	Run iOS integration tests (Batched)	2026-02-25T21:38:47.6500520Z 
iOS Tests (Simulator) (3)	Run iOS integration tests (Batched)	2026-02-25T21:38:47.6500880Z   ──────────────── ──────── ──────── ────────
iOS Tests (Simulator) (3)	Run iOS integration tests (Batched)	2026-02-25T21:38:47.6501310Z   [0;31mTOTAL                   0        3        0[0m
iOS Tests (Simulator) (3)	Run iOS integration tests (Batched)	2026-02-25T21:38:47.6501730Z 
iOS Tests (Simulator) (3)	Run iOS integration tests (Batched)	2026-02-25T21:38:47.6502220Z   [0;31m[1mRESULT: FAILED[0m
iOS Tests (Simulator) (3)	Run iOS integration tests (Batched)	2026-02-25T21:38:47.6502460Z 
iOS Tests (Simulator) (3)	Run iOS integration tests (Batched)	2026-02-25T21:38:47.6502820Z [1m══════════════════════════════════════════════════════════[0m
iOS Tests (Simulator) (3)	Run iOS integration tests (Batched)	2026-02-25T21:38:47.6503230Z 
iOS Tests (Simulator) (3)	Run iOS integration tests (Batched)	2026-02-25T21:38:47.6503360Z [0;34m[INFO][0m Cleaning up...
iOS Tests (Simulator) (3)	Run iOS integration tests (Batched)	2026-02-25T21:38:58.9255650Z [0;34m[INFO][0m Cleanup complete
iOS Tests (Simulator) (3)	Run iOS integration tests (Batched)	2026-02-25T21:38:59.0152280Z ##[error]Process completed with exit code 1.
iOS Tests (Simulator) (3)	Post Setup Flutter	﻿2026-02-25T21:39:00.5878290Z Post job cleanup.
iOS Tests (Simulator) (3)	Post Run actions/checkout@v4	﻿2026-02-25T21:39:01.1304580Z Post job cleanup.
iOS Tests (Simulator) (3)	Post Run actions/checkout@v4	2026-02-25T21:39:03.5409130Z [command]/opt/homebrew/bin/git version
iOS Tests (Simulator) (3)	Post Run actions/checkout@v4	2026-02-25T21:39:03.6105350Z git version 2.53.0
iOS Tests (Simulator) (3)	Post Run actions/checkout@v4	2026-02-25T21:39:03.6753400Z Copying '/Users/runner/.gitconfig' to '/Users/runner/work/_temp/b1b45108-514a-4dba-ae0b-4d2cd861c027/.gitconfig'
iOS Tests (Simulator) (3)	Post Run actions/checkout@v4	2026-02-25T21:39:03.6856470Z Temporarily overriding HOME='/Users/runner/work/_temp/b1b45108-514a-4dba-ae0b-4d2cd861c027' before making global git config changes
iOS Tests (Simulator) (3)	Post Run actions/checkout@v4	2026-02-25T21:39:03.6971590Z Adding repository directory to the temporary git global config as a safe directory
iOS Tests (Simulator) (3)	Post Run actions/checkout@v4	2026-02-25T21:39:03.7077640Z [command]/opt/homebrew/bin/git config --global --add safe.directory /Users/runner/work/substitution/substitution
iOS Tests (Simulator) (3)	Post Run actions/checkout@v4	2026-02-25T21:39:03.7388050Z [command]/opt/homebrew/bin/git config --local --name-only --get-regexp core\.sshCommand
iOS Tests (Simulator) (3)	Post Run actions/checkout@v4	2026-02-25T21:39:03.7735300Z [command]/opt/homebrew/bin/git submodule foreach --recursive sh -c "git config --local --name-only --get-regexp 'core\.sshCommand' && git config --local --unset-all 'core.sshCommand' || :"
iOS Tests (Simulator) (3)	Post Run actions/checkout@v4	2026-02-25T21:39:04.2453290Z [command]/opt/homebrew/bin/git config --local --name-only --get-regexp http\.https\:\/\/github\.com\/\.extraheader
iOS Tests (Simulator) (3)	Post Run actions/checkout@v4	2026-02-25T21:39:04.2454130Z http.https://github.com/.extraheader
iOS Tests (Simulator) (3)	Post Run actions/checkout@v4	2026-02-25T21:39:04.2893050Z [command]/opt/homebrew/bin/git config --local --unset-all http.https://github.com/.extraheader
iOS Tests (Simulator) (3)	Post Run actions/checkout@v4	2026-02-25T21:39:04.3105000Z [command]/opt/homebrew/bin/git submodule foreach --recursive sh -c "git config --local --name-only --get-regexp 'http\.https\:\/\/github\.com\/\.extraheader' && git config --local --unset-all 'http.https://github.com/.extraheader' || :"
iOS Tests (Simulator) (3)	Post Run actions/checkout@v4	2026-02-25T21:39:04.6200870Z [command]/opt/homebrew/bin/git config --local --name-only --get-regexp ^includeIf\.gitdir:
iOS Tests (Simulator) (3)	Post Run actions/checkout@v4	2026-02-25T21:39:04.6799510Z [command]/opt/homebrew/bin/git submodule foreach --recursive git config --local --show-origin --name-only --get-regexp remote.origin.url
iOS Tests (Simulator) (3)	Complete job	﻿2026-02-25T21:39:04.9641210Z Cleaning up orphan processes
iOS Tests (Simulator) (3)	Complete job	2026-02-25T21:39:35.8288570Z Terminate orphan process: pid (4979) (Simulator)
Android Tests (3)	UNKNOWN STEP	﻿2026-02-25T19:48:14.1773918Z Current runner version: '2.331.0'
Android Tests (3)	UNKNOWN STEP	2026-02-25T19:48:14.1796713Z ##[group]Runner Image Provisioner
Android Tests (3)	UNKNOWN STEP	2026-02-25T19:48:14.1797559Z Hosted Compute Agent
Android Tests (3)	UNKNOWN STEP	2026-02-25T19:48:14.1798199Z Version: 20260213.493
Android Tests (3)	UNKNOWN STEP	2026-02-25T19:48:14.1798834Z Commit: 5c115507f6dd24b8de37d8bbe0bb4509d0cc0fa3
Android Tests (3)	UNKNOWN STEP	2026-02-25T19:48:14.1799513Z Build Date: 2026-02-13T00:28:41Z
Android Tests (3)	UNKNOWN STEP	2026-02-25T19:48:14.1800248Z Worker ID: {e32be5da-3b6d-4d71-a399-2ec6102f0161}
Android Tests (3)	UNKNOWN STEP	2026-02-25T19:48:14.1800964Z Azure Region: westus
Android Tests (3)	UNKNOWN STEP	2026-02-25T19:48:14.1801506Z ##[endgroup]
Android Tests (3)	UNKNOWN STEP	2026-02-25T19:48:14.1803583Z ##[group]Operating System
Android Tests (3)	UNKNOWN STEP	2026-02-25T19:48:14.1804174Z Ubuntu
Android Tests (3)	UNKNOWN STEP	2026-02-25T19:48:14.1804657Z 24.04.3
Android Tests (3)	UNKNOWN STEP	2026-02-25T19:48:14.1805131Z LTS
Android Tests (3)	UNKNOWN STEP	2026-02-25T19:48:14.1805622Z ##[endgroup]
Android Tests (3)	UNKNOWN STEP	2026-02-25T19:48:14.1806159Z ##[group]Runner Image
Android Tests (3)	UNKNOWN STEP	2026-02-25T19:48:14.1806761Z Image: ubuntu-24.04
Android Tests (3)	UNKNOWN STEP	2026-02-25T19:48:14.1807311Z Version: 20260224.36.1
Android Tests (3)	UNKNOWN STEP	2026-02-25T19:48:14.1808472Z Included Software: https://github.com/actions/runner-images/blob/ubuntu24/20260224.36/images/ubuntu/Ubuntu2404-Readme.md
Android Tests (3)	UNKNOWN STEP	2026-02-25T19:48:14.1810040Z Image Release: https://github.com/actions/runner-images/releases/tag/ubuntu24%2F20260224.36
Android Tests (3)	UNKNOWN STEP	2026-02-25T19:48:14.1811007Z ##[endgroup]
Android Tests (3)	UNKNOWN STEP	2026-02-25T19:48:14.1812591Z ##[group]GITHUB_TOKEN Permissions
Android Tests (3)	UNKNOWN STEP	2026-02-25T19:48:14.1814465Z Contents: read
Android Tests (3)	UNKNOWN STEP	2026-02-25T19:48:14.1814974Z Metadata: read
Android Tests (3)	UNKNOWN STEP	2026-02-25T19:48:14.1815683Z Packages: read
Android Tests (3)	UNKNOWN STEP	2026-02-25T19:48:14.1816188Z ##[endgroup]
Android Tests (3)	UNKNOWN STEP	2026-02-25T19:48:14.1818154Z Secret source: Actions
Android Tests (3)	UNKNOWN STEP	2026-02-25T19:48:14.1818995Z Prepare workflow directory
Android Tests (3)	UNKNOWN STEP	2026-02-25T19:48:14.2242642Z Prepare all required actions
Android Tests (3)	UNKNOWN STEP	2026-02-25T19:48:14.2302030Z Getting action download info
Android Tests (3)	UNKNOWN STEP	2026-02-25T19:48:14.8207477Z Download action repository 'actions/checkout@v4' (SHA:34e114876b0b11c390a56381ad16ebd13914f8d5)
Android Tests (3)	UNKNOWN STEP	2026-02-25T19:48:14.9542108Z Download action repository 'actions/setup-java@v4' (SHA:c1e323688fd81a25caa38c78aa6df2d33d3e20d9)
Android Tests (3)	UNKNOWN STEP	2026-02-25T19:48:16.1661180Z Download action repository 'subosito/flutter-action@v2' (SHA:fd55f4c5af5b953cc57a2be44cb082c8f6635e8e)
Android Tests (3)	UNKNOWN STEP	2026-02-25T19:48:16.9467879Z Download action repository 'reactivecircus/android-emulator-runner@v2' (SHA:b530d96654c385303d652368551fb075bc2f0b6b)
Android Tests (3)	UNKNOWN STEP	2026-02-25T19:48:18.0273014Z Getting action download info
Android Tests (3)	UNKNOWN STEP	2026-02-25T19:48:18.2097439Z Download action repository 'actions/cache@v4' (SHA:0057852bfaa89a56745cba8c7296529d2fc39830)
Android Tests (3)	UNKNOWN STEP	2026-02-25T19:48:18.3531707Z Complete job name: Android Tests (3)
Android Tests (3)	UNKNOWN STEP	2026-02-25T19:48:18.4223851Z ##[group]Run actions/checkout@v4
Android Tests (3)	UNKNOWN STEP	2026-02-25T19:48:18.4224641Z with:
Android Tests (3)	UNKNOWN STEP	2026-02-25T19:48:18.4224937Z   repository: floffel/substitution
Android Tests (3)	UNKNOWN STEP	2026-02-25T19:48:18.4225458Z   token: ***
Android Tests (3)	UNKNOWN STEP	2026-02-25T19:48:18.4292109Z   ssh-strict: true
Android Tests (3)	UNKNOWN STEP	2026-02-25T19:48:18.4292495Z   ssh-user: git
Android Tests (3)	UNKNOWN STEP	2026-02-25T19:48:18.4292713Z   persist-credentials: true
Android Tests (3)	UNKNOWN STEP	2026-02-25T19:48:18.4292947Z   clean: true
Android Tests (3)	UNKNOWN STEP	2026-02-25T19:48:18.4293192Z   sparse-checkout-cone-mode: true
Android Tests (3)	UNKNOWN STEP	2026-02-25T19:48:18.4293441Z   fetch-depth: 1
Android Tests (3)	UNKNOWN STEP	2026-02-25T19:48:18.4293664Z   fetch-tags: false
Android Tests (3)	UNKNOWN STEP	2026-02-25T19:48:18.4293869Z   show-progress: true
Android Tests (3)	UNKNOWN STEP	2026-02-25T19:48:18.4294093Z   lfs: false
Android Tests (3)	UNKNOWN STEP	2026-02-25T19:48:18.4294293Z   submodules: false
Android Tests (3)	UNKNOWN STEP	2026-02-25T19:48:18.4294495Z   set-safe-directory: true
Android Tests (3)	UNKNOWN STEP	2026-02-25T19:48:18.4295485Z env:
Android Tests (3)	UNKNOWN STEP	2026-02-25T19:48:18.4295663Z   CACHE_VERSION: v1
Android Tests (3)	UNKNOWN STEP	2026-02-25T19:48:18.4295855Z ##[endgroup]
Android Tests (3)	UNKNOWN STEP	2026-02-25T19:48:18.5412427Z Syncing repository: floffel/substitution
Android Tests (3)	UNKNOWN STEP	2026-02-25T19:48:18.5413779Z ##[group]Getting Git version info
Android Tests (3)	UNKNOWN STEP	2026-02-25T19:48:18.5414248Z Working directory is '/home/runner/work/substitution/substitution'
Android Tests (3)	UNKNOWN STEP	2026-02-25T19:48:18.5414791Z [command]/usr/bin/git version
Android Tests (3)	UNKNOWN STEP	2026-02-25T19:48:18.5508860Z git version 2.53.0
Android Tests (3)	UNKNOWN STEP	2026-02-25T19:48:18.5534830Z ##[endgroup]
Android Tests (3)	UNKNOWN STEP	2026-02-25T19:48:18.5548283Z Temporarily overriding HOME='/home/runner/work/_temp/6a883ca9-6345-47f5-b3a9-6babc0915c51' before making global git config changes
Android Tests (3)	UNKNOWN STEP	2026-02-25T19:48:18.5549629Z Adding repository directory to the temporary git global config as a safe directory
Android Tests (3)	UNKNOWN STEP	2026-02-25T19:48:18.5553806Z [command]/usr/bin/git config --global --add safe.directory /home/runner/work/substitution/substitution
Android Tests (3)	UNKNOWN STEP	2026-02-25T19:48:18.5594001Z Deleting the contents of '/home/runner/work/substitution/substitution'
Android Tests (3)	UNKNOWN STEP	2026-02-25T19:48:18.5597736Z ##[group]Initializing the repository
Android Tests (3)	UNKNOWN STEP	2026-02-25T19:48:18.5601743Z [command]/usr/bin/git init /home/runner/work/substitution/substitution
Android Tests (3)	UNKNOWN STEP	2026-02-25T19:48:18.5724624Z hint: Using 'master' as the name for the initial branch. This default branch name
Android Tests (3)	UNKNOWN STEP	2026-02-25T19:48:18.5725547Z hint: will change to "main" in Git 3.0. To configure the initial branch name
Android Tests (3)	UNKNOWN STEP	2026-02-25T19:48:18.5726393Z hint: to use in all of your new repositories, which will suppress this warning,
Android Tests (3)	UNKNOWN STEP	2026-02-25T19:48:18.5727034Z hint: call:
Android Tests (3)	UNKNOWN STEP	2026-02-25T19:48:18.5727311Z hint:
Android Tests (3)	UNKNOWN STEP	2026-02-25T19:48:18.5727717Z hint: 	git config --global init.defaultBranch <name>
Android Tests (3)	UNKNOWN STEP	2026-02-25T19:48:18.5728222Z hint:
Android Tests (3)	UNKNOWN STEP	2026-02-25T19:48:18.5728725Z hint: Names commonly chosen instead of 'master' are 'main', 'trunk' and
Android Tests (3)	UNKNOWN STEP	2026-02-25T19:48:18.5729262Z hint: 'development'. The just-created branch can be renamed via this command:
Android Tests (3)	UNKNOWN STEP	2026-02-25T19:48:18.5729653Z hint:
Android Tests (3)	UNKNOWN STEP	2026-02-25T19:48:18.5729858Z hint: 	git branch -m <name>
Android Tests (3)	UNKNOWN STEP	2026-02-25T19:48:18.5730071Z hint:
Android Tests (3)	UNKNOWN STEP	2026-02-25T19:48:18.5730391Z hint: Disable this message with "git config set advice.defaultBranchName false"
Android Tests (3)	UNKNOWN STEP	2026-02-25T19:48:18.5732513Z Initialized empty Git repository in /home/runner/work/substitution/substitution/.git/
Android Tests (3)	UNKNOWN STEP	2026-02-25T19:48:18.5744805Z [command]/usr/bin/git remote add origin https://github.com/floffel/substitution
Android Tests (3)	UNKNOWN STEP	2026-02-25T19:48:18.5782414Z ##[endgroup]
Android Tests (3)	UNKNOWN STEP	2026-02-25T19:48:18.5783150Z ##[group]Disabling automatic garbage collection
Android Tests (3)	UNKNOWN STEP	2026-02-25T19:48:18.5787419Z [command]/usr/bin/git config --local gc.auto 0
Android Tests (3)	UNKNOWN STEP	2026-02-25T19:48:18.5818670Z ##[endgroup]
Android Tests (3)	UNKNOWN STEP	2026-02-25T19:48:18.5819231Z ##[group]Setting up auth
Android Tests (3)	UNKNOWN STEP	2026-02-25T19:48:18.5826228Z [command]/usr/bin/git config --local --name-only --get-regexp core\.sshCommand
Android Tests (3)	UNKNOWN STEP	2026-02-25T19:48:18.5857757Z [command]/usr/bin/git submodule foreach --recursive sh -c "git config --local --name-only --get-regexp 'core\.sshCommand' && git config --local --unset-all 'core.sshCommand' || :"
Android Tests (3)	UNKNOWN STEP	2026-02-25T19:48:18.6235831Z [command]/usr/bin/git config --local --name-only --get-regexp http\.https\:\/\/github\.com\/\.extraheader
Android Tests (3)	UNKNOWN STEP	2026-02-25T19:48:18.6266389Z [command]/usr/bin/git submodule foreach --recursive sh -c "git config --local --name-only --get-regexp 'http\.https\:\/\/github\.com\/\.extraheader' && git config --local --unset-all 'http.https://github.com/.extraheader' || :"
Android Tests (3)	UNKNOWN STEP	2026-02-25T19:48:18.6498191Z [command]/usr/bin/git config --local --name-only --get-regexp ^includeIf\.gitdir:
Android Tests (3)	UNKNOWN STEP	2026-02-25T19:48:18.6536927Z [command]/usr/bin/git submodule foreach --recursive git config --local --show-origin --name-only --get-regexp remote.origin.url
Android Tests (3)	UNKNOWN STEP	2026-02-25T19:48:18.6773585Z [command]/usr/bin/git config --local http.https://github.com/.extraheader AUTHORIZATION: basic ***
Android Tests (3)	UNKNOWN STEP	2026-02-25T19:48:18.6809619Z ##[endgroup]
Android Tests (3)	UNKNOWN STEP	2026-02-25T19:48:18.6810297Z ##[group]Fetching the repository
Android Tests (3)	UNKNOWN STEP	2026-02-25T19:48:18.6818978Z [command]/usr/bin/git -c protocol.version=2 fetch --no-tags --prune --no-recurse-submodules --depth=1 origin +0408461b08eee1bbe2c516702bd1813b916d3e4c:refs/remotes/pull/1/merge
Android Tests (3)	UNKNOWN STEP	2026-02-25T19:48:20.2135690Z From https://github.com/floffel/substitution
Android Tests (3)	UNKNOWN STEP	2026-02-25T19:48:20.2169843Z  * [new ref]         0408461b08eee1bbe2c516702bd1813b916d3e4c -> pull/1/merge
Android Tests (3)	UNKNOWN STEP	2026-02-25T19:48:20.2171445Z ##[endgroup]
Android Tests (3)	UNKNOWN STEP	2026-02-25T19:48:20.2172008Z ##[group]Determining the checkout info
Android Tests (3)	UNKNOWN STEP	2026-02-25T19:48:20.2173122Z ##[endgroup]
Android Tests (3)	UNKNOWN STEP	2026-02-25T19:48:20.2178003Z [command]/usr/bin/git sparse-checkout disable
Android Tests (3)	UNKNOWN STEP	2026-02-25T19:48:20.2223790Z [command]/usr/bin/git config --local --unset-all extensions.worktreeConfig
Android Tests (3)	UNKNOWN STEP	2026-02-25T19:48:20.2256971Z ##[group]Checking out the ref
Android Tests (3)	UNKNOWN STEP	2026-02-25T19:48:20.2257662Z [command]/usr/bin/git checkout --progress --force refs/remotes/pull/1/merge
Android Tests (3)	UNKNOWN STEP	2026-02-25T19:48:20.5104044Z Note: switching to 'refs/remotes/pull/1/merge'.
Android Tests (3)	UNKNOWN STEP	2026-02-25T19:48:20.5104544Z 
Android Tests (3)	UNKNOWN STEP	2026-02-25T19:48:20.5104977Z You are in 'detached HEAD' state. You can look around, make experimental
Android Tests (3)	UNKNOWN STEP	2026-02-25T19:48:20.5105977Z changes and commit them, and you can discard any commits you make in this
Android Tests (3)	UNKNOWN STEP	2026-02-25T19:48:20.5107387Z state without impacting any branches by switching back to a branch.
Android Tests (3)	UNKNOWN STEP	2026-02-25T19:48:20.5108020Z 
Android Tests (3)	UNKNOWN STEP	2026-02-25T19:48:20.5108453Z If you want to create a new branch to retain commits you create, you may
Android Tests (3)	UNKNOWN STEP	2026-02-25T19:48:20.5109354Z do so (now or later) by using -c with the switch command. Example:
Android Tests (3)	UNKNOWN STEP	2026-02-25T19:48:20.5109875Z 
Android Tests (3)	UNKNOWN STEP	2026-02-25T19:48:20.5110072Z   git switch -c <new-branch-name>
Android Tests (3)	UNKNOWN STEP	2026-02-25T19:48:20.5110400Z 
Android Tests (3)	UNKNOWN STEP	2026-02-25T19:48:20.5110585Z Or undo this operation with:
Android Tests (3)	UNKNOWN STEP	2026-02-25T19:48:20.5110950Z 
Android Tests (3)	UNKNOWN STEP	2026-02-25T19:48:20.5111120Z   git switch -
Android Tests (3)	UNKNOWN STEP	2026-02-25T19:48:20.5111384Z 
Android Tests (3)	UNKNOWN STEP	2026-02-25T19:48:20.5111946Z Turn off this advice by setting config variable advice.detachedHead to false
Android Tests (3)	UNKNOWN STEP	2026-02-25T19:48:20.5112483Z 
Android Tests (3)	UNKNOWN STEP	2026-02-25T19:48:20.5113072Z HEAD is now at 0408461 Merge 86c2f4a4443179a61e99b4f5d2c467a0f9c43a72 into 74cc852017b0f1fdeb37326726f5fee7effe2248
Android Tests (3)	UNKNOWN STEP	2026-02-25T19:48:20.5123781Z ##[endgroup]
Android Tests (3)	UNKNOWN STEP	2026-02-25T19:48:20.5168109Z [command]/usr/bin/git log -1 --format=%H
Android Tests (3)	UNKNOWN STEP	2026-02-25T19:48:20.5194421Z 0408461b08eee1bbe2c516702bd1813b916d3e4c
Android Tests (3)	UNKNOWN STEP	2026-02-25T19:48:20.5453939Z ##[group]Run actions/setup-java@v4
Android Tests (3)	UNKNOWN STEP	2026-02-25T19:48:20.5454219Z with:
Android Tests (3)	UNKNOWN STEP	2026-02-25T19:48:20.5454398Z   java-version: 17
Android Tests (3)	UNKNOWN STEP	2026-02-25T19:48:20.5454598Z   distribution: temurin
Android Tests (3)	UNKNOWN STEP	2026-02-25T19:48:20.5454797Z   java-package: jdk
Android Tests (3)	UNKNOWN STEP	2026-02-25T19:48:20.5454985Z   check-latest: false
Android Tests (3)	UNKNOWN STEP	2026-02-25T19:48:20.5455181Z   server-id: github
Android Tests (3)	UNKNOWN STEP	2026-02-25T19:48:20.5455404Z   server-username: GITHUB_ACTOR
Android Tests (3)	UNKNOWN STEP	2026-02-25T19:48:20.5455644Z   server-password: GITHUB_TOKEN
Android Tests (3)	UNKNOWN STEP	2026-02-25T19:48:20.5455872Z   overwrite-settings: true
Android Tests (3)	UNKNOWN STEP	2026-02-25T19:48:20.5456088Z   job-status: success
Android Tests (3)	UNKNOWN STEP	2026-02-25T19:48:20.5456384Z   token: ***
Android Tests (3)	UNKNOWN STEP	2026-02-25T19:48:20.5456553Z env:
Android Tests (3)	UNKNOWN STEP	2026-02-25T19:48:20.5456708Z   CACHE_VERSION: v1
Android Tests (3)	UNKNOWN STEP	2026-02-25T19:48:20.5456890Z ##[endgroup]
Android Tests (3)	UNKNOWN STEP	2026-02-25T19:48:20.7519748Z ##[group]Installed distributions
Android Tests (3)	UNKNOWN STEP	2026-02-25T19:48:20.7738032Z Resolved Java 17.0.18+8 from tool-cache
Android Tests (3)	UNKNOWN STEP	2026-02-25T19:48:20.7738987Z Setting Java 17.0.18+8 as the default
Android Tests (3)	UNKNOWN STEP	2026-02-25T19:48:20.7752310Z Creating toolchains.xml for JDK version 17 from temurin
Android Tests (3)	UNKNOWN STEP	2026-02-25T19:48:20.7827801Z Writing to /home/runner/.m2/toolchains.xml
Android Tests (3)	UNKNOWN STEP	2026-02-25T19:48:20.7828226Z 
Android Tests (3)	UNKNOWN STEP	2026-02-25T19:48:20.7828368Z Java configuration:
Android Tests (3)	UNKNOWN STEP	2026-02-25T19:48:20.7829972Z   Distribution: temurin
Android Tests (3)	UNKNOWN STEP	2026-02-25T19:48:20.7830356Z   Version: 17.0.18+8
Android Tests (3)	UNKNOWN STEP	2026-02-25T19:48:20.7831168Z   Path: /opt/hostedtoolcache/Java_Temurin-Hotspot_jdk/17.0.18-8/x64
Android Tests (3)	UNKNOWN STEP	2026-02-25T19:48:20.7831996Z 
Android Tests (3)	UNKNOWN STEP	2026-02-25T19:48:20.7832450Z ##[endgroup]
Android Tests (3)	UNKNOWN STEP	2026-02-25T19:48:20.7848057Z Creating settings.xml with server-id: github
Android Tests (3)	UNKNOWN STEP	2026-02-25T19:48:20.7856218Z Writing to /home/runner/.m2/settings.xml
Android Tests (3)	UNKNOWN STEP	2026-02-25T19:48:20.8094178Z ##[group]Run subosito/flutter-action@v2
Android Tests (3)	UNKNOWN STEP	2026-02-25T19:48:20.8094474Z with:
Android Tests (3)	UNKNOWN STEP	2026-02-25T19:48:20.8094646Z   channel: stable
Android Tests (3)	UNKNOWN STEP	2026-02-25T19:48:20.8094829Z   cache: true
Android Tests (3)	UNKNOWN STEP	2026-02-25T19:48:20.8094997Z   architecture: X64
Android Tests (3)	UNKNOWN STEP	2026-02-25T19:48:20.8095198Z   pub-cache-path: default
Android Tests (3)	UNKNOWN STEP	2026-02-25T19:48:20.8095408Z   dry-run: false
Android Tests (3)	UNKNOWN STEP	2026-02-25T19:48:20.8095660Z   git-source: https://github.com/flutter/flutter.git
Android Tests (3)	UNKNOWN STEP	2026-02-25T19:48:20.8095965Z env:
Android Tests (3)	UNKNOWN STEP	2026-02-25T19:48:20.8096128Z   CACHE_VERSION: v1
Android Tests (3)	UNKNOWN STEP	2026-02-25T19:48:20.8096425Z   JAVA_HOME: /opt/hostedtoolcache/Java_Temurin-Hotspot_jdk/17.0.18-8/x64
Android Tests (3)	UNKNOWN STEP	2026-02-25T19:48:20.8096880Z   JAVA_HOME_17_X64: /opt/hostedtoolcache/Java_Temurin-Hotspot_jdk/17.0.18-8/x64
Android Tests (3)	UNKNOWN STEP	2026-02-25T19:48:20.8097233Z ##[endgroup]
Android Tests (3)	UNKNOWN STEP	2026-02-25T19:48:20.8192326Z ##[group]Run chmod +x "$GITHUB_ACTION_PATH/setup.sh"
Android Tests (3)	UNKNOWN STEP	2026-02-25T19:48:20.8192719Z [36;1mchmod +x "$GITHUB_ACTION_PATH/setup.sh"[0m
Android Tests (3)	UNKNOWN STEP	2026-02-25T19:48:20.8246580Z shell: /usr/bin/bash --noprofile --norc -e -o pipefail {0}
Android Tests (3)	UNKNOWN STEP	2026-02-25T19:48:20.8246946Z env:
Android Tests (3)	UNKNOWN STEP	2026-02-25T19:48:20.8247120Z   CACHE_VERSION: v1
Android Tests (3)	UNKNOWN STEP	2026-02-25T19:48:20.8247426Z   JAVA_HOME: /opt/hostedtoolcache/Java_Temurin-Hotspot_jdk/17.0.18-8/x64
Android Tests (3)	UNKNOWN STEP	2026-02-25T19:48:20.8247893Z   JAVA_HOME_17_X64: /opt/hostedtoolcache/Java_Temurin-Hotspot_jdk/17.0.18-8/x64
Android Tests (3)	UNKNOWN STEP	2026-02-25T19:48:20.8248241Z ##[endgroup]
Android Tests (3)	UNKNOWN STEP	2026-02-25T19:48:20.8400962Z ##[group]Run $GITHUB_ACTION_PATH/setup.sh -p \
Android Tests (3)	UNKNOWN STEP	2026-02-25T19:48:20.8401491Z [36;1m$GITHUB_ACTION_PATH/setup.sh -p \[0m
Android Tests (3)	UNKNOWN STEP	2026-02-25T19:48:20.8402097Z [36;1m  -n '' \[0m
Android Tests (3)	UNKNOWN STEP	2026-02-25T19:48:20.8402292Z [36;1m  -f '' \[0m
Android Tests (3)	UNKNOWN STEP	2026-02-25T19:48:20.8402475Z [36;1m  -a 'X64' \[0m
Android Tests (3)	UNKNOWN STEP	2026-02-25T19:48:20.8402653Z [36;1m  -k '' \[0m
Android Tests (3)	UNKNOWN STEP	2026-02-25T19:48:20.8402825Z [36;1m  -c '' \[0m
Android Tests (3)	UNKNOWN STEP	2026-02-25T19:48:20.8402990Z [36;1m  -l '' \[0m
Android Tests (3)	UNKNOWN STEP	2026-02-25T19:48:20.8403167Z [36;1m  -d 'default' \[0m
Android Tests (3)	UNKNOWN STEP	2026-02-25T19:48:20.8403445Z [36;1m  -g 'https://github.com/flutter/flutter.git' \[0m
Android Tests (3)	UNKNOWN STEP	2026-02-25T19:48:20.8403747Z [36;1m  stable[0m
Android Tests (3)	UNKNOWN STEP	2026-02-25T19:48:20.8447657Z shell: /usr/bin/bash --noprofile --norc -e -o pipefail {0}
Android Tests (3)	UNKNOWN STEP	2026-02-25T19:48:20.8447983Z env:
Android Tests (3)	UNKNOWN STEP	2026-02-25T19:48:20.8448144Z   CACHE_VERSION: v1
Android Tests (3)	UNKNOWN STEP	2026-02-25T19:48:20.8448450Z   JAVA_HOME: /opt/hostedtoolcache/Java_Temurin-Hotspot_jdk/17.0.18-8/x64
Android Tests (3)	UNKNOWN STEP	2026-02-25T19:48:20.8448914Z   JAVA_HOME_17_X64: /opt/hostedtoolcache/Java_Temurin-Hotspot_jdk/17.0.18-8/x64
Android Tests (3)	UNKNOWN STEP	2026-02-25T19:48:20.8449271Z ##[endgroup]
Android Tests (3)	UNKNOWN STEP	2026-02-25T19:48:21.0626997Z ##[group]Run actions/cache@v4
Android Tests (3)	UNKNOWN STEP	2026-02-25T19:48:21.0627218Z with:
Android Tests (3)	UNKNOWN STEP	2026-02-25T19:48:21.0627446Z   path: /opt/hostedtoolcache/flutter/stable-3.41.2-x64
Android Tests (3)	UNKNOWN STEP	2026-02-25T19:48:21.0627881Z   key: flutter-linux-stable-3.41.2-x64-90673a4eef275d1a6692c26ac80d6d746d41a73a
Android Tests (3)	UNKNOWN STEP	2026-02-25T19:48:21.0628287Z   enableCrossOsArchive: false
Android Tests (3)	UNKNOWN STEP	2026-02-25T19:48:21.0628519Z   fail-on-cache-miss: false
Android Tests (3)	UNKNOWN STEP	2026-02-25T19:48:21.0628724Z   lookup-only: false
Android Tests (3)	UNKNOWN STEP	2026-02-25T19:48:21.0628911Z   save-always: false
Android Tests (3)	UNKNOWN STEP	2026-02-25T19:48:21.0629080Z env:
Android Tests (3)	UNKNOWN STEP	2026-02-25T19:48:21.0629238Z   CACHE_VERSION: v1
Android Tests (3)	UNKNOWN STEP	2026-02-25T19:48:21.0629533Z   JAVA_HOME: /opt/hostedtoolcache/Java_Temurin-Hotspot_jdk/17.0.18-8/x64
Android Tests (3)	UNKNOWN STEP	2026-02-25T19:48:21.0629994Z   JAVA_HOME_17_X64: /opt/hostedtoolcache/Java_Temurin-Hotspot_jdk/17.0.18-8/x64
Android Tests (3)	UNKNOWN STEP	2026-02-25T19:48:21.0630335Z ##[endgroup]
Android Tests (3)	UNKNOWN STEP	2026-02-25T19:48:21.5341211Z Cache hit for: flutter-linux-stable-3.41.2-x64-90673a4eef275d1a6692c26ac80d6d746d41a73a
Android Tests (3)	UNKNOWN STEP	2026-02-25T19:48:22.8437721Z Received 4194304 of 1665993529 (0.3%), 4.0 MBs/sec
Android Tests (3)	UNKNOWN STEP	2026-02-25T19:48:23.8439996Z Received 113246208 of 1665993529 (6.8%), 54.0 MBs/sec
Android Tests (3)	UNKNOWN STEP	2026-02-25T19:48:24.8442148Z Received 197132288 of 1665993529 (11.8%), 62.7 MBs/sec
Android Tests (3)	UNKNOWN STEP	2026-02-25T19:48:25.8437463Z Received 310378496 of 1665993529 (18.6%), 74.0 MBs/sec
Android Tests (3)	UNKNOWN STEP	2026-02-25T19:48:26.8438269Z Received 415236096 of 1665993529 (24.9%), 79.2 MBs/sec
Android Tests (3)	UNKNOWN STEP	2026-02-25T19:48:27.8441108Z Received 536870912 of 1665993529 (32.2%), 85.3 MBs/sec
Android Tests (3)	UNKNOWN STEP	2026-02-25T19:48:28.8438400Z Received 666894336 of 1665993529 (40.0%), 90.9 MBs/sec
Android Tests (3)	UNKNOWN STEP	2026-02-25T19:48:29.8479031Z Received 788529152 of 1665993529 (47.3%), 94.0 MBs/sec
Android Tests (3)	UNKNOWN STEP	2026-02-25T19:48:30.8523623Z Received 889192448 of 1665993529 (53.4%), 94.1 MBs/sec
Android Tests (3)	UNKNOWN STEP	2026-02-25T19:48:31.8524536Z Received 998244352 of 1665993529 (59.9%), 95.1 MBs/sec
Android Tests (3)	UNKNOWN STEP	2026-02-25T19:48:32.8524749Z Received 1103101952 of 1665993529 (66.2%), 95.6 MBs/sec
Android Tests (3)	UNKNOWN STEP	2026-02-25T19:48:33.8534338Z Received 1207959552 of 1665993529 (72.5%), 95.9 MBs/sec
Android Tests (3)	UNKNOWN STEP	2026-02-25T19:48:34.8540529Z Received 1337982976 of 1665993529 (80.3%), 98.1 MBs/sec
Android Tests (3)	UNKNOWN STEP	2026-02-25T19:48:35.8543602Z Received 1442840576 of 1665993529 (86.6%), 98.2 MBs/sec
Android Tests (3)	UNKNOWN STEP	2026-02-25T19:48:36.8556310Z Received 1564475392 of 1665993529 (93.9%), 99.4 MBs/sec
Android Tests (3)	UNKNOWN STEP	2026-02-25T19:48:37.8564355Z Received 1657604921 of 1665993529 (99.5%), 98.7 MBs/sec
Android Tests (3)	UNKNOWN STEP	2026-02-25T19:48:37.9115475Z Received 1665993529 of 1665993529 (100.0%), 98.9 MBs/sec
Android Tests (3)	UNKNOWN STEP	2026-02-25T19:48:37.9118149Z Cache Size: ~1589 MB (1665993529 B)
Android Tests (3)	UNKNOWN STEP	2026-02-25T19:48:37.9222996Z [command]/usr/bin/tar -xf /home/runner/work/_temp/ba05d6c2-64a7-4029-9495-74da30d989cc/cache.tzst -P -C /home/runner/work/substitution/substitution --use-compress-program unzstd
Android Tests (3)	UNKNOWN STEP	2026-02-25T19:48:42.6836222Z Cache restored successfully
Android Tests (3)	UNKNOWN STEP	2026-02-25T19:48:43.0616721Z Cache restored from key: flutter-linux-stable-3.41.2-x64-90673a4eef275d1a6692c26ac80d6d746d41a73a
Android Tests (3)	UNKNOWN STEP	2026-02-25T19:48:43.1807131Z ##[group]Run actions/cache@v4
Android Tests (3)	UNKNOWN STEP	2026-02-25T19:48:43.1807368Z with:
Android Tests (3)	UNKNOWN STEP	2026-02-25T19:48:43.1807569Z   path: /home/runner/.pub-cache
Android Tests (3)	UNKNOWN STEP	2026-02-25T19:48:43.1808300Z   key: flutter-pub-linux-stable-3.41.2-x64-90673a4eef275d1a6692c26ac80d6d746d41a73a-fabacfc13d2b7e18a7fb2822593662b03764f624bf41fd351cdabec60fb27783
Android Tests (3)	UNKNOWN STEP	2026-02-25T19:48:43.1809294Z   enableCrossOsArchive: false
Android Tests (3)	UNKNOWN STEP	2026-02-25T19:48:43.1809529Z   fail-on-cache-miss: false
Android Tests (3)	UNKNOWN STEP	2026-02-25T19:48:43.1809750Z   lookup-only: false
Android Tests (3)	UNKNOWN STEP	2026-02-25T19:48:43.1809945Z   save-always: false
Android Tests (3)	UNKNOWN STEP	2026-02-25T19:48:43.1810126Z env:
Android Tests (3)	UNKNOWN STEP	2026-02-25T19:48:43.1810295Z   CACHE_VERSION: v1
Android Tests (3)	UNKNOWN STEP	2026-02-25T19:48:43.1810600Z   JAVA_HOME: /opt/hostedtoolcache/Java_Temurin-Hotspot_jdk/17.0.18-8/x64
Android Tests (3)	UNKNOWN STEP	2026-02-25T19:48:43.1811081Z   JAVA_HOME_17_X64: /opt/hostedtoolcache/Java_Temurin-Hotspot_jdk/17.0.18-8/x64
Android Tests (3)	UNKNOWN STEP	2026-02-25T19:48:43.1811462Z ##[endgroup]
Android Tests (3)	UNKNOWN STEP	2026-02-25T19:48:43.6005967Z Cache hit for: flutter-pub-linux-stable-3.41.2-x64-90673a4eef275d1a6692c26ac80d6d746d41a73a-fabacfc13d2b7e18a7fb2822593662b03764f624bf41fd351cdabec60fb27783
Android Tests (3)	UNKNOWN STEP	2026-02-25T19:48:44.9058099Z Received 8388608 of 133563121 (6.3%), 8.0 MBs/sec
Android Tests (3)	UNKNOWN STEP	2026-02-25T19:48:45.9062728Z Received 125829120 of 133563121 (94.2%), 60.0 MBs/sec
Android Tests (3)	UNKNOWN STEP	2026-02-25T19:48:46.0074960Z Received 133563121 of 133563121 (100.0%), 60.6 MBs/sec
Android Tests (3)	UNKNOWN STEP	2026-02-25T19:48:46.0078119Z Cache Size: ~127 MB (133563121 B)
Android Tests (3)	UNKNOWN STEP	2026-02-25T19:48:46.0119277Z [command]/usr/bin/tar -xf /home/runner/work/_temp/ab87400b-2d28-4da0-a324-9a7093496765/cache.tzst -P -C /home/runner/work/substitution/substitution --use-compress-program unzstd
Android Tests (3)	UNKNOWN STEP	2026-02-25T19:48:47.6471857Z Cache restored successfully
Android Tests (3)	UNKNOWN STEP	2026-02-25T19:48:47.6841193Z Cache restored from key: flutter-pub-linux-stable-3.41.2-x64-90673a4eef275d1a6692c26ac80d6d746d41a73a-fabacfc13d2b7e18a7fb2822593662b03764f624bf41fd351cdabec60fb27783
Android Tests (3)	UNKNOWN STEP	2026-02-25T19:48:47.6963667Z ##[group]Run $GITHUB_ACTION_PATH/setup.sh \
Android Tests (3)	UNKNOWN STEP	2026-02-25T19:48:47.6964005Z [36;1m$GITHUB_ACTION_PATH/setup.sh \[0m
Android Tests (3)	UNKNOWN STEP	2026-02-25T19:48:47.6964270Z [36;1m  -n '3.41.2' \[0m
Android Tests (3)	UNKNOWN STEP	2026-02-25T19:48:47.6964489Z [36;1m  -a 'x64' \[0m
Android Tests (3)	UNKNOWN STEP	2026-02-25T19:48:47.6964781Z [36;1m  -c '/opt/hostedtoolcache/flutter/stable-3.41.2-x64' \[0m
Android Tests (3)	UNKNOWN STEP	2026-02-25T19:48:47.6965136Z [36;1m  -d '/home/runner/.pub-cache' \[0m
Android Tests (3)	UNKNOWN STEP	2026-02-25T19:48:47.6965396Z [36;1m  stable[0m
Android Tests (3)	UNKNOWN STEP	2026-02-25T19:48:47.7013341Z shell: /usr/bin/bash --noprofile --norc -e -o pipefail {0}
Android Tests (3)	UNKNOWN STEP	2026-02-25T19:48:47.7013674Z env:
Android Tests (3)	UNKNOWN STEP	2026-02-25T19:48:47.7013848Z   CACHE_VERSION: v1
Android Tests (3)	UNKNOWN STEP	2026-02-25T19:48:47.7014174Z   JAVA_HOME: /opt/hostedtoolcache/Java_Temurin-Hotspot_jdk/17.0.18-8/x64
Android Tests (3)	UNKNOWN STEP	2026-02-25T19:48:47.7014649Z   JAVA_HOME_17_X64: /opt/hostedtoolcache/Java_Temurin-Hotspot_jdk/17.0.18-8/x64
Android Tests (3)	UNKNOWN STEP	2026-02-25T19:48:47.7015013Z ##[endgroup]
Android Tests (3)	UNKNOWN STEP	2026-02-25T19:48:47.8515316Z ##[group]Run flutter precache --android
Android Tests (3)	UNKNOWN STEP	2026-02-25T19:48:47.8515657Z [36;1mflutter precache --android[0m
Android Tests (3)	UNKNOWN STEP	2026-02-25T19:48:47.8515922Z [36;1mflutter pub get[0m
Android Tests (3)	UNKNOWN STEP	2026-02-25T19:48:47.8565211Z shell: /usr/bin/bash -e {0}
Android Tests (3)	UNKNOWN STEP	2026-02-25T19:48:47.8565457Z env:
Android Tests (3)	UNKNOWN STEP	2026-02-25T19:48:47.8565635Z   CACHE_VERSION: v1
Android Tests (3)	UNKNOWN STEP	2026-02-25T19:48:47.8565962Z   JAVA_HOME: /opt/hostedtoolcache/Java_Temurin-Hotspot_jdk/17.0.18-8/x64
Android Tests (3)	UNKNOWN STEP	2026-02-25T19:48:47.8566441Z   JAVA_HOME_17_X64: /opt/hostedtoolcache/Java_Temurin-Hotspot_jdk/17.0.18-8/x64
Android Tests (3)	UNKNOWN STEP	2026-02-25T19:48:47.8566934Z   FLUTTER_ROOT: /opt/hostedtoolcache/flutter/stable-3.41.2-x64
Android Tests (3)	UNKNOWN STEP	2026-02-25T19:48:47.8567280Z   PUB_CACHE: /home/runner/.pub-cache
Android Tests (3)	UNKNOWN STEP	2026-02-25T19:48:47.8567530Z ##[endgroup]
Android Tests (3)	UNKNOWN STEP	2026-02-25T19:48:49.2450368Z Resolving dependencies...
Android Tests (3)	UNKNOWN STEP	2026-02-25T19:48:49.5938760Z Downloading packages...
Android Tests (3)	UNKNOWN STEP	2026-02-25T19:48:49.6473131Z   _fe_analyzer_shared 91.0.0 (96.0.0 available)
Android Tests (3)	UNKNOWN STEP	2026-02-25T19:48:49.6473742Z   analyzer 8.4.1 (10.2.0 available)
Android Tests (3)	UNKNOWN STEP	2026-02-25T19:48:49.6474237Z > characters 1.4.1 (was 1.4.0)
Android Tests (3)	UNKNOWN STEP	2026-02-25T19:48:49.6474645Z > matcher 0.12.18 (was 0.12.17)
Android Tests (3)	UNKNOWN STEP	2026-02-25T19:48:49.6475065Z > material_color_utilities 0.13.0 (was 0.11.1)
Android Tests (3)	UNKNOWN STEP	2026-02-25T19:48:49.6475627Z   meta 1.17.0 (1.18.1 available)
Android Tests (3)	UNKNOWN STEP	2026-02-25T19:48:49.6476115Z   sqflite_common_ffi 2.3.7+1 (2.4.0+2 available)
Android Tests (3)	UNKNOWN STEP	2026-02-25T19:48:49.6476682Z   sqlite3 2.9.4 (3.1.6 available)
Android Tests (3)	UNKNOWN STEP	2026-02-25T19:48:49.6477203Z > test_api 0.7.9 (was 0.7.7)
Android Tests (3)	UNKNOWN STEP	2026-02-25T19:48:49.6477642Z > test_core 0.6.15 (was 0.6.12)
Android Tests (3)	UNKNOWN STEP	2026-02-25T19:48:49.6478180Z   unorm_dart 0.2.0 (0.3.2 available)
Android Tests (3)	UNKNOWN STEP	2026-02-25T19:48:49.6479245Z   win32 5.15.0 (6.0.0 available)
Android Tests (3)	UNKNOWN STEP	2026-02-25T19:48:49.6479763Z Changed 5 dependencies!
Android Tests (3)	UNKNOWN STEP	2026-02-25T19:48:49.6481832Z 7 packages have newer versions incompatible with dependency constraints.
Android Tests (3)	UNKNOWN STEP	2026-02-25T19:48:49.6482848Z Try `flutter pub outdated` for more information.
Android Tests (3)	UNKNOWN STEP	2026-02-25T19:48:50.2558317Z ##[group]Run docker compose up -d postgres matrix-synapse redis
Android Tests (3)	UNKNOWN STEP	2026-02-25T19:48:50.2559240Z [36;1mdocker compose up -d postgres matrix-synapse redis[0m
Android Tests (3)	UNKNOWN STEP	2026-02-25T19:48:50.2559659Z [36;1msleep 10[0m
Android Tests (3)	UNKNOWN STEP	2026-02-25T19:48:50.2559914Z [36;1mdocker compose run --rm matrix-init[0m
Android Tests (3)	UNKNOWN STEP	2026-02-25T19:48:50.2560504Z [36;1mtimeout 60 bash -c 'until curl -sf http://localhost:8008/_matrix/client/versions > /dev/null 2>&1; do sleep 2; done'[0m
Android Tests (3)	UNKNOWN STEP	2026-02-25T19:48:50.2609828Z shell: /usr/bin/bash -e {0}
Android Tests (3)	UNKNOWN STEP	2026-02-25T19:48:50.2610070Z env:
Android Tests (3)	UNKNOWN STEP	2026-02-25T19:48:50.2610250Z   CACHE_VERSION: v1
Android Tests (3)	UNKNOWN STEP	2026-02-25T19:48:50.2610585Z   JAVA_HOME: /opt/hostedtoolcache/Java_Temurin-Hotspot_jdk/17.0.18-8/x64
Android Tests (3)	UNKNOWN STEP	2026-02-25T19:48:50.2611090Z   JAVA_HOME_17_X64: /opt/hostedtoolcache/Java_Temurin-Hotspot_jdk/17.0.18-8/x64
Android Tests (3)	UNKNOWN STEP	2026-02-25T19:48:50.2611774Z   FLUTTER_ROOT: /opt/hostedtoolcache/flutter/stable-3.41.2-x64
Android Tests (3)	UNKNOWN STEP	2026-02-25T19:48:50.2612170Z   PUB_CACHE: /home/runner/.pub-cache
Android Tests (3)	UNKNOWN STEP	2026-02-25T19:48:50.2612418Z ##[endgroup]
Android Tests (3)	UNKNOWN STEP	2026-02-25T19:48:50.6684782Z time="2026-02-25T19:48:50Z" level=warning msg="/home/runner/work/substitution/substitution/docker-compose.yml: the attribute `version` is obsolete, it will be ignored, please remove it to avoid potential confusion"
Android Tests (3)	UNKNOWN STEP	2026-02-25T19:48:50.6769261Z  postgres Pulling 
Android Tests (3)	UNKNOWN STEP	2026-02-25T19:48:50.6770042Z  dex Pulling 
Android Tests (3)	UNKNOWN STEP	2026-02-25T19:48:50.6772037Z  matrix-synapse Pulling 
Android Tests (3)	UNKNOWN STEP	2026-02-25T19:48:50.6772839Z  redis Pulling 
Android Tests (3)	UNKNOWN STEP	2026-02-25T19:48:51.7692596Z  0c8d55a45c0d Pulling fs layer 
Android Tests (3)	UNKNOWN STEP	2026-02-25T19:48:51.7693631Z  03af238a5946 Pulling fs layer 
Android Tests (3)	UNKNOWN STEP	2026-02-25T19:48:51.7694243Z  686599c79c87 Pulling fs layer 
Android Tests (3)	UNKNOWN STEP	2026-02-25T19:48:51.7701764Z  f1cadbd7abd2 Pulling fs layer 
Android Tests (3)	UNKNOWN STEP	2026-02-25T19:48:51.7702227Z  3ee96ea8e5d2 Pulling fs layer 
Android Tests (3)	UNKNOWN STEP	2026-02-25T19:48:51.7702658Z  a954d256f742 Pulling fs layer 
Android Tests (3)	UNKNOWN STEP	2026-02-25T19:48:51.7703042Z  c7ce85987d6d Pulling fs layer 
Android Tests (3)	UNKNOWN STEP	2026-02-25T19:48:51.7703404Z  7807da78b90b Pulling fs layer 
Android Tests (3)	UNKNOWN STEP	2026-02-25T19:48:51.7703766Z  0478cd5c1079 Pulling fs layer 
Android Tests (3)	UNKNOWN STEP	2026-02-25T19:48:51.7704193Z  3a02ac06be95 Pulling fs layer 
Android Tests (3)	UNKNOWN STEP	2026-02-25T19:48:51.7704596Z  f1cadbd7abd2 Waiting 
Android Tests (3)	UNKNOWN STEP	2026-02-25T19:48:51.7704960Z  3ee96ea8e5d2 Waiting 
Android Tests (3)	UNKNOWN STEP	2026-02-25T19:48:51.7705317Z  a954d256f742 Waiting 
Android Tests (3)	UNKNOWN STEP	2026-02-25T19:48:51.7705662Z  c7ce85987d6d Waiting 
Android Tests (3)	UNKNOWN STEP	2026-02-25T19:48:51.7705996Z  7807da78b90b Waiting 
Android Tests (3)	UNKNOWN STEP	2026-02-25T19:48:51.7706352Z  3a02ac06be95 Waiting 
Android Tests (3)	UNKNOWN STEP	2026-02-25T19:48:51.7706688Z  0478cd5c1079 Waiting 
Android Tests (3)	UNKNOWN STEP	2026-02-25T19:48:51.7854874Z  589002ba0eae Pulling fs layer 
Android Tests (3)	UNKNOWN STEP	2026-02-25T19:48:51.7855357Z  5ffb427686b6 Pulling fs layer 
Android Tests (3)	UNKNOWN STEP	2026-02-25T19:48:51.7855807Z  630177b00352 Pulling fs layer 
Android Tests (3)	UNKNOWN STEP	2026-02-25T19:48:51.7856214Z  6c18ff1f33d0 Pulling fs layer 
Android Tests (3)	UNKNOWN STEP	2026-02-25T19:48:51.7856629Z  13e46e455d3b Pulling fs layer 
Android Tests (3)	UNKNOWN STEP	2026-02-25T19:48:51.7857034Z  b4403f29458a Pulling fs layer 
Android Tests (3)	UNKNOWN STEP	2026-02-25T19:48:51.7857472Z  40aaa75af6ce Pulling fs layer 
Android Tests (3)	UNKNOWN STEP	2026-02-25T19:48:51.7857866Z  162bdab1e0a7 Pulling fs layer 
Android Tests (3)	UNKNOWN STEP	2026-02-25T19:48:51.7858286Z  ebff7b0ec73e Pulling fs layer 
Android Tests (3)	UNKNOWN STEP	2026-02-25T19:48:51.7858681Z  c02179436571 Pulling fs layer 
Android Tests (3)	UNKNOWN STEP	2026-02-25T19:48:51.7859114Z  8243369e9866 Pulling fs layer 
Android Tests (3)	UNKNOWN STEP	2026-02-25T19:48:51.7859511Z  589002ba0eae Waiting 
Android Tests (3)	UNKNOWN STEP	2026-02-25T19:48:51.7859855Z  630177b00352 Waiting 
Android Tests (3)	UNKNOWN STEP	2026-02-25T19:48:51.7860193Z  5ffb427686b6 Waiting 
Android Tests (3)	UNKNOWN STEP	2026-02-25T19:48:51.7860542Z  6c18ff1f33d0 Waiting 
Android Tests (3)	UNKNOWN STEP	2026-02-25T19:48:51.7860884Z  162bdab1e0a7 Waiting 
Android Tests (3)	UNKNOWN STEP	2026-02-25T19:48:51.7861232Z  13e46e455d3b Waiting 
Android Tests (3)	UNKNOWN STEP	2026-02-25T19:48:51.7861767Z  ebff7b0ec73e Waiting 
Android Tests (3)	UNKNOWN STEP	2026-02-25T19:48:51.7862137Z  b4403f29458a Waiting 
Android Tests (3)	UNKNOWN STEP	2026-02-25T19:48:51.7862473Z  c02179436571 Waiting 
Android Tests (3)	UNKNOWN STEP	2026-02-25T19:48:51.7862810Z  8243369e9866 Waiting 
Android Tests (3)	UNKNOWN STEP	2026-02-25T19:48:51.7863161Z  40aaa75af6ce Waiting 
Android Tests (3)	UNKNOWN STEP	2026-02-25T19:48:51.8307550Z  bc1da058f299 Pulling fs layer 
Android Tests (3)	UNKNOWN STEP	2026-02-25T19:48:51.8310395Z  09a5a0c32a23 Pulling fs layer 
Android Tests (3)	UNKNOWN STEP	2026-02-25T19:48:51.8311464Z  bd53938b1271 Pulling fs layer 
Android Tests (3)	UNKNOWN STEP	2026-02-25T19:48:51.8312114Z  9fe3744a2eac Pulling fs layer 
Android Tests (3)	UNKNOWN STEP	2026-02-25T19:48:51.8312546Z  7ad54b3c4cef Pulling fs layer 
Android Tests (3)	UNKNOWN STEP	2026-02-25T19:48:51.8312941Z  09a5a0c32a23 Waiting 
Android Tests (3)	UNKNOWN STEP	2026-02-25T19:48:51.8313304Z  2a97533d89ca Pulling fs layer 
Android Tests (3)	UNKNOWN STEP	2026-02-25T19:48:51.8314011Z  bc1da058f299 Waiting 
Android Tests (3)	UNKNOWN STEP	2026-02-25T19:48:51.8314407Z  bd53938b1271 Waiting 
Android Tests (3)	UNKNOWN STEP	2026-02-25T19:48:51.8314688Z  4f4fb700ef54 Pulling fs layer 
Android Tests (3)	UNKNOWN STEP	2026-02-25T19:48:51.8315064Z  9fe3744a2eac Waiting 
Android Tests (3)	UNKNOWN STEP	2026-02-25T19:48:51.8315384Z  1c2c8d1ee428 Pulling fs layer 
Android Tests (3)	UNKNOWN STEP	2026-02-25T19:48:51.8315619Z  7ad54b3c4cef Waiting 
Android Tests (3)	UNKNOWN STEP	2026-02-25T19:48:51.8315825Z  2a97533d89ca Waiting 
Android Tests (3)	UNKNOWN STEP	2026-02-25T19:48:51.8316126Z  4f4fb700ef54 Waiting 
Android Tests (3)	UNKNOWN STEP	2026-02-25T19:48:51.8316361Z  1c2c8d1ee428 Waiting 
Android Tests (3)	UNKNOWN STEP	2026-02-25T19:48:51.9337582Z  d25f557d7f31 Pulling fs layer 
Android Tests (3)	UNKNOWN STEP	2026-02-25T19:48:51.9338919Z  9acd5b82521c Pulling fs layer 
Android Tests (3)	UNKNOWN STEP	2026-02-25T19:48:51.9339715Z  10d78728ec4d Pulling fs layer 
Android Tests (3)	UNKNOWN STEP	2026-02-25T19:48:51.9340131Z  e0d49f520b92 Pulling fs layer 
Android Tests (3)	UNKNOWN STEP	2026-02-25T19:48:51.9340559Z  5de905603ac5 Pulling fs layer 
Android Tests (3)	UNKNOWN STEP	2026-02-25T19:48:51.9340964Z  808bb02340fa Pulling fs layer 
Android Tests (3)	UNKNOWN STEP	2026-02-25T19:48:51.9341392Z  c0970b69197c Pulling fs layer 
Android Tests (3)	UNKNOWN STEP	2026-02-25T19:48:51.9342071Z  d25f557d7f31 Waiting 
Android Tests (3)	UNKNOWN STEP	2026-02-25T19:48:51.9342293Z  9de5f206730a Pulling fs layer 
Android Tests (3)	UNKNOWN STEP	2026-02-25T19:48:51.9342544Z  24e28b7dc0a2 Pulling fs layer 
Android Tests (3)	UNKNOWN STEP	2026-02-25T19:48:51.9342774Z  9acd5b82521c Waiting 
Android Tests (3)	UNKNOWN STEP	2026-02-25T19:48:51.9342982Z  830180cf89a8 Pulling fs layer 
Android Tests (3)	UNKNOWN STEP	2026-02-25T19:48:51.9343198Z  5de905603ac5 Waiting 
Android Tests (3)	UNKNOWN STEP	2026-02-25T19:48:51.9343391Z  10d78728ec4d Waiting 
Android Tests (3)	UNKNOWN STEP	2026-02-25T19:48:51.9343590Z  808bb02340fa Waiting 
Android Tests (3)	UNKNOWN STEP	2026-02-25T19:48:51.9343785Z  e0d49f520b92 Waiting 
Android Tests (3)	UNKNOWN STEP	2026-02-25T19:48:51.9343983Z  c0970b69197c Waiting 
Android Tests (3)	UNKNOWN STEP	2026-02-25T19:48:51.9344175Z  830180cf89a8 Waiting 
Android Tests (3)	UNKNOWN STEP	2026-02-25T19:48:51.9344360Z  9de5f206730a Waiting 
Android Tests (3)	UNKNOWN STEP	2026-02-25T19:48:51.9344549Z  24e28b7dc0a2 Waiting 
Android Tests (3)	UNKNOWN STEP	2026-02-25T19:48:52.0037188Z  03af238a5946 Downloading [>                                                  ]  13.04kB/1.293MB
Android Tests (3)	UNKNOWN STEP	2026-02-25T19:48:52.0122198Z  03af238a5946 Verifying Checksum 
Android Tests (3)	UNKNOWN STEP	2026-02-25T19:48:52.0122712Z  03af238a5946 Download complete 
Android Tests (3)	UNKNOWN STEP	2026-02-25T19:48:52.0178894Z  686599c79c87 Downloading [>                                                  ]  122.2kB/11.8MB
Android Tests (3)	UNKNOWN STEP	2026-02-25T19:48:52.0339167Z  0c8d55a45c0d Downloading [>                                                  ]  298.8kB/29.78MB
Android Tests (3)	UNKNOWN STEP	2026-02-25T19:48:52.0627746Z  686599c79c87 Verifying Checksum 
Android Tests (3)	UNKNOWN STEP	2026-02-25T19:48:52.0628242Z  686599c79c87 Download complete 
Android Tests (3)	UNKNOWN STEP	2026-02-25T19:48:52.1393466Z  0c8d55a45c0d Downloading [==========================>                        ]   15.7MB/29.78MB
Android Tests (3)	UNKNOWN STEP	2026-02-25T19:48:52.2155694Z  0c8d55a45c0d Download complete 
Android Tests (3)	UNKNOWN STEP	2026-02-25T19:48:52.2519675Z  0c8d55a45c0d Extracting [>                                                  ]  327.7kB/29.78MB
Android Tests (3)	UNKNOWN STEP	2026-02-25T19:48:52.2534328Z  f1cadbd7abd2 Downloading [==================================================>]     252B/252B
Android Tests (3)	UNKNOWN STEP	2026-02-25T19:48:52.2536818Z  f1cadbd7abd2 Verifying Checksum 
Android Tests (3)	UNKNOWN STEP	2026-02-25T19:48:52.2539312Z  f1cadbd7abd2 Download complete 
Android Tests (3)	UNKNOWN STEP	2026-02-25T19:48:52.2998343Z  3ee96ea8e5d2 Downloading [==================================================>]     250B/250B
Android Tests (3)	UNKNOWN STEP	2026-02-25T19:48:52.2999157Z  3ee96ea8e5d2 Download complete 
Android Tests (3)	UNKNOWN STEP	2026-02-25T19:48:52.3570049Z  0c8d55a45c0d Extracting [===========>                                       ]  6.881MB/29.78MB
Android Tests (3)	UNKNOWN STEP	2026-02-25T19:48:52.4467361Z  a954d256f742 Downloading [>                                                  ]  223.2kB/21.98MB
Android Tests (3)	UNKNOWN STEP	2026-02-25T19:48:52.4575396Z  0c8d55a45c0d Extracting [==================>                                ]  10.81MB/29.78MB
Android Tests (3)	UNKNOWN STEP	2026-02-25T19:48:52.5265148Z  c7ce85987d6d Downloading [==>                                                ]     719B/13.29kB
Android Tests (3)	UNKNOWN STEP	2026-02-25T19:48:52.5266339Z  c7ce85987d6d Downloading [==================================================>]  13.29kB/13.29kB
Android Tests (3)	UNKNOWN STEP	2026-02-25T19:48:52.5267613Z  c7ce85987d6d Download complete 
Android Tests (3)	UNKNOWN STEP	2026-02-25T19:48:52.5435512Z  a954d256f742 Verifying Checksum 
Android Tests (3)	UNKNOWN STEP	2026-02-25T19:48:52.5436529Z  a954d256f742 Download complete 
Android Tests (3)	UNKNOWN STEP	2026-02-25T19:48:52.5628153Z  0c8d55a45c0d Extracting [==========================>                        ]  15.73MB/29.78MB
Android Tests (3)	UNKNOWN STEP	2026-02-25T19:48:52.5658184Z  7807da78b90b Downloading [>                                                  ]  462.6kB/45.54MB
Android Tests (3)	UNKNOWN STEP	2026-02-25T19:48:52.6664232Z  0c8d55a45c0d Extracting [=======================================>           ]  23.27MB/29.78MB
Android Tests (3)	UNKNOWN STEP	2026-02-25T19:48:52.6673723Z  7807da78b90b Downloading [========================>                          ]  22.21MB/45.54MB
Android Tests (3)	UNKNOWN STEP	2026-02-25T19:48:52.7499479Z  7807da78b90b Verifying Checksum 
Android Tests (3)	UNKNOWN STEP	2026-02-25T19:48:52.7500008Z  7807da78b90b Download complete 
Android Tests (3)	UNKNOWN STEP	2026-02-25T19:48:52.7608332Z  0478cd5c1079 Downloading [==========>                                        ]     720B/3.507kB
Android Tests (3)	UNKNOWN STEP	2026-02-25T19:48:52.7608937Z  0478cd5c1079 Download complete 
Android Tests (3)	UNKNOWN STEP	2026-02-25T19:48:52.7699118Z  3a02ac06be95 Downloading [==========>                                        ]     720B/3.462kB
Android Tests (3)	UNKNOWN STEP	2026-02-25T19:48:52.7699887Z  3a02ac06be95 Verifying Checksum 
Android Tests (3)	UNKNOWN STEP	2026-02-25T19:48:52.8567208Z  3a02ac06be95 Download complete 
Android Tests (3)	UNKNOWN STEP	2026-02-25T19:48:52.8567933Z  0c8d55a45c0d Extracting [============================================>      ]  26.21MB/29.78MB
Android Tests (3)	UNKNOWN STEP	2026-02-25T19:48:52.9882904Z  5ffb427686b6 Downloading [=====================================>             ]     721B/972B
Android Tests (3)	UNKNOWN STEP	2026-02-25T19:48:52.9883952Z  5ffb427686b6 Downloading [==================================================>]     972B/972B
Android Tests (3)	UNKNOWN STEP	2026-02-25T19:48:52.9884863Z  5ffb427686b6 Verifying Checksum 
Android Tests (3)	UNKNOWN STEP	2026-02-25T19:48:52.9885304Z  5ffb427686b6 Download complete 
Android Tests (3)	UNKNOWN STEP	2026-02-25T19:48:53.0002551Z  630177b00352 Downloading [>                                                  ]  10.28kB/922.9kB
Android Tests (3)	UNKNOWN STEP	2026-02-25T19:48:53.0008089Z  589002ba0eae Downloading [>                                                  ]  39.45kB/3.862MB
Android Tests (3)	UNKNOWN STEP	2026-02-25T19:48:53.0073442Z  630177b00352 Verifying Checksum 
Android Tests (3)	UNKNOWN STEP	2026-02-25T19:48:53.0074000Z  630177b00352 Download complete 
Android Tests (3)	UNKNOWN STEP	2026-02-25T19:48:53.0171395Z  589002ba0eae Verifying Checksum 
Android Tests (3)	UNKNOWN STEP	2026-02-25T19:48:53.0172100Z  589002ba0eae Download complete 
Android Tests (3)	UNKNOWN STEP	2026-02-25T19:48:53.0180595Z  589002ba0eae Extracting [>                                                  ]  65.54kB/3.862MB
Android Tests (3)	UNKNOWN STEP	2026-02-25T19:48:53.0291043Z  0c8d55a45c0d Extracting [================================================>  ]  28.84MB/29.78MB
Android Tests (3)	UNKNOWN STEP	2026-02-25T19:48:53.1182475Z  589002ba0eae Extracting [============================================>      ]  3.473MB/3.862MB
Android Tests (3)	UNKNOWN STEP	2026-02-25T19:48:53.1235896Z  589002ba0eae Extracting [==================================================>]  3.862MB/3.862MB
Android Tests (3)	UNKNOWN STEP	2026-02-25T19:48:53.1243313Z  589002ba0eae Extracting [==================================================>]  3.862MB/3.862MB
Android Tests (3)	UNKNOWN STEP	2026-02-25T19:48:53.1459171Z  0c8d55a45c0d Extracting [================================================>  ]  29.16MB/29.78MB
Android Tests (3)	UNKNOWN STEP	2026-02-25T19:48:53.1469878Z  589002ba0eae Pull complete 
Android Tests (3)	UNKNOWN STEP	2026-02-25T19:48:53.1492417Z  5ffb427686b6 Extracting [==================================================>]     972B/972B
Android Tests (3)	UNKNOWN STEP	2026-02-25T19:48:53.1501886Z  5ffb427686b6 Extracting [==================================================>]     972B/972B
Android Tests (3)	UNKNOWN STEP	2026-02-25T19:48:53.2432797Z  6c18ff1f33d0 Downloading [==================================================>]     173B/173B
Android Tests (3)	UNKNOWN STEP	2026-02-25T19:48:53.2438996Z  6c18ff1f33d0 Verifying Checksum 
Android Tests (3)	UNKNOWN STEP	2026-02-25T19:48:53.2439510Z  6c18ff1f33d0 Download complete 
Android Tests (3)	UNKNOWN STEP	2026-02-25T19:48:53.2442950Z  13e46e455d3b Downloading [==================================================>]     116B/116B
Android Tests (3)	UNKNOWN STEP	2026-02-25T19:48:53.2447417Z  13e46e455d3b Verifying Checksum 
Android Tests (3)	UNKNOWN STEP	2026-02-25T19:48:53.2447897Z  13e46e455d3b Download complete 
Android Tests (3)	UNKNOWN STEP	2026-02-25T19:48:53.2512894Z  0c8d55a45c0d Extracting [==================================================>]  29.78MB/29.78MB
Android Tests (3)	UNKNOWN STEP	2026-02-25T19:48:53.2754446Z  b4403f29458a Downloading [>                                                  ]  534.5kB/105.2MB
Android Tests (3)	UNKNOWN STEP	2026-02-25T19:48:53.3759578Z  b4403f29458a Downloading [===============>                                   ]  31.99MB/105.2MB
Android Tests (3)	UNKNOWN STEP	2026-02-25T19:48:53.4766283Z  b4403f29458a Downloading [===========================>                       ]  57.08MB/105.2MB
Android Tests (3)	UNKNOWN STEP	2026-02-25T19:48:53.4955556Z  40aaa75af6ce Downloading [===>                                               ]     700B/9.62kB
Android Tests (3)	UNKNOWN STEP	2026-02-25T19:48:53.4956754Z  40aaa75af6ce Downloading [==================================================>]   9.62kB/9.62kB
Android Tests (3)	UNKNOWN STEP	2026-02-25T19:48:53.4959314Z  40aaa75af6ce Verifying Checksum 
Android Tests (3)	UNKNOWN STEP	2026-02-25T19:48:53.4959783Z  40aaa75af6ce Download complete 
Android Tests (3)	UNKNOWN STEP	2026-02-25T19:48:53.4981106Z  162bdab1e0a7 Downloading [==================================================>]     128B/128B
Android Tests (3)	UNKNOWN STEP	2026-02-25T19:48:53.4982801Z  162bdab1e0a7 Verifying Checksum 
Android Tests (3)	UNKNOWN STEP	2026-02-25T19:48:53.4983856Z  162bdab1e0a7 Download complete 
Android Tests (3)	UNKNOWN STEP	2026-02-25T19:48:53.6379917Z  0c8d55a45c0d Pull complete 
Android Tests (3)	UNKNOWN STEP	2026-02-25T19:48:53.6406377Z  b4403f29458a Downloading [==============================>                    ]  64.55MB/105.2MB
Android Tests (3)	UNKNOWN STEP	2026-02-25T19:48:53.6491154Z  03af238a5946 Extracting [=>                                                 ]  32.77kB/1.293MB
Android Tests (3)	UNKNOWN STEP	2026-02-25T19:48:53.7370295Z  ebff7b0ec73e Downloading [==================================================>]     170B/170B
Android Tests (3)	UNKNOWN STEP	2026-02-25T19:48:53.7376890Z  ebff7b0ec73e Verifying Checksum 
Android Tests (3)	UNKNOWN STEP	2026-02-25T19:48:53.7377368Z  ebff7b0ec73e Download complete 
Android Tests (3)	UNKNOWN STEP	2026-02-25T19:48:53.7414468Z  b4403f29458a Downloading [=================================>                 ]  70.96MB/105.2MB
Android Tests (3)	UNKNOWN STEP	2026-02-25T19:48:53.7547871Z  c02179436571 Downloading [=====>                                             ]     700B/5.84kB
Android Tests (3)	UNKNOWN STEP	2026-02-25T19:48:53.7549392Z  c02179436571 Downloading [==================================================>]   5.84kB/5.84kB
Android Tests (3)	UNKNOWN STEP	2026-02-25T19:48:53.7552728Z  c02179436571 Verifying Checksum 
Android Tests (3)	UNKNOWN STEP	2026-02-25T19:48:53.7553997Z  c02179436571 Download complete 
Android Tests (3)	UNKNOWN STEP	2026-02-25T19:48:53.7863911Z  03af238a5946 Extracting [=======>                                           ]  196.6kB/1.293MB
Android Tests (3)	UNKNOWN STEP	2026-02-25T19:48:53.8444289Z  b4403f29458a Downloading [===========================================>       ]  92.28MB/105.2MB
Android Tests (3)	UNKNOWN STEP	2026-02-25T19:48:53.9028618Z  03af238a5946 Extracting [===============================>                   ]  819.2kB/1.293MB
Android Tests (3)	UNKNOWN STEP	2026-02-25T19:48:53.9149898Z  b4403f29458a Verifying Checksum 
Android Tests (3)	UNKNOWN STEP	2026-02-25T19:48:53.9154752Z  b4403f29458a Download complete 
Android Tests (3)	UNKNOWN STEP	2026-02-25T19:48:53.9568394Z  03af238a5946 Extracting [==================================================>]  1.293MB/1.293MB
Android Tests (3)	UNKNOWN STEP	2026-02-25T19:48:53.9577001Z  03af238a5946 Extracting [==================================================>]  1.293MB/1.293MB
Android Tests (3)	UNKNOWN STEP	2026-02-25T19:48:53.9719492Z  8243369e9866 Downloading [==================================================>]     186B/186B
Android Tests (3)	UNKNOWN STEP	2026-02-25T19:48:53.9720368Z  8243369e9866 Verifying Checksum 
Android Tests (3)	UNKNOWN STEP	2026-02-25T19:48:53.9723055Z  8243369e9866 Download complete 
Android Tests (3)	UNKNOWN STEP	2026-02-25T19:48:54.0175303Z  bc1da058f299 Downloading [>                                                  ]  36.75kB/3.644MB
Android Tests (3)	UNKNOWN STEP	2026-02-25T19:48:54.0618531Z  bc1da058f299 Verifying Checksum 
Android Tests (3)	UNKNOWN STEP	2026-02-25T19:48:54.0619260Z  bc1da058f299 Download complete 
Android Tests (3)	UNKNOWN STEP	2026-02-25T19:48:54.0632861Z  bc1da058f299 Extracting [>                                                  ]  65.54kB/3.644MB
Android Tests (3)	UNKNOWN STEP	2026-02-25T19:48:54.1560467Z  09a5a0c32a23 Downloading [======================================>            ]     721B/948B
Android Tests (3)	UNKNOWN STEP	2026-02-25T19:48:54.1561340Z  09a5a0c32a23 Download complete 
Android Tests (3)	UNKNOWN STEP	2026-02-25T19:48:54.1668840Z  bc1da058f299 Extracting [==========>                                        ]  786.4kB/3.644MB
Android Tests (3)	UNKNOWN STEP	2026-02-25T19:48:54.2072905Z  bd53938b1271 Downloading [>                                                  ]  2.087kB/173.4kB
Android Tests (3)	UNKNOWN STEP	2026-02-25T19:48:54.2122809Z  bd53938b1271 Verifying Checksum 
Android Tests (3)	UNKNOWN STEP	2026-02-25T19:48:54.2123346Z  bd53938b1271 Download complete 
Android Tests (3)	UNKNOWN STEP	2026-02-25T19:48:54.2275262Z  bc1da058f299 Extracting [==================================================>]  3.644MB/3.644MB
Android Tests (3)	UNKNOWN STEP	2026-02-25T19:48:54.2280824Z  bc1da058f299 Extracting [==================================================>]  3.644MB/3.644MB
Android Tests (3)	UNKNOWN STEP	2026-02-25T19:48:54.3004397Z  bc1da058f299 Pull complete 
Android Tests (3)	UNKNOWN STEP	2026-02-25T19:48:54.3021515Z  09a5a0c32a23 Extracting [==================================================>]     948B/948B
Android Tests (3)	UNKNOWN STEP	2026-02-25T19:48:54.3025912Z  09a5a0c32a23 Extracting [==================================================>]     948B/948B
Android Tests (3)	UNKNOWN STEP	2026-02-25T19:48:54.3038601Z  9fe3744a2eac Downloading [>                                                  ]   10.3kB/1.003MB
Android Tests (3)	UNKNOWN STEP	2026-02-25T19:48:54.3124133Z  9fe3744a2eac Download complete 
Android Tests (3)	UNKNOWN STEP	2026-02-25T19:48:54.3512939Z  09a5a0c32a23 Pull complete 
Android Tests (3)	UNKNOWN STEP	2026-02-25T19:48:54.3914897Z  bd53938b1271 Extracting [=========>                                         ]  32.77kB/173.4kB
Android Tests (3)	UNKNOWN STEP	2026-02-25T19:48:54.3933311Z  bd53938b1271 Extracting [==================================================>]  173.4kB/173.4kB
Android Tests (3)	UNKNOWN STEP	2026-02-25T19:48:54.4017295Z  7ad54b3c4cef Downloading [>                                                  ]  126.4kB/12.41MB
Android Tests (3)	UNKNOWN STEP	2026-02-25T19:48:54.4256515Z  bd53938b1271 Extracting [==================================================>]  173.4kB/173.4kB
Android Tests (3)	UNKNOWN STEP	2026-02-25T19:48:54.4478890Z  7ad54b3c4cef Verifying Checksum 
Android Tests (3)	UNKNOWN STEP	2026-02-25T19:48:54.4479398Z  7ad54b3c4cef Download complete 
Android Tests (3)	UNKNOWN STEP	2026-02-25T19:48:54.4613537Z  2a97533d89ca Download complete 
Android Tests (3)	UNKNOWN STEP	2026-02-25T19:48:54.5716033Z  4f4fb700ef54 Downloading [==================================================>]      32B/32B
Android Tests (3)	UNKNOWN STEP	2026-02-25T19:48:54.5716984Z  4f4fb700ef54 Download complete 
Android Tests (3)	UNKNOWN STEP	2026-02-25T19:48:54.7026573Z  1c2c8d1ee428 Downloading [==================================================>]     576B/576B
Android Tests (3)	UNKNOWN STEP	2026-02-25T19:48:54.7034379Z  1c2c8d1ee428 Download complete 
Android Tests (3)	UNKNOWN STEP	2026-02-25T19:48:54.7100921Z  d25f557d7f31 Downloading [>                                                  ]  49.15kB/3.622MB
Android Tests (3)	UNKNOWN STEP	2026-02-25T19:48:54.7239823Z  d25f557d7f31 Verifying Checksum 
Android Tests (3)	UNKNOWN STEP	2026-02-25T19:48:54.7240615Z  d25f557d7f31 Download complete 
Android Tests (3)	UNKNOWN STEP	2026-02-25T19:48:54.7246448Z  d25f557d7f31 Extracting [>                                                  ]  65.54kB/3.622MB
Android Tests (3)	UNKNOWN STEP	2026-02-25T19:48:54.8096394Z  d25f557d7f31 Extracting [==================================================>]  3.622MB/3.622MB
Android Tests (3)	UNKNOWN STEP	2026-02-25T19:48:54.8914417Z  d25f557d7f31 Pull complete 
Android Tests (3)	UNKNOWN STEP	2026-02-25T19:48:54.8979607Z  9acd5b82521c Downloading [>                                                  ]  1.378kB/127.5kB
Android Tests (3)	UNKNOWN STEP	2026-02-25T19:48:54.8990260Z  9acd5b82521c Download complete 
Android Tests (3)	UNKNOWN STEP	2026-02-25T19:48:54.8993552Z  9acd5b82521c Extracting [============>                                      ]  32.77kB/127.5kB
Android Tests (3)	UNKNOWN STEP	2026-02-25T19:48:54.9007475Z  9acd5b82521c Extracting [==================================================>]  127.5kB/127.5kB
Android Tests (3)	UNKNOWN STEP	2026-02-25T19:48:54.9973749Z  10d78728ec4d Verifying Checksum 
Android Tests (3)	UNKNOWN STEP	2026-02-25T19:48:54.9974243Z  10d78728ec4d Download complete 
Android Tests (3)	UNKNOWN STEP	2026-02-25T19:48:55.0006711Z  e0d49f520b92 Downloading [==================================================>]     961B/961B
Android Tests (3)	UNKNOWN STEP	2026-02-25T19:48:55.0008123Z  e0d49f520b92 Verifying Checksum 
Android Tests (3)	UNKNOWN STEP	2026-02-25T19:48:55.0008581Z  e0d49f520b92 Download complete 
Android Tests (3)	UNKNOWN STEP	2026-02-25T19:48:55.2173609Z  5de905603ac5 Downloading [====>                                              ]  1.378kB/17.03kB
Android Tests (3)	UNKNOWN STEP	2026-02-25T19:48:55.2174771Z  5de905603ac5 Download complete 
Android Tests (3)	UNKNOWN STEP	2026-02-25T19:48:55.2693910Z  808bb02340fa Downloading [>                                                  ]  1.378kB/90.98kB
Android Tests (3)	UNKNOWN STEP	2026-02-25T19:48:55.2705960Z  808bb02340fa Download complete 
Android Tests (3)	UNKNOWN STEP	2026-02-25T19:48:55.3172562Z  c0970b69197c Downloading [>                                                  ]  163.8kB/14.88MB
Android Tests (3)	UNKNOWN STEP	2026-02-25T19:48:55.3883418Z  9acd5b82521c Pull complete 
Android Tests (3)	UNKNOWN STEP	2026-02-25T19:48:55.3884863Z  5ffb427686b6 Pull complete 
Android Tests (3)	UNKNOWN STEP	2026-02-25T19:48:55.3887099Z  bd53938b1271 Pull complete 
Android Tests (3)	UNKNOWN STEP	2026-02-25T19:48:55.3889971Z  03af238a5946 Pull complete 
Android Tests (3)	UNKNOWN STEP	2026-02-25T19:48:55.3898418Z  10d78728ec4d Extracting [==================================================>]     122B/122B
Android Tests (3)	UNKNOWN STEP	2026-02-25T19:48:55.3904535Z  10d78728ec4d Extracting [==================================================>]     122B/122B
Android Tests (3)	UNKNOWN STEP	2026-02-25T19:48:55.3926420Z  686599c79c87 Extracting [>                                                  ]  131.1kB/11.8MB
Android Tests (3)	UNKNOWN STEP	2026-02-25T19:48:55.3939142Z  630177b00352 Extracting [=>                                                 ]  32.77kB/922.9kB
Android Tests (3)	UNKNOWN STEP	2026-02-25T19:48:55.3986527Z  9fe3744a2eac Extracting [=>                                                 ]  32.77kB/1.003MB
Android Tests (3)	UNKNOWN STEP	2026-02-25T19:48:55.4102545Z  10d78728ec4d Pull complete 
Android Tests (3)	UNKNOWN STEP	2026-02-25T19:48:55.4116823Z  e0d49f520b92 Extracting [==================================================>]     961B/961B
Android Tests (3)	UNKNOWN STEP	2026-02-25T19:48:55.4120441Z  e0d49f520b92 Extracting [==================================================>]     961B/961B
Android Tests (3)	UNKNOWN STEP	2026-02-25T19:48:55.4201832Z  c0970b69197c Downloading [================>                                  ]  4.967MB/14.88MB
Android Tests (3)	UNKNOWN STEP	2026-02-25T19:48:55.4299083Z  e0d49f520b92 Pull complete 
Android Tests (3)	UNKNOWN STEP	2026-02-25T19:48:55.4328311Z  5de905603ac5 Extracting [==================================================>]  17.03kB/17.03kB
Android Tests (3)	UNKNOWN STEP	2026-02-25T19:48:55.4329223Z  5de905603ac5 Extracting [==================================================>]  17.03kB/17.03kB
Android Tests (3)	UNKNOWN STEP	2026-02-25T19:48:55.4399461Z  9fe3744a2eac Extracting [==================================================>]  1.003MB/1.003MB
Android Tests (3)	UNKNOWN STEP	2026-02-25T19:48:55.4462133Z  630177b00352 Extracting [==================================================>]  922.9kB/922.9kB
Android Tests (3)	UNKNOWN STEP	2026-02-25T19:48:55.4573328Z  9fe3744a2eac Pull complete 
Android Tests (3)	UNKNOWN STEP	2026-02-25T19:48:55.4615968Z  7ad54b3c4cef Extracting [>                                                  ]  131.1kB/12.41MB
Android Tests (3)	UNKNOWN STEP	2026-02-25T19:48:55.4632061Z  630177b00352 Pull complete 
Android Tests (3)	UNKNOWN STEP	2026-02-25T19:48:55.4657682Z  5de905603ac5 Pull complete 
Android Tests (3)	UNKNOWN STEP	2026-02-25T19:48:55.4672690Z  6c18ff1f33d0 Extracting [==================================================>]     173B/173B
Android Tests (3)	UNKNOWN STEP	2026-02-25T19:48:55.4673966Z  6c18ff1f33d0 Extracting [==================================================>]     173B/173B
Android Tests (3)	UNKNOWN STEP	2026-02-25T19:48:55.4740786Z  808bb02340fa Extracting [==================>                                ]  32.77kB/90.98kB
Android Tests (3)	UNKNOWN STEP	2026-02-25T19:48:55.4811124Z  6c18ff1f33d0 Pull complete 
Android Tests (3)	UNKNOWN STEP	2026-02-25T19:48:55.4816818Z  808bb02340fa Extracting [==================================================>]  90.98kB/90.98kB
Android Tests (3)	UNKNOWN STEP	2026-02-25T19:48:55.4838159Z  13e46e455d3b Extracting [==================================================>]     116B/116B
Android Tests (3)	UNKNOWN STEP	2026-02-25T19:48:55.4839415Z  13e46e455d3b Extracting [==================================================>]     116B/116B
Android Tests (3)	UNKNOWN STEP	2026-02-25T19:48:55.4986054Z  13e46e455d3b Pull complete 
Android Tests (3)	UNKNOWN STEP	2026-02-25T19:48:55.4991319Z  808bb02340fa Pull complete 
Android Tests (3)	UNKNOWN STEP	2026-02-25T19:48:55.5103617Z  b4403f29458a Extracting [>                                                  ]  557.1kB/105.2MB
Android Tests (3)	UNKNOWN STEP	2026-02-25T19:48:55.5148538Z  686599c79c87 Extracting [===>                                               ]  786.4kB/11.8MB
Android Tests (3)	UNKNOWN STEP	2026-02-25T19:48:55.5226398Z  c0970b69197c Downloading [==============================================>    ]  13.77MB/14.88MB
Android Tests (3)	UNKNOWN STEP	2026-02-25T19:48:55.5325628Z  c0970b69197c Verifying Checksum 
Android Tests (3)	UNKNOWN STEP	2026-02-25T19:48:55.5327717Z  c0970b69197c Download complete 
Android Tests (3)	UNKNOWN STEP	2026-02-25T19:48:55.5356666Z  c0970b69197c Extracting [>                                                  ]  163.8kB/14.88MB
Android Tests (3)	UNKNOWN STEP	2026-02-25T19:48:55.5509610Z  9de5f206730a Downloading [>                                                  ]  8.268kB/766.3kB
Android Tests (3)	UNKNOWN STEP	2026-02-25T19:48:55.5604738Z  9de5f206730a Downloading [==================================================>]  766.3kB/766.3kB
Android Tests (3)	UNKNOWN STEP	2026-02-25T19:48:55.5605631Z  9de5f206730a Verifying Checksum 
Android Tests (3)	UNKNOWN STEP	2026-02-25T19:48:55.5606086Z  9de5f206730a Download complete 
Android Tests (3)	UNKNOWN STEP	2026-02-25T19:48:55.5623945Z  7ad54b3c4cef Extracting [========>                                          ]  2.097MB/12.41MB
Android Tests (3)	UNKNOWN STEP	2026-02-25T19:48:55.5960290Z  24e28b7dc0a2 Downloading [>                                                  ]  1.378kB/83.13kB
Android Tests (3)	UNKNOWN STEP	2026-02-25T19:48:55.5969337Z  24e28b7dc0a2 Downloading [==================================================>]  83.13kB/83.13kB
Android Tests (3)	UNKNOWN STEP	2026-02-25T19:48:55.5973652Z  24e28b7dc0a2 Verifying Checksum 
Android Tests (3)	UNKNOWN STEP	2026-02-25T19:48:55.5974649Z  24e28b7dc0a2 Download complete 
Android Tests (3)	UNKNOWN STEP	2026-02-25T19:48:55.6164940Z  686599c79c87 Extracting [=======>                                           ]  1.835MB/11.8MB
Android Tests (3)	UNKNOWN STEP	2026-02-25T19:48:55.6250310Z  b4403f29458a Extracting [>                                                  ]  1.114MB/105.2MB
Android Tests (3)	UNKNOWN STEP	2026-02-25T19:48:55.6370782Z  c0970b69197c Extracting [===============>                                   ]  4.588MB/14.88MB
Android Tests (3)	UNKNOWN STEP	2026-02-25T19:48:55.6641438Z  7ad54b3c4cef Extracting [========================>                          ]   6.16MB/12.41MB
Android Tests (3)	UNKNOWN STEP	2026-02-25T19:48:55.7306256Z  b4403f29458a Extracting [==>                                                ]  5.014MB/105.2MB
Android Tests (3)	UNKNOWN STEP	2026-02-25T19:48:55.7350714Z  686599c79c87 Extracting [==============>                                    ]  3.408MB/11.8MB
Android Tests (3)	UNKNOWN STEP	2026-02-25T19:48:55.7437377Z  c0970b69197c Extracting [=============================>                     ]  8.684MB/14.88MB
Android Tests (3)	UNKNOWN STEP	2026-02-25T19:48:55.7663102Z  7ad54b3c4cef Extracting [============================================>      ]  11.01MB/12.41MB
Android Tests (3)	UNKNOWN STEP	2026-02-25T19:48:55.8068439Z  7ad54b3c4cef Extracting [==================================================>]  12.41MB/12.41MB
Android Tests (3)	UNKNOWN STEP	2026-02-25T19:48:55.8370324Z  b4403f29458a Extracting [====>                                              ]  10.03MB/105.2MB
Android Tests (3)	UNKNOWN STEP	2026-02-25T19:48:55.8408896Z  830180cf89a8 Downloading [>                                                  ]  150.5kB/14.63MB
Android Tests (3)	UNKNOWN STEP	2026-02-25T19:48:55.8457311Z  c0970b69197c Extracting [=============================================>     ]  13.43MB/14.88MB
Android Tests (3)	UNKNOWN STEP	2026-02-25T19:48:55.8589528Z  686599c79c87 Extracting [================>                                  ]  3.932MB/11.8MB
Android Tests (3)	UNKNOWN STEP	2026-02-25T19:48:55.8718576Z  7ad54b3c4cef Pull complete 
Android Tests (3)	UNKNOWN STEP	2026-02-25T19:48:55.8732723Z  2a97533d89ca Extracting [==================================================>]     100B/100B
Android Tests (3)	UNKNOWN STEP	2026-02-25T19:48:55.8739020Z  2a97533d89ca Extracting [==================================================>]     100B/100B
Android Tests (3)	UNKNOWN STEP	2026-02-25T19:48:55.8906257Z  c0970b69197c Extracting [==================================================>]  14.88MB/14.88MB
Android Tests (3)	UNKNOWN STEP	2026-02-25T19:48:55.8911488Z  2a97533d89ca Pull complete 
Android Tests (3)	UNKNOWN STEP	2026-02-25T19:48:55.8923224Z  4f4fb700ef54 Extracting [==================================================>]      32B/32B
Android Tests (3)	UNKNOWN STEP	2026-02-25T19:48:55.8945787Z  4f4fb700ef54 Extracting [==================================================>]      32B/32B
Android Tests (3)	UNKNOWN STEP	2026-02-25T19:48:55.9070399Z  4f4fb700ef54 Pull complete 
Android Tests (3)	UNKNOWN STEP	2026-02-25T19:48:55.9093032Z  c0970b69197c Pull complete 
Android Tests (3)	UNKNOWN STEP	2026-02-25T19:48:55.9108091Z  1c2c8d1ee428 Extracting [==================================================>]     576B/576B
Android Tests (3)	UNKNOWN STEP	2026-02-25T19:48:55.9108988Z  1c2c8d1ee428 Extracting [==================================================>]     576B/576B
Android Tests (3)	UNKNOWN STEP	2026-02-25T19:48:55.9150688Z  9de5f206730a Extracting [==>                                                ]  32.77kB/766.3kB
Android Tests (3)	UNKNOWN STEP	2026-02-25T19:48:55.9283091Z  1c2c8d1ee428 Pull complete 
Android Tests (3)	UNKNOWN STEP	2026-02-25T19:48:55.9381496Z  9de5f206730a Extracting [==================================================>]  766.3kB/766.3kB
Android Tests (3)	UNKNOWN STEP	2026-02-25T19:48:55.9387663Z  redis Pulled 
Android Tests (3)	UNKNOWN STEP	2026-02-25T19:48:55.9443395Z  b4403f29458a Extracting [=======>                                           ]  15.04MB/105.2MB
Android Tests (3)	UNKNOWN STEP	2026-02-25T19:48:55.9507081Z  9de5f206730a Pull complete 
Android Tests (3)	UNKNOWN STEP	2026-02-25T19:48:55.9520550Z  24e28b7dc0a2 Extracting [===================>                               ]  32.77kB/83.13kB
Android Tests (3)	UNKNOWN STEP	2026-02-25T19:48:55.9527444Z  24e28b7dc0a2 Extracting [==================================================>]  83.13kB/83.13kB
Android Tests (3)	UNKNOWN STEP	2026-02-25T19:48:55.9539389Z  24e28b7dc0a2 Extracting [==================================================>]  83.13kB/83.13kB
Android Tests (3)	UNKNOWN STEP	2026-02-25T19:48:55.9600473Z  830180cf89a8 Downloading [==============================>                    ]  8.779MB/14.63MB
Android Tests (3)	UNKNOWN STEP	2026-02-25T19:48:55.9649396Z  686599c79c87 Extracting [==========================>                        ]   6.16MB/11.8MB
Android Tests (3)	UNKNOWN STEP	2026-02-25T19:48:55.9873006Z  24e28b7dc0a2 Pull complete 
Android Tests (3)	UNKNOWN STEP	2026-02-25T19:48:56.0279150Z  830180cf89a8 Verifying Checksum 
Android Tests (3)	UNKNOWN STEP	2026-02-25T19:48:56.0279708Z  830180cf89a8 Download complete 
Android Tests (3)	UNKNOWN STEP	2026-02-25T19:48:56.0317057Z  830180cf89a8 Extracting [>                                                  ]  163.8kB/14.63MB
Android Tests (3)	UNKNOWN STEP	2026-02-25T19:48:56.0477060Z  b4403f29458a Extracting [==========>                                        ]  22.28MB/105.2MB
Android Tests (3)	UNKNOWN STEP	2026-02-25T19:48:56.0676210Z  686599c79c87 Extracting [====================================>              ]   8.52MB/11.8MB
Android Tests (3)	UNKNOWN STEP	2026-02-25T19:48:56.1345450Z  830180cf89a8 Extracting [=================>                                 ]  5.243MB/14.63MB
Android Tests (3)	UNKNOWN STEP	2026-02-25T19:48:56.1566420Z  b4403f29458a Extracting [==============>                                    ]  29.52MB/105.2MB
Android Tests (3)	UNKNOWN STEP	2026-02-25T19:48:56.1786425Z  686599c79c87 Extracting [=======================================>           ]  9.306MB/11.8MB
Android Tests (3)	UNKNOWN STEP	2026-02-25T19:48:56.2515013Z  830180cf89a8 Extracting [=================================>                 ]  9.667MB/14.63MB
Android Tests (3)	UNKNOWN STEP	2026-02-25T19:48:56.2618161Z  b4403f29458a Extracting [=================>                                 ]  36.21MB/105.2MB
Android Tests (3)	UNKNOWN STEP	2026-02-25T19:48:56.2848694Z  686599c79c87 Extracting [===========================================>       ]  10.35MB/11.8MB
Android Tests (3)	UNKNOWN STEP	2026-02-25T19:48:56.3526968Z  830180cf89a8 Extracting [=================================================> ]  14.42MB/14.63MB
Android Tests (3)	UNKNOWN STEP	2026-02-25T19:48:56.3566889Z  830180cf89a8 Extracting [==================================================>]  14.63MB/14.63MB
Android Tests (3)	UNKNOWN STEP	2026-02-25T19:48:56.3670000Z  b4403f29458a Extracting [====================>                              ]  42.89MB/105.2MB
Android Tests (3)	UNKNOWN STEP	2026-02-25T19:48:56.3996193Z  686599c79c87 Extracting [==============================================>    ]  11.01MB/11.8MB
Android Tests (3)	UNKNOWN STEP	2026-02-25T19:48:56.4364171Z  830180cf89a8 Pull complete 
Android Tests (3)	UNKNOWN STEP	2026-02-25T19:48:56.4444834Z  dex Pulled 
Android Tests (3)	UNKNOWN STEP	2026-02-25T19:48:56.4707989Z  b4403f29458a Extracting [=======================>                           ]  49.02MB/105.2MB
Android Tests (3)	UNKNOWN STEP	2026-02-25T19:48:56.4862474Z  686599c79c87 Extracting [==================================================>]   11.8MB/11.8MB
Android Tests (3)	UNKNOWN STEP	2026-02-25T19:48:56.5350784Z  686599c79c87 Pull complete 
Android Tests (3)	UNKNOWN STEP	2026-02-25T19:48:56.5365282Z  f1cadbd7abd2 Extracting [==================================================>]     252B/252B
Android Tests (3)	UNKNOWN STEP	2026-02-25T19:48:56.5371059Z  f1cadbd7abd2 Extracting [==================================================>]     252B/252B
Android Tests (3)	UNKNOWN STEP	2026-02-25T19:48:56.5519403Z  f1cadbd7abd2 Pull complete 
Android Tests (3)	UNKNOWN STEP	2026-02-25T19:48:56.5581826Z  3ee96ea8e5d2 Extracting [==================================================>]     250B/250B
Android Tests (3)	UNKNOWN STEP	2026-02-25T19:48:56.5588111Z  3ee96ea8e5d2 Extracting [==================================================>]     250B/250B
Android Tests (3)	UNKNOWN STEP	2026-02-25T19:48:56.5706528Z  3ee96ea8e5d2 Pull complete 
Android Tests (3)	UNKNOWN STEP	2026-02-25T19:48:56.5744042Z  a954d256f742 Extracting [>                                                  ]  229.4kB/21.98MB
Android Tests (3)	UNKNOWN STEP	2026-02-25T19:48:56.5751043Z  b4403f29458a Extracting [=========================>                         ]  52.92MB/105.2MB
Android Tests (3)	UNKNOWN STEP	2026-02-25T19:48:56.6819825Z  b4403f29458a Extracting [============================>                      ]  59.05MB/105.2MB
Android Tests (3)	UNKNOWN STEP	2026-02-25T19:48:56.6903908Z  a954d256f742 Extracting [=====>                                             ]  2.294MB/21.98MB
Android Tests (3)	UNKNOWN STEP	2026-02-25T19:48:56.7894864Z  b4403f29458a Extracting [===============================>                   ]  65.73MB/105.2MB
Android Tests (3)	UNKNOWN STEP	2026-02-25T19:48:56.7935098Z  a954d256f742 Extracting [=============>                                     ]  5.964MB/21.98MB
Android Tests (3)	UNKNOWN STEP	2026-02-25T19:48:56.8965201Z  a954d256f742 Extracting [=============================>                     ]  12.85MB/21.98MB
Android Tests (3)	UNKNOWN STEP	2026-02-25T19:48:56.8989007Z  b4403f29458a Extracting [==================================>                ]  73.53MB/105.2MB
Android Tests (3)	UNKNOWN STEP	2026-02-25T19:48:56.9987494Z  a954d256f742 Extracting [===========================================>       ]  19.27MB/21.98MB
Android Tests (3)	UNKNOWN STEP	2026-02-25T19:48:57.0349037Z  b4403f29458a Extracting [===================================>               ]   75.2MB/105.2MB
Android Tests (3)	UNKNOWN STEP	2026-02-25T19:48:57.0981243Z  a954d256f742 Extracting [==================================================>]  21.98MB/21.98MB
Android Tests (3)	UNKNOWN STEP	2026-02-25T19:48:57.2096448Z  b4403f29458a Extracting [====================================>              ]  76.32MB/105.2MB
Android Tests (3)	UNKNOWN STEP	2026-02-25T19:48:57.2151092Z  a954d256f742 Pull complete 
Android Tests (3)	UNKNOWN STEP	2026-02-25T19:48:57.2164426Z  c7ce85987d6d Extracting [==================================================>]  13.29kB/13.29kB
Android Tests (3)	UNKNOWN STEP	2026-02-25T19:48:57.2170540Z  c7ce85987d6d Extracting [==================================================>]  13.29kB/13.29kB
Android Tests (3)	UNKNOWN STEP	2026-02-25T19:48:57.2480990Z  c7ce85987d6d Pull complete 
Android Tests (3)	UNKNOWN STEP	2026-02-25T19:48:57.2708394Z  7807da78b90b Extracting [>                                                  ]  458.8kB/45.54MB
Android Tests (3)	UNKNOWN STEP	2026-02-25T19:48:57.3142257Z  b4403f29458a Extracting [=====================================>             ]  78.54MB/105.2MB
Android Tests (3)	UNKNOWN STEP	2026-02-25T19:48:57.4321248Z  b4403f29458a Extracting [======================================>            ]  81.89MB/105.2MB
Android Tests (3)	UNKNOWN STEP	2026-02-25T19:48:57.4406584Z  7807da78b90b Extracting [===>                                               ]  2.753MB/45.54MB
Android Tests (3)	UNKNOWN STEP	2026-02-25T19:48:57.5419689Z  b4403f29458a Extracting [========================================>          ]  85.79MB/105.2MB
Android Tests (3)	UNKNOWN STEP	2026-02-25T19:48:57.5448689Z  7807da78b90b Extracting [======>                                            ]  5.964MB/45.54MB
Android Tests (3)	UNKNOWN STEP	2026-02-25T19:48:57.6435766Z  b4403f29458a Extracting [==========================================>        ]  90.24MB/105.2MB
Android Tests (3)	UNKNOWN STEP	2026-02-25T19:48:57.6625181Z  7807da78b90b Extracting [=========>                                         ]  8.716MB/45.54MB
Android Tests (3)	UNKNOWN STEP	2026-02-25T19:48:57.7704627Z  7807da78b90b Extracting [==========>                                        ]  9.634MB/45.54MB
Android Tests (3)	UNKNOWN STEP	2026-02-25T19:48:57.7720996Z  b4403f29458a Extracting [===========================================>       ]  92.47MB/105.2MB
Android Tests (3)	UNKNOWN STEP	2026-02-25T19:48:57.8735460Z  b4403f29458a Extracting [================================================>  ]  101.4MB/105.2MB
Android Tests (3)	UNKNOWN STEP	2026-02-25T19:48:57.8737902Z  7807da78b90b Extracting [===============>                                   ]  14.22MB/45.54MB
Android Tests (3)	UNKNOWN STEP	2026-02-25T19:48:57.9478214Z  b4403f29458a Extracting [==================================================>]  105.2MB/105.2MB
Android Tests (3)	UNKNOWN STEP	2026-02-25T19:48:57.9743060Z  7807da78b90b Extracting [===================>                               ]  17.43MB/45.54MB
Android Tests (3)	UNKNOWN STEP	2026-02-25T19:48:58.1364795Z  7807da78b90b Extracting [=====================>                             ]  19.27MB/45.54MB
Android Tests (3)	UNKNOWN STEP	2026-02-25T19:48:58.2084633Z  b4403f29458a Pull complete 
Android Tests (3)	UNKNOWN STEP	2026-02-25T19:48:58.2097277Z  40aaa75af6ce Extracting [==================================================>]   9.62kB/9.62kB
Android Tests (3)	UNKNOWN STEP	2026-02-25T19:48:58.2104021Z  40aaa75af6ce Extracting [==================================================>]   9.62kB/9.62kB
Android Tests (3)	UNKNOWN STEP	2026-02-25T19:48:58.2309402Z  40aaa75af6ce Pull complete 
Android Tests (3)	UNKNOWN STEP	2026-02-25T19:48:58.2322530Z  162bdab1e0a7 Extracting [==================================================>]     128B/128B
Android Tests (3)	UNKNOWN STEP	2026-02-25T19:48:58.2328784Z  162bdab1e0a7 Extracting [==================================================>]     128B/128B
Android Tests (3)	UNKNOWN STEP	2026-02-25T19:48:58.2416661Z  162bdab1e0a7 Pull complete 
Android Tests (3)	UNKNOWN STEP	2026-02-25T19:48:58.2429709Z  ebff7b0ec73e Extracting [==================================================>]     170B/170B
Android Tests (3)	UNKNOWN STEP	2026-02-25T19:48:58.2436513Z  ebff7b0ec73e Extracting [==================================================>]     170B/170B
Android Tests (3)	UNKNOWN STEP	2026-02-25T19:48:58.2529195Z  ebff7b0ec73e Pull complete 
Android Tests (3)	UNKNOWN STEP	2026-02-25T19:48:58.2544899Z  c02179436571 Extracting [==================================================>]   5.84kB/5.84kB
Android Tests (3)	UNKNOWN STEP	2026-02-25T19:48:58.2551395Z  c02179436571 Extracting [==================================================>]   5.84kB/5.84kB
Android Tests (3)	UNKNOWN STEP	2026-02-25T19:48:58.2653980Z  c02179436571 Pull complete 
Android Tests (3)	UNKNOWN STEP	2026-02-25T19:48:58.2666065Z  8243369e9866 Extracting [==================================================>]     186B/186B
Android Tests (3)	UNKNOWN STEP	2026-02-25T19:48:58.2670142Z  8243369e9866 Extracting [==================================================>]     186B/186B
Android Tests (3)	UNKNOWN STEP	2026-02-25T19:48:58.2774472Z  8243369e9866 Pull complete 
Android Tests (3)	UNKNOWN STEP	2026-02-25T19:48:58.2840144Z  postgres Pulled 
Android Tests (3)	UNKNOWN STEP	2026-02-25T19:48:58.3143356Z  7807da78b90b Extracting [=======================>                           ]  21.56MB/45.54MB
Android Tests (3)	UNKNOWN STEP	2026-02-25T19:48:58.4612534Z  7807da78b90b Extracting [==============================>                    ]  27.53MB/45.54MB
Android Tests (3)	UNKNOWN STEP	2026-02-25T19:48:58.7131093Z  7807da78b90b Extracting [=================================>                 ]  30.74MB/45.54MB
Android Tests (3)	UNKNOWN STEP	2026-02-25T19:48:58.8718582Z  7807da78b90b Extracting [===================================>               ]  32.11MB/45.54MB
Android Tests (3)	UNKNOWN STEP	2026-02-25T19:48:58.9924596Z  7807da78b90b Extracting [====================================>              ]  33.03MB/45.54MB
Android Tests (3)	UNKNOWN STEP	2026-02-25T19:48:59.1289364Z  7807da78b90b Extracting [=====================================>             ]  34.41MB/45.54MB
Android Tests (3)	UNKNOWN STEP	2026-02-25T19:48:59.2678388Z  7807da78b90b Extracting [======================================>            ]  34.87MB/45.54MB
Android Tests (3)	UNKNOWN STEP	2026-02-25T19:48:59.3769975Z  7807da78b90b Extracting [============================================>      ]  40.83MB/45.54MB
Android Tests (3)	UNKNOWN STEP	2026-02-25T19:48:59.5159326Z  7807da78b90b Extracting [==============================================>    ]  42.21MB/45.54MB
Android Tests (3)	UNKNOWN STEP	2026-02-25T19:48:59.6488490Z  7807da78b90b Extracting [===============================================>   ]  43.58MB/45.54MB
Android Tests (3)	UNKNOWN STEP	2026-02-25T19:48:59.7502582Z  7807da78b90b Extracting [=================================================> ]  44.96MB/45.54MB
Android Tests (3)	UNKNOWN STEP	2026-02-25T19:48:59.7652968Z  7807da78b90b Extracting [==================================================>]  45.54MB/45.54MB
Android Tests (3)	UNKNOWN STEP	2026-02-25T19:48:59.9054514Z  7807da78b90b Pull complete 
Android Tests (3)	UNKNOWN STEP	2026-02-25T19:48:59.9064902Z  0478cd5c1079 Extracting [==================================================>]  3.507kB/3.507kB
Android Tests (3)	UNKNOWN STEP	2026-02-25T19:48:59.9070511Z  0478cd5c1079 Extracting [==================================================>]  3.507kB/3.507kB
Android Tests (3)	UNKNOWN STEP	2026-02-25T19:48:59.9144605Z  0478cd5c1079 Pull complete 
Android Tests (3)	UNKNOWN STEP	2026-02-25T19:48:59.9157228Z  3a02ac06be95 Extracting [==================================================>]  3.462kB/3.462kB
Android Tests (3)	UNKNOWN STEP	2026-02-25T19:48:59.9160748Z  3a02ac06be95 Extracting [==================================================>]  3.462kB/3.462kB
Android Tests (3)	UNKNOWN STEP	2026-02-25T19:48:59.9245460Z  3a02ac06be95 Pull complete 
Android Tests (3)	UNKNOWN STEP	2026-02-25T19:48:59.9300632Z  matrix-synapse Pulled 
Android Tests (3)	UNKNOWN STEP	2026-02-25T19:48:59.9321789Z  Network substitution_substitution_network  Creating
Android Tests (3)	UNKNOWN STEP	2026-02-25T19:48:59.9696426Z  Network substitution_substitution_network  Created
Android Tests (3)	UNKNOWN STEP	2026-02-25T19:48:59.9703212Z  Container substitution-redis-1  Creating
Android Tests (3)	UNKNOWN STEP	2026-02-25T19:48:59.9703822Z  Container substitution-postgres-1  Creating
Android Tests (3)	UNKNOWN STEP	2026-02-25T19:48:59.9704535Z  Container substitution-dex-1  Creating
Android Tests (3)	UNKNOWN STEP	2026-02-25T19:48:59.9995846Z  Container substitution-dex-1  Created
Android Tests (3)	UNKNOWN STEP	2026-02-25T19:48:59.9996759Z  Container substitution-redis-1  Created
Android Tests (3)	UNKNOWN STEP	2026-02-25T19:49:00.0028580Z  Container substitution-postgres-1  Created
Android Tests (3)	UNKNOWN STEP	2026-02-25T19:49:00.0029461Z  Container substitution-matrix-synapse-1  Creating
Android Tests (3)	UNKNOWN STEP	2026-02-25T19:49:00.0142645Z  Container substitution-matrix-synapse-1  Created
Android Tests (3)	UNKNOWN STEP	2026-02-25T19:49:00.0155347Z  Container substitution-postgres-1  Starting
Android Tests (3)	UNKNOWN STEP	2026-02-25T19:49:00.0156078Z  Container substitution-redis-1  Starting
Android Tests (3)	UNKNOWN STEP	2026-02-25T19:49:00.0156599Z  Container substitution-dex-1  Starting
Android Tests (3)	UNKNOWN STEP	2026-02-25T19:49:00.2914930Z  Container substitution-redis-1  Started
Android Tests (3)	UNKNOWN STEP	2026-02-25T19:49:00.3062050Z  Container substitution-postgres-1  Started
Android Tests (3)	UNKNOWN STEP	2026-02-25T19:49:00.3187838Z  Container substitution-dex-1  Started
Android Tests (3)	UNKNOWN STEP	2026-02-25T19:49:00.3189027Z  Container substitution-postgres-1  Waiting
Android Tests (3)	UNKNOWN STEP	2026-02-25T19:49:00.3189617Z  Container substitution-dex-1  Waiting
Android Tests (3)	UNKNOWN STEP	2026-02-25T19:49:05.8207278Z  Container substitution-dex-1  Healthy
Android Tests (3)	UNKNOWN STEP	2026-02-25T19:49:10.8202535Z  Container substitution-postgres-1  Healthy
Android Tests (3)	UNKNOWN STEP	2026-02-25T19:49:10.8203204Z  Container substitution-matrix-synapse-1  Starting
Android Tests (3)	UNKNOWN STEP	2026-02-25T19:49:10.9702691Z  Container substitution-matrix-synapse-1  Started
Android Tests (3)	UNKNOWN STEP	2026-02-25T19:49:21.0459157Z time="2026-02-25T19:49:21Z" level=warning msg="/home/runner/work/substitution/substitution/docker-compose.yml: the attribute `version` is obsolete, it will be ignored, please remove it to avoid potential confusion"
Android Tests (3)	UNKNOWN STEP	2026-02-25T19:49:21.0551948Z  Container substitution-dex-1  Running
Android Tests (3)	UNKNOWN STEP	2026-02-25T19:49:21.0552431Z  Container substitution-postgres-1  Running
Android Tests (3)	UNKNOWN STEP	2026-02-25T19:49:21.0553017Z  Container substitution-matrix-synapse-1  Running
Android Tests (3)	UNKNOWN STEP	2026-02-25T19:49:21.0564935Z  Container substitution-dex-1  Waiting
Android Tests (3)	UNKNOWN STEP	2026-02-25T19:49:21.0565448Z  Container substitution-postgres-1  Waiting
Android Tests (3)	UNKNOWN STEP	2026-02-25T19:49:21.5579510Z  Container substitution-dex-1  Healthy
Android Tests (3)	UNKNOWN STEP	2026-02-25T19:49:21.5580088Z  Container substitution-postgres-1  Healthy
Android Tests (3)	UNKNOWN STEP	2026-02-25T19:49:21.5594465Z  matrix-init Pulling 
Android Tests (3)	UNKNOWN STEP	2026-02-25T19:49:23.1450964Z  589002ba0eae Already exists 
Android Tests (3)	UNKNOWN STEP	2026-02-25T19:49:23.1465644Z  aca07fe076f1 Pulling fs layer 
Android Tests (3)	UNKNOWN STEP	2026-02-25T19:49:23.1466457Z  6dafe251d313 Pulling fs layer 
Android Tests (3)	UNKNOWN STEP	2026-02-25T19:49:23.1466884Z  fa340e77c336 Pulling fs layer 
Android Tests (3)	UNKNOWN STEP	2026-02-25T19:49:23.4060383Z  aca07fe076f1 Downloading [>                                                  ]  5.264kB/460.9kB
Android Tests (3)	UNKNOWN STEP	2026-02-25T19:49:23.4123072Z  aca07fe076f1 Downloading [==================================================>]  460.9kB/460.9kB
Android Tests (3)	UNKNOWN STEP	2026-02-25T19:49:23.4124185Z  aca07fe076f1 Download complete 
Android Tests (3)	UNKNOWN STEP	2026-02-25T19:49:23.4125292Z  aca07fe076f1 Extracting [===>                                               ]  32.77kB/460.9kB
Android Tests (3)	UNKNOWN STEP	2026-02-25T19:49:23.4150668Z  6dafe251d313 Downloading [>                                                  ]  163.7kB/16.02MB
Android Tests (3)	UNKNOWN STEP	2026-02-25T19:49:23.4693647Z  6dafe251d313 Verifying Checksum 
Android Tests (3)	UNKNOWN STEP	2026-02-25T19:49:23.4694402Z  6dafe251d313 Download complete 
Android Tests (3)	UNKNOWN STEP	2026-02-25T19:49:23.5399487Z  aca07fe076f1 Extracting [==================================================>]  460.9kB/460.9kB
Android Tests (3)	UNKNOWN STEP	2026-02-25T19:49:23.6708820Z  fa340e77c336 Downloading [==================================================>]     247B/247B
Android Tests (3)	UNKNOWN STEP	2026-02-25T19:49:23.6709629Z  fa340e77c336 Verifying Checksum 
Android Tests (3)	UNKNOWN STEP	2026-02-25T19:49:23.6710096Z  fa340e77c336 Download complete 
Android Tests (3)	UNKNOWN STEP	2026-02-25T19:49:23.6897635Z  aca07fe076f1 Pull complete 
Android Tests (3)	UNKNOWN STEP	2026-02-25T19:49:23.6920348Z  6dafe251d313 Extracting [>                                                  ]  163.8kB/16.02MB
Android Tests (3)	UNKNOWN STEP	2026-02-25T19:49:23.7999514Z  6dafe251d313 Extracting [=========>                                         ]  2.949MB/16.02MB
Android Tests (3)	UNKNOWN STEP	2026-02-25T19:49:23.9004299Z  6dafe251d313 Extracting [=================>                                 ]  5.734MB/16.02MB
Android Tests (3)	UNKNOWN STEP	2026-02-25T19:49:24.0035877Z  6dafe251d313 Extracting [=================================>                 ]  10.81MB/16.02MB
Android Tests (3)	UNKNOWN STEP	2026-02-25T19:49:24.1218217Z  6dafe251d313 Extracting [========================================>          ]  12.94MB/16.02MB
Android Tests (3)	UNKNOWN STEP	2026-02-25T19:49:24.2379130Z  6dafe251d313 Extracting [=============================================>     ]  14.58MB/16.02MB
Android Tests (3)	UNKNOWN STEP	2026-02-25T19:49:24.3458344Z  6dafe251d313 Extracting [================================================>  ]   15.4MB/16.02MB
Android Tests (3)	UNKNOWN STEP	2026-02-25T19:49:24.3966044Z  6dafe251d313 Extracting [==================================================>]  16.02MB/16.02MB
Android Tests (3)	UNKNOWN STEP	2026-02-25T19:49:24.4765204Z  6dafe251d313 Pull complete 
Android Tests (3)	UNKNOWN STEP	2026-02-25T19:49:24.4776664Z  fa340e77c336 Extracting [==================================================>]     247B/247B
Android Tests (3)	UNKNOWN STEP	2026-02-25T19:49:24.4781400Z  fa340e77c336 Extracting [==================================================>]     247B/247B
Android Tests (3)	UNKNOWN STEP	2026-02-25T19:49:24.4881273Z  fa340e77c336 Pull complete 
Android Tests (3)	UNKNOWN STEP	2026-02-25T19:49:24.4943307Z  matrix-init Pulled 
Android Tests (3)	UNKNOWN STEP	2026-02-25T19:49:27.2538054Z Collecting requests
Android Tests (3)	UNKNOWN STEP	2026-02-25T19:49:27.2747253Z   Downloading requests-2.32.5-py3-none-any.whl.metadata (4.9 kB)
Android Tests (3)	UNKNOWN STEP	2026-02-25T19:49:27.3935061Z Collecting charset_normalizer<4,>=2 (from requests)
Android Tests (3)	UNKNOWN STEP	2026-02-25T19:49:27.3969398Z   Downloading charset_normalizer-3.4.4-cp311-cp311-musllinux_1_2_x86_64.whl.metadata (37 kB)
Android Tests (3)	UNKNOWN STEP	2026-02-25T19:49:27.4225306Z Collecting idna<4,>=2.5 (from requests)
Android Tests (3)	UNKNOWN STEP	2026-02-25T19:49:27.4255916Z   Downloading idna-3.11-py3-none-any.whl.metadata (8.4 kB)
Android Tests (3)	UNKNOWN STEP	2026-02-25T19:49:27.4752999Z Collecting urllib3<3,>=1.21.1 (from requests)
Android Tests (3)	UNKNOWN STEP	2026-02-25T19:49:27.4781405Z   Downloading urllib3-2.6.3-py3-none-any.whl.metadata (6.9 kB)
Android Tests (3)	UNKNOWN STEP	2026-02-25T19:49:27.5109936Z Collecting certifi>=2017.4.17 (from requests)
Android Tests (3)	UNKNOWN STEP	2026-02-25T19:49:27.5136674Z   Downloading certifi-2026.2.25-py3-none-any.whl.metadata (2.5 kB)
Android Tests (3)	UNKNOWN STEP	2026-02-25T19:49:27.5329827Z Downloading requests-2.32.5-py3-none-any.whl (64 kB)
Android Tests (3)	UNKNOWN STEP	2026-02-25T19:49:27.5393413Z    ━━━━━━━━━━━━━━━━━━━━━━━━━━━━━━━━━━━━━━━━ 64.7/64.7 kB 15.2 MB/s eta 0:00:00
Android Tests (3)	UNKNOWN STEP	2026-02-25T19:49:27.5419634Z Downloading certifi-2026.2.25-py3-none-any.whl (153 kB)
Android Tests (3)	UNKNOWN STEP	2026-02-25T19:49:27.5478629Z    ━━━━━━━━━━━━━━━━━━━━━━━━━━━━━━━━━━━━━━━━ 153.7/153.7 kB 40.2 MB/s eta 0:00:00
Android Tests (3)	UNKNOWN STEP	2026-02-25T19:49:27.5513950Z Downloading charset_normalizer-3.4.4-cp311-cp311-musllinux_1_2_x86_64.whl (152 kB)
Android Tests (3)	UNKNOWN STEP	2026-02-25T19:49:27.5569990Z    ━━━━━━━━━━━━━━━━━━━━━━━━━━━━━━━━━━━━━━━━ 153.0/153.0 kB 41.5 MB/s eta 0:00:00
Android Tests (3)	UNKNOWN STEP	2026-02-25T19:49:27.5599987Z Downloading idna-3.11-py3-none-any.whl (71 kB)
Android Tests (3)	UNKNOWN STEP	2026-02-25T19:49:27.5647683Z    ━━━━━━━━━━━━━━━━━━━━━━━━━━━━━━━━━━━━━━━━ 71.0/71.0 kB 22.7 MB/s eta 0:00:00
Android Tests (3)	UNKNOWN STEP	2026-02-25T19:49:27.5679289Z Downloading urllib3-2.6.3-py3-none-any.whl (131 kB)
Android Tests (3)	UNKNOWN STEP	2026-02-25T19:49:27.5729470Z    ━━━━━━━━━━━━━━━━━━━━━━━━━━━━━━━━━━━━━━━━ 131.6/131.6 kB 41.3 MB/s eta 0:00:00
Android Tests (3)	UNKNOWN STEP	2026-02-25T19:49:27.6445533Z Installing collected packages: urllib3, idna, charset_normalizer, certifi, requests
Android Tests (3)	UNKNOWN STEP	2026-02-25T19:49:27.9771171Z Successfully installed certifi-2026.2.25 charset_normalizer-3.4.4 idna-3.11 requests-2.32.5 urllib3-2.6.3
Android Tests (3)	UNKNOWN STEP	2026-02-25T19:49:27.9775597Z WARNING: Running pip as the 'root' user can result in broken permissions and conflicting behaviour with the system package manager. It is recommended to use a virtual environment instead: https://pip.pypa.io/warnings/venv
Android Tests (3)	UNKNOWN STEP	2026-02-25T19:49:28.0550802Z 
Android Tests (3)	UNKNOWN STEP	2026-02-25T19:49:28.0551210Z [notice] A new release of pip is available: 24.0 -> 26.0.1
Android Tests (3)	UNKNOWN STEP	2026-02-25T19:49:28.0552101Z [notice] To update, run: pip install --upgrade pip
Android Tests (3)	UNKNOWN STEP	2026-02-25T19:49:35.0825656Z Initializing Matrix Synapse test server...
Android Tests (3)	UNKNOWN STEP	2026-02-25T19:49:35.0826327Z 
Android Tests (3)	UNKNOWN STEP	2026-02-25T19:49:35.0826965Z ✓ Synapse server is ready
Android Tests (3)	UNKNOWN STEP	2026-02-25T19:49:35.0827237Z 
Android Tests (3)	UNKNOWN STEP	2026-02-25T19:49:35.0827433Z Creating test users...
Android Tests (3)	UNKNOWN STEP	2026-02-25T19:49:35.0827968Z ✓ Created user: testuser1
Android Tests (3)	UNKNOWN STEP	2026-02-25T19:49:35.0828216Z ✓ Created user: testuser2
Android Tests (3)	UNKNOWN STEP	2026-02-25T19:49:35.0828466Z ✓ Created admin user: testadmin
Android Tests (3)	UNKNOWN STEP	2026-02-25T19:49:35.0828626Z 
Android Tests (3)	UNKNOWN STEP	2026-02-25T19:49:35.0828754Z Creating test rooms and populating with data...
Android Tests (3)	UNKNOWN STEP	2026-02-25T19:49:35.0829141Z ✓ Logged in user: @testadmin:test.matrix.local
Android Tests (3)	UNKNOWN STEP	2026-02-25T19:49:35.0829460Z ✓ Admin token acquired
Android Tests (3)	UNKNOWN STEP	2026-02-25T19:49:35.0829737Z ✓ Logged in user: @testuser1:test.matrix.local
Android Tests (3)	UNKNOWN STEP	2026-02-25T19:49:35.0830151Z ✓ Created room: test_general (!kMjGgfbrUIbtMbqpuq:test.matrix.local)
Android Tests (3)	UNKNOWN STEP	2026-02-25T19:49:35.0830572Z ✓ Logged in user: @testuser2:test.matrix.local
Android Tests (3)	UNKNOWN STEP	2026-02-25T19:49:35.0830877Z   ✓ User testuser2 joined room
Android Tests (3)	UNKNOWN STEP	2026-02-25T19:49:35.0831184Z ✓ Logged in user: @testadmin:test.matrix.local
Android Tests (3)	UNKNOWN STEP	2026-02-25T19:49:35.0831481Z   ✓ User testadmin joined room
Android Tests (3)	UNKNOWN STEP	2026-02-25T19:49:35.0832005Z   ✓ Published room to directory
Android Tests (3)	UNKNOWN STEP	2026-02-25T19:49:35.0832270Z   ✓ Posted 5 messages to room
Android Tests (3)	UNKNOWN STEP	2026-02-25T19:49:35.0832545Z   Seeding media messages (image, video, audio)...
Android Tests (3)	UNKNOWN STEP	2026-02-25T19:49:35.0833066Z   ✓ Uploaded media 'test_image.png': mxc://test.matrix.local/hHRYQevhoLwekqpJgklqaNLz
Android Tests (3)	UNKNOWN STEP	2026-02-25T19:49:35.0833533Z   ✓ Posted m.image message to room
Android Tests (3)	UNKNOWN STEP	2026-02-25T19:49:35.0833977Z   ✓ Uploaded media 'test_video.mp4': mxc://test.matrix.local/IBtJoFtTfVHqbeZCksYaVPbM
Android Tests (3)	UNKNOWN STEP	2026-02-25T19:49:35.0834407Z   ✓ Posted m.video message to room
Android Tests (3)	UNKNOWN STEP	2026-02-25T19:49:35.0834831Z   ✓ Uploaded media 'test_audio.mp3': mxc://test.matrix.local/QZTkrKqtDrYXhjlDBMRRlPwW
Android Tests (3)	UNKNOWN STEP	2026-02-25T19:49:35.0835250Z   ✓ Posted m.audio message to room
Android Tests (3)	UNKNOWN STEP	2026-02-25T19:49:35.0835629Z ✓ Created room: test_photos (!CswyAsjuzlAuchxhId:test.matrix.local)
Android Tests (3)	UNKNOWN STEP	2026-02-25T19:49:35.0836042Z ✓ Logged in user: @testuser2:test.matrix.local
Android Tests (3)	UNKNOWN STEP	2026-02-25T19:49:35.0836361Z   ✓ User testuser2 joined room
Android Tests (3)	UNKNOWN STEP	2026-02-25T19:49:35.0836683Z ✓ Logged in user: @testadmin:test.matrix.local
Android Tests (3)	UNKNOWN STEP	2026-02-25T19:49:35.0836979Z   ✓ User testadmin joined room
Android Tests (3)	UNKNOWN STEP	2026-02-25T19:49:35.0837238Z   ✓ Published room to directory
Android Tests (3)	UNKNOWN STEP	2026-02-25T19:49:35.0837499Z   ✓ Posted 3 messages to room
Android Tests (3)	UNKNOWN STEP	2026-02-25T19:49:35.0837754Z   Seeding media messages (image, video, audio)...
Android Tests (3)	UNKNOWN STEP	2026-02-25T19:49:35.0838241Z   ✓ Uploaded media 'test_image.png': mxc://test.matrix.local/LhDWEzhpNfgNAAVOiiQYimXl
Android Tests (3)	UNKNOWN STEP	2026-02-25T19:49:35.0838710Z   ✓ Posted m.image message to room
Android Tests (3)	UNKNOWN STEP	2026-02-25T19:49:35.0839147Z   ✓ Uploaded media 'test_video.mp4': mxc://test.matrix.local/ShSyJHCnyfmXguzwSVofZPcX
Android Tests (3)	UNKNOWN STEP	2026-02-25T19:49:35.0839573Z   ✓ Posted m.video message to room
Android Tests (3)	UNKNOWN STEP	2026-02-25T19:49:35.0839992Z   ✓ Uploaded media 'test_audio.mp3': mxc://test.matrix.local/mwWHnHzCbghWneTDByysBmBz
Android Tests (3)	UNKNOWN STEP	2026-02-25T19:49:35.0840450Z   ✓ Posted m.audio message to room
Android Tests (3)	UNKNOWN STEP	2026-02-25T19:49:35.0840839Z ✓ Created room: test_art (!zSQqEtovDrvSJoXrDi:test.matrix.local)
Android Tests (3)	UNKNOWN STEP	2026-02-25T19:49:35.0841510Z ✓ Logged in user: @testuser2:test.matrix.local
Android Tests (3)	UNKNOWN STEP	2026-02-25T19:49:35.0842083Z   ✓ User testuser2 joined room
Android Tests (3)	UNKNOWN STEP	2026-02-25T19:49:35.0842378Z ✓ Logged in user: @testadmin:test.matrix.local
Android Tests (3)	UNKNOWN STEP	2026-02-25T19:49:35.0842838Z   ✓ User testadmin joined room
Android Tests (3)	UNKNOWN STEP	2026-02-25T19:49:35.0843119Z   ✓ Published room to directory
Android Tests (3)	UNKNOWN STEP	2026-02-25T19:49:35.0843534Z ✓ Uploaded dummy avatar: mxc://test.matrix.local/qxvMdTCkKiMJvTCyYUUAndze
Android Tests (3)	UNKNOWN STEP	2026-02-25T19:49:35.0844068Z   ✓ Set room avatar to mxc://test.matrix.local/qxvMdTCkKiMJvTCyYUUAndze
Android Tests (3)	UNKNOWN STEP	2026-02-25T19:49:35.0844577Z ✓ Created room: test_invite_only (!mybeCfAnjUCcXcOzPI:test.matrix.local)
Android Tests (3)	UNKNOWN STEP	2026-02-25T19:49:35.0845017Z   ℹ Skipping user invites for room (discovery test)
Android Tests (3)	UNKNOWN STEP	2026-02-25T19:49:35.0845339Z   ✓ Published room to directory
Android Tests (3)	UNKNOWN STEP	2026-02-25T19:49:35.0845600Z   ✓ Posted 2 messages to room
Android Tests (3)	UNKNOWN STEP	2026-02-25T19:49:35.0845966Z ✓ Created room: test_avatar (!ooXZkDmVbIQlEAxMDo:test.matrix.local)
Android Tests (3)	UNKNOWN STEP	2026-02-25T19:49:35.0846374Z ✓ Logged in user: @testuser2:test.matrix.local
Android Tests (3)	UNKNOWN STEP	2026-02-25T19:49:35.0846696Z   ✓ User testuser2 joined room
Android Tests (3)	UNKNOWN STEP	2026-02-25T19:49:35.0846983Z ✓ Logged in user: @testadmin:test.matrix.local
Android Tests (3)	UNKNOWN STEP	2026-02-25T19:49:35.0847280Z   ✓ User testadmin joined room
Android Tests (3)	UNKNOWN STEP	2026-02-25T19:49:35.0847527Z   ✓ Published room to directory
Android Tests (3)	UNKNOWN STEP	2026-02-25T19:49:35.0847938Z ✓ Uploaded dummy avatar: mxc://test.matrix.local/vupwymxIHhxtXCAgeEquiRJE
Android Tests (3)	UNKNOWN STEP	2026-02-25T19:49:35.0848467Z   ✓ Set room avatar to mxc://test.matrix.local/vupwymxIHhxtXCAgeEquiRJE
Android Tests (3)	UNKNOWN STEP	2026-02-25T19:49:35.0848761Z 
Android Tests (3)	UNKNOWN STEP	2026-02-25T19:49:35.0848861Z ============================================================
Android Tests (3)	UNKNOWN STEP	2026-02-25T19:49:35.0849215Z ✅ Matrix test server initialized successfully!
Android Tests (3)	UNKNOWN STEP	2026-02-25T19:49:35.0849510Z ============================================================
Android Tests (3)	UNKNOWN STEP	2026-02-25T19:49:35.0849697Z 
Android Tests (3)	UNKNOWN STEP	2026-02-25T19:49:35.0849808Z 📝 Test Users:
Android Tests (3)	UNKNOWN STEP	2026-02-25T19:49:35.0849979Z   testuser1
Android Tests (3)	UNKNOWN STEP	2026-02-25T19:49:35.0850170Z     ID: @testuser1:test.matrix.local
Android Tests (3)	UNKNOWN STEP	2026-02-25T19:49:35.0850428Z     Password: testpass123
Android Tests (3)	UNKNOWN STEP	2026-02-25T19:49:35.0850745Z   testuser2
Android Tests (3)	UNKNOWN STEP	2026-02-25T19:49:35.0850962Z     ID: @testuser2:test.matrix.local
Android Tests (3)	UNKNOWN STEP	2026-02-25T19:49:35.0851206Z     Password: testpass123
Android Tests (3)	UNKNOWN STEP	2026-02-25T19:49:35.0851405Z   testadmin
Android Tests (3)	UNKNOWN STEP	2026-02-25T19:49:35.0851727Z     ID: @testadmin:test.matrix.local
Android Tests (3)	UNKNOWN STEP	2026-02-25T19:49:35.0851980Z     Password: testpass123
Android Tests (3)	UNKNOWN STEP	2026-02-25T19:49:35.0852115Z 
Android Tests (3)	UNKNOWN STEP	2026-02-25T19:49:35.0852220Z 🏠 Test Rooms:
Android Tests (3)	UNKNOWN STEP	2026-02-25T19:49:35.0852409Z   test_general (with messages)
Android Tests (3)	UNKNOWN STEP	2026-02-25T19:49:35.0852665Z     ID: !kMjGgfbrUIbtMbqpuq:test.matrix.local
Android Tests (3)	UNKNOWN STEP	2026-02-25T19:49:35.0852941Z   test_photos (with messages)
Android Tests (3)	UNKNOWN STEP	2026-02-25T19:49:35.0853180Z     ID: !CswyAsjuzlAuchxhId:test.matrix.local
Android Tests (3)	UNKNOWN STEP	2026-02-25T19:49:35.0853437Z   test_art (empty)
Android Tests (3)	UNKNOWN STEP	2026-02-25T19:49:35.0853651Z     ID: !zSQqEtovDrvSJoXrDi:test.matrix.local
Android Tests (3)	UNKNOWN STEP	2026-02-25T19:49:35.0853919Z   test_invite_only (with messages)
Android Tests (3)	UNKNOWN STEP	2026-02-25T19:49:35.0854178Z     ID: !mybeCfAnjUCcXcOzPI:test.matrix.local
Android Tests (3)	UNKNOWN STEP	2026-02-25T19:49:35.0854553Z   test_avatar (empty)
Android Tests (3)	UNKNOWN STEP	2026-02-25T19:49:35.0854772Z     ID: !ooXZkDmVbIQlEAxMDo:test.matrix.local
Android Tests (3)	UNKNOWN STEP	2026-02-25T19:49:35.0854967Z 
Android Tests (3)	UNKNOWN STEP	2026-02-25T19:49:35.0855108Z 🔑 Test Credentials for Integration Tests:
Android Tests (3)	UNKNOWN STEP	2026-02-25T19:49:35.0855399Z   Server:    http://matrix-synapse:8008
Android Tests (3)	UNKNOWN STEP	2026-02-25T19:49:35.0855656Z   Test User: testuser1
Android Tests (3)	UNKNOWN STEP	2026-02-25T19:49:35.0855868Z   Password:  testpass123
Android Tests (3)	UNKNOWN STEP	2026-02-25T19:49:35.0856002Z 
Android Tests (3)	UNKNOWN STEP	2026-02-25T19:49:35.0856080Z Room Status:
Android Tests (3)	UNKNOWN STEP	2026-02-25T19:49:35.0856473Z   test_general - 5 text + image/video/audio messages (for testing message lists and media rendering)
Android Tests (3)	UNKNOWN STEP	2026-02-25T19:49:35.0857057Z   test_photos  - 3 text + image/video/audio messages (for testing photo/media content)
Android Tests (3)	UNKNOWN STEP	2026-02-25T19:49:35.0857490Z   test_art     - 0 messages (for testing empty rooms)
Android Tests (3)	UNKNOWN STEP	2026-02-25T19:49:35.0857860Z ✓ Logged in user: @testuser1:test.matrix.local
Android Tests (3)	UNKNOWN STEP	2026-02-25T19:49:35.0858062Z 
Android Tests (3)	UNKNOWN STEP	2026-02-25T19:49:35.0858196Z   📋 Public room directory has 5 room(s):
Android Tests (3)	UNKNOWN STEP	2026-02-25T19:49:35.0858506Z     - test_art (!zSQqEtovDrvSJoXrDi:test.matrix.local)
Android Tests (3)	UNKNOWN STEP	2026-02-25T19:49:35.0858925Z     - test_avatar (!ooXZkDmVbIQlEAxMDo:test.matrix.local)
Android Tests (3)	UNKNOWN STEP	2026-02-25T19:49:35.0859435Z     - test_general (!kMjGgfbrUIbtMbqpuq:test.matrix.local)
Android Tests (3)	UNKNOWN STEP	2026-02-25T19:49:35.0859784Z     - test_photos (!CswyAsjuzlAuchxhId:test.matrix.local)
Android Tests (3)	UNKNOWN STEP	2026-02-25T19:49:35.0860250Z     - test_invite_only (!mybeCfAnjUCcXcOzPI:test.matrix.local)
Android Tests (3)	UNKNOWN STEP	2026-02-25T19:49:35.0860495Z 
Android Tests (3)	UNKNOWN STEP	2026-02-25T19:49:35.2379231Z ##[group]Run reactivecircus/android-emulator-runner@v2
Android Tests (3)	UNKNOWN STEP	2026-02-25T19:49:35.2379588Z with:
Android Tests (3)	UNKNOWN STEP	2026-02-25T19:49:35.2379765Z   api-level: 29
Android Tests (3)	UNKNOWN STEP	2026-02-25T19:49:35.2379956Z   target: default
Android Tests (3)	UNKNOWN STEP	2026-02-25T19:49:35.2380133Z   arch: x86_64
Android Tests (3)	UNKNOWN STEP	2026-02-25T19:49:35.2380315Z   profile: pixel_4
Android Tests (3)	UNKNOWN STEP	2026-02-25T19:49:35.2380510Z   ram-size: 2048M
Android Tests (3)	UNKNOWN STEP	2026-02-25T19:49:35.2380700Z   heap-size: 512M
Android Tests (3)	UNKNOWN STEP	2026-02-25T19:49:35.2381043Z   emulator-options: -no-window -no-audio -no-boot-anim -gpu swiftshader_indirect
Android Tests (3)	UNKNOWN STEP	2026-02-25T19:49:35.2381466Z   emulator-boot-timeout: 900
Android Tests (3)	UNKNOWN STEP	2026-02-25T19:49:35.2381925Z   disable-animations: true
Android Tests (3)	UNKNOWN STEP	2026-02-25T19:49:35.2382266Z   script: ./scripts/test.sh android --no-docker --shard 3 --total-shards 7
Android Tests (3)	UNKNOWN STEP	2026-02-25T19:49:35.2382639Z   cores: 2
Android Tests (3)	UNKNOWN STEP	2026-02-25T19:49:35.2382813Z   avd-name: test
Android Tests (3)	UNKNOWN STEP	2026-02-25T19:49:35.2383006Z   force-avd-creation: true
Android Tests (3)	UNKNOWN STEP	2026-02-25T19:49:35.2383225Z   emulator-port: 5554
Android Tests (3)	UNKNOWN STEP	2026-02-25T19:49:35.2383436Z   disable-spellchecker: false
Android Tests (3)	UNKNOWN STEP	2026-02-25T19:49:35.2383714Z   disable-linux-hw-accel: auto
Android Tests (3)	UNKNOWN STEP	2026-02-25T19:49:35.2383954Z   enable-hw-keyboard: false
Android Tests (3)	UNKNOWN STEP	2026-02-25T19:49:35.2384164Z   channel: stable
Android Tests (3)	UNKNOWN STEP	2026-02-25T19:49:35.2384348Z env:
Android Tests (3)	UNKNOWN STEP	2026-02-25T19:49:35.2384518Z   CACHE_VERSION: v1
Android Tests (3)	UNKNOWN STEP	2026-02-25T19:49:35.2384829Z   JAVA_HOME: /opt/hostedtoolcache/Java_Temurin-Hotspot_jdk/17.0.18-8/x64
Android Tests (3)	UNKNOWN STEP	2026-02-25T19:49:35.2385302Z   JAVA_HOME_17_X64: /opt/hostedtoolcache/Java_Temurin-Hotspot_jdk/17.0.18-8/x64
Android Tests (3)	UNKNOWN STEP	2026-02-25T19:49:35.2385754Z   FLUTTER_ROOT: /opt/hostedtoolcache/flutter/stable-3.41.2-x64
Android Tests (3)	UNKNOWN STEP	2026-02-25T19:49:35.2386083Z   PUB_CACHE: /home/runner/.pub-cache
Android Tests (3)	UNKNOWN STEP	2026-02-25T19:49:35.2386363Z   MATRIX_SERVER: http://localhost:8008
Android Tests (3)	UNKNOWN STEP	2026-02-25T19:49:35.2386621Z   MATRIX_TEST_USER: testuser1
Android Tests (3)	UNKNOWN STEP	2026-02-25T19:49:35.2386859Z   MATRIX_TEST_PASSWORD: testpass123
Android Tests (3)	UNKNOWN STEP	2026-02-25T19:49:35.2387095Z ##[endgroup]
Android Tests (3)	UNKNOWN STEP	2026-02-25T19:49:35.2952106Z ##[group]Configure emulator
Android Tests (3)	UNKNOWN STEP	2026-02-25T19:49:35.2957782Z You're running a Linux VM where hardware acceleration is not available. Please consider using a macOS VM instead to take advantage of native hardware acceleration support provided by HAXM.
Android Tests (3)	UNKNOWN STEP	2026-02-25T19:49:35.2959248Z API level: 29
Android Tests (3)	UNKNOWN STEP	2026-02-25T19:49:35.2959600Z System image API level: 29
Android Tests (3)	UNKNOWN STEP	2026-02-25T19:49:35.2960008Z target: default
Android Tests (3)	UNKNOWN STEP	2026-02-25T19:49:35.2960369Z CPU architecture: x86_64
Android Tests (3)	UNKNOWN STEP	2026-02-25T19:49:35.2960787Z Hardware profile: pixel_4
Android Tests (3)	UNKNOWN STEP	2026-02-25T19:49:35.2961174Z Cores: 2
Android Tests (3)	UNKNOWN STEP	2026-02-25T19:49:35.2961486Z RAM size: 2048M
Android Tests (3)	UNKNOWN STEP	2026-02-25T19:49:35.2962158Z Heap size: 512M
Android Tests (3)	UNKNOWN STEP	2026-02-25T19:49:35.2962605Z SD card path or size: 
Android Tests (3)	UNKNOWN STEP	2026-02-25T19:49:35.2963615Z Disk size: 
Android Tests (3)	UNKNOWN STEP	2026-02-25T19:49:35.2964087Z AVD name: test
Android Tests (3)	UNKNOWN STEP	2026-02-25T19:49:35.2964880Z force avd creation: true
Android Tests (3)	UNKNOWN STEP	2026-02-25T19:49:35.2966069Z Emulator boot timeout: 900
Android Tests (3)	UNKNOWN STEP	2026-02-25T19:49:35.2966798Z emulator port: 5554
Android Tests (3)	UNKNOWN STEP	2026-02-25T19:49:35.2968078Z emulator options: -no-window -no-audio -no-boot-anim -gpu swiftshader_indirect
Android Tests (3)	UNKNOWN STEP	2026-02-25T19:49:35.2968750Z disable animations: true
Android Tests (3)	UNKNOWN STEP	2026-02-25T19:49:35.2969269Z disable spellchecker: false
Android Tests (3)	UNKNOWN STEP	2026-02-25T19:49:35.2970620Z disable Linux hardware acceleration: true
Android Tests (3)	UNKNOWN STEP	2026-02-25T19:49:35.2971138Z enable hardware keyboard: false
Android Tests (3)	UNKNOWN STEP	2026-02-25T19:49:35.2973085Z Channel: 0 (stable)
Android Tests (3)	UNKNOWN STEP	2026-02-25T19:49:35.2974717Z Script:
Android Tests (3)	UNKNOWN STEP	2026-02-25T19:49:35.2975531Z ./scripts/test.sh android --no-docker --shard 3 --total-shards 7
Android Tests (3)	UNKNOWN STEP	2026-02-25T19:49:35.2976134Z Pre emulator launch script:
Android Tests (3)	UNKNOWN STEP	2026-02-25T19:49:35.2976769Z ##[endgroup]
Android Tests (3)	UNKNOWN STEP	2026-02-25T19:49:35.2978904Z ##[group]Install Android SDK
Android Tests (3)	UNKNOWN STEP	2026-02-25T19:49:35.3506410Z [command]/usr/bin/sh -c \yes | sdkmanager --licenses > /dev/null
Android Tests (3)	UNKNOWN STEP	2026-02-25T19:49:48.2956991Z Installing latest build tools, platform tools, and platform.
Android Tests (3)	UNKNOWN STEP	2026-02-25T19:49:48.2976385Z [command]/usr/bin/sh -c \sdkmanager --install 'build-tools;35.0.0' platform-tools 'platforms;android-29'> /dev/null
Android Tests (3)	UNKNOWN STEP	2026-02-25T19:49:57.3944693Z Installing latest emulator.
Android Tests (3)	UNKNOWN STEP	2026-02-25T19:49:57.3960722Z [command]/usr/bin/sh -c \sdkmanager --install emulator --channel=0 > /dev/null
Android Tests (3)	UNKNOWN STEP	2026-02-25T19:50:13.8155841Z Installing system images.
Android Tests (3)	UNKNOWN STEP	2026-02-25T19:50:13.8173717Z [command]/usr/bin/sh -c \sdkmanager --install 'system-images;android-29;default;x86_64' --channel=0 > /dev/null
Android Tests (3)	UNKNOWN STEP	2026-02-25T19:50:53.1469027Z ##[endgroup]
Android Tests (3)	UNKNOWN STEP	2026-02-25T19:50:53.1472992Z ##[group]Create AVD
Android Tests (3)	UNKNOWN STEP	2026-02-25T19:50:53.1473928Z Creating AVD.
Android Tests (3)	UNKNOWN STEP	2026-02-25T19:50:53.1499187Z [command]/usr/bin/sh -c \echo no | avdmanager create avd --force -n test --abi 'default/x86_64' --package 'system-images;android-29;default;x86_64' --device 'pixel_4'
Android Tests (3)	UNKNOWN STEP	2026-02-25T19:50:54.0091903Z Loading local repository...                                                     
Android Tests (3)	UNKNOWN STEP	2026-02-25T19:50:54.0092728Z [=========                              ] 25% Loading local repository...       
Android Tests (3)	UNKNOWN STEP	2026-02-25T19:50:54.0093401Z [=========                              ] 25% Fetch remote repository...        
Android Tests (3)	UNKNOWN STEP	2026-02-25T19:50:54.0094054Z [=======================================] 100% Fetch remote repository...       
Android Tests (3)	UNKNOWN STEP	2026-02-25T19:50:54.7323941Z [command]/usr/bin/sh -c \printf 'hw.cpu.ncore=2\nhw.ramSize=2048M\nhw.heapSize=512M\n' >> /home/runner/.android/avd/test.avd/config.ini
Android Tests (3)	UNKNOWN STEP	2026-02-25T19:50:54.7345059Z ##[endgroup]
Android Tests (3)	UNKNOWN STEP	2026-02-25T19:50:54.7347186Z ##[group]Launch Emulator
Android Tests (3)	UNKNOWN STEP	2026-02-25T19:50:54.7364490Z Disabling Linux hardware acceleration.
Android Tests (3)	UNKNOWN STEP	2026-02-25T19:50:54.7365066Z Starting emulator.
Android Tests (3)	UNKNOWN STEP	2026-02-25T19:50:54.7370936Z [command]/usr/bin/sh -c \/usr/local/lib/android/sdk/emulator/emulator -port 5554 -avd test -no-window -no-audio -no-boot-anim -gpu swiftshader_indirect -accel off &
Android Tests (3)	UNKNOWN STEP	2026-02-25T19:50:54.7508196Z INFO         | Android emulator version 36.4.9.0 (build_id 14788078) (CL:N/A)
Android Tests (3)	UNKNOWN STEP	2026-02-25T19:50:54.7508898Z INFO         | Graphics backend: gfxstream
Android Tests (3)	UNKNOWN STEP	2026-02-25T19:50:54.7509697Z INFO         | Found systemPath /usr/local/lib/android/sdk/system-images/android-29/default/x86_64/
Android Tests (3)	UNKNOWN STEP	2026-02-25T19:50:54.9433752Z ProbeKVM: This user doesn't have permissions to use KVM (/dev/kvm).
Android Tests (3)	UNKNOWN STEP	2026-02-25T19:50:54.9434535Z The KVM line in /etc/group is: [kvm:x:993:]
Android Tests (3)	UNKNOWN STEP	2026-02-25T19:50:54.9434929Z 
Android Tests (3)	UNKNOWN STEP	2026-02-25T19:50:54.9435144Z If the current user has KVM permissions,
Android Tests (3)	UNKNOWN STEP	2026-02-25T19:50:54.9435886Z the KVM line in /etc/group should end with ":" followed by your username.
Android Tests (3)	UNKNOWN STEP	2026-02-25T19:50:54.9436256Z 
Android Tests (3)	UNKNOWN STEP	2026-02-25T19:50:54.9436561Z If we see LINE_NOT_FOUND, the kvm group may need to be created along with permissions:
Android Tests (3)	UNKNOWN STEP	2026-02-25T19:50:54.9437108Z     sudo groupadd -r kvm
Android Tests (3)	UNKNOWN STEP	2026-02-25T19:50:54.9437563Z     # Then ensure /lib/udev/rules.d/50-udev-default.rules contains something like:
Android Tests (3)	UNKNOWN STEP	2026-02-25T19:50:54.9438059Z     # KERNEL=="kvm", GROUP="kvm", MODE="0660"
Android Tests (3)	UNKNOWN STEP	2026-02-25T19:50:54.9438368Z     # and then run:
Android Tests (3)	UNKNOWN STEP	2026-02-25T19:50:54.9438602Z     sudo gpasswd -a $USER kvm
Android Tests (3)	UNKNOWN STEP	2026-02-25T19:50:54.9438782Z 
Android Tests (3)	UNKNOWN STEP	2026-02-25T19:50:54.9439079Z If we see kvm:... but no username at the end, running the following command may allow KVM access:
Android Tests (3)	UNKNOWN STEP	2026-02-25T19:50:54.9439603Z     sudo gpasswd -a $USER kvm
Android Tests (3)	UNKNOWN STEP	2026-02-25T19:50:54.9439779Z 
Android Tests (3)	UNKNOWN STEP	2026-02-25T19:50:54.9439959Z You may need to log out and back in for changes to take effect.
Android Tests (3)	UNKNOWN STEP	2026-02-25T19:50:54.9440266Z 
Android Tests (3)	UNKNOWN STEP	2026-02-25T19:50:56.2924868Z INFO         | Increasing RAM size to 2048MB
Android Tests (3)	UNKNOWN STEP	2026-02-25T19:50:56.2925716Z ##############################################################################
Android Tests (3)	UNKNOWN STEP	2026-02-25T19:50:56.2926678Z ##                        WARNING - ACTION REQUIRED                         ##
Android Tests (3)	UNKNOWN STEP	2026-02-25T19:50:56.2927785Z ##  Consider using the '-metrics-collection' flag to help improve the       ##
Android Tests (3)	UNKNOWN STEP	2026-02-25T19:50:56.2928994Z ##  emulator by sending anonymized usage data. Or use the '-no-metrics'     ##
Android Tests (3)	UNKNOWN STEP	2026-02-25T19:50:56.2930175Z ##  flag to bypass this warning and turn off the metrics collection.        ##
Android Tests (3)	UNKNOWN STEP	2026-02-25T19:50:56.2931360Z ##  In a future release this warning will turn into a one-time blocking     ##
Android Tests (3)	UNKNOWN STEP	2026-02-25T19:50:56.2932736Z ##  prompt to ask for explicit user input regarding metrics collection.     ##
Android Tests (3)	UNKNOWN STEP	2026-02-25T19:50:56.2933721Z ##                                                                          ##
Android Tests (3)	UNKNOWN STEP	2026-02-25T19:50:56.2934228Z ##  Please see '-help-metrics-collection' for more details. You can use     ##
Android Tests (3)	UNKNOWN STEP	2026-02-25T19:50:56.2934968Z ##  '-metrics-to-file' or '-metrics-to-console' flags to see what type of   ##
Android Tests (3)	UNKNOWN STEP	2026-02-25T19:50:56.2935515Z ##  data is being collected by emulator as part of usage statistics.        ##
Android Tests (3)	UNKNOWN STEP	2026-02-25T19:50:56.2935960Z ##############################################################################
Android Tests (3)	UNKNOWN STEP	2026-02-25T19:50:56.2936323Z INFO         | Guest GLES Driver: Auto (ext controls)
Android Tests (3)	UNKNOWN STEP	2026-02-25T19:50:56.2936834Z INFO         | emuglConfig_init: vulkan_mode_selected:swiftshader gles_mode_selected:swiftshader
Android Tests (3)	UNKNOWN STEP	2026-02-25T19:50:56.2937420Z WARNING      | FeatureControl is requesting a non existing feature.
Android Tests (3)	UNKNOWN STEP	2026-02-25T19:50:56.2937829Z INFO         | Checking system compatibility:
Android Tests (3)	UNKNOWN STEP	2026-02-25T19:50:56.2938167Z INFO         |   Checking: hasSufficientDiskSpace
Android Tests (3)	UNKNOWN STEP	2026-02-25T19:50:56.2938562Z INFO         |      Ok: Disk space requirements to run avd: `test` are met
Android Tests (3)	UNKNOWN STEP	2026-02-25T19:50:56.2938961Z INFO         |   Checking: hasSufficientHwGpu
Android Tests (3)	UNKNOWN STEP	2026-02-25T19:50:56.2939342Z INFO         |      Ok: Hardware GPU compatibility checks are not required
Android Tests (3)	UNKNOWN STEP	2026-02-25T19:50:56.2939734Z INFO         |   Checking: hasSufficientSystem
Android Tests (3)	UNKNOWN STEP	2026-02-25T19:50:56.2940108Z INFO         |      Ok: System requirements to run avd: `test` are met
Android Tests (3)	UNKNOWN STEP	2026-02-25T19:50:56.2940571Z WARNING      | x86_64 emulation may not work without hardware acceleration!
Android Tests (3)	UNKNOWN STEP	2026-02-25T19:50:56.2941079Z WARNING      | FeatureControl is requesting a non existing feature.
Android Tests (3)	UNKNOWN STEP	2026-02-25T19:50:56.2941985Z ERROR        | Unable to connect to adb daemon on port: 5037
Android Tests (3)	UNKNOWN STEP	2026-02-25T19:50:56.2942983Z INFO         | Storing crashdata in: /tmp/android-runner/emu-crash-36.4.9.db, detection is enabled for process: 5156
Android Tests (3)	UNKNOWN STEP	2026-02-25T19:50:56.2943871Z INFO         | Initializing gfxstream backend
Android Tests (3)	UNKNOWN STEP	2026-02-25T19:50:56.2944389Z INFO         | android_startOpenglesRenderer: gpu info
Android Tests (3)	UNKNOWN STEP	2026-02-25T19:50:56.2944875Z INFO         | 
Android Tests (3)	UNKNOWN STEP	2026-02-25T19:50:56.2945347Z INFO         | initIcdPaths: ICD set to 'swiftshader', using Swiftshader ICD
Android Tests (3)	UNKNOWN STEP	2026-02-25T19:50:56.2946398Z INFO         | Setting ICD filenames for the loader = /usr/local/lib/android/sdk/emulator/lib64/vulkan/vk_swiftshader_icd.json
Android Tests (3)	UNKNOWN STEP	2026-02-25T19:50:56.2947746Z INFO         | SharedLibrary::open for [/usr/local/lib/android/sdk/emulator/qemu/linux-x86_64/lib64/vulkan/libvulkan.so]
Android Tests (3)	UNKNOWN STEP	2026-02-25T19:50:56.2949058Z INFO         | SharedLibrary::open for [/usr/local/lib/android/sdk/emulator/qemu/linux-x86_64/lib64/vulkan/libvulkan.so.1]
Android Tests (3)	UNKNOWN STEP	2026-02-25T19:50:56.2950256Z INFO         | SharedLibrary::open for [/usr/local/lib/android/sdk/emulator/lib64/vulkan/libvulkan.so]
Android Tests (3)	UNKNOWN STEP	2026-02-25T19:50:56.2951276Z INFO         | Added library: /usr/local/lib/android/sdk/emulator/lib64/vulkan/libvulkan.so
Android Tests (3)	UNKNOWN STEP	2026-02-25T19:50:56.2952526Z INFO         | Selecting Vulkan device: SwiftShader Device (Subzero), Version: 1.3.0
Android Tests (3)	UNKNOWN STEP	2026-02-25T19:50:56.2953245Z INFO         | SharedLibrary::open for [libX11]
Android Tests (3)	UNKNOWN STEP	2026-02-25T19:50:56.2953818Z WARNING      | Could not open libX11.so, try libX11.so.6
Android Tests (3)	UNKNOWN STEP	2026-02-25T19:50:56.2954396Z INFO         | SharedLibrary::open for [libX11.so.6]
Android Tests (3)	UNKNOWN STEP	2026-02-25T19:50:56.2954942Z INFO         | SharedLibrary::open for [libX11-xcb]
Android Tests (3)	UNKNOWN STEP	2026-02-25T19:50:56.2955555Z WARNING      | Could not open libX11-xcb.so, try libX11-xcb.so.1
Android Tests (3)	UNKNOWN STEP	2026-02-25T19:50:56.2956179Z INFO         | SharedLibrary::open for [libX11-xcb.so.1]
Android Tests (3)	UNKNOWN STEP	2026-02-25T19:50:56.2956724Z INFO         | Initializing VkEmulation features:
Android Tests (3)	UNKNOWN STEP	2026-02-25T19:50:56.2957252Z INFO         |     glInteropSupported: false
Android Tests (3)	UNKNOWN STEP	2026-02-25T19:50:56.2957753Z INFO         |     useDeferredCommands: true
Android Tests (3)	UNKNOWN STEP	2026-02-25T19:50:56.2958294Z INFO         |     createResourceWithRequirements: true
Android Tests (3)	UNKNOWN STEP	2026-02-25T19:50:56.2958850Z INFO         |     useVulkanComposition: false
Android Tests (3)	UNKNOWN STEP	2026-02-25T19:50:56.2959376Z INFO         |     useVulkanNativeSwapchain: false
Android Tests (3)	UNKNOWN STEP	2026-02-25T19:50:56.2959889Z INFO         |     enable guestRenderDoc: false
Android Tests (3)	UNKNOWN STEP	2026-02-25T19:50:56.2960589Z INFO         |     ASTC LDR emulation mode: Gpu
Android Tests (3)	UNKNOWN STEP	2026-02-25T19:50:56.2961093Z INFO         |     enable ETC2 emulation: true
Android Tests (3)	UNKNOWN STEP	2026-02-25T19:50:56.2961757Z INFO         |     enable Ycbcr emulation: false
Android Tests (3)	UNKNOWN STEP	2026-02-25T19:50:56.2962243Z INFO         |     guestVulkanOnly: false
Android Tests (3)	UNKNOWN STEP	2026-02-25T19:50:56.2962917Z INFO         |     useDedicatedAllocations: false
Android Tests (3)	UNKNOWN STEP	2026-02-25T19:50:56.2963494Z INFO         | Graphics Adapter Vendor Google (Google Inc.)
Android Tests (3)	UNKNOWN STEP	2026-02-25T19:50:56.2964270Z INFO         | Graphics Adapter Android Emulator OpenGL ES Translator (Google SwiftShader)
Android Tests (3)	UNKNOWN STEP	2026-02-25T19:50:56.2965172Z INFO         | Graphics API Version OpenGL ES 3.0 (OpenGL ES 3.0 SwiftShader 4.0.0.1)
Android Tests (3)	UNKNOWN STEP	2026-02-25T19:50:56.3177568Z INFO         | Graphics API Extensions GL_OES_EGL_sync GL_OES_EGL_image GL_OES_EGL_image_external GL_OES_depth24 GL_OES_depth32 GL_OES_element_index_uint GL_OESWARNING: cannnot unmap ptr 0x7f2045a01000 as it is in the protected range from 0x7f1fc5a00000 to 0x7f2045c00000
Android Tests (3)	UNKNOWN STEP	2026-02-25T19:50:56.3317689Z _texture_float GL_OES_texture_float_linear GL_OES_compressed_paletted_texture GL_OES_compressed_ETC1_RGB8_texture GL_OES_depth_texture GL_OES_texture_half_float GL_OES_texture_half_float_linear GL_OES_packed_depth_stencil GL_OES_vertex_half_float GL_OES_standard_derivatives GL_OES_texture_npot GL_OES_rgb8_rgba8 GL_EXT_color_buffer_float GL_EXT_color_buffer_half_float GL_EXT_texture_format_BGRA8888 GL_APPLE_texture_format_BGRA8888 
Android Tests (3)	UNKNOWN STEP	2026-02-25T19:50:56.3320690Z INFO         | Graphics Device Extensions N/A
Android Tests (3)	UNKNOWN STEP	2026-02-25T19:50:56.3321113Z INFO         | Disabling sparse binding feature support
Android Tests (3)	UNKNOWN STEP	2026-02-25T19:50:56.3321525Z INFO         | Userspace boot properties:
Android Tests (3)	UNKNOWN STEP	2026-02-25T19:50:56.3322221Z INFO         |   android.bootanim=0
Android Tests (3)	UNKNOWN STEP	2026-02-25T19:50:56.3322557Z INFO         |   android.qemud=1
Android Tests (3)	UNKNOWN STEP	2026-02-25T19:50:56.3323055Z INFO         |   androidboot.boot_devices=pci0000:00/0000:00:03.0 pci0000:00/0000:00:06.0
Android Tests (3)	UNKNOWN STEP	2026-02-25T19:50:56.3323608Z INFO         |   androidboot.hardware=ranchu
Android Tests (3)	UNKNOWN STEP	2026-02-25T19:50:56.3324008Z INFO         |   androidboot.hardware.vulkan=ranchu
Android Tests (3)	UNKNOWN STEP	2026-02-25T19:50:56.3324445Z INFO         |   androidboot.serialno=EMULATOR36X4X9X0
Android Tests (3)	UNKNOWN STEP	2026-02-25T19:50:56.3325120Z INFO         |   androidboot.vbmeta.digest=0893f0f3bac935802e7658f39b766acd7344cd0553606784a98cb6a38c2a8629
Android Tests (3)	UNKNOWN STEP	2026-02-25T19:50:56.3325803Z INFO         |   androidboot.vbmeta.hash_alg=sha256
Android Tests (3)	UNKNOWN STEP	2026-02-25T19:50:56.3326208Z INFO         |   androidboot.vbmeta.size=4352
Android Tests (3)	UNKNOWN STEP	2026-02-25T19:50:56.3326555Z INFO         |   qemu=1
Android Tests (3)	UNKNOWN STEP	2026-02-25T19:50:56.3326864Z INFO         |   qemu.avd_name=test
Android Tests (3)	UNKNOWN STEP	2026-02-25T19:50:56.3327265Z INFO         |   qemu.camera_hq_edge_processing=0
Android Tests (3)	UNKNOWN STEP	2026-02-25T19:50:56.3327654Z INFO         |   qemu.dalvik.vm.heapsize=512m
Android Tests (3)	UNKNOWN STEP	2026-02-25T19:50:56.3328018Z INFO         |   qemu.encrypt=1
Android Tests (3)	UNKNOWN STEP	2026-02-25T19:50:56.3328312Z INFO         |   qemu.gles=1
Android Tests (3)	UNKNOWN STEP	2026-02-25T19:50:56.3328614Z INFO         |   qemu.gltransport=pipe
Android Tests (3)	UNKNOWN STEP	2026-02-25T19:50:56.3329019Z INFO         |   qemu.gltransport.drawFlushInterval=800
Android Tests (3)	UNKNOWN STEP	2026-02-25T19:50:56.3329450Z INFO         |   qemu.opengles.version=196608
Android Tests (3)	UNKNOWN STEP	2026-02-25T19:50:56.3329899Z INFO         |   qemu.settings.system.screen_off_timeout=2147483647
Android Tests (3)	UNKNOWN STEP	2026-02-25T19:50:56.3330332Z INFO         |   qemu.skin=1080x2280
Android Tests (3)	UNKNOWN STEP	2026-02-25T19:50:56.3330659Z INFO         |   qemu.uirenderer=skiagl
Android Tests (3)	UNKNOWN STEP	2026-02-25T19:50:56.3331001Z INFO         |   qemu.vsync=60
Android Tests (3)	UNKNOWN STEP	2026-02-25T19:50:56.3331287Z INFO         |   qemu.wifi=1
Android Tests (3)	UNKNOWN STEP	2026-02-25T19:50:56.3331914Z TCG doesn't support requested feature: CPUID.01H:ECX.avx [bit 28]
Android Tests (3)	UNKNOWN STEP	2026-02-25T19:50:56.3332467Z TCG doesn't support requested feature: CPUID.01H:ECX.f16c [bit 29]
Android Tests (3)	UNKNOWN STEP	2026-02-25T19:50:56.3333015Z TCG doesn't support requested feature: CPUID.01H:ECX.avx [bit 28]
Android Tests (3)	UNKNOWN STEP	2026-02-25T19:50:56.3333468Z TCG doesn't support requested feature: CPUID.01H:ECX.f16c [bit 29]
Android Tests (3)	UNKNOWN STEP	2026-02-25T19:50:56.3333838Z INFO         | Monitoring duration of emulator setup.
Android Tests (3)	UNKNOWN STEP	2026-02-25T19:50:56.3498405Z INFO         | Setting display: 0 configuration to: 1080x2280, dpi: 440x440 
Android Tests (3)	UNKNOWN STEP	2026-02-25T19:50:56.3499219Z INFO         | setDisplayActiveConfig 0
Android Tests (3)	UNKNOWN STEP	2026-02-25T19:50:56.3553932Z INFO         | Loading snapshot 'default_boot'...
Android Tests (3)	UNKNOWN STEP	2026-02-25T19:50:56.3555391Z WARNING      | Failed to process .ini file /home/runner/.android/emu-update-last-check.ini for reading.
Android Tests (3)	UNKNOWN STEP	2026-02-25T19:50:56.3678139Z WARNING      | Device 'cache' does not have the requested snapshot 'default_boot'
Android Tests (3)	UNKNOWN STEP	2026-02-25T19:50:56.3679357Z 
Android Tests (3)	UNKNOWN STEP	2026-02-25T19:50:56.3679797Z WARNING      | Failed to load snapshot 'default_boot'
Android Tests (3)	UNKNOWN STEP	2026-02-25T19:50:56.3683301Z USER_INFO    | The emulator is performing a cold boot without a saved state because there's no snapshot and you have configured it not to save on exit.
Android Tests (3)	UNKNOWN STEP	2026-02-25T19:50:57.4700559Z WARNING      | Failed to process .ini file /home/runner/.android/emu-update-last-check.ini for reading.
Android Tests (3)	UNKNOWN STEP	2026-02-25T19:51:04.7439313Z [command]/usr/local/lib/android/sdk/platform-tools/adb -s emulator-5554 shell getprop sys.boot_completed
Android Tests (3)	UNKNOWN STEP	2026-02-25T19:51:04.7780736Z * daemon not running; starting now at tcp:5037
Android Tests (3)	UNKNOWN STEP	2026-02-25T19:51:05.0901068Z * daemon started successfully
Android Tests (3)	UNKNOWN STEP	2026-02-25T19:51:05.1841082Z adb: device offline
Android Tests (3)	UNKNOWN STEP	2026-02-25T19:51:05.1849510Z The process '/usr/local/lib/android/sdk/platform-tools/adb' failed with exit code 1
Android Tests (3)	UNKNOWN STEP	2026-02-25T19:51:07.1899875Z [command]/usr/local/lib/android/sdk/platform-tools/adb -s emulator-5554 shell getprop sys.boot_completed
Android Tests (3)	UNKNOWN STEP	2026-02-25T19:51:07.1933723Z adb: device offline
Android Tests (3)	UNKNOWN STEP	2026-02-25T19:51:07.1942303Z The process '/usr/local/lib/android/sdk/platform-tools/adb' failed with exit code 1
Android Tests (3)	UNKNOWN STEP	2026-02-25T19:51:09.1975737Z [command]/usr/local/lib/android/sdk/platform-tools/adb -s emulator-5554 shell getprop sys.boot_completed
Android Tests (3)	UNKNOWN STEP	2026-02-25T19:51:09.2008939Z adb: device offline
Android Tests (3)	UNKNOWN STEP	2026-02-25T19:51:09.2014620Z The process '/usr/local/lib/android/sdk/platform-tools/adb' failed with exit code 1
Android Tests (3)	UNKNOWN STEP	2026-02-25T19:51:11.2056831Z [command]/usr/local/lib/android/sdk/platform-tools/adb -s emulator-5554 shell getprop sys.boot_completed
Android Tests (3)	UNKNOWN STEP	2026-02-25T19:51:11.2090857Z adb: device offline
Android Tests (3)	UNKNOWN STEP	2026-02-25T19:51:11.2097871Z The process '/usr/local/lib/android/sdk/platform-tools/adb' failed with exit code 1
Android Tests (3)	UNKNOWN STEP	2026-02-25T19:51:13.2141532Z [command]/usr/local/lib/android/sdk/platform-tools/adb -s emulator-5554 shell getprop sys.boot_completed
Android Tests (3)	UNKNOWN STEP	2026-02-25T19:51:13.2174494Z adb: device offline
Android Tests (3)	UNKNOWN STEP	2026-02-25T19:51:13.2180777Z The process '/usr/local/lib/android/sdk/platform-tools/adb' failed with exit code 1
Android Tests (3)	UNKNOWN STEP	2026-02-25T19:51:15.2218399Z [command]/usr/local/lib/android/sdk/platform-tools/adb -s emulator-5554 shell getprop sys.boot_completed
Android Tests (3)	UNKNOWN STEP	2026-02-25T19:51:15.2250587Z adb: device offline
Android Tests (3)	UNKNOWN STEP	2026-02-25T19:51:15.2256188Z The process '/usr/local/lib/android/sdk/platform-tools/adb' failed with exit code 1
Android Tests (3)	UNKNOWN STEP	2026-02-25T19:51:17.2292242Z [command]/usr/local/lib/android/sdk/platform-tools/adb -s emulator-5554 shell getprop sys.boot_completed
Android Tests (3)	UNKNOWN STEP	2026-02-25T19:51:17.2327287Z adb: device offline
Android Tests (3)	UNKNOWN STEP	2026-02-25T19:51:17.2333910Z The process '/usr/local/lib/android/sdk/platform-tools/adb' failed with exit code 1
Android Tests (3)	UNKNOWN STEP	2026-02-25T19:51:19.2384851Z [command]/usr/local/lib/android/sdk/platform-tools/adb -s emulator-5554 shell getprop sys.boot_completed
Android Tests (3)	UNKNOWN STEP	2026-02-25T19:51:19.2418631Z adb: device offline
Android Tests (3)	UNKNOWN STEP	2026-02-25T19:51:19.2424417Z The process '/usr/local/lib/android/sdk/platform-tools/adb' failed with exit code 1
Android Tests (3)	UNKNOWN STEP	2026-02-25T19:51:21.2467466Z [command]/usr/local/lib/android/sdk/platform-tools/adb -s emulator-5554 shell getprop sys.boot_completed
Android Tests (3)	UNKNOWN STEP	2026-02-25T19:51:21.2501050Z adb: device offline
Android Tests (3)	UNKNOWN STEP	2026-02-25T19:51:21.2507822Z The process '/usr/local/lib/android/sdk/platform-tools/adb' failed with exit code 1
Android Tests (3)	UNKNOWN STEP	2026-02-25T19:51:23.2554773Z [command]/usr/local/lib/android/sdk/platform-tools/adb -s emulator-5554 shell getprop sys.boot_completed
Android Tests (3)	UNKNOWN STEP	2026-02-25T19:51:23.2588505Z adb: device offline
Android Tests (3)	UNKNOWN STEP	2026-02-25T19:51:23.2595387Z The process '/usr/local/lib/android/sdk/platform-tools/adb' failed with exit code 1
Android Tests (3)	UNKNOWN STEP	2026-02-25T19:51:25.2646690Z [command]/usr/local/lib/android/sdk/platform-tools/adb -s emulator-5554 shell getprop sys.boot_completed
Android Tests (3)	UNKNOWN STEP	2026-02-25T19:51:25.2682393Z adb: device offline
Android Tests (3)	UNKNOWN STEP	2026-02-25T19:51:25.2688541Z The process '/usr/local/lib/android/sdk/platform-tools/adb' failed with exit code 1
Android Tests (3)	UNKNOWN STEP	2026-02-25T19:51:27.2737871Z [command]/usr/local/lib/android/sdk/platform-tools/adb -s emulator-5554 shell getprop sys.boot_completed
Android Tests (3)	UNKNOWN STEP	2026-02-25T19:51:27.2770371Z adb: device offline
Android Tests (3)	UNKNOWN STEP	2026-02-25T19:51:27.2777839Z The process '/usr/local/lib/android/sdk/platform-tools/adb' failed with exit code 1
Android Tests (3)	UNKNOWN STEP	2026-02-25T19:51:29.2824638Z [command]/usr/local/lib/android/sdk/platform-tools/adb -s emulator-5554 shell getprop sys.boot_completed
Android Tests (3)	UNKNOWN STEP	2026-02-25T19:51:29.2860331Z adb: device offline
Android Tests (3)	UNKNOWN STEP	2026-02-25T19:51:29.2867309Z The process '/usr/local/lib/android/sdk/platform-tools/adb' failed with exit code 1
Android Tests (3)	UNKNOWN STEP	2026-02-25T19:51:31.2912161Z [command]/usr/local/lib/android/sdk/platform-tools/adb -s emulator-5554 shell getprop sys.boot_completed
Android Tests (3)	UNKNOWN STEP	2026-02-25T19:51:33.2055997Z 
Android Tests (3)	UNKNOWN STEP	2026-02-25T19:51:35.2364246Z [command]/usr/local/lib/android/sdk/platform-tools/adb -s emulator-5554 shell getprop sys.boot_completed
Android Tests (3)	UNKNOWN STEP	2026-02-25T19:51:38.1947586Z 
Android Tests (3)	UNKNOWN STEP	2026-02-25T19:51:40.3960793Z [command]/usr/local/lib/android/sdk/platform-tools/adb -s emulator-5554 shell getprop sys.boot_completed
Android Tests (3)	UNKNOWN STEP	2026-02-25T19:51:41.5178012Z 
Android Tests (3)	UNKNOWN STEP	2026-02-25T19:51:43.5237864Z [command]/usr/local/lib/android/sdk/platform-tools/adb -s emulator-5554 shell getprop sys.boot_completed
Android Tests (3)	UNKNOWN STEP	2026-02-25T19:51:44.2911322Z 
Android Tests (3)	UNKNOWN STEP	2026-02-25T19:51:46.3061748Z [command]/usr/local/lib/android/sdk/platform-tools/adb -s emulator-5554 shell getprop sys.boot_completed
Android Tests (3)	UNKNOWN STEP	2026-02-25T19:51:46.7710980Z 
Android Tests (3)	UNKNOWN STEP	2026-02-25T19:51:48.7832332Z [command]/usr/local/lib/android/sdk/platform-tools/adb -s emulator-5554 shell getprop sys.boot_completed
Android Tests (3)	UNKNOWN STEP	2026-02-25T19:51:49.4113992Z 
Android Tests (3)	UNKNOWN STEP	2026-02-25T19:51:51.4394254Z [command]/usr/local/lib/android/sdk/platform-tools/adb -s emulator-5554 shell getprop sys.boot_completed
Android Tests (3)	UNKNOWN STEP	2026-02-25T19:51:51.8068258Z 
Android Tests (3)	UNKNOWN STEP	2026-02-25T19:51:53.8290695Z [command]/usr/local/lib/android/sdk/platform-tools/adb -s emulator-5554 shell getprop sys.boot_completed
Android Tests (3)	UNKNOWN STEP	2026-02-25T19:51:54.1489250Z 
Android Tests (3)	UNKNOWN STEP	2026-02-25T19:51:56.1594478Z [command]/usr/local/lib/android/sdk/platform-tools/adb -s emulator-5554 shell getprop sys.boot_completed
Android Tests (3)	UNKNOWN STEP	2026-02-25T19:51:56.4814924Z 
Android Tests (3)	UNKNOWN STEP	2026-02-25T19:51:58.4916856Z [command]/usr/local/lib/android/sdk/platform-tools/adb -s emulator-5554 shell getprop sys.boot_completed
Android Tests (3)	UNKNOWN STEP	2026-02-25T19:51:58.9409057Z 
Android Tests (3)	UNKNOWN STEP	2026-02-25T19:52:00.9462942Z [command]/usr/local/lib/android/sdk/platform-tools/adb -s emulator-5554 shell getprop sys.boot_completed
Android Tests (3)	UNKNOWN STEP	2026-02-25T19:52:01.5978435Z 
Android Tests (3)	UNKNOWN STEP	2026-02-25T19:52:03.6028352Z [command]/usr/local/lib/android/sdk/platform-tools/adb -s emulator-5554 shell getprop sys.boot_completed
Android Tests (3)	UNKNOWN STEP	2026-02-25T19:52:04.0598496Z 
Android Tests (3)	UNKNOWN STEP	2026-02-25T19:52:06.0652804Z [command]/usr/local/lib/android/sdk/platform-tools/adb -s emulator-5554 shell getprop sys.boot_completed
Android Tests (3)	UNKNOWN STEP	2026-02-25T19:52:06.4017470Z 
Android Tests (3)	UNKNOWN STEP	2026-02-25T19:52:08.4209077Z [command]/usr/local/lib/android/sdk/platform-tools/adb -s emulator-5554 shell getprop sys.boot_completed
Android Tests (3)	UNKNOWN STEP	2026-02-25T19:52:08.9254055Z 
Android Tests (3)	UNKNOWN STEP	2026-02-25T19:52:10.9306461Z [command]/usr/local/lib/android/sdk/platform-tools/adb -s emulator-5554 shell getprop sys.boot_completed
Android Tests (3)	UNKNOWN STEP	2026-02-25T19:52:12.0434919Z 
Android Tests (3)	UNKNOWN STEP	2026-02-25T19:52:14.1260973Z [command]/usr/local/lib/android/sdk/platform-tools/adb -s emulator-5554 shell getprop sys.boot_completed
Android Tests (3)	UNKNOWN STEP	2026-02-25T19:52:14.5718493Z 
Android Tests (3)	UNKNOWN STEP	2026-02-25T19:52:16.5775494Z [command]/usr/local/lib/android/sdk/platform-tools/adb -s emulator-5554 shell getprop sys.boot_completed
Android Tests (3)	UNKNOWN STEP	2026-02-25T19:52:17.0487629Z 
Android Tests (3)	UNKNOWN STEP	2026-02-25T19:52:19.0904574Z [command]/usr/local/lib/android/sdk/platform-tools/adb -s emulator-5554 shell getprop sys.boot_completed
Android Tests (3)	UNKNOWN STEP	2026-02-25T19:52:19.6214495Z 
Android Tests (3)	UNKNOWN STEP	2026-02-25T19:52:21.6292508Z [command]/usr/local/lib/android/sdk/platform-tools/adb -s emulator-5554 shell getprop sys.boot_completed
Android Tests (3)	UNKNOWN STEP	2026-02-25T19:52:21.9321722Z 
Android Tests (3)	UNKNOWN STEP	2026-02-25T19:52:23.9549579Z [command]/usr/local/lib/android/sdk/platform-tools/adb -s emulator-5554 shell getprop sys.boot_completed
Android Tests (3)	UNKNOWN STEP	2026-02-25T19:52:24.3702433Z 
Android Tests (3)	UNKNOWN STEP	2026-02-25T19:52:26.3795435Z [command]/usr/local/lib/android/sdk/platform-tools/adb -s emulator-5554 shell getprop sys.boot_completed
Android Tests (3)	UNKNOWN STEP	2026-02-25T19:52:26.7609803Z 
Android Tests (3)	UNKNOWN STEP	2026-02-25T19:52:28.7686916Z [command]/usr/local/lib/android/sdk/platform-tools/adb -s emulator-5554 shell getprop sys.boot_completed
Android Tests (3)	UNKNOWN STEP	2026-02-25T19:52:29.1918718Z 
Android Tests (3)	UNKNOWN STEP	2026-02-25T19:52:31.1965101Z [command]/usr/local/lib/android/sdk/platform-tools/adb -s emulator-5554 shell getprop sys.boot_completed
Android Tests (3)	UNKNOWN STEP	2026-02-25T19:52:31.9060867Z 
Android Tests (3)	UNKNOWN STEP	2026-02-25T19:52:33.9114575Z [command]/usr/local/lib/android/sdk/platform-tools/adb -s emulator-5554 shell getprop sys.boot_completed
Android Tests (3)	UNKNOWN STEP	2026-02-25T19:52:34.7944655Z 
Android Tests (3)	UNKNOWN STEP	2026-02-25T19:52:36.7994468Z [command]/usr/local/lib/android/sdk/platform-tools/adb -s emulator-5554 shell getprop sys.boot_completed
Android Tests (3)	UNKNOWN STEP	2026-02-25T19:52:37.4204928Z 
Android Tests (3)	UNKNOWN STEP	2026-02-25T19:52:39.4422421Z [command]/usr/local/lib/android/sdk/platform-tools/adb -s emulator-5554 shell getprop sys.boot_completed
Android Tests (3)	UNKNOWN STEP	2026-02-25T19:52:40.3208923Z 
Android Tests (3)	UNKNOWN STEP	2026-02-25T19:52:42.3554417Z [command]/usr/local/lib/android/sdk/platform-tools/adb -s emulator-5554 shell getprop sys.boot_completed
Android Tests (3)	UNKNOWN STEP	2026-02-25T19:52:43.5152406Z 
Android Tests (3)	UNKNOWN STEP	2026-02-25T19:52:45.5209813Z [command]/usr/local/lib/android/sdk/platform-tools/adb -s emulator-5554 shell getprop sys.boot_completed
Android Tests (3)	UNKNOWN STEP	2026-02-25T19:52:47.7818677Z 
Android Tests (3)	UNKNOWN STEP	2026-02-25T19:52:49.8188759Z [command]/usr/local/lib/android/sdk/platform-tools/adb -s emulator-5554 shell getprop sys.boot_completed
Android Tests (3)	UNKNOWN STEP	2026-02-25T19:52:50.5320363Z 
Android Tests (3)	UNKNOWN STEP	2026-02-25T19:52:52.5384328Z [command]/usr/local/lib/android/sdk/platform-tools/adb -s emulator-5554 shell getprop sys.boot_completed
Android Tests (3)	UNKNOWN STEP	2026-02-25T19:52:53.5947669Z 
Android Tests (3)	UNKNOWN STEP	2026-02-25T19:52:55.6514452Z [command]/usr/local/lib/android/sdk/platform-tools/adb -s emulator-5554 shell getprop sys.boot_completed
Android Tests (3)	UNKNOWN STEP	2026-02-25T19:52:57.5061082Z 
Android Tests (3)	UNKNOWN STEP	2026-02-25T19:52:59.6421387Z [command]/usr/local/lib/android/sdk/platform-tools/adb -s emulator-5554 shell getprop sys.boot_completed
Android Tests (3)	UNKNOWN STEP	2026-02-25T19:53:01.1091396Z 
Android Tests (3)	UNKNOWN STEP	2026-02-25T19:53:03.1658076Z [command]/usr/local/lib/android/sdk/platform-tools/adb -s emulator-5554 shell getprop sys.boot_completed
Android Tests (3)	UNKNOWN STEP	2026-02-25T19:53:04.0117524Z 
Android Tests (3)	UNKNOWN STEP	2026-02-25T19:53:06.0607491Z [command]/usr/local/lib/android/sdk/platform-tools/adb -s emulator-5554 shell getprop sys.boot_completed
Android Tests (3)	UNKNOWN STEP	2026-02-25T19:53:06.7709432Z 
Android Tests (3)	UNKNOWN STEP	2026-02-25T19:53:08.7762867Z [command]/usr/local/lib/android/sdk/platform-tools/adb -s emulator-5554 shell getprop sys.boot_completed
Android Tests (3)	UNKNOWN STEP	2026-02-25T19:53:10.7152027Z 1
Android Tests (3)	UNKNOWN STEP	2026-02-25T19:53:10.7814491Z Emulator booted.
Android Tests (3)	UNKNOWN STEP	2026-02-25T19:53:10.7835780Z [command]/usr/local/lib/android/sdk/platform-tools/adb -s emulator-5554 shell input keyevent 82
Android Tests (3)	UNKNOWN STEP	2026-02-25T19:53:18.2615869Z INFO         | Boot completed in 143485 ms
Android Tests (3)	UNKNOWN STEP	2026-02-25T19:53:18.2617088Z INFO         | Increasing screen off timeout, logcat buffer size to 2M.
Android Tests (3)	UNKNOWN STEP	2026-02-25T19:53:29.3955631Z Disabling animations.
Android Tests (3)	UNKNOWN STEP	2026-02-25T19:53:29.3973785Z [command]/usr/local/lib/android/sdk/platform-tools/adb -s emulator-5554 shell settings put global window_animation_scale 0.0
Android Tests (3)	UNKNOWN STEP	2026-02-25T19:53:32.6308920Z [command]/usr/local/lib/android/sdk/platform-tools/adb -s emulator-5554 shell settings put global transition_animation_scale 0.0
Android Tests (3)	UNKNOWN STEP	2026-02-25T19:53:34.4640421Z [command]/usr/local/lib/android/sdk/platform-tools/adb -s emulator-5554 shell settings put global animator_duration_scale 0.0
Android Tests (3)	UNKNOWN STEP	2026-02-25T19:53:35.5600885Z ##[endgroup]
Android Tests (3)	UNKNOWN STEP	2026-02-25T19:53:35.5622896Z [command]/usr/bin/sh -c ./scripts/test.sh android --no-docker --shard 3 --total-shards 7
Android Tests (3)	UNKNOWN STEP	2026-02-25T19:53:35.5756330Z [1m
Android Tests (3)	UNKNOWN STEP	2026-02-25T19:53:35.5757086Z   Substitution Test Runner
Android Tests (3)	UNKNOWN STEP	2026-02-25T19:53:35.5775099Z   2026-02-25 19:53:35
Android Tests (3)	UNKNOWN STEP	2026-02-25T19:53:35.5775804Z   Targets: android
Android Tests (3)	UNKNOWN STEP	2026-02-25T19:53:35.5776560Z [0m
Android Tests (3)	UNKNOWN STEP	2026-02-25T19:53:35.5784929Z [0;34m[INFO][0m Fetching Flutter dependencies...
Android Tests (3)	UNKNOWN STEP	2026-02-25T19:53:36.7851345Z   unorm_dart 0.2.0 (0.3.2 available)
Android Tests (3)	UNKNOWN STEP	2026-02-25T19:53:36.7852445Z   win32 5.15.0 (6.0.0 available)
Android Tests (3)	UNKNOWN STEP	2026-02-25T19:53:36.7852851Z Got dependencies!
Android Tests (3)	UNKNOWN STEP	2026-02-25T19:53:36.7853383Z 7 packages have newer versions incompatible with dependency constraints.
Android Tests (3)	UNKNOWN STEP	2026-02-25T19:53:36.7854064Z Try `flutter pub outdated` for more information.
Android Tests (3)	UNKNOWN STEP	2026-02-25T19:53:36.7858339Z [0;32m[OK][0m Dependencies fetched
Android Tests (3)	UNKNOWN STEP	2026-02-25T19:53:36.7872939Z [0;34m[INFO][0m Target: android
Android Tests (3)	UNKNOWN STEP	2026-02-25T19:53:36.7873841Z 
Android Tests (3)	UNKNOWN STEP	2026-02-25T19:53:36.7876477Z [1m━━━ Android Tests (Emulator) ━━━[0m
Android Tests (3)	UNKNOWN STEP	2026-02-25T19:53:36.7876916Z 
Android Tests (3)	UNKNOWN STEP	2026-02-25T19:53:36.7927673Z [0;34m[INFO][0m Starting Xvfb virtual display...
Android Tests (3)	UNKNOWN STEP	2026-02-25T19:53:38.7980236Z [0;34m[INFO][0m Detected an already running Android device/emulator. Skipping start.
Android Tests (3)	UNKNOWN STEP	2026-02-25T19:53:38.7982029Z [0;34m[INFO][0m Waiting for emulator boot (timeout: 900s)...
Android Tests (3)	UNKNOWN STEP	2026-02-25T19:53:44.1490683Z [0;32m[OK][0m Emulator is ready
Android Tests (3)	UNKNOWN STEP	2026-02-25T19:53:44.1528944Z [0;34m[INFO][0m Running integration tests on Android (timeout: 2400s)...
Android Tests (3)	UNKNOWN STEP	2026-02-25T19:53:47.1625723Z -j/--concurrency was parsed but will be ignored, this option is not supported when running Integration Tests or web tests.
Android Tests (3)	UNKNOWN STEP	2026-02-25T19:53:47.5159787Z 00:00 +0: loading /home/runner/work/substitution/substitution/integration_test/refresh_logic_test.dart
Android Tests (3)	UNKNOWN STEP	2026-02-25T19:59:32.3535357Z Running Gradle task 'assembleDebug'...                          
Android Tests (3)	UNKNOWN STEP	2026-02-25T19:59:32.3536565Z Checking the license for package NDK (Side by side) 27.0.12077973 in /usr/local/lib/android/sdk/licenses
Android Tests (3)	UNKNOWN STEP	2026-02-25T19:59:32.3540093Z License for package NDK (Side by side) 27.0.12077973 accepted.
Android Tests (3)	UNKNOWN STEP	2026-02-25T19:59:32.3541509Z Preparing "Install NDK (Side by side) 27.0.12077973 v.27.0.12077973".
Android Tests (3)	UNKNOWN STEP	2026-02-25T20:00:31.5443572Z "Install NDK (Side by side) 27.0.12077973 v.27.0.12077973" ready.
Android Tests (3)	UNKNOWN STEP	2026-02-25T20:00:31.6464209Z Installing NDK (Side by side) 27.0.12077973 in /usr/local/lib/android/sdk/ndk/27.0.12077973
Android Tests (3)	UNKNOWN STEP	2026-02-25T20:00:31.6466446Z "Install NDK (Side by side) 27.0.12077973 v.27.0.12077973" complete.
Android Tests (3)	UNKNOWN STEP	2026-02-25T20:00:31.7445096Z "Install NDK (Side by side) 27.0.12077973 v.27.0.12077973" finished.
Android Tests (3)	UNKNOWN STEP	2026-02-25T20:01:23.5436855Z Checking the license for package Android SDK Platform 33 in /usr/local/lib/android/sdk/licenses
Android Tests (3)	UNKNOWN STEP	2026-02-25T20:01:23.5438677Z License for package Android SDK Platform 33 accepted.
Android Tests (3)	UNKNOWN STEP	2026-02-25T20:01:23.5439700Z Preparing "Install Android SDK Platform 33 (revision 3)".
Android Tests (3)	UNKNOWN STEP	2026-02-25T20:01:28.2442859Z "Install Android SDK Platform 33 (revision 3)" ready.
Android Tests (3)	UNKNOWN STEP	2026-02-25T20:01:28.2462801Z Installing Android SDK Platform 33 in /usr/local/lib/android/sdk/platforms/android-33
Android Tests (3)	UNKNOWN STEP	2026-02-25T20:01:28.2463704Z "Install Android SDK Platform 33 (revision 3)" complete.
Android Tests (3)	UNKNOWN STEP	2026-02-25T20:01:28.2464361Z "Install Android SDK Platform 33 (revision 3)" finished.
Android Tests (3)	UNKNOWN STEP	2026-02-25T20:04:52.1435022Z Checking the license for package CMake 3.22.1 in /usr/local/lib/android/sdk/licenses
Android Tests (3)	UNKNOWN STEP	2026-02-25T20:04:52.1442340Z License for package CMake 3.22.1 accepted.
Android Tests (3)	UNKNOWN STEP	2026-02-25T20:04:52.1443312Z Preparing "Install CMake 3.22.1 v.3.22.1".
Android Tests (3)	UNKNOWN STEP	2026-02-25T20:04:53.3440190Z "Install CMake 3.22.1 v.3.22.1" ready.
Android Tests (3)	UNKNOWN STEP	2026-02-25T20:04:53.3441516Z Installing CMake 3.22.1 in /usr/local/lib/android/sdk/cmake/3.22.1
Android Tests (3)	UNKNOWN STEP	2026-02-25T20:04:53.3445865Z "Install CMake 3.22.1 v.3.22.1" complete.
Android Tests (3)	UNKNOWN STEP	2026-02-25T20:04:53.3446378Z "Install CMake 3.22.1 v.3.22.1" finished.
Android Tests (3)	UNKNOWN STEP	2026-02-25T20:05:44.4922180Z Running Gradle task 'assembleDebug'...                            716.7s
Android Tests (3)	UNKNOWN STEP	2026-02-25T20:05:45.3905543Z ✓ Built build/app/outputs/flutter-apk/app-debug.apk
Android Tests (3)	UNKNOWN STEP	2026-02-25T20:05:47.5305203Z Installing build/app/outputs/flutter-apk/app-debug.apk...       00:00 +0 -1: loading /home/runner/work/substitution/substitution/integration_test/refresh_logic_test.dart [E]
Android Tests (3)	UNKNOWN STEP	2026-02-25T20:05:47.5310391Z   TimeoutException after 0:12:00.000000: Test timed out after 12 minutes.
Android Tests (3)	UNKNOWN STEP	2026-02-25T20:05:47.5533281Z   package:test_api/src/backend/invoker.dart 398:28  Invoker._handleError.<fn>
Android Tests (3)	UNKNOWN STEP	2026-02-25T20:05:47.5535786Z   dart:async/zone_root.dart 27:47                   _rootRun
Android Tests (3)	UNKNOWN STEP	2026-02-25T20:05:47.5540639Z   dart:async/zone.dart 726:19                       _CustomZone.run
Android Tests (3)	UNKNOWN STEP	2026-02-25T20:05:47.5541445Z   package:test_api/src/backend/invoker.dart 396:10  Invoker._handleError
Android Tests (3)	UNKNOWN STEP	2026-02-25T20:05:47.5542511Z   package:test_api/src/backend/invoker.dart 351:9   Invoker.heartbeat.<fn>.<fn>
Android Tests (3)	UNKNOWN STEP	2026-02-25T20:05:47.5543330Z   dart:async/zone_root.dart 35:13                   _rootRun
Android Tests (3)	UNKNOWN STEP	2026-02-25T20:05:47.5543993Z   dart:async/zone.dart 726:19                       _CustomZone.run
Android Tests (3)	UNKNOWN STEP	2026-02-25T20:05:47.5545205Z   package:test_api/src/backend/invoker.dart 350:38  Invoker.heartbeat.<fn>
Android Tests (3)	UNKNOWN STEP	2026-02-25T20:05:47.5546061Z   dart:async-patch/timer_patch.dart 18:15           Timer._createTimer.<fn>
Android Tests (3)	UNKNOWN STEP	2026-02-25T20:05:47.5546877Z   dart:isolate-patch/timer_impl.dart 423:19         _Timer._runTimers
Android Tests (3)	UNKNOWN STEP	2026-02-25T20:05:47.5547955Z   dart:isolate-patch/timer_impl.dart 454:5          _Timer._handleMessage
Android Tests (3)	UNKNOWN STEP	2026-02-25T20:05:47.5548888Z   dart:isolate-patch/isolate_patch.dart 193:12      _RawReceivePort._handleMessage
Android Tests (3)	UNKNOWN STEP	2026-02-25T20:05:47.5549579Z   
Android Tests (3)	UNKNOWN STEP	2026-02-25T20:05:47.5565594Z 00:00 +0 -1: loading /home/runner/work/substitution/substitution/integration_test/room_discovery_with_matrix_test.dart
Android Tests (3)	UNKNOWN STEP	2026-02-25T20:06:06.3984626Z    19.9s
Android Tests (3)	UNKNOWN STEP	2026-02-25T20:06:22.1121171Z ✓ Built build/app/outputs/flutter-apk/app-debug.apk
Android Tests (3)	UNKNOWN STEP	2026-02-25T20:06:42.6459238Z Installing build/app/outputs/flutter-apk/app-debug.apk...          18.3s
Android Tests (3)	UNKNOWN STEP	2026-02-25T20:07:13.5781405Z 00:00 +0 -1: loading /home/runner/work/substitution/substitution/integration_test/refresh_logic_test.dart [E]
Android Tests (3)	UNKNOWN STEP	2026-02-25T20:07:13.5793739Z   Failed to load "/home/runner/work/substitution/substitution/integration_test/refresh_logic_test.dart": Failed to start Dart Development Service
Android Tests (3)	UNKNOWN STEP	2026-02-25T20:07:13.5795134Z   
Android Tests (3)	UNKNOWN STEP	2026-02-25T20:17:47.5580324Z 00:00 +0 -2: loading /home/runner/work/substitution/substitution/integration_test/room_discovery_with_matrix_test.dart [E]
Android Tests (3)	UNKNOWN STEP	2026-02-25T20:17:47.5581980Z   TimeoutException after 0:12:00.000000: Test timed out after 12 minutes.
Android Tests (3)	UNKNOWN STEP	2026-02-25T20:17:47.5588122Z   package:test_api/src/backend/invoker.dart 398:28  Invoker._handleError.<fn>
Android Tests (3)	UNKNOWN STEP	2026-02-25T20:17:47.5589280Z   dart:async/zone_root.dart 27:47                   _rootRun
Android Tests (3)	UNKNOWN STEP	2026-02-25T20:17:47.5590040Z   dart:async/zone.dart 726:19                       _CustomZone.run
Android Tests (3)	UNKNOWN STEP	2026-02-25T20:17:47.5590623Z   package:test_api/src/backend/invoker.dart 396:10  Invoker._handleError
Android Tests (3)	UNKNOWN STEP	2026-02-25T20:17:47.5591218Z   package:test_api/src/backend/invoker.dart 351:9   Invoker.heartbeat.<fn>.<fn>
Android Tests (3)	UNKNOWN STEP	2026-02-25T20:17:47.5592023Z   dart:async/zone_root.dart 35:13                   _rootRun
Android Tests (3)	UNKNOWN STEP	2026-02-25T20:17:47.5592627Z   dart:async/zone.dart 726:19                       _CustomZone.run
Android Tests (3)	UNKNOWN STEP	2026-02-25T20:17:47.5593447Z   package:test_api/src/backend/invoker.dart 350:38  Invoker.heartbeat.<fn>
Android Tests (3)	UNKNOWN STEP	2026-02-25T20:17:47.5594326Z   dart:async-patch/timer_patch.dart 18:15           Timer._createTimer.<fn>
Android Tests (3)	UNKNOWN STEP	2026-02-25T20:17:47.5595147Z   dart:isolate-patch/timer_impl.dart 423:19         _Timer._runTimers
Android Tests (3)	UNKNOWN STEP	2026-02-25T20:17:47.5595744Z   dart:isolate-patch/timer_impl.dart 454:5          _Timer._handleMessage
Android Tests (3)	UNKNOWN STEP	2026-02-25T20:17:47.5596312Z   dart:isolate-patch/isolate_patch.dart 193:12      _RawReceivePort._handleMessage
Android Tests (3)	UNKNOWN STEP	2026-02-25T20:17:47.5596751Z   
Android Tests (3)	UNKNOWN STEP	2026-02-25T20:17:47.5597256Z 00:00 +0 -2: loading /home/runner/work/substitution/substitution/integration_test/multi_user_correspondence_test.dart
Android Tests (3)	UNKNOWN STEP	2026-02-25T20:18:18.2297341Z Running Gradle task 'assembleDebug'...                             30.6s
Android Tests (3)	UNKNOWN STEP	2026-02-25T20:18:19.3846552Z ✓ Built build/app/outputs/flutter-apk/app-debug.apk
Android Tests (3)	UNKNOWN STEP	2026-02-25T20:18:35.1124463Z Installing build/app/outputs/flutter-apk/app-debug.apk...          15.3s
Android Tests (3)	UNKNOWN STEP	2026-02-25T20:19:18.8318737Z 00:00 +0 -2: loading /home/runner/work/substitution/substitution/integration_test/feed_merging_test.dart
Android Tests (3)	UNKNOWN STEP	2026-02-25T20:19:48.9586251Z Running Gradle task 'assembleDebug'...                             30.1s
Android Tests (3)	UNKNOWN STEP	2026-02-25T20:19:49.8367470Z ✓ Built build/app/outputs/flutter-apk/app-debug.apk
Android Tests (3)	UNKNOWN STEP	2026-02-25T20:20:02.4072383Z Installing build/app/outputs/flutter-apk/app-debug.apk...          12.1s
Android Tests (3)	UNKNOWN STEP	2026-02-25T20:20:40.3868877Z 00:00 +0 -2: /home/runner/work/substitution/substitution/integration_test/feed_merging_test.dart: (setUpAll)
Android Tests (3)	UNKNOWN STEP	2026-02-25T20:20:40.9211451Z 00:00 +0 -2: /home/runner/work/substitution/substitution/integration_test/feed_merging_test.dart: Feed Merging Integration Test Messages from multiple rooms are interleaved correctly in chronological order
Android Tests (3)	UNKNOWN STEP	2026-02-25T20:20:49.7439605Z Waiting for globalMatrixClient to be initialized...
Android Tests (3)	UNKNOWN STEP	2026-02-25T20:20:55.6562390Z [90m[🌎 Easy Localization] [DEBUG] Localization initialized[0m
Android Tests (3)	UNKNOWN STEP	2026-02-25T20:20:55.7813444Z [Matrix] [32mInitialize client Substitution[0m
Android Tests (3)	UNKNOWN STEP	2026-02-25T20:20:56.0223749Z [Matrix] [32mUser is not logged in.[0m
Android Tests (3)	UNKNOWN STEP	2026-02-25T20:20:56.2320218Z [90m[🌎 Easy Localization] [DEBUG] Start[0m
Android Tests (3)	UNKNOWN STEP	2026-02-25T20:20:56.7027941Z [90m[🌎 Easy Localization] [DEBUG] Init state[0m
Android Tests (3)	UNKNOWN STEP	2026-02-25T20:20:56.8503537Z [90m[🌎 Easy Localization] [DEBUG] Build[0m
Android Tests (3)	UNKNOWN STEP	2026-02-25T20:20:56.8695871Z [90m[🌎 Easy Localization] [DEBUG] Init Localization Delegate[0m
Android Tests (3)	UNKNOWN STEP	2026-02-25T20:20:56.8919687Z [90m[🌎 Easy Localization] [DEBUG] Init provider[0m
Android Tests (3)	UNKNOWN STEP	2026-02-25T20:21:02.3430465Z [90m[🌎 Easy Localization] [DEBUG] Load Localization Delegate[0m
Android Tests (3)	UNKNOWN STEP	2026-02-25T20:21:02.4106610Z [90m[🌎 Easy Localization] [DEBUG] Load asset from assets/translations[0m
Android Tests (3)	UNKNOWN STEP	2026-02-25T20:21:06.0588094Z globalMatrixClient initialized!
Android Tests (3)	UNKNOWN STEP	2026-02-25T20:21:09.4839446Z ══╡ EXCEPTION CAUGHT BY FLUTTER TEST FRAMEWORK ╞════════════════════════════════════════════════════
Android Tests (3)	UNKNOWN STEP	2026-02-25T20:21:09.4939551Z The following _ClientSocketException was thrown running a test:
Android Tests (3)	UNKNOWN STEP	2026-02-25T20:21:09.5077470Z ClientException with SocketException: Connection refused (OS Error: Connection refused, errno =
Android Tests (3)	UNKNOWN STEP	2026-02-25T20:21:09.5134908Z 111), address = localhost, port = 38726, uri=http://localhost:8008/_matrix/client/versions
Android Tests (3)	UNKNOWN STEP	2026-02-25T20:21:09.5427112Z 
Android Tests (3)	UNKNOWN STEP	2026-02-25T20:21:09.5436548Z When the exception was thrown, this was the stack:
Android Tests (3)	UNKNOWN STEP	2026-02-25T20:21:09.5438826Z #0      IOClient.send (package:http/src/io_client.dart:227:7)
Android Tests (3)	UNKNOWN STEP	2026-02-25T20:21:09.5439373Z <asynchronous suspension>
Android Tests (3)	UNKNOWN STEP	2026-02-25T20:21:09.5439954Z #1      TimeoutHttpClient.send (package:matrix/src/utils/http_timeout.dart:49:22)
Android Tests (3)	UNKNOWN STEP	2026-02-25T20:21:09.5440615Z <asynchronous suspension>
Android Tests (3)	UNKNOWN STEP	2026-02-25T20:21:09.5475550Z #2      Api.getVersions (package:matrix/matrix_api_lite/generated/api.dart:5775:22)
Android Tests (3)	UNKNOWN STEP	2026-02-25T20:21:09.5556373Z <asynchronous suspension>
Android Tests (3)	UNKNOWN STEP	2026-02-25T20:21:09.5635342Z #3      Client.checkHomeserver (package:matrix/src/client.dart:560:24)
Android Tests (3)	UNKNOWN STEP	2026-02-25T20:21:09.5723347Z <asynchronous suspension>
Android Tests (3)	UNKNOWN STEP	2026-02-25T20:21:09.5849914Z #4      main.<anonymous closure>.<anonymous closure> (file:///home/runner/work/substitution/substitution/integration_test/feed_merging_test.dart:86:9)
Android Tests (3)	UNKNOWN STEP	2026-02-25T20:21:09.5851096Z <asynchronous suspension>
Android Tests (3)	UNKNOWN STEP	2026-02-25T20:21:09.6011207Z #5      testWidgets.<anonymous closure>.<anonymous closure> (package:flutter_test/src/widget_tester.dart:192:15)
Android Tests (3)	UNKNOWN STEP	2026-02-25T20:21:09.6012719Z <asynchronous suspension>
Android Tests (3)	UNKNOWN STEP	2026-02-25T20:21:09.6013754Z #6      TestWidgetsFlutterBinding._runTestBody (package:flutter_test/src/binding.dart:1682:5)
Android Tests (3)	UNKNOWN STEP	2026-02-25T20:21:09.6099520Z <asynchronous suspension>
Android Tests (3)	UNKNOWN STEP	2026-02-25T20:21:09.6225166Z <asynchronous suspension>
Android Tests (3)	UNKNOWN STEP	2026-02-25T20:21:09.6227127Z (elided one frame from package:stack_trace)
Android Tests (3)	UNKNOWN STEP	2026-02-25T20:21:09.6302893Z 
Android Tests (3)	UNKNOWN STEP	2026-02-25T20:21:09.6423124Z The test description was:
Android Tests (3)	UNKNOWN STEP	2026-02-25T20:21:09.6717583Z   Messages from multiple rooms are interleaved correctly in chronological order
Android Tests (3)	UNKNOWN STEP	2026-02-25T20:21:09.6719718Z ════════════════════════════════════════════════════════════════════════════════════════════════════
Android Tests (3)	UNKNOWN STEP	2026-02-25T20:21:09.7529314Z 00:29 +0 -3: /home/runner/work/substitution/substitution/integration_test/feed_merging_test.dart: Feed Merging Integration Test Messages from multiple rooms are interleaved correctly in chronological order [E]
Android Tests (3)	UNKNOWN STEP	2026-02-25T20:21:09.7530642Z   Test failed. See exception logs above.
Android Tests (3)	UNKNOWN STEP	2026-02-25T20:21:09.7531247Z   The test description was: Messages from multiple rooms are interleaved correctly in chronological order
Android Tests (3)	UNKNOWN STEP	2026-02-25T20:21:09.7532160Z   
Android Tests (3)	UNKNOWN STEP	2026-02-25T20:21:10.2846647Z 00:29 +0 -3: /home/runner/work/substitution/substitution/integration_test/feed_merging_test.dart: (tearDownAll)
Android Tests (3)	UNKNOWN STEP	2026-02-25T20:21:14.4527857Z 00:34 +0 -3: loading /home/runner/work/substitution/substitution/integration_test/followfeeds_with_matrix_test.dart
Android Tests (3)	UNKNOWN STEP	2026-02-25T20:21:44.1677562Z Running Gradle task 'assembleDebug'...                             29.7s
Android Tests (3)	UNKNOWN STEP	2026-02-25T20:21:45.0408548Z ✓ Built build/app/outputs/flutter-apk/app-debug.apk
Android Tests (3)	UNKNOWN STEP	2026-02-25T20:21:56.9872806Z Installing build/app/outputs/flutter-apk/app-debug.apk...          11.5s
Android Tests (3)	UNKNOWN STEP	2026-02-25T20:22:38.4673563Z 01:58 +0 -3: /home/runner/work/substitution/substitution/integration_test/followfeeds_with_matrix_test.dart: (setUpAll)
Android Tests (3)	UNKNOWN STEP	2026-02-25T20:22:38.9454541Z 01:58 +0 -3: /home/runner/work/substitution/substitution/integration_test/followfeeds_with_matrix_test.dart: Follow Feeds Search with Real Matrix Server User can navigate to Follow Feeds and search for a room successfully
Android Tests (3)	UNKNOWN STEP	2026-02-25T20:22:48.6310495Z Waiting for globalMatrixClient to be initialized...
Android Tests (3)	UNKNOWN STEP	2026-02-25T20:22:52.7820958Z [90m[🌎 Easy Localization] [DEBUG] Localization initialized[0m
Android Tests (3)	UNKNOWN STEP	2026-02-25T20:22:52.9153891Z [Matrix] [32mInitialize client Substitution[0m
Android Tests (3)	UNKNOWN STEP	2026-02-25T20:22:53.2147274Z [Matrix] [32mUser is not logged in.[0m
Android Tests (3)	UNKNOWN STEP	2026-02-25T20:22:53.4174161Z [90m[🌎 Easy Localization] [DEBUG] Start[0m
Android Tests (3)	UNKNOWN STEP	2026-02-25T20:22:53.7912143Z [90m[🌎 Easy Localization] [DEBUG] Init state[0m
Android Tests (3)	UNKNOWN STEP	2026-02-25T20:22:53.9982983Z [90m[🌎 Easy Localization] [DEBUG] Build[0m
Android Tests (3)	UNKNOWN STEP	2026-02-25T20:22:53.9983867Z [90m[🌎 Easy Localization] [DEBUG] Init Localization Delegate[0m
Android Tests (3)	UNKNOWN STEP	2026-02-25T20:22:53.9984668Z [90m[🌎 Easy Localization] [DEBUG] Init provider[0m
Android Tests (3)	UNKNOWN STEP	2026-02-25T20:22:58.6522742Z [90m[🌎 Easy Localization] [DEBUG] Load Localization Delegate[0m
Android Tests (3)	UNKNOWN STEP	2026-02-25T20:22:58.6523839Z [90m[🌎 Easy Localization] [DEBUG] Load asset from assets/translations[0m
Android Tests (3)	UNKNOWN STEP	2026-02-25T20:23:02.1045128Z globalMatrixClient initialized!
Android Tests (3)	UNKNOWN STEP	2026-02-25T20:23:02.4369480Z Starting programmatic login for test user...
Android Tests (3)	UNKNOWN STEP	2026-02-25T20:23:02.5363113Z Android: translated server to http://10.0.2.2:8008
Android Tests (3)	UNKNOWN STEP	2026-02-25T20:23:05.5107219Z [Matrix] [32mInitialize client Substitution[0m
Android Tests (3)	UNKNOWN STEP	2026-02-25T20:23:06.4032002Z [Matrix] [32mSuccessfully connected as testuser1 with http://10.0.2.2:8008[0m
Android Tests (3)	UNKNOWN STEP	2026-02-25T20:23:13.8112949Z Login success, navigating to Feed...
Android Tests (3)	UNKNOWN STEP	2026-02-25T20:23:14.0877407Z [90m[🌎 Easy Localization] [DEBUG] Build[0m
Android Tests (3)	UNKNOWN STEP	2026-02-25T20:23:14.0893286Z [90m[🌎 Easy Localization] [DEBUG] Init Localization Delegate[0m
Android Tests (3)	UNKNOWN STEP	2026-02-25T20:23:14.0957967Z [90m[🌎 Easy Localization] [DEBUG] Init provider[0m
Android Tests (3)	UNKNOWN STEP	2026-02-25T20:23:31.8020546Z checking room test_art id: !zSQqEtovDrvSJoXrDi:test.matrix.local
Android Tests (3)	UNKNOWN STEP	2026-02-25T20:23:31.8021476Z checking room test_general id: !kMjGgfbrUIbtMbqpuq:test.matrix.local
Android Tests (3)	UNKNOWN STEP	2026-02-25T20:23:31.8055901Z checking room test_photos id: !CswyAsjuzlAuchxhId:test.matrix.local
Android Tests (3)	UNKNOWN STEP	2026-02-25T20:23:31.8294262Z checking room test_invite_only id: !mybeCfAnjUCcXcOzPI:test.matrix.local
Android Tests (3)	UNKNOWN STEP	2026-02-25T20:23:31.8295134Z checking room test_avatar id: !ooXZkDmVbIQlEAxMDo:test.matrix.local
Android Tests (3)	UNKNOWN STEP	2026-02-25T20:23:31.8617779Z start quering new events...
Android Tests (3)	UNKNOWN STEP	2026-02-25T20:23:31.8792137Z finished...
Android Tests (3)	UNKNOWN STEP	2026-02-25T20:23:31.8812235Z ret is empty...
Android Tests (3)	UNKNOWN STEP	2026-02-25T20:23:31.8974339Z no new things to append...
Android Tests (3)	UNKNOWN STEP	2026-02-25T20:23:43.7964483Z [FollowFeeds] Fetching rooms for generation 0, server: 'test.matrix.local', search: 'null'
Android Tests (3)	UNKNOWN STEP	2026-02-25T20:23:43.7965355Z [FollowFeeds] Calling queryPublicRooms...
Android Tests (3)	UNKNOWN STEP	2026-02-25T20:23:50.6519251Z checking room test_art id: !zSQqEtovDrvSJoXrDi:test.matrix.local
Android Tests (3)	UNKNOWN STEP	2026-02-25T20:23:50.6595113Z checking room test_general id: !kMjGgfbrUIbtMbqpuq:test.matrix.local
Android Tests (3)	UNKNOWN STEP	2026-02-25T20:23:50.6633600Z checking room test_photos id: !CswyAsjuzlAuchxhId:test.matrix.local
Android Tests (3)	UNKNOWN STEP	2026-02-25T20:23:50.6730574Z checking room test_invite_only id: !mybeCfAnjUCcXcOzPI:test.matrix.local
Android Tests (3)	UNKNOWN STEP	2026-02-25T20:23:50.6765863Z checking room test_avatar id: !ooXZkDmVbIQlEAxMDo:test.matrix.local
Android Tests (3)	UNKNOWN STEP	2026-02-25T20:23:50.6839030Z start quering new events...
Android Tests (3)	UNKNOWN STEP	2026-02-25T20:23:50.6946838Z finished...
Android Tests (3)	UNKNOWN STEP	2026-02-25T20:23:50.6947579Z ret is empty...
Android Tests (3)	UNKNOWN STEP	2026-02-25T20:23:50.7024869Z no new things to append...
Android Tests (3)	UNKNOWN STEP	2026-02-25T20:23:52.2147830Z [34m[🌎 Easy Localization] [WARNING] Localization key [settings.room.permissions] not found[0m
Android Tests (3)	UNKNOWN STEP	2026-02-25T20:23:53.5673872Z [34m[🌎 Easy Localization] [WARNING] Localization key [settings.room.permissions] not found[0m
Android Tests (3)	UNKNOWN STEP	2026-02-25T20:23:53.8839279Z [34m[🌎 Easy Localization] [WARNING] Localization key [settings.room.permissions] not found[0m
Android Tests (3)	UNKNOWN STEP	2026-02-25T20:23:54.1955087Z [34m[🌎 Easy Localization] [WARNING] Localization key [settings.room.permissions] not found[0m
Android Tests (3)	UNKNOWN STEP	2026-02-25T20:23:54.5810338Z [34m[🌎 Easy Localization] [WARNING] Localization key [settings.room.permissions] not found[0m
Android Tests (3)	UNKNOWN STEP	2026-02-25T20:23:56.1810156Z Failed to load avatar: mxc://test.matrix.local/qxvMdTCkKiMJvTCyYUUAndze
Android Tests (3)	UNKNOWN STEP	2026-02-25T20:23:56.1909677Z Failed to load avatar: mxc://test.matrix.local/vupwymxIHhxtXCAgeEquiRJE
Android Tests (3)	UNKNOWN STEP	2026-02-25T20:23:57.3295163Z [34m[🌎 Easy Localization] [WARNING] Localization key [settings.room.permissions] not found[0m
Android Tests (3)	UNKNOWN STEP	2026-02-25T20:23:57.7774611Z [34m[🌎 Easy Localization] [WARNING] Localization key [settings.room.permissions] not found[0m
Android Tests (3)	UNKNOWN STEP	2026-02-25T20:23:57.9208293Z [34m[🌎 Easy Localization] [WARNING] Localization key [settings.room.permissions] not found[0m
Android Tests (3)	UNKNOWN STEP	2026-02-25T20:23:58.0860486Z [34m[🌎 Easy Localization] [WARNING] Localization key [settings.room.permissions] not found[0m
Android Tests (3)	UNKNOWN STEP	2026-02-25T20:23:58.2106567Z [34m[🌎 Easy Localization] [WARNING] Localization key [settings.room.permissions] not found[0m
Android Tests (3)	UNKNOWN STEP	2026-02-25T20:24:12.4710856Z [FollowFeeds] Fetching rooms for generation 1, server: 'test.matrix.local', search: 'test_art'
Android Tests (3)	UNKNOWN STEP	2026-02-25T20:24:12.4711894Z [FollowFeeds] Calling queryPublicRooms...
Android Tests (3)	UNKNOWN STEP	2026-02-25T20:24:13.8206427Z [34m[🌎 Easy Localization] [WARNING] Localization key [settings.room.permissions] not found[0m
Android Tests (3)	UNKNOWN STEP	2026-02-25T20:24:15.2684484Z Failed to load avatar: mxc://test.matrix.local/qxvMdTCkKiMJvTCyYUUAndze
Android Tests (3)	UNKNOWN STEP	2026-02-25T20:24:16.1335731Z [34m[🌎 Easy Localization] [WARNING] Localization key [settings.room.permissions] not found[0m
Android Tests (3)	UNKNOWN STEP	2026-02-25T20:24:24.1788320Z Diagnostic: All ListTile count: 1
Android Tests (3)	UNKNOWN STEP	2026-02-25T20:24:24.2591488Z ✓ Found room "test_art". Search is working.
Android Tests (3)	UNKNOWN STEP	2026-02-25T20:24:25.5446597Z 03:45 +1 -3: /home/runner/work/substitution/substitution/integration_test/followfeeds_with_matrix_test.dart: (tearDownAll)
Android Tests (3)	UNKNOWN STEP	2026-02-25T20:24:30.0954848Z 03:49 +1 -3: loading /home/runner/work/substitution/substitution/integration_test/onboarding_and_login_test.dart
Android Tests (3)	UNKNOWN STEP	2026-02-25T20:24:59.3150282Z Running Gradle task 'assembleDebug'...                             29.2s
Android Tests (3)	UNKNOWN STEP	2026-02-25T20:25:00.2033446Z ✓ Built build/app/outputs/flutter-apk/app-debug.apk
Android Tests (3)	UNKNOWN STEP	2026-02-25T20:25:13.3844151Z Installing build/app/outputs/flutter-apk/app-debug.apk...          12.7s
Android Tests (3)	UNKNOWN STEP	2026-02-25T20:25:50.4312400Z 05:10 +1 -3: /home/runner/work/substitution/substitution/integration_test/onboarding_and_login_test.dart: Onboarding & Login Flow with Real Matrix Server Login with invalid credentials shows error
Android Tests (3)	UNKNOWN STEP	2026-02-25T20:25:59.0970135Z Waiting for globalMatrixClient to be initialized...
Android Tests (3)	UNKNOWN STEP	2026-02-25T20:26:08.6103332Z [90m[🌎 Easy Localization] [DEBUG] Localization initialized[0m
Android Tests (3)	UNKNOWN STEP	2026-02-25T20:26:08.7262311Z [Matrix] [32mInitialize client Substitution[0m
Android Tests (3)	UNKNOWN STEP	2026-02-25T20:26:09.1067588Z [Matrix] [32mUser is not logged in.[0m
Android Tests (3)	UNKNOWN STEP	2026-02-25T20:26:09.2273736Z [90m[🌎 Easy Localization] [DEBUG] Start[0m
Android Tests (3)	UNKNOWN STEP	2026-02-25T20:26:09.5765794Z [90m[🌎 Easy Localization] [DEBUG] Init state[0m
Android Tests (3)	UNKNOWN STEP	2026-02-25T20:26:09.6390349Z [90m[🌎 Easy Localization] [DEBUG] Build[0m
Android Tests (3)	UNKNOWN STEP	2026-02-25T20:26:09.6596906Z [90m[🌎 Easy Localization] [DEBUG] Init Localization Delegate[0m
Android Tests (3)	UNKNOWN STEP	2026-02-25T20:26:09.6763327Z [90m[🌎 Easy Localization] [DEBUG] Init provider[0m
Android Tests (3)	UNKNOWN STEP	2026-02-25T20:26:14.7182146Z [90m[🌎 Easy Localization] [DEBUG] Load Localization Delegate[0m
Android Tests (3)	UNKNOWN STEP	2026-02-25T20:26:14.7728651Z [90m[🌎 Easy Localization] [DEBUG] Load asset from assets/translations[0m
Android Tests (3)	UNKNOWN STEP	2026-02-25T20:26:19.1496557Z globalMatrixClient initialized!
Android Tests (3)	UNKNOWN STEP	2026-02-25T20:26:19.5288970Z [90m[🌎 Easy Localization] [DEBUG] Build[0m
Android Tests (3)	UNKNOWN STEP	2026-02-25T20:26:19.5414213Z [90m[🌎 Easy Localization] [DEBUG] Init Localization Delegate[0m
Android Tests (3)	UNKNOWN STEP	2026-02-25T20:26:19.5479022Z [90m[🌎 Easy Localization] [DEBUG] Init provider[0m
Android Tests (3)	UNKNOWN STEP	2026-02-25T20:26:43.5502590Z No Age Gate detected (or already passed).
Android Tests (3)	UNKNOWN STEP	2026-02-25T20:27:26.3890715Z Debug: Checking for fields (Invalid login test)...
Android Tests (3)	UNKNOWN STEP	2026-02-25T20:27:26.4047561Z Fields count: 2
Android Tests (3)	UNKNOWN STEP	2026-02-25T20:27:39.7243715Z ✓ Invalid credentials properly rejected
Android Tests (3)	UNKNOWN STEP	2026-02-25T20:27:41.5270417Z 07:01 +2 -3: /home/runner/work/substitution/substitution/integration_test/onboarding_and_login_test.dart: (tearDownAll)
Android Tests (3)	UNKNOWN STEP	2026-02-25T20:27:44.9319333Z 07:04 +2 -3: loading /home/runner/work/substitution/substitution/integration_test/profile_edit_test.dart
Android Tests (3)	UNKNOWN STEP	2026-02-25T20:28:05.4493429Z Running Gradle task 'assembleDebug'...                             20.5s
Android Tests (3)	UNKNOWN STEP	2026-02-25T20:28:06.3521160Z ✓ Built build/app/outputs/flutter-apk/app-debug.apk
Android Tests (3)	UNKNOWN STEP	2026-02-25T20:28:19.0593899Z Installing build/app/outputs/flutter-apk/app-debug.apk...          12.3s
Android Tests (3)	UNKNOWN STEP	2026-02-25T20:28:54.1926122Z 08:13 +2 -3: /home/runner/work/substitution/substitution/integration_test/profile_edit_test.dart: Menu -> "Edit Profile" -> edit name -> save -> verify updated
Android Tests (3)	UNKNOWN STEP	2026-02-25T20:29:03.4754137Z 08:23 +3 -3: /home/runner/work/substitution/substitution/integration_test/profile_edit_test.dart: (tearDownAll)
Android Tests (3)	UNKNOWN STEP	2026-02-25T20:29:07.6004410Z 08:27 +3 -3: loading /home/runner/work/substitution/substitution/integration_test/feed_with_matrix_test.dart
Android Tests (3)	UNKNOWN STEP	2026-02-25T20:29:36.9540011Z Running Gradle task 'assembleDebug'...                             29.3s
Android Tests (3)	UNKNOWN STEP	2026-02-25T20:29:38.1052989Z ✓ Built build/app/outputs/flutter-apk/app-debug.apk
Android Tests (3)	UNKNOWN STEP	2026-02-25T20:29:53.5401220Z Installing build/app/outputs/flutter-apk/app-debug.apk...          15.0s
Android Tests (3)	UNKNOWN STEP	2026-02-25T20:30:35.6546743Z 09:55 +3 -3: /home/runner/work/substitution/substitution/integration_test/feed_with_matrix_test.dart: (setUpAll)
Android Tests (3)	UNKNOWN STEP	2026-02-25T20:30:36.1892596Z 09:55 +3 -3: /home/runner/work/substitution/substitution/integration_test/feed_with_matrix_test.dart: Feed with Real Matrix Server Feed displays content from test_photos room (has 3 messages)
Android Tests (3)	UNKNOWN STEP	2026-02-25T20:30:48.3152414Z Waiting for globalMatrixClient to be initialized...
Android Tests (3)	UNKNOWN STEP	2026-02-25T20:30:51.0167776Z [90m[🌎 Easy Localization] [DEBUG] Localization initialized[0m
Android Tests (3)	UNKNOWN STEP	2026-02-25T20:30:51.1429353Z [Matrix] [32mInitialize client Substitution[0m
Android Tests (3)	UNKNOWN STEP	2026-02-25T20:30:51.5761964Z [Matrix] [32mUser is not logged in.[0m
Android Tests (3)	UNKNOWN STEP	2026-02-25T20:30:51.8658401Z [90m[🌎 Easy Localization] [DEBUG] Start[0m
Android Tests (3)	UNKNOWN STEP	2026-02-25T20:30:52.2673026Z [90m[🌎 Easy Localization] [DEBUG] Init state[0m
Android Tests (3)	UNKNOWN STEP	2026-02-25T20:30:52.3414970Z [90m[🌎 Easy Localization] [DEBUG] Build[0m
Android Tests (3)	UNKNOWN STEP	2026-02-25T20:30:52.3628980Z [90m[🌎 Easy Localization] [DEBUG] Init Localization Delegate[0m
Android Tests (3)	UNKNOWN STEP	2026-02-25T20:30:52.3861938Z [90m[🌎 Easy Localization] [DEBUG] Init provider[0m
Android Tests (3)	UNKNOWN STEP	2026-02-25T20:30:57.0786239Z [90m[🌎 Easy Localization] [DEBUG] Load Localization Delegate[0m
Android Tests (3)	UNKNOWN STEP	2026-02-25T20:30:57.1476819Z [90m[🌎 Easy Localization] [DEBUG] Load asset from assets/translations[0m
Android Tests (3)	UNKNOWN STEP	2026-02-25T20:31:01.5357176Z globalMatrixClient initialized!
Android Tests (3)	UNKNOWN STEP	2026-02-25T20:31:01.5735390Z Android detected: Translated localhost to http://10.0.2.2:8008
Android Tests (3)	UNKNOWN STEP	2026-02-25T20:31:01.5857152Z Step 1: Checking for Age Gate, Intro, or Login fields...
Android Tests (3)	UNKNOWN STEP	2026-02-25T20:31:02.1526772Z [90m[🌎 Easy Localization] [DEBUG] Build[0m
Android Tests (3)	UNKNOWN STEP	2026-02-25T20:31:02.1527603Z [90m[🌎 Easy Localization] [DEBUG] Init Localization Delegate[0m
Android Tests (3)	UNKNOWN STEP	2026-02-25T20:31:02.1539551Z [90m[🌎 Easy Localization] [DEBUG] Init provider[0m
Android Tests (3)	UNKNOWN STEP	2026-02-25T20:31:22.7865987Z Found screen! AgeGate: false, Intro: true, Username: false, Host: false
Android Tests (3)	UNKNOWN STEP	2026-02-25T20:31:22.7866852Z Step 2: Navigating through onboarding...
Android Tests (3)	UNKNOWN STEP	2026-02-25T20:31:26.8862715Z Tapping Next button at step 0...
Android Tests (3)	UNKNOWN STEP	2026-02-25T20:31:35.3271417Z Tapping Next button at step 1...
Android Tests (3)	UNKNOWN STEP	2026-02-25T20:31:44.0585399Z Reached target page at step 2. Host: true, Username: false
Android Tests (3)	UNKNOWN STEP	2026-02-25T20:31:44.0923380Z Onboarding navigation complete.
Android Tests (3)	UNKNOWN STEP	2026-02-25T20:31:44.1198647Z Step 3: Entering host URL: http://10.0.2.2:8008
Android Tests (3)	UNKNOWN STEP	2026-02-25T20:31:51.8839723Z Tapping host submit button...
Android Tests (3)	UNKNOWN STEP	2026-02-25T20:31:55.7192340Z Waiting for login page to appear...
Android Tests (3)	UNKNOWN STEP	2026-02-25T20:32:40.5957653Z Login page reached.
Android Tests (3)	UNKNOWN STEP	2026-02-25T20:32:40.6156005Z Step 4: Looking for login fields...
Android Tests (3)	UNKNOWN STEP	2026-02-25T20:32:40.7168499Z Entering username: testuser1
Android Tests (3)	UNKNOWN STEP	2026-02-25T20:32:42.7181136Z 12:02 +3 -4: /home/runner/work/substitution/substitution/integration_test/feed_with_matrix_test.dart: Feed with Real Matrix Server Feed displays content from test_photos room (has 3 messages) [E]
Android Tests (3)	UNKNOWN STEP	2026-02-25T20:32:42.7182680Z   TimeoutException after 0:02:00.000000: Test timed out after 2 minutes.
Android Tests (3)	UNKNOWN STEP	2026-02-25T20:32:42.7183082Z   dart:isolate  _RawReceivePort._handleMessage
Android Tests (3)	UNKNOWN STEP	2026-02-25T20:32:42.7183349Z   
Android Tests (3)	UNKNOWN STEP	2026-02-25T20:32:43.3724422Z   'package:flutter_test/src/binding.dart': Failed assertion: line 2780 pos 12: '!_expectingFrame': is not true.
Android Tests (3)	UNKNOWN STEP	2026-02-25T20:32:43.3730328Z   dart:core                                                                  _AssertionError._throwNew
Android Tests (3)	UNKNOWN STEP	2026-02-25T20:32:43.3731918Z   package:flutter_test/src/binding.dart 2780:12                              LiveTestWidgetsFlutterBinding.postTest
Android Tests (3)	UNKNOWN STEP	2026-02-25T20:32:43.3732875Z   ===== asynchronous gap ===========================
Android Tests (3)	UNKNOWN STEP	2026-02-25T20:32:43.3733586Z   package:stream_channel                                                     _GuaranteeSink.add
Android Tests (3)	UNKNOWN STEP	2026-02-25T20:32:43.3734572Z   tmp/flutter_tools.ZFRSBF/flutter_test_listener.BCOJWZ/listener.dart 56:22  main.<fn>
Android Tests (3)	UNKNOWN STEP	2026-02-25T20:32:43.3735345Z   
Android Tests (3)	UNKNOWN STEP	2026-02-25T20:32:44.6769707Z 12:04 +3 -4: /home/runner/work/substitution/substitution/integration_test/feed_with_matrix_test.dart: (tearDownAll)
Android Tests (3)	UNKNOWN STEP	2026-02-25T20:32:51.9843953Z 12:11 +3 -4: loading /home/runner/work/substitution/substitution/integration_test/login_debug_test.dart
Android Tests (3)	UNKNOWN STEP	2026-02-25T20:33:21.6573779Z Running Gradle task 'assembleDebug'...                             29.6s
Android Tests (3)	UNKNOWN STEP	2026-02-25T20:33:22.5442006Z ✓ Built build/app/outputs/flutter-apk/app-debug.apk
Android Tests (3)	UNKNOWN STEP	2026-02-25T20:33:36.1202787Z Installing build/app/outputs/flutter-apk/app-debug.apk...          13.1s
Android Tests (3)	UNKNOWN STEP	2026-02-25T20:33:44.1779311Z Error waiting for a debug connection: The log reader stopped unexpectedly
Android Tests (3)	UNKNOWN STEP	2026-02-25T20:33:54.3896393Z [0;31m[ERROR][0m Android tests failed (exit 124, 4 failed)
Android Tests (3)	UNKNOWN STEP	2026-02-25T20:33:54.3897106Z [0;31m[ERROR][0m Android tests had failures
Android Tests (3)	UNKNOWN STEP	2026-02-25T20:33:54.3897459Z 
Android Tests (3)	UNKNOWN STEP	2026-02-25T20:33:54.3897937Z [1m══════════════════════════════════════════════════════════[0m
Android Tests (3)	UNKNOWN STEP	2026-02-25T20:33:54.3898575Z [1m  Test Results Summary[0m
Android Tests (3)	UNKNOWN STEP	2026-02-25T20:33:54.3901035Z [1m══════════════════════════════════════════════════════════[0m
Android Tests (3)	UNKNOWN STEP	2026-02-25T20:33:54.3901757Z 
Android Tests (3)	UNKNOWN STEP	2026-02-25T20:33:54.3902039Z   TARGET             PASSED   FAILED  SKIPPED   DURATION
Android Tests (3)	UNKNOWN STEP	2026-02-25T20:33:54.3902870Z   ──────────────── ──────── ──────── ──────── ──────────
Android Tests (3)	UNKNOWN STEP	2026-02-25T20:33:54.3903700Z   [0;31mandroid         [0m        3        4        0     40m 0s
Android Tests (3)	UNKNOWN STEP	2026-02-25T20:33:54.3904107Z 
Android Tests (3)	UNKNOWN STEP	2026-02-25T20:33:54.3904397Z   ──────────────── ──────── ──────── ────────
Android Tests (3)	UNKNOWN STEP	2026-02-25T20:33:54.3904986Z   [0;31mTOTAL                   3        4        0[0m
Android Tests (3)	UNKNOWN STEP	2026-02-25T20:33:54.3905344Z 
Android Tests (3)	UNKNOWN STEP	2026-02-25T20:33:54.3905474Z   [0;31m[1mRESULT: FAILED[0m
Android Tests (3)	UNKNOWN STEP	2026-02-25T20:33:54.3905635Z 
Android Tests (3)	UNKNOWN STEP	2026-02-25T20:33:54.3905865Z [1m══════════════════════════════════════════════════════════[0m
Android Tests (3)	UNKNOWN STEP	2026-02-25T20:33:54.3906104Z 
Android Tests (3)	UNKNOWN STEP	2026-02-25T20:33:54.3906226Z [0;34m[INFO][0m Cleaning up...
Android Tests (3)	UNKNOWN STEP	2026-02-25T20:33:54.4220157Z ##[group]Run echo "=== test-results/ ==="
Android Tests (3)	UNKNOWN STEP	2026-02-25T20:33:54.4220532Z [36;1mecho "=== test-results/ ==="[0m
Android Tests (3)	UNKNOWN STEP	2026-02-25T20:33:54.4221127Z [36;1mls -la test-results/ 2>/dev/null || echo "(no test-results dir)"[0m
Android Tests (3)	UNKNOWN STEP	2026-02-25T20:33:54.4221514Z [36;1mfor f in test-results/*.log; do[0m
Android Tests (3)	UNKNOWN STEP	2026-02-25T20:33:54.4222131Z [36;1m  [ -f "$f" ] || continue[0m
Android Tests (3)	UNKNOWN STEP	2026-02-25T20:33:54.4222367Z [36;1m  echo ""[0m
Android Tests (3)	UNKNOWN STEP	2026-02-25T20:33:54.4222559Z [36;1m  echo "=== $f ==="[0m
Android Tests (3)	UNKNOWN STEP	2026-02-25T20:33:54.4222776Z [36;1m  tail -100 "$f"[0m
Android Tests (3)	UNKNOWN STEP	2026-02-25T20:33:54.4222985Z [36;1mdone[0m
Android Tests (3)	UNKNOWN STEP	2026-02-25T20:33:54.4995779Z shell: /usr/bin/bash -e {0}
Android Tests (3)	UNKNOWN STEP	2026-02-25T20:33:54.4996098Z env:
Android Tests (3)	UNKNOWN STEP	2026-02-25T20:33:54.4996319Z   CACHE_VERSION: v1
Android Tests (3)	UNKNOWN STEP	2026-02-25T20:33:54.4996813Z   JAVA_HOME: /opt/hostedtoolcache/Java_Temurin-Hotspot_jdk/17.0.18-8/x64
Android Tests (3)	UNKNOWN STEP	2026-02-25T20:33:54.4997523Z   JAVA_HOME_17_X64: /opt/hostedtoolcache/Java_Temurin-Hotspot_jdk/17.0.18-8/x64
Android Tests (3)	UNKNOWN STEP	2026-02-25T20:33:54.4998314Z   FLUTTER_ROOT: /opt/hostedtoolcache/flutter/stable-3.41.2-x64
Android Tests (3)	UNKNOWN STEP	2026-02-25T20:33:54.4998778Z   PUB_CACHE: /home/runner/.pub-cache
Android Tests (3)	UNKNOWN STEP	2026-02-25T20:33:54.4999148Z   ANDROID_AVD_HOME: /home/runner/.android/avd
Android Tests (3)	UNKNOWN STEP	2026-02-25T20:33:54.4999521Z ##[endgroup]
Android Tests (3)	UNKNOWN STEP	2026-02-25T20:33:54.5074385Z === test-results/ ===
Android Tests (3)	UNKNOWN STEP	2026-02-25T20:33:54.5090841Z total 46872
Android Tests (3)	UNKNOWN STEP	2026-02-25T20:33:54.5091378Z drwxr-xr-x  2 runner runner     4096 Feb 25 20:33 .
Android Tests (3)	UNKNOWN STEP	2026-02-25T20:33:54.5092210Z drwxr-xr-x 24 runner runner     4096 Feb 25 19:53 ..
Android Tests (3)	UNKNOWN STEP	2026-02-25T20:33:54.5092722Z -rw-r--r--  1 runner runner  1504811 Feb 25 20:33 android-device.log
Android Tests (3)	UNKNOWN STEP	2026-02-25T20:33:54.5093295Z -rw-r--r--  1 runner runner    18477 Feb 25 20:33 android-tests.log
Android Tests (3)	UNKNOWN STEP	2026-02-25T20:33:54.5094088Z -rw-r--r--  1 runner runner      233 Feb 25 19:48 ios-device-info.txt
Android Tests (3)	UNKNOWN STEP	2026-02-25T20:33:54.5094951Z -rw-r--r--  1 runner runner 34795326 Feb 25 19:48 ios-test-results.txt
Android Tests (3)	UNKNOWN STEP	2026-02-25T20:33:54.5095541Z -rw-r--r--  1 runner runner 11471554 Feb 25 19:48 test-results.txt
Android Tests (3)	UNKNOWN STEP	2026-02-25T20:33:54.5096133Z -rw-r--r--  1 runner runner   181872 Feb 25 19:48 web-test-results.txt
Android Tests (3)	UNKNOWN STEP	2026-02-25T20:33:54.5096513Z 
Android Tests (3)	UNKNOWN STEP	2026-02-25T20:33:54.5096670Z === test-results/android-device.log ===
Android Tests (3)	UNKNOWN STEP	2026-02-25T20:33:54.5104326Z 02-25 20:33:36.127  2382  2382 D CarrierConfigLoader: mHandler: 9 phoneId: 0
Android Tests (3)	UNKNOWN STEP	2026-02-25T20:33:54.5119502Z 02-25 20:33:36.247  1944  1964 W Looper  : Drained
Android Tests (3)	UNKNOWN STEP	2026-02-25T20:33:54.5121007Z 02-25 20:33:36.595  1944  1958 I system_server: Background concurrent copying GC freed 20768(1508KB) AllocSpace objects, 17(1200KB) LOS objects, 42% free, 7112KB/12MB, paused 151us total 1.251s
Android Tests (3)	UNKNOWN STEP	2026-02-25T20:33:54.5122945Z 02-25 20:33:36.796  1944  1972 W VoiceInteractionManagerService: no available voice recognition services found for user 0
Android Tests (3)	UNKNOWN STEP	2026-02-25T20:33:54.5125022Z 02-25 20:33:36.944  1944  1944 W Looper  : Slow dispatch took 1227ms main h=android.app.ActivityThread$H c=android.app.-$$Lambda$LoadedApk$ReceiverDispatcher$Args$_BumDX2UKsnxLVrE6UJsJZkotuA@59f3f08 m=0
Android Tests (3)	UNKNOWN STEP	2026-02-25T20:33:54.5126882Z 02-25 20:33:37.065  1944  1964 W Looper  : Slow dispatch took 111ms android.fg h=android.os.Handler c=com.android.server.om.-$$Lambda$OverlayManagerService$OverlayChangeListener$u9oeN2C0PDMo0pYiLqfMBkwuMNA@127c0c6 m=0
Android Tests (3)	UNKNOWN STEP	2026-02-25T20:33:54.5128277Z 02-25 20:33:37.114  1944  1944 W Looper  : Slow delivery took 1366ms main h=android.app.ActivityThread$H c=android.app.-$$Lambda$LoadedApk$ReceiverDispatcher$Args$_BumDX2UKsnxLVrE6UJsJZkotuA@a5edbdd m=0
Android Tests (3)	UNKNOWN STEP	2026-02-25T20:33:54.5129584Z 02-25 20:33:37.114  1944  1944 W Looper  : Slow dispatch took 141ms main h=android.app.ActivityThread$H c=android.app.-$$Lambda$LoadedApk$ReceiverDispatcher$Args$_BumDX2UKsnxLVrE6UJsJZkotuA@a5edbdd m=0
Android Tests (3)	UNKNOWN STEP	2026-02-25T20:33:54.5130656Z 02-25 20:33:37.165  1944  1944 I Telecom : DefaultDialerCache: Refreshing default dialer for user 0: now com.android.dialer: DDC.oR@AM4
Android Tests (3)	UNKNOWN STEP	2026-02-25T20:33:54.5131432Z 02-25 20:33:37.256  1944  1944 V BackupManagerConstants: getFullBackupIntervalMilliseconds(...) returns 86400000
Android Tests (3)	UNKNOWN STEP	2026-02-25T20:33:54.5132583Z 02-25 20:33:37.257  1944  1944 V BackupManagerConstants: getFullBackupRequiredNetworkType(...) returns 2
Android Tests (3)	UNKNOWN STEP	2026-02-25T20:33:54.5133262Z 02-25 20:33:37.314  1944  1944 V BackupManagerConstants: getFullBackupRequireCharging(...) returns true
Android Tests (3)	UNKNOWN STEP	2026-02-25T20:33:54.5134401Z 02-25 20:33:37.334  1944  1944 W Looper  : Slow dispatch took 169ms main h=android.app.ActivityThread$H c=android.app.-$$Lambda$LoadedApk$ReceiverDispatcher$Args$_BumDX2UKsnxLVrE6UJsJZkotuA@2f258d9 m=0
Android Tests (3)	UNKNOWN STEP	2026-02-25T20:33:54.5135814Z 02-25 20:33:38.085  2795  2809 I droid.launcher: Background young concurrent copying GC freed 43671(1813KB) AllocSpace objects, 10(784KB) LOS objects, 45% free, 3069KB/5645KB, paused 82us total 611.681ms
Android Tests (3)	UNKNOWN STEP	2026-02-25T20:33:54.5136819Z 02-25 20:33:38.128  2795  2809 W droid.launcher: Reducing the number of considered missed Gc histogram windows from 158 to 100
Android Tests (3)	UNKNOWN STEP	2026-02-25T20:33:54.5137921Z 02-25 20:33:38.318  1944  2026 I ActivityTaskManager: START u0 {act=android.intent.action.MAIN cat=[android.intent.category.LAUNCHER] flg=0x30000000 cmp=art.substitution.substitution/.MainActivity (has extras)} from uid 2000
Android Tests (3)	UNKNOWN STEP	2026-02-25T20:33:54.5142102Z 02-25 20:33:38.512  1944  1967 W system_server: Long monitor contention with owner Binder:1944_3 (2026) at int com.android.server.wm.ActivityStarter.startActivityMayWait(android.app.IApplicationThread, int, java.lang.String, int, int, android.content.Intent, java.lang.String, android.service.voice.IVoiceInteractionSession, com.android.internal.app.IVoiceInteractor, android.os.IBinder, java.lang.String, int, int, android.app.ProfilerInfo, android.app.WaitResult, android.content.res.Configuration, com.android.server.wm.SafeActivityOptions, boolean, int, com.android.server.wm.TaskRecord, java.lang.String, boolean, com.android.server.am.PendingIntentRecord, boolean)(ActivityStarter.java:1217) waiters=1 in void com.android.server.wm.TaskChangeNotificationController.forAllRemoteListeners(com.android.server.wm.TaskChangeNotificationController$TaskStackConsumer, android.os.Message) for 148ms
Android Tests (3)	UNKNOWN STEP	2026-02-25T20:33:54.5145621Z 02-25 20:33:38.573  1944  1962 W InputReader: Device has associated, but no associated display id.
Android Tests (3)	UNKNOWN STEP	2026-02-25T20:33:54.5146167Z 02-25 20:33:38.573  1944  1962 I chatty  : uid=1000(system) Binder:1944_1 identical 8 lines
Android Tests (3)	UNKNOWN STEP	2026-02-25T20:33:54.5146727Z 02-25 20:33:38.573  1944  1962 W InputReader: Device has associated, but no associated display id.
Android Tests (3)	UNKNOWN STEP	2026-02-25T20:33:54.5147611Z 02-25 20:33:38.650  2137  2156 I ssioncontrolle: Background young concurrent copying GC freed 2457(226KB) AllocSpace objects, 0(0B) LOS objects, 5% free, 1544KB/1626KB, paused 67us total 479.374ms
Android Tests (3)	UNKNOWN STEP	2026-02-25T20:33:54.5148594Z 02-25 20:33:38.682  1944  1967 W ActivityManager: Slow operation: 107ms so far, now at startProcess: done creating new process record
Android Tests (3)	UNKNOWN STEP	2026-02-25T20:33:54.5149368Z 02-25 20:33:38.683  1944  1967 W ActivityManager: Slow operation: 107ms so far, now at startProcess: stepping in to startProcess
Android Tests (3)	UNKNOWN STEP	2026-02-25T20:33:54.5150095Z 02-25 20:33:38.731  1944  1967 W ActivityManager: Slow operation: 156ms so far, now at startProcess: done starting proc!
Android Tests (3)	UNKNOWN STEP	2026-02-25T20:33:54.5150823Z 02-25 20:33:38.734  1944  1974 W ActivityManager: Slow operation: 52ms so far, now at startProcess: asking zygote to start proc
Android Tests (3)	UNKNOWN STEP	2026-02-25T20:33:54.5151350Z 02-25 20:33:38.799  1944  1944 W Looper  : Drained
Android Tests (3)	UNKNOWN STEP	2026-02-25T20:33:54.5151896Z 02-25 20:33:39.332  1690  1690 D Zygote  : Forked child process 4424
Android Tests (3)	UNKNOWN STEP	2026-02-25T20:33:54.5152445Z 02-25 20:33:39.639  1944  1974 W ActivityManager: Slow operation: 956ms so far, now at startProcess: returned from zygote!
Android Tests (3)	UNKNOWN STEP	2026-02-25T20:33:54.5153169Z 02-25 20:33:39.640  1944  1974 W ActivityManager: Slow operation: 957ms so far, now at startProcess: done updating battery stats
Android Tests (3)	UNKNOWN STEP	2026-02-25T20:33:54.5153889Z 02-25 20:33:39.641  1944  1974 W ActivityManager: Slow operation: 959ms so far, now at startProcess: building log message
Android Tests (3)	UNKNOWN STEP	2026-02-25T20:33:54.5154872Z 02-25 20:33:39.642  1944  1974 I ActivityManager: Start proc 4424:art.substitution.substitution/u0a123 for activity {art.substitution.substitution/art.substitution.substitution.MainActivity}
Android Tests (3)	UNKNOWN STEP	2026-02-25T20:33:54.5156042Z 02-25 20:33:39.642  1944  1974 W ActivityManager: Slow operation: 959ms so far, now at startProcess: starting to update pids map
Android Tests (3)	UNKNOWN STEP	2026-02-25T20:33:54.5156783Z 02-25 20:33:39.642  1944  1974 W ActivityManager: Slow operation: 960ms so far, now at startProcess: done updating pids map
Android Tests (3)	UNKNOWN STEP	2026-02-25T20:33:54.5157819Z 02-25 20:33:39.790  2137  2156 I ssioncontrolle: Background concurrent copying GC freed 626(62KB) AllocSpace objects, 0(0B) LOS objects, 50% free, 1529KB/3065KB, paused 74us total 943.671ms
Android Tests (3)	UNKNOWN STEP	2026-02-25T20:33:54.5158609Z 02-25 20:33:39.975  4424  4424 I on.substitutio: Late-enabling -Xcheck:jni
Android Tests (3)	UNKNOWN STEP	2026-02-25T20:33:54.5159076Z 02-25 20:33:40.302  4424  4424 E on.substitutio: Unknown bits set in runtime_flags: 0x8000
Android Tests (3)	UNKNOWN STEP	2026-02-25T20:33:54.5159617Z 02-25 20:33:40.416  4424  4424 W on.substitutio: Unexpected CPU variant for X86 using defaults: x86_64
Android Tests (3)	UNKNOWN STEP	2026-02-25T20:33:54.5160105Z 02-25 20:33:40.457  1944  1968 E system_server: Invalid ID 0x00000000.
Android Tests (3)	UNKNOWN STEP	2026-02-25T20:33:54.5160695Z 02-25 20:33:40.513  1944  1968 I Choreographer: Skipped 129 frames!  The application may be doing too much work on its main thread.
Android Tests (3)	UNKNOWN STEP	2026-02-25T20:33:54.5161367Z 02-25 20:33:40.620  1720  1759 D gralloc_ranchu: gralloc_alloc: Creating ashmem region of size 9850880
Android Tests (3)	UNKNOWN STEP	2026-02-25T20:33:54.5162138Z 02-25 20:33:41.346  1944  1962 W InputReader: Device has associated, but no associated display id.
Android Tests (3)	UNKNOWN STEP	2026-02-25T20:33:54.5162894Z 02-25 20:33:41.413  1944  1962 W ActivityManager: Slow operation: 108ms so far, now at attachApplicationLocked: after mServices.attachApplicationLocked
Android Tests (3)	UNKNOWN STEP	2026-02-25T20:33:54.5163609Z 02-25 20:33:41.402  1944  1962 I chatty  : uid=1000(system) Binder:1944_1 identical 28 lines
Android Tests (3)	UNKNOWN STEP	2026-02-25T20:33:54.5164133Z 02-25 20:33:41.402  1944  1962 W InputReader: Device has associated, but no associated display id.
Android Tests (3)	UNKNOWN STEP	2026-02-25T20:33:54.5164793Z 02-25 20:33:41.416  1944  1968 I Choreographer: Skipped 48 frames!  The application may be doing too much work on its main thread.
Android Tests (3)	UNKNOWN STEP	2026-02-25T20:33:54.5165455Z 02-25 20:33:41.493  1944  1968 W InputReader: Device has associated, but no associated display id.
Android Tests (3)	UNKNOWN STEP	2026-02-25T20:33:54.5166141Z 02-25 20:33:41.493  1944  1968 I chatty  : uid=1000(system) android.anim identical 8 lines
Android Tests (3)	UNKNOWN STEP	2026-02-25T20:33:54.5166671Z 02-25 20:33:41.493  1944  1968 W InputReader: Device has associated, but no associated display id.
Android Tests (3)	UNKNOWN STEP	2026-02-25T20:33:54.5167979Z 02-25 20:33:41.584  1944  2712 W system_server: Long monitor contention with owner android.anim (1968) at void com.android.server.wm.WindowSurfacePlacer.lambda$new$0$WindowSurfacePlacer()(WindowSurfacePlacer.java:61) waiters=1 in void com.android.server.wm.TaskPersister$TaskWriteQueueItem.process() for 155ms
Android Tests (3)	UNKNOWN STEP	2026-02-25T20:33:54.5169309Z 02-25 20:33:41.615  1720  1759 D gralloc_ranchu: gralloc_alloc: Creating ashmem region of size 9850880
Android Tests (3)	UNKNOWN STEP	2026-02-25T20:33:54.5169820Z 02-25 20:33:41.671  1944  1972 I RoleUserState: Wrote roles.xml successfully
Android Tests (3)	UNKNOWN STEP	2026-02-25T20:33:54.5170417Z 02-25 20:33:42.375  1944  1968 I Choreographer: Skipped 46 frames!  The application may be doing too much work on its main thread.
Android Tests (3)	UNKNOWN STEP	2026-02-25T20:33:54.5171124Z 02-25 20:33:42.420  2795  2873 D EGL_emulation: eglMakeCurrent: 0x78ccbdf1b240: ver 3 0 (tinfo 0x78cd98c70d80)
Android Tests (3)	UNKNOWN STEP	2026-02-25T20:33:54.5172011Z 02-25 20:33:42.871  1944  2712 E TaskPersister: File error accessing recents directory (directory doesn't exist?).
Android Tests (3)	UNKNOWN STEP	2026-02-25T20:33:54.5172634Z 02-25 20:33:44.436  1761  1761 W adbd    : timeout expired while flushing socket, closing
Android Tests (3)	UNKNOWN STEP	2026-02-25T20:33:54.5173177Z 02-25 20:33:45.715  1742  1839 E SurfaceFlinger: ro.sf.lcd_density must be defined as a build property
Android Tests (3)	UNKNOWN STEP	2026-02-25T20:33:54.5173761Z 02-25 20:33:45.758  1742  1839 E SurfaceFlinger: ro.sf.lcd_density must be defined as a build property
Android Tests (3)	UNKNOWN STEP	2026-02-25T20:33:54.5174321Z 02-25 20:33:45.832  4424  4453 D libEGL  : Emulator has host GPU support, qemu.gles is set to 1.
Android Tests (3)	UNKNOWN STEP	2026-02-25T20:33:54.5174963Z 02-25 20:33:45.838  4424  4453 W libc    : Unable to set property "qemu.gles" to "1": connection failed; errno=13 (Permission denied)
Android Tests (3)	UNKNOWN STEP	2026-02-25T20:33:54.5176385Z 02-25 20:33:45.830  4424  4424 W RenderThread: type=1400 audit(0.0:110): avc: denied { write } for name="property_service" dev="tmpfs" ino=848 scontext=u:r:untrusted_app:s0:c123,c256,c512,c768 tcontext=u:object_r:property_socket:s0 tclass=sock_file permissive=0 app=art.substitution.substitution
Android Tests (3)	UNKNOWN STEP	2026-02-25T20:33:54.5177692Z 02-25 20:33:46.220  4424  4456 D FlutterJNI: Beginning load of flutter...
Android Tests (3)	UNKNOWN STEP	2026-02-25T20:33:54.5178217Z 02-25 20:33:46.316  4424  4457 I ResourceExtractor: Resource version mismatch res_timestamp-7-1772051614921
Android Tests (3)	UNKNOWN STEP	2026-02-25T20:33:54.5178774Z 02-25 20:33:46.351  4424  4453 D libEGL  : loaded /vendor/lib64/egl/libEGL_emulation.so
Android Tests (3)	UNKNOWN STEP	2026-02-25T20:33:54.5179271Z 02-25 20:33:46.377  4424  4453 D libEGL  : loaded /vendor/lib64/egl/libGLESv1_CM_emulation.so
Android Tests (3)	UNKNOWN STEP	2026-02-25T20:33:54.5179766Z 02-25 20:33:46.403  4424  4453 D libEGL  : loaded /vendor/lib64/egl/libGLESv2_emulation.so
Android Tests (3)	UNKNOWN STEP	2026-02-25T20:33:54.5180410Z 02-25 20:33:46.589  1944  2026 I ActivityManager: Force stopping art.substitution.substitution appid=10123 user=0: from pid 4454
Android Tests (3)	UNKNOWN STEP	2026-02-25T20:33:54.5181266Z 02-25 20:33:46.597  1944  2026 I ActivityManager: Killing 4424:art.substitution.substitution/u0a123 (adj 0): stop art.substitution.substitution
Android Tests (3)	UNKNOWN STEP	2026-02-25T20:33:54.5182523Z 02-25 20:33:46.612  1944  2026 W ActivityTaskManager: Force removing ActivityRecord{ddfcaaa u0 art.substitution.substitution/.MainActivity t14 f}: app died, no saved state
Android Tests (3)	UNKNOWN STEP	2026-02-25T20:33:54.5183369Z 02-25 20:33:46.734  1720  1759 D gralloc_ranchu: gralloc_alloc: Creating ashmem region of size 9850880
Android Tests (3)	UNKNOWN STEP	2026-02-25T20:33:54.5183940Z 02-25 20:33:46.875  1944  2026 W InputReader: Device has associated, but no associated display id.
Android Tests (3)	UNKNOWN STEP	2026-02-25T20:33:54.5184465Z 02-25 20:33:46.966  1944  2026 I chatty  : uid=1000(system) Binder:1944_3 identical 18 lines
Android Tests (3)	UNKNOWN STEP	2026-02-25T20:33:54.5184985Z 02-25 20:33:46.966  1944  2026 W InputReader: Device has associated, but no associated display id.
Android Tests (3)	UNKNOWN STEP	2026-02-25T20:33:54.5186394Z 02-25 20:33:47.023  1944  1965 W system_server: Long monitor contention with owner Binder:1944_3 (2026) at void com.android.server.am.ActivityManagerService.forceStopPackage(java.lang.String, int)(ActivityManagerService.java:4245) waiters=0 in void com.android.server.am.ActivityManagerService.dispatchUidsChanged() for 430ms
Android Tests (3)	UNKNOWN STEP	2026-02-25T20:33:54.5187996Z 02-25 20:33:47.026  1944  1965 W Looper  : Slow dispatch took 432ms android.ui h=com.android.server.am.ActivityManagerService$UiHandler c=null m=53
Android Tests (3)	UNKNOWN STEP	2026-02-25T20:33:54.5188909Z 02-25 20:33:47.026  1944  1965 W Looper  : Slow delivery took 416ms android.ui h=com.android.server.am.ActivityManagerService$UiHandler c=null m=32
Android Tests (3)	UNKNOWN STEP	2026-02-25T20:33:54.5190554Z 02-25 20:33:47.028  1944  4251 W system_server: Long monitor contention with owner Binder:1944_3 (2026) at void com.android.server.am.ActivityManagerService.forceStopPackage(java.lang.String, int)(ActivityManagerService.java:4245) waiters=1 in void com.android.server.am.ActivityManagerService.forceStopPackage(java.lang.String, int) for 335ms
Android Tests (3)	UNKNOWN STEP	2026-02-25T20:33:54.5192263Z 02-25 20:33:47.043  1944  4251 I ActivityManager: Force stopping art.substitution.substitution appid=10123 user=0: from pid 4452
Android Tests (3)	UNKNOWN STEP	2026-02-25T20:33:54.5192922Z 02-25 20:33:47.051  1690  1690 I Zygote  : Process 4424 exited due to signal 9 (Killed)
Android Tests (3)	UNKNOWN STEP	2026-02-25T20:33:54.5193503Z 02-25 20:33:47.077  1944  1975 I libprocessgroup: Successfully killed process cgroup uid 10123 pid 4424 in 476ms
Android Tests (3)	UNKNOWN STEP	2026-02-25T20:33:54.5194270Z 02-25 20:33:47.140  1944  1944 W Looper  : Slow dispatch took 108ms main h=com.android.server.job.JobSchedulerService$JobHandler c=null m=7
Android Tests (3)	UNKNOWN STEP	2026-02-25T20:33:54.5194850Z 02-25 20:33:47.347  1944  1965 W Looper  : Drained
Android Tests (3)	UNKNOWN STEP	2026-02-25T20:33:54.5195354Z 02-25 20:33:47.401  1944  1972 I ActivityTaskManager: Displayed art.substitution.substitution/.MainActivity: +9s9ms
Android Tests (3)	UNKNOWN STEP	2026-02-25T20:33:54.5196626Z 02-25 20:33:47.405  1944  1968 W WindowManager: Failed looking up window callers=com.android.server.wm.WindowManagerService.windowForClientLocked:5281 com.android.server.wm.WindowManagerService.removeWindow:1753 com.android.server.wm.Session.remove:176 
Android Tests (3)	UNKNOWN STEP	2026-02-25T20:33:54.5197869Z 02-25 20:33:47.439  2382  2382 D CarrierSvcBindHelper: No carrier app for: 0
Android Tests (3)	UNKNOWN STEP	2026-02-25T20:33:54.5198376Z 02-25 20:33:47.472  1720  1759 D gralloc_ranchu: gralloc_alloc: Creating ashmem region of size 9850880
Android Tests (3)	UNKNOWN STEP	2026-02-25T20:33:54.5199180Z 02-25 20:33:47.480  1944  3606 D HostConnection: HostConnection::get() New Host Connection established 0x78ccb86078a0, tid 3606
Android Tests (3)	UNKNOWN STEP	2026-02-25T20:33:54.5201954Z 02-25 20:33:47.506  1944  3606 D HostConnection: HostComposition ext ANDROID_EMU_CHECKSUM_HELPER_v1 ANDROID_EMU_native_sync_v2 ANDROID_EMU_dma_v1 ANDROID_EMU_direct_mem ANDROID_EMU_host_composition_v1 ANDROID_EMU_host_composition_v2 ANDROID_EMU_vulkan ANDROID_EMU_deferred_vulkan_commands ANDROID_EMU_vulkan_create_resources_with_requirements ANDROID_EMU_vulkan_free_memory_sync ANDROID_EMU_vulkan_shader_float16_int8 ANDROID_EMU_vulkan_async_queue_submit ANDROID_EMU_sync_buffer_data ANDROID_EMU_vulkan_async_qsri ANDROID_EMU_hwc_color_transform GL_OES_EGL_image_external_essl3 GL_OES_vertex_array_object GL_KHR_texture_compression_astc_ldr ANDROID_EMU_host_side_tracing ANDROID_EMU_gles_max_version_3_0 
Android Tests (3)	UNKNOWN STEP	2026-02-25T20:33:54.5204570Z 02-25 20:33:47.552  2795  2873 D EGL_emulation: eglMakeCurrent: 0x78ccbdf1b240: ver 3 0 (tinfo 0x78cd98c70d80)
Android Tests (3)	UNKNOWN STEP	2026-02-25T20:33:54.5205175Z 02-25 20:33:47.615  1944  3606 D EGL_emulation: eglCreateContext: 0x78ccb86079e0: maj 3 min 0 rcv 3
Android Tests (3)	UNKNOWN STEP	2026-02-25T20:33:54.5205780Z 02-25 20:33:47.617  1944  3606 D EGL_emulation: eglMakeCurrent: 0x78ccb86079e0: ver 3 0 (tinfo 0x78cd096f6d80)
Android Tests (3)	UNKNOWN STEP	2026-02-25T20:33:54.5206382Z 02-25 20:33:47.633  1720  1759 D gralloc_ranchu: gralloc_alloc: Creating ashmem region of size 9850880
Android Tests (3)	UNKNOWN STEP	2026-02-25T20:33:54.5206948Z 02-25 20:33:47.656  1720  1759 D gralloc_ranchu: gralloc_alloc: Creating ashmem region of size 9850880
Android Tests (3)	UNKNOWN STEP	2026-02-25T20:33:54.5207451Z 02-25 20:33:47.707  2382  2382 D CarrierSvcBindHelper: No carrier app for: 0
Android Tests (3)	UNKNOWN STEP	2026-02-25T20:33:54.5208252Z 02-25 20:33:48.007  2795  2809 I droid.launcher: NativeAlloc concurrent copying GC freed 7836(380KB) AllocSpace objects, 1(96KB) LOS objects, 49% free, 2706KB/5413KB, paused 81us total 421.711ms
Android Tests (3)	UNKNOWN STEP	2026-02-25T20:33:54.5209173Z 02-25 20:33:48.468  1944  1966 I DropBoxManagerService: add tag=system_app_strictmode isTagEnabled=true flags=0x2
Android Tests (3)	UNKNOWN STEP	2026-02-25T20:33:54.5210086Z 02-25 20:33:48.562  2124  2139 I ndroid.systemu: NativeAlloc concurrent copying GC freed 11865(768KB) AllocSpace objects, 0(0B) LOS objects, 49% free, 5161KB/10MB, paused 94us total 1.368s
Android Tests (3)	UNKNOWN STEP	2026-02-25T20:33:54.5211240Z 02-25 20:33:49.221  1944  1958 I system_server: NativeAlloc concurrent copying GC freed 22524(1625KB) AllocSpace objects, 15(556KB) LOS objects, 42% free, 7170KB/12MB, paused 161us total 844.767ms
Android Tests (3)	UNKNOWN STEP	2026-02-25T20:33:54.5212183Z 02-25 20:33:48.631  1944  1966 I chatty  : uid=1000(system) android.io identical 3 lines
Android Tests (3)	UNKNOWN STEP	2026-02-25T20:33:54.5212766Z 02-25 20:33:48.699  1944  1966 I DropBoxManagerService: add tag=system_app_strictmode isTagEnabled=true flags=0x2
Android Tests (3)	UNKNOWN STEP	2026-02-25T20:33:54.5213445Z 02-25 20:33:50.097  1944  2712 E TaskPersister: File error accessing recents directory (directory doesn't exist?).
Android Tests (3)	UNKNOWN STEP	2026-02-25T20:33:54.5213833Z 
Android Tests (3)	UNKNOWN STEP	2026-02-25T20:33:54.5213941Z === test-results/android-tests.log ===
Android Tests (3)	UNKNOWN STEP	2026-02-25T20:33:54.5214664Z [34m[🌎 Easy Localization] [WARNING] Localization key [settings.room.permissions] not found[0m
Android Tests (3)	UNKNOWN STEP	2026-02-25T20:33:54.5215358Z [34m[🌎 Easy Localization] [WARNING] Localization key [settings.room.permissions] not found[0m
Android Tests (3)	UNKNOWN STEP	2026-02-25T20:33:54.5215917Z Failed to load avatar: mxc://test.matrix.local/qxvMdTCkKiMJvTCyYUUAndze
Android Tests (3)	UNKNOWN STEP	2026-02-25T20:33:54.5216379Z Failed to load avatar: mxc://test.matrix.local/vupwymxIHhxtXCAgeEquiRJE
Android Tests (3)	UNKNOWN STEP	2026-02-25T20:33:54.5216973Z [34m[🌎 Easy Localization] [WARNING] Localization key [settings.room.permissions] not found[0m
Android Tests (3)	UNKNOWN STEP	2026-02-25T20:33:54.5217639Z [34m[🌎 Easy Localization] [WARNING] Localization key [settings.room.permissions] not found[0m
Android Tests (3)	UNKNOWN STEP	2026-02-25T20:33:54.5218293Z [34m[🌎 Easy Localization] [WARNING] Localization key [settings.room.permissions] not found[0m
Android Tests (3)	UNKNOWN STEP	2026-02-25T20:33:54.5219075Z [34m[🌎 Easy Localization] [WARNING] Localization key [settings.room.permissions] not found[0m
Android Tests (3)	UNKNOWN STEP	2026-02-25T20:33:54.5219739Z [34m[🌎 Easy Localization] [WARNING] Localization key [settings.room.permissions] not found[0m
Android Tests (3)	UNKNOWN STEP	2026-02-25T20:33:54.5220455Z [FollowFeeds] Fetching rooms for generation 1, server: 'test.matrix.local', search: 'test_art'
Android Tests (3)	UNKNOWN STEP	2026-02-25T20:33:54.5220902Z [FollowFeeds] Calling queryPublicRooms...
Android Tests (3)	UNKNOWN STEP	2026-02-25T20:33:54.5221410Z [34m[🌎 Easy Localization] [WARNING] Localization key [settings.room.permissions] not found[0m
Android Tests (3)	UNKNOWN STEP	2026-02-25T20:33:54.5222083Z Failed to load avatar: mxc://test.matrix.local/qxvMdTCkKiMJvTCyYUUAndze
Android Tests (3)	UNKNOWN STEP	2026-02-25T20:33:54.5222677Z [34m[🌎 Easy Localization] [WARNING] Localization key [settings.room.permissions] not found[0m
Android Tests (3)	UNKNOWN STEP	2026-02-25T20:33:54.5223124Z Diagnostic: All ListTile count: 1
Android Tests (3)	UNKNOWN STEP	2026-02-25T20:33:54.5223429Z ✓ Found room "test_art". Search is working.
Android Tests (3)	UNKNOWN STEP	2026-02-25T20:33:54.5223980Z 03:45 +1 -3: /home/runner/work/substitution/substitution/integration_test/followfeeds_with_matrix_test.dart: (tearDownAll)
Android Tests (3)	UNKNOWN STEP	2026-02-25T20:33:54.5224755Z 03:49 +1 -3: loading /home/runner/work/substitution/substitution/integration_test/onboarding_and_login_test.dart
Android Tests (3)	UNKNOWN STEP	2026-02-25T20:33:54.5225344Z Running Gradle task 'assembleDebug'...                             29.2s
Android Tests (3)	UNKNOWN STEP	2026-02-25T20:33:54.5225777Z ✓ Built build/app/outputs/flutter-apk/app-debug.apk
Android Tests (3)	UNKNOWN STEP	2026-02-25T20:33:54.5226183Z Installing build/app/outputs/flutter-apk/app-debug.apk...          12.7s
Android Tests (3)	UNKNOWN STEP	2026-02-25T20:33:54.5227059Z 05:10 +1 -3: /home/runner/work/substitution/substitution/integration_test/onboarding_and_login_test.dart: Onboarding & Login Flow with Real Matrix Server Login with invalid credentials shows error
Android Tests (3)	UNKNOWN STEP	2026-02-25T20:33:54.5227867Z Waiting for globalMatrixClient to be initialized...
Android Tests (3)	UNKNOWN STEP	2026-02-25T20:33:54.5228288Z [90m[🌎 Easy Localization] [DEBUG] Localization initialized[0m
Android Tests (3)	UNKNOWN STEP	2026-02-25T20:33:54.5228685Z [Matrix] [32mInitialize client Substitution[0m
Android Tests (3)	UNKNOWN STEP	2026-02-25T20:33:54.5229007Z [Matrix] [32mUser is not logged in.[0m
Android Tests (3)	UNKNOWN STEP	2026-02-25T20:33:54.5229324Z [90m[🌎 Easy Localization] [DEBUG] Start[0m
Android Tests (3)	UNKNOWN STEP	2026-02-25T20:33:54.5229663Z [90m[🌎 Easy Localization] [DEBUG] Init state[0m
Android Tests (3)	UNKNOWN STEP	2026-02-25T20:33:54.5229992Z [90m[🌎 Easy Localization] [DEBUG] Build[0m
Android Tests (3)	UNKNOWN STEP	2026-02-25T20:33:54.5230386Z [90m[🌎 Easy Localization] [DEBUG] Init Localization Delegate[0m
Android Tests (3)	UNKNOWN STEP	2026-02-25T20:33:54.5230795Z [90m[🌎 Easy Localization] [DEBUG] Init provider[0m
Android Tests (3)	UNKNOWN STEP	2026-02-25T20:33:54.5231196Z [90m[🌎 Easy Localization] [DEBUG] Load Localization Delegate[0m
Android Tests (3)	UNKNOWN STEP	2026-02-25T20:33:54.5231778Z [90m[🌎 Easy Localization] [DEBUG] Load asset from assets/translations[0m
Android Tests (3)	UNKNOWN STEP	2026-02-25T20:33:54.5232156Z globalMatrixClient initialized!
Android Tests (3)	UNKNOWN STEP	2026-02-25T20:33:54.5232454Z [90m[🌎 Easy Localization] [DEBUG] Build[0m
Android Tests (3)	UNKNOWN STEP	2026-02-25T20:33:54.5232836Z [90m[🌎 Easy Localization] [DEBUG] Init Localization Delegate[0m
Android Tests (3)	UNKNOWN STEP	2026-02-25T20:33:54.5233232Z [90m[🌎 Easy Localization] [DEBUG] Init provider[0m
Android Tests (3)	UNKNOWN STEP	2026-02-25T20:33:54.5233536Z No Age Gate detected (or already passed).
Android Tests (3)	UNKNOWN STEP	2026-02-25T20:33:54.5233827Z Debug: Checking for fields (Invalid login test)...
Android Tests (3)	UNKNOWN STEP	2026-02-25T20:33:54.5234118Z Fields count: 2
Android Tests (3)	UNKNOWN STEP	2026-02-25T20:33:54.5234362Z ✓ Invalid credentials properly rejected
Android Tests (3)	UNKNOWN STEP	2026-02-25T20:33:54.5234882Z 07:01 +2 -3: /home/runner/work/substitution/substitution/integration_test/onboarding_and_login_test.dart: (tearDownAll)
Android Tests (3)	UNKNOWN STEP	2026-02-25T20:33:54.5235609Z 07:04 +2 -3: loading /home/runner/work/substitution/substitution/integration_test/profile_edit_test.dart
Android Tests (3)	UNKNOWN STEP	2026-02-25T20:33:54.5236166Z Running Gradle task 'assembleDebug'...                             20.5s
Android Tests (3)	UNKNOWN STEP	2026-02-25T20:33:54.5236589Z ✓ Built build/app/outputs/flutter-apk/app-debug.apk
Android Tests (3)	UNKNOWN STEP	2026-02-25T20:33:54.5236980Z Installing build/app/outputs/flutter-apk/app-debug.apk...          12.3s
Android Tests (3)	UNKNOWN STEP	2026-02-25T20:33:54.5237723Z 08:13 +2 -3: /home/runner/work/substitution/substitution/integration_test/profile_edit_test.dart: Menu -> "Edit Profile" -> edit name -> save -> verify updated
Android Tests (3)	UNKNOWN STEP	2026-02-25T20:33:54.5238591Z 08:23 +3 -3: /home/runner/work/substitution/substitution/integration_test/profile_edit_test.dart: (tearDownAll)
Android Tests (3)	UNKNOWN STEP	2026-02-25T20:33:54.5239414Z 08:27 +3 -3: loading /home/runner/work/substitution/substitution/integration_test/feed_with_matrix_test.dart
Android Tests (3)	UNKNOWN STEP	2026-02-25T20:33:54.5240091Z Running Gradle task 'assembleDebug'...                             29.3s
Android Tests (3)	UNKNOWN STEP	2026-02-25T20:33:54.5240522Z ✓ Built build/app/outputs/flutter-apk/app-debug.apk
Android Tests (3)	UNKNOWN STEP	2026-02-25T20:33:54.5240921Z Installing build/app/outputs/flutter-apk/app-debug.apk...          15.0s
Android Tests (3)	UNKNOWN STEP	2026-02-25T20:33:54.5241806Z 09:55 +3 -3: /home/runner/work/substitution/substitution/integration_test/feed_with_matrix_test.dart: (setUpAll)
Android Tests (3)	UNKNOWN STEP	2026-02-25T20:33:54.5242884Z 09:55 +3 -3: /home/runner/work/substitution/substitution/integration_test/feed_with_matrix_test.dart: Feed with Real Matrix Server Feed displays content from test_photos room (has 3 messages)
Android Tests (3)	UNKNOWN STEP	2026-02-25T20:33:54.5243691Z Waiting for globalMatrixClient to be initialized...
Android Tests (3)	UNKNOWN STEP	2026-02-25T20:33:54.5244137Z [90m[🌎 Easy Localization] [DEBUG] Localization initialized[0m
Android Tests (3)	UNKNOWN STEP	2026-02-25T20:33:54.5244535Z [Matrix] [32mInitialize client Substitution[0m
Android Tests (3)	UNKNOWN STEP	2026-02-25T20:33:54.5244866Z [Matrix] [32mUser is not logged in.[0m
Android Tests (3)	UNKNOWN STEP	2026-02-25T20:33:54.5245182Z [90m[🌎 Easy Localization] [DEBUG] Start[0m
Android Tests (3)	UNKNOWN STEP	2026-02-25T20:33:54.5245540Z [90m[🌎 Easy Localization] [DEBUG] Init state[0m
Android Tests (3)	UNKNOWN STEP	2026-02-25T20:33:54.5245872Z [90m[🌎 Easy Localization] [DEBUG] Build[0m
Android Tests (3)	UNKNOWN STEP	2026-02-25T20:33:54.5246258Z [90m[🌎 Easy Localization] [DEBUG] Init Localization Delegate[0m
Android Tests (3)	UNKNOWN STEP	2026-02-25T20:33:54.5246668Z [90m[🌎 Easy Localization] [DEBUG] Init provider[0m
Android Tests (3)	UNKNOWN STEP	2026-02-25T20:33:54.5247082Z [90m[🌎 Easy Localization] [DEBUG] Load Localization Delegate[0m
Android Tests (3)	UNKNOWN STEP	2026-02-25T20:33:54.5247556Z [90m[🌎 Easy Localization] [DEBUG] Load asset from assets/translations[0m
Android Tests (3)	UNKNOWN STEP	2026-02-25T20:33:54.5247936Z globalMatrixClient initialized!
Android Tests (3)	UNKNOWN STEP	2026-02-25T20:33:54.5248265Z Android detected: Translated localhost to http://10.0.2.2:8008
Android Tests (3)	UNKNOWN STEP	2026-02-25T20:33:54.5248658Z Step 1: Checking for Age Gate, Intro, or Login fields...
Android Tests (3)	UNKNOWN STEP	2026-02-25T20:33:54.5249010Z [90m[🌎 Easy Localization] [DEBUG] Build[0m
Android Tests (3)	UNKNOWN STEP	2026-02-25T20:33:54.5249404Z [90m[🌎 Easy Localization] [DEBUG] Init Localization Delegate[0m
Android Tests (3)	UNKNOWN STEP	2026-02-25T20:33:54.5249806Z [90m[🌎 Easy Localization] [DEBUG] Init provider[0m
Android Tests (3)	UNKNOWN STEP	2026-02-25T20:33:54.5250198Z Found screen! AgeGate: false, Intro: true, Username: false, Host: false
Android Tests (3)	UNKNOWN STEP	2026-02-25T20:33:54.5250577Z Step 2: Navigating through onboarding...
Android Tests (3)	UNKNOWN STEP	2026-02-25T20:33:54.5250855Z Tapping Next button at step 0...
Android Tests (3)	UNKNOWN STEP	2026-02-25T20:33:54.5251107Z Tapping Next button at step 1...
Android Tests (3)	UNKNOWN STEP	2026-02-25T20:33:54.5251501Z Reached target page at step 2. Host: true, Username: false
Android Tests (3)	UNKNOWN STEP	2026-02-25T20:33:54.5252080Z Onboarding navigation complete.
Android Tests (3)	UNKNOWN STEP	2026-02-25T20:33:54.5252529Z Step 3: Entering host URL: http://10.0.2.2:8008
Android Tests (3)	UNKNOWN STEP	2026-02-25T20:33:54.5252988Z Tapping host submit button...
Android Tests (3)	UNKNOWN STEP	2026-02-25T20:33:54.5253346Z Waiting for login page to appear...
Android Tests (3)	UNKNOWN STEP	2026-02-25T20:33:54.5253764Z Login page reached.
Android Tests (3)	UNKNOWN STEP	2026-02-25T20:33:54.5254082Z Step 4: Looking for login fields...
Android Tests (3)	UNKNOWN STEP	2026-02-25T20:33:54.5254396Z Entering username: testuser1
Android Tests (3)	UNKNOWN STEP	2026-02-25T20:33:54.5255314Z 12:02 +3 -4: /home/runner/work/substitution/substitution/integration_test/feed_with_matrix_test.dart: Feed with Real Matrix Server Feed displays content from test_photos room (has 3 messages) [E]
Android Tests (3)	UNKNOWN STEP	2026-02-25T20:33:54.5256336Z   TimeoutException after 0:02:00.000000: Test timed out after 2 minutes.
Android Tests (3)	UNKNOWN STEP	2026-02-25T20:33:54.5256816Z   dart:isolate  _RawReceivePort._handleMessage
Android Tests (3)	UNKNOWN STEP	2026-02-25T20:33:54.5257266Z   
Android Tests (3)	UNKNOWN STEP	2026-02-25T20:33:54.5257777Z   'package:flutter_test/src/binding.dart': Failed assertion: line 2780 pos 12: '!_expectingFrame': is not true.
Android Tests (3)	UNKNOWN STEP	2026-02-25T20:33:54.5258503Z   dart:core                                                                  _AssertionError._throwNew
Android Tests (3)	UNKNOWN STEP	2026-02-25T20:33:54.5259225Z   package:flutter_test/src/binding.dart 2780:12                              LiveTestWidgetsFlutterBinding.postTest
Android Tests (3)	UNKNOWN STEP	2026-02-25T20:33:54.5259834Z   ===== asynchronous gap ===========================
Android Tests (3)	UNKNOWN STEP	2026-02-25T20:33:54.5260335Z   package:stream_channel                                                     _GuaranteeSink.add
Android Tests (3)	UNKNOWN STEP	2026-02-25T20:33:54.5261137Z   tmp/flutter_tools.ZFRSBF/flutter_test_listener.BCOJWZ/listener.dart 56:22  main.<fn>
Android Tests (3)	UNKNOWN STEP	2026-02-25T20:33:54.5261816Z   
Android Tests (3)	UNKNOWN STEP	2026-02-25T20:33:54.5262599Z 12:04 +3 -4: /home/runner/work/substitution/substitution/integration_test/feed_with_matrix_test.dart: (tearDownAll)
Android Tests (3)	UNKNOWN STEP	2026-02-25T20:33:54.5263429Z 12:11 +3 -4: loading /home/runner/work/substitution/substitution/integration_test/login_debug_test.dart
Android Tests (3)	UNKNOWN STEP	2026-02-25T20:33:54.5264077Z Running Gradle task 'assembleDebug'...                             29.6s
Android Tests (3)	UNKNOWN STEP	2026-02-25T20:33:54.5264723Z ✓ Built build/app/outputs/flutter-apk/app-debug.apk
Android Tests (3)	UNKNOWN STEP	2026-02-25T20:33:54.5265243Z Installing build/app/outputs/flutter-apk/app-debug.apk...          13.1s
Android Tests (3)	UNKNOWN STEP	2026-02-25T20:33:54.5265800Z Error waiting for a debug connection: The log reader stopped unexpectedly
Android Tests (3)	UNKNOWN STEP	2026-02-25T20:33:54.5296853Z ##[group]Run docker compose down -v
Android Tests (3)	UNKNOWN STEP	2026-02-25T20:33:54.5297494Z [36;1mdocker compose down -v[0m
Android Tests (3)	UNKNOWN STEP	2026-02-25T20:33:54.5342564Z shell: /usr/bin/bash -e {0}
Android Tests (3)	UNKNOWN STEP	2026-02-25T20:33:54.5342962Z env:
Android Tests (3)	UNKNOWN STEP	2026-02-25T20:33:54.5343305Z   CACHE_VERSION: v1
Android Tests (3)	UNKNOWN STEP	2026-02-25T20:33:54.5343725Z   JAVA_HOME: /opt/hostedtoolcache/Java_Temurin-Hotspot_jdk/17.0.18-8/x64
Android Tests (3)	UNKNOWN STEP	2026-02-25T20:33:54.5344352Z   JAVA_HOME_17_X64: /opt/hostedtoolcache/Java_Temurin-Hotspot_jdk/17.0.18-8/x64
Android Tests (3)	UNKNOWN STEP	2026-02-25T20:33:54.5344945Z   FLUTTER_ROOT: /opt/hostedtoolcache/flutter/stable-3.41.2-x64
Android Tests (3)	UNKNOWN STEP	2026-02-25T20:33:54.5345411Z   PUB_CACHE: /home/runner/.pub-cache
Android Tests (3)	UNKNOWN STEP	2026-02-25T20:33:54.5345831Z   ANDROID_AVD_HOME: /home/runner/.android/avd
Android Tests (3)	UNKNOWN STEP	2026-02-25T20:33:54.5346255Z ##[endgroup]
Android Tests (3)	UNKNOWN STEP	2026-02-25T20:33:54.7393024Z time="2026-02-25T20:33:54Z" level=warning msg="/home/runner/work/substitution/substitution/docker-compose.yml: the attribute `version` is obsolete, it will be ignored, please remove it to avoid potential confusion"
Android Tests (3)	UNKNOWN STEP	2026-02-25T20:33:54.7519131Z  Container substitution-redis-1  Stopping
Android Tests (3)	UNKNOWN STEP	2026-02-25T20:33:54.7519831Z  Container substitution-matrix-synapse-1  Stopping
Android Tests (3)	UNKNOWN STEP	2026-02-25T20:33:54.9922117Z  Container substitution-redis-1  Stopped
Android Tests (3)	UNKNOWN STEP	2026-02-25T20:33:54.9924878Z  Container substitution-redis-1  Removing
Android Tests (3)	UNKNOWN STEP	2026-02-25T20:33:55.0063352Z  Container substitution-redis-1  Removed
Android Tests (3)	UNKNOWN STEP	2026-02-25T20:33:55.5520483Z  Container substitution-matrix-synapse-1  Stopped
Android Tests (3)	UNKNOWN STEP	2026-02-25T20:33:55.5521221Z  Container substitution-matrix-synapse-1  Removing
Android Tests (3)	UNKNOWN STEP	2026-02-25T20:33:55.7007795Z  Container substitution-matrix-synapse-1  Removed
Android Tests (3)	UNKNOWN STEP	2026-02-25T20:33:55.7009524Z  Container substitution-dex-1  Stopping
Android Tests (3)	UNKNOWN STEP	2026-02-25T20:33:55.7010188Z  Container substitution-postgres-1  Stopping
Android Tests (3)	UNKNOWN STEP	2026-02-25T20:33:55.8203907Z  Container substitution-dex-1  Stopped
Android Tests (3)	UNKNOWN STEP	2026-02-25T20:33:55.8205261Z  Container substitution-dex-1  Removing
Android Tests (3)	UNKNOWN STEP	2026-02-25T20:33:55.8282059Z  Container substitution-dex-1  Removed
Android Tests (3)	UNKNOWN STEP	2026-02-25T20:33:55.8366527Z  Container substitution-postgres-1  Stopped
Android Tests (3)	UNKNOWN STEP	2026-02-25T20:33:55.8367291Z  Container substitution-postgres-1  Removing
Android Tests (3)	UNKNOWN STEP	2026-02-25T20:33:55.9039059Z  Container substitution-postgres-1  Removed
Android Tests (3)	UNKNOWN STEP	2026-02-25T20:33:55.9069771Z  Network substitution_substitution_network  Removing
Android Tests (3)	UNKNOWN STEP	2026-02-25T20:33:56.0278251Z  Network substitution_substitution_network  Removed
Android Tests (3)	UNKNOWN STEP	2026-02-25T20:33:56.0449445Z Post job cleanup.
Android Tests (3)	UNKNOWN STEP	2026-02-25T20:33:56.0514266Z Post job cleanup.
Android Tests (3)	UNKNOWN STEP	2026-02-25T20:33:56.2484812Z Post job cleanup.
Android Tests (3)	UNKNOWN STEP	2026-02-25T20:33:56.3485425Z [command]/usr/bin/git version
Android Tests (3)	UNKNOWN STEP	2026-02-25T20:33:56.3531302Z git version 2.53.0
Android Tests (3)	UNKNOWN STEP	2026-02-25T20:33:56.3581290Z Temporarily overriding HOME='/home/runner/work/_temp/998f07ea-dce4-4298-a8f5-1567a21fe278' before making global git config changes
Android Tests (3)	UNKNOWN STEP	2026-02-25T20:33:56.3582693Z Adding repository directory to the temporary git global config as a safe directory
Android Tests (3)	UNKNOWN STEP	2026-02-25T20:33:56.3585977Z [command]/usr/bin/git config --global --add safe.directory /home/runner/work/substitution/substitution
Android Tests (3)	UNKNOWN STEP	2026-02-25T20:33:56.3624939Z [command]/usr/bin/git config --local --name-only --get-regexp core\.sshCommand
Android Tests (3)	UNKNOWN STEP	2026-02-25T20:33:56.3657912Z [command]/usr/bin/git submodule foreach --recursive sh -c "git config --local --name-only --get-regexp 'core\.sshCommand' && git config --local --unset-all 'core.sshCommand' || :"
Android Tests (3)	UNKNOWN STEP	2026-02-25T20:33:56.3954729Z [command]/usr/bin/git config --local --name-only --get-regexp http\.https\:\/\/github\.com\/\.extraheader
Android Tests (3)	UNKNOWN STEP	2026-02-25T20:33:56.3977941Z http.https://github.com/.extraheader
Android Tests (3)	UNKNOWN STEP	2026-02-25T20:33:56.3990847Z [command]/usr/bin/git config --local --unset-all http.https://github.com/.extraheader
Android Tests (3)	UNKNOWN STEP	2026-02-25T20:33:56.4025258Z [command]/usr/bin/git submodule foreach --recursive sh -c "git config --local --name-only --get-regexp 'http\.https\:\/\/github\.com\/\.extraheader' && git config --local --unset-all 'http.https://github.com/.extraheader' || :"
Android Tests (3)	UNKNOWN STEP	2026-02-25T20:33:56.4259869Z [command]/usr/bin/git config --local --name-only --get-regexp ^includeIf\.gitdir:
Android Tests (3)	UNKNOWN STEP	2026-02-25T20:33:56.4291476Z [command]/usr/bin/git submodule foreach --recursive git config --local --show-origin --name-only --get-regexp remote.origin.url
Android Tests (3)	UNKNOWN STEP	2026-02-25T20:33:56.4693611Z Cleaning up orphan processes
Android Tests (3)	UNKNOWN STEP	2026-02-25T20:33:56.5204014Z Terminate orphan process: pid (7629) (java)
Android Tests (3)	UNKNOWN STEP	2026-02-25T20:33:56.5273717Z Terminate orphan process: pid (8593) (java)
Android Tests (3)	UNKNOWN STEP	2026-02-25T20:33:56.5367263Z Terminate orphan process: pid (14676) (java)
iOS Tests (Simulator) (0)	UNKNOWN STEP	﻿2026-02-25T19:48:13.2046820Z Current runner version: '2.331.0'
iOS Tests (Simulator) (0)	UNKNOWN STEP	2026-02-25T19:48:13.2083000Z ##[group]Runner Image Provisioner
iOS Tests (Simulator) (0)	UNKNOWN STEP	2026-02-25T19:48:13.2083670Z Hosted Compute Agent
iOS Tests (Simulator) (0)	UNKNOWN STEP	2026-02-25T19:48:13.2084100Z Version: 20260213.493
iOS Tests (Simulator) (0)	UNKNOWN STEP	2026-02-25T19:48:13.2084560Z Commit: 5c115507f6dd24b8de37d8bbe0bb4509d0cc0fa3
iOS Tests (Simulator) (0)	UNKNOWN STEP	2026-02-25T19:48:13.2085090Z Build Date: 2026-02-13T00:28:41Z
iOS Tests (Simulator) (0)	UNKNOWN STEP	2026-02-25T19:48:13.2085610Z Worker ID: {9b2cdaf1-79fc-45a6-8d63-41af2059f986}
iOS Tests (Simulator) (0)	UNKNOWN STEP	2026-02-25T19:48:13.2086150Z Azure Region: westus
iOS Tests (Simulator) (0)	UNKNOWN STEP	2026-02-25T19:48:13.2086510Z ##[endgroup]
iOS Tests (Simulator) (0)	UNKNOWN STEP	2026-02-25T19:48:13.2087580Z ##[group]Operating System
iOS Tests (Simulator) (0)	UNKNOWN STEP	2026-02-25T19:48:13.2087960Z macOS
iOS Tests (Simulator) (0)	UNKNOWN STEP	2026-02-25T19:48:13.2088360Z 15.7.4
iOS Tests (Simulator) (0)	UNKNOWN STEP	2026-02-25T19:48:13.2088710Z 24G517
iOS Tests (Simulator) (0)	UNKNOWN STEP	2026-02-25T19:48:13.2089070Z ##[endgroup]
iOS Tests (Simulator) (0)	UNKNOWN STEP	2026-02-25T19:48:13.2089380Z ##[group]Runner Image
iOS Tests (Simulator) (0)	UNKNOWN STEP	2026-02-25T19:48:13.2089740Z Image: macos-15-arm64
iOS Tests (Simulator) (0)	UNKNOWN STEP	2026-02-25T19:48:13.2090070Z Version: 20260224.0170.1
iOS Tests (Simulator) (0)	UNKNOWN STEP	2026-02-25T19:48:13.2091000Z Included Software: https://github.com/actions/runner-images/blob/macos-15-arm64/20260224.0170/images/macos/macos-15-arm64-Readme.md
iOS Tests (Simulator) (0)	UNKNOWN STEP	2026-02-25T19:48:13.2092430Z Image Release: https://github.com/actions/runner-images/releases/tag/macos-15-arm64%2F20260224.0170
iOS Tests (Simulator) (0)	UNKNOWN STEP	2026-02-25T19:48:13.2093060Z ##[endgroup]
iOS Tests (Simulator) (0)	UNKNOWN STEP	2026-02-25T19:48:13.2093790Z ##[group]GITHUB_TOKEN Permissions
iOS Tests (Simulator) (0)	UNKNOWN STEP	2026-02-25T19:48:13.2095120Z Contents: read
iOS Tests (Simulator) (0)	UNKNOWN STEP	2026-02-25T19:48:13.2095500Z Metadata: read
iOS Tests (Simulator) (0)	UNKNOWN STEP	2026-02-25T19:48:13.2095830Z Packages: read
iOS Tests (Simulator) (0)	UNKNOWN STEP	2026-02-25T19:48:13.2096140Z ##[endgroup]
iOS Tests (Simulator) (0)	UNKNOWN STEP	2026-02-25T19:48:13.2097830Z Secret source: Actions
iOS Tests (Simulator) (0)	UNKNOWN STEP	2026-02-25T19:48:13.2098360Z Prepare workflow directory
iOS Tests (Simulator) (0)	UNKNOWN STEP	2026-02-25T19:48:13.2469270Z Prepare all required actions
iOS Tests (Simulator) (0)	UNKNOWN STEP	2026-02-25T19:48:13.2522860Z Getting action download info
iOS Tests (Simulator) (0)	UNKNOWN STEP	2026-02-25T19:48:13.8222700Z Download action repository 'actions/checkout@v4' (SHA:34e114876b0b11c390a56381ad16ebd13914f8d5)
iOS Tests (Simulator) (0)	UNKNOWN STEP	2026-02-25T19:48:14.0998280Z Download action repository 'subosito/flutter-action@v2' (SHA:fd55f4c5af5b953cc57a2be44cb082c8f6635e8e)
iOS Tests (Simulator) (0)	UNKNOWN STEP	2026-02-25T19:48:15.1748660Z Getting action download info
iOS Tests (Simulator) (0)	UNKNOWN STEP	2026-02-25T19:48:15.3559790Z Download action repository 'actions/cache@v4' (SHA:0057852bfaa89a56745cba8c7296529d2fc39830)
iOS Tests (Simulator) (0)	UNKNOWN STEP	2026-02-25T19:48:15.5879830Z Complete job name: iOS Tests (Simulator) (0)
iOS Tests (Simulator) (0)	UNKNOWN STEP	2026-02-25T19:48:15.6659940Z ##[group]Run actions/checkout@v4
iOS Tests (Simulator) (0)	UNKNOWN STEP	2026-02-25T19:48:15.6662680Z with:
iOS Tests (Simulator) (0)	UNKNOWN STEP	2026-02-25T19:48:15.6663860Z   repository: floffel/substitution
iOS Tests (Simulator) (0)	UNKNOWN STEP	2026-02-25T19:48:15.6667340Z   token: ***
iOS Tests (Simulator) (0)	UNKNOWN STEP	2026-02-25T19:48:15.6668700Z   ssh-strict: true
iOS Tests (Simulator) (0)	UNKNOWN STEP	2026-02-25T19:48:15.6669810Z   ssh-user: git
iOS Tests (Simulator) (0)	UNKNOWN STEP	2026-02-25T19:48:15.6670910Z   persist-credentials: true
iOS Tests (Simulator) (0)	UNKNOWN STEP	2026-02-25T19:48:15.6679740Z   clean: true
iOS Tests (Simulator) (0)	UNKNOWN STEP	2026-02-25T19:48:15.6680860Z   sparse-checkout-cone-mode: true
iOS Tests (Simulator) (0)	UNKNOWN STEP	2026-02-25T19:48:15.6683340Z   fetch-depth: 1
iOS Tests (Simulator) (0)	UNKNOWN STEP	2026-02-25T19:48:15.6685150Z   fetch-tags: false
iOS Tests (Simulator) (0)	UNKNOWN STEP	2026-02-25T19:48:15.6685800Z   show-progress: true
iOS Tests (Simulator) (0)	UNKNOWN STEP	2026-02-25T19:48:15.6686260Z   lfs: false
iOS Tests (Simulator) (0)	UNKNOWN STEP	2026-02-25T19:48:15.6686690Z   submodules: false
iOS Tests (Simulator) (0)	UNKNOWN STEP	2026-02-25T19:48:15.6687180Z   set-safe-directory: true
iOS Tests (Simulator) (0)	UNKNOWN STEP	2026-02-25T19:48:15.6690270Z env:
iOS Tests (Simulator) (0)	UNKNOWN STEP	2026-02-25T19:48:15.6691720Z   CACHE_VERSION: v1
iOS Tests (Simulator) (0)	UNKNOWN STEP	2026-02-25T19:48:15.6693480Z ##[endgroup]
iOS Tests (Simulator) (0)	UNKNOWN STEP	2026-02-25T19:48:16.1056720Z Syncing repository: floffel/substitution
iOS Tests (Simulator) (0)	UNKNOWN STEP	2026-02-25T19:48:16.1059060Z ##[group]Getting Git version info
iOS Tests (Simulator) (0)	UNKNOWN STEP	2026-02-25T19:48:16.1060080Z Working directory is '/Users/runner/work/substitution/substitution'
iOS Tests (Simulator) (0)	UNKNOWN STEP	2026-02-25T19:48:16.1062430Z [command]/opt/homebrew/bin/git version
iOS Tests (Simulator) (0)	UNKNOWN STEP	2026-02-25T19:48:16.1755020Z git version 2.53.0
iOS Tests (Simulator) (0)	UNKNOWN STEP	2026-02-25T19:48:16.1815220Z ##[endgroup]
iOS Tests (Simulator) (0)	UNKNOWN STEP	2026-02-25T19:48:16.1821950Z Copying '/Users/runner/.gitconfig' to '/Users/runner/work/_temp/a3e6a89e-d5d8-4b61-8c0c-457ab36cf144/.gitconfig'
iOS Tests (Simulator) (0)	UNKNOWN STEP	2026-02-25T19:48:16.1824270Z Temporarily overriding HOME='/Users/runner/work/_temp/a3e6a89e-d5d8-4b61-8c0c-457ab36cf144' before making global git config changes
iOS Tests (Simulator) (0)	UNKNOWN STEP	2026-02-25T19:48:16.1826270Z Adding repository directory to the temporary git global config as a safe directory
iOS Tests (Simulator) (0)	UNKNOWN STEP	2026-02-25T19:48:16.1828560Z [command]/opt/homebrew/bin/git config --global --add safe.directory /Users/runner/work/substitution/substitution
iOS Tests (Simulator) (0)	UNKNOWN STEP	2026-02-25T19:48:16.1958890Z Deleting the contents of '/Users/runner/work/substitution/substitution'
iOS Tests (Simulator) (0)	UNKNOWN STEP	2026-02-25T19:48:16.1965950Z ##[group]Initializing the repository
iOS Tests (Simulator) (0)	UNKNOWN STEP	2026-02-25T19:48:16.1967350Z [command]/opt/homebrew/bin/git init /Users/runner/work/substitution/substitution
iOS Tests (Simulator) (0)	UNKNOWN STEP	2026-02-25T19:48:16.2439030Z hint: Using 'master' as the name for the initial branch. This default branch name
iOS Tests (Simulator) (0)	UNKNOWN STEP	2026-02-25T19:48:16.2551280Z hint: will change to "main" in Git 3.0. To configure the initial branch name
iOS Tests (Simulator) (0)	UNKNOWN STEP	2026-02-25T19:48:16.2553610Z hint: to use in all of your new repositories, which will suppress this warning,
iOS Tests (Simulator) (0)	UNKNOWN STEP	2026-02-25T19:48:16.2663450Z hint: call:
iOS Tests (Simulator) (0)	UNKNOWN STEP	2026-02-25T19:48:16.2844550Z hint:
iOS Tests (Simulator) (0)	UNKNOWN STEP	2026-02-25T19:48:16.2845620Z hint: 	git config --global init.defaultBranch <name>
iOS Tests (Simulator) (0)	UNKNOWN STEP	2026-02-25T19:48:16.3005490Z hint:
iOS Tests (Simulator) (0)	UNKNOWN STEP	2026-02-25T19:48:16.4579000Z hint: Names commonly chosen instead of 'master' are 'main', 'trunk' and
iOS Tests (Simulator) (0)	UNKNOWN STEP	2026-02-25T19:48:16.4684030Z hint: 'development'. The just-created branch can be renamed via this command:
iOS Tests (Simulator) (0)	UNKNOWN STEP	2026-02-25T19:48:16.5497730Z hint:
iOS Tests (Simulator) (0)	UNKNOWN STEP	2026-02-25T19:48:16.5618520Z hint: 	git branch -m <name>
iOS Tests (Simulator) (0)	UNKNOWN STEP	2026-02-25T19:48:16.5785770Z hint:
iOS Tests (Simulator) (0)	UNKNOWN STEP	2026-02-25T19:48:16.5906210Z hint: Disable this message with "git config set advice.defaultBranchName false"
iOS Tests (Simulator) (0)	UNKNOWN STEP	2026-02-25T19:48:16.6128170Z Initialized empty Git repository in /Users/runner/work/substitution/substitution/.git/
iOS Tests (Simulator) (0)	UNKNOWN STEP	2026-02-25T19:48:16.6540880Z [command]/opt/homebrew/bin/git remote add origin https://github.com/floffel/substitution
iOS Tests (Simulator) (0)	UNKNOWN STEP	2026-02-25T19:48:16.6989400Z ##[endgroup]
iOS Tests (Simulator) (0)	UNKNOWN STEP	2026-02-25T19:48:16.7093010Z ##[group]Disabling automatic garbage collection
iOS Tests (Simulator) (0)	UNKNOWN STEP	2026-02-25T19:48:16.7195560Z [command]/opt/homebrew/bin/git config --local gc.auto 0
iOS Tests (Simulator) (0)	UNKNOWN STEP	2026-02-25T19:48:16.7417040Z ##[endgroup]
iOS Tests (Simulator) (0)	UNKNOWN STEP	2026-02-25T19:48:16.7521690Z ##[group]Setting up auth
iOS Tests (Simulator) (0)	UNKNOWN STEP	2026-02-25T19:48:16.7625480Z [command]/opt/homebrew/bin/git config --local --name-only --get-regexp core\.sshCommand
iOS Tests (Simulator) (0)	UNKNOWN STEP	2026-02-25T19:48:16.7940520Z [command]/opt/homebrew/bin/git submodule foreach --recursive sh -c "git config --local --name-only --get-regexp 'core\.sshCommand' && git config --local --unset-all 'core.sshCommand' || :"
iOS Tests (Simulator) (0)	UNKNOWN STEP	2026-02-25T19:48:16.8260850Z [command]/opt/homebrew/bin/git config --local --name-only --get-regexp http\.https\:\/\/github\.com\/\.extraheader
iOS Tests (Simulator) (0)	UNKNOWN STEP	2026-02-25T19:48:16.8678420Z [command]/opt/homebrew/bin/git submodule foreach --recursive sh -c "git config --local --name-only --get-regexp 'http\.https\:\/\/github\.com\/\.extraheader' && git config --local --unset-all 'http.https://github.com/.extraheader' || :"
iOS Tests (Simulator) (0)	UNKNOWN STEP	2026-02-25T19:48:16.9150970Z [command]/opt/homebrew/bin/git config --local --name-only --get-regexp ^includeIf\.gitdir:
iOS Tests (Simulator) (0)	UNKNOWN STEP	2026-02-25T19:48:16.9481130Z [command]/opt/homebrew/bin/git submodule foreach --recursive git config --local --show-origin --name-only --get-regexp remote.origin.url
iOS Tests (Simulator) (0)	UNKNOWN STEP	2026-02-25T19:48:17.1335550Z [command]/opt/homebrew/bin/git config --local http.https://github.com/.extraheader AUTHORIZATION: basic ***
iOS Tests (Simulator) (0)	UNKNOWN STEP	2026-02-25T19:48:17.1709300Z ##[endgroup]
iOS Tests (Simulator) (0)	UNKNOWN STEP	2026-02-25T19:48:17.1817360Z ##[group]Fetching the repository
iOS Tests (Simulator) (0)	UNKNOWN STEP	2026-02-25T19:48:17.1935270Z [command]/opt/homebrew/bin/git -c protocol.version=2 fetch --no-tags --prune --no-recurse-submodules --depth=1 origin +0408461b08eee1bbe2c516702bd1813b916d3e4c:refs/remotes/pull/1/merge
iOS Tests (Simulator) (0)	UNKNOWN STEP	2026-02-25T19:48:18.9058290Z From https://github.com/floffel/substitution
iOS Tests (Simulator) (0)	UNKNOWN STEP	2026-02-25T19:48:18.9084950Z  * [new ref]         0408461b08eee1bbe2c516702bd1813b916d3e4c -> pull/1/merge
iOS Tests (Simulator) (0)	UNKNOWN STEP	2026-02-25T19:48:18.9204900Z ##[endgroup]
iOS Tests (Simulator) (0)	UNKNOWN STEP	2026-02-25T19:48:18.9247680Z ##[group]Determining the checkout info
iOS Tests (Simulator) (0)	UNKNOWN STEP	2026-02-25T19:48:18.9291570Z ##[endgroup]
iOS Tests (Simulator) (0)	UNKNOWN STEP	2026-02-25T19:48:18.9314110Z [command]/opt/homebrew/bin/git sparse-checkout disable
iOS Tests (Simulator) (0)	UNKNOWN STEP	2026-02-25T19:48:18.9476460Z [command]/opt/homebrew/bin/git config --local --unset-all extensions.worktreeConfig
iOS Tests (Simulator) (0)	UNKNOWN STEP	2026-02-25T19:48:18.9789310Z ##[group]Checking out the ref
iOS Tests (Simulator) (0)	UNKNOWN STEP	2026-02-25T19:48:18.9815210Z [command]/opt/homebrew/bin/git checkout --progress --force refs/remotes/pull/1/merge
iOS Tests (Simulator) (0)	UNKNOWN STEP	2026-02-25T19:48:19.2651850Z HEAD is now at 0408461 Merge 86c2f4a4443179a61e99b4f5d2c467a0f9c43a72 into 74cc852017b0f1fdeb37326726f5fee7effe2248
iOS Tests (Simulator) (0)	UNKNOWN STEP	2026-02-25T19:48:19.2668750Z ##[endgroup]
iOS Tests (Simulator) (0)	UNKNOWN STEP	2026-02-25T19:48:19.2826070Z [command]/opt/homebrew/bin/git log -1 --format=%H
iOS Tests (Simulator) (0)	UNKNOWN STEP	2026-02-25T19:48:19.2959280Z 0408461b08eee1bbe2c516702bd1813b916d3e4c
iOS Tests (Simulator) (0)	UNKNOWN STEP	2026-02-25T19:48:19.4018990Z ##[group]Run subosito/flutter-action@v2
iOS Tests (Simulator) (0)	UNKNOWN STEP	2026-02-25T19:48:19.4020290Z with:
iOS Tests (Simulator) (0)	UNKNOWN STEP	2026-02-25T19:48:19.4020820Z   channel: stable
iOS Tests (Simulator) (0)	UNKNOWN STEP	2026-02-25T19:48:19.4021320Z   cache: true
iOS Tests (Simulator) (0)	UNKNOWN STEP	2026-02-25T19:48:19.4021820Z   architecture: ARM64
iOS Tests (Simulator) (0)	UNKNOWN STEP	2026-02-25T19:48:19.4023020Z   pub-cache-path: default
iOS Tests (Simulator) (0)	UNKNOWN STEP	2026-02-25T19:48:19.4023580Z   dry-run: false
iOS Tests (Simulator) (0)	UNKNOWN STEP	2026-02-25T19:48:19.4024230Z   git-source: https://github.com/flutter/flutter.git
iOS Tests (Simulator) (0)	UNKNOWN STEP	2026-02-25T19:48:19.4024930Z env:
iOS Tests (Simulator) (0)	UNKNOWN STEP	2026-02-25T19:48:19.4025440Z   CACHE_VERSION: v1
iOS Tests (Simulator) (0)	UNKNOWN STEP	2026-02-25T19:48:19.4026000Z ##[endgroup]
iOS Tests (Simulator) (0)	UNKNOWN STEP	2026-02-25T19:48:19.4170620Z ##[group]Run chmod +x "$GITHUB_ACTION_PATH/setup.sh"
iOS Tests (Simulator) (0)	UNKNOWN STEP	2026-02-25T19:48:19.4171470Z [36;1mchmod +x "$GITHUB_ACTION_PATH/setup.sh"[0m
iOS Tests (Simulator) (0)	UNKNOWN STEP	2026-02-25T19:48:19.4214230Z shell: /bin/bash --noprofile --norc -e -o pipefail {0}
iOS Tests (Simulator) (0)	UNKNOWN STEP	2026-02-25T19:48:19.4215010Z env:
iOS Tests (Simulator) (0)	UNKNOWN STEP	2026-02-25T19:48:19.4215480Z   CACHE_VERSION: v1
iOS Tests (Simulator) (0)	UNKNOWN STEP	2026-02-25T19:48:19.4215960Z ##[endgroup]
iOS Tests (Simulator) (0)	UNKNOWN STEP	2026-02-25T19:48:19.4794980Z ##[group]Run $GITHUB_ACTION_PATH/setup.sh -p \
iOS Tests (Simulator) (0)	UNKNOWN STEP	2026-02-25T19:48:19.4795870Z [36;1m$GITHUB_ACTION_PATH/setup.sh -p \[0m
iOS Tests (Simulator) (0)	UNKNOWN STEP	2026-02-25T19:48:19.4796510Z [36;1m  -n '' \[0m
iOS Tests (Simulator) (0)	UNKNOWN STEP	2026-02-25T19:48:19.4797000Z [36;1m  -f '' \[0m
iOS Tests (Simulator) (0)	UNKNOWN STEP	2026-02-25T19:48:19.4797490Z [36;1m  -a 'ARM64' \[0m
iOS Tests (Simulator) (0)	UNKNOWN STEP	2026-02-25T19:48:19.4798020Z [36;1m  -k '' \[0m
iOS Tests (Simulator) (0)	UNKNOWN STEP	2026-02-25T19:48:19.4798500Z [36;1m  -c '' \[0m
iOS Tests (Simulator) (0)	UNKNOWN STEP	2026-02-25T19:48:19.4798990Z [36;1m  -l '' \[0m
iOS Tests (Simulator) (0)	UNKNOWN STEP	2026-02-25T19:48:19.4799480Z [36;1m  -d 'default' \[0m
iOS Tests (Simulator) (0)	UNKNOWN STEP	2026-02-25T19:48:19.4800170Z [36;1m  -g 'https://github.com/flutter/flutter.git' \[0m
iOS Tests (Simulator) (0)	UNKNOWN STEP	2026-02-25T19:48:19.4800850Z [36;1m  stable[0m
iOS Tests (Simulator) (0)	UNKNOWN STEP	2026-02-25T19:48:19.4839780Z shell: /bin/bash --noprofile --norc -e -o pipefail {0}
iOS Tests (Simulator) (0)	UNKNOWN STEP	2026-02-25T19:48:19.4840540Z env:
iOS Tests (Simulator) (0)	UNKNOWN STEP	2026-02-25T19:48:19.4841000Z   CACHE_VERSION: v1
iOS Tests (Simulator) (0)	UNKNOWN STEP	2026-02-25T19:48:19.4842300Z ##[endgroup]
iOS Tests (Simulator) (0)	UNKNOWN STEP	2026-02-25T19:48:20.2993690Z ##[group]Run actions/cache@v4
iOS Tests (Simulator) (0)	UNKNOWN STEP	2026-02-25T19:48:20.2994080Z with:
iOS Tests (Simulator) (0)	UNKNOWN STEP	2026-02-25T19:48:20.2994490Z   path: /Users/runner/hostedtoolcache/flutter/stable-3.41.2-arm64
iOS Tests (Simulator) (0)	UNKNOWN STEP	2026-02-25T19:48:20.2995330Z   key: flutter-macos-stable-3.41.2-arm64-90673a4eef275d1a6692c26ac80d6d746d41a73a
iOS Tests (Simulator) (0)	UNKNOWN STEP	2026-02-25T19:48:20.2996010Z   enableCrossOsArchive: false
iOS Tests (Simulator) (0)	UNKNOWN STEP	2026-02-25T19:48:20.2998480Z   fail-on-cache-miss: false
iOS Tests (Simulator) (0)	UNKNOWN STEP	2026-02-25T19:48:20.2998830Z   lookup-only: false
iOS Tests (Simulator) (0)	UNKNOWN STEP	2026-02-25T19:48:20.2999130Z   save-always: false
iOS Tests (Simulator) (0)	UNKNOWN STEP	2026-02-25T19:48:20.2999400Z env:
iOS Tests (Simulator) (0)	UNKNOWN STEP	2026-02-25T19:48:20.2999610Z   CACHE_VERSION: v1
iOS Tests (Simulator) (0)	UNKNOWN STEP	2026-02-25T19:48:20.2999880Z ##[endgroup]
iOS Tests (Simulator) (0)	UNKNOWN STEP	2026-02-25T19:48:20.7938100Z Cache not found for input keys: flutter-macos-stable-3.41.2-arm64-90673a4eef275d1a6692c26ac80d6d746d41a73a
iOS Tests (Simulator) (0)	UNKNOWN STEP	2026-02-25T19:48:20.9862580Z ##[group]Run actions/cache@v4
iOS Tests (Simulator) (0)	UNKNOWN STEP	2026-02-25T19:48:20.9863240Z with:
iOS Tests (Simulator) (0)	UNKNOWN STEP	2026-02-25T19:48:20.9864040Z   path: /Users/runner/.pub-cache
iOS Tests (Simulator) (0)	UNKNOWN STEP	2026-02-25T19:48:20.9866220Z   key: flutter-pub-macos-stable-3.41.2-arm64-90673a4eef275d1a6692c26ac80d6d746d41a73a-fabacfc13d2b7e18a7fb2822593662b03764f624bf41fd351cdabec60fb27783
iOS Tests (Simulator) (0)	UNKNOWN STEP	2026-02-25T19:48:20.9870240Z   enableCrossOsArchive: false
iOS Tests (Simulator) (0)	UNKNOWN STEP	2026-02-25T19:48:20.9870670Z   fail-on-cache-miss: false
iOS Tests (Simulator) (0)	UNKNOWN STEP	2026-02-25T19:48:20.9870900Z   lookup-only: false
iOS Tests (Simulator) (0)	UNKNOWN STEP	2026-02-25T19:48:20.9871200Z   save-always: false
iOS Tests (Simulator) (0)	UNKNOWN STEP	2026-02-25T19:48:20.9871390Z env:
iOS Tests (Simulator) (0)	UNKNOWN STEP	2026-02-25T19:48:20.9871620Z   CACHE_VERSION: v1
iOS Tests (Simulator) (0)	UNKNOWN STEP	2026-02-25T19:48:20.9871820Z ##[endgroup]
iOS Tests (Simulator) (0)	UNKNOWN STEP	2026-02-25T19:48:21.6363550Z Cache not found for input keys: flutter-pub-macos-stable-3.41.2-arm64-90673a4eef275d1a6692c26ac80d6d746d41a73a-fabacfc13d2b7e18a7fb2822593662b03764f624bf41fd351cdabec60fb27783
iOS Tests (Simulator) (0)	UNKNOWN STEP	2026-02-25T19:48:21.6627710Z ##[group]Run $GITHUB_ACTION_PATH/setup.sh \
iOS Tests (Simulator) (0)	UNKNOWN STEP	2026-02-25T19:48:21.6628020Z [36;1m$GITHUB_ACTION_PATH/setup.sh \[0m
iOS Tests (Simulator) (0)	UNKNOWN STEP	2026-02-25T19:48:21.6628230Z [36;1m  -n '3.41.2' \[0m
iOS Tests (Simulator) (0)	UNKNOWN STEP	2026-02-25T19:48:21.6628510Z [36;1m  -a 'arm64' \[0m
iOS Tests (Simulator) (0)	UNKNOWN STEP	2026-02-25T19:48:21.6628840Z [36;1m  -c '/Users/runner/hostedtoolcache/flutter/stable-3.41.2-arm64' \[0m
iOS Tests (Simulator) (0)	UNKNOWN STEP	2026-02-25T19:48:21.6629220Z [36;1m  -d '/Users/runner/.pub-cache' \[0m
iOS Tests (Simulator) (0)	UNKNOWN STEP	2026-02-25T19:48:21.6629460Z [36;1m  stable[0m
iOS Tests (Simulator) (0)	UNKNOWN STEP	2026-02-25T19:48:21.6705070Z shell: /bin/bash --noprofile --norc -e -o pipefail {0}
iOS Tests (Simulator) (0)	UNKNOWN STEP	2026-02-25T19:48:21.6707070Z env:
iOS Tests (Simulator) (0)	UNKNOWN STEP	2026-02-25T19:48:21.6707590Z   CACHE_VERSION: v1
iOS Tests (Simulator) (0)	UNKNOWN STEP	2026-02-25T19:48:21.6709570Z ##[endgroup]
iOS Tests (Simulator) (0)	UNKNOWN STEP	2026-02-25T19:48:22.4472280Z   % Total    % Received % Xferd  Average Speed   Time    Time     Time  Current
iOS Tests (Simulator) (0)	UNKNOWN STEP	2026-02-25T19:48:22.4502270Z                                  Dload  Upload   Total   Spent    Left  Speed
iOS Tests (Simulator) (0)	UNKNOWN STEP	2026-02-25T19:48:22.4502640Z 
iOS Tests (Simulator) (0)	UNKNOWN STEP	2026-02-25T19:48:22.5211010Z   0     0    0     0    0     0      0      0 --:--:-- --:--:-- --:--:--     0
iOS Tests (Simulator) (0)	UNKNOWN STEP	2026-02-25T19:48:23.4614980Z   0     0    0     0    0     0      0      0 --:--:-- --:--:-- --:--:--     0
iOS Tests (Simulator) (0)	UNKNOWN STEP	2026-02-25T19:48:24.4615900Z   0 2045M    0 13.5M    0     0  13.3M      0  0:02:33  0:00:01  0:02:32 13.3M
iOS Tests (Simulator) (0)	UNKNOWN STEP	2026-02-25T19:48:25.4616620Z   2 2045M    2 60.1M    0     0  29.8M      0  0:01:08  0:00:02  0:01:06 29.8M
iOS Tests (Simulator) (0)	UNKNOWN STEP	2026-02-25T19:48:26.4595300Z   5 2045M    5  111M    0     0  37.0M      0  0:00:55  0:00:03  0:00:52 37.0M
iOS Tests (Simulator) (0)	UNKNOWN STEP	2026-02-25T19:48:27.4597790Z   8 2045M    8  163M    0     0  40.8M      0  0:00:50  0:00:04  0:00:46 40.8M
iOS Tests (Simulator) (0)	UNKNOWN STEP	2026-02-25T19:48:28.4618600Z  10 2045M   10  215M    0     0  43.0M      0  0:00:47  0:00:05  0:00:42 43.6M
iOS Tests (Simulator) (0)	UNKNOWN STEP	2026-02-25T19:48:29.4771790Z  12 2045M   12  264M    0     0  43.9M      0  0:00:46  0:00:06  0:00:40 50.1M
iOS Tests (Simulator) (0)	UNKNOWN STEP	2026-02-25T19:48:30.4603060Z  15 2045M   15  312M    0     0  44.6M      0  0:00:45  0:00:07  0:00:38 50.5M
iOS Tests (Simulator) (0)	UNKNOWN STEP	2026-02-25T19:48:31.4609340Z  17 2045M   17  361M    0     0  45.1M      0  0:00:45  0:00:08  0:00:37 50.0M
iOS Tests (Simulator) (0)	UNKNOWN STEP	2026-02-25T19:48:32.4608270Z  19 2045M   19  406M    0     0  45.0M      0  0:00:45  0:00:09  0:00:36 48.4M
iOS Tests (Simulator) (0)	UNKNOWN STEP	2026-02-25T19:48:33.4640180Z  21 2045M   21  448M    0     0  44.8M      0  0:00:45  0:00:10  0:00:35 46.6M
iOS Tests (Simulator) (0)	UNKNOWN STEP	2026-02-25T19:48:34.4717070Z  23 2045M   23  486M    0     0  44.1M      0  0:00:46  0:00:11  0:00:35 44.2M
iOS Tests (Simulator) (0)	UNKNOWN STEP	2026-02-25T19:48:35.4613980Z  25 2045M   25  530M    0     0  44.1M      0  0:00:46  0:00:12  0:00:34 43.4M
iOS Tests (Simulator) (0)	UNKNOWN STEP	2026-02-25T19:48:36.4603770Z  28 2045M   28  579M    0     0  44.5M      0  0:00:45  0:00:13  0:00:32 43.6M
iOS Tests (Simulator) (0)	UNKNOWN STEP	2026-02-25T19:48:37.4606280Z  30 2045M   30  632M    0     0  45.1M      0  0:00:45  0:00:14  0:00:31 45.2M
iOS Tests (Simulator) (0)	UNKNOWN STEP	2026-02-25T19:48:38.4605210Z  33 2045M   33  686M    0     0  45.6M      0  0:00:44  0:00:15  0:00:29 47.4M
iOS Tests (Simulator) (0)	UNKNOWN STEP	2026-02-25T19:48:39.4642030Z  36 2045M   36  738M    0     0  46.0M      0  0:00:44  0:00:16  0:00:28 50.4M
iOS Tests (Simulator) (0)	UNKNOWN STEP	2026-02-25T19:48:40.4606050Z  38 2045M   38  791M    0     0  46.5M      0  0:00:43  0:00:17  0:00:26 52.3M
iOS Tests (Simulator) (0)	UNKNOWN STEP	2026-02-25T19:48:41.4603020Z  41 2045M   41  844M    0     0  46.9M      0  0:00:43  0:00:18  0:00:25 53.0M
iOS Tests (Simulator) (0)	UNKNOWN STEP	2026-02-25T19:48:42.4635640Z  44 2045M   44  900M    0     0  47.3M      0  0:00:43  0:00:19  0:00:24 53.5M
iOS Tests (Simulator) (0)	UNKNOWN STEP	2026-02-25T19:48:43.4612390Z  46 2045M   46  953M    0     0  47.6M      0  0:00:42  0:00:20  0:00:22 53.3M
iOS Tests (Simulator) (0)	UNKNOWN STEP	2026-02-25T19:48:44.4604080Z  49 2045M   49 1008M    0     0  47.9M      0  0:00:42  0:00:21  0:00:21 54.0M
iOS Tests (Simulator) (0)	UNKNOWN STEP	2026-02-25T19:48:45.4610700Z  51 2045M   51 1056M    0     0  47.9M      0  0:00:42  0:00:22  0:00:20 52.9M
iOS Tests (Simulator) (0)	UNKNOWN STEP	2026-02-25T19:48:46.4600260Z  54 2045M   54 1111M    0     0  48.2M      0  0:00:42  0:00:23  0:00:19 53.2M
iOS Tests (Simulator) (0)	UNKNOWN STEP	2026-02-25T19:48:47.4642890Z  57 2045M   57 1166M    0     0  48.5M      0  0:00:42  0:00:24  0:00:18 53.2M
iOS Tests (Simulator) (0)	UNKNOWN STEP	2026-02-25T19:48:48.4596140Z  59 2045M   59 1218M    0     0  48.7M      0  0:00:41  0:00:25  0:00:16 53.1M
iOS Tests (Simulator) (0)	UNKNOWN STEP	2026-02-25T19:48:49.4595760Z  62 2045M   62 1272M    0     0  48.8M      0  0:00:41  0:00:26  0:00:15 52.7M
iOS Tests (Simulator) (0)	UNKNOWN STEP	2026-02-25T19:48:50.4597290Z  64 2045M   64 1320M    0     0  48.8M      0  0:00:41  0:00:27  0:00:14 52.7M
iOS Tests (Simulator) (0)	UNKNOWN STEP	2026-02-25T19:48:51.4598240Z  67 2045M   67 1373M    0     0  49.0M      0  0:00:41  0:00:28  0:00:13 52.4M
iOS Tests (Simulator) (0)	UNKNOWN STEP	2026-02-25T19:48:52.4614380Z  69 2045M   69 1428M    0     0  49.2M      0  0:00:41  0:00:29  0:00:12 52.4M
iOS Tests (Simulator) (0)	UNKNOWN STEP	2026-02-25T19:48:53.4606860Z  72 2045M   72 1484M    0     0  49.4M      0  0:00:41  0:00:30  0:00:11 53.1M
iOS Tests (Simulator) (0)	UNKNOWN STEP	2026-02-25T19:48:54.4599080Z  75 2045M   75 1539M    0     0  49.6M      0  0:00:41  0:00:31  0:00:10 53.4M
iOS Tests (Simulator) (0)	UNKNOWN STEP	2026-02-25T19:48:55.4606110Z  77 2045M   77 1595M    0     0  49.8M      0  0:00:41  0:00:32  0:00:09 55.0M
iOS Tests (Simulator) (0)	UNKNOWN STEP	2026-02-25T19:48:56.4601870Z  80 2045M   80 1649M    0     0  49.9M      0  0:00:40  0:00:33  0:00:07 55.1M
iOS Tests (Simulator) (0)	UNKNOWN STEP	2026-02-25T19:48:57.4608300Z  83 2045M   83 1704M    0     0  50.1M      0  0:00:40  0:00:34  0:00:06 55.0M
iOS Tests (Simulator) (0)	UNKNOWN STEP	2026-02-25T19:48:58.4600020Z  85 2045M   85 1753M    0     0  50.0M      0  0:00:40  0:00:35  0:00:05 53.8M
iOS Tests (Simulator) (0)	UNKNOWN STEP	2026-02-25T19:48:59.4651680Z  88 2045M   88 1808M    0     0  50.2M      0  0:00:40  0:00:36  0:00:04 53.9M
iOS Tests (Simulator) (0)	UNKNOWN STEP	2026-02-25T19:49:00.4595080Z  91 2045M   91 1865M    0     0  50.3M      0  0:00:40  0:00:37  0:00:03 54.0M
iOS Tests (Simulator) (0)	UNKNOWN STEP	2026-02-25T19:49:01.4598400Z  93 2045M   93 1921M    0     0  50.5M      0  0:00:40  0:00:38  0:00:02 54.3M
iOS Tests (Simulator) (0)	UNKNOWN STEP	2026-02-25T19:49:02.4602070Z  96 2045M   96 1974M    0     0  50.6M      0  0:00:40  0:00:39  0:00:01 54.0M
iOS Tests (Simulator) (0)	UNKNOWN STEP	2026-02-25T19:49:02.8819610Z  98 2045M   98 2022M    0     0  50.5M      0  0:00:40  0:00:40 --:--:-- 53.7M
iOS Tests (Simulator) (0)	UNKNOWN STEP	2026-02-25T19:49:02.8820140Z 100 2045M  100 2045M    0     0  50.5M      0  0:00:40  0:00:40 --:--:-- 53.5M
iOS Tests (Simulator) (0)	UNKNOWN STEP	2026-02-25T19:49:39.8607330Z ##[group]Run flutter precache --ios
iOS Tests (Simulator) (0)	UNKNOWN STEP	2026-02-25T19:49:39.8607960Z [36;1mflutter precache --ios[0m
iOS Tests (Simulator) (0)	UNKNOWN STEP	2026-02-25T19:49:39.8608320Z [36;1mflutter pub get[0m
iOS Tests (Simulator) (0)	UNKNOWN STEP	2026-02-25T19:49:39.9357250Z shell: /bin/bash -e {0}
iOS Tests (Simulator) (0)	UNKNOWN STEP	2026-02-25T19:49:39.9357510Z env:
iOS Tests (Simulator) (0)	UNKNOWN STEP	2026-02-25T19:49:39.9357780Z   CACHE_VERSION: v1
iOS Tests (Simulator) (0)	UNKNOWN STEP	2026-02-25T19:49:39.9358080Z   FLUTTER_ROOT: /Users/runner/hostedtoolcache/flutter/stable-3.41.2-arm64
iOS Tests (Simulator) (0)	UNKNOWN STEP	2026-02-25T19:49:39.9358520Z   PUB_CACHE: /Users/runner/.pub-cache
iOS Tests (Simulator) (0)	UNKNOWN STEP	2026-02-25T19:49:39.9358770Z ##[endgroup]
iOS Tests (Simulator) (0)	UNKNOWN STEP	2026-02-25T19:49:45.1119290Z Resolving dependencies...
iOS Tests (Simulator) (0)	UNKNOWN STEP	2026-02-25T19:49:45.9675600Z Downloading packages...
iOS Tests (Simulator) (0)	UNKNOWN STEP	2026-02-25T19:49:54.0037590Z   _fe_analyzer_shared 91.0.0 (96.0.0 available)
iOS Tests (Simulator) (0)	UNKNOWN STEP	2026-02-25T19:49:54.0038610Z   analyzer 8.4.1 (10.2.0 available)
iOS Tests (Simulator) (0)	UNKNOWN STEP	2026-02-25T19:49:54.0039530Z   canonical_json 1.1.2 (1.1.3 available)
iOS Tests (Simulator) (0)	UNKNOWN STEP	2026-02-25T19:49:54.0040460Z > characters 1.4.1 (was 1.4.0)
iOS Tests (Simulator) (0)	UNKNOWN STEP	2026-02-25T19:49:54.0041400Z > matcher 0.12.18 (was 0.12.17)
iOS Tests (Simulator) (0)	UNKNOWN STEP	2026-02-25T19:49:54.0042410Z > material_color_utilities 0.13.0 (was 0.11.1)
iOS Tests (Simulator) (0)	UNKNOWN STEP	2026-02-25T19:49:54.0043260Z   meta 1.17.0 (1.18.1 available)
iOS Tests (Simulator) (0)	UNKNOWN STEP	2026-02-25T19:49:54.0044530Z   sqflite_common_ffi 2.3.7+1 (2.4.0+2 available)
iOS Tests (Simulator) (0)	UNKNOWN STEP	2026-02-25T19:49:54.0045620Z   sqlite3 2.9.4 (3.1.6 available)
iOS Tests (Simulator) (0)	UNKNOWN STEP	2026-02-25T19:49:54.0046540Z > test_api 0.7.9 (was 0.7.7)
iOS Tests (Simulator) (0)	UNKNOWN STEP	2026-02-25T19:49:54.0047280Z > test_core 0.6.15 (was 0.6.12)
iOS Tests (Simulator) (0)	UNKNOWN STEP	2026-02-25T19:49:54.0048150Z   unorm_dart 0.2.0 (0.3.2 available)
iOS Tests (Simulator) (0)	UNKNOWN STEP	2026-02-25T19:49:54.0050120Z   win32 5.15.0 (6.0.0 available)
iOS Tests (Simulator) (0)	UNKNOWN STEP	2026-02-25T19:49:54.0050930Z Changed 5 dependencies!
iOS Tests (Simulator) (0)	UNKNOWN STEP	2026-02-25T19:49:54.0053820Z 8 packages have newer versions incompatible with dependency constraints.
iOS Tests (Simulator) (0)	UNKNOWN STEP	2026-02-25T19:49:54.0054430Z Try `flutter pub outdated` for more information.
iOS Tests (Simulator) (0)	UNKNOWN STEP	2026-02-25T19:49:55.9394240Z ##[group]Run ./scripts/test.sh ios --no-docker --shard 0 --total-shards 7
iOS Tests (Simulator) (0)	UNKNOWN STEP	2026-02-25T19:49:55.9394710Z [36;1m./scripts/test.sh ios --no-docker --shard 0 --total-shards 7[0m
iOS Tests (Simulator) (0)	UNKNOWN STEP	2026-02-25T19:49:55.9601580Z shell: /bin/bash -e {0}
iOS Tests (Simulator) (0)	UNKNOWN STEP	2026-02-25T19:49:55.9601770Z env:
iOS Tests (Simulator) (0)	UNKNOWN STEP	2026-02-25T19:49:55.9602070Z   CACHE_VERSION: v1
iOS Tests (Simulator) (0)	UNKNOWN STEP	2026-02-25T19:49:55.9602380Z   FLUTTER_ROOT: /Users/runner/hostedtoolcache/flutter/stable-3.41.2-arm64
iOS Tests (Simulator) (0)	UNKNOWN STEP	2026-02-25T19:49:55.9602760Z   PUB_CACHE: /Users/runner/.pub-cache
iOS Tests (Simulator) (0)	UNKNOWN STEP	2026-02-25T19:49:55.9603110Z   MATRIX_SERVER: http://localhost:8008
iOS Tests (Simulator) (0)	UNKNOWN STEP	2026-02-25T19:49:55.9603400Z   MATRIX_TEST_USER: testuser1
iOS Tests (Simulator) (0)	UNKNOWN STEP	2026-02-25T19:49:55.9603630Z   MATRIX_TEST_PASSWORD: testpass123
iOS Tests (Simulator) (0)	UNKNOWN STEP	2026-02-25T19:49:55.9603870Z ##[endgroup]
iOS Tests (Simulator) (0)	UNKNOWN STEP	2026-02-25T19:49:56.0153400Z [1m
iOS Tests (Simulator) (0)	UNKNOWN STEP	2026-02-25T19:49:56.0157950Z   Substitution Test Runner
iOS Tests (Simulator) (0)	UNKNOWN STEP	2026-02-25T19:49:56.0199770Z   2026-02-25 19:49:56
iOS Tests (Simulator) (0)	UNKNOWN STEP	2026-02-25T19:49:56.0201060Z   Targets: ios
iOS Tests (Simulator) (0)	UNKNOWN STEP	2026-02-25T19:49:56.0201940Z [0m
iOS Tests (Simulator) (0)	UNKNOWN STEP	2026-02-25T19:49:56.0208810Z [0;34m[INFO][0m Fetching Flutter dependencies...
iOS Tests (Simulator) (0)	UNKNOWN STEP	2026-02-25T19:49:57.0880050Z   unorm_dart 0.2.0 (0.3.2 available)
iOS Tests (Simulator) (0)	UNKNOWN STEP	2026-02-25T19:49:57.0984150Z   win32 5.15.0 (6.0.0 available)
iOS Tests (Simulator) (0)	UNKNOWN STEP	2026-02-25T19:49:57.1086330Z Got dependencies!
iOS Tests (Simulator) (0)	UNKNOWN STEP	2026-02-25T19:49:57.1187790Z 8 packages have newer versions incompatible with dependency constraints.
iOS Tests (Simulator) (0)	UNKNOWN STEP	2026-02-25T19:49:57.1188260Z Try `flutter pub outdated` for more information.
iOS Tests (Simulator) (0)	UNKNOWN STEP	2026-02-25T19:49:57.1292930Z [0;32m[OK][0m Dependencies fetched
iOS Tests (Simulator) (0)	UNKNOWN STEP	2026-02-25T19:49:57.1395540Z [0;34m[INFO][0m Target: ios
iOS Tests (Simulator) (0)	UNKNOWN STEP	2026-02-25T19:49:57.1496350Z 
iOS Tests (Simulator) (0)	UNKNOWN STEP	2026-02-25T19:49:57.1597710Z [1m━━━ iOS Tests (Simulator) ━━━[0m
iOS Tests (Simulator) (0)	UNKNOWN STEP	2026-02-25T19:49:57.1705250Z 
iOS Tests (Simulator) (0)	UNKNOWN STEP	2026-02-25T19:50:21.0943070Z [0;34m[INFO][0m Using simulator: B38715C4-2E95-49D7-A969-A9343CA986CC
iOS Tests (Simulator) (0)	UNKNOWN STEP	2026-02-25T19:50:32.8807910Z [0;34m[INFO][0m Waiting for simulator boot (timeout: 600s)...
iOS Tests (Simulator) (0)	UNKNOWN STEP	2026-02-25T19:54:09.5219610Z [0;32m[OK][0m Simulator booted
iOS Tests (Simulator) (0)	UNKNOWN STEP	2026-02-25T19:54:12.9031070Z [0;34m[INFO][0m Waiting for simulator responsiveness...
iOS Tests (Simulator) (0)	UNKNOWN STEP	2026-02-25T19:55:20.6241380Z [1;33m[WARN][0m Simulator may not be fully responsive
iOS Tests (Simulator) (0)	UNKNOWN STEP	2026-02-25T19:55:20.6558960Z [0;34m[INFO][0m Running all integration tests on iOS (timeout: 2700s)...
iOS Tests (Simulator) (0)	UNKNOWN STEP	2026-02-25T19:55:34.6848500Z -j/--concurrency was parsed but will be ignored, this option is not supported when running Integration Tests or web tests.
iOS Tests (Simulator) (0)	UNKNOWN STEP	2026-02-25T19:55:35.3649800Z 00:00 +0: loading /Users/runner/work/substitution/substitution/integration_test/interaction_with_matrix_test.dart
iOS Tests (Simulator) (0)	UNKNOWN STEP	2026-02-25T19:55:41.9472340Z Upgrading AppFrameworkInfo.plist
iOS Tests (Simulator) (0)	UNKNOWN STEP	2026-02-25T19:55:41.9568830Z Upgrading Podfile
iOS Tests (Simulator) (0)	UNKNOWN STEP	2026-02-25T19:55:42.1652270Z To ensure your app continues to launch on upcoming iOS versions, UIScene lifecycle support will soon be required. Please see https://flutter.dev/to/uiscene-migration for the migration guide.
iOS Tests (Simulator) (0)	UNKNOWN STEP	2026-02-25T19:55:42.1759970Z 
iOS Tests (Simulator) (0)	UNKNOWN STEP	2026-02-25T19:55:58.5630000Z Running pod install...                                             10.2s
iOS Tests (Simulator) (0)	UNKNOWN STEP	2026-02-25T19:58:18.0990570Z Running Xcode build...                                          
iOS Tests (Simulator) (0)	UNKNOWN STEP	2026-02-25T19:58:18.1115590Z Xcode build done.                                           139.5s
iOS Tests (Simulator) (0)	UNKNOWN STEP	2026-02-25T20:07:35.5972850Z 00:00 +0 -1: loading /Users/runner/work/substitution/substitution/integration_test/interaction_with_matrix_test.dart [E]
iOS Tests (Simulator) (0)	UNKNOWN STEP	2026-02-25T20:07:35.6216530Z   TimeoutException after 0:12:00.000000: Test timed out after 12 minutes.
iOS Tests (Simulator) (0)	UNKNOWN STEP	2026-02-25T20:07:35.7260600Z   package:test_api/src/backend/invoker.dart 398:28  Invoker._handleError.<fn>
iOS Tests (Simulator) (0)	UNKNOWN STEP	2026-02-25T20:07:35.7266560Z   dart:async/zone_root.dart 27:47                   _rootRun
iOS Tests (Simulator) (0)	UNKNOWN STEP	2026-02-25T20:07:35.7477960Z   dart:async/zone.dart 726:19                       _CustomZone.run
iOS Tests (Simulator) (0)	UNKNOWN STEP	2026-02-25T20:07:35.7598230Z   package:test_api/src/backend/invoker.dart 396:10  Invoker._handleError
iOS Tests (Simulator) (0)	UNKNOWN STEP	2026-02-25T20:07:35.7822930Z   package:test_api/src/backend/invoker.dart 351:9   Invoker.heartbeat.<fn>.<fn>
iOS Tests (Simulator) (0)	UNKNOWN STEP	2026-02-25T20:07:35.7893080Z   dart:async/zone_root.dart 35:13                   _rootRun
iOS Tests (Simulator) (0)	UNKNOWN STEP	2026-02-25T20:07:35.7894500Z   dart:async/zone.dart 726:19                       _CustomZone.run
iOS Tests (Simulator) (0)	UNKNOWN STEP	2026-02-25T20:07:35.7917180Z   package:test_api/src/backend/invoker.dart 350:38  Invoker.heartbeat.<fn>
iOS Tests (Simulator) (0)	UNKNOWN STEP	2026-02-25T20:07:35.8097240Z   dart:async-patch/timer_patch.dart 18:15           Timer._createTimer.<fn>
iOS Tests (Simulator) (0)	UNKNOWN STEP	2026-02-25T20:07:35.8097900Z   dart:isolate-patch/timer_impl.dart 423:19         _Timer._runTimers
iOS Tests (Simulator) (0)	UNKNOWN STEP	2026-02-25T20:07:35.8098520Z   dart:isolate-patch/timer_impl.dart 454:5          _Timer._handleMessage
iOS Tests (Simulator) (0)	UNKNOWN STEP	2026-02-25T20:07:35.8099160Z   dart:isolate-patch/isolate_patch.dart 193:12      _RawReceivePort._handleMessage
iOS Tests (Simulator) (0)	UNKNOWN STEP	2026-02-25T20:07:35.8099620Z   
iOS Tests (Simulator) (0)	UNKNOWN STEP	2026-02-25T20:07:35.8100350Z 00:00 +0 -1: loading /Users/runner/work/substitution/substitution/integration_test/offline_test.dart
iOS Tests (Simulator) (0)	UNKNOWN STEP	2026-02-25T20:07:49.5393970Z To ensure your app continues to launch on upcoming iOS versions, UIScene lifecycle support will soon be required. Please see https://flutter.dev/to/uiscene-migration for the migration guide.
iOS Tests (Simulator) (0)	UNKNOWN STEP	2026-02-25T20:07:49.5517210Z 
iOS Tests (Simulator) (0)	UNKNOWN STEP	2026-02-25T20:09:18.7691590Z Running Xcode build...                                          
iOS Tests (Simulator) (0)	UNKNOWN STEP	2026-02-25T20:09:18.7702530Z Xcode build done.                                           82.9s
iOS Tests (Simulator) (0)	UNKNOWN STEP	2026-02-25T20:19:35.7755170Z 00:00 +0 -2: loading /Users/runner/work/substitution/substitution/integration_test/offline_test.dart [E]
iOS Tests (Simulator) (0)	UNKNOWN STEP	2026-02-25T20:19:35.7757030Z   TimeoutException after 0:12:00.000000: Test timed out after 12 minutes.
iOS Tests (Simulator) (0)	UNKNOWN STEP	2026-02-25T20:19:35.8041210Z   package:test_api/src/backend/invoker.dart 398:28  Invoker._handleError.<fn>
iOS Tests (Simulator) (0)	UNKNOWN STEP	2026-02-25T20:19:35.8270600Z   dart:async/zone_root.dart 27:47                   _rootRun
iOS Tests (Simulator) (0)	UNKNOWN STEP	2026-02-25T20:19:35.8372530Z   dart:async/zone.dart 726:19                       _CustomZone.run
iOS Tests (Simulator) (0)	UNKNOWN STEP	2026-02-25T20:19:35.8481270Z   package:test_api/src/backend/invoker.dart 396:10  Invoker._handleError
iOS Tests (Simulator) (0)	UNKNOWN STEP	2026-02-25T20:19:35.8600460Z   package:test_api/src/backend/invoker.dart 351:9   Invoker.heartbeat.<fn>.<fn>
iOS Tests (Simulator) (0)	UNKNOWN STEP	2026-02-25T20:19:35.8702070Z   dart:async/zone_root.dart 35:13                   _rootRun
iOS Tests (Simulator) (0)	UNKNOWN STEP	2026-02-25T20:19:35.8952180Z   dart:async/zone.dart 726:19                       _CustomZone.run
iOS Tests (Simulator) (0)	UNKNOWN STEP	2026-02-25T20:19:35.9053780Z   package:test_api/src/backend/invoker.dart 350:38  Invoker.heartbeat.<fn>
iOS Tests (Simulator) (0)	UNKNOWN STEP	2026-02-25T20:19:35.9296000Z   dart:async-patch/timer_patch.dart 18:15           Timer._createTimer.<fn>
iOS Tests (Simulator) (0)	UNKNOWN STEP	2026-02-25T20:19:35.9409350Z   dart:isolate-patch/timer_impl.dart 423:19         _Timer._runTimers
iOS Tests (Simulator) (0)	UNKNOWN STEP	2026-02-25T20:19:35.9410030Z   dart:isolate-patch/timer_impl.dart 454:5          _Timer._handleMessage
iOS Tests (Simulator) (0)	UNKNOWN STEP	2026-02-25T20:19:35.9639210Z   dart:isolate-patch/isolate_patch.dart 193:12      _RawReceivePort._handleMessage
iOS Tests (Simulator) (0)	UNKNOWN STEP	2026-02-25T20:19:35.9740130Z   
iOS Tests (Simulator) (0)	UNKNOWN STEP	2026-02-25T20:19:35.9940830Z 00:00 +0 -2: loading /Users/runner/work/substitution/substitution/integration_test/room_feed_with_matrix_test.dart
iOS Tests (Simulator) (0)	UNKNOWN STEP	2026-02-25T20:19:44.8058270Z To ensure your app continues to launch on upcoming iOS versions, UIScene lifecycle support will soon be required. Please see https://flutter.dev/to/uiscene-migration for the migration guide.
iOS Tests (Simulator) (0)	UNKNOWN STEP	2026-02-25T20:19:44.8061180Z 
iOS Tests (Simulator) (0)	UNKNOWN STEP	2026-02-25T20:21:06.7236050Z Running Xcode build...                                          
iOS Tests (Simulator) (0)	UNKNOWN STEP	2026-02-25T20:21:06.7337240Z Xcode build done.                                           77.6s
iOS Tests (Simulator) (0)	UNKNOWN STEP	2026-02-25T20:31:35.8555350Z 00:00 +0 -3: loading /Users/runner/work/substitution/substitution/integration_test/room_feed_with_matrix_test.dart [E]
iOS Tests (Simulator) (0)	UNKNOWN STEP	2026-02-25T20:31:35.8669420Z   TimeoutException after 0:12:00.000000: Test timed out after 12 minutes.
iOS Tests (Simulator) (0)	UNKNOWN STEP	2026-02-25T20:31:35.8792530Z   package:test_api/src/backend/invoker.dart 398:28  Invoker._handleError.<fn>
iOS Tests (Simulator) (0)	UNKNOWN STEP	2026-02-25T20:31:35.9030900Z   dart:async/zone_root.dart 27:47                   _rootRun
iOS Tests (Simulator) (0)	UNKNOWN STEP	2026-02-25T20:31:35.9133280Z   dart:async/zone.dart 726:19                       _CustomZone.run
iOS Tests (Simulator) (0)	UNKNOWN STEP	2026-02-25T20:31:35.9246540Z   package:test_api/src/backend/invoker.dart 396:10  Invoker._handleError
iOS Tests (Simulator) (0)	UNKNOWN STEP	2026-02-25T20:31:35.9382270Z   package:test_api/src/backend/invoker.dart 351:9   Invoker.heartbeat.<fn>.<fn>
iOS Tests (Simulator) (0)	UNKNOWN STEP	2026-02-25T20:31:35.9540880Z   dart:async/zone_root.dart 35:13                   _rootRun
iOS Tests (Simulator) (0)	UNKNOWN STEP	2026-02-25T20:31:35.9649920Z   dart:async/zone.dart 726:19                       _CustomZone.run
iOS Tests (Simulator) (0)	UNKNOWN STEP	2026-02-25T20:31:35.9709510Z   package:test_api/src/backend/invoker.dart 350:38  Invoker.heartbeat.<fn>
iOS Tests (Simulator) (0)	UNKNOWN STEP	2026-02-25T20:31:35.9711670Z   dart:async-patch/timer_patch.dart 18:15           Timer._createTimer.<fn>
iOS Tests (Simulator) (0)	UNKNOWN STEP	2026-02-25T20:31:35.9713180Z   dart:isolate-patch/timer_impl.dart 423:19         _Timer._runTimers
iOS Tests (Simulator) (0)	UNKNOWN STEP	2026-02-25T20:31:35.9714520Z   dart:isolate-patch/timer_impl.dart 454:5          _Timer._handleMessage
iOS Tests (Simulator) (0)	UNKNOWN STEP	2026-02-25T20:31:35.9716190Z   dart:isolate-patch/isolate_patch.dart 193:12      _RawReceivePort._handleMessage
iOS Tests (Simulator) (0)	UNKNOWN STEP	2026-02-25T20:31:35.9717140Z   
iOS Tests (Simulator) (0)	UNKNOWN STEP	2026-02-25T20:31:35.9718700Z 00:00 +0 -3: loading /Users/runner/work/substitution/substitution/integration_test/feed_with_matrix_test.dart
iOS Tests (Simulator) (0)	UNKNOWN STEP	2026-02-25T20:31:45.4212870Z To ensure your app continues to launch on upcoming iOS versions, UIScene lifecycle support will soon be required. Please see https://flutter.dev/to/uiscene-migration for the migration guide.
iOS Tests (Simulator) (0)	UNKNOWN STEP	2026-02-25T20:31:45.4221820Z 
iOS Tests (Simulator) (0)	UNKNOWN STEP	2026-02-25T20:32:51.2047980Z Running Xcode build...                                          
iOS Tests (Simulator) (0)	UNKNOWN STEP	2026-02-25T20:32:51.2052390Z Xcode build done.                                           62.5s
iOS Tests (Simulator) (0)	UNKNOWN STEP	2026-02-25T20:40:22.1368990Z [0;31m[ERROR][0m iOS tests timed out after 2700s
iOS Tests (Simulator) (0)	UNKNOWN STEP	2026-02-25T20:40:22.1375610Z 
iOS Tests (Simulator) (0)	UNKNOWN STEP	2026-02-25T20:40:22.1635620Z [1m══════════════════════════════════════════════════════════[0m
iOS Tests (Simulator) (0)	UNKNOWN STEP	2026-02-25T20:40:22.1636940Z [1m  Test Results Summary[0m
iOS Tests (Simulator) (0)	UNKNOWN STEP	2026-02-25T20:40:22.1720970Z [1m══════════════════════════════════════════════════════════[0m
iOS Tests (Simulator) (0)	UNKNOWN STEP	2026-02-25T20:40:22.1880410Z 
iOS Tests (Simulator) (0)	UNKNOWN STEP	2026-02-25T20:40:22.2059300Z   TARGET             PASSED   FAILED  SKIPPED   DURATION
iOS Tests (Simulator) (0)	UNKNOWN STEP	2026-02-25T20:40:22.2193140Z   ──────────────── ──────── ──────── ──────── ──────────
iOS Tests (Simulator) (0)	UNKNOWN STEP	2026-02-25T20:40:22.2317170Z   [0;31mios             [0m        0        3        0     45m 1s
iOS Tests (Simulator) (0)	UNKNOWN STEP	2026-02-25T20:40:22.2480420Z 
iOS Tests (Simulator) (0)	UNKNOWN STEP	2026-02-25T20:40:22.2589510Z   ──────────────── ──────── ──────── ────────
iOS Tests (Simulator) (0)	UNKNOWN STEP	2026-02-25T20:40:22.2695790Z   [0;31mTOTAL                   0        3        0[0m
iOS Tests (Simulator) (0)	UNKNOWN STEP	2026-02-25T20:40:22.2797980Z 
iOS Tests (Simulator) (0)	UNKNOWN STEP	2026-02-25T20:40:22.2942200Z   [0;31m[1mRESULT: FAILED[0m
iOS Tests (Simulator) (0)	UNKNOWN STEP	2026-02-25T20:40:22.3043420Z 
iOS Tests (Simulator) (0)	UNKNOWN STEP	2026-02-25T20:40:22.3147300Z [1m══════════════════════════════════════════════════════════[0m
iOS Tests (Simulator) (0)	UNKNOWN STEP	2026-02-25T20:40:22.3147760Z 
iOS Tests (Simulator) (0)	UNKNOWN STEP	2026-02-25T20:40:22.3310010Z [0;34m[INFO][0m Cleaning up...
iOS Tests (Simulator) (0)	UNKNOWN STEP	2026-02-25T20:40:29.3352350Z [0;34m[INFO][0m Cleanup complete
iOS Tests (Simulator) (0)	UNKNOWN STEP	2026-02-25T20:40:29.3880420Z ##[error]Process completed with exit code 1.
iOS Tests (Simulator) (0)	UNKNOWN STEP	2026-02-25T20:40:29.6338970Z Post job cleanup.
iOS Tests (Simulator) (0)	UNKNOWN STEP	2026-02-25T20:40:29.7232680Z Post job cleanup.
iOS Tests (Simulator) (0)	UNKNOWN STEP	2026-02-25T20:40:30.6892110Z [command]/opt/homebrew/bin/git version
iOS Tests (Simulator) (0)	UNKNOWN STEP	2026-02-25T20:40:30.7835090Z git version 2.53.0
iOS Tests (Simulator) (0)	UNKNOWN STEP	2026-02-25T20:40:30.8478370Z Copying '/Users/runner/.gitconfig' to '/Users/runner/work/_temp/789b76bf-cd06-4cca-bfca-2c8757f162e5/.gitconfig'
iOS Tests (Simulator) (0)	UNKNOWN STEP	2026-02-25T20:40:30.8604110Z Temporarily overriding HOME='/Users/runner/work/_temp/789b76bf-cd06-4cca-bfca-2c8757f162e5' before making global git config changes
iOS Tests (Simulator) (0)	UNKNOWN STEP	2026-02-25T20:40:30.8711090Z Adding repository directory to the temporary git global config as a safe directory
iOS Tests (Simulator) (0)	UNKNOWN STEP	2026-02-25T20:40:30.8746650Z [command]/opt/homebrew/bin/git config --global --add safe.directory /Users/runner/work/substitution/substitution
iOS Tests (Simulator) (0)	UNKNOWN STEP	2026-02-25T20:40:30.9073400Z [command]/opt/homebrew/bin/git config --local --name-only --get-regexp core\.sshCommand
iOS Tests (Simulator) (0)	UNKNOWN STEP	2026-02-25T20:40:30.9398600Z [command]/opt/homebrew/bin/git submodule foreach --recursive sh -c "git config --local --name-only --get-regexp 'core\.sshCommand' && git config --local --unset-all 'core.sshCommand' || :"
iOS Tests (Simulator) (0)	UNKNOWN STEP	2026-02-25T20:40:31.0863690Z [command]/opt/homebrew/bin/git config --local --name-only --get-regexp http\.https\:\/\/github\.com\/\.extraheader
iOS Tests (Simulator) (0)	UNKNOWN STEP	2026-02-25T20:40:31.0964930Z http.https://github.com/.extraheader
iOS Tests (Simulator) (0)	UNKNOWN STEP	2026-02-25T20:40:31.1271160Z [command]/opt/homebrew/bin/git config --local --unset-all http.https://github.com/.extraheader
iOS Tests (Simulator) (0)	UNKNOWN STEP	2026-02-25T20:40:31.1799780Z [command]/opt/homebrew/bin/git submodule foreach --recursive sh -c "git config --local --name-only --get-regexp 'http\.https\:\/\/github\.com\/\.extraheader' && git config --local --unset-all 'http.https://github.com/.extraheader' || :"
iOS Tests (Simulator) (0)	UNKNOWN STEP	2026-02-25T20:40:31.2621530Z [command]/opt/homebrew/bin/git config --local --name-only --get-regexp ^includeIf\.gitdir:
iOS Tests (Simulator) (0)	UNKNOWN STEP	2026-02-25T20:40:31.3095660Z [command]/opt/homebrew/bin/git submodule foreach --recursive git config --local --show-origin --name-only --get-regexp remote.origin.url
iOS Tests (Simulator) (0)	UNKNOWN STEP	2026-02-25T20:40:31.4774670Z Cleaning up orphan processes
iOS Tests (Simulator) (0)	UNKNOWN STEP	2026-02-25T20:40:50.6066300Z Terminate orphan process: pid (3840) (Simulator)
Android Tests (5)	UNKNOWN STEP	﻿2026-02-25T19:48:13.7048991Z Current runner version: '2.331.0'
Android Tests (5)	UNKNOWN STEP	2026-02-25T19:48:13.7082188Z ##[group]Runner Image Provisioner
Android Tests (5)	UNKNOWN STEP	2026-02-25T19:48:13.7083408Z Hosted Compute Agent
Android Tests (5)	UNKNOWN STEP	2026-02-25T19:48:13.7084193Z Version: 20260213.493
Android Tests (5)	UNKNOWN STEP	2026-02-25T19:48:13.7085235Z Commit: 5c115507f6dd24b8de37d8bbe0bb4509d0cc0fa3
Android Tests (5)	UNKNOWN STEP	2026-02-25T19:48:13.7086302Z Build Date: 2026-02-13T00:28:41Z
Android Tests (5)	UNKNOWN STEP	2026-02-25T19:48:13.7087229Z Worker ID: {89b084c2-e9bf-4ac5-b85c-bf0bee8c4f0e}
Android Tests (5)	UNKNOWN STEP	2026-02-25T19:48:13.7088211Z Azure Region: northcentralus
Android Tests (5)	UNKNOWN STEP	2026-02-25T19:48:13.7089098Z ##[endgroup]
Android Tests (5)	UNKNOWN STEP	2026-02-25T19:48:13.7090571Z ##[group]Operating System
Android Tests (5)	UNKNOWN STEP	2026-02-25T19:48:13.7091138Z Ubuntu
Android Tests (5)	UNKNOWN STEP	2026-02-25T19:48:13.7091564Z 24.04.3
Android Tests (5)	UNKNOWN STEP	2026-02-25T19:48:13.7091982Z LTS
Android Tests (5)	UNKNOWN STEP	2026-02-25T19:48:13.7092362Z ##[endgroup]
Android Tests (5)	UNKNOWN STEP	2026-02-25T19:48:13.7092811Z ##[group]Runner Image
Android Tests (5)	UNKNOWN STEP	2026-02-25T19:48:13.7093295Z Image: ubuntu-24.04
Android Tests (5)	UNKNOWN STEP	2026-02-25T19:48:13.7093734Z Version: 20260224.36.1
Android Tests (5)	UNKNOWN STEP	2026-02-25T19:48:13.7095079Z Included Software: https://github.com/actions/runner-images/blob/ubuntu24/20260224.36/images/ubuntu/Ubuntu2404-Readme.md
Android Tests (5)	UNKNOWN STEP	2026-02-25T19:48:13.7096285Z Image Release: https://github.com/actions/runner-images/releases/tag/ubuntu24%2F20260224.36
Android Tests (5)	UNKNOWN STEP	2026-02-25T19:48:13.7097065Z ##[endgroup]
Android Tests (5)	UNKNOWN STEP	2026-02-25T19:48:13.7098060Z ##[group]GITHUB_TOKEN Permissions
Android Tests (5)	UNKNOWN STEP	2026-02-25T19:48:13.7100117Z Contents: read
Android Tests (5)	UNKNOWN STEP	2026-02-25T19:48:13.7100646Z Metadata: read
Android Tests (5)	UNKNOWN STEP	2026-02-25T19:48:13.7101054Z Packages: read
Android Tests (5)	UNKNOWN STEP	2026-02-25T19:48:13.7101470Z ##[endgroup]
Android Tests (5)	UNKNOWN STEP	2026-02-25T19:48:13.7103366Z Secret source: Actions
Android Tests (5)	UNKNOWN STEP	2026-02-25T19:48:13.7104030Z Prepare workflow directory
Android Tests (5)	UNKNOWN STEP	2026-02-25T19:48:13.7564212Z Prepare all required actions
Android Tests (5)	UNKNOWN STEP	2026-02-25T19:48:13.7621566Z Getting action download info
Android Tests (5)	UNKNOWN STEP	2026-02-25T19:48:14.1327039Z Download action repository 'actions/checkout@v4' (SHA:34e114876b0b11c390a56381ad16ebd13914f8d5)
Android Tests (5)	UNKNOWN STEP	2026-02-25T19:48:14.2433356Z Download action repository 'actions/setup-java@v4' (SHA:c1e323688fd81a25caa38c78aa6df2d33d3e20d9)
Android Tests (5)	UNKNOWN STEP	2026-02-25T19:48:14.7002617Z Download action repository 'subosito/flutter-action@v2' (SHA:fd55f4c5af5b953cc57a2be44cb082c8f6635e8e)
Android Tests (5)	UNKNOWN STEP	2026-02-25T19:48:15.1588953Z Download action repository 'reactivecircus/android-emulator-runner@v2' (SHA:b530d96654c385303d652368551fb075bc2f0b6b)
Android Tests (5)	UNKNOWN STEP	2026-02-25T19:48:15.6813254Z Getting action download info
Android Tests (5)	UNKNOWN STEP	2026-02-25T19:48:15.8452440Z Download action repository 'actions/cache@v4' (SHA:0057852bfaa89a56745cba8c7296529d2fc39830)
Android Tests (5)	UNKNOWN STEP	2026-02-25T19:48:15.9949074Z Complete job name: Android Tests (5)
Android Tests (5)	UNKNOWN STEP	2026-02-25T19:48:16.0676580Z ##[group]Run actions/checkout@v4
Android Tests (5)	UNKNOWN STEP	2026-02-25T19:48:16.0677845Z with:
Android Tests (5)	UNKNOWN STEP	2026-02-25T19:48:16.0678642Z   repository: floffel/substitution
Android Tests (5)	UNKNOWN STEP	2026-02-25T19:48:16.0679968Z   token: ***
Android Tests (5)	UNKNOWN STEP	2026-02-25T19:48:16.0680702Z   ssh-strict: true
Android Tests (5)	UNKNOWN STEP	2026-02-25T19:48:16.0681478Z   ssh-user: git
Android Tests (5)	UNKNOWN STEP	2026-02-25T19:48:16.0682254Z   persist-credentials: true
Android Tests (5)	UNKNOWN STEP	2026-02-25T19:48:16.0683129Z   clean: true
Android Tests (5)	UNKNOWN STEP	2026-02-25T19:48:16.0683912Z   sparse-checkout-cone-mode: true
Android Tests (5)	UNKNOWN STEP	2026-02-25T19:48:16.0684979Z   fetch-depth: 1
Android Tests (5)	UNKNOWN STEP	2026-02-25T19:48:16.0685790Z   fetch-tags: false
Android Tests (5)	UNKNOWN STEP	2026-02-25T19:48:16.0686541Z   show-progress: true
Android Tests (5)	UNKNOWN STEP	2026-02-25T19:48:16.0687352Z   lfs: false
Android Tests (5)	UNKNOWN STEP	2026-02-25T19:48:16.0688093Z   submodules: false
Android Tests (5)	UNKNOWN STEP	2026-02-25T19:48:16.0688896Z   set-safe-directory: true
Android Tests (5)	UNKNOWN STEP	2026-02-25T19:48:16.0689970Z env:
Android Tests (5)	UNKNOWN STEP	2026-02-25T19:48:16.0690730Z   CACHE_VERSION: v1
Android Tests (5)	UNKNOWN STEP	2026-02-25T19:48:16.0691464Z ##[endgroup]
Android Tests (5)	UNKNOWN STEP	2026-02-25T19:48:16.1901080Z Syncing repository: floffel/substitution
Android Tests (5)	UNKNOWN STEP	2026-02-25T19:48:16.1903683Z ##[group]Getting Git version info
Android Tests (5)	UNKNOWN STEP	2026-02-25T19:48:16.1905456Z Working directory is '/home/runner/work/substitution/substitution'
Android Tests (5)	UNKNOWN STEP	2026-02-25T19:48:16.1907323Z [command]/usr/bin/git version
Android Tests (5)	UNKNOWN STEP	2026-02-25T19:48:16.1952666Z git version 2.53.0
Android Tests (5)	UNKNOWN STEP	2026-02-25T19:48:16.1977096Z ##[endgroup]
Android Tests (5)	UNKNOWN STEP	2026-02-25T19:48:16.1992479Z Temporarily overriding HOME='/home/runner/work/_temp/b49581b3-577b-4d0b-b1de-bb2938acb9c0' before making global git config changes
Android Tests (5)	UNKNOWN STEP	2026-02-25T19:48:16.1996942Z Adding repository directory to the temporary git global config as a safe directory
Android Tests (5)	UNKNOWN STEP	2026-02-25T19:48:16.2000446Z [command]/usr/bin/git config --global --add safe.directory /home/runner/work/substitution/substitution
Android Tests (5)	UNKNOWN STEP	2026-02-25T19:48:16.2035889Z Deleting the contents of '/home/runner/work/substitution/substitution'
Android Tests (5)	UNKNOWN STEP	2026-02-25T19:48:16.2039507Z ##[group]Initializing the repository
Android Tests (5)	UNKNOWN STEP	2026-02-25T19:48:16.2044907Z [command]/usr/bin/git init /home/runner/work/substitution/substitution
Android Tests (5)	UNKNOWN STEP	2026-02-25T19:48:16.2135378Z hint: Using 'master' as the name for the initial branch. This default branch name
Android Tests (5)	UNKNOWN STEP	2026-02-25T19:48:16.2138602Z hint: will change to "main" in Git 3.0. To configure the initial branch name
Android Tests (5)	UNKNOWN STEP	2026-02-25T19:48:16.2141814Z hint: to use in all of your new repositories, which will suppress this warning,
Android Tests (5)	UNKNOWN STEP	2026-02-25T19:48:16.2144020Z hint: call:
Android Tests (5)	UNKNOWN STEP	2026-02-25T19:48:16.2145325Z hint:
Android Tests (5)	UNKNOWN STEP	2026-02-25T19:48:16.2146822Z hint: 	git config --global init.defaultBranch <name>
Android Tests (5)	UNKNOWN STEP	2026-02-25T19:48:16.2148537Z hint:
Android Tests (5)	UNKNOWN STEP	2026-02-25T19:48:16.2150145Z hint: Names commonly chosen instead of 'master' are 'main', 'trunk' and
Android Tests (5)	UNKNOWN STEP	2026-02-25T19:48:16.2152966Z hint: 'development'. The just-created branch can be renamed via this command:
Android Tests (5)	UNKNOWN STEP	2026-02-25T19:48:16.2155295Z hint:
Android Tests (5)	UNKNOWN STEP	2026-02-25T19:48:16.2156420Z hint: 	git branch -m <name>
Android Tests (5)	UNKNOWN STEP	2026-02-25T19:48:16.2158016Z hint:
Android Tests (5)	UNKNOWN STEP	2026-02-25T19:48:16.2159116Z hint: Disable this message with "git config set advice.defaultBranchName false"
Android Tests (5)	UNKNOWN STEP	2026-02-25T19:48:16.2160874Z Initialized empty Git repository in /home/runner/work/substitution/substitution/.git/
Android Tests (5)	UNKNOWN STEP	2026-02-25T19:48:16.2165281Z [command]/usr/bin/git remote add origin https://github.com/floffel/substitution
Android Tests (5)	UNKNOWN STEP	2026-02-25T19:48:16.2184195Z ##[endgroup]
Android Tests (5)	UNKNOWN STEP	2026-02-25T19:48:16.2186528Z ##[group]Disabling automatic garbage collection
Android Tests (5)	UNKNOWN STEP	2026-02-25T19:48:16.2188468Z [command]/usr/bin/git config --local gc.auto 0
Android Tests (5)	UNKNOWN STEP	2026-02-25T19:48:16.2214206Z ##[endgroup]
Android Tests (5)	UNKNOWN STEP	2026-02-25T19:48:16.2216594Z ##[group]Setting up auth
Android Tests (5)	UNKNOWN STEP	2026-02-25T19:48:16.2222066Z [command]/usr/bin/git config --local --name-only --get-regexp core\.sshCommand
Android Tests (5)	UNKNOWN STEP	2026-02-25T19:48:16.2250439Z [command]/usr/bin/git submodule foreach --recursive sh -c "git config --local --name-only --get-regexp 'core\.sshCommand' && git config --local --unset-all 'core.sshCommand' || :"
Android Tests (5)	UNKNOWN STEP	2026-02-25T19:48:16.2549267Z [command]/usr/bin/git config --local --name-only --get-regexp http\.https\:\/\/github\.com\/\.extraheader
Android Tests (5)	UNKNOWN STEP	2026-02-25T19:48:16.2579148Z [command]/usr/bin/git submodule foreach --recursive sh -c "git config --local --name-only --get-regexp 'http\.https\:\/\/github\.com\/\.extraheader' && git config --local --unset-all 'http.https://github.com/.extraheader' || :"
Android Tests (5)	UNKNOWN STEP	2026-02-25T19:48:16.2753714Z [command]/usr/bin/git config --local --name-only --get-regexp ^includeIf\.gitdir:
Android Tests (5)	UNKNOWN STEP	2026-02-25T19:48:16.2789195Z [command]/usr/bin/git submodule foreach --recursive git config --local --show-origin --name-only --get-regexp remote.origin.url
Android Tests (5)	UNKNOWN STEP	2026-02-25T19:48:16.2972762Z [command]/usr/bin/git config --local http.https://github.com/.extraheader AUTHORIZATION: basic ***
Android Tests (5)	UNKNOWN STEP	2026-02-25T19:48:16.3002581Z ##[endgroup]
Android Tests (5)	UNKNOWN STEP	2026-02-25T19:48:16.3005108Z ##[group]Fetching the repository
Android Tests (5)	UNKNOWN STEP	2026-02-25T19:48:16.3013413Z [command]/usr/bin/git -c protocol.version=2 fetch --no-tags --prune --no-recurse-submodules --depth=1 origin +0408461b08eee1bbe2c516702bd1813b916d3e4c:refs/remotes/pull/1/merge
Android Tests (5)	UNKNOWN STEP	2026-02-25T19:48:17.3626702Z From https://github.com/floffel/substitution
Android Tests (5)	UNKNOWN STEP	2026-02-25T19:48:17.3628758Z  * [new ref]         0408461b08eee1bbe2c516702bd1813b916d3e4c -> pull/1/merge
Android Tests (5)	UNKNOWN STEP	2026-02-25T19:48:17.3654209Z ##[endgroup]
Android Tests (5)	UNKNOWN STEP	2026-02-25T19:48:17.3654945Z ##[group]Determining the checkout info
Android Tests (5)	UNKNOWN STEP	2026-02-25T19:48:17.3656634Z ##[endgroup]
Android Tests (5)	UNKNOWN STEP	2026-02-25T19:48:17.3661347Z [command]/usr/bin/git sparse-checkout disable
Android Tests (5)	UNKNOWN STEP	2026-02-25T19:48:17.3694530Z [command]/usr/bin/git config --local --unset-all extensions.worktreeConfig
Android Tests (5)	UNKNOWN STEP	2026-02-25T19:48:17.3715114Z ##[group]Checking out the ref
Android Tests (5)	UNKNOWN STEP	2026-02-25T19:48:17.3718269Z [command]/usr/bin/git checkout --progress --force refs/remotes/pull/1/merge
Android Tests (5)	UNKNOWN STEP	2026-02-25T19:48:17.6525238Z Note: switching to 'refs/remotes/pull/1/merge'.
Android Tests (5)	UNKNOWN STEP	2026-02-25T19:48:17.6526195Z 
Android Tests (5)	UNKNOWN STEP	2026-02-25T19:48:17.6526925Z You are in 'detached HEAD' state. You can look around, make experimental
Android Tests (5)	UNKNOWN STEP	2026-02-25T19:48:17.6528185Z changes and commit them, and you can discard any commits you make in this
Android Tests (5)	UNKNOWN STEP	2026-02-25T19:48:17.6529734Z state without impacting any branches by switching back to a branch.
Android Tests (5)	UNKNOWN STEP	2026-02-25T19:48:17.6531331Z 
Android Tests (5)	UNKNOWN STEP	2026-02-25T19:48:17.6531765Z If you want to create a new branch to retain commits you create, you may
Android Tests (5)	UNKNOWN STEP	2026-02-25T19:48:17.6532683Z do so (now or later) by using -c with the switch command. Example:
Android Tests (5)	UNKNOWN STEP	2026-02-25T19:48:17.6533213Z 
Android Tests (5)	UNKNOWN STEP	2026-02-25T19:48:17.6533451Z   git switch -c <new-branch-name>
Android Tests (5)	UNKNOWN STEP	2026-02-25T19:48:17.6533777Z 
Android Tests (5)	UNKNOWN STEP	2026-02-25T19:48:17.6534022Z Or undo this operation with:
Android Tests (5)	UNKNOWN STEP	2026-02-25T19:48:17.6534573Z 
Android Tests (5)	UNKNOWN STEP	2026-02-25T19:48:17.6534719Z   git switch -
Android Tests (5)	UNKNOWN STEP	2026-02-25T19:48:17.6534905Z 
Android Tests (5)	UNKNOWN STEP	2026-02-25T19:48:17.6535201Z Turn off this advice by setting config variable advice.detachedHead to false
Android Tests (5)	UNKNOWN STEP	2026-02-25T19:48:17.6535521Z 
Android Tests (5)	UNKNOWN STEP	2026-02-25T19:48:17.6535903Z HEAD is now at 0408461 Merge 86c2f4a4443179a61e99b4f5d2c467a0f9c43a72 into 74cc852017b0f1fdeb37326726f5fee7effe2248
Android Tests (5)	UNKNOWN STEP	2026-02-25T19:48:17.6540705Z ##[endgroup]
Android Tests (5)	UNKNOWN STEP	2026-02-25T19:48:17.6580946Z [command]/usr/bin/git log -1 --format=%H
Android Tests (5)	UNKNOWN STEP	2026-02-25T19:48:17.6602501Z 0408461b08eee1bbe2c516702bd1813b916d3e4c
Android Tests (5)	UNKNOWN STEP	2026-02-25T19:48:17.6828524Z ##[group]Run actions/setup-java@v4
Android Tests (5)	UNKNOWN STEP	2026-02-25T19:48:17.6828919Z with:
Android Tests (5)	UNKNOWN STEP	2026-02-25T19:48:17.6829195Z   java-version: 17
Android Tests (5)	UNKNOWN STEP	2026-02-25T19:48:17.6829569Z   distribution: temurin
Android Tests (5)	UNKNOWN STEP	2026-02-25T19:48:17.6829901Z   java-package: jdk
Android Tests (5)	UNKNOWN STEP	2026-02-25T19:48:17.6830167Z   check-latest: false
Android Tests (5)	UNKNOWN STEP	2026-02-25T19:48:17.6830542Z   server-id: github
Android Tests (5)	UNKNOWN STEP	2026-02-25T19:48:17.6830828Z   server-username: GITHUB_ACTOR
Android Tests (5)	UNKNOWN STEP	2026-02-25T19:48:17.6831171Z   server-password: GITHUB_TOKEN
Android Tests (5)	UNKNOWN STEP	2026-02-25T19:48:17.6831535Z   overwrite-settings: true
Android Tests (5)	UNKNOWN STEP	2026-02-25T19:48:17.6831873Z   job-status: success
Android Tests (5)	UNKNOWN STEP	2026-02-25T19:48:17.6832333Z   token: ***
Android Tests (5)	UNKNOWN STEP	2026-02-25T19:48:17.6832650Z env:
Android Tests (5)	UNKNOWN STEP	2026-02-25T19:48:17.6832938Z   CACHE_VERSION: v1
Android Tests (5)	UNKNOWN STEP	2026-02-25T19:48:17.6833203Z ##[endgroup]
Android Tests (5)	UNKNOWN STEP	2026-02-25T19:48:17.8732346Z ##[group]Installed distributions
Android Tests (5)	UNKNOWN STEP	2026-02-25T19:48:17.9021972Z Resolved Java 17.0.18+8 from tool-cache
Android Tests (5)	UNKNOWN STEP	2026-02-25T19:48:17.9023146Z Setting Java 17.0.18+8 as the default
Android Tests (5)	UNKNOWN STEP	2026-02-25T19:48:17.9040230Z Creating toolchains.xml for JDK version 17 from temurin
Android Tests (5)	UNKNOWN STEP	2026-02-25T19:48:17.9151654Z Writing to /home/runner/.m2/toolchains.xml
Android Tests (5)	UNKNOWN STEP	2026-02-25T19:48:17.9152296Z 
Android Tests (5)	UNKNOWN STEP	2026-02-25T19:48:17.9154098Z Java configuration:
Android Tests (5)	UNKNOWN STEP	2026-02-25T19:48:17.9155264Z   Distribution: temurin
Android Tests (5)	UNKNOWN STEP	2026-02-25T19:48:17.9156011Z   Version: 17.0.18+8
Android Tests (5)	UNKNOWN STEP	2026-02-25T19:48:17.9156865Z   Path: /opt/hostedtoolcache/Java_Temurin-Hotspot_jdk/17.0.18-8/x64
Android Tests (5)	UNKNOWN STEP	2026-02-25T19:48:17.9157555Z 
Android Tests (5)	UNKNOWN STEP	2026-02-25T19:48:17.9158610Z ##[endgroup]
Android Tests (5)	UNKNOWN STEP	2026-02-25T19:48:17.9174796Z Creating settings.xml with server-id: github
Android Tests (5)	UNKNOWN STEP	2026-02-25T19:48:17.9179502Z Writing to /home/runner/.m2/settings.xml
Android Tests (5)	UNKNOWN STEP	2026-02-25T19:48:17.9503599Z ##[group]Run subosito/flutter-action@v2
Android Tests (5)	UNKNOWN STEP	2026-02-25T19:48:17.9503873Z with:
Android Tests (5)	UNKNOWN STEP	2026-02-25T19:48:17.9504050Z   channel: stable
Android Tests (5)	UNKNOWN STEP	2026-02-25T19:48:17.9504444Z   cache: true
Android Tests (5)	UNKNOWN STEP	2026-02-25T19:48:17.9504664Z   architecture: X64
Android Tests (5)	UNKNOWN STEP	2026-02-25T19:48:17.9504872Z   pub-cache-path: default
Android Tests (5)	UNKNOWN STEP	2026-02-25T19:48:17.9505083Z   dry-run: false
Android Tests (5)	UNKNOWN STEP	2026-02-25T19:48:17.9505350Z   git-source: https://github.com/flutter/flutter.git
Android Tests (5)	UNKNOWN STEP	2026-02-25T19:48:17.9505630Z env:
Android Tests (5)	UNKNOWN STEP	2026-02-25T19:48:17.9505779Z   CACHE_VERSION: v1
Android Tests (5)	UNKNOWN STEP	2026-02-25T19:48:17.9506069Z   JAVA_HOME: /opt/hostedtoolcache/Java_Temurin-Hotspot_jdk/17.0.18-8/x64
Android Tests (5)	UNKNOWN STEP	2026-02-25T19:48:17.9506513Z   JAVA_HOME_17_X64: /opt/hostedtoolcache/Java_Temurin-Hotspot_jdk/17.0.18-8/x64
Android Tests (5)	UNKNOWN STEP	2026-02-25T19:48:17.9506858Z ##[endgroup]
Android Tests (5)	UNKNOWN STEP	2026-02-25T19:48:17.9600538Z ##[group]Run chmod +x "$GITHUB_ACTION_PATH/setup.sh"
Android Tests (5)	UNKNOWN STEP	2026-02-25T19:48:17.9600978Z [36;1mchmod +x "$GITHUB_ACTION_PATH/setup.sh"[0m
Android Tests (5)	UNKNOWN STEP	2026-02-25T19:48:17.9633959Z shell: /usr/bin/bash --noprofile --norc -e -o pipefail {0}
Android Tests (5)	UNKNOWN STEP	2026-02-25T19:48:17.9634501Z env:
Android Tests (5)	UNKNOWN STEP	2026-02-25T19:48:17.9634670Z   CACHE_VERSION: v1
Android Tests (5)	UNKNOWN STEP	2026-02-25T19:48:17.9634974Z   JAVA_HOME: /opt/hostedtoolcache/Java_Temurin-Hotspot_jdk/17.0.18-8/x64
Android Tests (5)	UNKNOWN STEP	2026-02-25T19:48:17.9635417Z   JAVA_HOME_17_X64: /opt/hostedtoolcache/Java_Temurin-Hotspot_jdk/17.0.18-8/x64
Android Tests (5)	UNKNOWN STEP	2026-02-25T19:48:17.9635762Z ##[endgroup]
Android Tests (5)	UNKNOWN STEP	2026-02-25T19:48:17.9766621Z ##[group]Run $GITHUB_ACTION_PATH/setup.sh -p \
Android Tests (5)	UNKNOWN STEP	2026-02-25T19:48:17.9767160Z [36;1m$GITHUB_ACTION_PATH/setup.sh -p \[0m
Android Tests (5)	UNKNOWN STEP	2026-02-25T19:48:17.9767422Z [36;1m  -n '' \[0m
Android Tests (5)	UNKNOWN STEP	2026-02-25T19:48:17.9767605Z [36;1m  -f '' \[0m
Android Tests (5)	UNKNOWN STEP	2026-02-25T19:48:17.9767794Z [36;1m  -a 'X64' \[0m
Android Tests (5)	UNKNOWN STEP	2026-02-25T19:48:17.9767974Z [36;1m  -k '' \[0m
Android Tests (5)	UNKNOWN STEP	2026-02-25T19:48:17.9768149Z [36;1m  -c '' \[0m
Android Tests (5)	UNKNOWN STEP	2026-02-25T19:48:17.9768314Z [36;1m  -l '' \[0m
Android Tests (5)	UNKNOWN STEP	2026-02-25T19:48:17.9768500Z [36;1m  -d 'default' \[0m
Android Tests (5)	UNKNOWN STEP	2026-02-25T19:48:17.9768821Z [36;1m  -g 'https://github.com/flutter/flutter.git' \[0m
Android Tests (5)	UNKNOWN STEP	2026-02-25T19:48:17.9769109Z [36;1m  stable[0m
Android Tests (5)	UNKNOWN STEP	2026-02-25T19:48:17.9795414Z shell: /usr/bin/bash --noprofile --norc -e -o pipefail {0}
Android Tests (5)	UNKNOWN STEP	2026-02-25T19:48:17.9795729Z env:
Android Tests (5)	UNKNOWN STEP	2026-02-25T19:48:17.9795912Z   CACHE_VERSION: v1
Android Tests (5)	UNKNOWN STEP	2026-02-25T19:48:17.9796221Z   JAVA_HOME: /opt/hostedtoolcache/Java_Temurin-Hotspot_jdk/17.0.18-8/x64
Android Tests (5)	UNKNOWN STEP	2026-02-25T19:48:17.9796666Z   JAVA_HOME_17_X64: /opt/hostedtoolcache/Java_Temurin-Hotspot_jdk/17.0.18-8/x64
Android Tests (5)	UNKNOWN STEP	2026-02-25T19:48:17.9797014Z ##[endgroup]
Android Tests (5)	UNKNOWN STEP	2026-02-25T19:48:18.1554020Z ##[group]Run actions/cache@v4
Android Tests (5)	UNKNOWN STEP	2026-02-25T19:48:18.1554462Z with:
Android Tests (5)	UNKNOWN STEP	2026-02-25T19:48:18.1554735Z   path: /opt/hostedtoolcache/flutter/stable-3.41.2-x64
Android Tests (5)	UNKNOWN STEP	2026-02-25T19:48:18.1555168Z   key: flutter-linux-stable-3.41.2-x64-90673a4eef275d1a6692c26ac80d6d746d41a73a
Android Tests (5)	UNKNOWN STEP	2026-02-25T19:48:18.1555568Z   enableCrossOsArchive: false
Android Tests (5)	UNKNOWN STEP	2026-02-25T19:48:18.1555804Z   fail-on-cache-miss: false
Android Tests (5)	UNKNOWN STEP	2026-02-25T19:48:18.1556017Z   lookup-only: false
Android Tests (5)	UNKNOWN STEP	2026-02-25T19:48:18.1556215Z   save-always: false
Android Tests (5)	UNKNOWN STEP	2026-02-25T19:48:18.1556391Z env:
Android Tests (5)	UNKNOWN STEP	2026-02-25T19:48:18.1556555Z   CACHE_VERSION: v1
Android Tests (5)	UNKNOWN STEP	2026-02-25T19:48:18.1556854Z   JAVA_HOME: /opt/hostedtoolcache/Java_Temurin-Hotspot_jdk/17.0.18-8/x64
Android Tests (5)	UNKNOWN STEP	2026-02-25T19:48:18.1557304Z   JAVA_HOME_17_X64: /opt/hostedtoolcache/Java_Temurin-Hotspot_jdk/17.0.18-8/x64
Android Tests (5)	UNKNOWN STEP	2026-02-25T19:48:18.1557634Z ##[endgroup]
Android Tests (5)	UNKNOWN STEP	2026-02-25T19:48:18.4119356Z Cache hit for: flutter-linux-stable-3.41.2-x64-90673a4eef275d1a6692c26ac80d6d746d41a73a
Android Tests (5)	UNKNOWN STEP	2026-02-25T19:48:19.5569874Z Received 130023424 of 1665993529 (7.8%), 123.9 MBs/sec
Android Tests (5)	UNKNOWN STEP	2026-02-25T19:48:20.5579710Z Received 327155712 of 1665993529 (19.6%), 155.9 MBs/sec
Android Tests (5)	UNKNOWN STEP	2026-02-25T19:48:21.5626088Z Received 473956352 of 1665993529 (28.4%), 150.4 MBs/sec
Android Tests (5)	UNKNOWN STEP	2026-02-25T19:48:22.5620817Z Received 675282944 of 1665993529 (40.5%), 160.8 MBs/sec
Android Tests (5)	UNKNOWN STEP	2026-02-25T19:48:23.5610275Z Received 922746880 of 1665993529 (55.4%), 175.8 MBs/sec
Android Tests (5)	UNKNOWN STEP	2026-02-25T19:48:24.5645650Z Received 1119879168 of 1665993529 (67.2%), 177.7 MBs/sec
Android Tests (5)	UNKNOWN STEP	2026-02-25T19:48:25.5646653Z Received 1333788672 of 1665993529 (80.1%), 181.5 MBs/sec
Android Tests (5)	UNKNOWN STEP	2026-02-25T19:48:26.5646248Z Received 1518338048 of 1665993529 (91.1%), 180.8 MBs/sec
Android Tests (5)	UNKNOWN STEP	2026-02-25T19:48:27.2528424Z Received 1665993529 of 1665993529 (100.0%), 182.7 MBs/sec
Android Tests (5)	UNKNOWN STEP	2026-02-25T19:48:27.2530758Z Cache Size: ~1589 MB (1665993529 B)
Android Tests (5)	UNKNOWN STEP	2026-02-25T19:48:27.2569143Z [command]/usr/bin/tar -xf /home/runner/work/_temp/9255a575-ccd4-4d55-8abb-304f5b796867/cache.tzst -P -C /home/runner/work/substitution/substitution --use-compress-program unzstd
Android Tests (5)	UNKNOWN STEP	2026-02-25T19:48:31.8571095Z Cache restored successfully
Android Tests (5)	UNKNOWN STEP	2026-02-25T19:48:32.0525266Z Cache restored from key: flutter-linux-stable-3.41.2-x64-90673a4eef275d1a6692c26ac80d6d746d41a73a
Android Tests (5)	UNKNOWN STEP	2026-02-25T19:48:32.1572761Z ##[group]Run actions/cache@v4
Android Tests (5)	UNKNOWN STEP	2026-02-25T19:48:32.1573207Z with:
Android Tests (5)	UNKNOWN STEP	2026-02-25T19:48:32.1573562Z   path: /home/runner/.pub-cache
Android Tests (5)	UNKNOWN STEP	2026-02-25T19:48:32.1575225Z   key: flutter-pub-linux-stable-3.41.2-x64-90673a4eef275d1a6692c26ac80d6d746d41a73a-fabacfc13d2b7e18a7fb2822593662b03764f624bf41fd351cdabec60fb27783
Android Tests (5)	UNKNOWN STEP	2026-02-25T19:48:32.1576685Z   enableCrossOsArchive: false
Android Tests (5)	UNKNOWN STEP	2026-02-25T19:48:32.1577115Z   fail-on-cache-miss: false
Android Tests (5)	UNKNOWN STEP	2026-02-25T19:48:32.1577537Z   lookup-only: false
Android Tests (5)	UNKNOWN STEP	2026-02-25T19:48:32.1577938Z   save-always: false
Android Tests (5)	UNKNOWN STEP	2026-02-25T19:48:32.1578272Z env:
Android Tests (5)	UNKNOWN STEP	2026-02-25T19:48:32.1578569Z   CACHE_VERSION: v1
Android Tests (5)	UNKNOWN STEP	2026-02-25T19:48:32.1579108Z   JAVA_HOME: /opt/hostedtoolcache/Java_Temurin-Hotspot_jdk/17.0.18-8/x64
Android Tests (5)	UNKNOWN STEP	2026-02-25T19:48:32.1579991Z   JAVA_HOME_17_X64: /opt/hostedtoolcache/Java_Temurin-Hotspot_jdk/17.0.18-8/x64
Android Tests (5)	UNKNOWN STEP	2026-02-25T19:48:32.1580697Z ##[endgroup]
Android Tests (5)	UNKNOWN STEP	2026-02-25T19:48:32.4168450Z Cache hit for: flutter-pub-linux-stable-3.41.2-x64-90673a4eef275d1a6692c26ac80d6d746d41a73a-fabacfc13d2b7e18a7fb2822593662b03764f624bf41fd351cdabec60fb27783
Android Tests (5)	UNKNOWN STEP	2026-02-25T19:48:33.3929578Z Received 133563121 of 133563121 (100.0%), 145.1 MBs/sec
Android Tests (5)	UNKNOWN STEP	2026-02-25T19:48:33.3930436Z Cache Size: ~127 MB (133563121 B)
Android Tests (5)	UNKNOWN STEP	2026-02-25T19:48:33.3955395Z [command]/usr/bin/tar -xf /home/runner/work/_temp/3aead5be-c6b3-42c1-80c1-76bf743ebb5e/cache.tzst -P -C /home/runner/work/substitution/substitution --use-compress-program unzstd
Android Tests (5)	UNKNOWN STEP	2026-02-25T19:48:34.2415696Z Cache restored successfully
Android Tests (5)	UNKNOWN STEP	2026-02-25T19:48:34.2657620Z Cache restored from key: flutter-pub-linux-stable-3.41.2-x64-90673a4eef275d1a6692c26ac80d6d746d41a73a-fabacfc13d2b7e18a7fb2822593662b03764f624bf41fd351cdabec60fb27783
Android Tests (5)	UNKNOWN STEP	2026-02-25T19:48:34.2739286Z ##[group]Run $GITHUB_ACTION_PATH/setup.sh \
Android Tests (5)	UNKNOWN STEP	2026-02-25T19:48:34.2739616Z [36;1m$GITHUB_ACTION_PATH/setup.sh \[0m
Android Tests (5)	UNKNOWN STEP	2026-02-25T19:48:34.2739886Z [36;1m  -n '3.41.2' \[0m
Android Tests (5)	UNKNOWN STEP	2026-02-25T19:48:34.2740096Z [36;1m  -a 'x64' \[0m
Android Tests (5)	UNKNOWN STEP	2026-02-25T19:48:34.2740393Z [36;1m  -c '/opt/hostedtoolcache/flutter/stable-3.41.2-x64' \[0m
Android Tests (5)	UNKNOWN STEP	2026-02-25T19:48:34.2740721Z [36;1m  -d '/home/runner/.pub-cache' \[0m
Android Tests (5)	UNKNOWN STEP	2026-02-25T19:48:34.2740967Z [36;1m  stable[0m
Android Tests (5)	UNKNOWN STEP	2026-02-25T19:48:34.2768275Z shell: /usr/bin/bash --noprofile --norc -e -o pipefail {0}
Android Tests (5)	UNKNOWN STEP	2026-02-25T19:48:34.2768591Z env:
Android Tests (5)	UNKNOWN STEP	2026-02-25T19:48:34.2768774Z   CACHE_VERSION: v1
Android Tests (5)	UNKNOWN STEP	2026-02-25T19:48:34.2769071Z   JAVA_HOME: /opt/hostedtoolcache/Java_Temurin-Hotspot_jdk/17.0.18-8/x64
Android Tests (5)	UNKNOWN STEP	2026-02-25T19:48:34.2769524Z   JAVA_HOME_17_X64: /opt/hostedtoolcache/Java_Temurin-Hotspot_jdk/17.0.18-8/x64
Android Tests (5)	UNKNOWN STEP	2026-02-25T19:48:34.2769885Z ##[endgroup]
Android Tests (5)	UNKNOWN STEP	2026-02-25T19:48:34.4097904Z ##[group]Run flutter precache --android
Android Tests (5)	UNKNOWN STEP	2026-02-25T19:48:34.4098223Z [36;1mflutter precache --android[0m
Android Tests (5)	UNKNOWN STEP	2026-02-25T19:48:34.4098476Z [36;1mflutter pub get[0m
Android Tests (5)	UNKNOWN STEP	2026-02-25T19:48:34.4125967Z shell: /usr/bin/bash -e {0}
Android Tests (5)	UNKNOWN STEP	2026-02-25T19:48:34.4126217Z env:
Android Tests (5)	UNKNOWN STEP	2026-02-25T19:48:34.4126401Z   CACHE_VERSION: v1
Android Tests (5)	UNKNOWN STEP	2026-02-25T19:48:34.4126719Z   JAVA_HOME: /opt/hostedtoolcache/Java_Temurin-Hotspot_jdk/17.0.18-8/x64
Android Tests (5)	UNKNOWN STEP	2026-02-25T19:48:34.4127186Z   JAVA_HOME_17_X64: /opt/hostedtoolcache/Java_Temurin-Hotspot_jdk/17.0.18-8/x64
Android Tests (5)	UNKNOWN STEP	2026-02-25T19:48:34.4127618Z   FLUTTER_ROOT: /opt/hostedtoolcache/flutter/stable-3.41.2-x64
Android Tests (5)	UNKNOWN STEP	2026-02-25T19:48:34.4127935Z   PUB_CACHE: /home/runner/.pub-cache
Android Tests (5)	UNKNOWN STEP	2026-02-25T19:48:34.4128183Z ##[endgroup]
Android Tests (5)	UNKNOWN STEP	2026-02-25T19:48:35.0208504Z Resolving dependencies...
Android Tests (5)	UNKNOWN STEP	2026-02-25T19:48:35.3731434Z Downloading packages...
Android Tests (5)	UNKNOWN STEP	2026-02-25T19:48:35.4489539Z   _fe_analyzer_shared 91.0.0 (96.0.0 available)
Android Tests (5)	UNKNOWN STEP	2026-02-25T19:48:35.4492006Z   analyzer 8.4.1 (10.2.0 available)
Android Tests (5)	UNKNOWN STEP	2026-02-25T19:48:35.4492531Z > characters 1.4.1 (was 1.4.0)
Android Tests (5)	UNKNOWN STEP	2026-02-25T19:48:35.4492930Z > matcher 0.12.18 (was 0.12.17)
Android Tests (5)	UNKNOWN STEP	2026-02-25T19:48:35.4493343Z > material_color_utilities 0.13.0 (was 0.11.1)
Android Tests (5)	UNKNOWN STEP	2026-02-25T19:48:35.4493800Z   meta 1.17.0 (1.18.1 available)
Android Tests (5)	UNKNOWN STEP	2026-02-25T19:48:35.4494188Z   sqflite_common_ffi 2.3.7+1 (2.4.0+2 available)
Android Tests (5)	UNKNOWN STEP	2026-02-25T19:48:35.4494841Z   sqlite3 2.9.4 (3.1.6 available)
Android Tests (5)	UNKNOWN STEP	2026-02-25T19:48:35.4495225Z > test_api 0.7.9 (was 0.7.7)
Android Tests (5)	UNKNOWN STEP	2026-02-25T19:48:35.4495564Z > test_core 0.6.15 (was 0.6.12)
Android Tests (5)	UNKNOWN STEP	2026-02-25T19:48:35.4495965Z   unorm_dart 0.2.0 (0.3.2 available)
Android Tests (5)	UNKNOWN STEP	2026-02-25T19:48:35.4496294Z   win32 5.15.0 (6.0.0 available)
Android Tests (5)	UNKNOWN STEP	2026-02-25T19:48:35.4496546Z Changed 5 dependencies!
Android Tests (5)	UNKNOWN STEP	2026-02-25T19:48:35.4503384Z 7 packages have newer versions incompatible with dependency constraints.
Android Tests (5)	UNKNOWN STEP	2026-02-25T19:48:35.4503952Z Try `flutter pub outdated` for more information.
Android Tests (5)	UNKNOWN STEP	2026-02-25T19:48:35.9773410Z ##[group]Run docker compose up -d postgres matrix-synapse redis
Android Tests (5)	UNKNOWN STEP	2026-02-25T19:48:35.9774157Z [36;1mdocker compose up -d postgres matrix-synapse redis[0m
Android Tests (5)	UNKNOWN STEP	2026-02-25T19:48:35.9774897Z [36;1msleep 10[0m
Android Tests (5)	UNKNOWN STEP	2026-02-25T19:48:35.9775247Z [36;1mdocker compose run --rm matrix-init[0m
Android Tests (5)	UNKNOWN STEP	2026-02-25T19:48:35.9775900Z [36;1mtimeout 60 bash -c 'until curl -sf http://localhost:8008/_matrix/client/versions > /dev/null 2>&1; do sleep 2; done'[0m
Android Tests (5)	UNKNOWN STEP	2026-02-25T19:48:35.9803560Z shell: /usr/bin/bash -e {0}
Android Tests (5)	UNKNOWN STEP	2026-02-25T19:48:35.9804040Z env:
Android Tests (5)	UNKNOWN STEP	2026-02-25T19:48:35.9804213Z   CACHE_VERSION: v1
Android Tests (5)	UNKNOWN STEP	2026-02-25T19:48:35.9804716Z   JAVA_HOME: /opt/hostedtoolcache/Java_Temurin-Hotspot_jdk/17.0.18-8/x64
Android Tests (5)	UNKNOWN STEP	2026-02-25T19:48:35.9805171Z   JAVA_HOME_17_X64: /opt/hostedtoolcache/Java_Temurin-Hotspot_jdk/17.0.18-8/x64
Android Tests (5)	UNKNOWN STEP	2026-02-25T19:48:35.9805602Z   FLUTTER_ROOT: /opt/hostedtoolcache/flutter/stable-3.41.2-x64
Android Tests (5)	UNKNOWN STEP	2026-02-25T19:48:35.9805927Z   PUB_CACHE: /home/runner/.pub-cache
Android Tests (5)	UNKNOWN STEP	2026-02-25T19:48:35.9806167Z ##[endgroup]
Android Tests (5)	UNKNOWN STEP	2026-02-25T19:48:39.2617185Z time="2026-02-25T19:48:39Z" level=warning msg="/home/runner/work/substitution/substitution/docker-compose.yml: the attribute `version` is obsolete, it will be ignored, please remove it to avoid potential confusion"
Android Tests (5)	UNKNOWN STEP	2026-02-25T19:48:39.2940575Z  postgres Pulling 
Android Tests (5)	UNKNOWN STEP	2026-02-25T19:48:39.2942984Z  matrix-synapse Pulling 
Android Tests (5)	UNKNOWN STEP	2026-02-25T19:48:39.2945027Z  redis Pulling 
Android Tests (5)	UNKNOWN STEP	2026-02-25T19:48:39.2945709Z  dex Pulling 
Android Tests (5)	UNKNOWN STEP	2026-02-25T19:48:39.7826857Z  d25f557d7f31 Pulling fs layer 
Android Tests (5)	UNKNOWN STEP	2026-02-25T19:48:39.7827323Z  9acd5b82521c Pulling fs layer 
Android Tests (5)	UNKNOWN STEP	2026-02-25T19:48:39.7827597Z  10d78728ec4d Pulling fs layer 
Android Tests (5)	UNKNOWN STEP	2026-02-25T19:48:39.7827823Z  e0d49f520b92 Pulling fs layer 
Android Tests (5)	UNKNOWN STEP	2026-02-25T19:48:39.7828118Z  5de905603ac5 Pulling fs layer 
Android Tests (5)	UNKNOWN STEP	2026-02-25T19:48:39.7828338Z  808bb02340fa Pulling fs layer 
Android Tests (5)	UNKNOWN STEP	2026-02-25T19:48:39.7828555Z  c0970b69197c Pulling fs layer 
Android Tests (5)	UNKNOWN STEP	2026-02-25T19:48:39.7828828Z  9de5f206730a Pulling fs layer 
Android Tests (5)	UNKNOWN STEP	2026-02-25T19:48:39.7829069Z  24e28b7dc0a2 Pulling fs layer 
Android Tests (5)	UNKNOWN STEP	2026-02-25T19:48:39.7829306Z  830180cf89a8 Pulling fs layer 
Android Tests (5)	UNKNOWN STEP	2026-02-25T19:48:39.7829555Z  808bb02340fa Waiting 
Android Tests (5)	UNKNOWN STEP	2026-02-25T19:48:39.7829817Z  c0970b69197c Waiting 
Android Tests (5)	UNKNOWN STEP	2026-02-25T19:48:39.7830005Z  e0d49f520b92 Waiting 
Android Tests (5)	UNKNOWN STEP	2026-02-25T19:48:39.7830185Z  9de5f206730a Waiting 
Android Tests (5)	UNKNOWN STEP	2026-02-25T19:48:39.7830430Z  24e28b7dc0a2 Waiting 
Android Tests (5)	UNKNOWN STEP	2026-02-25T19:48:39.7830642Z  5de905603ac5 Waiting 
Android Tests (5)	UNKNOWN STEP	2026-02-25T19:48:39.7830829Z  830180cf89a8 Waiting 
Android Tests (5)	UNKNOWN STEP	2026-02-25T19:48:39.7963134Z  0c8d55a45c0d Pulling fs layer 
Android Tests (5)	UNKNOWN STEP	2026-02-25T19:48:39.7963613Z  03af238a5946 Pulling fs layer 
Android Tests (5)	UNKNOWN STEP	2026-02-25T19:48:39.7963973Z  686599c79c87 Pulling fs layer 
Android Tests (5)	UNKNOWN STEP	2026-02-25T19:48:39.7964487Z  f1cadbd7abd2 Pulling fs layer 
Android Tests (5)	UNKNOWN STEP	2026-02-25T19:48:39.7964889Z  3ee96ea8e5d2 Pulling fs layer 
Android Tests (5)	UNKNOWN STEP	2026-02-25T19:48:39.7965298Z  0c8d55a45c0d Waiting 
Android Tests (5)	UNKNOWN STEP	2026-02-25T19:48:39.7965663Z  a954d256f742 Pulling fs layer 
Android Tests (5)	UNKNOWN STEP	2026-02-25T19:48:39.7966008Z  c7ce85987d6d Pulling fs layer 
Android Tests (5)	UNKNOWN STEP	2026-02-25T19:48:39.7966338Z  7807da78b90b Pulling fs layer 
Android Tests (5)	UNKNOWN STEP	2026-02-25T19:48:39.7966691Z  0478cd5c1079 Pulling fs layer 
Android Tests (5)	UNKNOWN STEP	2026-02-25T19:48:39.7967037Z  3a02ac06be95 Pulling fs layer 
Android Tests (5)	UNKNOWN STEP	2026-02-25T19:48:39.7967407Z  03af238a5946 Waiting 
Android Tests (5)	UNKNOWN STEP	2026-02-25T19:48:39.7967723Z  686599c79c87 Waiting 
Android Tests (5)	UNKNOWN STEP	2026-02-25T19:48:39.7967942Z  f1cadbd7abd2 Waiting 
Android Tests (5)	UNKNOWN STEP	2026-02-25T19:48:39.7968131Z  7807da78b90b Waiting 
Android Tests (5)	UNKNOWN STEP	2026-02-25T19:48:39.7968317Z  0478cd5c1079 Waiting 
Android Tests (5)	UNKNOWN STEP	2026-02-25T19:48:39.7968503Z  3ee96ea8e5d2 Waiting 
Android Tests (5)	UNKNOWN STEP	2026-02-25T19:48:39.7968689Z  3a02ac06be95 Waiting 
Android Tests (5)	UNKNOWN STEP	2026-02-25T19:48:39.7968865Z  a954d256f742 Waiting 
Android Tests (5)	UNKNOWN STEP	2026-02-25T19:48:39.7969047Z  c7ce85987d6d Waiting 
Android Tests (5)	UNKNOWN STEP	2026-02-25T19:48:39.8248694Z  bc1da058f299 Pulling fs layer 
Android Tests (5)	UNKNOWN STEP	2026-02-25T19:48:39.8249185Z  09a5a0c32a23 Pulling fs layer 
Android Tests (5)	UNKNOWN STEP	2026-02-25T19:48:39.8249523Z  bd53938b1271 Pulling fs layer 
Android Tests (5)	UNKNOWN STEP	2026-02-25T19:48:39.8249738Z  bc1da058f299 Waiting 
Android Tests (5)	UNKNOWN STEP	2026-02-25T19:48:39.8250029Z  9fe3744a2eac Pulling fs layer 
Android Tests (5)	UNKNOWN STEP	2026-02-25T19:48:39.8250247Z  09a5a0c32a23 Waiting 
Android Tests (5)	UNKNOWN STEP	2026-02-25T19:48:39.8250548Z  7ad54b3c4cef Pulling fs layer 
Android Tests (5)	UNKNOWN STEP	2026-02-25T19:48:39.8250878Z  bd53938b1271 Waiting 
Android Tests (5)	UNKNOWN STEP	2026-02-25T19:48:39.8251232Z  2a97533d89ca Pulling fs layer 
Android Tests (5)	UNKNOWN STEP	2026-02-25T19:48:39.8251776Z  9fe3744a2eac Waiting 
Android Tests (5)	UNKNOWN STEP	2026-02-25T19:48:39.8252135Z  4f4fb700ef54 Pulling fs layer 
Android Tests (5)	UNKNOWN STEP	2026-02-25T19:48:39.8252470Z  7ad54b3c4cef Waiting 
Android Tests (5)	UNKNOWN STEP	2026-02-25T19:48:39.8252792Z  2a97533d89ca Waiting 
Android Tests (5)	UNKNOWN STEP	2026-02-25T19:48:39.8253030Z  1c2c8d1ee428 Pulling fs layer 
Android Tests (5)	UNKNOWN STEP	2026-02-25T19:48:39.8253241Z  4f4fb700ef54 Waiting 
Android Tests (5)	UNKNOWN STEP	2026-02-25T19:48:39.8253425Z  1c2c8d1ee428 Waiting 
Android Tests (5)	UNKNOWN STEP	2026-02-25T19:48:39.8481269Z  589002ba0eae Pulling fs layer 
Android Tests (5)	UNKNOWN STEP	2026-02-25T19:48:39.8481752Z  5ffb427686b6 Pulling fs layer 
Android Tests (5)	UNKNOWN STEP	2026-02-25T19:48:39.8482164Z  630177b00352 Pulling fs layer 
Android Tests (5)	UNKNOWN STEP	2026-02-25T19:48:39.8482771Z  6c18ff1f33d0 Pulling fs layer 
Android Tests (5)	UNKNOWN STEP	2026-02-25T19:48:39.8483026Z  589002ba0eae Waiting 
Android Tests (5)	UNKNOWN STEP	2026-02-25T19:48:39.8483244Z  13e46e455d3b Pulling fs layer 
Android Tests (5)	UNKNOWN STEP	2026-02-25T19:48:39.8483460Z  b4403f29458a Pulling fs layer 
Android Tests (5)	UNKNOWN STEP	2026-02-25T19:48:39.8483793Z  40aaa75af6ce Pulling fs layer 
Android Tests (5)	UNKNOWN STEP	2026-02-25T19:48:39.8484146Z  162bdab1e0a7 Pulling fs layer 
Android Tests (5)	UNKNOWN STEP	2026-02-25T19:48:39.8484632Z  5ffb427686b6 Waiting 
Android Tests (5)	UNKNOWN STEP	2026-02-25T19:48:39.8484979Z  ebff7b0ec73e Pulling fs layer 
Android Tests (5)	UNKNOWN STEP	2026-02-25T19:48:39.8485347Z  c02179436571 Pulling fs layer 
Android Tests (5)	UNKNOWN STEP	2026-02-25T19:48:39.8485735Z  630177b00352 Waiting 
Android Tests (5)	UNKNOWN STEP	2026-02-25T19:48:39.8485964Z  8243369e9866 Pulling fs layer 
Android Tests (5)	UNKNOWN STEP	2026-02-25T19:48:39.8486316Z  6c18ff1f33d0 Waiting 
Android Tests (5)	UNKNOWN STEP	2026-02-25T19:48:39.8486509Z  13e46e455d3b Waiting 
Android Tests (5)	UNKNOWN STEP	2026-02-25T19:48:39.8486698Z  b4403f29458a Waiting 
Android Tests (5)	UNKNOWN STEP	2026-02-25T19:48:39.8486924Z  c02179436571 Waiting 
Android Tests (5)	UNKNOWN STEP	2026-02-25T19:48:39.8487156Z  162bdab1e0a7 Waiting 
Android Tests (5)	UNKNOWN STEP	2026-02-25T19:48:39.8487356Z  ebff7b0ec73e Waiting 
Android Tests (5)	UNKNOWN STEP	2026-02-25T19:48:39.8487534Z  8243369e9866 Waiting 
Android Tests (5)	UNKNOWN STEP	2026-02-25T19:48:39.8955226Z  d25f557d7f31 Downloading [>                                                  ]   36.9kB/3.622MB
Android Tests (5)	UNKNOWN STEP	2026-02-25T19:48:39.8957244Z  10d78728ec4d Downloading [==================================================>]     122B/122B
Android Tests (5)	UNKNOWN STEP	2026-02-25T19:48:39.8957870Z  10d78728ec4d Verifying Checksum 
Android Tests (5)	UNKNOWN STEP	2026-02-25T19:48:39.8958241Z  10d78728ec4d Download complete 
Android Tests (5)	UNKNOWN STEP	2026-02-25T19:48:39.8982799Z  9acd5b82521c Downloading [======>                                            ]  16.38kB/127.5kB
Android Tests (5)	UNKNOWN STEP	2026-02-25T19:48:39.9016264Z  9acd5b82521c Downloading [==================================================>]  127.5kB/127.5kB
Android Tests (5)	UNKNOWN STEP	2026-02-25T19:48:39.9017006Z  9acd5b82521c Verifying Checksum 
Android Tests (5)	UNKNOWN STEP	2026-02-25T19:48:39.9017386Z  9acd5b82521c Download complete 
Android Tests (5)	UNKNOWN STEP	2026-02-25T19:48:39.9075115Z  d25f557d7f31 Verifying Checksum 
Android Tests (5)	UNKNOWN STEP	2026-02-25T19:48:39.9076123Z  d25f557d7f31 Download complete 
Android Tests (5)	UNKNOWN STEP	2026-02-25T19:48:39.9082778Z  d25f557d7f31 Extracting [>                                                  ]  65.54kB/3.622MB
Android Tests (5)	UNKNOWN STEP	2026-02-25T19:48:39.9652802Z  d25f557d7f31 Extracting [==================================================>]  3.622MB/3.622MB
Android Tests (5)	UNKNOWN STEP	2026-02-25T19:48:39.9925579Z  d25f557d7f31 Pull complete 
Android Tests (5)	UNKNOWN STEP	2026-02-25T19:48:39.9941899Z  9acd5b82521c Extracting [============>                                      ]  32.77kB/127.5kB
Android Tests (5)	UNKNOWN STEP	2026-02-25T19:48:39.9951075Z  9acd5b82521c Extracting [==================================================>]  127.5kB/127.5kB
Android Tests (5)	UNKNOWN STEP	2026-02-25T19:48:40.0064097Z  e0d49f520b92 Downloading [==================================================>]     961B/961B
Android Tests (5)	UNKNOWN STEP	2026-02-25T19:48:40.0066236Z  5de905603ac5 Downloading [====>                                              ]  1.378kB/17.03kB
Android Tests (5)	UNKNOWN STEP	2026-02-25T19:48:40.0072570Z  e0d49f520b92 Verifying Checksum 
Android Tests (5)	UNKNOWN STEP	2026-02-25T19:48:40.0072998Z  e0d49f520b92 Download complete 
Android Tests (5)	UNKNOWN STEP	2026-02-25T19:48:40.0073608Z  5de905603ac5 Downloading [==================================================>]  17.03kB/17.03kB
Android Tests (5)	UNKNOWN STEP	2026-02-25T19:48:40.0074109Z  5de905603ac5 Verifying Checksum 
Android Tests (5)	UNKNOWN STEP	2026-02-25T19:48:40.0074532Z  5de905603ac5 Download complete 
Android Tests (5)	UNKNOWN STEP	2026-02-25T19:48:40.0134421Z  808bb02340fa Downloading [>                                                  ]  1.378kB/90.98kB
Android Tests (5)	UNKNOWN STEP	2026-02-25T19:48:40.0149077Z  808bb02340fa Downloading [==================================================>]  90.98kB/90.98kB
Android Tests (5)	UNKNOWN STEP	2026-02-25T19:48:40.0149740Z  808bb02340fa Verifying Checksum 
Android Tests (5)	UNKNOWN STEP	2026-02-25T19:48:40.0150119Z  808bb02340fa Download complete 
Android Tests (5)	UNKNOWN STEP	2026-02-25T19:48:40.1033353Z  24e28b7dc0a2 Downloading [>                                                  ]  1.378kB/83.13kB
Android Tests (5)	UNKNOWN STEP	2026-02-25T19:48:40.1066295Z  24e28b7dc0a2 Download complete 
Android Tests (5)	UNKNOWN STEP	2026-02-25T19:48:40.1079414Z  c0970b69197c Downloading [>                                                  ]  163.8kB/14.88MB
Android Tests (5)	UNKNOWN STEP	2026-02-25T19:48:40.1417071Z  c0970b69197c Verifying Checksum 
Android Tests (5)	UNKNOWN STEP	2026-02-25T19:48:40.1417527Z  c0970b69197c Download complete 
Android Tests (5)	UNKNOWN STEP	2026-02-25T19:48:40.2021281Z  9de5f206730a Downloading [>                                                  ]  8.268kB/766.3kB
Android Tests (5)	UNKNOWN STEP	2026-02-25T19:48:40.2077056Z  9de5f206730a Download complete 
Android Tests (5)	UNKNOWN STEP	2026-02-25T19:48:40.2179016Z  830180cf89a8 Downloading [>                                                  ]  147.5kB/14.63MB
Android Tests (5)	UNKNOWN STEP	2026-02-25T19:48:40.2528136Z  830180cf89a8 Verifying Checksum 
Android Tests (5)	UNKNOWN STEP	2026-02-25T19:48:40.2528614Z  830180cf89a8 Download complete 
Android Tests (5)	UNKNOWN STEP	2026-02-25T19:48:40.2635292Z  0c8d55a45c0d Downloading [>                                                  ]  298.8kB/29.78MB
Android Tests (5)	UNKNOWN STEP	2026-02-25T19:48:40.3175341Z  03af238a5946 Downloading [>                                                  ]  13.52kB/1.293MB
Android Tests (5)	UNKNOWN STEP	2026-02-25T19:48:40.3350892Z  03af238a5946 Verifying Checksum 
Android Tests (5)	UNKNOWN STEP	2026-02-25T19:48:40.3351652Z  03af238a5946 Download complete 
Android Tests (5)	UNKNOWN STEP	2026-02-25T19:48:40.3762968Z  0c8d55a45c0d Downloading [=============>                                     ]  8.223MB/29.78MB
Android Tests (5)	UNKNOWN STEP	2026-02-25T19:48:40.3811499Z  686599c79c87 Downloading [>                                                  ]    118kB/11.8MB
Android Tests (5)	UNKNOWN STEP	2026-02-25T19:48:40.4630720Z  f1cadbd7abd2 Downloading [==================================================>]     252B/252B
Android Tests (5)	UNKNOWN STEP	2026-02-25T19:48:40.4631490Z  f1cadbd7abd2 Download complete 
Android Tests (5)	UNKNOWN STEP	2026-02-25T19:48:40.4814428Z  0c8d55a45c0d Downloading [================================>                  ]  19.51MB/29.78MB
Android Tests (5)	UNKNOWN STEP	2026-02-25T19:48:40.4819729Z  686599c79c87 Downloading [=========================================>         ]  9.681MB/11.8MB
Android Tests (5)	UNKNOWN STEP	2026-02-25T19:48:40.4972185Z  686599c79c87 Verifying Checksum 
Android Tests (5)	UNKNOWN STEP	2026-02-25T19:48:40.4973532Z  686599c79c87 Download complete 
Android Tests (5)	UNKNOWN STEP	2026-02-25T19:48:40.5176329Z  0c8d55a45c0d Verifying Checksum 
Android Tests (5)	UNKNOWN STEP	2026-02-25T19:48:40.5177516Z  0c8d55a45c0d Download complete 
Android Tests (5)	UNKNOWN STEP	2026-02-25T19:48:40.5724046Z  3ee96ea8e5d2 Download complete 
Android Tests (5)	UNKNOWN STEP	2026-02-25T19:48:40.6114372Z  a954d256f742 Downloading [>                                                  ]  221.3kB/21.98MB
Android Tests (5)	UNKNOWN STEP	2026-02-25T19:48:40.6607424Z  c7ce85987d6d Downloading [==>                                                ]     719B/13.29kB
Android Tests (5)	UNKNOWN STEP	2026-02-25T19:48:40.7037179Z  c7ce85987d6d Downloading [==================================================>]  13.29kB/13.29kB
Android Tests (5)	UNKNOWN STEP	2026-02-25T19:48:40.7038171Z  c7ce85987d6d Verifying Checksum 
Android Tests (5)	UNKNOWN STEP	2026-02-25T19:48:40.7038819Z  c7ce85987d6d Download complete 
Android Tests (5)	UNKNOWN STEP	2026-02-25T19:48:40.7115141Z  a954d256f742 Downloading [==========>                                        ]  4.785MB/21.98MB
Android Tests (5)	UNKNOWN STEP	2026-02-25T19:48:40.7121282Z  7807da78b90b Downloading [>                                                  ]  462.7kB/45.54MB
Android Tests (5)	UNKNOWN STEP	2026-02-25T19:48:40.8285037Z  0478cd5c1079 Downloading [==========>                                        ]     720B/3.507kB
Android Tests (5)	UNKNOWN STEP	2026-02-25T19:48:40.8979484Z  0478cd5c1079 Downloading [==================================================>]  3.507kB/3.507kB
Android Tests (5)	UNKNOWN STEP	2026-02-25T19:48:40.8986089Z  0478cd5c1079 Verifying Checksum 
Android Tests (5)	UNKNOWN STEP	2026-02-25T19:48:40.8986573Z  0478cd5c1079 Download complete 
Android Tests (5)	UNKNOWN STEP	2026-02-25T19:48:40.8987172Z  a954d256f742 Downloading [===========>                                       ]  5.245MB/21.98MB
Android Tests (5)	UNKNOWN STEP	2026-02-25T19:48:40.8988033Z  7807da78b90b Downloading [=>                                                 ]    932kB/45.54MB
Android Tests (5)	UNKNOWN STEP	2026-02-25T19:48:41.0158404Z  a954d256f742 Downloading [=====================================>             ]  16.68MB/21.98MB
Android Tests (5)	UNKNOWN STEP	2026-02-25T19:48:41.0159867Z  7807da78b90b Downloading [========>                                          ]   7.89MB/45.54MB
Android Tests (5)	UNKNOWN STEP	2026-02-25T19:48:41.0160626Z  3a02ac06be95 Downloading [===================>                               ]  1.369kB/3.462kB
Android Tests (5)	UNKNOWN STEP	2026-02-25T19:48:41.0161110Z  3a02ac06be95 Downloading [==================================================>]  3.462kB/3.462kB
Android Tests (5)	UNKNOWN STEP	2026-02-25T19:48:41.0166892Z  3a02ac06be95 Verifying Checksum 
Android Tests (5)	UNKNOWN STEP	2026-02-25T19:48:41.0167467Z  3a02ac06be95 Download complete 
Android Tests (5)	UNKNOWN STEP	2026-02-25T19:48:41.0633382Z  0c8d55a45c0d Extracting [>                                                  ]  327.7kB/29.78MB
Android Tests (5)	UNKNOWN STEP	2026-02-25T19:48:41.0900697Z  a954d256f742 Verifying Checksum 
Android Tests (5)	UNKNOWN STEP	2026-02-25T19:48:41.0901443Z  a954d256f742 Download complete 
Android Tests (5)	UNKNOWN STEP	2026-02-25T19:48:41.1196426Z  7807da78b90b Downloading [================>                                  ]  14.84MB/45.54MB
Android Tests (5)	UNKNOWN STEP	2026-02-25T19:48:41.1283394Z  bc1da058f299 Downloading [>                                                  ]  36.73kB/3.644MB
Android Tests (5)	UNKNOWN STEP	2026-02-25T19:48:41.1673205Z  0c8d55a45c0d Extracting [============>                                      ]  7.209MB/29.78MB
Android Tests (5)	UNKNOWN STEP	2026-02-25T19:48:41.1851251Z  bc1da058f299 Download complete 
Android Tests (5)	UNKNOWN STEP	2026-02-25T19:48:41.1864836Z  bc1da058f299 Extracting [>                                                  ]  65.54kB/3.644MB
Android Tests (5)	UNKNOWN STEP	2026-02-25T19:48:41.2024210Z  09a5a0c32a23 Downloading [======================================>            ]     721B/948B
Android Tests (5)	UNKNOWN STEP	2026-02-25T19:48:41.2571793Z  09a5a0c32a23 Download complete 
Android Tests (5)	UNKNOWN STEP	2026-02-25T19:48:41.2573516Z  7807da78b90b Downloading [=======================>                           ]  21.85MB/45.54MB
Android Tests (5)	UNKNOWN STEP	2026-02-25T19:48:41.2731824Z  0c8d55a45c0d Extracting [===============>                                   ]  9.503MB/29.78MB
Android Tests (5)	UNKNOWN STEP	2026-02-25T19:48:41.2876340Z  bc1da058f299 Extracting [============>                                      ]  917.5kB/3.644MB
Android Tests (5)	UNKNOWN STEP	2026-02-25T19:48:41.3050417Z  bd53938b1271 Downloading [>                                                  ]  2.087kB/173.4kB
Android Tests (5)	UNKNOWN STEP	2026-02-25T19:48:41.3104089Z  bd53938b1271 Verifying Checksum 
Android Tests (5)	UNKNOWN STEP	2026-02-25T19:48:41.3104611Z  bd53938b1271 Download complete 
Android Tests (5)	UNKNOWN STEP	2026-02-25T19:48:41.3534783Z  bc1da058f299 Extracting [==================================================>]  3.644MB/3.644MB
Android Tests (5)	UNKNOWN STEP	2026-02-25T19:48:41.3546725Z  bc1da058f299 Extracting [==================================================>]  3.644MB/3.644MB
Android Tests (5)	UNKNOWN STEP	2026-02-25T19:48:41.3565389Z  7807da78b90b Downloading [======================================>            ]  35.27MB/45.54MB
Android Tests (5)	UNKNOWN STEP	2026-02-25T19:48:41.3734713Z  0c8d55a45c0d Extracting [====================>                              ]  12.45MB/29.78MB
Android Tests (5)	UNKNOWN STEP	2026-02-25T19:48:41.3828041Z  9fe3744a2eac Downloading [>                                                  ]   10.3kB/1.003MB
Android Tests (5)	UNKNOWN STEP	2026-02-25T19:48:41.4297559Z  9fe3744a2eac Download complete 
Android Tests (5)	UNKNOWN STEP	2026-02-25T19:48:41.4535786Z  7ad54b3c4cef Downloading [>                                                  ]  126.5kB/12.41MB
Android Tests (5)	UNKNOWN STEP	2026-02-25T19:48:41.4632780Z  7807da78b90b Downloading [================================================>  ]  44.05MB/45.54MB
Android Tests (5)	UNKNOWN STEP	2026-02-25T19:48:41.4761668Z  0c8d55a45c0d Extracting [==================================>                ]  20.64MB/29.78MB
Android Tests (5)	UNKNOWN STEP	2026-02-25T19:48:41.4910472Z  bc1da058f299 Pull complete 
Android Tests (5)	UNKNOWN STEP	2026-02-25T19:48:41.4972948Z  7807da78b90b Verifying Checksum 
Android Tests (5)	UNKNOWN STEP	2026-02-25T19:48:41.4973402Z  7807da78b90b Download complete 
Android Tests (5)	UNKNOWN STEP	2026-02-25T19:48:41.5654923Z  7ad54b3c4cef Downloading [==============>                                    ]  3.572MB/12.41MB
Android Tests (5)	UNKNOWN STEP	2026-02-25T19:48:41.5962767Z  2a97533d89ca Downloading [==================================================>]     100B/100B
Android Tests (5)	UNKNOWN STEP	2026-02-25T19:48:41.5965387Z  2a97533d89ca Verifying Checksum 
Android Tests (5)	UNKNOWN STEP	2026-02-25T19:48:41.5966002Z  2a97533d89ca Download complete 
Android Tests (5)	UNKNOWN STEP	2026-02-25T19:48:41.6077069Z  4f4fb700ef54 Downloading [==================================================>]      32B/32B
Android Tests (5)	UNKNOWN STEP	2026-02-25T19:48:41.6077828Z  4f4fb700ef54 Verifying Checksum 
Android Tests (5)	UNKNOWN STEP	2026-02-25T19:48:41.6078252Z  4f4fb700ef54 Download complete 
Android Tests (5)	UNKNOWN STEP	2026-02-25T19:48:41.6522056Z  0c8d55a45c0d Extracting [============================================>      ]  26.21MB/29.78MB
Android Tests (5)	UNKNOWN STEP	2026-02-25T19:48:41.6657335Z  7ad54b3c4cef Downloading [===============================================>   ]  11.86MB/12.41MB
Android Tests (5)	UNKNOWN STEP	2026-02-25T19:48:41.6678698Z  7ad54b3c4cef Verifying Checksum 
Android Tests (5)	UNKNOWN STEP	2026-02-25T19:48:41.6679431Z  7ad54b3c4cef Download complete 
Android Tests (5)	UNKNOWN STEP	2026-02-25T19:48:41.6990034Z  09a5a0c32a23 Extracting [==================================================>]     948B/948B
Android Tests (5)	UNKNOWN STEP	2026-02-25T19:48:41.7024136Z  09a5a0c32a23 Extracting [==================================================>]     948B/948B
Android Tests (5)	UNKNOWN STEP	2026-02-25T19:48:41.7224829Z  1c2c8d1ee428 Verifying Checksum 
Android Tests (5)	UNKNOWN STEP	2026-02-25T19:48:41.7225374Z  1c2c8d1ee428 Download complete 
Android Tests (5)	UNKNOWN STEP	2026-02-25T19:48:41.7233608Z  589002ba0eae Downloading [>                                                  ]  39.53kB/3.862MB
Android Tests (5)	UNKNOWN STEP	2026-02-25T19:48:41.7697743Z  589002ba0eae Verifying Checksum 
Android Tests (5)	UNKNOWN STEP	2026-02-25T19:48:41.7698187Z  589002ba0eae Download complete 
Android Tests (5)	UNKNOWN STEP	2026-02-25T19:48:41.7704536Z  589002ba0eae Extracting [>                                                  ]  65.54kB/3.862MB
Android Tests (5)	UNKNOWN STEP	2026-02-25T19:48:41.7739873Z  0c8d55a45c0d Extracting [===============================================>   ]  28.51MB/29.78MB
Android Tests (5)	UNKNOWN STEP	2026-02-25T19:48:41.8025954Z  5ffb427686b6 Downloading [=====================================>             ]     721B/972B
Android Tests (5)	UNKNOWN STEP	2026-02-25T19:48:41.8026908Z  5ffb427686b6 Downloading [==================================================>]     972B/972B
Android Tests (5)	UNKNOWN STEP	2026-02-25T19:48:41.8027603Z  5ffb427686b6 Verifying Checksum 
Android Tests (5)	UNKNOWN STEP	2026-02-25T19:48:41.8032462Z  5ffb427686b6 Download complete 
Android Tests (5)	UNKNOWN STEP	2026-02-25T19:48:41.8662597Z  6c18ff1f33d0 Downloading [==================================================>]     173B/173B
Android Tests (5)	UNKNOWN STEP	2026-02-25T19:48:41.8663307Z  6c18ff1f33d0 Verifying Checksum 
Android Tests (5)	UNKNOWN STEP	2026-02-25T19:48:41.8663724Z  6c18ff1f33d0 Download complete 
Android Tests (5)	UNKNOWN STEP	2026-02-25T19:48:41.8714687Z  589002ba0eae Extracting [============================================>      ]  3.473MB/3.862MB
Android Tests (5)	UNKNOWN STEP	2026-02-25T19:48:41.8765929Z  589002ba0eae Extracting [==================================================>]  3.862MB/3.862MB
Android Tests (5)	UNKNOWN STEP	2026-02-25T19:48:41.8771436Z  589002ba0eae Extracting [==================================================>]  3.862MB/3.862MB
Android Tests (5)	UNKNOWN STEP	2026-02-25T19:48:41.8855425Z  630177b00352 Downloading [>                                                  ]  10.28kB/922.9kB
Android Tests (5)	UNKNOWN STEP	2026-02-25T19:48:41.8983993Z  630177b00352 Downloading [==================================================>]  922.9kB/922.9kB
Android Tests (5)	UNKNOWN STEP	2026-02-25T19:48:41.8984706Z  630177b00352 Verifying Checksum 
Android Tests (5)	UNKNOWN STEP	2026-02-25T19:48:41.8985059Z  630177b00352 Download complete 
Android Tests (5)	UNKNOWN STEP	2026-02-25T19:48:41.9160638Z  13e46e455d3b Downloading [==================================================>]     116B/116B
Android Tests (5)	UNKNOWN STEP	2026-02-25T19:48:41.9163592Z  13e46e455d3b Verifying Checksum 
Android Tests (5)	UNKNOWN STEP	2026-02-25T19:48:41.9164068Z  13e46e455d3b Download complete 
Android Tests (5)	UNKNOWN STEP	2026-02-25T19:48:41.9438446Z  0c8d55a45c0d Extracting [================================================>  ]  29.16MB/29.78MB
Android Tests (5)	UNKNOWN STEP	2026-02-25T19:48:41.9537775Z  589002ba0eae Pull complete 
Android Tests (5)	UNKNOWN STEP	2026-02-25T19:48:41.9976524Z  5ffb427686b6 Extracting [==================================================>]     972B/972B
Android Tests (5)	UNKNOWN STEP	2026-02-25T19:48:41.9987939Z  5ffb427686b6 Extracting [==================================================>]     972B/972B
Android Tests (5)	UNKNOWN STEP	2026-02-25T19:48:42.0063698Z  b4403f29458a Downloading [>                                                  ]  528.2kB/105.2MB
Android Tests (5)	UNKNOWN STEP	2026-02-25T19:48:42.0147564Z  0c8d55a45c0d Extracting [==================================================>]  29.78MB/29.78MB
Android Tests (5)	UNKNOWN STEP	2026-02-25T19:48:42.0324381Z  40aaa75af6ce Downloading [===>                                               ]     700B/9.62kB
Android Tests (5)	UNKNOWN STEP	2026-02-25T19:48:42.0329105Z  40aaa75af6ce Downloading [==================================================>]   9.62kB/9.62kB
Android Tests (5)	UNKNOWN STEP	2026-02-25T19:48:42.0330303Z  40aaa75af6ce Verifying Checksum 
Android Tests (5)	UNKNOWN STEP	2026-02-25T19:48:42.0330797Z  40aaa75af6ce Download complete 
Android Tests (5)	UNKNOWN STEP	2026-02-25T19:48:42.0344937Z  162bdab1e0a7 Downloading [==================================================>]     128B/128B
Android Tests (5)	UNKNOWN STEP	2026-02-25T19:48:42.0345883Z  162bdab1e0a7 Verifying Checksum 
Android Tests (5)	UNKNOWN STEP	2026-02-25T19:48:42.0346233Z  162bdab1e0a7 Download complete 
Android Tests (5)	UNKNOWN STEP	2026-02-25T19:48:42.1086831Z  b4403f29458a Downloading [==========>                                        ]  21.28MB/105.2MB
Android Tests (5)	UNKNOWN STEP	2026-02-25T19:48:42.1110668Z  0c8d55a45c0d Pull complete 
Android Tests (5)	UNKNOWN STEP	2026-02-25T19:48:42.1142651Z  03af238a5946 Extracting [=>                                                 ]  32.77kB/1.293MB
Android Tests (5)	UNKNOWN STEP	2026-02-25T19:48:42.1522576Z  c02179436571 Downloading [=====>                                             ]     700B/5.84kB
Android Tests (5)	UNKNOWN STEP	2026-02-25T19:48:42.1529490Z  c02179436571 Downloading [==================================================>]   5.84kB/5.84kB
Android Tests (5)	UNKNOWN STEP	2026-02-25T19:48:42.1530167Z  c02179436571 Verifying Checksum 
Android Tests (5)	UNKNOWN STEP	2026-02-25T19:48:42.1530578Z  c02179436571 Download complete 
Android Tests (5)	UNKNOWN STEP	2026-02-25T19:48:42.1577387Z  ebff7b0ec73e Downloading [==================================================>]     170B/170B
Android Tests (5)	UNKNOWN STEP	2026-02-25T19:48:42.1578309Z  ebff7b0ec73e Verifying Checksum 
Android Tests (5)	UNKNOWN STEP	2026-02-25T19:48:42.1579127Z  ebff7b0ec73e Download complete 
Android Tests (5)	UNKNOWN STEP	2026-02-25T19:48:42.1612672Z  5ffb427686b6 Pull complete 
Android Tests (5)	UNKNOWN STEP	2026-02-25T19:48:42.1658834Z  630177b00352 Extracting [=>                                                 ]  32.77kB/922.9kB
Android Tests (5)	UNKNOWN STEP	2026-02-25T19:48:42.2227569Z  b4403f29458a Downloading [=================>                                 ]  36.18MB/105.2MB
Android Tests (5)	UNKNOWN STEP	2026-02-25T19:48:42.2500461Z  03af238a5946 Extracting [===============================>                   ]  819.2kB/1.293MB
Android Tests (5)	UNKNOWN STEP	2026-02-25T19:48:42.2523384Z  8243369e9866 Downloading [==================================================>]     186B/186B
Android Tests (5)	UNKNOWN STEP	2026-02-25T19:48:42.2525497Z  8243369e9866 Verifying Checksum 
Android Tests (5)	UNKNOWN STEP	2026-02-25T19:48:42.2527078Z  8243369e9866 Download complete 
Android Tests (5)	UNKNOWN STEP	2026-02-25T19:48:42.3446318Z  b4403f29458a Downloading [====================>                              ]  44.15MB/105.2MB
Android Tests (5)	UNKNOWN STEP	2026-02-25T19:48:42.3458538Z  630177b00352 Extracting [=====================>                             ]  393.2kB/922.9kB
Android Tests (5)	UNKNOWN STEP	2026-02-25T19:48:42.3554764Z  03af238a5946 Extracting [==================================>                ]  884.7kB/1.293MB
Android Tests (5)	UNKNOWN STEP	2026-02-25T19:48:42.3600456Z  630177b00352 Extracting [==================================================>]  922.9kB/922.9kB
Android Tests (5)	UNKNOWN STEP	2026-02-25T19:48:42.4545600Z  b4403f29458a Downloading [=========================>                         ]  53.73MB/105.2MB
Android Tests (5)	UNKNOWN STEP	2026-02-25T19:48:42.4595046Z  03af238a5946 Extracting [====================================>              ]  950.3kB/1.293MB
Android Tests (5)	UNKNOWN STEP	2026-02-25T19:48:42.4657964Z  03af238a5946 Extracting [==================================================>]  1.293MB/1.293MB
Android Tests (5)	UNKNOWN STEP	2026-02-25T19:48:42.4663858Z  03af238a5946 Extracting [==================================================>]  1.293MB/1.293MB
Android Tests (5)	UNKNOWN STEP	2026-02-25T19:48:42.5953667Z  b4403f29458a Downloading [=============================>                     ]  62.78MB/105.2MB
Android Tests (5)	UNKNOWN STEP	2026-02-25T19:48:42.7013085Z  b4403f29458a Downloading [======================================>            ]  80.35MB/105.2MB
Android Tests (5)	UNKNOWN STEP	2026-02-25T19:48:42.8201486Z  b4403f29458a Downloading [=========================================>         ]   87.8MB/105.2MB
Android Tests (5)	UNKNOWN STEP	2026-02-25T19:48:42.9223848Z  b4403f29458a Downloading [==============================================>    ]  96.88MB/105.2MB
Android Tests (5)	UNKNOWN STEP	2026-02-25T19:48:42.9735798Z  b4403f29458a Verifying Checksum 
Android Tests (5)	UNKNOWN STEP	2026-02-25T19:48:42.9736112Z  b4403f29458a Download complete 
Android Tests (5)	UNKNOWN STEP	2026-02-25T19:48:43.5026440Z  09a5a0c32a23 Pull complete 
Android Tests (5)	UNKNOWN STEP	2026-02-25T19:48:43.5026987Z  9acd5b82521c Pull complete 
Android Tests (5)	UNKNOWN STEP	2026-02-25T19:48:43.5029248Z  630177b00352 Pull complete 
Android Tests (5)	UNKNOWN STEP	2026-02-25T19:48:43.5029622Z  03af238a5946 Pull complete 
Android Tests (5)	UNKNOWN STEP	2026-02-25T19:48:43.5036512Z  bd53938b1271 Extracting [=========>                                         ]  32.77kB/173.4kB
Android Tests (5)	UNKNOWN STEP	2026-02-25T19:48:43.5053139Z  bd53938b1271 Extracting [==================================================>]  173.4kB/173.4kB
Android Tests (5)	UNKNOWN STEP	2026-02-25T19:48:43.5063580Z  6c18ff1f33d0 Extracting [==================================================>]     173B/173B
Android Tests (5)	UNKNOWN STEP	2026-02-25T19:48:43.5076793Z  6c18ff1f33d0 Extracting [==================================================>]     173B/173B
Android Tests (5)	UNKNOWN STEP	2026-02-25T19:48:43.5085366Z  10d78728ec4d Extracting [==================================================>]     122B/122B
Android Tests (5)	UNKNOWN STEP	2026-02-25T19:48:43.5087034Z  10d78728ec4d Extracting [==================================================>]     122B/122B
Android Tests (5)	UNKNOWN STEP	2026-02-25T19:48:43.5116099Z  686599c79c87 Extracting [>                                                  ]  131.1kB/11.8MB
Android Tests (5)	UNKNOWN STEP	2026-02-25T19:48:43.5228967Z  6c18ff1f33d0 Pull complete 
Android Tests (5)	UNKNOWN STEP	2026-02-25T19:48:43.5231780Z  10d78728ec4d Pull complete 
Android Tests (5)	UNKNOWN STEP	2026-02-25T19:48:43.5243432Z  13e46e455d3b Extracting [==================================================>]     116B/116B
Android Tests (5)	UNKNOWN STEP	2026-02-25T19:48:43.5244131Z  13e46e455d3b Extracting [==================================================>]     116B/116B
Android Tests (5)	UNKNOWN STEP	2026-02-25T19:48:43.5258554Z  e0d49f520b92 Extracting [==================================================>]     961B/961B
Android Tests (5)	UNKNOWN STEP	2026-02-25T19:48:43.5262592Z  e0d49f520b92 Extracting [==================================================>]     961B/961B
Android Tests (5)	UNKNOWN STEP	2026-02-25T19:48:43.5343689Z  13e46e455d3b Pull complete 
Android Tests (5)	UNKNOWN STEP	2026-02-25T19:48:43.5351453Z  e0d49f520b92 Pull complete 
Android Tests (5)	UNKNOWN STEP	2026-02-25T19:48:43.5368952Z  5de905603ac5 Extracting [==================================================>]  17.03kB/17.03kB
Android Tests (5)	UNKNOWN STEP	2026-02-25T19:48:43.5376941Z  5de905603ac5 Extracting [==================================================>]  17.03kB/17.03kB
Android Tests (5)	UNKNOWN STEP	2026-02-25T19:48:43.5449786Z  b4403f29458a Extracting [>                                                  ]  557.1kB/105.2MB
Android Tests (5)	UNKNOWN STEP	2026-02-25T19:48:43.5472658Z  bd53938b1271 Extracting [==================================================>]  173.4kB/173.4kB
Android Tests (5)	UNKNOWN STEP	2026-02-25T19:48:43.5488890Z  5de905603ac5 Pull complete 
Android Tests (5)	UNKNOWN STEP	2026-02-25T19:48:43.5605237Z  808bb02340fa Extracting [==================>                                ]  32.77kB/90.98kB
Android Tests (5)	UNKNOWN STEP	2026-02-25T19:48:43.5609190Z  808bb02340fa Extracting [==================================================>]  90.98kB/90.98kB
Android Tests (5)	UNKNOWN STEP	2026-02-25T19:48:43.5746342Z  808bb02340fa Pull complete 
Android Tests (5)	UNKNOWN STEP	2026-02-25T19:48:43.5930329Z  c0970b69197c Extracting [>                                                  ]  163.8kB/14.88MB
Android Tests (5)	UNKNOWN STEP	2026-02-25T19:48:43.6320139Z  686599c79c87 Extracting [===>                                               ]  917.5kB/11.8MB
Android Tests (5)	UNKNOWN STEP	2026-02-25T19:48:43.6579155Z  b4403f29458a Extracting [=>                                                 ]  2.228MB/105.2MB
Android Tests (5)	UNKNOWN STEP	2026-02-25T19:48:43.6976993Z  c0970b69197c Extracting [=================>                                 ]  5.243MB/14.88MB
Android Tests (5)	UNKNOWN STEP	2026-02-25T19:48:43.7391982Z  bd53938b1271 Pull complete 
Android Tests (5)	UNKNOWN STEP	2026-02-25T19:48:43.7423133Z  9fe3744a2eac Extracting [=>                                                 ]  32.77kB/1.003MB
Android Tests (5)	UNKNOWN STEP	2026-02-25T19:48:43.7460081Z  686599c79c87 Extracting [=============>                                     ]  3.277MB/11.8MB
Android Tests (5)	UNKNOWN STEP	2026-02-25T19:48:43.7717357Z  9fe3744a2eac Extracting [==================================================>]  1.003MB/1.003MB
Android Tests (5)	UNKNOWN STEP	2026-02-25T19:48:43.7722386Z  b4403f29458a Extracting [===>                                               ]  7.242MB/105.2MB
Android Tests (5)	UNKNOWN STEP	2026-02-25T19:48:43.7726743Z  9fe3744a2eac Extracting [==================================================>]  1.003MB/1.003MB
Android Tests (5)	UNKNOWN STEP	2026-02-25T19:48:43.7890454Z  9fe3744a2eac Pull complete 
Android Tests (5)	UNKNOWN STEP	2026-02-25T19:48:43.7934967Z  7ad54b3c4cef Extracting [>                                                  ]  131.1kB/12.41MB
Android Tests (5)	UNKNOWN STEP	2026-02-25T19:48:43.8001632Z  c0970b69197c Extracting [===============================>                   ]  9.503MB/14.88MB
Android Tests (5)	UNKNOWN STEP	2026-02-25T19:48:43.8561773Z  686599c79c87 Extracting [================>                                  ]  3.932MB/11.8MB
Android Tests (5)	UNKNOWN STEP	2026-02-25T19:48:43.8793787Z  b4403f29458a Extracting [======>                                            ]  12.81MB/105.2MB
Android Tests (5)	UNKNOWN STEP	2026-02-25T19:48:43.8950233Z  7ad54b3c4cef Extracting [==========>                                        ]   2.49MB/12.41MB
Android Tests (5)	UNKNOWN STEP	2026-02-25T19:48:43.9097202Z  c0970b69197c Extracting [==================================================>]  14.88MB/14.88MB
Android Tests (5)	UNKNOWN STEP	2026-02-25T19:48:43.9411085Z  c0970b69197c Pull complete 
Android Tests (5)	UNKNOWN STEP	2026-02-25T19:48:43.9428048Z  9de5f206730a Extracting [==>                                                ]  32.77kB/766.3kB
Android Tests (5)	UNKNOWN STEP	2026-02-25T19:48:43.9602812Z  686599c79c87 Extracting [==========================>                        ]  6.291MB/11.8MB
Android Tests (5)	UNKNOWN STEP	2026-02-25T19:48:43.9648634Z  9de5f206730a Extracting [==================================================>]  766.3kB/766.3kB
Android Tests (5)	UNKNOWN STEP	2026-02-25T19:48:43.9656647Z  9de5f206730a Extracting [==================================================>]  766.3kB/766.3kB
Android Tests (5)	UNKNOWN STEP	2026-02-25T19:48:43.9800589Z  9de5f206730a Pull complete 
Android Tests (5)	UNKNOWN STEP	2026-02-25T19:48:43.9829820Z  24e28b7dc0a2 Extracting [===================>                               ]  32.77kB/83.13kB
Android Tests (5)	UNKNOWN STEP	2026-02-25T19:48:43.9831009Z  24e28b7dc0a2 Extracting [==================================================>]  83.13kB/83.13kB
Android Tests (5)	UNKNOWN STEP	2026-02-25T19:48:43.9836928Z  24e28b7dc0a2 Extracting [==================================================>]  83.13kB/83.13kB
Android Tests (5)	UNKNOWN STEP	2026-02-25T19:48:43.9906271Z  b4403f29458a Extracting [========>                                          ]  17.83MB/105.2MB
Android Tests (5)	UNKNOWN STEP	2026-02-25T19:48:43.9955401Z  7ad54b3c4cef Extracting [===========================>                       ]  6.816MB/12.41MB
Android Tests (5)	UNKNOWN STEP	2026-02-25T19:48:44.0136841Z  24e28b7dc0a2 Pull complete 
Android Tests (5)	UNKNOWN STEP	2026-02-25T19:48:44.0176828Z  830180cf89a8 Extracting [>                                                  ]  163.8kB/14.63MB
Android Tests (5)	UNKNOWN STEP	2026-02-25T19:48:44.0622261Z  686599c79c87 Extracting [=====================================>             ]  8.782MB/11.8MB
Android Tests (5)	UNKNOWN STEP	2026-02-25T19:48:44.0929809Z  b4403f29458a Extracting [==========>                                        ]  22.84MB/105.2MB
Android Tests (5)	UNKNOWN STEP	2026-02-25T19:48:44.0967114Z  7ad54b3c4cef Extracting [============================================>      ]  11.01MB/12.41MB
Android Tests (5)	UNKNOWN STEP	2026-02-25T19:48:44.1184776Z  830180cf89a8 Extracting [============>                                      ]  3.604MB/14.63MB
Android Tests (5)	UNKNOWN STEP	2026-02-25T19:48:44.1265344Z  7ad54b3c4cef Extracting [==================================================>]  12.41MB/12.41MB
Android Tests (5)	UNKNOWN STEP	2026-02-25T19:48:44.1547967Z  7ad54b3c4cef Pull complete 
Android Tests (5)	UNKNOWN STEP	2026-02-25T19:48:44.1575141Z  2a97533d89ca Extracting [==================================================>]     100B/100B
Android Tests (5)	UNKNOWN STEP	2026-02-25T19:48:44.1579185Z  2a97533d89ca Extracting [==================================================>]     100B/100B
Android Tests (5)	UNKNOWN STEP	2026-02-25T19:48:44.1653306Z  686599c79c87 Extracting [=======================================>           ]  9.437MB/11.8MB
Android Tests (5)	UNKNOWN STEP	2026-02-25T19:48:44.1687825Z  2a97533d89ca Pull complete 
Android Tests (5)	UNKNOWN STEP	2026-02-25T19:48:44.1712305Z  4f4fb700ef54 Extracting [==================================================>]      32B/32B
Android Tests (5)	UNKNOWN STEP	2026-02-25T19:48:44.1714746Z  4f4fb700ef54 Extracting [==================================================>]      32B/32B
Android Tests (5)	UNKNOWN STEP	2026-02-25T19:48:44.1832839Z  4f4fb700ef54 Pull complete 
Android Tests (5)	UNKNOWN STEP	2026-02-25T19:48:44.1916072Z  1c2c8d1ee428 Extracting [==================================================>]     576B/576B
Android Tests (5)	UNKNOWN STEP	2026-02-25T19:48:44.1920532Z  1c2c8d1ee428 Extracting [==================================================>]     576B/576B
Android Tests (5)	UNKNOWN STEP	2026-02-25T19:48:44.1962287Z  b4403f29458a Extracting [=============>                                     ]  27.85MB/105.2MB
Android Tests (5)	UNKNOWN STEP	2026-02-25T19:48:44.2065423Z  1c2c8d1ee428 Pull complete 
Android Tests (5)	UNKNOWN STEP	2026-02-25T19:48:44.2148660Z  redis Pulled 
Android Tests (5)	UNKNOWN STEP	2026-02-25T19:48:44.2207365Z  830180cf89a8 Extracting [=========================>                         ]  7.373MB/14.63MB
Android Tests (5)	UNKNOWN STEP	2026-02-25T19:48:44.2826068Z  686599c79c87 Extracting [============================================>      ]  10.62MB/11.8MB
Android Tests (5)	UNKNOWN STEP	2026-02-25T19:48:44.2991409Z  b4403f29458a Extracting [================>                                  ]  34.54MB/105.2MB
Android Tests (5)	UNKNOWN STEP	2026-02-25T19:48:44.3282599Z  830180cf89a8 Extracting [===================================>               ]  10.32MB/14.63MB
Android Tests (5)	UNKNOWN STEP	2026-02-25T19:48:44.3849813Z  686599c79c87 Extracting [=================================================> ]  11.67MB/11.8MB
Android Tests (5)	UNKNOWN STEP	2026-02-25T19:48:44.3939087Z  686599c79c87 Extracting [==================================================>]   11.8MB/11.8MB
Android Tests (5)	UNKNOWN STEP	2026-02-25T19:48:44.4017150Z  b4403f29458a Extracting [===================>                               ]  41.22MB/105.2MB
Android Tests (5)	UNKNOWN STEP	2026-02-25T19:48:44.4052456Z  830180cf89a8 Extracting [==================================================>]  14.63MB/14.63MB
Android Tests (5)	UNKNOWN STEP	2026-02-25T19:48:44.4376883Z  686599c79c87 Pull complete 
Android Tests (5)	UNKNOWN STEP	2026-02-25T19:48:44.4411873Z  f1cadbd7abd2 Extracting [==================================================>]     252B/252B
Android Tests (5)	UNKNOWN STEP	2026-02-25T19:48:44.4414980Z  f1cadbd7abd2 Extracting [==================================================>]     252B/252B
Android Tests (5)	UNKNOWN STEP	2026-02-25T19:48:44.4463105Z  830180cf89a8 Pull complete 
Android Tests (5)	UNKNOWN STEP	2026-02-25T19:48:44.4527634Z  dex Pulled 
Android Tests (5)	UNKNOWN STEP	2026-02-25T19:48:44.4530350Z  f1cadbd7abd2 Pull complete 
Android Tests (5)	UNKNOWN STEP	2026-02-25T19:48:44.4545788Z  3ee96ea8e5d2 Extracting [==================================================>]     250B/250B
Android Tests (5)	UNKNOWN STEP	2026-02-25T19:48:44.4548059Z  3ee96ea8e5d2 Extracting [==================================================>]     250B/250B
Android Tests (5)	UNKNOWN STEP	2026-02-25T19:48:44.4641812Z  3ee96ea8e5d2 Pull complete 
Android Tests (5)	UNKNOWN STEP	2026-02-25T19:48:44.4684739Z  a954d256f742 Extracting [>                                                  ]  229.4kB/21.98MB
Android Tests (5)	UNKNOWN STEP	2026-02-25T19:48:44.5038270Z  b4403f29458a Extracting [=======================>                           ]  48.46MB/105.2MB
Android Tests (5)	UNKNOWN STEP	2026-02-25T19:48:44.5686397Z  a954d256f742 Extracting [======>                                            ]  2.753MB/21.98MB
Android Tests (5)	UNKNOWN STEP	2026-02-25T19:48:44.6056627Z  b4403f29458a Extracting [=========================>                         ]  52.92MB/105.2MB
Android Tests (5)	UNKNOWN STEP	2026-02-25T19:48:44.6693926Z  a954d256f742 Extracting [==================>                                ]  8.258MB/21.98MB
Android Tests (5)	UNKNOWN STEP	2026-02-25T19:48:44.7137416Z  b4403f29458a Extracting [============================>                      ]   59.6MB/105.2MB
Android Tests (5)	UNKNOWN STEP	2026-02-25T19:48:44.7719362Z  a954d256f742 Extracting [=================================>                 ]  14.68MB/21.98MB
Android Tests (5)	UNKNOWN STEP	2026-02-25T19:48:44.8195239Z  b4403f29458a Extracting [===============================>                   ]  66.85MB/105.2MB
Android Tests (5)	UNKNOWN STEP	2026-02-25T19:48:44.8726654Z  a954d256f742 Extracting [================================================>  ]  21.33MB/21.98MB
Android Tests (5)	UNKNOWN STEP	2026-02-25T19:48:44.9067331Z  a954d256f742 Extracting [==================================================>]  21.98MB/21.98MB
Android Tests (5)	UNKNOWN STEP	2026-02-25T19:48:44.9229291Z  b4403f29458a Extracting [===================================>               ]  74.09MB/105.2MB
Android Tests (5)	UNKNOWN STEP	2026-02-25T19:48:45.0009977Z  a954d256f742 Pull complete 
Android Tests (5)	UNKNOWN STEP	2026-02-25T19:48:45.0543499Z  c7ce85987d6d Extracting [==================================================>]  13.29kB/13.29kB
Android Tests (5)	UNKNOWN STEP	2026-02-25T19:48:45.0547211Z  c7ce85987d6d Extracting [==================================================>]  13.29kB/13.29kB
Android Tests (5)	UNKNOWN STEP	2026-02-25T19:48:45.0628085Z  b4403f29458a Extracting [====================================>              ]  75.76MB/105.2MB
Android Tests (5)	UNKNOWN STEP	2026-02-25T19:48:45.0815519Z  c7ce85987d6d Pull complete 
Android Tests (5)	UNKNOWN STEP	2026-02-25T19:48:45.0987739Z  7807da78b90b Extracting [>                                                  ]  458.8kB/45.54MB
Android Tests (5)	UNKNOWN STEP	2026-02-25T19:48:45.1841455Z  b4403f29458a Extracting [=====================================>             ]  77.99MB/105.2MB
Android Tests (5)	UNKNOWN STEP	2026-02-25T19:48:45.2302090Z  7807da78b90b Extracting [===>                                               ]  2.753MB/45.54MB
Android Tests (5)	UNKNOWN STEP	2026-02-25T19:48:45.3006459Z  b4403f29458a Extracting [======================================>            ]  81.89MB/105.2MB
Android Tests (5)	UNKNOWN STEP	2026-02-25T19:48:45.3332457Z  7807da78b90b Extracting [=======>                                           ]  6.423MB/45.54MB
Android Tests (5)	UNKNOWN STEP	2026-02-25T19:48:45.4051911Z  b4403f29458a Extracting [=========================================>         ]   86.9MB/105.2MB
Android Tests (5)	UNKNOWN STEP	2026-02-25T19:48:45.5020133Z  7807da78b90b Extracting [==========>                                        ]  9.175MB/45.54MB
Android Tests (5)	UNKNOWN STEP	2026-02-25T19:48:45.5717417Z  b4403f29458a Extracting [===========================================>       ]  92.47MB/105.2MB
Android Tests (5)	UNKNOWN STEP	2026-02-25T19:48:45.6068406Z  7807da78b90b Extracting [===============>                                   ]  13.76MB/45.54MB
Android Tests (5)	UNKNOWN STEP	2026-02-25T19:48:45.6769978Z  b4403f29458a Extracting [================================================>  ]  101.9MB/105.2MB
Android Tests (5)	UNKNOWN STEP	2026-02-25T19:48:45.7092316Z  7807da78b90b Extracting [===================>                               ]  17.89MB/45.54MB
Android Tests (5)	UNKNOWN STEP	2026-02-25T19:48:45.7300994Z  b4403f29458a Extracting [==================================================>]  105.2MB/105.2MB
Android Tests (5)	UNKNOWN STEP	2026-02-25T19:48:45.8336953Z  7807da78b90b Extracting [=====================>                             ]  19.27MB/45.54MB
Android Tests (5)	UNKNOWN STEP	2026-02-25T19:48:45.9545278Z  7807da78b90b Extracting [=======================>                           ]  21.56MB/45.54MB
Android Tests (5)	UNKNOWN STEP	2026-02-25T19:48:45.9581672Z  b4403f29458a Pull complete 
Android Tests (5)	UNKNOWN STEP	2026-02-25T19:48:45.9593561Z  40aaa75af6ce Extracting [==================================================>]   9.62kB/9.62kB
Android Tests (5)	UNKNOWN STEP	2026-02-25T19:48:45.9598095Z  40aaa75af6ce Extracting [==================================================>]   9.62kB/9.62kB
Android Tests (5)	UNKNOWN STEP	2026-02-25T19:48:45.9775565Z  40aaa75af6ce Pull complete 
Android Tests (5)	UNKNOWN STEP	2026-02-25T19:48:45.9788105Z  162bdab1e0a7 Extracting [==================================================>]     128B/128B
Android Tests (5)	UNKNOWN STEP	2026-02-25T19:48:45.9792643Z  162bdab1e0a7 Extracting [==================================================>]     128B/128B
Android Tests (5)	UNKNOWN STEP	2026-02-25T19:48:45.9909694Z  162bdab1e0a7 Pull complete 
Android Tests (5)	UNKNOWN STEP	2026-02-25T19:48:45.9922457Z  ebff7b0ec73e Extracting [==================================================>]     170B/170B
Android Tests (5)	UNKNOWN STEP	2026-02-25T19:48:45.9927365Z  ebff7b0ec73e Extracting [==================================================>]     170B/170B
Android Tests (5)	UNKNOWN STEP	2026-02-25T19:48:46.0018378Z  ebff7b0ec73e Pull complete 
Android Tests (5)	UNKNOWN STEP	2026-02-25T19:48:46.0033931Z  c02179436571 Extracting [==================================================>]   5.84kB/5.84kB
Android Tests (5)	UNKNOWN STEP	2026-02-25T19:48:46.0036897Z  c02179436571 Extracting [==================================================>]   5.84kB/5.84kB
Android Tests (5)	UNKNOWN STEP	2026-02-25T19:48:46.0132454Z  c02179436571 Pull complete 
Android Tests (5)	UNKNOWN STEP	2026-02-25T19:48:46.0142257Z  8243369e9866 Extracting [==================================================>]     186B/186B
Android Tests (5)	UNKNOWN STEP	2026-02-25T19:48:46.0147480Z  8243369e9866 Extracting [==================================================>]     186B/186B
Android Tests (5)	UNKNOWN STEP	2026-02-25T19:48:46.0245801Z  8243369e9866 Pull complete 
Android Tests (5)	UNKNOWN STEP	2026-02-25T19:48:46.0306550Z  postgres Pulled 
Android Tests (5)	UNKNOWN STEP	2026-02-25T19:48:46.0886226Z  7807da78b90b Extracting [==============================>                    ]  27.53MB/45.54MB
Android Tests (5)	UNKNOWN STEP	2026-02-25T19:48:46.2678525Z  7807da78b90b Extracting [=================================>                 ]  30.74MB/45.54MB
Android Tests (5)	UNKNOWN STEP	2026-02-25T19:48:46.3811698Z  7807da78b90b Extracting [===================================>               ]  32.11MB/45.54MB
Android Tests (5)	UNKNOWN STEP	2026-02-25T19:48:46.4922462Z  7807da78b90b Extracting [====================================>              ]  33.49MB/45.54MB
Android Tests (5)	UNKNOWN STEP	2026-02-25T19:48:46.6546729Z  7807da78b90b Extracting [======================================>            ]  34.87MB/45.54MB
Android Tests (5)	UNKNOWN STEP	2026-02-25T19:48:46.7753478Z  7807da78b90b Extracting [=============================================>     ]  41.29MB/45.54MB
Android Tests (5)	UNKNOWN STEP	2026-02-25T19:48:46.9079344Z  7807da78b90b Extracting [===============================================>   ]  43.12MB/45.54MB
Android Tests (5)	UNKNOWN STEP	2026-02-25T19:48:47.0115675Z  7807da78b90b Extracting [=================================================> ]  44.96MB/45.54MB
Android Tests (5)	UNKNOWN STEP	2026-02-25T19:48:47.0241896Z  7807da78b90b Extracting [==================================================>]  45.54MB/45.54MB
Android Tests (5)	UNKNOWN STEP	2026-02-25T19:48:47.1107704Z  7807da78b90b Pull complete 
Android Tests (5)	UNKNOWN STEP	2026-02-25T19:48:47.1117550Z  0478cd5c1079 Extracting [==================================================>]  3.507kB/3.507kB
Android Tests (5)	UNKNOWN STEP	2026-02-25T19:48:47.1120345Z  0478cd5c1079 Extracting [==================================================>]  3.507kB/3.507kB
Android Tests (5)	UNKNOWN STEP	2026-02-25T19:48:47.1189407Z  0478cd5c1079 Pull complete 
Android Tests (5)	UNKNOWN STEP	2026-02-25T19:48:47.1198182Z  3a02ac06be95 Extracting [==================================================>]  3.462kB/3.462kB
Android Tests (5)	UNKNOWN STEP	2026-02-25T19:48:47.1201575Z  3a02ac06be95 Extracting [==================================================>]  3.462kB/3.462kB
Android Tests (5)	UNKNOWN STEP	2026-02-25T19:48:47.1282160Z  3a02ac06be95 Pull complete 
Android Tests (5)	UNKNOWN STEP	2026-02-25T19:48:47.1328243Z  matrix-synapse Pulled 
Android Tests (5)	UNKNOWN STEP	2026-02-25T19:48:47.1353716Z  Network substitution_substitution_network  Creating
Android Tests (5)	UNKNOWN STEP	2026-02-25T19:48:47.1642714Z  Network substitution_substitution_network  Created
Android Tests (5)	UNKNOWN STEP	2026-02-25T19:48:47.1648491Z  Container substitution-postgres-1  Creating
Android Tests (5)	UNKNOWN STEP	2026-02-25T19:48:47.1649026Z  Container substitution-redis-1  Creating
Android Tests (5)	UNKNOWN STEP	2026-02-25T19:48:47.1649502Z  Container substitution-dex-1  Creating
Android Tests (5)	UNKNOWN STEP	2026-02-25T19:48:47.1903298Z  Container substitution-redis-1  Created
Android Tests (5)	UNKNOWN STEP	2026-02-25T19:48:47.1903847Z  Container substitution-postgres-1  Created
Android Tests (5)	UNKNOWN STEP	2026-02-25T19:48:47.1904479Z  Container substitution-dex-1  Created
Android Tests (5)	UNKNOWN STEP	2026-02-25T19:48:47.1904990Z  Container substitution-matrix-synapse-1  Creating
Android Tests (5)	UNKNOWN STEP	2026-02-25T19:48:47.2012681Z  Container substitution-matrix-synapse-1  Created
Android Tests (5)	UNKNOWN STEP	2026-02-25T19:48:47.2024840Z  Container substitution-redis-1  Starting
Android Tests (5)	UNKNOWN STEP	2026-02-25T19:48:47.2026273Z  Container substitution-dex-1  Starting
Android Tests (5)	UNKNOWN STEP	2026-02-25T19:48:47.2029322Z  Container substitution-postgres-1  Starting
Android Tests (5)	UNKNOWN STEP	2026-02-25T19:48:47.5697896Z  Container substitution-postgres-1  Started
Android Tests (5)	UNKNOWN STEP	2026-02-25T19:48:47.5758833Z  Container substitution-dex-1  Started
Android Tests (5)	UNKNOWN STEP	2026-02-25T19:48:47.5759402Z  Container substitution-postgres-1  Waiting
Android Tests (5)	UNKNOWN STEP	2026-02-25T19:48:47.5759889Z  Container substitution-dex-1  Waiting
Android Tests (5)	UNKNOWN STEP	2026-02-25T19:48:47.5807491Z  Container substitution-redis-1  Started
Android Tests (5)	UNKNOWN STEP	2026-02-25T19:48:53.0774912Z  Container substitution-dex-1  Healthy
Android Tests (5)	UNKNOWN STEP	2026-02-25T19:48:58.0770703Z  Container substitution-postgres-1  Healthy
Android Tests (5)	UNKNOWN STEP	2026-02-25T19:48:58.0772079Z  Container substitution-matrix-synapse-1  Starting
Android Tests (5)	UNKNOWN STEP	2026-02-25T19:48:58.1988011Z  Container substitution-matrix-synapse-1  Started
Android Tests (5)	UNKNOWN STEP	2026-02-25T19:49:08.2751272Z time="2026-02-25T19:49:08Z" level=warning msg="/home/runner/work/substitution/substitution/docker-compose.yml: the attribute `version` is obsolete, it will be ignored, please remove it to avoid potential confusion"
Android Tests (5)	UNKNOWN STEP	2026-02-25T19:49:08.2821593Z  Container substitution-dex-1  Running
Android Tests (5)	UNKNOWN STEP	2026-02-25T19:49:08.2822553Z  Container substitution-postgres-1  Running
Android Tests (5)	UNKNOWN STEP	2026-02-25T19:49:08.2823068Z  Container substitution-matrix-synapse-1  Running
Android Tests (5)	UNKNOWN STEP	2026-02-25T19:49:08.2835061Z  Container substitution-dex-1  Waiting
Android Tests (5)	UNKNOWN STEP	2026-02-25T19:49:08.2835601Z  Container substitution-postgres-1  Waiting
Android Tests (5)	UNKNOWN STEP	2026-02-25T19:49:08.7868200Z  Container substitution-postgres-1  Healthy
Android Tests (5)	UNKNOWN STEP	2026-02-25T19:49:08.7881350Z  Container substitution-dex-1  Healthy
Android Tests (5)	UNKNOWN STEP	2026-02-25T19:49:08.7881911Z  matrix-init Pulling 
Android Tests (5)	UNKNOWN STEP	2026-02-25T19:49:09.3092165Z  589002ba0eae Already exists 
Android Tests (5)	UNKNOWN STEP	2026-02-25T19:49:09.3103871Z  aca07fe076f1 Pulling fs layer 
Android Tests (5)	UNKNOWN STEP	2026-02-25T19:49:09.3104977Z  6dafe251d313 Pulling fs layer 
Android Tests (5)	UNKNOWN STEP	2026-02-25T19:49:09.3105881Z  fa340e77c336 Pulling fs layer 
Android Tests (5)	UNKNOWN STEP	2026-02-25T19:49:09.4182184Z  fa340e77c336 Downloading [==================================================>]     247B/247B
Android Tests (5)	UNKNOWN STEP	2026-02-25T19:49:09.4182711Z  fa340e77c336 Download complete 
Android Tests (5)	UNKNOWN STEP	2026-02-25T19:49:09.4291317Z  aca07fe076f1 Downloading [>                                                  ]  4.824kB/460.9kB
Android Tests (5)	UNKNOWN STEP	2026-02-25T19:49:09.4320668Z  6dafe251d313 Downloading [>                                                  ]  160.9kB/16.02MB
Android Tests (5)	UNKNOWN STEP	2026-02-25T19:49:09.4382948Z  aca07fe076f1 Download complete 
Android Tests (5)	UNKNOWN STEP	2026-02-25T19:49:09.4383515Z  aca07fe076f1 Extracting [===>                                               ]  32.77kB/460.9kB
Android Tests (5)	UNKNOWN STEP	2026-02-25T19:49:09.5331506Z  6dafe251d313 Downloading [=========================>                         ]  8.014MB/16.02MB
Android Tests (5)	UNKNOWN STEP	2026-02-25T19:49:09.5370518Z  aca07fe076f1 Extracting [==================================================>]  460.9kB/460.9kB
Android Tests (5)	UNKNOWN STEP	2026-02-25T19:49:09.5683370Z  6dafe251d313 Verifying Checksum 
Android Tests (5)	UNKNOWN STEP	2026-02-25T19:49:09.5683797Z  6dafe251d313 Download complete 
Android Tests (5)	UNKNOWN STEP	2026-02-25T19:49:09.6603260Z  aca07fe076f1 Pull complete 
Android Tests (5)	UNKNOWN STEP	2026-02-25T19:49:09.6622767Z  6dafe251d313 Extracting [>                                                  ]  163.8kB/16.02MB
Android Tests (5)	UNKNOWN STEP	2026-02-25T19:49:09.7663183Z  6dafe251d313 Extracting [=========>                                         ]  2.949MB/16.02MB
Android Tests (5)	UNKNOWN STEP	2026-02-25T19:49:09.8692621Z  6dafe251d313 Extracting [==================>                                ]  6.062MB/16.02MB
Android Tests (5)	UNKNOWN STEP	2026-02-25T19:49:09.9697119Z  6dafe251d313 Extracting [=====================================>             ]  11.96MB/16.02MB
Android Tests (5)	UNKNOWN STEP	2026-02-25T19:49:10.0796973Z  6dafe251d313 Extracting [===========================================>       ]  13.93MB/16.02MB
Android Tests (5)	UNKNOWN STEP	2026-02-25T19:49:10.1871423Z  6dafe251d313 Extracting [===============================================>   ]  15.07MB/16.02MB
Android Tests (5)	UNKNOWN STEP	2026-02-25T19:49:10.2745541Z  6dafe251d313 Extracting [==================================================>]  16.02MB/16.02MB
Android Tests (5)	UNKNOWN STEP	2026-02-25T19:49:10.3293961Z  6dafe251d313 Pull complete 
Android Tests (5)	UNKNOWN STEP	2026-02-25T19:49:10.3304119Z  fa340e77c336 Extracting [==================================================>]     247B/247B
Android Tests (5)	UNKNOWN STEP	2026-02-25T19:49:10.3308038Z  fa340e77c336 Extracting [==================================================>]     247B/247B
Android Tests (5)	UNKNOWN STEP	2026-02-25T19:49:10.3382677Z  fa340e77c336 Pull complete 
Android Tests (5)	UNKNOWN STEP	2026-02-25T19:49:10.3435568Z  matrix-init Pulled 
Android Tests (5)	UNKNOWN STEP	2026-02-25T19:49:12.7946112Z Collecting requests
Android Tests (5)	UNKNOWN STEP	2026-02-25T19:49:12.8659189Z   Downloading requests-2.32.5-py3-none-any.whl.metadata (4.9 kB)
Android Tests (5)	UNKNOWN STEP	2026-02-25T19:49:12.9776427Z Collecting charset_normalizer<4,>=2 (from requests)
Android Tests (5)	UNKNOWN STEP	2026-02-25T19:49:12.9983803Z   Downloading charset_normalizer-3.4.4-cp311-cp311-musllinux_1_2_x86_64.whl.metadata (37 kB)
Android Tests (5)	UNKNOWN STEP	2026-02-25T19:49:13.0330850Z Collecting idna<4,>=2.5 (from requests)
Android Tests (5)	UNKNOWN STEP	2026-02-25T19:49:13.0536345Z   Downloading idna-3.11-py3-none-any.whl.metadata (8.4 kB)
Android Tests (5)	UNKNOWN STEP	2026-02-25T19:49:13.1006289Z Collecting urllib3<3,>=1.21.1 (from requests)
Android Tests (5)	UNKNOWN STEP	2026-02-25T19:49:13.1211476Z   Downloading urllib3-2.6.3-py3-none-any.whl.metadata (6.9 kB)
Android Tests (5)	UNKNOWN STEP	2026-02-25T19:49:13.1497049Z Collecting certifi>=2017.4.17 (from requests)
Android Tests (5)	UNKNOWN STEP	2026-02-25T19:49:13.1697193Z   Downloading certifi-2026.2.25-py3-none-any.whl.metadata (2.5 kB)
Android Tests (5)	UNKNOWN STEP	2026-02-25T19:49:13.2050476Z Downloading requests-2.32.5-py3-none-any.whl (64 kB)
Android Tests (5)	UNKNOWN STEP	2026-02-25T19:49:13.2151668Z    ━━━━━━━━━━━━━━━━━━━━━━━━━━━━━━━━━━━━━━━━ 64.7/64.7 kB 8.0 MB/s eta 0:00:00
Android Tests (5)	UNKNOWN STEP	2026-02-25T19:49:13.2352456Z Downloading certifi-2026.2.25-py3-none-any.whl (153 kB)
Android Tests (5)	UNKNOWN STEP	2026-02-25T19:49:13.2555742Z    ━━━━━━━━━━━━━━━━━━━━━━━━━━━━━━━━━━━━━━━━ 153.7/153.7 kB 7.9 MB/s eta 0:00:00
Android Tests (5)	UNKNOWN STEP	2026-02-25T19:49:13.2756647Z Downloading charset_normalizer-3.4.4-cp311-cp311-musllinux_1_2_x86_64.whl (152 kB)
Android Tests (5)	UNKNOWN STEP	2026-02-25T19:49:13.2821206Z    ━━━━━━━━━━━━━━━━━━━━━━━━━━━━━━━━━━━━━━━━ 153.0/153.0 kB 31.8 MB/s eta 0:00:00
Android Tests (5)	UNKNOWN STEP	2026-02-25T19:49:13.3025973Z Downloading idna-3.11-py3-none-any.whl (71 kB)
Android Tests (5)	UNKNOWN STEP	2026-02-25T19:49:13.3083659Z    ━━━━━━━━━━━━━━━━━━━━━━━━━━━━━━━━━━━━━━━━ 71.0/71.0 kB 22.7 MB/s eta 0:00:00
Android Tests (5)	UNKNOWN STEP	2026-02-25T19:49:13.3287475Z Downloading urllib3-2.6.3-py3-none-any.whl (131 kB)
Android Tests (5)	UNKNOWN STEP	2026-02-25T19:49:13.3355022Z    ━━━━━━━━━━━━━━━━━━━━━━━━━━━━━━━━━━━━━━━━ 131.6/131.6 kB 32.5 MB/s eta 0:00:00
Android Tests (5)	UNKNOWN STEP	2026-02-25T19:49:13.3996996Z Installing collected packages: urllib3, idna, charset_normalizer, certifi, requests
Android Tests (5)	UNKNOWN STEP	2026-02-25T19:49:13.7252603Z Successfully installed certifi-2026.2.25 charset_normalizer-3.4.4 idna-3.11 requests-2.32.5 urllib3-2.6.3
Android Tests (5)	UNKNOWN STEP	2026-02-25T19:49:13.7253923Z WARNING: Running pip as the 'root' user can result in broken permissions and conflicting behaviour with the system package manager. It is recommended to use a virtual environment instead: https://pip.pypa.io/warnings/venv
Android Tests (5)	UNKNOWN STEP	2026-02-25T19:49:13.8044418Z 
Android Tests (5)	UNKNOWN STEP	2026-02-25T19:49:13.8044949Z [notice] A new release of pip is available: 24.0 -> 26.0.1
Android Tests (5)	UNKNOWN STEP	2026-02-25T19:49:13.8045462Z [notice] To update, run: pip install --upgrade pip
Android Tests (5)	UNKNOWN STEP	2026-02-25T19:49:20.3814736Z Initializing Matrix Synapse test server...
Android Tests (5)	UNKNOWN STEP	2026-02-25T19:49:20.3815439Z 
Android Tests (5)	UNKNOWN STEP	2026-02-25T19:49:20.3815840Z ✓ Synapse server is ready
Android Tests (5)	UNKNOWN STEP	2026-02-25T19:49:20.3816087Z 
Android Tests (5)	UNKNOWN STEP	2026-02-25T19:49:20.3816181Z Creating test users...
Android Tests (5)	UNKNOWN STEP	2026-02-25T19:49:20.3816511Z ✓ Created user: testuser1
Android Tests (5)	UNKNOWN STEP	2026-02-25T19:49:20.3816872Z ✓ Created user: testuser2
Android Tests (5)	UNKNOWN STEP	2026-02-25T19:49:20.3817254Z ✓ Created admin user: testadmin
Android Tests (5)	UNKNOWN STEP	2026-02-25T19:49:20.3817497Z 
Android Tests (5)	UNKNOWN STEP	2026-02-25T19:49:20.3817691Z Creating test rooms and populating with data...
Android Tests (5)	UNKNOWN STEP	2026-02-25T19:49:20.3818304Z ✓ Logged in user: @testadmin:test.matrix.local
Android Tests (5)	UNKNOWN STEP	2026-02-25T19:49:20.3818787Z ✓ Admin token acquired
Android Tests (5)	UNKNOWN STEP	2026-02-25T19:49:20.3819073Z ✓ Logged in user: @testuser1:test.matrix.local
Android Tests (5)	UNKNOWN STEP	2026-02-25T19:49:20.3819478Z ✓ Created room: test_general (!PyHVMhUaOlfAnmYylt:test.matrix.local)
Android Tests (5)	UNKNOWN STEP	2026-02-25T19:49:20.3819871Z ✓ Logged in user: @testuser2:test.matrix.local
Android Tests (5)	UNKNOWN STEP	2026-02-25T19:49:20.3820169Z   ✓ User testuser2 joined room
Android Tests (5)	UNKNOWN STEP	2026-02-25T19:49:20.3820452Z ✓ Logged in user: @testadmin:test.matrix.local
Android Tests (5)	UNKNOWN STEP	2026-02-25T19:49:20.3820742Z   ✓ User testadmin joined room
Android Tests (5)	UNKNOWN STEP	2026-02-25T19:49:20.3821027Z   ✓ Published room to directory
Android Tests (5)	UNKNOWN STEP	2026-02-25T19:49:20.3821288Z   ✓ Posted 5 messages to room
Android Tests (5)	UNKNOWN STEP	2026-02-25T19:49:20.3821544Z   Seeding media messages (image, video, audio)...
Android Tests (5)	UNKNOWN STEP	2026-02-25T19:49:20.3822038Z   ✓ Uploaded media 'test_image.png': mxc://test.matrix.local/pZwSHEKInuzBTwHpQNuAwsgw
Android Tests (5)	UNKNOWN STEP	2026-02-25T19:49:20.3822461Z   ✓ Posted m.image message to room
Android Tests (5)	UNKNOWN STEP	2026-02-25T19:49:20.3823129Z   ✓ Uploaded media 'test_video.mp4': mxc://test.matrix.local/dpMYCbPyyQOsZwASqqzrNzJm
Android Tests (5)	UNKNOWN STEP	2026-02-25T19:49:20.3823552Z   ✓ Posted m.video message to room
Android Tests (5)	UNKNOWN STEP	2026-02-25T19:49:20.3823968Z   ✓ Uploaded media 'test_audio.mp3': mxc://test.matrix.local/DUDzXssDIqzWEduWzWiuXzCQ
Android Tests (5)	UNKNOWN STEP	2026-02-25T19:49:20.3824823Z   ✓ Posted m.audio message to room
Android Tests (5)	UNKNOWN STEP	2026-02-25T19:49:20.3825315Z ✓ Created room: test_photos (!QYidNCubPJWQoYyoUm:test.matrix.local)
Android Tests (5)	UNKNOWN STEP	2026-02-25T19:49:20.3825699Z ✓ Logged in user: @testuser2:test.matrix.local
Android Tests (5)	UNKNOWN STEP	2026-02-25T19:49:20.3825990Z   ✓ User testuser2 joined room
Android Tests (5)	UNKNOWN STEP	2026-02-25T19:49:20.3826277Z ✓ Logged in user: @testadmin:test.matrix.local
Android Tests (5)	UNKNOWN STEP	2026-02-25T19:49:20.3826700Z   ✓ User testadmin joined room
Android Tests (5)	UNKNOWN STEP	2026-02-25T19:49:20.3826959Z   ✓ Published room to directory
Android Tests (5)	UNKNOWN STEP	2026-02-25T19:49:20.3827225Z   ✓ Posted 3 messages to room
Android Tests (5)	UNKNOWN STEP	2026-02-25T19:49:20.3827489Z   Seeding media messages (image, video, audio)...
Android Tests (5)	UNKNOWN STEP	2026-02-25T19:49:20.3827940Z   ✓ Uploaded media 'test_image.png': mxc://test.matrix.local/PFTEwdGfPizOKZKxzTFRemzN
Android Tests (5)	UNKNOWN STEP	2026-02-25T19:49:20.3828354Z   ✓ Posted m.image message to room
Android Tests (5)	UNKNOWN STEP	2026-02-25T19:49:20.3828782Z   ✓ Uploaded media 'test_video.mp4': mxc://test.matrix.local/YUjRQohfgPDbdGVcdBMUmCZE
Android Tests (5)	UNKNOWN STEP	2026-02-25T19:49:20.3829184Z   ✓ Posted m.video message to room
Android Tests (5)	UNKNOWN STEP	2026-02-25T19:49:20.3829595Z   ✓ Uploaded media 'test_audio.mp3': mxc://test.matrix.local/ESUEmLInbnsyHMCTlqFxcDKE
Android Tests (5)	UNKNOWN STEP	2026-02-25T19:49:20.3829995Z   ✓ Posted m.audio message to room
Android Tests (5)	UNKNOWN STEP	2026-02-25T19:49:20.3830403Z ✓ Created room: test_art (!BaLbPPgCrAsTzkRgZI:test.matrix.local)
Android Tests (5)	UNKNOWN STEP	2026-02-25T19:49:20.3830791Z ✓ Logged in user: @testuser2:test.matrix.local
Android Tests (5)	UNKNOWN STEP	2026-02-25T19:49:20.3831088Z   ✓ User testuser2 joined room
Android Tests (5)	UNKNOWN STEP	2026-02-25T19:49:20.3831372Z ✓ Logged in user: @testadmin:test.matrix.local
Android Tests (5)	UNKNOWN STEP	2026-02-25T19:49:20.3831667Z   ✓ User testadmin joined room
Android Tests (5)	UNKNOWN STEP	2026-02-25T19:49:20.3831927Z   ✓ Published room to directory
Android Tests (5)	UNKNOWN STEP	2026-02-25T19:49:20.3832321Z ✓ Uploaded dummy avatar: mxc://test.matrix.local/ZELjzHExrnNqbBgEUQwXLSUj
Android Tests (5)	UNKNOWN STEP	2026-02-25T19:49:20.3832815Z   ✓ Set room avatar to mxc://test.matrix.local/ZELjzHExrnNqbBgEUQwXLSUj
Android Tests (5)	UNKNOWN STEP	2026-02-25T19:49:20.3833296Z ✓ Created room: test_invite_only (!SIiRowkrnWMGUUaGdZ:test.matrix.local)
Android Tests (5)	UNKNOWN STEP	2026-02-25T19:49:20.3833704Z   ℹ Skipping user invites for room (discovery test)
Android Tests (5)	UNKNOWN STEP	2026-02-25T19:49:20.3834011Z   ✓ Published room to directory
Android Tests (5)	UNKNOWN STEP	2026-02-25T19:49:20.3834390Z   ✓ Posted 2 messages to room
Android Tests (5)	UNKNOWN STEP	2026-02-25T19:49:20.3834764Z ✓ Created room: test_avatar (!LdliqvsKdDhluDoCCC:test.matrix.local)
Android Tests (5)	UNKNOWN STEP	2026-02-25T19:49:20.3835153Z ✓ Logged in user: @testuser2:test.matrix.local
Android Tests (5)	UNKNOWN STEP	2026-02-25T19:49:20.3835446Z   ✓ User testuser2 joined room
Android Tests (5)	UNKNOWN STEP	2026-02-25T19:49:20.3835721Z ✓ Logged in user: @testadmin:test.matrix.local
Android Tests (5)	UNKNOWN STEP	2026-02-25T19:49:20.3836022Z   ✓ User testadmin joined room
Android Tests (5)	UNKNOWN STEP	2026-02-25T19:49:20.3836270Z   ✓ Published room to directory
Android Tests (5)	UNKNOWN STEP	2026-02-25T19:49:20.3836653Z ✓ Uploaded dummy avatar: mxc://test.matrix.local/dCLDoJmdIGvmAqcQmkyPPJKh
Android Tests (5)	UNKNOWN STEP	2026-02-25T19:49:20.3837138Z   ✓ Set room avatar to mxc://test.matrix.local/dCLDoJmdIGvmAqcQmkyPPJKh
Android Tests (5)	UNKNOWN STEP	2026-02-25T19:49:20.3837387Z 
Android Tests (5)	UNKNOWN STEP	2026-02-25T19:49:20.3837498Z ============================================================
Android Tests (5)	UNKNOWN STEP	2026-02-25T19:49:20.3837837Z ✅ Matrix test server initialized successfully!
Android Tests (5)	UNKNOWN STEP	2026-02-25T19:49:20.3838116Z ============================================================
Android Tests (5)	UNKNOWN STEP	2026-02-25T19:49:20.3838298Z 
Android Tests (5)	UNKNOWN STEP	2026-02-25T19:49:20.3838417Z 📝 Test Users:
Android Tests (5)	UNKNOWN STEP	2026-02-25T19:49:20.3838594Z   testuser1
Android Tests (5)	UNKNOWN STEP	2026-02-25T19:49:20.3838778Z     ID: @testuser1:test.matrix.local
Android Tests (5)	UNKNOWN STEP	2026-02-25T19:49:20.3839030Z     Password: testpass123
Android Tests (5)	UNKNOWN STEP	2026-02-25T19:49:20.3839240Z   testuser2
Android Tests (5)	UNKNOWN STEP	2026-02-25T19:49:20.3839416Z     ID: @testuser2:test.matrix.local
Android Tests (5)	UNKNOWN STEP	2026-02-25T19:49:20.3839665Z     Password: testpass123
Android Tests (5)	UNKNOWN STEP	2026-02-25T19:49:20.3839878Z   testadmin
Android Tests (5)	UNKNOWN STEP	2026-02-25T19:49:20.3840062Z     ID: @testadmin:test.matrix.local
Android Tests (5)	UNKNOWN STEP	2026-02-25T19:49:20.3840299Z     Password: testpass123
Android Tests (5)	UNKNOWN STEP	2026-02-25T19:49:20.3840426Z 
Android Tests (5)	UNKNOWN STEP	2026-02-25T19:49:20.3840529Z 🏠 Test Rooms:
Android Tests (5)	UNKNOWN STEP	2026-02-25T19:49:20.3840714Z   test_general (with messages)
Android Tests (5)	UNKNOWN STEP	2026-02-25T19:49:20.3840972Z     ID: !PyHVMhUaOlfAnmYylt:test.matrix.local
Android Tests (5)	UNKNOWN STEP	2026-02-25T19:49:20.3841239Z   test_photos (with messages)
Android Tests (5)	UNKNOWN STEP	2026-02-25T19:49:20.3841615Z     ID: !QYidNCubPJWQoYyoUm:test.matrix.local
Android Tests (5)	UNKNOWN STEP	2026-02-25T19:49:20.3841881Z   test_art (empty)
Android Tests (5)	UNKNOWN STEP	2026-02-25T19:49:20.3842097Z     ID: !BaLbPPgCrAsTzkRgZI:test.matrix.local
Android Tests (5)	UNKNOWN STEP	2026-02-25T19:49:20.3842357Z   test_invite_only (with messages)
Android Tests (5)	UNKNOWN STEP	2026-02-25T19:49:20.3842615Z     ID: !SIiRowkrnWMGUUaGdZ:test.matrix.local
Android Tests (5)	UNKNOWN STEP	2026-02-25T19:49:20.3842869Z   test_avatar (empty)
Android Tests (5)	UNKNOWN STEP	2026-02-25T19:49:20.3843097Z     ID: !LdliqvsKdDhluDoCCC:test.matrix.local
Android Tests (5)	UNKNOWN STEP	2026-02-25T19:49:20.3843270Z 
Android Tests (5)	UNKNOWN STEP	2026-02-25T19:49:20.3843424Z 🔑 Test Credentials for Integration Tests:
Android Tests (5)	UNKNOWN STEP	2026-02-25T19:49:20.3843773Z   Server:    http://matrix-synapse:8008
Android Tests (5)	UNKNOWN STEP	2026-02-25T19:49:20.3844016Z   Test User: testuser1
Android Tests (5)	UNKNOWN STEP	2026-02-25T19:49:20.3844350Z   Password:  testpass123
Android Tests (5)	UNKNOWN STEP	2026-02-25T19:49:20.3844578Z 
Android Tests (5)	UNKNOWN STEP	2026-02-25T19:49:20.3844652Z Room Status:
Android Tests (5)	UNKNOWN STEP	2026-02-25T19:49:20.3845025Z   test_general - 5 text + image/video/audio messages (for testing message lists and media rendering)
Android Tests (5)	UNKNOWN STEP	2026-02-25T19:49:20.3845580Z   test_photos  - 3 text + image/video/audio messages (for testing photo/media content)
Android Tests (5)	UNKNOWN STEP	2026-02-25T19:49:20.3846004Z   test_art     - 0 messages (for testing empty rooms)
Android Tests (5)	UNKNOWN STEP	2026-02-25T19:49:20.3846360Z ✓ Logged in user: @testuser1:test.matrix.local
Android Tests (5)	UNKNOWN STEP	2026-02-25T19:49:20.3846540Z 
Android Tests (5)	UNKNOWN STEP	2026-02-25T19:49:20.3846677Z   📋 Public room directory has 5 room(s):
Android Tests (5)	UNKNOWN STEP	2026-02-25T19:49:20.3846986Z     - test_photos (!QYidNCubPJWQoYyoUm:test.matrix.local)
Android Tests (5)	UNKNOWN STEP	2026-02-25T19:49:20.3847353Z     - test_general (!PyHVMhUaOlfAnmYylt:test.matrix.local)
Android Tests (5)	UNKNOWN STEP	2026-02-25T19:49:20.3847688Z     - test_avatar (!LdliqvsKdDhluDoCCC:test.matrix.local)
Android Tests (5)	UNKNOWN STEP	2026-02-25T19:49:20.3848024Z     - test_art (!BaLbPPgCrAsTzkRgZI:test.matrix.local)
Android Tests (5)	UNKNOWN STEP	2026-02-25T19:49:20.3848361Z     - test_invite_only (!SIiRowkrnWMGUUaGdZ:test.matrix.local)
Android Tests (5)	UNKNOWN STEP	2026-02-25T19:49:20.3848574Z 
Android Tests (5)	UNKNOWN STEP	2026-02-25T19:49:20.4971164Z ##[group]Run reactivecircus/android-emulator-runner@v2
Android Tests (5)	UNKNOWN STEP	2026-02-25T19:49:20.4971647Z with:
Android Tests (5)	UNKNOWN STEP	2026-02-25T19:49:20.4971919Z   api-level: 29
Android Tests (5)	UNKNOWN STEP	2026-02-25T19:49:20.4972200Z   target: default
Android Tests (5)	UNKNOWN STEP	2026-02-25T19:49:20.4972485Z   arch: x86_64
Android Tests (5)	UNKNOWN STEP	2026-02-25T19:49:20.4972775Z   profile: pixel_4
Android Tests (5)	UNKNOWN STEP	2026-02-25T19:49:20.4973055Z   ram-size: 2048M
Android Tests (5)	UNKNOWN STEP	2026-02-25T19:49:20.4973339Z   heap-size: 512M
Android Tests (5)	UNKNOWN STEP	2026-02-25T19:49:20.4973851Z   emulator-options: -no-window -no-audio -no-boot-anim -gpu swiftshader_indirect
Android Tests (5)	UNKNOWN STEP	2026-02-25T19:49:20.4974677Z   emulator-boot-timeout: 900
Android Tests (5)	UNKNOWN STEP	2026-02-25T19:49:20.4975064Z   disable-animations: true
Android Tests (5)	UNKNOWN STEP	2026-02-25T19:49:20.4975593Z   script: ./scripts/test.sh android --no-docker --shard 5 --total-shards 7
Android Tests (5)	UNKNOWN STEP	2026-02-25T19:49:20.4976172Z   cores: 2
Android Tests (5)	UNKNOWN STEP	2026-02-25T19:49:20.4976431Z   avd-name: test
Android Tests (5)	UNKNOWN STEP	2026-02-25T19:49:20.4976768Z   force-avd-creation: true
Android Tests (5)	UNKNOWN STEP	2026-02-25T19:49:20.4977120Z   emulator-port: 5554
Android Tests (5)	UNKNOWN STEP	2026-02-25T19:49:20.4977469Z   disable-spellchecker: false
Android Tests (5)	UNKNOWN STEP	2026-02-25T19:49:20.4977907Z   disable-linux-hw-accel: auto
Android Tests (5)	UNKNOWN STEP	2026-02-25T19:49:20.4978285Z   enable-hw-keyboard: false
Android Tests (5)	UNKNOWN STEP	2026-02-25T19:49:20.4978628Z   channel: stable
Android Tests (5)	UNKNOWN STEP	2026-02-25T19:49:20.4978901Z env:
Android Tests (5)	UNKNOWN STEP	2026-02-25T19:49:20.4979164Z   CACHE_VERSION: v1
Android Tests (5)	UNKNOWN STEP	2026-02-25T19:49:20.4979653Z   JAVA_HOME: /opt/hostedtoolcache/Java_Temurin-Hotspot_jdk/17.0.18-8/x64
Android Tests (5)	UNKNOWN STEP	2026-02-25T19:49:20.4980425Z   JAVA_HOME_17_X64: /opt/hostedtoolcache/Java_Temurin-Hotspot_jdk/17.0.18-8/x64
Android Tests (5)	UNKNOWN STEP	2026-02-25T19:49:20.4981185Z   FLUTTER_ROOT: /opt/hostedtoolcache/flutter/stable-3.41.2-x64
Android Tests (5)	UNKNOWN STEP	2026-02-25T19:49:20.4981740Z   PUB_CACHE: /home/runner/.pub-cache
Android Tests (5)	UNKNOWN STEP	2026-02-25T19:49:20.4982222Z   MATRIX_SERVER: http://localhost:8008
Android Tests (5)	UNKNOWN STEP	2026-02-25T19:49:20.4982676Z   MATRIX_TEST_USER: testuser1
Android Tests (5)	UNKNOWN STEP	2026-02-25T19:49:20.4983063Z   MATRIX_TEST_PASSWORD: testpass123
Android Tests (5)	UNKNOWN STEP	2026-02-25T19:49:20.4983447Z ##[endgroup]
Android Tests (5)	UNKNOWN STEP	2026-02-25T19:49:20.5499910Z ##[group]Configure emulator
Android Tests (5)	UNKNOWN STEP	2026-02-25T19:49:20.5504717Z You're running a Linux VM where hardware acceleration is not available. Please consider using a macOS VM instead to take advantage of native hardware acceleration support provided by HAXM.
Android Tests (5)	UNKNOWN STEP	2026-02-25T19:49:20.5505917Z API level: 29
Android Tests (5)	UNKNOWN STEP	2026-02-25T19:49:20.5506238Z System image API level: 29
Android Tests (5)	UNKNOWN STEP	2026-02-25T19:49:20.5506583Z target: default
Android Tests (5)	UNKNOWN STEP	2026-02-25T19:49:20.5506897Z CPU architecture: x86_64
Android Tests (5)	UNKNOWN STEP	2026-02-25T19:49:20.5507260Z Hardware profile: pixel_4
Android Tests (5)	UNKNOWN STEP	2026-02-25T19:49:20.5507608Z Cores: 2
Android Tests (5)	UNKNOWN STEP	2026-02-25T19:49:20.5507893Z RAM size: 2048M
Android Tests (5)	UNKNOWN STEP	2026-02-25T19:49:20.5508194Z Heap size: 512M
Android Tests (5)	UNKNOWN STEP	2026-02-25T19:49:20.5508537Z SD card path or size: 
Android Tests (5)	UNKNOWN STEP	2026-02-25T19:49:20.5509392Z Disk size: 
Android Tests (5)	UNKNOWN STEP	2026-02-25T19:49:20.5509675Z AVD name: test
Android Tests (5)	UNKNOWN STEP	2026-02-25T19:49:20.5510298Z force avd creation: true
Android Tests (5)	UNKNOWN STEP	2026-02-25T19:49:20.5511439Z Emulator boot timeout: 900
Android Tests (5)	UNKNOWN STEP	2026-02-25T19:49:20.5511891Z emulator port: 5554
Android Tests (5)	UNKNOWN STEP	2026-02-25T19:49:20.5512897Z emulator options: -no-window -no-audio -no-boot-anim -gpu swiftshader_indirect
Android Tests (5)	UNKNOWN STEP	2026-02-25T19:49:20.5513883Z disable animations: true
Android Tests (5)	UNKNOWN STEP	2026-02-25T19:49:20.5514368Z disable spellchecker: false
Android Tests (5)	UNKNOWN STEP	2026-02-25T19:49:20.5515052Z disable Linux hardware acceleration: true
Android Tests (5)	UNKNOWN STEP	2026-02-25T19:49:20.5515521Z enable hardware keyboard: false
Android Tests (5)	UNKNOWN STEP	2026-02-25T19:49:20.5516694Z Channel: 0 (stable)
Android Tests (5)	UNKNOWN STEP	2026-02-25T19:49:20.5518315Z Script:
Android Tests (5)	UNKNOWN STEP	2026-02-25T19:49:20.5518884Z ./scripts/test.sh android --no-docker --shard 5 --total-shards 7
Android Tests (5)	UNKNOWN STEP	2026-02-25T19:49:20.5519452Z Pre emulator launch script:
Android Tests (5)	UNKNOWN STEP	2026-02-25T19:49:20.5520102Z ##[endgroup]
Android Tests (5)	UNKNOWN STEP	2026-02-25T19:49:20.5521956Z ##[group]Install Android SDK
Android Tests (5)	UNKNOWN STEP	2026-02-25T19:49:20.6986498Z [command]/usr/bin/sh -c \yes | sdkmanager --licenses > /dev/null
Android Tests (5)	UNKNOWN STEP	2026-02-25T19:49:31.1671838Z Installing latest build tools, platform tools, and platform.
Android Tests (5)	UNKNOWN STEP	2026-02-25T19:49:31.1689759Z [command]/usr/bin/sh -c \sdkmanager --install 'build-tools;35.0.0' platform-tools 'platforms;android-29'> /dev/null
Android Tests (5)	UNKNOWN STEP	2026-02-25T19:49:36.7833032Z Installing latest emulator.
Android Tests (5)	UNKNOWN STEP	2026-02-25T19:49:36.7848156Z [command]/usr/bin/sh -c \sdkmanager --install emulator --channel=0 > /dev/null
Android Tests (5)	UNKNOWN STEP	2026-02-25T19:49:44.8432953Z Installing system images.
Android Tests (5)	UNKNOWN STEP	2026-02-25T19:49:44.8448145Z [command]/usr/bin/sh -c \sdkmanager --install 'system-images;android-29;default;x86_64' --channel=0 > /dev/null
Android Tests (5)	UNKNOWN STEP	2026-02-25T19:50:33.6244600Z ##[endgroup]
Android Tests (5)	UNKNOWN STEP	2026-02-25T19:50:33.6247344Z ##[group]Create AVD
Android Tests (5)	UNKNOWN STEP	2026-02-25T19:50:33.6248528Z Creating AVD.
Android Tests (5)	UNKNOWN STEP	2026-02-25T19:50:33.6270066Z [command]/usr/bin/sh -c \echo no | avdmanager create avd --force -n test --abi 'default/x86_64' --package 'system-images;android-29;default;x86_64' --device 'pixel_4'
Android Tests (5)	UNKNOWN STEP	2026-02-25T19:50:34.3627574Z Loading local repository...                                                     
Android Tests (5)	UNKNOWN STEP	2026-02-25T19:50:34.3637356Z [=========                              ] 25% Loading local repository...       
Android Tests (5)	UNKNOWN STEP	2026-02-25T19:50:34.3638408Z [=========                              ] 25% Fetch remote repository...        
Android Tests (5)	UNKNOWN STEP	2026-02-25T19:50:34.3639255Z [=======================================] 100% Fetch remote repository...       
Android Tests (5)	UNKNOWN STEP	2026-02-25T19:50:34.8928188Z [command]/usr/bin/sh -c \printf 'hw.cpu.ncore=2\nhw.ramSize=2048M\nhw.heapSize=512M\n' >> /home/runner/.android/avd/test.avd/config.ini
Android Tests (5)	UNKNOWN STEP	2026-02-25T19:50:34.8947491Z ##[endgroup]
Android Tests (5)	UNKNOWN STEP	2026-02-25T19:50:34.8949144Z ##[group]Launch Emulator
Android Tests (5)	UNKNOWN STEP	2026-02-25T19:50:34.8949419Z Disabling Linux hardware acceleration.
Android Tests (5)	UNKNOWN STEP	2026-02-25T19:50:34.8949679Z Starting emulator.
Android Tests (5)	UNKNOWN STEP	2026-02-25T19:50:34.8964688Z [command]/usr/bin/sh -c \/usr/local/lib/android/sdk/emulator/emulator -port 5554 -avd test -no-window -no-audio -no-boot-anim -gpu swiftshader_indirect -accel off &
Android Tests (5)	UNKNOWN STEP	2026-02-25T19:50:34.9080581Z INFO         | Android emulator version 36.4.9.0 (build_id 14788078) (CL:N/A)
Android Tests (5)	UNKNOWN STEP	2026-02-25T19:50:34.9081088Z INFO         | Graphics backend: gfxstream
Android Tests (5)	UNKNOWN STEP	2026-02-25T19:50:34.9081510Z INFO         | Found systemPath /usr/local/lib/android/sdk/system-images/android-29/default/x86_64/
Android Tests (5)	UNKNOWN STEP	2026-02-25T19:50:35.0901938Z ProbeKVM: This user doesn't have permissions to use KVM (/dev/kvm).
Android Tests (5)	UNKNOWN STEP	2026-02-25T19:50:35.0902512Z The KVM line in /etc/group is: [kvm:x:993:]
Android Tests (5)	UNKNOWN STEP	2026-02-25T19:50:35.0902805Z 
Android Tests (5)	UNKNOWN STEP	2026-02-25T19:50:35.0902957Z If the current user has KVM permissions,
Android Tests (5)	UNKNOWN STEP	2026-02-25T19:50:35.0903465Z the KVM line in /etc/group should end with ":" followed by your username.
Android Tests (5)	UNKNOWN STEP	2026-02-25T19:50:35.0903866Z 
Android Tests (5)	UNKNOWN STEP	2026-02-25T19:50:35.0904178Z If we see LINE_NOT_FOUND, the kvm group may need to be created along with permissions:
Android Tests (5)	UNKNOWN STEP	2026-02-25T19:50:35.0904945Z     sudo groupadd -r kvm
Android Tests (5)	UNKNOWN STEP	2026-02-25T19:50:35.0905489Z     # Then ensure /lib/udev/rules.d/50-udev-default.rules contains something like:
Android Tests (5)	UNKNOWN STEP	2026-02-25T19:50:35.0906088Z     # KERNEL=="kvm", GROUP="kvm", MODE="0660"
Android Tests (5)	UNKNOWN STEP	2026-02-25T19:50:35.0906464Z     # and then run:
Android Tests (5)	UNKNOWN STEP	2026-02-25T19:50:35.0906754Z     sudo gpasswd -a $USER kvm
Android Tests (5)	UNKNOWN STEP	2026-02-25T19:50:35.0906971Z 
Android Tests (5)	UNKNOWN STEP	2026-02-25T19:50:35.0907321Z If we see kvm:... but no username at the end, running the following command may allow KVM access:
Android Tests (5)	UNKNOWN STEP	2026-02-25T19:50:35.0907908Z     sudo gpasswd -a $USER kvm
Android Tests (5)	UNKNOWN STEP	2026-02-25T19:50:35.0908143Z 
Android Tests (5)	UNKNOWN STEP	2026-02-25T19:50:35.0908380Z You may need to log out and back in for changes to take effect.
Android Tests (5)	UNKNOWN STEP	2026-02-25T19:50:35.0909200Z 
Android Tests (5)	UNKNOWN STEP	2026-02-25T19:50:35.8503888Z INFO         | Increasing RAM size to 2048MB
Android Tests (5)	UNKNOWN STEP	2026-02-25T19:50:35.8505069Z ##############################################################################
Android Tests (5)	UNKNOWN STEP	2026-02-25T19:50:35.8505767Z ##                        WARNING - ACTION REQUIRED                         ##
Android Tests (5)	UNKNOWN STEP	2026-02-25T19:50:35.8506610Z ##  Consider using the '-metrics-collection' flag to help improve the       ##
Android Tests (5)	UNKNOWN STEP	2026-02-25T19:50:35.8507424Z ##  emulator by sending anonymized usage data. Or use the '-no-metrics'     ##
Android Tests (5)	UNKNOWN STEP	2026-02-25T19:50:35.8507944Z ##  flag to bypass this warning and turn off the metrics collection.        ##
Android Tests (5)	UNKNOWN STEP	2026-02-25T19:50:35.8508370Z ##  In a future release this warning will turn into a one-time blocking     ##
Android Tests (5)	UNKNOWN STEP	2026-02-25T19:50:35.8508813Z ##  prompt to ask for explicit user input regarding metrics collection.     ##
Android Tests (5)	UNKNOWN STEP	2026-02-25T19:50:35.8509176Z ##                                                                          ##
Android Tests (5)	UNKNOWN STEP	2026-02-25T19:50:35.8509562Z ##  Please see '-help-metrics-collection' for more details. You can use     ##
Android Tests (5)	UNKNOWN STEP	2026-02-25T19:50:35.8510267Z ##  '-metrics-to-file' or '-metrics-to-console' flags to see what type of   ##
Android Tests (5)	UNKNOWN STEP	2026-02-25T19:50:35.8510720Z ##  data is being collected by emulator as part of usage statistics.        ##
Android Tests (5)	UNKNOWN STEP	2026-02-25T19:50:35.8511091Z ##############################################################################
Android Tests (5)	UNKNOWN STEP	2026-02-25T19:50:35.8511394Z INFO         | Guest GLES Driver: Auto (ext controls)
Android Tests (5)	UNKNOWN STEP	2026-02-25T19:50:35.8511829Z INFO         | emuglConfig_init: vulkan_mode_selected:swiftshader gles_mode_selected:swiftshader
Android Tests (5)	UNKNOWN STEP	2026-02-25T19:50:35.8512311Z WARNING      | FeatureControl is requesting a non existing feature.
Android Tests (5)	UNKNOWN STEP	2026-02-25T19:50:35.8512665Z INFO         | Checking system compatibility:
Android Tests (5)	UNKNOWN STEP	2026-02-25T19:50:35.8512971Z INFO         |   Checking: hasSufficientDiskSpace
Android Tests (5)	UNKNOWN STEP	2026-02-25T19:50:35.8513316Z INFO         |      Ok: Disk space requirements to run avd: `test` are met
Android Tests (5)	UNKNOWN STEP	2026-02-25T19:50:35.8513644Z INFO         |   Checking: hasSufficientHwGpu
Android Tests (5)	UNKNOWN STEP	2026-02-25T19:50:35.8513965Z INFO         |      Ok: Hardware GPU compatibility checks are not required
Android Tests (5)	UNKNOWN STEP	2026-02-25T19:50:35.8514480Z INFO         |   Checking: hasSufficientSystem
Android Tests (5)	UNKNOWN STEP	2026-02-25T19:50:35.8514880Z INFO         |      Ok: System requirements to run avd: `test` are met
Android Tests (5)	UNKNOWN STEP	2026-02-25T19:50:35.8515279Z WARNING      | x86_64 emulation may not work without hardware acceleration!
Android Tests (5)	UNKNOWN STEP	2026-02-25T19:50:35.8515684Z WARNING      | FeatureControl is requesting a non existing feature.
Android Tests (5)	UNKNOWN STEP	2026-02-25T19:50:35.8516052Z ERROR        | Unable to connect to adb daemon on port: 5037
Android Tests (5)	UNKNOWN STEP	2026-02-25T19:50:35.8516562Z INFO         | Storing crashdata in: /tmp/android-runner/emu-crash-36.4.9.db, detection is enabled for process: 5051
Android Tests (5)	UNKNOWN STEP	2026-02-25T19:50:35.8517036Z INFO         | Initializing gfxstream backend
Android Tests (5)	UNKNOWN STEP	2026-02-25T19:50:35.8517370Z INFO         | android_startOpenglesRenderer: gpu info
Android Tests (5)	UNKNOWN STEP	2026-02-25T19:50:35.8517645Z INFO         | 
Android Tests (5)	UNKNOWN STEP	2026-02-25T19:50:35.8517920Z INFO         | initIcdPaths: ICD set to 'swiftshader', using Swiftshader ICD
Android Tests (5)	UNKNOWN STEP	2026-02-25T19:50:35.8518492Z INFO         | Setting ICD filenames for the loader = /usr/local/lib/android/sdk/emulator/lib64/vulkan/vk_swiftshader_icd.json
Android Tests (5)	UNKNOWN STEP	2026-02-25T19:50:35.8519228Z INFO         | SharedLibrary::open for [/usr/local/lib/android/sdk/emulator/qemu/linux-x86_64/lib64/vulkan/libvulkan.so]
Android Tests (5)	UNKNOWN STEP	2026-02-25T19:50:35.8519911Z INFO         | SharedLibrary::open for [/usr/local/lib/android/sdk/emulator/qemu/linux-x86_64/lib64/vulkan/libvulkan.so.1]
Android Tests (5)	UNKNOWN STEP	2026-02-25T19:50:35.8520692Z INFO         | SharedLibrary::open for [/usr/local/lib/android/sdk/emulator/lib64/vulkan/libvulkan.so]
Android Tests (5)	UNKNOWN STEP	2026-02-25T19:50:35.8521235Z INFO         | Added library: /usr/local/lib/android/sdk/emulator/lib64/vulkan/libvulkan.so
Android Tests (5)	UNKNOWN STEP	2026-02-25T19:50:35.8521721Z INFO         | Selecting Vulkan device: SwiftShader Device (Subzero), Version: 1.3.0
Android Tests (5)	UNKNOWN STEP	2026-02-25T19:50:35.8522099Z INFO         | SharedLibrary::open for [libX11]
Android Tests (5)	UNKNOWN STEP	2026-02-25T19:50:35.8522413Z WARNING      | Could not open libX11.so, try libX11.so.6
Android Tests (5)	UNKNOWN STEP	2026-02-25T19:50:35.8522881Z INFO         | SharedLibrary::open for [libX11.so.6]
Android Tests (5)	UNKNOWN STEP	2026-02-25T19:50:35.8523181Z INFO         | SharedLibrary::open for [libX11-xcb]
Android Tests (5)	UNKNOWN STEP	2026-02-25T19:50:35.8523527Z WARNING      | Could not open libX11-xcb.so, try libX11-xcb.so.1
Android Tests (5)	UNKNOWN STEP	2026-02-25T19:50:35.8523872Z INFO         | SharedLibrary::open for [libX11-xcb.so.1]
Android Tests (5)	UNKNOWN STEP	2026-02-25T19:50:35.8524181Z INFO         | Initializing VkEmulation features:
Android Tests (5)	UNKNOWN STEP	2026-02-25T19:50:35.8524621Z INFO         |     glInteropSupported: false
Android Tests (5)	UNKNOWN STEP	2026-02-25T19:50:35.8524902Z INFO         |     useDeferredCommands: true
Android Tests (5)	UNKNOWN STEP	2026-02-25T19:50:35.8525210Z INFO         |     createResourceWithRequirements: true
Android Tests (5)	UNKNOWN STEP	2026-02-25T19:50:35.8525519Z INFO         |     useVulkanComposition: false
Android Tests (5)	UNKNOWN STEP	2026-02-25T19:50:35.8525799Z INFO         |     useVulkanNativeSwapchain: false
Android Tests (5)	UNKNOWN STEP	2026-02-25T19:50:35.8526089Z INFO         |     enable guestRenderDoc: false
Android Tests (5)	UNKNOWN STEP	2026-02-25T19:50:35.8526367Z INFO         |     ASTC LDR emulation mode: Gpu
Android Tests (5)	UNKNOWN STEP	2026-02-25T19:50:35.8526641Z INFO         |     enable ETC2 emulation: true
Android Tests (5)	UNKNOWN STEP	2026-02-25T19:50:35.8526924Z INFO         |     enable Ycbcr emulation: false
Android Tests (5)	UNKNOWN STEP	2026-02-25T19:50:35.8527201Z INFO         |     guestVulkanOnly: false
Android Tests (5)	UNKNOWN STEP	2026-02-25T19:50:35.8527567Z INFO         |     useDedicatedAllocations: false
Android Tests (5)	UNKNOWN STEP	2026-02-25T19:50:35.8527884Z INFO         | Graphics Adapter Vendor Google (Google Inc.)
Android Tests (5)	UNKNOWN STEP	2026-02-25T19:50:35.8528303Z INFO         | Graphics Adapter Android Emulator OpenGL ES Translator (Google SwiftShader)
Android Tests (5)	UNKNOWN STEP	2026-02-25T19:50:35.8528785Z INFO         | Graphics API Version OpenGL ES 3.0 (OpenGL ES 3.0 SwiftShader 4.0.0.1)
Android Tests (5)	UNKNOWN STEP	2026-02-25T19:50:35.8699012Z INFO         | Graphics API Extensions GL_OES_EGL_sync GL_OES_EGL_image GL_OES_EGL_image_external GL_OES_depth24 GL_OES_depth32 GL_OES_element_index_uint GL_OESWARNING: cannnot unmap ptr 0x7f6edc201000 as it is in the protected range from 0x7f6e5c200000 to 0x7f6edc400000
Android Tests (5)	UNKNOWN STEP	2026-02-25T19:50:35.8833484Z _texture_float GL_OES_texture_float_linear GL_OES_compressed_paletted_texture GL_OES_compressed_ETC1_RGB8_texture GL_OES_depth_texture GL_OES_texture_half_float GL_OES_texture_half_float_linear GL_OES_packed_depth_stencil GL_OES_vertex_half_float GL_OES_standard_derivatives GL_OES_texture_npot GL_OES_rgb8_rgba8 GL_EXT_color_buffer_float GL_EXT_color_buffer_half_float GL_EXT_texture_format_BGRA8888 GL_APPLE_texture_format_BGRA8888 
Android Tests (5)	UNKNOWN STEP	2026-02-25T19:50:35.8835759Z INFO         | Graphics Device Extensions N/A
Android Tests (5)	UNKNOWN STEP	2026-02-25T19:50:35.8836149Z INFO         | Disabling sparse binding feature support
Android Tests (5)	UNKNOWN STEP	2026-02-25T19:50:35.8836526Z INFO         | Userspace boot properties:
Android Tests (5)	UNKNOWN STEP	2026-02-25T19:50:35.8836858Z INFO         |   android.bootanim=0
Android Tests (5)	UNKNOWN STEP	2026-02-25T19:50:35.8837163Z INFO         |   android.qemud=1
Android Tests (5)	UNKNOWN STEP	2026-02-25T19:50:35.8837605Z INFO         |   androidboot.boot_devices=pci0000:00/0000:00:03.0 pci0000:00/0000:00:06.0
Android Tests (5)	UNKNOWN STEP	2026-02-25T19:50:35.8838067Z INFO         |   androidboot.hardware=ranchu
Android Tests (5)	UNKNOWN STEP	2026-02-25T19:50:35.8838422Z INFO         |   androidboot.hardware.vulkan=ranchu
Android Tests (5)	UNKNOWN STEP	2026-02-25T19:50:35.8838800Z INFO         |   androidboot.serialno=EMULATOR36X4X9X0
Android Tests (5)	UNKNOWN STEP	2026-02-25T19:50:35.8839375Z INFO         |   androidboot.vbmeta.digest=0893f0f3bac935802e7658f39b766acd7344cd0553606784a98cb6a38c2a8629
Android Tests (5)	UNKNOWN STEP	2026-02-25T19:50:35.8839933Z INFO         |   androidboot.vbmeta.hash_alg=sha256
Android Tests (5)	UNKNOWN STEP	2026-02-25T19:50:35.8840282Z INFO         |   androidboot.vbmeta.size=4352
Android Tests (5)	UNKNOWN STEP	2026-02-25T19:50:35.8840583Z INFO         |   qemu=1
Android Tests (5)	UNKNOWN STEP	2026-02-25T19:50:35.8840825Z INFO         |   qemu.avd_name=test
Android Tests (5)	UNKNOWN STEP	2026-02-25T19:50:35.8841141Z INFO         |   qemu.camera_hq_edge_processing=0
Android Tests (5)	UNKNOWN STEP	2026-02-25T19:50:35.8841483Z INFO         |   qemu.dalvik.vm.heapsize=512m
Android Tests (5)	UNKNOWN STEP	2026-02-25T19:50:35.8841795Z INFO         |   qemu.encrypt=1
Android Tests (5)	UNKNOWN STEP	2026-02-25T19:50:35.8842066Z INFO         |   qemu.gles=1
Android Tests (5)	UNKNOWN STEP	2026-02-25T19:50:35.8842337Z INFO         |   qemu.gltransport=pipe
Android Tests (5)	UNKNOWN STEP	2026-02-25T19:50:35.8842681Z INFO         |   qemu.gltransport.drawFlushInterval=800
Android Tests (5)	UNKNOWN STEP	2026-02-25T19:50:35.8843046Z INFO         |   qemu.opengles.version=196608
Android Tests (5)	UNKNOWN STEP	2026-02-25T19:50:35.8843429Z INFO         |   qemu.settings.system.screen_off_timeout=2147483647
Android Tests (5)	UNKNOWN STEP	2026-02-25T19:50:35.8844001Z INFO         |   qemu.skin=1080x2280
Android Tests (5)	UNKNOWN STEP	2026-02-25T19:50:35.8844439Z INFO         |   qemu.uirenderer=skiagl
Android Tests (5)	UNKNOWN STEP	2026-02-25T19:50:35.8844742Z INFO         |   qemu.vsync=60
Android Tests (5)	UNKNOWN STEP	2026-02-25T19:50:35.8845005Z INFO         |   qemu.wifi=1
Android Tests (5)	UNKNOWN STEP	2026-02-25T19:50:35.8845369Z TCG doesn't support requested feature: CPUID.01H:ECX.avx [bit 28]
Android Tests (5)	UNKNOWN STEP	2026-02-25T19:50:35.8845849Z TCG doesn't support requested feature: CPUID.01H:ECX.f16c [bit 29]
Android Tests (5)	UNKNOWN STEP	2026-02-25T19:50:35.8846309Z TCG doesn't support requested feature: CPUID.01H:ECX.avx [bit 28]
Android Tests (5)	UNKNOWN STEP	2026-02-25T19:50:35.8846761Z TCG doesn't support requested feature: CPUID.01H:ECX.f16c [bit 29]
Android Tests (5)	UNKNOWN STEP	2026-02-25T19:50:35.8847113Z INFO         | Monitoring duration of emulator setup.
Android Tests (5)	UNKNOWN STEP	2026-02-25T19:50:35.8980703Z INFO         | Setting display: 0 configuration to: 1080x2280, dpi: 440x440 
Android Tests (5)	UNKNOWN STEP	2026-02-25T19:50:35.8981393Z INFO         | setDisplayActiveConfig 0
Android Tests (5)	UNKNOWN STEP	2026-02-25T19:50:35.9069245Z INFO         | Loading snapshot 'default_boot'...
Android Tests (5)	UNKNOWN STEP	2026-02-25T19:50:35.9070744Z WARNING      | Failed to process .ini file /home/runner/.android/emu-update-last-check.ini for reading.
Android Tests (5)	UNKNOWN STEP	2026-02-25T19:50:35.9191932Z WARNING      | Device 'cache' does not have the requested snapshot 'default_boot'
Android Tests (5)	UNKNOWN STEP	2026-02-25T19:50:35.9192831Z 
Android Tests (5)	UNKNOWN STEP	2026-02-25T19:50:35.9193088Z WARNING      | Failed to load snapshot 'default_boot'
Android Tests (5)	UNKNOWN STEP	2026-02-25T19:50:35.9194615Z USER_INFO    | The emulator is performing a cold boot without a saved state because there's no snapshot and you have configured it not to save on exit.
Android Tests (5)	UNKNOWN STEP	2026-02-25T19:50:36.6669702Z WARNING      | Failed to process .ini file /home/runner/.android/emu-update-last-check.ini for reading.
Android Tests (5)	UNKNOWN STEP	2026-02-25T19:50:44.9021985Z [command]/usr/local/lib/android/sdk/platform-tools/adb -s emulator-5554 shell getprop sys.boot_completed
Android Tests (5)	UNKNOWN STEP	2026-02-25T19:50:44.9397143Z * daemon not running; starting now at tcp:5037
Android Tests (5)	UNKNOWN STEP	2026-02-25T19:50:45.1965712Z * daemon started successfully
Android Tests (5)	UNKNOWN STEP	2026-02-25T19:50:45.3187761Z adb: device offline
Android Tests (5)	UNKNOWN STEP	2026-02-25T19:50:45.3195397Z The process '/usr/local/lib/android/sdk/platform-tools/adb' failed with exit code 1
Android Tests (5)	UNKNOWN STEP	2026-02-25T19:50:47.3239572Z [command]/usr/local/lib/android/sdk/platform-tools/adb -s emulator-5554 shell getprop sys.boot_completed
Android Tests (5)	UNKNOWN STEP	2026-02-25T19:50:47.3268646Z adb: device offline
Android Tests (5)	UNKNOWN STEP	2026-02-25T19:50:47.3275474Z The process '/usr/local/lib/android/sdk/platform-tools/adb' failed with exit code 1
Android Tests (5)	UNKNOWN STEP	2026-02-25T19:50:49.3317589Z [command]/usr/local/lib/android/sdk/platform-tools/adb -s emulator-5554 shell getprop sys.boot_completed
Android Tests (5)	UNKNOWN STEP	2026-02-25T19:50:49.3349540Z adb: device offline
Android Tests (5)	UNKNOWN STEP	2026-02-25T19:50:49.3354768Z The process '/usr/local/lib/android/sdk/platform-tools/adb' failed with exit code 1
Android Tests (5)	UNKNOWN STEP	2026-02-25T19:50:51.3396069Z [command]/usr/local/lib/android/sdk/platform-tools/adb -s emulator-5554 shell getprop sys.boot_completed
Android Tests (5)	UNKNOWN STEP	2026-02-25T19:50:51.3426003Z adb: device offline
Android Tests (5)	UNKNOWN STEP	2026-02-25T19:50:51.3431564Z The process '/usr/local/lib/android/sdk/platform-tools/adb' failed with exit code 1
Android Tests (5)	UNKNOWN STEP	2026-02-25T19:50:53.3476823Z [command]/usr/local/lib/android/sdk/platform-tools/adb -s emulator-5554 shell getprop sys.boot_completed
Android Tests (5)	UNKNOWN STEP	2026-02-25T19:50:53.3506099Z adb: device offline
Android Tests (5)	UNKNOWN STEP	2026-02-25T19:50:53.3510683Z The process '/usr/local/lib/android/sdk/platform-tools/adb' failed with exit code 1
Android Tests (5)	UNKNOWN STEP	2026-02-25T19:50:55.3549935Z [command]/usr/local/lib/android/sdk/platform-tools/adb -s emulator-5554 shell getprop sys.boot_completed
Android Tests (5)	UNKNOWN STEP	2026-02-25T19:50:55.3576919Z adb: device offline
Android Tests (5)	UNKNOWN STEP	2026-02-25T19:50:55.3581481Z The process '/usr/local/lib/android/sdk/platform-tools/adb' failed with exit code 1
Android Tests (5)	UNKNOWN STEP	2026-02-25T19:50:57.3621141Z [command]/usr/local/lib/android/sdk/platform-tools/adb -s emulator-5554 shell getprop sys.boot_completed
Android Tests (5)	UNKNOWN STEP	2026-02-25T19:50:57.3651050Z adb: device offline
Android Tests (5)	UNKNOWN STEP	2026-02-25T19:50:57.3656673Z The process '/usr/local/lib/android/sdk/platform-tools/adb' failed with exit code 1
Android Tests (5)	UNKNOWN STEP	2026-02-25T19:50:59.3701925Z [command]/usr/local/lib/android/sdk/platform-tools/adb -s emulator-5554 shell getprop sys.boot_completed
Android Tests (5)	UNKNOWN STEP	2026-02-25T19:50:59.3729686Z adb: device offline
Android Tests (5)	UNKNOWN STEP	2026-02-25T19:50:59.3734189Z The process '/usr/local/lib/android/sdk/platform-tools/adb' failed with exit code 1
Android Tests (5)	UNKNOWN STEP	2026-02-25T19:51:01.3775771Z [command]/usr/local/lib/android/sdk/platform-tools/adb -s emulator-5554 shell getprop sys.boot_completed
Android Tests (5)	UNKNOWN STEP	2026-02-25T19:51:01.3805460Z adb: device offline
Android Tests (5)	UNKNOWN STEP	2026-02-25T19:51:01.3810762Z The process '/usr/local/lib/android/sdk/platform-tools/adb' failed with exit code 1
Android Tests (5)	UNKNOWN STEP	2026-02-25T19:51:03.3850507Z [command]/usr/local/lib/android/sdk/platform-tools/adb -s emulator-5554 shell getprop sys.boot_completed
Android Tests (5)	UNKNOWN STEP	2026-02-25T19:51:03.3879608Z adb: device offline
Android Tests (5)	UNKNOWN STEP	2026-02-25T19:51:03.3884418Z The process '/usr/local/lib/android/sdk/platform-tools/adb' failed with exit code 1
Android Tests (5)	UNKNOWN STEP	2026-02-25T19:51:05.3929750Z [command]/usr/local/lib/android/sdk/platform-tools/adb -s emulator-5554 shell getprop sys.boot_completed
Android Tests (5)	UNKNOWN STEP	2026-02-25T19:51:05.3957381Z adb: device offline
Android Tests (5)	UNKNOWN STEP	2026-02-25T19:51:05.3962712Z The process '/usr/local/lib/android/sdk/platform-tools/adb' failed with exit code 1
Android Tests (5)	UNKNOWN STEP	2026-02-25T19:51:07.4003954Z [command]/usr/local/lib/android/sdk/platform-tools/adb -s emulator-5554 shell getprop sys.boot_completed
Android Tests (5)	UNKNOWN STEP	2026-02-25T19:51:07.4033780Z adb: device offline
Android Tests (5)	UNKNOWN STEP	2026-02-25T19:51:07.4038769Z The process '/usr/local/lib/android/sdk/platform-tools/adb' failed with exit code 1
Android Tests (5)	UNKNOWN STEP	2026-02-25T19:51:09.4075225Z [command]/usr/local/lib/android/sdk/platform-tools/adb -s emulator-5554 shell getprop sys.boot_completed
Android Tests (5)	UNKNOWN STEP	2026-02-25T19:51:09.4106290Z adb: device offline
Android Tests (5)	UNKNOWN STEP	2026-02-25T19:51:09.4109937Z The process '/usr/local/lib/android/sdk/platform-tools/adb' failed with exit code 1
Android Tests (5)	UNKNOWN STEP	2026-02-25T19:51:11.4154605Z [command]/usr/local/lib/android/sdk/platform-tools/adb -s emulator-5554 shell getprop sys.boot_completed
Android Tests (5)	UNKNOWN STEP	2026-02-25T19:51:13.7174870Z 
Android Tests (5)	UNKNOWN STEP	2026-02-25T19:51:15.7420132Z [command]/usr/local/lib/android/sdk/platform-tools/adb -s emulator-5554 shell getprop sys.boot_completed
Android Tests (5)	UNKNOWN STEP	2026-02-25T19:51:19.9228305Z 
Android Tests (5)	UNKNOWN STEP	2026-02-25T19:51:21.9538135Z [command]/usr/local/lib/android/sdk/platform-tools/adb -s emulator-5554 shell getprop sys.boot_completed
Android Tests (5)	UNKNOWN STEP	2026-02-25T19:51:23.6347344Z 
Android Tests (5)	UNKNOWN STEP	2026-02-25T19:51:25.7073377Z [command]/usr/local/lib/android/sdk/platform-tools/adb -s emulator-5554 shell getprop sys.boot_completed
Android Tests (5)	UNKNOWN STEP	2026-02-25T19:51:26.4244128Z 
Android Tests (5)	UNKNOWN STEP	2026-02-25T19:51:28.4707108Z [command]/usr/local/lib/android/sdk/platform-tools/adb -s emulator-5554 shell getprop sys.boot_completed
Android Tests (5)	UNKNOWN STEP	2026-02-25T19:51:28.9934163Z 
Android Tests (5)	UNKNOWN STEP	2026-02-25T19:51:31.0035922Z [command]/usr/local/lib/android/sdk/platform-tools/adb -s emulator-5554 shell getprop sys.boot_completed
Android Tests (5)	UNKNOWN STEP	2026-02-25T19:51:31.3376169Z 
Android Tests (5)	UNKNOWN STEP	2026-02-25T19:51:33.3526438Z [command]/usr/local/lib/android/sdk/platform-tools/adb -s emulator-5554 shell getprop sys.boot_completed
Android Tests (5)	UNKNOWN STEP	2026-02-25T19:51:33.6240804Z 
Android Tests (5)	UNKNOWN STEP	2026-02-25T19:51:35.6364370Z [command]/usr/local/lib/android/sdk/platform-tools/adb -s emulator-5554 shell getprop sys.boot_completed
Android Tests (5)	UNKNOWN STEP	2026-02-25T19:51:35.9194590Z 
Android Tests (5)	UNKNOWN STEP	2026-02-25T19:51:37.9265068Z [command]/usr/local/lib/android/sdk/platform-tools/adb -s emulator-5554 shell getprop sys.boot_completed
Android Tests (5)	UNKNOWN STEP	2026-02-25T19:51:38.3579897Z 
Android Tests (5)	UNKNOWN STEP	2026-02-25T19:51:40.3626768Z [command]/usr/local/lib/android/sdk/platform-tools/adb -s emulator-5554 shell getprop sys.boot_completed
Android Tests (5)	UNKNOWN STEP	2026-02-25T19:51:40.7003004Z 
Android Tests (5)	UNKNOWN STEP	2026-02-25T19:51:42.7459081Z [command]/usr/local/lib/android/sdk/platform-tools/adb -s emulator-5554 shell getprop sys.boot_completed
Android Tests (5)	UNKNOWN STEP	2026-02-25T19:51:43.3059045Z 
Android Tests (5)	UNKNOWN STEP	2026-02-25T19:51:45.3294508Z [command]/usr/local/lib/android/sdk/platform-tools/adb -s emulator-5554 shell getprop sys.boot_completed
Android Tests (5)	UNKNOWN STEP	2026-02-25T19:51:45.7150979Z 
Android Tests (5)	UNKNOWN STEP	2026-02-25T19:51:47.7571207Z [command]/usr/local/lib/android/sdk/platform-tools/adb -s emulator-5554 shell getprop sys.boot_completed
Android Tests (5)	UNKNOWN STEP	2026-02-25T19:51:48.0581939Z 
Android Tests (5)	UNKNOWN STEP	2026-02-25T19:51:50.0629592Z [command]/usr/local/lib/android/sdk/platform-tools/adb -s emulator-5554 shell getprop sys.boot_completed
Android Tests (5)	UNKNOWN STEP	2026-02-25T19:51:50.6490851Z 
Android Tests (5)	UNKNOWN STEP	2026-02-25T19:51:52.6536013Z [command]/usr/local/lib/android/sdk/platform-tools/adb -s emulator-5554 shell getprop sys.boot_completed
Android Tests (5)	UNKNOWN STEP	2026-02-25T19:51:53.3365897Z 
Android Tests (5)	UNKNOWN STEP	2026-02-25T19:51:55.3584574Z [command]/usr/local/lib/android/sdk/platform-tools/adb -s emulator-5554 shell getprop sys.boot_completed
Android Tests (5)	UNKNOWN STEP	2026-02-25T19:51:55.8231136Z 
Android Tests (5)	UNKNOWN STEP	2026-02-25T19:51:57.8447122Z [command]/usr/local/lib/android/sdk/platform-tools/adb -s emulator-5554 shell getprop sys.boot_completed
Android Tests (5)	UNKNOWN STEP	2026-02-25T19:51:58.7746812Z 
Android Tests (5)	UNKNOWN STEP	2026-02-25T19:52:00.7958503Z [command]/usr/local/lib/android/sdk/platform-tools/adb -s emulator-5554 shell getprop sys.boot_completed
Android Tests (5)	UNKNOWN STEP	2026-02-25T19:52:01.2177394Z 
Android Tests (5)	UNKNOWN STEP	2026-02-25T19:52:03.2222602Z [command]/usr/local/lib/android/sdk/platform-tools/adb -s emulator-5554 shell getprop sys.boot_completed
Android Tests (5)	UNKNOWN STEP	2026-02-25T19:52:03.6464194Z 
Android Tests (5)	UNKNOWN STEP	2026-02-25T19:52:05.6491354Z [command]/usr/local/lib/android/sdk/platform-tools/adb -s emulator-5554 shell getprop sys.boot_completed
Android Tests (5)	UNKNOWN STEP	2026-02-25T19:52:05.9974605Z 
Android Tests (5)	UNKNOWN STEP	2026-02-25T19:52:08.0019549Z [command]/usr/local/lib/android/sdk/platform-tools/adb -s emulator-5554 shell getprop sys.boot_completed
Android Tests (5)	UNKNOWN STEP	2026-02-25T19:52:08.5451458Z 
Android Tests (5)	UNKNOWN STEP	2026-02-25T19:52:10.5493296Z [command]/usr/local/lib/android/sdk/platform-tools/adb -s emulator-5554 shell getprop sys.boot_completed
Android Tests (5)	UNKNOWN STEP	2026-02-25T19:52:10.9080640Z 
Android Tests (5)	UNKNOWN STEP	2026-02-25T19:52:12.9128008Z [command]/usr/local/lib/android/sdk/platform-tools/adb -s emulator-5554 shell getprop sys.boot_completed
Android Tests (5)	UNKNOWN STEP	2026-02-25T19:52:13.8461913Z 
Android Tests (5)	UNKNOWN STEP	2026-02-25T19:52:15.8508676Z [command]/usr/local/lib/android/sdk/platform-tools/adb -s emulator-5554 shell getprop sys.boot_completed
Android Tests (5)	UNKNOWN STEP	2026-02-25T19:52:16.3395234Z 
Android Tests (5)	UNKNOWN STEP	2026-02-25T19:52:18.3560005Z [command]/usr/local/lib/android/sdk/platform-tools/adb -s emulator-5554 shell getprop sys.boot_completed
Android Tests (5)	UNKNOWN STEP	2026-02-25T19:52:19.2289636Z 
Android Tests (5)	UNKNOWN STEP	2026-02-25T19:52:21.2338824Z [command]/usr/local/lib/android/sdk/platform-tools/adb -s emulator-5554 shell getprop sys.boot_completed
Android Tests (5)	UNKNOWN STEP	2026-02-25T19:52:22.3070078Z 
Android Tests (5)	UNKNOWN STEP	2026-02-25T19:52:24.3326956Z [command]/usr/local/lib/android/sdk/platform-tools/adb -s emulator-5554 shell getprop sys.boot_completed
Android Tests (5)	UNKNOWN STEP	2026-02-25T19:52:25.5536500Z 
Android Tests (5)	UNKNOWN STEP	2026-02-25T19:52:27.5588737Z [command]/usr/local/lib/android/sdk/platform-tools/adb -s emulator-5554 shell getprop sys.boot_completed
Android Tests (5)	UNKNOWN STEP	2026-02-25T19:52:28.9624894Z 
Android Tests (5)	UNKNOWN STEP	2026-02-25T19:52:30.9794201Z [command]/usr/local/lib/android/sdk/platform-tools/adb -s emulator-5554 shell getprop sys.boot_completed
Android Tests (5)	UNKNOWN STEP	2026-02-25T19:52:32.5495558Z 
Android Tests (5)	UNKNOWN STEP	2026-02-25T19:52:34.5789598Z [command]/usr/local/lib/android/sdk/platform-tools/adb -s emulator-5554 shell getprop sys.boot_completed
Android Tests (5)	UNKNOWN STEP	2026-02-25T19:52:35.3758313Z 
Android Tests (5)	UNKNOWN STEP	2026-02-25T19:52:37.3989131Z [command]/usr/local/lib/android/sdk/platform-tools/adb -s emulator-5554 shell getprop sys.boot_completed
Android Tests (5)	UNKNOWN STEP	2026-02-25T19:52:38.4592794Z 
Android Tests (5)	UNKNOWN STEP	2026-02-25T19:52:40.4640932Z [command]/usr/local/lib/android/sdk/platform-tools/adb -s emulator-5554 shell getprop sys.boot_completed
Android Tests (5)	UNKNOWN STEP	2026-02-25T19:52:42.0346548Z 
Android Tests (5)	UNKNOWN STEP	2026-02-25T19:52:44.0712333Z [command]/usr/local/lib/android/sdk/platform-tools/adb -s emulator-5554 shell getprop sys.boot_completed
Android Tests (5)	UNKNOWN STEP	2026-02-25T19:52:45.3566905Z 
Android Tests (5)	UNKNOWN STEP	2026-02-25T19:52:47.3614427Z [command]/usr/local/lib/android/sdk/platform-tools/adb -s emulator-5554 shell getprop sys.boot_completed
Android Tests (5)	UNKNOWN STEP	2026-02-25T19:52:48.6959520Z 
Android Tests (5)	UNKNOWN STEP	2026-02-25T19:52:50.7528685Z [command]/usr/local/lib/android/sdk/platform-tools/adb -s emulator-5554 shell getprop sys.boot_completed
Android Tests (5)	UNKNOWN STEP	2026-02-25T19:52:51.8461624Z 
Android Tests (5)	UNKNOWN STEP	2026-02-25T19:52:53.8717355Z [command]/usr/local/lib/android/sdk/platform-tools/adb -s emulator-5554 shell getprop sys.boot_completed
Android Tests (5)	UNKNOWN STEP	2026-02-25T19:52:56.4085036Z 1
Android Tests (5)	UNKNOWN STEP	2026-02-25T19:52:56.4973881Z Emulator booted.
Android Tests (5)	UNKNOWN STEP	2026-02-25T19:52:56.4989413Z [command]/usr/local/lib/android/sdk/platform-tools/adb -s emulator-5554 shell input keyevent 82
Android Tests (5)	UNKNOWN STEP	2026-02-25T19:53:03.9970129Z INFO         | Boot completed in 149067 ms
Android Tests (5)	UNKNOWN STEP	2026-02-25T19:53:03.9975137Z INFO         | Increasing screen off timeout, logcat buffer size to 2M.
Android Tests (5)	UNKNOWN STEP	2026-02-25T19:53:17.9966726Z Disabling animations.
Android Tests (5)	UNKNOWN STEP	2026-02-25T19:53:17.9987049Z [command]/usr/local/lib/android/sdk/platform-tools/adb -s emulator-5554 shell settings put global window_animation_scale 0.0
Android Tests (5)	UNKNOWN STEP	2026-02-25T19:53:20.0091511Z [command]/usr/local/lib/android/sdk/platform-tools/adb -s emulator-5554 shell settings put global transition_animation_scale 0.0
Android Tests (5)	UNKNOWN STEP	2026-02-25T19:53:22.5148496Z [command]/usr/local/lib/android/sdk/platform-tools/adb -s emulator-5554 shell settings put global animator_duration_scale 0.0
Android Tests (5)	UNKNOWN STEP	2026-02-25T19:53:28.3627443Z ##[endgroup]
Android Tests (5)	UNKNOWN STEP	2026-02-25T19:53:28.3651902Z [command]/usr/bin/sh -c ./scripts/test.sh android --no-docker --shard 5 --total-shards 7
Android Tests (5)	UNKNOWN STEP	2026-02-25T19:53:28.3760562Z [1m
Android Tests (5)	UNKNOWN STEP	2026-02-25T19:53:28.3761218Z   Substitution Test Runner
Android Tests (5)	UNKNOWN STEP	2026-02-25T19:53:28.3772285Z   2026-02-25 19:53:28
Android Tests (5)	UNKNOWN STEP	2026-02-25T19:53:28.3773087Z   Targets: android
Android Tests (5)	UNKNOWN STEP	2026-02-25T19:53:28.3773721Z [0m
Android Tests (5)	UNKNOWN STEP	2026-02-25T19:53:28.3779790Z [0;34m[INFO][0m Fetching Flutter dependencies...
Android Tests (5)	UNKNOWN STEP	2026-02-25T19:53:29.4805964Z   unorm_dart 0.2.0 (0.3.2 available)
Android Tests (5)	UNKNOWN STEP	2026-02-25T19:53:29.4808809Z   win32 5.15.0 (6.0.0 available)
Android Tests (5)	UNKNOWN STEP	2026-02-25T19:53:29.4809248Z Got dependencies!
Android Tests (5)	UNKNOWN STEP	2026-02-25T19:53:29.4809820Z 7 packages have newer versions incompatible with dependency constraints.
Android Tests (5)	UNKNOWN STEP	2026-02-25T19:53:29.4810526Z Try `flutter pub outdated` for more information.
Android Tests (5)	UNKNOWN STEP	2026-02-25T19:53:29.4811368Z [0;32m[OK][0m Dependencies fetched
Android Tests (5)	UNKNOWN STEP	2026-02-25T19:53:29.4826188Z [0;34m[INFO][0m Target: android
Android Tests (5)	UNKNOWN STEP	2026-02-25T19:53:29.4826852Z 
Android Tests (5)	UNKNOWN STEP	2026-02-25T19:53:29.4827815Z [1m━━━ Android Tests (Emulator) ━━━[0m
Android Tests (5)	UNKNOWN STEP	2026-02-25T19:53:29.4828161Z 
Android Tests (5)	UNKNOWN STEP	2026-02-25T19:53:29.4869098Z [0;34m[INFO][0m Starting Xvfb virtual display...
Android Tests (5)	UNKNOWN STEP	2026-02-25T19:53:31.4911759Z [0;34m[INFO][0m Detected an already running Android device/emulator. Skipping start.
Android Tests (5)	UNKNOWN STEP	2026-02-25T19:53:31.4913069Z [0;34m[INFO][0m Waiting for emulator boot (timeout: 900s)...
Android Tests (5)	UNKNOWN STEP	2026-02-25T19:53:36.8198023Z [0;32m[OK][0m Emulator is ready
Android Tests (5)	UNKNOWN STEP	2026-02-25T19:53:36.8229544Z [0;34m[INFO][0m Running integration tests on Android (timeout: 2400s)...
Android Tests (5)	UNKNOWN STEP	2026-02-25T19:53:42.3618473Z -j/--concurrency was parsed but will be ignored, this option is not supported when running Integration Tests or web tests.
Android Tests (5)	UNKNOWN STEP	2026-02-25T19:53:42.7907019Z 00:00 +0: loading /home/runner/work/substitution/substitution/integration_test/refresh_logic_test.dart
Android Tests (5)	UNKNOWN STEP	2026-02-25T19:59:26.6527433Z Running Gradle task 'assembleDebug'...                          
Android Tests (5)	UNKNOWN STEP	2026-02-25T19:59:26.6528651Z Checking the license for package NDK (Side by side) 27.0.12077973 in /usr/local/lib/android/sdk/licenses
Android Tests (5)	UNKNOWN STEP	2026-02-25T19:59:26.6531660Z License for package NDK (Side by side) 27.0.12077973 accepted.
Android Tests (5)	UNKNOWN STEP	2026-02-25T19:59:26.6535032Z Preparing "Install NDK (Side by side) 27.0.12077973 v.27.0.12077973".
Android Tests (5)	UNKNOWN STEP	2026-02-25T19:59:39.2495409Z "Install NDK (Side by side) 27.0.12077973 v.27.0.12077973" ready.
Android Tests (5)	UNKNOWN STEP	2026-02-25T19:59:39.2496829Z Installing NDK (Side by side) 27.0.12077973 in /usr/local/lib/android/sdk/ndk/27.0.12077973
Android Tests (5)	UNKNOWN STEP	2026-02-25T19:59:39.2497683Z "Install NDK (Side by side) 27.0.12077973 v.27.0.12077973" complete.
Android Tests (5)	UNKNOWN STEP	2026-02-25T19:59:39.4496216Z "Install NDK (Side by side) 27.0.12077973 v.27.0.12077973" finished.
Android Tests (5)	UNKNOWN STEP	2026-02-25T20:00:37.8461223Z Checking the license for package Android SDK Platform 33 in /usr/local/lib/android/sdk/licenses
Android Tests (5)	UNKNOWN STEP	2026-02-25T20:00:37.8462504Z License for package Android SDK Platform 33 accepted.
Android Tests (5)	UNKNOWN STEP	2026-02-25T20:00:37.8463123Z Preparing "Install Android SDK Platform 33 (revision 3)".
Android Tests (5)	UNKNOWN STEP	2026-02-25T20:00:39.8486383Z "Install Android SDK Platform 33 (revision 3)" ready.
Android Tests (5)	UNKNOWN STEP	2026-02-25T20:00:39.8487236Z Installing Android SDK Platform 33 in /usr/local/lib/android/sdk/platforms/android-33
Android Tests (5)	UNKNOWN STEP	2026-02-25T20:00:39.8488018Z "Install Android SDK Platform 33 (revision 3)" complete.
Android Tests (5)	UNKNOWN STEP	2026-02-25T20:00:39.8488596Z "Install Android SDK Platform 33 (revision 3)" finished.
Android Tests (5)	UNKNOWN STEP	2026-02-25T20:04:15.1468905Z Checking the license for package CMake 3.22.1 in /usr/local/lib/android/sdk/licenses
Android Tests (5)	UNKNOWN STEP	2026-02-25T20:04:15.1492106Z License for package CMake 3.22.1 accepted.
Android Tests (5)	UNKNOWN STEP	2026-02-25T20:04:15.1492822Z Preparing "Install CMake 3.22.1 v.3.22.1".
Android Tests (5)	UNKNOWN STEP	2026-02-25T20:04:16.3463499Z "Install CMake 3.22.1 v.3.22.1" ready.
Android Tests (5)	UNKNOWN STEP	2026-02-25T20:04:16.3464098Z Installing CMake 3.22.1 in /usr/local/lib/android/sdk/cmake/3.22.1
Android Tests (5)	UNKNOWN STEP	2026-02-25T20:04:16.3466176Z "Install CMake 3.22.1 v.3.22.1" complete.
Android Tests (5)	UNKNOWN STEP	2026-02-25T20:04:16.3468789Z "Install CMake 3.22.1 v.3.22.1" finished.
Android Tests (5)	UNKNOWN STEP	2026-02-25T20:04:56.5663489Z Running Gradle task 'assembleDebug'...                            673.6s
Android Tests (5)	UNKNOWN STEP	2026-02-25T20:04:57.4722005Z ✓ Built build/app/outputs/flutter-apk/app-debug.apk
Android Tests (5)	UNKNOWN STEP	2026-02-25T20:05:12.6560466Z Installing build/app/outputs/flutter-apk/app-debug.apk...          14.3s
Android Tests (5)	UNKNOWN STEP	2026-02-25T20:05:42.8013278Z 00:00 +0 -1: loading /home/runner/work/substitution/substitution/integration_test/refresh_logic_test.dart [E]
Android Tests (5)	UNKNOWN STEP	2026-02-25T20:05:42.8016895Z   TimeoutException after 0:12:00.000000: Test timed out after 12 minutes.
Android Tests (5)	UNKNOWN STEP	2026-02-25T20:05:42.8195725Z   package:test_api/src/backend/invoker.dart 398:28  Invoker._handleError.<fn>
Android Tests (5)	UNKNOWN STEP	2026-02-25T20:05:42.8196407Z   dart:async/zone_root.dart 27:47                   _rootRun
Android Tests (5)	UNKNOWN STEP	2026-02-25T20:05:42.8197017Z   dart:async/zone.dart 726:19                       _CustomZone.run
Android Tests (5)	UNKNOWN STEP	2026-02-25T20:05:42.8199391Z   package:test_api/src/backend/invoker.dart 396:10  Invoker._handleError
Android Tests (5)	UNKNOWN STEP	2026-02-25T20:05:42.8200121Z   package:test_api/src/backend/invoker.dart 351:9   Invoker.heartbeat.<fn>.<fn>
Android Tests (5)	UNKNOWN STEP	2026-02-25T20:05:42.8200760Z   dart:async/zone_root.dart 35:13                   _rootRun
Android Tests (5)	UNKNOWN STEP	2026-02-25T20:05:42.8201350Z   dart:async/zone.dart 726:19                       _CustomZone.run
Android Tests (5)	UNKNOWN STEP	2026-02-25T20:05:42.8202099Z   package:test_api/src/backend/invoker.dart 350:38  Invoker.heartbeat.<fn>
Android Tests (5)	UNKNOWN STEP	2026-02-25T20:05:42.8203137Z   dart:async-patch/timer_patch.dart 18:15           Timer._createTimer.<fn>
Android Tests (5)	UNKNOWN STEP	2026-02-25T20:05:42.8203888Z   dart:isolate-patch/timer_impl.dart 423:19         _Timer._runTimers
Android Tests (5)	UNKNOWN STEP	2026-02-25T20:05:42.8205865Z   dart:isolate-patch/timer_impl.dart 454:5          _Timer._handleMessage
Android Tests (5)	UNKNOWN STEP	2026-02-25T20:05:42.8206601Z   dart:isolate-patch/isolate_patch.dart 193:12      _RawReceivePort._handleMessage
Android Tests (5)	UNKNOWN STEP	2026-02-25T20:05:42.8207166Z   
Android Tests (5)	UNKNOWN STEP	2026-02-25T20:05:42.8220294Z 00:00 +0 -1: loading /home/runner/work/substitution/substitution/integration_test/room_discovery_with_matrix_test.dart
Android Tests (5)	UNKNOWN STEP	2026-02-25T20:06:13.0376184Z Running Gradle task 'assembleDebug'...                             30.2s
Android Tests (5)	UNKNOWN STEP	2026-02-25T20:06:14.3374976Z ✓ Built build/app/outputs/flutter-apk/app-debug.apk
Android Tests (5)	UNKNOWN STEP	2026-02-25T20:06:38.3460365Z Installing build/app/outputs/flutter-apk/app-debug.apk...          21.8s
Android Tests (5)	UNKNOWN STEP	2026-02-25T20:07:24.8214832Z 00:00 +0 -1: loading /home/runner/work/substitution/substitution/integration_test/multi_user_correspondence_test.dart
Android Tests (5)	UNKNOWN STEP	2026-02-25T20:07:52.6385562Z Running Gradle task 'assembleDebug'...                             27.8s
Android Tests (5)	UNKNOWN STEP	2026-02-25T20:07:53.8022558Z ✓ Built build/app/outputs/flutter-apk/app-debug.apk
Android Tests (5)	UNKNOWN STEP	2026-02-25T20:08:11.3216208Z Installing build/app/outputs/flutter-apk/app-debug.apk...          16.7s
Android Tests (5)	UNKNOWN STEP	2026-02-25T20:08:58.0165702Z 00:00 +0 -1: /home/runner/work/substitution/substitution/integration_test/multi_user_correspondence_test.dart: (setUpAll)
Android Tests (5)	UNKNOWN STEP	2026-02-25T20:08:58.8026131Z 00:00 +0 -1: /home/runner/work/substitution/substitution/integration_test/multi_user_correspondence_test.dart: Multi-User Correspondence with Real Matrix Server STRICT: Messages preserve order and timestamps
Android Tests (5)	UNKNOWN STEP	2026-02-25T20:09:12.2330894Z Waiting for globalMatrixClient to be initialized...
Android Tests (5)	UNKNOWN STEP	2026-02-25T20:09:15.4615116Z [90m[🌎 Easy Localization] [DEBUG] Localization initialized[0m
Android Tests (5)	UNKNOWN STEP	2026-02-25T20:09:15.5863624Z [Matrix] [32mInitialize client Substitution[0m
Android Tests (5)	UNKNOWN STEP	2026-02-25T20:09:15.8412729Z [Matrix] [32mUser is not logged in.[0m
Android Tests (5)	UNKNOWN STEP	2026-02-25T20:09:16.0616548Z [90m[🌎 Easy Localization] [DEBUG] Start[0m
Android Tests (5)	UNKNOWN STEP	2026-02-25T20:09:16.4815455Z [90m[🌎 Easy Localization] [DEBUG] Init state[0m
Android Tests (5)	UNKNOWN STEP	2026-02-25T20:09:16.5422632Z [90m[🌎 Easy Localization] [DEBUG] Build[0m
Android Tests (5)	UNKNOWN STEP	2026-02-25T20:09:16.5828433Z [90m[🌎 Easy Localization] [DEBUG] Init Localization Delegate[0m
Android Tests (5)	UNKNOWN STEP	2026-02-25T20:09:16.6012736Z [90m[🌎 Easy Localization] [DEBUG] Init provider[0m
Android Tests (5)	UNKNOWN STEP	2026-02-25T20:09:22.9730515Z [90m[🌎 Easy Localization] [DEBUG] Load Localization Delegate[0m
Android Tests (5)	UNKNOWN STEP	2026-02-25T20:09:22.9731942Z [90m[🌎 Easy Localization] [DEBUG] Load asset from assets/translations[0m
Android Tests (5)	UNKNOWN STEP	2026-02-25T20:09:27.0180962Z globalMatrixClient initialized!
Android Tests (5)	UNKNOWN STEP	2026-02-25T20:09:27.0895964Z Android detected: Translated localhost to http://10.0.2.2:8008
Android Tests (5)	UNKNOWN STEP	2026-02-25T20:09:27.1015447Z Step 1: Checking for Age Gate, Intro, or Login fields...
Android Tests (5)	UNKNOWN STEP	2026-02-25T20:09:27.7281237Z [90m[🌎 Easy Localization] [DEBUG] Build[0m
Android Tests (5)	UNKNOWN STEP	2026-02-25T20:09:27.7425587Z [90m[🌎 Easy Localization] [DEBUG] Init Localization Delegate[0m
Android Tests (5)	UNKNOWN STEP	2026-02-25T20:09:27.7536789Z [90m[🌎 Easy Localization] [DEBUG] Init provider[0m
Android Tests (5)	UNKNOWN STEP	2026-02-25T20:09:49.3842697Z Found screen! AgeGate: false, Intro: true, Username: false, Host: false
Android Tests (5)	UNKNOWN STEP	2026-02-25T20:09:49.4264180Z Step 2: Navigating through onboarding...
Android Tests (5)	UNKNOWN STEP	2026-02-25T20:09:53.7280379Z Tapping Next button at step 0...
Android Tests (5)	UNKNOWN STEP	2026-02-25T20:10:03.4762556Z Tapping Next button at step 1...
Android Tests (5)	UNKNOWN STEP	2026-02-25T20:10:13.9352379Z Reached target page at step 2. Host: true, Username: false
Android Tests (5)	UNKNOWN STEP	2026-02-25T20:10:13.9459762Z Onboarding navigation complete.
Android Tests (5)	UNKNOWN STEP	2026-02-25T20:10:13.9715699Z Step 3: Entering host URL: http://10.0.2.2:8008
Android Tests (5)	UNKNOWN STEP	2026-02-25T20:10:24.3271390Z Tapping host submit button...
Android Tests (5)	UNKNOWN STEP	2026-02-25T20:10:31.9423120Z Waiting for login page to appear...
Android Tests (5)	UNKNOWN STEP	2026-02-25T20:10:49.4671252Z Login page reached.
Android Tests (5)	UNKNOWN STEP	2026-02-25T20:10:49.4825374Z Step 4: Looking for login fields...
Android Tests (5)	UNKNOWN STEP	2026-02-25T20:10:49.6159714Z Entering username: testuser1
Android Tests (5)	UNKNOWN STEP	2026-02-25T20:10:57.7651086Z Entering password...
Android Tests (5)	UNKNOWN STEP	2026-02-25T20:11:00.3399950Z 02:02 +0 -2: /home/runner/work/substitution/substitution/integration_test/multi_user_correspondence_test.dart: Multi-User Correspondence with Real Matrix Server STRICT: Messages preserve order and timestamps [E]
Android Tests (5)	UNKNOWN STEP	2026-02-25T20:11:00.3401116Z   TimeoutException after 0:02:00.000000: Test timed out after 2 minutes.
Android Tests (5)	UNKNOWN STEP	2026-02-25T20:11:00.3401735Z   dart:isolate  _RawReceivePort._handleMessage
Android Tests (5)	UNKNOWN STEP	2026-02-25T20:11:00.3402044Z   
Android Tests (5)	UNKNOWN STEP	2026-02-25T20:11:15.8801570Z   'package:flutter_test/src/binding.dart': Failed assertion: line 1639 pos 14: '_parentZone != null': is not true.
Android Tests (5)	UNKNOWN STEP	2026-02-25T20:11:15.8803268Z   dart:core                                                                  _AssertionError._throwNew
Android Tests (5)	UNKNOWN STEP	2026-02-25T20:11:15.8804188Z   package:flutter_test/src/binding.dart 1639:14                              TestWidgetsFlutterBinding._runTest.handleUncaughtError
Android Tests (5)	UNKNOWN STEP	2026-02-25T20:11:15.8805448Z   package:flutter_test/src/binding.dart 1650:13                              TestWidgetsFlutterBinding._runTest.<fn>
Android Tests (5)	UNKNOWN STEP	2026-02-25T20:11:15.8806312Z   ===== asynchronous gap ===========================
Android Tests (5)	UNKNOWN STEP	2026-02-25T20:11:15.8806997Z   dart:async                                                                 _CustomZone.registerBinaryCallback
Android Tests (5)	UNKNOWN STEP	2026-02-25T20:11:15.8807961Z   package:flutter_test/src/binding.dart 1671:5                               TestWidgetsFlutterBinding._runTestBody
Android Tests (5)	UNKNOWN STEP	2026-02-25T20:11:15.8808850Z   dart:async                                                                 _CustomZone.runBinary
Android Tests (5)	UNKNOWN STEP	2026-02-25T20:11:15.8809721Z   package:flutter_test/src/binding.dart 1656:10                              TestWidgetsFlutterBinding._runTest
Android Tests (5)	UNKNOWN STEP	2026-02-25T20:11:15.8810823Z   package:flutter_test/src/binding.dart 2759:12                              LiveTestWidgetsFlutterBinding.runTest
Android Tests (5)	UNKNOWN STEP	2026-02-25T20:11:15.8812008Z   package:integration_test/integration_test.dart 237:17                      IntegrationTestWidgetsFlutterBinding.runTest
Android Tests (5)	UNKNOWN STEP	2026-02-25T20:11:15.8813252Z   package:flutter_test/src/widget_tester.dart 184:24                         testWidgets.<fn>
Android Tests (5)	UNKNOWN STEP	2026-02-25T20:11:15.8814021Z   ===== asynchronous gap ===========================
Android Tests (5)	UNKNOWN STEP	2026-02-25T20:11:15.8814885Z   package:stream_channel                                                     _GuaranteeSink.add
Android Tests (5)	UNKNOWN STEP	2026-02-25T20:11:15.8815607Z   tmp/flutter_tools.TDZYRH/flutter_test_listener.YBDMGG/listener.dart 56:22  main.<fn>
Android Tests (5)	UNKNOWN STEP	2026-02-25T20:11:15.8816170Z   
Android Tests (5)	UNKNOWN STEP	2026-02-25T20:11:16.2057197Z 02:18 +0 -2: /home/runner/work/substitution/substitution/integration_test/multi_user_correspondence_test.dart: (tearDownAll)
Android Tests (5)	UNKNOWN STEP	2026-02-25T20:11:22.2856532Z 02:24 +0 -2: loading /home/runner/work/substitution/substitution/integration_test/feed_merging_test.dart
Android Tests (5)	UNKNOWN STEP	2026-02-25T20:11:50.0192821Z Running Gradle task 'assembleDebug'...                             27.7s
Android Tests (5)	UNKNOWN STEP	2026-02-25T20:11:50.9172351Z ✓ Built build/app/outputs/flutter-apk/app-debug.apk
Android Tests (5)	UNKNOWN STEP	2026-02-25T20:12:04.5509421Z Installing build/app/outputs/flutter-apk/app-debug.apk...          13.2s
Android Tests (5)	UNKNOWN STEP	2026-02-25T20:12:51.4974441Z 03:53 +0 -2: loading /home/runner/work/substitution/substitution/integration_test/followfeeds_with_matrix_test.dart
Android Tests (5)	UNKNOWN STEP	2026-02-25T20:13:18.6213682Z Running Gradle task 'assembleDebug'...                             27.1s
Android Tests (5)	UNKNOWN STEP	2026-02-25T20:13:19.5438220Z ✓ Built build/app/outputs/flutter-apk/app-debug.apk
Android Tests (5)	UNKNOWN STEP	2026-02-25T20:13:32.9196696Z Installing build/app/outputs/flutter-apk/app-debug.apk...          12.9s
Android Tests (5)	UNKNOWN STEP	2026-02-25T20:14:17.0808585Z 05:19 +0 -2: /home/runner/work/substitution/substitution/integration_test/followfeeds_with_matrix_test.dart: (setUpAll)
Android Tests (5)	UNKNOWN STEP	2026-02-25T20:14:17.6927809Z 05:19 +0 -2: /home/runner/work/substitution/substitution/integration_test/followfeeds_with_matrix_test.dart: Follow Feeds Search with Real Matrix Server Room avatars are displayed correctly
Android Tests (5)	UNKNOWN STEP	2026-02-25T20:14:30.2586861Z Waiting for globalMatrixClient to be initialized...
Android Tests (5)	UNKNOWN STEP	2026-02-25T20:14:34.8316728Z [90m[🌎 Easy Localization] [DEBUG] Localization initialized[0m
Android Tests (5)	UNKNOWN STEP	2026-02-25T20:14:35.0069794Z [Matrix] [32mInitialize client Substitution[0m
Android Tests (5)	UNKNOWN STEP	2026-02-25T20:14:35.3052836Z [Matrix] [32mUser is not logged in.[0m
Android Tests (5)	UNKNOWN STEP	2026-02-25T20:14:35.5795843Z [90m[🌎 Easy Localization] [DEBUG] Start[0m
Android Tests (5)	UNKNOWN STEP	2026-02-25T20:14:36.0526851Z [90m[🌎 Easy Localization] [DEBUG] Init state[0m
Android Tests (5)	UNKNOWN STEP	2026-02-25T20:14:36.1316946Z [90m[🌎 Easy Localization] [DEBUG] Build[0m
Android Tests (5)	UNKNOWN STEP	2026-02-25T20:14:36.1617819Z [90m[🌎 Easy Localization] [DEBUG] Init Localization Delegate[0m
Android Tests (5)	UNKNOWN STEP	2026-02-25T20:14:36.1849722Z [90m[🌎 Easy Localization] [DEBUG] Init provider[0m
Android Tests (5)	UNKNOWN STEP	2026-02-25T20:14:42.0034958Z [90m[🌎 Easy Localization] [DEBUG] Load Localization Delegate[0m
Android Tests (5)	UNKNOWN STEP	2026-02-25T20:14:42.1072556Z [90m[🌎 Easy Localization] [DEBUG] Load asset from assets/translations[0m
Android Tests (5)	UNKNOWN STEP	2026-02-25T20:14:46.5312294Z globalMatrixClient initialized!
Android Tests (5)	UNKNOWN STEP	2026-02-25T20:14:46.9960949Z Starting programmatic login for test user...
Android Tests (5)	UNKNOWN STEP	2026-02-25T20:14:47.0501727Z Android: translated server to http://10.0.2.2:8008
Android Tests (5)	UNKNOWN STEP	2026-02-25T20:14:50.7009623Z [Matrix] [32mInitialize client Substitution[0m
Android Tests (5)	UNKNOWN STEP	2026-02-25T20:14:51.7157571Z [Matrix] [32mSuccessfully connected as testuser1 with http://10.0.2.2:8008[0m
Android Tests (5)	UNKNOWN STEP	2026-02-25T20:15:01.0268039Z Login success, navigating to Feed...
Android Tests (5)	UNKNOWN STEP	2026-02-25T20:15:01.4911488Z [90m[🌎 Easy Localization] [DEBUG] Build[0m
Android Tests (5)	UNKNOWN STEP	2026-02-25T20:15:01.4912874Z [90m[🌎 Easy Localization] [DEBUG] Init Localization Delegate[0m
Android Tests (5)	UNKNOWN STEP	2026-02-25T20:15:01.4913555Z [90m[🌎 Easy Localization] [DEBUG] Init provider[0m
Android Tests (5)	UNKNOWN STEP	2026-02-25T20:15:22.4038691Z checking room test_avatar id: !LdliqvsKdDhluDoCCC:test.matrix.local
Android Tests (5)	UNKNOWN STEP	2026-02-25T20:15:22.4278309Z checking room test_general id: !PyHVMhUaOlfAnmYylt:test.matrix.local
Android Tests (5)	UNKNOWN STEP	2026-02-25T20:15:22.4591374Z checking room test_photos id: !QYidNCubPJWQoYyoUm:test.matrix.local
Android Tests (5)	UNKNOWN STEP	2026-02-25T20:15:22.4591954Z checking room test_invite_only id: !SIiRowkrnWMGUUaGdZ:test.matrix.local
Android Tests (5)	UNKNOWN STEP	2026-02-25T20:15:22.4592480Z checking room test_art id: !BaLbPPgCrAsTzkRgZI:test.matrix.local
Android Tests (5)	UNKNOWN STEP	2026-02-25T20:15:22.4796345Z start quering new events...
Android Tests (5)	UNKNOWN STEP	2026-02-25T20:15:22.5234060Z finished...
Android Tests (5)	UNKNOWN STEP	2026-02-25T20:15:22.5234594Z ret is empty...
Android Tests (5)	UNKNOWN STEP	2026-02-25T20:15:22.5234942Z no new things to append...
Android Tests (5)	UNKNOWN STEP	2026-02-25T20:15:33.6430071Z [FollowFeeds] Fetching rooms for generation 0, server: 'test.matrix.local', search: 'null'
Android Tests (5)	UNKNOWN STEP	2026-02-25T20:15:33.6572321Z [FollowFeeds] Calling queryPublicRooms...
Android Tests (5)	UNKNOWN STEP	2026-02-25T20:15:41.0649765Z checking room test_avatar id: !LdliqvsKdDhluDoCCC:test.matrix.local
Android Tests (5)	UNKNOWN STEP	2026-02-25T20:15:41.0769032Z checking room test_general id: !PyHVMhUaOlfAnmYylt:test.matrix.local
Android Tests (5)	UNKNOWN STEP	2026-02-25T20:15:41.0929845Z checking room test_photos id: !QYidNCubPJWQoYyoUm:test.matrix.local
Android Tests (5)	UNKNOWN STEP	2026-02-25T20:15:41.0930772Z checking room test_invite_only id: !SIiRowkrnWMGUUaGdZ:test.matrix.local
Android Tests (5)	UNKNOWN STEP	2026-02-25T20:15:41.1005123Z checking room test_art id: !BaLbPPgCrAsTzkRgZI:test.matrix.local
Android Tests (5)	UNKNOWN STEP	2026-02-25T20:15:41.1163462Z start quering new events...
Android Tests (5)	UNKNOWN STEP	2026-02-25T20:15:41.1319246Z finished...
Android Tests (5)	UNKNOWN STEP	2026-02-25T20:15:41.1319788Z ret is empty...
Android Tests (5)	UNKNOWN STEP	2026-02-25T20:15:41.1320255Z no new things to append...
Android Tests (5)	UNKNOWN STEP	2026-02-25T20:15:42.9679912Z [34m[🌎 Easy Localization] [WARNING] Localization key [settings.room.permissions] not found[0m
Android Tests (5)	UNKNOWN STEP	2026-02-25T20:15:44.5581956Z [34m[🌎 Easy Localization] [WARNING] Localization key [settings.room.permissions] not found[0m
Android Tests (5)	UNKNOWN STEP	2026-02-25T20:15:44.9628122Z [34m[🌎 Easy Localization] [WARNING] Localization key [settings.room.permissions] not found[0m
Android Tests (5)	UNKNOWN STEP	2026-02-25T20:15:45.4037032Z [34m[🌎 Easy Localization] [WARNING] Localization key [settings.room.permissions] not found[0m
Android Tests (5)	UNKNOWN STEP	2026-02-25T20:15:45.7984885Z [34m[🌎 Easy Localization] [WARNING] Localization key [settings.room.permissions] not found[0m
Android Tests (5)	UNKNOWN STEP	2026-02-25T20:15:48.1632232Z Failed to load avatar: mxc://test.matrix.local/dCLDoJmdIGvmAqcQmkyPPJKh
Android Tests (5)	UNKNOWN STEP	2026-02-25T20:15:48.1702388Z Failed to load avatar: mxc://test.matrix.local/ZELjzHExrnNqbBgEUQwXLSUj
Android Tests (5)	UNKNOWN STEP	2026-02-25T20:15:50.7282355Z [34m[🌎 Easy Localization] [WARNING] Localization key [settings.room.permissions] not found[0m
Android Tests (5)	UNKNOWN STEP	2026-02-25T20:15:51.1366445Z [34m[🌎 Easy Localization] [WARNING] Localization key [settings.room.permissions] not found[0m
Android Tests (5)	UNKNOWN STEP	2026-02-25T20:15:51.3685676Z [34m[🌎 Easy Localization] [WARNING] Localization key [settings.room.permissions] not found[0m
Android Tests (5)	UNKNOWN STEP	2026-02-25T20:15:51.5681948Z [34m[🌎 Easy Localization] [WARNING] Localization key [settings.room.permissions] not found[0m
Android Tests (5)	UNKNOWN STEP	2026-02-25T20:15:51.7035960Z [34m[🌎 Easy Localization] [WARNING] Localization key [settings.room.permissions] not found[0m
Android Tests (5)	UNKNOWN STEP	2026-02-25T20:15:52.9585465Z Avatar leading widget: CircleAvatar
Android Tests (5)	UNKNOWN STEP	2026-02-25T20:15:53.2057325Z ✓ Room avatar display verified for 'test_art' (CircleAvatar).
Android Tests (5)	UNKNOWN STEP	2026-02-25T20:15:55.6368905Z 06:57 +1 -2: /home/runner/work/substitution/substitution/integration_test/followfeeds_with_matrix_test.dart: (tearDownAll)
Android Tests (5)	UNKNOWN STEP	2026-02-25T20:15:59.5854651Z 07:01 +1 -2: loading /home/runner/work/substitution/substitution/integration_test/onboarding_and_login_test.dart
Android Tests (5)	UNKNOWN STEP	2026-02-25T20:16:26.5192394Z Running Gradle task 'assembleDebug'...                             26.9s
Android Tests (5)	UNKNOWN STEP	2026-02-25T20:16:27.3936819Z ✓ Built build/app/outputs/flutter-apk/app-debug.apk
Android Tests (5)	UNKNOWN STEP	2026-02-25T20:16:40.0177141Z Installing build/app/outputs/flutter-apk/app-debug.apk...          12.1s
Android Tests (5)	UNKNOWN STEP	2026-02-25T20:17:24.5340196Z 08:26 +1 -2: /home/runner/work/substitution/substitution/integration_test/onboarding_and_login_test.dart: Onboarding & Login Flow with Real Matrix Server User can choose different homeserver
Android Tests (5)	UNKNOWN STEP	2026-02-25T20:17:35.5696728Z Waiting for globalMatrixClient to be initialized...
Android Tests (5)	UNKNOWN STEP	2026-02-25T20:17:41.9460688Z [90m[🌎 Easy Localization] [DEBUG] Localization initialized[0m
Android Tests (5)	UNKNOWN STEP	2026-02-25T20:17:42.0937236Z [Matrix] [32mInitialize client Substitution[0m
Android Tests (5)	UNKNOWN STEP	2026-02-25T20:17:42.3744483Z [Matrix] [32mUser is not logged in.[0m
Android Tests (5)	UNKNOWN STEP	2026-02-25T20:17:42.6610410Z [90m[🌎 Easy Localization] [DEBUG] Start[0m
Android Tests (5)	UNKNOWN STEP	2026-02-25T20:17:43.1853305Z [90m[🌎 Easy Localization] [DEBUG] Init state[0m
Android Tests (5)	UNKNOWN STEP	2026-02-25T20:17:43.2760152Z [90m[🌎 Easy Localization] [DEBUG] Build[0m
Android Tests (5)	UNKNOWN STEP	2026-02-25T20:17:43.3007737Z [90m[🌎 Easy Localization] [DEBUG] Init Localization Delegate[0m
Android Tests (5)	UNKNOWN STEP	2026-02-25T20:17:43.3260902Z [90m[🌎 Easy Localization] [DEBUG] Init provider[0m
Android Tests (5)	UNKNOWN STEP	2026-02-25T20:17:50.0938909Z [90m[🌎 Easy Localization] [DEBUG] Load Localization Delegate[0m
Android Tests (5)	UNKNOWN STEP	2026-02-25T20:17:50.0940027Z [90m[🌎 Easy Localization] [DEBUG] Load asset from assets/translations[0m
Android Tests (5)	UNKNOWN STEP	2026-02-25T20:17:55.6814967Z globalMatrixClient initialized!
Android Tests (5)	UNKNOWN STEP	2026-02-25T20:17:56.2097514Z [90m[🌎 Easy Localization] [DEBUG] Build[0m
Android Tests (5)	UNKNOWN STEP	2026-02-25T20:17:56.2214543Z [90m[🌎 Easy Localization] [DEBUG] Init Localization Delegate[0m
Android Tests (5)	UNKNOWN STEP	2026-02-25T20:17:56.2316130Z [90m[🌎 Easy Localization] [DEBUG] Init provider[0m
Android Tests (5)	UNKNOWN STEP	2026-02-25T20:18:22.9544761Z No Age Gate detected (or already passed).
Android Tests (5)	UNKNOWN STEP	2026-02-25T20:18:26.9331627Z 09:28 +1 -3: /home/runner/work/substitution/substitution/integration_test/onboarding_and_login_test.dart: Onboarding & Login Flow with Real Matrix Server User can choose different homeserver [E]
Android Tests (5)	UNKNOWN STEP	2026-02-25T20:18:26.9335449Z   TimeoutException after 0:01:00.000000: Test timed out after 1 minutes.
Android Tests (5)	UNKNOWN STEP	2026-02-25T20:18:26.9336083Z   dart:isolate  _RawReceivePort._handleMessage
Android Tests (5)	UNKNOWN STEP	2026-02-25T20:18:26.9336509Z   
Android Tests (5)	UNKNOWN STEP	2026-02-25T20:18:27.9477948Z   'package:flutter_test/src/binding.dart': Failed assertion: line 2781 pos 12: '_pendingFrame == null': is not true.
Android Tests (5)	UNKNOWN STEP	2026-02-25T20:18:27.9479085Z   dart:core                                                                  _AssertionError._throwNew
Android Tests (5)	UNKNOWN STEP	2026-02-25T20:18:27.9479716Z   package:flutter_test/src/binding.dart 2781:12                              LiveTestWidgetsFlutterBinding.postTest
Android Tests (5)	UNKNOWN STEP	2026-02-25T20:18:27.9480274Z   ===== asynchronous gap ===========================
Android Tests (5)	UNKNOWN STEP	2026-02-25T20:18:27.9480682Z   package:stream_channel                                                     _GuaranteeSink.add
Android Tests (5)	UNKNOWN STEP	2026-02-25T20:18:27.9481167Z   tmp/flutter_tools.TDZYRH/flutter_test_listener.EKQFPX/listener.dart 56:22  main.<fn>
Android Tests (5)	UNKNOWN STEP	2026-02-25T20:18:27.9481545Z   
Android Tests (5)	UNKNOWN STEP	2026-02-25T20:18:39.9321266Z   'package:flutter_test/src/binding.dart': Failed assertion: line 1639 pos 14: '_parentZone != null': is not true.
Android Tests (5)	UNKNOWN STEP	2026-02-25T20:18:39.9331091Z   dart:core                                                                                          _AssertionError._throwNew
Android Tests (5)	UNKNOWN STEP	2026-02-25T20:18:39.9332941Z   package:flutter_test/src/binding.dart 1639:14                                                      TestWidgetsFlutterBinding._runTest.handleUncaughtError
Android Tests (5)	UNKNOWN STEP	2026-02-25T20:18:39.9336412Z   package:flutter_test/src/binding.dart 1650:13                                                      TestWidgetsFlutterBinding._runTest.<fn>
Android Tests (5)	UNKNOWN STEP	2026-02-25T20:18:39.9337271Z   ===== asynchronous gap ===========================
Android Tests (5)	UNKNOWN STEP	2026-02-25T20:18:39.9337868Z   dart:async                                                                                         scheduleMicrotask
Android Tests (5)	UNKNOWN STEP	2026-02-25T20:18:39.9338794Z   package:flutter/src/widgets/focus_manager.dart 1931:5                                              FocusManager._markNeedsUpdate
Android Tests (5)	UNKNOWN STEP	2026-02-25T20:18:39.9339923Z   package:flutter/src/widgets/focus_manager.dart 1908:7                                              FocusManager._markNextFocus
Android Tests (5)	UNKNOWN STEP	2026-02-25T20:18:39.9340941Z   package:flutter/src/widgets/focus_manager.dart 994:17                                              FocusNode._markNextFocus
Android Tests (5)	UNKNOWN STEP	2026-02-25T20:18:39.9341951Z   package:flutter/src/widgets/focus_manager.dart 1510:9                                              FocusScopeNode._doRequestFocus
Android Tests (5)	UNKNOWN STEP	2026-02-25T20:18:39.9342885Z   package:flutter/src/widgets/focus_manager.dart 940:15                                              FocusNode.unfocus
Android Tests (5)	UNKNOWN STEP	2026-02-25T20:18:39.9343965Z   package:introduction_screen/src/introduction_screen.dart 508:28                                    IntroductionScreenState.next
Android Tests (5)	UNKNOWN STEP	2026-02-25T20:18:39.9345316Z   package:flutter/src/material/ink_well.dart 1224:21                                                 _InkResponseState.handleTap
Android Tests (5)	UNKNOWN STEP	2026-02-25T20:18:39.9346432Z   package:flutter/src/gestures/recognizer.dart 345:24                                                GestureRecognizer.invokeCallback
Android Tests (5)	UNKNOWN STEP	2026-02-25T20:18:39.9347614Z   package:flutter/src/gestures/tap.dart 758:11                                                       TapGestureRecognizer.handleTapUp
Android Tests (5)	UNKNOWN STEP	2026-02-25T20:18:39.9348707Z   package:flutter/src/gestures/tap.dart 383:5                                                        BaseTapGestureRecognizer._checkUp
Android Tests (5)	UNKNOWN STEP	2026-02-25T20:18:39.9349816Z   package:flutter/src/gestures/tap.dart 314:7                                                        BaseTapGestureRecognizer.handlePrimaryPointer
Android Tests (5)	UNKNOWN STEP	2026-02-25T20:18:39.9351023Z   package:flutter/src/gestures/recognizer.dart 721:9                                                 PrimaryPointerGestureRecognizer.handleEvent
Android Tests (5)	UNKNOWN STEP	2026-02-25T20:18:39.9352290Z   package:flutter/src/gestures/pointer_router.dart 97:12                                             PointerRouter._dispatch
Android Tests (5)	UNKNOWN STEP	2026-02-25T20:18:39.9353423Z   package:flutter/src/gestures/pointer_router.dart 140:9                                             PointerRouter._dispatchEventToRoutes.<fn>
Android Tests (5)	UNKNOWN STEP	2026-02-25T20:18:39.9354680Z   dart:_compact_hash                                                                                 _LinkedHashMapMixin.forEach
Android Tests (5)	UNKNOWN STEP	2026-02-25T20:18:39.9355960Z   package:flutter/src/gestures/pointer_router.dart 138:18                                            PointerRouter._dispatchEventToRoutes
Android Tests (5)	UNKNOWN STEP	2026-02-25T20:18:39.9357061Z   package:flutter/src/gestures/pointer_router.dart 128:7                                             PointerRouter.route
Android Tests (5)	UNKNOWN STEP	2026-02-25T20:18:39.9358280Z   package:flutter/src/gestures/binding.dart 528:19                                                   GestureBinding.handleEvent
Android Tests (5)	UNKNOWN STEP	2026-02-25T20:18:39.9359339Z   package:flutter/src/gestures/binding.dart 498:22                                                   GestureBinding.dispatchEvent
Android Tests (5)	UNKNOWN STEP	2026-02-25T20:18:39.9360426Z   package:flutter/src/rendering/binding.dart 473:11                                                  RendererBinding.dispatchEvent
Android Tests (5)	UNKNOWN STEP	2026-02-25T20:18:39.9361572Z   package:flutter_test/src/binding.dart 2679:15                                                      LiveTestWidgetsFlutterBinding.dispatchEvent
Android Tests (5)	UNKNOWN STEP	2026-02-25T20:18:39.9362698Z   package:flutter/src/gestures/binding.dart 437:7                                                    GestureBinding._handlePointerEventImmediately
Android Tests (5)	UNKNOWN STEP	2026-02-25T20:18:39.9364006Z   package:flutter/src/gestures/binding.dart 394:5                                                    GestureBinding.handlePointerEvent
Android Tests (5)	UNKNOWN STEP	2026-02-25T20:18:39.9365376Z   package:flutter_test/src/binding.dart 2651:15                                                      LiveTestWidgetsFlutterBinding.handlePointerEvent
Android Tests (5)	UNKNOWN STEP	2026-02-25T20:18:39.9366667Z   package:flutter_test/src/binding.dart 1301:42                                                      TestWidgetsFlutterBinding.handlePointerEventForSource.<fn>
Android Tests (5)	UNKNOWN STEP	2026-02-25T20:18:39.9368039Z   package:flutter_test/src/binding.dart 1311:11                                                      TestWidgetsFlutterBinding.withPointerEventSource
Android Tests (5)	UNKNOWN STEP	2026-02-25T20:18:39.9369233Z   package:flutter_test/src/binding.dart 1301:5                                                       TestWidgetsFlutterBinding.handlePointerEventForSource
Android Tests (5)	UNKNOWN STEP	2026-02-25T20:18:39.9370431Z   package:flutter_test/src/widget_tester.dart 869:15                                                 WidgetTester.sendEventToBinding.<fn>
Android Tests (5)	UNKNOWN STEP	2026-02-25T20:18:39.9371333Z   dart:async                                                                                         _CustomZone.run
Android Tests (5)	UNKNOWN STEP	2026-02-25T20:18:39.9372228Z   package:flutter_test/src/test_async_utils.dart 74:41                                               TestAsyncUtils.guard
Android Tests (5)	UNKNOWN STEP	2026-02-25T20:18:39.9373282Z   package:flutter_test/src/widget_tester.dart 868:27                                                 WidgetTester.sendEventToBinding
Android Tests (5)	UNKNOWN STEP	2026-02-25T20:18:39.9374458Z   package:flutter_test/src/test_pointer.dart 587:26                                                  TestGesture.up.<fn>
Android Tests (5)	UNKNOWN STEP	2026-02-25T20:18:39.9375346Z   dart:async                                                                                         _CustomZone.run
Android Tests (5)	UNKNOWN STEP	2026-02-25T20:18:39.9376285Z   package:flutter_test/src/test_async_utils.dart 74:41                                               TestAsyncUtils.guard
Android Tests (5)	UNKNOWN STEP	2026-02-25T20:18:39.9377411Z   package:flutter_test/src/test_pointer.dart 580:27                                                  TestGesture.up
Android Tests (5)	UNKNOWN STEP	2026-02-25T20:18:39.9378453Z   package:flutter_test/src/controller.dart 1136:21                                                   WidgetController.tapAt.<fn>
Android Tests (5)	UNKNOWN STEP	2026-02-25T20:18:39.9379231Z   ===== asynchronous gap ===========================
Android Tests (5)	UNKNOWN STEP	2026-02-25T20:18:39.9379936Z   dart:async                                                                                         _CustomZone.registerUnaryCallback
Android Tests (5)	UNKNOWN STEP	2026-02-25T20:18:39.9381011Z   package:flutter_test/src/controller.dart 1129:35                                                   WidgetController.tapAt.<fn>
Android Tests (5)	UNKNOWN STEP	2026-02-25T20:18:39.9382025Z   dart:async                                                                                         _CustomZone.run
Android Tests (5)	UNKNOWN STEP	2026-02-25T20:18:39.9382888Z   package:flutter_test/src/test_async_utils.dart 74:41                                               TestAsyncUtils.guard
Android Tests (5)	UNKNOWN STEP	2026-02-25T20:18:39.9384122Z   package:flutter_test/src/controller.dart 1128:27                                                   WidgetController.tapAt
Android Tests (5)	UNKNOWN STEP	2026-02-25T20:18:39.9385333Z   package:flutter_test/src/controller.dart 1060:12                                                   WidgetController.tap
Android Tests (5)	UNKNOWN STEP	2026-02-25T20:18:39.9386519Z   home/runner/work/substitution/substitution/integration_test/onboarding_and_login_test.dart 58:22   main.<fn>.navigateToHostPage
Android Tests (5)	UNKNOWN STEP	2026-02-25T20:18:39.9387932Z   home/runner/work/substitution/substitution/integration_test/onboarding_and_login_test.dart 297:15  main.<fn>.<fn>
Android Tests (5)	UNKNOWN STEP	2026-02-25T20:18:39.9388871Z   ===== asynchronous gap ===========================
Android Tests (5)	UNKNOWN STEP	2026-02-25T20:18:39.9389582Z   dart:async                                                                                         _CustomZone.registerUnaryCallback
Android Tests (5)	UNKNOWN STEP	2026-02-25T20:18:39.9390570Z   home/runner/work/substitution/substitution/integration_test/onboarding_and_login_test.dart 289:9   main.<fn>.<fn>
Android Tests (5)	UNKNOWN STEP	2026-02-25T20:18:39.9391584Z   package:flutter_test/src/widget_tester.dart 192:29                                                 testWidgets.<fn>.<fn>
Android Tests (5)	UNKNOWN STEP	2026-02-25T20:18:39.9392474Z   ===== asynchronous gap ===========================
Android Tests (5)	UNKNOWN STEP	2026-02-25T20:18:39.9393131Z   dart:async                                                                                         _CustomZone.registerUnaryCallback
Android Tests (5)	UNKNOWN STEP	2026-02-25T20:18:39.9394016Z   package:flutter_test/src/widget_tester.dart 189:25                                                 testWidgets.<fn>.<fn>
Android Tests (5)	UNKNOWN STEP	2026-02-25T20:18:39.9395166Z   package:flutter_test/src/binding.dart 1682:19                                                      TestWidgetsFlutterBinding._runTestBody
Android Tests (5)	UNKNOWN STEP	2026-02-25T20:18:39.9395966Z   ===== asynchronous gap ===========================
Android Tests (5)	UNKNOWN STEP	2026-02-25T20:18:39.9396598Z   dart:async                                                                                         _CustomZone.registerUnaryCallback
Android Tests (5)	UNKNOWN STEP	2026-02-25T20:18:39.9397589Z   package:flutter_test/src/binding.dart 1671:5                                                       TestWidgetsFlutterBinding._runTestBody
Android Tests (5)	UNKNOWN STEP	2026-02-25T20:18:39.9398556Z   dart:async                                                                                         _CustomZone.runBinary
Android Tests (5)	UNKNOWN STEP	2026-02-25T20:18:39.9399402Z   package:flutter_test/src/binding.dart 1656:10                                                      TestWidgetsFlutterBinding._runTest
Android Tests (5)	UNKNOWN STEP	2026-02-25T20:18:39.9400455Z   package:flutter_test/src/binding.dart 2759:12                                                      LiveTestWidgetsFlutterBinding.runTest
Android Tests (5)	UNKNOWN STEP	2026-02-25T20:18:39.9401569Z   package:integration_test/integration_test.dart 237:17                                              IntegrationTestWidgetsFlutterBinding.runTest
Android Tests (5)	UNKNOWN STEP	2026-02-25T20:18:39.9402682Z   package:flutter_test/src/widget_tester.dart 184:24                                                 testWidgets.<fn>
Android Tests (5)	UNKNOWN STEP	2026-02-25T20:18:39.9403356Z   ===== asynchronous gap ===========================
Android Tests (5)	UNKNOWN STEP	2026-02-25T20:18:39.9403980Z   package:stream_channel                                                                             _GuaranteeSink.add
Android Tests (5)	UNKNOWN STEP	2026-02-25T20:18:39.9405115Z   tmp/flutter_tools.TDZYRH/flutter_test_listener.EKQFPX/listener.dart 56:22                          main.<fn>
Android Tests (5)	UNKNOWN STEP	2026-02-25T20:18:39.9405886Z   
Android Tests (5)	UNKNOWN STEP	2026-02-25T20:18:43.0908794Z 09:45 +1 -3: /home/runner/work/substitution/substitution/integration_test/onboarding_and_login_test.dart: (tearDownAll)
Android Tests (5)	UNKNOWN STEP	2026-02-25T20:18:49.5807471Z 09:51 +1 -3: loading /home/runner/work/substitution/substitution/integration_test/profile_edit_test.dart
Android Tests (5)	UNKNOWN STEP	2026-02-25T20:19:07.9307960Z Running Gradle task 'assembleDebug'...                             18.3s
Android Tests (5)	UNKNOWN STEP	2026-02-25T20:19:08.8266610Z ✓ Built build/app/outputs/flutter-apk/app-debug.apk
Android Tests (5)	UNKNOWN STEP	2026-02-25T20:19:22.3375830Z Installing build/app/outputs/flutter-apk/app-debug.apk...          12.9s
Android Tests (5)	UNKNOWN STEP	2026-02-25T20:20:04.2370701Z 11:06 +1 -3: loading /home/runner/work/substitution/substitution/integration_test/feed_with_matrix_test.dart
Android Tests (5)	UNKNOWN STEP	2026-02-25T20:20:30.6620885Z Running Gradle task 'assembleDebug'...                             26.4s
Android Tests (5)	UNKNOWN STEP	2026-02-25T20:20:31.8418567Z ✓ Built build/app/outputs/flutter-apk/app-debug.apk
Android Tests (5)	UNKNOWN STEP	2026-02-25T20:20:48.3436350Z Installing build/app/outputs/flutter-apk/app-debug.apk...          16.1s
Android Tests (5)	UNKNOWN STEP	2026-02-25T20:21:34.4907793Z 12:36 +1 -3: loading /home/runner/work/substitution/substitution/integration_test/login_debug_test.dart
Android Tests (5)	UNKNOWN STEP	2026-02-25T20:22:00.8010052Z Running Gradle task 'assembleDebug'...                             26.3s
Android Tests (5)	UNKNOWN STEP	2026-02-25T20:22:01.6978307Z ✓ Built build/app/outputs/flutter-apk/app-debug.apk
Android Tests (5)	UNKNOWN STEP	2026-02-25T20:22:14.5838941Z Installing build/app/outputs/flutter-apk/app-debug.apk...          12.4s
Android Tests (5)	UNKNOWN STEP	2026-02-25T20:23:03.9082842Z 14:05 +1 -3: loading /home/runner/work/substitution/substitution/integration_test/profile_view_test.dart
Android Tests (5)	UNKNOWN STEP	2026-02-25T20:23:22.1696074Z Running Gradle task 'assembleDebug'...                             18.2s
Android Tests (5)	UNKNOWN STEP	2026-02-25T20:23:23.0713666Z ✓ Built build/app/outputs/flutter-apk/app-debug.apk
Android Tests (5)	UNKNOWN STEP	2026-02-25T20:23:36.6185664Z Installing build/app/outputs/flutter-apk/app-debug.apk...          13.1s
Android Tests (5)	UNKNOWN STEP	2026-02-25T20:24:15.0542236Z Warning: A tag was used that wasn't specified in dart_test.yaml.
Android Tests (5)	UNKNOWN STEP	2026-02-25T20:24:15.0543445Z   integration was used in the suite itself
Android Tests (5)	UNKNOWN STEP	2026-02-25T20:24:15.0544466Z 
Android Tests (5)	UNKNOWN STEP	2026-02-25T20:24:19.0454954Z 15:21 +1 -3: loading /home/runner/work/substitution/substitution/integration_test/offline_test.dart
Android Tests (5)	UNKNOWN STEP	2026-02-25T20:24:36.6795023Z Running Gradle task 'assembleDebug'...                             17.6s
Android Tests (5)	UNKNOWN STEP	2026-02-25T20:24:37.5869529Z ✓ Built build/app/outputs/flutter-apk/app-debug.apk
Android Tests (5)	UNKNOWN STEP	2026-02-25T20:24:50.5207550Z Installing build/app/outputs/flutter-apk/app-debug.apk...          12.5s
Android Tests (5)	UNKNOWN STEP	2026-02-25T20:25:31.0458213Z Warning: A tag was used that wasn't specified in dart_test.yaml.
Android Tests (5)	UNKNOWN STEP	2026-02-25T20:25:31.0458802Z   integration was used in the suite itself
Android Tests (5)	UNKNOWN STEP	2026-02-25T20:25:31.0459104Z 
Android Tests (5)	UNKNOWN STEP	2026-02-25T20:25:35.2100479Z 16:37 +1 -3: loading /home/runner/work/substitution/substitution/integration_test/comment_nesting_test.dart
Android Tests (5)	UNKNOWN STEP	2026-02-25T20:26:01.1312357Z Running Gradle task 'assembleDebug'...                             25.9s
Android Tests (5)	UNKNOWN STEP	2026-02-25T20:26:02.2972869Z ✓ Built build/app/outputs/flutter-apk/app-debug.apk
Android Tests (5)	UNKNOWN STEP	2026-02-25T20:26:19.4710696Z Installing build/app/outputs/flutter-apk/app-debug.apk...          16.7s
Android Tests (5)	UNKNOWN STEP	2026-02-25T20:27:06.5825411Z 18:08 +1 -3: loading /home/runner/work/substitution/substitution/integration_test/refresh_logic_with_matrix_test.dart
Android Tests (5)	UNKNOWN STEP	2026-02-25T20:27:32.9553631Z Running Gradle task 'assembleDebug'...                             26.4s
Android Tests (5)	UNKNOWN STEP	2026-02-25T20:27:34.1269546Z ✓ Built build/app/outputs/flutter-apk/app-debug.apk
Android Tests (5)	UNKNOWN STEP	2026-02-25T20:27:50.3950080Z Installing build/app/outputs/flutter-apk/app-debug.apk...          15.8s
Android Tests (5)	UNKNOWN STEP	2026-02-25T20:28:36.7190960Z 19:38 +1 -3: loading /home/runner/work/substitution/substitution/integration_test/logout_test.dart
Android Tests (5)	UNKNOWN STEP	2026-02-25T20:29:03.1315529Z Running Gradle task 'assembleDebug'...                             26.4s
Android Tests (5)	UNKNOWN STEP	2026-02-25T20:29:04.0207170Z ✓ Built build/app/outputs/flutter-apk/app-debug.apk
Android Tests (5)	UNKNOWN STEP	2026-02-25T20:29:17.6919200Z Installing build/app/outputs/flutter-apk/app-debug.apk...          13.2s
Android Tests (5)	UNKNOWN STEP	2026-02-25T20:30:09.8480420Z 21:11 +1 -3: loading /home/runner/work/substitution/substitution/integration_test/registration_button_test.dart
Android Tests (5)	UNKNOWN STEP	2026-02-25T20:30:35.7880305Z Running Gradle task 'assembleDebug'...                             25.9s
Android Tests (5)	UNKNOWN STEP	2026-02-25T20:30:36.6761299Z ✓ Built build/app/outputs/flutter-apk/app-debug.apk
Android Tests (5)	UNKNOWN STEP	2026-02-25T20:30:49.4570800Z Installing build/app/outputs/flutter-apk/app-debug.apk...          12.3s
Android Tests (5)	UNKNOWN STEP	2026-02-25T20:31:38.8730493Z 22:40 +1 -3: loading /home/runner/work/substitution/substitution/integration_test/room_feed_test.dart
Android Tests (5)	UNKNOWN STEP	2026-02-25T20:31:56.9387942Z Running Gradle task 'assembleDebug'...                             18.0s
Android Tests (5)	UNKNOWN STEP	2026-02-25T20:31:57.8363462Z ✓ Built build/app/outputs/flutter-apk/app-debug.apk
Android Tests (5)	UNKNOWN STEP	2026-02-25T20:32:11.3323207Z Installing build/app/outputs/flutter-apk/app-debug.apk...          13.0s
Android Tests (5)	UNKNOWN STEP	2026-02-25T20:32:51.5846062Z Warning: A tag was used that wasn't specified in dart_test.yaml.
Android Tests (5)	UNKNOWN STEP	2026-02-25T20:32:51.5848016Z   integration was used in the suite itself
Android Tests (5)	UNKNOWN STEP	2026-02-25T20:32:51.5848380Z 
Android Tests (5)	UNKNOWN STEP	2026-02-25T20:32:56.6954515Z 23:58 +1 -3: loading /home/runner/work/substitution/substitution/integration_test/room_permissions_test.dart
Android Tests (5)	UNKNOWN STEP	2026-02-25T20:33:14.9082013Z Running Gradle task 'assembleDebug'...                             18.2s
Android Tests (5)	UNKNOWN STEP	2026-02-25T20:33:15.7861709Z ✓ Built build/app/outputs/flutter-apk/app-debug.apk
Android Tests (5)	UNKNOWN STEP	2026-02-25T20:33:29.4605072Z Installing build/app/outputs/flutter-apk/app-debug.apk...          13.2s
Android Tests (5)	UNKNOWN STEP	2026-02-25T20:33:36.8458294Z Error waiting for a debug connection: The log reader stopped unexpectedly
Android Tests (5)	UNKNOWN STEP	2026-02-25T20:33:49.0226613Z [0;31m[ERROR][0m Android tests failed (exit 124, 3 failed)
Android Tests (5)	UNKNOWN STEP	2026-02-25T20:33:49.0227341Z [0;31m[ERROR][0m Android tests had failures
Android Tests (5)	UNKNOWN STEP	2026-02-25T20:33:49.0227658Z 
Android Tests (5)	UNKNOWN STEP	2026-02-25T20:33:49.0228134Z [1m══════════════════════════════════════════════════════════[0m
Android Tests (5)	UNKNOWN STEP	2026-02-25T20:33:49.0228664Z [1m  Test Results Summary[0m
Android Tests (5)	UNKNOWN STEP	2026-02-25T20:33:49.0229031Z [1m══════════════════════════════════════════════════════════[0m
Android Tests (5)	UNKNOWN STEP	2026-02-25T20:33:49.0229274Z 
Android Tests (5)	UNKNOWN STEP	2026-02-25T20:33:49.0229411Z   TARGET             PASSED   FAILED  SKIPPED   DURATION
Android Tests (5)	UNKNOWN STEP	2026-02-25T20:33:49.0230055Z   ──────────────── ──────── ──────── ──────── ──────────
Android Tests (5)	UNKNOWN STEP	2026-02-25T20:33:49.0230530Z   [0;31mandroid         [0m        1        3        0     40m 0s
Android Tests (5)	UNKNOWN STEP	2026-02-25T20:33:49.0230859Z 
Android Tests (5)	UNKNOWN STEP	2026-02-25T20:33:49.0231141Z   ──────────────── ──────── ──────── ────────
Android Tests (5)	UNKNOWN STEP	2026-02-25T20:33:49.0231662Z   [0;31mTOTAL                   1        3        0[0m
Android Tests (5)	UNKNOWN STEP	2026-02-25T20:33:49.0231973Z 
Android Tests (5)	UNKNOWN STEP	2026-02-25T20:33:49.0232176Z   [0;31m[1mRESULT: FAILED[0m
Android Tests (5)	UNKNOWN STEP	2026-02-25T20:33:49.0232416Z 
Android Tests (5)	UNKNOWN STEP	2026-02-25T20:33:49.0234334Z [1m══════════════════════════════════════════════════════════[0m
Android Tests (5)	UNKNOWN STEP	2026-02-25T20:33:49.0234663Z 
Android Tests (5)	UNKNOWN STEP	2026-02-25T20:33:49.0234852Z [0;34m[INFO][0m Cleaning up...
Android Tests (5)	UNKNOWN STEP	2026-02-25T20:33:49.0475966Z ##[group]Run echo "=== test-results/ ==="
Android Tests (5)	UNKNOWN STEP	2026-02-25T20:33:49.0476315Z [36;1mecho "=== test-results/ ==="[0m
Android Tests (5)	UNKNOWN STEP	2026-02-25T20:33:49.0476663Z [36;1mls -la test-results/ 2>/dev/null || echo "(no test-results dir)"[0m
Android Tests (5)	UNKNOWN STEP	2026-02-25T20:33:49.0477040Z [36;1mfor f in test-results/*.log; do[0m
Android Tests (5)	UNKNOWN STEP	2026-02-25T20:33:49.0477298Z [36;1m  [ -f "$f" ] || continue[0m
Android Tests (5)	UNKNOWN STEP	2026-02-25T20:33:49.0477533Z [36;1m  echo ""[0m
Android Tests (5)	UNKNOWN STEP	2026-02-25T20:33:49.0477735Z [36;1m  echo "=== $f ==="[0m
Android Tests (5)	UNKNOWN STEP	2026-02-25T20:33:49.0477957Z [36;1m  tail -100 "$f"[0m
Android Tests (5)	UNKNOWN STEP	2026-02-25T20:33:49.0478153Z [36;1mdone[0m
Android Tests (5)	UNKNOWN STEP	2026-02-25T20:33:49.1217462Z shell: /usr/bin/bash -e {0}
Android Tests (5)	UNKNOWN STEP	2026-02-25T20:33:49.1217738Z env:
Android Tests (5)	UNKNOWN STEP	2026-02-25T20:33:49.1217923Z   CACHE_VERSION: v1
Android Tests (5)	UNKNOWN STEP	2026-02-25T20:33:49.1218230Z   JAVA_HOME: /opt/hostedtoolcache/Java_Temurin-Hotspot_jdk/17.0.18-8/x64
Android Tests (5)	UNKNOWN STEP	2026-02-25T20:33:49.1218689Z   JAVA_HOME_17_X64: /opt/hostedtoolcache/Java_Temurin-Hotspot_jdk/17.0.18-8/x64
Android Tests (5)	UNKNOWN STEP	2026-02-25T20:33:49.1219175Z   FLUTTER_ROOT: /opt/hostedtoolcache/flutter/stable-3.41.2-x64
Android Tests (5)	UNKNOWN STEP	2026-02-25T20:33:49.1219502Z   PUB_CACHE: /home/runner/.pub-cache
Android Tests (5)	UNKNOWN STEP	2026-02-25T20:33:49.1219771Z   ANDROID_AVD_HOME: /home/runner/.android/avd
Android Tests (5)	UNKNOWN STEP	2026-02-25T20:33:49.1220189Z ##[endgroup]
Android Tests (5)	UNKNOWN STEP	2026-02-25T20:33:49.1271666Z === test-results/ ===
Android Tests (5)	UNKNOWN STEP	2026-02-25T20:33:49.1284191Z total 47212
Android Tests (5)	UNKNOWN STEP	2026-02-25T20:33:49.1284787Z drwxr-xr-x  2 runner runner     4096 Feb 25 20:33 .
Android Tests (5)	UNKNOWN STEP	2026-02-25T20:33:49.1285139Z drwxr-xr-x 24 runner runner     4096 Feb 25 19:53 ..
Android Tests (5)	UNKNOWN STEP	2026-02-25T20:33:49.1285567Z -rw-r--r--  1 runner runner  1844786 Feb 25 20:33 android-device.log
Android Tests (5)	UNKNOWN STEP	2026-02-25T20:33:49.1286191Z -rw-r--r--  1 runner runner    26546 Feb 25 20:33 android-tests.log
Android Tests (5)	UNKNOWN STEP	2026-02-25T20:33:49.1286813Z -rw-r--r--  1 runner runner      233 Feb 25 19:48 ios-device-info.txt
Android Tests (5)	UNKNOWN STEP	2026-02-25T20:33:49.1287459Z -rw-r--r--  1 runner runner 34795326 Feb 25 19:48 ios-test-results.txt
Android Tests (5)	UNKNOWN STEP	2026-02-25T20:33:49.1288085Z -rw-r--r--  1 runner runner 11471554 Feb 25 19:48 test-results.txt
Android Tests (5)	UNKNOWN STEP	2026-02-25T20:33:49.1288842Z -rw-r--r--  1 runner runner   181872 Feb 25 19:48 web-test-results.txt
Android Tests (5)	UNKNOWN STEP	2026-02-25T20:33:49.1289313Z 
Android Tests (5)	UNKNOWN STEP	2026-02-25T20:33:49.1289427Z === test-results/android-device.log ===
Android Tests (5)	UNKNOWN STEP	2026-02-25T20:33:49.1296545Z 02-25 20:33:28.929  1943  1943 W Binder:1943_2: type=1400 audit(0.0:195): avc: denied { getopt } for scontext=u:r:system_server:s0 tcontext=u:r:shell:s0 tclass=unix_stream_socket permissive=0
Android Tests (5)	UNKNOWN STEP	2026-02-25T20:33:49.1297890Z 02-25 20:33:28.929  1943  1943 I chatty  : uid=1000 system_server identical 1 line
Android Tests (5)	UNKNOWN STEP	2026-02-25T20:33:49.1298815Z 02-25 20:33:28.929  1943  1943 W Binder:1943_2: type=1400 audit(0.0:197): avc: denied { getopt } for scontext=u:r:system_server:s0 tcontext=u:r:shell:s0 tclass=unix_stream_socket permissive=0
Android Tests (5)	UNKNOWN STEP	2026-02-25T20:33:49.1299915Z 02-25 20:33:28.929  1763  1763 W adbd    : type=1400 audit(0.0:198): avc: denied { shutdown } for scontext=u:r:adbd:s0 tcontext=u:r:shell:s0 tclass=unix_stream_socket permissive=0
Android Tests (5)	UNKNOWN STEP	2026-02-25T20:33:49.1300698Z 02-25 20:33:29.153  1943  2051 I InputReader: Reconfiguring input devices.  changes=0x00000010
Android Tests (5)	UNKNOWN STEP	2026-02-25T20:33:49.1301188Z 02-25 20:33:29.170  1943  1943 I RoleManagerService: Granting default permissions...
Android Tests (5)	UNKNOWN STEP	2026-02-25T20:33:49.1302160Z 02-25 20:33:29.171  1943  1943 W Looper  : Slow dispatch took 125ms main h=android.app.ActivityThread$H c=android.app.-$$Lambda$LoadedApk$ReceiverDispatcher$Args$_BumDX2UKsnxLVrE6UJsJZkotuA@3178aeb m=0
Android Tests (5)	UNKNOWN STEP	2026-02-25T20:33:49.1303835Z 02-25 20:33:29.192  1943  1960 W BroadcastQueue: Background execution not allowed: receiving Intent { act=android.intent.action.PACKAGE_ADDED dat=package:art.substitution.substitution flg=0x4000010 (has extras) } to com.android.packageinstaller/.PackageInstalledReceiver
Android Tests (5)	UNKNOWN STEP	2026-02-25T20:33:49.1306277Z 02-25 20:33:29.216  1943  1972 W BroadcastQueue: Background execution not allowed: receiving Intent { act=android.intent.action.PACKAGE_ADDED dat=package:art.substitution.substitution flg=0x4000010 (has extras) } to com.android.gallery3d/.app.PackagesMonitor
Android Tests (5)	UNKNOWN STEP	2026-02-25T20:33:49.1308810Z 02-25 20:33:29.227  1943  1972 W BroadcastQueue: Background execution not allowed: receiving Intent { act=android.intent.action.PACKAGE_ADDED dat=package:art.substitution.substitution flg=0x4000010 (has extras) } to com.android.musicfx/.Compatibility$Receiver
Android Tests (5)	UNKNOWN STEP	2026-02-25T20:33:49.1309963Z 02-25 20:33:29.272  1943  1963 W Looper  : Slow dispatch took 102ms android.fg h=android.os.Handler c=<recycled PooledLambda@7086471> m=0
Android Tests (5)	UNKNOWN STEP	2026-02-25T20:33:49.1310532Z 02-25 20:33:29.679  2381  2381 D CarrierSvcBindHelper: No carrier app for: 0
Android Tests (5)	UNKNOWN STEP	2026-02-25T20:33:49.1311094Z 02-25 20:33:29.739  1943  1963 W Looper  : Slow delivery took 210ms android.fg h=android.os.Handler c=<recycled PooledLambda@356a7ec> m=0
Android Tests (5)	UNKNOWN STEP	2026-02-25T20:33:49.1311653Z 02-25 20:33:30.071  2381  2381 D CarrierConfigLoader: mHandler: 9 phoneId: 0
Android Tests (5)	UNKNOWN STEP	2026-02-25T20:33:49.1311999Z 02-25 20:33:30.177  1943  1963 W Looper  : Drained
Android Tests (5)	UNKNOWN STEP	2026-02-25T20:33:49.1312721Z 02-25 20:33:30.475  1943  1943 W Looper  : Slow dispatch took 1303ms main h=android.app.ActivityThread$H c=android.app.-$$Lambda$LoadedApk$ReceiverDispatcher$Args$_BumDX2UKsnxLVrE6UJsJZkotuA@72f181d m=0
Android Tests (5)	UNKNOWN STEP	2026-02-25T20:33:49.1313855Z 02-25 20:33:30.785  1943  1943 W Looper  : Slow delivery took 1453ms main h=android.app.ActivityThread$H c=android.app.-$$Lambda$LoadedApk$ReceiverDispatcher$Args$_BumDX2UKsnxLVrE6UJsJZkotuA@be87dde m=0
Android Tests (5)	UNKNOWN STEP	2026-02-25T20:33:49.1315240Z 02-25 20:33:30.785  1943  1943 W Looper  : Slow dispatch took 309ms main h=android.app.ActivityThread$H c=android.app.-$$Lambda$LoadedApk$ReceiverDispatcher$Args$_BumDX2UKsnxLVrE6UJsJZkotuA@be87dde m=0
Android Tests (5)	UNKNOWN STEP	2026-02-25T20:33:49.1316334Z 02-25 20:33:30.942  2143  2156 I ssioncontrolle: Background young concurrent copying GC freed 1(23KB) AllocSpace objects, 0(0B) LOS objects, 4% free, 1547KB/1626KB, paused 7.721ms total 114.544ms
Android Tests (5)	UNKNOWN STEP	2026-02-25T20:33:49.1317417Z 02-25 20:33:31.009  1943  1943 W Looper  : Slow dispatch took 165ms main h=android.app.ActivityThread$H c=android.app.-$$Lambda$LoadedApk$ReceiverDispatcher$Args$_BumDX2UKsnxLVrE6UJsJZkotuA@e7a99ea m=0
Android Tests (5)	UNKNOWN STEP	2026-02-25T20:33:49.1318358Z 02-25 20:33:31.019  1943  1943 I Telecom : DefaultDialerCache: Refreshing default dialer for user 0: now com.android.dialer: DDC.oR@AP8
Android Tests (5)	UNKNOWN STEP	2026-02-25T20:33:49.1319057Z 02-25 20:33:31.149  1943  1943 V BackupManagerConstants: getFullBackupIntervalMilliseconds(...) returns 86400000
Android Tests (5)	UNKNOWN STEP	2026-02-25T20:33:49.1319679Z 02-25 20:33:31.150  1943  1943 V BackupManagerConstants: getFullBackupRequiredNetworkType(...) returns 2
Android Tests (5)	UNKNOWN STEP	2026-02-25T20:33:49.1320258Z 02-25 20:33:31.150  1943  1943 V BackupManagerConstants: getFullBackupRequireCharging(...) returns true
Android Tests (5)	UNKNOWN STEP	2026-02-25T20:33:49.1321110Z 02-25 20:33:31.162  1943  1943 W Looper  : Slow dispatch took 142ms main h=android.app.ActivityThread$H c=android.app.-$$Lambda$LoadedApk$ReceiverDispatcher$Args$_BumDX2UKsnxLVrE6UJsJZkotuA@ecffb78 m=0
Android Tests (5)	UNKNOWN STEP	2026-02-25T20:33:49.1322199Z 02-25 20:33:31.311  1943  1955 I system_server: Background concurrent copying GC freed 18400(1475KB) AllocSpace objects, 15(1160KB) LOS objects, 42% free, 7705KB/13MB, paused 299us total 2.409s
Android Tests (5)	UNKNOWN STEP	2026-02-25T20:33:49.1323065Z 02-25 20:33:31.709  1943  1971 W VoiceInteractionManagerService: no available voice recognition services found for user 0
Android Tests (5)	UNKNOWN STEP	2026-02-25T20:33:49.1324060Z 02-25 20:33:32.084  1943  4225 I ActivityTaskManager: START u0 {act=android.intent.action.MAIN cat=[android.intent.category.LAUNCHER] flg=0x30000000 cmp=art.substitution.substitution/.MainActivity (has extras)} from uid 2000
Android Tests (5)	UNKNOWN STEP	2026-02-25T20:33:49.1325112Z 02-25 20:33:32.442  1943  3902 W InputReader: Device has associated, but no associated display id.
Android Tests (5)	UNKNOWN STEP	2026-02-25T20:33:49.1325696Z 02-25 20:33:32.520  1943  1966 W ActivityManager: Slow operation: 80ms so far, now at startProcess: done starting proc!
Android Tests (5)	UNKNOWN STEP	2026-02-25T20:33:49.1326162Z 02-25 20:33:32.704  1943  1943 W Looper  : Drained
Android Tests (5)	UNKNOWN STEP	2026-02-25T20:33:49.1326530Z 02-25 20:33:32.442  1943  3902 I chatty  : uid=1000(system) Binder:1943_11 identical 8 lines
Android Tests (5)	UNKNOWN STEP	2026-02-25T20:33:49.1327021Z 02-25 20:33:32.442  1943  3902 W InputReader: Device has associated, but no associated display id.
Android Tests (5)	UNKNOWN STEP	2026-02-25T20:33:49.1327556Z 02-25 20:33:33.280  5180  5180 I on.substitutio: Late-enabling -Xcheck:jni
Android Tests (5)	UNKNOWN STEP	2026-02-25T20:33:49.1328265Z 02-25 20:33:33.314  2143  2156 I ssioncontrolle: Background concurrent copying GC freed 7317(454KB) AllocSpace objects, 0(0B) LOS objects, 57% free, 1141KB/2677KB, paused 80us total 536.533ms
Android Tests (5)	UNKNOWN STEP	2026-02-25T20:33:49.1328962Z 02-25 20:33:33.331  1688  1688 D Zygote  : Forked child process 5180
Android Tests (5)	UNKNOWN STEP	2026-02-25T20:33:49.1329469Z 02-25 20:33:33.620  1943  1973 W ActivityManager: Slow operation: 1143ms so far, now at startProcess: returned from zygote!
Android Tests (5)	UNKNOWN STEP	2026-02-25T20:33:49.1330144Z 02-25 20:33:33.621  1943  1973 W ActivityManager: Slow operation: 1144ms so far, now at startProcess: done updating battery stats
Android Tests (5)	UNKNOWN STEP	2026-02-25T20:33:49.1330821Z 02-25 20:33:33.622  1943  1973 W ActivityManager: Slow operation: 1144ms so far, now at startProcess: building log message
Android Tests (5)	UNKNOWN STEP	2026-02-25T20:33:49.1331723Z 02-25 20:33:33.622  1943  1973 I ActivityManager: Start proc 5180:art.substitution.substitution/u0a132 for activity {art.substitution.substitution/art.substitution.substitution.MainActivity}
Android Tests (5)	UNKNOWN STEP	2026-02-25T20:33:49.1332655Z 02-25 20:33:33.622  1943  1973 W ActivityManager: Slow operation: 1145ms so far, now at startProcess: starting to update pids map
Android Tests (5)	UNKNOWN STEP	2026-02-25T20:33:49.1333332Z 02-25 20:33:33.623  1943  1973 W ActivityManager: Slow operation: 1146ms so far, now at startProcess: done updating pids map
Android Tests (5)	UNKNOWN STEP	2026-02-25T20:33:49.1333913Z 02-25 20:33:34.184  1943  1967 E system_server: Invalid ID 0x00000000.
Android Tests (5)	UNKNOWN STEP	2026-02-25T20:33:49.1334684Z 02-25 20:33:34.250  1943  1967 I Choreographer: Skipped 110 frames!  The application may be doing too much work on its main thread.
Android Tests (5)	UNKNOWN STEP	2026-02-25T20:33:49.1335295Z 02-25 20:33:34.320  1711  1758 D gralloc_ranchu: gralloc_alloc: Creating ashmem region of size 9850880
Android Tests (5)	UNKNOWN STEP	2026-02-25T20:33:49.1335801Z 02-25 20:33:34.474  5180  5180 E on.substitutio: Unknown bits set in runtime_flags: 0x8000
Android Tests (5)	UNKNOWN STEP	2026-02-25T20:33:49.1336304Z 02-25 20:33:34.625  5180  5180 W on.substitutio: Unexpected CPU variant for X86 using defaults: x86_64
Android Tests (5)	UNKNOWN STEP	2026-02-25T20:33:49.1336927Z 02-25 20:33:34.961  1943  1967 I Choreographer: Skipped 42 frames!  The application may be doing too much work on its main thread.
Android Tests (5)	UNKNOWN STEP	2026-02-25T20:33:49.1337477Z 02-25 20:33:34.973  1943  1971 I RoleUserState: Wrote roles.xml successfully
Android Tests (5)	UNKNOWN STEP	2026-02-25T20:33:49.1338090Z 02-25 20:33:35.053  1943  2367 W ActivityManager: Slow operation: 94ms so far, now at attachApplicationLocked: immediately before bindApplication
Android Tests (5)	UNKNOWN STEP	2026-02-25T20:33:49.1338892Z 02-25 20:33:35.079  1943  2367 W ActivityManager: Slow operation: 121ms so far, now at attachApplicationLocked: immediately after bindApplication
Android Tests (5)	UNKNOWN STEP	2026-02-25T20:33:49.1339673Z 02-25 20:33:35.102  1943  2367 W ActivityManager: Slow operation: 144ms so far, now at attachApplicationLocked: after updateLruProcessLocked
Android Tests (5)	UNKNOWN STEP	2026-02-25T20:33:49.1340315Z 02-25 20:33:35.109  1943  2367 W InputReader: Device has associated, but no associated display id.
Android Tests (5)	UNKNOWN STEP	2026-02-25T20:33:49.1340986Z 02-25 20:33:35.206  1943  2367 W ActivityManager: Slow operation: 247ms so far, now at attachApplicationLocked: after mServices.attachApplicationLocked
Android Tests (5)	UNKNOWN STEP	2026-02-25T20:33:49.1341645Z 02-25 20:33:35.173  1943  2367 I chatty  : uid=1000(system) Binder:1943_8 identical 28 lines
Android Tests (5)	UNKNOWN STEP	2026-02-25T20:33:49.1342130Z 02-25 20:33:35.173  1943  2367 W InputReader: Device has associated, but no associated display id.
Android Tests (5)	UNKNOWN STEP	2026-02-25T20:33:49.1342637Z 02-25 20:33:35.291  1943  1967 W InputReader: Device has associated, but no associated display id.
Android Tests (5)	UNKNOWN STEP	2026-02-25T20:33:49.1343115Z 02-25 20:33:35.291  1943  1967 I chatty  : uid=1000(system) android.anim identical 8 lines
Android Tests (5)	UNKNOWN STEP	2026-02-25T20:33:49.1343594Z 02-25 20:33:35.291  1943  1967 W InputReader: Device has associated, but no associated display id.
Android Tests (5)	UNKNOWN STEP	2026-02-25T20:33:49.1344145Z 02-25 20:33:35.570  2776  2867 D EGL_emulation: eglMakeCurrent: 0x7cdce97af440: ver 3 0 (tinfo 0x7cddc47fbd00)
Android Tests (5)	UNKNOWN STEP	2026-02-25T20:33:49.1344920Z 02-25 20:33:36.332  1943  2706 E TaskPersister: File error accessing recents directory (directory doesn't exist?).
Android Tests (5)	UNKNOWN STEP	2026-02-25T20:33:49.1345446Z 02-25 20:33:37.340  1763  1763 W adbd    : timeout expired while flushing socket, closing
Android Tests (5)	UNKNOWN STEP	2026-02-25T20:33:49.1346095Z 02-25 20:33:38.440  1943  4225 I ActivityManager: Force stopping art.substitution.substitution appid=10132 user=0: from pid 5202
Android Tests (5)	UNKNOWN STEP	2026-02-25T20:33:49.1346861Z 02-25 20:33:38.447  1943  4225 I ActivityManager: Killing 5180:art.substitution.substitution/u0a132 (adj 0): stop art.substitution.substitution
Android Tests (5)	UNKNOWN STEP	2026-02-25T20:33:49.1347759Z 02-25 20:33:38.453  1943  4225 W ActivityTaskManager: Force removing ActivityRecord{c007c42 u0 art.substitution.substitution/.MainActivity t22 f}: app died, no saved state
Android Tests (5)	UNKNOWN STEP	2026-02-25T20:33:49.1348469Z 02-25 20:33:38.539  1688  1688 I Zygote  : Process 5180 exited due to signal 9 (Killed)
Android Tests (5)	UNKNOWN STEP	2026-02-25T20:33:49.1348999Z 02-25 20:33:38.560  1943  1974 I libprocessgroup: Successfully killed process cgroup uid 10132 pid 5180 in 109ms
Android Tests (5)	UNKNOWN STEP	2026-02-25T20:33:49.1349659Z 02-25 20:33:38.566  1738  1839 D PermissionCache: checking android.permission.READ_FRAME_BUFFER for uid=1000 => granted (3217 us)
Android Tests (5)	UNKNOWN STEP	2026-02-25T20:33:49.1350276Z 02-25 20:33:38.574  1711  1758 D gralloc_ranchu: gralloc_alloc: Creating ashmem region of size 9850880
Android Tests (5)	UNKNOWN STEP	2026-02-25T20:33:49.1350798Z 02-25 20:33:38.808  1943  4225 W InputReader: Device has associated, but no associated display id.
Android Tests (5)	UNKNOWN STEP	2026-02-25T20:33:49.1351353Z 02-25 20:33:38.925  1943  4225 I chatty  : uid=1000(system) Binder:1943_14 identical 18 lines
Android Tests (5)	UNKNOWN STEP	2026-02-25T20:33:49.1351829Z 02-25 20:33:38.925  1943  4225 W InputReader: Device has associated, but no associated display id.
Android Tests (5)	UNKNOWN STEP	2026-02-25T20:33:49.1353335Z 02-25 20:33:38.968  1943  1967 W system_server: Long monitor contention with owner Binder:1943_14 (4225) at void com.android.server.wm.ActivityTaskManagerService$LocalService.handleAppDied(com.android.server.wm.WindowProcessController, boolean, java.lang.Runnable)(ActivityTaskManagerService.java:6758) waiters=1 in void com.android.server.wm.WindowAnimator.lambda$new$1$WindowAnimator(long) for 485ms
Android Tests (5)	UNKNOWN STEP	2026-02-25T20:33:49.1356288Z 02-25 20:33:38.977  1943  1966 W system_server: Long monitor contention with owner Binder:1943_14 (4225) at void com.android.server.wm.ActivityTaskManagerService$LocalService.handleAppDied(com.android.server.wm.WindowProcessController, boolean, java.lang.Runnable)(ActivityTaskManagerService.java:6758) waiters=0 in void com.android.server.wm.TaskChangeNotificationController$MainHandler.handleMessage(android.os.Message) for 524ms
Android Tests (5)	UNKNOWN STEP	2026-02-25T20:33:49.1358454Z 02-25 20:33:39.092  1943  1967 W WindowManager: Failed looking up window callers=com.android.server.wm.WindowManagerService.windowForClientLocked:5281 com.android.server.wm.WindowManagerService.removeWindow:1753 com.android.server.wm.Session.remove:176 
Android Tests (5)	UNKNOWN STEP	2026-02-25T20:33:49.1359601Z 02-25 20:33:39.168  1943  1971 I ActivityTaskManager: Displayed art.substitution.substitution/.MainActivity: +6s970ms
Android Tests (5)	UNKNOWN STEP	2026-02-25T20:33:49.1360186Z 02-25 20:33:39.177  1711  1758 D gralloc_ranchu: gralloc_alloc: Creating ashmem region of size 9850880
Android Tests (5)	UNKNOWN STEP	2026-02-25T20:33:49.1361485Z 02-25 20:33:39.186  1943  1964 W system_server: Long monitor contention with owner Binder:1943_14 (4225) at void com.android.server.am.ActivityManagerService.forceStopPackage(java.lang.String, int)(ActivityManagerService.java:4245) waiters=0 in void com.android.server.am.ActivityManagerService.dispatchUidsChanged() for 745ms
Android Tests (5)	UNKNOWN STEP	2026-02-25T20:33:49.1362790Z 02-25 20:33:39.227  2776  2867 D EGL_emulation: eglMakeCurrent: 0x7cdce97af440: ver 3 0 (tinfo 0x7cddc47fbd00)
Android Tests (5)	UNKNOWN STEP	2026-02-25T20:33:49.1363352Z 02-25 20:33:39.232  1711  1758 D gralloc_ranchu: gralloc_alloc: Creating ashmem region of size 9850880
Android Tests (5)	UNKNOWN STEP	2026-02-25T20:33:49.1364017Z 02-25 20:33:39.335  1943  1964 W Looper  : Slow dispatch took 895ms android.ui h=com.android.server.am.ActivityManagerService$UiHandler c=null m=53
Android Tests (5)	UNKNOWN STEP	2026-02-25T20:33:49.1364987Z 02-25 20:33:39.336  1943  1964 W Looper  : Slow delivery took 887ms android.ui h=com.android.server.am.ActivityManagerService$UiHandler c=null m=32
Android Tests (5)	UNKNOWN STEP	2026-02-25T20:33:49.1365654Z 02-25 20:33:39.303  1711  1758 D gralloc_ranchu: gralloc_alloc: Creating ashmem region of size 9850880
Android Tests (5)	UNKNOWN STEP	2026-02-25T20:33:49.1366205Z 02-25 20:33:39.346  2381  2381 D CarrierSvcBindHelper: No carrier app for: 0
Android Tests (5)	UNKNOWN STEP	2026-02-25T20:33:49.1366580Z 02-25 20:33:39.413  1943  1964 W Looper  : Drained
Android Tests (5)	UNKNOWN STEP	2026-02-25T20:33:49.1367172Z 02-25 20:33:39.849  1738  1983 E SurfaceFlinger: ro.sf.lcd_density must be defined as a build property
Android Tests (5)	UNKNOWN STEP	2026-02-25T20:33:49.1368010Z 02-25 20:33:39.855  1738  1983 E SurfaceFlinger: ro.sf.lcd_density must be defined as a build property
Android Tests (5)	UNKNOWN STEP	2026-02-25T20:33:49.1368865Z 02-25 20:33:39.884  1943  5206 D libEGL  : Emulator has host GPU support, qemu.gles is set to 1.
Android Tests (5)	UNKNOWN STEP	2026-02-25T20:33:49.1369731Z 02-25 20:33:40.034  1943  5206 W libc    : Unable to set property "qemu.gles" to "1": error code: 0x18
Android Tests (5)	UNKNOWN STEP	2026-02-25T20:33:49.1370562Z 02-25 20:33:40.050  1943  5206 D libEGL  : loaded /vendor/lib64/egl/libEGL_emulation.so
Android Tests (5)	UNKNOWN STEP	2026-02-25T20:33:49.1371387Z 02-25 20:33:40.081  1943  5206 D libEGL  : loaded /vendor/lib64/egl/libGLESv1_CM_emulation.so
Android Tests (5)	UNKNOWN STEP	2026-02-25T20:33:49.1372180Z 02-25 20:33:40.100  1943  5206 D libEGL  : loaded /vendor/lib64/egl/libGLESv2_emulation.so
Android Tests (5)	UNKNOWN STEP	2026-02-25T20:33:49.1373515Z 02-25 20:33:40.129  2776  2793 I droid.launcher: NativeAlloc concurrent copying GC freed 15323(724KB) AllocSpace objects, 1(96KB) LOS objects, 49% free, 2765KB/5531KB, paused 101us total 546.861ms
Android Tests (5)	UNKNOWN STEP	2026-02-25T20:33:49.1375542Z 02-25 20:33:40.325  1943  5206 D HostConnection: HostConnection::get() New Host Connection established 0x7cdce3af8d80, tid 5206
Android Tests (5)	UNKNOWN STEP	2026-02-25T20:33:49.1380253Z 02-25 20:33:40.333  1943  5206 D HostConnection: HostComposition ext ANDROID_EMU_CHECKSUM_HELPER_v1 ANDROID_EMU_native_sync_v2 ANDROID_EMU_dma_v1 ANDROID_EMU_direct_mem ANDROID_EMU_host_composition_v1 ANDROID_EMU_host_composition_v2 ANDROID_EMU_vulkan ANDROID_EMU_deferred_vulkan_commands ANDROID_EMU_vulkan_create_resources_with_requirements ANDROID_EMU_vulkan_free_memory_sync ANDROID_EMU_vulkan_shader_float16_int8 ANDROID_EMU_vulkan_async_queue_submit ANDROID_EMU_sync_buffer_data ANDROID_EMU_vulkan_async_qsri ANDROID_EMU_hwc_color_transform GL_OES_EGL_image_external_essl3 GL_OES_vertex_array_object GL_KHR_texture_compression_astc_ldr ANDROID_EMU_host_side_tracing ANDROID_EMU_gles_max_version_3_0 
Android Tests (5)	UNKNOWN STEP	2026-02-25T20:33:49.1384818Z 02-25 20:33:40.375  1943  5206 D EGL_emulation: eglCreateContext: 0x7cdce06f3a20: maj 3 min 0 rcv 3
Android Tests (5)	UNKNOWN STEP	2026-02-25T20:33:49.1385848Z 02-25 20:33:40.393  1943  5206 D EGL_emulation: eglMakeCurrent: 0x7cdce06f3a20: ver 3 0 (tinfo 0x7cdce39cb540)
Android Tests (5)	UNKNOWN STEP	2026-02-25T20:33:49.1387411Z 02-25 20:33:40.661  2125  2139 I ndroid.systemu: NativeAlloc concurrent copying GC freed 21675(1302KB) AllocSpace objects, 0(0B) LOS objects, 49% free, 5163KB/10MB, paused 93us total 1.080s
Android Tests (5)	UNKNOWN STEP	2026-02-25T20:33:49.1389321Z 02-25 20:33:40.940  1943  1955 I system_server: NativeAlloc concurrent copying GC freed 15670(1065KB) AllocSpace objects, 14(472KB) LOS objects, 42% free, 7170KB/12MB, paused 171us total 258.968ms
Android Tests (5)	UNKNOWN STEP	2026-02-25T20:33:49.1390733Z 02-25 20:33:42.421  1943  2706 E TaskPersister: File error accessing recents directory (directory doesn't exist?).
Android Tests (5)	UNKNOWN STEP	2026-02-25T20:33:49.1391330Z 
Android Tests (5)	UNKNOWN STEP	2026-02-25T20:33:49.1391483Z === test-results/android-tests.log ===
Android Tests (5)	UNKNOWN STEP	2026-02-25T20:33:49.1392322Z   package:flutter_test/src/binding.dart 2679:15                                                      LiveTestWidgetsFlutterBinding.dispatchEvent
Android Tests (5)	UNKNOWN STEP	2026-02-25T20:33:49.1393468Z   package:flutter/src/gestures/binding.dart 437:7                                                    GestureBinding._handlePointerEventImmediately
Android Tests (5)	UNKNOWN STEP	2026-02-25T20:33:49.1394640Z   package:flutter/src/gestures/binding.dart 394:5                                                    GestureBinding.handlePointerEvent
Android Tests (5)	UNKNOWN STEP	2026-02-25T20:33:49.1395325Z   package:flutter_test/src/binding.dart 2651:15                                                      LiveTestWidgetsFlutterBinding.handlePointerEvent
Android Tests (5)	UNKNOWN STEP	2026-02-25T20:33:49.1396076Z   package:flutter_test/src/binding.dart 1301:42                                                      TestWidgetsFlutterBinding.handlePointerEventForSource.<fn>
Android Tests (5)	UNKNOWN STEP	2026-02-25T20:33:49.1396953Z   package:flutter_test/src/binding.dart 1311:11                                                      TestWidgetsFlutterBinding.withPointerEventSource
Android Tests (5)	UNKNOWN STEP	2026-02-25T20:33:49.1397701Z   package:flutter_test/src/binding.dart 1301:5                                                       TestWidgetsFlutterBinding.handlePointerEventForSource
Android Tests (5)	UNKNOWN STEP	2026-02-25T20:33:49.1398405Z   package:flutter_test/src/widget_tester.dart 869:15                                                 WidgetTester.sendEventToBinding.<fn>
Android Tests (5)	UNKNOWN STEP	2026-02-25T20:33:49.1398956Z   dart:async                                                                                         _CustomZone.run
Android Tests (5)	UNKNOWN STEP	2026-02-25T20:33:49.1399489Z   package:flutter_test/src/test_async_utils.dart 74:41                                               TestAsyncUtils.guard
Android Tests (5)	UNKNOWN STEP	2026-02-25T20:33:49.1400112Z   package:flutter_test/src/widget_tester.dart 868:27                                                 WidgetTester.sendEventToBinding
Android Tests (5)	UNKNOWN STEP	2026-02-25T20:33:49.1400725Z   package:flutter_test/src/test_pointer.dart 587:26                                                  TestGesture.up.<fn>
Android Tests (5)	UNKNOWN STEP	2026-02-25T20:33:49.1401229Z   dart:async                                                                                         _CustomZone.run
Android Tests (5)	UNKNOWN STEP	2026-02-25T20:33:49.1401750Z   package:flutter_test/src/test_async_utils.dart 74:41                                               TestAsyncUtils.guard
Android Tests (5)	UNKNOWN STEP	2026-02-25T20:33:49.1402412Z   package:flutter_test/src/test_pointer.dart 580:27                                                  TestGesture.up
Android Tests (5)	UNKNOWN STEP	2026-02-25T20:33:49.1403006Z   package:flutter_test/src/controller.dart 1136:21                                                   WidgetController.tapAt.<fn>
Android Tests (5)	UNKNOWN STEP	2026-02-25T20:33:49.1403469Z   ===== asynchronous gap ===========================
Android Tests (5)	UNKNOWN STEP	2026-02-25T20:33:49.1403863Z   dart:async                                                                                         _CustomZone.registerUnaryCallback
Android Tests (5)	UNKNOWN STEP	2026-02-25T20:33:49.1404495Z   package:flutter_test/src/controller.dart 1129:35                                                   WidgetController.tapAt.<fn>
Android Tests (5)	UNKNOWN STEP	2026-02-25T20:33:49.1405019Z   dart:async                                                                                         _CustomZone.run
Android Tests (5)	UNKNOWN STEP	2026-02-25T20:33:49.1405532Z   package:flutter_test/src/test_async_utils.dart 74:41                                               TestAsyncUtils.guard
Android Tests (5)	UNKNOWN STEP	2026-02-25T20:33:49.1406124Z   package:flutter_test/src/controller.dart 1128:27                                                   WidgetController.tapAt
Android Tests (5)	UNKNOWN STEP	2026-02-25T20:33:49.1406717Z   package:flutter_test/src/controller.dart 1060:12                                                   WidgetController.tap
Android Tests (5)	UNKNOWN STEP	2026-02-25T20:33:49.1407415Z   home/runner/work/substitution/substitution/integration_test/onboarding_and_login_test.dart 58:22   main.<fn>.navigateToHostPage
Android Tests (5)	UNKNOWN STEP	2026-02-25T20:33:49.1408169Z   home/runner/work/substitution/substitution/integration_test/onboarding_and_login_test.dart 297:15  main.<fn>.<fn>
Android Tests (5)	UNKNOWN STEP	2026-02-25T20:33:49.1408685Z   ===== asynchronous gap ===========================
Android Tests (5)	UNKNOWN STEP	2026-02-25T20:33:49.1409090Z   dart:async                                                                                         _CustomZone.registerUnaryCallback
Android Tests (5)	UNKNOWN STEP	2026-02-25T20:33:49.1409689Z   home/runner/work/substitution/substitution/integration_test/onboarding_and_login_test.dart 289:9   main.<fn>.<fn>
Android Tests (5)	UNKNOWN STEP	2026-02-25T20:33:49.1410337Z   package:flutter_test/src/widget_tester.dart 192:29                                                 testWidgets.<fn>.<fn>
Android Tests (5)	UNKNOWN STEP	2026-02-25T20:33:49.1410781Z   ===== asynchronous gap ===========================
Android Tests (5)	UNKNOWN STEP	2026-02-25T20:33:49.1411158Z   dart:async                                                                                         _CustomZone.registerUnaryCallback
Android Tests (5)	UNKNOWN STEP	2026-02-25T20:33:49.1411704Z   package:flutter_test/src/widget_tester.dart 189:25                                                 testWidgets.<fn>.<fn>
Android Tests (5)	UNKNOWN STEP	2026-02-25T20:33:49.1412313Z   package:flutter_test/src/binding.dart 1682:19                                                      TestWidgetsFlutterBinding._runTestBody
Android Tests (5)	UNKNOWN STEP	2026-02-25T20:33:49.1412772Z   ===== asynchronous gap ===========================
Android Tests (5)	UNKNOWN STEP	2026-02-25T20:33:49.1413212Z   dart:async                                                                                         _CustomZone.registerUnaryCallback
Android Tests (5)	UNKNOWN STEP	2026-02-25T20:33:49.1413773Z   package:flutter_test/src/binding.dart 1671:5                                                       TestWidgetsFlutterBinding._runTestBody
Android Tests (5)	UNKNOWN STEP	2026-02-25T20:33:49.1414429Z   dart:async                                                                                         _CustomZone.runBinary
Android Tests (5)	UNKNOWN STEP	2026-02-25T20:33:49.1414995Z   package:flutter_test/src/binding.dart 1656:10                                                      TestWidgetsFlutterBinding._runTest
Android Tests (5)	UNKNOWN STEP	2026-02-25T20:33:49.1415616Z   package:flutter_test/src/binding.dart 2759:12                                                      LiveTestWidgetsFlutterBinding.runTest
Android Tests (5)	UNKNOWN STEP	2026-02-25T20:33:49.1416285Z   package:integration_test/integration_test.dart 237:17                                              IntegrationTestWidgetsFlutterBinding.runTest
Android Tests (5)	UNKNOWN STEP	2026-02-25T20:33:49.1416939Z   package:flutter_test/src/widget_tester.dart 184:24                                                 testWidgets.<fn>
Android Tests (5)	UNKNOWN STEP	2026-02-25T20:33:49.1417385Z   ===== asynchronous gap ===========================
Android Tests (5)	UNKNOWN STEP	2026-02-25T20:33:49.1417844Z   package:stream_channel                                                                             _GuaranteeSink.add
Android Tests (5)	UNKNOWN STEP	2026-02-25T20:33:49.1418417Z   tmp/flutter_tools.TDZYRH/flutter_test_listener.EKQFPX/listener.dart 56:22                          main.<fn>
Android Tests (5)	UNKNOWN STEP	2026-02-25T20:33:49.1418851Z   
Android Tests (5)	UNKNOWN STEP	2026-02-25T20:33:49.1419272Z 09:45 +1 -3: /home/runner/work/substitution/substitution/integration_test/onboarding_and_login_test.dart: (tearDownAll)
Android Tests (5)	UNKNOWN STEP	2026-02-25T20:33:49.1419937Z 09:51 +1 -3: loading /home/runner/work/substitution/substitution/integration_test/profile_edit_test.dart
Android Tests (5)	UNKNOWN STEP	2026-02-25T20:33:49.1420443Z Running Gradle task 'assembleDebug'...                             18.3s
Android Tests (5)	UNKNOWN STEP	2026-02-25T20:33:49.1421020Z ✓ Built build/app/outputs/flutter-apk/app-debug.apk
Android Tests (5)	UNKNOWN STEP	2026-02-25T20:33:49.1421423Z Installing build/app/outputs/flutter-apk/app-debug.apk...          12.9s
Android Tests (5)	UNKNOWN STEP	2026-02-25T20:33:49.1421960Z 11:06 +1 -3: loading /home/runner/work/substitution/substitution/integration_test/feed_with_matrix_test.dart
Android Tests (5)	UNKNOWN STEP	2026-02-25T20:33:49.1422488Z Running Gradle task 'assembleDebug'...                             26.4s
Android Tests (5)	UNKNOWN STEP	2026-02-25T20:33:49.1422899Z ✓ Built build/app/outputs/flutter-apk/app-debug.apk
Android Tests (5)	UNKNOWN STEP	2026-02-25T20:33:49.1423275Z Installing build/app/outputs/flutter-apk/app-debug.apk...          16.1s
Android Tests (5)	UNKNOWN STEP	2026-02-25T20:33:49.1423785Z 12:36 +1 -3: loading /home/runner/work/substitution/substitution/integration_test/login_debug_test.dart
Android Tests (5)	UNKNOWN STEP	2026-02-25T20:33:49.1424349Z Running Gradle task 'assembleDebug'...                             26.3s
Android Tests (5)	UNKNOWN STEP	2026-02-25T20:33:49.1424752Z ✓ Built build/app/outputs/flutter-apk/app-debug.apk
Android Tests (5)	UNKNOWN STEP	2026-02-25T20:33:49.1425125Z Installing build/app/outputs/flutter-apk/app-debug.apk...          12.4s
Android Tests (5)	UNKNOWN STEP	2026-02-25T20:33:49.1425637Z 14:05 +1 -3: loading /home/runner/work/substitution/substitution/integration_test/profile_view_test.dart
Android Tests (5)	UNKNOWN STEP	2026-02-25T20:33:49.1426136Z Running Gradle task 'assembleDebug'...                             18.2s
Android Tests (5)	UNKNOWN STEP	2026-02-25T20:33:49.1426532Z ✓ Built build/app/outputs/flutter-apk/app-debug.apk
Android Tests (5)	UNKNOWN STEP	2026-02-25T20:33:49.1426907Z Installing build/app/outputs/flutter-apk/app-debug.apk...          13.1s
Android Tests (5)	UNKNOWN STEP	2026-02-25T20:33:49.1427313Z Warning: A tag was used that wasn't specified in dart_test.yaml.
Android Tests (5)	UNKNOWN STEP	2026-02-25T20:33:49.1427644Z   integration was used in the suite itself
Android Tests (5)	UNKNOWN STEP	2026-02-25T20:33:49.1427833Z 
Android Tests (5)	UNKNOWN STEP	2026-02-25T20:33:49.1428079Z 15:21 +1 -3: loading /home/runner/work/substitution/substitution/integration_test/offline_test.dart
Android Tests (5)	UNKNOWN STEP	2026-02-25T20:33:49.1428577Z Running Gradle task 'assembleDebug'...                             17.6s
Android Tests (5)	UNKNOWN STEP	2026-02-25T20:33:49.1428968Z ✓ Built build/app/outputs/flutter-apk/app-debug.apk
Android Tests (5)	UNKNOWN STEP	2026-02-25T20:33:49.1429335Z Installing build/app/outputs/flutter-apk/app-debug.apk...          12.5s
Android Tests (5)	UNKNOWN STEP	2026-02-25T20:33:49.1429887Z Warning: A tag was used that wasn't specified in dart_test.yaml.
Android Tests (5)	UNKNOWN STEP	2026-02-25T20:33:49.1430300Z   integration was used in the suite itself
Android Tests (5)	UNKNOWN STEP	2026-02-25T20:33:49.1430482Z 
Android Tests (5)	UNKNOWN STEP	2026-02-25T20:33:49.1430750Z 16:37 +1 -3: loading /home/runner/work/substitution/substitution/integration_test/comment_nesting_test.dart
Android Tests (5)	UNKNOWN STEP	2026-02-25T20:33:49.1431270Z Running Gradle task 'assembleDebug'...                             25.9s
Android Tests (5)	UNKNOWN STEP	2026-02-25T20:33:49.1431673Z ✓ Built build/app/outputs/flutter-apk/app-debug.apk
Android Tests (5)	UNKNOWN STEP	2026-02-25T20:33:49.1432047Z Installing build/app/outputs/flutter-apk/app-debug.apk...          16.7s
Android Tests (5)	UNKNOWN STEP	2026-02-25T20:33:49.1432603Z 18:08 +1 -3: loading /home/runner/work/substitution/substitution/integration_test/refresh_logic_with_matrix_test.dart
Android Tests (5)	UNKNOWN STEP	2026-02-25T20:33:49.1433145Z Running Gradle task 'assembleDebug'...                             26.4s
Android Tests (5)	UNKNOWN STEP	2026-02-25T20:33:49.1433538Z ✓ Built build/app/outputs/flutter-apk/app-debug.apk
Android Tests (5)	UNKNOWN STEP	2026-02-25T20:33:49.1433893Z Installing build/app/outputs/flutter-apk/app-debug.apk...          15.8s
Android Tests (5)	UNKNOWN STEP	2026-02-25T20:33:49.1434560Z 19:38 +1 -3: loading /home/runner/work/substitution/substitution/integration_test/logout_test.dart
Android Tests (5)	UNKNOWN STEP	2026-02-25T20:33:49.1435048Z Running Gradle task 'assembleDebug'...                             26.4s
Android Tests (5)	UNKNOWN STEP	2026-02-25T20:33:49.1435442Z ✓ Built build/app/outputs/flutter-apk/app-debug.apk
Android Tests (5)	UNKNOWN STEP	2026-02-25T20:33:49.1435882Z Installing build/app/outputs/flutter-apk/app-debug.apk...          13.2s
Android Tests (5)	UNKNOWN STEP	2026-02-25T20:33:49.1436410Z 21:11 +1 -3: loading /home/runner/work/substitution/substitution/integration_test/registration_button_test.dart
Android Tests (5)	UNKNOWN STEP	2026-02-25T20:33:49.1436928Z Running Gradle task 'assembleDebug'...                             25.9s
Android Tests (5)	UNKNOWN STEP	2026-02-25T20:33:49.1437312Z ✓ Built build/app/outputs/flutter-apk/app-debug.apk
Android Tests (5)	UNKNOWN STEP	2026-02-25T20:33:49.1437672Z Installing build/app/outputs/flutter-apk/app-debug.apk...          12.3s
Android Tests (5)	UNKNOWN STEP	2026-02-25T20:33:49.1438176Z 22:40 +1 -3: loading /home/runner/work/substitution/substitution/integration_test/room_feed_test.dart
Android Tests (5)	UNKNOWN STEP	2026-02-25T20:33:49.1438670Z Running Gradle task 'assembleDebug'...                             18.0s
Android Tests (5)	UNKNOWN STEP	2026-02-25T20:33:49.1439071Z ✓ Built build/app/outputs/flutter-apk/app-debug.apk
Android Tests (5)	UNKNOWN STEP	2026-02-25T20:33:49.1439434Z Installing build/app/outputs/flutter-apk/app-debug.apk...          13.0s
Android Tests (5)	UNKNOWN STEP	2026-02-25T20:33:49.1439837Z Warning: A tag was used that wasn't specified in dart_test.yaml.
Android Tests (5)	UNKNOWN STEP	2026-02-25T20:33:49.1440160Z   integration was used in the suite itself
Android Tests (5)	UNKNOWN STEP	2026-02-25T20:33:49.1440339Z 
Android Tests (5)	UNKNOWN STEP	2026-02-25T20:33:49.1440610Z 23:58 +1 -3: loading /home/runner/work/substitution/substitution/integration_test/room_permissions_test.dart
Android Tests (5)	UNKNOWN STEP	2026-02-25T20:33:49.1441121Z Running Gradle task 'assembleDebug'...                             18.2s
Android Tests (5)	UNKNOWN STEP	2026-02-25T20:33:49.1441513Z ✓ Built build/app/outputs/flutter-apk/app-debug.apk
Android Tests (5)	UNKNOWN STEP	2026-02-25T20:33:49.1441878Z Installing build/app/outputs/flutter-apk/app-debug.apk...          13.2s
Android Tests (5)	UNKNOWN STEP	2026-02-25T20:33:49.1442311Z Error waiting for a debug connection: The log reader stopped unexpectedly
Android Tests (5)	UNKNOWN STEP	2026-02-25T20:33:49.1465394Z ##[group]Run docker compose down -v
Android Tests (5)	UNKNOWN STEP	2026-02-25T20:33:49.1465718Z [36;1mdocker compose down -v[0m
Android Tests (5)	UNKNOWN STEP	2026-02-25T20:33:49.1492734Z shell: /usr/bin/bash -e {0}
Android Tests (5)	UNKNOWN STEP	2026-02-25T20:33:49.1492975Z env:
Android Tests (5)	UNKNOWN STEP	2026-02-25T20:33:49.1493145Z   CACHE_VERSION: v1
Android Tests (5)	UNKNOWN STEP	2026-02-25T20:33:49.1493467Z   JAVA_HOME: /opt/hostedtoolcache/Java_Temurin-Hotspot_jdk/17.0.18-8/x64
Android Tests (5)	UNKNOWN STEP	2026-02-25T20:33:49.1493937Z   JAVA_HOME_17_X64: /opt/hostedtoolcache/Java_Temurin-Hotspot_jdk/17.0.18-8/x64
Android Tests (5)	UNKNOWN STEP	2026-02-25T20:33:49.1494438Z   FLUTTER_ROOT: /opt/hostedtoolcache/flutter/stable-3.41.2-x64
Android Tests (5)	UNKNOWN STEP	2026-02-25T20:33:49.1494757Z   PUB_CACHE: /home/runner/.pub-cache
Android Tests (5)	UNKNOWN STEP	2026-02-25T20:33:49.1495026Z   ANDROID_AVD_HOME: /home/runner/.android/avd
Android Tests (5)	UNKNOWN STEP	2026-02-25T20:33:49.1495279Z ##[endgroup]
Android Tests (5)	UNKNOWN STEP	2026-02-25T20:33:49.2515456Z time="2026-02-25T20:33:49Z" level=warning msg="/home/runner/work/substitution/substitution/docker-compose.yml: the attribute `version` is obsolete, it will be ignored, please remove it to avoid potential confusion"
Android Tests (5)	UNKNOWN STEP	2026-02-25T20:33:49.2564524Z  Container substitution-redis-1  Stopping
Android Tests (5)	UNKNOWN STEP	2026-02-25T20:33:49.2566018Z  Container substitution-matrix-synapse-1  Stopping
Android Tests (5)	UNKNOWN STEP	2026-02-25T20:33:49.4408329Z  Container substitution-redis-1  Stopped
Android Tests (5)	UNKNOWN STEP	2026-02-25T20:33:49.4411551Z  Container substitution-redis-1  Removing
Android Tests (5)	UNKNOWN STEP	2026-02-25T20:33:49.4514681Z  Container substitution-redis-1  Removed
Android Tests (5)	UNKNOWN STEP	2026-02-25T20:33:49.4698453Z  Container substitution-matrix-synapse-1  Stopped
Android Tests (5)	UNKNOWN STEP	2026-02-25T20:33:49.4700456Z  Container substitution-matrix-synapse-1  Removing
Android Tests (5)	UNKNOWN STEP	2026-02-25T20:33:49.5195467Z  Container substitution-matrix-synapse-1  Removed
Android Tests (5)	UNKNOWN STEP	2026-02-25T20:33:49.5196381Z  Container substitution-postgres-1  Stopping
Android Tests (5)	UNKNOWN STEP	2026-02-25T20:33:49.5196927Z  Container substitution-dex-1  Stopping
Android Tests (5)	UNKNOWN STEP	2026-02-25T20:33:49.6335462Z  Container substitution-dex-1  Stopped
Android Tests (5)	UNKNOWN STEP	2026-02-25T20:33:49.6337021Z  Container substitution-dex-1  Removing
Android Tests (5)	UNKNOWN STEP	2026-02-25T20:33:49.6465453Z  Container substitution-dex-1  Removed
Android Tests (5)	UNKNOWN STEP	2026-02-25T20:33:49.6587532Z  Container substitution-postgres-1  Stopped
Android Tests (5)	UNKNOWN STEP	2026-02-25T20:33:49.6588929Z  Container substitution-postgres-1  Removing
Android Tests (5)	UNKNOWN STEP	2026-02-25T20:33:49.6948222Z  Container substitution-postgres-1  Removed
Android Tests (5)	UNKNOWN STEP	2026-02-25T20:33:49.6968865Z  Network substitution_substitution_network  Removing
Android Tests (5)	UNKNOWN STEP	2026-02-25T20:33:49.7951944Z  Network substitution_substitution_network  Removed
Android Tests (5)	UNKNOWN STEP	2026-02-25T20:33:49.8099050Z Post job cleanup.
Android Tests (5)	UNKNOWN STEP	2026-02-25T20:33:49.8164461Z Post job cleanup.
Android Tests (5)	UNKNOWN STEP	2026-02-25T20:33:49.9924613Z Post job cleanup.
Android Tests (5)	UNKNOWN STEP	2026-02-25T20:33:50.0828239Z [command]/usr/bin/git version
Android Tests (5)	UNKNOWN STEP	2026-02-25T20:33:50.0863591Z git version 2.53.0
Android Tests (5)	UNKNOWN STEP	2026-02-25T20:33:50.0911054Z Temporarily overriding HOME='/home/runner/work/_temp/23d2740c-2cf6-4dad-b929-ca9e50ab5ece' before making global git config changes
Android Tests (5)	UNKNOWN STEP	2026-02-25T20:33:50.0912373Z Adding repository directory to the temporary git global config as a safe directory
Android Tests (5)	UNKNOWN STEP	2026-02-25T20:33:50.0916904Z [command]/usr/bin/git config --global --add safe.directory /home/runner/work/substitution/substitution
Android Tests (5)	UNKNOWN STEP	2026-02-25T20:33:50.0956139Z [command]/usr/bin/git config --local --name-only --get-regexp core\.sshCommand
Android Tests (5)	UNKNOWN STEP	2026-02-25T20:33:50.0984593Z [command]/usr/bin/git submodule foreach --recursive sh -c "git config --local --name-only --get-regexp 'core\.sshCommand' && git config --local --unset-all 'core.sshCommand' || :"
Android Tests (5)	UNKNOWN STEP	2026-02-25T20:33:50.1209858Z [command]/usr/bin/git config --local --name-only --get-regexp http\.https\:\/\/github\.com\/\.extraheader
Android Tests (5)	UNKNOWN STEP	2026-02-25T20:33:50.1228936Z http.https://github.com/.extraheader
Android Tests (5)	UNKNOWN STEP	2026-02-25T20:33:50.1239787Z [command]/usr/bin/git config --local --unset-all http.https://github.com/.extraheader
Android Tests (5)	UNKNOWN STEP	2026-02-25T20:33:50.1267201Z [command]/usr/bin/git submodule foreach --recursive sh -c "git config --local --name-only --get-regexp 'http\.https\:\/\/github\.com\/\.extraheader' && git config --local --unset-all 'http.https://github.com/.extraheader' || :"
Android Tests (5)	UNKNOWN STEP	2026-02-25T20:33:50.1440537Z [command]/usr/bin/git config --local --name-only --get-regexp ^includeIf\.gitdir:
Android Tests (5)	UNKNOWN STEP	2026-02-25T20:33:50.1467479Z [command]/usr/bin/git submodule foreach --recursive git config --local --show-origin --name-only --get-regexp remote.origin.url
Android Tests (5)	UNKNOWN STEP	2026-02-25T20:33:50.1738392Z Cleaning up orphan processes
Android Tests (5)	UNKNOWN STEP	2026-02-25T20:33:50.2084029Z Terminate orphan process: pid (7702) (java)
Android Tests (5)	UNKNOWN STEP	2026-02-25T20:33:50.2154129Z Terminate orphan process: pid (8577) (java)
Android Tests (5)	UNKNOWN STEP	2026-02-25T20:33:50.2316871Z Terminate orphan process: pid (14609) (java)
Android Tests (1)	UNKNOWN STEP	﻿2026-02-25T19:48:13.5728493Z Current runner version: '2.331.0'
Android Tests (1)	UNKNOWN STEP	2026-02-25T19:48:13.5750539Z ##[group]Runner Image Provisioner
Android Tests (1)	UNKNOWN STEP	2026-02-25T19:48:13.5751379Z Hosted Compute Agent
Android Tests (1)	UNKNOWN STEP	2026-02-25T19:48:13.5751923Z Version: 20260213.493
Android Tests (1)	UNKNOWN STEP	2026-02-25T19:48:13.5752527Z Commit: 5c115507f6dd24b8de37d8bbe0bb4509d0cc0fa3
Android Tests (1)	UNKNOWN STEP	2026-02-25T19:48:13.5753304Z Build Date: 2026-02-13T00:28:41Z
Android Tests (1)	UNKNOWN STEP	2026-02-25T19:48:13.5753947Z Worker ID: {2286902d-e7c9-45e9-a2be-1e20defca968}
Android Tests (1)	UNKNOWN STEP	2026-02-25T19:48:13.5754644Z Azure Region: northcentralus
Android Tests (1)	UNKNOWN STEP	2026-02-25T19:48:13.5755174Z ##[endgroup]
Android Tests (1)	UNKNOWN STEP	2026-02-25T19:48:13.5756802Z ##[group]Operating System
Android Tests (1)	UNKNOWN STEP	2026-02-25T19:48:13.5757363Z Ubuntu
Android Tests (1)	UNKNOWN STEP	2026-02-25T19:48:13.5757937Z 24.04.3
Android Tests (1)	UNKNOWN STEP	2026-02-25T19:48:13.5758379Z LTS
Android Tests (1)	UNKNOWN STEP	2026-02-25T19:48:13.5758869Z ##[endgroup]
Android Tests (1)	UNKNOWN STEP	2026-02-25T19:48:13.5759412Z ##[group]Runner Image
Android Tests (1)	UNKNOWN STEP	2026-02-25T19:48:13.5759933Z Image: ubuntu-24.04
Android Tests (1)	UNKNOWN STEP	2026-02-25T19:48:13.5760445Z Version: 20260224.36.1
Android Tests (1)	UNKNOWN STEP	2026-02-25T19:48:13.5761671Z Included Software: https://github.com/actions/runner-images/blob/ubuntu24/20260224.36/images/ubuntu/Ubuntu2404-Readme.md
Android Tests (1)	UNKNOWN STEP	2026-02-25T19:48:13.5763064Z Image Release: https://github.com/actions/runner-images/releases/tag/ubuntu24%2F20260224.36
Android Tests (1)	UNKNOWN STEP	2026-02-25T19:48:13.5764054Z ##[endgroup]
Android Tests (1)	UNKNOWN STEP	2026-02-25T19:48:13.5765096Z ##[group]GITHUB_TOKEN Permissions
Android Tests (1)	UNKNOWN STEP	2026-02-25T19:48:13.5767679Z Contents: read
Android Tests (1)	UNKNOWN STEP	2026-02-25T19:48:13.5768228Z Metadata: read
Android Tests (1)	UNKNOWN STEP	2026-02-25T19:48:13.5768747Z Packages: read
Android Tests (1)	UNKNOWN STEP	2026-02-25T19:48:13.5769197Z ##[endgroup]
Android Tests (1)	UNKNOWN STEP	2026-02-25T19:48:13.5771188Z Secret source: Actions
Android Tests (1)	UNKNOWN STEP	2026-02-25T19:48:13.5772242Z Prepare workflow directory
Android Tests (1)	UNKNOWN STEP	2026-02-25T19:48:13.6244913Z Prepare all required actions
Android Tests (1)	UNKNOWN STEP	2026-02-25T19:48:13.6298794Z Getting action download info
Android Tests (1)	UNKNOWN STEP	2026-02-25T19:48:13.9876163Z Download action repository 'actions/checkout@v4' (SHA:34e114876b0b11c390a56381ad16ebd13914f8d5)
Android Tests (1)	UNKNOWN STEP	2026-02-25T19:48:14.1284068Z Download action repository 'actions/setup-java@v4' (SHA:c1e323688fd81a25caa38c78aa6df2d33d3e20d9)
Android Tests (1)	UNKNOWN STEP	2026-02-25T19:48:14.6828734Z Download action repository 'subosito/flutter-action@v2' (SHA:fd55f4c5af5b953cc57a2be44cb082c8f6635e8e)
Android Tests (1)	UNKNOWN STEP	2026-02-25T19:48:14.9642565Z Download action repository 'reactivecircus/android-emulator-runner@v2' (SHA:b530d96654c385303d652368551fb075bc2f0b6b)
Android Tests (1)	UNKNOWN STEP	2026-02-25T19:48:15.5136085Z Getting action download info
Android Tests (1)	UNKNOWN STEP	2026-02-25T19:48:15.6387007Z Download action repository 'actions/cache@v4' (SHA:0057852bfaa89a56745cba8c7296529d2fc39830)
Android Tests (1)	UNKNOWN STEP	2026-02-25T19:48:15.8143608Z Complete job name: Android Tests (1)
Android Tests (1)	UNKNOWN STEP	2026-02-25T19:48:15.9009835Z ##[group]Run actions/checkout@v4
Android Tests (1)	UNKNOWN STEP	2026-02-25T19:48:15.9011156Z with:
Android Tests (1)	UNKNOWN STEP	2026-02-25T19:48:15.9012084Z   repository: floffel/substitution
Android Tests (1)	UNKNOWN STEP	2026-02-25T19:48:15.9013393Z   token: ***
Android Tests (1)	UNKNOWN STEP	2026-02-25T19:48:15.9014225Z   ssh-strict: true
Android Tests (1)	UNKNOWN STEP	2026-02-25T19:48:15.9015126Z   ssh-user: git
Android Tests (1)	UNKNOWN STEP	2026-02-25T19:48:15.9016008Z   persist-credentials: true
Android Tests (1)	UNKNOWN STEP	2026-02-25T19:48:15.9017173Z   clean: true
Android Tests (1)	UNKNOWN STEP	2026-02-25T19:48:15.9078817Z   sparse-checkout-cone-mode: true
Android Tests (1)	UNKNOWN STEP	2026-02-25T19:48:15.9079889Z   fetch-depth: 1
Android Tests (1)	UNKNOWN STEP	2026-02-25T19:48:15.9080768Z   fetch-tags: false
Android Tests (1)	UNKNOWN STEP	2026-02-25T19:48:15.9081561Z   show-progress: true
Android Tests (1)	UNKNOWN STEP	2026-02-25T19:48:15.9082328Z   lfs: false
Android Tests (1)	UNKNOWN STEP	2026-02-25T19:48:15.9083049Z   submodules: false
Android Tests (1)	UNKNOWN STEP	2026-02-25T19:48:15.9083807Z   set-safe-directory: true
Android Tests (1)	UNKNOWN STEP	2026-02-25T19:48:15.9085078Z env:
Android Tests (1)	UNKNOWN STEP	2026-02-25T19:48:15.9085757Z   CACHE_VERSION: v1
Android Tests (1)	UNKNOWN STEP	2026-02-25T19:48:15.9086645Z ##[endgroup]
Android Tests (1)	UNKNOWN STEP	2026-02-25T19:48:16.0174359Z Syncing repository: floffel/substitution
Android Tests (1)	UNKNOWN STEP	2026-02-25T19:48:16.0177155Z ##[group]Getting Git version info
Android Tests (1)	UNKNOWN STEP	2026-02-25T19:48:16.0178558Z Working directory is '/home/runner/work/substitution/substitution'
Android Tests (1)	UNKNOWN STEP	2026-02-25T19:48:16.0180398Z [command]/usr/bin/git version
Android Tests (1)	UNKNOWN STEP	2026-02-25T19:48:16.0255948Z git version 2.53.0
Android Tests (1)	UNKNOWN STEP	2026-02-25T19:48:16.0282096Z ##[endgroup]
Android Tests (1)	UNKNOWN STEP	2026-02-25T19:48:16.0296394Z Temporarily overriding HOME='/home/runner/work/_temp/697baf97-3ef4-486b-a0f3-fb7089ebdd6d' before making global git config changes
Android Tests (1)	UNKNOWN STEP	2026-02-25T19:48:16.0299159Z Adding repository directory to the temporary git global config as a safe directory
Android Tests (1)	UNKNOWN STEP	2026-02-25T19:48:16.0301831Z [command]/usr/bin/git config --global --add safe.directory /home/runner/work/substitution/substitution
Android Tests (1)	UNKNOWN STEP	2026-02-25T19:48:16.0342399Z Deleting the contents of '/home/runner/work/substitution/substitution'
Android Tests (1)	UNKNOWN STEP	2026-02-25T19:48:16.0345383Z ##[group]Initializing the repository
Android Tests (1)	UNKNOWN STEP	2026-02-25T19:48:16.0349987Z [command]/usr/bin/git init /home/runner/work/substitution/substitution
Android Tests (1)	UNKNOWN STEP	2026-02-25T19:48:16.0466922Z hint: Using 'master' as the name for the initial branch. This default branch name
Android Tests (1)	UNKNOWN STEP	2026-02-25T19:48:16.0469320Z hint: will change to "main" in Git 3.0. To configure the initial branch name
Android Tests (1)	UNKNOWN STEP	2026-02-25T19:48:16.0472521Z hint: to use in all of your new repositories, which will suppress this warning,
Android Tests (1)	UNKNOWN STEP	2026-02-25T19:48:16.0475206Z hint: call:
Android Tests (1)	UNKNOWN STEP	2026-02-25T19:48:16.0476647Z hint:
Android Tests (1)	UNKNOWN STEP	2026-02-25T19:48:16.0478400Z hint: 	git config --global init.defaultBranch <name>
Android Tests (1)	UNKNOWN STEP	2026-02-25T19:48:16.0480638Z hint:
Android Tests (1)	UNKNOWN STEP	2026-02-25T19:48:16.0482546Z hint: Names commonly chosen instead of 'master' are 'main', 'trunk' and
Android Tests (1)	UNKNOWN STEP	2026-02-25T19:48:16.0485649Z hint: 'development'. The just-created branch can be renamed via this command:
Android Tests (1)	UNKNOWN STEP	2026-02-25T19:48:16.0488517Z hint:
Android Tests (1)	UNKNOWN STEP	2026-02-25T19:48:16.0489734Z hint: 	git branch -m <name>
Android Tests (1)	UNKNOWN STEP	2026-02-25T19:48:16.0491323Z hint:
Android Tests (1)	UNKNOWN STEP	2026-02-25T19:48:16.0492450Z hint: Disable this message with "git config set advice.defaultBranchName false"
Android Tests (1)	UNKNOWN STEP	2026-02-25T19:48:16.0494388Z Initialized empty Git repository in /home/runner/work/substitution/substitution/.git/
Android Tests (1)	UNKNOWN STEP	2026-02-25T19:48:16.0499030Z [command]/usr/bin/git remote add origin https://github.com/floffel/substitution
Android Tests (1)	UNKNOWN STEP	2026-02-25T19:48:16.0521339Z ##[endgroup]
Android Tests (1)	UNKNOWN STEP	2026-02-25T19:48:16.0523657Z ##[group]Disabling automatic garbage collection
Android Tests (1)	UNKNOWN STEP	2026-02-25T19:48:16.0525859Z [command]/usr/bin/git config --local gc.auto 0
Android Tests (1)	UNKNOWN STEP	2026-02-25T19:48:16.0556753Z ##[endgroup]
Android Tests (1)	UNKNOWN STEP	2026-02-25T19:48:16.0558936Z ##[group]Setting up auth
Android Tests (1)	UNKNOWN STEP	2026-02-25T19:48:16.0564437Z [command]/usr/bin/git config --local --name-only --get-regexp core\.sshCommand
Android Tests (1)	UNKNOWN STEP	2026-02-25T19:48:16.0599641Z [command]/usr/bin/git submodule foreach --recursive sh -c "git config --local --name-only --get-regexp 'core\.sshCommand' && git config --local --unset-all 'core.sshCommand' || :"
Android Tests (1)	UNKNOWN STEP	2026-02-25T19:48:16.0972708Z [command]/usr/bin/git config --local --name-only --get-regexp http\.https\:\/\/github\.com\/\.extraheader
Android Tests (1)	UNKNOWN STEP	2026-02-25T19:48:16.1003287Z [command]/usr/bin/git submodule foreach --recursive sh -c "git config --local --name-only --get-regexp 'http\.https\:\/\/github\.com\/\.extraheader' && git config --local --unset-all 'http.https://github.com/.extraheader' || :"
Android Tests (1)	UNKNOWN STEP	2026-02-25T19:48:16.1234461Z [command]/usr/bin/git config --local --name-only --get-regexp ^includeIf\.gitdir:
Android Tests (1)	UNKNOWN STEP	2026-02-25T19:48:16.1274131Z [command]/usr/bin/git submodule foreach --recursive git config --local --show-origin --name-only --get-regexp remote.origin.url
Android Tests (1)	UNKNOWN STEP	2026-02-25T19:48:16.1512971Z [command]/usr/bin/git config --local http.https://github.com/.extraheader AUTHORIZATION: basic ***
Android Tests (1)	UNKNOWN STEP	2026-02-25T19:48:16.1551201Z ##[endgroup]
Android Tests (1)	UNKNOWN STEP	2026-02-25T19:48:16.1553455Z ##[group]Fetching the repository
Android Tests (1)	UNKNOWN STEP	2026-02-25T19:48:16.1562677Z [command]/usr/bin/git -c protocol.version=2 fetch --no-tags --prune --no-recurse-submodules --depth=1 origin +0408461b08eee1bbe2c516702bd1813b916d3e4c:refs/remotes/pull/1/merge
Android Tests (1)	UNKNOWN STEP	2026-02-25T19:48:17.2109476Z From https://github.com/floffel/substitution
Android Tests (1)	UNKNOWN STEP	2026-02-25T19:48:17.2111392Z  * [new ref]         0408461b08eee1bbe2c516702bd1813b916d3e4c -> pull/1/merge
Android Tests (1)	UNKNOWN STEP	2026-02-25T19:48:17.2144111Z ##[endgroup]
Android Tests (1)	UNKNOWN STEP	2026-02-25T19:48:17.2144881Z ##[group]Determining the checkout info
Android Tests (1)	UNKNOWN STEP	2026-02-25T19:48:17.2146810Z ##[endgroup]
Android Tests (1)	UNKNOWN STEP	2026-02-25T19:48:17.2151824Z [command]/usr/bin/git sparse-checkout disable
Android Tests (1)	UNKNOWN STEP	2026-02-25T19:48:17.2193691Z [command]/usr/bin/git config --local --unset-all extensions.worktreeConfig
Android Tests (1)	UNKNOWN STEP	2026-02-25T19:48:17.2220115Z ##[group]Checking out the ref
Android Tests (1)	UNKNOWN STEP	2026-02-25T19:48:17.2223841Z [command]/usr/bin/git checkout --progress --force refs/remotes/pull/1/merge
Android Tests (1)	UNKNOWN STEP	2026-02-25T19:48:17.5079352Z Note: switching to 'refs/remotes/pull/1/merge'.
Android Tests (1)	UNKNOWN STEP	2026-02-25T19:48:17.5079893Z 
Android Tests (1)	UNKNOWN STEP	2026-02-25T19:48:17.5080235Z You are in 'detached HEAD' state. You can look around, make experimental
Android Tests (1)	UNKNOWN STEP	2026-02-25T19:48:17.5081082Z changes and commit them, and you can discard any commits you make in this
Android Tests (1)	UNKNOWN STEP	2026-02-25T19:48:17.5082284Z state without impacting any branches by switching back to a branch.
Android Tests (1)	UNKNOWN STEP	2026-02-25T19:48:17.5082748Z 
Android Tests (1)	UNKNOWN STEP	2026-02-25T19:48:17.5083058Z If you want to create a new branch to retain commits you create, you may
Android Tests (1)	UNKNOWN STEP	2026-02-25T19:48:17.5083841Z do so (now or later) by using -c with the switch command. Example:
Android Tests (1)	UNKNOWN STEP	2026-02-25T19:48:17.5084325Z 
Android Tests (1)	UNKNOWN STEP	2026-02-25T19:48:17.5084516Z   git switch -c <new-branch-name>
Android Tests (1)	UNKNOWN STEP	2026-02-25T19:48:17.5084821Z 
Android Tests (1)	UNKNOWN STEP	2026-02-25T19:48:17.5085006Z Or undo this operation with:
Android Tests (1)	UNKNOWN STEP	2026-02-25T19:48:17.5085285Z 
Android Tests (1)	UNKNOWN STEP	2026-02-25T19:48:17.5085439Z   git switch -
Android Tests (1)	UNKNOWN STEP	2026-02-25T19:48:17.5085691Z 
Android Tests (1)	UNKNOWN STEP	2026-02-25T19:48:17.5086072Z Turn off this advice by setting config variable advice.detachedHead to false
Android Tests (1)	UNKNOWN STEP	2026-02-25T19:48:17.5088528Z 
Android Tests (1)	UNKNOWN STEP	2026-02-25T19:48:17.5089161Z HEAD is now at 0408461 Merge 86c2f4a4443179a61e99b4f5d2c467a0f9c43a72 into 74cc852017b0f1fdeb37326726f5fee7effe2248
Android Tests (1)	UNKNOWN STEP	2026-02-25T19:48:17.5100171Z ##[endgroup]
Android Tests (1)	UNKNOWN STEP	2026-02-25T19:48:17.5140107Z [command]/usr/bin/git log -1 --format=%H
Android Tests (1)	UNKNOWN STEP	2026-02-25T19:48:17.5163553Z 0408461b08eee1bbe2c516702bd1813b916d3e4c
Android Tests (1)	UNKNOWN STEP	2026-02-25T19:48:17.5419015Z ##[group]Run actions/setup-java@v4
Android Tests (1)	UNKNOWN STEP	2026-02-25T19:48:17.5419351Z with:
Android Tests (1)	UNKNOWN STEP	2026-02-25T19:48:17.5419576Z   java-version: 17
Android Tests (1)	UNKNOWN STEP	2026-02-25T19:48:17.5419817Z   distribution: temurin
Android Tests (1)	UNKNOWN STEP	2026-02-25T19:48:17.5420060Z   java-package: jdk
Android Tests (1)	UNKNOWN STEP	2026-02-25T19:48:17.5420296Z   check-latest: false
Android Tests (1)	UNKNOWN STEP	2026-02-25T19:48:17.5420542Z   server-id: github
Android Tests (1)	UNKNOWN STEP	2026-02-25T19:48:17.5420778Z   server-username: GITHUB_ACTOR
Android Tests (1)	UNKNOWN STEP	2026-02-25T19:48:17.5421066Z   server-password: GITHUB_TOKEN
Android Tests (1)	UNKNOWN STEP	2026-02-25T19:48:17.5421340Z   overwrite-settings: true
Android Tests (1)	UNKNOWN STEP	2026-02-25T19:48:17.5421596Z   job-status: success
Android Tests (1)	UNKNOWN STEP	2026-02-25T19:48:17.5421963Z   token: ***
Android Tests (1)	UNKNOWN STEP	2026-02-25T19:48:17.5422183Z env:
Android Tests (1)	UNKNOWN STEP	2026-02-25T19:48:17.5422429Z   CACHE_VERSION: v1
Android Tests (1)	UNKNOWN STEP	2026-02-25T19:48:17.5422657Z ##[endgroup]
Android Tests (1)	UNKNOWN STEP	2026-02-25T19:48:17.7390848Z ##[group]Installed distributions
Android Tests (1)	UNKNOWN STEP	2026-02-25T19:48:17.8655319Z Resolved Java 17.0.18+8 from tool-cache
Android Tests (1)	UNKNOWN STEP	2026-02-25T19:48:17.8656059Z Setting Java 17.0.18+8 as the default
Android Tests (1)	UNKNOWN STEP	2026-02-25T19:48:17.8669656Z Creating toolchains.xml for JDK version 17 from temurin
Android Tests (1)	UNKNOWN STEP	2026-02-25T19:48:17.8745744Z Writing to /home/runner/.m2/toolchains.xml
Android Tests (1)	UNKNOWN STEP	2026-02-25T19:48:17.8746212Z 
Android Tests (1)	UNKNOWN STEP	2026-02-25T19:48:17.8746578Z Java configuration:
Android Tests (1)	UNKNOWN STEP	2026-02-25T19:48:17.8748089Z   Distribution: temurin
Android Tests (1)	UNKNOWN STEP	2026-02-25T19:48:17.8748568Z   Version: 17.0.18+8
Android Tests (1)	UNKNOWN STEP	2026-02-25T19:48:17.8749389Z   Path: /opt/hostedtoolcache/Java_Temurin-Hotspot_jdk/17.0.18-8/x64
Android Tests (1)	UNKNOWN STEP	2026-02-25T19:48:17.8749961Z 
Android Tests (1)	UNKNOWN STEP	2026-02-25T19:48:17.8750540Z ##[endgroup]
Android Tests (1)	UNKNOWN STEP	2026-02-25T19:48:17.8764353Z Creating settings.xml with server-id: github
Android Tests (1)	UNKNOWN STEP	2026-02-25T19:48:17.8772764Z Writing to /home/runner/.m2/settings.xml
Android Tests (1)	UNKNOWN STEP	2026-02-25T19:48:17.9029853Z ##[group]Run subosito/flutter-action@v2
Android Tests (1)	UNKNOWN STEP	2026-02-25T19:48:17.9030202Z with:
Android Tests (1)	UNKNOWN STEP	2026-02-25T19:48:17.9030418Z   channel: stable
Android Tests (1)	UNKNOWN STEP	2026-02-25T19:48:17.9030646Z   cache: true
Android Tests (1)	UNKNOWN STEP	2026-02-25T19:48:17.9030863Z   architecture: X64
Android Tests (1)	UNKNOWN STEP	2026-02-25T19:48:17.9031108Z   pub-cache-path: default
Android Tests (1)	UNKNOWN STEP	2026-02-25T19:48:17.9031362Z   dry-run: false
Android Tests (1)	UNKNOWN STEP	2026-02-25T19:48:17.9031674Z   git-source: https://github.com/flutter/flutter.git
Android Tests (1)	UNKNOWN STEP	2026-02-25T19:48:17.9032008Z env:
Android Tests (1)	UNKNOWN STEP	2026-02-25T19:48:17.9032213Z   CACHE_VERSION: v1
Android Tests (1)	UNKNOWN STEP	2026-02-25T19:48:17.9032561Z   JAVA_HOME: /opt/hostedtoolcache/Java_Temurin-Hotspot_jdk/17.0.18-8/x64
Android Tests (1)	UNKNOWN STEP	2026-02-25T19:48:17.9033071Z   JAVA_HOME_17_X64: /opt/hostedtoolcache/Java_Temurin-Hotspot_jdk/17.0.18-8/x64
Android Tests (1)	UNKNOWN STEP	2026-02-25T19:48:17.9033471Z ##[endgroup]
Android Tests (1)	UNKNOWN STEP	2026-02-25T19:48:17.9128136Z ##[group]Run chmod +x "$GITHUB_ACTION_PATH/setup.sh"
Android Tests (1)	UNKNOWN STEP	2026-02-25T19:48:17.9128578Z [36;1mchmod +x "$GITHUB_ACTION_PATH/setup.sh"[0m
Android Tests (1)	UNKNOWN STEP	2026-02-25T19:48:17.9182533Z shell: /usr/bin/bash --noprofile --norc -e -o pipefail {0}
Android Tests (1)	UNKNOWN STEP	2026-02-25T19:48:17.9182950Z env:
Android Tests (1)	UNKNOWN STEP	2026-02-25T19:48:17.9183162Z   CACHE_VERSION: v1
Android Tests (1)	UNKNOWN STEP	2026-02-25T19:48:17.9183518Z   JAVA_HOME: /opt/hostedtoolcache/Java_Temurin-Hotspot_jdk/17.0.18-8/x64
Android Tests (1)	UNKNOWN STEP	2026-02-25T19:48:17.9184040Z   JAVA_HOME_17_X64: /opt/hostedtoolcache/Java_Temurin-Hotspot_jdk/17.0.18-8/x64
Android Tests (1)	UNKNOWN STEP	2026-02-25T19:48:17.9184433Z ##[endgroup]
Android Tests (1)	UNKNOWN STEP	2026-02-25T19:48:17.9344279Z ##[group]Run $GITHUB_ACTION_PATH/setup.sh -p \
Android Tests (1)	UNKNOWN STEP	2026-02-25T19:48:17.9344879Z [36;1m$GITHUB_ACTION_PATH/setup.sh -p \[0m
Android Tests (1)	UNKNOWN STEP	2026-02-25T19:48:17.9345209Z [36;1m  -n '' \[0m
Android Tests (1)	UNKNOWN STEP	2026-02-25T19:48:17.9345454Z [36;1m  -f '' \[0m
Android Tests (1)	UNKNOWN STEP	2026-02-25T19:48:17.9345693Z [36;1m  -a 'X64' \[0m
Android Tests (1)	UNKNOWN STEP	2026-02-25T19:48:17.9345928Z [36;1m  -k '' \[0m
Android Tests (1)	UNKNOWN STEP	2026-02-25T19:48:17.9346157Z [36;1m  -c '' \[0m
Android Tests (1)	UNKNOWN STEP	2026-02-25T19:48:17.9346649Z [36;1m  -l '' \[0m
Android Tests (1)	UNKNOWN STEP	2026-02-25T19:48:17.9346890Z [36;1m  -d 'default' \[0m
Android Tests (1)	UNKNOWN STEP	2026-02-25T19:48:17.9347226Z [36;1m  -g 'https://github.com/flutter/flutter.git' \[0m
Android Tests (1)	UNKNOWN STEP	2026-02-25T19:48:17.9347587Z [36;1m  stable[0m
Android Tests (1)	UNKNOWN STEP	2026-02-25T19:48:17.9392581Z shell: /usr/bin/bash --noprofile --norc -e -o pipefail {0}
Android Tests (1)	UNKNOWN STEP	2026-02-25T19:48:17.9392965Z env:
Android Tests (1)	UNKNOWN STEP	2026-02-25T19:48:17.9393186Z   CACHE_VERSION: v1
Android Tests (1)	UNKNOWN STEP	2026-02-25T19:48:17.9393564Z   JAVA_HOME: /opt/hostedtoolcache/Java_Temurin-Hotspot_jdk/17.0.18-8/x64
Android Tests (1)	UNKNOWN STEP	2026-02-25T19:48:17.9394106Z   JAVA_HOME_17_X64: /opt/hostedtoolcache/Java_Temurin-Hotspot_jdk/17.0.18-8/x64
Android Tests (1)	UNKNOWN STEP	2026-02-25T19:48:17.9394535Z ##[endgroup]
Android Tests (1)	UNKNOWN STEP	2026-02-25T19:48:18.1594537Z ##[group]Run actions/cache@v4
Android Tests (1)	UNKNOWN STEP	2026-02-25T19:48:18.1594804Z with:
Android Tests (1)	UNKNOWN STEP	2026-02-25T19:48:18.1595072Z   path: /opt/hostedtoolcache/flutter/stable-3.41.2-x64
Android Tests (1)	UNKNOWN STEP	2026-02-25T19:48:18.1595549Z   key: flutter-linux-stable-3.41.2-x64-90673a4eef275d1a6692c26ac80d6d746d41a73a
Android Tests (1)	UNKNOWN STEP	2026-02-25T19:48:18.1595997Z   enableCrossOsArchive: false
Android Tests (1)	UNKNOWN STEP	2026-02-25T19:48:18.1596493Z   fail-on-cache-miss: false
Android Tests (1)	UNKNOWN STEP	2026-02-25T19:48:18.1623656Z   lookup-only: false
Android Tests (1)	UNKNOWN STEP	2026-02-25T19:48:18.1624116Z   save-always: false
Android Tests (1)	UNKNOWN STEP	2026-02-25T19:48:18.1624499Z env:
Android Tests (1)	UNKNOWN STEP	2026-02-25T19:48:18.1624844Z   CACHE_VERSION: v1
Android Tests (1)	UNKNOWN STEP	2026-02-25T19:48:18.1625446Z   JAVA_HOME: /opt/hostedtoolcache/Java_Temurin-Hotspot_jdk/17.0.18-8/x64
Android Tests (1)	UNKNOWN STEP	2026-02-25T19:48:18.1626648Z   JAVA_HOME_17_X64: /opt/hostedtoolcache/Java_Temurin-Hotspot_jdk/17.0.18-8/x64
Android Tests (1)	UNKNOWN STEP	2026-02-25T19:48:18.1627388Z ##[endgroup]
Android Tests (1)	UNKNOWN STEP	2026-02-25T19:48:18.4377250Z Cache hit for: flutter-linux-stable-3.41.2-x64-90673a4eef275d1a6692c26ac80d6d746d41a73a
Android Tests (1)	UNKNOWN STEP	2026-02-25T19:48:19.5812167Z Received 113246208 of 1665993529 (6.8%), 107.8 MBs/sec
Android Tests (1)	UNKNOWN STEP	2026-02-25T19:48:20.5817395Z Received 293601280 of 1665993529 (17.6%), 139.9 MBs/sec
Android Tests (1)	UNKNOWN STEP	2026-02-25T19:48:21.5889700Z Received 503316480 of 1665993529 (30.2%), 159.5 MBs/sec
Android Tests (1)	UNKNOWN STEP	2026-02-25T19:48:22.5909006Z Received 671088640 of 1665993529 (40.3%), 159.6 MBs/sec
Android Tests (1)	UNKNOWN STEP	2026-02-25T19:48:23.5911082Z Received 889192448 of 1665993529 (53.4%), 169.2 MBs/sec
Android Tests (1)	UNKNOWN STEP	2026-02-25T19:48:24.5917898Z Received 1077936128 of 1665993529 (64.7%), 171.0 MBs/sec
Android Tests (1)	UNKNOWN STEP	2026-02-25T19:48:25.5922195Z Received 1312817152 of 1665993529 (78.8%), 178.6 MBs/sec
Android Tests (1)	UNKNOWN STEP	2026-02-25T19:48:26.5952426Z Received 1484783616 of 1665993529 (89.1%), 176.6 MBs/sec
Android Tests (1)	UNKNOWN STEP	2026-02-25T19:48:27.6159312Z Received 1665993529 of 1665993529 (100.0%), 175.8 MBs/sec
Android Tests (1)	UNKNOWN STEP	2026-02-25T19:48:27.6161851Z Cache Size: ~1589 MB (1665993529 B)
Android Tests (1)	UNKNOWN STEP	2026-02-25T19:48:27.6303660Z [command]/usr/bin/tar -xf /home/runner/work/_temp/e6460d17-fb45-4628-a27e-eee34358aef9/cache.tzst -P -C /home/runner/work/substitution/substitution --use-compress-program unzstd
Android Tests (1)	UNKNOWN STEP	2026-02-25T19:48:32.5154058Z Cache restored successfully
Android Tests (1)	UNKNOWN STEP	2026-02-25T19:48:32.8295130Z Cache restored from key: flutter-linux-stable-3.41.2-x64-90673a4eef275d1a6692c26ac80d6d746d41a73a
Android Tests (1)	UNKNOWN STEP	2026-02-25T19:48:32.9506875Z ##[group]Run actions/cache@v4
Android Tests (1)	UNKNOWN STEP	2026-02-25T19:48:32.9507128Z with:
Android Tests (1)	UNKNOWN STEP	2026-02-25T19:48:32.9507354Z   path: /home/runner/.pub-cache
Android Tests (1)	UNKNOWN STEP	2026-02-25T19:48:32.9508061Z   key: flutter-pub-linux-stable-3.41.2-x64-90673a4eef275d1a6692c26ac80d6d746d41a73a-fabacfc13d2b7e18a7fb2822593662b03764f624bf41fd351cdabec60fb27783
Android Tests (1)	UNKNOWN STEP	2026-02-25T19:48:32.9508793Z   enableCrossOsArchive: false
Android Tests (1)	UNKNOWN STEP	2026-02-25T19:48:32.9509047Z   fail-on-cache-miss: false
Android Tests (1)	UNKNOWN STEP	2026-02-25T19:48:32.9509264Z   lookup-only: false
Android Tests (1)	UNKNOWN STEP	2026-02-25T19:48:32.9509482Z   save-always: false
Android Tests (1)	UNKNOWN STEP	2026-02-25T19:48:32.9509672Z env:
Android Tests (1)	UNKNOWN STEP	2026-02-25T19:48:32.9509832Z   CACHE_VERSION: v1
Android Tests (1)	UNKNOWN STEP	2026-02-25T19:48:32.9510136Z   JAVA_HOME: /opt/hostedtoolcache/Java_Temurin-Hotspot_jdk/17.0.18-8/x64
Android Tests (1)	UNKNOWN STEP	2026-02-25T19:48:32.9510604Z   JAVA_HOME_17_X64: /opt/hostedtoolcache/Java_Temurin-Hotspot_jdk/17.0.18-8/x64
Android Tests (1)	UNKNOWN STEP	2026-02-25T19:48:32.9510969Z ##[endgroup]
Android Tests (1)	UNKNOWN STEP	2026-02-25T19:48:33.2137512Z Cache hit for: flutter-pub-linux-stable-3.41.2-x64-90673a4eef275d1a6692c26ac80d6d746d41a73a-fabacfc13d2b7e18a7fb2822593662b03764f624bf41fd351cdabec60fb27783
Android Tests (1)	UNKNOWN STEP	2026-02-25T19:48:34.1330500Z Received 133563121 of 133563121 (100.0%), 157.8 MBs/sec
Android Tests (1)	UNKNOWN STEP	2026-02-25T19:48:34.1331577Z Cache Size: ~127 MB (133563121 B)
Android Tests (1)	UNKNOWN STEP	2026-02-25T19:48:34.1365267Z [command]/usr/bin/tar -xf /home/runner/work/_temp/d6fbbe4c-a8bf-4b6c-888e-9df414445787/cache.tzst -P -C /home/runner/work/substitution/substitution --use-compress-program unzstd
Android Tests (1)	UNKNOWN STEP	2026-02-25T19:48:35.7009719Z Cache restored successfully
Android Tests (1)	UNKNOWN STEP	2026-02-25T19:48:35.7351501Z Cache restored from key: flutter-pub-linux-stable-3.41.2-x64-90673a4eef275d1a6692c26ac80d6d746d41a73a-fabacfc13d2b7e18a7fb2822593662b03764f624bf41fd351cdabec60fb27783
Android Tests (1)	UNKNOWN STEP	2026-02-25T19:48:35.7474513Z ##[group]Run $GITHUB_ACTION_PATH/setup.sh \
Android Tests (1)	UNKNOWN STEP	2026-02-25T19:48:35.7474860Z [36;1m$GITHUB_ACTION_PATH/setup.sh \[0m
Android Tests (1)	UNKNOWN STEP	2026-02-25T19:48:35.7475150Z [36;1m  -n '3.41.2' \[0m
Android Tests (1)	UNKNOWN STEP	2026-02-25T19:48:35.7475391Z [36;1m  -a 'x64' \[0m
Android Tests (1)	UNKNOWN STEP	2026-02-25T19:48:35.7475721Z [36;1m  -c '/opt/hostedtoolcache/flutter/stable-3.41.2-x64' \[0m
Android Tests (1)	UNKNOWN STEP	2026-02-25T19:48:35.7476096Z [36;1m  -d '/home/runner/.pub-cache' \[0m
Android Tests (1)	UNKNOWN STEP	2026-02-25T19:48:35.7476682Z [36;1m  stable[0m
Android Tests (1)	UNKNOWN STEP	2026-02-25T19:48:35.7523841Z shell: /usr/bin/bash --noprofile --norc -e -o pipefail {0}
Android Tests (1)	UNKNOWN STEP	2026-02-25T19:48:35.7524181Z env:
Android Tests (1)	UNKNOWN STEP	2026-02-25T19:48:35.7524396Z   CACHE_VERSION: v1
Android Tests (1)	UNKNOWN STEP	2026-02-25T19:48:35.7524729Z   JAVA_HOME: /opt/hostedtoolcache/Java_Temurin-Hotspot_jdk/17.0.18-8/x64
Android Tests (1)	UNKNOWN STEP	2026-02-25T19:48:35.7525224Z   JAVA_HOME_17_X64: /opt/hostedtoolcache/Java_Temurin-Hotspot_jdk/17.0.18-8/x64
Android Tests (1)	UNKNOWN STEP	2026-02-25T19:48:35.7525617Z ##[endgroup]
Android Tests (1)	UNKNOWN STEP	2026-02-25T19:48:35.9128666Z ##[group]Run flutter precache --android
Android Tests (1)	UNKNOWN STEP	2026-02-25T19:48:35.9129000Z [36;1mflutter precache --android[0m
Android Tests (1)	UNKNOWN STEP	2026-02-25T19:48:35.9129265Z [36;1mflutter pub get[0m
Android Tests (1)	UNKNOWN STEP	2026-02-25T19:48:35.9176894Z shell: /usr/bin/bash -e {0}
Android Tests (1)	UNKNOWN STEP	2026-02-25T19:48:35.9177139Z env:
Android Tests (1)	UNKNOWN STEP	2026-02-25T19:48:35.9177320Z   CACHE_VERSION: v1
Android Tests (1)	UNKNOWN STEP	2026-02-25T19:48:35.9177643Z   JAVA_HOME: /opt/hostedtoolcache/Java_Temurin-Hotspot_jdk/17.0.18-8/x64
Android Tests (1)	UNKNOWN STEP	2026-02-25T19:48:35.9178163Z   JAVA_HOME_17_X64: /opt/hostedtoolcache/Java_Temurin-Hotspot_jdk/17.0.18-8/x64
Android Tests (1)	UNKNOWN STEP	2026-02-25T19:48:35.9178615Z   FLUTTER_ROOT: /opt/hostedtoolcache/flutter/stable-3.41.2-x64
Android Tests (1)	UNKNOWN STEP	2026-02-25T19:48:35.9178950Z   PUB_CACHE: /home/runner/.pub-cache
Android Tests (1)	UNKNOWN STEP	2026-02-25T19:48:35.9179202Z ##[endgroup]
Android Tests (1)	UNKNOWN STEP	2026-02-25T19:48:37.0780706Z Resolving dependencies...
Android Tests (1)	UNKNOWN STEP	2026-02-25T19:48:37.4466604Z Downloading packages...
Android Tests (1)	UNKNOWN STEP	2026-02-25T19:48:37.5232189Z   _fe_analyzer_shared 91.0.0 (96.0.0 available)
Android Tests (1)	UNKNOWN STEP	2026-02-25T19:48:37.5232745Z   analyzer 8.4.1 (10.2.0 available)
Android Tests (1)	UNKNOWN STEP	2026-02-25T19:48:37.5233259Z > characters 1.4.1 (was 1.4.0)
Android Tests (1)	UNKNOWN STEP	2026-02-25T19:48:37.5233671Z > matcher 0.12.18 (was 0.12.17)
Android Tests (1)	UNKNOWN STEP	2026-02-25T19:48:37.5234170Z > material_color_utilities 0.13.0 (was 0.11.1)
Android Tests (1)	UNKNOWN STEP	2026-02-25T19:48:37.5234647Z   meta 1.17.0 (1.18.1 available)
Android Tests (1)	UNKNOWN STEP	2026-02-25T19:48:37.5235094Z   sqflite_common_ffi 2.3.7+1 (2.4.0+2 available)
Android Tests (1)	UNKNOWN STEP	2026-02-25T19:48:37.5235612Z   sqlite3 2.9.4 (3.1.6 available)
Android Tests (1)	UNKNOWN STEP	2026-02-25T19:48:37.5236071Z > test_api 0.7.9 (was 0.7.7)
Android Tests (1)	UNKNOWN STEP	2026-02-25T19:48:37.5236688Z > test_core 0.6.15 (was 0.6.12)
Android Tests (1)	UNKNOWN STEP	2026-02-25T19:48:37.5237126Z   unorm_dart 0.2.0 (0.3.2 available)
Android Tests (1)	UNKNOWN STEP	2026-02-25T19:48:37.5237550Z   win32 5.15.0 (6.0.0 available)
Android Tests (1)	UNKNOWN STEP	2026-02-25T19:48:37.5237967Z Changed 5 dependencies!
Android Tests (1)	UNKNOWN STEP	2026-02-25T19:48:37.5242269Z 7 packages have newer versions incompatible with dependency constraints.
Android Tests (1)	UNKNOWN STEP	2026-02-25T19:48:37.5242991Z Try `flutter pub outdated` for more information.
Android Tests (1)	UNKNOWN STEP	2026-02-25T19:48:38.1593274Z ##[group]Run docker compose up -d postgres matrix-synapse redis
Android Tests (1)	UNKNOWN STEP	2026-02-25T19:48:38.1593805Z [36;1mdocker compose up -d postgres matrix-synapse redis[0m
Android Tests (1)	UNKNOWN STEP	2026-02-25T19:48:38.1594144Z [36;1msleep 10[0m
Android Tests (1)	UNKNOWN STEP	2026-02-25T19:48:38.1594393Z [36;1mdocker compose run --rm matrix-init[0m
Android Tests (1)	UNKNOWN STEP	2026-02-25T19:48:38.1594968Z [36;1mtimeout 60 bash -c 'until curl -sf http://localhost:8008/_matrix/client/versions > /dev/null 2>&1; do sleep 2; done'[0m
Android Tests (1)	UNKNOWN STEP	2026-02-25T19:48:38.1643423Z shell: /usr/bin/bash -e {0}
Android Tests (1)	UNKNOWN STEP	2026-02-25T19:48:38.1643847Z env:
Android Tests (1)	UNKNOWN STEP	2026-02-25T19:48:38.1644028Z   CACHE_VERSION: v1
Android Tests (1)	UNKNOWN STEP	2026-02-25T19:48:38.1644358Z   JAVA_HOME: /opt/hostedtoolcache/Java_Temurin-Hotspot_jdk/17.0.18-8/x64
Android Tests (1)	UNKNOWN STEP	2026-02-25T19:48:38.1644840Z   JAVA_HOME_17_X64: /opt/hostedtoolcache/Java_Temurin-Hotspot_jdk/17.0.18-8/x64
Android Tests (1)	UNKNOWN STEP	2026-02-25T19:48:38.1645299Z   FLUTTER_ROOT: /opt/hostedtoolcache/flutter/stable-3.41.2-x64
Android Tests (1)	UNKNOWN STEP	2026-02-25T19:48:38.1645638Z   PUB_CACHE: /home/runner/.pub-cache
Android Tests (1)	UNKNOWN STEP	2026-02-25T19:48:38.1645888Z ##[endgroup]
Android Tests (1)	UNKNOWN STEP	2026-02-25T19:48:38.4754819Z time="2026-02-25T19:48:38Z" level=warning msg="/home/runner/work/substitution/substitution/docker-compose.yml: the attribute `version` is obsolete, it will be ignored, please remove it to avoid potential confusion"
Android Tests (1)	UNKNOWN STEP	2026-02-25T19:48:38.4850969Z  redis Pulling 
Android Tests (1)	UNKNOWN STEP	2026-02-25T19:48:38.4851885Z  dex Pulling 
Android Tests (1)	UNKNOWN STEP	2026-02-25T19:48:38.4853741Z  postgres Pulling 
Android Tests (1)	UNKNOWN STEP	2026-02-25T19:48:38.4854171Z  matrix-synapse Pulling 
Android Tests (1)	UNKNOWN STEP	2026-02-25T19:48:38.9723787Z  d25f557d7f31 Pulling fs layer 
Android Tests (1)	UNKNOWN STEP	2026-02-25T19:48:38.9724152Z  9acd5b82521c Pulling fs layer 
Android Tests (1)	UNKNOWN STEP	2026-02-25T19:48:38.9724476Z  10d78728ec4d Pulling fs layer 
Android Tests (1)	UNKNOWN STEP	2026-02-25T19:48:38.9724743Z  e0d49f520b92 Pulling fs layer 
Android Tests (1)	UNKNOWN STEP	2026-02-25T19:48:38.9725004Z  5de905603ac5 Pulling fs layer 
Android Tests (1)	UNKNOWN STEP	2026-02-25T19:48:38.9725261Z  808bb02340fa Pulling fs layer 
Android Tests (1)	UNKNOWN STEP	2026-02-25T19:48:38.9725532Z  c0970b69197c Pulling fs layer 
Android Tests (1)	UNKNOWN STEP	2026-02-25T19:48:38.9725790Z  9de5f206730a Pulling fs layer 
Android Tests (1)	UNKNOWN STEP	2026-02-25T19:48:38.9726047Z  24e28b7dc0a2 Pulling fs layer 
Android Tests (1)	UNKNOWN STEP	2026-02-25T19:48:38.9726584Z  830180cf89a8 Pulling fs layer 
Android Tests (1)	UNKNOWN STEP	2026-02-25T19:48:38.9726853Z  5de905603ac5 Waiting 
Android Tests (1)	UNKNOWN STEP	2026-02-25T19:48:38.9727082Z  808bb02340fa Waiting 
Android Tests (1)	UNKNOWN STEP	2026-02-25T19:48:38.9727305Z  c0970b69197c Waiting 
Android Tests (1)	UNKNOWN STEP	2026-02-25T19:48:38.9727523Z  9de5f206730a Waiting 
Android Tests (1)	UNKNOWN STEP	2026-02-25T19:48:38.9727741Z  e0d49f520b92 Waiting 
Android Tests (1)	UNKNOWN STEP	2026-02-25T19:48:38.9727951Z  24e28b7dc0a2 Waiting 
Android Tests (1)	UNKNOWN STEP	2026-02-25T19:48:38.9728166Z  830180cf89a8 Waiting 
Android Tests (1)	UNKNOWN STEP	2026-02-25T19:48:39.0071257Z  bc1da058f299 Pulling fs layer 
Android Tests (1)	UNKNOWN STEP	2026-02-25T19:48:39.0076114Z  09a5a0c32a23 Pulling fs layer 
Android Tests (1)	UNKNOWN STEP	2026-02-25T19:48:39.0076817Z  bd53938b1271 Pulling fs layer 
Android Tests (1)	UNKNOWN STEP	2026-02-25T19:48:39.0077110Z  9fe3744a2eac Pulling fs layer 
Android Tests (1)	UNKNOWN STEP	2026-02-25T19:48:39.0077477Z  7ad54b3c4cef Pulling fs layer 
Android Tests (1)	UNKNOWN STEP	2026-02-25T19:48:39.0077831Z  2a97533d89ca Pulling fs layer 
Android Tests (1)	UNKNOWN STEP	2026-02-25T19:48:39.0078087Z  4f4fb700ef54 Pulling fs layer 
Android Tests (1)	UNKNOWN STEP	2026-02-25T19:48:39.0078356Z  1c2c8d1ee428 Pulling fs layer 
Android Tests (1)	UNKNOWN STEP	2026-02-25T19:48:39.0078735Z  bc1da058f299 Waiting 
Android Tests (1)	UNKNOWN STEP	2026-02-25T19:48:39.0079139Z  09a5a0c32a23 Waiting 
Android Tests (1)	UNKNOWN STEP	2026-02-25T19:48:39.0079532Z  bd53938b1271 Waiting 
Android Tests (1)	UNKNOWN STEP	2026-02-25T19:48:39.0079924Z  9fe3744a2eac Waiting 
Android Tests (1)	UNKNOWN STEP	2026-02-25T19:48:39.0080299Z  7ad54b3c4cef Waiting 
Android Tests (1)	UNKNOWN STEP	2026-02-25T19:48:39.0080578Z  2a97533d89ca Waiting 
Android Tests (1)	UNKNOWN STEP	2026-02-25T19:48:39.0080931Z  4f4fb700ef54 Waiting 
Android Tests (1)	UNKNOWN STEP	2026-02-25T19:48:39.0081360Z  1c2c8d1ee428 Waiting 
Android Tests (1)	UNKNOWN STEP	2026-02-25T19:48:39.0096605Z  589002ba0eae Pulling fs layer 
Android Tests (1)	UNKNOWN STEP	2026-02-25T19:48:39.0097872Z  5ffb427686b6 Pulling fs layer 
Android Tests (1)	UNKNOWN STEP	2026-02-25T19:48:39.0098675Z  630177b00352 Pulling fs layer 
Android Tests (1)	UNKNOWN STEP	2026-02-25T19:48:39.0099051Z  6c18ff1f33d0 Pulling fs layer 
Android Tests (1)	UNKNOWN STEP	2026-02-25T19:48:39.0099389Z  13e46e455d3b Pulling fs layer 
Android Tests (1)	UNKNOWN STEP	2026-02-25T19:48:39.0099644Z  b4403f29458a Pulling fs layer 
Android Tests (1)	UNKNOWN STEP	2026-02-25T19:48:39.0100019Z  589002ba0eae Waiting 
Android Tests (1)	UNKNOWN STEP	2026-02-25T19:48:39.0100311Z  40aaa75af6ce Pulling fs layer 
Android Tests (1)	UNKNOWN STEP	2026-02-25T19:48:39.0100768Z  5ffb427686b6 Waiting 
Android Tests (1)	UNKNOWN STEP	2026-02-25T19:48:39.0101126Z  162bdab1e0a7 Pulling fs layer 
Android Tests (1)	UNKNOWN STEP	2026-02-25T19:48:39.0101526Z  630177b00352 Waiting 
Android Tests (1)	UNKNOWN STEP	2026-02-25T19:48:39.0101915Z  ebff7b0ec73e Pulling fs layer 
Android Tests (1)	UNKNOWN STEP	2026-02-25T19:48:39.0102296Z  6c18ff1f33d0 Waiting 
Android Tests (1)	UNKNOWN STEP	2026-02-25T19:48:39.0102884Z  c02179436571 Pulling fs layer 
Android Tests (1)	UNKNOWN STEP	2026-02-25T19:48:39.0103159Z  13e46e455d3b Waiting 
Android Tests (1)	UNKNOWN STEP	2026-02-25T19:48:39.0103486Z  8243369e9866 Pulling fs layer 
Android Tests (1)	UNKNOWN STEP	2026-02-25T19:48:39.0103845Z  b4403f29458a Waiting 
Android Tests (1)	UNKNOWN STEP	2026-02-25T19:48:39.0104193Z  40aaa75af6ce Waiting 
Android Tests (1)	UNKNOWN STEP	2026-02-25T19:48:39.0104529Z  162bdab1e0a7 Waiting 
Android Tests (1)	UNKNOWN STEP	2026-02-25T19:48:39.0104731Z  ebff7b0ec73e Waiting 
Android Tests (1)	UNKNOWN STEP	2026-02-25T19:48:39.0104925Z  c02179436571 Waiting 
Android Tests (1)	UNKNOWN STEP	2026-02-25T19:48:39.0105156Z  8243369e9866 Waiting 
Android Tests (1)	UNKNOWN STEP	2026-02-25T19:48:39.0268549Z  0c8d55a45c0d Pulling fs layer 
Android Tests (1)	UNKNOWN STEP	2026-02-25T19:48:39.0269356Z  03af238a5946 Pulling fs layer 
Android Tests (1)	UNKNOWN STEP	2026-02-25T19:48:39.0269830Z  686599c79c87 Pulling fs layer 
Android Tests (1)	UNKNOWN STEP	2026-02-25T19:48:39.0270252Z  f1cadbd7abd2 Pulling fs layer 
Android Tests (1)	UNKNOWN STEP	2026-02-25T19:48:39.0270675Z  3ee96ea8e5d2 Pulling fs layer 
Android Tests (1)	UNKNOWN STEP	2026-02-25T19:48:39.0271090Z  a954d256f742 Pulling fs layer 
Android Tests (1)	UNKNOWN STEP	2026-02-25T19:48:39.0271499Z  c7ce85987d6d Pulling fs layer 
Android Tests (1)	UNKNOWN STEP	2026-02-25T19:48:39.0271911Z  7807da78b90b Pulling fs layer 
Android Tests (1)	UNKNOWN STEP	2026-02-25T19:48:39.0272335Z  0478cd5c1079 Pulling fs layer 
Android Tests (1)	UNKNOWN STEP	2026-02-25T19:48:39.0272727Z  0c8d55a45c0d Waiting 
Android Tests (1)	UNKNOWN STEP	2026-02-25T19:48:39.0273212Z  3a02ac06be95 Pulling fs layer 
Android Tests (1)	UNKNOWN STEP	2026-02-25T19:48:39.0273653Z  03af238a5946 Waiting 
Android Tests (1)	UNKNOWN STEP	2026-02-25T19:48:39.0274011Z  686599c79c87 Waiting 
Android Tests (1)	UNKNOWN STEP	2026-02-25T19:48:39.0274425Z  f1cadbd7abd2 Waiting 
Android Tests (1)	UNKNOWN STEP	2026-02-25T19:48:39.0274738Z  3ee96ea8e5d2 Waiting 
Android Tests (1)	UNKNOWN STEP	2026-02-25T19:48:39.0274947Z  7807da78b90b Waiting 
Android Tests (1)	UNKNOWN STEP	2026-02-25T19:48:39.0275146Z  0478cd5c1079 Waiting 
Android Tests (1)	UNKNOWN STEP	2026-02-25T19:48:39.0275342Z  a954d256f742 Waiting 
Android Tests (1)	UNKNOWN STEP	2026-02-25T19:48:39.0275800Z  3a02ac06be95 Waiting 
Android Tests (1)	UNKNOWN STEP	2026-02-25T19:48:39.0276164Z  c7ce85987d6d Waiting 
Android Tests (1)	UNKNOWN STEP	2026-02-25T19:48:39.0581678Z  10d78728ec4d Downloading [==================================================>]     122B/122B
Android Tests (1)	UNKNOWN STEP	2026-02-25T19:48:39.0605728Z  10d78728ec4d Verifying Checksum 
Android Tests (1)	UNKNOWN STEP	2026-02-25T19:48:39.0606426Z  10d78728ec4d Download complete 
Android Tests (1)	UNKNOWN STEP	2026-02-25T19:48:39.0715818Z  d25f557d7f31 Downloading [>                                                  ]  49.15kB/3.622MB
Android Tests (1)	UNKNOWN STEP	2026-02-25T19:48:39.0801909Z  9acd5b82521c Downloading [>                                                  ]  1.378kB/127.5kB
Android Tests (1)	UNKNOWN STEP	2026-02-25T19:48:39.0841904Z  9acd5b82521c Downloading [==================================================>]  127.5kB/127.5kB
Android Tests (1)	UNKNOWN STEP	2026-02-25T19:48:39.0843243Z  9acd5b82521c Verifying Checksum 
Android Tests (1)	UNKNOWN STEP	2026-02-25T19:48:39.0844597Z  9acd5b82521c Download complete 
Android Tests (1)	UNKNOWN STEP	2026-02-25T19:48:39.0871357Z  d25f557d7f31 Verifying Checksum 
Android Tests (1)	UNKNOWN STEP	2026-02-25T19:48:39.0872447Z  d25f557d7f31 Download complete 
Android Tests (1)	UNKNOWN STEP	2026-02-25T19:48:39.1064736Z  d25f557d7f31 Extracting [>                                                  ]  65.54kB/3.622MB
Android Tests (1)	UNKNOWN STEP	2026-02-25T19:48:39.1708695Z  e0d49f520b92 Downloading [==================================================>]     961B/961B
Android Tests (1)	UNKNOWN STEP	2026-02-25T19:48:39.1709446Z  e0d49f520b92 Verifying Checksum 
Android Tests (1)	UNKNOWN STEP	2026-02-25T19:48:39.1839607Z  e0d49f520b92 Download complete 
Android Tests (1)	UNKNOWN STEP	2026-02-25T19:48:39.1840283Z  5de905603ac5 Downloading [====>                                              ]  1.378kB/17.03kB
Android Tests (1)	UNKNOWN STEP	2026-02-25T19:48:39.1844531Z  5de905603ac5 Downloading [==================================================>]  17.03kB/17.03kB
Android Tests (1)	UNKNOWN STEP	2026-02-25T19:48:39.1847302Z  5de905603ac5 Download complete 
Android Tests (1)	UNKNOWN STEP	2026-02-25T19:48:39.1861649Z  d25f557d7f31 Extracting [==================================================>]  3.622MB/3.622MB
Android Tests (1)	UNKNOWN STEP	2026-02-25T19:48:39.1904858Z  808bb02340fa Downloading [>                                                  ]  1.378kB/90.98kB
Android Tests (1)	UNKNOWN STEP	2026-02-25T19:48:39.1917836Z  808bb02340fa Download complete 
Android Tests (1)	UNKNOWN STEP	2026-02-25T19:48:39.2739574Z  24e28b7dc0a2 Downloading [=========>                                         ]  16.38kB/83.13kB
Android Tests (1)	UNKNOWN STEP	2026-02-25T19:48:39.2752003Z  24e28b7dc0a2 Downloading [==================================================>]  83.13kB/83.13kB
Android Tests (1)	UNKNOWN STEP	2026-02-25T19:48:39.2752893Z  24e28b7dc0a2 Verifying Checksum 
Android Tests (1)	UNKNOWN STEP	2026-02-25T19:48:39.2753384Z  24e28b7dc0a2 Download complete 
Android Tests (1)	UNKNOWN STEP	2026-02-25T19:48:39.2848962Z  c0970b69197c Downloading [>                                                  ]  163.8kB/14.88MB
Android Tests (1)	UNKNOWN STEP	2026-02-25T19:48:39.2935230Z  9de5f206730a Downloading [>                                                  ]  8.268kB/766.3kB
Android Tests (1)	UNKNOWN STEP	2026-02-25T19:48:39.3002827Z  9de5f206730a Download complete 
Android Tests (1)	UNKNOWN STEP	2026-02-25T19:48:39.3307861Z  c0970b69197c Verifying Checksum 
Android Tests (1)	UNKNOWN STEP	2026-02-25T19:48:39.3308872Z  c0970b69197c Download complete 
Android Tests (1)	UNKNOWN STEP	2026-02-25T19:48:39.3671192Z  830180cf89a8 Downloading [>                                                  ]    162kB/14.63MB
Android Tests (1)	UNKNOWN STEP	2026-02-25T19:48:39.4084711Z  bc1da058f299 Downloading [>                                                  ]  37.51kB/3.644MB
Android Tests (1)	UNKNOWN STEP	2026-02-25T19:48:39.4123703Z  830180cf89a8 Verifying Checksum 
Android Tests (1)	UNKNOWN STEP	2026-02-25T19:48:39.4131669Z  830180cf89a8 Download complete 
Android Tests (1)	UNKNOWN STEP	2026-02-25T19:48:39.4527812Z  09a5a0c32a23 Downloading [======================================>            ]     721B/948B
Android Tests (1)	UNKNOWN STEP	2026-02-25T19:48:39.4530915Z  09a5a0c32a23 Downloading [==================================================>]     948B/948B
Android Tests (1)	UNKNOWN STEP	2026-02-25T19:48:39.4531497Z  09a5a0c32a23 Verifying Checksum 
Android Tests (1)	UNKNOWN STEP	2026-02-25T19:48:39.4532057Z  09a5a0c32a23 Download complete 
Android Tests (1)	UNKNOWN STEP	2026-02-25T19:48:39.4857334Z  bc1da058f299 Download complete 
Android Tests (1)	UNKNOWN STEP	2026-02-25T19:48:39.4864673Z  bc1da058f299 Extracting [>                                                  ]  65.54kB/3.644MB
Android Tests (1)	UNKNOWN STEP	2026-02-25T19:48:39.5148504Z  bd53938b1271 Downloading [>                                                  ]  2.087kB/173.4kB
Android Tests (1)	UNKNOWN STEP	2026-02-25T19:48:39.5198754Z  bd53938b1271 Verifying Checksum 
Android Tests (1)	UNKNOWN STEP	2026-02-25T19:48:39.5199219Z  bd53938b1271 Download complete 
Android Tests (1)	UNKNOWN STEP	2026-02-25T19:48:39.5799047Z  9fe3744a2eac Downloading [>                                                  ]   10.3kB/1.003MB
Android Tests (1)	UNKNOWN STEP	2026-02-25T19:48:39.6067389Z  9fe3744a2eac Downloading [==================================================>]  1.003MB/1.003MB
Android Tests (1)	UNKNOWN STEP	2026-02-25T19:48:39.6068287Z  9fe3744a2eac Verifying Checksum 
Android Tests (1)	UNKNOWN STEP	2026-02-25T19:48:39.6068667Z  9fe3744a2eac Download complete 
Android Tests (1)	UNKNOWN STEP	2026-02-25T19:48:39.6605261Z  7ad54b3c4cef Downloading [>                                                  ]  126.6kB/12.41MB
Android Tests (1)	UNKNOWN STEP	2026-02-25T19:48:39.6618721Z  bc1da058f299 Extracting [===>                                               ]  262.1kB/3.644MB
Android Tests (1)	UNKNOWN STEP	2026-02-25T19:48:39.7100025Z  2a97533d89ca Downloading [==================================================>]     100B/100B
Android Tests (1)	UNKNOWN STEP	2026-02-25T19:48:39.7100798Z  2a97533d89ca Verifying Checksum 
Android Tests (1)	UNKNOWN STEP	2026-02-25T19:48:39.7101257Z  2a97533d89ca Download complete 
Android Tests (1)	UNKNOWN STEP	2026-02-25T19:48:39.7179188Z  4f4fb700ef54 Downloading [==================================================>]      32B/32B
Android Tests (1)	UNKNOWN STEP	2026-02-25T19:48:39.7179925Z  4f4fb700ef54 Verifying Checksum 
Android Tests (1)	UNKNOWN STEP	2026-02-25T19:48:39.7188740Z  4f4fb700ef54 Download complete 
Android Tests (1)	UNKNOWN STEP	2026-02-25T19:48:39.7546039Z  bc1da058f299 Extracting [==================================================>]  3.644MB/3.644MB
Android Tests (1)	UNKNOWN STEP	2026-02-25T19:48:39.7552888Z  bc1da058f299 Extracting [==================================================>]  3.644MB/3.644MB
Android Tests (1)	UNKNOWN STEP	2026-02-25T19:48:39.7607511Z  7ad54b3c4cef Downloading [===========================>                       ]  6.733MB/12.41MB
Android Tests (1)	UNKNOWN STEP	2026-02-25T19:48:39.8062821Z  7ad54b3c4cef Verifying Checksum 
Android Tests (1)	UNKNOWN STEP	2026-02-25T19:48:39.8063371Z  7ad54b3c4cef Download complete 
Android Tests (1)	UNKNOWN STEP	2026-02-25T19:48:39.8309536Z  1c2c8d1ee428 Downloading [==================================================>]     576B/576B
Android Tests (1)	UNKNOWN STEP	2026-02-25T19:48:39.8310527Z  1c2c8d1ee428 Download complete 
Android Tests (1)	UNKNOWN STEP	2026-02-25T19:48:39.8484434Z  589002ba0eae Downloading [>                                                  ]  39.53kB/3.862MB
Android Tests (1)	UNKNOWN STEP	2026-02-25T19:48:39.9322226Z  5ffb427686b6 Downloading [=====================================>             ]     721B/972B
Android Tests (1)	UNKNOWN STEP	2026-02-25T19:48:39.9323198Z  5ffb427686b6 Downloading [==================================================>]     972B/972B
Android Tests (1)	UNKNOWN STEP	2026-02-25T19:48:39.9323932Z  5ffb427686b6 Download complete 
Android Tests (1)	UNKNOWN STEP	2026-02-25T19:48:39.9371615Z  630177b00352 Downloading [>                                                  ]  10.28kB/922.9kB
Android Tests (1)	UNKNOWN STEP	2026-02-25T19:48:39.9444184Z  630177b00352 Verifying Checksum 
Android Tests (1)	UNKNOWN STEP	2026-02-25T19:48:39.9444753Z  630177b00352 Download complete 
Android Tests (1)	UNKNOWN STEP	2026-02-25T19:48:39.9485798Z  589002ba0eae Downloading [===========================================>       ]  3.334MB/3.862MB
Android Tests (1)	UNKNOWN STEP	2026-02-25T19:48:40.0701500Z  589002ba0eae Downloading [=================================================> ]  3.821MB/3.862MB
Android Tests (1)	UNKNOWN STEP	2026-02-25T19:48:40.0703643Z  589002ba0eae Download complete 
Android Tests (1)	UNKNOWN STEP	2026-02-25T19:48:40.0712405Z  589002ba0eae Extracting [>                                                  ]  65.54kB/3.862MB
Android Tests (1)	UNKNOWN STEP	2026-02-25T19:48:40.0713357Z  d25f557d7f31 Pull complete 
Android Tests (1)	UNKNOWN STEP	2026-02-25T19:48:40.0859801Z  6c18ff1f33d0 Downloading [==================================================>]     173B/173B
Android Tests (1)	UNKNOWN STEP	2026-02-25T19:48:40.0860639Z  6c18ff1f33d0 Verifying Checksum 
Android Tests (1)	UNKNOWN STEP	2026-02-25T19:48:40.0861157Z  6c18ff1f33d0 Download complete 
Android Tests (1)	UNKNOWN STEP	2026-02-25T19:48:40.0911398Z  13e46e455d3b Downloading [==================================================>]     116B/116B
Android Tests (1)	UNKNOWN STEP	2026-02-25T19:48:40.0912165Z  13e46e455d3b Verifying Checksum 
Android Tests (1)	UNKNOWN STEP	2026-02-25T19:48:40.0912682Z  13e46e455d3b Download complete 
Android Tests (1)	UNKNOWN STEP	2026-02-25T19:48:40.2000018Z  40aaa75af6ce Downloading [===>                                               ]     700B/9.62kB
Android Tests (1)	UNKNOWN STEP	2026-02-25T19:48:40.2109691Z  40aaa75af6ce Download complete 
Android Tests (1)	UNKNOWN STEP	2026-02-25T19:48:40.2143263Z  589002ba0eae Extracting [===>                                               ]  262.1kB/3.862MB
Android Tests (1)	UNKNOWN STEP	2026-02-25T19:48:40.2181409Z  b4403f29458a Downloading [>                                                  ]  528.2kB/105.2MB
Android Tests (1)	UNKNOWN STEP	2026-02-25T19:48:40.3172305Z  ebff7b0ec73e Downloading [==================================================>]     170B/170B
Android Tests (1)	UNKNOWN STEP	2026-02-25T19:48:40.3176073Z  162bdab1e0a7 Downloading [==================================================>]     128B/128B
Android Tests (1)	UNKNOWN STEP	2026-02-25T19:48:40.3707996Z  162bdab1e0a7 Verifying Checksum 
Android Tests (1)	UNKNOWN STEP	2026-02-25T19:48:40.3709254Z  162bdab1e0a7 Download complete 
Android Tests (1)	UNKNOWN STEP	2026-02-25T19:48:40.3712172Z  ebff7b0ec73e Verifying Checksum 
Android Tests (1)	UNKNOWN STEP	2026-02-25T19:48:40.3713208Z  ebff7b0ec73e Download complete 
Android Tests (1)	UNKNOWN STEP	2026-02-25T19:48:40.3722933Z  b4403f29458a Downloading [===>                                               ]  6.902MB/105.2MB
Android Tests (1)	UNKNOWN STEP	2026-02-25T19:48:40.3758334Z  bc1da058f299 Pull complete 
Android Tests (1)	UNKNOWN STEP	2026-02-25T19:48:40.3772861Z  9acd5b82521c Extracting [============>                                      ]  32.77kB/127.5kB
Android Tests (1)	UNKNOWN STEP	2026-02-25T19:48:40.3795259Z  9acd5b82521c Extracting [==================================================>]  127.5kB/127.5kB
Android Tests (1)	UNKNOWN STEP	2026-02-25T19:48:40.3796687Z  09a5a0c32a23 Extracting [==================================================>]     948B/948B
Android Tests (1)	UNKNOWN STEP	2026-02-25T19:48:40.3798532Z  09a5a0c32a23 Extracting [==================================================>]     948B/948B
Android Tests (1)	UNKNOWN STEP	2026-02-25T19:48:40.4652347Z  589002ba0eae Extracting [=================>                                 ]  1.376MB/3.862MB
Android Tests (1)	UNKNOWN STEP	2026-02-25T19:48:40.4729382Z  c02179436571 Downloading [=====>                                             ]     700B/5.84kB
Android Tests (1)	UNKNOWN STEP	2026-02-25T19:48:40.4733828Z  c02179436571 Downloading [==================================================>]   5.84kB/5.84kB
Android Tests (1)	UNKNOWN STEP	2026-02-25T19:48:40.4734667Z  c02179436571 Verifying Checksum 
Android Tests (1)	UNKNOWN STEP	2026-02-25T19:48:40.4735415Z  c02179436571 Download complete 
Android Tests (1)	UNKNOWN STEP	2026-02-25T19:48:40.4746905Z  b4403f29458a Downloading [=====>                                             ]  11.71MB/105.2MB
Android Tests (1)	UNKNOWN STEP	2026-02-25T19:48:40.4780498Z  8243369e9866 Downloading [==================================================>]     186B/186B
Android Tests (1)	UNKNOWN STEP	2026-02-25T19:48:40.4788721Z  8243369e9866 Download complete 
Android Tests (1)	UNKNOWN STEP	2026-02-25T19:48:40.5516073Z  589002ba0eae Extracting [==================================================>]  3.862MB/3.862MB
Android Tests (1)	UNKNOWN STEP	2026-02-25T19:48:40.5522506Z  589002ba0eae Extracting [==================================================>]  3.862MB/3.862MB
Android Tests (1)	UNKNOWN STEP	2026-02-25T19:48:40.6020686Z  03af238a5946 Downloading [>                                                  ]  13.04kB/1.293MB
Android Tests (1)	UNKNOWN STEP	2026-02-25T19:48:40.7657205Z  03af238a5946 Downloading [==========>                                        ]  272.7kB/1.293MB
Android Tests (1)	UNKNOWN STEP	2026-02-25T19:48:40.7659022Z  b4403f29458a Downloading [======>                                            ]  13.84MB/105.2MB
Android Tests (1)	UNKNOWN STEP	2026-02-25T19:48:40.7679073Z  03af238a5946 Verifying Checksum 
Android Tests (1)	UNKNOWN STEP	2026-02-25T19:48:40.7713972Z  03af238a5946 Download complete 
Android Tests (1)	UNKNOWN STEP	2026-02-25T19:48:40.7715275Z  0c8d55a45c0d Downloading [>                                                  ]  311.3kB/29.78MB
Android Tests (1)	UNKNOWN STEP	2026-02-25T19:48:40.9064042Z  b4403f29458a Downloading [============>                                      ]  27.17MB/105.2MB
Android Tests (1)	UNKNOWN STEP	2026-02-25T19:48:40.9080007Z  0c8d55a45c0d Downloading [==========================>                        ]  15.94MB/29.78MB
Android Tests (1)	UNKNOWN STEP	2026-02-25T19:48:40.9091229Z  686599c79c87 Downloading [>                                                  ]  118.9kB/11.8MB
Android Tests (1)	UNKNOWN STEP	2026-02-25T19:48:41.0197080Z  589002ba0eae Pull complete 
Android Tests (1)	UNKNOWN STEP	2026-02-25T19:48:41.0221401Z  0c8d55a45c0d Downloading [==============================>                    ]   18.1MB/29.78MB
Android Tests (1)	UNKNOWN STEP	2026-02-25T19:48:41.0223776Z  b4403f29458a Downloading [==============>                                    ]  30.39MB/105.2MB
Android Tests (1)	UNKNOWN STEP	2026-02-25T19:48:41.0671352Z  686599c79c87 Downloading [==>                                                ]  505.4kB/11.8MB
Android Tests (1)	UNKNOWN STEP	2026-02-25T19:48:41.1185845Z  5ffb427686b6 Extracting [==================================================>]     972B/972B
Android Tests (1)	UNKNOWN STEP	2026-02-25T19:48:41.1186921Z  5ffb427686b6 Extracting [==================================================>]     972B/972B
Android Tests (1)	UNKNOWN STEP	2026-02-25T19:48:41.1208240Z  09a5a0c32a23 Pull complete 
Android Tests (1)	UNKNOWN STEP	2026-02-25T19:48:41.1218777Z  0c8d55a45c0d Downloading [=======================================>           ]  23.32MB/29.78MB
Android Tests (1)	UNKNOWN STEP	2026-02-25T19:48:41.1225425Z  b4403f29458a Downloading [===============>                                   ]   33.6MB/105.2MB
Android Tests (1)	UNKNOWN STEP	2026-02-25T19:48:41.1498809Z  0c8d55a45c0d Verifying Checksum 
Android Tests (1)	UNKNOWN STEP	2026-02-25T19:48:41.1500266Z  0c8d55a45c0d Download complete 
Android Tests (1)	UNKNOWN STEP	2026-02-25T19:48:41.2068600Z  686599c79c87 Downloading [=================================================> ]  11.69MB/11.8MB
Android Tests (1)	UNKNOWN STEP	2026-02-25T19:48:41.2073883Z  686599c79c87 Verifying Checksum 
Android Tests (1)	UNKNOWN STEP	2026-02-25T19:48:41.2079508Z  686599c79c87 Download complete 
Android Tests (1)	UNKNOWN STEP	2026-02-25T19:48:41.2082160Z  bd53938b1271 Extracting [=========>                                         ]  32.77kB/173.4kB
Android Tests (1)	UNKNOWN STEP	2026-02-25T19:48:41.2106899Z  bd53938b1271 Extracting [==================================================>]  173.4kB/173.4kB
Android Tests (1)	UNKNOWN STEP	2026-02-25T19:48:41.2325434Z  b4403f29458a Downloading [====================>                              ]  43.74MB/105.2MB
Android Tests (1)	UNKNOWN STEP	2026-02-25T19:48:41.2967912Z  0c8d55a45c0d Extracting [>                                                  ]  327.7kB/29.78MB
Android Tests (1)	UNKNOWN STEP	2026-02-25T19:48:41.3159328Z  3ee96ea8e5d2 Downloading [==================================================>]     250B/250B
Android Tests (1)	UNKNOWN STEP	2026-02-25T19:48:41.3161228Z  3ee96ea8e5d2 Verifying Checksum 
Android Tests (1)	UNKNOWN STEP	2026-02-25T19:48:41.3161752Z  3ee96ea8e5d2 Download complete 
Android Tests (1)	UNKNOWN STEP	2026-02-25T19:48:41.3206154Z  f1cadbd7abd2 Downloading [==================================================>]     252B/252B
Android Tests (1)	UNKNOWN STEP	2026-02-25T19:48:41.3210494Z  f1cadbd7abd2 Verifying Checksum 
Android Tests (1)	UNKNOWN STEP	2026-02-25T19:48:41.3214583Z  f1cadbd7abd2 Download complete 
Android Tests (1)	UNKNOWN STEP	2026-02-25T19:48:41.3243934Z  5ffb427686b6 Pull complete 
Android Tests (1)	UNKNOWN STEP	2026-02-25T19:48:41.3266090Z  630177b00352 Extracting [=>                                                 ]  32.77kB/922.9kB
Android Tests (1)	UNKNOWN STEP	2026-02-25T19:48:41.3330486Z  b4403f29458a Downloading [======================>                            ]  48.01MB/105.2MB
Android Tests (1)	UNKNOWN STEP	2026-02-25T19:48:41.3956068Z  bd53938b1271 Extracting [==================================================>]  173.4kB/173.4kB
Android Tests (1)	UNKNOWN STEP	2026-02-25T19:48:41.4003011Z  0c8d55a45c0d Extracting [====>                                              ]  2.949MB/29.78MB
Android Tests (1)	UNKNOWN STEP	2026-02-25T19:48:41.4005609Z  630177b00352 Extracting [==================================================>]  922.9kB/922.9kB
Android Tests (1)	UNKNOWN STEP	2026-02-25T19:48:41.4308656Z  a954d256f742 Downloading [>                                                  ]  223.3kB/21.98MB
Android Tests (1)	UNKNOWN STEP	2026-02-25T19:48:41.4377062Z  b4403f29458a Downloading [=======================>                           ]  50.16MB/105.2MB
Android Tests (1)	UNKNOWN STEP	2026-02-25T19:48:41.4388704Z  c7ce85987d6d Downloading [==>                                                ]     719B/13.29kB
Android Tests (1)	UNKNOWN STEP	2026-02-25T19:48:41.4395162Z  c7ce85987d6d Downloading [==================================================>]  13.29kB/13.29kB
Android Tests (1)	UNKNOWN STEP	2026-02-25T19:48:41.4396751Z  c7ce85987d6d Verifying Checksum 
Android Tests (1)	UNKNOWN STEP	2026-02-25T19:48:41.4397877Z  c7ce85987d6d Download complete 
Android Tests (1)	UNKNOWN STEP	2026-02-25T19:48:41.5072369Z  0c8d55a45c0d Extracting [===========>                                       ]  6.554MB/29.78MB
Android Tests (1)	UNKNOWN STEP	2026-02-25T19:48:41.5323790Z  a954d256f742 Downloading [=============================>                     ]  13.03MB/21.98MB
Android Tests (1)	UNKNOWN STEP	2026-02-25T19:48:41.5590017Z  b4403f29458a Downloading [=========================>                         ]  52.83MB/105.2MB
Android Tests (1)	UNKNOWN STEP	2026-02-25T19:48:41.5716994Z  7807da78b90b Downloading [>                                                  ]  462.7kB/45.54MB
Android Tests (1)	UNKNOWN STEP	2026-02-25T19:48:41.5921416Z  a954d256f742 Verifying Checksum 
Android Tests (1)	UNKNOWN STEP	2026-02-25T19:48:41.5921963Z  a954d256f742 Download complete 
Android Tests (1)	UNKNOWN STEP	2026-02-25T19:48:41.6265812Z  0c8d55a45c0d Extracting [=================>                                 ]  10.16MB/29.78MB
Android Tests (1)	UNKNOWN STEP	2026-02-25T19:48:41.6762373Z  7807da78b90b Downloading [========>                                          ]  7.422MB/45.54MB
Android Tests (1)	UNKNOWN STEP	2026-02-25T19:48:41.7305481Z  0c8d55a45c0d Extracting [=======================>                           ]  14.09MB/29.78MB
Android Tests (1)	UNKNOWN STEP	2026-02-25T19:48:41.7319382Z  b4403f29458a Downloading [==========================>                        ]  54.96MB/105.2MB
Android Tests (1)	UNKNOWN STEP	2026-02-25T19:48:41.7592213Z  0478cd5c1079 Downloading [==========>                                        ]     720B/3.507kB
Android Tests (1)	UNKNOWN STEP	2026-02-25T19:48:41.7603300Z  0478cd5c1079 Downloading [==================================================>]  3.507kB/3.507kB
Android Tests (1)	UNKNOWN STEP	2026-02-25T19:48:41.7607062Z  0478cd5c1079 Verifying Checksum 
Android Tests (1)	UNKNOWN STEP	2026-02-25T19:48:41.7607539Z  0478cd5c1079 Download complete 
Android Tests (1)	UNKNOWN STEP	2026-02-25T19:48:41.7804110Z  7807da78b90b Downloading [================>                                  ]  14.85MB/45.54MB
Android Tests (1)	UNKNOWN STEP	2026-02-25T19:48:41.8310861Z  0c8d55a45c0d Extracting [===================================>               ]   21.3MB/29.78MB
Android Tests (1)	UNKNOWN STEP	2026-02-25T19:48:41.8560092Z  b4403f29458a Downloading [===========================>                       ]   57.1MB/105.2MB
Android Tests (1)	UNKNOWN STEP	2026-02-25T19:48:41.8826630Z  3a02ac06be95 Downloading [==========>                                        ]     720B/3.462kB
Android Tests (1)	UNKNOWN STEP	2026-02-25T19:48:41.8828246Z  3a02ac06be95 Verifying Checksum 
Android Tests (1)	UNKNOWN STEP	2026-02-25T19:48:41.8829188Z  3a02ac06be95 Download complete 
Android Tests (1)	UNKNOWN STEP	2026-02-25T19:48:41.8949207Z  7807da78b90b Downloading [=====================>                             ]  19.97MB/45.54MB
Android Tests (1)	UNKNOWN STEP	2026-02-25T19:48:41.9341563Z  0c8d55a45c0d Extracting [===========================================>       ]  25.89MB/29.78MB
Android Tests (1)	UNKNOWN STEP	2026-02-25T19:48:41.9704018Z  b4403f29458a Downloading [============================>                      ]  59.75MB/105.2MB
Android Tests (1)	UNKNOWN STEP	2026-02-25T19:48:41.9968716Z  7807da78b90b Downloading [=======================>                           ]  21.82MB/45.54MB
Android Tests (1)	UNKNOWN STEP	2026-02-25T19:48:42.0930697Z  0c8d55a45c0d Extracting [============================================>      ]  26.21MB/29.78MB
Android Tests (1)	UNKNOWN STEP	2026-02-25T19:48:42.1014027Z  7807da78b90b Downloading [=========================>                         ]  23.66MB/45.54MB
Android Tests (1)	UNKNOWN STEP	2026-02-25T19:48:42.1529448Z  b4403f29458a Downloading [=============================>                     ]  62.42MB/105.2MB
Android Tests (1)	UNKNOWN STEP	2026-02-25T19:48:42.1935883Z  0c8d55a45c0d Extracting [===============================================>   ]  28.51MB/29.78MB
Android Tests (1)	UNKNOWN STEP	2026-02-25T19:48:42.2065028Z  7807da78b90b Downloading [============================>                      ]  25.52MB/45.54MB
Android Tests (1)	UNKNOWN STEP	2026-02-25T19:48:42.2558225Z  b4403f29458a Downloading [==============================>                    ]  65.09MB/105.2MB
Android Tests (1)	UNKNOWN STEP	2026-02-25T19:48:42.3142301Z  7807da78b90b Downloading [=============================>                     ]   26.9MB/45.54MB
Android Tests (1)	UNKNOWN STEP	2026-02-25T19:48:42.3650131Z  b4403f29458a Downloading [================================>                  ]  68.29MB/105.2MB
Android Tests (1)	UNKNOWN STEP	2026-02-25T19:48:42.3780207Z  0c8d55a45c0d Extracting [================================================>  ]  29.16MB/29.78MB
Android Tests (1)	UNKNOWN STEP	2026-02-25T19:48:42.4149457Z  7807da78b90b Downloading [=====================================>             ]  33.86MB/45.54MB
Android Tests (1)	UNKNOWN STEP	2026-02-25T19:48:42.4769479Z  b4403f29458a Downloading [=================================>                 ]  70.95MB/105.2MB
Android Tests (1)	UNKNOWN STEP	2026-02-25T19:48:42.4872442Z  0c8d55a45c0d Extracting [==================================================>]  29.78MB/29.78MB
Android Tests (1)	UNKNOWN STEP	2026-02-25T19:48:42.5025166Z  7807da78b90b Verifying Checksum 
Android Tests (1)	UNKNOWN STEP	2026-02-25T19:48:42.5025728Z  7807da78b90b Download complete 
Android Tests (1)	UNKNOWN STEP	2026-02-25T19:48:42.5170723Z  0c8d55a45c0d Pull complete 
Android Tests (1)	UNKNOWN STEP	2026-02-25T19:48:42.5197602Z  03af238a5946 Extracting [=>                                                 ]  32.77kB/1.293MB
Android Tests (1)	UNKNOWN STEP	2026-02-25T19:48:42.6046166Z  b4403f29458a Downloading [==================================>                ]   73.1MB/105.2MB
Android Tests (1)	UNKNOWN STEP	2026-02-25T19:48:42.6239407Z  03af238a5946 Extracting [=============>                                     ]  360.4kB/1.293MB
Android Tests (1)	UNKNOWN STEP	2026-02-25T19:48:42.7093075Z  b4403f29458a Downloading [=====================================>             ]  78.98MB/105.2MB
Android Tests (1)	UNKNOWN STEP	2026-02-25T19:48:42.7239558Z  03af238a5946 Extracting [==================================================>]  1.293MB/1.293MB
Android Tests (1)	UNKNOWN STEP	2026-02-25T19:48:42.7247042Z  03af238a5946 Extracting [==================================================>]  1.293MB/1.293MB
Android Tests (1)	UNKNOWN STEP	2026-02-25T19:48:42.7770364Z  9acd5b82521c Pull complete 
Android Tests (1)	UNKNOWN STEP	2026-02-25T19:48:42.7790517Z  10d78728ec4d Extracting [==================================================>]     122B/122B
Android Tests (1)	UNKNOWN STEP	2026-02-25T19:48:42.7798767Z  10d78728ec4d Extracting [==================================================>]     122B/122B
Android Tests (1)	UNKNOWN STEP	2026-02-25T19:48:42.8677897Z  b4403f29458a Downloading [=======================================>           ]  83.26MB/105.2MB
Android Tests (1)	UNKNOWN STEP	2026-02-25T19:48:42.9172320Z  03af238a5946 Pull complete 
Android Tests (1)	UNKNOWN STEP	2026-02-25T19:48:42.9198283Z  686599c79c87 Extracting [>                                                  ]  131.1kB/11.8MB
Android Tests (1)	UNKNOWN STEP	2026-02-25T19:48:42.9700439Z  10d78728ec4d Pull complete 
Android Tests (1)	UNKNOWN STEP	2026-02-25T19:48:42.9701627Z  630177b00352 Pull complete 
Android Tests (1)	UNKNOWN STEP	2026-02-25T19:48:42.9704611Z  bd53938b1271 Pull complete 
Android Tests (1)	UNKNOWN STEP	2026-02-25T19:48:42.9713672Z  e0d49f520b92 Extracting [==================================================>]     961B/961B
Android Tests (1)	UNKNOWN STEP	2026-02-25T19:48:42.9718160Z  e0d49f520b92 Extracting [==================================================>]     961B/961B
Android Tests (1)	UNKNOWN STEP	2026-02-25T19:48:42.9731168Z  9fe3744a2eac Extracting [=>                                                 ]  32.77kB/1.003MB
Android Tests (1)	UNKNOWN STEP	2026-02-25T19:48:42.9753830Z  6c18ff1f33d0 Extracting [==================================================>]     173B/173B
Android Tests (1)	UNKNOWN STEP	2026-02-25T19:48:42.9759475Z  6c18ff1f33d0 Extracting [==================================================>]     173B/173B
Android Tests (1)	UNKNOWN STEP	2026-02-25T19:48:42.9891041Z  e0d49f520b92 Pull complete 
Android Tests (1)	UNKNOWN STEP	2026-02-25T19:48:42.9911091Z  5de905603ac5 Extracting [==================================================>]  17.03kB/17.03kB
Android Tests (1)	UNKNOWN STEP	2026-02-25T19:48:42.9928482Z  5de905603ac5 Extracting [==================================================>]  17.03kB/17.03kB
Android Tests (1)	UNKNOWN STEP	2026-02-25T19:48:42.9932607Z  6c18ff1f33d0 Pull complete 
Android Tests (1)	UNKNOWN STEP	2026-02-25T19:48:42.9951471Z  13e46e455d3b Extracting [==================================================>]     116B/116B
Android Tests (1)	UNKNOWN STEP	2026-02-25T19:48:42.9958195Z  13e46e455d3b Extracting [==================================================>]     116B/116B
Android Tests (1)	UNKNOWN STEP	2026-02-25T19:48:42.9980223Z  b4403f29458a Downloading [==========================================>        ]   88.6MB/105.2MB
Android Tests (1)	UNKNOWN STEP	2026-02-25T19:48:43.0082497Z  9fe3744a2eac Extracting [==================================================>]  1.003MB/1.003MB
Android Tests (1)	UNKNOWN STEP	2026-02-25T19:48:43.0089822Z  9fe3744a2eac Extracting [==================================================>]  1.003MB/1.003MB
Android Tests (1)	UNKNOWN STEP	2026-02-25T19:48:43.0094199Z  5de905603ac5 Pull complete 
Android Tests (1)	UNKNOWN STEP	2026-02-25T19:48:43.0094649Z  13e46e455d3b Pull complete 
Android Tests (1)	UNKNOWN STEP	2026-02-25T19:48:43.0119085Z  808bb02340fa Extracting [==================>                                ]  32.77kB/90.98kB
Android Tests (1)	UNKNOWN STEP	2026-02-25T19:48:43.0137330Z  808bb02340fa Extracting [==================================================>]  90.98kB/90.98kB
Android Tests (1)	UNKNOWN STEP	2026-02-25T19:48:43.0142933Z  808bb02340fa Extracting [==================================================>]  90.98kB/90.98kB
Android Tests (1)	UNKNOWN STEP	2026-02-25T19:48:43.0181208Z  9fe3744a2eac Pull complete 
Android Tests (1)	UNKNOWN STEP	2026-02-25T19:48:43.0213542Z  7ad54b3c4cef Extracting [>                                                  ]  131.1kB/12.41MB
Android Tests (1)	UNKNOWN STEP	2026-02-25T19:48:43.0285066Z  808bb02340fa Pull complete 
Android Tests (1)	UNKNOWN STEP	2026-02-25T19:48:43.0324235Z  c0970b69197c Extracting [>                                                  ]  163.8kB/14.88MB
Android Tests (1)	UNKNOWN STEP	2026-02-25T19:48:43.0342618Z  686599c79c87 Extracting [===>                                               ]  786.4kB/11.8MB
Android Tests (1)	UNKNOWN STEP	2026-02-25T19:48:43.1122512Z  b4403f29458a Downloading [============================================>      ]  93.97MB/105.2MB
Android Tests (1)	UNKNOWN STEP	2026-02-25T19:48:43.1231686Z  7ad54b3c4cef Extracting [===============>                                   ]  3.932MB/12.41MB
Android Tests (1)	UNKNOWN STEP	2026-02-25T19:48:43.1359350Z  c0970b69197c Extracting [=================>                                 ]  5.243MB/14.88MB
Android Tests (1)	UNKNOWN STEP	2026-02-25T19:48:43.1362954Z  686599c79c87 Extracting [=========>                                         ]  2.359MB/11.8MB
Android Tests (1)	UNKNOWN STEP	2026-02-25T19:48:43.2232261Z  7ad54b3c4cef Extracting [=======================================>           ]   9.83MB/12.41MB
Android Tests (1)	UNKNOWN STEP	2026-02-25T19:48:43.2293732Z  b4403f29458a Downloading [=============================================>     ]  96.66MB/105.2MB
Android Tests (1)	UNKNOWN STEP	2026-02-25T19:48:43.2361341Z  c0970b69197c Extracting [=================================>                 ]  9.994MB/14.88MB
Android Tests (1)	UNKNOWN STEP	2026-02-25T19:48:43.2362659Z  686599c79c87 Extracting [===============>                                   ]   3.67MB/11.8MB
Android Tests (1)	UNKNOWN STEP	2026-02-25T19:48:43.2727683Z  7ad54b3c4cef Extracting [==================================================>]  12.41MB/12.41MB
Android Tests (1)	UNKNOWN STEP	2026-02-25T19:48:43.3180121Z  c0970b69197c Extracting [==================================================>]  14.88MB/14.88MB
Android Tests (1)	UNKNOWN STEP	2026-02-25T19:48:43.3231262Z  7ad54b3c4cef Pull complete 
Android Tests (1)	UNKNOWN STEP	2026-02-25T19:48:43.3251530Z  2a97533d89ca Extracting [==================================================>]     100B/100B
Android Tests (1)	UNKNOWN STEP	2026-02-25T19:48:43.3254370Z  2a97533d89ca Extracting [==================================================>]     100B/100B
Android Tests (1)	UNKNOWN STEP	2026-02-25T19:48:43.3297640Z  b4403f29458a Downloading [===============================================>   ]  99.33MB/105.2MB
Android Tests (1)	UNKNOWN STEP	2026-02-25T19:48:43.3316543Z  c0970b69197c Pull complete 
Android Tests (1)	UNKNOWN STEP	2026-02-25T19:48:43.3344779Z  9de5f206730a Extracting [==>                                                ]  32.77kB/766.3kB
Android Tests (1)	UNKNOWN STEP	2026-02-25T19:48:43.3379764Z  2a97533d89ca Pull complete 
Android Tests (1)	UNKNOWN STEP	2026-02-25T19:48:43.3381835Z  686599c79c87 Extracting [========================>                          ]  5.767MB/11.8MB
Android Tests (1)	UNKNOWN STEP	2026-02-25T19:48:43.3418035Z  4f4fb700ef54 Extracting [==================================================>]      32B/32B
Android Tests (1)	UNKNOWN STEP	2026-02-25T19:48:43.3420041Z  4f4fb700ef54 Extracting [==================================================>]      32B/32B
Android Tests (1)	UNKNOWN STEP	2026-02-25T19:48:43.3504512Z  9de5f206730a Extracting [==================================================>]  766.3kB/766.3kB
Android Tests (1)	UNKNOWN STEP	2026-02-25T19:48:43.3509192Z  4f4fb700ef54 Pull complete 
Android Tests (1)	UNKNOWN STEP	2026-02-25T19:48:43.3518715Z  1c2c8d1ee428 Extracting [==================================================>]     576B/576B
Android Tests (1)	UNKNOWN STEP	2026-02-25T19:48:43.3521071Z  1c2c8d1ee428 Extracting [==================================================>]     576B/576B
Android Tests (1)	UNKNOWN STEP	2026-02-25T19:48:43.3633494Z  9de5f206730a Pull complete 
Android Tests (1)	UNKNOWN STEP	2026-02-25T19:48:43.3648236Z  24e28b7dc0a2 Extracting [===================>                               ]  32.77kB/83.13kB
Android Tests (1)	UNKNOWN STEP	2026-02-25T19:48:43.3651337Z  1c2c8d1ee428 Pull complete 
Android Tests (1)	UNKNOWN STEP	2026-02-25T19:48:43.3652722Z  24e28b7dc0a2 Extracting [==================================================>]  83.13kB/83.13kB
Android Tests (1)	UNKNOWN STEP	2026-02-25T19:48:43.3672527Z  24e28b7dc0a2 Extracting [==================================================>]  83.13kB/83.13kB
Android Tests (1)	UNKNOWN STEP	2026-02-25T19:48:43.3713113Z  redis Pulled 
Android Tests (1)	UNKNOWN STEP	2026-02-25T19:48:43.3921166Z  24e28b7dc0a2 Pull complete 
Android Tests (1)	UNKNOWN STEP	2026-02-25T19:48:43.3950355Z  830180cf89a8 Extracting [>                                                  ]  163.8kB/14.63MB
Android Tests (1)	UNKNOWN STEP	2026-02-25T19:48:43.4158016Z  b4403f29458a Verifying Checksum 
Android Tests (1)	UNKNOWN STEP	2026-02-25T19:48:43.4158747Z  b4403f29458a Download complete 
Android Tests (1)	UNKNOWN STEP	2026-02-25T19:48:43.4295717Z  b4403f29458a Extracting [>                                                  ]  557.1kB/105.2MB
Android Tests (1)	UNKNOWN STEP	2026-02-25T19:48:43.4381810Z  686599c79c87 Extracting [===============================>                   ]  7.471MB/11.8MB
Android Tests (1)	UNKNOWN STEP	2026-02-25T19:48:43.4990270Z  830180cf89a8 Extracting [===================>                               ]  5.571MB/14.63MB
Android Tests (1)	UNKNOWN STEP	2026-02-25T19:48:43.5507335Z  b4403f29458a Extracting [=>                                                 ]  2.228MB/105.2MB
Android Tests (1)	UNKNOWN STEP	2026-02-25T19:48:43.5658069Z  686599c79c87 Extracting [=======================================>           ]  9.306MB/11.8MB
Android Tests (1)	UNKNOWN STEP	2026-02-25T19:48:43.6015768Z  830180cf89a8 Extracting [=================================>                 ]  9.667MB/14.63MB
Android Tests (1)	UNKNOWN STEP	2026-02-25T19:48:43.6506773Z  b4403f29458a Extracting [===>                                               ]  7.799MB/105.2MB
Android Tests (1)	UNKNOWN STEP	2026-02-25T19:48:43.6847687Z  686599c79c87 Extracting [===========================================>       ]  10.35MB/11.8MB
Android Tests (1)	UNKNOWN STEP	2026-02-25T19:48:43.6983485Z  830180cf89a8 Extracting [==================================================>]  14.63MB/14.63MB
Android Tests (1)	UNKNOWN STEP	2026-02-25T19:48:43.7518655Z  b4403f29458a Extracting [======>                                            ]  13.37MB/105.2MB
Android Tests (1)	UNKNOWN STEP	2026-02-25T19:48:43.7591504Z  830180cf89a8 Pull complete 
Android Tests (1)	UNKNOWN STEP	2026-02-25T19:48:43.7659955Z  dex Pulled 
Android Tests (1)	UNKNOWN STEP	2026-02-25T19:48:43.7928282Z  686599c79c87 Extracting [==============================================>    ]  11.01MB/11.8MB
Android Tests (1)	UNKNOWN STEP	2026-02-25T19:48:43.8563145Z  b4403f29458a Extracting [==========>                                        ]  21.73MB/105.2MB
Android Tests (1)	UNKNOWN STEP	2026-02-25T19:48:43.8578552Z  686599c79c87 Extracting [==================================================>]   11.8MB/11.8MB
Android Tests (1)	UNKNOWN STEP	2026-02-25T19:48:43.9106651Z  686599c79c87 Pull complete 
Android Tests (1)	UNKNOWN STEP	2026-02-25T19:48:43.9119197Z  f1cadbd7abd2 Extracting [==================================================>]     252B/252B
Android Tests (1)	UNKNOWN STEP	2026-02-25T19:48:43.9123664Z  f1cadbd7abd2 Extracting [==================================================>]     252B/252B
Android Tests (1)	UNKNOWN STEP	2026-02-25T19:48:43.9257705Z  f1cadbd7abd2 Pull complete 
Android Tests (1)	UNKNOWN STEP	2026-02-25T19:48:43.9270994Z  3ee96ea8e5d2 Extracting [==================================================>]     250B/250B
Android Tests (1)	UNKNOWN STEP	2026-02-25T19:48:43.9278982Z  3ee96ea8e5d2 Extracting [==================================================>]     250B/250B
Android Tests (1)	UNKNOWN STEP	2026-02-25T19:48:43.9374788Z  3ee96ea8e5d2 Pull complete 
Android Tests (1)	UNKNOWN STEP	2026-02-25T19:48:43.9410050Z  a954d256f742 Extracting [>                                                  ]  229.4kB/21.98MB
Android Tests (1)	UNKNOWN STEP	2026-02-25T19:48:43.9630896Z  b4403f29458a Extracting [==============>                                    ]  29.52MB/105.2MB
Android Tests (1)	UNKNOWN STEP	2026-02-25T19:48:44.0570608Z  a954d256f742 Extracting [=====>                                             ]  2.294MB/21.98MB
Android Tests (1)	UNKNOWN STEP	2026-02-25T19:48:44.0671116Z  b4403f29458a Extracting [=================>                                 ]  37.32MB/105.2MB
Android Tests (1)	UNKNOWN STEP	2026-02-25T19:48:44.1585155Z  a954d256f742 Extracting [=============>                                     ]  5.964MB/21.98MB
Android Tests (1)	UNKNOWN STEP	2026-02-25T19:48:44.1712875Z  b4403f29458a Extracting [=====================>                             ]  45.68MB/105.2MB
Android Tests (1)	UNKNOWN STEP	2026-02-25T19:48:44.2588042Z  a954d256f742 Extracting [============================>                      ]  12.62MB/21.98MB
Android Tests (1)	UNKNOWN STEP	2026-02-25T19:48:44.2832807Z  b4403f29458a Extracting [========================>                          ]  51.25MB/105.2MB
Android Tests (1)	UNKNOWN STEP	2026-02-25T19:48:44.3615124Z  a954d256f742 Extracting [==========================================>        ]  18.58MB/21.98MB
Android Tests (1)	UNKNOWN STEP	2026-02-25T19:48:44.3963509Z  b4403f29458a Extracting [==========================>                        ]  56.26MB/105.2MB
Android Tests (1)	UNKNOWN STEP	2026-02-25T19:48:44.4730407Z  a954d256f742 Extracting [==================================================>]  21.98MB/21.98MB
Android Tests (1)	UNKNOWN STEP	2026-02-25T19:48:44.4973744Z  b4403f29458a Extracting [==============================>                    ]   63.5MB/105.2MB
Android Tests (1)	UNKNOWN STEP	2026-02-25T19:48:44.6118291Z  b4403f29458a Extracting [================================>                  ]  67.96MB/105.2MB
Android Tests (1)	UNKNOWN STEP	2026-02-25T19:48:44.6168055Z  a954d256f742 Pull complete 
Android Tests (1)	UNKNOWN STEP	2026-02-25T19:48:44.6180648Z  c7ce85987d6d Extracting [==================================================>]  13.29kB/13.29kB
Android Tests (1)	UNKNOWN STEP	2026-02-25T19:48:44.6188331Z  c7ce85987d6d Extracting [==================================================>]  13.29kB/13.29kB
Android Tests (1)	UNKNOWN STEP	2026-02-25T19:48:44.6755733Z  c7ce85987d6d Pull complete 
Android Tests (1)	UNKNOWN STEP	2026-02-25T19:48:44.7029902Z  7807da78b90b Extracting [>                                                  ]  458.8kB/45.54MB
Android Tests (1)	UNKNOWN STEP	2026-02-25T19:48:44.8139553Z  b4403f29458a Extracting [===================================>               ]   75.2MB/105.2MB
Android Tests (1)	UNKNOWN STEP	2026-02-25T19:48:44.8616572Z  7807da78b90b Extracting [===>                                               ]  2.753MB/45.54MB
Android Tests (1)	UNKNOWN STEP	2026-02-25T19:48:44.9149045Z  b4403f29458a Extracting [====================================>              ]  75.76MB/105.2MB
Android Tests (1)	UNKNOWN STEP	2026-02-25T19:48:44.9664365Z  7807da78b90b Extracting [======>                                            ]  5.964MB/45.54MB
Android Tests (1)	UNKNOWN STEP	2026-02-25T19:48:45.0377151Z  b4403f29458a Extracting [====================================>              ]  77.43MB/105.2MB
Android Tests (1)	UNKNOWN STEP	2026-02-25T19:48:45.0844077Z  7807da78b90b Extracting [=========>                                         ]  8.716MB/45.54MB
Android Tests (1)	UNKNOWN STEP	2026-02-25T19:48:45.1461095Z  b4403f29458a Extracting [=====================================>             ]  79.66MB/105.2MB
Android Tests (1)	UNKNOWN STEP	2026-02-25T19:48:45.2015078Z  7807da78b90b Extracting [==========>                                        ]  9.634MB/45.54MB
Android Tests (1)	UNKNOWN STEP	2026-02-25T19:48:45.2512027Z  b4403f29458a Extracting [=======================================>           ]     83MB/105.2MB
Android Tests (1)	UNKNOWN STEP	2026-02-25T19:48:45.3077076Z  7807da78b90b Extracting [================>                                  ]  14.68MB/45.54MB
Android Tests (1)	UNKNOWN STEP	2026-02-25T19:48:45.3599714Z  b4403f29458a Extracting [=========================================>         ]   86.9MB/105.2MB
Android Tests (1)	UNKNOWN STEP	2026-02-25T19:48:45.4083008Z  7807da78b90b Extracting [====================>                              ]  18.35MB/45.54MB
Android Tests (1)	UNKNOWN STEP	2026-02-25T19:48:45.4644470Z  b4403f29458a Extracting [===========================================>       ]   90.8MB/105.2MB
Android Tests (1)	UNKNOWN STEP	2026-02-25T19:48:45.5709624Z  7807da78b90b Extracting [=====================>                             ]  19.27MB/45.54MB
Android Tests (1)	UNKNOWN STEP	2026-02-25T19:48:45.5820102Z  b4403f29458a Extracting [===========================================>       ]  92.47MB/105.2MB
Android Tests (1)	UNKNOWN STEP	2026-02-25T19:48:45.6844411Z  b4403f29458a Extracting [===============================================>   ]  100.8MB/105.2MB
Android Tests (1)	UNKNOWN STEP	2026-02-25T19:48:45.7557505Z  7807da78b90b Extracting [=======================>                           ]  21.56MB/45.54MB
Android Tests (1)	UNKNOWN STEP	2026-02-25T19:48:45.7591903Z  b4403f29458a Extracting [==================================================>]  105.2MB/105.2MB
Android Tests (1)	UNKNOWN STEP	2026-02-25T19:48:45.9314457Z  7807da78b90b Extracting [==============================>                    ]  27.53MB/45.54MB
Android Tests (1)	UNKNOWN STEP	2026-02-25T19:48:46.1160759Z  b4403f29458a Pull complete 
Android Tests (1)	UNKNOWN STEP	2026-02-25T19:48:46.1171997Z  40aaa75af6ce Extracting [==================================================>]   9.62kB/9.62kB
Android Tests (1)	UNKNOWN STEP	2026-02-25T19:48:46.1178066Z  40aaa75af6ce Extracting [==================================================>]   9.62kB/9.62kB
Android Tests (1)	UNKNOWN STEP	2026-02-25T19:48:46.1343437Z  40aaa75af6ce Pull complete 
Android Tests (1)	UNKNOWN STEP	2026-02-25T19:48:46.1396594Z  162bdab1e0a7 Extracting [==================================================>]     128B/128B
Android Tests (1)	UNKNOWN STEP	2026-02-25T19:48:46.1399739Z  162bdab1e0a7 Extracting [==================================================>]     128B/128B
Android Tests (1)	UNKNOWN STEP	2026-02-25T19:48:46.1561231Z  162bdab1e0a7 Pull complete 
Android Tests (1)	UNKNOWN STEP	2026-02-25T19:48:46.1574313Z  ebff7b0ec73e Extracting [==================================================>]     170B/170B
Android Tests (1)	UNKNOWN STEP	2026-02-25T19:48:46.1579329Z  ebff7b0ec73e Extracting [==================================================>]     170B/170B
Android Tests (1)	UNKNOWN STEP	2026-02-25T19:48:46.1681379Z  ebff7b0ec73e Pull complete 
Android Tests (1)	UNKNOWN STEP	2026-02-25T19:48:46.1694011Z  c02179436571 Extracting [==================================================>]   5.84kB/5.84kB
Android Tests (1)	UNKNOWN STEP	2026-02-25T19:48:46.1700963Z  c02179436571 Extracting [==================================================>]   5.84kB/5.84kB
Android Tests (1)	UNKNOWN STEP	2026-02-25T19:48:46.1793091Z  c02179436571 Pull complete 
Android Tests (1)	UNKNOWN STEP	2026-02-25T19:48:46.1806900Z  8243369e9866 Extracting [==================================================>]     186B/186B
Android Tests (1)	UNKNOWN STEP	2026-02-25T19:48:46.1808809Z  8243369e9866 Extracting [==================================================>]     186B/186B
Android Tests (1)	UNKNOWN STEP	2026-02-25T19:48:46.1901166Z  8243369e9866 Pull complete 
Android Tests (1)	UNKNOWN STEP	2026-02-25T19:48:46.1959830Z  postgres Pulled 
Android Tests (1)	UNKNOWN STEP	2026-02-25T19:48:46.2466043Z  7807da78b90b Extracting [=================================>                 ]  30.74MB/45.54MB
Android Tests (1)	UNKNOWN STEP	2026-02-25T19:48:46.4136550Z  7807da78b90b Extracting [===================================>               ]  32.11MB/45.54MB
Android Tests (1)	UNKNOWN STEP	2026-02-25T19:48:46.5385457Z  7807da78b90b Extracting [====================================>              ]  33.03MB/45.54MB
Android Tests (1)	UNKNOWN STEP	2026-02-25T19:48:46.6771544Z  7807da78b90b Extracting [=====================================>             ]  34.41MB/45.54MB
Android Tests (1)	UNKNOWN STEP	2026-02-25T19:48:46.8190285Z  7807da78b90b Extracting [======================================>            ]  34.87MB/45.54MB
Android Tests (1)	UNKNOWN STEP	2026-02-25T19:48:46.9319951Z  7807da78b90b Extracting [============================================>      ]  40.83MB/45.54MB
Android Tests (1)	UNKNOWN STEP	2026-02-25T19:48:47.0744358Z  7807da78b90b Extracting [==============================================>    ]  42.21MB/45.54MB
Android Tests (1)	UNKNOWN STEP	2026-02-25T19:48:47.2105304Z  7807da78b90b Extracting [===============================================>   ]  43.58MB/45.54MB
Android Tests (1)	UNKNOWN STEP	2026-02-25T19:48:47.3152769Z  7807da78b90b Extracting [=================================================> ]  44.96MB/45.54MB
Android Tests (1)	UNKNOWN STEP	2026-02-25T19:48:47.3298659Z  7807da78b90b Extracting [==================================================>]  45.54MB/45.54MB
Android Tests (1)	UNKNOWN STEP	2026-02-25T19:48:47.4462359Z  7807da78b90b Pull complete 
Android Tests (1)	UNKNOWN STEP	2026-02-25T19:48:47.4472871Z  0478cd5c1079 Extracting [==================================================>]  3.507kB/3.507kB
Android Tests (1)	UNKNOWN STEP	2026-02-25T19:48:47.4481651Z  0478cd5c1079 Extracting [==================================================>]  3.507kB/3.507kB
Android Tests (1)	UNKNOWN STEP	2026-02-25T19:48:47.4568501Z  0478cd5c1079 Pull complete 
Android Tests (1)	UNKNOWN STEP	2026-02-25T19:48:47.4582664Z  3a02ac06be95 Extracting [==================================================>]  3.462kB/3.462kB
Android Tests (1)	UNKNOWN STEP	2026-02-25T19:48:47.4586845Z  3a02ac06be95 Extracting [==================================================>]  3.462kB/3.462kB
Android Tests (1)	UNKNOWN STEP	2026-02-25T19:48:47.4653953Z  3a02ac06be95 Pull complete 
Android Tests (1)	UNKNOWN STEP	2026-02-25T19:48:47.4712168Z  matrix-synapse Pulled 
Android Tests (1)	UNKNOWN STEP	2026-02-25T19:48:47.4732441Z  Network substitution_substitution_network  Creating
Android Tests (1)	UNKNOWN STEP	2026-02-25T19:48:47.5124104Z  Network substitution_substitution_network  Created
Android Tests (1)	UNKNOWN STEP	2026-02-25T19:48:47.5134626Z  Container substitution-redis-1  Creating
Android Tests (1)	UNKNOWN STEP	2026-02-25T19:48:47.5135377Z  Container substitution-postgres-1  Creating
Android Tests (1)	UNKNOWN STEP	2026-02-25T19:48:47.5136032Z  Container substitution-dex-1  Creating
Android Tests (1)	UNKNOWN STEP	2026-02-25T19:48:47.5390103Z  Container substitution-dex-1  Created
Android Tests (1)	UNKNOWN STEP	2026-02-25T19:48:47.5400275Z  Container substitution-postgres-1  Created
Android Tests (1)	UNKNOWN STEP	2026-02-25T19:48:47.5401166Z  Container substitution-matrix-synapse-1  Creating
Android Tests (1)	UNKNOWN STEP	2026-02-25T19:48:47.5401536Z  Container substitution-redis-1  Created
Android Tests (1)	UNKNOWN STEP	2026-02-25T19:48:47.5507109Z  Container substitution-matrix-synapse-1  Created
Android Tests (1)	UNKNOWN STEP	2026-02-25T19:48:47.5518251Z  Container substitution-dex-1  Starting
Android Tests (1)	UNKNOWN STEP	2026-02-25T19:48:47.5518858Z  Container substitution-redis-1  Starting
Android Tests (1)	UNKNOWN STEP	2026-02-25T19:48:47.5519423Z  Container substitution-postgres-1  Starting
Android Tests (1)	UNKNOWN STEP	2026-02-25T19:48:47.8135142Z  Container substitution-redis-1  Started
Android Tests (1)	UNKNOWN STEP	2026-02-25T19:48:47.8295257Z  Container substitution-postgres-1  Started
Android Tests (1)	UNKNOWN STEP	2026-02-25T19:48:47.8406988Z  Container substitution-dex-1  Started
Android Tests (1)	UNKNOWN STEP	2026-02-25T19:48:47.8407795Z  Container substitution-dex-1  Waiting
Android Tests (1)	UNKNOWN STEP	2026-02-25T19:48:47.8408308Z  Container substitution-postgres-1  Waiting
Android Tests (1)	UNKNOWN STEP	2026-02-25T19:48:53.3417274Z  Container substitution-dex-1  Healthy
Android Tests (1)	UNKNOWN STEP	2026-02-25T19:48:58.3424561Z  Container substitution-postgres-1  Healthy
Android Tests (1)	UNKNOWN STEP	2026-02-25T19:48:58.3425333Z  Container substitution-matrix-synapse-1  Starting
Android Tests (1)	UNKNOWN STEP	2026-02-25T19:48:58.4917223Z  Container substitution-matrix-synapse-1  Started
Android Tests (1)	UNKNOWN STEP	2026-02-25T19:49:08.5645066Z time="2026-02-25T19:49:08Z" level=warning msg="/home/runner/work/substitution/substitution/docker-compose.yml: the attribute `version` is obsolete, it will be ignored, please remove it to avoid potential confusion"
Android Tests (1)	UNKNOWN STEP	2026-02-25T19:49:08.5721404Z  Container substitution-dex-1  Running
Android Tests (1)	UNKNOWN STEP	2026-02-25T19:49:08.5722111Z  Container substitution-postgres-1  Running
Android Tests (1)	UNKNOWN STEP	2026-02-25T19:49:08.5722729Z  Container substitution-matrix-synapse-1  Running
Android Tests (1)	UNKNOWN STEP	2026-02-25T19:49:08.5735431Z  Container substitution-postgres-1  Waiting
Android Tests (1)	UNKNOWN STEP	2026-02-25T19:49:08.5736560Z  Container substitution-dex-1  Waiting
Android Tests (1)	UNKNOWN STEP	2026-02-25T19:49:09.0754775Z  Container substitution-dex-1  Healthy
Android Tests (1)	UNKNOWN STEP	2026-02-25T19:49:09.0755398Z  Container substitution-postgres-1  Healthy
Android Tests (1)	UNKNOWN STEP	2026-02-25T19:49:09.0770021Z  matrix-init Pulling 
Android Tests (1)	UNKNOWN STEP	2026-02-25T19:49:09.5780257Z  589002ba0eae Already exists 
Android Tests (1)	UNKNOWN STEP	2026-02-25T19:49:09.5792683Z  aca07fe076f1 Pulling fs layer 
Android Tests (1)	UNKNOWN STEP	2026-02-25T19:49:09.5793181Z  6dafe251d313 Pulling fs layer 
Android Tests (1)	UNKNOWN STEP	2026-02-25T19:49:09.5793627Z  fa340e77c336 Pulling fs layer 
Android Tests (1)	UNKNOWN STEP	2026-02-25T19:49:09.7009872Z  6dafe251d313 Downloading [>                                                  ]  164.1kB/16.02MB
Android Tests (1)	UNKNOWN STEP	2026-02-25T19:49:09.7175807Z  fa340e77c336 Downloading [==================================================>]     247B/247B
Android Tests (1)	UNKNOWN STEP	2026-02-25T19:49:09.7176799Z  fa340e77c336 Verifying Checksum 
Android Tests (1)	UNKNOWN STEP	2026-02-25T19:49:09.7177172Z  fa340e77c336 Download complete 
Android Tests (1)	UNKNOWN STEP	2026-02-25T19:49:09.7224467Z  aca07fe076f1 Downloading [>                                                  ]  5.313kB/460.9kB
Android Tests (1)	UNKNOWN STEP	2026-02-25T19:49:09.7417584Z  aca07fe076f1 Downloading [==================================================>]  460.9kB/460.9kB
Android Tests (1)	UNKNOWN STEP	2026-02-25T19:49:09.7418194Z  aca07fe076f1 Verifying Checksum 
Android Tests (1)	UNKNOWN STEP	2026-02-25T19:49:09.7418656Z  aca07fe076f1 Download complete 
Android Tests (1)	UNKNOWN STEP	2026-02-25T19:49:09.7419067Z  aca07fe076f1 Extracting [===>                                               ]  32.77kB/460.9kB
Android Tests (1)	UNKNOWN STEP	2026-02-25T19:49:09.8023124Z  6dafe251d313 Downloading [=========>                                         ]  3.148MB/16.02MB
Android Tests (1)	UNKNOWN STEP	2026-02-25T19:49:09.8594312Z  aca07fe076f1 Extracting [==================================================>]  460.9kB/460.9kB
Android Tests (1)	UNKNOWN STEP	2026-02-25T19:49:09.9058062Z  6dafe251d313 Downloading [==============================>                    ]  9.864MB/16.02MB
Android Tests (1)	UNKNOWN STEP	2026-02-25T19:49:09.9864648Z  6dafe251d313 Verifying Checksum 
Android Tests (1)	UNKNOWN STEP	2026-02-25T19:49:09.9864982Z  6dafe251d313 Download complete 
Android Tests (1)	UNKNOWN STEP	2026-02-25T19:49:10.0293542Z  aca07fe076f1 Pull complete 
Android Tests (1)	UNKNOWN STEP	2026-02-25T19:49:10.0316184Z  6dafe251d313 Extracting [>                                                  ]  163.8kB/16.02MB
Android Tests (1)	UNKNOWN STEP	2026-02-25T19:49:10.1324209Z  6dafe251d313 Extracting [========>                                          ]  2.785MB/16.02MB
Android Tests (1)	UNKNOWN STEP	2026-02-25T19:49:10.2469834Z  6dafe251d313 Extracting [=================>                                 ]  5.734MB/16.02MB
Android Tests (1)	UNKNOWN STEP	2026-02-25T19:49:10.3499727Z  6dafe251d313 Extracting [=================================>                 ]  10.65MB/16.02MB
Android Tests (1)	UNKNOWN STEP	2026-02-25T19:49:10.4554047Z  6dafe251d313 Extracting [=======================================>           ]  12.78MB/16.02MB
Android Tests (1)	UNKNOWN STEP	2026-02-25T19:49:10.5622406Z  6dafe251d313 Extracting [============================================>      ]  14.25MB/16.02MB
Android Tests (1)	UNKNOWN STEP	2026-02-25T19:49:10.6747265Z  6dafe251d313 Extracting [===============================================>   ]  15.07MB/16.02MB
Android Tests (1)	UNKNOWN STEP	2026-02-25T19:49:10.7650602Z  6dafe251d313 Extracting [==================================================>]  16.02MB/16.02MB
Android Tests (1)	UNKNOWN STEP	2026-02-25T19:49:10.8354474Z  6dafe251d313 Pull complete 
Android Tests (1)	UNKNOWN STEP	2026-02-25T19:49:10.8364235Z  fa340e77c336 Extracting [==================================================>]     247B/247B
Android Tests (1)	UNKNOWN STEP	2026-02-25T19:49:10.8369636Z  fa340e77c336 Extracting [==================================================>]     247B/247B
Android Tests (1)	UNKNOWN STEP	2026-02-25T19:49:10.8460697Z  fa340e77c336 Pull complete 
Android Tests (1)	UNKNOWN STEP	2026-02-25T19:49:10.8645555Z  matrix-init Pulled 
Android Tests (1)	UNKNOWN STEP	2026-02-25T19:49:13.5944502Z Collecting requests
Android Tests (1)	UNKNOWN STEP	2026-02-25T19:49:13.6717655Z   Downloading requests-2.32.5-py3-none-any.whl.metadata (4.9 kB)
Android Tests (1)	UNKNOWN STEP	2026-02-25T19:49:13.7903045Z Collecting charset_normalizer<4,>=2 (from requests)
Android Tests (1)	UNKNOWN STEP	2026-02-25T19:49:13.8059682Z   Downloading charset_normalizer-3.4.4-cp311-cp311-musllinux_1_2_x86_64.whl.metadata (37 kB)
Android Tests (1)	UNKNOWN STEP	2026-02-25T19:49:13.8439738Z Collecting idna<4,>=2.5 (from requests)
Android Tests (1)	UNKNOWN STEP	2026-02-25T19:49:13.8583276Z   Downloading idna-3.11-py3-none-any.whl.metadata (8.4 kB)
Android Tests (1)	UNKNOWN STEP	2026-02-25T19:49:13.9087262Z Collecting urllib3<3,>=1.21.1 (from requests)
Android Tests (1)	UNKNOWN STEP	2026-02-25T19:49:13.9229298Z   Downloading urllib3-2.6.3-py3-none-any.whl.metadata (6.9 kB)
Android Tests (1)	UNKNOWN STEP	2026-02-25T19:49:13.9536594Z Collecting certifi>=2017.4.17 (from requests)
Android Tests (1)	UNKNOWN STEP	2026-02-25T19:49:13.9683597Z   Downloading certifi-2026.2.25-py3-none-any.whl.metadata (2.5 kB)
Android Tests (1)	UNKNOWN STEP	2026-02-25T19:49:13.9986855Z Downloading requests-2.32.5-py3-none-any.whl (64 kB)
Android Tests (1)	UNKNOWN STEP	2026-02-25T19:49:14.0381503Z    ━━━━━━━━━━━━━━━━━━━━━━━━━━━━━━━━━━━━━━━━ 64.7/64.7 kB 1.6 MB/s eta 0:00:00
Android Tests (1)	UNKNOWN STEP	2026-02-25T19:49:14.0587584Z Downloading certifi-2026.2.25-py3-none-any.whl (153 kB)
Android Tests (1)	UNKNOWN STEP	2026-02-25T19:49:14.1400009Z    ━━━━━━━━━━━━━━━━━━━━━━━━━━━━━━━━━━━━━━━━ 153.7/153.7 kB 2.0 MB/s eta 0:00:00
Android Tests (1)	UNKNOWN STEP	2026-02-25T19:49:14.1543422Z Downloading charset_normalizer-3.4.4-cp311-cp311-musllinux_1_2_x86_64.whl (152 kB)
Android Tests (1)	UNKNOWN STEP	2026-02-25T19:49:14.2262130Z    ━━━━━━━━━━━━━━━━━━━━━━━━━━━━━━━━━━━━━━━━ 153.0/153.0 kB 2.2 MB/s eta 0:00:00
Android Tests (1)	UNKNOWN STEP	2026-02-25T19:49:14.2406086Z Downloading idna-3.11-py3-none-any.whl (71 kB)
Android Tests (1)	UNKNOWN STEP	2026-02-25T19:49:14.2719049Z    ━━━━━━━━━━━━━━━━━━━━━━━━━━━━━━━━━━━━━━━━ 71.0/71.0 kB 2.3 MB/s eta 0:00:00
Android Tests (1)	UNKNOWN STEP	2026-02-25T19:49:14.2857126Z Downloading urllib3-2.6.3-py3-none-any.whl (131 kB)
Android Tests (1)	UNKNOWN STEP	2026-02-25T19:49:14.3374730Z    ━━━━━━━━━━━━━━━━━━━━━━━━━━━━━━━━━━━━━━━━ 131.6/131.6 kB 2.6 MB/s eta 0:00:00
Android Tests (1)	UNKNOWN STEP	2026-02-25T19:49:14.4075716Z Installing collected packages: urllib3, idna, charset_normalizer, certifi, requests
Android Tests (1)	UNKNOWN STEP	2026-02-25T19:49:14.7351295Z Successfully installed certifi-2026.2.25 charset_normalizer-3.4.4 idna-3.11 requests-2.32.5 urllib3-2.6.3
Android Tests (1)	UNKNOWN STEP	2026-02-25T19:49:14.7354476Z WARNING: Running pip as the 'root' user can result in broken permissions and conflicting behaviour with the system package manager. It is recommended to use a virtual environment instead: https://pip.pypa.io/warnings/venv
Android Tests (1)	UNKNOWN STEP	2026-02-25T19:49:14.8158206Z 
Android Tests (1)	UNKNOWN STEP	2026-02-25T19:49:14.8158583Z [notice] A new release of pip is available: 24.0 -> 26.0.1
Android Tests (1)	UNKNOWN STEP	2026-02-25T19:49:14.8159149Z [notice] To update, run: pip install --upgrade pip
Android Tests (1)	UNKNOWN STEP	2026-02-25T19:49:21.8387731Z Initializing Matrix Synapse test server...
Android Tests (1)	UNKNOWN STEP	2026-02-25T19:49:21.8388162Z 
Android Tests (1)	UNKNOWN STEP	2026-02-25T19:49:21.8388561Z ✓ Synapse server is ready
Android Tests (1)	UNKNOWN STEP	2026-02-25T19:49:21.8388843Z 
Android Tests (1)	UNKNOWN STEP	2026-02-25T19:49:21.8388991Z Creating test users...
Android Tests (1)	UNKNOWN STEP	2026-02-25T19:49:21.8389440Z ✓ Created user: testuser1
Android Tests (1)	UNKNOWN STEP	2026-02-25T19:49:21.8389900Z ✓ Created user: testuser2
Android Tests (1)	UNKNOWN STEP	2026-02-25T19:49:21.8390289Z ✓ Created admin user: testadmin
Android Tests (1)	UNKNOWN STEP	2026-02-25T19:49:21.8390534Z 
Android Tests (1)	UNKNOWN STEP	2026-02-25T19:49:21.8390717Z Creating test rooms and populating with data...
Android Tests (1)	UNKNOWN STEP	2026-02-25T19:49:21.8391314Z ✓ Logged in user: @testadmin:test.matrix.local
Android Tests (1)	UNKNOWN STEP	2026-02-25T19:49:21.8391801Z ✓ Admin token acquired
Android Tests (1)	UNKNOWN STEP	2026-02-25T19:49:21.8392227Z ✓ Logged in user: @testuser1:test.matrix.local
Android Tests (1)	UNKNOWN STEP	2026-02-25T19:49:21.8392924Z ✓ Created room: test_general (!FErHopsFupYmslhRjM:test.matrix.local)
Android Tests (1)	UNKNOWN STEP	2026-02-25T19:49:21.8393610Z ✓ Logged in user: @testuser2:test.matrix.local
Android Tests (1)	UNKNOWN STEP	2026-02-25T19:49:21.8394093Z   ✓ User testuser2 joined room
Android Tests (1)	UNKNOWN STEP	2026-02-25T19:49:21.8394581Z ✓ Logged in user: @testadmin:test.matrix.local
Android Tests (1)	UNKNOWN STEP	2026-02-25T19:49:21.8395045Z   ✓ User testadmin joined room
Android Tests (1)	UNKNOWN STEP	2026-02-25T19:49:21.8395461Z   ✓ Published room to directory
Android Tests (1)	UNKNOWN STEP	2026-02-25T19:49:21.8395880Z   ✓ Posted 5 messages to room
Android Tests (1)	UNKNOWN STEP	2026-02-25T19:49:21.8396485Z   Seeding media messages (image, video, audio)...
Android Tests (1)	UNKNOWN STEP	2026-02-25T19:49:21.8399142Z   ✓ Uploaded media 'test_image.png': mxc://test.matrix.local/ODAzNlQVGqqXtyEHeaOdSZgi
Android Tests (1)	UNKNOWN STEP	2026-02-25T19:49:21.8399904Z   ✓ Posted m.image message to room
Android Tests (1)	UNKNOWN STEP	2026-02-25T19:49:21.8400615Z   ✓ Uploaded media 'test_video.mp4': mxc://test.matrix.local/SwmilpzNcwqzaNSjejoVDnAl
Android Tests (1)	UNKNOWN STEP	2026-02-25T19:49:21.8401315Z   ✓ Posted m.video message to room
Android Tests (1)	UNKNOWN STEP	2026-02-25T19:49:21.8401997Z   ✓ Uploaded media 'test_audio.mp3': mxc://test.matrix.local/ZcgsATVqjLrcCUOhTbOzKvdm
Android Tests (1)	UNKNOWN STEP	2026-02-25T19:49:21.8402663Z   ✓ Posted m.audio message to room
Android Tests (1)	UNKNOWN STEP	2026-02-25T19:49:21.8403271Z ✓ Created room: test_photos (!vUVzbIPNitTXdUhuCJ:test.matrix.local)
Android Tests (1)	UNKNOWN STEP	2026-02-25T19:49:21.8403934Z ✓ Logged in user: @testuser2:test.matrix.local
Android Tests (1)	UNKNOWN STEP	2026-02-25T19:49:21.8404427Z   ✓ User testuser2 joined room
Android Tests (1)	UNKNOWN STEP	2026-02-25T19:49:21.8404887Z ✓ Logged in user: @testadmin:test.matrix.local
Android Tests (1)	UNKNOWN STEP	2026-02-25T19:49:21.8405367Z   ✓ User testadmin joined room
Android Tests (1)	UNKNOWN STEP	2026-02-25T19:49:21.8405770Z   ✓ Published room to directory
Android Tests (1)	UNKNOWN STEP	2026-02-25T19:49:21.8406178Z   ✓ Posted 3 messages to room
Android Tests (1)	UNKNOWN STEP	2026-02-25T19:49:21.8407062Z   Seeding media messages (image, video, audio)...
Android Tests (1)	UNKNOWN STEP	2026-02-25T19:49:21.8407881Z   ✓ Uploaded media 'test_image.png': mxc://test.matrix.local/mTlztJkiOqmiZAEltFlHoORc
Android Tests (1)	UNKNOWN STEP	2026-02-25T19:49:21.8408600Z   ✓ Posted m.image message to room
Android Tests (1)	UNKNOWN STEP	2026-02-25T19:49:21.8409310Z   ✓ Uploaded media 'test_video.mp4': mxc://test.matrix.local/XvEusmEzsTWKwgFYTIMKRCDq
Android Tests (1)	UNKNOWN STEP	2026-02-25T19:49:21.8409996Z   ✓ Posted m.video message to room
Android Tests (1)	UNKNOWN STEP	2026-02-25T19:49:21.8410671Z   ✓ Uploaded media 'test_audio.mp3': mxc://test.matrix.local/rTPPKEzhEsgvDIhohNaFgnYL
Android Tests (1)	UNKNOWN STEP	2026-02-25T19:49:21.8411567Z   ✓ Posted m.audio message to room
Android Tests (1)	UNKNOWN STEP	2026-02-25T19:49:21.8412150Z ✓ Created room: test_art (!IyrzqtuCDvsDmgoOzm:test.matrix.local)
Android Tests (1)	UNKNOWN STEP	2026-02-25T19:49:21.8412778Z ✓ Logged in user: @testuser2:test.matrix.local
Android Tests (1)	UNKNOWN STEP	2026-02-25T19:49:21.8413250Z   ✓ User testuser2 joined room
Android Tests (1)	UNKNOWN STEP	2026-02-25T19:49:21.8413712Z ✓ Logged in user: @testadmin:test.matrix.local
Android Tests (1)	UNKNOWN STEP	2026-02-25T19:49:21.8414184Z   ✓ User testadmin joined room
Android Tests (1)	UNKNOWN STEP	2026-02-25T19:49:21.8414582Z   ✓ Published room to directory
Android Tests (1)	UNKNOWN STEP	2026-02-25T19:49:21.8415234Z ✓ Uploaded dummy avatar: mxc://test.matrix.local/bnbimoILDCvtgTtcqmkZIxsl
Android Tests (1)	UNKNOWN STEP	2026-02-25T19:49:21.8416097Z   ✓ Set room avatar to mxc://test.matrix.local/bnbimoILDCvtgTtcqmkZIxsl
Android Tests (1)	UNKNOWN STEP	2026-02-25T19:49:21.8417151Z ✓ Created room: test_invite_only (!kBxQhqCrstAdBRMPah:test.matrix.local)
Android Tests (1)	UNKNOWN STEP	2026-02-25T19:49:21.8417896Z   ℹ Skipping user invites for room (discovery test)
Android Tests (1)	UNKNOWN STEP	2026-02-25T19:49:21.8418448Z   ✓ Published room to directory
Android Tests (1)	UNKNOWN STEP	2026-02-25T19:49:21.8418897Z   ✓ Posted 2 messages to room
Android Tests (1)	UNKNOWN STEP	2026-02-25T19:49:21.8419521Z ✓ Created room: test_avatar (!NucLtnhPAsVpHDbJIM:test.matrix.local)
Android Tests (1)	UNKNOWN STEP	2026-02-25T19:49:21.8420246Z ✓ Logged in user: @testuser2:test.matrix.local
Android Tests (1)	UNKNOWN STEP	2026-02-25T19:49:21.8420795Z   ✓ User testuser2 joined room
Android Tests (1)	UNKNOWN STEP	2026-02-25T19:49:21.8421311Z ✓ Logged in user: @testadmin:test.matrix.local
Android Tests (1)	UNKNOWN STEP	2026-02-25T19:49:21.8421846Z   ✓ User testadmin joined room
Android Tests (1)	UNKNOWN STEP	2026-02-25T19:49:21.8422314Z   ✓ Published room to directory
Android Tests (1)	UNKNOWN STEP	2026-02-25T19:49:21.8423066Z ✓ Uploaded dummy avatar: mxc://test.matrix.local/scdHvCTuJhUqdDRwyfmoGCyy
Android Tests (1)	UNKNOWN STEP	2026-02-25T19:49:21.8424016Z   ✓ Set room avatar to mxc://test.matrix.local/scdHvCTuJhUqdDRwyfmoGCyy
Android Tests (1)	UNKNOWN STEP	2026-02-25T19:49:21.8424506Z 
Android Tests (1)	UNKNOWN STEP	2026-02-25T19:49:21.8424680Z ============================================================
Android Tests (1)	UNKNOWN STEP	2026-02-25T19:49:21.8425287Z ✅ Matrix test server initialized successfully!
Android Tests (1)	UNKNOWN STEP	2026-02-25T19:49:21.8425809Z ============================================================
Android Tests (1)	UNKNOWN STEP	2026-02-25T19:49:21.8426156Z 
Android Tests (1)	UNKNOWN STEP	2026-02-25T19:49:21.8426509Z 📝 Test Users:
Android Tests (1)	UNKNOWN STEP	2026-02-25T19:49:21.8426818Z   testuser1
Android Tests (1)	UNKNOWN STEP	2026-02-25T19:49:21.8427160Z     ID: @testuser1:test.matrix.local
Android Tests (1)	UNKNOWN STEP	2026-02-25T19:49:21.8427599Z     Password: testpass123
Android Tests (1)	UNKNOWN STEP	2026-02-25T19:49:21.8427948Z   testuser2
Android Tests (1)	UNKNOWN STEP	2026-02-25T19:49:21.8428257Z     ID: @testuser2:test.matrix.local
Android Tests (1)	UNKNOWN STEP	2026-02-25T19:49:21.8428686Z     Password: testpass123
Android Tests (1)	UNKNOWN STEP	2026-02-25T19:49:21.8429049Z   testadmin
Android Tests (1)	UNKNOWN STEP	2026-02-25T19:49:21.8429368Z     ID: @testadmin:test.matrix.local
Android Tests (1)	UNKNOWN STEP	2026-02-25T19:49:21.8429791Z     Password: testpass123
Android Tests (1)	UNKNOWN STEP	2026-02-25T19:49:21.8430038Z 
Android Tests (1)	UNKNOWN STEP	2026-02-25T19:49:21.8430236Z 🏠 Test Rooms:
Android Tests (1)	UNKNOWN STEP	2026-02-25T19:49:21.8430573Z   test_general (with messages)
Android Tests (1)	UNKNOWN STEP	2026-02-25T19:49:21.8431013Z     ID: !FErHopsFupYmslhRjM:test.matrix.local
Android Tests (1)	UNKNOWN STEP	2026-02-25T19:49:21.8431482Z   test_photos (with messages)
Android Tests (1)	UNKNOWN STEP	2026-02-25T19:49:21.8431865Z     ID: !vUVzbIPNitTXdUhuCJ:test.matrix.local
Android Tests (1)	UNKNOWN STEP	2026-02-25T19:49:21.8432258Z   test_art (empty)
Android Tests (1)	UNKNOWN STEP	2026-02-25T19:49:21.8432572Z     ID: !IyrzqtuCDvsDmgoOzm:test.matrix.local
Android Tests (1)	UNKNOWN STEP	2026-02-25T19:49:21.8432973Z   test_invite_only (with messages)
Android Tests (1)	UNKNOWN STEP	2026-02-25T19:49:21.8433380Z     ID: !kBxQhqCrstAdBRMPah:test.matrix.local
Android Tests (1)	UNKNOWN STEP	2026-02-25T19:49:21.8433830Z   test_avatar (empty)
Android Tests (1)	UNKNOWN STEP	2026-02-25T19:49:21.8434202Z     ID: !NucLtnhPAsVpHDbJIM:test.matrix.local
Android Tests (1)	UNKNOWN STEP	2026-02-25T19:49:21.8434529Z 
Android Tests (1)	UNKNOWN STEP	2026-02-25T19:49:21.8434790Z 🔑 Test Credentials for Integration Tests:
Android Tests (1)	UNKNOWN STEP	2026-02-25T19:49:21.8435364Z   Server:    http://matrix-synapse:8008
Android Tests (1)	UNKNOWN STEP	2026-02-25T19:49:21.8435822Z   Test User: testuser1
Android Tests (1)	UNKNOWN STEP	2026-02-25T19:49:21.8436170Z   Password:  testpass123
Android Tests (1)	UNKNOWN STEP	2026-02-25T19:49:21.8436766Z 
Android Tests (1)	UNKNOWN STEP	2026-02-25T19:49:21.8436884Z Room Status:
Android Tests (1)	UNKNOWN STEP	2026-02-25T19:49:21.8437729Z   test_general - 5 text + image/video/audio messages (for testing message lists and media rendering)
Android Tests (1)	UNKNOWN STEP	2026-02-25T19:49:21.8438801Z   test_photos  - 3 text + image/video/audio messages (for testing photo/media content)
Android Tests (1)	UNKNOWN STEP	2026-02-25T19:49:21.8439600Z   test_art     - 0 messages (for testing empty rooms)
Android Tests (1)	UNKNOWN STEP	2026-02-25T19:49:21.8440269Z ✓ Logged in user: @testuser1:test.matrix.local
Android Tests (1)	UNKNOWN STEP	2026-02-25T19:49:21.8440632Z 
Android Tests (1)	UNKNOWN STEP	2026-02-25T19:49:21.8440882Z   📋 Public room directory has 5 room(s):
Android Tests (1)	UNKNOWN STEP	2026-02-25T19:49:21.8441452Z     - test_photos (!vUVzbIPNitTXdUhuCJ:test.matrix.local)
Android Tests (1)	UNKNOWN STEP	2026-02-25T19:49:21.8442310Z     - test_avatar (!NucLtnhPAsVpHDbJIM:test.matrix.local)
Android Tests (1)	UNKNOWN STEP	2026-02-25T19:49:21.8442945Z     - test_art (!IyrzqtuCDvsDmgoOzm:test.matrix.local)
Android Tests (1)	UNKNOWN STEP	2026-02-25T19:49:21.8443577Z     - test_general (!FErHopsFupYmslhRjM:test.matrix.local)
Android Tests (1)	UNKNOWN STEP	2026-02-25T19:49:21.8444250Z     - test_invite_only (!kBxQhqCrstAdBRMPah:test.matrix.local)
Android Tests (1)	UNKNOWN STEP	2026-02-25T19:49:21.8444696Z 
Android Tests (1)	UNKNOWN STEP	2026-02-25T19:49:22.0112672Z ##[group]Run reactivecircus/android-emulator-runner@v2
Android Tests (1)	UNKNOWN STEP	2026-02-25T19:49:22.0113012Z with:
Android Tests (1)	UNKNOWN STEP	2026-02-25T19:49:22.0113198Z   api-level: 29
Android Tests (1)	UNKNOWN STEP	2026-02-25T19:49:22.0113397Z   target: default
Android Tests (1)	UNKNOWN STEP	2026-02-25T19:49:22.0113589Z   arch: x86_64
Android Tests (1)	UNKNOWN STEP	2026-02-25T19:49:22.0113790Z   profile: pixel_4
Android Tests (1)	UNKNOWN STEP	2026-02-25T19:49:22.0113991Z   ram-size: 2048M
Android Tests (1)	UNKNOWN STEP	2026-02-25T19:49:22.0114185Z   heap-size: 512M
Android Tests (1)	UNKNOWN STEP	2026-02-25T19:49:22.0114536Z   emulator-options: -no-window -no-audio -no-boot-anim -gpu swiftshader_indirect
Android Tests (1)	UNKNOWN STEP	2026-02-25T19:49:22.0114957Z   emulator-boot-timeout: 900
Android Tests (1)	UNKNOWN STEP	2026-02-25T19:49:22.0115194Z   disable-animations: true
Android Tests (1)	UNKNOWN STEP	2026-02-25T19:49:22.0115555Z   script: ./scripts/test.sh android --no-docker --shard 1 --total-shards 7
Android Tests (1)	UNKNOWN STEP	2026-02-25T19:49:22.0115919Z   cores: 2
Android Tests (1)	UNKNOWN STEP	2026-02-25T19:49:22.0116097Z   avd-name: test
Android Tests (1)	UNKNOWN STEP	2026-02-25T19:49:22.0116614Z   force-avd-creation: true
Android Tests (1)	UNKNOWN STEP	2026-02-25T19:49:22.0116855Z   emulator-port: 5554
Android Tests (1)	UNKNOWN STEP	2026-02-25T19:49:22.0117069Z   disable-spellchecker: false
Android Tests (1)	UNKNOWN STEP	2026-02-25T19:49:22.0117340Z   disable-linux-hw-accel: auto
Android Tests (1)	UNKNOWN STEP	2026-02-25T19:49:22.0117580Z   enable-hw-keyboard: false
Android Tests (1)	UNKNOWN STEP	2026-02-25T19:49:22.0117796Z   channel: stable
Android Tests (1)	UNKNOWN STEP	2026-02-25T19:49:22.0117992Z env:
Android Tests (1)	UNKNOWN STEP	2026-02-25T19:49:22.0118166Z   CACHE_VERSION: v1
Android Tests (1)	UNKNOWN STEP	2026-02-25T19:49:22.0118481Z   JAVA_HOME: /opt/hostedtoolcache/Java_Temurin-Hotspot_jdk/17.0.18-8/x64
Android Tests (1)	UNKNOWN STEP	2026-02-25T19:49:22.0118957Z   JAVA_HOME_17_X64: /opt/hostedtoolcache/Java_Temurin-Hotspot_jdk/17.0.18-8/x64
Android Tests (1)	UNKNOWN STEP	2026-02-25T19:49:22.0119403Z   FLUTTER_ROOT: /opt/hostedtoolcache/flutter/stable-3.41.2-x64
Android Tests (1)	UNKNOWN STEP	2026-02-25T19:49:22.0119737Z   PUB_CACHE: /home/runner/.pub-cache
Android Tests (1)	UNKNOWN STEP	2026-02-25T19:49:22.0120058Z   MATRIX_SERVER: http://localhost:8008
Android Tests (1)	UNKNOWN STEP	2026-02-25T19:49:22.0120345Z   MATRIX_TEST_USER: testuser1
Android Tests (1)	UNKNOWN STEP	2026-02-25T19:49:22.0120592Z   MATRIX_TEST_PASSWORD: testpass123
Android Tests (1)	UNKNOWN STEP	2026-02-25T19:49:22.0120837Z ##[endgroup]
Android Tests (1)	UNKNOWN STEP	2026-02-25T19:49:22.0660831Z ##[group]Configure emulator
Android Tests (1)	UNKNOWN STEP	2026-02-25T19:49:22.0665931Z You're running a Linux VM where hardware acceleration is not available. Please consider using a macOS VM instead to take advantage of native hardware acceleration support provided by HAXM.
Android Tests (1)	UNKNOWN STEP	2026-02-25T19:49:22.0667526Z API level: 29
Android Tests (1)	UNKNOWN STEP	2026-02-25T19:49:22.0667840Z System image API level: 29
Android Tests (1)	UNKNOWN STEP	2026-02-25T19:49:22.0668332Z target: default
Android Tests (1)	UNKNOWN STEP	2026-02-25T19:49:22.0668742Z CPU architecture: x86_64
Android Tests (1)	UNKNOWN STEP	2026-02-25T19:49:22.0669251Z Hardware profile: pixel_4
Android Tests (1)	UNKNOWN STEP	2026-02-25T19:49:22.0669570Z Cores: 2
Android Tests (1)	UNKNOWN STEP	2026-02-25T19:49:22.0669796Z RAM size: 2048M
Android Tests (1)	UNKNOWN STEP	2026-02-25T19:49:22.0670917Z Heap size: 512M
Android Tests (1)	UNKNOWN STEP	2026-02-25T19:49:22.0671430Z SD card path or size: 
Android Tests (1)	UNKNOWN STEP	2026-02-25T19:49:22.0672602Z Disk size: 
Android Tests (1)	UNKNOWN STEP	2026-02-25T19:49:22.0672997Z AVD name: test
Android Tests (1)	UNKNOWN STEP	2026-02-25T19:49:22.0673900Z force avd creation: true
Android Tests (1)	UNKNOWN STEP	2026-02-25T19:49:22.0675141Z Emulator boot timeout: 900
Android Tests (1)	UNKNOWN STEP	2026-02-25T19:49:22.0676078Z emulator port: 5554
Android Tests (1)	UNKNOWN STEP	2026-02-25T19:49:22.0677761Z emulator options: -no-window -no-audio -no-boot-anim -gpu swiftshader_indirect
Android Tests (1)	UNKNOWN STEP	2026-02-25T19:49:22.0678727Z disable animations: true
Android Tests (1)	UNKNOWN STEP	2026-02-25T19:49:22.0679297Z disable spellchecker: false
Android Tests (1)	UNKNOWN STEP	2026-02-25T19:49:22.0680539Z disable Linux hardware acceleration: true
Android Tests (1)	UNKNOWN STEP	2026-02-25T19:49:22.0682905Z enable hardware keyboard: false
Android Tests (1)	UNKNOWN STEP	2026-02-25T19:49:22.0683595Z Channel: 0 (stable)
Android Tests (1)	UNKNOWN STEP	2026-02-25T19:49:22.0684500Z Script:
Android Tests (1)	UNKNOWN STEP	2026-02-25T19:49:22.0685876Z ./scripts/test.sh android --no-docker --shard 1 --total-shards 7
Android Tests (1)	UNKNOWN STEP	2026-02-25T19:49:22.0686772Z Pre emulator launch script:
Android Tests (1)	UNKNOWN STEP	2026-02-25T19:49:22.0687498Z ##[endgroup]
Android Tests (1)	UNKNOWN STEP	2026-02-25T19:49:22.0690066Z ##[group]Install Android SDK
Android Tests (1)	UNKNOWN STEP	2026-02-25T19:49:22.0816876Z [command]/usr/bin/sh -c \yes | sdkmanager --licenses > /dev/null
Android Tests (1)	UNKNOWN STEP	2026-02-25T19:49:29.5296087Z Installing latest build tools, platform tools, and platform.
Android Tests (1)	UNKNOWN STEP	2026-02-25T19:49:29.5316186Z [command]/usr/bin/sh -c \sdkmanager --install 'build-tools;35.0.0' platform-tools 'platforms;android-29'> /dev/null
Android Tests (1)	UNKNOWN STEP	2026-02-25T19:49:37.0717658Z Installing latest emulator.
Android Tests (1)	UNKNOWN STEP	2026-02-25T19:49:37.0736879Z [command]/usr/bin/sh -c \sdkmanager --install emulator --channel=0 > /dev/null
Android Tests (1)	UNKNOWN STEP	2026-02-25T19:49:45.1673831Z Installing system images.
Android Tests (1)	UNKNOWN STEP	2026-02-25T19:49:45.1694562Z [command]/usr/bin/sh -c \sdkmanager --install 'system-images;android-29;default;x86_64' --channel=0 > /dev/null
Android Tests (1)	UNKNOWN STEP	2026-02-25T19:50:06.2659166Z ##[endgroup]
Android Tests (1)	UNKNOWN STEP	2026-02-25T19:50:06.2661647Z ##[group]Create AVD
Android Tests (1)	UNKNOWN STEP	2026-02-25T19:50:06.2662769Z Creating AVD.
Android Tests (1)	UNKNOWN STEP	2026-02-25T19:50:06.2683045Z [command]/usr/bin/sh -c \echo no | avdmanager create avd --force -n test --abi 'default/x86_64' --package 'system-images;android-29;default;x86_64' --device 'pixel_4'
Android Tests (1)	UNKNOWN STEP	2026-02-25T19:50:07.0307325Z Loading local repository...                                                     
Android Tests (1)	UNKNOWN STEP	2026-02-25T19:50:07.0314791Z [=========                              ] 25% Loading local repository...       
Android Tests (1)	UNKNOWN STEP	2026-02-25T19:50:07.0316477Z [=========                              ] 25% Fetch remote repository...        
Android Tests (1)	UNKNOWN STEP	2026-02-25T19:50:07.0318959Z [=======================================] 100% Fetch remote repository...       
Android Tests (1)	UNKNOWN STEP	2026-02-25T19:50:07.7659235Z [command]/usr/bin/sh -c \printf 'hw.cpu.ncore=2\nhw.ramSize=2048M\nhw.heapSize=512M\n' >> /home/runner/.android/avd/test.avd/config.ini
Android Tests (1)	UNKNOWN STEP	2026-02-25T19:50:07.7681038Z ##[endgroup]
Android Tests (1)	UNKNOWN STEP	2026-02-25T19:50:07.7683337Z ##[group]Launch Emulator
Android Tests (1)	UNKNOWN STEP	2026-02-25T19:50:07.7683626Z Disabling Linux hardware acceleration.
Android Tests (1)	UNKNOWN STEP	2026-02-25T19:50:07.7683913Z Starting emulator.
Android Tests (1)	UNKNOWN STEP	2026-02-25T19:50:07.7707694Z [command]/usr/bin/sh -c \/usr/local/lib/android/sdk/emulator/emulator -port 5554 -avd test -no-window -no-audio -no-boot-anim -gpu swiftshader_indirect -accel off &
Android Tests (1)	UNKNOWN STEP	2026-02-25T19:50:07.7845319Z INFO         | Android emulator version 36.4.9.0 (build_id 14788078) (CL:N/A)
Android Tests (1)	UNKNOWN STEP	2026-02-25T19:50:07.7846032Z INFO         | Graphics backend: gfxstream
Android Tests (1)	UNKNOWN STEP	2026-02-25T19:50:07.7847048Z INFO         | Found systemPath /usr/local/lib/android/sdk/system-images/android-29/default/x86_64/
Android Tests (1)	UNKNOWN STEP	2026-02-25T19:50:07.9407924Z ProbeKVM: This user doesn't have permissions to use KVM (/dev/kvm).
Android Tests (1)	UNKNOWN STEP	2026-02-25T19:50:07.9408673Z The KVM line in /etc/group is: [kvm:x:993:]
Android Tests (1)	UNKNOWN STEP	2026-02-25T19:50:07.9408957Z 
Android Tests (1)	UNKNOWN STEP	2026-02-25T19:50:07.9409105Z If the current user has KVM permissions,
Android Tests (1)	UNKNOWN STEP	2026-02-25T19:50:07.9409666Z the KVM line in /etc/group should end with ":" followed by your username.
Android Tests (1)	UNKNOWN STEP	2026-02-25T19:50:07.9410080Z 
Android Tests (1)	UNKNOWN STEP	2026-02-25T19:50:07.9410406Z If we see LINE_NOT_FOUND, the kvm group may need to be created along with permissions:
Android Tests (1)	UNKNOWN STEP	2026-02-25T19:50:07.9411004Z     sudo groupadd -r kvm
Android Tests (1)	UNKNOWN STEP	2026-02-25T19:50:07.9411550Z     # Then ensure /lib/udev/rules.d/50-udev-default.rules contains something like:
Android Tests (1)	UNKNOWN STEP	2026-02-25T19:50:07.9412146Z     # KERNEL=="kvm", GROUP="kvm", MODE="0660"
Android Tests (1)	UNKNOWN STEP	2026-02-25T19:50:07.9412520Z     # and then run:
Android Tests (1)	UNKNOWN STEP	2026-02-25T19:50:07.9412810Z     sudo gpasswd -a $USER kvm
Android Tests (1)	UNKNOWN STEP	2026-02-25T19:50:07.9413035Z 
Android Tests (1)	UNKNOWN STEP	2026-02-25T19:50:07.9413383Z If we see kvm:... but no username at the end, running the following command may allow KVM access:
Android Tests (1)	UNKNOWN STEP	2026-02-25T19:50:07.9414011Z     sudo gpasswd -a $USER kvm
Android Tests (1)	UNKNOWN STEP	2026-02-25T19:50:07.9414227Z 
Android Tests (1)	UNKNOWN STEP	2026-02-25T19:50:07.9414500Z You may need to log out and back in for changes to take effect.
Android Tests (1)	UNKNOWN STEP	2026-02-25T19:50:07.9414919Z 
Android Tests (1)	UNKNOWN STEP	2026-02-25T19:50:08.5408041Z INFO         | Increasing RAM size to 2048MB
Android Tests (1)	UNKNOWN STEP	2026-02-25T19:50:08.5408980Z ##############################################################################
Android Tests (1)	UNKNOWN STEP	2026-02-25T19:50:08.5409851Z ##                        WARNING - ACTION REQUIRED                         ##
Android Tests (1)	UNKNOWN STEP	2026-02-25T19:50:08.5411030Z ##  Consider using the '-metrics-collection' flag to help improve the       ##
Android Tests (1)	UNKNOWN STEP	2026-02-25T19:50:08.5412250Z ##  emulator by sending anonymized usage data. Or use the '-no-metrics'     ##
Android Tests (1)	UNKNOWN STEP	2026-02-25T19:50:08.5413421Z ##  flag to bypass this warning and turn off the metrics collection.        ##
Android Tests (1)	UNKNOWN STEP	2026-02-25T19:50:08.5414672Z ##  In a future release this warning will turn into a one-time blocking     ##
Android Tests (1)	UNKNOWN STEP	2026-02-25T19:50:08.5416469Z ##  prompt to ask for explicit user input regarding metrics collection.     ##
Android Tests (1)	UNKNOWN STEP	2026-02-25T19:50:08.5417101Z ##                                                                          ##
Android Tests (1)	UNKNOWN STEP	2026-02-25T19:50:08.5417533Z ##  Please see '-help-metrics-collection' for more details. You can use     ##
Android Tests (1)	UNKNOWN STEP	2026-02-25T19:50:08.5418242Z ##  '-metrics-to-file' or '-metrics-to-console' flags to see what type of   ##
Android Tests (1)	UNKNOWN STEP	2026-02-25T19:50:08.5418740Z ##  data is being collected by emulator as part of usage statistics.        ##
Android Tests (1)	UNKNOWN STEP	2026-02-25T19:50:08.5419145Z ##############################################################################
Android Tests (1)	UNKNOWN STEP	2026-02-25T19:50:08.5419478Z INFO         | Guest GLES Driver: Auto (ext controls)
Android Tests (1)	UNKNOWN STEP	2026-02-25T19:50:08.5419939Z INFO         | emuglConfig_init: vulkan_mode_selected:swiftshader gles_mode_selected:swiftshader
Android Tests (1)	UNKNOWN STEP	2026-02-25T19:50:08.5420451Z WARNING      | FeatureControl is requesting a non existing feature.
Android Tests (1)	UNKNOWN STEP	2026-02-25T19:50:08.5420819Z INFO         | Checking system compatibility:
Android Tests (1)	UNKNOWN STEP	2026-02-25T19:50:08.5421141Z INFO         |   Checking: hasSufficientDiskSpace
Android Tests (1)	UNKNOWN STEP	2026-02-25T19:50:08.5421502Z INFO         |      Ok: Disk space requirements to run avd: `test` are met
Android Tests (1)	UNKNOWN STEP	2026-02-25T19:50:08.5421856Z INFO         |   Checking: hasSufficientHwGpu
Android Tests (1)	UNKNOWN STEP	2026-02-25T19:50:08.5422204Z INFO         |      Ok: Hardware GPU compatibility checks are not required
Android Tests (1)	UNKNOWN STEP	2026-02-25T19:50:08.5422573Z INFO         |   Checking: hasSufficientSystem
Android Tests (1)	UNKNOWN STEP	2026-02-25T19:50:08.5422904Z INFO         |      Ok: System requirements to run avd: `test` are met
Android Tests (1)	UNKNOWN STEP	2026-02-25T19:50:08.5423318Z WARNING      | x86_64 emulation may not work without hardware acceleration!
Android Tests (1)	UNKNOWN STEP	2026-02-25T19:50:08.5423755Z WARNING      | FeatureControl is requesting a non existing feature.
Android Tests (1)	UNKNOWN STEP	2026-02-25T19:50:08.5424152Z ERROR        | Unable to connect to adb daemon on port: 5037
Android Tests (1)	UNKNOWN STEP	2026-02-25T19:50:08.5424713Z INFO         | Storing crashdata in: /tmp/android-runner/emu-crash-36.4.9.db, detection is enabled for process: 4652
Android Tests (1)	UNKNOWN STEP	2026-02-25T19:50:08.5425234Z INFO         | Initializing gfxstream backend
Android Tests (1)	UNKNOWN STEP	2026-02-25T19:50:08.5425554Z INFO         | android_startOpenglesRenderer: gpu info
Android Tests (1)	UNKNOWN STEP	2026-02-25T19:50:08.5425837Z INFO         | 
Android Tests (1)	UNKNOWN STEP	2026-02-25T19:50:08.5426129Z INFO         | initIcdPaths: ICD set to 'swiftshader', using Swiftshader ICD
Android Tests (1)	UNKNOWN STEP	2026-02-25T19:50:08.5427106Z INFO         | Setting ICD filenames for the loader = /usr/local/lib/android/sdk/emulator/lib64/vulkan/vk_swiftshader_icd.json
Android Tests (1)	UNKNOWN STEP	2026-02-25T19:50:08.5427932Z INFO         | SharedLibrary::open for [/usr/local/lib/android/sdk/emulator/qemu/linux-x86_64/lib64/vulkan/libvulkan.so]
Android Tests (1)	UNKNOWN STEP	2026-02-25T19:50:08.5428689Z INFO         | SharedLibrary::open for [/usr/local/lib/android/sdk/emulator/qemu/linux-x86_64/lib64/vulkan/libvulkan.so.1]
Android Tests (1)	UNKNOWN STEP	2026-02-25T19:50:08.5429380Z INFO         | SharedLibrary::open for [/usr/local/lib/android/sdk/emulator/lib64/vulkan/libvulkan.so]
Android Tests (1)	UNKNOWN STEP	2026-02-25T19:50:08.5429963Z INFO         | Added library: /usr/local/lib/android/sdk/emulator/lib64/vulkan/libvulkan.so
Android Tests (1)	UNKNOWN STEP	2026-02-25T19:50:08.5430486Z INFO         | Selecting Vulkan device: SwiftShader Device (Subzero), Version: 1.3.0
Android Tests (1)	UNKNOWN STEP	2026-02-25T19:50:08.5430898Z INFO         | SharedLibrary::open for [libX11]
Android Tests (1)	UNKNOWN STEP	2026-02-25T19:50:08.5431236Z WARNING      | Could not open libX11.so, try libX11.so.6
Android Tests (1)	UNKNOWN STEP	2026-02-25T19:50:08.5431575Z INFO         | SharedLibrary::open for [libX11.so.6]
Android Tests (1)	UNKNOWN STEP	2026-02-25T19:50:08.5431889Z INFO         | SharedLibrary::open for [libX11-xcb]
Android Tests (1)	UNKNOWN STEP	2026-02-25T19:50:08.5432245Z WARNING      | Could not open libX11-xcb.so, try libX11-xcb.so.1
Android Tests (1)	UNKNOWN STEP	2026-02-25T19:50:08.5432606Z INFO         | SharedLibrary::open for [libX11-xcb.so.1]
Android Tests (1)	UNKNOWN STEP	2026-02-25T19:50:08.5432917Z INFO         | Initializing VkEmulation features:
Android Tests (1)	UNKNOWN STEP	2026-02-25T19:50:08.5433207Z INFO         |     glInteropSupported: false
Android Tests (1)	UNKNOWN STEP	2026-02-25T19:50:08.5433493Z INFO         |     useDeferredCommands: true
Android Tests (1)	UNKNOWN STEP	2026-02-25T19:50:08.5433797Z INFO         |     createResourceWithRequirements: true
Android Tests (1)	UNKNOWN STEP	2026-02-25T19:50:08.5434141Z INFO         |     useVulkanComposition: false
Android Tests (1)	UNKNOWN STEP	2026-02-25T19:50:08.5434438Z INFO         |     useVulkanNativeSwapchain: false
Android Tests (1)	UNKNOWN STEP	2026-02-25T19:50:08.5434895Z INFO         |     enable guestRenderDoc: false
Android Tests (1)	UNKNOWN STEP	2026-02-25T19:50:08.5435179Z INFO         |     ASTC LDR emulation mode: Gpu
Android Tests (1)	UNKNOWN STEP	2026-02-25T19:50:08.5435457Z INFO         |     enable ETC2 emulation: true
Android Tests (1)	UNKNOWN STEP	2026-02-25T19:50:08.5435736Z INFO         |     enable Ycbcr emulation: false
Android Tests (1)	UNKNOWN STEP	2026-02-25T19:50:08.5436021Z INFO         |     guestVulkanOnly: false
Android Tests (1)	UNKNOWN STEP	2026-02-25T19:50:08.5436663Z INFO         |     useDedicatedAllocations: false
Android Tests (1)	UNKNOWN STEP	2026-02-25T19:50:08.5437014Z INFO         | Graphics Adapter Vendor Google (Google Inc.)
Android Tests (1)	UNKNOWN STEP	2026-02-25T19:50:08.5437453Z INFO         | Graphics Adapter Android Emulator OpenGL ES Translator (Google SwiftShader)
Android Tests (1)	UNKNOWN STEP	2026-02-25T19:50:08.5437960Z INFO         | Graphics API Version OpenGL ES 3.0 (OpenGL ES 3.0 SwiftShader 4.0.0.1)
Android Tests (1)	UNKNOWN STEP	2026-02-25T19:50:08.5670387Z INFO         | Graphics API Extensions GL_OES_EGL_sync GL_OES_EGL_image GL_OES_EGL_image_external GL_OES_depth24 GL_OES_depth32 GL_OES_element_index_uint GL_OESWARNING: cannnot unmap ptr 0x7fd208201000 as it is in the protected range from 0x7fd188200000 to 0x7fd208400000
Android Tests (1)	UNKNOWN STEP	2026-02-25T19:50:08.5821668Z _texture_float GL_OES_texture_float_linear GL_OES_compressed_paletted_texture GL_OES_compressed_ETC1_RGB8_texture GL_OES_depth_texture GL_OES_texture_half_float GL_OES_texture_half_float_linear GL_OES_packed_depth_stencil GL_OES_vertex_half_float GL_OES_standard_derivatives GL_OES_texture_npot GL_OES_rgb8_rgba8 GL_EXT_color_buffer_float GL_EXT_color_buffer_half_float GL_EXT_texture_format_BGRA8888 GL_APPLE_texture_format_BGRA8888 
Android Tests (1)	UNKNOWN STEP	2026-02-25T19:50:08.5824846Z INFO         | Graphics Device Extensions N/A
Android Tests (1)	UNKNOWN STEP	2026-02-25T19:50:08.5825324Z INFO         | Disabling sparse binding feature support
Android Tests (1)	UNKNOWN STEP	2026-02-25T19:50:08.5825795Z INFO         | Userspace boot properties:
Android Tests (1)	UNKNOWN STEP	2026-02-25T19:50:08.5826156Z INFO         |   android.bootanim=0
Android Tests (1)	UNKNOWN STEP	2026-02-25T19:50:08.5826782Z INFO         |   android.qemud=1
Android Tests (1)	UNKNOWN STEP	2026-02-25T19:50:08.5827275Z INFO         |   androidboot.boot_devices=pci0000:00/0000:00:03.0 pci0000:00/0000:00:06.0
Android Tests (1)	UNKNOWN STEP	2026-02-25T19:50:08.5827839Z INFO         |   androidboot.hardware=ranchu
Android Tests (1)	UNKNOWN STEP	2026-02-25T19:50:08.5828237Z INFO         |   androidboot.hardware.vulkan=ranchu
Android Tests (1)	UNKNOWN STEP	2026-02-25T19:50:08.5828660Z INFO         |   androidboot.serialno=EMULATOR36X4X9X0
Android Tests (1)	UNKNOWN STEP	2026-02-25T19:50:08.5829321Z INFO         |   androidboot.vbmeta.digest=0893f0f3bac935802e7658f39b766acd7344cd0553606784a98cb6a38c2a8629
Android Tests (1)	UNKNOWN STEP	2026-02-25T19:50:08.5829991Z INFO         |   androidboot.vbmeta.hash_alg=sha256
Android Tests (1)	UNKNOWN STEP	2026-02-25T19:50:08.5830388Z INFO         |   androidboot.vbmeta.size=4352
Android Tests (1)	UNKNOWN STEP	2026-02-25T19:50:08.5830736Z INFO         |   qemu=1
Android Tests (1)	UNKNOWN STEP	2026-02-25T19:50:08.5831010Z INFO         |   qemu.avd_name=test
Android Tests (1)	UNKNOWN STEP	2026-02-25T19:50:08.5831521Z INFO         |   qemu.camera_hq_edge_processing=0
Android Tests (1)	UNKNOWN STEP	2026-02-25T19:50:08.5831919Z INFO         |   qemu.dalvik.vm.heapsize=512m
Android Tests (1)	UNKNOWN STEP	2026-02-25T19:50:08.5832280Z INFO         |   qemu.encrypt=1
Android Tests (1)	UNKNOWN STEP	2026-02-25T19:50:08.5832586Z INFO         |   qemu.gles=1
Android Tests (1)	UNKNOWN STEP	2026-02-25T19:50:08.5832895Z INFO         |   qemu.gltransport=pipe
Android Tests (1)	UNKNOWN STEP	2026-02-25T19:50:08.5833288Z INFO         |   qemu.gltransport.drawFlushInterval=800
Android Tests (1)	UNKNOWN STEP	2026-02-25T19:50:08.5833712Z INFO         |   qemu.opengles.version=196608
Android Tests (1)	UNKNOWN STEP	2026-02-25T19:50:08.5834149Z INFO         |   qemu.settings.system.screen_off_timeout=2147483647
Android Tests (1)	UNKNOWN STEP	2026-02-25T19:50:08.5834580Z INFO         |   qemu.skin=1080x2280
Android Tests (1)	UNKNOWN STEP	2026-02-25T19:50:08.5834911Z INFO         |   qemu.uirenderer=skiagl
Android Tests (1)	UNKNOWN STEP	2026-02-25T19:50:08.5835242Z INFO         |   qemu.vsync=60
Android Tests (1)	UNKNOWN STEP	2026-02-25T19:50:08.5835541Z INFO         |   qemu.wifi=1
Android Tests (1)	UNKNOWN STEP	2026-02-25T19:50:08.5835941Z TCG doesn't support requested feature: CPUID.01H:ECX.avx [bit 28]
Android Tests (1)	UNKNOWN STEP	2026-02-25T19:50:08.5836741Z TCG doesn't support requested feature: CPUID.01H:ECX.f16c [bit 29]
Android Tests (1)	UNKNOWN STEP	2026-02-25T19:50:08.5837202Z TCG doesn't support requested feature: CPUID.01H:ECX.avx [bit 28]
Android Tests (1)	UNKNOWN STEP	2026-02-25T19:50:08.5837609Z TCG doesn't support requested feature: CPUID.01H:ECX.f16c [bit 29]
Android Tests (1)	UNKNOWN STEP	2026-02-25T19:50:08.5837977Z INFO         | Monitoring duration of emulator setup.
Android Tests (1)	UNKNOWN STEP	2026-02-25T19:50:08.6001856Z INFO         | Setting display: 0 configuration to: 1080x2280, dpi: 440x440 
Android Tests (1)	UNKNOWN STEP	2026-02-25T19:50:08.6003084Z INFO         | setDisplayActiveConfig 0
Android Tests (1)	UNKNOWN STEP	2026-02-25T19:50:08.6093515Z INFO         | Loading snapshot 'default_boot'...
Android Tests (1)	UNKNOWN STEP	2026-02-25T19:50:08.6094974Z WARNING      | Failed to process .ini file /home/runner/.android/emu-update-last-check.ini for reading.
Android Tests (1)	UNKNOWN STEP	2026-02-25T19:50:08.6215705Z WARNING      | Device 'cache' does not have the requested snapshot 'default_boot'
Android Tests (1)	UNKNOWN STEP	2026-02-25T19:50:08.6216920Z 
Android Tests (1)	UNKNOWN STEP	2026-02-25T19:50:08.6217180Z WARNING      | Failed to load snapshot 'default_boot'
Android Tests (1)	UNKNOWN STEP	2026-02-25T19:50:08.6218166Z USER_INFO    | The emulator is performing a cold boot without a saved state because there's no snapshot and you have configured it not to save on exit.
Android Tests (1)	UNKNOWN STEP	2026-02-25T19:50:09.4800373Z WARNING      | Failed to process .ini file /home/runner/.android/emu-update-last-check.ini for reading.
Android Tests (1)	UNKNOWN STEP	2026-02-25T19:50:17.7765992Z [command]/usr/local/lib/android/sdk/platform-tools/adb -s emulator-5554 shell getprop sys.boot_completed
Android Tests (1)	UNKNOWN STEP	2026-02-25T19:50:17.8034369Z * daemon not running; starting now at tcp:5037
Android Tests (1)	UNKNOWN STEP	2026-02-25T19:50:17.9357424Z * daemon started successfully
Android Tests (1)	UNKNOWN STEP	2026-02-25T19:50:17.9553083Z adb: device offline
Android Tests (1)	UNKNOWN STEP	2026-02-25T19:50:17.9563072Z The process '/usr/local/lib/android/sdk/platform-tools/adb' failed with exit code 1
Android Tests (1)	UNKNOWN STEP	2026-02-25T19:50:19.9618121Z [command]/usr/local/lib/android/sdk/platform-tools/adb -s emulator-5554 shell getprop sys.boot_completed
Android Tests (1)	UNKNOWN STEP	2026-02-25T19:50:19.9652053Z adb: device offline
Android Tests (1)	UNKNOWN STEP	2026-02-25T19:50:19.9659705Z The process '/usr/local/lib/android/sdk/platform-tools/adb' failed with exit code 1
Android Tests (1)	UNKNOWN STEP	2026-02-25T19:50:21.9704944Z [command]/usr/local/lib/android/sdk/platform-tools/adb -s emulator-5554 shell getprop sys.boot_completed
Android Tests (1)	UNKNOWN STEP	2026-02-25T19:50:21.9744514Z adb: device offline
Android Tests (1)	UNKNOWN STEP	2026-02-25T19:50:21.9751435Z The process '/usr/local/lib/android/sdk/platform-tools/adb' failed with exit code 1
Android Tests (1)	UNKNOWN STEP	2026-02-25T19:50:23.9800455Z [command]/usr/local/lib/android/sdk/platform-tools/adb -s emulator-5554 shell getprop sys.boot_completed
Android Tests (1)	UNKNOWN STEP	2026-02-25T19:50:23.9835986Z adb: device offline
Android Tests (1)	UNKNOWN STEP	2026-02-25T19:50:23.9842827Z The process '/usr/local/lib/android/sdk/platform-tools/adb' failed with exit code 1
Android Tests (1)	UNKNOWN STEP	2026-02-25T19:50:25.9882347Z [command]/usr/local/lib/android/sdk/platform-tools/adb -s emulator-5554 shell getprop sys.boot_completed
Android Tests (1)	UNKNOWN STEP	2026-02-25T19:50:25.9917206Z adb: device offline
Android Tests (1)	UNKNOWN STEP	2026-02-25T19:50:25.9923197Z The process '/usr/local/lib/android/sdk/platform-tools/adb' failed with exit code 1
Android Tests (1)	UNKNOWN STEP	2026-02-25T19:50:27.9965461Z [command]/usr/local/lib/android/sdk/platform-tools/adb -s emulator-5554 shell getprop sys.boot_completed
Android Tests (1)	UNKNOWN STEP	2026-02-25T19:50:27.9998398Z adb: device offline
Android Tests (1)	UNKNOWN STEP	2026-02-25T19:50:28.0005446Z The process '/usr/local/lib/android/sdk/platform-tools/adb' failed with exit code 1
Android Tests (1)	UNKNOWN STEP	2026-02-25T19:50:30.0027706Z [command]/usr/local/lib/android/sdk/platform-tools/adb -s emulator-5554 shell getprop sys.boot_completed
Android Tests (1)	UNKNOWN STEP	2026-02-25T19:50:30.0060717Z adb: device offline
Android Tests (1)	UNKNOWN STEP	2026-02-25T19:50:30.0066759Z The process '/usr/local/lib/android/sdk/platform-tools/adb' failed with exit code 1
Android Tests (1)	UNKNOWN STEP	2026-02-25T19:50:32.0110575Z [command]/usr/local/lib/android/sdk/platform-tools/adb -s emulator-5554 shell getprop sys.boot_completed
Android Tests (1)	UNKNOWN STEP	2026-02-25T19:50:32.0144088Z adb: device offline
Android Tests (1)	UNKNOWN STEP	2026-02-25T19:50:32.0149773Z The process '/usr/local/lib/android/sdk/platform-tools/adb' failed with exit code 1
Android Tests (1)	UNKNOWN STEP	2026-02-25T19:50:34.0200279Z [command]/usr/local/lib/android/sdk/platform-tools/adb -s emulator-5554 shell getprop sys.boot_completed
Android Tests (1)	UNKNOWN STEP	2026-02-25T19:50:34.0233843Z adb: device offline
Android Tests (1)	UNKNOWN STEP	2026-02-25T19:50:34.0240777Z The process '/usr/local/lib/android/sdk/platform-tools/adb' failed with exit code 1
Android Tests (1)	UNKNOWN STEP	2026-02-25T19:50:36.0265482Z [command]/usr/local/lib/android/sdk/platform-tools/adb -s emulator-5554 shell getprop sys.boot_completed
Android Tests (1)	UNKNOWN STEP	2026-02-25T19:50:36.0298951Z adb: device offline
Android Tests (1)	UNKNOWN STEP	2026-02-25T19:50:36.0304420Z The process '/usr/local/lib/android/sdk/platform-tools/adb' failed with exit code 1
Android Tests (1)	UNKNOWN STEP	2026-02-25T19:50:38.0350261Z [command]/usr/local/lib/android/sdk/platform-tools/adb -s emulator-5554 shell getprop sys.boot_completed
Android Tests (1)	UNKNOWN STEP	2026-02-25T19:50:38.0383145Z adb: device offline
Android Tests (1)	UNKNOWN STEP	2026-02-25T19:50:38.0388617Z The process '/usr/local/lib/android/sdk/platform-tools/adb' failed with exit code 1
Android Tests (1)	UNKNOWN STEP	2026-02-25T19:50:40.0439724Z [command]/usr/local/lib/android/sdk/platform-tools/adb -s emulator-5554 shell getprop sys.boot_completed
Android Tests (1)	UNKNOWN STEP	2026-02-25T19:50:40.0473720Z adb: device offline
Android Tests (1)	UNKNOWN STEP	2026-02-25T19:50:40.0479984Z The process '/usr/local/lib/android/sdk/platform-tools/adb' failed with exit code 1
Android Tests (1)	UNKNOWN STEP	2026-02-25T19:50:42.0525065Z [command]/usr/local/lib/android/sdk/platform-tools/adb -s emulator-5554 shell getprop sys.boot_completed
Android Tests (1)	UNKNOWN STEP	2026-02-25T19:50:44.3200887Z 
Android Tests (1)	UNKNOWN STEP	2026-02-25T19:50:46.3365170Z [command]/usr/local/lib/android/sdk/platform-tools/adb -s emulator-5554 shell getprop sys.boot_completed
Android Tests (1)	UNKNOWN STEP	2026-02-25T19:50:49.7138982Z 
Android Tests (1)	UNKNOWN STEP	2026-02-25T19:50:51.7508779Z [command]/usr/local/lib/android/sdk/platform-tools/adb -s emulator-5554 shell getprop sys.boot_completed
Android Tests (1)	UNKNOWN STEP	2026-02-25T19:50:53.4559224Z 
Android Tests (1)	UNKNOWN STEP	2026-02-25T19:50:55.4611379Z [command]/usr/local/lib/android/sdk/platform-tools/adb -s emulator-5554 shell getprop sys.boot_completed
Android Tests (1)	UNKNOWN STEP	2026-02-25T19:50:56.3943915Z 
Android Tests (1)	UNKNOWN STEP	2026-02-25T19:50:58.4243774Z [command]/usr/local/lib/android/sdk/platform-tools/adb -s emulator-5554 shell getprop sys.boot_completed
Android Tests (1)	UNKNOWN STEP	2026-02-25T19:50:58.8990178Z 
Android Tests (1)	UNKNOWN STEP	2026-02-25T19:51:00.9828307Z [command]/usr/local/lib/android/sdk/platform-tools/adb -s emulator-5554 shell getprop sys.boot_completed
Android Tests (1)	UNKNOWN STEP	2026-02-25T19:51:01.6242477Z 
Android Tests (1)	UNKNOWN STEP	2026-02-25T19:51:03.6340344Z [command]/usr/local/lib/android/sdk/platform-tools/adb -s emulator-5554 shell getprop sys.boot_completed
Android Tests (1)	UNKNOWN STEP	2026-02-25T19:51:04.0179167Z 
Android Tests (1)	UNKNOWN STEP	2026-02-25T19:51:06.0299570Z [command]/usr/local/lib/android/sdk/platform-tools/adb -s emulator-5554 shell getprop sys.boot_completed
Android Tests (1)	UNKNOWN STEP	2026-02-25T19:51:06.4754032Z 
Android Tests (1)	UNKNOWN STEP	2026-02-25T19:51:08.4814774Z [command]/usr/local/lib/android/sdk/platform-tools/adb -s emulator-5554 shell getprop sys.boot_completed
Android Tests (1)	UNKNOWN STEP	2026-02-25T19:51:08.7445417Z 
Android Tests (1)	UNKNOWN STEP	2026-02-25T19:51:10.7581733Z [command]/usr/local/lib/android/sdk/platform-tools/adb -s emulator-5554 shell getprop sys.boot_completed
Android Tests (1)	UNKNOWN STEP	2026-02-25T19:51:10.9865665Z 
Android Tests (1)	UNKNOWN STEP	2026-02-25T19:51:12.9973055Z [command]/usr/local/lib/android/sdk/platform-tools/adb -s emulator-5554 shell getprop sys.boot_completed
Android Tests (1)	UNKNOWN STEP	2026-02-25T19:51:13.5503696Z 
Android Tests (1)	UNKNOWN STEP	2026-02-25T19:51:15.5559271Z [command]/usr/local/lib/android/sdk/platform-tools/adb -s emulator-5554 shell getprop sys.boot_completed
Android Tests (1)	UNKNOWN STEP	2026-02-25T19:51:15.8441238Z 
Android Tests (1)	UNKNOWN STEP	2026-02-25T19:51:17.8499134Z [command]/usr/local/lib/android/sdk/platform-tools/adb -s emulator-5554 shell getprop sys.boot_completed
Android Tests (1)	UNKNOWN STEP	2026-02-25T19:51:18.1997877Z 
Android Tests (1)	UNKNOWN STEP	2026-02-25T19:51:20.2057964Z [command]/usr/local/lib/android/sdk/platform-tools/adb -s emulator-5554 shell getprop sys.boot_completed
Android Tests (1)	UNKNOWN STEP	2026-02-25T19:51:20.5634885Z 
Android Tests (1)	UNKNOWN STEP	2026-02-25T19:51:22.5686111Z [command]/usr/local/lib/android/sdk/platform-tools/adb -s emulator-5554 shell getprop sys.boot_completed
Android Tests (1)	UNKNOWN STEP	2026-02-25T19:51:22.9133512Z 
Android Tests (1)	UNKNOWN STEP	2026-02-25T19:51:24.9237734Z [command]/usr/local/lib/android/sdk/platform-tools/adb -s emulator-5554 shell getprop sys.boot_completed
Android Tests (1)	UNKNOWN STEP	2026-02-25T19:51:25.7860498Z 
Android Tests (1)	UNKNOWN STEP	2026-02-25T19:51:27.8331238Z [command]/usr/local/lib/android/sdk/platform-tools/adb -s emulator-5554 shell getprop sys.boot_completed
Android Tests (1)	UNKNOWN STEP	2026-02-25T19:51:28.3491360Z 
Android Tests (1)	UNKNOWN STEP	2026-02-25T19:51:30.3612448Z [command]/usr/local/lib/android/sdk/platform-tools/adb -s emulator-5554 shell getprop sys.boot_completed
Android Tests (1)	UNKNOWN STEP	2026-02-25T19:51:30.8949820Z 
Android Tests (1)	UNKNOWN STEP	2026-02-25T19:51:32.9096153Z [command]/usr/local/lib/android/sdk/platform-tools/adb -s emulator-5554 shell getprop sys.boot_completed
Android Tests (1)	UNKNOWN STEP	2026-02-25T19:51:33.2050572Z 
Android Tests (1)	UNKNOWN STEP	2026-02-25T19:51:35.2187039Z [command]/usr/local/lib/android/sdk/platform-tools/adb -s emulator-5554 shell getprop sys.boot_completed
Android Tests (1)	UNKNOWN STEP	2026-02-25T19:51:35.6472644Z 
Android Tests (1)	UNKNOWN STEP	2026-02-25T19:51:37.6620404Z [command]/usr/local/lib/android/sdk/platform-tools/adb -s emulator-5554 shell getprop sys.boot_completed
Android Tests (1)	UNKNOWN STEP	2026-02-25T19:51:37.9984518Z 
Android Tests (1)	UNKNOWN STEP	2026-02-25T19:51:40.0040107Z [command]/usr/local/lib/android/sdk/platform-tools/adb -s emulator-5554 shell getprop sys.boot_completed
Android Tests (1)	UNKNOWN STEP	2026-02-25T19:51:40.4443135Z 
Android Tests (1)	UNKNOWN STEP	2026-02-25T19:51:42.4789811Z [command]/usr/local/lib/android/sdk/platform-tools/adb -s emulator-5554 shell getprop sys.boot_completed
Android Tests (1)	UNKNOWN STEP	2026-02-25T19:51:43.0082377Z 
Android Tests (1)	UNKNOWN STEP	2026-02-25T19:51:45.0133615Z [command]/usr/local/lib/android/sdk/platform-tools/adb -s emulator-5554 shell getprop sys.boot_completed
Android Tests (1)	UNKNOWN STEP	2026-02-25T19:51:45.4886175Z 
Android Tests (1)	UNKNOWN STEP	2026-02-25T19:51:47.4931215Z [command]/usr/local/lib/android/sdk/platform-tools/adb -s emulator-5554 shell getprop sys.boot_completed
Android Tests (1)	UNKNOWN STEP	2026-02-25T19:51:48.1738155Z 
Android Tests (1)	UNKNOWN STEP	2026-02-25T19:51:50.1952655Z [command]/usr/local/lib/android/sdk/platform-tools/adb -s emulator-5554 shell getprop sys.boot_completed
Android Tests (1)	UNKNOWN STEP	2026-02-25T19:51:50.7782416Z 
Android Tests (1)	UNKNOWN STEP	2026-02-25T19:51:52.7835783Z [command]/usr/local/lib/android/sdk/platform-tools/adb -s emulator-5554 shell getprop sys.boot_completed
Android Tests (1)	UNKNOWN STEP	2026-02-25T19:51:53.5144621Z 
Android Tests (1)	UNKNOWN STEP	2026-02-25T19:51:55.5341093Z [command]/usr/local/lib/android/sdk/platform-tools/adb -s emulator-5554 shell getprop sys.boot_completed
Android Tests (1)	UNKNOWN STEP	2026-02-25T19:51:57.9998158Z 
Android Tests (1)	UNKNOWN STEP	2026-02-25T19:52:00.0347950Z [command]/usr/local/lib/android/sdk/platform-tools/adb -s emulator-5554 shell getprop sys.boot_completed
Android Tests (1)	UNKNOWN STEP	2026-02-25T19:52:01.4852790Z 
Android Tests (1)	UNKNOWN STEP	2026-02-25T19:52:03.5350199Z [command]/usr/local/lib/android/sdk/platform-tools/adb -s emulator-5554 shell getprop sys.boot_completed
Android Tests (1)	UNKNOWN STEP	2026-02-25T19:52:04.3661570Z 
Android Tests (1)	UNKNOWN STEP	2026-02-25T19:52:06.3705909Z [command]/usr/local/lib/android/sdk/platform-tools/adb -s emulator-5554 shell getprop sys.boot_completed
Android Tests (1)	UNKNOWN STEP	2026-02-25T19:52:07.4138946Z 
Android Tests (1)	UNKNOWN STEP	2026-02-25T19:52:09.4234192Z [command]/usr/local/lib/android/sdk/platform-tools/adb -s emulator-5554 shell getprop sys.boot_completed
Android Tests (1)	UNKNOWN STEP	2026-02-25T19:52:10.7407463Z 
Android Tests (1)	UNKNOWN STEP	2026-02-25T19:52:12.7759263Z [command]/usr/local/lib/android/sdk/platform-tools/adb -s emulator-5554 shell getprop sys.boot_completed
Android Tests (1)	UNKNOWN STEP	2026-02-25T19:52:14.2054194Z 
Android Tests (1)	UNKNOWN STEP	2026-02-25T19:52:16.2907639Z [command]/usr/local/lib/android/sdk/platform-tools/adb -s emulator-5554 shell getprop sys.boot_completed
Android Tests (1)	UNKNOWN STEP	2026-02-25T19:52:17.3561761Z 
Android Tests (1)	UNKNOWN STEP	2026-02-25T19:52:19.3612868Z [command]/usr/local/lib/android/sdk/platform-tools/adb -s emulator-5554 shell getprop sys.boot_completed
Android Tests (1)	UNKNOWN STEP	2026-02-25T19:52:19.7522294Z 
Android Tests (1)	UNKNOWN STEP	2026-02-25T19:52:21.7577053Z [command]/usr/local/lib/android/sdk/platform-tools/adb -s emulator-5554 shell getprop sys.boot_completed
Android Tests (1)	UNKNOWN STEP	2026-02-25T19:52:23.3155994Z 1
Android Tests (1)	UNKNOWN STEP	2026-02-25T19:52:23.3500265Z Emulator booted.
Android Tests (1)	UNKNOWN STEP	2026-02-25T19:52:23.3521954Z [command]/usr/local/lib/android/sdk/platform-tools/adb -s emulator-5554 shell input keyevent 82
Android Tests (1)	UNKNOWN STEP	2026-02-25T19:52:29.4652784Z INFO         | Boot completed in 141655 ms
Android Tests (1)	UNKNOWN STEP	2026-02-25T19:52:29.4657311Z INFO         | Increasing screen off timeout, logcat buffer size to 2M.
Android Tests (1)	UNKNOWN STEP	2026-02-25T19:52:56.7843417Z Disabling animations.
Android Tests (1)	UNKNOWN STEP	2026-02-25T19:52:56.7862955Z [command]/usr/local/lib/android/sdk/platform-tools/adb -s emulator-5554 shell settings put global window_animation_scale 0.0
Android Tests (1)	UNKNOWN STEP	2026-02-25T19:53:00.8216636Z [command]/usr/local/lib/android/sdk/platform-tools/adb -s emulator-5554 shell settings put global transition_animation_scale 0.0
Android Tests (1)	UNKNOWN STEP	2026-02-25T19:53:03.4155400Z [command]/usr/local/lib/android/sdk/platform-tools/adb -s emulator-5554 shell settings put global animator_duration_scale 0.0
Android Tests (1)	UNKNOWN STEP	2026-02-25T19:53:09.7067541Z ##[endgroup]
Android Tests (1)	UNKNOWN STEP	2026-02-25T19:53:09.7091352Z [command]/usr/bin/sh -c ./scripts/test.sh android --no-docker --shard 1 --total-shards 7
Android Tests (1)	UNKNOWN STEP	2026-02-25T19:53:09.7228805Z [1m
Android Tests (1)	UNKNOWN STEP	2026-02-25T19:53:09.7229203Z   Substitution Test Runner
Android Tests (1)	UNKNOWN STEP	2026-02-25T19:53:09.7243668Z   2026-02-25 19:53:09
Android Tests (1)	UNKNOWN STEP	2026-02-25T19:53:09.7244375Z   Targets: android
Android Tests (1)	UNKNOWN STEP	2026-02-25T19:53:09.7244972Z [0m
Android Tests (1)	UNKNOWN STEP	2026-02-25T19:53:09.7252856Z [0;34m[INFO][0m Fetching Flutter dependencies...
Android Tests (1)	UNKNOWN STEP	2026-02-25T19:53:11.1877974Z   unorm_dart 0.2.0 (0.3.2 available)
Android Tests (1)	UNKNOWN STEP	2026-02-25T19:53:11.1878481Z   win32 5.15.0 (6.0.0 available)
Android Tests (1)	UNKNOWN STEP	2026-02-25T19:53:11.1878868Z Got dependencies!
Android Tests (1)	UNKNOWN STEP	2026-02-25T19:53:11.1879380Z 7 packages have newer versions incompatible with dependency constraints.
Android Tests (1)	UNKNOWN STEP	2026-02-25T19:53:11.1880080Z Try `flutter pub outdated` for more information.
Android Tests (1)	UNKNOWN STEP	2026-02-25T19:53:11.1880915Z [0;32m[OK][0m Dependencies fetched
Android Tests (1)	UNKNOWN STEP	2026-02-25T19:53:11.1901152Z [0;34m[INFO][0m Target: android
Android Tests (1)	UNKNOWN STEP	2026-02-25T19:53:11.1901707Z 
Android Tests (1)	UNKNOWN STEP	2026-02-25T19:53:11.1904461Z [1m━━━ Android Tests (Emulator) ━━━[0m
Android Tests (1)	UNKNOWN STEP	2026-02-25T19:53:11.1904853Z 
Android Tests (1)	UNKNOWN STEP	2026-02-25T19:53:11.1957932Z [0;34m[INFO][0m Starting Xvfb virtual display...
Android Tests (1)	UNKNOWN STEP	2026-02-25T19:53:13.2014936Z [0;34m[INFO][0m Detected an already running Android device/emulator. Skipping start.
Android Tests (1)	UNKNOWN STEP	2026-02-25T19:53:13.2018238Z [0;34m[INFO][0m Waiting for emulator boot (timeout: 900s)...
Android Tests (1)	UNKNOWN STEP	2026-02-25T19:53:18.3451561Z [0;32m[OK][0m Emulator is ready
Android Tests (1)	UNKNOWN STEP	2026-02-25T19:53:18.3491101Z [0;34m[INFO][0m Running integration tests on Android (timeout: 2400s)...
Android Tests (1)	UNKNOWN STEP	2026-02-25T19:53:22.5654544Z -j/--concurrency was parsed but will be ignored, this option is not supported when running Integration Tests or web tests.
Android Tests (1)	UNKNOWN STEP	2026-02-25T19:53:22.9540205Z 00:00 +0: loading /home/runner/work/substitution/substitution/integration_test/refresh_logic_test.dart
Android Tests (1)	UNKNOWN STEP	2026-02-25T19:59:33.2211844Z Running Gradle task 'assembleDebug'...                          
Android Tests (1)	UNKNOWN STEP	2026-02-25T19:59:33.2213067Z Checking the license for package NDK (Side by side) 27.0.12077973 in /usr/local/lib/android/sdk/licenses
Android Tests (1)	UNKNOWN STEP	2026-02-25T19:59:33.2215314Z License for package NDK (Side by side) 27.0.12077973 accepted.
Android Tests (1)	UNKNOWN STEP	2026-02-25T19:59:33.2218915Z Preparing "Install NDK (Side by side) 27.0.12077973 v.27.0.12077973".
Android Tests (1)	UNKNOWN STEP	2026-02-25T19:59:46.6160697Z "Install NDK (Side by side) 27.0.12077973 v.27.0.12077973" ready.
Android Tests (1)	UNKNOWN STEP	2026-02-25T19:59:46.6161611Z Installing NDK (Side by side) 27.0.12077973 in /usr/local/lib/android/sdk/ndk/27.0.12077973
Android Tests (1)	UNKNOWN STEP	2026-02-25T19:59:46.6162477Z "Install NDK (Side by side) 27.0.12077973 v.27.0.12077973" complete.
Android Tests (1)	UNKNOWN STEP	2026-02-25T19:59:46.8159067Z "Install NDK (Side by side) 27.0.12077973 v.27.0.12077973" finished.
Android Tests (1)	UNKNOWN STEP	2026-02-25T20:00:42.8139448Z Checking the license for package Android SDK Platform 33 in /usr/local/lib/android/sdk/licenses
Android Tests (1)	UNKNOWN STEP	2026-02-25T20:00:42.8142844Z License for package Android SDK Platform 33 accepted.
Android Tests (1)	UNKNOWN STEP	2026-02-25T20:00:42.8143959Z Preparing "Install Android SDK Platform 33 (revision 3)".
Android Tests (1)	UNKNOWN STEP	2026-02-25T20:00:45.9138173Z "Install Android SDK Platform 33 (revision 3)" ready.
Android Tests (1)	UNKNOWN STEP	2026-02-25T20:00:45.9141884Z Installing Android SDK Platform 33 in /usr/local/lib/android/sdk/platforms/android-33
Android Tests (1)	UNKNOWN STEP	2026-02-25T20:00:45.9144366Z "Install Android SDK Platform 33 (revision 3)" complete.
Android Tests (1)	UNKNOWN STEP	2026-02-25T20:00:45.9145284Z "Install Android SDK Platform 33 (revision 3)" finished.
Android Tests (1)	UNKNOWN STEP	2026-02-25T20:04:28.3165762Z Checking the license for package CMake 3.22.1 in /usr/local/lib/android/sdk/licenses
Android Tests (1)	UNKNOWN STEP	2026-02-25T20:04:28.3171112Z License for package CMake 3.22.1 accepted.
Android Tests (1)	UNKNOWN STEP	2026-02-25T20:04:28.3171650Z Preparing "Install CMake 3.22.1 v.3.22.1".
Android Tests (1)	UNKNOWN STEP	2026-02-25T20:04:29.6139044Z "Install CMake 3.22.1 v.3.22.1" ready.
Android Tests (1)	UNKNOWN STEP	2026-02-25T20:04:29.6140157Z Installing CMake 3.22.1 in /usr/local/lib/android/sdk/cmake/3.22.1
Android Tests (1)	UNKNOWN STEP	2026-02-25T20:04:29.6140957Z "Install CMake 3.22.1 v.3.22.1" complete.
Android Tests (1)	UNKNOWN STEP	2026-02-25T20:04:29.6141452Z "Install CMake 3.22.1 v.3.22.1" finished.
Android Tests (1)	UNKNOWN STEP	2026-02-25T20:05:08.5753351Z Running Gradle task 'assembleDebug'...                            705.4s
Android Tests (1)	UNKNOWN STEP	2026-02-25T20:05:09.4701704Z ✓ Built build/app/outputs/flutter-apk/app-debug.apk
Android Tests (1)	UNKNOWN STEP	2026-02-25T20:05:22.9675465Z Installing build/app/outputs/flutter-apk/app-debug.apk...       00:00 +0 -1: loading /home/runner/work/substitution/substitution/integration_test/refresh_logic_test.dart [E]
Android Tests (1)	UNKNOWN STEP	2026-02-25T20:05:22.9681200Z   TimeoutException after 0:12:00.000000: Test timed out after 12 minutes.
Android Tests (1)	UNKNOWN STEP	2026-02-25T20:05:22.9898364Z   package:test_api/src/backend/invoker.dart 398:28  Invoker._handleError.<fn>
Android Tests (1)	UNKNOWN STEP	2026-02-25T20:05:22.9899251Z   dart:async/zone_root.dart 27:47                   _rootRun
Android Tests (1)	UNKNOWN STEP	2026-02-25T20:05:22.9899955Z   dart:async/zone.dart 726:19                       _CustomZone.run
Android Tests (1)	UNKNOWN STEP	2026-02-25T20:05:22.9900737Z   package:test_api/src/backend/invoker.dart 396:10  Invoker._handleError
Android Tests (1)	UNKNOWN STEP	2026-02-25T20:05:22.9901598Z   package:test_api/src/backend/invoker.dart 351:9   Invoker.heartbeat.<fn>.<fn>
Android Tests (1)	UNKNOWN STEP	2026-02-25T20:05:22.9902374Z   dart:async/zone_root.dart 35:13                   _rootRun
Android Tests (1)	UNKNOWN STEP	2026-02-25T20:05:22.9903043Z   dart:async/zone.dart 726:19                       _CustomZone.run
Android Tests (1)	UNKNOWN STEP	2026-02-25T20:05:22.9903815Z   package:test_api/src/backend/invoker.dart 350:38  Invoker.heartbeat.<fn>
Android Tests (1)	UNKNOWN STEP	2026-02-25T20:05:22.9905195Z   dart:async-patch/timer_patch.dart 18:15           Timer._createTimer.<fn>
Android Tests (1)	UNKNOWN STEP	2026-02-25T20:05:22.9906018Z   dart:isolate-patch/timer_impl.dart 423:19         _Timer._runTimers
Android Tests (1)	UNKNOWN STEP	2026-02-25T20:05:22.9907065Z   dart:isolate-patch/timer_impl.dart 454:5          _Timer._handleMessage
Android Tests (1)	UNKNOWN STEP	2026-02-25T20:05:22.9908318Z   dart:isolate-patch/isolate_patch.dart 193:12      _RawReceivePort._handleMessage
Android Tests (1)	UNKNOWN STEP	2026-02-25T20:05:22.9909029Z   
Android Tests (1)	UNKNOWN STEP	2026-02-25T20:05:22.9920809Z 00:00 +0 -1: loading /home/runner/work/substitution/substitution/integration_test/room_discovery_with_matrix_test.dart
Android Tests (1)	UNKNOWN STEP	2026-02-25T20:05:25.7758984Z    15.6s
Android Tests (1)	UNKNOWN STEP	2026-02-25T20:05:58.1542944Z ✓ Built build/app/outputs/flutter-apk/app-debug.apk
Android Tests (1)	UNKNOWN STEP	2026-02-25T20:06:07.0435017Z 00:00 +0 -1: loading /home/runner/work/substitution/substitution/integration_test/refresh_logic_test.dart [E]
Android Tests (1)	UNKNOWN STEP	2026-02-25T20:06:07.0453849Z   Failed to load "/home/runner/work/substitution/substitution/integration_test/refresh_logic_test.dart": Failed to start Dart Development Service
Android Tests (1)	UNKNOWN STEP	2026-02-25T20:06:07.0457303Z   
Android Tests (1)	UNKNOWN STEP	2026-02-25T20:06:33.2502318Z Installing build/app/outputs/flutter-apk/app-debug.apk...          25.1s
Android Tests (1)	UNKNOWN STEP	2026-02-25T20:07:24.4974217Z 00:00 +0 -1: loading /home/runner/work/substitution/substitution/integration_test/multi_user_correspondence_test.dart
Android Tests (1)	UNKNOWN STEP	2026-02-25T20:07:55.9948542Z Running Gradle task 'assembleDebug'...                             31.5s
Android Tests (1)	UNKNOWN STEP	2026-02-25T20:07:57.1420879Z ✓ Built build/app/outputs/flutter-apk/app-debug.apk
Android Tests (1)	UNKNOWN STEP	2026-02-25T20:08:14.6717144Z Installing build/app/outputs/flutter-apk/app-debug.apk...          17.0s
Android Tests (1)	UNKNOWN STEP	2026-02-25T20:08:56.0957882Z 00:00 +0 -1: /home/runner/work/substitution/substitution/integration_test/multi_user_correspondence_test.dart: (setUpAll)
Android Tests (1)	UNKNOWN STEP	2026-02-25T20:08:56.6508381Z 00:00 +0 -1: /home/runner/work/substitution/substitution/integration_test/multi_user_correspondence_test.dart: Multi-User Correspondence with Real Matrix Server STRICT: Two users in same room see each other's messages
Android Tests (1)	UNKNOWN STEP	2026-02-25T20:09:10.2067852Z Waiting for globalMatrixClient to be initialized...
Android Tests (1)	UNKNOWN STEP	2026-02-25T20:09:14.4445015Z [90m[🌎 Easy Localization] [DEBUG] Localization initialized[0m
Android Tests (1)	UNKNOWN STEP	2026-02-25T20:09:14.5068015Z [Matrix] [32mInitialize client Substitution[0m
Android Tests (1)	UNKNOWN STEP	2026-02-25T20:09:14.7686445Z globalMatrixClient initialized!
Android Tests (1)	UNKNOWN STEP	2026-02-25T20:09:14.8041529Z Android detected: Translated localhost to http://10.0.2.2:8008
Android Tests (1)	UNKNOWN STEP	2026-02-25T20:09:14.8044838Z Step 1: Checking for Age Gate, Intro, or Login fields...
Android Tests (1)	UNKNOWN STEP	2026-02-25T20:09:14.9086075Z [Matrix] [32mUser is not logged in.[0m
Android Tests (1)	UNKNOWN STEP	2026-02-25T20:09:15.1457061Z [90m[🌎 Easy Localization] [DEBUG] Start[0m
Android Tests (1)	UNKNOWN STEP	2026-02-25T20:09:16.0146875Z [90m[🌎 Easy Localization] [DEBUG] Init state[0m
Android Tests (1)	UNKNOWN STEP	2026-02-25T20:09:16.0955519Z [90m[🌎 Easy Localization] [DEBUG] Build[0m
Android Tests (1)	UNKNOWN STEP	2026-02-25T20:09:16.1245726Z [90m[🌎 Easy Localization] [DEBUG] Init Localization Delegate[0m
Android Tests (1)	UNKNOWN STEP	2026-02-25T20:09:16.1559093Z [90m[🌎 Easy Localization] [DEBUG] Init provider[0m
Android Tests (1)	UNKNOWN STEP	2026-02-25T20:09:21.6405342Z [90m[🌎 Easy Localization] [DEBUG] Load Localization Delegate[0m
Android Tests (1)	UNKNOWN STEP	2026-02-25T20:09:21.7305046Z [90m[🌎 Easy Localization] [DEBUG] Load asset from assets/translations[0m
Android Tests (1)	UNKNOWN STEP	2026-02-25T20:09:26.8729712Z [90m[🌎 Easy Localization] [DEBUG] Build[0m
Android Tests (1)	UNKNOWN STEP	2026-02-25T20:09:26.9178186Z [90m[🌎 Easy Localization] [DEBUG] Init Localization Delegate[0m
Android Tests (1)	UNKNOWN STEP	2026-02-25T20:09:26.9957250Z [90m[🌎 Easy Localization] [DEBUG] Init provider[0m
Android Tests (1)	UNKNOWN STEP	2026-02-25T20:09:47.1956871Z Found screen! AgeGate: false, Intro: true, Username: false, Host: false
Android Tests (1)	UNKNOWN STEP	2026-02-25T20:09:47.2338929Z Step 2: Navigating through onboarding...
Android Tests (1)	UNKNOWN STEP	2026-02-25T20:09:51.1183328Z Tapping Next button at step 0...
Android Tests (1)	UNKNOWN STEP	2026-02-25T20:10:00.3178438Z Tapping Next button at step 1...
Android Tests (1)	UNKNOWN STEP	2026-02-25T20:10:10.1432476Z Reached target page at step 2. Host: true, Username: false
Android Tests (1)	UNKNOWN STEP	2026-02-25T20:10:10.1680668Z Onboarding navigation complete.
Android Tests (1)	UNKNOWN STEP	2026-02-25T20:10:10.2193565Z Step 3: Entering host URL: http://10.0.2.2:8008
Android Tests (1)	UNKNOWN STEP	2026-02-25T20:10:16.8309395Z Tapping host submit button...
Android Tests (1)	UNKNOWN STEP	2026-02-25T20:10:20.7752178Z Waiting for login page to appear...
Android Tests (1)	UNKNOWN STEP	2026-02-25T20:10:31.3891485Z Login page reached.
Android Tests (1)	UNKNOWN STEP	2026-02-25T20:10:31.3997652Z Step 4: Looking for login fields...
Android Tests (1)	UNKNOWN STEP	2026-02-25T20:10:31.7442782Z Entering username: testuser2
Android Tests (1)	UNKNOWN STEP	2026-02-25T20:10:36.3591555Z Entering password...
Android Tests (1)	UNKNOWN STEP	2026-02-25T20:10:40.1690543Z Tapping login submit button...
Android Tests (1)	UNKNOWN STEP	2026-02-25T20:10:42.9264784Z Step 5: Waiting for finished page (introGoButton)...
Android Tests (1)	UNKNOWN STEP	2026-02-25T20:10:43.7826499Z [Matrix] [32mInitialize client Substitution[0m
Android Tests (1)	UNKNOWN STEP	2026-02-25T20:10:47.2398225Z [Matrix] [32mSuccessfully connected as testuser2 with http://10.0.2.2:8008[0m
Android Tests (1)	UNKNOWN STEP	2026-02-25T20:10:56.9853960Z Finished page reached.
Android Tests (1)	UNKNOWN STEP	2026-02-25T20:10:57.0041799Z Tapping Go button...
Android Tests (1)	UNKNOWN STEP	2026-02-25T20:10:57.2251561Z Waiting for feed (Scrollable)...
Android Tests (1)	UNKNOWN STEP	2026-02-25T20:10:58.0909321Z 02:01 +0 -2: /home/runner/work/substitution/substitution/integration_test/multi_user_correspondence_test.dart: Multi-User Correspondence with Real Matrix Server STRICT: Two users in same room see each other's messages [E]
Android Tests (1)	UNKNOWN STEP	2026-02-25T20:10:58.0912032Z   TimeoutException after 0:02:00.000000: Test timed out after 2 minutes.
Android Tests (1)	UNKNOWN STEP	2026-02-25T20:10:58.0914267Z   dart:isolate  _RawReceivePort._handleMessage
Android Tests (1)	UNKNOWN STEP	2026-02-25T20:10:58.0914766Z   
Android Tests (1)	UNKNOWN STEP	2026-02-25T20:10:59.8304897Z   'package:flutter_test/src/binding.dart': Failed assertion: line 2781 pos 12: '_pendingFrame == null': is not true.
Android Tests (1)	UNKNOWN STEP	2026-02-25T20:10:59.8306144Z   dart:core                                                                  _AssertionError._throwNew
Android Tests (1)	UNKNOWN STEP	2026-02-25T20:10:59.8309210Z   package:flutter_test/src/binding.dart 2781:12                              LiveTestWidgetsFlutterBinding.postTest
Android Tests (1)	UNKNOWN STEP	2026-02-25T20:10:59.8310124Z   ===== asynchronous gap ===========================
Android Tests (1)	UNKNOWN STEP	2026-02-25T20:10:59.8310919Z   package:stream_channel                                                     _GuaranteeSink.add
Android Tests (1)	UNKNOWN STEP	2026-02-25T20:10:59.8311855Z   tmp/flutter_tools.MPNENR/flutter_test_listener.KIKJJD/listener.dart 56:22  main.<fn>
Android Tests (1)	UNKNOWN STEP	2026-02-25T20:10:59.8312455Z   
Android Tests (1)	UNKNOWN STEP	2026-02-25T20:11:18.8353963Z   'package:flutter_test/src/binding.dart': Failed assertion: line 1639 pos 14: '_parentZone != null': is not true.
Android Tests (1)	UNKNOWN STEP	2026-02-25T20:11:18.8364618Z   dart:core                                                   _AssertionError._throwNew
Android Tests (1)	UNKNOWN STEP	2026-02-25T20:11:18.8366470Z   package:flutter_test/src/binding.dart 1639:14               TestWidgetsFlutterBinding._runTest.handleUncaughtError
Android Tests (1)	UNKNOWN STEP	2026-02-25T20:11:18.8369689Z   package:flutter_test/src/binding.dart 1650:13               TestWidgetsFlutterBinding._runTest.<fn>
Android Tests (1)	UNKNOWN STEP	2026-02-25T20:11:18.8370637Z   ===== asynchronous gap ===========================
Android Tests (1)	UNKNOWN STEP	2026-02-25T20:11:18.8371322Z   dart:async                                                  scheduleMicrotask
Android Tests (1)	UNKNOWN STEP	2026-02-25T20:11:18.8372245Z   package:flutter/src/widgets/focus_manager.dart 1931:5       FocusManager._markNeedsUpdate
Android Tests (1)	UNKNOWN STEP	2026-02-25T20:11:18.8373353Z   package:flutter/src/widgets/focus_manager.dart 1908:7       FocusManager._markNextFocus
Android Tests (1)	UNKNOWN STEP	2026-02-25T20:11:18.8374344Z   package:flutter/src/widgets/focus_manager.dart 994:17       FocusNode._markNextFocus
Android Tests (1)	UNKNOWN STEP	2026-02-25T20:11:18.8375149Z   package:flutter/src/widgets/focus_manager.dart 1510:9       FocusScopeNode._doRequestFocus
Android Tests (1)	UNKNOWN STEP	2026-02-25T20:11:18.8375789Z   package:flutter/src/widgets/focus_manager.dart 1457:13      FocusScopeNode.setFirstFocus
Android Tests (1)	UNKNOWN STEP	2026-02-25T20:11:18.8376573Z   package:flutter/src/widgets/routes.dart 1140:50             _ModalScopeState._updateFocusScopeNode
Android Tests (1)	UNKNOWN STEP	2026-02-25T20:11:18.8377207Z   package:flutter/src/widgets/routes.dart 1119:5              _ModalScopeState.didChangeDependencies
Android Tests (1)	UNKNOWN STEP	2026-02-25T20:11:18.8377802Z   package:flutter/src/widgets/framework.dart 5968:11          StatefulElement._firstBuild
Android Tests (1)	UNKNOWN STEP	2026-02-25T20:11:18.8378446Z   package:flutter/src/widgets/framework.dart 5793:5           ComponentElement.mount
Android Tests (1)	UNKNOWN STEP	2026-02-25T20:11:18.8378976Z   package:flutter/src/widgets/framework.dart 4587:20          Element.inflateWidget
Android Tests (1)	UNKNOWN STEP	2026-02-25T20:11:18.8379499Z   package:flutter/src/widgets/framework.dart 4059:18          Element.updateChild
Android Tests (1)	UNKNOWN STEP	2026-02-25T20:11:18.8380069Z   package:flutter/src/widgets/framework.dart 7115:14          SingleChildRenderObjectElement.mount
Android Tests (1)	UNKNOWN STEP	2026-02-25T20:11:18.8380940Z   package:flutter/src/widgets/framework.dart 4587:20          Element.inflateWidget
Android Tests (1)	UNKNOWN STEP	2026-02-25T20:11:18.8381465Z   package:flutter/src/widgets/framework.dart 4059:18          Element.updateChild
Android Tests (1)	UNKNOWN STEP	2026-02-25T20:11:18.8382018Z   package:flutter/src/widgets/framework.dart 5841:16          ComponentElement.performRebuild
Android Tests (1)	UNKNOWN STEP	2026-02-25T20:11:18.8382704Z   package:flutter/src/widgets/framework.dart 5529:7           Element.rebuild
Android Tests (1)	UNKNOWN STEP	2026-02-25T20:11:18.8383243Z   package:flutter/src/widgets/framework.dart 5799:5           ComponentElement._firstBuild
Android Tests (1)	UNKNOWN STEP	2026-02-25T20:11:18.8383816Z   package:flutter/src/widgets/framework.dart 5793:5           ComponentElement.mount
Android Tests (1)	UNKNOWN STEP	2026-02-25T20:11:18.8384342Z   package:flutter/src/widgets/framework.dart 4587:20          Element.inflateWidget
Android Tests (1)	UNKNOWN STEP	2026-02-25T20:11:18.8384858Z   package:flutter/src/widgets/framework.dart 4059:18          Element.updateChild
Android Tests (1)	UNKNOWN STEP	2026-02-25T20:11:18.8385415Z   package:flutter/src/widgets/framework.dart 5841:16          ComponentElement.performRebuild
Android Tests (1)	UNKNOWN STEP	2026-02-25T20:11:18.8385960Z   package:flutter/src/widgets/framework.dart 5529:7           Element.rebuild
Android Tests (1)	UNKNOWN STEP	2026-02-25T20:11:18.8386620Z   package:flutter/src/widgets/framework.dart 5799:5           ComponentElement._firstBuild
Android Tests (1)	UNKNOWN STEP	2026-02-25T20:11:18.8387162Z   package:flutter/src/widgets/framework.dart 5793:5           ComponentElement.mount
Android Tests (1)	UNKNOWN STEP	2026-02-25T20:11:18.8387692Z   package:flutter/src/widgets/framework.dart 4587:20          Element.inflateWidget
Android Tests (1)	UNKNOWN STEP	2026-02-25T20:11:18.8388197Z   package:flutter/src/widgets/framework.dart 4059:18          Element.updateChild
Android Tests (1)	UNKNOWN STEP	2026-02-25T20:11:18.8388749Z   package:flutter/src/widgets/framework.dart 5841:16          ComponentElement.performRebuild
Android Tests (1)	UNKNOWN STEP	2026-02-25T20:11:18.8389417Z   package:flutter/src/widgets/framework.dart 5529:7           Element.rebuild
Android Tests (1)	UNKNOWN STEP	2026-02-25T20:11:18.8390031Z   package:flutter/src/widgets/framework.dart 5799:5           ComponentElement._firstBuild
Android Tests (1)	UNKNOWN STEP	2026-02-25T20:11:18.8390851Z   package:flutter/src/widgets/framework.dart 5793:5           ComponentElement.mount
Android Tests (1)	UNKNOWN STEP	2026-02-25T20:11:18.8391391Z   package:flutter/src/widgets/framework.dart 4587:20          Element.inflateWidget
Android Tests (1)	UNKNOWN STEP	2026-02-25T20:11:18.8391895Z   package:flutter/src/widgets/framework.dart 4059:18          Element.updateChild
Android Tests (1)	UNKNOWN STEP	2026-02-25T20:11:18.8392446Z   package:flutter/src/widgets/framework.dart 5841:16          ComponentElement.performRebuild
Android Tests (1)	UNKNOWN STEP	2026-02-25T20:11:18.8393037Z   package:flutter/src/widgets/framework.dart 5982:11          StatefulElement.performRebuild
Android Tests (1)	UNKNOWN STEP	2026-02-25T20:11:18.8393578Z   package:flutter/src/widgets/framework.dart 5529:7           Element.rebuild
Android Tests (1)	UNKNOWN STEP	2026-02-25T20:11:18.8394097Z   package:flutter/src/widgets/framework.dart 5799:5           ComponentElement._firstBuild
Android Tests (1)	UNKNOWN STEP	2026-02-25T20:11:18.8394654Z   package:flutter/src/widgets/framework.dart 5973:11          StatefulElement._firstBuild
Android Tests (1)	UNKNOWN STEP	2026-02-25T20:11:18.8395438Z   package:flutter/src/widgets/framework.dart 5793:5           ComponentElement.mount
Android Tests (1)	UNKNOWN STEP	2026-02-25T20:11:18.8395957Z   package:flutter/src/widgets/framework.dart 4587:20          Element.inflateWidget
Android Tests (1)	UNKNOWN STEP	2026-02-25T20:11:18.8396577Z   package:flutter/src/widgets/framework.dart 4059:18          Element.updateChild
Android Tests (1)	UNKNOWN STEP	2026-02-25T20:11:18.8397120Z   package:flutter/src/widgets/framework.dart 5841:16          ComponentElement.performRebuild
Android Tests (1)	UNKNOWN STEP	2026-02-25T20:11:18.8397790Z   package:flutter/src/widgets/framework.dart 5982:11          StatefulElement.performRebuild
Android Tests (1)	UNKNOWN STEP	2026-02-25T20:11:18.8398552Z   package:flutter/src/widgets/framework.dart 5529:7           Element.rebuild
Android Tests (1)	UNKNOWN STEP	2026-02-25T20:11:18.8399062Z   package:flutter/src/widgets/framework.dart 5799:5           ComponentElement._firstBuild
Android Tests (1)	UNKNOWN STEP	2026-02-25T20:11:18.8399891Z   package:flutter/src/widgets/framework.dart 5973:11          StatefulElement._firstBuild
Android Tests (1)	UNKNOWN STEP	2026-02-25T20:11:18.8400443Z   package:flutter/src/widgets/framework.dart 5793:5           ComponentElement.mount
Android Tests (1)	UNKNOWN STEP	2026-02-25T20:11:18.8400958Z   package:flutter/src/widgets/framework.dart 4587:20          Element.inflateWidget
Android Tests (1)	UNKNOWN STEP	2026-02-25T20:11:18.8401764Z   package:flutter/src/widgets/framework.dart 7264:36          MultiChildRenderObjectElement.inflateWidget
Android Tests (1)	UNKNOWN STEP	2026-02-25T20:11:18.8402362Z   package:flutter/src/widgets/framework.dart 4059:18          Element.updateChild
Android Tests (1)	UNKNOWN STEP	2026-02-25T20:11:18.8402877Z   package:flutter/src/widgets/framework.dart 4255:32          Element.updateChildren
Android Tests (1)	UNKNOWN STEP	2026-02-25T20:11:18.8403575Z   package:flutter/src/widgets/framework.dart 7295:17          MultiChildRenderObjectElement.update
Android Tests (1)	UNKNOWN STEP	2026-02-25T20:11:18.8404144Z   package:flutter/src/widgets/framework.dart 4037:15          Element.updateChild
Android Tests (1)	UNKNOWN STEP	2026-02-25T20:11:18.8404685Z   package:flutter/src/widgets/framework.dart 5841:16          ComponentElement.performRebuild
Android Tests (1)	UNKNOWN STEP	2026-02-25T20:11:18.8405566Z   package:flutter/src/widgets/framework.dart 5982:11          StatefulElement.performRebuild
Android Tests (1)	UNKNOWN STEP	2026-02-25T20:11:18.8406474Z   package:flutter/src/widgets/framework.dart 5529:7           Element.rebuild
Android Tests (1)	UNKNOWN STEP	2026-02-25T20:11:18.8406998Z   package:flutter/src/widgets/framework.dart 6007:5           StatefulElement.update
Android Tests (1)	UNKNOWN STEP	2026-02-25T20:11:18.8407534Z   package:flutter/src/widgets/framework.dart 4037:15          Element.updateChild
Android Tests (1)	UNKNOWN STEP	2026-02-25T20:11:18.8408083Z   package:flutter/src/widgets/framework.dart 5841:16          ComponentElement.performRebuild
Android Tests (1)	UNKNOWN STEP	2026-02-25T20:11:18.8408616Z   package:flutter/src/widgets/framework.dart 5529:7           Element.rebuild
Android Tests (1)	UNKNOWN STEP	2026-02-25T20:11:18.8409103Z   package:flutter/src/widgets/framework.dart 6149:5           ProxyElement.update
Android Tests (1)	UNKNOWN STEP	2026-02-25T20:11:18.8409601Z   package:flutter/src/widgets/framework.dart 4037:15          Element.updateChild
Android Tests (1)	UNKNOWN STEP	2026-02-25T20:11:18.8410138Z   package:flutter/src/widgets/framework.dart 5841:16          ComponentElement.performRebuild
Android Tests (1)	UNKNOWN STEP	2026-02-25T20:11:18.8410672Z   package:flutter/src/widgets/framework.dart 5529:7           Element.rebuild
Android Tests (1)	UNKNOWN STEP	2026-02-25T20:11:18.8411153Z   package:flutter/src/widgets/framework.dart 6149:5           ProxyElement.update
Android Tests (1)	UNKNOWN STEP	2026-02-25T20:11:18.8411718Z   package:flutter/src/widgets/inherited_notifier.dart 108:11  _InheritedNotifierElement.update
Android Tests (1)	UNKNOWN STEP	2026-02-25T20:11:18.8412281Z   package:flutter/src/widgets/framework.dart 4037:15          Element.updateChild
Android Tests (1)	UNKNOWN STEP	2026-02-25T20:11:18.8412820Z   package:flutter/src/widgets/framework.dart 5841:16          ComponentElement.performRebuild
Android Tests (1)	UNKNOWN STEP	2026-02-25T20:11:18.8413408Z   package:flutter/src/widgets/framework.dart 5982:11          StatefulElement.performRebuild
Android Tests (1)	UNKNOWN STEP	2026-02-25T20:11:18.8413940Z   package:flutter/src/widgets/framework.dart 5529:7           Element.rebuild
Android Tests (1)	UNKNOWN STEP	2026-02-25T20:11:18.8414429Z   package:flutter/src/widgets/framework.dart 6007:5           StatefulElement.update
Android Tests (1)	UNKNOWN STEP	2026-02-25T20:11:18.8414945Z   package:flutter/src/widgets/framework.dart 4037:15          Element.updateChild
Android Tests (1)	UNKNOWN STEP	2026-02-25T20:11:18.8415484Z   package:flutter/src/widgets/framework.dart 5841:16          ComponentElement.performRebuild
Android Tests (1)	UNKNOWN STEP	2026-02-25T20:11:18.8416011Z   package:flutter/src/widgets/framework.dart 5529:7           Element.rebuild
Android Tests (1)	UNKNOWN STEP	2026-02-25T20:11:18.8416604Z   package:flutter/src/widgets/framework.dart 6149:5           ProxyElement.update
Android Tests (1)	UNKNOWN STEP	2026-02-25T20:11:18.8417164Z   package:flutter/src/widgets/inherited_notifier.dart 108:11  _InheritedNotifierElement.update
Android Tests (1)	UNKNOWN STEP	2026-02-25T20:11:18.8417720Z   package:flutter/src/widgets/framework.dart 4037:15          Element.updateChild
Android Tests (1)	UNKNOWN STEP	2026-02-25T20:11:18.8418254Z   package:flutter/src/widgets/framework.dart 5841:16          ComponentElement.performRebuild
Android Tests (1)	UNKNOWN STEP	2026-02-25T20:11:18.8418851Z   package:flutter/src/widgets/framework.dart 5982:11          StatefulElement.performRebuild
Android Tests (1)	UNKNOWN STEP	2026-02-25T20:11:18.8419392Z   package:flutter/src/widgets/framework.dart 5529:7           Element.rebuild
Android Tests (1)	UNKNOWN STEP	2026-02-25T20:11:18.8419896Z   package:flutter/src/widgets/framework.dart 6007:5           StatefulElement.update
Android Tests (1)	UNKNOWN STEP	2026-02-25T20:11:18.8420416Z   package:flutter/src/widgets/framework.dart 4037:15          Element.updateChild
Android Tests (1)	UNKNOWN STEP	2026-02-25T20:11:18.8420971Z   package:flutter/src/widgets/framework.dart 5841:16          ComponentElement.performRebuild
Android Tests (1)	UNKNOWN STEP	2026-02-25T20:11:18.8421560Z   package:flutter/src/widgets/framework.dart 5982:11          StatefulElement.performRebuild
Android Tests (1)	UNKNOWN STEP	2026-02-25T20:11:18.8422267Z   package:flutter/src/widgets/framework.dart 5529:7           Element.rebuild
Android Tests (1)	UNKNOWN STEP	2026-02-25T20:11:18.8422761Z   package:flutter/src/widgets/framework.dart 6007:5           StatefulElement.update
Android Tests (1)	UNKNOWN STEP	2026-02-25T20:11:18.8423272Z   package:flutter/src/widgets/framework.dart 4037:15          Element.updateChild
Android Tests (1)	UNKNOWN STEP	2026-02-25T20:11:18.8423967Z   package:flutter/src/widgets/framework.dart 7122:14          SingleChildRenderObjectElement.update
Android Tests (1)	UNKNOWN STEP	2026-02-25T20:11:18.8424544Z   package:flutter/src/widgets/framework.dart 4037:15          Element.updateChild
Android Tests (1)	UNKNOWN STEP	2026-02-25T20:11:18.8425108Z   package:flutter/src/widgets/framework.dart 7122:14          SingleChildRenderObjectElement.update
Android Tests (1)	UNKNOWN STEP	2026-02-25T20:11:18.8425674Z   package:flutter/src/widgets/framework.dart 4037:15          Element.updateChild
Android Tests (1)	UNKNOWN STEP	2026-02-25T20:11:18.8426346Z   package:flutter/src/widgets/framework.dart 5841:16          ComponentElement.performRebuild
Android Tests (1)	UNKNOWN STEP	2026-02-25T20:11:18.8426893Z   package:flutter/src/widgets/framework.dart 5529:7           Element.rebuild
Android Tests (1)	UNKNOWN STEP	2026-02-25T20:11:18.8427371Z   package:flutter/src/widgets/framework.dart 6149:5           ProxyElement.update
Android Tests (1)	UNKNOWN STEP	2026-02-25T20:11:18.8427862Z   package:flutter/src/widgets/framework.dart 4037:15          Element.updateChild
Android Tests (1)	UNKNOWN STEP	2026-02-25T20:11:18.8428652Z   package:flutter/src/widgets/framework.dart 5841:16          ComponentElement.performRebuild
Android Tests (1)	UNKNOWN STEP	2026-02-25T20:11:18.8429191Z   package:flutter/src/widgets/framework.dart 5529:7           Element.rebuild
Android Tests (1)	UNKNOWN STEP	2026-02-25T20:11:18.8429672Z   package:flutter/src/widgets/framework.dart 6149:5           ProxyElement.update
Android Tests (1)	UNKNOWN STEP	2026-02-25T20:11:18.8430165Z   package:flutter/src/widgets/framework.dart 4037:15          Element.updateChild
Android Tests (1)	UNKNOWN STEP	2026-02-25T20:11:18.8430703Z   package:flutter/src/widgets/framework.dart 5841:16          ComponentElement.performRebuild
Android Tests (1)	UNKNOWN STEP	2026-02-25T20:11:18.8431284Z   package:flutter/src/widgets/framework.dart 5982:11          StatefulElement.performRebuild
Android Tests (1)	UNKNOWN STEP	2026-02-25T20:11:18.8431813Z   package:flutter/src/widgets/framework.dart 5529:7           Element.rebuild
Android Tests (1)	UNKNOWN STEP	2026-02-25T20:11:18.8432309Z   package:flutter/src/widgets/framework.dart 6007:5           StatefulElement.update
Android Tests (1)	UNKNOWN STEP	2026-02-25T20:11:18.8432823Z   package:flutter/src/widgets/framework.dart 4037:15          Element.updateChild
Android Tests (1)	UNKNOWN STEP	2026-02-25T20:11:18.8433371Z   package:flutter/src/widgets/framework.dart 5841:16          ComponentElement.performRebuild
Android Tests (1)	UNKNOWN STEP	2026-02-25T20:11:18.8433901Z   package:flutter/src/widgets/framework.dart 5529:7           Element.rebuild
Android Tests (1)	UNKNOWN STEP	2026-02-25T20:11:18.8434383Z   package:flutter/src/widgets/framework.dart 6149:5           ProxyElement.update
Android Tests (1)	UNKNOWN STEP	2026-02-25T20:11:18.8434879Z   package:flutter/src/widgets/framework.dart 4037:15          Element.updateChild
Android Tests (1)	UNKNOWN STEP	2026-02-25T20:11:18.8435420Z   package:flutter/src/widgets/framework.dart 5841:16          ComponentElement.performRebuild
Android Tests (1)	UNKNOWN STEP	2026-02-25T20:11:18.8435944Z   package:flutter/src/widgets/framework.dart 5529:7           Element.rebuild
Android Tests (1)	UNKNOWN STEP	2026-02-25T20:11:18.8436555Z   package:flutter/src/widgets/framework.dart 6149:5           ProxyElement.update
Android Tests (1)	UNKNOWN STEP	2026-02-25T20:11:18.8437110Z   package:flutter/src/widgets/inherited_notifier.dart 108:11  _InheritedNotifierElement.update
Android Tests (1)	UNKNOWN STEP	2026-02-25T20:11:18.8437671Z   package:flutter/src/widgets/framework.dart 4037:15          Element.updateChild
Android Tests (1)	UNKNOWN STEP	2026-02-25T20:11:18.8438212Z   package:flutter/src/widgets/framework.dart 5841:16          ComponentElement.performRebuild
Android Tests (1)	UNKNOWN STEP	2026-02-25T20:11:18.8438794Z   package:flutter/src/widgets/framework.dart 5982:11          StatefulElement.performRebuild
Android Tests (1)	UNKNOWN STEP	2026-02-25T20:11:18.8439320Z   package:flutter/src/widgets/framework.dart 5529:7           Element.rebuild
Android Tests (1)	UNKNOWN STEP	2026-02-25T20:11:18.8439808Z   package:flutter/src/widgets/framework.dart 6007:5           StatefulElement.update
Android Tests (1)	UNKNOWN STEP	2026-02-25T20:11:18.8440318Z   package:flutter/src/widgets/framework.dart 4037:15          Element.updateChild
Android Tests (1)	UNKNOWN STEP	2026-02-25T20:11:18.8440860Z   package:flutter/src/widgets/framework.dart 5841:16          ComponentElement.performRebuild
Android Tests (1)	UNKNOWN STEP	2026-02-25T20:11:18.8441563Z   package:flutter/src/widgets/framework.dart 5529:7           Element.rebuild
Android Tests (1)	UNKNOWN STEP	2026-02-25T20:11:18.8442055Z   package:flutter/src/widgets/framework.dart 6149:5           ProxyElement.update
Android Tests (1)	UNKNOWN STEP	2026-02-25T20:11:18.8442822Z   package:flutter/src/widgets/framework.dart 4037:15          Element.updateChild
Android Tests (1)	UNKNOWN STEP	2026-02-25T20:11:18.8443526Z   package:flutter/src/widgets/framework.dart 5841:16          ComponentElement.performRebuild
Android Tests (1)	UNKNOWN STEP	2026-02-25T20:11:18.8444066Z   package:flutter/src/widgets/framework.dart 5529:7           Element.rebuild
Android Tests (1)	UNKNOWN STEP	2026-02-25T20:11:18.8444565Z   package:flutter/src/widgets/framework.dart 5895:5           StatelessElement.update
Android Tests (1)	UNKNOWN STEP	2026-02-25T20:11:18.8445084Z   package:flutter/src/widgets/framework.dart 4037:15          Element.updateChild
Android Tests (1)	UNKNOWN STEP	2026-02-25T20:11:18.8445626Z   package:flutter/src/widgets/framework.dart 5841:16          ComponentElement.performRebuild
Android Tests (1)	UNKNOWN STEP	2026-02-25T20:11:18.8446543Z   package:flutter/src/widgets/framework.dart 5529:7           Element.rebuild
Android Tests (1)	UNKNOWN STEP	2026-02-25T20:11:18.8447092Z   package:flutter/src/widgets/framework.dart 6149:5           ProxyElement.update
Android Tests (1)	UNKNOWN STEP	2026-02-25T20:11:18.8447672Z   package:flutter/src/widgets/framework.dart 4037:15          Element.updateChild
Android Tests (1)	UNKNOWN STEP	2026-02-25T20:11:18.8448378Z   package:flutter/src/widgets/framework.dart 5841:16          ComponentElement.performRebuild
Android Tests (1)	UNKNOWN STEP	2026-02-25T20:11:18.8448919Z   package:flutter/src/widgets/framework.dart 5529:7           Element.rebuild
Android Tests (1)	UNKNOWN STEP	2026-02-25T20:11:18.8449397Z   package:flutter/src/widgets/framework.dart 6149:5           ProxyElement.update
Android Tests (1)	UNKNOWN STEP	2026-02-25T20:11:18.8449892Z   package:flutter/src/widgets/framework.dart 4037:15          Element.updateChild
Android Tests (1)	UNKNOWN STEP	2026-02-25T20:11:18.8450436Z   package:flutter/src/widgets/framework.dart 5841:16          ComponentElement.performRebuild
Android Tests (1)	UNKNOWN STEP	2026-02-25T20:11:18.8451022Z   package:flutter/src/widgets/framework.dart 5982:11          StatefulElement.performRebuild
Android Tests (1)	UNKNOWN STEP	2026-02-25T20:11:18.8451553Z   package:flutter/src/widgets/framework.dart 5529:7           Element.rebuild
Android Tests (1)	UNKNOWN STEP	2026-02-25T20:11:18.8452051Z   package:flutter/src/widgets/framework.dart 2750:15          BuildScope._tryRebuild
Android Tests (1)	UNKNOWN STEP	2026-02-25T20:11:18.8452592Z   package:flutter/src/widgets/framework.dart 2807:11          BuildScope._flushDirtyElements
Android Tests (1)	UNKNOWN STEP	2026-02-25T20:11:18.8453134Z   package:flutter/src/widgets/framework.dart 3111:18          BuildOwner.buildScope
Android Tests (1)	UNKNOWN STEP	2026-02-25T20:11:18.8453664Z   package:flutter/src/widgets/binding.dart 1302:21            WidgetsBinding.drawFrame
Android Tests (1)	UNKNOWN STEP	2026-02-25T20:11:18.8454273Z   package:flutter/src/rendering/binding.dart 495:5            RendererBinding._handlePersistentFrameCallback
Android Tests (1)	UNKNOWN STEP	2026-02-25T20:11:18.8454924Z   package:flutter/src/scheduler/binding.dart 1430:15          SchedulerBinding._invokeFrameCallback
Android Tests (1)	UNKNOWN STEP	2026-02-25T20:11:18.8455535Z   package:flutter/src/scheduler/binding.dart 1345:9           SchedulerBinding.handleDrawFrame
Android Tests (1)	UNKNOWN STEP	2026-02-25T20:11:18.8456166Z   package:flutter_test/src/binding.dart 2511:13               LiveTestWidgetsFlutterBinding.handleDrawFrame
Android Tests (1)	UNKNOWN STEP	2026-02-25T20:11:18.8456973Z   package:flutter/src/scheduler/binding.dart 1198:5           SchedulerBinding._handleDrawFrame
Android Tests (1)	UNKNOWN STEP	2026-02-25T20:11:18.8457388Z   
Android Tests (1)	UNKNOWN STEP	2026-02-25T20:11:18.9684724Z Feed reached.
Android Tests (1)	UNKNOWN STEP	2026-02-25T20:11:19.0200611Z ✓ STRICT: User 2 sees 6 messages from shared rooms
Android Tests (1)	UNKNOWN STEP	2026-02-25T20:11:20.6926806Z   'package:flutter_test/src/binding.dart': Failed assertion: line 1440 pos 14: 'Zone.current == _parentZone': is not true.
Android Tests (1)	UNKNOWN STEP	2026-02-25T20:11:20.6928043Z   dart:core                                                                  _AssertionError._throwNew
Android Tests (1)	UNKNOWN STEP	2026-02-25T20:11:20.6929115Z   package:flutter_test/src/binding.dart 1440:14                              TestWidgetsFlutterBinding._createTestCompletionHandler.<fn>
Android Tests (1)	UNKNOWN STEP	2026-02-25T20:11:20.6930084Z   ===== asynchronous gap ===========================
Android Tests (1)	UNKNOWN STEP	2026-02-25T20:11:20.6930768Z   dart:async                                                                 Future.whenComplete
Android Tests (1)	UNKNOWN STEP	2026-02-25T20:11:20.6931702Z   package:flutter_test/src/binding.dart 1661:10                              TestWidgetsFlutterBinding._runTest
Android Tests (1)	UNKNOWN STEP	2026-02-25T20:11:20.6933377Z   package:flutter_test/src/binding.dart 2759:12                              LiveTestWidgetsFlutterBinding.runTest
Android Tests (1)	UNKNOWN STEP	2026-02-25T20:11:20.6934544Z   package:integration_test/integration_test.dart 237:17                      IntegrationTestWidgetsFlutterBinding.runTest
Android Tests (1)	UNKNOWN STEP	2026-02-25T20:11:20.6935904Z   package:flutter_test/src/widget_tester.dart 184:24                         testWidgets.<fn>
Android Tests (1)	UNKNOWN STEP	2026-02-25T20:11:20.6936937Z   ===== asynchronous gap ===========================
Android Tests (1)	UNKNOWN STEP	2026-02-25T20:11:20.6937564Z   package:stream_channel                                                     _GuaranteeSink.add
Android Tests (1)	UNKNOWN STEP	2026-02-25T20:11:20.6938419Z   tmp/flutter_tools.MPNENR/flutter_test_listener.KIKJJD/listener.dart 56:22  main.<fn>
Android Tests (1)	UNKNOWN STEP	2026-02-25T20:11:20.6939154Z   
Android Tests (1)	UNKNOWN STEP	2026-02-25T20:11:21.7812691Z 02:25 +0 -2: /home/runner/work/substitution/substitution/integration_test/multi_user_correspondence_test.dart: (tearDownAll)
Android Tests (1)	UNKNOWN STEP	2026-02-25T20:11:26.0015619Z 02:29 +0 -2: loading /home/runner/work/substitution/substitution/integration_test/feed_merging_test.dart
Android Tests (1)	UNKNOWN STEP	2026-02-25T20:11:56.4894858Z Running Gradle task 'assembleDebug'...                             30.5s
Android Tests (1)	UNKNOWN STEP	2026-02-25T20:11:57.3568970Z ✓ Built build/app/outputs/flutter-apk/app-debug.apk
Android Tests (1)	UNKNOWN STEP	2026-02-25T20:12:11.0860176Z Installing build/app/outputs/flutter-apk/app-debug.apk...          13.3s
Android Tests (1)	UNKNOWN STEP	2026-02-25T20:12:59.3471281Z 04:03 +0 -2: loading /home/runner/work/substitution/substitution/integration_test/followfeeds_with_matrix_test.dart
Android Tests (1)	UNKNOWN STEP	2026-02-25T20:13:29.7461875Z Running Gradle task 'assembleDebug'...                             30.4s
Android Tests (1)	UNKNOWN STEP	2026-02-25T20:13:30.6151490Z ✓ Built build/app/outputs/flutter-apk/app-debug.apk
Android Tests (1)	UNKNOWN STEP	2026-02-25T20:13:43.9400721Z Installing build/app/outputs/flutter-apk/app-debug.apk...          12.8s
Android Tests (1)	UNKNOWN STEP	2026-02-25T20:14:28.3075172Z 05:32 +0 -2: /home/runner/work/substitution/substitution/integration_test/followfeeds_with_matrix_test.dart: (setUpAll)
Android Tests (1)	UNKNOWN STEP	2026-02-25T20:14:28.9841449Z 05:32 +0 -2: /home/runner/work/substitution/substitution/integration_test/followfeeds_with_matrix_test.dart: Follow Feeds Search with Real Matrix Server Rooms are displayed by default when no search term is entered
Android Tests (1)	UNKNOWN STEP	2026-02-25T20:14:40.8717429Z Waiting for globalMatrixClient to be initialized...
Android Tests (1)	UNKNOWN STEP	2026-02-25T20:14:46.2419633Z [90m[🌎 Easy Localization] [DEBUG] Localization initialized[0m
Android Tests (1)	UNKNOWN STEP	2026-02-25T20:14:46.3933663Z [Matrix] [32mInitialize client Substitution[0m
Android Tests (1)	UNKNOWN STEP	2026-02-25T20:14:46.7110336Z [Matrix] [32mUser is not logged in.[0m
Android Tests (1)	UNKNOWN STEP	2026-02-25T20:14:46.9482837Z [90m[🌎 Easy Localization] [DEBUG] Start[0m
Android Tests (1)	UNKNOWN STEP	2026-02-25T20:14:47.4514096Z [90m[🌎 Easy Localization] [DEBUG] Init state[0m
Android Tests (1)	UNKNOWN STEP	2026-02-25T20:14:47.5244532Z [90m[🌎 Easy Localization] [DEBUG] Build[0m
Android Tests (1)	UNKNOWN STEP	2026-02-25T20:14:47.5517691Z [90m[🌎 Easy Localization] [DEBUG] Init Localization Delegate[0m
Android Tests (1)	UNKNOWN STEP	2026-02-25T20:14:47.5686070Z [90m[🌎 Easy Localization] [DEBUG] Init provider[0m
Android Tests (1)	UNKNOWN STEP	2026-02-25T20:14:53.0147763Z [90m[🌎 Easy Localization] [DEBUG] Load Localization Delegate[0m
Android Tests (1)	UNKNOWN STEP	2026-02-25T20:14:53.0748142Z [90m[🌎 Easy Localization] [DEBUG] Load asset from assets/translations[0m
Android Tests (1)	UNKNOWN STEP	2026-02-25T20:14:56.9545895Z globalMatrixClient initialized!
Android Tests (1)	UNKNOWN STEP	2026-02-25T20:14:57.4281345Z Starting programmatic login for test user...
Android Tests (1)	UNKNOWN STEP	2026-02-25T20:14:57.4955217Z Android: translated server to http://10.0.2.2:8008
Android Tests (1)	UNKNOWN STEP	2026-02-25T20:15:00.6218520Z [Matrix] [32mInitialize client Substitution[0m
Android Tests (1)	UNKNOWN STEP	2026-02-25T20:15:01.7957134Z [Matrix] [32mSuccessfully connected as testuser1 with http://10.0.2.2:8008[0m
Android Tests (1)	UNKNOWN STEP	2026-02-25T20:15:09.6855379Z Login success, navigating to Feed...
Android Tests (1)	UNKNOWN STEP	2026-02-25T20:15:09.9918023Z [90m[🌎 Easy Localization] [DEBUG] Build[0m
Android Tests (1)	UNKNOWN STEP	2026-02-25T20:15:10.0358463Z [90m[🌎 Easy Localization] [DEBUG] Init Localization Delegate[0m
Android Tests (1)	UNKNOWN STEP	2026-02-25T20:15:10.0359178Z [90m[🌎 Easy Localization] [DEBUG] Init provider[0m
Android Tests (1)	UNKNOWN STEP	2026-02-25T20:15:30.2631015Z checking room test_photos id: !vUVzbIPNitTXdUhuCJ:test.matrix.local
Android Tests (1)	UNKNOWN STEP	2026-02-25T20:15:30.2632704Z checking room test_avatar id: !NucLtnhPAsVpHDbJIM:test.matrix.local
Android Tests (1)	UNKNOWN STEP	2026-02-25T20:15:30.2634531Z checking room test_invite_only id: !kBxQhqCrstAdBRMPah:test.matrix.local
Android Tests (1)	UNKNOWN STEP	2026-02-25T20:15:30.2637645Z checking room test_art id: !IyrzqtuCDvsDmgoOzm:test.matrix.local
Android Tests (1)	UNKNOWN STEP	2026-02-25T20:15:30.2639382Z checking room test_general id: !FErHopsFupYmslhRjM:test.matrix.local
Android Tests (1)	UNKNOWN STEP	2026-02-25T20:15:30.2639992Z start quering new events...
Android Tests (1)	UNKNOWN STEP	2026-02-25T20:15:30.2640362Z finished...
Android Tests (1)	UNKNOWN STEP	2026-02-25T20:15:30.2643918Z ret is empty...
Android Tests (1)	UNKNOWN STEP	2026-02-25T20:15:30.2644849Z no new things to append...
Android Tests (1)	UNKNOWN STEP	2026-02-25T20:15:41.7397915Z [FollowFeeds] Fetching rooms for generation 0, server: 'test.matrix.local', search: 'null'
Android Tests (1)	UNKNOWN STEP	2026-02-25T20:15:41.7920883Z [FollowFeeds] Calling queryPublicRooms...
Android Tests (1)	UNKNOWN STEP	2026-02-25T20:15:49.1181604Z [34m[🌎 Easy Localization] [WARNING] Localization key [settings.room.permissions] not found[0m
Android Tests (1)	UNKNOWN STEP	2026-02-25T20:15:51.2857435Z [34m[🌎 Easy Localization] [WARNING] Localization key [settings.room.permissions] not found[0m
Android Tests (1)	UNKNOWN STEP	2026-02-25T20:15:51.7411156Z [34m[🌎 Easy Localization] [WARNING] Localization key [settings.room.permissions] not found[0m
Android Tests (1)	UNKNOWN STEP	2026-02-25T20:15:52.0869101Z [34m[🌎 Easy Localization] [WARNING] Localization key [settings.room.permissions] not found[0m
Android Tests (1)	UNKNOWN STEP	2026-02-25T20:15:52.5088904Z [34m[🌎 Easy Localization] [WARNING] Localization key [settings.room.permissions] not found[0m
Android Tests (1)	UNKNOWN STEP	2026-02-25T20:15:55.9685461Z Failed to load avatar: mxc://test.matrix.local/scdHvCTuJhUqdDRwyfmoGCyy
Android Tests (1)	UNKNOWN STEP	2026-02-25T20:15:55.9890470Z Failed to load avatar: mxc://test.matrix.local/bnbimoILDCvtgTtcqmkZIxsl
Android Tests (1)	UNKNOWN STEP	2026-02-25T20:15:56.9992919Z checking room test_photos id: !vUVzbIPNitTXdUhuCJ:test.matrix.local
Android Tests (1)	UNKNOWN STEP	2026-02-25T20:15:57.0718949Z checking room test_avatar id: !NucLtnhPAsVpHDbJIM:test.matrix.local
Android Tests (1)	UNKNOWN STEP	2026-02-25T20:15:57.1126821Z checking room test_invite_only id: !kBxQhqCrstAdBRMPah:test.matrix.local
Android Tests (1)	UNKNOWN STEP	2026-02-25T20:15:57.1227685Z checking room test_art id: !IyrzqtuCDvsDmgoOzm:test.matrix.local
Android Tests (1)	UNKNOWN STEP	2026-02-25T20:15:57.2672649Z checking room test_general id: !FErHopsFupYmslhRjM:test.matrix.local
Android Tests (1)	UNKNOWN STEP	2026-02-25T20:15:57.2673654Z start quering new events...
Android Tests (1)	UNKNOWN STEP	2026-02-25T20:15:57.2674389Z finished...
Android Tests (1)	UNKNOWN STEP	2026-02-25T20:15:57.2674766Z ret is empty...
Android Tests (1)	UNKNOWN STEP	2026-02-25T20:15:57.2675363Z no new things to append...
Android Tests (1)	UNKNOWN STEP	2026-02-25T20:15:58.3282113Z [34m[🌎 Easy Localization] [WARNING] Localization key [settings.room.permissions] not found[0m
Android Tests (1)	UNKNOWN STEP	2026-02-25T20:15:58.8194153Z [34m[🌎 Easy Localization] [WARNING] Localization key [settings.room.permissions] not found[0m
Android Tests (1)	UNKNOWN STEP	2026-02-25T20:15:59.0023259Z [34m[🌎 Easy Localization] [WARNING] Localization key [settings.room.permissions] not found[0m
Android Tests (1)	UNKNOWN STEP	2026-02-25T20:15:59.2094237Z [34m[🌎 Easy Localization] [WARNING] Localization key [settings.room.permissions] not found[0m
Android Tests (1)	UNKNOWN STEP	2026-02-25T20:15:59.3917206Z [34m[🌎 Easy Localization] [WARNING] Localization key [settings.room.permissions] not found[0m
Android Tests (1)	UNKNOWN STEP	2026-02-25T20:16:08.4710476Z ✓ Initial display check passed: found "test_general" without searching.
Android Tests (1)	UNKNOWN STEP	2026-02-25T20:16:10.3465442Z 07:14 +1 -2: /home/runner/work/substitution/substitution/integration_test/followfeeds_with_matrix_test.dart: (tearDownAll)
Android Tests (1)	UNKNOWN STEP	2026-02-25T20:16:14.6035703Z 07:18 +1 -2: loading /home/runner/work/substitution/substitution/integration_test/onboarding_and_login_test.dart
Android Tests (1)	UNKNOWN STEP	2026-02-25T20:16:44.6225118Z Running Gradle task 'assembleDebug'...                             30.0s
Android Tests (1)	UNKNOWN STEP	2026-02-25T20:16:45.4823764Z ✓ Built build/app/outputs/flutter-apk/app-debug.apk
Android Tests (1)	UNKNOWN STEP	2026-02-25T20:16:59.3932200Z Installing build/app/outputs/flutter-apk/app-debug.apk...          13.4s
Android Tests (1)	UNKNOWN STEP	2026-02-25T20:17:41.8716961Z 08:45 +1 -2: /home/runner/work/substitution/substitution/integration_test/onboarding_and_login_test.dart: Onboarding & Login Flow with Real Matrix Server Complete onboarding: host selection -> login -> view feed
Android Tests (1)	UNKNOWN STEP	2026-02-25T20:17:52.1517159Z Waiting for globalMatrixClient to be initialized...
Android Tests (1)	UNKNOWN STEP	2026-02-25T20:18:02.1777501Z [90m[🌎 Easy Localization] [DEBUG] Localization initialized[0m
Android Tests (1)	UNKNOWN STEP	2026-02-25T20:18:02.3756397Z [Matrix] [32mInitialize client Substitution[0m
Android Tests (1)	UNKNOWN STEP	2026-02-25T20:18:02.6476030Z [Matrix] [32mUser is not logged in.[0m
Android Tests (1)	UNKNOWN STEP	2026-02-25T20:18:02.8734474Z [90m[🌎 Easy Localization] [DEBUG] Start[0m
Android Tests (1)	UNKNOWN STEP	2026-02-25T20:18:03.2231228Z [90m[🌎 Easy Localization] [DEBUG] Init state[0m
Android Tests (1)	UNKNOWN STEP	2026-02-25T20:18:03.2807810Z [90m[🌎 Easy Localization] [DEBUG] Build[0m
Android Tests (1)	UNKNOWN STEP	2026-02-25T20:18:03.3428703Z [90m[🌎 Easy Localization] [DEBUG] Init Localization Delegate[0m
Android Tests (1)	UNKNOWN STEP	2026-02-25T20:18:03.3429447Z [90m[🌎 Easy Localization] [DEBUG] Init provider[0m
Android Tests (1)	UNKNOWN STEP	2026-02-25T20:18:09.1496765Z [90m[🌎 Easy Localization] [DEBUG] Load Localization Delegate[0m
Android Tests (1)	UNKNOWN STEP	2026-02-25T20:18:09.2419167Z [90m[🌎 Easy Localization] [DEBUG] Load asset from assets/translations[0m
Android Tests (1)	UNKNOWN STEP	2026-02-25T20:18:13.7840399Z globalMatrixClient initialized!
Android Tests (1)	UNKNOWN STEP	2026-02-25T20:18:14.2185476Z [90m[🌎 Easy Localization] [DEBUG] Build[0m
Android Tests (1)	UNKNOWN STEP	2026-02-25T20:18:14.2333188Z [90m[🌎 Easy Localization] [DEBUG] Init Localization Delegate[0m
Android Tests (1)	UNKNOWN STEP	2026-02-25T20:18:14.2384389Z [90m[🌎 Easy Localization] [DEBUG] Init provider[0m
Android Tests (1)	UNKNOWN STEP	2026-02-25T20:18:43.7995892Z No Age Gate detected (or already passed).
Android Tests (1)	UNKNOWN STEP	2026-02-25T20:19:44.1506599Z 10:48 +1 -3: /home/runner/work/substitution/substitution/integration_test/onboarding_and_login_test.dart: Onboarding & Login Flow with Real Matrix Server Complete onboarding: host selection -> login -> view feed [E]
Android Tests (1)	UNKNOWN STEP	2026-02-25T20:19:44.1509236Z   TimeoutException after 0:02:00.000000: Test timed out after 2 minutes.
Android Tests (1)	UNKNOWN STEP	2026-02-25T20:19:44.1509794Z   dart:isolate  _RawReceivePort._handleMessage
Android Tests (1)	UNKNOWN STEP	2026-02-25T20:19:44.1510146Z   
Android Tests (1)	UNKNOWN STEP	2026-02-25T20:19:45.3097904Z   'package:flutter_test/src/binding.dart': Failed assertion: line 2781 pos 12: '_pendingFrame == null': is not true.
Android Tests (1)	UNKNOWN STEP	2026-02-25T20:19:45.3099367Z   dart:core                                                                  _AssertionError._throwNew
Android Tests (1)	UNKNOWN STEP	2026-02-25T20:19:45.3100388Z   package:flutter_test/src/binding.dart 2781:12                              LiveTestWidgetsFlutterBinding.postTest
Android Tests (1)	UNKNOWN STEP	2026-02-25T20:19:45.3101241Z   ===== asynchronous gap ===========================
Android Tests (1)	UNKNOWN STEP	2026-02-25T20:19:45.3101949Z   package:stream_channel                                                     _GuaranteeSink.add
Android Tests (1)	UNKNOWN STEP	2026-02-25T20:19:45.3102796Z   tmp/flutter_tools.MPNENR/flutter_test_listener.VMTJUM/listener.dart 56:22  main.<fn>
Android Tests (1)	UNKNOWN STEP	2026-02-25T20:19:45.3103516Z   
Android Tests (1)	UNKNOWN STEP	2026-02-25T20:19:45.8487360Z 10:49 +1 -3: /home/runner/work/substitution/substitution/integration_test/onboarding_and_login_test.dart: (tearDownAll)
Android Tests (1)	UNKNOWN STEP	2026-02-25T20:19:50.3310304Z 10:54 +1 -3: loading /home/runner/work/substitution/substitution/integration_test/profile_edit_test.dart
Android Tests (1)	UNKNOWN STEP	2026-02-25T20:20:11.4634206Z Running Gradle task 'assembleDebug'...                             21.1s
Android Tests (1)	UNKNOWN STEP	2026-02-25T20:20:12.3304639Z ✓ Built build/app/outputs/flutter-apk/app-debug.apk
Android Tests (1)	UNKNOWN STEP	2026-02-25T20:20:25.8841478Z Installing build/app/outputs/flutter-apk/app-debug.apk...          13.0s
Android Tests (1)	UNKNOWN STEP	2026-02-25T20:21:05.8798154Z 12:09 +1 -3: loading /home/runner/work/substitution/substitution/integration_test/feed_with_matrix_test.dart
Android Tests (1)	UNKNOWN STEP	2026-02-25T20:21:35.4198177Z Running Gradle task 'assembleDebug'...                             29.5s
Android Tests (1)	UNKNOWN STEP	2026-02-25T20:21:36.5921695Z ✓ Built build/app/outputs/flutter-apk/app-debug.apk
Android Tests (1)	UNKNOWN STEP	2026-02-25T20:21:52.8726506Z Installing build/app/outputs/flutter-apk/app-debug.apk...          15.9s
Android Tests (1)	UNKNOWN STEP	2026-02-25T20:22:41.6881269Z 13:45 +1 -3: loading /home/runner/work/substitution/substitution/integration_test/login_debug_test.dart
Android Tests (1)	UNKNOWN STEP	2026-02-25T20:23:11.4970400Z Running Gradle task 'assembleDebug'...                             29.8s
Android Tests (1)	UNKNOWN STEP	2026-02-25T20:23:12.3690578Z ✓ Built build/app/outputs/flutter-apk/app-debug.apk
Android Tests (1)	UNKNOWN STEP	2026-02-25T20:23:24.9761177Z Installing build/app/outputs/flutter-apk/app-debug.apk...          12.1s
Android Tests (1)	UNKNOWN STEP	2026-02-25T20:24:06.2209852Z 15:10 +1 -3: loading /home/runner/work/substitution/substitution/integration_test/profile_view_test.dart
Android Tests (1)	UNKNOWN STEP	2026-02-25T20:24:26.4157614Z Running Gradle task 'assembleDebug'...                             20.2s
Android Tests (1)	UNKNOWN STEP	2026-02-25T20:24:27.2766550Z ✓ Built build/app/outputs/flutter-apk/app-debug.apk
Android Tests (1)	UNKNOWN STEP	2026-02-25T20:24:40.5976802Z Installing build/app/outputs/flutter-apk/app-debug.apk...          12.9s
Android Tests (1)	UNKNOWN STEP	2026-02-25T20:25:18.2732710Z Warning: A tag was used that wasn't specified in dart_test.yaml.
Android Tests (1)	UNKNOWN STEP	2026-02-25T20:25:18.2734965Z   integration was used in the suite itself
Android Tests (1)	UNKNOWN STEP	2026-02-25T20:25:18.2735537Z 
Android Tests (1)	UNKNOWN STEP	2026-02-25T20:25:21.7827361Z 16:25 +1 -3: loading /home/runner/work/substitution/substitution/integration_test/offline_test.dart
Android Tests (1)	UNKNOWN STEP	2026-02-25T20:25:41.6625988Z Running Gradle task 'assembleDebug'...                             19.9s
Android Tests (1)	UNKNOWN STEP	2026-02-25T20:25:42.5391631Z ✓ Built build/app/outputs/flutter-apk/app-debug.apk
Android Tests (1)	UNKNOWN STEP	2026-02-25T20:25:55.3414603Z Installing build/app/outputs/flutter-apk/app-debug.apk...          12.3s
Android Tests (1)	UNKNOWN STEP	2026-02-25T20:26:31.5241216Z Warning: A tag was used that wasn't specified in dart_test.yaml.
Android Tests (1)	UNKNOWN STEP	2026-02-25T20:26:31.5242426Z   integration was used in the suite itself
Android Tests (1)	UNKNOWN STEP	2026-02-25T20:26:31.5242933Z 
Android Tests (1)	UNKNOWN STEP	2026-02-25T20:26:36.1570656Z 17:40 +1 -3: loading /home/runner/work/substitution/substitution/integration_test/comment_nesting_test.dart
Android Tests (1)	UNKNOWN STEP	2026-02-25T20:27:06.0920422Z Running Gradle task 'assembleDebug'...                             29.9s
Android Tests (1)	UNKNOWN STEP	2026-02-25T20:27:07.2122051Z ✓ Built build/app/outputs/flutter-apk/app-debug.apk
Android Tests (1)	UNKNOWN STEP	2026-02-25T20:27:24.4066621Z Installing build/app/outputs/flutter-apk/app-debug.apk...          16.8s
Android Tests (1)	UNKNOWN STEP	2026-02-25T20:28:08.5058404Z 19:12 +1 -3: loading /home/runner/work/substitution/substitution/integration_test/refresh_logic_with_matrix_test.dart
Android Tests (1)	UNKNOWN STEP	2026-02-25T20:28:37.9360854Z Running Gradle task 'assembleDebug'...                             29.4s
Android Tests (1)	UNKNOWN STEP	2026-02-25T20:28:39.0714352Z ✓ Built build/app/outputs/flutter-apk/app-debug.apk
Android Tests (1)	UNKNOWN STEP	2026-02-25T20:28:55.7352542Z Installing build/app/outputs/flutter-apk/app-debug.apk...          16.2s
Android Tests (1)	UNKNOWN STEP	2026-02-25T20:29:38.1721503Z 20:42 +1 -3: loading /home/runner/work/substitution/substitution/integration_test/logout_test.dart
Android Tests (1)	UNKNOWN STEP	2026-02-25T20:30:06.7506568Z Running Gradle task 'assembleDebug'...                             28.5s
Android Tests (1)	UNKNOWN STEP	2026-02-25T20:30:07.6411911Z ✓ Built build/app/outputs/flutter-apk/app-debug.apk
Android Tests (1)	UNKNOWN STEP	2026-02-25T20:30:20.3671137Z Installing build/app/outputs/flutter-apk/app-debug.apk...          12.3s
Android Tests (1)	UNKNOWN STEP	2026-02-25T20:31:21.9579252Z 22:25 +1 -3: loading /home/runner/work/substitution/substitution/integration_test/registration_button_test.dart
Android Tests (1)	UNKNOWN STEP	2026-02-25T20:31:51.4700885Z Running Gradle task 'assembleDebug'...                             29.5s
Android Tests (1)	UNKNOWN STEP	2026-02-25T20:31:52.3462583Z ✓ Built build/app/outputs/flutter-apk/app-debug.apk
Android Tests (1)	UNKNOWN STEP	2026-02-25T20:32:06.0252406Z Installing build/app/outputs/flutter-apk/app-debug.apk...          13.2s
Android Tests (1)	UNKNOWN STEP	2026-02-25T20:32:59.1488548Z 24:03 +1 -3: loading /home/runner/work/substitution/substitution/integration_test/room_feed_test.dart
Android Tests (1)	UNKNOWN STEP	2026-02-25T20:33:18.4000001Z Running Gradle task 'assembleDebug'...                             19.2s
Android Tests (1)	UNKNOWN STEP	2026-02-25T20:33:19.3800264Z Running Gradle task 'assembleDebug'...                          Waiting for current test(s) to finish.
Android Tests (1)	UNKNOWN STEP	2026-02-25T20:33:19.3801476Z Press Control-C again to terminate immediately.
Android Tests (1)	UNKNOWN STEP	2026-02-25T20:33:20.3634264Z 
Android Tests (1)	UNKNOWN STEP	2026-02-25T20:33:20.3667497Z adb uninstall failed: ProcessException: Process exited abnormally with exit code 1:
Android Tests (1)	UNKNOWN STEP	2026-02-25T20:33:20.3673439Z Failure [DELETE_FAILED_INTERNAL_ERROR]
Android Tests (1)	UNKNOWN STEP	2026-02-25T20:33:20.3681596Z   Command: /usr/local/lib/android/sdk/platform-tools/adb -s emulator-5554 uninstall art.substitution.substitution
Android Tests (1)	UNKNOWN STEP	2026-02-25T20:33:20.3701082Z unhandled error during finalization of test:
Android Tests (1)	UNKNOWN STEP	2026-02-25T20:33:20.3731668Z /home/runner/work/substitution/substitution/integration_test/room_feed_test.dart
Android Tests (1)	UNKNOWN STEP	2026-02-25T20:33:20.3733138Z PathNotFoundException: Deletion failed, path = '/tmp/flutter_tools.MPNENR/flutter_test_listener.LTHFBK' (OS Error: No such file or directory, errno = 2)
Android Tests (1)	UNKNOWN STEP	2026-02-25T20:33:20.3734377Z #0      _Directory._deleteSync (dart:io/directory_impl.dart:216:7)
Android Tests (1)	UNKNOWN STEP	2026-02-25T20:33:20.3735126Z #1      FileSystemEntity.deleteSync (dart:io/file_system_entity.dart:425:7)
Android Tests (1)	UNKNOWN STEP	2026-02-25T20:33:20.3737490Z #2      ForwardingFileSystemEntity.deleteSync (package:file/src/forwarding/forwarding_file_system_entity.dart:70:16)
Android Tests (1)	UNKNOWN STEP	2026-02-25T20:33:20.3739052Z #3      ErrorHandlingDirectory.deleteSync.<anonymous closure> (package:flutter_tools/src/base/error_handling_io.dart:451:22)
Android Tests (1)	UNKNOWN STEP	2026-02-25T20:33:20.3740130Z #4      _runSync (package:flutter_tools/src/base/error_handling_io.dart:552:14)
Android Tests (1)	UNKNOWN STEP	2026-02-25T20:33:20.3741451Z #5      ErrorHandlingDirectory.deleteSync (package:flutter_tools/src/base/error_handling_io.dart:450:12)
Android Tests (1)	UNKNOWN STEP	2026-02-25T20:33:20.3742673Z #6      FlutterPlatform._createListenerDart.<anonymous closure> (package:flutter_tools/src/test/flutter_platform.dart:787:15)
Android Tests (1)	UNKNOWN STEP	2026-02-25T20:33:20.3744329Z #7      FlutterPlatform._startTest.finalize (package:flutter_tools/src/test/flutter_platform.dart:592:26)
Android Tests (1)	UNKNOWN STEP	2026-02-25T20:33:20.3745167Z <asynchronous suspension>
Android Tests (1)	UNKNOWN STEP	2026-02-25T20:33:20.3745845Z #8      asyncGuard.<anonymous closure> (package:flutter_tools/src/base/async_guard.dart:108:24)
Android Tests (1)	UNKNOWN STEP	2026-02-25T20:33:20.3747306Z <asynchronous suspension>
Android Tests (1)	UNKNOWN STEP	2026-02-25T20:33:20.3747562Z 
Android Tests (1)	UNKNOWN STEP	2026-02-25T20:33:27.2296649Z [0;31m[ERROR][0m Android tests failed (exit 124, 3 failed)
Android Tests (1)	UNKNOWN STEP	2026-02-25T20:33:27.2297878Z [0;31m[ERROR][0m Android tests had failures
Android Tests (1)	UNKNOWN STEP	2026-02-25T20:33:27.2298360Z 
Android Tests (1)	UNKNOWN STEP	2026-02-25T20:33:27.2300283Z [1m══════════════════════════════════════════════════════════[0m
Android Tests (1)	UNKNOWN STEP	2026-02-25T20:33:27.2301244Z [1m  Test Results Summary[0m
Android Tests (1)	UNKNOWN STEP	2026-02-25T20:33:27.2301926Z [1m══════════════════════════════════════════════════════════[0m
Android Tests (1)	UNKNOWN STEP	2026-02-25T20:33:27.2302310Z 
Android Tests (1)	UNKNOWN STEP	2026-02-25T20:33:27.2302534Z   TARGET             PASSED   FAILED  SKIPPED   DURATION
Android Tests (1)	UNKNOWN STEP	2026-02-25T20:33:27.2303225Z   ──────────────── ──────── ──────── ──────── ──────────
Android Tests (1)	UNKNOWN STEP	2026-02-25T20:33:27.2303924Z   [0;31mandroid         [0m        1        3        0     40m 2s
Android Tests (1)	UNKNOWN STEP	2026-02-25T20:33:27.2304281Z 
Android Tests (1)	UNKNOWN STEP	2026-02-25T20:33:27.2304530Z   ──────────────── ──────── ──────── ────────
Android Tests (1)	UNKNOWN STEP	2026-02-25T20:33:27.2305054Z   [0;31mTOTAL                   1        3        0[0m
Android Tests (1)	UNKNOWN STEP	2026-02-25T20:33:27.2305387Z 
Android Tests (1)	UNKNOWN STEP	2026-02-25T20:33:27.2305614Z   [0;31m[1mRESULT: FAILED[0m
Android Tests (1)	UNKNOWN STEP	2026-02-25T20:33:27.2305871Z 
Android Tests (1)	UNKNOWN STEP	2026-02-25T20:33:27.2306752Z [1m══════════════════════════════════════════════════════════[0m
Android Tests (1)	UNKNOWN STEP	2026-02-25T20:33:27.2307201Z 
Android Tests (1)	UNKNOWN STEP	2026-02-25T20:33:27.2311125Z [0;34m[INFO][0m Cleaning up...
Android Tests (1)	UNKNOWN STEP	2026-02-25T20:33:27.2711401Z ##[group]Run echo "=== test-results/ ==="
Android Tests (1)	UNKNOWN STEP	2026-02-25T20:33:27.2712048Z [36;1mecho "=== test-results/ ==="[0m
Android Tests (1)	UNKNOWN STEP	2026-02-25T20:33:27.2712698Z [36;1mls -la test-results/ 2>/dev/null || echo "(no test-results dir)"[0m
Android Tests (1)	UNKNOWN STEP	2026-02-25T20:33:27.2713389Z [36;1mfor f in test-results/*.log; do[0m
Android Tests (1)	UNKNOWN STEP	2026-02-25T20:33:27.2713867Z [36;1m  [ -f "$f" ] || continue[0m
Android Tests (1)	UNKNOWN STEP	2026-02-25T20:33:27.2714302Z [36;1m  echo ""[0m
Android Tests (1)	UNKNOWN STEP	2026-02-25T20:33:27.2714644Z [36;1m  echo "=== $f ==="[0m
Android Tests (1)	UNKNOWN STEP	2026-02-25T20:33:27.2715055Z [36;1m  tail -100 "$f"[0m
Android Tests (1)	UNKNOWN STEP	2026-02-25T20:33:27.2715432Z [36;1mdone[0m
Android Tests (1)	UNKNOWN STEP	2026-02-25T20:33:27.3567894Z shell: /usr/bin/bash -e {0}
Android Tests (1)	UNKNOWN STEP	2026-02-25T20:33:27.3568209Z env:
Android Tests (1)	UNKNOWN STEP	2026-02-25T20:33:27.3568429Z   CACHE_VERSION: v1
Android Tests (1)	UNKNOWN STEP	2026-02-25T20:33:27.3568825Z   JAVA_HOME: /opt/hostedtoolcache/Java_Temurin-Hotspot_jdk/17.0.18-8/x64
Android Tests (1)	UNKNOWN STEP	2026-02-25T20:33:27.3569417Z   JAVA_HOME_17_X64: /opt/hostedtoolcache/Java_Temurin-Hotspot_jdk/17.0.18-8/x64
Android Tests (1)	UNKNOWN STEP	2026-02-25T20:33:27.3570030Z   FLUTTER_ROOT: /opt/hostedtoolcache/flutter/stable-3.41.2-x64
Android Tests (1)	UNKNOWN STEP	2026-02-25T20:33:27.3570667Z   PUB_CACHE: /home/runner/.pub-cache
Android Tests (1)	UNKNOWN STEP	2026-02-25T20:33:27.3571179Z   ANDROID_AVD_HOME: /home/runner/.android/avd
Android Tests (1)	UNKNOWN STEP	2026-02-25T20:33:27.3571514Z ##[endgroup]
Android Tests (1)	UNKNOWN STEP	2026-02-25T20:33:27.3650392Z === test-results/ ===
Android Tests (1)	UNKNOWN STEP	2026-02-25T20:33:27.3677627Z total 47232
Android Tests (1)	UNKNOWN STEP	2026-02-25T20:33:27.3678393Z drwxr-xr-x  2 runner runner     4096 Feb 25 20:33 .
Android Tests (1)	UNKNOWN STEP	2026-02-25T20:33:27.3678974Z drwxr-xr-x 24 runner runner     4096 Feb 25 19:53 ..
Android Tests (1)	UNKNOWN STEP	2026-02-25T20:33:27.3679634Z -rw-r--r--  1 runner runner  1852592 Feb 25 20:33 android-device.log
Android Tests (1)	UNKNOWN STEP	2026-02-25T20:33:27.3680384Z -rw-r--r--  1 runner runner    32874 Feb 25 20:33 android-tests.log
Android Tests (1)	UNKNOWN STEP	2026-02-25T20:33:27.3681120Z -rw-r--r--  1 runner runner      233 Feb 25 19:48 ios-device-info.txt
Android Tests (1)	UNKNOWN STEP	2026-02-25T20:33:27.3681856Z -rw-r--r--  1 runner runner 34795326 Feb 25 19:48 ios-test-results.txt
Android Tests (1)	UNKNOWN STEP	2026-02-25T20:33:27.3682564Z -rw-r--r--  1 runner runner 11471554 Feb 25 19:48 test-results.txt
Android Tests (1)	UNKNOWN STEP	2026-02-25T20:33:27.3683477Z -rw-r--r--  1 runner runner   181872 Feb 25 19:48 web-test-results.txt
Android Tests (1)	UNKNOWN STEP	2026-02-25T20:33:27.3684139Z 
Android Tests (1)	UNKNOWN STEP	2026-02-25T20:33:27.3684330Z === test-results/android-device.log ===
Android Tests (1)	UNKNOWN STEP	2026-02-25T20:33:27.3698723Z 02-25 20:32:55.995  1712  1712 D gralloc_ranchu: gralloc_alloc: Creating ashmem region of size 9850880
Android Tests (1)	UNKNOWN STEP	2026-02-25T20:33:27.3701381Z 02-25 20:32:56.102  1944  1965 W system_server: Long monitor contention with owner Binder:1944_14 (4453) at void com.android.server.am.ActivityManagerService.forceStopPackage(java.lang.String, int)(ActivityManagerService.java:4245) waiters=0 in void com.android.server.am.ActivityManagerService.dispatchUidsChanged() for 929ms
Android Tests (1)	UNKNOWN STEP	2026-02-25T20:33:27.3706644Z 02-25 20:32:56.112  1944  1967 W system_server: Long monitor contention with owner Binder:1944_14 (4453) at void com.android.server.am.ActivityManagerService.forceStopPackage(java.lang.String, int)(ActivityManagerService.java:4245) waiters=1 in void com.android.server.am.ActivityManagerService$LocalService.updateActivityUsageStats(android.content.ComponentName, int, int, android.os.IBinder, android.content.ComponentName) for 400ms
Android Tests (1)	UNKNOWN STEP	2026-02-25T20:33:27.3708552Z 02-25 20:32:56.167  2811  2914 D EGL_emulation: eglMakeCurrent: 0x7a66f91ed140: ver 3 0 (tinfo 0x7a6745924360)
Android Tests (1)	UNKNOWN STEP	2026-02-25T20:33:27.3709375Z 02-25 20:32:56.231  1944  1965 W Looper  : Slow dispatch took 1061ms android.ui h=com.android.server.am.ActivityManagerService$UiHandler c=null m=53
Android Tests (1)	UNKNOWN STEP	2026-02-25T20:33:27.3710267Z 02-25 20:32:56.235  1944  1965 W Looper  : Slow delivery took 1017ms android.ui h=com.android.server.am.ActivityManagerService$UiHandler c=null m=32
Android Tests (1)	UNKNOWN STEP	2026-02-25T20:33:27.3710979Z 02-25 20:32:56.286  1944  1967 W ActivityManager: setHasOverlayUi called on unknown pid: 5044
Android Tests (1)	UNKNOWN STEP	2026-02-25T20:33:27.3711465Z 02-25 20:32:56.319  2385  2385 D CarrierSvcBindHelper: No carrier app for: 0
Android Tests (1)	UNKNOWN STEP	2026-02-25T20:33:27.3711833Z 02-25 20:32:56.551  1944  1965 W Looper  : Drained
Android Tests (1)	UNKNOWN STEP	2026-02-25T20:33:27.3713353Z 02-25 20:32:56.572  1944  1967 W system_server: Long monitor contention with owner android.anim (1968) at void com.android.server.wm.WindowSurfacePlacer.lambda$new$0$WindowSurfacePlacer()(WindowSurfacePlacer.java:61) waiters=0 in void com.android.server.wm.WindowManagerService$H.handleMessage(android.os.Message) for 189ms
Android Tests (1)	UNKNOWN STEP	2026-02-25T20:33:27.3714805Z 02-25 20:32:56.838  1944  1972 I ActivityTaskManager: Displayed art.substitution.substitution/.MainActivity: +47s595ms
Android Tests (1)	UNKNOWN STEP	2026-02-25T20:33:27.3716078Z 02-25 20:32:56.989  1944  1966 I DropBoxManagerService: add tag=system_app_strictmode isTagEnabled=true flags=0x2
Android Tests (1)	UNKNOWN STEP	2026-02-25T20:33:27.3717545Z 02-25 20:32:57.131  1944  1966 I chatty  : uid=1000(system) android.io identical 3 lines
Android Tests (1)	UNKNOWN STEP	2026-02-25T20:33:27.3718577Z 02-25 20:32:57.227  1944  1966 I DropBoxManagerService: add tag=system_app_strictmode isTagEnabled=true flags=0x2
Android Tests (1)	UNKNOWN STEP	2026-02-25T20:33:27.3719974Z 02-25 20:32:57.400  1944  1973 I ActivityManager: Force stopping art.substitution.substitution appid=10130 user=-1: deletePackageX
Android Tests (1)	UNKNOWN STEP	2026-02-25T20:33:27.3721937Z 02-25 20:32:57.600  1944  1987 I PackageManager: Removing old permission tree: art.substitution.substitution.DYNAMIC_RECEIVER_NOT_EXPORTED_PERMISSION from package art.substitution.substitution
Android Tests (1)	UNKNOWN STEP	2026-02-25T20:33:27.3724433Z 02-25 20:32:57.608  1944  1987 I PackageManager: Un-granting permission android.permission.GLOBAL_SEARCH from package com.android.quicksearchbox (protectionLevel=18 flags=0x3088be45)
Android Tests (1)	UNKNOWN STEP	2026-02-25T20:33:27.3726623Z 02-25 20:32:57.618  1944  1987 I PackageManager: Un-granting permission android.permission.BIND_WALLPAPER from package com.android.camera2 (protectionLevel=18 flags=0x20d8bc45)
Android Tests (1)	UNKNOWN STEP	2026-02-25T20:33:27.3728603Z 02-25 20:32:57.660  1944  1987 I PackageManager: Un-granting permission android.permission.CONNECTIVITY_USE_RESTRICTED_NETWORKS from package com.android.captiveportallogin (protectionLevel=18 flags=0x38c8be45)
Android Tests (1)	UNKNOWN STEP	2026-02-25T20:33:27.3730231Z 02-25 20:32:57.660  1944  1987 I PackageManager: Un-granting permission android.permission.NETWORK_BYPASS_PRIVATE_DNS from package com.android.captiveportallogin (protectionLevel=2 flags=0x38c8be45)
Android Tests (1)	UNKNOWN STEP	2026-02-25T20:33:27.3731055Z 02-25 20:32:57.932  1773  1773 I keystore: clear_uid 10130
Android Tests (1)	UNKNOWN STEP	2026-02-25T20:33:27.3731653Z 02-25 20:32:57.941  1944  1987 D PackageManager: Instant App installer not found with android.intent.action.INSTALL_INSTANT_APP_PACKAGE
Android Tests (1)	UNKNOWN STEP	2026-02-25T20:33:27.3732300Z 02-25 20:32:57.941  1944  1987 D PackageManager: Clear ephemeral installer activity
Android Tests (1)	UNKNOWN STEP	2026-02-25T20:33:27.3732806Z 02-25 20:32:57.944  1944  1987 E PermissionMonitor: unknown permission type: -1for uid: 10130
Android Tests (1)	UNKNOWN STEP	2026-02-25T20:33:27.3733428Z 02-25 20:32:57.948  1690  1690 E TrafficController: Failed to clean up the permission for 10130: No such file or directory
Android Tests (1)	UNKNOWN STEP	2026-02-25T20:33:27.3734037Z 02-25 20:32:57.956  1690  1690 I netd    : trafficSetNetPermForUids(-1, [10130]) <1.93ms>
Android Tests (1)	UNKNOWN STEP	2026-02-25T20:33:27.3734612Z 02-25 20:32:57.983  1944  2738 E TaskPersister: File error accessing recents directory (directory doesn't exist?).
Android Tests (1)	UNKNOWN STEP	2026-02-25T20:33:27.3735533Z 02-25 20:32:58.183  1944  1987 I system_server: Explicit concurrent copying GC freed 60596(3289KB) AllocSpace objects, 21(1192KB) LOS objects, 42% free, 7421KB/12MB, paused 175us total 219.046ms
Android Tests (1)	UNKNOWN STEP	2026-02-25T20:33:27.3736833Z 02-25 20:32:58.205  1944  1987 I ActivityManager: Force stopping art.substitution.substitution appid=10130 user=0: pkg removed
Android Tests (1)	UNKNOWN STEP	2026-02-25T20:33:27.3737505Z 02-25 20:32:58.298  1944  1987 E HistoricalRegistry: Interaction before persistence initialized
Android Tests (1)	UNKNOWN STEP	2026-02-25T20:33:27.3738045Z 02-25 20:32:58.534  1944  2050 I InputReader: Reconfiguring input devices.  changes=0x00000010
Android Tests (1)	UNKNOWN STEP	2026-02-25T20:33:27.3739697Z 02-25 20:32:58.627  1944  3815 W system_server: Long monitor contention with owner main (1944) at void com.android.server.pm.PackageManagerService.forEachInstalledPackage(java.util.function.Consumer, int)(PackageManagerService.java:25146) waiters=1 in android.content.pm.PackageInfo com.android.server.pm.PackageManagerService.getPackageInfoInternal(java.lang.String, long, int, int, int) for 176ms
Android Tests (1)	UNKNOWN STEP	2026-02-25T20:33:27.3741311Z 02-25 20:32:58.637  1944  1944 I RoleManagerService: Granting default permissions...
Android Tests (1)	UNKNOWN STEP	2026-02-25T20:33:27.3742391Z 02-25 20:32:58.640  1944  1944 W Looper  : Slow dispatch took 194ms main h=android.app.ActivityThread$H c=android.app.-$$Lambda$LoadedApk$ReceiverDispatcher$Args$_BumDX2UKsnxLVrE6UJsJZkotuA@d92256f m=0
Android Tests (1)	UNKNOWN STEP	2026-02-25T20:33:27.3743644Z 02-25 20:32:58.735  1944  1944 W Looper  : Slow delivery took 306ms main h=android.app.ActivityThread$H c=android.app.-$$Lambda$LoadedApk$ReceiverDispatcher$Args$_BumDX2UKsnxLVrE6UJsJZkotuA@d903705 m=0
Android Tests (1)	UNKNOWN STEP	2026-02-25T20:33:27.3745388Z 02-25 20:32:58.847  1944  1973 W BroadcastQueue: Background execution not allowed: receiving Intent { act=android.intent.action.PACKAGE_REMOVED dat=package:art.substitution.substitution flg=0x4000010 (has extras) } to com.android.gallery3d/.app.PackagesMonitor
Android Tests (1)	UNKNOWN STEP	2026-02-25T20:33:27.3748072Z 02-25 20:32:58.848  1944  1964 W system_server: Long monitor contention with owner ActivityManager (1973) at void com.android.server.am.BroadcastQueue.processNextBroadcast(boolean)(BroadcastQueue.java:948) waiters=0 in int com.android.server.am.ActivityManagerService.bindIsolatedService(android.app.IApplicationThread, android.os.IBinder, android.content.Intent, java.lang.String, android.app.IServiceConnection, int, java.lang.String, java.lang.String, int) for 188ms
Android Tests (1)	UNKNOWN STEP	2026-02-25T20:33:27.3750069Z 02-25 20:32:59.005  2385  2385 D CarrierSvcBindHelper: No carrier app for: 0
Android Tests (1)	UNKNOWN STEP	2026-02-25T20:33:27.3750688Z 02-25 20:32:59.038  1944  1964 W Looper  : Slow dispatch took 381ms android.fg h=android.os.Handler c=<recycled PooledLambda@8f30f52> m=0
Android Tests (1)	UNKNOWN STEP	2026-02-25T20:33:27.3751442Z 02-25 20:32:59.050  2473  2510 I LatinIME:LogUtils: Dictionary info: dictionary = main:en ; version = 54 ; date = 1414726273
Android Tests (1)	UNKNOWN STEP	2026-02-25T20:33:27.3752016Z 02-25 20:32:59.055  1690  1690 I netd    : trafficSwapActiveStatsMap() <98.73ms>
Android Tests (1)	UNKNOWN STEP	2026-02-25T20:33:27.3753398Z 02-25 20:32:59.064  1944  1944 W system_server: Long monitor contention with owner ActivityManager (1973) at void com.android.server.am.BroadcastQueue.processNextBroadcast(boolean)(BroadcastQueue.java:948) waiters=1 in void com.android.server.am.ActivityManagerService$LocalService.updateDeviceIdleTempWhitelist(int[], int, boolean) for 306ms
Android Tests (1)	UNKNOWN STEP	2026-02-25T20:33:27.3755171Z 02-25 20:32:59.140  1944  1944 W Looper  : Slow dispatch took 404ms main h=android.app.ActivityThread$H c=android.app.-$$Lambda$LoadedApk$ReceiverDispatcher$Args$_BumDX2UKsnxLVrE6UJsJZkotuA@d635367 m=0
Android Tests (1)	UNKNOWN STEP	2026-02-25T20:33:27.3757750Z 02-25 20:32:59.182  1944  1965 W system_server: Long monitor contention with owner android.fg (1964) at int com.android.server.am.ActivityManagerService.bindIsolatedService(android.app.IApplicationThread, android.os.IBinder, android.content.Intent, java.lang.String, android.app.IServiceConnection, int, java.lang.String, java.lang.String, int)(ActivityManagerService.java:14067) waiters=2 in void com.android.server.am.ActivityManagerService.dispatchUidsChanged() for 102ms
Android Tests (1)	UNKNOWN STEP	2026-02-25T20:33:27.3760972Z 02-25 20:32:59.187  1944  1973 W system_server: Long monitor contention with owner android.fg (1964) at int com.android.server.am.ActivityManagerService.bindIsolatedService(android.app.IApplicationThread, android.os.IBinder, android.content.Intent, java.lang.String, android.app.IServiceConnection, int, java.lang.String, java.lang.String, int)(ActivityManagerService.java:14067) waiters=1 in void com.android.server.am.BroadcastQueue.processNextBroadcast(boolean) for 254ms
Android Tests (1)	UNKNOWN STEP	2026-02-25T20:33:27.3763405Z 02-25 20:32:59.189  1944  1973 W BroadcastQueue: Background execution not allowed: receiving Intent { act=android.intent.action.PACKAGE_REMOVED dat=package:art.substitution.substitution flg=0x4000010 (has extras) } to com.android.musicfx/.Compatibility$Receiver
Android Tests (1)	UNKNOWN STEP	2026-02-25T20:33:27.3764430Z 02-25 20:32:59.269  1690  1690 I netd    : tetherGetStats() <199.97ms>
Android Tests (1)	UNKNOWN STEP	2026-02-25T20:33:27.3765240Z 02-25 20:32:59.284  1944  1944 W Looper  : Slow dispatch took 145ms main h=android.app.ActivityThread$H c=android.app.-$$Lambda$LoadedApk$ReceiverDispatcher$Args$_BumDX2UKsnxLVrE6UJsJZkotuA@6c7bf03 m=0
Android Tests (1)	UNKNOWN STEP	2026-02-25T20:33:27.3766619Z 02-25 20:32:59.326  1944  2072 D WifiConfigManager: Remove all networks for app ApplicationInfo{6fb68fe art.substitution.substitution}
Android Tests (1)	UNKNOWN STEP	2026-02-25T20:33:27.3767411Z 02-25 20:32:59.406  1944  1944 I ConditionProviders: Disallowing condition provider art.substitution.substitution
Android Tests (1)	UNKNOWN STEP	2026-02-25T20:33:27.3768207Z 02-25 20:32:59.475  1944  1965 W Looper  : Slow dispatch took 482ms android.ui h=com.android.server.am.ActivityManagerService$UiHandler c=null m=53
Android Tests (1)	UNKNOWN STEP	2026-02-25T20:33:27.3769146Z 02-25 20:32:59.556  1944  1944 W Looper  : Slow dispatch took 219ms main h=com.android.server.notification.NotificationManagerService$WorkerHandler c=null m=8
Android Tests (1)	UNKNOWN STEP	2026-02-25T20:33:27.3769793Z 02-25 20:32:59.569  1944  1944 W Looper  : Drained
Android Tests (1)	UNKNOWN STEP	2026-02-25T20:33:27.3770210Z 02-25 20:32:59.629  1731  2923 D AF::TrackHandle: OpPlayAudio: track:55 usage:13 not muted
Android Tests (1)	UNKNOWN STEP	2026-02-25T20:33:27.3770701Z 02-25 20:32:59.641  1731  1731 D AF::TrackHandle: OpPlayAudio: track:55 usage:13 not muted
Android Tests (1)	UNKNOWN STEP	2026-02-25T20:33:27.3771173Z 02-25 20:32:59.659  1731  1731 D AF::TrackHandle: OpPlayAudio: track:55 usage:13 not muted
Android Tests (1)	UNKNOWN STEP	2026-02-25T20:33:27.3772989Z 02-25 20:32:59.683  1944  2070 W system_server: Long monitor contention with owner NetworkPolicy (2069) at void com.android.server.net.NetworkPolicyManagerService$7.onReceive(android.content.Context, android.content.Intent)(NetworkPolicyManagerService.java:972) waiters=0 in void com.android.server.net.NetworkPolicyManagerService.handleUidChanged(int, int, long) for 290ms
Android Tests (1)	UNKNOWN STEP	2026-02-25T20:33:27.3775612Z 02-25 20:32:59.690  1944  1964 W system_server: Long monitor contention with owner android.io (1966) at void com.android.server.om.OverlayManagerService.lambda$schedulePersistSettings$0$OverlayManagerService()(OverlayManagerService.java:966) waiters=0 in void com.android.server.om.OverlayManagerService.updateOverlayPaths(int, java.util.List) for 624ms
Android Tests (1)	UNKNOWN STEP	2026-02-25T20:33:27.3777413Z 02-25 20:32:59.744  1944  1964 E PackageManager: failed to find package art.substitution.substitution
Android Tests (1)	UNKNOWN STEP	2026-02-25T20:33:27.3778096Z 02-25 20:32:59.744  1944  1964 E OverlayManager: Failed to change enabled overlays for art.substitution.substitution user 0
Android Tests (1)	UNKNOWN STEP	2026-02-25T20:33:27.3778727Z 02-25 20:32:59.760  1731  1731 D AF::TrackHandle: OpPlayAudio: track:55 usage:13 not muted
Android Tests (1)	UNKNOWN STEP	2026-02-25T20:33:27.3779660Z 02-25 20:32:59.770  1944  1964 W Looper  : Slow delivery took 319ms android.fg h=android.os.Handler c=com.android.server.om.-$$Lambda$OverlayManagerService$OverlayChangeListener$u9oeN2C0PDMo0pYiLqfMBkwuMNA@be5eb75 m=0
Android Tests (1)	UNKNOWN STEP	2026-02-25T20:33:27.3781005Z 02-25 20:32:59.770  1944  1964 W Looper  : Slow dispatch took 732ms android.fg h=android.os.Handler c=com.android.server.om.-$$Lambda$OverlayManagerService$OverlayChangeListener$u9oeN2C0PDMo0pYiLqfMBkwuMNA@be5eb75 m=0
Android Tests (1)	UNKNOWN STEP	2026-02-25T20:33:27.3781915Z 02-25 20:32:59.842  1731  2923 D AF::TrackHandle: OpPlayAudio: track:55 usage:13 not muted
Android Tests (1)	UNKNOWN STEP	2026-02-25T20:33:27.3782393Z 02-25 20:32:59.876  1731  1731 D AF::TrackHandle: OpPlayAudio: track:55 usage:13 not muted
Android Tests (1)	UNKNOWN STEP	2026-02-25T20:33:27.3783032Z 02-25 20:32:59.941  1944  1964 W Looper  : Slow dispatch took 167ms android.fg h=com.android.server.AppStateTracker$MyHandler c=null m=6
Android Tests (1)	UNKNOWN STEP	2026-02-25T20:33:27.3783870Z 02-25 20:32:59.993  1944  1965 W Looper  : Slow dispatch took 136ms android.ui h=com.android.server.am.ActivityManagerService$UiHandler c=null m=53
Android Tests (1)	UNKNOWN STEP	2026-02-25T20:33:27.3784799Z 02-25 20:33:00.063  1944  1964 W Looper  : Slow dispatch took 121ms android.fg h=android.os.Handler c=android.app.LoadedApk$ServiceDispatcher$RunConnection@b36c9f1 m=0
Android Tests (1)	UNKNOWN STEP	2026-02-25T20:33:27.3785530Z 02-25 20:32:59.965  1731  1731 D AF::TrackHandle: OpPlayAudio: track:55 usage:13 not muted
Android Tests (1)	UNKNOWN STEP	2026-02-25T20:33:27.3786001Z 02-25 20:33:00.147  1731  2923 D AF::TrackHandle: OpPlayAudio: track:55 usage:13 not muted
Android Tests (1)	UNKNOWN STEP	2026-02-25T20:33:27.3787169Z 02-25 20:33:00.149  3538  5102 I MediaProvider: Begin Intent { act=android.intent.action.PACKAGE_FULLY_REMOVED dat=package:art.substitution.substitution flg=0x5000010 cmp=com.android.providers.media/.MediaService (has extras) }
Android Tests (1)	UNKNOWN STEP	2026-02-25T20:33:27.3788732Z 02-25 20:33:00.225  1944  1944 W Looper  : Slow dispatch took 194ms main h=com.android.server.AlarmManagerService$AlarmHandler c=com.android.server.-$$Lambda$AlarmManagerService$2$Eo-D98J-N9R2METkD-12gPs320c@94199d6 m=0
Android Tests (1)	UNKNOWN STEP	2026-02-25T20:33:27.3789879Z 02-25 20:33:00.287  2124  2124 D KeyguardClockSwitch: Updating clock: 833
Android Tests (1)	UNKNOWN STEP	2026-02-25T20:33:27.3790488Z 02-25 20:33:00.340  1944  1964 W Looper  : Slow dispatch took 277ms android.fg h=android.os.Handler c=<recycled PooledLambda@8f30f52> m=0
Android Tests (1)	UNKNOWN STEP	2026-02-25T20:33:27.3791601Z 02-25 20:33:00.457  3538  5102 I MediaProvider: End Intent { act=android.intent.action.PACKAGE_FULLY_REMOVED dat=package:art.substitution.substitution flg=0x5000010 cmp=com.android.providers.media/.MediaService (has extras) }
Android Tests (1)	UNKNOWN STEP	2026-02-25T20:33:27.3792557Z 02-25 20:33:00.584  1731  1731 D AF::TrackHandle: OpPlayAudio: track:55 usage:13 not muted
Android Tests (1)	UNKNOWN STEP	2026-02-25T20:33:27.3793189Z 02-25 20:33:00.669  1944  1964 W Looper  : Slow dispatch took 257ms android.fg h=android.os.Handler c=<recycled PooledLambda@6c6db3d> m=0
Android Tests (1)	UNKNOWN STEP	2026-02-25T20:33:27.3793973Z 02-25 20:33:00.855  1944  1964 W Looper  : Slow dispatch took 102ms android.fg h=android.os.Handler c=<recycled PooledLambda@970d111> m=0
Android Tests (1)	UNKNOWN STEP	2026-02-25T20:33:27.3794732Z 02-25 20:33:00.961  1731  1731 D AF::TrackHandle: OpPlayAudio: track:55 usage:13 not muted
Android Tests (1)	UNKNOWN STEP	2026-02-25T20:33:27.3795220Z 02-25 20:33:01.062  1944  2072 D WifiConfigStore: Writing to stores completed in 1664 ms.
Android Tests (1)	UNKNOWN STEP	2026-02-25T20:33:27.3795791Z 02-25 20:33:01.067  1944  2072 E PasspointManager: No app ops listener found for art.substitution.substitution
Android Tests (1)	UNKNOWN STEP	2026-02-25T20:33:27.3796836Z 02-25 20:33:01.099  1944  1964 W Looper  : Slow dispatch took 244ms android.fg h=android.os.Handler c=<recycled PooledLambda@e1fcede> m=0
Android Tests (1)	UNKNOWN STEP	2026-02-25T20:33:27.3797552Z 02-25 20:33:01.105  1944  2072 I DropBoxManagerService: add tag=system_server_wtf isTagEnabled=true flags=0x2
Android Tests (1)	UNKNOWN STEP	2026-02-25T20:33:27.3798108Z 02-25 20:33:01.161  1731  1731 D AF::TrackHandle: OpPlayAudio: track:55 usage:13 not muted
Android Tests (1)	UNKNOWN STEP	2026-02-25T20:33:27.3800026Z 02-25 20:33:01.167  2124  2375 I OpenGLRenderer: Davey! duration=717ms; Flags=0, IntendedVsync=2571928926634, Vsync=2571945593300, OldestInputEvent=9223372036854775807, NewestInputEvent=0, HandleInputStart=2571951264357, AnimationStart=2571951307768, PerformTraversalsStart=2571951312727, DrawStart=2572352478152, SyncQueued=2572354960274, SyncStart=2572362583110, IssueDrawCommandsStart=2572378603921, SwapBuffers=2572622962838, FrameCompleted=2572654237638, DequeueBufferDuration=686000, QueueBufferDuration=1039000, 
Android Tests (1)	UNKNOWN STEP	2026-02-25T20:33:27.3802109Z 02-25 20:33:01.396  1944  1964 W Looper  : Slow dispatch took 295ms android.fg h=android.os.Handler c=<recycled PooledLambda@46c2324> m=0
Android Tests (1)	UNKNOWN STEP	2026-02-25T20:33:27.3802737Z 02-25 20:33:01.474  1731  1731 D AF::TrackHandle: OpPlayAudio: track:55 usage:13 not muted
Android Tests (1)	UNKNOWN STEP	2026-02-25T20:33:27.3803207Z 02-25 20:33:01.485  1731  1731 D AF::TrackHandle: OpPlayAudio: track:55 usage:13 not muted
Android Tests (1)	UNKNOWN STEP	2026-02-25T20:33:27.3803679Z 02-25 20:33:01.506  1731  2923 D AF::TrackHandle: OpPlayAudio: track:55 usage:13 not muted
Android Tests (1)	UNKNOWN STEP	2026-02-25T20:33:27.3804065Z 02-25 20:33:01.903  1944  1964 W Looper  : Drained
Android Tests (1)	UNKNOWN STEP	2026-02-25T20:33:27.3804470Z 02-25 20:33:01.570  1731  2923 I chatty  : uid=1041(audioserver) Binder:1731_5 identical 1 line
Android Tests (1)	UNKNOWN STEP	2026-02-25T20:33:27.3804968Z 02-25 20:33:01.601  1731  2923 D AF::TrackHandle: OpPlayAudio: track:55 usage:13 not muted
Android Tests (1)	UNKNOWN STEP	2026-02-25T20:33:27.3805779Z 02-25 20:33:02.007  1944  1955 I system_server: Background concurrent copying GC freed 13874(1343KB) AllocSpace objects, 18(1348KB) LOS objects, 42% free, 7575KB/12MB, paused 287us total 3.681s
Android Tests (1)	UNKNOWN STEP	2026-02-25T20:33:27.3807206Z 02-25 20:33:02.661  2134  2154 I ssioncontrolle: Background young concurrent copying GC freed 2743(261KB) AllocSpace objects, 2(40KB) LOS objects, 5% free, 1539KB/1625KB, paused 123us total 129.325ms
Android Tests (1)	UNKNOWN STEP	2026-02-25T20:33:27.3808008Z 02-25 20:33:03.495  1944  1972 I RoleUserState: Wrote roles.xml successfully
Android Tests (1)	UNKNOWN STEP	2026-02-25T20:33:27.3808563Z 02-25 20:33:08.329  1944  1966 I DropBoxManagerService: add tag=system_server_strictmode isTagEnabled=true flags=0x2
Android Tests (1)	UNKNOWN STEP	2026-02-25T20:33:27.3809296Z 02-25 20:33:08.424  1944  1966 I chatty  : uid=1000(system) android.io identical 6 lines
Android Tests (1)	UNKNOWN STEP	2026-02-25T20:33:27.3809878Z 02-25 20:33:08.429  1944  1966 I DropBoxManagerService: add tag=system_server_strictmode isTagEnabled=true flags=0x2
Android Tests (1)	UNKNOWN STEP	2026-02-25T20:33:27.3810514Z 02-25 20:33:18.838  1944  2842 W ActivityManager: Invalid packageName: art.substitution.substitution
Android Tests (1)	UNKNOWN STEP	2026-02-25T20:33:27.3811144Z 02-25 20:33:19.458  1944  1987 W PackageManager: Not removing non-existent package art.substitution.substitution
Android Tests (1)	UNKNOWN STEP	2026-02-25T20:33:27.3811522Z 
Android Tests (1)	UNKNOWN STEP	2026-02-25T20:33:27.3811633Z === test-results/android-tests.log ===
Android Tests (1)	UNKNOWN STEP	2026-02-25T20:33:27.3812150Z ✓ Initial display check passed: found "test_general" without searching.
Android Tests (1)	UNKNOWN STEP	2026-02-25T20:33:27.3812801Z 07:14 +1 -2: /home/runner/work/substitution/substitution/integration_test/followfeeds_with_matrix_test.dart: (tearDownAll)
Android Tests (1)	UNKNOWN STEP	2026-02-25T20:33:27.3813552Z 07:18 +1 -2: loading /home/runner/work/substitution/substitution/integration_test/onboarding_and_login_test.dart
Android Tests (1)	UNKNOWN STEP	2026-02-25T20:33:27.3814142Z Running Gradle task 'assembleDebug'...                             30.0s
Android Tests (1)	UNKNOWN STEP	2026-02-25T20:33:27.3814749Z ✓ Built build/app/outputs/flutter-apk/app-debug.apk
Android Tests (1)	UNKNOWN STEP	2026-02-25T20:33:27.3815155Z Installing build/app/outputs/flutter-apk/app-debug.apk...          13.4s
Android Tests (1)	UNKNOWN STEP	2026-02-25T20:33:27.3816074Z 08:45 +1 -2: /home/runner/work/substitution/substitution/integration_test/onboarding_and_login_test.dart: Onboarding & Login Flow with Real Matrix Server Complete onboarding: host selection -> login -> view feed
Android Tests (1)	UNKNOWN STEP	2026-02-25T20:33:27.3817347Z Waiting for globalMatrixClient to be initialized...
Android Tests (1)	UNKNOWN STEP	2026-02-25T20:33:27.3817801Z [90m[🌎 Easy Localization] [DEBUG] Localization initialized[0m
Android Tests (1)	UNKNOWN STEP	2026-02-25T20:33:27.3818210Z [Matrix] [32mInitialize client Substitution[0m
Android Tests (1)	UNKNOWN STEP	2026-02-25T20:33:27.3818537Z [Matrix] [32mUser is not logged in.[0m
Android Tests (1)	UNKNOWN STEP	2026-02-25T20:33:27.3818852Z [90m[🌎 Easy Localization] [DEBUG] Start[0m
Android Tests (1)	UNKNOWN STEP	2026-02-25T20:33:27.3819189Z [90m[🌎 Easy Localization] [DEBUG] Init state[0m
Android Tests (1)	UNKNOWN STEP	2026-02-25T20:33:27.3819521Z [90m[🌎 Easy Localization] [DEBUG] Build[0m
Android Tests (1)	UNKNOWN STEP	2026-02-25T20:33:27.3819920Z [90m[🌎 Easy Localization] [DEBUG] Init Localization Delegate[0m
Android Tests (1)	UNKNOWN STEP	2026-02-25T20:33:27.3820355Z [90m[🌎 Easy Localization] [DEBUG] Init provider[0m
Android Tests (1)	UNKNOWN STEP	2026-02-25T20:33:27.3820763Z [90m[🌎 Easy Localization] [DEBUG] Load Localization Delegate[0m
Android Tests (1)	UNKNOWN STEP	2026-02-25T20:33:27.3821232Z [90m[🌎 Easy Localization] [DEBUG] Load asset from assets/translations[0m
Android Tests (1)	UNKNOWN STEP	2026-02-25T20:33:27.3821602Z globalMatrixClient initialized!
Android Tests (1)	UNKNOWN STEP	2026-02-25T20:33:27.3821898Z [90m[🌎 Easy Localization] [DEBUG] Build[0m
Android Tests (1)	UNKNOWN STEP	2026-02-25T20:33:27.3822271Z [90m[🌎 Easy Localization] [DEBUG] Init Localization Delegate[0m
Android Tests (1)	UNKNOWN STEP	2026-02-25T20:33:27.3822668Z [90m[🌎 Easy Localization] [DEBUG] Init provider[0m
Android Tests (1)	UNKNOWN STEP	2026-02-25T20:33:27.3822973Z No Age Gate detected (or already passed).
Android Tests (1)	UNKNOWN STEP	2026-02-25T20:33:27.3823814Z 10:48 +1 -3: /home/runner/work/substitution/substitution/integration_test/onboarding_and_login_test.dart: Onboarding & Login Flow with Real Matrix Server Complete onboarding: host selection -> login -> view feed [E]
Android Tests (1)	UNKNOWN STEP	2026-02-25T20:33:27.3824767Z   TimeoutException after 0:02:00.000000: Test timed out after 2 minutes.
Android Tests (1)	UNKNOWN STEP	2026-02-25T20:33:27.3825158Z   dart:isolate  _RawReceivePort._handleMessage
Android Tests (1)	UNKNOWN STEP	2026-02-25T20:33:27.3825426Z   
Android Tests (1)	UNKNOWN STEP	2026-02-25T20:33:27.3825833Z   'package:flutter_test/src/binding.dart': Failed assertion: line 2781 pos 12: '_pendingFrame == null': is not true.
Android Tests (1)	UNKNOWN STEP	2026-02-25T20:33:27.3826540Z   dart:core                                                                  _AssertionError._throwNew
Android Tests (1)	UNKNOWN STEP	2026-02-25T20:33:27.3827087Z   package:flutter_test/src/binding.dart 2781:12                              LiveTestWidgetsFlutterBinding.postTest
Android Tests (1)	UNKNOWN STEP	2026-02-25T20:33:27.3827576Z   ===== asynchronous gap ===========================
Android Tests (1)	UNKNOWN STEP	2026-02-25T20:33:27.3827971Z   package:stream_channel                                                     _GuaranteeSink.add
Android Tests (1)	UNKNOWN STEP	2026-02-25T20:33:27.3828484Z   tmp/flutter_tools.MPNENR/flutter_test_listener.VMTJUM/listener.dart 56:22  main.<fn>
Android Tests (1)	UNKNOWN STEP	2026-02-25T20:33:27.3828872Z   
Android Tests (1)	UNKNOWN STEP	2026-02-25T20:33:27.3829524Z 10:49 +1 -3: /home/runner/work/substitution/substitution/integration_test/onboarding_and_login_test.dart: (tearDownAll)
Android Tests (1)	UNKNOWN STEP	2026-02-25T20:33:27.3830260Z 10:54 +1 -3: loading /home/runner/work/substitution/substitution/integration_test/profile_edit_test.dart
Android Tests (1)	UNKNOWN STEP	2026-02-25T20:33:27.3830815Z Running Gradle task 'assembleDebug'...                             21.1s
Android Tests (1)	UNKNOWN STEP	2026-02-25T20:33:27.3831272Z ✓ Built build/app/outputs/flutter-apk/app-debug.apk
Android Tests (1)	UNKNOWN STEP	2026-02-25T20:33:27.3831672Z Installing build/app/outputs/flutter-apk/app-debug.apk...          13.0s
Android Tests (1)	UNKNOWN STEP	2026-02-25T20:33:27.3832244Z 12:09 +1 -3: loading /home/runner/work/substitution/substitution/integration_test/feed_with_matrix_test.dart
Android Tests (1)	UNKNOWN STEP	2026-02-25T20:33:27.3832802Z Running Gradle task 'assembleDebug'...                             29.5s
Android Tests (1)	UNKNOWN STEP	2026-02-25T20:33:27.3833221Z ✓ Built build/app/outputs/flutter-apk/app-debug.apk
Android Tests (1)	UNKNOWN STEP	2026-02-25T20:33:27.3833608Z Installing build/app/outputs/flutter-apk/app-debug.apk...          15.9s
Android Tests (1)	UNKNOWN STEP	2026-02-25T20:33:27.3834161Z 13:45 +1 -3: loading /home/runner/work/substitution/substitution/integration_test/login_debug_test.dart
Android Tests (1)	UNKNOWN STEP	2026-02-25T20:33:27.3834821Z Running Gradle task 'assembleDebug'...                             29.8s
Android Tests (1)	UNKNOWN STEP	2026-02-25T20:33:27.3835245Z ✓ Built build/app/outputs/flutter-apk/app-debug.apk
Android Tests (1)	UNKNOWN STEP	2026-02-25T20:33:27.3835630Z Installing build/app/outputs/flutter-apk/app-debug.apk...          12.1s
Android Tests (1)	UNKNOWN STEP	2026-02-25T20:33:27.3836172Z 15:10 +1 -3: loading /home/runner/work/substitution/substitution/integration_test/profile_view_test.dart
Android Tests (1)	UNKNOWN STEP	2026-02-25T20:33:27.3836992Z Running Gradle task 'assembleDebug'...                             20.2s
Android Tests (1)	UNKNOWN STEP	2026-02-25T20:33:27.3837574Z ✓ Built build/app/outputs/flutter-apk/app-debug.apk
Android Tests (1)	UNKNOWN STEP	2026-02-25T20:33:27.3838220Z Installing build/app/outputs/flutter-apk/app-debug.apk...          12.9s
Android Tests (1)	UNKNOWN STEP	2026-02-25T20:33:27.3838952Z Warning: A tag was used that wasn't specified in dart_test.yaml.
Android Tests (1)	UNKNOWN STEP	2026-02-25T20:33:27.3839315Z   integration was used in the suite itself
Android Tests (1)	UNKNOWN STEP	2026-02-25T20:33:27.3839501Z 
Android Tests (1)	UNKNOWN STEP	2026-02-25T20:33:27.3839787Z 16:25 +1 -3: loading /home/runner/work/substitution/substitution/integration_test/offline_test.dart
Android Tests (1)	UNKNOWN STEP	2026-02-25T20:33:27.3840329Z Running Gradle task 'assembleDebug'...                             19.9s
Android Tests (1)	UNKNOWN STEP	2026-02-25T20:33:27.3840787Z ✓ Built build/app/outputs/flutter-apk/app-debug.apk
Android Tests (1)	UNKNOWN STEP	2026-02-25T20:33:27.3841183Z Installing build/app/outputs/flutter-apk/app-debug.apk...          12.3s
Android Tests (1)	UNKNOWN STEP	2026-02-25T20:33:27.3841618Z Warning: A tag was used that wasn't specified in dart_test.yaml.
Android Tests (1)	UNKNOWN STEP	2026-02-25T20:33:27.3841961Z   integration was used in the suite itself
Android Tests (1)	UNKNOWN STEP	2026-02-25T20:33:27.3842149Z 
Android Tests (1)	UNKNOWN STEP	2026-02-25T20:33:27.3842441Z 17:40 +1 -3: loading /home/runner/work/substitution/substitution/integration_test/comment_nesting_test.dart
Android Tests (1)	UNKNOWN STEP	2026-02-25T20:33:27.3842992Z Running Gradle task 'assembleDebug'...                             29.9s
Android Tests (1)	UNKNOWN STEP	2026-02-25T20:33:27.3843411Z ✓ Built build/app/outputs/flutter-apk/app-debug.apk
Android Tests (1)	UNKNOWN STEP	2026-02-25T20:33:27.3843799Z Installing build/app/outputs/flutter-apk/app-debug.apk...          16.8s
Android Tests (1)	UNKNOWN STEP	2026-02-25T20:33:27.3844412Z 19:12 +1 -3: loading /home/runner/work/substitution/substitution/integration_test/refresh_logic_with_matrix_test.dart
Android Tests (1)	UNKNOWN STEP	2026-02-25T20:33:27.3845013Z Running Gradle task 'assembleDebug'...                             29.4s
Android Tests (1)	UNKNOWN STEP	2026-02-25T20:33:27.3845438Z ✓ Built build/app/outputs/flutter-apk/app-debug.apk
Android Tests (1)	UNKNOWN STEP	2026-02-25T20:33:27.3845837Z Installing build/app/outputs/flutter-apk/app-debug.apk...          16.2s
Android Tests (1)	UNKNOWN STEP	2026-02-25T20:33:27.3846505Z 20:42 +1 -3: loading /home/runner/work/substitution/substitution/integration_test/logout_test.dart
Android Tests (1)	UNKNOWN STEP	2026-02-25T20:33:27.3847031Z Running Gradle task 'assembleDebug'...                             28.5s
Android Tests (1)	UNKNOWN STEP	2026-02-25T20:33:27.3847453Z ✓ Built build/app/outputs/flutter-apk/app-debug.apk
Android Tests (1)	UNKNOWN STEP	2026-02-25T20:33:27.3847845Z Installing build/app/outputs/flutter-apk/app-debug.apk...          12.3s
Android Tests (1)	UNKNOWN STEP	2026-02-25T20:33:27.3848416Z 22:25 +1 -3: loading /home/runner/work/substitution/substitution/integration_test/registration_button_test.dart
Android Tests (1)	UNKNOWN STEP	2026-02-25T20:33:27.3848980Z Running Gradle task 'assembleDebug'...                             29.5s
Android Tests (1)	UNKNOWN STEP	2026-02-25T20:33:27.3849572Z ✓ Built build/app/outputs/flutter-apk/app-debug.apk
Android Tests (1)	UNKNOWN STEP	2026-02-25T20:33:27.3849976Z Installing build/app/outputs/flutter-apk/app-debug.apk...          13.2s
Android Tests (1)	UNKNOWN STEP	2026-02-25T20:33:27.3850521Z 24:03 +1 -3: loading /home/runner/work/substitution/substitution/integration_test/room_feed_test.dart
Android Tests (1)	UNKNOWN STEP	2026-02-25T20:33:27.3851049Z Running Gradle task 'assembleDebug'...                             19.2s
Android Tests (1)	UNKNOWN STEP	2026-02-25T20:33:27.3851533Z Running Gradle task 'assembleDebug'...                          Waiting for current test(s) to finish.
Android Tests (1)	UNKNOWN STEP	2026-02-25T20:33:27.3851976Z Press Control-C again to terminate immediately.
Android Tests (1)	UNKNOWN STEP	2026-02-25T20:33:27.3852182Z 
Android Tests (1)	UNKNOWN STEP	2026-02-25T20:33:27.3852402Z adb uninstall failed: ProcessException: Process exited abnormally with exit code 1:
Android Tests (1)	UNKNOWN STEP	2026-02-25T20:33:27.3852818Z Failure [DELETE_FAILED_INTERNAL_ERROR]
Android Tests (1)	UNKNOWN STEP	2026-02-25T20:33:27.3853333Z   Command: /usr/local/lib/android/sdk/platform-tools/adb -s emulator-5554 uninstall art.substitution.substitution
Android Tests (1)	UNKNOWN STEP	2026-02-25T20:33:27.3853874Z unhandled error during finalization of test:
Android Tests (1)	UNKNOWN STEP	2026-02-25T20:33:27.3854287Z /home/runner/work/substitution/substitution/integration_test/room_feed_test.dart
Android Tests (1)	UNKNOWN STEP	2026-02-25T20:33:27.3855208Z PathNotFoundException: Deletion failed, path = '/tmp/flutter_tools.MPNENR/flutter_test_listener.LTHFBK' (OS Error: No such file or directory, errno = 2)
Android Tests (1)	UNKNOWN STEP	2026-02-25T20:33:27.3855923Z #0      _Directory._deleteSync (dart:io/directory_impl.dart:216:7)
Android Tests (1)	UNKNOWN STEP	2026-02-25T20:33:27.3856590Z #1      FileSystemEntity.deleteSync (dart:io/file_system_entity.dart:425:7)
Android Tests (1)	UNKNOWN STEP	2026-02-25T20:33:27.3857257Z #2      ForwardingFileSystemEntity.deleteSync (package:file/src/forwarding/forwarding_file_system_entity.dart:70:16)
Android Tests (1)	UNKNOWN STEP	2026-02-25T20:33:27.3858050Z #3      ErrorHandlingDirectory.deleteSync.<anonymous closure> (package:flutter_tools/src/base/error_handling_io.dart:451:22)
Android Tests (1)	UNKNOWN STEP	2026-02-25T20:33:27.3858687Z #4      _runSync (package:flutter_tools/src/base/error_handling_io.dart:552:14)
Android Tests (1)	UNKNOWN STEP	2026-02-25T20:33:27.3859262Z #5      ErrorHandlingDirectory.deleteSync (package:flutter_tools/src/base/error_handling_io.dart:450:12)
Android Tests (1)	UNKNOWN STEP	2026-02-25T20:33:27.3860012Z #6      FlutterPlatform._createListenerDart.<anonymous closure> (package:flutter_tools/src/test/flutter_platform.dart:787:15)
Android Tests (1)	UNKNOWN STEP	2026-02-25T20:33:27.3860749Z #7      FlutterPlatform._startTest.finalize (package:flutter_tools/src/test/flutter_platform.dart:592:26)
Android Tests (1)	UNKNOWN STEP	2026-02-25T20:33:27.3861224Z <asynchronous suspension>
Android Tests (1)	UNKNOWN STEP	2026-02-25T20:33:27.3861610Z #8      asyncGuard.<anonymous closure> (package:flutter_tools/src/base/async_guard.dart:108:24)
Android Tests (1)	UNKNOWN STEP	2026-02-25T20:33:27.3862035Z <asynchronous suspension>
Android Tests (1)	UNKNOWN STEP	2026-02-25T20:33:27.3862174Z 
Android Tests (1)	UNKNOWN STEP	2026-02-25T20:33:27.3888965Z ##[group]Run docker compose down -v
Android Tests (1)	UNKNOWN STEP	2026-02-25T20:33:27.3889292Z [36;1mdocker compose down -v[0m
Android Tests (1)	UNKNOWN STEP	2026-02-25T20:33:27.3939470Z shell: /usr/bin/bash -e {0}
Android Tests (1)	UNKNOWN STEP	2026-02-25T20:33:27.3939713Z env:
Android Tests (1)	UNKNOWN STEP	2026-02-25T20:33:27.3939890Z   CACHE_VERSION: v1
Android Tests (1)	UNKNOWN STEP	2026-02-25T20:33:27.3940211Z   JAVA_HOME: /opt/hostedtoolcache/Java_Temurin-Hotspot_jdk/17.0.18-8/x64
Android Tests (1)	UNKNOWN STEP	2026-02-25T20:33:27.3940699Z   JAVA_HOME_17_X64: /opt/hostedtoolcache/Java_Temurin-Hotspot_jdk/17.0.18-8/x64
Android Tests (1)	UNKNOWN STEP	2026-02-25T20:33:27.3941163Z   FLUTTER_ROOT: /opt/hostedtoolcache/flutter/stable-3.41.2-x64
Android Tests (1)	UNKNOWN STEP	2026-02-25T20:33:27.3941519Z   PUB_CACHE: /home/runner/.pub-cache
Android Tests (1)	UNKNOWN STEP	2026-02-25T20:33:27.3941805Z   ANDROID_AVD_HOME: /home/runner/.android/avd
Android Tests (1)	UNKNOWN STEP	2026-02-25T20:33:27.3942070Z ##[endgroup]
Android Tests (1)	UNKNOWN STEP	2026-02-25T20:33:27.8320249Z time="2026-02-25T20:33:27Z" level=warning msg="/home/runner/work/substitution/substitution/docker-compose.yml: the attribute `version` is obsolete, it will be ignored, please remove it to avoid potential confusion"
Android Tests (1)	UNKNOWN STEP	2026-02-25T20:33:27.8519793Z  Container substitution-redis-1  Stopping
Android Tests (1)	UNKNOWN STEP	2026-02-25T20:33:27.8524094Z  Container substitution-matrix-synapse-1  Stopping
Android Tests (1)	UNKNOWN STEP	2026-02-25T20:33:28.1088376Z  Container substitution-redis-1  Stopped
Android Tests (1)	UNKNOWN STEP	2026-02-25T20:33:28.1093226Z  Container substitution-redis-1  Removing
Android Tests (1)	UNKNOWN STEP	2026-02-25T20:33:28.1239167Z  Container substitution-redis-1  Removed
Android Tests (1)	UNKNOWN STEP	2026-02-25T20:33:28.5456602Z  Container substitution-matrix-synapse-1  Stopped
Android Tests (1)	UNKNOWN STEP	2026-02-25T20:33:28.5457507Z  Container substitution-matrix-synapse-1  Removing
Android Tests (1)	UNKNOWN STEP	2026-02-25T20:33:28.7104478Z  Container substitution-matrix-synapse-1  Removed
Android Tests (1)	UNKNOWN STEP	2026-02-25T20:33:28.7105747Z  Container substitution-postgres-1  Stopping
Android Tests (1)	UNKNOWN STEP	2026-02-25T20:33:28.7106913Z  Container substitution-dex-1  Stopping
Android Tests (1)	UNKNOWN STEP	2026-02-25T20:33:28.9233251Z  Container substitution-dex-1  Stopped
Android Tests (1)	UNKNOWN STEP	2026-02-25T20:33:28.9238355Z  Container substitution-dex-1  Removing
Android Tests (1)	UNKNOWN STEP	2026-02-25T20:33:28.9349202Z  Container substitution-dex-1  Removed
Android Tests (1)	UNKNOWN STEP	2026-02-25T20:33:28.9424807Z  Container substitution-postgres-1  Stopped
Android Tests (1)	UNKNOWN STEP	2026-02-25T20:33:28.9431221Z  Container substitution-postgres-1  Removing
Android Tests (1)	UNKNOWN STEP	2026-02-25T20:33:29.0134977Z  Container substitution-postgres-1  Removed
Android Tests (1)	UNKNOWN STEP	2026-02-25T20:33:29.0167415Z  Network substitution_substitution_network  Removing
Android Tests (1)	UNKNOWN STEP	2026-02-25T20:33:29.0990154Z  Network substitution_substitution_network  Removed
Android Tests (1)	UNKNOWN STEP	2026-02-25T20:33:29.1195890Z Post job cleanup.
Android Tests (1)	UNKNOWN STEP	2026-02-25T20:33:29.1260560Z Post job cleanup.
Android Tests (1)	UNKNOWN STEP	2026-02-25T20:33:29.3451660Z Post job cleanup.
Android Tests (1)	UNKNOWN STEP	2026-02-25T20:33:29.4496779Z [command]/usr/bin/git version
Android Tests (1)	UNKNOWN STEP	2026-02-25T20:33:29.4540270Z git version 2.53.0
Android Tests (1)	UNKNOWN STEP	2026-02-25T20:33:29.4596000Z Temporarily overriding HOME='/home/runner/work/_temp/48af3d74-e3c1-4bab-8231-a844c73d572f' before making global git config changes
Android Tests (1)	UNKNOWN STEP	2026-02-25T20:33:29.4597935Z Adding repository directory to the temporary git global config as a safe directory
Android Tests (1)	UNKNOWN STEP	2026-02-25T20:33:29.4602270Z [command]/usr/bin/git config --global --add safe.directory /home/runner/work/substitution/substitution
Android Tests (1)	UNKNOWN STEP	2026-02-25T20:33:29.4644296Z [command]/usr/bin/git config --local --name-only --get-regexp core\.sshCommand
Android Tests (1)	UNKNOWN STEP	2026-02-25T20:33:29.4684795Z [command]/usr/bin/git submodule foreach --recursive sh -c "git config --local --name-only --get-regexp 'core\.sshCommand' && git config --local --unset-all 'core.sshCommand' || :"
Android Tests (1)	UNKNOWN STEP	2026-02-25T20:33:29.5031340Z [command]/usr/bin/git config --local --name-only --get-regexp http\.https\:\/\/github\.com\/\.extraheader
Android Tests (1)	UNKNOWN STEP	2026-02-25T20:33:29.5060932Z http.https://github.com/.extraheader
Android Tests (1)	UNKNOWN STEP	2026-02-25T20:33:29.5074378Z [command]/usr/bin/git config --local --unset-all http.https://github.com/.extraheader
Android Tests (1)	UNKNOWN STEP	2026-02-25T20:33:29.5111281Z [command]/usr/bin/git submodule foreach --recursive sh -c "git config --local --name-only --get-regexp 'http\.https\:\/\/github\.com\/\.extraheader' && git config --local --unset-all 'http.https://github.com/.extraheader' || :"
Android Tests (1)	UNKNOWN STEP	2026-02-25T20:33:29.5402121Z [command]/usr/bin/git config --local --name-only --get-regexp ^includeIf\.gitdir:
Android Tests (1)	UNKNOWN STEP	2026-02-25T20:33:29.5443862Z [command]/usr/bin/git submodule foreach --recursive git config --local --show-origin --name-only --get-regexp remote.origin.url
Android Tests (1)	UNKNOWN STEP	2026-02-25T20:33:29.5861823Z Cleaning up orphan processes
Android Tests (1)	UNKNOWN STEP	2026-02-25T20:33:29.6268649Z Terminate orphan process: pid (7457) (java)
Android Tests (1)	UNKNOWN STEP	2026-02-25T20:33:29.6395882Z Terminate orphan process: pid (8432) (java)
Android Tests (1)	UNKNOWN STEP	2026-02-25T20:33:29.6554826Z Terminate orphan process: pid (14241) (java)
Android Tests (1)	UNKNOWN STEP	2026-02-25T20:33:29.6745713Z Terminate orphan process: pid (39746) (java)
Android Tests (1)	UNKNOWN STEP	2026-02-25T20:33:29.6874878Z Terminate orphan process: pid (39881) (dart:flutter_to)
Android Tests (1)	UNKNOWN STEP	2026-02-25T20:33:29.7105756Z Terminate orphan process: pid (39933) (dart:frontend_s)
Android Tests (4)	UNKNOWN STEP	﻿2026-02-25T19:48:25.4107934Z Current runner version: '2.331.0'
Android Tests (4)	UNKNOWN STEP	2026-02-25T19:48:25.4129496Z ##[group]Runner Image Provisioner
Android Tests (4)	UNKNOWN STEP	2026-02-25T19:48:25.4130249Z Hosted Compute Agent
Android Tests (4)	UNKNOWN STEP	2026-02-25T19:48:25.4131125Z Version: 20260213.493
Android Tests (4)	UNKNOWN STEP	2026-02-25T19:48:25.4131876Z Commit: 5c115507f6dd24b8de37d8bbe0bb4509d0cc0fa3
Android Tests (4)	UNKNOWN STEP	2026-02-25T19:48:25.4132548Z Build Date: 2026-02-13T00:28:41Z
Android Tests (4)	UNKNOWN STEP	2026-02-25T19:48:25.4133200Z Worker ID: {380b1afb-5c77-480d-bc0a-912cf0fb8163}
Android Tests (4)	UNKNOWN STEP	2026-02-25T19:48:25.4133917Z Azure Region: westus
Android Tests (4)	UNKNOWN STEP	2026-02-25T19:48:25.4134454Z ##[endgroup]
Android Tests (4)	UNKNOWN STEP	2026-02-25T19:48:25.4136100Z ##[group]Operating System
Android Tests (4)	UNKNOWN STEP	2026-02-25T19:48:25.4136823Z Ubuntu
Android Tests (4)	UNKNOWN STEP	2026-02-25T19:48:25.4137261Z 24.04.3
Android Tests (4)	UNKNOWN STEP	2026-02-25T19:48:25.4137720Z LTS
Android Tests (4)	UNKNOWN STEP	2026-02-25T19:48:25.4138177Z ##[endgroup]
Android Tests (4)	UNKNOWN STEP	2026-02-25T19:48:25.4138701Z ##[group]Runner Image
Android Tests (4)	UNKNOWN STEP	2026-02-25T19:48:25.4139238Z Image: ubuntu-24.04
Android Tests (4)	UNKNOWN STEP	2026-02-25T19:48:25.4139769Z Version: 20260224.36.1
Android Tests (4)	UNKNOWN STEP	2026-02-25T19:48:25.4141137Z Included Software: https://github.com/actions/runner-images/blob/ubuntu24/20260224.36/images/ubuntu/Ubuntu2404-Readme.md
Android Tests (4)	UNKNOWN STEP	2026-02-25T19:48:25.4142639Z Image Release: https://github.com/actions/runner-images/releases/tag/ubuntu24%2F20260224.36
Android Tests (4)	UNKNOWN STEP	2026-02-25T19:48:25.4143531Z ##[endgroup]
Android Tests (4)	UNKNOWN STEP	2026-02-25T19:48:25.4144588Z ##[group]GITHUB_TOKEN Permissions
Android Tests (4)	UNKNOWN STEP	2026-02-25T19:48:25.4146421Z Contents: read
Android Tests (4)	UNKNOWN STEP	2026-02-25T19:48:25.4146972Z Metadata: read
Android Tests (4)	UNKNOWN STEP	2026-02-25T19:48:25.4147429Z Packages: read
Android Tests (4)	UNKNOWN STEP	2026-02-25T19:48:25.4148025Z ##[endgroup]
Android Tests (4)	UNKNOWN STEP	2026-02-25T19:48:25.4149863Z Secret source: Actions
Android Tests (4)	UNKNOWN STEP	2026-02-25T19:48:25.4150559Z Prepare workflow directory
Android Tests (4)	UNKNOWN STEP	2026-02-25T19:48:25.4524474Z Prepare all required actions
Android Tests (4)	UNKNOWN STEP	2026-02-25T19:48:25.4562826Z Getting action download info
Android Tests (4)	UNKNOWN STEP	2026-02-25T19:48:25.9749144Z Download action repository 'actions/checkout@v4' (SHA:34e114876b0b11c390a56381ad16ebd13914f8d5)
Android Tests (4)	UNKNOWN STEP	2026-02-25T19:48:26.1118160Z Download action repository 'actions/setup-java@v4' (SHA:c1e323688fd81a25caa38c78aa6df2d33d3e20d9)
Android Tests (4)	UNKNOWN STEP	2026-02-25T19:48:27.2867448Z Download action repository 'subosito/flutter-action@v2' (SHA:fd55f4c5af5b953cc57a2be44cb082c8f6635e8e)
Android Tests (4)	UNKNOWN STEP	2026-02-25T19:48:28.0300405Z Download action repository 'reactivecircus/android-emulator-runner@v2' (SHA:b530d96654c385303d652368551fb075bc2f0b6b)
Android Tests (4)	UNKNOWN STEP	2026-02-25T19:48:29.0469453Z Getting action download info
Android Tests (4)	UNKNOWN STEP	2026-02-25T19:48:29.2208021Z Download action repository 'actions/cache@v4' (SHA:0057852bfaa89a56745cba8c7296529d2fc39830)
Android Tests (4)	UNKNOWN STEP	2026-02-25T19:48:29.3545790Z Complete job name: Android Tests (4)
Android Tests (4)	UNKNOWN STEP	2026-02-25T19:48:29.4219395Z ##[group]Run actions/checkout@v4
Android Tests (4)	UNKNOWN STEP	2026-02-25T19:48:29.4220145Z with:
Android Tests (4)	UNKNOWN STEP	2026-02-25T19:48:29.4220542Z   repository: floffel/substitution
Android Tests (4)	UNKNOWN STEP	2026-02-25T19:48:29.4221228Z   token: ***
Android Tests (4)	UNKNOWN STEP	2026-02-25T19:48:29.4221539Z   ssh-strict: true
Android Tests (4)	UNKNOWN STEP	2026-02-25T19:48:29.4221844Z   ssh-user: git
Android Tests (4)	UNKNOWN STEP	2026-02-25T19:48:29.4222180Z   persist-credentials: true
Android Tests (4)	UNKNOWN STEP	2026-02-25T19:48:29.4222479Z   clean: true
Android Tests (4)	UNKNOWN STEP	2026-02-25T19:48:29.4284378Z   sparse-checkout-cone-mode: true
Android Tests (4)	UNKNOWN STEP	2026-02-25T19:48:29.4284889Z   fetch-depth: 1
Android Tests (4)	UNKNOWN STEP	2026-02-25T19:48:29.4285219Z   fetch-tags: false
Android Tests (4)	UNKNOWN STEP	2026-02-25T19:48:29.4285633Z   show-progress: true
Android Tests (4)	UNKNOWN STEP	2026-02-25T19:48:29.4286025Z   lfs: false
Android Tests (4)	UNKNOWN STEP	2026-02-25T19:48:29.4286384Z   submodules: false
Android Tests (4)	UNKNOWN STEP	2026-02-25T19:48:29.4286725Z   set-safe-directory: true
Android Tests (4)	UNKNOWN STEP	2026-02-25T19:48:29.4288161Z env:
Android Tests (4)	UNKNOWN STEP	2026-02-25T19:48:29.4288438Z   CACHE_VERSION: v1
Android Tests (4)	UNKNOWN STEP	2026-02-25T19:48:29.4288731Z ##[endgroup]
Android Tests (4)	UNKNOWN STEP	2026-02-25T19:48:29.5358970Z Syncing repository: floffel/substitution
Android Tests (4)	UNKNOWN STEP	2026-02-25T19:48:29.5360205Z ##[group]Getting Git version info
Android Tests (4)	UNKNOWN STEP	2026-02-25T19:48:29.5360994Z Working directory is '/home/runner/work/substitution/substitution'
Android Tests (4)	UNKNOWN STEP	2026-02-25T19:48:29.5361590Z [command]/usr/bin/git version
Android Tests (4)	UNKNOWN STEP	2026-02-25T19:48:29.5438035Z git version 2.53.0
Android Tests (4)	UNKNOWN STEP	2026-02-25T19:48:29.5464315Z ##[endgroup]
Android Tests (4)	UNKNOWN STEP	2026-02-25T19:48:29.5479551Z Temporarily overriding HOME='/home/runner/work/_temp/fb103f82-4a9a-4c5f-8162-de2f48e15c37' before making global git config changes
Android Tests (4)	UNKNOWN STEP	2026-02-25T19:48:29.5481296Z Adding repository directory to the temporary git global config as a safe directory
Android Tests (4)	UNKNOWN STEP	2026-02-25T19:48:29.5486149Z [command]/usr/bin/git config --global --add safe.directory /home/runner/work/substitution/substitution
Android Tests (4)	UNKNOWN STEP	2026-02-25T19:48:29.5527490Z Deleting the contents of '/home/runner/work/substitution/substitution'
Android Tests (4)	UNKNOWN STEP	2026-02-25T19:48:29.5531446Z ##[group]Initializing the repository
Android Tests (4)	UNKNOWN STEP	2026-02-25T19:48:29.5536109Z [command]/usr/bin/git init /home/runner/work/substitution/substitution
Android Tests (4)	UNKNOWN STEP	2026-02-25T19:48:29.5647463Z hint: Using 'master' as the name for the initial branch. This default branch name
Android Tests (4)	UNKNOWN STEP	2026-02-25T19:48:29.5648223Z hint: will change to "main" in Git 3.0. To configure the initial branch name
Android Tests (4)	UNKNOWN STEP	2026-02-25T19:48:29.5649137Z hint: to use in all of your new repositories, which will suppress this warning,
Android Tests (4)	UNKNOWN STEP	2026-02-25T19:48:29.5649819Z hint: call:
Android Tests (4)	UNKNOWN STEP	2026-02-25T19:48:29.5650114Z hint:
Android Tests (4)	UNKNOWN STEP	2026-02-25T19:48:29.5650764Z hint: 	git config --global init.defaultBranch <name>
Android Tests (4)	UNKNOWN STEP	2026-02-25T19:48:29.5651279Z hint:
Android Tests (4)	UNKNOWN STEP	2026-02-25T19:48:29.5651804Z hint: Names commonly chosen instead of 'master' are 'main', 'trunk' and
Android Tests (4)	UNKNOWN STEP	2026-02-25T19:48:29.5652675Z hint: 'development'. The just-created branch can be renamed via this command:
Android Tests (4)	UNKNOWN STEP	2026-02-25T19:48:29.5653314Z hint:
Android Tests (4)	UNKNOWN STEP	2026-02-25T19:48:29.5653563Z hint: 	git branch -m <name>
Android Tests (4)	UNKNOWN STEP	2026-02-25T19:48:29.5653775Z hint:
Android Tests (4)	UNKNOWN STEP	2026-02-25T19:48:29.5654092Z hint: Disable this message with "git config set advice.defaultBranchName false"
Android Tests (4)	UNKNOWN STEP	2026-02-25T19:48:29.5654683Z Initialized empty Git repository in /home/runner/work/substitution/substitution/.git/
Android Tests (4)	UNKNOWN STEP	2026-02-25T19:48:29.5663445Z [command]/usr/bin/git remote add origin https://github.com/floffel/substitution
Android Tests (4)	UNKNOWN STEP	2026-02-25T19:48:29.5697217Z ##[endgroup]
Android Tests (4)	UNKNOWN STEP	2026-02-25T19:48:29.5697836Z ##[group]Disabling automatic garbage collection
Android Tests (4)	UNKNOWN STEP	2026-02-25T19:48:29.5701911Z [command]/usr/bin/git config --local gc.auto 0
Android Tests (4)	UNKNOWN STEP	2026-02-25T19:48:29.5729967Z ##[endgroup]
Android Tests (4)	UNKNOWN STEP	2026-02-25T19:48:29.5730555Z ##[group]Setting up auth
Android Tests (4)	UNKNOWN STEP	2026-02-25T19:48:29.5737121Z [command]/usr/bin/git config --local --name-only --get-regexp core\.sshCommand
Android Tests (4)	UNKNOWN STEP	2026-02-25T19:48:29.5767154Z [command]/usr/bin/git submodule foreach --recursive sh -c "git config --local --name-only --get-regexp 'core\.sshCommand' && git config --local --unset-all 'core.sshCommand' || :"
Android Tests (4)	UNKNOWN STEP	2026-02-25T19:48:29.6128056Z [command]/usr/bin/git config --local --name-only --get-regexp http\.https\:\/\/github\.com\/\.extraheader
Android Tests (4)	UNKNOWN STEP	2026-02-25T19:48:29.6158825Z [command]/usr/bin/git submodule foreach --recursive sh -c "git config --local --name-only --get-regexp 'http\.https\:\/\/github\.com\/\.extraheader' && git config --local --unset-all 'http.https://github.com/.extraheader' || :"
Android Tests (4)	UNKNOWN STEP	2026-02-25T19:48:29.6390425Z [command]/usr/bin/git config --local --name-only --get-regexp ^includeIf\.gitdir:
Android Tests (4)	UNKNOWN STEP	2026-02-25T19:48:29.6430061Z [command]/usr/bin/git submodule foreach --recursive git config --local --show-origin --name-only --get-regexp remote.origin.url
Android Tests (4)	UNKNOWN STEP	2026-02-25T19:48:29.6664442Z [command]/usr/bin/git config --local http.https://github.com/.extraheader AUTHORIZATION: basic ***
Android Tests (4)	UNKNOWN STEP	2026-02-25T19:48:29.6698472Z ##[endgroup]
Android Tests (4)	UNKNOWN STEP	2026-02-25T19:48:29.6699153Z ##[group]Fetching the repository
Android Tests (4)	UNKNOWN STEP	2026-02-25T19:48:29.6707742Z [command]/usr/bin/git -c protocol.version=2 fetch --no-tags --prune --no-recurse-submodules --depth=1 origin +0408461b08eee1bbe2c516702bd1813b916d3e4c:refs/remotes/pull/1/merge
Android Tests (4)	UNKNOWN STEP	2026-02-25T19:48:31.3287019Z From https://github.com/floffel/substitution
Android Tests (4)	UNKNOWN STEP	2026-02-25T19:48:31.3321561Z  * [new ref]         0408461b08eee1bbe2c516702bd1813b916d3e4c -> pull/1/merge
Android Tests (4)	UNKNOWN STEP	2026-02-25T19:48:31.3323373Z ##[endgroup]
Android Tests (4)	UNKNOWN STEP	2026-02-25T19:48:31.3323989Z ##[group]Determining the checkout info
Android Tests (4)	UNKNOWN STEP	2026-02-25T19:48:31.3325626Z ##[endgroup]
Android Tests (4)	UNKNOWN STEP	2026-02-25T19:48:31.3331296Z [command]/usr/bin/git sparse-checkout disable
Android Tests (4)	UNKNOWN STEP	2026-02-25T19:48:31.3375255Z [command]/usr/bin/git config --local --unset-all extensions.worktreeConfig
Android Tests (4)	UNKNOWN STEP	2026-02-25T19:48:31.3402109Z ##[group]Checking out the ref
Android Tests (4)	UNKNOWN STEP	2026-02-25T19:48:31.3406877Z [command]/usr/bin/git checkout --progress --force refs/remotes/pull/1/merge
Android Tests (4)	UNKNOWN STEP	2026-02-25T19:48:31.6232558Z Note: switching to 'refs/remotes/pull/1/merge'.
Android Tests (4)	UNKNOWN STEP	2026-02-25T19:48:31.6233053Z 
Android Tests (4)	UNKNOWN STEP	2026-02-25T19:48:31.6233471Z You are in 'detached HEAD' state. You can look around, make experimental
Android Tests (4)	UNKNOWN STEP	2026-02-25T19:48:31.6234444Z changes and commit them, and you can discard any commits you make in this
Android Tests (4)	UNKNOWN STEP	2026-02-25T19:48:31.6235811Z state without impacting any branches by switching back to a branch.
Android Tests (4)	UNKNOWN STEP	2026-02-25T19:48:31.6236461Z 
Android Tests (4)	UNKNOWN STEP	2026-02-25T19:48:31.6236861Z If you want to create a new branch to retain commits you create, you may
Android Tests (4)	UNKNOWN STEP	2026-02-25T19:48:31.6237736Z do so (now or later) by using -c with the switch command. Example:
Android Tests (4)	UNKNOWN STEP	2026-02-25T19:48:31.6238241Z 
Android Tests (4)	UNKNOWN STEP	2026-02-25T19:48:31.6238431Z   git switch -c <new-branch-name>
Android Tests (4)	UNKNOWN STEP	2026-02-25T19:48:31.6238720Z 
Android Tests (4)	UNKNOWN STEP	2026-02-25T19:48:31.6238875Z Or undo this operation with:
Android Tests (4)	UNKNOWN STEP	2026-02-25T19:48:31.6239448Z 
Android Tests (4)	UNKNOWN STEP	2026-02-25T19:48:31.6239620Z   git switch -
Android Tests (4)	UNKNOWN STEP	2026-02-25T19:48:31.6239865Z 
Android Tests (4)	UNKNOWN STEP	2026-02-25T19:48:31.6240221Z Turn off this advice by setting config variable advice.detachedHead to false
Android Tests (4)	UNKNOWN STEP	2026-02-25T19:48:31.6240994Z 
Android Tests (4)	UNKNOWN STEP	2026-02-25T19:48:31.6241612Z HEAD is now at 0408461 Merge 86c2f4a4443179a61e99b4f5d2c467a0f9c43a72 into 74cc852017b0f1fdeb37326726f5fee7effe2248
Android Tests (4)	UNKNOWN STEP	2026-02-25T19:48:31.6254053Z ##[endgroup]
Android Tests (4)	UNKNOWN STEP	2026-02-25T19:48:31.6301495Z [command]/usr/bin/git log -1 --format=%H
Android Tests (4)	UNKNOWN STEP	2026-02-25T19:48:31.6327525Z 0408461b08eee1bbe2c516702bd1813b916d3e4c
Android Tests (4)	UNKNOWN STEP	2026-02-25T19:48:31.6569569Z ##[group]Run actions/setup-java@v4
Android Tests (4)	UNKNOWN STEP	2026-02-25T19:48:31.6569831Z with:
Android Tests (4)	UNKNOWN STEP	2026-02-25T19:48:31.6570012Z   java-version: 17
Android Tests (4)	UNKNOWN STEP	2026-02-25T19:48:31.6570212Z   distribution: temurin
Android Tests (4)	UNKNOWN STEP	2026-02-25T19:48:31.6570415Z   java-package: jdk
Android Tests (4)	UNKNOWN STEP	2026-02-25T19:48:31.6570825Z   check-latest: false
Android Tests (4)	UNKNOWN STEP	2026-02-25T19:48:31.6571022Z   server-id: github
Android Tests (4)	UNKNOWN STEP	2026-02-25T19:48:31.6571242Z   server-username: GITHUB_ACTOR
Android Tests (4)	UNKNOWN STEP	2026-02-25T19:48:31.6571477Z   server-password: GITHUB_TOKEN
Android Tests (4)	UNKNOWN STEP	2026-02-25T19:48:31.6571703Z   overwrite-settings: true
Android Tests (4)	UNKNOWN STEP	2026-02-25T19:48:31.6571913Z   job-status: success
Android Tests (4)	UNKNOWN STEP	2026-02-25T19:48:31.6572213Z   token: ***
Android Tests (4)	UNKNOWN STEP	2026-02-25T19:48:31.6572387Z env:
Android Tests (4)	UNKNOWN STEP	2026-02-25T19:48:31.6572541Z   CACHE_VERSION: v1
Android Tests (4)	UNKNOWN STEP	2026-02-25T19:48:31.6572728Z ##[endgroup]
Android Tests (4)	UNKNOWN STEP	2026-02-25T19:48:31.8539726Z ##[group]Installed distributions
Android Tests (4)	UNKNOWN STEP	2026-02-25T19:48:31.8599963Z Resolved Java 17.0.18+8 from tool-cache
Android Tests (4)	UNKNOWN STEP	2026-02-25T19:48:31.8601767Z Setting Java 17.0.18+8 as the default
Android Tests (4)	UNKNOWN STEP	2026-02-25T19:48:31.8614638Z Creating toolchains.xml for JDK version 17 from temurin
Android Tests (4)	UNKNOWN STEP	2026-02-25T19:48:31.8690323Z Writing to /home/runner/.m2/toolchains.xml
Android Tests (4)	UNKNOWN STEP	2026-02-25T19:48:31.8691338Z 
Android Tests (4)	UNKNOWN STEP	2026-02-25T19:48:31.8691661Z Java configuration:
Android Tests (4)	UNKNOWN STEP	2026-02-25T19:48:31.8692389Z   Distribution: temurin
Android Tests (4)	UNKNOWN STEP	2026-02-25T19:48:31.8692933Z   Version: 17.0.18+8
Android Tests (4)	UNKNOWN STEP	2026-02-25T19:48:31.8695381Z   Path: /opt/hostedtoolcache/Java_Temurin-Hotspot_jdk/17.0.18-8/x64
Android Tests (4)	UNKNOWN STEP	2026-02-25T19:48:31.8695872Z 
Android Tests (4)	UNKNOWN STEP	2026-02-25T19:48:31.8696437Z ##[endgroup]
Android Tests (4)	UNKNOWN STEP	2026-02-25T19:48:31.8709716Z Creating settings.xml with server-id: github
Android Tests (4)	UNKNOWN STEP	2026-02-25T19:48:31.8717340Z Writing to /home/runner/.m2/settings.xml
Android Tests (4)	UNKNOWN STEP	2026-02-25T19:48:31.8951056Z ##[group]Run subosito/flutter-action@v2
Android Tests (4)	UNKNOWN STEP	2026-02-25T19:48:31.8951358Z with:
Android Tests (4)	UNKNOWN STEP	2026-02-25T19:48:31.8951525Z   channel: stable
Android Tests (4)	UNKNOWN STEP	2026-02-25T19:48:31.8951714Z   cache: true
Android Tests (4)	UNKNOWN STEP	2026-02-25T19:48:31.8951886Z   architecture: X64
Android Tests (4)	UNKNOWN STEP	2026-02-25T19:48:31.8952091Z   pub-cache-path: default
Android Tests (4)	UNKNOWN STEP	2026-02-25T19:48:31.8952302Z   dry-run: false
Android Tests (4)	UNKNOWN STEP	2026-02-25T19:48:31.8952555Z   git-source: https://github.com/flutter/flutter.git
Android Tests (4)	UNKNOWN STEP	2026-02-25T19:48:31.8952879Z env:
Android Tests (4)	UNKNOWN STEP	2026-02-25T19:48:31.8953040Z   CACHE_VERSION: v1
Android Tests (4)	UNKNOWN STEP	2026-02-25T19:48:31.8953364Z   JAVA_HOME: /opt/hostedtoolcache/Java_Temurin-Hotspot_jdk/17.0.18-8/x64
Android Tests (4)	UNKNOWN STEP	2026-02-25T19:48:31.8953914Z   JAVA_HOME_17_X64: /opt/hostedtoolcache/Java_Temurin-Hotspot_jdk/17.0.18-8/x64
Android Tests (4)	UNKNOWN STEP	2026-02-25T19:48:31.8954311Z ##[endgroup]
Android Tests (4)	UNKNOWN STEP	2026-02-25T19:48:31.9038083Z ##[group]Run chmod +x "$GITHUB_ACTION_PATH/setup.sh"
Android Tests (4)	UNKNOWN STEP	2026-02-25T19:48:31.9038473Z [36;1mchmod +x "$GITHUB_ACTION_PATH/setup.sh"[0m
Android Tests (4)	UNKNOWN STEP	2026-02-25T19:48:31.9090852Z shell: /usr/bin/bash --noprofile --norc -e -o pipefail {0}
Android Tests (4)	UNKNOWN STEP	2026-02-25T19:48:31.9091256Z env:
Android Tests (4)	UNKNOWN STEP	2026-02-25T19:48:31.9091430Z   CACHE_VERSION: v1
Android Tests (4)	UNKNOWN STEP	2026-02-25T19:48:31.9091744Z   JAVA_HOME: /opt/hostedtoolcache/Java_Temurin-Hotspot_jdk/17.0.18-8/x64
Android Tests (4)	UNKNOWN STEP	2026-02-25T19:48:31.9092204Z   JAVA_HOME_17_X64: /opt/hostedtoolcache/Java_Temurin-Hotspot_jdk/17.0.18-8/x64
Android Tests (4)	UNKNOWN STEP	2026-02-25T19:48:31.9092556Z ##[endgroup]
Android Tests (4)	UNKNOWN STEP	2026-02-25T19:48:31.9236346Z ##[group]Run $GITHUB_ACTION_PATH/setup.sh -p \
Android Tests (4)	UNKNOWN STEP	2026-02-25T19:48:31.9236930Z [36;1m$GITHUB_ACTION_PATH/setup.sh -p \[0m
Android Tests (4)	UNKNOWN STEP	2026-02-25T19:48:31.9237204Z [36;1m  -n '' \[0m
Android Tests (4)	UNKNOWN STEP	2026-02-25T19:48:31.9237405Z [36;1m  -f '' \[0m
Android Tests (4)	UNKNOWN STEP	2026-02-25T19:48:31.9237593Z [36;1m  -a 'X64' \[0m
Android Tests (4)	UNKNOWN STEP	2026-02-25T19:48:31.9237792Z [36;1m  -k '' \[0m
Android Tests (4)	UNKNOWN STEP	2026-02-25T19:48:31.9237993Z [36;1m  -c '' \[0m
Android Tests (4)	UNKNOWN STEP	2026-02-25T19:48:31.9238179Z [36;1m  -l '' \[0m
Android Tests (4)	UNKNOWN STEP	2026-02-25T19:48:31.9238378Z [36;1m  -d 'default' \[0m
Android Tests (4)	UNKNOWN STEP	2026-02-25T19:48:31.9238678Z [36;1m  -g 'https://github.com/flutter/flutter.git' \[0m
Android Tests (4)	UNKNOWN STEP	2026-02-25T19:48:31.9238995Z [36;1m  stable[0m
Android Tests (4)	UNKNOWN STEP	2026-02-25T19:48:31.9282368Z shell: /usr/bin/bash --noprofile --norc -e -o pipefail {0}
Android Tests (4)	UNKNOWN STEP	2026-02-25T19:48:31.9282699Z env:
Android Tests (4)	UNKNOWN STEP	2026-02-25T19:48:31.9282881Z   CACHE_VERSION: v1
Android Tests (4)	UNKNOWN STEP	2026-02-25T19:48:31.9283194Z   JAVA_HOME: /opt/hostedtoolcache/Java_Temurin-Hotspot_jdk/17.0.18-8/x64
Android Tests (4)	UNKNOWN STEP	2026-02-25T19:48:31.9283671Z   JAVA_HOME_17_X64: /opt/hostedtoolcache/Java_Temurin-Hotspot_jdk/17.0.18-8/x64
Android Tests (4)	UNKNOWN STEP	2026-02-25T19:48:31.9284047Z ##[endgroup]
Android Tests (4)	UNKNOWN STEP	2026-02-25T19:48:32.0895172Z ##[group]Run actions/cache@v4
Android Tests (4)	UNKNOWN STEP	2026-02-25T19:48:32.0895398Z with:
Android Tests (4)	UNKNOWN STEP	2026-02-25T19:48:32.0895635Z   path: /opt/hostedtoolcache/flutter/stable-3.41.2-x64
Android Tests (4)	UNKNOWN STEP	2026-02-25T19:48:32.0896079Z   key: flutter-linux-stable-3.41.2-x64-90673a4eef275d1a6692c26ac80d6d746d41a73a
Android Tests (4)	UNKNOWN STEP	2026-02-25T19:48:32.0896493Z   enableCrossOsArchive: false
Android Tests (4)	UNKNOWN STEP	2026-02-25T19:48:32.0896728Z   fail-on-cache-miss: false
Android Tests (4)	UNKNOWN STEP	2026-02-25T19:48:32.0896949Z   lookup-only: false
Android Tests (4)	UNKNOWN STEP	2026-02-25T19:48:32.0897138Z   save-always: false
Android Tests (4)	UNKNOWN STEP	2026-02-25T19:48:32.0897308Z env:
Android Tests (4)	UNKNOWN STEP	2026-02-25T19:48:32.0897472Z   CACHE_VERSION: v1
Android Tests (4)	UNKNOWN STEP	2026-02-25T19:48:32.0897771Z   JAVA_HOME: /opt/hostedtoolcache/Java_Temurin-Hotspot_jdk/17.0.18-8/x64
Android Tests (4)	UNKNOWN STEP	2026-02-25T19:48:32.0898228Z   JAVA_HOME_17_X64: /opt/hostedtoolcache/Java_Temurin-Hotspot_jdk/17.0.18-8/x64
Android Tests (4)	UNKNOWN STEP	2026-02-25T19:48:32.0898570Z ##[endgroup]
Android Tests (4)	UNKNOWN STEP	2026-02-25T19:48:32.5487289Z Cache hit for: flutter-linux-stable-3.41.2-x64-90673a4eef275d1a6692c26ac80d6d746d41a73a
Android Tests (4)	UNKNOWN STEP	2026-02-25T19:48:33.8455486Z Received 4194304 of 1665993529 (0.3%), 4.0 MBs/sec
Android Tests (4)	UNKNOWN STEP	2026-02-25T19:48:34.8464797Z Received 134217728 of 1665993529 (8.1%), 64.0 MBs/sec
Android Tests (4)	UNKNOWN STEP	2026-02-25T19:48:35.8474158Z Received 264241152 of 1665993529 (15.9%), 83.9 MBs/sec
Android Tests (4)	UNKNOWN STEP	2026-02-25T19:48:36.8511990Z Received 398458880 of 1665993529 (23.9%), 94.9 MBs/sec
Android Tests (4)	UNKNOWN STEP	2026-02-25T19:48:37.9198873Z Received 536870912 of 1665993529 (32.2%), 100.9 MBs/sec
Android Tests (4)	UNKNOWN STEP	2026-02-25T19:48:38.9199268Z Received 671088640 of 1665993529 (40.3%), 105.4 MBs/sec
Android Tests (4)	UNKNOWN STEP	2026-02-25T19:48:39.9204832Z Received 805306368 of 1665993529 (48.3%), 108.6 MBs/sec
Android Tests (4)	UNKNOWN STEP	2026-02-25T19:48:40.9296193Z Received 943718400 of 1665993529 (56.6%), 111.3 MBs/sec
Android Tests (4)	UNKNOWN STEP	2026-02-25T19:48:41.9319433Z Received 1086324736 of 1665993529 (65.2%), 114.0 MBs/sec
Android Tests (4)	UNKNOWN STEP	2026-02-25T19:48:42.9319790Z Received 1241513984 of 1665993529 (74.5%), 117.4 MBs/sec
Android Tests (4)	UNKNOWN STEP	2026-02-25T19:48:43.9319966Z Received 1367343104 of 1665993529 (82.1%), 117.6 MBs/sec
Android Tests (4)	UNKNOWN STEP	2026-02-25T19:48:44.9335537Z Received 1518338048 of 1665993529 (91.1%), 119.8 MBs/sec
Android Tests (4)	UNKNOWN STEP	2026-02-25T19:48:45.9343938Z Received 1653410617 of 1665993529 (99.2%), 120.5 MBs/sec
Android Tests (4)	UNKNOWN STEP	2026-02-25T19:48:46.0690378Z Received 1665993529 of 1665993529 (100.0%), 120.2 MBs/sec
Android Tests (4)	UNKNOWN STEP	2026-02-25T19:48:46.0693818Z Cache Size: ~1589 MB (1665993529 B)
Android Tests (4)	UNKNOWN STEP	2026-02-25T19:48:46.0739159Z [command]/usr/bin/tar -xf /home/runner/work/_temp/d5e86af4-c868-4b7c-866a-93ebea92b1b2/cache.tzst -P -C /home/runner/work/substitution/substitution --use-compress-program unzstd
Android Tests (4)	UNKNOWN STEP	2026-02-25T19:48:50.8489813Z Cache restored successfully
Android Tests (4)	UNKNOWN STEP	2026-02-25T19:48:51.1571826Z Cache restored from key: flutter-linux-stable-3.41.2-x64-90673a4eef275d1a6692c26ac80d6d746d41a73a
Android Tests (4)	UNKNOWN STEP	2026-02-25T19:48:51.2745769Z ##[group]Run actions/cache@v4
Android Tests (4)	UNKNOWN STEP	2026-02-25T19:48:51.2746001Z with:
Android Tests (4)	UNKNOWN STEP	2026-02-25T19:48:51.2746212Z   path: /home/runner/.pub-cache
Android Tests (4)	UNKNOWN STEP	2026-02-25T19:48:51.2746910Z   key: flutter-pub-linux-stable-3.41.2-x64-90673a4eef275d1a6692c26ac80d6d746d41a73a-fabacfc13d2b7e18a7fb2822593662b03764f624bf41fd351cdabec60fb27783
Android Tests (4)	UNKNOWN STEP	2026-02-25T19:48:51.2747621Z   enableCrossOsArchive: false
Android Tests (4)	UNKNOWN STEP	2026-02-25T19:48:51.2747866Z   fail-on-cache-miss: false
Android Tests (4)	UNKNOWN STEP	2026-02-25T19:48:51.2748373Z   lookup-only: false
Android Tests (4)	UNKNOWN STEP	2026-02-25T19:48:51.2748565Z   save-always: false
Android Tests (4)	UNKNOWN STEP	2026-02-25T19:48:51.2748745Z env:
Android Tests (4)	UNKNOWN STEP	2026-02-25T19:48:51.2748904Z   CACHE_VERSION: v1
Android Tests (4)	UNKNOWN STEP	2026-02-25T19:48:51.2749202Z   JAVA_HOME: /opt/hostedtoolcache/Java_Temurin-Hotspot_jdk/17.0.18-8/x64
Android Tests (4)	UNKNOWN STEP	2026-02-25T19:48:51.2749662Z   JAVA_HOME_17_X64: /opt/hostedtoolcache/Java_Temurin-Hotspot_jdk/17.0.18-8/x64
Android Tests (4)	UNKNOWN STEP	2026-02-25T19:48:51.2750020Z ##[endgroup]
Android Tests (4)	UNKNOWN STEP	2026-02-25T19:48:51.6902717Z Cache hit for: flutter-pub-linux-stable-3.41.2-x64-90673a4eef275d1a6692c26ac80d6d746d41a73a-fabacfc13d2b7e18a7fb2822593662b03764f624bf41fd351cdabec60fb27783
Android Tests (4)	UNKNOWN STEP	2026-02-25T19:48:52.9847497Z Received 12582912 of 133563121 (9.4%), 12.0 MBs/sec
Android Tests (4)	UNKNOWN STEP	2026-02-25T19:48:53.9871813Z Received 130023424 of 133563121 (97.3%), 62.0 MBs/sec
Android Tests (4)	UNKNOWN STEP	2026-02-25T19:48:54.0854619Z Received 133563121 of 133563121 (100.0%), 60.6 MBs/sec
Android Tests (4)	UNKNOWN STEP	2026-02-25T19:48:54.0857923Z Cache Size: ~127 MB (133563121 B)
Android Tests (4)	UNKNOWN STEP	2026-02-25T19:48:54.0898256Z [command]/usr/bin/tar -xf /home/runner/work/_temp/462c9ed5-7221-462d-b524-6168d10d36c0/cache.tzst -P -C /home/runner/work/substitution/substitution --use-compress-program unzstd
Android Tests (4)	UNKNOWN STEP	2026-02-25T19:48:55.5981392Z Cache restored successfully
Android Tests (4)	UNKNOWN STEP	2026-02-25T19:48:55.6333941Z Cache restored from key: flutter-pub-linux-stable-3.41.2-x64-90673a4eef275d1a6692c26ac80d6d746d41a73a-fabacfc13d2b7e18a7fb2822593662b03764f624bf41fd351cdabec60fb27783
Android Tests (4)	UNKNOWN STEP	2026-02-25T19:48:55.6463575Z ##[group]Run $GITHUB_ACTION_PATH/setup.sh \
Android Tests (4)	UNKNOWN STEP	2026-02-25T19:48:55.6463901Z [36;1m$GITHUB_ACTION_PATH/setup.sh \[0m
Android Tests (4)	UNKNOWN STEP	2026-02-25T19:48:55.6464166Z [36;1m  -n '3.41.2' \[0m
Android Tests (4)	UNKNOWN STEP	2026-02-25T19:48:55.6464389Z [36;1m  -a 'x64' \[0m
Android Tests (4)	UNKNOWN STEP	2026-02-25T19:48:55.6464700Z [36;1m  -c '/opt/hostedtoolcache/flutter/stable-3.41.2-x64' \[0m
Android Tests (4)	UNKNOWN STEP	2026-02-25T19:48:55.6465053Z [36;1m  -d '/home/runner/.pub-cache' \[0m
Android Tests (4)	UNKNOWN STEP	2026-02-25T19:48:55.6465309Z [36;1m  stable[0m
Android Tests (4)	UNKNOWN STEP	2026-02-25T19:48:55.6513621Z shell: /usr/bin/bash --noprofile --norc -e -o pipefail {0}
Android Tests (4)	UNKNOWN STEP	2026-02-25T19:48:55.6513951Z env:
Android Tests (4)	UNKNOWN STEP	2026-02-25T19:48:55.6514124Z   CACHE_VERSION: v1
Android Tests (4)	UNKNOWN STEP	2026-02-25T19:48:55.6514442Z   JAVA_HOME: /opt/hostedtoolcache/Java_Temurin-Hotspot_jdk/17.0.18-8/x64
Android Tests (4)	UNKNOWN STEP	2026-02-25T19:48:55.6514948Z   JAVA_HOME_17_X64: /opt/hostedtoolcache/Java_Temurin-Hotspot_jdk/17.0.18-8/x64
Android Tests (4)	UNKNOWN STEP	2026-02-25T19:48:55.6515314Z ##[endgroup]
Android Tests (4)	UNKNOWN STEP	2026-02-25T19:48:55.8025306Z ##[group]Run flutter precache --android
Android Tests (4)	UNKNOWN STEP	2026-02-25T19:48:55.8025662Z [36;1mflutter precache --android[0m
Android Tests (4)	UNKNOWN STEP	2026-02-25T19:48:55.8025937Z [36;1mflutter pub get[0m
Android Tests (4)	UNKNOWN STEP	2026-02-25T19:48:55.8075615Z shell: /usr/bin/bash -e {0}
Android Tests (4)	UNKNOWN STEP	2026-02-25T19:48:55.8075872Z env:
Android Tests (4)	UNKNOWN STEP	2026-02-25T19:48:55.8076060Z   CACHE_VERSION: v1
Android Tests (4)	UNKNOWN STEP	2026-02-25T19:48:55.8076403Z   JAVA_HOME: /opt/hostedtoolcache/Java_Temurin-Hotspot_jdk/17.0.18-8/x64
Android Tests (4)	UNKNOWN STEP	2026-02-25T19:48:55.8076903Z   JAVA_HOME_17_X64: /opt/hostedtoolcache/Java_Temurin-Hotspot_jdk/17.0.18-8/x64
Android Tests (4)	UNKNOWN STEP	2026-02-25T19:48:55.8077383Z   FLUTTER_ROOT: /opt/hostedtoolcache/flutter/stable-3.41.2-x64
Android Tests (4)	UNKNOWN STEP	2026-02-25T19:48:55.8077743Z   PUB_CACHE: /home/runner/.pub-cache
Android Tests (4)	UNKNOWN STEP	2026-02-25T19:48:55.8078009Z ##[endgroup]
Android Tests (4)	UNKNOWN STEP	2026-02-25T19:48:56.3267385Z Resolving dependencies...
Android Tests (4)	UNKNOWN STEP	2026-02-25T19:48:56.6651029Z Downloading packages...
Android Tests (4)	UNKNOWN STEP	2026-02-25T19:48:56.7238568Z   _fe_analyzer_shared 91.0.0 (96.0.0 available)
Android Tests (4)	UNKNOWN STEP	2026-02-25T19:48:56.7238945Z   analyzer 8.4.1 (10.2.0 available)
Android Tests (4)	UNKNOWN STEP	2026-02-25T19:48:56.7239301Z > characters 1.4.1 (was 1.4.0)
Android Tests (4)	UNKNOWN STEP	2026-02-25T19:48:56.7239648Z > matcher 0.12.18 (was 0.12.17)
Android Tests (4)	UNKNOWN STEP	2026-02-25T19:48:56.7240112Z > material_color_utilities 0.13.0 (was 0.11.1)
Android Tests (4)	UNKNOWN STEP	2026-02-25T19:48:56.7240455Z   meta 1.17.0 (1.18.1 available)
Android Tests (4)	UNKNOWN STEP	2026-02-25T19:48:56.7240982Z   sqflite_common_ffi 2.3.7+1 (2.4.0+2 available)
Android Tests (4)	UNKNOWN STEP	2026-02-25T19:48:56.7241291Z   sqlite3 2.9.4 (3.1.6 available)
Android Tests (4)	UNKNOWN STEP	2026-02-25T19:48:56.7241549Z > test_api 0.7.9 (was 0.7.7)
Android Tests (4)	UNKNOWN STEP	2026-02-25T19:48:56.7241797Z > test_core 0.6.15 (was 0.6.12)
Android Tests (4)	UNKNOWN STEP	2026-02-25T19:48:56.7242041Z   unorm_dart 0.2.0 (0.3.2 available)
Android Tests (4)	UNKNOWN STEP	2026-02-25T19:48:56.7242304Z   win32 5.15.0 (6.0.0 available)
Android Tests (4)	UNKNOWN STEP	2026-02-25T19:48:56.7242587Z Changed 5 dependencies!
Android Tests (4)	UNKNOWN STEP	2026-02-25T19:48:56.7247551Z 7 packages have newer versions incompatible with dependency constraints.
Android Tests (4)	UNKNOWN STEP	2026-02-25T19:48:56.7248033Z Try `flutter pub outdated` for more information.
Android Tests (4)	UNKNOWN STEP	2026-02-25T19:48:57.3278689Z ##[group]Run docker compose up -d postgres matrix-synapse redis
Android Tests (4)	UNKNOWN STEP	2026-02-25T19:48:57.3279555Z [36;1mdocker compose up -d postgres matrix-synapse redis[0m
Android Tests (4)	UNKNOWN STEP	2026-02-25T19:48:57.3279908Z [36;1msleep 10[0m
Android Tests (4)	UNKNOWN STEP	2026-02-25T19:48:57.3280159Z [36;1mdocker compose run --rm matrix-init[0m
Android Tests (4)	UNKNOWN STEP	2026-02-25T19:48:57.3281331Z [36;1mtimeout 60 bash -c 'until curl -sf http://localhost:8008/_matrix/client/versions > /dev/null 2>&1; do sleep 2; done'[0m
Android Tests (4)	UNKNOWN STEP	2026-02-25T19:48:57.3330363Z shell: /usr/bin/bash -e {0}
Android Tests (4)	UNKNOWN STEP	2026-02-25T19:48:57.3330804Z env:
Android Tests (4)	UNKNOWN STEP	2026-02-25T19:48:57.3330979Z   CACHE_VERSION: v1
Android Tests (4)	UNKNOWN STEP	2026-02-25T19:48:57.3331306Z   JAVA_HOME: /opt/hostedtoolcache/Java_Temurin-Hotspot_jdk/17.0.18-8/x64
Android Tests (4)	UNKNOWN STEP	2026-02-25T19:48:57.3331790Z   JAVA_HOME_17_X64: /opt/hostedtoolcache/Java_Temurin-Hotspot_jdk/17.0.18-8/x64
Android Tests (4)	UNKNOWN STEP	2026-02-25T19:48:57.3332262Z   FLUTTER_ROOT: /opt/hostedtoolcache/flutter/stable-3.41.2-x64
Android Tests (4)	UNKNOWN STEP	2026-02-25T19:48:57.3332612Z   PUB_CACHE: /home/runner/.pub-cache
Android Tests (4)	UNKNOWN STEP	2026-02-25T19:48:57.3332872Z ##[endgroup]
Android Tests (4)	UNKNOWN STEP	2026-02-25T19:48:57.6715679Z time="2026-02-25T19:48:57Z" level=warning msg="/home/runner/work/substitution/substitution/docker-compose.yml: the attribute `version` is obsolete, it will be ignored, please remove it to avoid potential confusion"
Android Tests (4)	UNKNOWN STEP	2026-02-25T19:48:57.6782062Z  matrix-synapse Pulling 
Android Tests (4)	UNKNOWN STEP	2026-02-25T19:48:57.6782511Z  postgres Pulling 
Android Tests (4)	UNKNOWN STEP	2026-02-25T19:48:57.6782821Z  dex Pulling 
Android Tests (4)	UNKNOWN STEP	2026-02-25T19:48:57.6783020Z  redis Pulling 
Android Tests (4)	UNKNOWN STEP	2026-02-25T19:48:58.7772825Z  589002ba0eae Pulling fs layer 
Android Tests (4)	UNKNOWN STEP	2026-02-25T19:48:58.7773165Z  5ffb427686b6 Pulling fs layer 
Android Tests (4)	UNKNOWN STEP	2026-02-25T19:48:58.7773446Z  630177b00352 Pulling fs layer 
Android Tests (4)	UNKNOWN STEP	2026-02-25T19:48:58.7773714Z  6c18ff1f33d0 Pulling fs layer 
Android Tests (4)	UNKNOWN STEP	2026-02-25T19:48:58.7773977Z  13e46e455d3b Pulling fs layer 
Android Tests (4)	UNKNOWN STEP	2026-02-25T19:48:58.7774230Z  b4403f29458a Pulling fs layer 
Android Tests (4)	UNKNOWN STEP	2026-02-25T19:48:58.7774486Z  40aaa75af6ce Pulling fs layer 
Android Tests (4)	UNKNOWN STEP	2026-02-25T19:48:58.7774737Z  162bdab1e0a7 Pulling fs layer 
Android Tests (4)	UNKNOWN STEP	2026-02-25T19:48:58.7774995Z  ebff7b0ec73e Pulling fs layer 
Android Tests (4)	UNKNOWN STEP	2026-02-25T19:48:58.7775286Z  c02179436571 Pulling fs layer 
Android Tests (4)	UNKNOWN STEP	2026-02-25T19:48:58.7775529Z  8243369e9866 Pulling fs layer 
Android Tests (4)	UNKNOWN STEP	2026-02-25T19:48:58.7775773Z  40aaa75af6ce Waiting 
Android Tests (4)	UNKNOWN STEP	2026-02-25T19:48:58.7776000Z  ebff7b0ec73e Waiting 
Android Tests (4)	UNKNOWN STEP	2026-02-25T19:48:58.7776213Z  162bdab1e0a7 Waiting 
Android Tests (4)	UNKNOWN STEP	2026-02-25T19:48:58.7776421Z  c02179436571 Waiting 
Android Tests (4)	UNKNOWN STEP	2026-02-25T19:48:58.7776630Z  8243369e9866 Waiting 
Android Tests (4)	UNKNOWN STEP	2026-02-25T19:48:58.7776841Z  13e46e455d3b Waiting 
Android Tests (4)	UNKNOWN STEP	2026-02-25T19:48:58.7777052Z  6c18ff1f33d0 Waiting 
Android Tests (4)	UNKNOWN STEP	2026-02-25T19:48:58.7777265Z  b4403f29458a Waiting 
Android Tests (4)	UNKNOWN STEP	2026-02-25T19:48:58.7966291Z  bc1da058f299 Pulling fs layer 
Android Tests (4)	UNKNOWN STEP	2026-02-25T19:48:58.7967067Z  09a5a0c32a23 Pulling fs layer 
Android Tests (4)	UNKNOWN STEP	2026-02-25T19:48:58.7967598Z  bd53938b1271 Pulling fs layer 
Android Tests (4)	UNKNOWN STEP	2026-02-25T19:48:58.7968048Z  9fe3744a2eac Pulling fs layer 
Android Tests (4)	UNKNOWN STEP	2026-02-25T19:48:58.7968437Z  7ad54b3c4cef Pulling fs layer 
Android Tests (4)	UNKNOWN STEP	2026-02-25T19:48:58.7968835Z  2a97533d89ca Pulling fs layer 
Android Tests (4)	UNKNOWN STEP	2026-02-25T19:48:58.7969244Z  4f4fb700ef54 Pulling fs layer 
Android Tests (4)	UNKNOWN STEP	2026-02-25T19:48:58.7969630Z  1c2c8d1ee428 Pulling fs layer 
Android Tests (4)	UNKNOWN STEP	2026-02-25T19:48:58.7970035Z  bc1da058f299 Waiting 
Android Tests (4)	UNKNOWN STEP	2026-02-25T19:48:58.7970361Z  09a5a0c32a23 Waiting 
Android Tests (4)	UNKNOWN STEP	2026-02-25T19:48:58.7970878Z  bd53938b1271 Waiting 
Android Tests (4)	UNKNOWN STEP	2026-02-25T19:48:58.7971236Z  7ad54b3c4cef Waiting 
Android Tests (4)	UNKNOWN STEP	2026-02-25T19:48:58.7971588Z  9fe3744a2eac Waiting 
Android Tests (4)	UNKNOWN STEP	2026-02-25T19:48:58.7971936Z  2a97533d89ca Waiting 
Android Tests (4)	UNKNOWN STEP	2026-02-25T19:48:58.7972292Z  4f4fb700ef54 Waiting 
Android Tests (4)	UNKNOWN STEP	2026-02-25T19:48:58.7972610Z  1c2c8d1ee428 Waiting 
Android Tests (4)	UNKNOWN STEP	2026-02-25T19:48:58.8121300Z  0c8d55a45c0d Pulling fs layer 
Android Tests (4)	UNKNOWN STEP	2026-02-25T19:48:58.8122070Z  03af238a5946 Pulling fs layer 
Android Tests (4)	UNKNOWN STEP	2026-02-25T19:48:58.8122524Z  686599c79c87 Pulling fs layer 
Android Tests (4)	UNKNOWN STEP	2026-02-25T19:48:58.8122950Z  f1cadbd7abd2 Pulling fs layer 
Android Tests (4)	UNKNOWN STEP	2026-02-25T19:48:58.8123376Z  3ee96ea8e5d2 Pulling fs layer 
Android Tests (4)	UNKNOWN STEP	2026-02-25T19:48:58.8123713Z  a954d256f742 Pulling fs layer 
Android Tests (4)	UNKNOWN STEP	2026-02-25T19:48:58.8124080Z  c7ce85987d6d Pulling fs layer 
Android Tests (4)	UNKNOWN STEP	2026-02-25T19:48:58.8124361Z  7807da78b90b Pulling fs layer 
Android Tests (4)	UNKNOWN STEP	2026-02-25T19:48:58.8124789Z  0478cd5c1079 Pulling fs layer 
Android Tests (4)	UNKNOWN STEP	2026-02-25T19:48:58.8125217Z  3a02ac06be95 Pulling fs layer 
Android Tests (4)	UNKNOWN STEP	2026-02-25T19:48:58.8126017Z  7807da78b90b Waiting 
Android Tests (4)	UNKNOWN STEP	2026-02-25T19:48:58.8126264Z  0478cd5c1079 Waiting 
Android Tests (4)	UNKNOWN STEP	2026-02-25T19:48:58.8126591Z  3ee96ea8e5d2 Waiting 
Android Tests (4)	UNKNOWN STEP	2026-02-25T19:48:58.8126802Z  3a02ac06be95 Waiting 
Android Tests (4)	UNKNOWN STEP	2026-02-25T19:48:58.8127067Z  a954d256f742 Waiting 
Android Tests (4)	UNKNOWN STEP	2026-02-25T19:48:58.8127367Z  c7ce85987d6d Waiting 
Android Tests (4)	UNKNOWN STEP	2026-02-25T19:48:58.8127711Z  0c8d55a45c0d Waiting 
Android Tests (4)	UNKNOWN STEP	2026-02-25T19:48:58.8128001Z  03af238a5946 Waiting 
Android Tests (4)	UNKNOWN STEP	2026-02-25T19:48:58.8128293Z  686599c79c87 Waiting 
Android Tests (4)	UNKNOWN STEP	2026-02-25T19:48:58.8128578Z  f1cadbd7abd2 Waiting 
Android Tests (4)	UNKNOWN STEP	2026-02-25T19:48:58.8565987Z  d25f557d7f31 Pulling fs layer 
Android Tests (4)	UNKNOWN STEP	2026-02-25T19:48:58.8566595Z  9acd5b82521c Pulling fs layer 
Android Tests (4)	UNKNOWN STEP	2026-02-25T19:48:58.8567444Z  10d78728ec4d Pulling fs layer 
Android Tests (4)	UNKNOWN STEP	2026-02-25T19:48:58.8567919Z  e0d49f520b92 Pulling fs layer 
Android Tests (4)	UNKNOWN STEP	2026-02-25T19:48:58.8568384Z  5de905603ac5 Pulling fs layer 
Android Tests (4)	UNKNOWN STEP	2026-02-25T19:48:58.8568840Z  808bb02340fa Pulling fs layer 
Android Tests (4)	UNKNOWN STEP	2026-02-25T19:48:58.8569280Z  c0970b69197c Pulling fs layer 
Android Tests (4)	UNKNOWN STEP	2026-02-25T19:48:58.8569704Z  9de5f206730a Pulling fs layer 
Android Tests (4)	UNKNOWN STEP	2026-02-25T19:48:58.8570063Z  24e28b7dc0a2 Pulling fs layer 
Android Tests (4)	UNKNOWN STEP	2026-02-25T19:48:58.8570315Z  830180cf89a8 Pulling fs layer 
Android Tests (4)	UNKNOWN STEP	2026-02-25T19:48:58.8570558Z  9acd5b82521c Waiting 
Android Tests (4)	UNKNOWN STEP	2026-02-25T19:48:58.8571009Z  10d78728ec4d Waiting 
Android Tests (4)	UNKNOWN STEP	2026-02-25T19:48:58.8571223Z  d25f557d7f31 Waiting 
Android Tests (4)	UNKNOWN STEP	2026-02-25T19:48:58.8571430Z  9de5f206730a Waiting 
Android Tests (4)	UNKNOWN STEP	2026-02-25T19:48:58.8571637Z  e0d49f520b92 Waiting 
Android Tests (4)	UNKNOWN STEP	2026-02-25T19:48:58.8571832Z  5de905603ac5 Waiting 
Android Tests (4)	UNKNOWN STEP	2026-02-25T19:48:58.8572035Z  808bb02340fa Waiting 
Android Tests (4)	UNKNOWN STEP	2026-02-25T19:48:58.8572239Z  830180cf89a8 Waiting 
Android Tests (4)	UNKNOWN STEP	2026-02-25T19:48:58.8572440Z  c0970b69197c Waiting 
Android Tests (4)	UNKNOWN STEP	2026-02-25T19:48:58.8572638Z  24e28b7dc0a2 Waiting 
Android Tests (4)	UNKNOWN STEP	2026-02-25T19:48:59.0097757Z  5ffb427686b6 Verifying Checksum 
Android Tests (4)	UNKNOWN STEP	2026-02-25T19:48:59.0098258Z  5ffb427686b6 Download complete 
Android Tests (4)	UNKNOWN STEP	2026-02-25T19:48:59.0138119Z  589002ba0eae Downloading [>                                                  ]  38.88kB/3.862MB
Android Tests (4)	UNKNOWN STEP	2026-02-25T19:48:59.0349920Z  630177b00352 Downloading [>                                                  ]  10.28kB/922.9kB
Android Tests (4)	UNKNOWN STEP	2026-02-25T19:48:59.0432420Z  630177b00352 Verifying Checksum 
Android Tests (4)	UNKNOWN STEP	2026-02-25T19:48:59.0432981Z  630177b00352 Download complete 
Android Tests (4)	UNKNOWN STEP	2026-02-25T19:48:59.0482215Z  589002ba0eae Verifying Checksum 
Android Tests (4)	UNKNOWN STEP	2026-02-25T19:48:59.0483294Z  589002ba0eae Download complete 
Android Tests (4)	UNKNOWN STEP	2026-02-25T19:48:59.0494978Z  589002ba0eae Extracting [>                                                  ]  65.54kB/3.862MB
Android Tests (4)	UNKNOWN STEP	2026-02-25T19:48:59.1351052Z  589002ba0eae Extracting [==================================================>]  3.862MB/3.862MB
Android Tests (4)	UNKNOWN STEP	2026-02-25T19:48:59.1355118Z  589002ba0eae Extracting [==================================================>]  3.862MB/3.862MB
Android Tests (4)	UNKNOWN STEP	2026-02-25T19:48:59.1553023Z  589002ba0eae Pull complete 
Android Tests (4)	UNKNOWN STEP	2026-02-25T19:48:59.1569151Z  5ffb427686b6 Extracting [==================================================>]     972B/972B
Android Tests (4)	UNKNOWN STEP	2026-02-25T19:48:59.1573611Z  5ffb427686b6 Extracting [==================================================>]     972B/972B
Android Tests (4)	UNKNOWN STEP	2026-02-25T19:48:59.2441266Z  6c18ff1f33d0 Downloading [==================================================>]     173B/173B
Android Tests (4)	UNKNOWN STEP	2026-02-25T19:48:59.2442424Z  6c18ff1f33d0 Verifying Checksum 
Android Tests (4)	UNKNOWN STEP	2026-02-25T19:48:59.2443088Z  6c18ff1f33d0 Download complete 
Android Tests (4)	UNKNOWN STEP	2026-02-25T19:48:59.2789697Z  13e46e455d3b Downloading [==================================================>]     116B/116B
Android Tests (4)	UNKNOWN STEP	2026-02-25T19:48:59.2792667Z  13e46e455d3b Download complete 
Android Tests (4)	UNKNOWN STEP	2026-02-25T19:48:59.3173477Z  b4403f29458a Downloading [>                                                  ]  538.8kB/105.2MB
Android Tests (4)	UNKNOWN STEP	2026-02-25T19:48:59.4183407Z  b4403f29458a Downloading [============>                                      ]  26.76MB/105.2MB
Android Tests (4)	UNKNOWN STEP	2026-02-25T19:48:59.5047479Z  40aaa75af6ce Downloading [===>                                               ]     700B/9.62kB
Android Tests (4)	UNKNOWN STEP	2026-02-25T19:48:59.5048446Z  40aaa75af6ce Downloading [==================================================>]   9.62kB/9.62kB
Android Tests (4)	UNKNOWN STEP	2026-02-25T19:48:59.5049185Z  40aaa75af6ce Verifying Checksum 
Android Tests (4)	UNKNOWN STEP	2026-02-25T19:48:59.5049692Z  40aaa75af6ce Download complete 
Android Tests (4)	UNKNOWN STEP	2026-02-25T19:48:59.5225709Z  b4403f29458a Downloading [======================>                            ]  48.05MB/105.2MB
Android Tests (4)	UNKNOWN STEP	2026-02-25T19:48:59.5231061Z  162bdab1e0a7 Downloading [==================================================>]     128B/128B
Android Tests (4)	UNKNOWN STEP	2026-02-25T19:48:59.5232730Z  162bdab1e0a7 Download complete 
Android Tests (4)	UNKNOWN STEP	2026-02-25T19:48:59.6237191Z  b4403f29458a Downloading [=================================>                 ]  70.44MB/105.2MB
Android Tests (4)	UNKNOWN STEP	2026-02-25T19:48:59.7286675Z  b4403f29458a Downloading [============================================>      ]  94.49MB/105.2MB
Android Tests (4)	UNKNOWN STEP	2026-02-25T19:48:59.7550954Z  ebff7b0ec73e Download complete 
Android Tests (4)	UNKNOWN STEP	2026-02-25T19:48:59.7627840Z  c02179436571 Downloading [=====>                                             ]     700B/5.84kB
Android Tests (4)	UNKNOWN STEP	2026-02-25T19:48:59.7630772Z  c02179436571 Downloading [==================================================>]   5.84kB/5.84kB
Android Tests (4)	UNKNOWN STEP	2026-02-25T19:48:59.7631509Z  c02179436571 Verifying Checksum 
Android Tests (4)	UNKNOWN STEP	2026-02-25T19:48:59.7631959Z  c02179436571 Download complete 
Android Tests (4)	UNKNOWN STEP	2026-02-25T19:48:59.7898618Z  b4403f29458a Verifying Checksum 
Android Tests (4)	UNKNOWN STEP	2026-02-25T19:48:59.7899113Z  b4403f29458a Download complete 
Android Tests (4)	UNKNOWN STEP	2026-02-25T19:49:00.0026736Z  8243369e9866 Downloading [==================================================>]     186B/186B
Android Tests (4)	UNKNOWN STEP	2026-02-25T19:49:00.0027452Z  8243369e9866 Verifying Checksum 
Android Tests (4)	UNKNOWN STEP	2026-02-25T19:49:00.0027929Z  8243369e9866 Download complete 
Android Tests (4)	UNKNOWN STEP	2026-02-25T19:49:00.0120468Z  bc1da058f299 Downloading [>                                                  ]  36.72kB/3.644MB
Android Tests (4)	UNKNOWN STEP	2026-02-25T19:49:00.0303133Z  09a5a0c32a23 Downloading [======================================>            ]     721B/948B
Android Tests (4)	UNKNOWN STEP	2026-02-25T19:49:00.0304112Z  09a5a0c32a23 Downloading [==================================================>]     948B/948B
Android Tests (4)	UNKNOWN STEP	2026-02-25T19:49:00.0304876Z  09a5a0c32a23 Verifying Checksum 
Android Tests (4)	UNKNOWN STEP	2026-02-25T19:49:00.0305376Z  09a5a0c32a23 Download complete 
Android Tests (4)	UNKNOWN STEP	2026-02-25T19:49:00.0599580Z  bc1da058f299 Verifying Checksum 
Android Tests (4)	UNKNOWN STEP	2026-02-25T19:49:00.0602614Z  bc1da058f299 Download complete 
Android Tests (4)	UNKNOWN STEP	2026-02-25T19:49:00.0605070Z  bc1da058f299 Extracting [>                                                  ]  65.54kB/3.644MB
Android Tests (4)	UNKNOWN STEP	2026-02-25T19:49:00.2349395Z  bd53938b1271 Downloading [>                                                  ]  2.087kB/173.4kB
Android Tests (4)	UNKNOWN STEP	2026-02-25T19:49:00.2382254Z  bd53938b1271 Verifying Checksum 
Android Tests (4)	UNKNOWN STEP	2026-02-25T19:49:00.2382739Z  bd53938b1271 Download complete 
Android Tests (4)	UNKNOWN STEP	2026-02-25T19:49:00.3430533Z  9fe3744a2eac Downloading [>                                                  ]   10.3kB/1.003MB
Android Tests (4)	UNKNOWN STEP	2026-02-25T19:49:00.3449107Z  7ad54b3c4cef Downloading [>                                                  ]    125kB/12.41MB
Android Tests (4)	UNKNOWN STEP	2026-02-25T19:49:00.3452804Z  bc1da058f299 Extracting [===>                                               ]  262.1kB/3.644MB
Android Tests (4)	UNKNOWN STEP	2026-02-25T19:49:00.3510468Z  9fe3744a2eac Downloading [==================================================>]  1.003MB/1.003MB
Android Tests (4)	UNKNOWN STEP	2026-02-25T19:49:00.3515502Z  9fe3744a2eac Verifying Checksum 
Android Tests (4)	UNKNOWN STEP	2026-02-25T19:49:00.3515959Z  9fe3744a2eac Download complete 
Android Tests (4)	UNKNOWN STEP	2026-02-25T19:49:00.4302217Z  bc1da058f299 Extracting [==================================================>]  3.644MB/3.644MB
Android Tests (4)	UNKNOWN STEP	2026-02-25T19:49:00.4306570Z  bc1da058f299 Extracting [==================================================>]  3.644MB/3.644MB
Android Tests (4)	UNKNOWN STEP	2026-02-25T19:49:00.4604279Z  7ad54b3c4cef Downloading [=========>                                         ]  2.478MB/12.41MB
Android Tests (4)	UNKNOWN STEP	2026-02-25T19:49:00.4634958Z  2a97533d89ca Downloading [==================================================>]     100B/100B
Android Tests (4)	UNKNOWN STEP	2026-02-25T19:49:00.4635653Z  2a97533d89ca Verifying Checksum 
Android Tests (4)	UNKNOWN STEP	2026-02-25T19:49:00.4636230Z  2a97533d89ca Download complete 
Android Tests (4)	UNKNOWN STEP	2026-02-25T19:49:00.5238037Z  7ad54b3c4cef Verifying Checksum 
Android Tests (4)	UNKNOWN STEP	2026-02-25T19:49:00.5238460Z  7ad54b3c4cef Download complete 
Android Tests (4)	UNKNOWN STEP	2026-02-25T19:49:00.5891215Z  4f4fb700ef54 Downloading [==================================================>]      32B/32B
Android Tests (4)	UNKNOWN STEP	2026-02-25T19:49:00.5892003Z  4f4fb700ef54 Verifying Checksum 
Android Tests (4)	UNKNOWN STEP	2026-02-25T19:49:00.6033440Z  bc1da058f299 Pull complete 
Android Tests (4)	UNKNOWN STEP	2026-02-25T19:49:00.6052055Z  09a5a0c32a23 Extracting [==================================================>]     948B/948B
Android Tests (4)	UNKNOWN STEP	2026-02-25T19:49:00.6059048Z  09a5a0c32a23 Extracting [==================================================>]     948B/948B
Android Tests (4)	UNKNOWN STEP	2026-02-25T19:49:00.7002043Z  1c2c8d1ee428 Downloading [==================================================>]     576B/576B
Android Tests (4)	UNKNOWN STEP	2026-02-25T19:49:00.7003169Z  1c2c8d1ee428 Verifying Checksum 
Android Tests (4)	UNKNOWN STEP	2026-02-25T19:49:00.7004458Z  1c2c8d1ee428 Download complete 
Android Tests (4)	UNKNOWN STEP	2026-02-25T19:49:00.7899136Z  0c8d55a45c0d Downloading [>                                                  ]  311.3kB/29.78MB
Android Tests (4)	UNKNOWN STEP	2026-02-25T19:49:00.8485325Z  03af238a5946 Downloading [>                                                  ]  13.49kB/1.293MB
Android Tests (4)	UNKNOWN STEP	2026-02-25T19:49:00.8553129Z  03af238a5946 Verifying Checksum 
Android Tests (4)	UNKNOWN STEP	2026-02-25T19:49:00.8553850Z  03af238a5946 Download complete 
Android Tests (4)	UNKNOWN STEP	2026-02-25T19:49:00.8909863Z  0c8d55a45c0d Downloading [=========================>                         ]   15.4MB/29.78MB
Android Tests (4)	UNKNOWN STEP	2026-02-25T19:49:00.9468594Z  0c8d55a45c0d Verifying Checksum 
Android Tests (4)	UNKNOWN STEP	2026-02-25T19:49:00.9469237Z  0c8d55a45c0d Download complete 
Android Tests (4)	UNKNOWN STEP	2026-02-25T19:49:00.9658672Z  686599c79c87 Downloading [>                                                  ]  118.7kB/11.8MB
Android Tests (4)	UNKNOWN STEP	2026-02-25T19:49:00.9871279Z  0c8d55a45c0d Extracting [>                                                  ]  327.7kB/29.78MB
Android Tests (4)	UNKNOWN STEP	2026-02-25T19:49:01.0097851Z  686599c79c87 Verifying Checksum 
Android Tests (4)	UNKNOWN STEP	2026-02-25T19:49:01.0098479Z  686599c79c87 Download complete 
Android Tests (4)	UNKNOWN STEP	2026-02-25T19:49:01.0893505Z  0c8d55a45c0d Extracting [==========>                                        ]  6.226MB/29.78MB
Android Tests (4)	UNKNOWN STEP	2026-02-25T19:49:01.1078320Z  f1cadbd7abd2 Downloading [==================================================>]     252B/252B
Android Tests (4)	UNKNOWN STEP	2026-02-25T19:49:01.1079386Z  f1cadbd7abd2 Verifying Checksum 
Android Tests (4)	UNKNOWN STEP	2026-02-25T19:49:01.1079773Z  f1cadbd7abd2 Download complete 
Android Tests (4)	UNKNOWN STEP	2026-02-25T19:49:01.1820960Z  3ee96ea8e5d2 Download complete 
Android Tests (4)	UNKNOWN STEP	2026-02-25T19:49:01.1931155Z  0c8d55a45c0d Extracting [=================>                                 ]  10.49MB/29.78MB
Android Tests (4)	UNKNOWN STEP	2026-02-25T19:49:01.2543450Z  a954d256f742 Downloading [>                                                  ]  220.1kB/21.98MB
Android Tests (4)	UNKNOWN STEP	2026-02-25T19:49:01.2984033Z  0c8d55a45c0d Extracting [=========================>                         ]   15.4MB/29.78MB
Android Tests (4)	UNKNOWN STEP	2026-02-25T19:49:01.3588242Z  a954d256f742 Downloading [=================>                                 ]  7.503MB/21.98MB
Android Tests (4)	UNKNOWN STEP	2026-02-25T19:49:01.3748175Z  c7ce85987d6d Downloading [==>                                                ]     719B/13.29kB
Android Tests (4)	UNKNOWN STEP	2026-02-25T19:49:01.3751922Z  c7ce85987d6d Downloading [==================================================>]  13.29kB/13.29kB
Android Tests (4)	UNKNOWN STEP	2026-02-25T19:49:01.3752818Z  c7ce85987d6d Verifying Checksum 
Android Tests (4)	UNKNOWN STEP	2026-02-25T19:49:01.3784261Z  c7ce85987d6d Download complete 
Android Tests (4)	UNKNOWN STEP	2026-02-25T19:49:01.4024670Z  0c8d55a45c0d Extracting [=====================================>             ]  22.28MB/29.78MB
Android Tests (4)	UNKNOWN STEP	2026-02-25T19:49:01.4358579Z  7807da78b90b Downloading [>                                                  ]  462.7kB/45.54MB
Android Tests (4)	UNKNOWN STEP	2026-02-25T19:49:01.4543058Z  a954d256f742 Verifying Checksum 
Android Tests (4)	UNKNOWN STEP	2026-02-25T19:49:01.4543857Z  a954d256f742 Download complete 
Android Tests (4)	UNKNOWN STEP	2026-02-25T19:49:01.5464559Z  7807da78b90b Downloading [====================>                              ]  18.47MB/45.54MB
Android Tests (4)	UNKNOWN STEP	2026-02-25T19:49:01.6113002Z  0478cd5c1079 Downloading [==========>                                        ]     720B/3.507kB
Android Tests (4)	UNKNOWN STEP	2026-02-25T19:49:01.6115357Z  0478cd5c1079 Downloading [==================================================>]  3.507kB/3.507kB
Android Tests (4)	UNKNOWN STEP	2026-02-25T19:49:01.6118345Z  0478cd5c1079 Verifying Checksum 
Android Tests (4)	UNKNOWN STEP	2026-02-25T19:49:01.6118862Z  0478cd5c1079 Download complete 
Android Tests (4)	UNKNOWN STEP	2026-02-25T19:49:01.6387513Z  7807da78b90b Verifying Checksum 
Android Tests (4)	UNKNOWN STEP	2026-02-25T19:49:01.6392174Z  7807da78b90b Download complete 
Android Tests (4)	UNKNOWN STEP	2026-02-25T19:49:01.6579786Z  0c8d55a45c0d Extracting [============================================>      ]  26.21MB/29.78MB
Android Tests (4)	UNKNOWN STEP	2026-02-25T19:49:01.6963849Z  3a02ac06be95 Downloading [==========>                                        ]     720B/3.462kB
Android Tests (4)	UNKNOWN STEP	2026-02-25T19:49:01.6964597Z  3a02ac06be95 Verifying Checksum 
Android Tests (4)	UNKNOWN STEP	2026-02-25T19:49:01.6966397Z  3a02ac06be95 Download complete 
Android Tests (4)	UNKNOWN STEP	2026-02-25T19:49:01.8265403Z  0c8d55a45c0d Extracting [================================================>  ]  28.84MB/29.78MB
Android Tests (4)	UNKNOWN STEP	2026-02-25T19:49:01.8667543Z  d25f557d7f31 Downloading [>                                                  ]  36.54kB/3.622MB
Android Tests (4)	UNKNOWN STEP	2026-02-25T19:49:01.8989722Z  d25f557d7f31 Verifying Checksum 
Android Tests (4)	UNKNOWN STEP	2026-02-25T19:49:01.8990218Z  d25f557d7f31 Download complete 
Android Tests (4)	UNKNOWN STEP	2026-02-25T19:49:01.9006761Z  d25f557d7f31 Extracting [>                                                  ]  65.54kB/3.622MB
Android Tests (4)	UNKNOWN STEP	2026-02-25T19:49:01.9011348Z  9acd5b82521c Downloading [>                                                  ]  1.378kB/127.5kB
Android Tests (4)	UNKNOWN STEP	2026-02-25T19:49:01.9025982Z  9acd5b82521c Downloading [==================================================>]  127.5kB/127.5kB
Android Tests (4)	UNKNOWN STEP	2026-02-25T19:49:01.9027682Z  9acd5b82521c Verifying Checksum 
Android Tests (4)	UNKNOWN STEP	2026-02-25T19:49:01.9028148Z  9acd5b82521c Download complete 
Android Tests (4)	UNKNOWN STEP	2026-02-25T19:49:01.9605337Z  0c8d55a45c0d Extracting [================================================>  ]  29.16MB/29.78MB
Android Tests (4)	UNKNOWN STEP	2026-02-25T19:49:02.0009885Z  d25f557d7f31 Extracting [==========================================>        ]   3.08MB/3.622MB
Android Tests (4)	UNKNOWN STEP	2026-02-25T19:49:02.0018559Z  10d78728ec4d Downloading [==================================================>]     122B/122B
Android Tests (4)	UNKNOWN STEP	2026-02-25T19:49:02.0019282Z  10d78728ec4d Verifying Checksum 
Android Tests (4)	UNKNOWN STEP	2026-02-25T19:49:02.0025464Z  10d78728ec4d Download complete 
Android Tests (4)	UNKNOWN STEP	2026-02-25T19:49:02.0148185Z  d25f557d7f31 Extracting [==================================================>]  3.622MB/3.622MB
Android Tests (4)	UNKNOWN STEP	2026-02-25T19:49:02.1448995Z  5de905603ac5 Downloading [====>                                              ]  1.378kB/17.03kB
Android Tests (4)	UNKNOWN STEP	2026-02-25T19:49:02.1450242Z  5de905603ac5 Downloading [==================================================>]  17.03kB/17.03kB
Android Tests (4)	UNKNOWN STEP	2026-02-25T19:49:02.1451128Z  5de905603ac5 Verifying Checksum 
Android Tests (4)	UNKNOWN STEP	2026-02-25T19:49:02.1451589Z  5de905603ac5 Download complete 
Android Tests (4)	UNKNOWN STEP	2026-02-25T19:49:02.1493233Z  e0d49f520b92 Downloading [==================================================>]     961B/961B
Android Tests (4)	UNKNOWN STEP	2026-02-25T19:49:02.1493682Z  e0d49f520b92 Verifying Checksum 
Android Tests (4)	UNKNOWN STEP	2026-02-25T19:49:02.1494209Z  e0d49f520b92 Download complete 
Android Tests (4)	UNKNOWN STEP	2026-02-25T19:49:02.1982230Z  5ffb427686b6 Pull complete 
Android Tests (4)	UNKNOWN STEP	2026-02-25T19:49:02.2041499Z  630177b00352 Extracting [=>                                                 ]  32.77kB/922.9kB
Android Tests (4)	UNKNOWN STEP	2026-02-25T19:49:02.2271486Z  0c8d55a45c0d Extracting [==================================================>]  29.78MB/29.78MB
Android Tests (4)	UNKNOWN STEP	2026-02-25T19:49:02.2477761Z  808bb02340fa Downloading [=========>                                         ]  16.38kB/90.98kB
Android Tests (4)	UNKNOWN STEP	2026-02-25T19:49:02.2492581Z  808bb02340fa Downloading [==================================================>]  90.98kB/90.98kB
Android Tests (4)	UNKNOWN STEP	2026-02-25T19:49:02.2497253Z  808bb02340fa Verifying Checksum 
Android Tests (4)	UNKNOWN STEP	2026-02-25T19:49:02.2497722Z  808bb02340fa Download complete 
Android Tests (4)	UNKNOWN STEP	2026-02-25T19:49:02.2545726Z  d25f557d7f31 Pull complete 
Android Tests (4)	UNKNOWN STEP	2026-02-25T19:49:02.2551843Z  0c8d55a45c0d Pull complete 
Android Tests (4)	UNKNOWN STEP	2026-02-25T19:49:02.2564602Z  9acd5b82521c Extracting [============>                                      ]  32.77kB/127.5kB
Android Tests (4)	UNKNOWN STEP	2026-02-25T19:49:02.2715163Z  9acd5b82521c Extracting [==================================================>]  127.5kB/127.5kB
Android Tests (4)	UNKNOWN STEP	2026-02-25T19:49:02.2716382Z  03af238a5946 Extracting [=>                                                 ]  32.77kB/1.293MB
Android Tests (4)	UNKNOWN STEP	2026-02-25T19:49:02.3816999Z  c0970b69197c Downloading [>                                                  ]    162kB/14.88MB
Android Tests (4)	UNKNOWN STEP	2026-02-25T19:49:02.3908419Z  630177b00352 Extracting [===================>                               ]  360.4kB/922.9kB
Android Tests (4)	UNKNOWN STEP	2026-02-25T19:49:02.4555360Z  9de5f206730a Downloading [>                                                  ]  8.233kB/766.3kB
Android Tests (4)	UNKNOWN STEP	2026-02-25T19:49:02.4597301Z  9de5f206730a Downloading [==================================================>]  766.3kB/766.3kB
Android Tests (4)	UNKNOWN STEP	2026-02-25T19:49:02.4598881Z  9de5f206730a Download complete 
Android Tests (4)	UNKNOWN STEP	2026-02-25T19:49:02.4818156Z  c0970b69197c Downloading [====================================>              ]  10.85MB/14.88MB
Android Tests (4)	UNKNOWN STEP	2026-02-25T19:49:02.4937361Z  c0970b69197c Downloading [==================================================>]  14.88MB/14.88MB
Android Tests (4)	UNKNOWN STEP	2026-02-25T19:49:02.4937821Z  c0970b69197c Download complete 
Android Tests (4)	UNKNOWN STEP	2026-02-25T19:49:02.4958101Z  24e28b7dc0a2 Downloading [>                                                  ]  1.371kB/83.13kB
Android Tests (4)	UNKNOWN STEP	2026-02-25T19:49:02.4971039Z  24e28b7dc0a2 Downloading [==================================================>]  83.13kB/83.13kB
Android Tests (4)	UNKNOWN STEP	2026-02-25T19:49:02.4971479Z  24e28b7dc0a2 Verifying Checksum 
Android Tests (4)	UNKNOWN STEP	2026-02-25T19:49:02.4971749Z  24e28b7dc0a2 Download complete 
Android Tests (4)	UNKNOWN STEP	2026-02-25T19:49:02.5102661Z  03af238a5946 Extracting [=======>                                           ]  196.6kB/1.293MB
Android Tests (4)	UNKNOWN STEP	2026-02-25T19:49:02.5452381Z  630177b00352 Extracting [=====================>                             ]  393.2kB/922.9kB
Android Tests (4)	UNKNOWN STEP	2026-02-25T19:49:02.5472497Z  9acd5b82521c Pull complete 
Android Tests (4)	UNKNOWN STEP	2026-02-25T19:49:02.5493339Z  10d78728ec4d Extracting [==================================================>]     122B/122B
Android Tests (4)	UNKNOWN STEP	2026-02-25T19:49:02.5499563Z  10d78728ec4d Extracting [==================================================>]     122B/122B
Android Tests (4)	UNKNOWN STEP	2026-02-25T19:49:02.5590234Z  630177b00352 Extracting [==================================================>]  922.9kB/922.9kB
Android Tests (4)	UNKNOWN STEP	2026-02-25T19:49:02.6507768Z  09a5a0c32a23 Pull complete 
Android Tests (4)	UNKNOWN STEP	2026-02-25T19:49:02.6519397Z  03af238a5946 Extracting [===============================>                   ]  819.2kB/1.293MB
Android Tests (4)	UNKNOWN STEP	2026-02-25T19:49:02.6526813Z  bd53938b1271 Extracting [=========>                                         ]  32.77kB/173.4kB
Android Tests (4)	UNKNOWN STEP	2026-02-25T19:49:02.6548303Z  bd53938b1271 Extracting [==================================================>]  173.4kB/173.4kB
Android Tests (4)	UNKNOWN STEP	2026-02-25T19:49:02.6549225Z  630177b00352 Pull complete 
Android Tests (4)	UNKNOWN STEP	2026-02-25T19:49:02.6554014Z  10d78728ec4d Pull complete 
Android Tests (4)	UNKNOWN STEP	2026-02-25T19:49:02.6573511Z  6c18ff1f33d0 Extracting [==================================================>]     173B/173B
Android Tests (4)	UNKNOWN STEP	2026-02-25T19:49:02.6578394Z  6c18ff1f33d0 Extracting [==================================================>]     173B/173B
Android Tests (4)	UNKNOWN STEP	2026-02-25T19:49:02.6588961Z  e0d49f520b92 Extracting [==================================================>]     961B/961B
Android Tests (4)	UNKNOWN STEP	2026-02-25T19:49:02.6591321Z  e0d49f520b92 Extracting [==================================================>]     961B/961B
Android Tests (4)	UNKNOWN STEP	2026-02-25T19:49:02.6718885Z  6c18ff1f33d0 Pull complete 
Android Tests (4)	UNKNOWN STEP	2026-02-25T19:49:02.6736058Z  13e46e455d3b Extracting [==================================================>]     116B/116B
Android Tests (4)	UNKNOWN STEP	2026-02-25T19:49:02.6742808Z  13e46e455d3b Extracting [==================================================>]     116B/116B
Android Tests (4)	UNKNOWN STEP	2026-02-25T19:49:02.6747713Z  e0d49f520b92 Pull complete 
Android Tests (4)	UNKNOWN STEP	2026-02-25T19:49:02.6764594Z  5de905603ac5 Extracting [==================================================>]  17.03kB/17.03kB
Android Tests (4)	UNKNOWN STEP	2026-02-25T19:49:02.6765724Z  5de905603ac5 Extracting [==================================================>]  17.03kB/17.03kB
Android Tests (4)	UNKNOWN STEP	2026-02-25T19:49:02.6797263Z  830180cf89a8 Downloading [>                                                  ]    158kB/14.63MB
Android Tests (4)	UNKNOWN STEP	2026-02-25T19:49:02.6887809Z  13e46e455d3b Pull complete 
Android Tests (4)	UNKNOWN STEP	2026-02-25T19:49:02.6972397Z  5de905603ac5 Pull complete 
Android Tests (4)	UNKNOWN STEP	2026-02-25T19:49:02.7005318Z  808bb02340fa Extracting [==================>                                ]  32.77kB/90.98kB
Android Tests (4)	UNKNOWN STEP	2026-02-25T19:49:02.7015204Z  808bb02340fa Extracting [==================================================>]  90.98kB/90.98kB
Android Tests (4)	UNKNOWN STEP	2026-02-25T19:49:02.7067850Z  bd53938b1271 Extracting [==================================================>]  173.4kB/173.4kB
Android Tests (4)	UNKNOWN STEP	2026-02-25T19:49:02.7095779Z  b4403f29458a Extracting [>                                                  ]  557.1kB/105.2MB
Android Tests (4)	UNKNOWN STEP	2026-02-25T19:49:02.7299905Z  808bb02340fa Pull complete 
Android Tests (4)	UNKNOWN STEP	2026-02-25T19:49:02.7354070Z  830180cf89a8 Verifying Checksum 
Android Tests (4)	UNKNOWN STEP	2026-02-25T19:49:02.7354807Z  830180cf89a8 Download complete 
Android Tests (4)	UNKNOWN STEP	2026-02-25T19:49:02.7370960Z  c0970b69197c Extracting [>                                                  ]  163.8kB/14.88MB
Android Tests (4)	UNKNOWN STEP	2026-02-25T19:49:02.7521794Z  03af238a5946 Extracting [=======================================>           ]  1.016MB/1.293MB
Android Tests (4)	UNKNOWN STEP	2026-02-25T19:49:02.7613123Z  03af238a5946 Extracting [==================================================>]  1.293MB/1.293MB
Android Tests (4)	UNKNOWN STEP	2026-02-25T19:49:02.7619523Z  03af238a5946 Extracting [==================================================>]  1.293MB/1.293MB
Android Tests (4)	UNKNOWN STEP	2026-02-25T19:49:02.8064683Z  03af238a5946 Pull complete 
Android Tests (4)	UNKNOWN STEP	2026-02-25T19:49:02.8116868Z  686599c79c87 Extracting [>                                                  ]  131.1kB/11.8MB
Android Tests (4)	UNKNOWN STEP	2026-02-25T19:49:02.8131801Z  b4403f29458a Extracting [>                                                  ]  1.114MB/105.2MB
Android Tests (4)	UNKNOWN STEP	2026-02-25T19:49:02.8390868Z  c0970b69197c Extracting [================>                                  ]  4.915MB/14.88MB
Android Tests (4)	UNKNOWN STEP	2026-02-25T19:49:02.9151667Z  b4403f29458a Extracting [==>                                                ]  5.571MB/105.2MB
Android Tests (4)	UNKNOWN STEP	2026-02-25T19:49:02.9422473Z  c0970b69197c Extracting [=================================>                 ]  9.994MB/14.88MB
Android Tests (4)	UNKNOWN STEP	2026-02-25T19:49:02.9582743Z  686599c79c87 Extracting [===>                                               ]  917.5kB/11.8MB
Android Tests (4)	UNKNOWN STEP	2026-02-25T19:49:02.9610817Z  bd53938b1271 Pull complete 
Android Tests (4)	UNKNOWN STEP	2026-02-25T19:49:02.9638114Z  9fe3744a2eac Extracting [=>                                                 ]  32.77kB/1.003MB
Android Tests (4)	UNKNOWN STEP	2026-02-25T19:49:02.9963441Z  9fe3744a2eac Extracting [==================================================>]  1.003MB/1.003MB
Android Tests (4)	UNKNOWN STEP	2026-02-25T19:49:02.9976373Z  9fe3744a2eac Extracting [==================================================>]  1.003MB/1.003MB
Android Tests (4)	UNKNOWN STEP	2026-02-25T19:49:03.0154974Z  9fe3744a2eac Pull complete 
Android Tests (4)	UNKNOWN STEP	2026-02-25T19:49:03.0187170Z  7ad54b3c4cef Extracting [>                                                  ]  131.1kB/12.41MB
Android Tests (4)	UNKNOWN STEP	2026-02-25T19:49:03.0217085Z  b4403f29458a Extracting [=====>                                             ]  11.14MB/105.2MB
Android Tests (4)	UNKNOWN STEP	2026-02-25T19:49:03.0518497Z  c0970b69197c Extracting [==================================================>]  14.88MB/14.88MB
Android Tests (4)	UNKNOWN STEP	2026-02-25T19:49:03.0726925Z  686599c79c87 Extracting [=============>                                     ]  3.146MB/11.8MB
Android Tests (4)	UNKNOWN STEP	2026-02-25T19:49:03.0760771Z  c0970b69197c Pull complete 
Android Tests (4)	UNKNOWN STEP	2026-02-25T19:49:03.0787145Z  9de5f206730a Extracting [==>                                                ]  32.77kB/766.3kB
Android Tests (4)	UNKNOWN STEP	2026-02-25T19:49:03.1016094Z  9de5f206730a Extracting [==================================================>]  766.3kB/766.3kB
Android Tests (4)	UNKNOWN STEP	2026-02-25T19:49:03.1022334Z  9de5f206730a Extracting [==================================================>]  766.3kB/766.3kB
Android Tests (4)	UNKNOWN STEP	2026-02-25T19:49:03.1185170Z  9de5f206730a Pull complete 
Android Tests (4)	UNKNOWN STEP	2026-02-25T19:49:03.1214314Z  7ad54b3c4cef Extracting [========>                                          ]  2.097MB/12.41MB
Android Tests (4)	UNKNOWN STEP	2026-02-25T19:49:03.1221880Z  24e28b7dc0a2 Extracting [==================================================>]  83.13kB/83.13kB
Android Tests (4)	UNKNOWN STEP	2026-02-25T19:49:03.1225620Z  24e28b7dc0a2 Extracting [==================================================>]  83.13kB/83.13kB
Android Tests (4)	UNKNOWN STEP	2026-02-25T19:49:03.1236071Z  b4403f29458a Extracting [=======>                                           ]  16.15MB/105.2MB
Android Tests (4)	UNKNOWN STEP	2026-02-25T19:49:03.1561985Z  24e28b7dc0a2 Pull complete 
Android Tests (4)	UNKNOWN STEP	2026-02-25T19:49:03.1606910Z  830180cf89a8 Extracting [>                                                  ]  163.8kB/14.63MB
Android Tests (4)	UNKNOWN STEP	2026-02-25T19:49:03.2079587Z  686599c79c87 Extracting [================>                                  ]  3.801MB/11.8MB
Android Tests (4)	UNKNOWN STEP	2026-02-25T19:49:03.2215237Z  7ad54b3c4cef Extracting [========================>                          ]   6.16MB/12.41MB
Android Tests (4)	UNKNOWN STEP	2026-02-25T19:49:03.2254572Z  b4403f29458a Extracting [==========>                                        ]  21.17MB/105.2MB
Android Tests (4)	UNKNOWN STEP	2026-02-25T19:49:03.2615076Z  830180cf89a8 Extracting [============>                                      ]  3.604MB/14.63MB
Android Tests (4)	UNKNOWN STEP	2026-02-25T19:49:03.3112104Z  686599c79c87 Extracting [========================>                          ]  5.898MB/11.8MB
Android Tests (4)	UNKNOWN STEP	2026-02-25T19:49:03.3251840Z  7ad54b3c4cef Extracting [==========================================>        ]  10.62MB/12.41MB
Android Tests (4)	UNKNOWN STEP	2026-02-25T19:49:03.3361331Z  b4403f29458a Extracting [============>                                      ]   27.3MB/105.2MB
Android Tests (4)	UNKNOWN STEP	2026-02-25T19:49:03.3636360Z  830180cf89a8 Extracting [======================>                            ]  6.554MB/14.63MB
Android Tests (4)	UNKNOWN STEP	2026-02-25T19:49:03.3796406Z  7ad54b3c4cef Extracting [==================================================>]  12.41MB/12.41MB
Android Tests (4)	UNKNOWN STEP	2026-02-25T19:49:03.4123528Z  686599c79c87 Extracting [===========================>                       ]  6.554MB/11.8MB
Android Tests (4)	UNKNOWN STEP	2026-02-25T19:49:03.4268051Z  7ad54b3c4cef Pull complete 
Android Tests (4)	UNKNOWN STEP	2026-02-25T19:49:03.4302052Z  2a97533d89ca Extracting [==================================================>]     100B/100B
Android Tests (4)	UNKNOWN STEP	2026-02-25T19:49:03.4303373Z  2a97533d89ca Extracting [==================================================>]     100B/100B
Android Tests (4)	UNKNOWN STEP	2026-02-25T19:49:03.4407018Z  b4403f29458a Extracting [===============>                                   ]  31.75MB/105.2MB
Android Tests (4)	UNKNOWN STEP	2026-02-25T19:49:03.4482783Z  2a97533d89ca Pull complete 
Android Tests (4)	UNKNOWN STEP	2026-02-25T19:49:03.4507577Z  4f4fb700ef54 Extracting [==================================================>]      32B/32B
Android Tests (4)	UNKNOWN STEP	2026-02-25T19:49:03.4511984Z  4f4fb700ef54 Extracting [==================================================>]      32B/32B
Android Tests (4)	UNKNOWN STEP	2026-02-25T19:49:03.4612000Z  4f4fb700ef54 Pull complete 
Android Tests (4)	UNKNOWN STEP	2026-02-25T19:49:03.4641040Z  1c2c8d1ee428 Extracting [==================================================>]     576B/576B
Android Tests (4)	UNKNOWN STEP	2026-02-25T19:49:03.4656895Z  1c2c8d1ee428 Extracting [==================================================>]     576B/576B
Android Tests (4)	UNKNOWN STEP	2026-02-25T19:49:03.4687940Z  830180cf89a8 Extracting [================================>                  ]  9.503MB/14.63MB
Android Tests (4)	UNKNOWN STEP	2026-02-25T19:49:03.4803120Z  1c2c8d1ee428 Pull complete 
Android Tests (4)	UNKNOWN STEP	2026-02-25T19:49:03.4899735Z  redis Pulled 
Android Tests (4)	UNKNOWN STEP	2026-02-25T19:49:03.5191112Z  686599c79c87 Extracting [====================================>              ]  8.651MB/11.8MB
Android Tests (4)	UNKNOWN STEP	2026-02-25T19:49:03.5447437Z  b4403f29458a Extracting [==================>                                ]  37.88MB/105.2MB
Android Tests (4)	UNKNOWN STEP	2026-02-25T19:49:03.5704401Z  830180cf89a8 Extracting [==========================================>        ]  12.45MB/14.63MB
Android Tests (4)	UNKNOWN STEP	2026-02-25T19:49:03.6175390Z  830180cf89a8 Extracting [==================================================>]  14.63MB/14.63MB
Android Tests (4)	UNKNOWN STEP	2026-02-25T19:49:03.6221540Z  686599c79c87 Extracting [=======================================>           ]  9.306MB/11.8MB
Android Tests (4)	UNKNOWN STEP	2026-02-25T19:49:03.6451125Z  b4403f29458a Extracting [=====================>                             ]  45.12MB/105.2MB
Android Tests (4)	UNKNOWN STEP	2026-02-25T19:49:03.6530973Z  830180cf89a8 Pull complete 
Android Tests (4)	UNKNOWN STEP	2026-02-25T19:49:03.6606907Z  dex Pulled 
Android Tests (4)	UNKNOWN STEP	2026-02-25T19:49:03.7325534Z  686599c79c87 Extracting [============================================>      ]  10.49MB/11.8MB
Android Tests (4)	UNKNOWN STEP	2026-02-25T19:49:03.7583611Z  b4403f29458a Extracting [========================>                          ]  51.25MB/105.2MB
Android Tests (4)	UNKNOWN STEP	2026-02-25T19:49:03.8418042Z  686599c79c87 Extracting [================================================>  ]   11.4MB/11.8MB
Android Tests (4)	UNKNOWN STEP	2026-02-25T19:49:03.8590260Z  b4403f29458a Extracting [==========================>                        ]  56.26MB/105.2MB
Android Tests (4)	UNKNOWN STEP	2026-02-25T19:49:03.8677428Z  686599c79c87 Extracting [==================================================>]   11.8MB/11.8MB
Android Tests (4)	UNKNOWN STEP	2026-02-25T19:49:03.9274125Z  686599c79c87 Pull complete 
Android Tests (4)	UNKNOWN STEP	2026-02-25T19:49:03.9289402Z  f1cadbd7abd2 Extracting [==================================================>]     252B/252B
Android Tests (4)	UNKNOWN STEP	2026-02-25T19:49:03.9292571Z  f1cadbd7abd2 Extracting [==================================================>]     252B/252B
Android Tests (4)	UNKNOWN STEP	2026-02-25T19:49:03.9459838Z  f1cadbd7abd2 Pull complete 
Android Tests (4)	UNKNOWN STEP	2026-02-25T19:49:03.9474756Z  3ee96ea8e5d2 Extracting [==================================================>]     250B/250B
Android Tests (4)	UNKNOWN STEP	2026-02-25T19:49:03.9477518Z  3ee96ea8e5d2 Extracting [==================================================>]     250B/250B
Android Tests (4)	UNKNOWN STEP	2026-02-25T19:49:03.9578009Z  3ee96ea8e5d2 Pull complete 
Android Tests (4)	UNKNOWN STEP	2026-02-25T19:49:03.9611540Z  a954d256f742 Extracting [>                                                  ]  229.4kB/21.98MB
Android Tests (4)	UNKNOWN STEP	2026-02-25T19:49:03.9661896Z  b4403f29458a Extracting [==============================>                    ]   63.5MB/105.2MB
Android Tests (4)	UNKNOWN STEP	2026-02-25T19:49:04.0719938Z  b4403f29458a Extracting [=================================>                 ]  70.19MB/105.2MB
Android Tests (4)	UNKNOWN STEP	2026-02-25T19:49:04.0774938Z  a954d256f742 Extracting [=====>                                             ]  2.294MB/21.98MB
Android Tests (4)	UNKNOWN STEP	2026-02-25T19:49:04.1781909Z  a954d256f742 Extracting [================>                                  ]  7.111MB/21.98MB
Android Tests (4)	UNKNOWN STEP	2026-02-25T19:49:04.2371670Z  b4403f29458a Extracting [===================================>               ]   75.2MB/105.2MB
Android Tests (4)	UNKNOWN STEP	2026-02-25T19:49:04.2794380Z  a954d256f742 Extracting [================================>                  ]  14.22MB/21.98MB
Android Tests (4)	UNKNOWN STEP	2026-02-25T19:49:04.3835461Z  a954d256f742 Extracting [==============================================>    ]  20.64MB/21.98MB
Android Tests (4)	UNKNOWN STEP	2026-02-25T19:49:04.4149724Z  b4403f29458a Extracting [====================================>              ]  76.32MB/105.2MB
Android Tests (4)	UNKNOWN STEP	2026-02-25T19:49:04.4439077Z  a954d256f742 Extracting [==================================================>]  21.98MB/21.98MB
Android Tests (4)	UNKNOWN STEP	2026-02-25T19:49:04.5272115Z  a954d256f742 Pull complete 
Android Tests (4)	UNKNOWN STEP	2026-02-25T19:49:04.5283286Z  c7ce85987d6d Extracting [==================================================>]  13.29kB/13.29kB
Android Tests (4)	UNKNOWN STEP	2026-02-25T19:49:04.5287724Z  c7ce85987d6d Extracting [==================================================>]  13.29kB/13.29kB
Android Tests (4)	UNKNOWN STEP	2026-02-25T19:49:04.5350467Z  b4403f29458a Extracting [=====================================>             ]   79.1MB/105.2MB
Android Tests (4)	UNKNOWN STEP	2026-02-25T19:49:04.5559875Z  c7ce85987d6d Pull complete 
Android Tests (4)	UNKNOWN STEP	2026-02-25T19:49:04.5816870Z  7807da78b90b Extracting [>                                                  ]  458.8kB/45.54MB
Android Tests (4)	UNKNOWN STEP	2026-02-25T19:49:04.6415424Z  b4403f29458a Extracting [=======================================>           ]  82.44MB/105.2MB
Android Tests (4)	UNKNOWN STEP	2026-02-25T19:49:04.7408586Z  7807da78b90b Extracting [===>                                               ]  2.753MB/45.54MB
Android Tests (4)	UNKNOWN STEP	2026-02-25T19:49:04.7485680Z  b4403f29458a Extracting [=========================================>         ]  86.34MB/105.2MB
Android Tests (4)	UNKNOWN STEP	2026-02-25T19:49:04.8443831Z  7807da78b90b Extracting [======>                                            ]  5.964MB/45.54MB
Android Tests (4)	UNKNOWN STEP	2026-02-25T19:49:04.8526826Z  b4403f29458a Extracting [===========================================>       ]   90.8MB/105.2MB
Android Tests (4)	UNKNOWN STEP	2026-02-25T19:49:04.9651907Z  7807da78b90b Extracting [=========>                                         ]  8.716MB/45.54MB
Android Tests (4)	UNKNOWN STEP	2026-02-25T19:49:04.9682059Z  b4403f29458a Extracting [===========================================>       ]  92.47MB/105.2MB
Android Tests (4)	UNKNOWN STEP	2026-02-25T19:49:05.0762721Z  b4403f29458a Extracting [================================================>  ]  101.9MB/105.2MB
Android Tests (4)	UNKNOWN STEP	2026-02-25T19:49:05.0778619Z  7807da78b90b Extracting [==========>                                        ]  9.634MB/45.54MB
Android Tests (4)	UNKNOWN STEP	2026-02-25T19:49:05.1377339Z  b4403f29458a Extracting [==================================================>]  105.2MB/105.2MB
Android Tests (4)	UNKNOWN STEP	2026-02-25T19:49:05.1792442Z  7807da78b90b Extracting [===============>                                   ]  13.76MB/45.54MB
Android Tests (4)	UNKNOWN STEP	2026-02-25T19:49:05.2818869Z  7807da78b90b Extracting [====================>                              ]  18.35MB/45.54MB
Android Tests (4)	UNKNOWN STEP	2026-02-25T19:49:05.3671634Z  b4403f29458a Pull complete 
Android Tests (4)	UNKNOWN STEP	2026-02-25T19:49:05.3684505Z  40aaa75af6ce Extracting [==================================================>]   9.62kB/9.62kB
Android Tests (4)	UNKNOWN STEP	2026-02-25T19:49:05.3688652Z  40aaa75af6ce Extracting [==================================================>]   9.62kB/9.62kB
Android Tests (4)	UNKNOWN STEP	2026-02-25T19:49:05.3834112Z  40aaa75af6ce Pull complete 
Android Tests (4)	UNKNOWN STEP	2026-02-25T19:49:05.3863896Z  162bdab1e0a7 Extracting [==================================================>]     128B/128B
Android Tests (4)	UNKNOWN STEP	2026-02-25T19:49:05.3864813Z  162bdab1e0a7 Extracting [==================================================>]     128B/128B
Android Tests (4)	UNKNOWN STEP	2026-02-25T19:49:05.3953219Z  162bdab1e0a7 Pull complete 
Android Tests (4)	UNKNOWN STEP	2026-02-25T19:49:05.3966596Z  ebff7b0ec73e Extracting [==================================================>]     170B/170B
Android Tests (4)	UNKNOWN STEP	2026-02-25T19:49:05.3969246Z  ebff7b0ec73e Extracting [==================================================>]     170B/170B
Android Tests (4)	UNKNOWN STEP	2026-02-25T19:49:05.4106581Z  ebff7b0ec73e Pull complete 
Android Tests (4)	UNKNOWN STEP	2026-02-25T19:49:05.4117458Z  c02179436571 Extracting [==================================================>]   5.84kB/5.84kB
Android Tests (4)	UNKNOWN STEP	2026-02-25T19:49:05.4123135Z  c02179436571 Extracting [==================================================>]   5.84kB/5.84kB
Android Tests (4)	UNKNOWN STEP	2026-02-25T19:49:05.4220520Z  c02179436571 Pull complete 
Android Tests (4)	UNKNOWN STEP	2026-02-25T19:49:05.4233707Z  8243369e9866 Extracting [==================================================>]     186B/186B
Android Tests (4)	UNKNOWN STEP	2026-02-25T19:49:05.4235786Z  8243369e9866 Extracting [==================================================>]     186B/186B
Android Tests (4)	UNKNOWN STEP	2026-02-25T19:49:05.4325149Z  8243369e9866 Pull complete 
Android Tests (4)	UNKNOWN STEP	2026-02-25T19:49:05.4382988Z  postgres Pulled 
Android Tests (4)	UNKNOWN STEP	2026-02-25T19:49:05.4440794Z  7807da78b90b Extracting [=====================>                             ]  19.27MB/45.54MB
Android Tests (4)	UNKNOWN STEP	2026-02-25T19:49:05.5884046Z  7807da78b90b Extracting [=======================>                           ]  21.56MB/45.54MB
Android Tests (4)	UNKNOWN STEP	2026-02-25T19:49:05.7323203Z  7807da78b90b Extracting [==============================>                    ]  27.53MB/45.54MB
Android Tests (4)	UNKNOWN STEP	2026-02-25T19:49:05.9812319Z  7807da78b90b Extracting [=================================>                 ]  30.74MB/45.54MB
Android Tests (4)	UNKNOWN STEP	2026-02-25T19:49:06.1389125Z  7807da78b90b Extracting [===================================>               ]  32.11MB/45.54MB
Android Tests (4)	UNKNOWN STEP	2026-02-25T19:49:06.2567415Z  7807da78b90b Extracting [====================================>              ]  33.03MB/45.54MB
Android Tests (4)	UNKNOWN STEP	2026-02-25T19:49:06.3882931Z  7807da78b90b Extracting [=====================================>             ]  34.41MB/45.54MB
Android Tests (4)	UNKNOWN STEP	2026-02-25T19:49:06.5251621Z  7807da78b90b Extracting [======================================>            ]  34.87MB/45.54MB
Android Tests (4)	UNKNOWN STEP	2026-02-25T19:49:06.6316948Z  7807da78b90b Extracting [============================================>      ]  40.83MB/45.54MB
Android Tests (4)	UNKNOWN STEP	2026-02-25T19:49:06.7656135Z  7807da78b90b Extracting [==============================================>    ]  42.21MB/45.54MB
Android Tests (4)	UNKNOWN STEP	2026-02-25T19:49:06.8956804Z  7807da78b90b Extracting [===============================================>   ]  43.58MB/45.54MB
Android Tests (4)	UNKNOWN STEP	2026-02-25T19:49:06.9960740Z  7807da78b90b Extracting [=================================================> ]  44.96MB/45.54MB
Android Tests (4)	UNKNOWN STEP	2026-02-25T19:49:07.0104242Z  7807da78b90b Extracting [==================================================>]  45.54MB/45.54MB
Android Tests (4)	UNKNOWN STEP	2026-02-25T19:49:07.1440557Z  7807da78b90b Pull complete 
Android Tests (4)	UNKNOWN STEP	2026-02-25T19:49:07.1452344Z  0478cd5c1079 Extracting [==================================================>]  3.507kB/3.507kB
Android Tests (4)	UNKNOWN STEP	2026-02-25T19:49:07.1456041Z  0478cd5c1079 Extracting [==================================================>]  3.507kB/3.507kB
Android Tests (4)	UNKNOWN STEP	2026-02-25T19:49:07.1557016Z  0478cd5c1079 Pull complete 
Android Tests (4)	UNKNOWN STEP	2026-02-25T19:49:07.1571323Z  3a02ac06be95 Extracting [==================================================>]  3.462kB/3.462kB
Android Tests (4)	UNKNOWN STEP	2026-02-25T19:49:07.1574486Z  3a02ac06be95 Extracting [==================================================>]  3.462kB/3.462kB
Android Tests (4)	UNKNOWN STEP	2026-02-25T19:49:07.1655259Z  3a02ac06be95 Pull complete 
Android Tests (4)	UNKNOWN STEP	2026-02-25T19:49:07.1715800Z  matrix-synapse Pulled 
Android Tests (4)	UNKNOWN STEP	2026-02-25T19:49:07.1737234Z  Network substitution_substitution_network  Creating
Android Tests (4)	UNKNOWN STEP	2026-02-25T19:49:07.2121646Z  Network substitution_substitution_network  Created
Android Tests (4)	UNKNOWN STEP	2026-02-25T19:49:07.2126433Z  Container substitution-redis-1  Creating
Android Tests (4)	UNKNOWN STEP	2026-02-25T19:49:07.2127218Z  Container substitution-postgres-1  Creating
Android Tests (4)	UNKNOWN STEP	2026-02-25T19:49:07.2127815Z  Container substitution-dex-1  Creating
Android Tests (4)	UNKNOWN STEP	2026-02-25T19:49:07.2380173Z  Container substitution-dex-1  Created
Android Tests (4)	UNKNOWN STEP	2026-02-25T19:49:07.2383110Z  Container substitution-postgres-1  Created
Android Tests (4)	UNKNOWN STEP	2026-02-25T19:49:07.2383937Z  Container substitution-matrix-synapse-1  Creating
Android Tests (4)	UNKNOWN STEP	2026-02-25T19:49:07.2386896Z  Container substitution-redis-1  Created
Android Tests (4)	UNKNOWN STEP	2026-02-25T19:49:07.2495413Z  Container substitution-matrix-synapse-1  Created
Android Tests (4)	UNKNOWN STEP	2026-02-25T19:49:07.2505786Z  Container substitution-redis-1  Starting
Android Tests (4)	UNKNOWN STEP	2026-02-25T19:49:07.2506401Z  Container substitution-postgres-1  Starting
Android Tests (4)	UNKNOWN STEP	2026-02-25T19:49:07.2506945Z  Container substitution-dex-1  Starting
Android Tests (4)	UNKNOWN STEP	2026-02-25T19:49:07.5237007Z  Container substitution-postgres-1  Started
Android Tests (4)	UNKNOWN STEP	2026-02-25T19:49:07.5262927Z  Container substitution-dex-1  Started
Android Tests (4)	UNKNOWN STEP	2026-02-25T19:49:07.5263528Z  Container substitution-postgres-1  Waiting
Android Tests (4)	UNKNOWN STEP	2026-02-25T19:49:07.5264168Z  Container substitution-dex-1  Waiting
Android Tests (4)	UNKNOWN STEP	2026-02-25T19:49:07.5409530Z  Container substitution-redis-1  Started
Android Tests (4)	UNKNOWN STEP	2026-02-25T19:49:13.0281670Z  Container substitution-dex-1  Healthy
Android Tests (4)	UNKNOWN STEP	2026-02-25T19:49:18.0282379Z  Container substitution-postgres-1  Healthy
Android Tests (4)	UNKNOWN STEP	2026-02-25T19:49:18.0283613Z  Container substitution-matrix-synapse-1  Starting
Android Tests (4)	UNKNOWN STEP	2026-02-25T19:49:18.1711707Z  Container substitution-matrix-synapse-1  Started
Android Tests (4)	UNKNOWN STEP	2026-02-25T19:49:28.2439429Z time="2026-02-25T19:49:28Z" level=warning msg="/home/runner/work/substitution/substitution/docker-compose.yml: the attribute `version` is obsolete, it will be ignored, please remove it to avoid potential confusion"
Android Tests (4)	UNKNOWN STEP	2026-02-25T19:49:28.2519305Z  Container substitution-dex-1  Running
Android Tests (4)	UNKNOWN STEP	2026-02-25T19:49:28.2520404Z  Container substitution-postgres-1  Running
Android Tests (4)	UNKNOWN STEP	2026-02-25T19:49:28.2521640Z  Container substitution-matrix-synapse-1  Running
Android Tests (4)	UNKNOWN STEP	2026-02-25T19:49:28.2533062Z  Container substitution-dex-1  Waiting
Android Tests (4)	UNKNOWN STEP	2026-02-25T19:49:28.2533570Z  Container substitution-postgres-1  Waiting
Android Tests (4)	UNKNOWN STEP	2026-02-25T19:49:28.7546998Z  Container substitution-dex-1  Healthy
Android Tests (4)	UNKNOWN STEP	2026-02-25T19:49:28.7547646Z  Container substitution-postgres-1  Healthy
Android Tests (4)	UNKNOWN STEP	2026-02-25T19:49:28.7561372Z  matrix-init Pulling 
Android Tests (4)	UNKNOWN STEP	2026-02-25T19:49:29.8221345Z  589002ba0eae Already exists 
Android Tests (4)	UNKNOWN STEP	2026-02-25T19:49:29.8233383Z  aca07fe076f1 Pulling fs layer 
Android Tests (4)	UNKNOWN STEP	2026-02-25T19:49:29.8233851Z  6dafe251d313 Pulling fs layer 
Android Tests (4)	UNKNOWN STEP	2026-02-25T19:49:29.8234305Z  fa340e77c336 Pulling fs layer 
Android Tests (4)	UNKNOWN STEP	2026-02-25T19:49:30.0698684Z  6dafe251d313 Downloading [>                                                  ]    164kB/16.02MB
Android Tests (4)	UNKNOWN STEP	2026-02-25T19:49:30.0782259Z  aca07fe076f1 Downloading [>                                                  ]  5.269kB/460.9kB
Android Tests (4)	UNKNOWN STEP	2026-02-25T19:49:30.0829739Z  aca07fe076f1 Downloading [==================================================>]  460.9kB/460.9kB
Android Tests (4)	UNKNOWN STEP	2026-02-25T19:49:30.0831200Z  aca07fe076f1 Download complete 
Android Tests (4)	UNKNOWN STEP	2026-02-25T19:49:30.0831717Z  aca07fe076f1 Extracting [===>                                               ]  32.77kB/460.9kB
Android Tests (4)	UNKNOWN STEP	2026-02-25T19:49:30.0902582Z  fa340e77c336 Downloading [==================================================>]     247B/247B
Android Tests (4)	UNKNOWN STEP	2026-02-25T19:49:30.0908559Z  fa340e77c336 Verifying Checksum 
Android Tests (4)	UNKNOWN STEP	2026-02-25T19:49:30.0911511Z  fa340e77c336 Download complete 
Android Tests (4)	UNKNOWN STEP	2026-02-25T19:49:30.1240788Z  6dafe251d313 Download complete 
Android Tests (4)	UNKNOWN STEP	2026-02-25T19:49:30.2053628Z  aca07fe076f1 Extracting [==================================================>]  460.9kB/460.9kB
Android Tests (4)	UNKNOWN STEP	2026-02-25T19:49:30.3427604Z  aca07fe076f1 Pull complete 
Android Tests (4)	UNKNOWN STEP	2026-02-25T19:49:30.3451229Z  6dafe251d313 Extracting [>                                                  ]  163.8kB/16.02MB
Android Tests (4)	UNKNOWN STEP	2026-02-25T19:49:30.4527248Z  6dafe251d313 Extracting [=========>                                         ]  2.949MB/16.02MB
Android Tests (4)	UNKNOWN STEP	2026-02-25T19:49:30.5707151Z  6dafe251d313 Extracting [==================>                                ]  5.898MB/16.02MB
Android Tests (4)	UNKNOWN STEP	2026-02-25T19:49:30.6708189Z  6dafe251d313 Extracting [===================================>               ]  11.47MB/16.02MB
Android Tests (4)	UNKNOWN STEP	2026-02-25T19:49:30.7727517Z  6dafe251d313 Extracting [========================================>          ]  12.94MB/16.02MB
Android Tests (4)	UNKNOWN STEP	2026-02-25T19:49:30.8862076Z  6dafe251d313 Extracting [=============================================>     ]  14.58MB/16.02MB
Android Tests (4)	UNKNOWN STEP	2026-02-25T19:49:30.9939820Z  6dafe251d313 Extracting [================================================>  ]   15.4MB/16.02MB
Android Tests (4)	UNKNOWN STEP	2026-02-25T19:49:31.0445496Z  6dafe251d313 Extracting [==================================================>]  16.02MB/16.02MB
Android Tests (4)	UNKNOWN STEP	2026-02-25T19:49:31.1108389Z  6dafe251d313 Pull complete 
Android Tests (4)	UNKNOWN STEP	2026-02-25T19:49:31.1120444Z  fa340e77c336 Extracting [==================================================>]     247B/247B
Android Tests (4)	UNKNOWN STEP	2026-02-25T19:49:31.1125247Z  fa340e77c336 Extracting [==================================================>]     247B/247B
Android Tests (4)	UNKNOWN STEP	2026-02-25T19:49:31.1250873Z  fa340e77c336 Pull complete 
Android Tests (4)	UNKNOWN STEP	2026-02-25T19:49:31.1309260Z  matrix-init Pulled 
Android Tests (4)	UNKNOWN STEP	2026-02-25T19:49:33.9405792Z Collecting requests
Android Tests (4)	UNKNOWN STEP	2026-02-25T19:49:33.9633529Z   Downloading requests-2.32.5-py3-none-any.whl.metadata (4.9 kB)
Android Tests (4)	UNKNOWN STEP	2026-02-25T19:49:34.0929626Z Collecting charset_normalizer<4,>=2 (from requests)
Android Tests (4)	UNKNOWN STEP	2026-02-25T19:49:34.0959262Z   Downloading charset_normalizer-3.4.4-cp311-cp311-musllinux_1_2_x86_64.whl.metadata (37 kB)
Android Tests (4)	UNKNOWN STEP	2026-02-25T19:49:34.1221856Z Collecting idna<4,>=2.5 (from requests)
Android Tests (4)	UNKNOWN STEP	2026-02-25T19:49:34.1251863Z   Downloading idna-3.11-py3-none-any.whl.metadata (8.4 kB)
Android Tests (4)	UNKNOWN STEP	2026-02-25T19:49:34.1763738Z Collecting urllib3<3,>=1.21.1 (from requests)
Android Tests (4)	UNKNOWN STEP	2026-02-25T19:49:34.1799874Z   Downloading urllib3-2.6.3-py3-none-any.whl.metadata (6.9 kB)
Android Tests (4)	UNKNOWN STEP	2026-02-25T19:49:34.2082068Z Collecting certifi>=2017.4.17 (from requests)
Android Tests (4)	UNKNOWN STEP	2026-02-25T19:49:34.2112573Z   Downloading certifi-2026.2.25-py3-none-any.whl.metadata (2.5 kB)
Android Tests (4)	UNKNOWN STEP	2026-02-25T19:49:34.2303597Z Downloading requests-2.32.5-py3-none-any.whl (64 kB)
Android Tests (4)	UNKNOWN STEP	2026-02-25T19:49:34.2359008Z    ━━━━━━━━━━━━━━━━━━━━━━━━━━━━━━━━━━━━━━━━ 64.7/64.7 kB 19.3 MB/s eta 0:00:00
Android Tests (4)	UNKNOWN STEP	2026-02-25T19:49:34.2387029Z Downloading certifi-2026.2.25-py3-none-any.whl (153 kB)
Android Tests (4)	UNKNOWN STEP	2026-02-25T19:49:34.2451632Z    ━━━━━━━━━━━━━━━━━━━━━━━━━━━━━━━━━━━━━━━━ 153.7/153.7 kB 34.3 MB/s eta 0:00:00
Android Tests (4)	UNKNOWN STEP	2026-02-25T19:49:34.2491382Z Downloading charset_normalizer-3.4.4-cp311-cp311-musllinux_1_2_x86_64.whl (152 kB)
Android Tests (4)	UNKNOWN STEP	2026-02-25T19:49:34.2548751Z    ━━━━━━━━━━━━━━━━━━━━━━━━━━━━━━━━━━━━━━━━ 153.0/153.0 kB 38.6 MB/s eta 0:00:00
Android Tests (4)	UNKNOWN STEP	2026-02-25T19:49:34.2581157Z Downloading idna-3.11-py3-none-any.whl (71 kB)
Android Tests (4)	UNKNOWN STEP	2026-02-25T19:49:34.2630059Z    ━━━━━━━━━━━━━━━━━━━━━━━━━━━━━━━━━━━━━━━━ 71.0/71.0 kB 22.8 MB/s eta 0:00:00
Android Tests (4)	UNKNOWN STEP	2026-02-25T19:49:34.2661529Z Downloading urllib3-2.6.3-py3-none-any.whl (131 kB)
Android Tests (4)	UNKNOWN STEP	2026-02-25T19:49:34.2715916Z    ━━━━━━━━━━━━━━━━━━━━━━━━━━━━━━━━━━━━━━━━ 131.6/131.6 kB 36.4 MB/s eta 0:00:00
Android Tests (4)	UNKNOWN STEP	2026-02-25T19:49:34.3418224Z Installing collected packages: urllib3, idna, charset_normalizer, certifi, requests
Android Tests (4)	UNKNOWN STEP	2026-02-25T19:49:34.6686390Z Successfully installed certifi-2026.2.25 charset_normalizer-3.4.4 idna-3.11 requests-2.32.5 urllib3-2.6.3
Android Tests (4)	UNKNOWN STEP	2026-02-25T19:49:34.6689782Z WARNING: Running pip as the 'root' user can result in broken permissions and conflicting behaviour with the system package manager. It is recommended to use a virtual environment instead: https://pip.pypa.io/warnings/venv
Android Tests (4)	UNKNOWN STEP	2026-02-25T19:49:34.7514756Z 
Android Tests (4)	UNKNOWN STEP	2026-02-25T19:49:34.7515497Z [notice] A new release of pip is available: 24.0 -> 26.0.1
Android Tests (4)	UNKNOWN STEP	2026-02-25T19:49:34.7516425Z [notice] To update, run: pip install --upgrade pip
Android Tests (4)	UNKNOWN STEP	2026-02-25T19:49:41.7408304Z Initializing Matrix Synapse test server...
Android Tests (4)	UNKNOWN STEP	2026-02-25T19:49:41.7409908Z 
Android Tests (4)	UNKNOWN STEP	2026-02-25T19:49:41.7410791Z ✓ Synapse server is ready
Android Tests (4)	UNKNOWN STEP	2026-02-25T19:49:41.7411327Z 
Android Tests (4)	UNKNOWN STEP	2026-02-25T19:49:41.7411473Z Creating test users...
Android Tests (4)	UNKNOWN STEP	2026-02-25T19:49:41.7411935Z ✓ Created user: testuser1
Android Tests (4)	UNKNOWN STEP	2026-02-25T19:49:41.7412418Z ✓ Created user: testuser2
Android Tests (4)	UNKNOWN STEP	2026-02-25T19:49:41.7412873Z ✓ Created admin user: testadmin
Android Tests (4)	UNKNOWN STEP	2026-02-25T19:49:41.7413164Z 
Android Tests (4)	UNKNOWN STEP	2026-02-25T19:49:41.7413381Z Creating test rooms and populating with data...
Android Tests (4)	UNKNOWN STEP	2026-02-25T19:49:41.7414097Z ✓ Logged in user: @testadmin:test.matrix.local
Android Tests (4)	UNKNOWN STEP	2026-02-25T19:49:41.7414692Z ✓ Admin token acquired
Android Tests (4)	UNKNOWN STEP	2026-02-25T19:49:41.7415225Z ✓ Logged in user: @testuser1:test.matrix.local
Android Tests (4)	UNKNOWN STEP	2026-02-25T19:49:41.7416034Z ✓ Created room: test_general (!CqQoIhSBEzKRBDgXlS:test.matrix.local)
Android Tests (4)	UNKNOWN STEP	2026-02-25T19:49:41.7416802Z ✓ Logged in user: @testuser2:test.matrix.local
Android Tests (4)	UNKNOWN STEP	2026-02-25T19:49:41.7417382Z   ✓ User testuser2 joined room
Android Tests (4)	UNKNOWN STEP	2026-02-25T19:49:41.7418083Z ✓ Logged in user: @testadmin:test.matrix.local
Android Tests (4)	UNKNOWN STEP	2026-02-25T19:49:41.7418661Z   ✓ User testadmin joined room
Android Tests (4)	UNKNOWN STEP	2026-02-25T19:49:41.7419134Z   ✓ Published room to directory
Android Tests (4)	UNKNOWN STEP	2026-02-25T19:49:41.7419424Z   ✓ Posted 5 messages to room
Android Tests (4)	UNKNOWN STEP	2026-02-25T19:49:41.7419694Z   Seeding media messages (image, video, audio)...
Android Tests (4)	UNKNOWN STEP	2026-02-25T19:49:41.7420248Z   ✓ Uploaded media 'test_image.png': mxc://test.matrix.local/JiArGnLLVQOPyUYAkcBzJXgD
Android Tests (4)	UNKNOWN STEP	2026-02-25T19:49:41.7421290Z   ✓ Posted m.image message to room
Android Tests (4)	UNKNOWN STEP	2026-02-25T19:49:41.7421777Z   ✓ Uploaded media 'test_video.mp4': mxc://test.matrix.local/HzKMbKjDaVErODxwkmzFqzYu
Android Tests (4)	UNKNOWN STEP	2026-02-25T19:49:41.7422244Z   ✓ Posted m.video message to room
Android Tests (4)	UNKNOWN STEP	2026-02-25T19:49:41.7423080Z   ✓ Uploaded media 'test_audio.mp3': mxc://test.matrix.local/TDIsctuEJBIWJzSpVCeVbRoP
Android Tests (4)	UNKNOWN STEP	2026-02-25T19:49:41.7423899Z   ✓ Posted m.audio message to room
Android Tests (4)	UNKNOWN STEP	2026-02-25T19:49:41.7424303Z ✓ Created room: test_photos (!giEYwqKxFEZpYqbmyI:test.matrix.local)
Android Tests (4)	UNKNOWN STEP	2026-02-25T19:49:41.7424787Z ✓ Logged in user: @testuser2:test.matrix.local
Android Tests (4)	UNKNOWN STEP	2026-02-25T19:49:41.7425968Z   ✓ User testuser2 joined room
Android Tests (4)	UNKNOWN STEP	2026-02-25T19:49:41.7426626Z ✓ Logged in user: @testadmin:test.matrix.local
Android Tests (4)	UNKNOWN STEP	2026-02-25T19:49:41.7427251Z   ✓ User testadmin joined room
Android Tests (4)	UNKNOWN STEP	2026-02-25T19:49:41.7427772Z   ✓ Published room to directory
Android Tests (4)	UNKNOWN STEP	2026-02-25T19:49:41.7428325Z   ✓ Posted 3 messages to room
Android Tests (4)	UNKNOWN STEP	2026-02-25T19:49:41.7428878Z   Seeding media messages (image, video, audio)...
Android Tests (4)	UNKNOWN STEP	2026-02-25T19:49:41.7429897Z   ✓ Uploaded media 'test_image.png': mxc://test.matrix.local/rrwTvcRottiWuTpskQwkwexj
Android Tests (4)	UNKNOWN STEP	2026-02-25T19:49:41.7431012Z   ✓ Posted m.image message to room
Android Tests (4)	UNKNOWN STEP	2026-02-25T19:49:41.7431910Z   ✓ Uploaded media 'test_video.mp4': mxc://test.matrix.local/tiZoSbBwLmWJIVaCHKTjAVNC
Android Tests (4)	UNKNOWN STEP	2026-02-25T19:49:41.7432834Z   ✓ Posted m.video message to room
Android Tests (4)	UNKNOWN STEP	2026-02-25T19:49:41.7433700Z   ✓ Uploaded media 'test_audio.mp3': mxc://test.matrix.local/KJumYuvEGLpUNtnthzNnKqez
Android Tests (4)	UNKNOWN STEP	2026-02-25T19:49:41.7434614Z   ✓ Posted m.audio message to room
Android Tests (4)	UNKNOWN STEP	2026-02-25T19:49:41.7435398Z ✓ Created room: test_art (!OpDwfFcfIDvUJXNDUP:test.matrix.local)
Android Tests (4)	UNKNOWN STEP	2026-02-25T19:49:41.7435921Z ✓ Logged in user: @testuser2:test.matrix.local
Android Tests (4)	UNKNOWN STEP	2026-02-25T19:49:41.7436430Z   ✓ User testuser2 joined room
Android Tests (4)	UNKNOWN STEP	2026-02-25T19:49:41.7436929Z ✓ Logged in user: @testadmin:test.matrix.local
Android Tests (4)	UNKNOWN STEP	2026-02-25T19:49:41.7437246Z   ✓ User testadmin joined room
Android Tests (4)	UNKNOWN STEP	2026-02-25T19:49:41.7437609Z   ✓ Published room to directory
Android Tests (4)	UNKNOWN STEP	2026-02-25T19:49:41.7438273Z ✓ Uploaded dummy avatar: mxc://test.matrix.local/armAYJSWPfPWrUTCWlYsWHRZ
Android Tests (4)	UNKNOWN STEP	2026-02-25T19:49:41.7439311Z   ✓ Set room avatar to mxc://test.matrix.local/armAYJSWPfPWrUTCWlYsWHRZ
Android Tests (4)	UNKNOWN STEP	2026-02-25T19:49:41.7440134Z ✓ Created room: test_invite_only (!PQHYSYxMWIwqlVswgi:test.matrix.local)
Android Tests (4)	UNKNOWN STEP	2026-02-25T19:49:41.7440816Z   ℹ Skipping user invites for room (discovery test)
Android Tests (4)	UNKNOWN STEP	2026-02-25T19:49:41.7441302Z   ✓ Published room to directory
Android Tests (4)	UNKNOWN STEP	2026-02-25T19:49:41.7441821Z   ✓ Posted 2 messages to room
Android Tests (4)	UNKNOWN STEP	2026-02-25T19:49:41.7442634Z ✓ Created room: test_avatar (!JXiaRUWoNxxMBnZDeO:test.matrix.local)
Android Tests (4)	UNKNOWN STEP	2026-02-25T19:49:41.7443504Z ✓ Logged in user: @testuser2:test.matrix.local
Android Tests (4)	UNKNOWN STEP	2026-02-25T19:49:41.7444211Z   ✓ User testuser2 joined room
Android Tests (4)	UNKNOWN STEP	2026-02-25T19:49:41.7444843Z ✓ Logged in user: @testadmin:test.matrix.local
Android Tests (4)	UNKNOWN STEP	2026-02-25T19:49:41.7445466Z   ✓ User testadmin joined room
Android Tests (4)	UNKNOWN STEP	2026-02-25T19:49:41.7445999Z   ✓ Published room to directory
Android Tests (4)	UNKNOWN STEP	2026-02-25T19:49:41.7446565Z ✓ Uploaded dummy avatar: mxc://test.matrix.local/jfYwfsmoXEaIuEBmDbKZEQWF
Android Tests (4)	UNKNOWN STEP	2026-02-25T19:49:41.7447438Z   ✓ Set room avatar to mxc://test.matrix.local/jfYwfsmoXEaIuEBmDbKZEQWF
Android Tests (4)	UNKNOWN STEP	2026-02-25T19:49:41.7447739Z 
Android Tests (4)	UNKNOWN STEP	2026-02-25T19:49:41.7447847Z ============================================================
Android Tests (4)	UNKNOWN STEP	2026-02-25T19:49:41.7448266Z ✅ Matrix test server initialized successfully!
Android Tests (4)	UNKNOWN STEP	2026-02-25T19:49:41.7448823Z ============================================================
Android Tests (4)	UNKNOWN STEP	2026-02-25T19:49:41.7449030Z 
Android Tests (4)	UNKNOWN STEP	2026-02-25T19:49:41.7449188Z 📝 Test Users:
Android Tests (4)	UNKNOWN STEP	2026-02-25T19:49:41.7449517Z   testuser1
Android Tests (4)	UNKNOWN STEP	2026-02-25T19:49:41.7449871Z     ID: @testuser1:test.matrix.local
Android Tests (4)	UNKNOWN STEP	2026-02-25T19:49:41.7450346Z     Password: testpass123
Android Tests (4)	UNKNOWN STEP	2026-02-25T19:49:41.7451138Z   testuser2
Android Tests (4)	UNKNOWN STEP	2026-02-25T19:49:41.7451547Z     ID: @testuser2:test.matrix.local
Android Tests (4)	UNKNOWN STEP	2026-02-25T19:49:41.7452041Z     Password: testpass123
Android Tests (4)	UNKNOWN STEP	2026-02-25T19:49:41.7452432Z   testadmin
Android Tests (4)	UNKNOWN STEP	2026-02-25T19:49:41.7452742Z     ID: @testadmin:test.matrix.local
Android Tests (4)	UNKNOWN STEP	2026-02-25T19:49:41.7453123Z     Password: testpass123
Android Tests (4)	UNKNOWN STEP	2026-02-25T19:49:41.7453262Z 
Android Tests (4)	UNKNOWN STEP	2026-02-25T19:49:41.7453409Z 🏠 Test Rooms:
Android Tests (4)	UNKNOWN STEP	2026-02-25T19:49:41.7453637Z   test_general (with messages)
Android Tests (4)	UNKNOWN STEP	2026-02-25T19:49:41.7454073Z     ID: !CqQoIhSBEzKRBDgXlS:test.matrix.local
Android Tests (4)	UNKNOWN STEP	2026-02-25T19:49:41.7454604Z   test_photos (with messages)
Android Tests (4)	UNKNOWN STEP	2026-02-25T19:49:41.7454984Z     ID: !giEYwqKxFEZpYqbmyI:test.matrix.local
Android Tests (4)	UNKNOWN STEP	2026-02-25T19:49:41.7455485Z   test_art (empty)
Android Tests (4)	UNKNOWN STEP	2026-02-25T19:49:41.7455948Z     ID: !OpDwfFcfIDvUJXNDUP:test.matrix.local
Android Tests (4)	UNKNOWN STEP	2026-02-25T19:49:41.7456514Z   test_invite_only (with messages)
Android Tests (4)	UNKNOWN STEP	2026-02-25T19:49:41.7457068Z     ID: !PQHYSYxMWIwqlVswgi:test.matrix.local
Android Tests (4)	UNKNOWN STEP	2026-02-25T19:49:41.7457747Z   test_avatar (empty)
Android Tests (4)	UNKNOWN STEP	2026-02-25T19:49:41.7458109Z     ID: !JXiaRUWoNxxMBnZDeO:test.matrix.local
Android Tests (4)	UNKNOWN STEP	2026-02-25T19:49:41.7458692Z 
Android Tests (4)	UNKNOWN STEP	2026-02-25T19:49:41.7459149Z 🔑 Test Credentials for Integration Tests:
Android Tests (4)	UNKNOWN STEP	2026-02-25T19:49:41.7459657Z   Server:    http://matrix-synapse:8008
Android Tests (4)	UNKNOWN STEP	2026-02-25T19:49:41.7460099Z   Test User: testuser1
Android Tests (4)	UNKNOWN STEP	2026-02-25T19:49:41.7460440Z   Password:  testpass123
Android Tests (4)	UNKNOWN STEP	2026-02-25T19:49:41.7460907Z 
Android Tests (4)	UNKNOWN STEP	2026-02-25T19:49:41.7461025Z Room Status:
Android Tests (4)	UNKNOWN STEP	2026-02-25T19:49:41.7461736Z   test_general - 5 text + image/video/audio messages (for testing message lists and media rendering)
Android Tests (4)	UNKNOWN STEP	2026-02-25T19:49:41.7462396Z   test_photos  - 3 text + image/video/audio messages (for testing photo/media content)
Android Tests (4)	UNKNOWN STEP	2026-02-25T19:49:41.7463142Z   test_art     - 0 messages (for testing empty rooms)
Android Tests (4)	UNKNOWN STEP	2026-02-25T19:49:41.7463895Z ✓ Logged in user: @testuser1:test.matrix.local
Android Tests (4)	UNKNOWN STEP	2026-02-25T19:49:41.7464277Z 
Android Tests (4)	UNKNOWN STEP	2026-02-25T19:49:41.7464567Z   📋 Public room directory has 5 room(s):
Android Tests (4)	UNKNOWN STEP	2026-02-25T19:49:41.7465196Z     - test_photos (!giEYwqKxFEZpYqbmyI:test.matrix.local)
Android Tests (4)	UNKNOWN STEP	2026-02-25T19:49:41.7465836Z     - test_art (!OpDwfFcfIDvUJXNDUP:test.matrix.local)
Android Tests (4)	UNKNOWN STEP	2026-02-25T19:49:41.7466219Z     - test_avatar (!JXiaRUWoNxxMBnZDeO:test.matrix.local)
Android Tests (4)	UNKNOWN STEP	2026-02-25T19:49:41.7466571Z     - test_general (!CqQoIhSBEzKRBDgXlS:test.matrix.local)
Android Tests (4)	UNKNOWN STEP	2026-02-25T19:49:41.7466938Z     - test_invite_only (!PQHYSYxMWIwqlVswgi:test.matrix.local)
Android Tests (4)	UNKNOWN STEP	2026-02-25T19:49:41.7467174Z 
Android Tests (4)	UNKNOWN STEP	2026-02-25T19:49:41.8982648Z ##[group]Run reactivecircus/android-emulator-runner@v2
Android Tests (4)	UNKNOWN STEP	2026-02-25T19:49:41.8983249Z with:
Android Tests (4)	UNKNOWN STEP	2026-02-25T19:49:41.8983561Z   api-level: 29
Android Tests (4)	UNKNOWN STEP	2026-02-25T19:49:41.8983897Z   target: default
Android Tests (4)	UNKNOWN STEP	2026-02-25T19:49:41.8984227Z   arch: x86_64
Android Tests (4)	UNKNOWN STEP	2026-02-25T19:49:41.8984565Z   profile: pixel_4
Android Tests (4)	UNKNOWN STEP	2026-02-25T19:49:41.8984904Z   ram-size: 2048M
Android Tests (4)	UNKNOWN STEP	2026-02-25T19:49:41.8985245Z   heap-size: 512M
Android Tests (4)	UNKNOWN STEP	2026-02-25T19:49:41.8985842Z   emulator-options: -no-window -no-audio -no-boot-anim -gpu swiftshader_indirect
Android Tests (4)	UNKNOWN STEP	2026-02-25T19:49:41.8986596Z   emulator-boot-timeout: 900
Android Tests (4)	UNKNOWN STEP	2026-02-25T19:49:41.8987039Z   disable-animations: true
Android Tests (4)	UNKNOWN STEP	2026-02-25T19:49:41.8987675Z   script: ./scripts/test.sh android --no-docker --shard 4 --total-shards 7
Android Tests (4)	UNKNOWN STEP	2026-02-25T19:49:41.8988345Z   cores: 2
Android Tests (4)	UNKNOWN STEP	2026-02-25T19:49:41.8988653Z   avd-name: test
Android Tests (4)	UNKNOWN STEP	2026-02-25T19:49:41.8989006Z   force-avd-creation: true
Android Tests (4)	UNKNOWN STEP	2026-02-25T19:49:41.8989396Z   emulator-port: 5554
Android Tests (4)	UNKNOWN STEP	2026-02-25T19:49:41.8989775Z   disable-spellchecker: false
Android Tests (4)	UNKNOWN STEP	2026-02-25T19:49:41.8990270Z   disable-linux-hw-accel: auto
Android Tests (4)	UNKNOWN STEP	2026-02-25T19:49:41.8990922Z   enable-hw-keyboard: false
Android Tests (4)	UNKNOWN STEP	2026-02-25T19:49:41.8991318Z   channel: stable
Android Tests (4)	UNKNOWN STEP	2026-02-25T19:49:41.8991642Z env:
Android Tests (4)	UNKNOWN STEP	2026-02-25T19:49:41.8991936Z   CACHE_VERSION: v1
Android Tests (4)	UNKNOWN STEP	2026-02-25T19:49:41.8992495Z   JAVA_HOME: /opt/hostedtoolcache/Java_Temurin-Hotspot_jdk/17.0.18-8/x64
Android Tests (4)	UNKNOWN STEP	2026-02-25T19:49:41.8993346Z   JAVA_HOME_17_X64: /opt/hostedtoolcache/Java_Temurin-Hotspot_jdk/17.0.18-8/x64
Android Tests (4)	UNKNOWN STEP	2026-02-25T19:49:41.8994184Z   FLUTTER_ROOT: /opt/hostedtoolcache/flutter/stable-3.41.2-x64
Android Tests (4)	UNKNOWN STEP	2026-02-25T19:49:41.8994799Z   PUB_CACHE: /home/runner/.pub-cache
Android Tests (4)	UNKNOWN STEP	2026-02-25T19:49:41.8995306Z   MATRIX_SERVER: http://localhost:8008
Android Tests (4)	UNKNOWN STEP	2026-02-25T19:49:41.8995802Z   MATRIX_TEST_USER: testuser1
Android Tests (4)	UNKNOWN STEP	2026-02-25T19:49:41.8996260Z   MATRIX_TEST_PASSWORD: testpass123
Android Tests (4)	UNKNOWN STEP	2026-02-25T19:49:41.8996698Z ##[endgroup]
Android Tests (4)	UNKNOWN STEP	2026-02-25T19:49:41.9564929Z ##[group]Configure emulator
Android Tests (4)	UNKNOWN STEP	2026-02-25T19:49:41.9570373Z You're running a Linux VM where hardware acceleration is not available. Please consider using a macOS VM instead to take advantage of native hardware acceleration support provided by HAXM.
Android Tests (4)	UNKNOWN STEP	2026-02-25T19:49:41.9571896Z API level: 29
Android Tests (4)	UNKNOWN STEP	2026-02-25T19:49:41.9572233Z System image API level: 29
Android Tests (4)	UNKNOWN STEP	2026-02-25T19:49:41.9572599Z target: default
Android Tests (4)	UNKNOWN STEP	2026-02-25T19:49:41.9572922Z CPU architecture: x86_64
Android Tests (4)	UNKNOWN STEP	2026-02-25T19:49:41.9573299Z Hardware profile: pixel_4
Android Tests (4)	UNKNOWN STEP	2026-02-25T19:49:41.9573655Z Cores: 2
Android Tests (4)	UNKNOWN STEP	2026-02-25T19:49:41.9573937Z RAM size: 2048M
Android Tests (4)	UNKNOWN STEP	2026-02-25T19:49:41.9575040Z Heap size: 512M
Android Tests (4)	UNKNOWN STEP	2026-02-25T19:49:41.9575607Z SD card path or size: 
Android Tests (4)	UNKNOWN STEP	2026-02-25T19:49:41.9576699Z Disk size: 
Android Tests (4)	UNKNOWN STEP	2026-02-25T19:49:41.9577073Z AVD name: test
Android Tests (4)	UNKNOWN STEP	2026-02-25T19:49:41.9577942Z force avd creation: true
Android Tests (4)	UNKNOWN STEP	2026-02-25T19:49:41.9579120Z Emulator boot timeout: 900
Android Tests (4)	UNKNOWN STEP	2026-02-25T19:49:41.9579894Z emulator port: 5554
Android Tests (4)	UNKNOWN STEP	2026-02-25T19:49:41.9581184Z emulator options: -no-window -no-audio -no-boot-anim -gpu swiftshader_indirect
Android Tests (4)	UNKNOWN STEP	2026-02-25T19:49:41.9581880Z disable animations: true
Android Tests (4)	UNKNOWN STEP	2026-02-25T19:49:41.9582562Z disable spellchecker: false
Android Tests (4)	UNKNOWN STEP	2026-02-25T19:49:41.9583964Z disable Linux hardware acceleration: true
Android Tests (4)	UNKNOWN STEP	2026-02-25T19:49:41.9584464Z enable hardware keyboard: false
Android Tests (4)	UNKNOWN STEP	2026-02-25T19:49:41.9586096Z Channel: 0 (stable)
Android Tests (4)	UNKNOWN STEP	2026-02-25T19:49:41.9587891Z Script:
Android Tests (4)	UNKNOWN STEP	2026-02-25T19:49:41.9588577Z ./scripts/test.sh android --no-docker --shard 4 --total-shards 7
Android Tests (4)	UNKNOWN STEP	2026-02-25T19:49:41.9589200Z Pre emulator launch script:
Android Tests (4)	UNKNOWN STEP	2026-02-25T19:49:41.9589941Z ##[endgroup]
Android Tests (4)	UNKNOWN STEP	2026-02-25T19:49:41.9592778Z ##[group]Install Android SDK
Android Tests (4)	UNKNOWN STEP	2026-02-25T19:49:41.9655541Z [command]/usr/bin/sh -c \yes | sdkmanager --licenses > /dev/null
Android Tests (4)	UNKNOWN STEP	2026-02-25T19:49:53.3587524Z Installing latest build tools, platform tools, and platform.
Android Tests (4)	UNKNOWN STEP	2026-02-25T19:49:53.3607268Z [command]/usr/bin/sh -c \sdkmanager --install 'build-tools;35.0.0' platform-tools 'platforms;android-29'> /dev/null
Android Tests (4)	UNKNOWN STEP	2026-02-25T19:50:02.9875561Z Installing latest emulator.
Android Tests (4)	UNKNOWN STEP	2026-02-25T19:50:02.9891341Z [command]/usr/bin/sh -c \sdkmanager --install emulator --channel=0 > /dev/null
Android Tests (4)	UNKNOWN STEP	2026-02-25T19:50:15.0117962Z Installing system images.
Android Tests (4)	UNKNOWN STEP	2026-02-25T19:50:15.0137028Z [command]/usr/bin/sh -c \sdkmanager --install 'system-images;android-29;default;x86_64' --channel=0 > /dev/null
Android Tests (4)	UNKNOWN STEP	2026-02-25T19:50:49.6646980Z ##[endgroup]
Android Tests (4)	UNKNOWN STEP	2026-02-25T19:50:49.6649511Z ##[group]Create AVD
Android Tests (4)	UNKNOWN STEP	2026-02-25T19:50:49.6651374Z Creating AVD.
Android Tests (4)	UNKNOWN STEP	2026-02-25T19:50:49.6674955Z [command]/usr/bin/sh -c \echo no | avdmanager create avd --force -n test --abi 'default/x86_64' --package 'system-images;android-29;default;x86_64' --device 'pixel_4'
Android Tests (4)	UNKNOWN STEP	2026-02-25T19:50:50.4293711Z Loading local repository...                                                     
Android Tests (4)	UNKNOWN STEP	2026-02-25T19:50:50.4301215Z [=========                              ] 25% Loading local repository...       
Android Tests (4)	UNKNOWN STEP	2026-02-25T19:50:50.4303223Z [=========                              ] 25% Fetch remote repository...        
Android Tests (4)	UNKNOWN STEP	2026-02-25T19:50:50.4304201Z [=======================================] 100% Fetch remote repository...       
Android Tests (4)	UNKNOWN STEP	2026-02-25T19:50:50.9884965Z [command]/usr/bin/sh -c \printf 'hw.cpu.ncore=2\nhw.ramSize=2048M\nhw.heapSize=512M\n' >> /home/runner/.android/avd/test.avd/config.ini
Android Tests (4)	UNKNOWN STEP	2026-02-25T19:50:50.9907140Z ##[endgroup]
Android Tests (4)	UNKNOWN STEP	2026-02-25T19:50:50.9909664Z ##[group]Launch Emulator
Android Tests (4)	UNKNOWN STEP	2026-02-25T19:50:50.9910136Z Disabling Linux hardware acceleration.
Android Tests (4)	UNKNOWN STEP	2026-02-25T19:50:50.9910838Z Starting emulator.
Android Tests (4)	UNKNOWN STEP	2026-02-25T19:50:50.9931558Z [command]/usr/bin/sh -c \/usr/local/lib/android/sdk/emulator/emulator -port 5554 -avd test -no-window -no-audio -no-boot-anim -gpu swiftshader_indirect -accel off &
Android Tests (4)	UNKNOWN STEP	2026-02-25T19:50:51.0069717Z INFO         | Android emulator version 36.4.9.0 (build_id 14788078) (CL:N/A)
Android Tests (4)	UNKNOWN STEP	2026-02-25T19:50:51.0070392Z INFO         | Graphics backend: gfxstream
Android Tests (4)	UNKNOWN STEP	2026-02-25T19:50:51.0071197Z INFO         | Found systemPath /usr/local/lib/android/sdk/system-images/android-29/default/x86_64/
Android Tests (4)	UNKNOWN STEP	2026-02-25T19:50:51.1902968Z ProbeKVM: This user doesn't have permissions to use KVM (/dev/kvm).
Android Tests (4)	UNKNOWN STEP	2026-02-25T19:50:51.1904136Z The KVM line in /etc/group is: [kvm:x:993:]
Android Tests (4)	UNKNOWN STEP	2026-02-25T19:50:51.1904509Z 
Android Tests (4)	UNKNOWN STEP	2026-02-25T19:50:51.1904664Z If the current user has KVM permissions,
Android Tests (4)	UNKNOWN STEP	2026-02-25T19:50:51.1905192Z the KVM line in /etc/group should end with ":" followed by your username.
Android Tests (4)	UNKNOWN STEP	2026-02-25T19:50:51.1905583Z 
Android Tests (4)	UNKNOWN STEP	2026-02-25T19:50:51.1905874Z If we see LINE_NOT_FOUND, the kvm group may need to be created along with permissions:
Android Tests (4)	UNKNOWN STEP	2026-02-25T19:50:51.1906421Z     sudo groupadd -r kvm
Android Tests (4)	UNKNOWN STEP	2026-02-25T19:50:51.1906939Z     # Then ensure /lib/udev/rules.d/50-udev-default.rules contains something like:
Android Tests (4)	UNKNOWN STEP	2026-02-25T19:50:51.1907483Z     # KERNEL=="kvm", GROUP="kvm", MODE="0660"
Android Tests (4)	UNKNOWN STEP	2026-02-25T19:50:51.1907822Z     # and then run:
Android Tests (4)	UNKNOWN STEP	2026-02-25T19:50:51.1908092Z     sudo gpasswd -a $USER kvm
Android Tests (4)	UNKNOWN STEP	2026-02-25T19:50:51.1908295Z 
Android Tests (4)	UNKNOWN STEP	2026-02-25T19:50:51.1908670Z If we see kvm:... but no username at the end, running the following command may allow KVM access:
Android Tests (4)	UNKNOWN STEP	2026-02-25T19:50:51.1909433Z     sudo gpasswd -a $USER kvm
Android Tests (4)	UNKNOWN STEP	2026-02-25T19:50:51.1910016Z 
Android Tests (4)	UNKNOWN STEP	2026-02-25T19:50:51.1910221Z You may need to log out and back in for changes to take effect.
Android Tests (4)	UNKNOWN STEP	2026-02-25T19:50:51.1910515Z 
Android Tests (4)	UNKNOWN STEP	2026-02-25T19:50:52.1564453Z INFO         | Increasing RAM size to 2048MB
Android Tests (4)	UNKNOWN STEP	2026-02-25T19:50:52.1565276Z ##############################################################################
Android Tests (4)	UNKNOWN STEP	2026-02-25T19:50:52.1566062Z ##                        WARNING - ACTION REQUIRED                         ##
Android Tests (4)	UNKNOWN STEP	2026-02-25T19:50:52.1567015Z ##  Consider using the '-metrics-collection' flag to help improve the       ##
Android Tests (4)	UNKNOWN STEP	2026-02-25T19:50:52.1567967Z ##  emulator by sending anonymized usage data. Or use the '-no-metrics'     ##
Android Tests (4)	UNKNOWN STEP	2026-02-25T19:50:52.1568797Z ##  flag to bypass this warning and turn off the metrics collection.        ##
Android Tests (4)	UNKNOWN STEP	2026-02-25T19:50:52.1569294Z ##  In a future release this warning will turn into a one-time blocking     ##
Android Tests (4)	UNKNOWN STEP	2026-02-25T19:50:52.1569775Z ##  prompt to ask for explicit user input regarding metrics collection.     ##
Android Tests (4)	UNKNOWN STEP	2026-02-25T19:50:52.1570199Z ##                                                                          ##
Android Tests (4)	UNKNOWN STEP	2026-02-25T19:50:52.1570879Z ##  Please see '-help-metrics-collection' for more details. You can use     ##
Android Tests (4)	UNKNOWN STEP	2026-02-25T19:50:52.1571662Z ##  '-metrics-to-file' or '-metrics-to-console' flags to see what type of   ##
Android Tests (4)	UNKNOWN STEP	2026-02-25T19:50:52.1572146Z ##  data is being collected by emulator as part of usage statistics.        ##
Android Tests (4)	UNKNOWN STEP	2026-02-25T19:50:52.1572534Z ##############################################################################
Android Tests (4)	UNKNOWN STEP	2026-02-25T19:50:52.1572854Z INFO         | Guest GLES Driver: Auto (ext controls)
Android Tests (4)	UNKNOWN STEP	2026-02-25T19:50:52.1573310Z INFO         | emuglConfig_init: vulkan_mode_selected:swiftshader gles_mode_selected:swiftshader
Android Tests (4)	UNKNOWN STEP	2026-02-25T19:50:52.1573833Z WARNING      | FeatureControl is requesting a non existing feature.
Android Tests (4)	UNKNOWN STEP	2026-02-25T19:50:52.1574201Z INFO         | Checking system compatibility:
Android Tests (4)	UNKNOWN STEP	2026-02-25T19:50:52.1574506Z INFO         |   Checking: hasSufficientDiskSpace
Android Tests (4)	UNKNOWN STEP	2026-02-25T19:50:52.1574860Z INFO         |      Ok: Disk space requirements to run avd: `test` are met
Android Tests (4)	UNKNOWN STEP	2026-02-25T19:50:52.1575217Z INFO         |   Checking: hasSufficientHwGpu
Android Tests (4)	UNKNOWN STEP	2026-02-25T19:50:52.1575549Z INFO         |      Ok: Hardware GPU compatibility checks are not required
Android Tests (4)	UNKNOWN STEP	2026-02-25T19:50:52.1575903Z INFO         |   Checking: hasSufficientSystem
Android Tests (4)	UNKNOWN STEP	2026-02-25T19:50:52.1576236Z INFO         |      Ok: System requirements to run avd: `test` are met
Android Tests (4)	UNKNOWN STEP	2026-02-25T19:50:52.1576646Z WARNING      | x86_64 emulation may not work without hardware acceleration!
Android Tests (4)	UNKNOWN STEP	2026-02-25T19:50:52.1577082Z WARNING      | FeatureControl is requesting a non existing feature.
Android Tests (4)	UNKNOWN STEP	2026-02-25T19:50:52.1577474Z ERROR        | Unable to connect to adb daemon on port: 5037
Android Tests (4)	UNKNOWN STEP	2026-02-25T19:50:52.1597466Z INFO         | Storing crashdata in: /tmp/android-runner/emu-crash-36.4.9.db, detection is enabled for process: 5037
Android Tests (4)	UNKNOWN STEP	2026-02-25T19:50:52.1598027Z INFO         | Initializing gfxstream backend
Android Tests (4)	UNKNOWN STEP	2026-02-25T19:50:52.1598356Z INFO         | android_startOpenglesRenderer: gpu info
Android Tests (4)	UNKNOWN STEP	2026-02-25T19:50:52.1598649Z INFO         | 
Android Tests (4)	UNKNOWN STEP	2026-02-25T19:50:52.1598936Z INFO         | initIcdPaths: ICD set to 'swiftshader', using Swiftshader ICD
Android Tests (4)	UNKNOWN STEP	2026-02-25T19:50:52.1599541Z INFO         | Setting ICD filenames for the loader = /usr/local/lib/android/sdk/emulator/lib64/vulkan/vk_swiftshader_icd.json
Android Tests (4)	UNKNOWN STEP	2026-02-25T19:50:52.1600320Z INFO         | SharedLibrary::open for [/usr/local/lib/android/sdk/emulator/qemu/linux-x86_64/lib64/vulkan/libvulkan.so]
Android Tests (4)	UNKNOWN STEP	2026-02-25T19:50:52.1601186Z INFO         | SharedLibrary::open for [/usr/local/lib/android/sdk/emulator/qemu/linux-x86_64/lib64/vulkan/libvulkan.so.1]
Android Tests (4)	UNKNOWN STEP	2026-02-25T19:50:52.1601847Z INFO         | SharedLibrary::open for [/usr/local/lib/android/sdk/emulator/lib64/vulkan/libvulkan.so]
Android Tests (4)	UNKNOWN STEP	2026-02-25T19:50:52.1602420Z INFO         | Added library: /usr/local/lib/android/sdk/emulator/lib64/vulkan/libvulkan.so
Android Tests (4)	UNKNOWN STEP	2026-02-25T19:50:52.1602939Z INFO         | Selecting Vulkan device: SwiftShader Device (Subzero), Version: 1.3.0
Android Tests (4)	UNKNOWN STEP	2026-02-25T19:50:52.1603341Z INFO         | SharedLibrary::open for [libX11]
Android Tests (4)	UNKNOWN STEP	2026-02-25T19:50:52.1603866Z WARNING      | Could not open libX11.so, try libX11.so.6
Android Tests (4)	UNKNOWN STEP	2026-02-25T19:50:52.1604198Z INFO         | SharedLibrary::open for [libX11.so.6]
Android Tests (4)	UNKNOWN STEP	2026-02-25T19:50:52.1604502Z INFO         | SharedLibrary::open for [libX11-xcb]
Android Tests (4)	UNKNOWN STEP	2026-02-25T19:50:52.1604847Z WARNING      | Could not open libX11-xcb.so, try libX11-xcb.so.1
Android Tests (4)	UNKNOWN STEP	2026-02-25T19:50:52.1605207Z INFO         | SharedLibrary::open for [libX11-xcb.so.1]
Android Tests (4)	UNKNOWN STEP	2026-02-25T19:50:52.1605519Z INFO         | Initializing VkEmulation features:
Android Tests (4)	UNKNOWN STEP	2026-02-25T19:50:52.1605811Z INFO         |     glInteropSupported: false
Android Tests (4)	UNKNOWN STEP	2026-02-25T19:50:52.1606087Z INFO         |     useDeferredCommands: true
Android Tests (4)	UNKNOWN STEP	2026-02-25T19:50:52.1606386Z INFO         |     createResourceWithRequirements: true
Android Tests (4)	UNKNOWN STEP	2026-02-25T19:50:52.1606694Z INFO         |     useVulkanComposition: false
Android Tests (4)	UNKNOWN STEP	2026-02-25T19:50:52.1606983Z INFO         |     useVulkanNativeSwapchain: false
Android Tests (4)	UNKNOWN STEP	2026-02-25T19:50:52.1607278Z INFO         |     enable guestRenderDoc: false
Android Tests (4)	UNKNOWN STEP	2026-02-25T19:50:52.1607563Z INFO         |     ASTC LDR emulation mode: Gpu
Android Tests (4)	UNKNOWN STEP	2026-02-25T19:50:52.1607837Z INFO         |     enable ETC2 emulation: true
Android Tests (4)	UNKNOWN STEP	2026-02-25T19:50:52.1608108Z INFO         |     enable Ycbcr emulation: false
Android Tests (4)	UNKNOWN STEP	2026-02-25T19:50:52.1608383Z INFO         |     guestVulkanOnly: false
Android Tests (4)	UNKNOWN STEP	2026-02-25T19:50:52.1608774Z INFO         |     useDedicatedAllocations: false
Android Tests (4)	UNKNOWN STEP	2026-02-25T19:50:52.1609103Z INFO         | Graphics Adapter Vendor Google (Google Inc.)
Android Tests (4)	UNKNOWN STEP	2026-02-25T19:50:52.1609537Z INFO         | Graphics Adapter Android Emulator OpenGL ES Translator (Google SwiftShader)
Android Tests (4)	UNKNOWN STEP	2026-02-25T19:50:52.1610045Z INFO         | Graphics API Version OpenGL ES 3.0 (OpenGL ES 3.0 SwiftShader 4.0.0.1)
Android Tests (4)	UNKNOWN STEP	2026-02-25T19:50:52.1801813Z INFO         | Graphics API Extensions GL_OES_EGL_sync GL_OES_EGL_image GL_OES_EGL_image_external GL_OES_depth24 GL_OES_depth32 GL_OES_element_index_uint GL_OESWARNING: cannnot unmap ptr 0x7fc6d0001000 as it is in the protected range from 0x7fc650000000 to 0x7fc6d0200000
Android Tests (4)	UNKNOWN STEP	2026-02-25T19:50:52.1939378Z _texture_float GL_OES_texture_float_linear GL_OES_compressed_paletted_texture GL_OES_compressed_ETC1_RGB8_texture GL_OES_depth_texture GL_OES_texture_half_float GL_OES_texture_half_float_linear GL_OES_packed_depth_stencil GL_OES_vertex_half_float GL_OES_standard_derivatives GL_OES_texture_npot GL_OES_rgb8_rgba8 GL_EXT_color_buffer_float GL_EXT_color_buffer_half_float GL_EXT_texture_format_BGRA8888 GL_APPLE_texture_format_BGRA8888 
Android Tests (4)	UNKNOWN STEP	2026-02-25T19:50:52.1942558Z INFO         | Graphics Device Extensions N/A
Android Tests (4)	UNKNOWN STEP	2026-02-25T19:50:52.1943082Z INFO         | Disabling sparse binding feature support
Android Tests (4)	UNKNOWN STEP	2026-02-25T19:50:52.1943590Z INFO         | Userspace boot properties:
Android Tests (4)	UNKNOWN STEP	2026-02-25T19:50:52.1944053Z INFO         |   android.bootanim=0
Android Tests (4)	UNKNOWN STEP	2026-02-25T19:50:52.1944470Z INFO         |   android.qemud=1
Android Tests (4)	UNKNOWN STEP	2026-02-25T19:50:52.1945127Z INFO         |   androidboot.boot_devices=pci0000:00/0000:00:03.0 pci0000:00/0000:00:06.0
Android Tests (4)	UNKNOWN STEP	2026-02-25T19:50:52.1945878Z INFO         |   androidboot.hardware=ranchu
Android Tests (4)	UNKNOWN STEP	2026-02-25T19:50:52.1946403Z INFO         |   androidboot.hardware.vulkan=ranchu
Android Tests (4)	UNKNOWN STEP	2026-02-25T19:50:52.1946975Z INFO         |   androidboot.serialno=EMULATOR36X4X9X0
Android Tests (4)	UNKNOWN STEP	2026-02-25T19:50:52.1947895Z INFO         |   androidboot.vbmeta.digest=0893f0f3bac935802e7658f39b766acd7344cd0553606784a98cb6a38c2a8629
Android Tests (4)	UNKNOWN STEP	2026-02-25T19:50:52.1948822Z INFO         |   androidboot.vbmeta.hash_alg=sha256
Android Tests (4)	UNKNOWN STEP	2026-02-25T19:50:52.1949368Z INFO         |   androidboot.vbmeta.size=4352
Android Tests (4)	UNKNOWN STEP	2026-02-25T19:50:52.1949837Z INFO         |   qemu=1
Android Tests (4)	UNKNOWN STEP	2026-02-25T19:50:52.1950200Z INFO         |   qemu.avd_name=test
Android Tests (4)	UNKNOWN STEP	2026-02-25T19:50:52.1950871Z INFO         |   qemu.camera_hq_edge_processing=0
Android Tests (4)	UNKNOWN STEP	2026-02-25T19:50:52.1951398Z INFO         |   qemu.dalvik.vm.heapsize=512m
Android Tests (4)	UNKNOWN STEP	2026-02-25T19:50:52.1951866Z INFO         |   qemu.encrypt=1
Android Tests (4)	UNKNOWN STEP	2026-02-25T19:50:52.1952251Z INFO         |   qemu.gles=1
Android Tests (4)	UNKNOWN STEP	2026-02-25T19:50:52.1952656Z INFO         |   qemu.gltransport=pipe
Android Tests (4)	UNKNOWN STEP	2026-02-25T19:50:52.1953191Z INFO         |   qemu.gltransport.drawFlushInterval=800
Android Tests (4)	UNKNOWN STEP	2026-02-25T19:50:52.1953799Z INFO         |   qemu.opengles.version=196608
Android Tests (4)	UNKNOWN STEP	2026-02-25T19:50:52.1954866Z INFO         |   qemu.settings.system.screen_off_timeout=2147483647
Android Tests (4)	UNKNOWN STEP	2026-02-25T19:50:52.1955461Z INFO         |   qemu.skin=1080x2280
Android Tests (4)	UNKNOWN STEP	2026-02-25T19:50:52.1955909Z INFO         |   qemu.uirenderer=skiagl
Android Tests (4)	UNKNOWN STEP	2026-02-25T19:50:52.1956363Z INFO         |   qemu.vsync=60
Android Tests (4)	UNKNOWN STEP	2026-02-25T19:50:52.1956767Z INFO         |   qemu.wifi=1
Android Tests (4)	UNKNOWN STEP	2026-02-25T19:50:52.1957311Z TCG doesn't support requested feature: CPUID.01H:ECX.avx [bit 28]
Android Tests (4)	UNKNOWN STEP	2026-02-25T19:50:52.1958051Z TCG doesn't support requested feature: CPUID.01H:ECX.f16c [bit 29]
Android Tests (4)	UNKNOWN STEP	2026-02-25T19:50:52.1958800Z TCG doesn't support requested feature: CPUID.01H:ECX.avx [bit 28]
Android Tests (4)	UNKNOWN STEP	2026-02-25T19:50:52.1959512Z TCG doesn't support requested feature: CPUID.01H:ECX.f16c [bit 29]
Android Tests (4)	UNKNOWN STEP	2026-02-25T19:50:52.1960166Z INFO         | Monitoring duration of emulator setup.
Android Tests (4)	UNKNOWN STEP	2026-02-25T19:50:52.2126354Z INFO         | Setting display: 0 configuration to: 1080x2280, dpi: 440x440 
Android Tests (4)	UNKNOWN STEP	2026-02-25T19:50:52.2127054Z INFO         | setDisplayActiveConfig 0
Android Tests (4)	UNKNOWN STEP	2026-02-25T19:50:52.2182065Z INFO         | Loading snapshot 'default_boot'...
Android Tests (4)	UNKNOWN STEP	2026-02-25T19:50:52.2183977Z WARNING      | Failed to process .ini file /home/runner/.android/emu-update-last-check.ini for reading.
Android Tests (4)	UNKNOWN STEP	2026-02-25T19:50:52.2304168Z WARNING      | Device 'cache' does not have the requested snapshot 'default_boot'
Android Tests (4)	UNKNOWN STEP	2026-02-25T19:50:52.2304978Z 
Android Tests (4)	UNKNOWN STEP	2026-02-25T19:50:52.2305227Z WARNING      | Failed to load snapshot 'default_boot'
Android Tests (4)	UNKNOWN STEP	2026-02-25T19:50:52.2306416Z USER_INFO    | The emulator is performing a cold boot without a saved state because there's no snapshot and you have configured it not to save on exit.
Android Tests (4)	UNKNOWN STEP	2026-02-25T19:50:53.3583387Z WARNING      | Failed to process .ini file /home/runner/.android/emu-update-last-check.ini for reading.
Android Tests (4)	UNKNOWN STEP	2026-02-25T19:51:00.9984156Z [command]/usr/local/lib/android/sdk/platform-tools/adb -s emulator-5554 shell getprop sys.boot_completed
Android Tests (4)	UNKNOWN STEP	2026-02-25T19:51:01.0263467Z * daemon not running; starting now at tcp:5037
Android Tests (4)	UNKNOWN STEP	2026-02-25T19:51:01.1902310Z * daemon started successfully
Android Tests (4)	UNKNOWN STEP	2026-02-25T19:51:01.2308685Z adb: device offline
Android Tests (4)	UNKNOWN STEP	2026-02-25T19:51:01.2317557Z The process '/usr/local/lib/android/sdk/platform-tools/adb' failed with exit code 1
Android Tests (4)	UNKNOWN STEP	2026-02-25T19:51:03.2366244Z [command]/usr/local/lib/android/sdk/platform-tools/adb -s emulator-5554 shell getprop sys.boot_completed
Android Tests (4)	UNKNOWN STEP	2026-02-25T19:51:03.2401874Z adb: device offline
Android Tests (4)	UNKNOWN STEP	2026-02-25T19:51:03.2408283Z The process '/usr/local/lib/android/sdk/platform-tools/adb' failed with exit code 1
Android Tests (4)	UNKNOWN STEP	2026-02-25T19:51:05.2456531Z [command]/usr/local/lib/android/sdk/platform-tools/adb -s emulator-5554 shell getprop sys.boot_completed
Android Tests (4)	UNKNOWN STEP	2026-02-25T19:51:05.2495293Z adb: device offline
Android Tests (4)	UNKNOWN STEP	2026-02-25T19:51:05.2501921Z The process '/usr/local/lib/android/sdk/platform-tools/adb' failed with exit code 1
Android Tests (4)	UNKNOWN STEP	2026-02-25T19:51:07.2548411Z [command]/usr/local/lib/android/sdk/platform-tools/adb -s emulator-5554 shell getprop sys.boot_completed
Android Tests (4)	UNKNOWN STEP	2026-02-25T19:51:07.2580960Z adb: device offline
Android Tests (4)	UNKNOWN STEP	2026-02-25T19:51:07.2586566Z The process '/usr/local/lib/android/sdk/platform-tools/adb' failed with exit code 1
Android Tests (4)	UNKNOWN STEP	2026-02-25T19:51:09.2626805Z [command]/usr/local/lib/android/sdk/platform-tools/adb -s emulator-5554 shell getprop sys.boot_completed
Android Tests (4)	UNKNOWN STEP	2026-02-25T19:51:09.2669742Z adb: device offline
Android Tests (4)	UNKNOWN STEP	2026-02-25T19:51:09.2678176Z The process '/usr/local/lib/android/sdk/platform-tools/adb' failed with exit code 1
Android Tests (4)	UNKNOWN STEP	2026-02-25T19:51:11.2717076Z [command]/usr/local/lib/android/sdk/platform-tools/adb -s emulator-5554 shell getprop sys.boot_completed
Android Tests (4)	UNKNOWN STEP	2026-02-25T19:51:11.2750531Z adb: device offline
Android Tests (4)	UNKNOWN STEP	2026-02-25T19:51:11.2757878Z The process '/usr/local/lib/android/sdk/platform-tools/adb' failed with exit code 1
Android Tests (4)	UNKNOWN STEP	2026-02-25T19:51:13.2802629Z [command]/usr/local/lib/android/sdk/platform-tools/adb -s emulator-5554 shell getprop sys.boot_completed
Android Tests (4)	UNKNOWN STEP	2026-02-25T19:51:13.2835581Z adb: device offline
Android Tests (4)	UNKNOWN STEP	2026-02-25T19:51:13.2841392Z The process '/usr/local/lib/android/sdk/platform-tools/adb' failed with exit code 1
Android Tests (4)	UNKNOWN STEP	2026-02-25T19:51:15.2880019Z [command]/usr/local/lib/android/sdk/platform-tools/adb -s emulator-5554 shell getprop sys.boot_completed
Android Tests (4)	UNKNOWN STEP	2026-02-25T19:51:15.2914854Z adb: device offline
Android Tests (4)	UNKNOWN STEP	2026-02-25T19:51:15.2921340Z The process '/usr/local/lib/android/sdk/platform-tools/adb' failed with exit code 1
Android Tests (4)	UNKNOWN STEP	2026-02-25T19:51:17.2968064Z [command]/usr/local/lib/android/sdk/platform-tools/adb -s emulator-5554 shell getprop sys.boot_completed
Android Tests (4)	UNKNOWN STEP	2026-02-25T19:51:17.3001009Z adb: device offline
Android Tests (4)	UNKNOWN STEP	2026-02-25T19:51:17.3008682Z The process '/usr/local/lib/android/sdk/platform-tools/adb' failed with exit code 1
Android Tests (4)	UNKNOWN STEP	2026-02-25T19:51:19.3046677Z [command]/usr/local/lib/android/sdk/platform-tools/adb -s emulator-5554 shell getprop sys.boot_completed
Android Tests (4)	UNKNOWN STEP	2026-02-25T19:51:19.3079135Z adb: device offline
Android Tests (4)	UNKNOWN STEP	2026-02-25T19:51:19.3084846Z The process '/usr/local/lib/android/sdk/platform-tools/adb' failed with exit code 1
Android Tests (4)	UNKNOWN STEP	2026-02-25T19:51:21.3136792Z [command]/usr/local/lib/android/sdk/platform-tools/adb -s emulator-5554 shell getprop sys.boot_completed
Android Tests (4)	UNKNOWN STEP	2026-02-25T19:51:21.3168344Z adb: device offline
Android Tests (4)	UNKNOWN STEP	2026-02-25T19:51:21.3173906Z The process '/usr/local/lib/android/sdk/platform-tools/adb' failed with exit code 1
Android Tests (4)	UNKNOWN STEP	2026-02-25T19:51:23.3215910Z [command]/usr/local/lib/android/sdk/platform-tools/adb -s emulator-5554 shell getprop sys.boot_completed
Android Tests (4)	UNKNOWN STEP	2026-02-25T19:51:25.4629315Z 
Android Tests (4)	UNKNOWN STEP	2026-02-25T19:51:27.4822262Z [command]/usr/local/lib/android/sdk/platform-tools/adb -s emulator-5554 shell getprop sys.boot_completed
Android Tests (4)	UNKNOWN STEP	2026-02-25T19:51:29.6766574Z 
Android Tests (4)	UNKNOWN STEP	2026-02-25T19:51:31.7169995Z [command]/usr/local/lib/android/sdk/platform-tools/adb -s emulator-5554 shell getprop sys.boot_completed
Android Tests (4)	UNKNOWN STEP	2026-02-25T19:51:35.4382229Z 
Android Tests (4)	UNKNOWN STEP	2026-02-25T19:51:37.4632911Z [command]/usr/local/lib/android/sdk/platform-tools/adb -s emulator-5554 shell getprop sys.boot_completed
Android Tests (4)	UNKNOWN STEP	2026-02-25T19:51:38.4619255Z 
Android Tests (4)	UNKNOWN STEP	2026-02-25T19:51:40.4674989Z [command]/usr/local/lib/android/sdk/platform-tools/adb -s emulator-5554 shell getprop sys.boot_completed
Android Tests (4)	UNKNOWN STEP	2026-02-25T19:51:40.8798049Z 
Android Tests (4)	UNKNOWN STEP	2026-02-25T19:51:42.9000112Z [command]/usr/local/lib/android/sdk/platform-tools/adb -s emulator-5554 shell getprop sys.boot_completed
Android Tests (4)	UNKNOWN STEP	2026-02-25T19:51:43.3955721Z 
Android Tests (4)	UNKNOWN STEP	2026-02-25T19:51:45.4267208Z [command]/usr/local/lib/android/sdk/platform-tools/adb -s emulator-5554 shell getprop sys.boot_completed
Android Tests (4)	UNKNOWN STEP	2026-02-25T19:51:45.7347777Z 
Android Tests (4)	UNKNOWN STEP	2026-02-25T19:51:47.7396182Z [command]/usr/local/lib/android/sdk/platform-tools/adb -s emulator-5554 shell getprop sys.boot_completed
Android Tests (4)	UNKNOWN STEP	2026-02-25T19:51:48.1559788Z 
Android Tests (4)	UNKNOWN STEP	2026-02-25T19:51:50.1734261Z [command]/usr/local/lib/android/sdk/platform-tools/adb -s emulator-5554 shell getprop sys.boot_completed
Android Tests (4)	UNKNOWN STEP	2026-02-25T19:51:50.5088560Z 
Android Tests (4)	UNKNOWN STEP	2026-02-25T19:51:52.5201789Z [command]/usr/local/lib/android/sdk/platform-tools/adb -s emulator-5554 shell getprop sys.boot_completed
Android Tests (4)	UNKNOWN STEP	2026-02-25T19:51:52.8498342Z 
Android Tests (4)	UNKNOWN STEP	2026-02-25T19:51:54.8528919Z [command]/usr/local/lib/android/sdk/platform-tools/adb -s emulator-5554 shell getprop sys.boot_completed
Android Tests (4)	UNKNOWN STEP	2026-02-25T19:51:55.2489904Z 
Android Tests (4)	UNKNOWN STEP	2026-02-25T19:51:57.2535065Z [command]/usr/local/lib/android/sdk/platform-tools/adb -s emulator-5554 shell getprop sys.boot_completed
Android Tests (4)	UNKNOWN STEP	2026-02-25T19:51:57.6480488Z 
Android Tests (4)	UNKNOWN STEP	2026-02-25T19:51:59.6532100Z [command]/usr/local/lib/android/sdk/platform-tools/adb -s emulator-5554 shell getprop sys.boot_completed
Android Tests (4)	UNKNOWN STEP	2026-02-25T19:52:00.0824434Z 
Android Tests (4)	UNKNOWN STEP	2026-02-25T19:52:02.0873427Z [command]/usr/local/lib/android/sdk/platform-tools/adb -s emulator-5554 shell getprop sys.boot_completed
Android Tests (4)	UNKNOWN STEP	2026-02-25T19:52:02.5310395Z 
Android Tests (4)	UNKNOWN STEP	2026-02-25T19:52:04.5380979Z [command]/usr/local/lib/android/sdk/platform-tools/adb -s emulator-5554 shell getprop sys.boot_completed
Android Tests (4)	UNKNOWN STEP	2026-02-25T19:52:05.0003002Z 
Android Tests (4)	UNKNOWN STEP	2026-02-25T19:52:07.0058104Z [command]/usr/local/lib/android/sdk/platform-tools/adb -s emulator-5554 shell getprop sys.boot_completed
Android Tests (4)	UNKNOWN STEP	2026-02-25T19:52:07.8749238Z 
Android Tests (4)	UNKNOWN STEP	2026-02-25T19:52:09.8806697Z [command]/usr/local/lib/android/sdk/platform-tools/adb -s emulator-5554 shell getprop sys.boot_completed
Android Tests (4)	UNKNOWN STEP	2026-02-25T19:52:10.6239848Z 
Android Tests (4)	UNKNOWN STEP	2026-02-25T19:52:12.6534193Z [command]/usr/local/lib/android/sdk/platform-tools/adb -s emulator-5554 shell getprop sys.boot_completed
Android Tests (4)	UNKNOWN STEP	2026-02-25T19:52:13.5010896Z 
Android Tests (4)	UNKNOWN STEP	2026-02-25T19:52:15.5257830Z [command]/usr/local/lib/android/sdk/platform-tools/adb -s emulator-5554 shell getprop sys.boot_completed
Android Tests (4)	UNKNOWN STEP	2026-02-25T19:52:15.8115891Z 
Android Tests (4)	UNKNOWN STEP	2026-02-25T19:52:17.8173866Z [command]/usr/local/lib/android/sdk/platform-tools/adb -s emulator-5554 shell getprop sys.boot_completed
Android Tests (4)	UNKNOWN STEP	2026-02-25T19:52:18.1853215Z 
Android Tests (4)	UNKNOWN STEP	2026-02-25T19:52:20.1966537Z [command]/usr/local/lib/android/sdk/platform-tools/adb -s emulator-5554 shell getprop sys.boot_completed
Android Tests (4)	UNKNOWN STEP	2026-02-25T19:52:20.5327879Z 
Android Tests (4)	UNKNOWN STEP	2026-02-25T19:52:22.5468181Z [command]/usr/local/lib/android/sdk/platform-tools/adb -s emulator-5554 shell getprop sys.boot_completed
Android Tests (4)	UNKNOWN STEP	2026-02-25T19:52:22.8388100Z 
Android Tests (4)	UNKNOWN STEP	2026-02-25T19:52:24.8438488Z [command]/usr/local/lib/android/sdk/platform-tools/adb -s emulator-5554 shell getprop sys.boot_completed
Android Tests (4)	UNKNOWN STEP	2026-02-25T19:52:25.7466428Z 
Android Tests (4)	UNKNOWN STEP	2026-02-25T19:52:27.8218198Z [command]/usr/local/lib/android/sdk/platform-tools/adb -s emulator-5554 shell getprop sys.boot_completed
Android Tests (4)	UNKNOWN STEP	2026-02-25T19:52:28.6994693Z 
Android Tests (4)	UNKNOWN STEP	2026-02-25T19:52:30.7308639Z [command]/usr/local/lib/android/sdk/platform-tools/adb -s emulator-5554 shell getprop sys.boot_completed
Android Tests (4)	UNKNOWN STEP	2026-02-25T19:52:31.5213772Z 
Android Tests (4)	UNKNOWN STEP	2026-02-25T19:52:33.5460976Z [command]/usr/local/lib/android/sdk/platform-tools/adb -s emulator-5554 shell getprop sys.boot_completed
Android Tests (4)	UNKNOWN STEP	2026-02-25T19:52:35.5307265Z 
Android Tests (4)	UNKNOWN STEP	2026-02-25T19:52:37.5844971Z [command]/usr/local/lib/android/sdk/platform-tools/adb -s emulator-5554 shell getprop sys.boot_completed
Android Tests (4)	UNKNOWN STEP	2026-02-25T19:52:38.8972298Z 
Android Tests (4)	UNKNOWN STEP	2026-02-25T19:52:40.9025955Z [command]/usr/local/lib/android/sdk/platform-tools/adb -s emulator-5554 shell getprop sys.boot_completed
Android Tests (4)	UNKNOWN STEP	2026-02-25T19:52:41.4479841Z 
Android Tests (4)	UNKNOWN STEP	2026-02-25T19:52:43.5396573Z [command]/usr/local/lib/android/sdk/platform-tools/adb -s emulator-5554 shell getprop sys.boot_completed
Android Tests (4)	UNKNOWN STEP	2026-02-25T19:52:44.1734521Z 
Android Tests (4)	UNKNOWN STEP	2026-02-25T19:52:46.2025247Z [command]/usr/local/lib/android/sdk/platform-tools/adb -s emulator-5554 shell getprop sys.boot_completed
Android Tests (4)	UNKNOWN STEP	2026-02-25T19:52:47.3041394Z 
Android Tests (4)	UNKNOWN STEP	2026-02-25T19:52:49.3192398Z [command]/usr/local/lib/android/sdk/platform-tools/adb -s emulator-5554 shell getprop sys.boot_completed
Android Tests (4)	UNKNOWN STEP	2026-02-25T19:52:50.6083495Z 
Android Tests (4)	UNKNOWN STEP	2026-02-25T19:52:52.6142096Z [command]/usr/local/lib/android/sdk/platform-tools/adb -s emulator-5554 shell getprop sys.boot_completed
Android Tests (4)	UNKNOWN STEP	2026-02-25T19:52:54.1863872Z 
Android Tests (4)	UNKNOWN STEP	2026-02-25T19:52:56.2155696Z [command]/usr/local/lib/android/sdk/platform-tools/adb -s emulator-5554 shell getprop sys.boot_completed
Android Tests (4)	UNKNOWN STEP	2026-02-25T19:52:57.2011121Z 
Android Tests (4)	UNKNOWN STEP	2026-02-25T19:52:59.2504627Z [command]/usr/local/lib/android/sdk/platform-tools/adb -s emulator-5554 shell getprop sys.boot_completed
Android Tests (4)	UNKNOWN STEP	2026-02-25T19:53:02.0689786Z 1
Android Tests (4)	UNKNOWN STEP	2026-02-25T19:53:02.0697723Z Emulator booted.
Android Tests (4)	UNKNOWN STEP	2026-02-25T19:53:02.0716566Z [command]/usr/local/lib/android/sdk/platform-tools/adb -s emulator-5554 shell input keyevent 82
Android Tests (4)	UNKNOWN STEP	2026-02-25T19:53:07.8831100Z INFO         | Boot completed in 136850 ms
Android Tests (4)	UNKNOWN STEP	2026-02-25T19:53:07.8832336Z INFO         | Increasing screen off timeout, logcat buffer size to 2M.
Android Tests (4)	UNKNOWN STEP	2026-02-25T19:53:19.4171274Z Disabling animations.
Android Tests (4)	UNKNOWN STEP	2026-02-25T19:53:19.4194274Z [command]/usr/local/lib/android/sdk/platform-tools/adb -s emulator-5554 shell settings put global window_animation_scale 0.0
Android Tests (4)	UNKNOWN STEP	2026-02-25T19:53:21.7347413Z [command]/usr/local/lib/android/sdk/platform-tools/adb -s emulator-5554 shell settings put global transition_animation_scale 0.0
Android Tests (4)	UNKNOWN STEP	2026-02-25T19:53:24.5194543Z [command]/usr/local/lib/android/sdk/platform-tools/adb -s emulator-5554 shell settings put global animator_duration_scale 0.0
Android Tests (4)	UNKNOWN STEP	2026-02-25T19:53:28.2622443Z ##[endgroup]
Android Tests (4)	UNKNOWN STEP	2026-02-25T19:53:28.2648704Z [command]/usr/bin/sh -c ./scripts/test.sh android --no-docker --shard 4 --total-shards 7
Android Tests (4)	UNKNOWN STEP	2026-02-25T19:53:28.2778450Z [1m
Android Tests (4)	UNKNOWN STEP	2026-02-25T19:53:28.2778979Z   Substitution Test Runner
Android Tests (4)	UNKNOWN STEP	2026-02-25T19:53:28.2793984Z   2026-02-25 19:53:28
Android Tests (4)	UNKNOWN STEP	2026-02-25T19:53:28.2794420Z   Targets: android
Android Tests (4)	UNKNOWN STEP	2026-02-25T19:53:28.2795356Z [0m
Android Tests (4)	UNKNOWN STEP	2026-02-25T19:53:28.2803521Z [0;34m[INFO][0m Fetching Flutter dependencies...
Android Tests (4)	UNKNOWN STEP	2026-02-25T19:53:29.5255459Z   unorm_dart 0.2.0 (0.3.2 available)
Android Tests (4)	UNKNOWN STEP	2026-02-25T19:53:29.5255990Z   win32 5.15.0 (6.0.0 available)
Android Tests (4)	UNKNOWN STEP	2026-02-25T19:53:29.5256427Z Got dependencies!
Android Tests (4)	UNKNOWN STEP	2026-02-25T19:53:29.5256984Z 7 packages have newer versions incompatible with dependency constraints.
Android Tests (4)	UNKNOWN STEP	2026-02-25T19:53:29.5258095Z Try `flutter pub outdated` for more information.
Android Tests (4)	UNKNOWN STEP	2026-02-25T19:53:29.5262256Z [0;32m[OK][0m Dependencies fetched
Android Tests (4)	UNKNOWN STEP	2026-02-25T19:53:29.5282053Z [0;34m[INFO][0m Target: android
Android Tests (4)	UNKNOWN STEP	2026-02-25T19:53:29.5283759Z 
Android Tests (4)	UNKNOWN STEP	2026-02-25T19:53:29.5284814Z [1m━━━ Android Tests (Emulator) ━━━[0m
Android Tests (4)	UNKNOWN STEP	2026-02-25T19:53:29.5285497Z 
Android Tests (4)	UNKNOWN STEP	2026-02-25T19:53:29.5338665Z [0;34m[INFO][0m Starting Xvfb virtual display...
Android Tests (4)	UNKNOWN STEP	2026-02-25T19:53:31.5388671Z [0;34m[INFO][0m Detected an already running Android device/emulator. Skipping start.
Android Tests (4)	UNKNOWN STEP	2026-02-25T19:53:31.5391356Z [0;34m[INFO][0m Waiting for emulator boot (timeout: 900s)...
Android Tests (4)	UNKNOWN STEP	2026-02-25T19:53:36.4338175Z [0;32m[OK][0m Emulator is ready
Android Tests (4)	UNKNOWN STEP	2026-02-25T19:53:36.4375215Z [0;34m[INFO][0m Running integration tests on Android (timeout: 2400s)...
Android Tests (4)	UNKNOWN STEP	2026-02-25T19:53:41.2085125Z -j/--concurrency was parsed but will be ignored, this option is not supported when running Integration Tests or web tests.
Android Tests (4)	UNKNOWN STEP	2026-02-25T19:53:41.5676534Z 00:00 +0: loading /home/runner/work/substitution/substitution/integration_test/refresh_logic_test.dart
Android Tests (4)	UNKNOWN STEP	2026-02-25T19:59:31.9038072Z Running Gradle task 'assembleDebug'...                          
Android Tests (4)	UNKNOWN STEP	2026-02-25T19:59:31.9040966Z Checking the license for package NDK (Side by side) 27.0.12077973 in /usr/local/lib/android/sdk/licenses
Android Tests (4)	UNKNOWN STEP	2026-02-25T19:59:31.9045933Z License for package NDK (Side by side) 27.0.12077973 accepted.
Android Tests (4)	UNKNOWN STEP	2026-02-25T19:59:31.9046694Z Preparing "Install NDK (Side by side) 27.0.12077973 v.27.0.12077973".
Android Tests (4)	UNKNOWN STEP	2026-02-25T20:00:02.8996419Z "Install NDK (Side by side) 27.0.12077973 v.27.0.12077973" ready.
Android Tests (4)	UNKNOWN STEP	2026-02-25T20:00:02.8997194Z Installing NDK (Side by side) 27.0.12077973 in /usr/local/lib/android/sdk/ndk/27.0.12077973
Android Tests (4)	UNKNOWN STEP	2026-02-25T20:00:02.8997978Z "Install NDK (Side by side) 27.0.12077973 v.27.0.12077973" complete.
Android Tests (4)	UNKNOWN STEP	2026-02-25T20:00:03.0966503Z "Install NDK (Side by side) 27.0.12077973 v.27.0.12077973" finished.
Android Tests (4)	UNKNOWN STEP	2026-02-25T20:00:53.3961440Z Checking the license for package Android SDK Platform 33 in /usr/local/lib/android/sdk/licenses
Android Tests (4)	UNKNOWN STEP	2026-02-25T20:00:53.3964713Z License for package Android SDK Platform 33 accepted.
Android Tests (4)	UNKNOWN STEP	2026-02-25T20:00:53.3965310Z Preparing "Install Android SDK Platform 33 (revision 3)".
Android Tests (4)	UNKNOWN STEP	2026-02-25T20:00:56.5964605Z "Install Android SDK Platform 33 (revision 3)" ready.
Android Tests (4)	UNKNOWN STEP	2026-02-25T20:00:56.5987910Z Installing Android SDK Platform 33 in /usr/local/lib/android/sdk/platforms/android-33
Android Tests (4)	UNKNOWN STEP	2026-02-25T20:00:56.5993545Z "Install Android SDK Platform 33 (revision 3)" complete.
Android Tests (4)	UNKNOWN STEP	2026-02-25T20:00:56.5998681Z "Install Android SDK Platform 33 (revision 3)" finished.
Android Tests (4)	UNKNOWN STEP	2026-02-25T20:04:21.9968325Z Checking the license for package CMake 3.22.1 in /usr/local/lib/android/sdk/licenses
Android Tests (4)	UNKNOWN STEP	2026-02-25T20:04:21.9977539Z License for package CMake 3.22.1 accepted.
Android Tests (4)	UNKNOWN STEP	2026-02-25T20:04:21.9983122Z Preparing "Install CMake 3.22.1 v.3.22.1".
Android Tests (4)	UNKNOWN STEP	2026-02-25T20:04:23.1957883Z "Install CMake 3.22.1 v.3.22.1" ready.
Android Tests (4)	UNKNOWN STEP	2026-02-25T20:04:23.1960310Z Installing CMake 3.22.1 in /usr/local/lib/android/sdk/cmake/3.22.1
Android Tests (4)	UNKNOWN STEP	2026-02-25T20:04:23.1967205Z "Install CMake 3.22.1 v.3.22.1" complete.
Android Tests (4)	UNKNOWN STEP	2026-02-25T20:04:23.1969668Z "Install CMake 3.22.1 v.3.22.1" finished.
Android Tests (4)	UNKNOWN STEP	2026-02-25T20:05:04.0954320Z Running Gradle task 'assembleDebug'...                            682.3s
Android Tests (4)	UNKNOWN STEP	2026-02-25T20:05:04.9785274Z ✓ Built build/app/outputs/flutter-apk/app-debug.apk
Android Tests (4)	UNKNOWN STEP	2026-02-25T20:05:21.1571010Z Installing build/app/outputs/flutter-apk/app-debug.apk...          15.1s
Android Tests (4)	UNKNOWN STEP	2026-02-25T20:05:41.5803099Z 00:00 +0 -1: loading /home/runner/work/substitution/substitution/integration_test/refresh_logic_test.dart [E]
Android Tests (4)	UNKNOWN STEP	2026-02-25T20:05:41.5808624Z   TimeoutException after 0:12:00.000000: Test timed out after 12 minutes.
Android Tests (4)	UNKNOWN STEP	2026-02-25T20:05:41.5997956Z   package:test_api/src/backend/invoker.dart 398:28  Invoker._handleError.<fn>
Android Tests (4)	UNKNOWN STEP	2026-02-25T20:05:41.5999183Z   dart:async/zone_root.dart 27:47                   _rootRun
Android Tests (4)	UNKNOWN STEP	2026-02-25T20:05:41.6000017Z   dart:async/zone.dart 726:19                       _CustomZone.run
Android Tests (4)	UNKNOWN STEP	2026-02-25T20:05:41.6002989Z   package:test_api/src/backend/invoker.dart 396:10  Invoker._handleError
Android Tests (4)	UNKNOWN STEP	2026-02-25T20:05:41.6004321Z   package:test_api/src/backend/invoker.dart 351:9   Invoker.heartbeat.<fn>.<fn>
Android Tests (4)	UNKNOWN STEP	2026-02-25T20:05:41.6005121Z   dart:async/zone_root.dart 35:13                   _rootRun
Android Tests (4)	UNKNOWN STEP	2026-02-25T20:05:41.6005807Z   dart:async/zone.dart 726:19                       _CustomZone.run
Android Tests (4)	UNKNOWN STEP	2026-02-25T20:05:41.6006615Z   package:test_api/src/backend/invoker.dart 350:38  Invoker.heartbeat.<fn>
Android Tests (4)	UNKNOWN STEP	2026-02-25T20:05:41.6007479Z   dart:async-patch/timer_patch.dart 18:15           Timer._createTimer.<fn>
Android Tests (4)	UNKNOWN STEP	2026-02-25T20:05:41.6008304Z   dart:isolate-patch/timer_impl.dart 423:19         _Timer._runTimers
Android Tests (4)	UNKNOWN STEP	2026-02-25T20:05:41.6009108Z   dart:isolate-patch/timer_impl.dart 454:5          _Timer._handleMessage
Android Tests (4)	UNKNOWN STEP	2026-02-25T20:05:41.6010006Z   dart:isolate-patch/isolate_patch.dart 193:12      _RawReceivePort._handleMessage
Android Tests (4)	UNKNOWN STEP	2026-02-25T20:05:41.6010898Z   
Android Tests (4)	UNKNOWN STEP	2026-02-25T20:05:41.6030863Z 00:00 +0 -1: loading /home/runner/work/substitution/substitution/integration_test/room_discovery_with_matrix_test.dart
Android Tests (4)	UNKNOWN STEP	2026-02-25T20:06:15.7034313Z Running Gradle task 'assembleDebug'...                             34.1s
Android Tests (4)	UNKNOWN STEP	2026-02-25T20:06:16.9236971Z ✓ Built build/app/outputs/flutter-apk/app-debug.apk
Android Tests (4)	UNKNOWN STEP	2026-02-25T20:06:41.6083042Z Installing build/app/outputs/flutter-apk/app-debug.apk...          23.1s
Android Tests (4)	UNKNOWN STEP	2026-02-25T20:07:24.0938803Z 00:00 +0 -1: /home/runner/work/substitution/substitution/integration_test/room_discovery_with_matrix_test.dart: (setUpAll)
Android Tests (4)	UNKNOWN STEP	2026-02-25T20:07:24.7189864Z 00:00 +0 -1: /home/runner/work/substitution/substitution/integration_test/room_discovery_with_matrix_test.dart: Room Discovery & Subscription with Real Matrix Server User can access room settings or details
Android Tests (4)	UNKNOWN STEP	2026-02-25T20:07:37.3282714Z Waiting for globalMatrixClient to be initialized...
Android Tests (4)	UNKNOWN STEP	2026-02-25T20:07:40.6343638Z [90m[🌎 Easy Localization] [DEBUG] Localization initialized[0m
Android Tests (4)	UNKNOWN STEP	2026-02-25T20:07:40.7475646Z [Matrix] [32mInitialize client Substitution[0m
Android Tests (4)	UNKNOWN STEP	2026-02-25T20:07:40.9611192Z globalMatrixClient initialized!
Android Tests (4)	UNKNOWN STEP	2026-02-25T20:07:41.0418421Z Android detected: Translated localhost to http://10.0.2.2:8008
Android Tests (4)	UNKNOWN STEP	2026-02-25T20:07:41.0513723Z Step 1: Checking for Age Gate, Intro, or Login fields...
Android Tests (4)	UNKNOWN STEP	2026-02-25T20:07:41.1294325Z [Matrix] [32mUser is not logged in.[0m
Android Tests (4)	UNKNOWN STEP	2026-02-25T20:07:41.3474463Z [90m[🌎 Easy Localization] [DEBUG] Start[0m
Android Tests (4)	UNKNOWN STEP	2026-02-25T20:07:42.0980062Z [90m[🌎 Easy Localization] [DEBUG] Init state[0m
Android Tests (4)	UNKNOWN STEP	2026-02-25T20:07:42.1623732Z [90m[🌎 Easy Localization] [DEBUG] Build[0m
Android Tests (4)	UNKNOWN STEP	2026-02-25T20:07:42.1892332Z [90m[🌎 Easy Localization] [DEBUG] Init Localization Delegate[0m
Android Tests (4)	UNKNOWN STEP	2026-02-25T20:07:42.2241329Z [90m[🌎 Easy Localization] [DEBUG] Init provider[0m
Android Tests (4)	UNKNOWN STEP	2026-02-25T20:07:47.5576746Z [90m[🌎 Easy Localization] [DEBUG] Load Localization Delegate[0m
Android Tests (4)	UNKNOWN STEP	2026-02-25T20:07:47.6177731Z [90m[🌎 Easy Localization] [DEBUG] Load asset from assets/translations[0m
Android Tests (4)	UNKNOWN STEP	2026-02-25T20:07:52.7432183Z [90m[🌎 Easy Localization] [DEBUG] Build[0m
Android Tests (4)	UNKNOWN STEP	2026-02-25T20:07:52.9250063Z [90m[🌎 Easy Localization] [DEBUG] Init Localization Delegate[0m
Android Tests (4)	UNKNOWN STEP	2026-02-25T20:07:52.9251857Z [90m[🌎 Easy Localization] [DEBUG] Init provider[0m
Android Tests (4)	UNKNOWN STEP	2026-02-25T20:08:14.1680901Z Found screen! AgeGate: false, Intro: true, Username: false, Host: false
Android Tests (4)	UNKNOWN STEP	2026-02-25T20:08:14.2152000Z Step 2: Navigating through onboarding...
Android Tests (4)	UNKNOWN STEP	2026-02-25T20:08:18.6883737Z Tapping Next button at step 0...
Android Tests (4)	UNKNOWN STEP	2026-02-25T20:08:28.2915152Z Tapping Next button at step 1...
Android Tests (4)	UNKNOWN STEP	2026-02-25T20:08:38.4556438Z Reached target page at step 2. Host: true, Username: false
Android Tests (4)	UNKNOWN STEP	2026-02-25T20:08:38.4557094Z Onboarding navigation complete.
Android Tests (4)	UNKNOWN STEP	2026-02-25T20:08:38.4885868Z Step 3: Entering host URL: http://10.0.2.2:8008
Android Tests (4)	UNKNOWN STEP	2026-02-25T20:08:46.4514045Z Tapping host submit button...
Android Tests (4)	UNKNOWN STEP	2026-02-25T20:08:51.9389355Z Waiting for login page to appear...
Android Tests (4)	UNKNOWN STEP	2026-02-25T20:09:09.9513456Z Login page reached.
Android Tests (4)	UNKNOWN STEP	2026-02-25T20:09:09.9586949Z Step 4: Looking for login fields...
Android Tests (4)	UNKNOWN STEP	2026-02-25T20:09:10.0555424Z Entering username: testuser1
Android Tests (4)	UNKNOWN STEP	2026-02-25T20:09:14.9866807Z Entering password...
Android Tests (4)	UNKNOWN STEP	2026-02-25T20:09:19.5166020Z Tapping login submit button...
Android Tests (4)	UNKNOWN STEP	2026-02-25T20:09:22.4649011Z Step 5: Waiting for finished page (introGoButton)...
Android Tests (4)	UNKNOWN STEP	2026-02-25T20:09:28.0367376Z 02:03 +0 -2: /home/runner/work/substitution/substitution/integration_test/room_discovery_with_matrix_test.dart: Room Discovery & Subscription with Real Matrix Server User can access room settings or details [E]
Android Tests (4)	UNKNOWN STEP	2026-02-25T20:09:28.0372125Z   TimeoutException after 0:02:00.000000: Test timed out after 2 minutes.
Android Tests (4)	UNKNOWN STEP	2026-02-25T20:09:28.0372893Z   dart:isolate  _RawReceivePort._handleMessage
Android Tests (4)	UNKNOWN STEP	2026-02-25T20:09:28.0373394Z   
Android Tests (4)	UNKNOWN STEP	2026-02-25T20:09:28.4783029Z   'package:flutter_test/src/binding.dart': Failed assertion: line 2781 pos 12: '_pendingFrame == null': is not true.
Android Tests (4)	UNKNOWN STEP	2026-02-25T20:09:28.4786308Z   dart:core                                                                  _AssertionError._throwNew
Android Tests (4)	UNKNOWN STEP	2026-02-25T20:09:28.4787641Z   package:flutter_test/src/binding.dart 2781:12                              LiveTestWidgetsFlutterBinding.postTest
Android Tests (4)	UNKNOWN STEP	2026-02-25T20:09:28.4788550Z   ===== asynchronous gap ===========================
Android Tests (4)	UNKNOWN STEP	2026-02-25T20:09:28.4789260Z   package:stream_channel                                                     _GuaranteeSink.add
Android Tests (4)	UNKNOWN STEP	2026-02-25T20:09:28.4790189Z   tmp/flutter_tools.SIXEIX/flutter_test_listener.DCHJMQ/listener.dart 56:22  main.<fn>
Android Tests (4)	UNKNOWN STEP	2026-02-25T20:09:28.4791129Z   
Android Tests (4)	UNKNOWN STEP	2026-02-25T20:09:30.7854112Z 02:06 +0 -2: /home/runner/work/substitution/substitution/integration_test/room_discovery_with_matrix_test.dart: (tearDownAll)
Android Tests (4)	UNKNOWN STEP	2026-02-25T20:09:45.5222749Z 02:21 +0 -2: /home/runner/work/substitution/substitution/integration_test/room_discovery_with_matrix_test.dart: Room Discovery & Subscription with Real Matrix Server User can access room settings or details [E]
Android Tests (4)	UNKNOWN STEP	2026-02-25T20:09:45.5225290Z   'package:flutter_test/src/binding.dart': Failed assertion: line 1639 pos 14: '_parentZone != null': is not true.
Android Tests (4)	UNKNOWN STEP	2026-02-25T20:09:45.5250081Z   dart:core                                                                                                _AssertionError._throwNew
Android Tests (4)	UNKNOWN STEP	2026-02-25T20:09:45.5251571Z   package:flutter_test/src/binding.dart 1639:14                                                            TestWidgetsFlutterBinding._runTest.handleUncaughtError
Android Tests (4)	UNKNOWN STEP	2026-02-25T20:09:45.5253049Z   package:flutter_test/src/binding.dart 1650:13                                                            TestWidgetsFlutterBinding._runTest.<fn>
Android Tests (4)	UNKNOWN STEP	2026-02-25T20:09:45.5253932Z   ===== asynchronous gap ===========================
Android Tests (4)	UNKNOWN STEP	2026-02-25T20:09:45.5254645Z   dart:async                                                                                               scheduleMicrotask
Android Tests (4)	UNKNOWN STEP	2026-02-25T20:09:45.5255824Z   package:flutter/src/widgets/focus_manager.dart 1931:5                                                    FocusManager._markNeedsUpdate
Android Tests (4)	UNKNOWN STEP	2026-02-25T20:09:45.5257162Z   package:flutter/src/widgets/focus_manager.dart 1908:7                                                    FocusManager._markNextFocus
Android Tests (4)	UNKNOWN STEP	2026-02-25T20:09:45.5258410Z   package:flutter/src/widgets/focus_manager.dart 994:17                                                    FocusNode._markNextFocus
Android Tests (4)	UNKNOWN STEP	2026-02-25T20:09:45.5259711Z   package:flutter/src/widgets/focus_manager.dart 1190:5                                                    FocusNode._doRequestFocus
Android Tests (4)	UNKNOWN STEP	2026-02-25T20:09:45.5261133Z   package:flutter/src/widgets/focus_manager.dart 1515:18                                                   FocusScopeNode._doRequestFocus
Android Tests (4)	UNKNOWN STEP	2026-02-25T20:09:45.5262435Z   package:flutter/src/widgets/focus_manager.dart 1457:13                                                   FocusScopeNode.setFirstFocus
Android Tests (4)	UNKNOWN STEP	2026-02-25T20:09:45.5263669Z   package:flutter/src/widgets/routes.dart 1170:57                                                          _ModalScopeState._routeSetState
Android Tests (4)	UNKNOWN STEP	2026-02-25T20:09:45.5264932Z   package:flutter/src/widgets/routes.dart 1411:31                                                          ModalRoute.setState
Android Tests (4)	UNKNOWN STEP	2026-02-25T20:09:45.5266160Z   package:flutter/src/widgets/routes.dart 2228:7                                                           ModalRoute.changedInternalState
Android Tests (4)	UNKNOWN STEP	2026-02-25T20:09:45.5267438Z   package:flutter/src/widgets/routes.dart 2219:5                                                           ModalRoute.didPopNext
Android Tests (4)	UNKNOWN STEP	2026-02-25T20:09:45.5268884Z   package:flutter/src/widgets/navigator.dart 3279:11                                                       _RouteEntry.handleDidPopNext
Android Tests (4)	UNKNOWN STEP	2026-02-25T20:09:45.5270216Z   package:flutter/src/widgets/navigator.dart 4460:19                                                       NavigatorState._flushHistoryUpdates
Android Tests (4)	UNKNOWN STEP	2026-02-25T20:09:45.5271789Z   package:flutter/src/widgets/navigator.dart 5611:7                                                        NavigatorState.pop
Android Tests (4)	UNKNOWN STEP	2026-02-25T20:09:45.5272952Z   package:go_router/src/delegate.dart 107:18                                                               GoRouterDelegate.pop
Android Tests (4)	UNKNOWN STEP	2026-02-25T20:09:45.5274053Z   package:go_router/src/router.dart 586:20                                                                 GoRouter.pop
Android Tests (4)	UNKNOWN STEP	2026-02-25T20:09:45.5275100Z   package:go_router/src/misc/extensions.dart 73:65                                                         GoRouterHelper.pop
Android Tests (4)	UNKNOWN STEP	2026-02-25T20:09:45.5276350Z   package:substitution/auth/pages/login.dart 68:15                                                         _LoginPageState.login
Android Tests (4)	UNKNOWN STEP	2026-02-25T20:09:45.5277269Z   ===== asynchronous gap ===========================
Android Tests (4)	UNKNOWN STEP	2026-02-25T20:09:45.5278251Z   dart:async                                                                                               _CustomZone.registerBinaryCallback
Android Tests (4)	UNKNOWN STEP	2026-02-25T20:09:45.5279298Z   package:substitution/auth/pages/login.dart 54:7                                                          _LoginPageState.login
Android Tests (4)	UNKNOWN STEP	2026-02-25T20:09:45.5280750Z   package:substitution/auth/pages/login.dart 186:27                                                        _LoginPageState.build.<fn>
Android Tests (4)	UNKNOWN STEP	2026-02-25T20:09:45.5282006Z   package:flutter/src/material/ink_well.dart 1224:21                                                       _InkResponseState.handleTap
Android Tests (4)	UNKNOWN STEP	2026-02-25T20:09:45.5283287Z   package:flutter/src/gestures/recognizer.dart 345:24                                                      GestureRecognizer.invokeCallback
Android Tests (4)	UNKNOWN STEP	2026-02-25T20:09:45.5284502Z   package:flutter/src/gestures/tap.dart 758:11                                                             TapGestureRecognizer.handleTapUp
Android Tests (4)	UNKNOWN STEP	2026-02-25T20:09:45.5285653Z   package:flutter/src/gestures/tap.dart 383:5                                                              BaseTapGestureRecognizer._checkUp
Android Tests (4)	UNKNOWN STEP	2026-02-25T20:09:45.5286951Z   package:flutter/src/gestures/tap.dart 353:7                                                              BaseTapGestureRecognizer.acceptGesture
Android Tests (4)	UNKNOWN STEP	2026-02-25T20:09:45.5288281Z   package:flutter/src/gestures/arena.dart 173:27                                                           GestureArenaManager.sweep
Android Tests (4)	UNKNOWN STEP	2026-02-25T20:09:45.5289580Z   package:flutter/src/gestures/binding.dart 532:20                                                         GestureBinding.handleEvent
Android Tests (4)	UNKNOWN STEP	2026-02-25T20:09:45.5291099Z   package:flutter/src/gestures/binding.dart 498:22                                                         GestureBinding.dispatchEvent
Android Tests (4)	UNKNOWN STEP	2026-02-25T20:09:45.5292460Z   package:flutter/src/rendering/binding.dart 473:11                                                        RendererBinding.dispatchEvent
Android Tests (4)	UNKNOWN STEP	2026-02-25T20:09:45.5293882Z   package:flutter_test/src/binding.dart 2679:15                                                            LiveTestWidgetsFlutterBinding.dispatchEvent
Android Tests (4)	UNKNOWN STEP	2026-02-25T20:09:45.5295270Z   package:flutter/src/gestures/binding.dart 437:7                                                          GestureBinding._handlePointerEventImmediately
Android Tests (4)	UNKNOWN STEP	2026-02-25T20:09:45.5296542Z   package:flutter/src/gestures/binding.dart 394:5                                                          GestureBinding.handlePointerEvent
Android Tests (4)	UNKNOWN STEP	2026-02-25T20:09:45.5297850Z   package:flutter_test/src/binding.dart 2651:15                                                            LiveTestWidgetsFlutterBinding.handlePointerEvent
Android Tests (4)	UNKNOWN STEP	2026-02-25T20:09:45.5299282Z   package:flutter_test/src/binding.dart 1301:42                                                            TestWidgetsFlutterBinding.handlePointerEventForSource.<fn>
Android Tests (4)	UNKNOWN STEP	2026-02-25T20:09:45.5301254Z   package:flutter_test/src/binding.dart 1311:11                                                            TestWidgetsFlutterBinding.withPointerEventSource
Android Tests (4)	UNKNOWN STEP	2026-02-25T20:09:45.5302744Z   package:flutter_test/src/binding.dart 1301:5                                                             TestWidgetsFlutterBinding.handlePointerEventForSource
Android Tests (4)	UNKNOWN STEP	2026-02-25T20:09:45.5304223Z   package:flutter_test/src/widget_tester.dart 869:15                                                       WidgetTester.sendEventToBinding.<fn>
Android Tests (4)	UNKNOWN STEP	2026-02-25T20:09:45.5305366Z   dart:async                                                                                               _CustomZone.run
Android Tests (4)	UNKNOWN STEP	2026-02-25T20:09:45.5306347Z   package:flutter_test/src/test_async_utils.dart 74:41                                                     TestAsyncUtils.guard
Android Tests (4)	UNKNOWN STEP	2026-02-25T20:09:45.5307538Z   package:flutter_test/src/widget_tester.dart 868:27                                                       WidgetTester.sendEventToBinding
Android Tests (4)	UNKNOWN STEP	2026-02-25T20:09:45.5308817Z   package:flutter_test/src/test_pointer.dart 587:26                                                        TestGesture.up.<fn>
Android Tests (4)	UNKNOWN STEP	2026-02-25T20:09:45.5310082Z   dart:async                                                                                               _CustomZone.run
Android Tests (4)	UNKNOWN STEP	2026-02-25T20:09:45.5311407Z   package:flutter_test/src/test_async_utils.dart 74:41                                                     TestAsyncUtils.guard
Android Tests (4)	UNKNOWN STEP	2026-02-25T20:09:45.5312603Z   package:flutter_test/src/test_pointer.dart 580:27                                                        TestGesture.up
Android Tests (4)	UNKNOWN STEP	2026-02-25T20:09:45.5313837Z   package:flutter_test/src/controller.dart 1136:21                                                         WidgetController.tapAt.<fn>
Android Tests (4)	UNKNOWN STEP	2026-02-25T20:09:45.5314870Z   ===== asynchronous gap ===========================
Android Tests (4)	UNKNOWN STEP	2026-02-25T20:09:45.5315651Z   dart:async                                                                                               _CustomZone.registerUnaryCallback
Android Tests (4)	UNKNOWN STEP	2026-02-25T20:09:45.5316758Z   package:flutter_test/src/controller.dart 1129:35                                                         WidgetController.tapAt.<fn>
Android Tests (4)	UNKNOWN STEP	2026-02-25T20:09:45.5317826Z   dart:async                                                                                               _CustomZone.run
Android Tests (4)	UNKNOWN STEP	2026-02-25T20:09:45.5318756Z   package:flutter_test/src/test_async_utils.dart 74:41                                                     TestAsyncUtils.guard
Android Tests (4)	UNKNOWN STEP	2026-02-25T20:09:45.5319841Z   package:flutter_test/src/controller.dart 1128:27                                                         WidgetController.tapAt
Android Tests (4)	UNKNOWN STEP	2026-02-25T20:09:45.5321220Z   package:flutter_test/src/controller.dart 1060:12                                                         WidgetController.tap
Android Tests (4)	UNKNOWN STEP	2026-02-25T20:09:45.5322562Z   home/runner/work/substitution/substitution/integration_test/helpers/login_helper.dart 210:16             loginUser
Android Tests (4)	UNKNOWN STEP	2026-02-25T20:09:45.5323474Z   ===== asynchronous gap ===========================
Android Tests (4)	UNKNOWN STEP	2026-02-25T20:09:45.5324228Z   dart:async                                                                                               _CustomZone.registerUnaryCallback
Android Tests (4)	UNKNOWN STEP	2026-02-25T20:09:45.5325380Z   home/runner/work/substitution/substitution/integration_test/helpers/login_helper.dart 29:8               loginUser
Android Tests (4)	UNKNOWN STEP	2026-02-25T20:09:45.5326827Z   home/runner/work/substitution/substitution/integration_test/room_discovery_with_matrix_test.dart 179:28  main.<fn>.<fn>
Android Tests (4)	UNKNOWN STEP	2026-02-25T20:09:45.5328199Z   package:flutter_test/src/widget_tester.dart 192:29                                                       testWidgets.<fn>.<fn>
Android Tests (4)	UNKNOWN STEP	2026-02-25T20:09:45.5329089Z   ===== asynchronous gap ===========================
Android Tests (4)	UNKNOWN STEP	2026-02-25T20:09:45.5329849Z   dart:async                                                                                               _CustomZone.registerUnaryCallback
Android Tests (4)	UNKNOWN STEP	2026-02-25T20:09:45.5331122Z   package:flutter_test/src/widget_tester.dart 189:25                                                       testWidgets.<fn>.<fn>
Android Tests (4)	UNKNOWN STEP	2026-02-25T20:09:45.5332643Z   package:flutter_test/src/binding.dart 1682:19                                                            TestWidgetsFlutterBinding._runTestBody
Android Tests (4)	UNKNOWN STEP	2026-02-25T20:09:45.5333610Z   ===== asynchronous gap ===========================
Android Tests (4)	UNKNOWN STEP	2026-02-25T20:09:45.5334540Z   dart:async                                                                                               _CustomZone.registerUnaryCallback
Android Tests (4)	UNKNOWN STEP	2026-02-25T20:09:45.5335690Z   package:flutter_test/src/binding.dart 1671:5                                                             TestWidgetsFlutterBinding._runTestBody
Android Tests (4)	UNKNOWN STEP	2026-02-25T20:09:45.5336727Z   dart:async                                                                                               _CustomZone.runBinary
Android Tests (4)	UNKNOWN STEP	2026-02-25T20:09:45.5337677Z   package:flutter_test/src/binding.dart 1656:10                                                            TestWidgetsFlutterBinding._runTest
Android Tests (4)	UNKNOWN STEP	2026-02-25T20:09:45.5338862Z   package:flutter_test/src/binding.dart 2759:12                                                            LiveTestWidgetsFlutterBinding.runTest
Android Tests (4)	UNKNOWN STEP	2026-02-25T20:09:45.5340325Z   package:integration_test/integration_test.dart 237:17                                                    IntegrationTestWidgetsFlutterBinding.runTest
Android Tests (4)	UNKNOWN STEP	2026-02-25T20:09:45.5341820Z   package:flutter_test/src/widget_tester.dart 184:24                                                       testWidgets.<fn>
Android Tests (4)	UNKNOWN STEP	2026-02-25T20:09:45.5342652Z   ===== asynchronous gap ===========================
Android Tests (4)	UNKNOWN STEP	2026-02-25T20:09:45.5343443Z   package:stream_channel                                                                                   _GuaranteeSink.add
Android Tests (4)	UNKNOWN STEP	2026-02-25T20:09:45.5344636Z   tmp/flutter_tools.SIXEIX/flutter_test_listener.DCHJMQ/listener.dart 56:22                                main.<fn>
Android Tests (4)	UNKNOWN STEP	2026-02-25T20:09:45.5345537Z   
Android Tests (4)	UNKNOWN STEP	2026-02-25T20:09:50.6158072Z 02:26 +0 -2: loading /home/runner/work/substitution/substitution/integration_test/multi_user_correspondence_test.dart
Android Tests (4)	UNKNOWN STEP	2026-02-25T20:10:21.1435384Z Running Gradle task 'assembleDebug'...                             30.5s
Android Tests (4)	UNKNOWN STEP	2026-02-25T20:10:22.2833742Z ✓ Built build/app/outputs/flutter-apk/app-debug.apk
Android Tests (4)	UNKNOWN STEP	2026-02-25T20:10:38.4195712Z Installing build/app/outputs/flutter-apk/app-debug.apk...          15.7s
Android Tests (4)	UNKNOWN STEP	2026-02-25T20:11:17.2491988Z 03:53 +0 -2: /home/runner/work/substitution/substitution/integration_test/multi_user_correspondence_test.dart: (setUpAll)
Android Tests (4)	UNKNOWN STEP	2026-02-25T20:11:19.6405574Z 03:55 +0 -2: /home/runner/work/substitution/substitution/integration_test/multi_user_correspondence_test.dart: Multi-User Correspondence with Real Matrix Server STRICT: Both users can compose and send in same room
Android Tests (4)	UNKNOWN STEP	2026-02-25T20:11:31.5538353Z Waiting for globalMatrixClient to be initialized...
Android Tests (4)	UNKNOWN STEP	2026-02-25T20:11:34.5136563Z [90m[🌎 Easy Localization] [DEBUG] Localization initialized[0m
Android Tests (4)	UNKNOWN STEP	2026-02-25T20:11:34.6323826Z [Matrix] [32mInitialize client Substitution[0m
Android Tests (4)	UNKNOWN STEP	2026-02-25T20:11:34.8985917Z [Matrix] [32mUser is not logged in.[0m
Android Tests (4)	UNKNOWN STEP	2026-02-25T20:11:35.0811543Z [90m[🌎 Easy Localization] [DEBUG] Start[0m
Android Tests (4)	UNKNOWN STEP	2026-02-25T20:11:35.4355922Z [90m[🌎 Easy Localization] [DEBUG] Init state[0m
Android Tests (4)	UNKNOWN STEP	2026-02-25T20:11:35.5007705Z [90m[🌎 Easy Localization] [DEBUG] Build[0m
Android Tests (4)	UNKNOWN STEP	2026-02-25T20:11:35.5255658Z [90m[🌎 Easy Localization] [DEBUG] Init Localization Delegate[0m
Android Tests (4)	UNKNOWN STEP	2026-02-25T20:11:35.5306115Z [90m[🌎 Easy Localization] [DEBUG] Init provider[0m
Android Tests (4)	UNKNOWN STEP	2026-02-25T20:11:40.1544622Z [90m[🌎 Easy Localization] [DEBUG] Load Localization Delegate[0m
Android Tests (4)	UNKNOWN STEP	2026-02-25T20:11:40.2077276Z [90m[🌎 Easy Localization] [DEBUG] Load asset from assets/translations[0m
Android Tests (4)	UNKNOWN STEP	2026-02-25T20:11:43.8104698Z globalMatrixClient initialized!
Android Tests (4)	UNKNOWN STEP	2026-02-25T20:11:43.8572559Z Android detected: Translated localhost to http://10.0.2.2:8008
Android Tests (4)	UNKNOWN STEP	2026-02-25T20:11:43.8939716Z Step 1: Checking for Age Gate, Intro, or Login fields...
Android Tests (4)	UNKNOWN STEP	2026-02-25T20:11:44.4539625Z [90m[🌎 Easy Localization] [DEBUG] Build[0m
Android Tests (4)	UNKNOWN STEP	2026-02-25T20:11:44.4732442Z [90m[🌎 Easy Localization] [DEBUG] Init Localization Delegate[0m
Android Tests (4)	UNKNOWN STEP	2026-02-25T20:11:44.5344424Z [90m[🌎 Easy Localization] [DEBUG] Init provider[0m
Android Tests (4)	UNKNOWN STEP	2026-02-25T20:12:02.8361324Z Found screen! AgeGate: false, Intro: true, Username: false, Host: false
Android Tests (4)	UNKNOWN STEP	2026-02-25T20:12:03.0712647Z Step 2: Navigating through onboarding...
Android Tests (4)	UNKNOWN STEP	2026-02-25T20:12:06.7216032Z Tapping Next button at step 0...
Android Tests (4)	UNKNOWN STEP	2026-02-25T20:12:15.8403790Z Tapping Next button at step 1...
Android Tests (4)	UNKNOWN STEP	2026-02-25T20:12:24.7803732Z Reached target page at step 2. Host: true, Username: false
Android Tests (4)	UNKNOWN STEP	2026-02-25T20:12:24.7923588Z Onboarding navigation complete.
Android Tests (4)	UNKNOWN STEP	2026-02-25T20:12:24.8931693Z Step 3: Entering host URL: http://10.0.2.2:8008
Android Tests (4)	UNKNOWN STEP	2026-02-25T20:12:32.5389862Z Tapping host submit button...
Android Tests (4)	UNKNOWN STEP	2026-02-25T20:12:36.6876869Z Waiting for login page to appear...
Android Tests (4)	UNKNOWN STEP	2026-02-25T20:12:51.7342544Z Login page reached.
Android Tests (4)	UNKNOWN STEP	2026-02-25T20:12:51.7429319Z Step 4: Looking for login fields...
Android Tests (4)	UNKNOWN STEP	2026-02-25T20:12:51.8435987Z Entering username: testuser2
Android Tests (4)	UNKNOWN STEP	2026-02-25T20:12:56.4043217Z Entering password...
Android Tests (4)	UNKNOWN STEP	2026-02-25T20:13:00.7595762Z Tapping login submit button...
Android Tests (4)	UNKNOWN STEP	2026-02-25T20:13:03.6229175Z Step 5: Waiting for finished page (introGoButton)...
Android Tests (4)	UNKNOWN STEP	2026-02-25T20:13:20.9765823Z 05:56 +0 -3: /home/runner/work/substitution/substitution/integration_test/multi_user_correspondence_test.dart: Multi-User Correspondence with Real Matrix Server STRICT: Both users can compose and send in same room [E]
Android Tests (4)	UNKNOWN STEP	2026-02-25T20:13:20.9767271Z   TimeoutException after 0:02:00.000000: Test timed out after 2 minutes.
Android Tests (4)	UNKNOWN STEP	2026-02-25T20:13:20.9767771Z   dart:isolate  _RawReceivePort._handleMessage
Android Tests (4)	UNKNOWN STEP	2026-02-25T20:13:20.9768097Z   
Android Tests (4)	UNKNOWN STEP	2026-02-25T20:13:21.6006938Z   'package:flutter_test/src/binding.dart': Failed assertion: line 2781 pos 12: '_pendingFrame == null': is not true.
Android Tests (4)	UNKNOWN STEP	2026-02-25T20:13:21.6008066Z   dart:core                                                                  _AssertionError._throwNew
Android Tests (4)	UNKNOWN STEP	2026-02-25T20:13:21.6008783Z   package:flutter_test/src/binding.dart 2781:12                              LiveTestWidgetsFlutterBinding.postTest
Android Tests (4)	UNKNOWN STEP	2026-02-25T20:13:21.6009404Z   ===== asynchronous gap ===========================
Android Tests (4)	UNKNOWN STEP	2026-02-25T20:13:21.6009913Z   package:stream_channel                                                     _GuaranteeSink.add
Android Tests (4)	UNKNOWN STEP	2026-02-25T20:13:21.6010560Z   tmp/flutter_tools.SIXEIX/flutter_test_listener.WIDTXF/listener.dart 56:22  main.<fn>
Android Tests (4)	UNKNOWN STEP	2026-02-25T20:13:21.6011251Z   
Android Tests (4)	UNKNOWN STEP	2026-02-25T20:13:22.1565839Z 05:58 +0 -3: /home/runner/work/substitution/substitution/integration_test/multi_user_correspondence_test.dart: (tearDownAll)
Android Tests (4)	UNKNOWN STEP	2026-02-25T20:13:27.9993977Z 06:03 +0 -3: loading /home/runner/work/substitution/substitution/integration_test/feed_merging_test.dart
Android Tests (4)	UNKNOWN STEP	2026-02-25T20:13:57.7574389Z Running Gradle task 'assembleDebug'...                             29.7s
Android Tests (4)	UNKNOWN STEP	2026-02-25T20:13:58.6278201Z ✓ Built build/app/outputs/flutter-apk/app-debug.apk
Android Tests (4)	UNKNOWN STEP	2026-02-25T20:14:11.6087975Z Installing build/app/outputs/flutter-apk/app-debug.apk...          12.5s
Android Tests (4)	UNKNOWN STEP	2026-02-25T20:25:28.0009896Z 18:03 +0 -4: loading /home/runner/work/substitution/substitution/integration_test/feed_merging_test.dart [E]
Android Tests (4)	UNKNOWN STEP	2026-02-25T20:25:28.0011595Z   TimeoutException after 0:12:00.000000: Test timed out after 12 minutes.
Android Tests (4)	UNKNOWN STEP	2026-02-25T20:25:28.0019340Z   package:test_api/src/backend/invoker.dart 398:28  Invoker._handleError.<fn>
Android Tests (4)	UNKNOWN STEP	2026-02-25T20:25:28.0020513Z   dart:async/zone_root.dart 27:47                   _rootRun
Android Tests (4)	UNKNOWN STEP	2026-02-25T20:25:28.0022399Z   dart:async/zone.dart 726:19                       _CustomZone.run
Android Tests (4)	UNKNOWN STEP	2026-02-25T20:25:28.0024330Z   package:test_api/src/backend/invoker.dart 396:10  Invoker._handleError
Android Tests (4)	UNKNOWN STEP	2026-02-25T20:25:28.0025203Z   package:test_api/src/backend/invoker.dart 351:9   Invoker.heartbeat.<fn>.<fn>
Android Tests (4)	UNKNOWN STEP	2026-02-25T20:25:28.0025984Z   dart:async/zone_root.dart 35:13                   _rootRun
Android Tests (4)	UNKNOWN STEP	2026-02-25T20:25:28.0031414Z   dart:async/zone.dart 726:19                       _CustomZone.run
Android Tests (4)	UNKNOWN STEP	2026-02-25T20:25:28.0032226Z   package:test_api/src/backend/invoker.dart 350:38  Invoker.heartbeat.<fn>
Android Tests (4)	UNKNOWN STEP	2026-02-25T20:25:28.0033102Z   dart:async-patch/timer_patch.dart 18:15           Timer._createTimer.<fn>
Android Tests (4)	UNKNOWN STEP	2026-02-25T20:25:28.0034493Z   dart:isolate-patch/timer_impl.dart 423:19         _Timer._runTimers
Android Tests (4)	UNKNOWN STEP	2026-02-25T20:25:28.0038074Z   dart:isolate-patch/timer_impl.dart 454:5          _Timer._handleMessage
Android Tests (4)	UNKNOWN STEP	2026-02-25T20:25:28.0038994Z   dart:isolate-patch/isolate_patch.dart 193:12      _RawReceivePort._handleMessage
Android Tests (4)	UNKNOWN STEP	2026-02-25T20:25:28.0039696Z   
Android Tests (4)	UNKNOWN STEP	2026-02-25T20:25:28.0040475Z 18:03 +0 -4: loading /home/runner/work/substitution/substitution/integration_test/followfeeds_with_matrix_test.dart
Android Tests (4)	UNKNOWN STEP	2026-02-25T20:25:57.6418123Z Running Gradle task 'assembleDebug'...                             29.6s
Android Tests (4)	UNKNOWN STEP	2026-02-25T20:25:58.5332817Z ✓ Built build/app/outputs/flutter-apk/app-debug.apk
Android Tests (4)	UNKNOWN STEP	2026-02-25T20:26:12.8613974Z Installing build/app/outputs/flutter-apk/app-debug.apk...          13.1s
Android Tests (4)	UNKNOWN STEP	2026-02-25T20:26:53.2672502Z 19:29 +0 -4: loading /home/runner/work/substitution/substitution/integration_test/onboarding_and_login_test.dart
Android Tests (4)	UNKNOWN STEP	2026-02-25T20:27:22.4583362Z Running Gradle task 'assembleDebug'...                             29.2s
Android Tests (4)	UNKNOWN STEP	2026-02-25T20:27:23.3571446Z ✓ Built build/app/outputs/flutter-apk/app-debug.apk
Android Tests (4)	UNKNOWN STEP	2026-02-25T20:27:36.1091651Z Installing build/app/outputs/flutter-apk/app-debug.apk...          12.3s
Android Tests (4)	UNKNOWN STEP	2026-02-25T20:28:20.2304109Z 20:56 +0 -4: loading /home/runner/work/substitution/substitution/integration_test/profile_edit_test.dart
Android Tests (4)	UNKNOWN STEP	2026-02-25T20:28:40.7385251Z Running Gradle task 'assembleDebug'...                             20.5s
Android Tests (4)	UNKNOWN STEP	2026-02-25T20:28:41.6165875Z ✓ Built build/app/outputs/flutter-apk/app-debug.apk
Android Tests (4)	UNKNOWN STEP	2026-02-25T20:28:53.9698047Z Installing build/app/outputs/flutter-apk/app-debug.apk...          11.9s
Android Tests (4)	UNKNOWN STEP	2026-02-25T20:29:36.8788914Z 22:12 +0 -4: loading /home/runner/work/substitution/substitution/integration_test/feed_with_matrix_test.dart
Android Tests (4)	UNKNOWN STEP	2026-02-25T20:30:05.5222281Z Running Gradle task 'assembleDebug'...                             28.6s
Android Tests (4)	UNKNOWN STEP	2026-02-25T20:30:06.6505536Z ✓ Built build/app/outputs/flutter-apk/app-debug.apk
Android Tests (4)	UNKNOWN STEP	2026-02-25T20:30:22.3387800Z Installing build/app/outputs/flutter-apk/app-debug.apk...          15.3s
Android Tests (4)	UNKNOWN STEP	2026-02-25T20:30:57.9851332Z 23:33 +0 -4: /home/runner/work/substitution/substitution/integration_test/feed_with_matrix_test.dart: (setUpAll)
Android Tests (4)	UNKNOWN STEP	2026-02-25T20:30:58.5369642Z 23:34 +0 -4: /home/runner/work/substitution/substitution/integration_test/feed_with_matrix_test.dart: Feed with Real Matrix Server Feed loads and shows messages chronologically
Android Tests (4)	UNKNOWN STEP	2026-02-25T20:31:09.3352828Z Waiting for globalMatrixClient to be initialized...
Android Tests (4)	UNKNOWN STEP	2026-02-25T20:31:12.1476551Z [90m[🌎 Easy Localization] [DEBUG] Localization initialized[0m
Android Tests (4)	UNKNOWN STEP	2026-02-25T20:31:12.2436847Z [Matrix] [32mInitialize client Substitution[0m
Android Tests (4)	UNKNOWN STEP	2026-02-25T20:31:12.4139182Z globalMatrixClient initialized!
Android Tests (4)	UNKNOWN STEP	2026-02-25T20:31:12.4497967Z Android detected: Translated localhost to http://10.0.2.2:8008
Android Tests (4)	UNKNOWN STEP	2026-02-25T20:31:12.4714763Z Step 1: Checking for Age Gate, Intro, or Login fields...
Android Tests (4)	UNKNOWN STEP	2026-02-25T20:31:12.7311696Z [Matrix] [32mUser is not logged in.[0m
Android Tests (4)	UNKNOWN STEP	2026-02-25T20:31:13.0277899Z [90m[🌎 Easy Localization] [DEBUG] Start[0m
Android Tests (4)	UNKNOWN STEP	2026-02-25T20:31:13.3979571Z [90m[🌎 Easy Localization] [DEBUG] Init state[0m
Android Tests (4)	UNKNOWN STEP	2026-02-25T20:31:13.4529917Z [90m[🌎 Easy Localization] [DEBUG] Build[0m
Android Tests (4)	UNKNOWN STEP	2026-02-25T20:31:13.4667174Z [90m[🌎 Easy Localization] [DEBUG] Init Localization Delegate[0m
Android Tests (4)	UNKNOWN STEP	2026-02-25T20:31:13.4864667Z [90m[🌎 Easy Localization] [DEBUG] Init provider[0m
Android Tests (4)	UNKNOWN STEP	2026-02-25T20:31:17.9607361Z [90m[🌎 Easy Localization] [DEBUG] Load Localization Delegate[0m
Android Tests (4)	UNKNOWN STEP	2026-02-25T20:31:18.0401826Z [90m[🌎 Easy Localization] [DEBUG] Load asset from assets/translations[0m
Android Tests (4)	UNKNOWN STEP	2026-02-25T20:31:22.4313300Z [90m[🌎 Easy Localization] [DEBUG] Build[0m
Android Tests (4)	UNKNOWN STEP	2026-02-25T20:31:22.4411214Z [90m[🌎 Easy Localization] [DEBUG] Init Localization Delegate[0m
Android Tests (4)	UNKNOWN STEP	2026-02-25T20:31:22.4559544Z [90m[🌎 Easy Localization] [DEBUG] Init provider[0m
Android Tests (4)	UNKNOWN STEP	2026-02-25T20:31:40.0077692Z Found screen! AgeGate: false, Intro: true, Username: false, Host: false
Android Tests (4)	UNKNOWN STEP	2026-02-25T20:31:40.0477177Z Step 2: Navigating through onboarding...
Android Tests (4)	UNKNOWN STEP	2026-02-25T20:31:43.5446764Z Tapping Next button at step 0...
Android Tests (4)	UNKNOWN STEP	2026-02-25T20:31:51.9489689Z Tapping Next button at step 1...
Android Tests (4)	UNKNOWN STEP	2026-02-25T20:32:00.6873953Z Reached target page at step 2. Host: true, Username: false
Android Tests (4)	UNKNOWN STEP	2026-02-25T20:32:00.7348174Z Onboarding navigation complete.
Android Tests (4)	UNKNOWN STEP	2026-02-25T20:32:00.7992944Z Step 3: Entering host URL: http://10.0.2.2:8008
Android Tests (4)	UNKNOWN STEP	2026-02-25T20:32:10.0465847Z Tapping host submit button...
Android Tests (4)	UNKNOWN STEP	2026-02-25T20:32:13.9970882Z Waiting for login page to appear...
Android Tests (4)	UNKNOWN STEP	2026-02-25T20:32:27.2883402Z Login page reached.
Android Tests (4)	UNKNOWN STEP	2026-02-25T20:32:27.3057538Z Step 4: Looking for login fields...
Android Tests (4)	UNKNOWN STEP	2026-02-25T20:32:27.4078191Z Entering username: testuser1
Android Tests (4)	UNKNOWN STEP	2026-02-25T20:32:31.4934967Z Entering password...
Android Tests (4)	UNKNOWN STEP	2026-02-25T20:32:35.1670077Z Tapping login submit button...
Android Tests (4)	UNKNOWN STEP	2026-02-25T20:32:37.9516504Z Step 5: Waiting for finished page (introGoButton)...
Android Tests (4)	UNKNOWN STEP	2026-02-25T20:33:00.2820137Z 25:36 +0 -5: /home/runner/work/substitution/substitution/integration_test/feed_with_matrix_test.dart: Feed with Real Matrix Server Feed loads and shows messages chronologically [E]
Android Tests (4)	UNKNOWN STEP	2026-02-25T20:33:00.2821944Z   TimeoutException after 0:02:00.000000: Test timed out after 2 minutes.
Android Tests (4)	UNKNOWN STEP	2026-02-25T20:33:00.2822665Z   dart:isolate  _RawReceivePort._handleMessage
Android Tests (4)	UNKNOWN STEP	2026-02-25T20:33:00.2822974Z   
Android Tests (4)	UNKNOWN STEP	2026-02-25T20:33:00.7374461Z   'package:flutter_test/src/binding.dart': Failed assertion: line 2781 pos 12: '_pendingFrame == null': is not true.
Android Tests (4)	UNKNOWN STEP	2026-02-25T20:33:00.7376073Z   dart:core                                                                  _AssertionError._throwNew
Android Tests (4)	UNKNOWN STEP	2026-02-25T20:33:00.7377037Z   package:flutter_test/src/binding.dart 2781:12                              LiveTestWidgetsFlutterBinding.postTest
Android Tests (4)	UNKNOWN STEP	2026-02-25T20:33:00.7377588Z   ===== asynchronous gap ===========================
Android Tests (4)	UNKNOWN STEP	2026-02-25T20:33:00.7378021Z   package:stream_channel                                                     _GuaranteeSink.add
Android Tests (4)	UNKNOWN STEP	2026-02-25T20:33:00.7378600Z   tmp/flutter_tools.SIXEIX/flutter_test_listener.AHUPGP/listener.dart 56:22  main.<fn>
Android Tests (4)	UNKNOWN STEP	2026-02-25T20:33:00.7379029Z   
Android Tests (4)	UNKNOWN STEP	2026-02-25T20:33:02.1154987Z 25:38 +0 -5: /home/runner/work/substitution/substitution/integration_test/feed_with_matrix_test.dart: (tearDownAll)
Android Tests (4)	UNKNOWN STEP	2026-02-25T20:33:06.2388515Z 25:42 +0 -5: loading /home/runner/work/substitution/substitution/integration_test/login_debug_test.dart
Android Tests (4)	UNKNOWN STEP	2026-02-25T20:33:34.9948437Z Running Gradle task 'assembleDebug'...                             28.7s
Android Tests (4)	UNKNOWN STEP	2026-02-25T20:33:35.8542675Z ✓ Built build/app/outputs/flutter-apk/app-debug.apk
Android Tests (4)	UNKNOWN STEP	2026-02-25T20:33:36.4593966Z Installing build/app/outputs/flutter-apk/app-debug.apk...          111ms
Android Tests (4)	UNKNOWN STEP	2026-02-25T20:33:36.4607990Z Error: ADB exited with exit code -15
Android Tests (4)	UNKNOWN STEP	2026-02-25T20:33:36.4608382Z 
Android Tests (4)	UNKNOWN STEP	2026-02-25T20:33:37.4556581Z Running Gradle task 'assembleDebug'...                          Waiting for current test(s) to finish.
Android Tests (4)	UNKNOWN STEP	2026-02-25T20:33:37.4557443Z Press Control-C again to terminate immediately.
Android Tests (4)	UNKNOWN STEP	2026-02-25T20:33:40.4622811Z 
Android Tests (4)	UNKNOWN STEP	2026-02-25T20:33:40.4628047Z adb uninstall failed: ProcessException: Process exited abnormally with exit code 1:
Android Tests (4)	UNKNOWN STEP	2026-02-25T20:33:40.4629291Z Failure [DELETE_FAILED_INTERNAL_ERROR]
Android Tests (4)	UNKNOWN STEP	2026-02-25T20:33:40.4630385Z   Command: /usr/local/lib/android/sdk/platform-tools/adb -s emulator-5554 uninstall art.substitution.substitution
Android Tests (4)	UNKNOWN STEP	2026-02-25T20:33:40.7603900Z adb uninstall failed: ProcessException: Process exited abnormally with exit code 1:
Android Tests (4)	UNKNOWN STEP	2026-02-25T20:33:40.7606316Z Failure [DELETE_FAILED_INTERNAL_ERROR]
Android Tests (4)	UNKNOWN STEP	2026-02-25T20:33:40.7608928Z   Command: /usr/local/lib/android/sdk/platform-tools/adb -s emulator-5554 uninstall art.substitution.substitution
Android Tests (4)	UNKNOWN STEP	2026-02-25T20:33:40.7616382Z unhandled error during finalization of test:
Android Tests (4)	UNKNOWN STEP	2026-02-25T20:33:40.7619588Z /home/runner/work/substitution/substitution/integration_test/login_debug_test.dart
Android Tests (4)	UNKNOWN STEP	2026-02-25T20:33:40.7621501Z PathNotFoundException: Deletion failed, path = '/tmp/flutter_tools.SIXEIX/flutter_test_listener.GFRFBZ' (OS Error: No such file or directory, errno = 2)
Android Tests (4)	UNKNOWN STEP	2026-02-25T20:33:40.7625359Z #0      _Directory._deleteSync (dart:io/directory_impl.dart:216:7)
Android Tests (4)	UNKNOWN STEP	2026-02-25T20:33:40.7626514Z #1      FileSystemEntity.deleteSync (dart:io/file_system_entity.dart:425:7)
Android Tests (4)	UNKNOWN STEP	2026-02-25T20:33:40.7628253Z #2      ForwardingFileSystemEntity.deleteSync (package:file/src/forwarding/forwarding_file_system_entity.dart:70:16)
Android Tests (4)	UNKNOWN STEP	2026-02-25T20:33:40.7630241Z #3      ErrorHandlingDirectory.deleteSync.<anonymous closure> (package:flutter_tools/src/base/error_handling_io.dart:451:22)
Android Tests (4)	UNKNOWN STEP	2026-02-25T20:33:40.7631681Z #4      _runSync (package:flutter_tools/src/base/error_handling_io.dart:552:14)
Android Tests (4)	UNKNOWN STEP	2026-02-25T20:33:40.7632738Z #5      ErrorHandlingDirectory.deleteSync (package:flutter_tools/src/base/error_handling_io.dart:450:12)
Android Tests (4)	UNKNOWN STEP	2026-02-25T20:33:40.7634056Z #6      FlutterPlatform._createListenerDart.<anonymous closure> (package:flutter_tools/src/test/flutter_platform.dart:787:15)
Android Tests (4)	UNKNOWN STEP	2026-02-25T20:33:40.7635485Z #7      FlutterPlatform._startTest.finalize (package:flutter_tools/src/test/flutter_platform.dart:592:26)
Android Tests (4)	UNKNOWN STEP	2026-02-25T20:33:40.7637380Z <asynchronous suspension>
Android Tests (4)	UNKNOWN STEP	2026-02-25T20:33:40.7638064Z #8      asyncGuard.<anonymous closure> (package:flutter_tools/src/base/async_guard.dart:108:24)
Android Tests (4)	UNKNOWN STEP	2026-02-25T20:33:40.7638836Z <asynchronous suspension>
Android Tests (4)	UNKNOWN STEP	2026-02-25T20:33:40.7639077Z 
Android Tests (4)	UNKNOWN STEP	2026-02-25T20:33:45.5982467Z [0;31m[ERROR][0m Android tests failed (exit 124, 5 failed)
Android Tests (4)	UNKNOWN STEP	2026-02-25T20:33:45.5983675Z [0;31m[ERROR][0m Android tests had failures
Android Tests (4)	UNKNOWN STEP	2026-02-25T20:33:45.5984417Z 
Android Tests (4)	UNKNOWN STEP	2026-02-25T20:33:45.5985074Z [1m══════════════════════════════════════════════════════════[0m
Android Tests (4)	UNKNOWN STEP	2026-02-25T20:33:45.5986038Z [1m  Test Results Summary[0m
Android Tests (4)	UNKNOWN STEP	2026-02-25T20:33:45.5988110Z [1m══════════════════════════════════════════════════════════[0m
Android Tests (4)	UNKNOWN STEP	2026-02-25T20:33:45.5988525Z 
Android Tests (4)	UNKNOWN STEP	2026-02-25T20:33:45.5988747Z   TARGET             PASSED   FAILED  SKIPPED   DURATION
Android Tests (4)	UNKNOWN STEP	2026-02-25T20:33:45.5989432Z   ──────────────── ──────── ──────── ──────── ──────────
Android Tests (4)	UNKNOWN STEP	2026-02-25T20:33:45.5990095Z   [0;31mandroid         [0m        0        5        0     40m 4s
Android Tests (4)	UNKNOWN STEP	2026-02-25T20:33:45.5990475Z 
Android Tests (4)	UNKNOWN STEP	2026-02-25T20:33:45.5991063Z   ──────────────── ──────── ──────── ────────
Android Tests (4)	UNKNOWN STEP	2026-02-25T20:33:45.5991694Z   [0;31mTOTAL                   0        5        0[0m
Android Tests (4)	UNKNOWN STEP	2026-02-25T20:33:45.5992044Z 
Android Tests (4)	UNKNOWN STEP	2026-02-25T20:33:45.5992260Z   [0;31m[1mRESULT: FAILED[0m
Android Tests (4)	UNKNOWN STEP	2026-02-25T20:33:45.5992602Z 
Android Tests (4)	UNKNOWN STEP	2026-02-25T20:33:45.5993243Z [1m══════════════════════════════════════════════════════════[0m
Android Tests (4)	UNKNOWN STEP	2026-02-25T20:33:45.5993855Z 
Android Tests (4)	UNKNOWN STEP	2026-02-25T20:33:45.5994181Z [0;34m[INFO][0m Cleaning up...
Android Tests (4)	UNKNOWN STEP	2026-02-25T20:33:45.6358913Z ##[group]Run echo "=== test-results/ ==="
Android Tests (4)	UNKNOWN STEP	2026-02-25T20:33:45.6359518Z [36;1mecho "=== test-results/ ==="[0m
Android Tests (4)	UNKNOWN STEP	2026-02-25T20:33:45.6360175Z [36;1mls -la test-results/ 2>/dev/null || echo "(no test-results dir)"[0m
Android Tests (4)	UNKNOWN STEP	2026-02-25T20:33:45.6361063Z [36;1mfor f in test-results/*.log; do[0m
Android Tests (4)	UNKNOWN STEP	2026-02-25T20:33:45.6361545Z [36;1m  [ -f "$f" ] || continue[0m
Android Tests (4)	UNKNOWN STEP	2026-02-25T20:33:45.6361974Z [36;1m  echo ""[0m
Android Tests (4)	UNKNOWN STEP	2026-02-25T20:33:45.6362331Z [36;1m  echo "=== $f ==="[0m
Android Tests (4)	UNKNOWN STEP	2026-02-25T20:33:45.6362715Z [36;1m  tail -100 "$f"[0m
Android Tests (4)	UNKNOWN STEP	2026-02-25T20:33:45.6363089Z [36;1mdone[0m
Android Tests (4)	UNKNOWN STEP	2026-02-25T20:33:45.7106557Z shell: /usr/bin/bash -e {0}
Android Tests (4)	UNKNOWN STEP	2026-02-25T20:33:45.7106988Z env:
Android Tests (4)	UNKNOWN STEP	2026-02-25T20:33:45.7107295Z   CACHE_VERSION: v1
Android Tests (4)	UNKNOWN STEP	2026-02-25T20:33:45.7107848Z   JAVA_HOME: /opt/hostedtoolcache/Java_Temurin-Hotspot_jdk/17.0.18-8/x64
Android Tests (4)	UNKNOWN STEP	2026-02-25T20:33:45.7109011Z   JAVA_HOME_17_X64: /opt/hostedtoolcache/Java_Temurin-Hotspot_jdk/17.0.18-8/x64
Android Tests (4)	UNKNOWN STEP	2026-02-25T20:33:45.7109887Z   FLUTTER_ROOT: /opt/hostedtoolcache/flutter/stable-3.41.2-x64
Android Tests (4)	UNKNOWN STEP	2026-02-25T20:33:45.7110523Z   PUB_CACHE: /home/runner/.pub-cache
Android Tests (4)	UNKNOWN STEP	2026-02-25T20:33:45.7111214Z   ANDROID_AVD_HOME: /home/runner/.android/avd
Android Tests (4)	UNKNOWN STEP	2026-02-25T20:33:45.7111691Z ##[endgroup]
Android Tests (4)	UNKNOWN STEP	2026-02-25T20:33:45.7196873Z === test-results/ ===
Android Tests (4)	UNKNOWN STEP	2026-02-25T20:33:45.7212906Z total 46952
Android Tests (4)	UNKNOWN STEP	2026-02-25T20:33:45.7213325Z drwxr-xr-x  2 runner runner     4096 Feb 25 20:33 .
Android Tests (4)	UNKNOWN STEP	2026-02-25T20:33:45.7213917Z drwxr-xr-x 24 runner runner     4096 Feb 25 19:53 ..
Android Tests (4)	UNKNOWN STEP	2026-02-25T20:33:45.7214576Z -rw-r--r--  1 runner runner  1578736 Feb 25 20:33 android-device.log
Android Tests (4)	UNKNOWN STEP	2026-02-25T20:33:45.7215302Z -rw-r--r--  1 runner runner    27423 Feb 25 20:33 android-tests.log
Android Tests (4)	UNKNOWN STEP	2026-02-25T20:33:45.7216031Z -rw-r--r--  1 runner runner      233 Feb 25 19:48 ios-device-info.txt
Android Tests (4)	UNKNOWN STEP	2026-02-25T20:33:45.7216783Z -rw-r--r--  1 runner runner 34795326 Feb 25 19:48 ios-test-results.txt
Android Tests (4)	UNKNOWN STEP	2026-02-25T20:33:45.7217567Z -rw-r--r--  1 runner runner 11471554 Feb 25 19:48 test-results.txt
Android Tests (4)	UNKNOWN STEP	2026-02-25T20:33:45.7218324Z -rw-r--r--  1 runner runner   181872 Feb 25 19:48 web-test-results.txt
Android Tests (4)	UNKNOWN STEP	2026-02-25T20:33:45.7218790Z 
Android Tests (4)	UNKNOWN STEP	2026-02-25T20:33:45.7221294Z === test-results/android-device.log ===
Android Tests (4)	UNKNOWN STEP	2026-02-25T20:33:45.7230514Z 02-25 20:33:06.495  1946  1989 W system_server: Long monitor contention with owner ActivityManager (1975) at void com.android.server.am.BroadcastQueue.processNextBroadcast(boolean)(BroadcastQueue.java:948) waiters=0 in int com.android.server.am.ActivityManagerService.broadcastIntent(android.app.IApplicationThread, android.content.Intent, java.lang.String, android.content.IIntentReceiver, int, java.lang.String, android.os.Bundle, java.lang.String[], int, android.os.Bundle, boolean, boolean, int) for 595ms
Android Tests (4)	UNKNOWN STEP	2026-02-25T20:33:45.7237042Z 02-25 20:33:06.761  1946  2877 W system_server: Long monitor contention with owner android.bg (1974) at java.util.List com.android.server.pm.PackageManagerService.queryIntentServicesInternal(android.content.Intent, java.lang.String, int, int, int, boolean)(PackageManagerService.java:8330) waiters=1 in int com.android.server.pm.PackageManagerService.checkUidPermission(java.lang.String, int) for 264ms
Android Tests (4)	UNKNOWN STEP	2026-02-25T20:33:45.7240426Z 02-25 20:33:06.811  2480  2510 I LatinIME:LogUtils: Dictionary info: dictionary = main:en ; version = 54 ; date = 1414726273
Android Tests (4)	UNKNOWN STEP	2026-02-25T20:33:45.7244448Z 02-25 20:33:06.862  1946  1966 W system_server: Long monitor contention with owner ActivityManager (1975) at void com.android.server.am.BroadcastQueue.processNextBroadcast(boolean)(BroadcastQueue.java:948) waiters=1 in int com.android.server.am.ActivityManagerService.bindIsolatedService(android.app.IApplicationThread, android.os.IBinder, android.content.Intent, java.lang.String, android.app.IServiceConnection, int, java.lang.String, java.lang.String, int) for 631ms
Android Tests (4)	UNKNOWN STEP	2026-02-25T20:33:45.7248267Z 02-25 20:33:06.916  1946  2717 E TaskPersister: File error accessing recents directory (directory doesn't exist?).
Android Tests (4)	UNKNOWN STEP	2026-02-25T20:33:45.7251636Z 02-25 20:33:06.925  1946  1946 W system_server: Long monitor contention with owner ActivityManager (1975) at void com.android.server.am.BroadcastQueue.processNextBroadcast(boolean)(BroadcastQueue.java:948) waiters=2 in void com.android.server.am.ActivityManagerService$LocalService.updateDeviceIdleTempWhitelist(int[], int, boolean) for 513ms
Android Tests (4)	UNKNOWN STEP	2026-02-25T20:33:45.7257262Z 02-25 20:33:06.928  1946  2877 W system_server: Long monitor contention with owner PackageManager (1989) at int com.android.server.am.ActivityManagerService.broadcastIntent(android.app.IApplicationThread, android.content.Intent, java.lang.String, android.content.IIntentReceiver, int, java.lang.String, android.os.Bundle, java.lang.String[], int, android.os.Bundle, boolean, boolean, int)(ActivityManagerService.java:15557) waiters=2 in android.os.Debug$MemoryInfo[] com.android.server.am.ActivityManagerService.getProcessMemoryInfo(int[]) for 156ms
Android Tests (4)	UNKNOWN STEP	2026-02-25T20:33:45.7263941Z 02-25 20:33:06.932  1946  1975 W system_server: Long monitor contention with owner PackageManager (1989) at int com.android.server.am.ActivityManagerService.broadcastIntent(android.app.IApplicationThread, android.content.Intent, java.lang.String, android.content.IIntentReceiver, int, java.lang.String, android.os.Bundle, java.lang.String[], int, android.os.Bundle, boolean, boolean, int)(ActivityManagerService.java:15557) waiters=3 in void com.android.server.am.BroadcastQueue.processNextBroadcast(boolean) for 124ms
Android Tests (4)	UNKNOWN STEP	2026-02-25T20:33:45.7269385Z 02-25 20:33:07.301  1946  1967 W system_server: Long monitor contention with owner main (1946) at void com.android.server.am.ActivityManagerService$LocalService.updateDeviceIdleTempWhitelist(int[], int, boolean)(ActivityManagerService.java:17848) waiters=3 in void com.android.server.am.ActivityManagerService.dispatchUidsChanged() for 374ms
Android Tests (4)	UNKNOWN STEP	2026-02-25T20:33:45.7275193Z 02-25 20:33:07.322  1946  1946 W system_server: Long monitor contention with owner Binder:1946_C (2877) at android.os.Debug$MemoryInfo[] com.android.server.am.ActivityManagerService.getProcessMemoryInfo(int[])(ActivityManagerService.java:4362) waiters=3 in int com.android.server.am.ActivityManagerService.broadcastIntent(android.app.IApplicationThread, android.content.Intent, java.lang.String, android.content.IIntentReceiver, int, java.lang.String, android.os.Bundle, java.lang.String[], int, android.os.Bundle, boolean, boolean, int) for 390ms
Android Tests (4)	UNKNOWN STEP	2026-02-25T20:33:45.7282508Z 02-25 20:33:07.336  1946  2373 W system_server: Long monitor contention with owner android.fg (1966) at int com.android.server.am.ActivityManagerService.bindIsolatedService(android.app.IApplicationThread, android.os.IBinder, android.content.Intent, java.lang.String, android.app.IServiceConnection, int, java.lang.String, java.lang.String, int)(ActivityManagerService.java:14067) waiters=2 in void com.android.server.am.ActivityManagerService.finishReceiver(android.os.IBinder, int, java.lang.String, android.os.Bundle, boolean, int) for 223ms
Android Tests (4)	UNKNOWN STEP	2026-02-25T20:33:45.7286488Z 02-25 20:33:07.391  2386  2386 D CarrierSvcBindHelper: No carrier app for: 0
Android Tests (4)	UNKNOWN STEP	2026-02-25T20:33:45.7287645Z 02-25 20:33:07.397  1946  1966 W Looper  : Slow dispatch took 1223ms android.fg h=android.os.Handler c=<recycled PooledLambda@ba9eea> m=0
Android Tests (4)	UNKNOWN STEP	2026-02-25T20:33:45.7288813Z 02-25 20:33:07.471  1689  2254 I netd    : trafficSwapActiveStatsMap() <118.47ms>
Android Tests (4)	UNKNOWN STEP	2026-02-25T20:33:45.7290073Z 02-25 20:33:07.528  1946  1967 W Looper  : Slow dispatch took 601ms android.ui h=com.android.server.am.ActivityManagerService$UiHandler c=null m=53
Android Tests (4)	UNKNOWN STEP	2026-02-25T20:33:45.7294341Z 02-25 20:33:07.538  1946  1962 W system_server: Long monitor contention with owner main (1946) at android.content.ComponentName com.android.server.am.ActivityManagerService.startService(android.app.IApplicationThread, android.content.Intent, java.lang.String, boolean, java.lang.String, int)(ActivityManagerService.java:13909) waiters=3 in void com.android.server.am.ActivityManagerService.publishService(android.os.IBinder, android.content.Intent, android.os.IBinder) for 148ms
Android Tests (4)	UNKNOWN STEP	2026-02-25T20:33:45.7298990Z 02-25 20:33:07.587  1946  1946 W Looper  : Slow dispatch took 1242ms main h=android.app.ActivityThread$H c=android.app.-$$Lambda$LoadedApk$ReceiverDispatcher$Args$_BumDX2UKsnxLVrE6UJsJZkotuA@3939bda m=0
Android Tests (4)	UNKNOWN STEP	2026-02-25T20:33:45.7301417Z 02-25 20:33:07.698  1946  1966 W Looper  : Slow delivery took 1146ms android.fg h=com.android.server.DropBoxManagerService$DropBoxManagerBroadcastHandler c=null m=2
Android Tests (4)	UNKNOWN STEP	2026-02-25T20:33:45.7303398Z 02-25 20:33:07.698  1946  1966 W Looper  : Slow dispatch took 230ms android.fg h=com.android.server.DropBoxManagerService$DropBoxManagerBroadcastHandler c=null m=2
Android Tests (4)	UNKNOWN STEP	2026-02-25T20:33:45.7305726Z 02-25 20:33:07.729  1689  2254 I netd    : tetherGetStats() <177.30ms>
Android Tests (4)	UNKNOWN STEP	2026-02-25T20:33:45.7306653Z 02-25 20:33:07.799  1946  1966 E PackageManager: failed to find package art.substitution.substitution
Android Tests (4)	UNKNOWN STEP	2026-02-25T20:33:45.7307952Z 02-25 20:33:07.801  1946  1966 E OverlayManager: Failed to change enabled overlays for art.substitution.substitution user 0
Android Tests (4)	UNKNOWN STEP	2026-02-25T20:33:45.7310301Z 02-25 20:33:07.810  1946  1966 W Looper  : Slow dispatch took 111ms android.fg h=android.os.Handler c=com.android.server.om.-$$Lambda$OverlayManagerService$OverlayChangeListener$u9oeN2C0PDMo0pYiLqfMBkwuMNA@3f1f80b m=0
Android Tests (4)	UNKNOWN STEP	2026-02-25T20:33:45.7314022Z 02-25 20:33:07.945  1946  2073 W system_server: Long monitor contention with owner NetworkStats (2071) at void com.android.server.net.NetworkStatsService$4.onReceive(android.content.Context, android.content.Intent)(NetworkStatsService.java:1078) waiters=0 in void com.android.server.net.NetworkStatsService.setUidForeground(int, boolean) for 639ms
Android Tests (4)	UNKNOWN STEP	2026-02-25T20:33:45.7316629Z 02-25 20:33:08.241  1946  2877 E memtrack: Couldn't load memtrack module
Android Tests (4)	UNKNOWN STEP	2026-02-25T20:33:45.7317504Z 02-25 20:33:08.241  1946  2877 W android.os.Debug: failed to get memory consumption info: -1
Android Tests (4)	UNKNOWN STEP	2026-02-25T20:33:45.7318731Z 02-25 20:33:08.275  1946  1966 W Looper  : Slow dispatch took 304ms android.fg h=android.os.Handler c=<recycled PooledLambda@dc609e7> m=0
Android Tests (4)	UNKNOWN STEP	2026-02-25T20:33:45.7321061Z 02-25 20:33:08.336  3296  4555 I MediaProvider: Begin Intent { act=android.intent.action.PACKAGE_FULLY_REMOVED dat=package:art.substitution.substitution flg=0x5000010 cmp=com.android.providers.media/.MediaService (has extras) }
Android Tests (4)	UNKNOWN STEP	2026-02-25T20:33:45.7323849Z 02-25 20:33:08.434  3296  4555 I MediaProvider: End Intent { act=android.intent.action.PACKAGE_FULLY_REMOVED dat=package:art.substitution.substitution flg=0x5000010 cmp=com.android.providers.media/.MediaService (has extras) }
Android Tests (4)	UNKNOWN STEP	2026-02-25T20:33:45.7328302Z 02-25 20:33:08.495  1946  1946 W system_server: Long monitor contention with owner android.bg (1974) at android.content.res.Resources android.app.ResourcesManager.getOrCreateResources(android.os.IBinder, android.content.res.ResourcesKey, java.lang.ClassLoader)(ResourcesManager.java:762) waiters=0 in android.content.res.Resources android.app.ResourcesManager.getOrCreateResources(android.os.IBinder, android.content.res.ResourcesKey, java.lang.ClassLoader) for 756ms
Android Tests (4)	UNKNOWN STEP	2026-02-25T20:33:45.7332803Z 02-25 20:33:08.527  1946  1946 W Looper  : Slow dispatch took 940ms main h=android.app.ActivityThread$H c=android.app.-$$Lambda$LoadedApk$ReceiverDispatcher$Args$_BumDX2UKsnxLVrE6UJsJZkotuA@919cc32 m=0
Android Tests (4)	UNKNOWN STEP	2026-02-25T20:33:45.7334749Z 02-25 20:33:08.584  1946  2075 D WifiConfigManager: Remove all networks for app ApplicationInfo{294797e art.substitution.substitution}
Android Tests (4)	UNKNOWN STEP	2026-02-25T20:33:45.7335822Z 02-25 20:33:08.636  1946  1966 W Looper  : Drained
Android Tests (4)	UNKNOWN STEP	2026-02-25T20:33:45.7336766Z 02-25 20:33:08.686  1946  1946 I ConditionProviders: Disallowing condition provider art.substitution.substitution
Android Tests (4)	UNKNOWN STEP	2026-02-25T20:33:45.7337700Z 02-25 20:33:08.763  1946  1946 W Looper  : Drained
Android Tests (4)	UNKNOWN STEP	2026-02-25T20:33:45.7338436Z 02-25 20:33:08.771  1726  2091 D AF::TrackHandle: OpPlayAudio: track:55 usage:13 not muted
Android Tests (4)	UNKNOWN STEP	2026-02-25T20:33:45.7339358Z 02-25 20:33:08.794  1726  2091 D AF::TrackHandle: OpPlayAudio: track:55 usage:13 not muted
Android Tests (4)	UNKNOWN STEP	2026-02-25T20:33:45.7340264Z 02-25 20:33:08.848  1726  2794 D AF::TrackHandle: OpPlayAudio: track:55 usage:13 not muted
Android Tests (4)	UNKNOWN STEP	2026-02-25T20:33:45.7341411Z 02-25 20:33:08.863  1726  2091 D AF::TrackHandle: OpPlayAudio: track:55 usage:13 not muted
Android Tests (4)	UNKNOWN STEP	2026-02-25T20:33:45.7342526Z 02-25 20:33:08.932  1726  2091 D AF::TrackHandle: OpPlayAudio: track:55 usage:13 not muted
Android Tests (4)	UNKNOWN STEP	2026-02-25T20:33:45.7343472Z 02-25 20:33:08.972  1726  2794 D AF::TrackHandle: OpPlayAudio: track:55 usage:13 not muted
Android Tests (4)	UNKNOWN STEP	2026-02-25T20:33:45.7344426Z 02-25 20:33:09.092  1726  2794 I chatty  : uid=1041(audioserver) Binder:1726_6 identical 1 line
Android Tests (4)	UNKNOWN STEP	2026-02-25T20:33:45.7345356Z 02-25 20:33:09.132  1726  2794 D AF::TrackHandle: OpPlayAudio: track:55 usage:13 not muted
Android Tests (4)	UNKNOWN STEP	2026-02-25T20:33:45.7346249Z 02-25 20:33:09.168  1726  2091 D AF::TrackHandle: OpPlayAudio: track:55 usage:13 not muted
Android Tests (4)	UNKNOWN STEP	2026-02-25T20:33:45.7347185Z 02-25 20:33:09.307  1726  2091 I chatty  : uid=1041(audioserver) Binder:1726_4 identical 2 lines
Android Tests (4)	UNKNOWN STEP	2026-02-25T20:33:45.7348127Z 02-25 20:33:09.334  1726  2091 D AF::TrackHandle: OpPlayAudio: track:55 usage:13 not muted
Android Tests (4)	UNKNOWN STEP	2026-02-25T20:33:45.7349070Z 02-25 20:33:09.367  1726  2794 D AF::TrackHandle: OpPlayAudio: track:55 usage:13 not muted
Android Tests (4)	UNKNOWN STEP	2026-02-25T20:33:45.7350210Z 02-25 20:33:09.392  1726  2794 D AF::TrackHandle: OpPlayAudio: track:55 usage:13 not muted
Android Tests (4)	UNKNOWN STEP	2026-02-25T20:33:45.7351334Z 02-25 20:33:09.410  1726  2091 D AF::TrackHandle: OpPlayAudio: track:55 usage:13 not muted
Android Tests (4)	UNKNOWN STEP	2026-02-25T20:33:45.7352223Z 02-25 20:33:09.475  1726  2794 D AF::TrackHandle: OpPlayAudio: track:55 usage:13 not muted
Android Tests (4)	UNKNOWN STEP	2026-02-25T20:33:45.7353106Z 02-25 20:33:09.520  1946  2075 D WifiConfigStore: Writing to stores completed in 877 ms.
Android Tests (4)	UNKNOWN STEP	2026-02-25T20:33:45.7354198Z 02-25 20:33:09.525  1946  2075 E PasspointManager: No app ops listener found for art.substitution.substitution
Android Tests (4)	UNKNOWN STEP	2026-02-25T20:33:45.7355442Z 02-25 20:33:09.543  1946  2075 I DropBoxManagerService: add tag=system_server_wtf isTagEnabled=true flags=0x2
Android Tests (4)	UNKNOWN STEP	2026-02-25T20:33:45.7357192Z 02-25 20:33:10.743  2144  2163 I ssioncontrolle: Background young concurrent copying GC freed 2741(229KB) AllocSpace objects, 2(40KB) LOS objects, 5% free, 1539KB/1624KB, paused 819us total 101.901ms
Android Tests (4)	UNKNOWN STEP	2026-02-25T20:33:45.7358723Z 02-25 20:33:11.692  1946  1974 I RoleUserState: Wrote roles.xml successfully
Android Tests (4)	UNKNOWN STEP	2026-02-25T20:33:45.7359802Z 02-25 20:33:15.669  1946  1968 I DropBoxManagerService: add tag=system_server_strictmode isTagEnabled=true flags=0x2
Android Tests (4)	UNKNOWN STEP	2026-02-25T20:33:45.7361033Z 02-25 20:33:18.889  1946  2367 D WificondControl: Scan result ready event
Android Tests (4)	UNKNOWN STEP	2026-02-25T20:33:45.7361842Z 02-25 20:33:15.782  1946  1968 I chatty  : uid=1000(system) android.io identical 6 lines
Android Tests (4)	UNKNOWN STEP	2026-02-25T20:33:45.7362939Z 02-25 20:33:15.795  1946  1968 I DropBoxManagerService: add tag=system_server_strictmode isTagEnabled=true flags=0x2
Android Tests (4)	UNKNOWN STEP	2026-02-25T20:33:45.7364013Z 02-25 20:33:24.152  1946  1974 I UsageStatsService: User[0] Flushing usage stats to disk
Android Tests (4)	UNKNOWN STEP	2026-02-25T20:33:45.7365021Z 02-25 20:33:28.367  1807  1807 E netmgr  : Failed to open QEMU pipe 'qemud:network': Invalid argument
Android Tests (4)	UNKNOWN STEP	2026-02-25T20:33:45.7366265Z 02-25 20:33:30.867  1823  1823 E wifi_forwarder: RemoteConnection failed to initialize: RemoteConnection failed to open pipe
Android Tests (4)	UNKNOWN STEP	2026-02-25T20:33:45.7367537Z 02-25 20:33:35.895  1946  2792 W ActivityManager: Invalid packageName: art.substitution.substitution
Android Tests (4)	UNKNOWN STEP	2026-02-25T20:33:45.7368785Z 02-25 20:33:35.955  3671  3671 I abb     : StartCommandInProcess(73657474696e67730067657400676c6f settings.get.glo [truncated])
Android Tests (4)	UNKNOWN STEP	2026-02-25T20:33:45.7370516Z 02-25 20:33:35.969  1946  1946 W Binder:1946_A: type=1400 audit(0.0:102): avc: denied { getopt } for scontext=u:r:system_server:s0 tcontext=u:r:shell:s0 tclass=unix_stream_socket permissive=0
Android Tests (4)	UNKNOWN STEP	2026-02-25T20:33:45.7372178Z 02-25 20:33:35.969  1946  1946 I chatty  : uid=1000 system_server identical 1 line
Android Tests (4)	UNKNOWN STEP	2026-02-25T20:33:45.7373583Z 02-25 20:33:35.969  1946  1946 W Binder:1946_A: type=1400 audit(0.0:104): avc: denied { getopt } for scontext=u:r:system_server:s0 tcontext=u:r:shell:s0 tclass=unix_stream_socket permissive=0
Android Tests (4)	UNKNOWN STEP	2026-02-25T20:33:45.7375546Z 02-25 20:33:35.969  1742  1742 W adbd    : type=1400 audit(0.0:105): avc: denied { shutdown } for scontext=u:r:adbd:s0 tcontext=u:r:shell:s0 tclass=unix_stream_socket permissive=0
Android Tests (4)	UNKNOWN STEP	2026-02-25T20:33:45.7377410Z 02-25 20:33:35.995  3671  3671 I abb     : StartCommandInProcess(7061636b61676500696e7374616c6c00 package.install. [truncated])
Android Tests (4)	UNKNOWN STEP	2026-02-25T20:33:45.7380294Z 02-25 20:33:36.597  1946  2367 W system_server: Long monitor contention with owner android.io (1968) at void com.android.server.pm.PackageInstallerService$2.run()(PackageInstallerService.java:455) waiters=0 in android.content.pm.PackageInstaller$SessionInfo com.android.server.pm.PackageInstallerService.getSessionInfo(int) for 137ms
Android Tests (4)	UNKNOWN STEP	2026-02-25T20:33:45.7384859Z 02-25 20:33:36.602  1946  2792 W system_server: Long monitor contention with owner android.io (1968) at void com.android.server.pm.PackageInstallerService$2.run()(PackageInstallerService.java:455) waiters=1 in android.content.pm.IPackageInstallerSession com.android.server.pm.PackageInstallerService.openSessionInternal(int) for 141ms
Android Tests (4)	UNKNOWN STEP	2026-02-25T20:33:45.7388028Z 02-25 20:33:38.919  1742  1742 W adbd    : type=1400 audit(0.0:106): avc: denied { shutdown } for scontext=u:r:adbd:s0 tcontext=u:r:shell:s0 tclass=unix_stream_socket permissive=0
Android Tests (4)	UNKNOWN STEP	2026-02-25T20:33:45.7390064Z 02-25 20:33:39.034  1946  2367 W ActivityManager: Invalid packageName: art.substitution.substitution
Android Tests (4)	UNKNOWN STEP	2026-02-25T20:33:45.7391402Z 02-25 20:33:39.156  1946  2877 W ActivityManager: Invalid packageName: art.substitution.substitution
Android Tests (4)	UNKNOWN STEP	2026-02-25T20:33:45.7392424Z 02-25 20:33:40.001  1742  1742 W adbd    : timeout expired while flushing socket, closing
Android Tests (4)	UNKNOWN STEP	2026-02-25T20:33:45.7393908Z 02-25 20:33:39.999  1946  1946 W Binder:1946_A: type=1400 audit(0.0:107): avc: denied { getopt } for scontext=u:r:system_server:s0 tcontext=u:r:shell:s0 tclass=unix_stream_socket permissive=0
Android Tests (4)	UNKNOWN STEP	2026-02-25T20:33:45.7395549Z 02-25 20:33:40.005  1946  1989 W PackageManager: Not removing non-existent package art.substitution.substitution
Android Tests (4)	UNKNOWN STEP	2026-02-25T20:33:45.7396568Z 02-25 20:33:40.146  1946  2792 W FastPrintWriter: Write failure
Android Tests (4)	UNKNOWN STEP	2026-02-25T20:33:45.7397468Z 02-25 20:33:40.146  1946  2792 W FastPrintWriter: java.io.IOException: write failed: EPIPE (Broken pipe)
Android Tests (4)	UNKNOWN STEP	2026-02-25T20:33:45.7398611Z 02-25 20:33:40.146  1946  2792 W FastPrintWriter: 	at libcore.io.IoBridge.write(IoBridge.java:544)
Android Tests (4)	UNKNOWN STEP	2026-02-25T20:33:45.7399772Z 02-25 20:33:40.146  1946  2792 W FastPrintWriter: 	at java.io.FileOutputStream.write(FileOutputStream.java:392)
Android Tests (4)	UNKNOWN STEP	2026-02-25T20:33:45.7401459Z 02-25 20:33:40.146  1946  2792 W FastPrintWriter: 	at com.android.internal.util.FastPrintWriter.flushBytesLocked(FastPrintWriter.java:354)
Android Tests (4)	UNKNOWN STEP	2026-02-25T20:33:45.7403122Z 02-25 20:33:40.146  1946  2792 W FastPrintWriter: 	at com.android.internal.util.FastPrintWriter.flushLocked(FastPrintWriter.java:377)
Android Tests (4)	UNKNOWN STEP	2026-02-25T20:33:45.7404724Z 02-25 20:33:40.146  1946  2792 W FastPrintWriter: 	at com.android.internal.util.FastPrintWriter.flush(FastPrintWriter.java:412)
Android Tests (4)	UNKNOWN STEP	2026-02-25T20:33:45.7406084Z 02-25 20:33:40.146  1946  2792 W FastPrintWriter: 	at android.os.ShellCommand.exec(ShellCommand.java:126)
Android Tests (4)	UNKNOWN STEP	2026-02-25T20:33:45.7407602Z 02-25 20:33:40.146  1946  2792 W FastPrintWriter: 	at com.android.server.pm.PackageManagerService.onShellCommand(PackageManagerService.java:21729)
Android Tests (4)	UNKNOWN STEP	2026-02-25T20:33:45.7409243Z 02-25 20:33:40.146  1946  2792 W FastPrintWriter: 	at android.os.Binder.shellCommand(Binder.java:881)
Android Tests (4)	UNKNOWN STEP	2026-02-25T20:33:45.7410420Z 02-25 20:33:40.146  1946  2792 W FastPrintWriter: 	at android.os.Binder.onTransact(Binder.java:765)
Android Tests (4)	UNKNOWN STEP	2026-02-25T20:33:45.7411969Z 02-25 20:33:40.146  1946  2792 W FastPrintWriter: 	at android.content.pm.IPackageManager$Stub.onTransact(IPackageManager.java:4860)
Android Tests (4)	UNKNOWN STEP	2026-02-25T20:33:45.7413632Z 02-25 20:33:40.146  1946  2792 W FastPrintWriter: 	at com.android.server.pm.PackageManagerService.onTransact(PackageManagerService.java:4014)
Android Tests (4)	UNKNOWN STEP	2026-02-25T20:33:45.7415186Z 02-25 20:33:40.146  1946  2792 W FastPrintWriter: 	at android.os.Binder.execTransactInternal(Binder.java:1021)
Android Tests (4)	UNKNOWN STEP	2026-02-25T20:33:45.7416387Z 02-25 20:33:40.146  1946  2792 W FastPrintWriter: 	at android.os.Binder.execTransact(Binder.java:994)
Android Tests (4)	UNKNOWN STEP	2026-02-25T20:33:45.7417672Z 02-25 20:33:40.146  1946  2792 W FastPrintWriter: Caused by: android.system.ErrnoException: write failed: EPIPE (Broken pipe)
Android Tests (4)	UNKNOWN STEP	2026-02-25T20:33:45.7419171Z 02-25 20:33:40.146  1946  2792 W FastPrintWriter: 	at libcore.io.Linux.writeBytes(Native Method)
Android Tests (4)	UNKNOWN STEP	2026-02-25T20:33:45.7420233Z 02-25 20:33:40.146  1946  2792 W FastPrintWriter: 	at libcore.io.Linux.write(Linux.java:294)
Android Tests (4)	UNKNOWN STEP	2026-02-25T20:33:45.7421539Z 02-25 20:33:40.146  1946  2792 W FastPrintWriter: 	at libcore.io.ForwardingOs.write(ForwardingOs.java:241)
Android Tests (4)	UNKNOWN STEP	2026-02-25T20:33:45.7422721Z 02-25 20:33:40.146  1946  2792 W FastPrintWriter: 	at libcore.io.BlockGuardOs.write(BlockGuardOs.java:416)
Android Tests (4)	UNKNOWN STEP	2026-02-25T20:33:45.7423869Z 02-25 20:33:40.146  1946  2792 W FastPrintWriter: 	at libcore.io.IoBridge.write(IoBridge.java:539)
Android Tests (4)	UNKNOWN STEP	2026-02-25T20:33:45.7424772Z 02-25 20:33:40.146  1946  2792 W FastPrintWriter: 	... 12 more
Android Tests (4)	UNKNOWN STEP	2026-02-25T20:33:45.7426115Z 02-25 20:33:40.149  1946  1946 W Binder:1946_A: type=1400 audit(0.0:108): avc: denied { getopt } for scontext=u:r:system_server:s0 tcontext=u:r:shell:s0 tclass=unix_stream_socket permissive=0
Android Tests (4)	UNKNOWN STEP	2026-02-25T20:33:45.7427492Z 
Android Tests (4)	UNKNOWN STEP	2026-02-25T20:33:45.7427682Z === test-results/android-tests.log ===
Android Tests (4)	UNKNOWN STEP	2026-02-25T20:33:45.7428321Z   dart:async/zone_root.dart 35:13                   _rootRun
Android Tests (4)	UNKNOWN STEP	2026-02-25T20:33:45.7429027Z   dart:async/zone.dart 726:19                       _CustomZone.run
Android Tests (4)	UNKNOWN STEP	2026-02-25T20:33:45.7429844Z   package:test_api/src/backend/invoker.dart 350:38  Invoker.heartbeat.<fn>
Android Tests (4)	UNKNOWN STEP	2026-02-25T20:33:45.7430906Z   dart:async-patch/timer_patch.dart 18:15           Timer._createTimer.<fn>
Android Tests (4)	UNKNOWN STEP	2026-02-25T20:33:45.7431740Z   dart:isolate-patch/timer_impl.dart 423:19         _Timer._runTimers
Android Tests (4)	UNKNOWN STEP	2026-02-25T20:33:45.7432598Z   dart:isolate-patch/timer_impl.dart 454:5          _Timer._handleMessage
Android Tests (4)	UNKNOWN STEP	2026-02-25T20:33:45.7433515Z   dart:isolate-patch/isolate_patch.dart 193:12      _RawReceivePort._handleMessage
Android Tests (4)	UNKNOWN STEP	2026-02-25T20:33:45.7434216Z   
Android Tests (4)	UNKNOWN STEP	2026-02-25T20:33:45.7435008Z 18:03 +0 -4: loading /home/runner/work/substitution/substitution/integration_test/followfeeds_with_matrix_test.dart
Android Tests (4)	UNKNOWN STEP	2026-02-25T20:33:45.7436140Z Running Gradle task 'assembleDebug'...                             29.6s
Android Tests (4)	UNKNOWN STEP	2026-02-25T20:33:45.7437175Z ✓ Built build/app/outputs/flutter-apk/app-debug.apk
Android Tests (4)	UNKNOWN STEP	2026-02-25T20:33:45.7437936Z Installing build/app/outputs/flutter-apk/app-debug.apk...          13.1s
Android Tests (4)	UNKNOWN STEP	2026-02-25T20:33:45.7439086Z 19:29 +0 -4: loading /home/runner/work/substitution/substitution/integration_test/onboarding_and_login_test.dart
Android Tests (4)	UNKNOWN STEP	2026-02-25T20:33:45.7440176Z Running Gradle task 'assembleDebug'...                             29.2s
Android Tests (4)	UNKNOWN STEP	2026-02-25T20:33:45.7441204Z ✓ Built build/app/outputs/flutter-apk/app-debug.apk
Android Tests (4)	UNKNOWN STEP	2026-02-25T20:33:45.7441934Z Installing build/app/outputs/flutter-apk/app-debug.apk...          12.3s
Android Tests (4)	UNKNOWN STEP	2026-02-25T20:33:45.7443001Z 20:56 +0 -4: loading /home/runner/work/substitution/substitution/integration_test/profile_edit_test.dart
Android Tests (4)	UNKNOWN STEP	2026-02-25T20:33:45.7444024Z Running Gradle task 'assembleDebug'...                             20.5s
Android Tests (4)	UNKNOWN STEP	2026-02-25T20:33:45.7444855Z ✓ Built build/app/outputs/flutter-apk/app-debug.apk
Android Tests (4)	UNKNOWN STEP	2026-02-25T20:33:45.7445604Z Installing build/app/outputs/flutter-apk/app-debug.apk...          11.9s
Android Tests (4)	UNKNOWN STEP	2026-02-25T20:33:45.7446709Z 22:12 +0 -4: loading /home/runner/work/substitution/substitution/integration_test/feed_with_matrix_test.dart
Android Tests (4)	UNKNOWN STEP	2026-02-25T20:33:45.7447765Z Running Gradle task 'assembleDebug'...                             28.6s
Android Tests (4)	UNKNOWN STEP	2026-02-25T20:33:45.7448596Z ✓ Built build/app/outputs/flutter-apk/app-debug.apk
Android Tests (4)	UNKNOWN STEP	2026-02-25T20:33:45.7449322Z Installing build/app/outputs/flutter-apk/app-debug.apk...          15.3s
Android Tests (4)	UNKNOWN STEP	2026-02-25T20:33:45.7450447Z 23:33 +0 -4: /home/runner/work/substitution/substitution/integration_test/feed_with_matrix_test.dart: (setUpAll)
Android Tests (4)	UNKNOWN STEP	2026-02-25T20:33:45.7452356Z 23:34 +0 -4: /home/runner/work/substitution/substitution/integration_test/feed_with_matrix_test.dart: Feed with Real Matrix Server Feed loads and shows messages chronologically
Android Tests (4)	UNKNOWN STEP	2026-02-25T20:33:45.7453346Z Waiting for globalMatrixClient to be initialized...
Android Tests (4)	UNKNOWN STEP	2026-02-25T20:33:45.7453980Z [90m[🌎 Easy Localization] [DEBUG] Localization initialized[0m
Android Tests (4)	UNKNOWN STEP	2026-02-25T20:33:45.7454523Z [Matrix] [32mInitialize client Substitution[0m
Android Tests (4)	UNKNOWN STEP	2026-02-25T20:33:45.7454890Z globalMatrixClient initialized!
Android Tests (4)	UNKNOWN STEP	2026-02-25T20:33:45.7455539Z Android detected: Translated localhost to http://10.0.2.2:8008
Android Tests (4)	UNKNOWN STEP	2026-02-25T20:33:45.7456045Z Step 1: Checking for Age Gate, Intro, or Login fields...
Android Tests (4)	UNKNOWN STEP	2026-02-25T20:33:45.7456487Z [Matrix] [32mUser is not logged in.[0m
Android Tests (4)	UNKNOWN STEP	2026-02-25T20:33:45.7456900Z [90m[🌎 Easy Localization] [DEBUG] Start[0m
Android Tests (4)	UNKNOWN STEP	2026-02-25T20:33:45.7457332Z [90m[🌎 Easy Localization] [DEBUG] Init state[0m
Android Tests (4)	UNKNOWN STEP	2026-02-25T20:33:45.7457757Z [90m[🌎 Easy Localization] [DEBUG] Build[0m
Android Tests (4)	UNKNOWN STEP	2026-02-25T20:33:45.7458237Z [90m[🌎 Easy Localization] [DEBUG] Init Localization Delegate[0m
Android Tests (4)	UNKNOWN STEP	2026-02-25T20:33:45.7458752Z [90m[🌎 Easy Localization] [DEBUG] Init provider[0m
Android Tests (4)	UNKNOWN STEP	2026-02-25T20:33:45.7459254Z [90m[🌎 Easy Localization] [DEBUG] Load Localization Delegate[0m
Android Tests (4)	UNKNOWN STEP	2026-02-25T20:33:45.7459851Z [90m[🌎 Easy Localization] [DEBUG] Load asset from assets/translations[0m
Android Tests (4)	UNKNOWN STEP	2026-02-25T20:33:45.7460521Z [90m[🌎 Easy Localization] [DEBUG] Build[0m
Android Tests (4)	UNKNOWN STEP	2026-02-25T20:33:45.7461180Z [90m[🌎 Easy Localization] [DEBUG] Init Localization Delegate[0m
Android Tests (4)	UNKNOWN STEP	2026-02-25T20:33:45.7461686Z [90m[🌎 Easy Localization] [DEBUG] Init provider[0m
Android Tests (4)	UNKNOWN STEP	2026-02-25T20:33:45.7462169Z Found screen! AgeGate: false, Intro: true, Username: false, Host: false
Android Tests (4)	UNKNOWN STEP	2026-02-25T20:33:45.7462549Z Step 2: Navigating through onboarding...
Android Tests (4)	UNKNOWN STEP	2026-02-25T20:33:45.7462823Z Tapping Next button at step 0...
Android Tests (4)	UNKNOWN STEP	2026-02-25T20:33:45.7463064Z Tapping Next button at step 1...
Android Tests (4)	UNKNOWN STEP	2026-02-25T20:33:45.7463360Z Reached target page at step 2. Host: true, Username: false
Android Tests (4)	UNKNOWN STEP	2026-02-25T20:33:45.7463684Z Onboarding navigation complete.
Android Tests (4)	UNKNOWN STEP	2026-02-25T20:33:45.7463951Z Step 3: Entering host URL: http://10.0.2.2:8008
Android Tests (4)	UNKNOWN STEP	2026-02-25T20:33:45.7464237Z Tapping host submit button...
Android Tests (4)	UNKNOWN STEP	2026-02-25T20:33:45.7464475Z Waiting for login page to appear...
Android Tests (4)	UNKNOWN STEP	2026-02-25T20:33:45.7464722Z Login page reached.
Android Tests (4)	UNKNOWN STEP	2026-02-25T20:33:45.7464922Z Step 4: Looking for login fields...
Android Tests (4)	UNKNOWN STEP	2026-02-25T20:33:45.7465170Z Entering username: testuser1
Android Tests (4)	UNKNOWN STEP	2026-02-25T20:33:45.7465389Z Entering password...
Android Tests (4)	UNKNOWN STEP	2026-02-25T20:33:45.7465598Z Tapping login submit button...
Android Tests (4)	UNKNOWN STEP	2026-02-25T20:33:45.7465884Z Step 5: Waiting for finished page (introGoButton)...
Android Tests (4)	UNKNOWN STEP	2026-02-25T20:33:45.7466655Z 25:36 +0 -5: /home/runner/work/substitution/substitution/integration_test/feed_with_matrix_test.dart: Feed with Real Matrix Server Feed loads and shows messages chronologically [E]
Android Tests (4)	UNKNOWN STEP	2026-02-25T20:33:45.7467474Z   TimeoutException after 0:02:00.000000: Test timed out after 2 minutes.
Android Tests (4)	UNKNOWN STEP	2026-02-25T20:33:45.7467858Z   dart:isolate  _RawReceivePort._handleMessage
Android Tests (4)	UNKNOWN STEP	2026-02-25T20:33:45.7468115Z   
Android Tests (4)	UNKNOWN STEP	2026-02-25T20:33:45.7468520Z   'package:flutter_test/src/binding.dart': Failed assertion: line 2781 pos 12: '_pendingFrame == null': is not true.
Android Tests (4)	UNKNOWN STEP	2026-02-25T20:33:45.7469320Z   dart:core                                                                  _AssertionError._throwNew
Android Tests (4)	UNKNOWN STEP	2026-02-25T20:33:45.7469879Z   package:flutter_test/src/binding.dart 2781:12                              LiveTestWidgetsFlutterBinding.postTest
Android Tests (4)	UNKNOWN STEP	2026-02-25T20:33:45.7470383Z   ===== asynchronous gap ===========================
Android Tests (4)	UNKNOWN STEP	2026-02-25T20:33:45.7470915Z   package:stream_channel                                                     _GuaranteeSink.add
Android Tests (4)	UNKNOWN STEP	2026-02-25T20:33:45.7471442Z   tmp/flutter_tools.SIXEIX/flutter_test_listener.AHUPGP/listener.dart 56:22  main.<fn>
Android Tests (4)	UNKNOWN STEP	2026-02-25T20:33:45.7471837Z   
Android Tests (4)	UNKNOWN STEP	2026-02-25T20:33:45.7472259Z 25:38 +0 -5: /home/runner/work/substitution/substitution/integration_test/feed_with_matrix_test.dart: (tearDownAll)
Android Tests (4)	UNKNOWN STEP	2026-02-25T20:33:45.7472964Z 25:42 +0 -5: loading /home/runner/work/substitution/substitution/integration_test/login_debug_test.dart
Android Tests (4)	UNKNOWN STEP	2026-02-25T20:33:45.7473693Z Running Gradle task 'assembleDebug'...                             28.7s
Android Tests (4)	UNKNOWN STEP	2026-02-25T20:33:45.7474165Z ✓ Built build/app/outputs/flutter-apk/app-debug.apk
Android Tests (4)	UNKNOWN STEP	2026-02-25T20:33:45.7474583Z Installing build/app/outputs/flutter-apk/app-debug.apk...          111ms
Android Tests (4)	UNKNOWN STEP	2026-02-25T20:33:45.7474960Z Error: ADB exited with exit code -15
Android Tests (4)	UNKNOWN STEP	2026-02-25T20:33:45.7475132Z 
Android Tests (4)	UNKNOWN STEP	2026-02-25T20:33:45.7475509Z Running Gradle task 'assembleDebug'...                          Waiting for current test(s) to finish.
Android Tests (4)	UNKNOWN STEP	2026-02-25T20:33:45.7475968Z Press Control-C again to terminate immediately.
Android Tests (4)	UNKNOWN STEP	2026-02-25T20:33:45.7476166Z 
Android Tests (4)	UNKNOWN STEP	2026-02-25T20:33:45.7476383Z adb uninstall failed: ProcessException: Process exited abnormally with exit code 1:
Android Tests (4)	UNKNOWN STEP	2026-02-25T20:33:45.7476795Z Failure [DELETE_FAILED_INTERNAL_ERROR]
Android Tests (4)	UNKNOWN STEP	2026-02-25T20:33:45.7477302Z   Command: /usr/local/lib/android/sdk/platform-tools/adb -s emulator-5554 uninstall art.substitution.substitution
Android Tests (4)	UNKNOWN STEP	2026-02-25T20:33:45.7477941Z adb uninstall failed: ProcessException: Process exited abnormally with exit code 1:
Android Tests (4)	UNKNOWN STEP	2026-02-25T20:33:45.7478343Z Failure [DELETE_FAILED_INTERNAL_ERROR]
Android Tests (4)	UNKNOWN STEP	2026-02-25T20:33:45.7478826Z   Command: /usr/local/lib/android/sdk/platform-tools/adb -s emulator-5554 uninstall art.substitution.substitution
Android Tests (4)	UNKNOWN STEP	2026-02-25T20:33:45.7479348Z unhandled error during finalization of test:
Android Tests (4)	UNKNOWN STEP	2026-02-25T20:33:45.7479870Z /home/runner/work/substitution/substitution/integration_test/login_debug_test.dart
Android Tests (4)	UNKNOWN STEP	2026-02-25T20:33:45.7480780Z PathNotFoundException: Deletion failed, path = '/tmp/flutter_tools.SIXEIX/flutter_test_listener.GFRFBZ' (OS Error: No such file or directory, errno = 2)
Android Tests (4)	UNKNOWN STEP	2026-02-25T20:33:45.7481497Z #0      _Directory._deleteSync (dart:io/directory_impl.dart:216:7)
Android Tests (4)	UNKNOWN STEP	2026-02-25T20:33:45.7481929Z #1      FileSystemEntity.deleteSync (dart:io/file_system_entity.dart:425:7)
Android Tests (4)	UNKNOWN STEP	2026-02-25T20:33:45.7482561Z #2      ForwardingFileSystemEntity.deleteSync (package:file/src/forwarding/forwarding_file_system_entity.dart:70:16)
Android Tests (4)	UNKNOWN STEP	2026-02-25T20:33:45.7483353Z #3      ErrorHandlingDirectory.deleteSync.<anonymous closure> (package:flutter_tools/src/base/error_handling_io.dart:451:22)
Android Tests (4)	UNKNOWN STEP	2026-02-25T20:33:45.7483985Z #4      _runSync (package:flutter_tools/src/base/error_handling_io.dart:552:14)
Android Tests (4)	UNKNOWN STEP	2026-02-25T20:33:45.7484865Z #5      ErrorHandlingDirectory.deleteSync (package:flutter_tools/src/base/error_handling_io.dart:450:12)
Android Tests (4)	UNKNOWN STEP	2026-02-25T20:33:45.7485629Z #6      FlutterPlatform._createListenerDart.<anonymous closure> (package:flutter_tools/src/test/flutter_platform.dart:787:15)
Android Tests (4)	UNKNOWN STEP	2026-02-25T20:33:45.7486364Z #7      FlutterPlatform._startTest.finalize (package:flutter_tools/src/test/flutter_platform.dart:592:26)
Android Tests (4)	UNKNOWN STEP	2026-02-25T20:33:45.7486836Z <asynchronous suspension>
Android Tests (4)	UNKNOWN STEP	2026-02-25T20:33:45.7487220Z #8      asyncGuard.<anonymous closure> (package:flutter_tools/src/base/async_guard.dart:108:24)
Android Tests (4)	UNKNOWN STEP	2026-02-25T20:33:45.7487640Z <asynchronous suspension>
Android Tests (4)	UNKNOWN STEP	2026-02-25T20:33:45.7487774Z 
Android Tests (4)	UNKNOWN STEP	2026-02-25T20:33:45.7512742Z ##[group]Run docker compose down -v
Android Tests (4)	UNKNOWN STEP	2026-02-25T20:33:45.7513076Z [36;1mdocker compose down -v[0m
Android Tests (4)	UNKNOWN STEP	2026-02-25T20:33:45.7561543Z shell: /usr/bin/bash -e {0}
Android Tests (4)	UNKNOWN STEP	2026-02-25T20:33:45.7561783Z env:
Android Tests (4)	UNKNOWN STEP	2026-02-25T20:33:45.7561955Z   CACHE_VERSION: v1
Android Tests (4)	UNKNOWN STEP	2026-02-25T20:33:45.7562275Z   JAVA_HOME: /opt/hostedtoolcache/Java_Temurin-Hotspot_jdk/17.0.18-8/x64
Android Tests (4)	UNKNOWN STEP	2026-02-25T20:33:45.7562774Z   JAVA_HOME_17_X64: /opt/hostedtoolcache/Java_Temurin-Hotspot_jdk/17.0.18-8/x64
Android Tests (4)	UNKNOWN STEP	2026-02-25T20:33:45.7563244Z   FLUTTER_ROOT: /opt/hostedtoolcache/flutter/stable-3.41.2-x64
Android Tests (4)	UNKNOWN STEP	2026-02-25T20:33:45.7563598Z   PUB_CACHE: /home/runner/.pub-cache
Android Tests (4)	UNKNOWN STEP	2026-02-25T20:33:45.7563879Z   ANDROID_AVD_HOME: /home/runner/.android/avd
Android Tests (4)	UNKNOWN STEP	2026-02-25T20:33:45.7564143Z ##[endgroup]
Android Tests (4)	UNKNOWN STEP	2026-02-25T20:33:45.9532886Z time="2026-02-25T20:33:45Z" level=warning msg="/home/runner/work/substitution/substitution/docker-compose.yml: the attribute `version` is obsolete, it will be ignored, please remove it to avoid potential confusion"
Android Tests (4)	UNKNOWN STEP	2026-02-25T20:33:45.9674979Z  Container substitution-redis-1  Stopping
Android Tests (4)	UNKNOWN STEP	2026-02-25T20:33:45.9677143Z  Container substitution-matrix-synapse-1  Stopping
Android Tests (4)	UNKNOWN STEP	2026-02-25T20:33:46.4039252Z  Container substitution-redis-1  Stopped
Android Tests (4)	UNKNOWN STEP	2026-02-25T20:33:46.4044907Z  Container substitution-redis-1  Removing
Android Tests (4)	UNKNOWN STEP	2026-02-25T20:33:46.4176996Z  Container substitution-redis-1  Removed
Android Tests (4)	UNKNOWN STEP	2026-02-25T20:33:46.6988100Z  Container substitution-matrix-synapse-1  Stopped
Android Tests (4)	UNKNOWN STEP	2026-02-25T20:33:46.6989307Z  Container substitution-matrix-synapse-1  Removing
Android Tests (4)	UNKNOWN STEP	2026-02-25T20:33:46.8159447Z  Container substitution-matrix-synapse-1  Removed
Android Tests (4)	UNKNOWN STEP	2026-02-25T20:33:46.8161851Z  Container substitution-postgres-1  Stopping
Android Tests (4)	UNKNOWN STEP	2026-02-25T20:33:46.8162408Z  Container substitution-dex-1  Stopping
Android Tests (4)	UNKNOWN STEP	2026-02-25T20:33:46.9552058Z  Container substitution-dex-1  Stopped
Android Tests (4)	UNKNOWN STEP	2026-02-25T20:33:46.9552627Z  Container substitution-dex-1  Removing
Android Tests (4)	UNKNOWN STEP	2026-02-25T20:33:46.9693749Z  Container substitution-dex-1  Removed
Android Tests (4)	UNKNOWN STEP	2026-02-25T20:33:46.9769125Z  Container substitution-postgres-1  Stopped
Android Tests (4)	UNKNOWN STEP	2026-02-25T20:33:46.9773309Z  Container substitution-postgres-1  Removing
Android Tests (4)	UNKNOWN STEP	2026-02-25T20:33:47.0600403Z  Container substitution-postgres-1  Removed
Android Tests (4)	UNKNOWN STEP	2026-02-25T20:33:47.0617094Z  Network substitution_substitution_network  Removing
Android Tests (4)	UNKNOWN STEP	2026-02-25T20:33:47.1463699Z  Network substitution_substitution_network  Removed
Android Tests (4)	UNKNOWN STEP	2026-02-25T20:33:47.1647945Z Post job cleanup.
Android Tests (4)	UNKNOWN STEP	2026-02-25T20:33:47.1729614Z Post job cleanup.
Android Tests (4)	UNKNOWN STEP	2026-02-25T20:33:47.3941320Z Post job cleanup.
Android Tests (4)	UNKNOWN STEP	2026-02-25T20:33:47.5022913Z [command]/usr/bin/git version
Android Tests (4)	UNKNOWN STEP	2026-02-25T20:33:47.5075579Z git version 2.53.0
Android Tests (4)	UNKNOWN STEP	2026-02-25T20:33:47.5124423Z Temporarily overriding HOME='/home/runner/work/_temp/757d0c49-f516-4f69-9687-da6365d8e2ba' before making global git config changes
Android Tests (4)	UNKNOWN STEP	2026-02-25T20:33:47.5127708Z Adding repository directory to the temporary git global config as a safe directory
Android Tests (4)	UNKNOWN STEP	2026-02-25T20:33:47.5130372Z [command]/usr/bin/git config --global --add safe.directory /home/runner/work/substitution/substitution
Android Tests (4)	UNKNOWN STEP	2026-02-25T20:33:47.5187993Z [command]/usr/bin/git config --local --name-only --get-regexp core\.sshCommand
Android Tests (4)	UNKNOWN STEP	2026-02-25T20:33:47.5227274Z [command]/usr/bin/git submodule foreach --recursive sh -c "git config --local --name-only --get-regexp 'core\.sshCommand' && git config --local --unset-all 'core.sshCommand' || :"
Android Tests (4)	UNKNOWN STEP	2026-02-25T20:33:47.5554474Z [command]/usr/bin/git config --local --name-only --get-regexp http\.https\:\/\/github\.com\/\.extraheader
Android Tests (4)	UNKNOWN STEP	2026-02-25T20:33:47.5580483Z http.https://github.com/.extraheader
Android Tests (4)	UNKNOWN STEP	2026-02-25T20:33:47.5594082Z [command]/usr/bin/git config --local --unset-all http.https://github.com/.extraheader
Android Tests (4)	UNKNOWN STEP	2026-02-25T20:33:47.5629170Z [command]/usr/bin/git submodule foreach --recursive sh -c "git config --local --name-only --get-regexp 'http\.https\:\/\/github\.com\/\.extraheader' && git config --local --unset-all 'http.https://github.com/.extraheader' || :"
Android Tests (4)	UNKNOWN STEP	2026-02-25T20:33:47.5893490Z [command]/usr/bin/git config --local --name-only --get-regexp ^includeIf\.gitdir:
Android Tests (4)	UNKNOWN STEP	2026-02-25T20:33:47.5929984Z [command]/usr/bin/git submodule foreach --recursive git config --local --show-origin --name-only --get-regexp remote.origin.url
Android Tests (4)	UNKNOWN STEP	2026-02-25T20:33:47.6350354Z Cleaning up orphan processes
Android Tests (4)	UNKNOWN STEP	2026-02-25T20:33:47.6857746Z Terminate orphan process: pid (7518) (java)
Android Tests (4)	UNKNOWN STEP	2026-02-25T20:33:47.6943308Z Terminate orphan process: pid (8444) (java)
Android Tests (4)	UNKNOWN STEP	2026-02-25T20:33:47.7125187Z Terminate orphan process: pid (14292) (java)
Android Tests (4)	UNKNOWN STEP	2026-02-25T20:33:47.7394500Z Terminate orphan process: pid (38439) (java)
Android Tests (4)	UNKNOWN STEP	2026-02-25T20:33:47.7533935Z Terminate orphan process: pid (38550) (dart:flutter_to)
Android Tests (4)	UNKNOWN STEP	2026-02-25T20:33:47.7669687Z Terminate orphan process: pid (38582) (dart:frontend_s)
Web Tests (1)	UNKNOWN STEP	﻿2026-02-25T19:48:13.7394631Z Current runner version: '2.331.0'
Web Tests (1)	UNKNOWN STEP	2026-02-25T19:48:13.7420998Z ##[group]Runner Image Provisioner
Web Tests (1)	UNKNOWN STEP	2026-02-25T19:48:13.7421746Z Hosted Compute Agent
Web Tests (1)	UNKNOWN STEP	2026-02-25T19:48:13.7422429Z Version: 20260213.493
Web Tests (1)	UNKNOWN STEP	2026-02-25T19:48:13.7423000Z Commit: 5c115507f6dd24b8de37d8bbe0bb4509d0cc0fa3
Web Tests (1)	UNKNOWN STEP	2026-02-25T19:48:13.7423691Z Build Date: 2026-02-13T00:28:41Z
Web Tests (1)	UNKNOWN STEP	2026-02-25T19:48:13.7424400Z Worker ID: {0a5674e8-d0a9-4269-b3a2-987ba9a741c8}
Web Tests (1)	UNKNOWN STEP	2026-02-25T19:48:13.7425147Z Azure Region: northcentralus
Web Tests (1)	UNKNOWN STEP	2026-02-25T19:48:13.7425722Z ##[endgroup]
Web Tests (1)	UNKNOWN STEP	2026-02-25T19:48:13.7427537Z ##[group]Operating System
Web Tests (1)	UNKNOWN STEP	2026-02-25T19:48:13.7428334Z Ubuntu
Web Tests (1)	UNKNOWN STEP	2026-02-25T19:48:13.7428783Z 24.04.3
Web Tests (1)	UNKNOWN STEP	2026-02-25T19:48:13.7429376Z LTS
Web Tests (1)	UNKNOWN STEP	2026-02-25T19:48:13.7429849Z ##[endgroup]
Web Tests (1)	UNKNOWN STEP	2026-02-25T19:48:13.7430364Z ##[group]Runner Image
Web Tests (1)	UNKNOWN STEP	2026-02-25T19:48:13.7430941Z Image: ubuntu-24.04
Web Tests (1)	UNKNOWN STEP	2026-02-25T19:48:13.7431487Z Version: 20260224.36.1
Web Tests (1)	UNKNOWN STEP	2026-02-25T19:48:13.7432622Z Included Software: https://github.com/actions/runner-images/blob/ubuntu24/20260224.36/images/ubuntu/Ubuntu2404-Readme.md
Web Tests (1)	UNKNOWN STEP	2026-02-25T19:48:13.7434184Z Image Release: https://github.com/actions/runner-images/releases/tag/ubuntu24%2F20260224.36
Web Tests (1)	UNKNOWN STEP	2026-02-25T19:48:13.7435106Z ##[endgroup]
Web Tests (1)	UNKNOWN STEP	2026-02-25T19:48:13.7436311Z ##[group]GITHUB_TOKEN Permissions
Web Tests (1)	UNKNOWN STEP	2026-02-25T19:48:13.7438522Z Contents: read
Web Tests (1)	UNKNOWN STEP	2026-02-25T19:48:13.7439254Z Metadata: read
Web Tests (1)	UNKNOWN STEP	2026-02-25T19:48:13.7439793Z Packages: read
Web Tests (1)	UNKNOWN STEP	2026-02-25T19:48:13.7440313Z ##[endgroup]
Web Tests (1)	UNKNOWN STEP	2026-02-25T19:48:13.7442282Z Secret source: Actions
Web Tests (1)	UNKNOWN STEP	2026-02-25T19:48:13.7443113Z Prepare workflow directory
Web Tests (1)	UNKNOWN STEP	2026-02-25T19:48:13.7939074Z Prepare all required actions
Web Tests (1)	UNKNOWN STEP	2026-02-25T19:48:13.7993819Z Getting action download info
Web Tests (1)	UNKNOWN STEP	2026-02-25T19:48:14.0972247Z Download action repository 'actions/checkout@v4' (SHA:34e114876b0b11c390a56381ad16ebd13914f8d5)
Web Tests (1)	UNKNOWN STEP	2026-02-25T19:48:14.2409923Z Download action repository 'subosito/flutter-action@v2' (SHA:fd55f4c5af5b953cc57a2be44cb082c8f6635e8e)
Web Tests (1)	UNKNOWN STEP	2026-02-25T19:48:14.6627588Z Getting action download info
Web Tests (1)	UNKNOWN STEP	2026-02-25T19:48:14.7957714Z Download action repository 'actions/cache@v4' (SHA:0057852bfaa89a56745cba8c7296529d2fc39830)
Web Tests (1)	UNKNOWN STEP	2026-02-25T19:48:14.9382587Z Complete job name: Web Tests (1)
Web Tests (1)	UNKNOWN STEP	2026-02-25T19:48:15.0117669Z ##[group]Run actions/checkout@v4
Web Tests (1)	UNKNOWN STEP	2026-02-25T19:48:15.0118899Z with:
Web Tests (1)	UNKNOWN STEP	2026-02-25T19:48:15.0119314Z   repository: floffel/substitution
Web Tests (1)	UNKNOWN STEP	2026-02-25T19:48:15.0120000Z   token: ***
Web Tests (1)	UNKNOWN STEP	2026-02-25T19:48:15.0120374Z   ssh-strict: true
Web Tests (1)	UNKNOWN STEP	2026-02-25T19:48:15.0120768Z   ssh-user: git
Web Tests (1)	UNKNOWN STEP	2026-02-25T19:48:15.0121164Z   persist-credentials: true
Web Tests (1)	UNKNOWN STEP	2026-02-25T19:48:15.0121623Z   clean: true
Web Tests (1)	UNKNOWN STEP	2026-02-25T19:48:15.0122026Z   sparse-checkout-cone-mode: true
Web Tests (1)	UNKNOWN STEP	2026-02-25T19:48:15.0122505Z   fetch-depth: 1
Web Tests (1)	UNKNOWN STEP	2026-02-25T19:48:15.0122891Z   fetch-tags: false
Web Tests (1)	UNKNOWN STEP	2026-02-25T19:48:15.0123281Z   show-progress: true
Web Tests (1)	UNKNOWN STEP	2026-02-25T19:48:15.0123684Z   lfs: false
Web Tests (1)	UNKNOWN STEP	2026-02-25T19:48:15.0124043Z   submodules: false
Web Tests (1)	UNKNOWN STEP	2026-02-25T19:48:15.0124457Z   set-safe-directory: true
Web Tests (1)	UNKNOWN STEP	2026-02-25T19:48:15.0125110Z env:
Web Tests (1)	UNKNOWN STEP	2026-02-25T19:48:15.0125489Z   CACHE_VERSION: v1
Web Tests (1)	UNKNOWN STEP	2026-02-25T19:48:15.0125874Z ##[endgroup]
Web Tests (1)	UNKNOWN STEP	2026-02-25T19:48:15.1219558Z Syncing repository: floffel/substitution
Web Tests (1)	UNKNOWN STEP	2026-02-25T19:48:15.1221541Z ##[group]Getting Git version info
Web Tests (1)	UNKNOWN STEP	2026-02-25T19:48:15.1222382Z Working directory is '/home/runner/work/substitution/substitution'
Web Tests (1)	UNKNOWN STEP	2026-02-25T19:48:15.1223398Z [command]/usr/bin/git version
Web Tests (1)	UNKNOWN STEP	2026-02-25T19:48:15.1287749Z git version 2.53.0
Web Tests (1)	UNKNOWN STEP	2026-02-25T19:48:15.1314064Z ##[endgroup]
Web Tests (1)	UNKNOWN STEP	2026-02-25T19:48:15.1328107Z Temporarily overriding HOME='/home/runner/work/_temp/6db39a53-6681-4f48-b3cc-a6aa802128a5' before making global git config changes
Web Tests (1)	UNKNOWN STEP	2026-02-25T19:48:15.1330401Z Adding repository directory to the temporary git global config as a safe directory
Web Tests (1)	UNKNOWN STEP	2026-02-25T19:48:15.1333082Z [command]/usr/bin/git config --global --add safe.directory /home/runner/work/substitution/substitution
Web Tests (1)	UNKNOWN STEP	2026-02-25T19:48:15.1426458Z Deleting the contents of '/home/runner/work/substitution/substitution'
Web Tests (1)	UNKNOWN STEP	2026-02-25T19:48:15.1430538Z ##[group]Initializing the repository
Web Tests (1)	UNKNOWN STEP	2026-02-25T19:48:15.1434333Z [command]/usr/bin/git init /home/runner/work/substitution/substitution
Web Tests (1)	UNKNOWN STEP	2026-02-25T19:48:15.1522242Z hint: Using 'master' as the name for the initial branch. This default branch name
Web Tests (1)	UNKNOWN STEP	2026-02-25T19:48:15.1523658Z hint: will change to "main" in Git 3.0. To configure the initial branch name
Web Tests (1)	UNKNOWN STEP	2026-02-25T19:48:15.1524631Z hint: to use in all of your new repositories, which will suppress this warning,
Web Tests (1)	UNKNOWN STEP	2026-02-25T19:48:15.1525633Z hint: call:
Web Tests (1)	UNKNOWN STEP	2026-02-25T19:48:15.1526245Z hint:
Web Tests (1)	UNKNOWN STEP	2026-02-25T19:48:15.1527083Z hint: 	git config --global init.defaultBranch <name>
Web Tests (1)	UNKNOWN STEP	2026-02-25T19:48:15.1528197Z hint:
Web Tests (1)	UNKNOWN STEP	2026-02-25T19:48:15.1529084Z hint: Names commonly chosen instead of 'master' are 'main', 'trunk' and
Web Tests (1)	UNKNOWN STEP	2026-02-25T19:48:15.1530459Z hint: 'development'. The just-created branch can be renamed via this command:
Web Tests (1)	UNKNOWN STEP	2026-02-25T19:48:15.1531296Z hint:
Web Tests (1)	UNKNOWN STEP	2026-02-25T19:48:15.1531917Z hint: 	git branch -m <name>
Web Tests (1)	UNKNOWN STEP	2026-02-25T19:48:15.1532450Z hint:
Web Tests (1)	UNKNOWN STEP	2026-02-25T19:48:15.1533066Z hint: Disable this message with "git config set advice.defaultBranchName false"
Web Tests (1)	UNKNOWN STEP	2026-02-25T19:48:15.1534161Z Initialized empty Git repository in /home/runner/work/substitution/substitution/.git/
Web Tests (1)	UNKNOWN STEP	2026-02-25T19:48:15.1538087Z [command]/usr/bin/git remote add origin https://github.com/floffel/substitution
Web Tests (1)	UNKNOWN STEP	2026-02-25T19:48:15.1571637Z ##[endgroup]
Web Tests (1)	UNKNOWN STEP	2026-02-25T19:48:15.1572340Z ##[group]Disabling automatic garbage collection
Web Tests (1)	UNKNOWN STEP	2026-02-25T19:48:15.1576063Z [command]/usr/bin/git config --local gc.auto 0
Web Tests (1)	UNKNOWN STEP	2026-02-25T19:48:15.1606566Z ##[endgroup]
Web Tests (1)	UNKNOWN STEP	2026-02-25T19:48:15.1607994Z ##[group]Setting up auth
Web Tests (1)	UNKNOWN STEP	2026-02-25T19:48:15.1614542Z [command]/usr/bin/git config --local --name-only --get-regexp core\.sshCommand
Web Tests (1)	UNKNOWN STEP	2026-02-25T19:48:15.1647542Z [command]/usr/bin/git submodule foreach --recursive sh -c "git config --local --name-only --get-regexp 'core\.sshCommand' && git config --local --unset-all 'core.sshCommand' || :"
Web Tests (1)	UNKNOWN STEP	2026-02-25T19:48:15.1989333Z [command]/usr/bin/git config --local --name-only --get-regexp http\.https\:\/\/github\.com\/\.extraheader
Web Tests (1)	UNKNOWN STEP	2026-02-25T19:48:15.2020760Z [command]/usr/bin/git submodule foreach --recursive sh -c "git config --local --name-only --get-regexp 'http\.https\:\/\/github\.com\/\.extraheader' && git config --local --unset-all 'http.https://github.com/.extraheader' || :"
Web Tests (1)	UNKNOWN STEP	2026-02-25T19:48:15.2251814Z [command]/usr/bin/git config --local --name-only --get-regexp ^includeIf\.gitdir:
Web Tests (1)	UNKNOWN STEP	2026-02-25T19:48:15.2291847Z [command]/usr/bin/git submodule foreach --recursive git config --local --show-origin --name-only --get-regexp remote.origin.url
Web Tests (1)	UNKNOWN STEP	2026-02-25T19:48:15.2524537Z [command]/usr/bin/git config --local http.https://github.com/.extraheader AUTHORIZATION: basic ***
Web Tests (1)	UNKNOWN STEP	2026-02-25T19:48:15.2559500Z ##[endgroup]
Web Tests (1)	UNKNOWN STEP	2026-02-25T19:48:15.2560382Z ##[group]Fetching the repository
Web Tests (1)	UNKNOWN STEP	2026-02-25T19:48:15.2567397Z [command]/usr/bin/git -c protocol.version=2 fetch --no-tags --prune --no-recurse-submodules --depth=1 origin +0408461b08eee1bbe2c516702bd1813b916d3e4c:refs/remotes/pull/1/merge
Web Tests (1)	UNKNOWN STEP	2026-02-25T19:48:16.3533149Z From https://github.com/floffel/substitution
Web Tests (1)	UNKNOWN STEP	2026-02-25T19:48:16.3535464Z  * [new ref]         0408461b08eee1bbe2c516702bd1813b916d3e4c -> pull/1/merge
Web Tests (1)	UNKNOWN STEP	2026-02-25T19:48:16.3569541Z ##[endgroup]
Web Tests (1)	UNKNOWN STEP	2026-02-25T19:48:16.3571432Z ##[group]Determining the checkout info
Web Tests (1)	UNKNOWN STEP	2026-02-25T19:48:16.3573518Z ##[endgroup]
Web Tests (1)	UNKNOWN STEP	2026-02-25T19:48:16.3577204Z [command]/usr/bin/git sparse-checkout disable
Web Tests (1)	UNKNOWN STEP	2026-02-25T19:48:16.3622959Z [command]/usr/bin/git config --local --unset-all extensions.worktreeConfig
Web Tests (1)	UNKNOWN STEP	2026-02-25T19:48:16.3651176Z ##[group]Checking out the ref
Web Tests (1)	UNKNOWN STEP	2026-02-25T19:48:16.3655109Z [command]/usr/bin/git checkout --progress --force refs/remotes/pull/1/merge
Web Tests (1)	UNKNOWN STEP	2026-02-25T19:48:16.6529938Z Note: switching to 'refs/remotes/pull/1/merge'.
Web Tests (1)	UNKNOWN STEP	2026-02-25T19:48:16.6532735Z 
Web Tests (1)	UNKNOWN STEP	2026-02-25T19:48:16.6533192Z You are in 'detached HEAD' state. You can look around, make experimental
Web Tests (1)	UNKNOWN STEP	2026-02-25T19:48:16.6534164Z changes and commit them, and you can discard any commits you make in this
Web Tests (1)	UNKNOWN STEP	2026-02-25T19:48:16.6535093Z state without impacting any branches by switching back to a branch.
Web Tests (1)	UNKNOWN STEP	2026-02-25T19:48:16.6535647Z 
Web Tests (1)	UNKNOWN STEP	2026-02-25T19:48:16.6536046Z If you want to create a new branch to retain commits you create, you may
Web Tests (1)	UNKNOWN STEP	2026-02-25T19:48:16.6537412Z do so (now or later) by using -c with the switch command. Example:
Web Tests (1)	UNKNOWN STEP	2026-02-25T19:48:16.6538174Z 
Web Tests (1)	UNKNOWN STEP	2026-02-25T19:48:16.6538395Z   git switch -c <new-branch-name>
Web Tests (1)	UNKNOWN STEP	2026-02-25T19:48:16.6538739Z 
Web Tests (1)	UNKNOWN STEP	2026-02-25T19:48:16.6538933Z Or undo this operation with:
Web Tests (1)	UNKNOWN STEP	2026-02-25T19:48:16.6539254Z 
Web Tests (1)	UNKNOWN STEP	2026-02-25T19:48:16.6539419Z   git switch -
Web Tests (1)	UNKNOWN STEP	2026-02-25T19:48:16.6539694Z 
Web Tests (1)	UNKNOWN STEP	2026-02-25T19:48:16.6546212Z Turn off this advice by setting config variable advice.detachedHead to false
Web Tests (1)	UNKNOWN STEP	2026-02-25T19:48:16.6546921Z 
Web Tests (1)	UNKNOWN STEP	2026-02-25T19:48:16.6547467Z HEAD is now at 0408461 Merge 86c2f4a4443179a61e99b4f5d2c467a0f9c43a72 into 74cc852017b0f1fdeb37326726f5fee7effe2248
Web Tests (1)	UNKNOWN STEP	2026-02-25T19:48:16.6549186Z ##[endgroup]
Web Tests (1)	UNKNOWN STEP	2026-02-25T19:48:16.6590521Z [command]/usr/bin/git log -1 --format=%H
Web Tests (1)	UNKNOWN STEP	2026-02-25T19:48:16.6613418Z 0408461b08eee1bbe2c516702bd1813b916d3e4c
Web Tests (1)	UNKNOWN STEP	2026-02-25T19:48:16.7022696Z ##[group]Run subosito/flutter-action@v2
Web Tests (1)	UNKNOWN STEP	2026-02-25T19:48:16.7023051Z with:
Web Tests (1)	UNKNOWN STEP	2026-02-25T19:48:16.7023289Z   channel: stable
Web Tests (1)	UNKNOWN STEP	2026-02-25T19:48:16.7023528Z   cache: true
Web Tests (1)	UNKNOWN STEP	2026-02-25T19:48:16.7023766Z   architecture: X64
Web Tests (1)	UNKNOWN STEP	2026-02-25T19:48:16.7024021Z   pub-cache-path: default
Web Tests (1)	UNKNOWN STEP	2026-02-25T19:48:16.7024273Z   dry-run: false
Web Tests (1)	UNKNOWN STEP	2026-02-25T19:48:16.7024597Z   git-source: https://github.com/flutter/flutter.git
Web Tests (1)	UNKNOWN STEP	2026-02-25T19:48:16.7024941Z env:
Web Tests (1)	UNKNOWN STEP	2026-02-25T19:48:16.7025147Z   CACHE_VERSION: v1
Web Tests (1)	UNKNOWN STEP	2026-02-25T19:48:16.7025383Z ##[endgroup]
Web Tests (1)	UNKNOWN STEP	2026-02-25T19:48:16.7133733Z ##[group]Run chmod +x "$GITHUB_ACTION_PATH/setup.sh"
Web Tests (1)	UNKNOWN STEP	2026-02-25T19:48:16.7134209Z [36;1mchmod +x "$GITHUB_ACTION_PATH/setup.sh"[0m
Web Tests (1)	UNKNOWN STEP	2026-02-25T19:48:16.7189975Z shell: /usr/bin/bash --noprofile --norc -e -o pipefail {0}
Web Tests (1)	UNKNOWN STEP	2026-02-25T19:48:16.7190371Z env:
Web Tests (1)	UNKNOWN STEP	2026-02-25T19:48:16.7190595Z   CACHE_VERSION: v1
Web Tests (1)	UNKNOWN STEP	2026-02-25T19:48:16.7190831Z ##[endgroup]
Web Tests (1)	UNKNOWN STEP	2026-02-25T19:48:16.7350528Z ##[group]Run $GITHUB_ACTION_PATH/setup.sh -p \
Web Tests (1)	UNKNOWN STEP	2026-02-25T19:48:16.7350989Z [36;1m$GITHUB_ACTION_PATH/setup.sh -p \[0m
Web Tests (1)	UNKNOWN STEP	2026-02-25T19:48:16.7351313Z [36;1m  -n '' \[0m
Web Tests (1)	UNKNOWN STEP	2026-02-25T19:48:16.7351546Z [36;1m  -f '' \[0m
Web Tests (1)	UNKNOWN STEP	2026-02-25T19:48:16.7351767Z [36;1m  -a 'X64' \[0m
Web Tests (1)	UNKNOWN STEP	2026-02-25T19:48:16.7352006Z [36;1m  -k '' \[0m
Web Tests (1)	UNKNOWN STEP	2026-02-25T19:48:16.7352218Z [36;1m  -c '' \[0m
Web Tests (1)	UNKNOWN STEP	2026-02-25T19:48:16.7352437Z [36;1m  -l '' \[0m
Web Tests (1)	UNKNOWN STEP	2026-02-25T19:48:16.7352662Z [36;1m  -d 'default' \[0m
Web Tests (1)	UNKNOWN STEP	2026-02-25T19:48:16.7352994Z [36;1m  -g 'https://github.com/flutter/flutter.git' \[0m
Web Tests (1)	UNKNOWN STEP	2026-02-25T19:48:16.7353345Z [36;1m  stable[0m
Web Tests (1)	UNKNOWN STEP	2026-02-25T19:48:16.7399109Z shell: /usr/bin/bash --noprofile --norc -e -o pipefail {0}
Web Tests (1)	UNKNOWN STEP	2026-02-25T19:48:16.7399484Z env:
Web Tests (1)	UNKNOWN STEP	2026-02-25T19:48:16.7399694Z   CACHE_VERSION: v1
Web Tests (1)	UNKNOWN STEP	2026-02-25T19:48:16.7399921Z ##[endgroup]
Web Tests (1)	UNKNOWN STEP	2026-02-25T19:48:16.9151892Z ##[group]Run actions/cache@v4
Web Tests (1)	UNKNOWN STEP	2026-02-25T19:48:16.9152137Z with:
Web Tests (1)	UNKNOWN STEP	2026-02-25T19:48:16.9152381Z   path: /opt/hostedtoolcache/flutter/stable-3.41.2-x64
Web Tests (1)	UNKNOWN STEP	2026-02-25T19:48:16.9152860Z   key: flutter-linux-stable-3.41.2-x64-90673a4eef275d1a6692c26ac80d6d746d41a73a
Web Tests (1)	UNKNOWN STEP	2026-02-25T19:48:16.9153285Z   enableCrossOsArchive: false
Web Tests (1)	UNKNOWN STEP	2026-02-25T19:48:16.9153528Z   fail-on-cache-miss: false
Web Tests (1)	UNKNOWN STEP	2026-02-25T19:48:16.9153745Z   lookup-only: false
Web Tests (1)	UNKNOWN STEP	2026-02-25T19:48:16.9153970Z   save-always: false
Web Tests (1)	UNKNOWN STEP	2026-02-25T19:48:16.9154148Z env:
Web Tests (1)	UNKNOWN STEP	2026-02-25T19:48:16.9154315Z   CACHE_VERSION: v1
Web Tests (1)	UNKNOWN STEP	2026-02-25T19:48:16.9154499Z ##[endgroup]
Web Tests (1)	UNKNOWN STEP	2026-02-25T19:48:17.1694615Z Cache hit for: flutter-linux-stable-3.41.2-x64-90673a4eef275d1a6692c26ac80d6d746d41a73a
Web Tests (1)	UNKNOWN STEP	2026-02-25T19:48:18.2985275Z Received 130023424 of 1665993529 (7.8%), 124.0 MBs/sec
Web Tests (1)	UNKNOWN STEP	2026-02-25T19:48:19.3017759Z Received 289406976 of 1665993529 (17.4%), 137.8 MBs/sec
Web Tests (1)	UNKNOWN STEP	2026-02-25T19:48:20.3049773Z Received 478150656 of 1665993529 (28.7%), 151.8 MBs/sec
Web Tests (1)	UNKNOWN STEP	2026-02-25T19:48:21.3025683Z Received 662700032 of 1665993529 (39.8%), 157.8 MBs/sec
Web Tests (1)	UNKNOWN STEP	2026-02-25T19:48:22.3153478Z Received 813694976 of 1665993529 (48.8%), 154.7 MBs/sec
Web Tests (1)	UNKNOWN STEP	2026-02-25T19:48:23.3212155Z Received 1031798784 of 1665993529 (61.9%), 163.4 MBs/sec
Web Tests (1)	UNKNOWN STEP	2026-02-25T19:48:24.3222443Z Received 1207959552 of 1665993529 (72.5%), 164.0 MBs/sec
Web Tests (1)	UNKNOWN STEP	2026-02-25T19:48:25.3277503Z Received 1405091840 of 1665993529 (84.3%), 166.9 MBs/sec
Web Tests (1)	UNKNOWN STEP	2026-02-25T19:48:26.3283542Z Received 1598029824 of 1665993529 (95.9%), 168.8 MBs/sec
Web Tests (1)	UNKNOWN STEP	2026-02-25T19:48:26.8423413Z Received 1665993529 of 1665993529 (100.0%), 166.5 MBs/sec
Web Tests (1)	UNKNOWN STEP	2026-02-25T19:48:26.8426584Z Cache Size: ~1589 MB (1665993529 B)
Web Tests (1)	UNKNOWN STEP	2026-02-25T19:48:26.8531567Z [command]/usr/bin/tar -xf /home/runner/work/_temp/0bc293d6-bec1-4de8-8372-af4efb8aff1a/cache.tzst -P -C /home/runner/work/substitution/substitution --use-compress-program unzstd
Web Tests (1)	UNKNOWN STEP	2026-02-25T19:48:31.6373079Z Cache restored successfully
Web Tests (1)	UNKNOWN STEP	2026-02-25T19:48:31.9547728Z Cache restored from key: flutter-linux-stable-3.41.2-x64-90673a4eef275d1a6692c26ac80d6d746d41a73a
Web Tests (1)	UNKNOWN STEP	2026-02-25T19:48:32.0771200Z ##[group]Run actions/cache@v4
Web Tests (1)	UNKNOWN STEP	2026-02-25T19:48:32.0771485Z with:
Web Tests (1)	UNKNOWN STEP	2026-02-25T19:48:32.0771719Z   path: /home/runner/.pub-cache
Web Tests (1)	UNKNOWN STEP	2026-02-25T19:48:32.0772969Z   key: flutter-pub-linux-stable-3.41.2-x64-90673a4eef275d1a6692c26ac80d6d746d41a73a-fabacfc13d2b7e18a7fb2822593662b03764f624bf41fd351cdabec60fb27783
Web Tests (1)	UNKNOWN STEP	2026-02-25T19:48:32.0774009Z   enableCrossOsArchive: false
Web Tests (1)	UNKNOWN STEP	2026-02-25T19:48:32.0774304Z   fail-on-cache-miss: false
Web Tests (1)	UNKNOWN STEP	2026-02-25T19:48:32.0774599Z   lookup-only: false
Web Tests (1)	UNKNOWN STEP	2026-02-25T19:48:32.0774846Z   save-always: false
Web Tests (1)	UNKNOWN STEP	2026-02-25T19:48:32.0775074Z env:
Web Tests (1)	UNKNOWN STEP	2026-02-25T19:48:32.0775281Z   CACHE_VERSION: v1
Web Tests (1)	UNKNOWN STEP	2026-02-25T19:48:32.0775510Z ##[endgroup]
Web Tests (1)	UNKNOWN STEP	2026-02-25T19:48:32.3315955Z Cache hit for: flutter-pub-linux-stable-3.41.2-x64-90673a4eef275d1a6692c26ac80d6d746d41a73a-fabacfc13d2b7e18a7fb2822593662b03764f624bf41fd351cdabec60fb27783
Web Tests (1)	UNKNOWN STEP	2026-02-25T19:48:33.3921752Z Received 133563121 of 133563121 (100.0%), 139.7 MBs/sec
Web Tests (1)	UNKNOWN STEP	2026-02-25T19:48:33.3922861Z Cache Size: ~127 MB (133563121 B)
Web Tests (1)	UNKNOWN STEP	2026-02-25T19:48:33.3951364Z [command]/usr/bin/tar -xf /home/runner/work/_temp/3d0b805f-2843-41a7-9d88-7d44a180870c/cache.tzst -P -C /home/runner/work/substitution/substitution --use-compress-program unzstd
Web Tests (1)	UNKNOWN STEP	2026-02-25T19:48:34.9584149Z Cache restored successfully
Web Tests (1)	UNKNOWN STEP	2026-02-25T19:48:34.9930653Z Cache restored from key: flutter-pub-linux-stable-3.41.2-x64-90673a4eef275d1a6692c26ac80d6d746d41a73a-fabacfc13d2b7e18a7fb2822593662b03764f624bf41fd351cdabec60fb27783
Web Tests (1)	UNKNOWN STEP	2026-02-25T19:48:35.0047407Z ##[group]Run $GITHUB_ACTION_PATH/setup.sh \
Web Tests (1)	UNKNOWN STEP	2026-02-25T19:48:35.0047731Z [36;1m$GITHUB_ACTION_PATH/setup.sh \[0m
Web Tests (1)	UNKNOWN STEP	2026-02-25T19:48:35.0048343Z [36;1m  -n '3.41.2' \[0m
Web Tests (1)	UNKNOWN STEP	2026-02-25T19:48:35.0048687Z [36;1m  -a 'x64' \[0m
Web Tests (1)	UNKNOWN STEP	2026-02-25T19:48:35.0049147Z [36;1m  -c '/opt/hostedtoolcache/flutter/stable-3.41.2-x64' \[0m
Web Tests (1)	UNKNOWN STEP	2026-02-25T19:48:35.0049590Z [36;1m  -d '/home/runner/.pub-cache' \[0m
Web Tests (1)	UNKNOWN STEP	2026-02-25T19:48:35.0049859Z [36;1m  stable[0m
Web Tests (1)	UNKNOWN STEP	2026-02-25T19:48:35.0097653Z shell: /usr/bin/bash --noprofile --norc -e -o pipefail {0}
Web Tests (1)	UNKNOWN STEP	2026-02-25T19:48:35.0098268Z env:
Web Tests (1)	UNKNOWN STEP	2026-02-25T19:48:35.0098457Z   CACHE_VERSION: v1
Web Tests (1)	UNKNOWN STEP	2026-02-25T19:48:35.0098679Z ##[endgroup]
Web Tests (1)	UNKNOWN STEP	2026-02-25T19:48:35.1603828Z ##[group]Run flutter pub get
Web Tests (1)	UNKNOWN STEP	2026-02-25T19:48:35.1604127Z [36;1mflutter pub get[0m
Web Tests (1)	UNKNOWN STEP	2026-02-25T19:48:35.1654643Z shell: /usr/bin/bash -e {0}
Web Tests (1)	UNKNOWN STEP	2026-02-25T19:48:35.1654927Z env:
Web Tests (1)	UNKNOWN STEP	2026-02-25T19:48:35.1655132Z   CACHE_VERSION: v1
Web Tests (1)	UNKNOWN STEP	2026-02-25T19:48:35.1655480Z   FLUTTER_ROOT: /opt/hostedtoolcache/flutter/stable-3.41.2-x64
Web Tests (1)	UNKNOWN STEP	2026-02-25T19:48:35.1655920Z   PUB_CACHE: /home/runner/.pub-cache
Web Tests (1)	UNKNOWN STEP	2026-02-25T19:48:35.1656220Z ##[endgroup]
Web Tests (1)	UNKNOWN STEP	2026-02-25T19:48:35.6031420Z Resolving dependencies...
Web Tests (1)	UNKNOWN STEP	2026-02-25T19:48:35.9886707Z Downloading packages...
Web Tests (1)	UNKNOWN STEP	2026-02-25T19:48:36.0694720Z   _fe_analyzer_shared 91.0.0 (96.0.0 available)
Web Tests (1)	UNKNOWN STEP	2026-02-25T19:48:36.0695451Z   analyzer 8.4.1 (10.2.0 available)
Web Tests (1)	UNKNOWN STEP	2026-02-25T19:48:36.0696041Z > characters 1.4.1 (was 1.4.0)
Web Tests (1)	UNKNOWN STEP	2026-02-25T19:48:36.0696582Z > matcher 0.12.18 (was 0.12.17)
Web Tests (1)	UNKNOWN STEP	2026-02-25T19:48:36.0697182Z > material_color_utilities 0.13.0 (was 0.11.1)
Web Tests (1)	UNKNOWN STEP	2026-02-25T19:48:36.0698195Z   meta 1.17.0 (1.18.1 available)
Web Tests (1)	UNKNOWN STEP	2026-02-25T19:48:36.0698902Z   sqflite_common_ffi 2.3.7+1 (2.4.0+2 available)
Web Tests (1)	UNKNOWN STEP	2026-02-25T19:48:36.0699555Z   sqlite3 2.9.4 (3.1.6 available)
Web Tests (1)	UNKNOWN STEP	2026-02-25T19:48:36.0700118Z > test_api 0.7.9 (was 0.7.7)
Web Tests (1)	UNKNOWN STEP	2026-02-25T19:48:36.0700584Z > test_core 0.6.15 (was 0.6.12)
Web Tests (1)	UNKNOWN STEP	2026-02-25T19:48:36.0700975Z   unorm_dart 0.2.0 (0.3.2 available)
Web Tests (1)	UNKNOWN STEP	2026-02-25T19:48:36.0701401Z   win32 5.15.0 (6.0.0 available)
Web Tests (1)	UNKNOWN STEP	2026-02-25T19:48:36.0702189Z Changed 5 dependencies!
Web Tests (1)	UNKNOWN STEP	2026-02-25T19:48:36.0707702Z 7 packages have newer versions incompatible with dependency constraints.
Web Tests (1)	UNKNOWN STEP	2026-02-25T19:48:36.0709510Z Try `flutter pub outdated` for more information.
Web Tests (1)	UNKNOWN STEP	2026-02-25T19:48:36.7132567Z ##[group]Run flutter config --enable-web
Web Tests (1)	UNKNOWN STEP	2026-02-25T19:48:36.7132946Z [36;1mflutter config --enable-web[0m
Web Tests (1)	UNKNOWN STEP	2026-02-25T19:48:36.7182390Z shell: /usr/bin/bash -e {0}
Web Tests (1)	UNKNOWN STEP	2026-02-25T19:48:36.7182646Z env:
Web Tests (1)	UNKNOWN STEP	2026-02-25T19:48:36.7182830Z   CACHE_VERSION: v1
Web Tests (1)	UNKNOWN STEP	2026-02-25T19:48:36.7183130Z   FLUTTER_ROOT: /opt/hostedtoolcache/flutter/stable-3.41.2-x64
Web Tests (1)	UNKNOWN STEP	2026-02-25T19:48:36.7183499Z   PUB_CACHE: /home/runner/.pub-cache
Web Tests (1)	UNKNOWN STEP	2026-02-25T19:48:36.7183755Z ##[endgroup]
Web Tests (1)	UNKNOWN STEP	2026-02-25T19:48:36.8369128Z Setting "enable-web" value to "true".
Web Tests (1)	UNKNOWN STEP	2026-02-25T19:48:36.8369907Z 
Web Tests (1)	UNKNOWN STEP	2026-02-25T19:48:36.8370256Z You may need to restart any open editors for them to read new settings.
Web Tests (1)	UNKNOWN STEP	2026-02-25T19:48:36.8439988Z ##[group]Run docker compose up -d postgres matrix-synapse redis
Web Tests (1)	UNKNOWN STEP	2026-02-25T19:48:36.8440494Z [36;1mdocker compose up -d postgres matrix-synapse redis[0m
Web Tests (1)	UNKNOWN STEP	2026-02-25T19:48:36.8440838Z [36;1msleep 10[0m
Web Tests (1)	UNKNOWN STEP	2026-02-25T19:48:36.8441083Z [36;1mdocker compose run --rm matrix-init[0m
Web Tests (1)	UNKNOWN STEP	2026-02-25T19:48:36.8441667Z [36;1mtimeout 60 bash -c 'until curl -sf http://localhost:8008/_matrix/client/versions > /dev/null 2>&1; do sleep 2; done'[0m
Web Tests (1)	UNKNOWN STEP	2026-02-25T19:48:36.8490933Z shell: /usr/bin/bash -e {0}
Web Tests (1)	UNKNOWN STEP	2026-02-25T19:48:36.8491185Z env:
Web Tests (1)	UNKNOWN STEP	2026-02-25T19:48:36.8491370Z   CACHE_VERSION: v1
Web Tests (1)	UNKNOWN STEP	2026-02-25T19:48:36.8491675Z   FLUTTER_ROOT: /opt/hostedtoolcache/flutter/stable-3.41.2-x64
Web Tests (1)	UNKNOWN STEP	2026-02-25T19:48:36.8492043Z   PUB_CACHE: /home/runner/.pub-cache
Web Tests (1)	UNKNOWN STEP	2026-02-25T19:48:36.8492312Z ##[endgroup]
Web Tests (1)	UNKNOWN STEP	2026-02-25T19:48:37.1627026Z time="2026-02-25T19:48:37Z" level=warning msg="/home/runner/work/substitution/substitution/docker-compose.yml: the attribute `version` is obsolete, it will be ignored, please remove it to avoid potential confusion"
Web Tests (1)	UNKNOWN STEP	2026-02-25T19:48:37.2156224Z  postgres Pulling 
Web Tests (1)	UNKNOWN STEP	2026-02-25T19:48:37.2156829Z  matrix-synapse Pulling 
Web Tests (1)	UNKNOWN STEP	2026-02-25T19:48:37.2157135Z  dex Pulling 
Web Tests (1)	UNKNOWN STEP	2026-02-25T19:48:37.2168613Z  redis Pulling 
Web Tests (1)	UNKNOWN STEP	2026-02-25T19:48:37.6814048Z  d25f557d7f31 Pulling fs layer 
Web Tests (1)	UNKNOWN STEP	2026-02-25T19:48:37.6814589Z  9acd5b82521c Pulling fs layer 
Web Tests (1)	UNKNOWN STEP	2026-02-25T19:48:37.6815046Z  10d78728ec4d Pulling fs layer 
Web Tests (1)	UNKNOWN STEP	2026-02-25T19:48:37.6815478Z  e0d49f520b92 Pulling fs layer 
Web Tests (1)	UNKNOWN STEP	2026-02-25T19:48:37.6815950Z  5de905603ac5 Pulling fs layer 
Web Tests (1)	UNKNOWN STEP	2026-02-25T19:48:37.6816262Z  808bb02340fa Pulling fs layer 
Web Tests (1)	UNKNOWN STEP	2026-02-25T19:48:37.6816546Z  c0970b69197c Pulling fs layer 
Web Tests (1)	UNKNOWN STEP	2026-02-25T19:48:37.6816817Z  9de5f206730a Pulling fs layer 
Web Tests (1)	UNKNOWN STEP	2026-02-25T19:48:37.6817102Z  24e28b7dc0a2 Pulling fs layer 
Web Tests (1)	UNKNOWN STEP	2026-02-25T19:48:37.6817377Z  830180cf89a8 Pulling fs layer 
Web Tests (1)	UNKNOWN STEP	2026-02-25T19:48:37.6817639Z  e0d49f520b92 Waiting 
Web Tests (1)	UNKNOWN STEP	2026-02-25T19:48:37.6818020Z  5de905603ac5 Waiting 
Web Tests (1)	UNKNOWN STEP	2026-02-25T19:48:37.6818258Z  808bb02340fa Waiting 
Web Tests (1)	UNKNOWN STEP	2026-02-25T19:48:37.6818507Z  c0970b69197c Waiting 
Web Tests (1)	UNKNOWN STEP	2026-02-25T19:48:37.6818734Z  9de5f206730a Waiting 
Web Tests (1)	UNKNOWN STEP	2026-02-25T19:48:37.6818960Z  24e28b7dc0a2 Waiting 
Web Tests (1)	UNKNOWN STEP	2026-02-25T19:48:37.6819200Z  830180cf89a8 Waiting 
Web Tests (1)	UNKNOWN STEP	2026-02-25T19:48:37.7267546Z  589002ba0eae Pulling fs layer 
Web Tests (1)	UNKNOWN STEP	2026-02-25T19:48:37.7268499Z  5ffb427686b6 Pulling fs layer 
Web Tests (1)	UNKNOWN STEP	2026-02-25T19:48:37.7269005Z  630177b00352 Pulling fs layer 
Web Tests (1)	UNKNOWN STEP	2026-02-25T19:48:37.7269386Z  6c18ff1f33d0 Pulling fs layer 
Web Tests (1)	UNKNOWN STEP	2026-02-25T19:48:37.7269751Z  13e46e455d3b Pulling fs layer 
Web Tests (1)	UNKNOWN STEP	2026-02-25T19:48:37.7270119Z  b4403f29458a Pulling fs layer 
Web Tests (1)	UNKNOWN STEP	2026-02-25T19:48:37.7270485Z  40aaa75af6ce Pulling fs layer 
Web Tests (1)	UNKNOWN STEP	2026-02-25T19:48:37.7270868Z  162bdab1e0a7 Pulling fs layer 
Web Tests (1)	UNKNOWN STEP	2026-02-25T19:48:37.7271533Z  ebff7b0ec73e Pulling fs layer 
Web Tests (1)	UNKNOWN STEP	2026-02-25T19:48:37.7271963Z  c02179436571 Pulling fs layer 
Web Tests (1)	UNKNOWN STEP	2026-02-25T19:48:37.7272333Z  8243369e9866 Pulling fs layer 
Web Tests (1)	UNKNOWN STEP	2026-02-25T19:48:37.7272706Z  589002ba0eae Waiting 
Web Tests (1)	UNKNOWN STEP	2026-02-25T19:48:37.7273079Z  5ffb427686b6 Waiting 
Web Tests (1)	UNKNOWN STEP	2026-02-25T19:48:37.7273436Z  630177b00352 Waiting 
Web Tests (1)	UNKNOWN STEP	2026-02-25T19:48:37.7273790Z  6c18ff1f33d0 Waiting 
Web Tests (1)	UNKNOWN STEP	2026-02-25T19:48:37.7274078Z  40aaa75af6ce Waiting 
Web Tests (1)	UNKNOWN STEP	2026-02-25T19:48:37.7274426Z  13e46e455d3b Waiting 
Web Tests (1)	UNKNOWN STEP	2026-02-25T19:48:37.7274891Z  b4403f29458a Waiting 
Web Tests (1)	UNKNOWN STEP	2026-02-25T19:48:37.7275218Z  162bdab1e0a7 Waiting 
Web Tests (1)	UNKNOWN STEP	2026-02-25T19:48:37.7275459Z  ebff7b0ec73e Waiting 
Web Tests (1)	UNKNOWN STEP	2026-02-25T19:48:37.7275653Z  c02179436571 Waiting 
Web Tests (1)	UNKNOWN STEP	2026-02-25T19:48:37.7275843Z  8243369e9866 Waiting 
Web Tests (1)	UNKNOWN STEP	2026-02-25T19:48:37.7377379Z  bc1da058f299 Pulling fs layer 
Web Tests (1)	UNKNOWN STEP	2026-02-25T19:48:37.7378020Z  09a5a0c32a23 Pulling fs layer 
Web Tests (1)	UNKNOWN STEP	2026-02-25T19:48:37.7378488Z  bd53938b1271 Pulling fs layer 
Web Tests (1)	UNKNOWN STEP	2026-02-25T19:48:37.7378887Z  9fe3744a2eac Pulling fs layer 
Web Tests (1)	UNKNOWN STEP	2026-02-25T19:48:37.7379439Z  7ad54b3c4cef Pulling fs layer 
Web Tests (1)	UNKNOWN STEP	2026-02-25T19:48:37.7379673Z  2a97533d89ca Pulling fs layer 
Web Tests (1)	UNKNOWN STEP	2026-02-25T19:48:37.7380123Z  4f4fb700ef54 Pulling fs layer 
Web Tests (1)	UNKNOWN STEP	2026-02-25T19:48:37.7380368Z  1c2c8d1ee428 Pulling fs layer 
Web Tests (1)	UNKNOWN STEP	2026-02-25T19:48:37.7380589Z  9fe3744a2eac Waiting 
Web Tests (1)	UNKNOWN STEP	2026-02-25T19:48:37.7380816Z  7ad54b3c4cef Waiting 
Web Tests (1)	UNKNOWN STEP	2026-02-25T19:48:37.7381504Z  2a97533d89ca Waiting 
Web Tests (1)	UNKNOWN STEP	2026-02-25T19:48:37.7381910Z  09a5a0c32a23 Waiting 
Web Tests (1)	UNKNOWN STEP	2026-02-25T19:48:37.7382254Z  4f4fb700ef54 Waiting 
Web Tests (1)	UNKNOWN STEP	2026-02-25T19:48:37.7382616Z  bd53938b1271 Waiting 
Web Tests (1)	UNKNOWN STEP	2026-02-25T19:48:37.7382957Z  1c2c8d1ee428 Waiting 
Web Tests (1)	UNKNOWN STEP	2026-02-25T19:48:37.7383308Z  bc1da058f299 Waiting 
Web Tests (1)	UNKNOWN STEP	2026-02-25T19:48:37.7454147Z  0c8d55a45c0d Pulling fs layer 
Web Tests (1)	UNKNOWN STEP	2026-02-25T19:48:37.7454788Z  03af238a5946 Pulling fs layer 
Web Tests (1)	UNKNOWN STEP	2026-02-25T19:48:37.7455434Z  686599c79c87 Pulling fs layer 
Web Tests (1)	UNKNOWN STEP	2026-02-25T19:48:37.7455922Z  f1cadbd7abd2 Pulling fs layer 
Web Tests (1)	UNKNOWN STEP	2026-02-25T19:48:37.7456448Z  3ee96ea8e5d2 Pulling fs layer 
Web Tests (1)	UNKNOWN STEP	2026-02-25T19:48:37.7456924Z  a954d256f742 Pulling fs layer 
Web Tests (1)	UNKNOWN STEP	2026-02-25T19:48:37.7457355Z  c7ce85987d6d Pulling fs layer 
Web Tests (1)	UNKNOWN STEP	2026-02-25T19:48:37.7457997Z  7807da78b90b Pulling fs layer 
Web Tests (1)	UNKNOWN STEP	2026-02-25T19:48:37.7458426Z  0c8d55a45c0d Waiting 
Web Tests (1)	UNKNOWN STEP	2026-02-25T19:48:37.7458820Z  0478cd5c1079 Pulling fs layer 
Web Tests (1)	UNKNOWN STEP	2026-02-25T19:48:37.7459396Z  3a02ac06be95 Pulling fs layer 
Web Tests (1)	UNKNOWN STEP	2026-02-25T19:48:37.7459867Z  03af238a5946 Waiting 
Web Tests (1)	UNKNOWN STEP	2026-02-25T19:48:37.7460243Z  686599c79c87 Waiting 
Web Tests (1)	UNKNOWN STEP	2026-02-25T19:48:37.7460605Z  c7ce85987d6d Waiting 
Web Tests (1)	UNKNOWN STEP	2026-02-25T19:48:37.7461247Z  f1cadbd7abd2 Waiting 
Web Tests (1)	UNKNOWN STEP	2026-02-25T19:48:37.7461658Z  7807da78b90b Waiting 
Web Tests (1)	UNKNOWN STEP	2026-02-25T19:48:37.7462413Z  3ee96ea8e5d2 Waiting 
Web Tests (1)	UNKNOWN STEP	2026-02-25T19:48:37.7462757Z  0478cd5c1079 Waiting 
Web Tests (1)	UNKNOWN STEP	2026-02-25T19:48:37.7463070Z  a954d256f742 Waiting 
Web Tests (1)	UNKNOWN STEP	2026-02-25T19:48:37.7463295Z  3a02ac06be95 Waiting 
Web Tests (1)	UNKNOWN STEP	2026-02-25T19:48:37.7735290Z  9acd5b82521c Downloading [>                                                  ]  1.378kB/127.5kB
Web Tests (1)	UNKNOWN STEP	2026-02-25T19:48:37.7757448Z  9acd5b82521c Downloading [==================================================>]  127.5kB/127.5kB
Web Tests (1)	UNKNOWN STEP	2026-02-25T19:48:37.7758402Z  9acd5b82521c Verifying Checksum 
Web Tests (1)	UNKNOWN STEP	2026-02-25T19:48:37.7758855Z  9acd5b82521c Download complete 
Web Tests (1)	UNKNOWN STEP	2026-02-25T19:48:37.7827198Z  10d78728ec4d Downloading [==================================================>]     122B/122B
Web Tests (1)	UNKNOWN STEP	2026-02-25T19:48:37.7828385Z  10d78728ec4d Verifying Checksum 
Web Tests (1)	UNKNOWN STEP	2026-02-25T19:48:37.7828861Z  10d78728ec4d Download complete 
Web Tests (1)	UNKNOWN STEP	2026-02-25T19:48:37.7849575Z  d25f557d7f31 Downloading [>                                                  ]  36.46kB/3.622MB
Web Tests (1)	UNKNOWN STEP	2026-02-25T19:48:37.8024852Z  d25f557d7f31 Downloading [==================================================>]  3.622MB/3.622MB
Web Tests (1)	UNKNOWN STEP	2026-02-25T19:48:37.8025588Z  d25f557d7f31 Download complete 
Web Tests (1)	UNKNOWN STEP	2026-02-25T19:48:37.8036490Z  d25f557d7f31 Extracting [>                                                  ]  65.54kB/3.622MB
Web Tests (1)	UNKNOWN STEP	2026-02-25T19:48:37.8615674Z  e0d49f520b92 Downloading [==================================================>]     961B/961B
Web Tests (1)	UNKNOWN STEP	2026-02-25T19:48:37.8616510Z  e0d49f520b92 Download complete 
Web Tests (1)	UNKNOWN STEP	2026-02-25T19:48:37.8710298Z  d25f557d7f31 Extracting [==================================================>]  3.622MB/3.622MB
Web Tests (1)	UNKNOWN STEP	2026-02-25T19:48:37.8714418Z  5de905603ac5 Downloading [====>                                              ]  1.378kB/17.03kB
Web Tests (1)	UNKNOWN STEP	2026-02-25T19:48:37.8717015Z  5de905603ac5 Downloading [==================================================>]  17.03kB/17.03kB
Web Tests (1)	UNKNOWN STEP	2026-02-25T19:48:37.8718732Z  5de905603ac5 Verifying Checksum 
Web Tests (1)	UNKNOWN STEP	2026-02-25T19:48:37.8719188Z  5de905603ac5 Download complete 
Web Tests (1)	UNKNOWN STEP	2026-02-25T19:48:37.8843550Z  808bb02340fa Downloading [=========>                                         ]  16.38kB/90.98kB
Web Tests (1)	UNKNOWN STEP	2026-02-25T19:48:37.8861570Z  808bb02340fa Downloading [==================================================>]  90.98kB/90.98kB
Web Tests (1)	UNKNOWN STEP	2026-02-25T19:48:37.8862571Z  808bb02340fa Verifying Checksum 
Web Tests (1)	UNKNOWN STEP	2026-02-25T19:48:37.8863192Z  808bb02340fa Download complete 
Web Tests (1)	UNKNOWN STEP	2026-02-25T19:48:37.9135110Z  d25f557d7f31 Pull complete 
Web Tests (1)	UNKNOWN STEP	2026-02-25T19:48:37.9151543Z  9acd5b82521c Extracting [============>                                      ]  32.77kB/127.5kB
Web Tests (1)	UNKNOWN STEP	2026-02-25T19:48:37.9162216Z  9acd5b82521c Extracting [==================================================>]  127.5kB/127.5kB
Web Tests (1)	UNKNOWN STEP	2026-02-25T19:48:37.9435531Z  c0970b69197c Downloading [>                                                  ]  163.8kB/14.88MB
Web Tests (1)	UNKNOWN STEP	2026-02-25T19:48:37.9578341Z  9de5f206730a Downloading [>                                                  ]  8.268kB/766.3kB
Web Tests (1)	UNKNOWN STEP	2026-02-25T19:48:37.9648014Z  9de5f206730a Downloading [==================================================>]  766.3kB/766.3kB
Web Tests (1)	UNKNOWN STEP	2026-02-25T19:48:37.9648791Z  9de5f206730a Verifying Checksum 
Web Tests (1)	UNKNOWN STEP	2026-02-25T19:48:37.9649519Z  9de5f206730a Download complete 
Web Tests (1)	UNKNOWN STEP	2026-02-25T19:48:37.9910325Z  c0970b69197c Verifying Checksum 
Web Tests (1)	UNKNOWN STEP	2026-02-25T19:48:37.9910972Z  c0970b69197c Download complete 
Web Tests (1)	UNKNOWN STEP	2026-02-25T19:48:38.0216270Z  24e28b7dc0a2 Downloading [>                                                  ]  1.378kB/83.13kB
Web Tests (1)	UNKNOWN STEP	2026-02-25T19:48:38.0233289Z  24e28b7dc0a2 Downloading [==================================================>]  83.13kB/83.13kB
Web Tests (1)	UNKNOWN STEP	2026-02-25T19:48:38.0234882Z  24e28b7dc0a2 Download complete 
Web Tests (1)	UNKNOWN STEP	2026-02-25T19:48:38.0761349Z  830180cf89a8 Downloading [>                                                  ]  147.5kB/14.63MB
Web Tests (1)	UNKNOWN STEP	2026-02-25T19:48:38.1226261Z  589002ba0eae Downloading [>                                                  ]  39.51kB/3.862MB
Web Tests (1)	UNKNOWN STEP	2026-02-25T19:48:38.1237440Z  830180cf89a8 Verifying Checksum 
Web Tests (1)	UNKNOWN STEP	2026-02-25T19:48:38.1238557Z  830180cf89a8 Download complete 
Web Tests (1)	UNKNOWN STEP	2026-02-25T19:48:38.1498827Z  5ffb427686b6 Downloading [=====================================>             ]     721B/972B
Web Tests (1)	UNKNOWN STEP	2026-02-25T19:48:38.1500232Z  5ffb427686b6 Downloading [==================================================>]     972B/972B
Web Tests (1)	UNKNOWN STEP	2026-02-25T19:48:38.1501263Z  5ffb427686b6 Verifying Checksum 
Web Tests (1)	UNKNOWN STEP	2026-02-25T19:48:38.1501906Z  5ffb427686b6 Download complete 
Web Tests (1)	UNKNOWN STEP	2026-02-25T19:48:38.2276436Z  589002ba0eae Downloading [=========================================>         ]  3.231MB/3.862MB
Web Tests (1)	UNKNOWN STEP	2026-02-25T19:48:38.2366779Z  630177b00352 Downloading [>                                                  ]  10.28kB/922.9kB
Web Tests (1)	UNKNOWN STEP	2026-02-25T19:48:38.2535695Z  630177b00352 Verifying Checksum 
Web Tests (1)	UNKNOWN STEP	2026-02-25T19:48:38.2536170Z  630177b00352 Download complete 
Web Tests (1)	UNKNOWN STEP	2026-02-25T19:48:38.2620051Z  589002ba0eae Verifying Checksum 
Web Tests (1)	UNKNOWN STEP	2026-02-25T19:48:38.2620675Z  589002ba0eae Download complete 
Web Tests (1)	UNKNOWN STEP	2026-02-25T19:48:38.2635494Z  589002ba0eae Extracting [>                                                  ]  65.54kB/3.862MB
Web Tests (1)	UNKNOWN STEP	2026-02-25T19:48:38.2670730Z  6c18ff1f33d0 Downloading [==================================================>]     173B/173B
Web Tests (1)	UNKNOWN STEP	2026-02-25T19:48:38.2914423Z  6c18ff1f33d0 Verifying Checksum 
Web Tests (1)	UNKNOWN STEP	2026-02-25T19:48:38.2916072Z  6c18ff1f33d0 Download complete 
Web Tests (1)	UNKNOWN STEP	2026-02-25T19:48:38.3640353Z  589002ba0eae Extracting [=======================>                           ]  1.835MB/3.862MB
Web Tests (1)	UNKNOWN STEP	2026-02-25T19:48:38.3732479Z  13e46e455d3b Downloading [==================================================>]     116B/116B
Web Tests (1)	UNKNOWN STEP	2026-02-25T19:48:38.3733582Z  13e46e455d3b Verifying Checksum 
Web Tests (1)	UNKNOWN STEP	2026-02-25T19:48:38.3734542Z  13e46e455d3b Download complete 
Web Tests (1)	UNKNOWN STEP	2026-02-25T19:48:38.3865515Z  589002ba0eae Extracting [==================================================>]  3.862MB/3.862MB
Web Tests (1)	UNKNOWN STEP	2026-02-25T19:48:38.3873794Z  589002ba0eae Extracting [==================================================>]  3.862MB/3.862MB
Web Tests (1)	UNKNOWN STEP	2026-02-25T19:48:38.4013184Z  40aaa75af6ce Downloading [===>                                               ]     700B/9.62kB
Web Tests (1)	UNKNOWN STEP	2026-02-25T19:48:38.4018505Z  40aaa75af6ce Downloading [==================================================>]   9.62kB/9.62kB
Web Tests (1)	UNKNOWN STEP	2026-02-25T19:48:38.4019287Z  40aaa75af6ce Verifying Checksum 
Web Tests (1)	UNKNOWN STEP	2026-02-25T19:48:38.4043394Z  40aaa75af6ce Download complete 
Web Tests (1)	UNKNOWN STEP	2026-02-25T19:48:38.4063950Z  b4403f29458a Downloading [>                                                  ]    531kB/105.2MB
Web Tests (1)	UNKNOWN STEP	2026-02-25T19:48:38.4855540Z  162bdab1e0a7 Downloading [==================================================>]     128B/128B
Web Tests (1)	UNKNOWN STEP	2026-02-25T19:48:38.4856539Z  162bdab1e0a7 Verifying Checksum 
Web Tests (1)	UNKNOWN STEP	2026-02-25T19:48:38.4857080Z  162bdab1e0a7 Download complete 
Web Tests (1)	UNKNOWN STEP	2026-02-25T19:48:38.5021731Z  ebff7b0ec73e Downloading [==================================================>]     170B/170B
Web Tests (1)	UNKNOWN STEP	2026-02-25T19:48:38.5023519Z  ebff7b0ec73e Verifying Checksum 
Web Tests (1)	UNKNOWN STEP	2026-02-25T19:48:38.5023963Z  ebff7b0ec73e Download complete 
Web Tests (1)	UNKNOWN STEP	2026-02-25T19:48:38.5074499Z  b4403f29458a Downloading [====>                                              ]  9.611MB/105.2MB
Web Tests (1)	UNKNOWN STEP	2026-02-25T19:48:38.6065463Z  8243369e9866 Downloading [==================================================>]     186B/186B
Web Tests (1)	UNKNOWN STEP	2026-02-25T19:48:38.6663191Z  c02179436571 Downloading [=====>                                             ]     700B/5.84kB
Web Tests (1)	UNKNOWN STEP	2026-02-25T19:48:38.6920925Z  c02179436571 Downloading [==================================================>]   5.84kB/5.84kB
Web Tests (1)	UNKNOWN STEP	2026-02-25T19:48:38.6921787Z  c02179436571 Verifying Checksum 
Web Tests (1)	UNKNOWN STEP	2026-02-25T19:48:38.6922308Z  c02179436571 Download complete 
Web Tests (1)	UNKNOWN STEP	2026-02-25T19:48:38.6922826Z  8243369e9866 Download complete 
Web Tests (1)	UNKNOWN STEP	2026-02-25T19:48:38.6923575Z  b4403f29458a Downloading [==========>                                        ]   21.3MB/105.2MB
Web Tests (1)	UNKNOWN STEP	2026-02-25T19:48:38.7020318Z  589002ba0eae Pull complete 
Web Tests (1)	UNKNOWN STEP	2026-02-25T19:48:38.7423237Z  5ffb427686b6 Extracting [==================================================>]     972B/972B
Web Tests (1)	UNKNOWN STEP	2026-02-25T19:48:38.7431242Z  5ffb427686b6 Extracting [==================================================>]     972B/972B
Web Tests (1)	UNKNOWN STEP	2026-02-25T19:48:38.7940516Z  b4403f29458a Downloading [===============>                                   ]     33MB/105.2MB
Web Tests (1)	UNKNOWN STEP	2026-02-25T19:48:38.8021521Z  bc1da058f299 Downloading [>                                                  ]  36.77kB/3.644MB
Web Tests (1)	UNKNOWN STEP	2026-02-25T19:48:38.8626489Z  09a5a0c32a23 Downloading [======================================>            ]     721B/948B
Web Tests (1)	UNKNOWN STEP	2026-02-25T19:48:38.8628925Z  09a5a0c32a23 Downloading [==================================================>]     948B/948B
Web Tests (1)	UNKNOWN STEP	2026-02-25T19:48:38.8631859Z  09a5a0c32a23 Verifying Checksum 
Web Tests (1)	UNKNOWN STEP	2026-02-25T19:48:38.8632441Z  09a5a0c32a23 Download complete 
Web Tests (1)	UNKNOWN STEP	2026-02-25T19:48:38.9023632Z  bc1da058f299 Downloading [==========================================>        ]  3.066MB/3.644MB
Web Tests (1)	UNKNOWN STEP	2026-02-25T19:48:38.9034677Z  b4403f29458a Downloading [====================>                              ]  43.13MB/105.2MB
Web Tests (1)	UNKNOWN STEP	2026-02-25T19:48:38.9087148Z  bc1da058f299 Verifying Checksum 
Web Tests (1)	UNKNOWN STEP	2026-02-25T19:48:38.9092724Z  bc1da058f299 Download complete 
Web Tests (1)	UNKNOWN STEP	2026-02-25T19:48:38.9101755Z  bc1da058f299 Extracting [>                                                  ]  65.54kB/3.644MB
Web Tests (1)	UNKNOWN STEP	2026-02-25T19:48:39.0043557Z  b4403f29458a Downloading [============================>                      ]  59.11MB/105.2MB
Web Tests (1)	UNKNOWN STEP	2026-02-25T19:48:39.0106129Z  bc1da058f299 Extracting [============================================>      ]  3.211MB/3.644MB
Web Tests (1)	UNKNOWN STEP	2026-02-25T19:48:39.0164513Z  bc1da058f299 Extracting [==================================================>]  3.644MB/3.644MB
Web Tests (1)	UNKNOWN STEP	2026-02-25T19:48:39.0170800Z  bc1da058f299 Extracting [==================================================>]  3.644MB/3.644MB
Web Tests (1)	UNKNOWN STEP	2026-02-25T19:48:39.0178337Z  9fe3744a2eac Downloading [>                                                  ]   10.3kB/1.003MB
Web Tests (1)	UNKNOWN STEP	2026-02-25T19:48:39.0346883Z  bd53938b1271 Downloading [>                                                  ]  2.087kB/173.4kB
Web Tests (1)	UNKNOWN STEP	2026-02-25T19:48:39.0391016Z  bd53938b1271 Verifying Checksum 
Web Tests (1)	UNKNOWN STEP	2026-02-25T19:48:39.0391980Z  bd53938b1271 Download complete 
Web Tests (1)	UNKNOWN STEP	2026-02-25T19:48:39.0408619Z  9fe3744a2eac Verifying Checksum 
Web Tests (1)	UNKNOWN STEP	2026-02-25T19:48:39.0410151Z  9fe3744a2eac Download complete 
Web Tests (1)	UNKNOWN STEP	2026-02-25T19:48:39.0484837Z  bc1da058f299 Pull complete 
Web Tests (1)	UNKNOWN STEP	2026-02-25T19:48:39.0505011Z  09a5a0c32a23 Extracting [==================================================>]     948B/948B
Web Tests (1)	UNKNOWN STEP	2026-02-25T19:48:39.0511272Z  09a5a0c32a23 Extracting [==================================================>]     948B/948B
Web Tests (1)	UNKNOWN STEP	2026-02-25T19:48:39.1048784Z  b4403f29458a Downloading [==================================>                ]  72.99MB/105.2MB
Web Tests (1)	UNKNOWN STEP	2026-02-25T19:48:39.1444105Z  2a97533d89ca Downloading [==================================================>]     100B/100B
Web Tests (1)	UNKNOWN STEP	2026-02-25T19:48:39.1446402Z  2a97533d89ca Verifying Checksum 
Web Tests (1)	UNKNOWN STEP	2026-02-25T19:48:39.1447562Z  2a97533d89ca Download complete 
Web Tests (1)	UNKNOWN STEP	2026-02-25T19:48:39.1806234Z  7ad54b3c4cef Downloading [>                                                  ]  126.4kB/12.41MB
Web Tests (1)	UNKNOWN STEP	2026-02-25T19:48:39.2157636Z  b4403f29458a Downloading [========================================>          ]   85.8MB/105.2MB
Web Tests (1)	UNKNOWN STEP	2026-02-25T19:48:39.2921949Z  7ad54b3c4cef Downloading [=================>                                 ]  4.346MB/12.41MB
Web Tests (1)	UNKNOWN STEP	2026-02-25T19:48:39.3108977Z  4f4fb700ef54 Downloading [==================================================>]      32B/32B
Web Tests (1)	UNKNOWN STEP	2026-02-25T19:48:39.3115050Z  4f4fb700ef54 Verifying Checksum 
Web Tests (1)	UNKNOWN STEP	2026-02-25T19:48:39.3115851Z  4f4fb700ef54 Download complete 
Web Tests (1)	UNKNOWN STEP	2026-02-25T19:48:39.3167588Z  b4403f29458a Downloading [================================================>  ]  102.9MB/105.2MB
Web Tests (1)	UNKNOWN STEP	2026-02-25T19:48:39.3366140Z  b4403f29458a Verifying Checksum 
Web Tests (1)	UNKNOWN STEP	2026-02-25T19:48:39.3366636Z  b4403f29458a Download complete 
Web Tests (1)	UNKNOWN STEP	2026-02-25T19:48:39.3957431Z  7ad54b3c4cef Downloading [==================================>                ]  8.569MB/12.41MB
Web Tests (1)	UNKNOWN STEP	2026-02-25T19:48:39.4329949Z  1c2c8d1ee428 Downloading [==================================================>]     576B/576B
Web Tests (1)	UNKNOWN STEP	2026-02-25T19:48:39.4331202Z  1c2c8d1ee428 Verifying Checksum 
Web Tests (1)	UNKNOWN STEP	2026-02-25T19:48:39.4331873Z  1c2c8d1ee428 Download complete 
Web Tests (1)	UNKNOWN STEP	2026-02-25T19:48:39.4592877Z  0c8d55a45c0d Downloading [>                                                  ]  298.8kB/29.78MB
Web Tests (1)	UNKNOWN STEP	2026-02-25T19:48:39.4684045Z  7ad54b3c4cef Verifying Checksum 
Web Tests (1)	UNKNOWN STEP	2026-02-25T19:48:39.4685262Z  7ad54b3c4cef Download complete 
Web Tests (1)	UNKNOWN STEP	2026-02-25T19:48:39.5459840Z  03af238a5946 Downloading [>                                                  ]  13.04kB/1.293MB
Web Tests (1)	UNKNOWN STEP	2026-02-25T19:48:39.5575851Z  03af238a5946 Downloading [==================================================>]  1.293MB/1.293MB
Web Tests (1)	UNKNOWN STEP	2026-02-25T19:48:39.5576595Z  03af238a5946 Verifying Checksum 
Web Tests (1)	UNKNOWN STEP	2026-02-25T19:48:39.5577061Z  03af238a5946 Download complete 
Web Tests (1)	UNKNOWN STEP	2026-02-25T19:48:39.5594298Z  0c8d55a45c0d Downloading [==========================>                        ]  15.91MB/29.78MB
Web Tests (1)	UNKNOWN STEP	2026-02-25T19:48:39.5887211Z  686599c79c87 Downloading [>                                                  ]  118.7kB/11.8MB
Web Tests (1)	UNKNOWN STEP	2026-02-25T19:48:39.6394599Z  0c8d55a45c0d Verifying Checksum 
Web Tests (1)	UNKNOWN STEP	2026-02-25T19:48:39.6396010Z  0c8d55a45c0d Download complete 
Web Tests (1)	UNKNOWN STEP	2026-02-25T19:48:39.6849379Z  686599c79c87 Verifying Checksum 
Web Tests (1)	UNKNOWN STEP	2026-02-25T19:48:39.6849903Z  686599c79c87 Download complete 
Web Tests (1)	UNKNOWN STEP	2026-02-25T19:48:39.6890222Z  f1cadbd7abd2 Downloading [==================================================>]     252B/252B
Web Tests (1)	UNKNOWN STEP	2026-02-25T19:48:39.6891135Z  f1cadbd7abd2 Verifying Checksum 
Web Tests (1)	UNKNOWN STEP	2026-02-25T19:48:39.6891523Z  f1cadbd7abd2 Download complete 
Web Tests (1)	UNKNOWN STEP	2026-02-25T19:48:39.7336212Z  0c8d55a45c0d Extracting [>                                                  ]  327.7kB/29.78MB
Web Tests (1)	UNKNOWN STEP	2026-02-25T19:48:39.7646919Z  3ee96ea8e5d2 Downloading [==================================================>]     250B/250B
Web Tests (1)	UNKNOWN STEP	2026-02-25T19:48:39.7647626Z  3ee96ea8e5d2 Verifying Checksum 
Web Tests (1)	UNKNOWN STEP	2026-02-25T19:48:39.7648225Z  3ee96ea8e5d2 Download complete 
Web Tests (1)	UNKNOWN STEP	2026-02-25T19:48:39.8492839Z  a954d256f742 Downloading [>                                                  ]  223.3kB/21.98MB
Web Tests (1)	UNKNOWN STEP	2026-02-25T19:48:39.8515314Z  0c8d55a45c0d Extracting [=======>                                           ]  4.588MB/29.78MB
Web Tests (1)	UNKNOWN STEP	2026-02-25T19:48:39.8921560Z  9acd5b82521c Pull complete 
Web Tests (1)	UNKNOWN STEP	2026-02-25T19:48:39.8939741Z  5ffb427686b6 Pull complete 
Web Tests (1)	UNKNOWN STEP	2026-02-25T19:48:39.8944197Z  c7ce85987d6d Downloading [==>                                                ]     719B/13.29kB
Web Tests (1)	UNKNOWN STEP	2026-02-25T19:48:39.8945258Z  c7ce85987d6d Downloading [==================================================>]  13.29kB/13.29kB
Web Tests (1)	UNKNOWN STEP	2026-02-25T19:48:39.8949067Z  c7ce85987d6d Verifying Checksum 
Web Tests (1)	UNKNOWN STEP	2026-02-25T19:48:39.8950383Z  c7ce85987d6d Download complete 
Web Tests (1)	UNKNOWN STEP	2026-02-25T19:48:39.8951984Z  09a5a0c32a23 Pull complete 
Web Tests (1)	UNKNOWN STEP	2026-02-25T19:48:39.8953260Z  10d78728ec4d Extracting [==================================================>]     122B/122B
Web Tests (1)	UNKNOWN STEP	2026-02-25T19:48:39.8955629Z  10d78728ec4d Extracting [==================================================>]     122B/122B
Web Tests (1)	UNKNOWN STEP	2026-02-25T19:48:39.8970803Z  630177b00352 Extracting [=>                                                 ]  32.77kB/922.9kB
Web Tests (1)	UNKNOWN STEP	2026-02-25T19:48:39.8996784Z  bd53938b1271 Extracting [=========>                                         ]  32.77kB/173.4kB
Web Tests (1)	UNKNOWN STEP	2026-02-25T19:48:39.9043497Z  bd53938b1271 Extracting [==================================================>]  173.4kB/173.4kB
Web Tests (1)	UNKNOWN STEP	2026-02-25T19:48:39.9469029Z  7807da78b90b Downloading [>                                                  ]  456.9kB/45.54MB
Web Tests (1)	UNKNOWN STEP	2026-02-25T19:48:39.9479298Z  10d78728ec4d Pull complete 
Web Tests (1)	UNKNOWN STEP	2026-02-25T19:48:39.9500681Z  a954d256f742 Downloading [=====================>                             ]  9.339MB/21.98MB
Web Tests (1)	UNKNOWN STEP	2026-02-25T19:48:39.9510126Z  e0d49f520b92 Extracting [==================================================>]     961B/961B
Web Tests (1)	UNKNOWN STEP	2026-02-25T19:48:39.9543621Z  e0d49f520b92 Extracting [==================================================>]     961B/961B
Web Tests (1)	UNKNOWN STEP	2026-02-25T19:48:39.9556938Z  0c8d55a45c0d Extracting [=========>                                         ]  5.898MB/29.78MB
Web Tests (1)	UNKNOWN STEP	2026-02-25T19:48:39.9774202Z  e0d49f520b92 Pull complete 
Web Tests (1)	UNKNOWN STEP	2026-02-25T19:48:39.9807277Z  5de905603ac5 Extracting [==================================================>]  17.03kB/17.03kB
Web Tests (1)	UNKNOWN STEP	2026-02-25T19:48:39.9812202Z  5de905603ac5 Extracting [==================================================>]  17.03kB/17.03kB
Web Tests (1)	UNKNOWN STEP	2026-02-25T19:48:39.9893103Z  630177b00352 Extracting [==================================================>]  922.9kB/922.9kB
Web Tests (1)	UNKNOWN STEP	2026-02-25T19:48:39.9978766Z  bd53938b1271 Extracting [==================================================>]  173.4kB/173.4kB
Web Tests (1)	UNKNOWN STEP	2026-02-25T19:48:40.0013781Z  5de905603ac5 Pull complete 
Web Tests (1)	UNKNOWN STEP	2026-02-25T19:48:40.0037981Z  630177b00352 Pull complete 
Web Tests (1)	UNKNOWN STEP	2026-02-25T19:48:40.0042358Z  808bb02340fa Extracting [==================>                                ]  32.77kB/90.98kB
Web Tests (1)	UNKNOWN STEP	2026-02-25T19:48:40.0054700Z  808bb02340fa Extracting [==================================================>]  90.98kB/90.98kB
Web Tests (1)	UNKNOWN STEP	2026-02-25T19:48:40.0101768Z  6c18ff1f33d0 Extracting [==================================================>]     173B/173B
Web Tests (1)	UNKNOWN STEP	2026-02-25T19:48:40.0103550Z  6c18ff1f33d0 Extracting [==================================================>]     173B/173B
Web Tests (1)	UNKNOWN STEP	2026-02-25T19:48:40.0195962Z  0478cd5c1079 Downloading [==========>                                        ]     720B/3.507kB
Web Tests (1)	UNKNOWN STEP	2026-02-25T19:48:40.0207488Z  0478cd5c1079 Downloading [==================================================>]  3.507kB/3.507kB
Web Tests (1)	UNKNOWN STEP	2026-02-25T19:48:40.0214058Z  0478cd5c1079 Verifying Checksum 
Web Tests (1)	UNKNOWN STEP	2026-02-25T19:48:40.0214781Z  0478cd5c1079 Download complete 
Web Tests (1)	UNKNOWN STEP	2026-02-25T19:48:40.0275343Z  808bb02340fa Pull complete 
Web Tests (1)	UNKNOWN STEP	2026-02-25T19:48:40.0307742Z  6c18ff1f33d0 Pull complete 
Web Tests (1)	UNKNOWN STEP	2026-02-25T19:48:40.0311419Z  c0970b69197c Extracting [>                                                  ]  163.8kB/14.88MB
Web Tests (1)	UNKNOWN STEP	2026-02-25T19:48:40.0339932Z  13e46e455d3b Extracting [==================================================>]     116B/116B
Web Tests (1)	UNKNOWN STEP	2026-02-25T19:48:40.0343154Z  13e46e455d3b Extracting [==================================================>]     116B/116B
Web Tests (1)	UNKNOWN STEP	2026-02-25T19:48:40.0486337Z  7807da78b90b Downloading [============>                                      ]  11.15MB/45.54MB
Web Tests (1)	UNKNOWN STEP	2026-02-25T19:48:40.0527094Z  13e46e455d3b Pull complete 
Web Tests (1)	UNKNOWN STEP	2026-02-25T19:48:40.0531958Z  a954d256f742 Downloading [===============================>                   ]  13.68MB/21.98MB
Web Tests (1)	UNKNOWN STEP	2026-02-25T19:48:40.0613685Z  0c8d55a45c0d Extracting [==============>                                    ]   8.52MB/29.78MB
Web Tests (1)	UNKNOWN STEP	2026-02-25T19:48:40.0775259Z  b4403f29458a Extracting [>                                                  ]  557.1kB/105.2MB
Web Tests (1)	UNKNOWN STEP	2026-02-25T19:48:40.1466572Z  3a02ac06be95 Downloading [==========>                                        ]     720B/3.462kB
Web Tests (1)	UNKNOWN STEP	2026-02-25T19:48:40.1489915Z  3a02ac06be95 Verifying Checksum 
Web Tests (1)	UNKNOWN STEP	2026-02-25T19:48:40.1491803Z  3a02ac06be95 Download complete 
Web Tests (1)	UNKNOWN STEP	2026-02-25T19:48:40.1493348Z  c0970b69197c Extracting [======>                                            ]  1.966MB/14.88MB
Web Tests (1)	UNKNOWN STEP	2026-02-25T19:48:40.1531674Z  a954d256f742 Downloading [=================================================> ]  21.98MB/21.98MB
Web Tests (1)	UNKNOWN STEP	2026-02-25T19:48:40.1545971Z  a954d256f742 Verifying Checksum 
Web Tests (1)	UNKNOWN STEP	2026-02-25T19:48:40.1548131Z  a954d256f742 Download complete 
Web Tests (1)	UNKNOWN STEP	2026-02-25T19:48:40.1583886Z  7807da78b90b Downloading [=============================>                     ]  26.94MB/45.54MB
Web Tests (1)	UNKNOWN STEP	2026-02-25T19:48:40.1722156Z  0c8d55a45c0d Extracting [=================>                                 ]  10.16MB/29.78MB
Web Tests (1)	UNKNOWN STEP	2026-02-25T19:48:40.1876568Z  b4403f29458a Extracting [>                                                  ]  1.671MB/105.2MB
Web Tests (1)	UNKNOWN STEP	2026-02-25T19:48:40.2522430Z  c0970b69197c Extracting [===================>                               ]  5.898MB/14.88MB
Web Tests (1)	UNKNOWN STEP	2026-02-25T19:48:40.2535857Z  bd53938b1271 Pull complete 
Web Tests (1)	UNKNOWN STEP	2026-02-25T19:48:40.2575960Z  9fe3744a2eac Extracting [=>                                                 ]  32.77kB/1.003MB
Web Tests (1)	UNKNOWN STEP	2026-02-25T19:48:40.2621572Z  7807da78b90b Downloading [======================================>            ]  34.85MB/45.54MB
Web Tests (1)	UNKNOWN STEP	2026-02-25T19:48:40.2942243Z  b4403f29458a Extracting [==>                                                ]  5.014MB/105.2MB
Web Tests (1)	UNKNOWN STEP	2026-02-25T19:48:40.2972581Z  0c8d55a45c0d Extracting [===================>                               ]   11.8MB/29.78MB
Web Tests (1)	UNKNOWN STEP	2026-02-25T19:48:40.3049193Z  9fe3744a2eac Extracting [==================================================>]  1.003MB/1.003MB
Web Tests (1)	UNKNOWN STEP	2026-02-25T19:48:40.3056886Z  9fe3744a2eac Extracting [==================================================>]  1.003MB/1.003MB
Web Tests (1)	UNKNOWN STEP	2026-02-25T19:48:40.3263453Z  9fe3744a2eac Pull complete 
Web Tests (1)	UNKNOWN STEP	2026-02-25T19:48:40.3300745Z  7ad54b3c4cef Extracting [>                                                  ]  131.1kB/12.41MB
Web Tests (1)	UNKNOWN STEP	2026-02-25T19:48:40.3523975Z  c0970b69197c Extracting [=============================>                     ]  8.847MB/14.88MB
Web Tests (1)	UNKNOWN STEP	2026-02-25T19:48:40.3717587Z  7807da78b90b Downloading [==============================================>    ]  42.72MB/45.54MB
Web Tests (1)	UNKNOWN STEP	2026-02-25T19:48:40.3931331Z  7807da78b90b Verifying Checksum 
Web Tests (1)	UNKNOWN STEP	2026-02-25T19:48:40.3933111Z  7807da78b90b Download complete 
Web Tests (1)	UNKNOWN STEP	2026-02-25T19:48:40.3979444Z  0c8d55a45c0d Extracting [=======================>                           ]  13.76MB/29.78MB
Web Tests (1)	UNKNOWN STEP	2026-02-25T19:48:40.4056299Z  b4403f29458a Extracting [====>                                              ]   9.47MB/105.2MB
Web Tests (1)	UNKNOWN STEP	2026-02-25T19:48:40.4315204Z  7ad54b3c4cef Extracting [========>                                          ]  2.228MB/12.41MB
Web Tests (1)	UNKNOWN STEP	2026-02-25T19:48:40.4559432Z  c0970b69197c Extracting [=========================================>         ]  12.29MB/14.88MB
Web Tests (1)	UNKNOWN STEP	2026-02-25T19:48:40.4991794Z  0c8d55a45c0d Extracting [============================>                      ]  17.04MB/29.78MB
Web Tests (1)	UNKNOWN STEP	2026-02-25T19:48:40.5050271Z  c0970b69197c Extracting [==================================================>]  14.88MB/14.88MB
Web Tests (1)	UNKNOWN STEP	2026-02-25T19:48:40.5064149Z  b4403f29458a Extracting [=======>                                           ]  15.04MB/105.2MB
Web Tests (1)	UNKNOWN STEP	2026-02-25T19:48:40.5324878Z  7ad54b3c4cef Extracting [=======================>                           ]  5.767MB/12.41MB
Web Tests (1)	UNKNOWN STEP	2026-02-25T19:48:40.5571752Z  c0970b69197c Pull complete 
Web Tests (1)	UNKNOWN STEP	2026-02-25T19:48:40.5586256Z  9de5f206730a Extracting [==>                                                ]  32.77kB/766.3kB
Web Tests (1)	UNKNOWN STEP	2026-02-25T19:48:40.5822009Z  9de5f206730a Extracting [==================================================>]  766.3kB/766.3kB
Web Tests (1)	UNKNOWN STEP	2026-02-25T19:48:40.6001938Z  9de5f206730a Pull complete 
Web Tests (1)	UNKNOWN STEP	2026-02-25T19:48:40.6033219Z  0c8d55a45c0d Extracting [==================================>                ]  20.64MB/29.78MB
Web Tests (1)	UNKNOWN STEP	2026-02-25T19:48:40.6034578Z  24e28b7dc0a2 Extracting [==================================================>]  83.13kB/83.13kB
Web Tests (1)	UNKNOWN STEP	2026-02-25T19:48:40.6040994Z  24e28b7dc0a2 Extracting [==================================================>]  83.13kB/83.13kB
Web Tests (1)	UNKNOWN STEP	2026-02-25T19:48:40.6132589Z  b4403f29458a Extracting [=========>                                         ]   19.5MB/105.2MB
Web Tests (1)	UNKNOWN STEP	2026-02-25T19:48:40.6343792Z  7ad54b3c4cef Extracting [====================================>              ]  9.175MB/12.41MB
Web Tests (1)	UNKNOWN STEP	2026-02-25T19:48:40.6448752Z  24e28b7dc0a2 Pull complete 
Web Tests (1)	UNKNOWN STEP	2026-02-25T19:48:40.6481318Z  830180cf89a8 Extracting [>                                                  ]  163.8kB/14.63MB
Web Tests (1)	UNKNOWN STEP	2026-02-25T19:48:40.7100471Z  0c8d55a45c0d Extracting [========================================>          ]  24.25MB/29.78MB
Web Tests (1)	UNKNOWN STEP	2026-02-25T19:48:40.7148824Z  b4403f29458a Extracting [===========>                                       ]  23.95MB/105.2MB
Web Tests (1)	UNKNOWN STEP	2026-02-25T19:48:40.7265250Z  7ad54b3c4cef Extracting [==================================================>]  12.41MB/12.41MB
Web Tests (1)	UNKNOWN STEP	2026-02-25T19:48:40.7588225Z  830180cf89a8 Extracting [============>                                      ]  3.604MB/14.63MB
Web Tests (1)	UNKNOWN STEP	2026-02-25T19:48:40.7613555Z  7ad54b3c4cef Pull complete 
Web Tests (1)	UNKNOWN STEP	2026-02-25T19:48:40.7644567Z  2a97533d89ca Extracting [==================================================>]     100B/100B
Web Tests (1)	UNKNOWN STEP	2026-02-25T19:48:40.7652232Z  2a97533d89ca Extracting [==================================================>]     100B/100B
Web Tests (1)	UNKNOWN STEP	2026-02-25T19:48:40.7770328Z  2a97533d89ca Pull complete 
Web Tests (1)	UNKNOWN STEP	2026-02-25T19:48:40.7806448Z  4f4fb700ef54 Extracting [==================================================>]      32B/32B
Web Tests (1)	UNKNOWN STEP	2026-02-25T19:48:40.7807386Z  4f4fb700ef54 Extracting [==================================================>]      32B/32B
Web Tests (1)	UNKNOWN STEP	2026-02-25T19:48:40.7912367Z  4f4fb700ef54 Pull complete 
Web Tests (1)	UNKNOWN STEP	2026-02-25T19:48:40.8157171Z  0c8d55a45c0d Extracting [===========================================>       ]  25.89MB/29.78MB
Web Tests (1)	UNKNOWN STEP	2026-02-25T19:48:40.8211944Z  1c2c8d1ee428 Extracting [==================================================>]     576B/576B
Web Tests (1)	UNKNOWN STEP	2026-02-25T19:48:40.8214048Z  1c2c8d1ee428 Extracting [==================================================>]     576B/576B
Web Tests (1)	UNKNOWN STEP	2026-02-25T19:48:40.8217424Z  b4403f29458a Extracting [=============>                                     ]  28.97MB/105.2MB
Web Tests (1)	UNKNOWN STEP	2026-02-25T19:48:40.8393362Z  1c2c8d1ee428 Pull complete 
Web Tests (1)	UNKNOWN STEP	2026-02-25T19:48:40.8467673Z  redis Pulled 
Web Tests (1)	UNKNOWN STEP	2026-02-25T19:48:40.8628493Z  830180cf89a8 Extracting [=========================>                         ]  7.537MB/14.63MB
Web Tests (1)	UNKNOWN STEP	2026-02-25T19:48:40.9244529Z  b4403f29458a Extracting [================>                                  ]  35.09MB/105.2MB
Web Tests (1)	UNKNOWN STEP	2026-02-25T19:48:40.9648531Z  830180cf89a8 Extracting [======================================>            ]  11.14MB/14.63MB
Web Tests (1)	UNKNOWN STEP	2026-02-25T19:48:41.0211121Z  830180cf89a8 Extracting [==================================================>]  14.63MB/14.63MB
Web Tests (1)	UNKNOWN STEP	2026-02-25T19:48:41.0272005Z  b4403f29458a Extracting [===================>                               ]  41.78MB/105.2MB
Web Tests (1)	UNKNOWN STEP	2026-02-25T19:48:41.0490410Z  0c8d55a45c0d Extracting [============================================>      ]  26.21MB/29.78MB
Web Tests (1)	UNKNOWN STEP	2026-02-25T19:48:41.0674585Z  830180cf89a8 Pull complete 
Web Tests (1)	UNKNOWN STEP	2026-02-25T19:48:41.0759981Z  dex Pulled 
Web Tests (1)	UNKNOWN STEP	2026-02-25T19:48:41.1341176Z  b4403f29458a Extracting [=======================>                           ]  49.58MB/105.2MB
Web Tests (1)	UNKNOWN STEP	2026-02-25T19:48:41.1753341Z  0c8d55a45c0d Extracting [===============================================>   ]  28.51MB/29.78MB
Web Tests (1)	UNKNOWN STEP	2026-02-25T19:48:41.2392496Z  b4403f29458a Extracting [=========================>                         ]  54.03MB/105.2MB
Web Tests (1)	UNKNOWN STEP	2026-02-25T19:48:41.3446760Z  b4403f29458a Extracting [=============================>                     ]  61.28MB/105.2MB
Web Tests (1)	UNKNOWN STEP	2026-02-25T19:48:41.3796776Z  0c8d55a45c0d Extracting [================================================>  ]  29.16MB/29.78MB
Web Tests (1)	UNKNOWN STEP	2026-02-25T19:48:41.4500489Z  b4403f29458a Extracting [================================>                  ]  68.52MB/105.2MB
Web Tests (1)	UNKNOWN STEP	2026-02-25T19:48:41.4866230Z  0c8d55a45c0d Extracting [==================================================>]  29.78MB/29.78MB
Web Tests (1)	UNKNOWN STEP	2026-02-25T19:48:41.5116174Z  0c8d55a45c0d Pull complete 
Web Tests (1)	UNKNOWN STEP	2026-02-25T19:48:41.5137021Z  03af238a5946 Extracting [=>                                                 ]  32.77kB/1.293MB
Web Tests (1)	UNKNOWN STEP	2026-02-25T19:48:41.6312726Z  03af238a5946 Extracting [===================================>               ]  917.5kB/1.293MB
Web Tests (1)	UNKNOWN STEP	2026-02-25T19:48:41.6357476Z  b4403f29458a Extracting [===================================>               ]   75.2MB/105.2MB
Web Tests (1)	UNKNOWN STEP	2026-02-25T19:48:41.6421207Z  03af238a5946 Extracting [==================================================>]  1.293MB/1.293MB
Web Tests (1)	UNKNOWN STEP	2026-02-25T19:48:41.6427359Z  03af238a5946 Extracting [==================================================>]  1.293MB/1.293MB
Web Tests (1)	UNKNOWN STEP	2026-02-25T19:48:41.7579897Z  03af238a5946 Pull complete 
Web Tests (1)	UNKNOWN STEP	2026-02-25T19:48:41.7605665Z  686599c79c87 Extracting [>                                                  ]  131.1kB/11.8MB
Web Tests (1)	UNKNOWN STEP	2026-02-25T19:48:41.8132020Z  b4403f29458a Extracting [====================================>              ]  76.32MB/105.2MB
Web Tests (1)	UNKNOWN STEP	2026-02-25T19:48:41.8645750Z  686599c79c87 Extracting [====>                                              ]  1.049MB/11.8MB
Web Tests (1)	UNKNOWN STEP	2026-02-25T19:48:41.9130890Z  b4403f29458a Extracting [=====================================>             ]  78.54MB/105.2MB
Web Tests (1)	UNKNOWN STEP	2026-02-25T19:48:41.9764219Z  686599c79c87 Extracting [================>                                  ]  3.801MB/11.8MB
Web Tests (1)	UNKNOWN STEP	2026-02-25T19:48:42.0300115Z  b4403f29458a Extracting [======================================>            ]  81.89MB/105.2MB
Web Tests (1)	UNKNOWN STEP	2026-02-25T19:48:42.0772848Z  686599c79c87 Extracting [============================>                      ]  6.816MB/11.8MB
Web Tests (1)	UNKNOWN STEP	2026-02-25T19:48:42.1442665Z  b4403f29458a Extracting [========================================>          ]  85.79MB/105.2MB
Web Tests (1)	UNKNOWN STEP	2026-02-25T19:48:42.1903779Z  686599c79c87 Extracting [=======================================>           ]  9.306MB/11.8MB
Web Tests (1)	UNKNOWN STEP	2026-02-25T19:48:42.2736441Z  b4403f29458a Extracting [===========================================>       ]   90.8MB/105.2MB
Web Tests (1)	UNKNOWN STEP	2026-02-25T19:48:42.3064685Z  686599c79c87 Extracting [============================================>      ]  10.49MB/11.8MB
Web Tests (1)	UNKNOWN STEP	2026-02-25T19:48:42.3961575Z  b4403f29458a Extracting [===========================================>       ]  92.47MB/105.2MB
Web Tests (1)	UNKNOWN STEP	2026-02-25T19:48:42.4093795Z  686599c79c87 Extracting [================================================>  ]   11.4MB/11.8MB
Web Tests (1)	UNKNOWN STEP	2026-02-25T19:48:42.4345121Z  686599c79c87 Extracting [==================================================>]   11.8MB/11.8MB
Web Tests (1)	UNKNOWN STEP	2026-02-25T19:48:42.5041008Z  b4403f29458a Extracting [================================================>  ]  101.9MB/105.2MB
Web Tests (1)	UNKNOWN STEP	2026-02-25T19:48:42.5689772Z  b4403f29458a Extracting [==================================================>]  105.2MB/105.2MB
Web Tests (1)	UNKNOWN STEP	2026-02-25T19:48:42.5724086Z  686599c79c87 Pull complete 
Web Tests (1)	UNKNOWN STEP	2026-02-25T19:48:42.5737118Z  f1cadbd7abd2 Extracting [==================================================>]     252B/252B
Web Tests (1)	UNKNOWN STEP	2026-02-25T19:48:42.5742519Z  f1cadbd7abd2 Extracting [==================================================>]     252B/252B
Web Tests (1)	UNKNOWN STEP	2026-02-25T19:48:42.5871872Z  f1cadbd7abd2 Pull complete 
Web Tests (1)	UNKNOWN STEP	2026-02-25T19:48:42.5891713Z  3ee96ea8e5d2 Extracting [==================================================>]     250B/250B
Web Tests (1)	UNKNOWN STEP	2026-02-25T19:48:42.5896258Z  3ee96ea8e5d2 Extracting [==================================================>]     250B/250B
Web Tests (1)	UNKNOWN STEP	2026-02-25T19:48:42.6013366Z  3ee96ea8e5d2 Pull complete 
Web Tests (1)	UNKNOWN STEP	2026-02-25T19:48:42.6061738Z  a954d256f742 Extracting [>                                                  ]  229.4kB/21.98MB
Web Tests (1)	UNKNOWN STEP	2026-02-25T19:48:42.7115237Z  a954d256f742 Extracting [=====>                                             ]  2.523MB/21.98MB
Web Tests (1)	UNKNOWN STEP	2026-02-25T19:48:42.7516630Z  b4403f29458a Pull complete 
Web Tests (1)	UNKNOWN STEP	2026-02-25T19:48:42.7534948Z  40aaa75af6ce Extracting [==================================================>]   9.62kB/9.62kB
Web Tests (1)	UNKNOWN STEP	2026-02-25T19:48:42.7538612Z  40aaa75af6ce Extracting [==================================================>]   9.62kB/9.62kB
Web Tests (1)	UNKNOWN STEP	2026-02-25T19:48:42.7703003Z  40aaa75af6ce Pull complete 
Web Tests (1)	UNKNOWN STEP	2026-02-25T19:48:42.7716668Z  162bdab1e0a7 Extracting [==================================================>]     128B/128B
Web Tests (1)	UNKNOWN STEP	2026-02-25T19:48:42.7721527Z  162bdab1e0a7 Extracting [==================================================>]     128B/128B
Web Tests (1)	UNKNOWN STEP	2026-02-25T19:48:42.7852907Z  162bdab1e0a7 Pull complete 
Web Tests (1)	UNKNOWN STEP	2026-02-25T19:48:42.7865072Z  ebff7b0ec73e Extracting [==================================================>]     170B/170B
Web Tests (1)	UNKNOWN STEP	2026-02-25T19:48:42.7872058Z  ebff7b0ec73e Extracting [==================================================>]     170B/170B
Web Tests (1)	UNKNOWN STEP	2026-02-25T19:48:42.7989563Z  ebff7b0ec73e Pull complete 
Web Tests (1)	UNKNOWN STEP	2026-02-25T19:48:42.8005897Z  c02179436571 Extracting [==================================================>]   5.84kB/5.84kB
Web Tests (1)	UNKNOWN STEP	2026-02-25T19:48:42.8013734Z  c02179436571 Extracting [==================================================>]   5.84kB/5.84kB
Web Tests (1)	UNKNOWN STEP	2026-02-25T19:48:42.8121213Z  c02179436571 Pull complete 
Web Tests (1)	UNKNOWN STEP	2026-02-25T19:48:42.8133761Z  8243369e9866 Extracting [==================================================>]     186B/186B
Web Tests (1)	UNKNOWN STEP	2026-02-25T19:48:42.8137216Z  a954d256f742 Extracting [===============>                                   ]  6.652MB/21.98MB
Web Tests (1)	UNKNOWN STEP	2026-02-25T19:48:42.8139802Z  8243369e9866 Extracting [==================================================>]     186B/186B
Web Tests (1)	UNKNOWN STEP	2026-02-25T19:48:42.8250202Z  8243369e9866 Pull complete 
Web Tests (1)	UNKNOWN STEP	2026-02-25T19:48:42.8321386Z  postgres Pulled 
Web Tests (1)	UNKNOWN STEP	2026-02-25T19:48:42.9141926Z  a954d256f742 Extracting [=================================>                 ]  14.68MB/21.98MB
Web Tests (1)	UNKNOWN STEP	2026-02-25T19:48:43.0146719Z  a954d256f742 Extracting [================================================>  ]  21.33MB/21.98MB
Web Tests (1)	UNKNOWN STEP	2026-02-25T19:48:43.0514596Z  a954d256f742 Extracting [==================================================>]  21.98MB/21.98MB
Web Tests (1)	UNKNOWN STEP	2026-02-25T19:48:43.0832459Z  a954d256f742 Pull complete 
Web Tests (1)	UNKNOWN STEP	2026-02-25T19:48:43.0844641Z  c7ce85987d6d Extracting [==================================================>]  13.29kB/13.29kB
Web Tests (1)	UNKNOWN STEP	2026-02-25T19:48:43.0848918Z  c7ce85987d6d Extracting [==================================================>]  13.29kB/13.29kB
Web Tests (1)	UNKNOWN STEP	2026-02-25T19:48:43.1068688Z  c7ce85987d6d Pull complete 
Web Tests (1)	UNKNOWN STEP	2026-02-25T19:48:43.1267518Z  7807da78b90b Extracting [>                                                  ]  458.8kB/45.54MB
Web Tests (1)	UNKNOWN STEP	2026-02-25T19:48:43.2585223Z  7807da78b90b Extracting [===>                                               ]  2.753MB/45.54MB
Web Tests (1)	UNKNOWN STEP	2026-02-25T19:48:43.3635855Z  7807da78b90b Extracting [========>                                          ]   7.34MB/45.54MB
Web Tests (1)	UNKNOWN STEP	2026-02-25T19:48:43.5195812Z  7807da78b90b Extracting [==========>                                        ]  9.175MB/45.54MB
Web Tests (1)	UNKNOWN STEP	2026-02-25T19:48:43.6285434Z  7807da78b90b Extracting [================>                                  ]  14.68MB/45.54MB
Web Tests (1)	UNKNOWN STEP	2026-02-25T19:48:43.8315084Z  7807da78b90b Extracting [=====================>                             ]  19.27MB/45.54MB
Web Tests (1)	UNKNOWN STEP	2026-02-25T19:48:43.9834765Z  7807da78b90b Extracting [=======================>                           ]  21.56MB/45.54MB
Web Tests (1)	UNKNOWN STEP	2026-02-25T19:48:44.1277657Z  7807da78b90b Extracting [==============================>                    ]  27.53MB/45.54MB
Web Tests (1)	UNKNOWN STEP	2026-02-25T19:48:44.3857020Z  7807da78b90b Extracting [=================================>                 ]  30.74MB/45.54MB
Web Tests (1)	UNKNOWN STEP	2026-02-25T19:48:44.5472495Z  7807da78b90b Extracting [===================================>               ]  32.11MB/45.54MB
Web Tests (1)	UNKNOWN STEP	2026-02-25T19:48:44.6698234Z  7807da78b90b Extracting [====================================>              ]  33.03MB/45.54MB
Web Tests (1)	UNKNOWN STEP	2026-02-25T19:48:44.8054064Z  7807da78b90b Extracting [=====================================>             ]  34.41MB/45.54MB
Web Tests (1)	UNKNOWN STEP	2026-02-25T19:48:44.9448194Z  7807da78b90b Extracting [======================================>            ]  34.87MB/45.54MB
Web Tests (1)	UNKNOWN STEP	2026-02-25T19:48:45.0533538Z  7807da78b90b Extracting [============================================>      ]  40.83MB/45.54MB
Web Tests (1)	UNKNOWN STEP	2026-02-25T19:48:45.1910729Z  7807da78b90b Extracting [==============================================>    ]  42.21MB/45.54MB
Web Tests (1)	UNKNOWN STEP	2026-02-25T19:48:45.3271252Z  7807da78b90b Extracting [===============================================>   ]  43.58MB/45.54MB
Web Tests (1)	UNKNOWN STEP	2026-02-25T19:48:45.4300781Z  7807da78b90b Extracting [=================================================> ]  44.96MB/45.54MB
Web Tests (1)	UNKNOWN STEP	2026-02-25T19:48:45.4448486Z  7807da78b90b Extracting [==================================================>]  45.54MB/45.54MB
Web Tests (1)	UNKNOWN STEP	2026-02-25T19:48:45.7034887Z  7807da78b90b Pull complete 
Web Tests (1)	UNKNOWN STEP	2026-02-25T19:48:45.7050948Z  0478cd5c1079 Extracting [==================================================>]  3.507kB/3.507kB
Web Tests (1)	UNKNOWN STEP	2026-02-25T19:48:45.7054610Z  0478cd5c1079 Extracting [==================================================>]  3.507kB/3.507kB
Web Tests (1)	UNKNOWN STEP	2026-02-25T19:48:45.7160906Z  0478cd5c1079 Pull complete 
Web Tests (1)	UNKNOWN STEP	2026-02-25T19:48:45.7174659Z  3a02ac06be95 Extracting [==================================================>]  3.462kB/3.462kB
Web Tests (1)	UNKNOWN STEP	2026-02-25T19:48:45.7178628Z  3a02ac06be95 Extracting [==================================================>]  3.462kB/3.462kB
Web Tests (1)	UNKNOWN STEP	2026-02-25T19:48:45.7269407Z  3a02ac06be95 Pull complete 
Web Tests (1)	UNKNOWN STEP	2026-02-25T19:48:45.7332562Z  matrix-synapse Pulled 
Web Tests (1)	UNKNOWN STEP	2026-02-25T19:48:45.7352411Z  Network substitution_substitution_network  Creating
Web Tests (1)	UNKNOWN STEP	2026-02-25T19:48:45.7750823Z  Network substitution_substitution_network  Created
Web Tests (1)	UNKNOWN STEP	2026-02-25T19:48:45.7756535Z  Container substitution-redis-1  Creating
Web Tests (1)	UNKNOWN STEP	2026-02-25T19:48:45.7757132Z  Container substitution-postgres-1  Creating
Web Tests (1)	UNKNOWN STEP	2026-02-25T19:48:45.7757641Z  Container substitution-dex-1  Creating
Web Tests (1)	UNKNOWN STEP	2026-02-25T19:48:45.8052119Z  Container substitution-redis-1  Created
Web Tests (1)	UNKNOWN STEP	2026-02-25T19:48:45.8052817Z  Container substitution-dex-1  Created
Web Tests (1)	UNKNOWN STEP	2026-02-25T19:48:45.8053320Z  Container substitution-postgres-1  Created
Web Tests (1)	UNKNOWN STEP	2026-02-25T19:48:45.8053883Z  Container substitution-matrix-synapse-1  Creating
Web Tests (1)	UNKNOWN STEP	2026-02-25T19:48:45.8199461Z  Container substitution-matrix-synapse-1  Created
Web Tests (1)	UNKNOWN STEP	2026-02-25T19:48:45.8214852Z  Container substitution-postgres-1  Starting
Web Tests (1)	UNKNOWN STEP	2026-02-25T19:48:45.8215667Z  Container substitution-redis-1  Starting
Web Tests (1)	UNKNOWN STEP	2026-02-25T19:48:45.8216199Z  Container substitution-dex-1  Starting
Web Tests (1)	UNKNOWN STEP	2026-02-25T19:48:46.0771610Z  Container substitution-redis-1  Started
Web Tests (1)	UNKNOWN STEP	2026-02-25T19:48:46.0835458Z  Container substitution-postgres-1  Started
Web Tests (1)	UNKNOWN STEP	2026-02-25T19:48:46.0956167Z  Container substitution-dex-1  Started
Web Tests (1)	UNKNOWN STEP	2026-02-25T19:48:46.0957128Z  Container substitution-postgres-1  Waiting
Web Tests (1)	UNKNOWN STEP	2026-02-25T19:48:46.0959610Z  Container substitution-dex-1  Waiting
Web Tests (1)	UNKNOWN STEP	2026-02-25T19:48:51.5975375Z  Container substitution-dex-1  Healthy
Web Tests (1)	UNKNOWN STEP	2026-02-25T19:48:56.5976972Z  Container substitution-postgres-1  Healthy
Web Tests (1)	UNKNOWN STEP	2026-02-25T19:48:56.5978170Z  Container substitution-matrix-synapse-1  Starting
Web Tests (1)	UNKNOWN STEP	2026-02-25T19:48:56.7432738Z  Container substitution-matrix-synapse-1  Started
Web Tests (1)	UNKNOWN STEP	2026-02-25T19:49:06.8404601Z time="2026-02-25T19:49:06Z" level=warning msg="/home/runner/work/substitution/substitution/docker-compose.yml: the attribute `version` is obsolete, it will be ignored, please remove it to avoid potential confusion"
Web Tests (1)	UNKNOWN STEP	2026-02-25T19:49:06.8493451Z  Container substitution-postgres-1  Running
Web Tests (1)	UNKNOWN STEP	2026-02-25T19:49:06.8494152Z  Container substitution-dex-1  Running
Web Tests (1)	UNKNOWN STEP	2026-02-25T19:49:06.8494958Z  Container substitution-matrix-synapse-1  Running
Web Tests (1)	UNKNOWN STEP	2026-02-25T19:49:06.8509392Z  Container substitution-postgres-1  Waiting
Web Tests (1)	UNKNOWN STEP	2026-02-25T19:49:06.8510246Z  Container substitution-dex-1  Waiting
Web Tests (1)	UNKNOWN STEP	2026-02-25T19:49:07.3530337Z  Container substitution-dex-1  Healthy
Web Tests (1)	UNKNOWN STEP	2026-02-25T19:49:07.3531348Z  Container substitution-postgres-1  Healthy
Web Tests (1)	UNKNOWN STEP	2026-02-25T19:49:07.3613873Z  matrix-init Pulling 
Web Tests (1)	UNKNOWN STEP	2026-02-25T19:49:07.8563114Z  589002ba0eae Already exists 
Web Tests (1)	UNKNOWN STEP	2026-02-25T19:49:07.8577331Z  aca07fe076f1 Pulling fs layer 
Web Tests (1)	UNKNOWN STEP	2026-02-25T19:49:07.8578194Z  6dafe251d313 Pulling fs layer 
Web Tests (1)	UNKNOWN STEP	2026-02-25T19:49:07.8579919Z  fa340e77c336 Pulling fs layer 
Web Tests (1)	UNKNOWN STEP	2026-02-25T19:49:07.9664141Z  fa340e77c336 Downloading [==================================================>]     247B/247B
Web Tests (1)	UNKNOWN STEP	2026-02-25T19:49:07.9665429Z  fa340e77c336 Verifying Checksum 
Web Tests (1)	UNKNOWN STEP	2026-02-25T19:49:07.9665967Z  fa340e77c336 Download complete 
Web Tests (1)	UNKNOWN STEP	2026-02-25T19:49:07.9706578Z  aca07fe076f1 Downloading [>                                                  ]  4.824kB/460.9kB
Web Tests (1)	UNKNOWN STEP	2026-02-25T19:49:07.9753153Z  aca07fe076f1 Download complete 
Web Tests (1)	UNKNOWN STEP	2026-02-25T19:49:07.9754292Z  aca07fe076f1 Extracting [===>                                               ]  32.77kB/460.9kB
Web Tests (1)	UNKNOWN STEP	2026-02-25T19:49:07.9808820Z  6dafe251d313 Downloading [>                                                  ]  160.9kB/16.02MB
Web Tests (1)	UNKNOWN STEP	2026-02-25T19:49:08.0825456Z  6dafe251d313 Downloading [==============================================>    ]  14.89MB/16.02MB
Web Tests (1)	UNKNOWN STEP	2026-02-25T19:49:08.1003833Z  aca07fe076f1 Extracting [==================================================>]  460.9kB/460.9kB
Web Tests (1)	UNKNOWN STEP	2026-02-25T19:49:08.1134087Z  6dafe251d313 Verifying Checksum 
Web Tests (1)	UNKNOWN STEP	2026-02-25T19:49:08.1135236Z  6dafe251d313 Download complete 
Web Tests (1)	UNKNOWN STEP	2026-02-25T19:49:08.2609841Z  aca07fe076f1 Pull complete 
Web Tests (1)	UNKNOWN STEP	2026-02-25T19:49:08.2635067Z  6dafe251d313 Extracting [>                                                  ]  163.8kB/16.02MB
Web Tests (1)	UNKNOWN STEP	2026-02-25T19:49:08.3716642Z  6dafe251d313 Extracting [=========>                                         ]  2.949MB/16.02MB
Web Tests (1)	UNKNOWN STEP	2026-02-25T19:49:08.4735405Z  6dafe251d313 Extracting [=================>                                 ]  5.734MB/16.02MB
Web Tests (1)	UNKNOWN STEP	2026-02-25T19:49:08.5784994Z  6dafe251d313 Extracting [=================================>                 ]  10.81MB/16.02MB
Web Tests (1)	UNKNOWN STEP	2026-02-25T19:49:08.6983721Z  6dafe251d313 Extracting [========================================>          ]  12.94MB/16.02MB
Web Tests (1)	UNKNOWN STEP	2026-02-25T19:49:08.7986937Z  6dafe251d313 Extracting [=============================================>     ]  14.42MB/16.02MB
Web Tests (1)	UNKNOWN STEP	2026-02-25T19:49:08.9083990Z  6dafe251d313 Extracting [===============================================>   ]  15.24MB/16.02MB
Web Tests (1)	UNKNOWN STEP	2026-02-25T19:49:08.9764314Z  6dafe251d313 Extracting [==================================================>]  16.02MB/16.02MB
Web Tests (1)	UNKNOWN STEP	2026-02-25T19:49:09.0530209Z  6dafe251d313 Pull complete 
Web Tests (1)	UNKNOWN STEP	2026-02-25T19:49:09.0542180Z  fa340e77c336 Extracting [==================================================>]     247B/247B
Web Tests (1)	UNKNOWN STEP	2026-02-25T19:49:09.0548212Z  fa340e77c336 Extracting [==================================================>]     247B/247B
Web Tests (1)	UNKNOWN STEP	2026-02-25T19:49:09.0678176Z  fa340e77c336 Pull complete 
Web Tests (1)	UNKNOWN STEP	2026-02-25T19:49:09.0732387Z  matrix-init Pulled 
Web Tests (1)	UNKNOWN STEP	2026-02-25T19:49:11.8712105Z Collecting requests
Web Tests (1)	UNKNOWN STEP	2026-02-25T19:49:11.9646441Z   Downloading requests-2.32.5-py3-none-any.whl.metadata (4.9 kB)
Web Tests (1)	UNKNOWN STEP	2026-02-25T19:49:12.0920482Z Collecting charset_normalizer<4,>=2 (from requests)
Web Tests (1)	UNKNOWN STEP	2026-02-25T19:49:12.1125884Z   Downloading charset_normalizer-3.4.4-cp311-cp311-musllinux_1_2_x86_64.whl.metadata (37 kB)
Web Tests (1)	UNKNOWN STEP	2026-02-25T19:49:12.1490945Z Collecting idna<4,>=2.5 (from requests)
Web Tests (1)	UNKNOWN STEP	2026-02-25T19:49:12.1690790Z   Downloading idna-3.11-py3-none-any.whl.metadata (8.4 kB)
Web Tests (1)	UNKNOWN STEP	2026-02-25T19:49:12.2205135Z Collecting urllib3<3,>=1.21.1 (from requests)
Web Tests (1)	UNKNOWN STEP	2026-02-25T19:49:12.2409896Z   Downloading urllib3-2.6.3-py3-none-any.whl.metadata (6.9 kB)
Web Tests (1)	UNKNOWN STEP	2026-02-25T19:49:12.2699602Z Collecting certifi>=2017.4.17 (from requests)
Web Tests (1)	UNKNOWN STEP	2026-02-25T19:49:12.2896710Z   Downloading certifi-2026.2.25-py3-none-any.whl.metadata (2.5 kB)
Web Tests (1)	UNKNOWN STEP	2026-02-25T19:49:12.3262798Z Downloading requests-2.32.5-py3-none-any.whl (64 kB)
Web Tests (1)	UNKNOWN STEP	2026-02-25T19:49:12.3367486Z    ━━━━━━━━━━━━━━━━━━━━━━━━━━━━━━━━━━━━━━━━ 64.7/64.7 kB 7.1 MB/s eta 0:00:00
Web Tests (1)	UNKNOWN STEP	2026-02-25T19:49:12.3564935Z Downloading certifi-2026.2.25-py3-none-any.whl (153 kB)
Web Tests (1)	UNKNOWN STEP	2026-02-25T19:49:12.3777187Z    ━━━━━━━━━━━━━━━━━━━━━━━━━━━━━━━━━━━━━━━━ 153.7/153.7 kB 7.6 MB/s eta 0:00:00
Web Tests (1)	UNKNOWN STEP	2026-02-25T19:49:12.3979099Z Downloading charset_normalizer-3.4.4-cp311-cp311-musllinux_1_2_x86_64.whl (152 kB)
Web Tests (1)	UNKNOWN STEP	2026-02-25T19:49:12.4057154Z    ━━━━━━━━━━━━━━━━━━━━━━━━━━━━━━━━━━━━━━━━ 153.0/153.0 kB 25.5 MB/s eta 0:00:00
Web Tests (1)	UNKNOWN STEP	2026-02-25T19:49:12.4255445Z Downloading idna-3.11-py3-none-any.whl (71 kB)
Web Tests (1)	UNKNOWN STEP	2026-02-25T19:49:12.4304089Z    ━━━━━━━━━━━━━━━━━━━━━━━━━━━━━━━━━━━━━━━━ 71.0/71.0 kB 23.6 MB/s eta 0:00:00
Web Tests (1)	UNKNOWN STEP	2026-02-25T19:49:12.4502101Z Downloading urllib3-2.6.3-py3-none-any.whl (131 kB)
Web Tests (1)	UNKNOWN STEP	2026-02-25T19:49:12.4565347Z    ━━━━━━━━━━━━━━━━━━━━━━━━━━━━━━━━━━━━━━━━ 131.6/131.6 kB 28.8 MB/s eta 0:00:00
Web Tests (1)	UNKNOWN STEP	2026-02-25T19:49:12.5272824Z Installing collected packages: urllib3, idna, charset_normalizer, certifi, requests
Web Tests (1)	UNKNOWN STEP	2026-02-25T19:49:12.8600359Z Successfully installed certifi-2026.2.25 charset_normalizer-3.4.4 idna-3.11 requests-2.32.5 urllib3-2.6.3
Web Tests (1)	UNKNOWN STEP	2026-02-25T19:49:12.8605272Z WARNING: Running pip as the 'root' user can result in broken permissions and conflicting behaviour with the system package manager. It is recommended to use a virtual environment instead: https://pip.pypa.io/warnings/venv
Web Tests (1)	UNKNOWN STEP	2026-02-25T19:49:12.9446871Z 
Web Tests (1)	UNKNOWN STEP	2026-02-25T19:49:12.9447447Z [notice] A new release of pip is available: 24.0 -> 26.0.1
Web Tests (1)	UNKNOWN STEP	2026-02-25T19:49:12.9448366Z [notice] To update, run: pip install --upgrade pip
Web Tests (1)	UNKNOWN STEP	2026-02-25T19:49:20.0659016Z Initializing Matrix Synapse test server...
Web Tests (1)	UNKNOWN STEP	2026-02-25T19:49:20.0659447Z 
Web Tests (1)	UNKNOWN STEP	2026-02-25T19:49:20.0659853Z ✓ Synapse server is ready
Web Tests (1)	UNKNOWN STEP	2026-02-25T19:49:20.0660120Z 
Web Tests (1)	UNKNOWN STEP	2026-02-25T19:49:20.0660270Z Creating test users...
Web Tests (1)	UNKNOWN STEP	2026-02-25T19:49:20.0660736Z ✓ Created user: testuser1
Web Tests (1)	UNKNOWN STEP	2026-02-25T19:49:20.0661184Z ✓ Created user: testuser2
Web Tests (1)	UNKNOWN STEP	2026-02-25T19:49:20.0661635Z ✓ Created admin user: testadmin
Web Tests (1)	UNKNOWN STEP	2026-02-25T19:49:20.0661925Z 
Web Tests (1)	UNKNOWN STEP	2026-02-25T19:49:20.0662505Z Creating test rooms and populating with data...
Web Tests (1)	UNKNOWN STEP	2026-02-25T19:49:20.0663240Z ✓ Logged in user: @testadmin:test.matrix.local
Web Tests (1)	UNKNOWN STEP	2026-02-25T19:49:20.0663821Z ✓ Admin token acquired
Web Tests (1)	UNKNOWN STEP	2026-02-25T19:49:20.0664316Z ✓ Logged in user: @testuser1:test.matrix.local
Web Tests (1)	UNKNOWN STEP	2026-02-25T19:49:20.0665082Z ✓ Created room: test_general (!vKAWBkXTPgCYtnhwMQ:test.matrix.local)
Web Tests (1)	UNKNOWN STEP	2026-02-25T19:49:20.0665841Z ✓ Logged in user: @testuser2:test.matrix.local
Web Tests (1)	UNKNOWN STEP	2026-02-25T19:49:20.0666442Z   ✓ User testuser2 joined room
Web Tests (1)	UNKNOWN STEP	2026-02-25T19:49:20.0667004Z ✓ Logged in user: @testadmin:test.matrix.local
Web Tests (1)	UNKNOWN STEP	2026-02-25T19:49:20.0667587Z   ✓ User testadmin joined room
Web Tests (1)	UNKNOWN STEP	2026-02-25T19:49:20.0668259Z   ✓ Published room to directory
Web Tests (1)	UNKNOWN STEP	2026-02-25T19:49:20.0668758Z   ✓ Posted 5 messages to room
Web Tests (1)	UNKNOWN STEP	2026-02-25T19:49:20.0669240Z   Seeding media messages (image, video, audio)...
Web Tests (1)	UNKNOWN STEP	2026-02-25T19:49:20.0670190Z   ✓ Uploaded media 'test_image.png': mxc://test.matrix.local/AEtGgDNMdSJEPwqPAvHyIMiu
Web Tests (1)	UNKNOWN STEP	2026-02-25T19:49:20.0671145Z   ✓ Posted m.image message to room
Web Tests (1)	UNKNOWN STEP	2026-02-25T19:49:20.0672142Z   ✓ Uploaded media 'test_video.mp4': mxc://test.matrix.local/sjWbsCIzVfvpQwcUGwnXAzTD
Web Tests (1)	UNKNOWN STEP	2026-02-25T19:49:20.0673097Z   ✓ Posted m.video message to room
Web Tests (1)	UNKNOWN STEP	2026-02-25T19:49:20.0674067Z   ✓ Uploaded media 'test_audio.mp3': mxc://test.matrix.local/OIdHqsVIjtUZDGXtkDCLXdxk
Web Tests (1)	UNKNOWN STEP	2026-02-25T19:49:20.0674837Z   ✓ Posted m.audio message to room
Web Tests (1)	UNKNOWN STEP	2026-02-25T19:49:20.0675328Z ✓ Created room: test_photos (!uNWXnFsYuduFBerZba:test.matrix.local)
Web Tests (1)	UNKNOWN STEP	2026-02-25T19:49:20.0675830Z ✓ Logged in user: @testuser2:test.matrix.local
Web Tests (1)	UNKNOWN STEP	2026-02-25T19:49:20.0676215Z   ✓ User testuser2 joined room
Web Tests (1)	UNKNOWN STEP	2026-02-25T19:49:20.0676564Z ✓ Logged in user: @testadmin:test.matrix.local
Web Tests (1)	UNKNOWN STEP	2026-02-25T19:49:20.0676874Z   ✓ User testadmin joined room
Web Tests (1)	UNKNOWN STEP	2026-02-25T19:49:20.0677139Z   ✓ Published room to directory
Web Tests (1)	UNKNOWN STEP	2026-02-25T19:49:20.0677409Z   ✓ Posted 3 messages to room
Web Tests (1)	UNKNOWN STEP	2026-02-25T19:49:20.0677669Z   Seeding media messages (image, video, audio)...
Web Tests (1)	UNKNOWN STEP	2026-02-25T19:49:20.0678415Z   ✓ Uploaded media 'test_image.png': mxc://test.matrix.local/WyVcbGxnxzdeOcLPlOflQrrR
Web Tests (1)	UNKNOWN STEP	2026-02-25T19:49:20.0678889Z   ✓ Posted m.image message to room
Web Tests (1)	UNKNOWN STEP	2026-02-25T19:49:20.0679335Z   ✓ Uploaded media 'test_video.mp4': mxc://test.matrix.local/dCGONzwsRFpJFGYmYZCtfpCR
Web Tests (1)	UNKNOWN STEP	2026-02-25T19:49:20.0679779Z   ✓ Posted m.video message to room
Web Tests (1)	UNKNOWN STEP	2026-02-25T19:49:20.0680216Z   ✓ Uploaded media 'test_audio.mp3': mxc://test.matrix.local/kbsAbCdRNGrcAzHshgWNQqNv
Web Tests (1)	UNKNOWN STEP	2026-02-25T19:49:20.0680651Z   ✓ Posted m.audio message to room
Web Tests (1)	UNKNOWN STEP	2026-02-25T19:49:20.0681012Z ✓ Created room: test_art (!sYrfkHYKpGhIHsjROY:test.matrix.local)
Web Tests (1)	UNKNOWN STEP	2026-02-25T19:49:20.0681423Z ✓ Logged in user: @testuser2:test.matrix.local
Web Tests (1)	UNKNOWN STEP	2026-02-25T19:49:20.0681733Z   ✓ User testuser2 joined room
Web Tests (1)	UNKNOWN STEP	2026-02-25T19:49:20.0682029Z ✓ Logged in user: @testadmin:test.matrix.local
Web Tests (1)	UNKNOWN STEP	2026-02-25T19:49:20.0682337Z   ✓ User testadmin joined room
Web Tests (1)	UNKNOWN STEP	2026-02-25T19:49:20.0682600Z   ✓ Published room to directory
Web Tests (1)	UNKNOWN STEP	2026-02-25T19:49:20.0683000Z ✓ Uploaded dummy avatar: mxc://test.matrix.local/YxlEAShACWUCFTQWTzEHAxhw
Web Tests (1)	UNKNOWN STEP	2026-02-25T19:49:20.0683532Z   ✓ Set room avatar to mxc://test.matrix.local/YxlEAShACWUCFTQWTzEHAxhw
Web Tests (1)	UNKNOWN STEP	2026-02-25T19:49:20.0684048Z ✓ Created room: test_invite_only (!VtDEaMmueerankmxqh:test.matrix.local)
Web Tests (1)	UNKNOWN STEP	2026-02-25T19:49:20.0684749Z   ℹ Skipping user invites for room (discovery test)
Web Tests (1)	UNKNOWN STEP	2026-02-25T19:49:20.0685075Z   ✓ Published room to directory
Web Tests (1)	UNKNOWN STEP	2026-02-25T19:49:20.0685341Z   ✓ Posted 2 messages to room
Web Tests (1)	UNKNOWN STEP	2026-02-25T19:49:20.0685703Z ✓ Created room: test_avatar (!sWwMHFtzThEINxppAC:test.matrix.local)
Web Tests (1)	UNKNOWN STEP	2026-02-25T19:49:20.0686131Z ✓ Logged in user: @testuser2:test.matrix.local
Web Tests (1)	UNKNOWN STEP	2026-02-25T19:49:20.0686440Z   ✓ User testuser2 joined room
Web Tests (1)	UNKNOWN STEP	2026-02-25T19:49:20.0686734Z ✓ Logged in user: @testadmin:test.matrix.local
Web Tests (1)	UNKNOWN STEP	2026-02-25T19:49:20.0687046Z   ✓ User testadmin joined room
Web Tests (1)	UNKNOWN STEP	2026-02-25T19:49:20.0687305Z   ✓ Published room to directory
Web Tests (1)	UNKNOWN STEP	2026-02-25T19:49:20.0687705Z ✓ Uploaded dummy avatar: mxc://test.matrix.local/DTSdkjkEvMZacHrbBUvsIHpU
Web Tests (1)	UNKNOWN STEP	2026-02-25T19:49:20.0688442Z   ✓ Set room avatar to mxc://test.matrix.local/DTSdkjkEvMZacHrbBUvsIHpU
Web Tests (1)	UNKNOWN STEP	2026-02-25T19:49:20.0688732Z 
Web Tests (1)	UNKNOWN STEP	2026-02-25T19:49:20.0688978Z ============================================================
Web Tests (1)	UNKNOWN STEP	2026-02-25T19:49:20.0689337Z ✅ Matrix test server initialized successfully!
Web Tests (1)	UNKNOWN STEP	2026-02-25T19:49:20.0689645Z ============================================================
Web Tests (1)	UNKNOWN STEP	2026-02-25T19:49:20.0689835Z 
Web Tests (1)	UNKNOWN STEP	2026-02-25T19:49:20.0689950Z 📝 Test Users:
Web Tests (1)	UNKNOWN STEP	2026-02-25T19:49:20.0690129Z   testuser1
Web Tests (1)	UNKNOWN STEP	2026-02-25T19:49:20.0690310Z     ID: @testuser1:test.matrix.local
Web Tests (1)	UNKNOWN STEP	2026-02-25T19:49:20.0690572Z     Password: testpass123
Web Tests (1)	UNKNOWN STEP	2026-02-25T19:49:20.0690780Z   testuser2
Web Tests (1)	UNKNOWN STEP	2026-02-25T19:49:20.0690966Z     ID: @testuser2:test.matrix.local
Web Tests (1)	UNKNOWN STEP	2026-02-25T19:49:20.0691212Z     Password: testpass123
Web Tests (1)	UNKNOWN STEP	2026-02-25T19:49:20.0691416Z   testadmin
Web Tests (1)	UNKNOWN STEP	2026-02-25T19:49:20.0691589Z     ID: @testadmin:test.matrix.local
Web Tests (1)	UNKNOWN STEP	2026-02-25T19:49:20.0691834Z     Password: testpass123
Web Tests (1)	UNKNOWN STEP	2026-02-25T19:49:20.0691972Z 
Web Tests (1)	UNKNOWN STEP	2026-02-25T19:49:20.0692070Z 🏠 Test Rooms:
Web Tests (1)	UNKNOWN STEP	2026-02-25T19:49:20.0692262Z   test_general (with messages)
Web Tests (1)	UNKNOWN STEP	2026-02-25T19:49:20.0692520Z     ID: !vKAWBkXTPgCYtnhwMQ:test.matrix.local
Web Tests (1)	UNKNOWN STEP	2026-02-25T19:49:20.0692806Z   test_photos (with messages)
Web Tests (1)	UNKNOWN STEP	2026-02-25T19:49:20.0693053Z     ID: !uNWXnFsYuduFBerZba:test.matrix.local
Web Tests (1)	UNKNOWN STEP	2026-02-25T19:49:20.0693320Z   test_art (empty)
Web Tests (1)	UNKNOWN STEP	2026-02-25T19:49:20.0693543Z     ID: !sYrfkHYKpGhIHsjROY:test.matrix.local
Web Tests (1)	UNKNOWN STEP	2026-02-25T19:49:20.0693824Z   test_invite_only (with messages)
Web Tests (1)	UNKNOWN STEP	2026-02-25T19:49:20.0694087Z     ID: !VtDEaMmueerankmxqh:test.matrix.local
Web Tests (1)	UNKNOWN STEP	2026-02-25T19:49:20.0694350Z   test_avatar (empty)
Web Tests (1)	UNKNOWN STEP	2026-02-25T19:49:20.0694573Z     ID: !sWwMHFtzThEINxppAC:test.matrix.local
Web Tests (1)	UNKNOWN STEP	2026-02-25T19:49:20.0694768Z 
Web Tests (1)	UNKNOWN STEP	2026-02-25T19:49:20.0694906Z 🔑 Test Credentials for Integration Tests:
Web Tests (1)	UNKNOWN STEP	2026-02-25T19:49:20.0695194Z   Server:    http://matrix-synapse:8008
Web Tests (1)	UNKNOWN STEP	2026-02-25T19:49:20.0695456Z   Test User: testuser1
Web Tests (1)	UNKNOWN STEP	2026-02-25T19:49:20.0695698Z   Password:  testpass123
Web Tests (1)	UNKNOWN STEP	2026-02-25T19:49:20.0695852Z 
Web Tests (1)	UNKNOWN STEP	2026-02-25T19:49:20.0695930Z Room Status:
Web Tests (1)	UNKNOWN STEP	2026-02-25T19:49:20.0696311Z   test_general - 5 text + image/video/audio messages (for testing message lists and media rendering)
Web Tests (1)	UNKNOWN STEP	2026-02-25T19:49:20.0696919Z   test_photos  - 3 text + image/video/audio messages (for testing photo/media content)
Web Tests (1)	UNKNOWN STEP	2026-02-25T19:49:20.0697370Z   test_art     - 0 messages (for testing empty rooms)
Web Tests (1)	UNKNOWN STEP	2026-02-25T19:49:20.0697745Z ✓ Logged in user: @testuser1:test.matrix.local
Web Tests (1)	UNKNOWN STEP	2026-02-25T19:49:20.0698225Z 
Web Tests (1)	UNKNOWN STEP	2026-02-25T19:49:20.0698379Z   📋 Public room directory has 5 room(s):
Web Tests (1)	UNKNOWN STEP	2026-02-25T19:49:20.0698699Z     - test_general (!vKAWBkXTPgCYtnhwMQ:test.matrix.local)
Web Tests (1)	UNKNOWN STEP	2026-02-25T19:49:20.0699090Z     - test_photos (!uNWXnFsYuduFBerZba:test.matrix.local)
Web Tests (1)	UNKNOWN STEP	2026-02-25T19:49:20.0699431Z     - test_art (!sYrfkHYKpGhIHsjROY:test.matrix.local)
Web Tests (1)	UNKNOWN STEP	2026-02-25T19:49:20.0699776Z     - test_avatar (!sWwMHFtzThEINxppAC:test.matrix.local)
Web Tests (1)	UNKNOWN STEP	2026-02-25T19:49:20.0700137Z     - test_invite_only (!VtDEaMmueerankmxqh:test.matrix.local)
Web Tests (1)	UNKNOWN STEP	2026-02-25T19:49:20.0700374Z 
Web Tests (1)	UNKNOWN STEP	2026-02-25T19:49:20.2237658Z ##[group]Run ./scripts/test.sh web --no-docker --shard 1 --total-shards 7
Web Tests (1)	UNKNOWN STEP	2026-02-25T19:49:20.2238478Z [36;1m./scripts/test.sh web --no-docker --shard 1 --total-shards 7[0m
Web Tests (1)	UNKNOWN STEP	2026-02-25T19:49:20.2286709Z shell: /usr/bin/bash -e {0}
Web Tests (1)	UNKNOWN STEP	2026-02-25T19:49:20.2286952Z env:
Web Tests (1)	UNKNOWN STEP	2026-02-25T19:49:20.2287125Z   CACHE_VERSION: v1
Web Tests (1)	UNKNOWN STEP	2026-02-25T19:49:20.2287643Z   FLUTTER_ROOT: /opt/hostedtoolcache/flutter/stable-3.41.2-x64
Web Tests (1)	UNKNOWN STEP	2026-02-25T19:49:20.2288282Z   PUB_CACHE: /home/runner/.pub-cache
Web Tests (1)	UNKNOWN STEP	2026-02-25T19:49:20.2288597Z   MATRIX_SERVER: http://localhost:8008
Web Tests (1)	UNKNOWN STEP	2026-02-25T19:49:20.2288894Z   MATRIX_TEST_USER: testuser1
Web Tests (1)	UNKNOWN STEP	2026-02-25T19:49:20.2289165Z   MATRIX_TEST_PASSWORD: testpass123
Web Tests (1)	UNKNOWN STEP	2026-02-25T19:49:20.2289423Z ##[endgroup]
Web Tests (1)	UNKNOWN STEP	2026-02-25T19:49:20.2466025Z [1m
Web Tests (1)	UNKNOWN STEP	2026-02-25T19:49:20.2466588Z   Substitution Test Runner
Web Tests (1)	UNKNOWN STEP	2026-02-25T19:49:20.2480226Z   2026-02-25 19:49:20
Web Tests (1)	UNKNOWN STEP	2026-02-25T19:49:20.2480837Z   Targets: web
Web Tests (1)	UNKNOWN STEP	2026-02-25T19:49:20.2481450Z [0m
Web Tests (1)	UNKNOWN STEP	2026-02-25T19:49:20.2488345Z [0;34m[INFO][0m Fetching Flutter dependencies...
Web Tests (1)	UNKNOWN STEP	2026-02-25T19:49:21.3470560Z   unorm_dart 0.2.0 (0.3.2 available)
Web Tests (1)	UNKNOWN STEP	2026-02-25T19:49:21.3471887Z   win32 5.15.0 (6.0.0 available)
Web Tests (1)	UNKNOWN STEP	2026-02-25T19:49:21.3472306Z Got dependencies!
Web Tests (1)	UNKNOWN STEP	2026-02-25T19:49:21.3472884Z 7 packages have newer versions incompatible with dependency constraints.
Web Tests (1)	UNKNOWN STEP	2026-02-25T19:49:21.3473620Z Try `flutter pub outdated` for more information.
Web Tests (1)	UNKNOWN STEP	2026-02-25T19:49:21.3474494Z [0;32m[OK][0m Dependencies fetched
Web Tests (1)	UNKNOWN STEP	2026-02-25T19:49:21.3493645Z [0;34m[INFO][0m Target: web
Web Tests (1)	UNKNOWN STEP	2026-02-25T19:49:21.3494022Z 
Web Tests (1)	UNKNOWN STEP	2026-02-25T19:49:21.3495003Z [1m━━━ Web Tests (Chrome) ━━━[0m
Web Tests (1)	UNKNOWN STEP	2026-02-25T19:49:21.3495264Z 
Web Tests (1)	UNKNOWN STEP	2026-02-25T19:49:21.3495862Z [0;34m[INFO][0m Starting run_web_tests sequence... (Shard: 1, Total: 7)
Web Tests (1)	UNKNOWN STEP	2026-02-25T19:49:21.3504191Z [0;34m[INFO][0m Validating Chrome/Chromium...
Web Tests (1)	UNKNOWN STEP	2026-02-25T19:49:21.3514805Z [0;32m[OK][0m Chrome found: /usr/bin/google-chrome
Web Tests (1)	UNKNOWN STEP	2026-02-25T19:49:23.9399912Z [0;34m[INFO][0m Skipping web unit tests (shard 1 > 0)
Web Tests (1)	UNKNOWN STEP	2026-02-25T19:49:23.9400937Z [0;34m[INFO][0m Phase 2: web integration tests via flutter drive on Chrome
Web Tests (1)	UNKNOWN STEP	2026-02-25T19:49:23.9448957Z [0;34m[INFO][0m Found ChromeDriver at: /usr/local/share/chromedriver-linux64
Web Tests (1)	UNKNOWN STEP	2026-02-25T19:49:24.0129773Z [0;34m[INFO][0m Shard 1/7: running 5 of 32 files
Web Tests (1)	UNKNOWN STEP	2026-02-25T19:49:24.0133521Z [0;34m[INFO][0m Files in this shard: integration_test/comment_nesting_test.dart integration_test/followfeeds_with_matrix_test.dart integration_test/message_types_with_matrix_test.dart integration_test/profile_view_test.dart integration_test/room_feed_with_matrix_test.dart
Web Tests (1)	UNKNOWN STEP	2026-02-25T19:49:24.0173031Z [0;34m[INFO][0m Starting chromedriver on port 4444...
Web Tests (1)	UNKNOWN STEP	2026-02-25T19:49:26.0214329Z [0;34m[INFO][0m   Running: integration_test/comment_nesting_test.dart
Web Tests (1)	UNKNOWN STEP	2026-02-25T19:49:26.2326663Z Resolving dependencies...
Web Tests (1)	UNKNOWN STEP	2026-02-25T19:49:26.4793983Z Downloading packages...
Web Tests (1)	UNKNOWN STEP	2026-02-25T19:49:26.5855472Z   _fe_analyzer_shared 91.0.0 (96.0.0 available)
Web Tests (1)	UNKNOWN STEP	2026-02-25T19:49:26.5856173Z   analyzer 8.4.1 (10.2.0 available)
Web Tests (1)	UNKNOWN STEP	2026-02-25T19:49:26.5856703Z   meta 1.17.0 (1.18.1 available)
Web Tests (1)	UNKNOWN STEP	2026-02-25T19:49:26.5857085Z   sqflite_common_ffi 2.3.7+1 (2.4.0+2 available)
Web Tests (1)	UNKNOWN STEP	2026-02-25T19:49:26.5857489Z   sqlite3 2.9.4 (3.1.6 available)
Web Tests (1)	UNKNOWN STEP	2026-02-25T19:49:26.5857997Z   unorm_dart 0.2.0 (0.3.2 available)
Web Tests (1)	UNKNOWN STEP	2026-02-25T19:49:26.5858348Z   win32 5.15.0 (6.0.0 available)
Web Tests (1)	UNKNOWN STEP	2026-02-25T19:49:26.5858677Z Got dependencies!
Web Tests (1)	UNKNOWN STEP	2026-02-25T19:49:26.5863988Z 7 packages have newer versions incompatible with dependency constraints.
Web Tests (1)	UNKNOWN STEP	2026-02-25T19:49:26.5864643Z Try `flutter pub outdated` for more information.
Web Tests (1)	UNKNOWN STEP	2026-02-25T19:49:27.1676855Z Launching integration_test/comment_nesting_test.dart on Chrome in debug mode...
Web Tests (1)	UNKNOWN STEP	2026-02-25T19:50:13.7380237Z Waiting for connection from debug service on Chrome...             45.3s
Web Tests (1)	UNKNOWN STEP	2026-02-25T19:50:38.6165293Z Instance of 'AppConnectionException'
Web Tests (1)	UNKNOWN STEP	2026-02-25T19:50:38.6166527Z #0      DevHandler._startLocalDebugService (package:dwds/src/handlers/dev_handler.dart:221:7)
Web Tests (1)	UNKNOWN STEP	2026-02-25T19:50:38.6168761Z <asynchronous suspension>
Web Tests (1)	UNKNOWN STEP	2026-02-25T19:50:38.6169997Z #1      DevHandler._createChromeAppServices (package:dwds/src/handlers/dev_handler.dart:303:26)
Web Tests (1)	UNKNOWN STEP	2026-02-25T19:50:38.6170877Z <asynchronous suspension>
Web Tests (1)	UNKNOWN STEP	2026-02-25T19:50:38.6171573Z #2      DevHandler.loadAppServices (package:dwds/src/handlers/dev_handler.dart:273:23)
Web Tests (1)	UNKNOWN STEP	2026-02-25T19:50:38.6172357Z <asynchronous suspension>
Web Tests (1)	UNKNOWN STEP	2026-02-25T19:50:38.6173163Z #3      DevHandler.createDebugConnectionForChrome (package:dwds/src/handlers/dev_handler.dart:600:30)
Web Tests (1)	UNKNOWN STEP	2026-02-25T19:50:38.6174477Z <asynchronous suspension>
Web Tests (1)	UNKNOWN STEP	2026-02-25T19:50:38.6175106Z #4      Dwds.debugConnection (package:dwds/dart_web_debug_service.dart:68:14)
Web Tests (1)	UNKNOWN STEP	2026-02-25T19:50:38.6175795Z <asynchronous suspension>
Web Tests (1)	UNKNOWN STEP	2026-02-25T19:50:38.6178769Z #5      WebDevFS.connect.<anonymous closure> (package:flutter_tools/src/isolated/devfs_web.dart:160:17)
Web Tests (1)	UNKNOWN STEP	2026-02-25T19:50:38.6179683Z <asynchronous suspension>
Web Tests (1)	UNKNOWN STEP	2026-02-25T19:50:38.6179952Z 
Web Tests (1)	UNKNOWN STEP	2026-02-25T19:59:26.1043045Z [1;33m[WARN][0m Timed out with no tests running (possible AppConnectionException) — skipping: integration_test/comment_nesting_test.dart
Web Tests (1)	UNKNOWN STEP	2026-02-25T19:59:26.1044383Z [0;34m[INFO][0m   Running: integration_test/followfeeds_with_matrix_test.dart
Web Tests (1)	UNKNOWN STEP	2026-02-25T19:59:26.3152791Z Resolving dependencies...
Web Tests (1)	UNKNOWN STEP	2026-02-25T19:59:26.5550172Z Downloading packages...
Web Tests (1)	UNKNOWN STEP	2026-02-25T19:59:26.6712781Z   _fe_analyzer_shared 91.0.0 (96.0.0 available)
Web Tests (1)	UNKNOWN STEP	2026-02-25T19:59:26.6713342Z   analyzer 8.4.1 (10.2.0 available)
Web Tests (1)	UNKNOWN STEP	2026-02-25T19:59:26.6713830Z   meta 1.17.0 (1.18.1 available)
Web Tests (1)	UNKNOWN STEP	2026-02-25T19:59:26.6714297Z   sqflite_common_ffi 2.3.7+1 (2.4.0+2 available)
Web Tests (1)	UNKNOWN STEP	2026-02-25T19:59:26.6714792Z   sqlite3 2.9.4 (3.1.6 available)
Web Tests (1)	UNKNOWN STEP	2026-02-25T19:59:26.6715226Z   unorm_dart 0.2.0 (0.3.2 available)
Web Tests (1)	UNKNOWN STEP	2026-02-25T19:59:26.6715641Z   win32 5.15.0 (6.0.0 available)
Web Tests (1)	UNKNOWN STEP	2026-02-25T19:59:26.6716049Z Got dependencies!
Web Tests (1)	UNKNOWN STEP	2026-02-25T19:59:26.6722905Z 7 packages have newer versions incompatible with dependency constraints.
Web Tests (1)	UNKNOWN STEP	2026-02-25T19:59:26.6723653Z Try `flutter pub outdated` for more information.
Web Tests (1)	UNKNOWN STEP	2026-02-25T19:59:27.2455397Z Launching integration_test/followfeeds_with_matrix_test.dart on Chrome in debug mode...
Web Tests (1)	UNKNOWN STEP	2026-02-25T19:59:59.8003148Z Waiting for connection from debug service on Chrome...             32.2s
Web Tests (1)	UNKNOWN STEP	2026-02-25T20:00:14.3962773Z Instance of 'AppConnectionException'
Web Tests (1)	UNKNOWN STEP	2026-02-25T20:00:14.3963697Z #0      DevHandler._startLocalDebugService (package:dwds/src/handlers/dev_handler.dart:221:7)
Web Tests (1)	UNKNOWN STEP	2026-02-25T20:00:14.3964414Z <asynchronous suspension>
Web Tests (1)	UNKNOWN STEP	2026-02-25T20:00:14.3964917Z #1      DevHandler._createChromeAppServices (package:dwds/src/handlers/dev_handler.dart:303:26)
Web Tests (1)	UNKNOWN STEP	2026-02-25T20:00:14.3965425Z <asynchronous suspension>
Web Tests (1)	UNKNOWN STEP	2026-02-25T20:00:14.3965998Z #2      DevHandler.loadAppServices (package:dwds/src/handlers/dev_handler.dart:273:23)
Web Tests (1)	UNKNOWN STEP	2026-02-25T20:00:14.3966726Z <asynchronous suspension>
Web Tests (1)	UNKNOWN STEP	2026-02-25T20:00:14.3967281Z #3      DevHandler.createDebugConnectionForChrome (package:dwds/src/handlers/dev_handler.dart:600:30)
Web Tests (1)	UNKNOWN STEP	2026-02-25T20:00:14.3968025Z <asynchronous suspension>
Web Tests (1)	UNKNOWN STEP	2026-02-25T20:00:14.3968405Z #4      Dwds.debugConnection (package:dwds/dart_web_debug_service.dart:68:14)
Web Tests (1)	UNKNOWN STEP	2026-02-25T20:00:14.3968820Z <asynchronous suspension>
Web Tests (1)	UNKNOWN STEP	2026-02-25T20:00:14.3969266Z #5      WebDevFS.connect.<anonymous closure> (package:flutter_tools/src/isolated/devfs_web.dart:160:17)
Web Tests (1)	UNKNOWN STEP	2026-02-25T20:00:14.3969757Z <asynchronous suspension>
Web Tests (1)	UNKNOWN STEP	2026-02-25T20:00:14.3969905Z 
Web Tests (1)	UNKNOWN STEP	2026-02-25T20:09:26.1873978Z [1;33m[WARN][0m Timed out with no tests running (possible AppConnectionException) — skipping: integration_test/followfeeds_with_matrix_test.dart
Web Tests (1)	UNKNOWN STEP	2026-02-25T20:09:26.1875418Z [0;34m[INFO][0m   Running: integration_test/message_types_with_matrix_test.dart
Web Tests (1)	UNKNOWN STEP	2026-02-25T20:09:26.3997418Z Resolving dependencies...
Web Tests (1)	UNKNOWN STEP	2026-02-25T20:09:26.6283105Z Downloading packages...
Web Tests (1)	UNKNOWN STEP	2026-02-25T20:09:26.7386584Z   _fe_analyzer_shared 91.0.0 (96.0.0 available)
Web Tests (1)	UNKNOWN STEP	2026-02-25T20:09:26.7387285Z   analyzer 8.4.1 (10.2.0 available)
Web Tests (1)	UNKNOWN STEP	2026-02-25T20:09:26.7387693Z   meta 1.17.0 (1.18.1 available)
Web Tests (1)	UNKNOWN STEP	2026-02-25T20:09:26.7388313Z   sqflite_common_ffi 2.3.7+1 (2.4.0+2 available)
Web Tests (1)	UNKNOWN STEP	2026-02-25T20:09:26.7388712Z   sqlite3 2.9.4 (3.1.6 available)
Web Tests (1)	UNKNOWN STEP	2026-02-25T20:09:26.7389326Z   unorm_dart 0.2.0 (0.3.2 available)
Web Tests (1)	UNKNOWN STEP	2026-02-25T20:09:26.7389678Z   win32 5.15.0 (6.0.0 available)
Web Tests (1)	UNKNOWN STEP	2026-02-25T20:09:26.7390021Z Got dependencies!
Web Tests (1)	UNKNOWN STEP	2026-02-25T20:09:26.7395495Z 7 packages have newer versions incompatible with dependency constraints.
Web Tests (1)	UNKNOWN STEP	2026-02-25T20:09:26.7396112Z Try `flutter pub outdated` for more information.
Web Tests (1)	UNKNOWN STEP	2026-02-25T20:09:27.3775810Z Launching integration_test/message_types_with_matrix_test.dart on Chrome in debug mode...
Web Tests (1)	UNKNOWN STEP	2026-02-25T20:09:59.9718485Z Waiting for connection from debug service on Chrome...             32.2s
Web Tests (1)	UNKNOWN STEP	2026-02-25T20:10:14.2150633Z Instance of 'AppConnectionException'
Web Tests (1)	UNKNOWN STEP	2026-02-25T20:10:14.2151496Z #0      DevHandler._startLocalDebugService (package:dwds/src/handlers/dev_handler.dart:221:7)
Web Tests (1)	UNKNOWN STEP	2026-02-25T20:10:14.2152411Z <asynchronous suspension>
Web Tests (1)	UNKNOWN STEP	2026-02-25T20:10:14.2153139Z #1      DevHandler._createChromeAppServices (package:dwds/src/handlers/dev_handler.dart:303:26)
Web Tests (1)	UNKNOWN STEP	2026-02-25T20:10:14.2153926Z <asynchronous suspension>
Web Tests (1)	UNKNOWN STEP	2026-02-25T20:10:14.2154579Z #2      DevHandler.loadAppServices (package:dwds/src/handlers/dev_handler.dart:273:23)
Web Tests (1)	UNKNOWN STEP	2026-02-25T20:10:14.2157101Z <asynchronous suspension>
Web Tests (1)	UNKNOWN STEP	2026-02-25T20:10:14.2158218Z #3      DevHandler.createDebugConnectionForChrome (package:dwds/src/handlers/dev_handler.dart:600:30)
Web Tests (1)	UNKNOWN STEP	2026-02-25T20:10:14.2159083Z <asynchronous suspension>
Web Tests (1)	UNKNOWN STEP	2026-02-25T20:10:14.2159686Z #4      Dwds.debugConnection (package:dwds/dart_web_debug_service.dart:68:14)
Web Tests (1)	UNKNOWN STEP	2026-02-25T20:10:14.2160383Z <asynchronous suspension>
Web Tests (1)	UNKNOWN STEP	2026-02-25T20:10:14.2161145Z #5      WebDevFS.connect.<anonymous closure> (package:flutter_tools/src/isolated/devfs_web.dart:160:17)
Web Tests (1)	UNKNOWN STEP	2026-02-25T20:10:14.2161975Z <asynchronous suspension>
Web Tests (1)	UNKNOWN STEP	2026-02-25T20:10:14.2162230Z 
Web Tests (1)	UNKNOWN STEP	2026-02-25T20:19:26.2758756Z [1;33m[WARN][0m Timed out with no tests running (possible AppConnectionException) — skipping: integration_test/message_types_with_matrix_test.dart
Web Tests (1)	UNKNOWN STEP	2026-02-25T20:19:26.2760031Z [0;34m[INFO][0m   Running: integration_test/profile_view_test.dart
Web Tests (1)	UNKNOWN STEP	2026-02-25T20:19:26.4945436Z Resolving dependencies...
Web Tests (1)	UNKNOWN STEP	2026-02-25T20:19:26.7391670Z Downloading packages...
Web Tests (1)	UNKNOWN STEP	2026-02-25T20:19:26.8536217Z   _fe_analyzer_shared 91.0.0 (96.0.0 available)
Web Tests (1)	UNKNOWN STEP	2026-02-25T20:19:26.8536790Z   analyzer 8.4.1 (10.2.0 available)
Web Tests (1)	UNKNOWN STEP	2026-02-25T20:19:26.8537227Z   meta 1.17.0 (1.18.1 available)
Web Tests (1)	UNKNOWN STEP	2026-02-25T20:19:26.8537726Z   sqflite_common_ffi 2.3.7+1 (2.4.0+2 available)
Web Tests (1)	UNKNOWN STEP	2026-02-25T20:19:26.8538454Z   sqlite3 2.9.4 (3.1.6 available)
Web Tests (1)	UNKNOWN STEP	2026-02-25T20:19:26.8538936Z   unorm_dart 0.2.0 (0.3.2 available)
Web Tests (1)	UNKNOWN STEP	2026-02-25T20:19:26.8539381Z   win32 5.15.0 (6.0.0 available)
Web Tests (1)	UNKNOWN STEP	2026-02-25T20:19:26.8539799Z Got dependencies!
Web Tests (1)	UNKNOWN STEP	2026-02-25T20:19:26.8546222Z 7 packages have newer versions incompatible with dependency constraints.
Web Tests (1)	UNKNOWN STEP	2026-02-25T20:19:26.8547047Z Try `flutter pub outdated` for more information.
Web Tests (1)	UNKNOWN STEP	2026-02-25T20:19:27.4615769Z Launching integration_test/profile_view_test.dart on Chrome in debug mode...
Web Tests (1)	UNKNOWN STEP	2026-02-25T20:19:46.4398399Z Waiting for connection from debug service on Chrome...             18.6s
Web Tests (1)	UNKNOWN STEP	2026-02-25T20:19:55.0608652Z Debug service listening on ws://127.0.0.1:40447/1oHQBQDNDw0=/ws
Web Tests (1)	UNKNOWN STEP	2026-02-25T20:19:55.0613325Z A Dart VM Service on Chrome is available at: http://127.0.0.1:40447/1oHQBQDNDw0=
Web Tests (1)	UNKNOWN STEP	2026-02-25T20:19:55.0619568Z The Flutter DevTools debugger and profiler on Chrome is available at: http://127.0.0.1:40447/1oHQBQDNDw0=/devtools/?uri=ws://127.0.0.1:40447/1oHQBQDNDw0=/ws
Web Tests (1)	UNKNOWN STEP	2026-02-25T20:19:55.0693357Z Starting application from main method in: org-dartlang-app:/web_entrypoint.dart.
Web Tests (1)	UNKNOWN STEP	2026-02-25T20:19:55.3059562Z Found an existing <meta name="viewport"> tag. Flutter Web uses its own viewport configuration for better compatibility with Flutter. This tag will be replaced.
Web Tests (1)	UNKNOWN STEP	2026-02-25T20:19:55.4395500Z 00:00 +0: Profile View Integration Tests View post -> tap avatar -> see profile -> tap their room -> see room feed
Web Tests (1)	UNKNOWN STEP	2026-02-25T20:19:55.6782394Z 00:00 +1: (tearDownAll)
Web Tests (1)	UNKNOWN STEP	2026-02-25T20:19:55.6815342Z 00:00 +2: All tests passed!
Web Tests (1)	UNKNOWN STEP	2026-02-25T20:29:26.4642876Z [1;33m[WARN][0m Timed out after 600s but 2 tests passed, 0 failed — treating as success
Web Tests (1)	UNKNOWN STEP	2026-02-25T20:29:26.4644508Z [0;34m[INFO][0m   Running: integration_test/room_feed_with_matrix_test.dart
Web Tests (1)	UNKNOWN STEP	2026-02-25T20:29:26.6724715Z Resolving dependencies...
Web Tests (1)	UNKNOWN STEP	2026-02-25T20:29:26.9013171Z Downloading packages...
Web Tests (1)	UNKNOWN STEP	2026-02-25T20:29:27.0147033Z   _fe_analyzer_shared 91.0.0 (96.0.0 available)
Web Tests (1)	UNKNOWN STEP	2026-02-25T20:29:27.0147590Z   analyzer 8.4.1 (10.2.0 available)
Web Tests (1)	UNKNOWN STEP	2026-02-25T20:29:27.0148286Z   meta 1.17.0 (1.18.1 available)
Web Tests (1)	UNKNOWN STEP	2026-02-25T20:29:27.0149085Z   sqflite_common_ffi 2.3.7+1 (2.4.0+2 available)
Web Tests (1)	UNKNOWN STEP	2026-02-25T20:29:27.0149557Z   sqlite3 2.9.4 (3.1.6 available)
Web Tests (1)	UNKNOWN STEP	2026-02-25T20:29:27.0150004Z   unorm_dart 0.2.0 (0.3.2 available)
Web Tests (1)	UNKNOWN STEP	2026-02-25T20:29:27.0150422Z   win32 5.15.0 (6.0.0 available)
Web Tests (1)	UNKNOWN STEP	2026-02-25T20:29:27.0150804Z Got dependencies!
Web Tests (1)	UNKNOWN STEP	2026-02-25T20:29:27.0156820Z 7 packages have newer versions incompatible with dependency constraints.
Web Tests (1)	UNKNOWN STEP	2026-02-25T20:29:27.0157455Z Try `flutter pub outdated` for more information.
Web Tests (1)	UNKNOWN STEP	2026-02-25T20:29:27.5844987Z Launching integration_test/room_feed_with_matrix_test.dart on Chrome in debug mode...
Web Tests (1)	UNKNOWN STEP	2026-02-25T20:30:05.5972783Z Waiting for connection from debug service on Chrome...             37.6s
Web Tests (1)	UNKNOWN STEP	2026-02-25T20:30:19.3975583Z Instance of 'AppConnectionException'
Web Tests (1)	UNKNOWN STEP	2026-02-25T20:30:19.3976581Z #0      DevHandler._startLocalDebugService (package:dwds/src/handlers/dev_handler.dart:221:7)
Web Tests (1)	UNKNOWN STEP	2026-02-25T20:30:19.3977474Z <asynchronous suspension>
Web Tests (1)	UNKNOWN STEP	2026-02-25T20:30:19.3978403Z #1      DevHandler._createChromeAppServices (package:dwds/src/handlers/dev_handler.dart:303:26)
Web Tests (1)	UNKNOWN STEP	2026-02-25T20:30:19.3979342Z <asynchronous suspension>
Web Tests (1)	UNKNOWN STEP	2026-02-25T20:30:19.3979992Z #2      DevHandler.loadAppServices (package:dwds/src/handlers/dev_handler.dart:273:23)
Web Tests (1)	UNKNOWN STEP	2026-02-25T20:30:19.3980708Z <asynchronous suspension>
Web Tests (1)	UNKNOWN STEP	2026-02-25T20:30:19.3981539Z #3      DevHandler.createDebugConnectionForChrome (package:dwds/src/handlers/dev_handler.dart:600:30)
Web Tests (1)	UNKNOWN STEP	2026-02-25T20:30:19.3982369Z <asynchronous suspension>
Web Tests (1)	UNKNOWN STEP	2026-02-25T20:30:19.3982935Z #4      Dwds.debugConnection (package:dwds/dart_web_debug_service.dart:68:14)
Web Tests (1)	UNKNOWN STEP	2026-02-25T20:30:19.3983566Z <asynchronous suspension>
Web Tests (1)	UNKNOWN STEP	2026-02-25T20:30:19.3984289Z #5      WebDevFS.connect.<anonymous closure> (package:flutter_tools/src/isolated/devfs_web.dart:160:17)
Web Tests (1)	UNKNOWN STEP	2026-02-25T20:30:19.3985080Z <asynchronous suspension>
Web Tests (1)	UNKNOWN STEP	2026-02-25T20:30:19.3985314Z 
Web Tests (1)	UNKNOWN STEP	2026-02-25T20:34:32.7323490Z ##[error]The action 'Run web tests' has timed out after 45 minutes.
Web Tests (1)	UNKNOWN STEP	2026-02-25T20:34:32.7389184Z ##[group]Run echo "=== test-results/ ==="
Web Tests (1)	UNKNOWN STEP	2026-02-25T20:34:32.7389541Z [36;1mecho "=== test-results/ ==="[0m
Web Tests (1)	UNKNOWN STEP	2026-02-25T20:34:32.7389921Z [36;1mls -la test-results/ 2>/dev/null || echo "(no test-results dir)"[0m
Web Tests (1)	UNKNOWN STEP	2026-02-25T20:34:32.7390302Z [36;1mfor f in test-results/*.log; do[0m
Web Tests (1)	UNKNOWN STEP	2026-02-25T20:34:32.7390564Z [36;1m  [ -f "$f" ] || continue[0m
Web Tests (1)	UNKNOWN STEP	2026-02-25T20:34:32.7390793Z [36;1m  echo ""[0m
Web Tests (1)	UNKNOWN STEP	2026-02-25T20:34:32.7390994Z [36;1m  echo "=== $f ==="[0m
Web Tests (1)	UNKNOWN STEP	2026-02-25T20:34:32.7391211Z [36;1m  tail -100 "$f"[0m
Web Tests (1)	UNKNOWN STEP	2026-02-25T20:34:32.7391416Z [36;1mdone[0m
Web Tests (1)	UNKNOWN STEP	2026-02-25T20:34:32.7442734Z shell: /usr/bin/bash -e {0}
Web Tests (1)	UNKNOWN STEP	2026-02-25T20:34:32.7442977Z env:
Web Tests (1)	UNKNOWN STEP	2026-02-25T20:34:32.7443162Z   CACHE_VERSION: v1
Web Tests (1)	UNKNOWN STEP	2026-02-25T20:34:32.7443459Z   FLUTTER_ROOT: /opt/hostedtoolcache/flutter/stable-3.41.2-x64
Web Tests (1)	UNKNOWN STEP	2026-02-25T20:34:32.7443830Z   PUB_CACHE: /home/runner/.pub-cache
Web Tests (1)	UNKNOWN STEP	2026-02-25T20:34:32.7444091Z ##[endgroup]
Web Tests (1)	UNKNOWN STEP	2026-02-25T20:34:32.7514124Z === test-results/ ===
Web Tests (1)	UNKNOWN STEP	2026-02-25T20:34:32.7528946Z total 45388
Web Tests (1)	UNKNOWN STEP	2026-02-25T20:34:32.7530165Z drwxr-xr-x  2 runner runner     4096 Feb 25 20:29 .
Web Tests (1)	UNKNOWN STEP	2026-02-25T20:34:32.7531132Z drwxr-xr-x 24 runner runner     4096 Feb 25 19:49 ..
Web Tests (1)	UNKNOWN STEP	2026-02-25T20:34:32.7531931Z -rw-r--r--  1 runner runner      233 Feb 25 19:48 ios-device-info.txt
Web Tests (1)	UNKNOWN STEP	2026-02-25T20:34:32.7532795Z -rw-r--r--  1 runner runner 34795326 Feb 25 19:48 ios-test-results.txt
Web Tests (1)	UNKNOWN STEP	2026-02-25T20:34:32.7533886Z -rw-r--r--  1 runner runner 11471554 Feb 25 19:48 test-results.txt
Web Tests (1)	UNKNOWN STEP	2026-02-25T20:34:32.7535528Z -rw-r--r--  1 runner runner     1374 Feb 25 20:30 web-drive-room_feed_with_matrix_test.dart.log
Web Tests (1)	UNKNOWN STEP	2026-02-25T20:34:32.7536224Z -rw-r--r--  1 runner runner     6816 Feb 25 20:30 web-integration-tests.log
Web Tests (1)	UNKNOWN STEP	2026-02-25T20:34:32.7536712Z -rw-r--r--  1 runner runner   181872 Feb 25 19:48 web-test-results.txt
Web Tests (1)	UNKNOWN STEP	2026-02-25T20:34:32.7537111Z 
Web Tests (1)	UNKNOWN STEP	2026-02-25T20:34:32.7537562Z === test-results/web-drive-room_feed_with_matrix_test.dart.log ===
Web Tests (1)	UNKNOWN STEP	2026-02-25T20:34:32.7544999Z Resolving dependencies...
Web Tests (1)	UNKNOWN STEP	2026-02-25T20:34:32.7545824Z Downloading packages...
Web Tests (1)	UNKNOWN STEP	2026-02-25T20:34:32.7546784Z   _fe_analyzer_shared 91.0.0 (96.0.0 available)
Web Tests (1)	UNKNOWN STEP	2026-02-25T20:34:32.7547690Z   analyzer 8.4.1 (10.2.0 available)
Web Tests (1)	UNKNOWN STEP	2026-02-25T20:34:32.7549358Z   meta 1.17.0 (1.18.1 available)
Web Tests (1)	UNKNOWN STEP	2026-02-25T20:34:32.7550374Z   sqflite_common_ffi 2.3.7+1 (2.4.0+2 available)
Web Tests (1)	UNKNOWN STEP	2026-02-25T20:34:32.7551188Z   sqlite3 2.9.4 (3.1.6 available)
Web Tests (1)	UNKNOWN STEP	2026-02-25T20:34:32.7552137Z   unorm_dart 0.2.0 (0.3.2 available)
Web Tests (1)	UNKNOWN STEP	2026-02-25T20:34:32.7552894Z   win32 5.15.0 (6.0.0 available)
Web Tests (1)	UNKNOWN STEP	2026-02-25T20:34:32.7553733Z Got dependencies!
Web Tests (1)	UNKNOWN STEP	2026-02-25T20:34:32.7554770Z 7 packages have newer versions incompatible with dependency constraints.
Web Tests (1)	UNKNOWN STEP	2026-02-25T20:34:32.7555636Z Try `flutter pub outdated` for more information.
Web Tests (1)	UNKNOWN STEP	2026-02-25T20:34:32.7556553Z Launching integration_test/room_feed_with_matrix_test.dart on Chrome in debug mode...
Web Tests (1)	UNKNOWN STEP	2026-02-25T20:34:32.7558502Z Waiting for connection from debug service on Chrome...             37.6s
Web Tests (1)	UNKNOWN STEP	2026-02-25T20:34:32.7559305Z Instance of 'AppConnectionException'
Web Tests (1)	UNKNOWN STEP	2026-02-25T20:34:32.7560238Z #0      DevHandler._startLocalDebugService (package:dwds/src/handlers/dev_handler.dart:221:7)
Web Tests (1)	UNKNOWN STEP	2026-02-25T20:34:32.7561109Z <asynchronous suspension>
Web Tests (1)	UNKNOWN STEP	2026-02-25T20:34:32.7561553Z #1      DevHandler._createChromeAppServices (package:dwds/src/handlers/dev_handler.dart:303:26)
Web Tests (1)	UNKNOWN STEP	2026-02-25T20:34:32.7564086Z <asynchronous suspension>
Web Tests (1)	UNKNOWN STEP	2026-02-25T20:34:32.7564732Z #2      DevHandler.loadAppServices (package:dwds/src/handlers/dev_handler.dart:273:23)
Web Tests (1)	UNKNOWN STEP	2026-02-25T20:34:32.7565518Z <asynchronous suspension>
Web Tests (1)	UNKNOWN STEP	2026-02-25T20:34:32.7566292Z #3      DevHandler.createDebugConnectionForChrome (package:dwds/src/handlers/dev_handler.dart:600:30)
Web Tests (1)	UNKNOWN STEP	2026-02-25T20:34:32.7567021Z <asynchronous suspension>
Web Tests (1)	UNKNOWN STEP	2026-02-25T20:34:32.7567356Z #4      Dwds.debugConnection (package:dwds/dart_web_debug_service.dart:68:14)
Web Tests (1)	UNKNOWN STEP	2026-02-25T20:34:32.7567726Z <asynchronous suspension>
Web Tests (1)	UNKNOWN STEP	2026-02-25T20:34:32.7568476Z #5      WebDevFS.connect.<anonymous closure> (package:flutter_tools/src/isolated/devfs_web.dart:160:17)
Web Tests (1)	UNKNOWN STEP	2026-02-25T20:34:32.7569139Z <asynchronous suspension>
Web Tests (1)	UNKNOWN STEP	2026-02-25T20:34:32.7569290Z 
Web Tests (1)	UNKNOWN STEP	2026-02-25T20:34:32.7569322Z 
Web Tests (1)	UNKNOWN STEP	2026-02-25T20:34:32.7569444Z === test-results/web-integration-tests.log ===
Web Tests (1)	UNKNOWN STEP	2026-02-25T20:34:32.7569726Z   sqlite3 2.9.4 (3.1.6 available)
Web Tests (1)	UNKNOWN STEP	2026-02-25T20:34:32.7569961Z   unorm_dart 0.2.0 (0.3.2 available)
Web Tests (1)	UNKNOWN STEP	2026-02-25T20:34:32.7570199Z   win32 5.15.0 (6.0.0 available)
Web Tests (1)	UNKNOWN STEP	2026-02-25T20:34:32.7570420Z Got dependencies!
Web Tests (1)	UNKNOWN STEP	2026-02-25T20:34:32.7570725Z 7 packages have newer versions incompatible with dependency constraints.
Web Tests (1)	UNKNOWN STEP	2026-02-25T20:34:32.7571117Z Try `flutter pub outdated` for more information.
Web Tests (1)	UNKNOWN STEP	2026-02-25T20:34:32.7571552Z Launching integration_test/followfeeds_with_matrix_test.dart on Chrome in debug mode...
Web Tests (1)	UNKNOWN STEP	2026-02-25T20:34:32.7572066Z Waiting for connection from debug service on Chrome...             32.2s
Web Tests (1)	UNKNOWN STEP	2026-02-25T20:34:32.7572434Z Instance of 'AppConnectionException'
Web Tests (1)	UNKNOWN STEP	2026-02-25T20:34:32.7572864Z #0      DevHandler._startLocalDebugService (package:dwds/src/handlers/dev_handler.dart:221:7)
Web Tests (1)	UNKNOWN STEP	2026-02-25T20:34:32.7573295Z <asynchronous suspension>
Web Tests (1)	UNKNOWN STEP	2026-02-25T20:34:32.7573684Z #1      DevHandler._createChromeAppServices (package:dwds/src/handlers/dev_handler.dart:303:26)
Web Tests (1)	UNKNOWN STEP	2026-02-25T20:34:32.7574124Z <asynchronous suspension>
Web Tests (1)	UNKNOWN STEP	2026-02-25T20:34:32.7574478Z #2      DevHandler.loadAppServices (package:dwds/src/handlers/dev_handler.dart:273:23)
Web Tests (1)	UNKNOWN STEP	2026-02-25T20:34:32.7574870Z <asynchronous suspension>
Web Tests (1)	UNKNOWN STEP	2026-02-25T20:34:32.7575286Z #3      DevHandler.createDebugConnectionForChrome (package:dwds/src/handlers/dev_handler.dart:600:30)
Web Tests (1)	UNKNOWN STEP	2026-02-25T20:34:32.7575751Z <asynchronous suspension>
Web Tests (1)	UNKNOWN STEP	2026-02-25T20:34:32.7576067Z #4      Dwds.debugConnection (package:dwds/dart_web_debug_service.dart:68:14)
Web Tests (1)	UNKNOWN STEP	2026-02-25T20:34:32.7576423Z <asynchronous suspension>
Web Tests (1)	UNKNOWN STEP	2026-02-25T20:34:32.7576820Z #5      WebDevFS.connect.<anonymous closure> (package:flutter_tools/src/isolated/devfs_web.dart:160:17)
Web Tests (1)	UNKNOWN STEP	2026-02-25T20:34:32.7577295Z <asynchronous suspension>
Web Tests (1)	UNKNOWN STEP	2026-02-25T20:34:32.7577430Z 
Web Tests (1)	UNKNOWN STEP	2026-02-25T20:34:32.7577511Z Resolving dependencies...
Web Tests (1)	UNKNOWN STEP	2026-02-25T20:34:32.7577724Z Downloading packages...
Web Tests (1)	UNKNOWN STEP	2026-02-25T20:34:32.7578228Z   _fe_analyzer_shared 91.0.0 (96.0.0 available)
Web Tests (1)	UNKNOWN STEP	2026-02-25T20:34:32.7578649Z   analyzer 8.4.1 (10.2.0 available)
Web Tests (1)	UNKNOWN STEP	2026-02-25T20:34:32.7578885Z   meta 1.17.0 (1.18.1 available)
Web Tests (1)	UNKNOWN STEP	2026-02-25T20:34:32.7579134Z   sqflite_common_ffi 2.3.7+1 (2.4.0+2 available)
Web Tests (1)	UNKNOWN STEP	2026-02-25T20:34:32.7579398Z   sqlite3 2.9.4 (3.1.6 available)
Web Tests (1)	UNKNOWN STEP	2026-02-25T20:34:32.7579628Z   unorm_dart 0.2.0 (0.3.2 available)
Web Tests (1)	UNKNOWN STEP	2026-02-25T20:34:32.7579859Z   win32 5.15.0 (6.0.0 available)
Web Tests (1)	UNKNOWN STEP	2026-02-25T20:34:32.7580071Z Got dependencies!
Web Tests (1)	UNKNOWN STEP	2026-02-25T20:34:32.7580366Z 7 packages have newer versions incompatible with dependency constraints.
Web Tests (1)	UNKNOWN STEP	2026-02-25T20:34:32.7580761Z Try `flutter pub outdated` for more information.
Web Tests (1)	UNKNOWN STEP	2026-02-25T20:34:32.7581198Z Launching integration_test/message_types_with_matrix_test.dart on Chrome in debug mode...
Web Tests (1)	UNKNOWN STEP	2026-02-25T20:34:32.7581714Z Waiting for connection from debug service on Chrome...             32.2s
Web Tests (1)	UNKNOWN STEP	2026-02-25T20:34:32.7582076Z Instance of 'AppConnectionException'
Web Tests (1)	UNKNOWN STEP	2026-02-25T20:34:32.7582499Z #0      DevHandler._startLocalDebugService (package:dwds/src/handlers/dev_handler.dart:221:7)
Web Tests (1)	UNKNOWN STEP	2026-02-25T20:34:32.7582939Z <asynchronous suspension>
Web Tests (1)	UNKNOWN STEP	2026-02-25T20:34:32.7583341Z #1      DevHandler._createChromeAppServices (package:dwds/src/handlers/dev_handler.dart:303:26)
Web Tests (1)	UNKNOWN STEP	2026-02-25T20:34:32.7583775Z <asynchronous suspension>
Web Tests (1)	UNKNOWN STEP	2026-02-25T20:34:32.7584129Z #2      DevHandler.loadAppServices (package:dwds/src/handlers/dev_handler.dart:273:23)
Web Tests (1)	UNKNOWN STEP	2026-02-25T20:34:32.7584526Z <asynchronous suspension>
Web Tests (1)	UNKNOWN STEP	2026-02-25T20:34:32.7584947Z #3      DevHandler.createDebugConnectionForChrome (package:dwds/src/handlers/dev_handler.dart:600:30)
Web Tests (1)	UNKNOWN STEP	2026-02-25T20:34:32.7585425Z <asynchronous suspension>
Web Tests (1)	UNKNOWN STEP	2026-02-25T20:34:32.7585750Z #4      Dwds.debugConnection (package:dwds/dart_web_debug_service.dart:68:14)
Web Tests (1)	UNKNOWN STEP	2026-02-25T20:34:32.7586114Z <asynchronous suspension>
Web Tests (1)	UNKNOWN STEP	2026-02-25T20:34:32.7586511Z #5      WebDevFS.connect.<anonymous closure> (package:flutter_tools/src/isolated/devfs_web.dart:160:17)
Web Tests (1)	UNKNOWN STEP	2026-02-25T20:34:32.7586955Z <asynchronous suspension>
Web Tests (1)	UNKNOWN STEP	2026-02-25T20:34:32.7587214Z 
Web Tests (1)	UNKNOWN STEP	2026-02-25T20:34:32.7587308Z Resolving dependencies...
Web Tests (1)	UNKNOWN STEP	2026-02-25T20:34:32.7587524Z Downloading packages...
Web Tests (1)	UNKNOWN STEP	2026-02-25T20:34:32.7587752Z   _fe_analyzer_shared 91.0.0 (96.0.0 available)
Web Tests (1)	UNKNOWN STEP	2026-02-25T20:34:32.7588303Z   analyzer 8.4.1 (10.2.0 available)
Web Tests (1)	UNKNOWN STEP	2026-02-25T20:34:32.7588542Z   meta 1.17.0 (1.18.1 available)
Web Tests (1)	UNKNOWN STEP	2026-02-25T20:34:32.7588790Z   sqflite_common_ffi 2.3.7+1 (2.4.0+2 available)
Web Tests (1)	UNKNOWN STEP	2026-02-25T20:34:32.7589056Z   sqlite3 2.9.4 (3.1.6 available)
Web Tests (1)	UNKNOWN STEP	2026-02-25T20:34:32.7589287Z   unorm_dart 0.2.0 (0.3.2 available)
Web Tests (1)	UNKNOWN STEP	2026-02-25T20:34:32.7589516Z   win32 5.15.0 (6.0.0 available)
Web Tests (1)	UNKNOWN STEP	2026-02-25T20:34:32.7589728Z Got dependencies!
Web Tests (1)	UNKNOWN STEP	2026-02-25T20:34:32.7590028Z 7 packages have newer versions incompatible with dependency constraints.
Web Tests (1)	UNKNOWN STEP	2026-02-25T20:34:32.7590432Z Try `flutter pub outdated` for more information.
Web Tests (1)	UNKNOWN STEP	2026-02-25T20:34:32.7590824Z Launching integration_test/profile_view_test.dart on Chrome in debug mode...
Web Tests (1)	UNKNOWN STEP	2026-02-25T20:34:32.7591294Z Waiting for connection from debug service on Chrome...             18.6s
Web Tests (1)	UNKNOWN STEP	2026-02-25T20:34:32.7591715Z Debug service listening on ws://127.0.0.1:40447/1oHQBQDNDw0=/ws
Web Tests (1)	UNKNOWN STEP	2026-02-25T20:34:32.7592158Z A Dart VM Service on Chrome is available at: http://127.0.0.1:40447/1oHQBQDNDw0=
Web Tests (1)	UNKNOWN STEP	2026-02-25T20:34:32.7592911Z The Flutter DevTools debugger and profiler on Chrome is available at: http://127.0.0.1:40447/1oHQBQDNDw0=/devtools/?uri=ws://127.0.0.1:40447/1oHQBQDNDw0=/ws
Web Tests (1)	UNKNOWN STEP	2026-02-25T20:34:32.7593662Z Starting application from main method in: org-dartlang-app:/web_entrypoint.dart.
Web Tests (1)	UNKNOWN STEP	2026-02-25T20:34:32.7594433Z Found an existing <meta name="viewport"> tag. Flutter Web uses its own viewport configuration for better compatibility with Flutter. This tag will be replaced.
Web Tests (1)	UNKNOWN STEP	2026-02-25T20:34:32.7595445Z 00:00 +0: Profile View Integration Tests View post -> tap avatar -> see profile -> tap their room -> see room feed
Web Tests (1)	UNKNOWN STEP	2026-02-25T20:34:32.7595973Z 00:00 +1: (tearDownAll)
Web Tests (1)	UNKNOWN STEP	2026-02-25T20:34:32.7596256Z 00:00 +2: All tests passed!
Web Tests (1)	UNKNOWN STEP	2026-02-25T20:34:32.7596475Z Resolving dependencies...
Web Tests (1)	UNKNOWN STEP	2026-02-25T20:34:32.7596706Z Downloading packages...
Web Tests (1)	UNKNOWN STEP	2026-02-25T20:34:32.7598189Z   _fe_analyzer_shared 91.0.0 (96.0.0 available)
Web Tests (1)	UNKNOWN STEP	2026-02-25T20:34:32.7598664Z   analyzer 8.4.1 (10.2.0 available)
Web Tests (1)	UNKNOWN STEP	2026-02-25T20:34:32.7599095Z   meta 1.17.0 (1.18.1 available)
Web Tests (1)	UNKNOWN STEP	2026-02-25T20:34:32.7599520Z   sqflite_common_ffi 2.3.7+1 (2.4.0+2 available)
Web Tests (1)	UNKNOWN STEP	2026-02-25T20:34:32.7599972Z   sqlite3 2.9.4 (3.1.6 available)
Web Tests (1)	UNKNOWN STEP	2026-02-25T20:34:32.7600373Z   unorm_dart 0.2.0 (0.3.2 available)
Web Tests (1)	UNKNOWN STEP	2026-02-25T20:34:32.7600763Z   win32 5.15.0 (6.0.0 available)
Web Tests (1)	UNKNOWN STEP	2026-02-25T20:34:32.7601114Z Got dependencies!
Web Tests (1)	UNKNOWN STEP	2026-02-25T20:34:32.7601627Z 7 packages have newer versions incompatible with dependency constraints.
Web Tests (1)	UNKNOWN STEP	2026-02-25T20:34:32.7602292Z Try `flutter pub outdated` for more information.
Web Tests (1)	UNKNOWN STEP	2026-02-25T20:34:32.7603005Z Launching integration_test/room_feed_with_matrix_test.dart on Chrome in debug mode...
Web Tests (1)	UNKNOWN STEP	2026-02-25T20:34:32.7603906Z Waiting for connection from debug service on Chrome...             37.6s
Web Tests (1)	UNKNOWN STEP	2026-02-25T20:34:32.7604633Z Instance of 'AppConnectionException'
Web Tests (1)	UNKNOWN STEP	2026-02-25T20:34:32.7605302Z #0      DevHandler._startLocalDebugService (package:dwds/src/handlers/dev_handler.dart:221:7)
Web Tests (1)	UNKNOWN STEP	2026-02-25T20:34:32.7605987Z <asynchronous suspension>
Web Tests (1)	UNKNOWN STEP	2026-02-25T20:34:32.7606635Z #1      DevHandler._createChromeAppServices (package:dwds/src/handlers/dev_handler.dart:303:26)
Web Tests (1)	UNKNOWN STEP	2026-02-25T20:34:32.7607407Z <asynchronous suspension>
Web Tests (1)	UNKNOWN STEP	2026-02-25T20:34:32.7608256Z #2      DevHandler.loadAppServices (package:dwds/src/handlers/dev_handler.dart:273:23)
Web Tests (1)	UNKNOWN STEP	2026-02-25T20:34:32.7608949Z <asynchronous suspension>
Web Tests (1)	UNKNOWN STEP	2026-02-25T20:34:32.7609683Z #3      DevHandler.createDebugConnectionForChrome (package:dwds/src/handlers/dev_handler.dart:600:30)
Web Tests (1)	UNKNOWN STEP	2026-02-25T20:34:32.7610485Z <asynchronous suspension>
Web Tests (1)	UNKNOWN STEP	2026-02-25T20:34:32.7610825Z #4      Dwds.debugConnection (package:dwds/dart_web_debug_service.dart:68:14)
Web Tests (1)	UNKNOWN STEP	2026-02-25T20:34:32.7611215Z <asynchronous suspension>
Web Tests (1)	UNKNOWN STEP	2026-02-25T20:34:32.7611726Z #5      WebDevFS.connect.<anonymous closure> (package:flutter_tools/src/isolated/devfs_web.dart:160:17)
Web Tests (1)	UNKNOWN STEP	2026-02-25T20:34:32.7613010Z <asynchronous suspension>
Web Tests (1)	UNKNOWN STEP	2026-02-25T20:34:32.7613428Z 
Web Tests (1)	UNKNOWN STEP	2026-02-25T20:34:32.7650343Z ##[group]Run docker compose down -v
Web Tests (1)	UNKNOWN STEP	2026-02-25T20:34:32.7650665Z [36;1mdocker compose down -v[0m
Web Tests (1)	UNKNOWN STEP	2026-02-25T20:34:32.7694479Z shell: /usr/bin/bash -e {0}
Web Tests (1)	UNKNOWN STEP	2026-02-25T20:34:32.7694717Z env:
Web Tests (1)	UNKNOWN STEP	2026-02-25T20:34:32.7694886Z   CACHE_VERSION: v1
Web Tests (1)	UNKNOWN STEP	2026-02-25T20:34:32.7695179Z   FLUTTER_ROOT: /opt/hostedtoolcache/flutter/stable-3.41.2-x64
Web Tests (1)	UNKNOWN STEP	2026-02-25T20:34:32.7695528Z   PUB_CACHE: /home/runner/.pub-cache
Web Tests (1)	UNKNOWN STEP	2026-02-25T20:34:32.7695789Z ##[endgroup]
Web Tests (1)	UNKNOWN STEP	2026-02-25T20:34:32.8407266Z time="2026-02-25T20:34:32Z" level=warning msg="/home/runner/work/substitution/substitution/docker-compose.yml: the attribute `version` is obsolete, it will be ignored, please remove it to avoid potential confusion"
Web Tests (1)	UNKNOWN STEP	2026-02-25T20:34:32.8442901Z  Container substitution-redis-1  Stopping
Web Tests (1)	UNKNOWN STEP	2026-02-25T20:34:32.8444205Z  Container substitution-matrix-synapse-1  Stopping
Web Tests (1)	UNKNOWN STEP	2026-02-25T20:34:33.0476143Z  Container substitution-redis-1  Stopped
Web Tests (1)	UNKNOWN STEP	2026-02-25T20:34:33.0479642Z  Container substitution-redis-1  Removing
Web Tests (1)	UNKNOWN STEP	2026-02-25T20:34:33.0480918Z  Container substitution-redis-1  Removed
Web Tests (1)	UNKNOWN STEP	2026-02-25T20:34:33.0877150Z  Container substitution-matrix-synapse-1  Stopped
Web Tests (1)	UNKNOWN STEP	2026-02-25T20:34:33.0879559Z  Container substitution-matrix-synapse-1  Removing
Web Tests (1)	UNKNOWN STEP	2026-02-25T20:34:33.1479034Z  Container substitution-matrix-synapse-1  Removed
Web Tests (1)	UNKNOWN STEP	2026-02-25T20:34:33.1480003Z  Container substitution-postgres-1  Stopping
Web Tests (1)	UNKNOWN STEP	2026-02-25T20:34:33.1480794Z  Container substitution-dex-1  Stopping
Web Tests (1)	UNKNOWN STEP	2026-02-25T20:34:33.2823842Z  Container substitution-dex-1  Stopped
Web Tests (1)	UNKNOWN STEP	2026-02-25T20:34:33.2824491Z  Container substitution-dex-1  Removing
Web Tests (1)	UNKNOWN STEP	2026-02-25T20:34:33.2825049Z  Container substitution-dex-1  Removed
Web Tests (1)	UNKNOWN STEP	2026-02-25T20:34:33.3003966Z  Container substitution-postgres-1  Stopped
Web Tests (1)	UNKNOWN STEP	2026-02-25T20:34:33.3004717Z  Container substitution-postgres-1  Removing
Web Tests (1)	UNKNOWN STEP	2026-02-25T20:34:33.3705139Z  Container substitution-postgres-1  Removed
Web Tests (1)	UNKNOWN STEP	2026-02-25T20:34:33.3713909Z  Network substitution_substitution_network  Removing
Web Tests (1)	UNKNOWN STEP	2026-02-25T20:34:33.4838367Z  Network substitution_substitution_network  Removed
Web Tests (1)	UNKNOWN STEP	2026-02-25T20:34:33.5019483Z Post job cleanup.
Web Tests (1)	UNKNOWN STEP	2026-02-25T20:34:33.5080876Z Post job cleanup.
Web Tests (1)	UNKNOWN STEP	2026-02-25T20:34:33.6061591Z [command]/usr/bin/git version
Web Tests (1)	UNKNOWN STEP	2026-02-25T20:34:33.6100948Z git version 2.53.0
Web Tests (1)	UNKNOWN STEP	2026-02-25T20:34:33.6148270Z Temporarily overriding HOME='/home/runner/work/_temp/a485d319-9bd1-4c63-8a57-16b24c171ab5' before making global git config changes
Web Tests (1)	UNKNOWN STEP	2026-02-25T20:34:33.6149523Z Adding repository directory to the temporary git global config as a safe directory
Web Tests (1)	UNKNOWN STEP	2026-02-25T20:34:33.6153083Z [command]/usr/bin/git config --global --add safe.directory /home/runner/work/substitution/substitution
Web Tests (1)	UNKNOWN STEP	2026-02-25T20:34:33.6187329Z [command]/usr/bin/git config --local --name-only --get-regexp core\.sshCommand
Web Tests (1)	UNKNOWN STEP	2026-02-25T20:34:33.6225192Z [command]/usr/bin/git submodule foreach --recursive sh -c "git config --local --name-only --get-regexp 'core\.sshCommand' && git config --local --unset-all 'core.sshCommand' || :"
Web Tests (1)	UNKNOWN STEP	2026-02-25T20:34:33.6472196Z [command]/usr/bin/git config --local --name-only --get-regexp http\.https\:\/\/github\.com\/\.extraheader
Web Tests (1)	UNKNOWN STEP	2026-02-25T20:34:33.6494041Z http.https://github.com/.extraheader
Web Tests (1)	UNKNOWN STEP	2026-02-25T20:34:33.6509608Z [command]/usr/bin/git config --local --unset-all http.https://github.com/.extraheader
Web Tests (1)	UNKNOWN STEP	2026-02-25T20:34:33.6542244Z [command]/usr/bin/git submodule foreach --recursive sh -c "git config --local --name-only --get-regexp 'http\.https\:\/\/github\.com\/\.extraheader' && git config --local --unset-all 'http.https://github.com/.extraheader' || :"
Web Tests (1)	UNKNOWN STEP	2026-02-25T20:34:33.6776393Z [command]/usr/bin/git config --local --name-only --get-regexp ^includeIf\.gitdir:
Web Tests (1)	UNKNOWN STEP	2026-02-25T20:34:33.6809308Z [command]/usr/bin/git submodule foreach --recursive git config --local --show-origin --name-only --get-regexp remote.origin.url
Web Tests (1)	UNKNOWN STEP	2026-02-25T20:34:33.7202388Z Cleaning up orphan processes
Web Tests (1)	UNKNOWN STEP	2026-02-25T20:34:33.7574167Z Terminate orphan process: pid (3882) (test.sh)
Web Tests (1)	UNKNOWN STEP	2026-02-25T20:34:33.7594670Z Terminate orphan process: pid (4054) (chromedriver)
Web Tests (1)	UNKNOWN STEP	2026-02-25T20:34:33.7626650Z Terminate orphan process: pid (4944) (chrome)
Web Tests (1)	UNKNOWN STEP	2026-02-25T20:34:33.7658862Z Terminate orphan process: pid (4948) (cat)
Web Tests (1)	UNKNOWN STEP	2026-02-25T20:34:33.7690584Z Terminate orphan process: pid (4949) (cat)
Web Tests (1)	UNKNOWN STEP	2026-02-25T20:34:33.7724379Z Terminate orphan process: pid (4951) (chrome_crashpad_handler)
Web Tests (1)	UNKNOWN STEP	2026-02-25T20:34:33.7760073Z Terminate orphan process: pid (4953) (chrome_crashpad_handler)
Web Tests (1)	UNKNOWN STEP	2026-02-25T20:34:33.7928448Z Terminate orphan process: pid (12463) (chrome)
Web Tests (1)	UNKNOWN STEP	2026-02-25T20:34:33.7993745Z Terminate orphan process: pid (12467) (cat)
Web Tests (1)	UNKNOWN STEP	2026-02-25T20:34:33.8042905Z Terminate orphan process: pid (12468) (cat)
Web Tests (1)	UNKNOWN STEP	2026-02-25T20:34:33.8080513Z Terminate orphan process: pid (12470) (chrome_crashpad_handler)
Web Tests (1)	UNKNOWN STEP	2026-02-25T20:34:33.8114233Z Terminate orphan process: pid (12472) (chrome_crashpad_handler)
Web Tests (1)	UNKNOWN STEP	2026-02-25T20:34:33.8223147Z Terminate orphan process: pid (20100) (chrome)
Web Tests (1)	UNKNOWN STEP	2026-02-25T20:34:33.8259406Z Terminate orphan process: pid (20105) (cat)
Web Tests (1)	UNKNOWN STEP	2026-02-25T20:34:33.8294091Z Terminate orphan process: pid (20106) (cat)
Web Tests (1)	UNKNOWN STEP	2026-02-25T20:34:33.8326899Z Terminate orphan process: pid (20108) (chrome_crashpad_handler)
Web Tests (1)	UNKNOWN STEP	2026-02-25T20:34:33.8379816Z Terminate orphan process: pid (20110) (chrome_crashpad_handler)
Web Tests (1)	UNKNOWN STEP	2026-02-25T20:34:33.8447085Z Terminate orphan process: pid (27547) (chrome)
Web Tests (1)	UNKNOWN STEP	2026-02-25T20:34:33.8479109Z Terminate orphan process: pid (27553) (cat)
Web Tests (1)	UNKNOWN STEP	2026-02-25T20:34:33.8515686Z Terminate orphan process: pid (27554) (cat)
Web Tests (1)	UNKNOWN STEP	2026-02-25T20:34:33.8548948Z Terminate orphan process: pid (27556) (chrome_crashpad_handler)
Web Tests (1)	UNKNOWN STEP	2026-02-25T20:34:33.8582573Z Terminate orphan process: pid (27558) (chrome_crashpad_handler)
Web Tests (1)	UNKNOWN STEP	2026-02-25T20:34:33.8694650Z Terminate orphan process: pid (35004) (test.sh)
Web Tests (1)	UNKNOWN STEP	2026-02-25T20:34:33.8731781Z Terminate orphan process: pid (35005) (tee)
Web Tests (1)	UNKNOWN STEP	2026-02-25T20:34:33.8765624Z Terminate orphan process: pid (35006) (tee)
Web Tests (1)	UNKNOWN STEP	2026-02-25T20:34:33.8812421Z Terminate orphan process: pid (35007) (timeout)
Web Tests (1)	UNKNOWN STEP	2026-02-25T20:34:33.8844113Z Terminate orphan process: pid (35008) (dart:flutter_to)
Web Tests (1)	UNKNOWN STEP	2026-02-25T20:34:33.8877323Z Terminate orphan process: pid (35074) (dart:frontend_s)
Web Tests (1)	UNKNOWN STEP	2026-02-25T20:34:33.8923639Z Terminate orphan process: pid (35629) (chrome)
Web Tests (1)	UNKNOWN STEP	2026-02-25T20:34:33.8959655Z Terminate orphan process: pid (35634) (cat)
Web Tests (1)	UNKNOWN STEP	2026-02-25T20:34:33.8993585Z Terminate orphan process: pid (35635) (cat)
Web Tests (1)	UNKNOWN STEP	2026-02-25T20:34:33.9027125Z Terminate orphan process: pid (35637) (chrome_crashpad_handler)
Web Tests (1)	UNKNOWN STEP	2026-02-25T20:34:33.9064697Z Terminate orphan process: pid (35639) (chrome_crashpad_handler)
Web Tests (1)	UNKNOWN STEP	2026-02-25T20:34:33.9131581Z Terminate orphan process: pid (35733) (dart:integratio)
Web Tests (1)	UNKNOWN STEP	2026-02-25T20:34:33.9169522Z Terminate orphan process: pid (35820) (dart:dds_aot.da)
Android Tests (0)	UNKNOWN STEP	﻿2026-02-25T19:48:13.8250272Z Current runner version: '2.331.0'
Android Tests (0)	UNKNOWN STEP	2026-02-25T19:48:13.8274677Z ##[group]Runner Image Provisioner
Android Tests (0)	UNKNOWN STEP	2026-02-25T19:48:13.8275609Z Hosted Compute Agent
Android Tests (0)	UNKNOWN STEP	2026-02-25T19:48:13.8276254Z Version: 20260213.493
Android Tests (0)	UNKNOWN STEP	2026-02-25T19:48:13.8276871Z Commit: 5c115507f6dd24b8de37d8bbe0bb4509d0cc0fa3
Android Tests (0)	UNKNOWN STEP	2026-02-25T19:48:13.8277585Z Build Date: 2026-02-13T00:28:41Z
Android Tests (0)	UNKNOWN STEP	2026-02-25T19:48:13.8278272Z Worker ID: {18b75203-0849-4eae-84c0-d543bc26a82a}
Android Tests (0)	UNKNOWN STEP	2026-02-25T19:48:13.8278952Z Azure Region: westcentralus
Android Tests (0)	UNKNOWN STEP	2026-02-25T19:48:13.8279572Z ##[endgroup]
Android Tests (0)	UNKNOWN STEP	2026-02-25T19:48:13.8281317Z ##[group]Operating System
Android Tests (0)	UNKNOWN STEP	2026-02-25T19:48:13.8281940Z Ubuntu
Android Tests (0)	UNKNOWN STEP	2026-02-25T19:48:13.8282366Z 24.04.3
Android Tests (0)	UNKNOWN STEP	2026-02-25T19:48:13.8283399Z LTS
Android Tests (0)	UNKNOWN STEP	2026-02-25T19:48:13.8283877Z ##[endgroup]
Android Tests (0)	UNKNOWN STEP	2026-02-25T19:48:13.8284376Z ##[group]Runner Image
Android Tests (0)	UNKNOWN STEP	2026-02-25T19:48:13.8285064Z Image: ubuntu-24.04
Android Tests (0)	UNKNOWN STEP	2026-02-25T19:48:13.8285555Z Version: 20260224.36.1
Android Tests (0)	UNKNOWN STEP	2026-02-25T19:48:13.8286836Z Included Software: https://github.com/actions/runner-images/blob/ubuntu24/20260224.36/images/ubuntu/Ubuntu2404-Readme.md
Android Tests (0)	UNKNOWN STEP	2026-02-25T19:48:13.8288276Z Image Release: https://github.com/actions/runner-images/releases/tag/ubuntu24%2F20260224.36
Android Tests (0)	UNKNOWN STEP	2026-02-25T19:48:13.8289238Z ##[endgroup]
Android Tests (0)	UNKNOWN STEP	2026-02-25T19:48:13.8290330Z ##[group]GITHUB_TOKEN Permissions
Android Tests (0)	UNKNOWN STEP	2026-02-25T19:48:13.8292286Z Contents: read
Android Tests (0)	UNKNOWN STEP	2026-02-25T19:48:13.8293130Z Metadata: read
Android Tests (0)	UNKNOWN STEP	2026-02-25T19:48:13.8293632Z Packages: read
Android Tests (0)	UNKNOWN STEP	2026-02-25T19:48:13.8294154Z ##[endgroup]
Android Tests (0)	UNKNOWN STEP	2026-02-25T19:48:13.8296245Z Secret source: Actions
Android Tests (0)	UNKNOWN STEP	2026-02-25T19:48:13.8296976Z Prepare workflow directory
Android Tests (0)	UNKNOWN STEP	2026-02-25T19:48:13.8697310Z Prepare all required actions
Android Tests (0)	UNKNOWN STEP	2026-02-25T19:48:13.8735301Z Getting action download info
Android Tests (0)	UNKNOWN STEP	2026-02-25T19:48:14.3977933Z Download action repository 'actions/checkout@v4' (SHA:34e114876b0b11c390a56381ad16ebd13914f8d5)
Android Tests (0)	UNKNOWN STEP	2026-02-25T19:48:14.5331846Z Download action repository 'actions/setup-java@v4' (SHA:c1e323688fd81a25caa38c78aa6df2d33d3e20d9)
Android Tests (0)	UNKNOWN STEP	2026-02-25T19:48:15.4722528Z Download action repository 'subosito/flutter-action@v2' (SHA:fd55f4c5af5b953cc57a2be44cb082c8f6635e8e)
Android Tests (0)	UNKNOWN STEP	2026-02-25T19:48:16.0261785Z Download action repository 'reactivecircus/android-emulator-runner@v2' (SHA:b530d96654c385303d652368551fb075bc2f0b6b)
Android Tests (0)	UNKNOWN STEP	2026-02-25T19:48:16.8737807Z Getting action download info
Android Tests (0)	UNKNOWN STEP	2026-02-25T19:48:17.0425326Z Download action repository 'actions/cache@v4' (SHA:0057852bfaa89a56745cba8c7296529d2fc39830)
Android Tests (0)	UNKNOWN STEP	2026-02-25T19:48:17.1794212Z Complete job name: Android Tests (0)
Android Tests (0)	UNKNOWN STEP	2026-02-25T19:48:17.2493808Z ##[group]Run actions/checkout@v4
Android Tests (0)	UNKNOWN STEP	2026-02-25T19:48:17.2494540Z with:
Android Tests (0)	UNKNOWN STEP	2026-02-25T19:48:17.2494847Z   repository: floffel/substitution
Android Tests (0)	UNKNOWN STEP	2026-02-25T19:48:17.2495393Z   token: ***
Android Tests (0)	UNKNOWN STEP	2026-02-25T19:48:17.2495714Z   ssh-strict: true
Android Tests (0)	UNKNOWN STEP	2026-02-25T19:48:17.2495974Z   ssh-user: git
Android Tests (0)	UNKNOWN STEP	2026-02-25T19:48:17.2496344Z   persist-credentials: true
Android Tests (0)	UNKNOWN STEP	2026-02-25T19:48:17.2496739Z   clean: true
Android Tests (0)	UNKNOWN STEP	2026-02-25T19:48:17.2497018Z   sparse-checkout-cone-mode: true
Android Tests (0)	UNKNOWN STEP	2026-02-25T19:48:17.2566568Z   fetch-depth: 1
Android Tests (0)	UNKNOWN STEP	2026-02-25T19:48:17.2566961Z   fetch-tags: false
Android Tests (0)	UNKNOWN STEP	2026-02-25T19:48:17.2567178Z   show-progress: true
Android Tests (0)	UNKNOWN STEP	2026-02-25T19:48:17.2567382Z   lfs: false
Android Tests (0)	UNKNOWN STEP	2026-02-25T19:48:17.2567584Z   submodules: false
Android Tests (0)	UNKNOWN STEP	2026-02-25T19:48:17.2567777Z   set-safe-directory: true
Android Tests (0)	UNKNOWN STEP	2026-02-25T19:48:17.2570583Z env:
Android Tests (0)	UNKNOWN STEP	2026-02-25T19:48:17.2570791Z   CACHE_VERSION: v1
Android Tests (0)	UNKNOWN STEP	2026-02-25T19:48:17.2570990Z ##[endgroup]
Android Tests (0)	UNKNOWN STEP	2026-02-25T19:48:17.3699151Z Syncing repository: floffel/substitution
Android Tests (0)	UNKNOWN STEP	2026-02-25T19:48:17.3700466Z ##[group]Getting Git version info
Android Tests (0)	UNKNOWN STEP	2026-02-25T19:48:17.3700954Z Working directory is '/home/runner/work/substitution/substitution'
Android Tests (0)	UNKNOWN STEP	2026-02-25T19:48:17.3701529Z [command]/usr/bin/git version
Android Tests (0)	UNKNOWN STEP	2026-02-25T19:48:17.3801321Z git version 2.53.0
Android Tests (0)	UNKNOWN STEP	2026-02-25T19:48:17.3828147Z ##[endgroup]
Android Tests (0)	UNKNOWN STEP	2026-02-25T19:48:17.3844395Z Temporarily overriding HOME='/home/runner/work/_temp/d642cca0-c78d-4d5f-bdac-18c1f49b7ee9' before making global git config changes
Android Tests (0)	UNKNOWN STEP	2026-02-25T19:48:17.3845868Z Adding repository directory to the temporary git global config as a safe directory
Android Tests (0)	UNKNOWN STEP	2026-02-25T19:48:17.3850996Z [command]/usr/bin/git config --global --add safe.directory /home/runner/work/substitution/substitution
Android Tests (0)	UNKNOWN STEP	2026-02-25T19:48:17.3892675Z Deleting the contents of '/home/runner/work/substitution/substitution'
Android Tests (0)	UNKNOWN STEP	2026-02-25T19:48:17.3896307Z ##[group]Initializing the repository
Android Tests (0)	UNKNOWN STEP	2026-02-25T19:48:17.3900585Z [command]/usr/bin/git init /home/runner/work/substitution/substitution
Android Tests (0)	UNKNOWN STEP	2026-02-25T19:48:17.4031770Z hint: Using 'master' as the name for the initial branch. This default branch name
Android Tests (0)	UNKNOWN STEP	2026-02-25T19:48:17.4032401Z hint: will change to "main" in Git 3.0. To configure the initial branch name
Android Tests (0)	UNKNOWN STEP	2026-02-25T19:48:17.4033148Z hint: to use in all of your new repositories, which will suppress this warning,
Android Tests (0)	UNKNOWN STEP	2026-02-25T19:48:17.4033572Z hint: call:
Android Tests (0)	UNKNOWN STEP	2026-02-25T19:48:17.4033818Z hint:
Android Tests (0)	UNKNOWN STEP	2026-02-25T19:48:17.4034264Z hint: 	git config --global init.defaultBranch <name>
Android Tests (0)	UNKNOWN STEP	2026-02-25T19:48:17.4034806Z hint:
Android Tests (0)	UNKNOWN STEP	2026-02-25T19:48:17.4035322Z hint: Names commonly chosen instead of 'master' are 'main', 'trunk' and
Android Tests (0)	UNKNOWN STEP	2026-02-25T19:48:17.4036221Z hint: 'development'. The just-created branch can be renamed via this command:
Android Tests (0)	UNKNOWN STEP	2026-02-25T19:48:17.4036920Z hint:
Android Tests (0)	UNKNOWN STEP	2026-02-25T19:48:17.4037268Z hint: 	git branch -m <name>
Android Tests (0)	UNKNOWN STEP	2026-02-25T19:48:17.4037657Z hint:
Android Tests (0)	UNKNOWN STEP	2026-02-25T19:48:17.4038228Z hint: Disable this message with "git config set advice.defaultBranchName false"
Android Tests (0)	UNKNOWN STEP	2026-02-25T19:48:17.4039352Z Initialized empty Git repository in /home/runner/work/substitution/substitution/.git/
Android Tests (0)	UNKNOWN STEP	2026-02-25T19:48:17.4049797Z [command]/usr/bin/git remote add origin https://github.com/floffel/substitution
Android Tests (0)	UNKNOWN STEP	2026-02-25T19:48:17.4085364Z ##[endgroup]
Android Tests (0)	UNKNOWN STEP	2026-02-25T19:48:17.4085922Z ##[group]Disabling automatic garbage collection
Android Tests (0)	UNKNOWN STEP	2026-02-25T19:48:17.4089754Z [command]/usr/bin/git config --local gc.auto 0
Android Tests (0)	UNKNOWN STEP	2026-02-25T19:48:17.4118727Z ##[endgroup]
Android Tests (0)	UNKNOWN STEP	2026-02-25T19:48:17.4119269Z ##[group]Setting up auth
Android Tests (0)	UNKNOWN STEP	2026-02-25T19:48:17.4126068Z [command]/usr/bin/git config --local --name-only --get-regexp core\.sshCommand
Android Tests (0)	UNKNOWN STEP	2026-02-25T19:48:17.4157304Z [command]/usr/bin/git submodule foreach --recursive sh -c "git config --local --name-only --get-regexp 'core\.sshCommand' && git config --local --unset-all 'core.sshCommand' || :"
Android Tests (0)	UNKNOWN STEP	2026-02-25T19:48:17.4567734Z [command]/usr/bin/git config --local --name-only --get-regexp http\.https\:\/\/github\.com\/\.extraheader
Android Tests (0)	UNKNOWN STEP	2026-02-25T19:48:17.4600285Z [command]/usr/bin/git submodule foreach --recursive sh -c "git config --local --name-only --get-regexp 'http\.https\:\/\/github\.com\/\.extraheader' && git config --local --unset-all 'http.https://github.com/.extraheader' || :"
Android Tests (0)	UNKNOWN STEP	2026-02-25T19:48:17.4836811Z [command]/usr/bin/git config --local --name-only --get-regexp ^includeIf\.gitdir:
Android Tests (0)	UNKNOWN STEP	2026-02-25T19:48:17.4877577Z [command]/usr/bin/git submodule foreach --recursive git config --local --show-origin --name-only --get-regexp remote.origin.url
Android Tests (0)	UNKNOWN STEP	2026-02-25T19:48:17.5124323Z [command]/usr/bin/git config --local http.https://github.com/.extraheader AUTHORIZATION: basic ***
Android Tests (0)	UNKNOWN STEP	2026-02-25T19:48:17.5160012Z ##[endgroup]
Android Tests (0)	UNKNOWN STEP	2026-02-25T19:48:17.5160441Z ##[group]Fetching the repository
Android Tests (0)	UNKNOWN STEP	2026-02-25T19:48:17.5169933Z [command]/usr/bin/git -c protocol.version=2 fetch --no-tags --prune --no-recurse-submodules --depth=1 origin +0408461b08eee1bbe2c516702bd1813b916d3e4c:refs/remotes/pull/1/merge
Android Tests (0)	UNKNOWN STEP	2026-02-25T19:48:18.9123183Z From https://github.com/floffel/substitution
Android Tests (0)	UNKNOWN STEP	2026-02-25T19:48:18.9125449Z  * [new ref]         0408461b08eee1bbe2c516702bd1813b916d3e4c -> pull/1/merge
Android Tests (0)	UNKNOWN STEP	2026-02-25T19:48:18.9159973Z ##[endgroup]
Android Tests (0)	UNKNOWN STEP	2026-02-25T19:48:18.9160515Z ##[group]Determining the checkout info
Android Tests (0)	UNKNOWN STEP	2026-02-25T19:48:18.9165468Z ##[endgroup]
Android Tests (0)	UNKNOWN STEP	2026-02-25T19:48:18.9170294Z [command]/usr/bin/git sparse-checkout disable
Android Tests (0)	UNKNOWN STEP	2026-02-25T19:48:18.9217642Z [command]/usr/bin/git config --local --unset-all extensions.worktreeConfig
Android Tests (0)	UNKNOWN STEP	2026-02-25T19:48:18.9247857Z ##[group]Checking out the ref
Android Tests (0)	UNKNOWN STEP	2026-02-25T19:48:18.9250946Z [command]/usr/bin/git checkout --progress --force refs/remotes/pull/1/merge
Android Tests (0)	UNKNOWN STEP	2026-02-25T19:48:19.2162017Z Note: switching to 'refs/remotes/pull/1/merge'.
Android Tests (0)	UNKNOWN STEP	2026-02-25T19:48:19.2162509Z 
Android Tests (0)	UNKNOWN STEP	2026-02-25T19:48:19.2162872Z You are in 'detached HEAD' state. You can look around, make experimental
Android Tests (0)	UNKNOWN STEP	2026-02-25T19:48:19.2164002Z changes and commit them, and you can discard any commits you make in this
Android Tests (0)	UNKNOWN STEP	2026-02-25T19:48:19.2165121Z state without impacting any branches by switching back to a branch.
Android Tests (0)	UNKNOWN STEP	2026-02-25T19:48:19.2165703Z 
Android Tests (0)	UNKNOWN STEP	2026-02-25T19:48:19.2166081Z If you want to create a new branch to retain commits you create, you may
Android Tests (0)	UNKNOWN STEP	2026-02-25T19:48:19.2166846Z do so (now or later) by using -c with the switch command. Example:
Android Tests (0)	UNKNOWN STEP	2026-02-25T19:48:19.2167341Z 
Android Tests (0)	UNKNOWN STEP	2026-02-25T19:48:19.2167518Z   git switch -c <new-branch-name>
Android Tests (0)	UNKNOWN STEP	2026-02-25T19:48:19.2167837Z 
Android Tests (0)	UNKNOWN STEP	2026-02-25T19:48:19.2168001Z Or undo this operation with:
Android Tests (0)	UNKNOWN STEP	2026-02-25T19:48:19.2168285Z 
Android Tests (0)	UNKNOWN STEP	2026-02-25T19:48:19.2168412Z   git switch -
Android Tests (0)	UNKNOWN STEP	2026-02-25T19:48:19.2168661Z 
Android Tests (0)	UNKNOWN STEP	2026-02-25T19:48:19.2169003Z Turn off this advice by setting config variable advice.detachedHead to false
Android Tests (0)	UNKNOWN STEP	2026-02-25T19:48:19.2169519Z 
Android Tests (0)	UNKNOWN STEP	2026-02-25T19:48:19.2170150Z HEAD is now at 0408461 Merge 86c2f4a4443179a61e99b4f5d2c467a0f9c43a72 into 74cc852017b0f1fdeb37326726f5fee7effe2248
Android Tests (0)	UNKNOWN STEP	2026-02-25T19:48:19.2184487Z ##[endgroup]
Android Tests (0)	UNKNOWN STEP	2026-02-25T19:48:19.2232050Z [command]/usr/bin/git log -1 --format=%H
Android Tests (0)	UNKNOWN STEP	2026-02-25T19:48:19.2258334Z 0408461b08eee1bbe2c516702bd1813b916d3e4c
Android Tests (0)	UNKNOWN STEP	2026-02-25T19:48:19.2519447Z ##[group]Run actions/setup-java@v4
Android Tests (0)	UNKNOWN STEP	2026-02-25T19:48:19.2519732Z with:
Android Tests (0)	UNKNOWN STEP	2026-02-25T19:48:19.2519916Z   java-version: 17
Android Tests (0)	UNKNOWN STEP	2026-02-25T19:48:19.2520116Z   distribution: temurin
Android Tests (0)	UNKNOWN STEP	2026-02-25T19:48:19.2520324Z   java-package: jdk
Android Tests (0)	UNKNOWN STEP	2026-02-25T19:48:19.2520522Z   check-latest: false
Android Tests (0)	UNKNOWN STEP	2026-02-25T19:48:19.2520717Z   server-id: github
Android Tests (0)	UNKNOWN STEP	2026-02-25T19:48:19.2520936Z   server-username: GITHUB_ACTOR
Android Tests (0)	UNKNOWN STEP	2026-02-25T19:48:19.2521178Z   server-password: GITHUB_TOKEN
Android Tests (0)	UNKNOWN STEP	2026-02-25T19:48:19.2521398Z   overwrite-settings: true
Android Tests (0)	UNKNOWN STEP	2026-02-25T19:48:19.2521614Z   job-status: success
Android Tests (0)	UNKNOWN STEP	2026-02-25T19:48:19.2521906Z   token: ***
Android Tests (0)	UNKNOWN STEP	2026-02-25T19:48:19.2522078Z env:
Android Tests (0)	UNKNOWN STEP	2026-02-25T19:48:19.2522238Z   CACHE_VERSION: v1
Android Tests (0)	UNKNOWN STEP	2026-02-25T19:48:19.2522425Z ##[endgroup]
Android Tests (0)	UNKNOWN STEP	2026-02-25T19:48:19.4619229Z ##[group]Installed distributions
Android Tests (0)	UNKNOWN STEP	2026-02-25T19:48:19.4683420Z Resolved Java 17.0.18+8 from tool-cache
Android Tests (0)	UNKNOWN STEP	2026-02-25T19:48:19.4684180Z Setting Java 17.0.18+8 as the default
Android Tests (0)	UNKNOWN STEP	2026-02-25T19:48:19.4698432Z Creating toolchains.xml for JDK version 17 from temurin
Android Tests (0)	UNKNOWN STEP	2026-02-25T19:48:19.4777830Z Writing to /home/runner/.m2/toolchains.xml
Android Tests (0)	UNKNOWN STEP	2026-02-25T19:48:19.4778416Z 
Android Tests (0)	UNKNOWN STEP	2026-02-25T19:48:19.4778593Z Java configuration:
Android Tests (0)	UNKNOWN STEP	2026-02-25T19:48:19.4780042Z   Distribution: temurin
Android Tests (0)	UNKNOWN STEP	2026-02-25T19:48:19.4782468Z   Version: 17.0.18+8
Android Tests (0)	UNKNOWN STEP	2026-02-25T19:48:19.4783302Z   Path: /opt/hostedtoolcache/Java_Temurin-Hotspot_jdk/17.0.18-8/x64
Android Tests (0)	UNKNOWN STEP	2026-02-25T19:48:19.4783934Z 
Android Tests (0)	UNKNOWN STEP	2026-02-25T19:48:19.4784911Z ##[endgroup]
Android Tests (0)	UNKNOWN STEP	2026-02-25T19:48:19.4801515Z Creating settings.xml with server-id: github
Android Tests (0)	UNKNOWN STEP	2026-02-25T19:48:19.4808221Z Writing to /home/runner/.m2/settings.xml
Android Tests (0)	UNKNOWN STEP	2026-02-25T19:48:19.5036800Z ##[group]Run subosito/flutter-action@v2
Android Tests (0)	UNKNOWN STEP	2026-02-25T19:48:19.5037085Z with:
Android Tests (0)	UNKNOWN STEP	2026-02-25T19:48:19.5037251Z   channel: stable
Android Tests (0)	UNKNOWN STEP	2026-02-25T19:48:19.5037437Z   cache: true
Android Tests (0)	UNKNOWN STEP	2026-02-25T19:48:19.5037605Z   architecture: X64
Android Tests (0)	UNKNOWN STEP	2026-02-25T19:48:19.5037801Z   pub-cache-path: default
Android Tests (0)	UNKNOWN STEP	2026-02-25T19:48:19.5038003Z   dry-run: false
Android Tests (0)	UNKNOWN STEP	2026-02-25T19:48:19.5038275Z   git-source: https://github.com/flutter/flutter.git
Android Tests (0)	UNKNOWN STEP	2026-02-25T19:48:19.5038553Z env:
Android Tests (0)	UNKNOWN STEP	2026-02-25T19:48:19.5038718Z   CACHE_VERSION: v1
Android Tests (0)	UNKNOWN STEP	2026-02-25T19:48:19.5039075Z   JAVA_HOME: /opt/hostedtoolcache/Java_Temurin-Hotspot_jdk/17.0.18-8/x64
Android Tests (0)	UNKNOWN STEP	2026-02-25T19:48:19.5039531Z   JAVA_HOME_17_X64: /opt/hostedtoolcache/Java_Temurin-Hotspot_jdk/17.0.18-8/x64
Android Tests (0)	UNKNOWN STEP	2026-02-25T19:48:19.5039881Z ##[endgroup]
Android Tests (0)	UNKNOWN STEP	2026-02-25T19:48:19.5134106Z ##[group]Run chmod +x "$GITHUB_ACTION_PATH/setup.sh"
Android Tests (0)	UNKNOWN STEP	2026-02-25T19:48:19.5134488Z [36;1mchmod +x "$GITHUB_ACTION_PATH/setup.sh"[0m
Android Tests (0)	UNKNOWN STEP	2026-02-25T19:48:19.5188523Z shell: /usr/bin/bash --noprofile --norc -e -o pipefail {0}
Android Tests (0)	UNKNOWN STEP	2026-02-25T19:48:19.5188913Z env:
Android Tests (0)	UNKNOWN STEP	2026-02-25T19:48:19.5189087Z   CACHE_VERSION: v1
Android Tests (0)	UNKNOWN STEP	2026-02-25T19:48:19.5189398Z   JAVA_HOME: /opt/hostedtoolcache/Java_Temurin-Hotspot_jdk/17.0.18-8/x64
Android Tests (0)	UNKNOWN STEP	2026-02-25T19:48:19.5189866Z   JAVA_HOME_17_X64: /opt/hostedtoolcache/Java_Temurin-Hotspot_jdk/17.0.18-8/x64
Android Tests (0)	UNKNOWN STEP	2026-02-25T19:48:19.5190238Z ##[endgroup]
Android Tests (0)	UNKNOWN STEP	2026-02-25T19:48:19.5349913Z ##[group]Run $GITHUB_ACTION_PATH/setup.sh -p \
Android Tests (0)	UNKNOWN STEP	2026-02-25T19:48:19.5350444Z [36;1m$GITHUB_ACTION_PATH/setup.sh -p \[0m
Android Tests (0)	UNKNOWN STEP	2026-02-25T19:48:19.5350707Z [36;1m  -n '' \[0m
Android Tests (0)	UNKNOWN STEP	2026-02-25T19:48:19.5350887Z [36;1m  -f '' \[0m
Android Tests (0)	UNKNOWN STEP	2026-02-25T19:48:19.5351071Z [36;1m  -a 'X64' \[0m
Android Tests (0)	UNKNOWN STEP	2026-02-25T19:48:19.5351254Z [36;1m  -k '' \[0m
Android Tests (0)	UNKNOWN STEP	2026-02-25T19:48:19.5351422Z [36;1m  -c '' \[0m
Android Tests (0)	UNKNOWN STEP	2026-02-25T19:48:19.5351585Z [36;1m  -l '' \[0m
Android Tests (0)	UNKNOWN STEP	2026-02-25T19:48:19.5351761Z [36;1m  -d 'default' \[0m
Android Tests (0)	UNKNOWN STEP	2026-02-25T19:48:19.5352032Z [36;1m  -g 'https://github.com/flutter/flutter.git' \[0m
Android Tests (0)	UNKNOWN STEP	2026-02-25T19:48:19.5352333Z [36;1m  stable[0m
Android Tests (0)	UNKNOWN STEP	2026-02-25T19:48:19.5397831Z shell: /usr/bin/bash --noprofile --norc -e -o pipefail {0}
Android Tests (0)	UNKNOWN STEP	2026-02-25T19:48:19.5398149Z env:
Android Tests (0)	UNKNOWN STEP	2026-02-25T19:48:19.5398317Z   CACHE_VERSION: v1
Android Tests (0)	UNKNOWN STEP	2026-02-25T19:48:19.5398627Z   JAVA_HOME: /opt/hostedtoolcache/Java_Temurin-Hotspot_jdk/17.0.18-8/x64
Android Tests (0)	UNKNOWN STEP	2026-02-25T19:48:19.5399088Z   JAVA_HOME_17_X64: /opt/hostedtoolcache/Java_Temurin-Hotspot_jdk/17.0.18-8/x64
Android Tests (0)	UNKNOWN STEP	2026-02-25T19:48:19.5399453Z ##[endgroup]
Android Tests (0)	UNKNOWN STEP	2026-02-25T19:48:19.7628503Z ##[group]Run actions/cache@v4
Android Tests (0)	UNKNOWN STEP	2026-02-25T19:48:19.7628723Z with:
Android Tests (0)	UNKNOWN STEP	2026-02-25T19:48:19.7628946Z   path: /opt/hostedtoolcache/flutter/stable-3.41.2-x64
Android Tests (0)	UNKNOWN STEP	2026-02-25T19:48:19.7629376Z   key: flutter-linux-stable-3.41.2-x64-90673a4eef275d1a6692c26ac80d6d746d41a73a
Android Tests (0)	UNKNOWN STEP	2026-02-25T19:48:19.7629831Z   enableCrossOsArchive: false
Android Tests (0)	UNKNOWN STEP	2026-02-25T19:48:19.7630053Z   fail-on-cache-miss: false
Android Tests (0)	UNKNOWN STEP	2026-02-25T19:48:19.7630259Z   lookup-only: false
Android Tests (0)	UNKNOWN STEP	2026-02-25T19:48:19.7630437Z   save-always: false
Android Tests (0)	UNKNOWN STEP	2026-02-25T19:48:19.7630610Z env:
Android Tests (0)	UNKNOWN STEP	2026-02-25T19:48:19.7630760Z   CACHE_VERSION: v1
Android Tests (0)	UNKNOWN STEP	2026-02-25T19:48:19.7631063Z   JAVA_HOME: /opt/hostedtoolcache/Java_Temurin-Hotspot_jdk/17.0.18-8/x64
Android Tests (0)	UNKNOWN STEP	2026-02-25T19:48:19.7631523Z   JAVA_HOME_17_X64: /opt/hostedtoolcache/Java_Temurin-Hotspot_jdk/17.0.18-8/x64
Android Tests (0)	UNKNOWN STEP	2026-02-25T19:48:19.7631869Z ##[endgroup]
Android Tests (0)	UNKNOWN STEP	2026-02-25T19:48:20.1394738Z Cache hit for: flutter-linux-stable-3.41.2-x64-90673a4eef275d1a6692c26ac80d6d746d41a73a
Android Tests (0)	UNKNOWN STEP	2026-02-25T19:48:21.3540074Z Received 41943040 of 1665993529 (2.5%), 40.0 MBs/sec
Android Tests (0)	UNKNOWN STEP	2026-02-25T19:48:22.3541575Z Received 201326592 of 1665993529 (12.1%), 96.0 MBs/sec
Android Tests (0)	UNKNOWN STEP	2026-02-25T19:48:23.3540037Z Received 373293056 of 1665993529 (22.4%), 118.7 MBs/sec
Android Tests (0)	UNKNOWN STEP	2026-02-25T19:48:24.4408285Z Received 536870912 of 1665993529 (32.2%), 125.3 MBs/sec
Android Tests (0)	UNKNOWN STEP	2026-02-25T19:48:25.4409609Z Received 700448768 of 1665993529 (42.0%), 131.3 MBs/sec
Android Tests (0)	UNKNOWN STEP	2026-02-25T19:48:26.4410705Z Received 868220928 of 1665993529 (52.1%), 136.0 MBs/sec
Android Tests (0)	UNKNOWN STEP	2026-02-25T19:48:27.4414301Z Received 1044381696 of 1665993529 (62.7%), 140.5 MBs/sec
Android Tests (0)	UNKNOWN STEP	2026-02-25T19:48:28.4733192Z Received 1207959552 of 1665993529 (72.5%), 141.9 MBs/sec
Android Tests (0)	UNKNOWN STEP	2026-02-25T19:48:29.4839860Z Received 1342177280 of 1665993529 (80.6%), 140.2 MBs/sec
Android Tests (0)	UNKNOWN STEP	2026-02-25T19:48:30.4847721Z Received 1509949440 of 1665993529 (90.6%), 142.2 MBs/sec
Android Tests (0)	UNKNOWN STEP	2026-02-25T19:48:31.4864793Z Received 1657604921 of 1665993529 (99.5%), 142.0 MBs/sec
Android Tests (0)	UNKNOWN STEP	2026-02-25T19:48:31.5512056Z Received 1665993529 of 1665993529 (100.0%), 141.9 MBs/sec
Android Tests (0)	UNKNOWN STEP	2026-02-25T19:48:31.5515036Z Cache Size: ~1589 MB (1665993529 B)
Android Tests (0)	UNKNOWN STEP	2026-02-25T19:48:31.5579414Z [command]/usr/bin/tar -xf /home/runner/work/_temp/d852595c-91c3-499b-bc72-922b07245eeb/cache.tzst -P -C /home/runner/work/substitution/substitution --use-compress-program unzstd
Android Tests (0)	UNKNOWN STEP	2026-02-25T19:48:36.3585654Z Cache restored successfully
Android Tests (0)	UNKNOWN STEP	2026-02-25T19:48:36.6776908Z Cache restored from key: flutter-linux-stable-3.41.2-x64-90673a4eef275d1a6692c26ac80d6d746d41a73a
Android Tests (0)	UNKNOWN STEP	2026-02-25T19:48:36.8050183Z ##[group]Run actions/cache@v4
Android Tests (0)	UNKNOWN STEP	2026-02-25T19:48:36.8050425Z with:
Android Tests (0)	UNKNOWN STEP	2026-02-25T19:48:36.8050622Z   path: /home/runner/.pub-cache
Android Tests (0)	UNKNOWN STEP	2026-02-25T19:48:36.8051355Z   key: flutter-pub-linux-stable-3.41.2-x64-90673a4eef275d1a6692c26ac80d6d746d41a73a-fabacfc13d2b7e18a7fb2822593662b03764f624bf41fd351cdabec60fb27783
Android Tests (0)	UNKNOWN STEP	2026-02-25T19:48:36.8052091Z   enableCrossOsArchive: false
Android Tests (0)	UNKNOWN STEP	2026-02-25T19:48:36.8052321Z   fail-on-cache-miss: false
Android Tests (0)	UNKNOWN STEP	2026-02-25T19:48:36.8052536Z   lookup-only: false
Android Tests (0)	UNKNOWN STEP	2026-02-25T19:48:36.8052725Z   save-always: false
Android Tests (0)	UNKNOWN STEP	2026-02-25T19:48:36.8052898Z env:
Android Tests (0)	UNKNOWN STEP	2026-02-25T19:48:36.8053317Z   CACHE_VERSION: v1
Android Tests (0)	UNKNOWN STEP	2026-02-25T19:48:36.8053872Z   JAVA_HOME: /opt/hostedtoolcache/Java_Temurin-Hotspot_jdk/17.0.18-8/x64
Android Tests (0)	UNKNOWN STEP	2026-02-25T19:48:36.8054341Z   JAVA_HOME_17_X64: /opt/hostedtoolcache/Java_Temurin-Hotspot_jdk/17.0.18-8/x64
Android Tests (0)	UNKNOWN STEP	2026-02-25T19:48:36.8054698Z ##[endgroup]
Android Tests (0)	UNKNOWN STEP	2026-02-25T19:48:37.2603507Z Cache hit for: flutter-pub-linux-stable-3.41.2-x64-90673a4eef275d1a6692c26ac80d6d746d41a73a-fabacfc13d2b7e18a7fb2822593662b03764f624bf41fd351cdabec60fb27783
Android Tests (0)	UNKNOWN STEP	2026-02-25T19:48:38.4970084Z Received 46137344 of 133563121 (34.5%), 44.0 MBs/sec
Android Tests (0)	UNKNOWN STEP	2026-02-25T19:48:39.0382462Z Received 133563121 of 133563121 (100.0%), 82.7 MBs/sec
Android Tests (0)	UNKNOWN STEP	2026-02-25T19:48:39.0385737Z Cache Size: ~127 MB (133563121 B)
Android Tests (0)	UNKNOWN STEP	2026-02-25T19:48:39.0447536Z [command]/usr/bin/tar -xf /home/runner/work/_temp/19cf25e3-a920-46b2-b9dd-d863a93a65d4/cache.tzst -P -C /home/runner/work/substitution/substitution --use-compress-program unzstd
Android Tests (0)	UNKNOWN STEP	2026-02-25T19:48:40.6548126Z Cache restored successfully
Android Tests (0)	UNKNOWN STEP	2026-02-25T19:48:40.6910680Z Cache restored from key: flutter-pub-linux-stable-3.41.2-x64-90673a4eef275d1a6692c26ac80d6d746d41a73a-fabacfc13d2b7e18a7fb2822593662b03764f624bf41fd351cdabec60fb27783
Android Tests (0)	UNKNOWN STEP	2026-02-25T19:48:40.7035753Z ##[group]Run $GITHUB_ACTION_PATH/setup.sh \
Android Tests (0)	UNKNOWN STEP	2026-02-25T19:48:40.7036091Z [36;1m$GITHUB_ACTION_PATH/setup.sh \[0m
Android Tests (0)	UNKNOWN STEP	2026-02-25T19:48:40.7036353Z [36;1m  -n '3.41.2' \[0m
Android Tests (0)	UNKNOWN STEP	2026-02-25T19:48:40.7036570Z [36;1m  -a 'x64' \[0m
Android Tests (0)	UNKNOWN STEP	2026-02-25T19:48:40.7036856Z [36;1m  -c '/opt/hostedtoolcache/flutter/stable-3.41.2-x64' \[0m
Android Tests (0)	UNKNOWN STEP	2026-02-25T19:48:40.7037200Z [36;1m  -d '/home/runner/.pub-cache' \[0m
Android Tests (0)	UNKNOWN STEP	2026-02-25T19:48:40.7037449Z [36;1m  stable[0m
Android Tests (0)	UNKNOWN STEP	2026-02-25T19:48:40.7086371Z shell: /usr/bin/bash --noprofile --norc -e -o pipefail {0}
Android Tests (0)	UNKNOWN STEP	2026-02-25T19:48:40.7086708Z env:
Android Tests (0)	UNKNOWN STEP	2026-02-25T19:48:40.7086885Z   CACHE_VERSION: v1
Android Tests (0)	UNKNOWN STEP	2026-02-25T19:48:40.7087207Z   JAVA_HOME: /opt/hostedtoolcache/Java_Temurin-Hotspot_jdk/17.0.18-8/x64
Android Tests (0)	UNKNOWN STEP	2026-02-25T19:48:40.7087691Z   JAVA_HOME_17_X64: /opt/hostedtoolcache/Java_Temurin-Hotspot_jdk/17.0.18-8/x64
Android Tests (0)	UNKNOWN STEP	2026-02-25T19:48:40.7088072Z ##[endgroup]
Android Tests (0)	UNKNOWN STEP	2026-02-25T19:48:40.9166844Z ##[group]Run flutter precache --android
Android Tests (0)	UNKNOWN STEP	2026-02-25T19:48:40.9167202Z [36;1mflutter precache --android[0m
Android Tests (0)	UNKNOWN STEP	2026-02-25T19:48:40.9167473Z [36;1mflutter pub get[0m
Android Tests (0)	UNKNOWN STEP	2026-02-25T19:48:40.9218702Z shell: /usr/bin/bash -e {0}
Android Tests (0)	UNKNOWN STEP	2026-02-25T19:48:40.9218956Z env:
Android Tests (0)	UNKNOWN STEP	2026-02-25T19:48:40.9219136Z   CACHE_VERSION: v1
Android Tests (0)	UNKNOWN STEP	2026-02-25T19:48:40.9219461Z   JAVA_HOME: /opt/hostedtoolcache/Java_Temurin-Hotspot_jdk/17.0.18-8/x64
Android Tests (0)	UNKNOWN STEP	2026-02-25T19:48:40.9219966Z   JAVA_HOME_17_X64: /opt/hostedtoolcache/Java_Temurin-Hotspot_jdk/17.0.18-8/x64
Android Tests (0)	UNKNOWN STEP	2026-02-25T19:48:40.9220439Z   FLUTTER_ROOT: /opt/hostedtoolcache/flutter/stable-3.41.2-x64
Android Tests (0)	UNKNOWN STEP	2026-02-25T19:48:40.9220786Z   PUB_CACHE: /home/runner/.pub-cache
Android Tests (0)	UNKNOWN STEP	2026-02-25T19:48:40.9221040Z ##[endgroup]
Android Tests (0)	UNKNOWN STEP	2026-02-25T19:48:41.5097872Z Resolving dependencies...
Android Tests (0)	UNKNOWN STEP	2026-02-25T19:48:41.9540348Z Downloading packages...
Android Tests (0)	UNKNOWN STEP	2026-02-25T19:48:42.0304270Z   _fe_analyzer_shared 91.0.0 (96.0.0 available)
Android Tests (0)	UNKNOWN STEP	2026-02-25T19:48:42.0304852Z   analyzer 8.4.1 (10.2.0 available)
Android Tests (0)	UNKNOWN STEP	2026-02-25T19:48:42.0305391Z > characters 1.4.1 (was 1.4.0)
Android Tests (0)	UNKNOWN STEP	2026-02-25T19:48:42.0305818Z > matcher 0.12.18 (was 0.12.17)
Android Tests (0)	UNKNOWN STEP	2026-02-25T19:48:42.0306251Z > material_color_utilities 0.13.0 (was 0.11.1)
Android Tests (0)	UNKNOWN STEP	2026-02-25T19:48:42.0306709Z   meta 1.17.0 (1.18.1 available)
Android Tests (0)	UNKNOWN STEP	2026-02-25T19:48:42.0307190Z   sqflite_common_ffi 2.3.7+1 (2.4.0+2 available)
Android Tests (0)	UNKNOWN STEP	2026-02-25T19:48:42.0307685Z   sqlite3 2.9.4 (3.1.6 available)
Android Tests (0)	UNKNOWN STEP	2026-02-25T19:48:42.0308093Z > test_api 0.7.9 (was 0.7.7)
Android Tests (0)	UNKNOWN STEP	2026-02-25T19:48:42.0308471Z > test_core 0.6.15 (was 0.6.12)
Android Tests (0)	UNKNOWN STEP	2026-02-25T19:48:42.0308856Z   unorm_dart 0.2.0 (0.3.2 available)
Android Tests (0)	UNKNOWN STEP	2026-02-25T19:48:42.0309265Z   win32 5.15.0 (6.0.0 available)
Android Tests (0)	UNKNOWN STEP	2026-02-25T19:48:42.0309691Z Changed 5 dependencies!
Android Tests (0)	UNKNOWN STEP	2026-02-25T19:48:42.0315451Z 7 packages have newer versions incompatible with dependency constraints.
Android Tests (0)	UNKNOWN STEP	2026-02-25T19:48:42.0316179Z Try `flutter pub outdated` for more information.
Android Tests (0)	UNKNOWN STEP	2026-02-25T19:48:42.6379645Z ##[group]Run docker compose up -d postgres matrix-synapse redis
Android Tests (0)	UNKNOWN STEP	2026-02-25T19:48:42.6380165Z [36;1mdocker compose up -d postgres matrix-synapse redis[0m
Android Tests (0)	UNKNOWN STEP	2026-02-25T19:48:42.6380737Z [36;1msleep 10[0m
Android Tests (0)	UNKNOWN STEP	2026-02-25T19:48:42.6380986Z [36;1mdocker compose run --rm matrix-init[0m
Android Tests (0)	UNKNOWN STEP	2026-02-25T19:48:42.6381564Z [36;1mtimeout 60 bash -c 'until curl -sf http://localhost:8008/_matrix/client/versions > /dev/null 2>&1; do sleep 2; done'[0m
Android Tests (0)	UNKNOWN STEP	2026-02-25T19:48:42.6431975Z shell: /usr/bin/bash -e {0}
Android Tests (0)	UNKNOWN STEP	2026-02-25T19:48:42.6432220Z env:
Android Tests (0)	UNKNOWN STEP	2026-02-25T19:48:42.6432400Z   CACHE_VERSION: v1
Android Tests (0)	UNKNOWN STEP	2026-02-25T19:48:42.6432731Z   JAVA_HOME: /opt/hostedtoolcache/Java_Temurin-Hotspot_jdk/17.0.18-8/x64
Android Tests (0)	UNKNOWN STEP	2026-02-25T19:48:42.6433354Z   JAVA_HOME_17_X64: /opt/hostedtoolcache/Java_Temurin-Hotspot_jdk/17.0.18-8/x64
Android Tests (0)	UNKNOWN STEP	2026-02-25T19:48:42.6433816Z   FLUTTER_ROOT: /opt/hostedtoolcache/flutter/stable-3.41.2-x64
Android Tests (0)	UNKNOWN STEP	2026-02-25T19:48:42.6434150Z   PUB_CACHE: /home/runner/.pub-cache
Android Tests (0)	UNKNOWN STEP	2026-02-25T19:48:42.6434407Z ##[endgroup]
Android Tests (0)	UNKNOWN STEP	2026-02-25T19:48:42.9574933Z time="2026-02-25T19:48:42Z" level=warning msg="/home/runner/work/substitution/substitution/docker-compose.yml: the attribute `version` is obsolete, it will be ignored, please remove it to avoid potential confusion"
Android Tests (0)	UNKNOWN STEP	2026-02-25T19:48:42.9641784Z  matrix-synapse Pulling 
Android Tests (0)	UNKNOWN STEP	2026-02-25T19:48:42.9642089Z  redis Pulling 
Android Tests (0)	UNKNOWN STEP	2026-02-25T19:48:42.9642302Z  postgres Pulling 
Android Tests (0)	UNKNOWN STEP	2026-02-25T19:48:42.9642507Z  dex Pulling 
Android Tests (0)	UNKNOWN STEP	2026-02-25T19:48:43.9843532Z  589002ba0eae Pulling fs layer 
Android Tests (0)	UNKNOWN STEP	2026-02-25T19:48:43.9844095Z  5ffb427686b6 Pulling fs layer 
Android Tests (0)	UNKNOWN STEP	2026-02-25T19:48:43.9844745Z  630177b00352 Pulling fs layer 
Android Tests (0)	UNKNOWN STEP	2026-02-25T19:48:43.9845620Z  6c18ff1f33d0 Pulling fs layer 
Android Tests (0)	UNKNOWN STEP	2026-02-25T19:48:43.9846039Z  13e46e455d3b Pulling fs layer 
Android Tests (0)	UNKNOWN STEP	2026-02-25T19:48:43.9846597Z  b4403f29458a Pulling fs layer 
Android Tests (0)	UNKNOWN STEP	2026-02-25T19:48:43.9846868Z  40aaa75af6ce Pulling fs layer 
Android Tests (0)	UNKNOWN STEP	2026-02-25T19:48:43.9847360Z  162bdab1e0a7 Pulling fs layer 
Android Tests (0)	UNKNOWN STEP	2026-02-25T19:48:43.9847804Z  ebff7b0ec73e Pulling fs layer 
Android Tests (0)	UNKNOWN STEP	2026-02-25T19:48:43.9848265Z  c02179436571 Pulling fs layer 
Android Tests (0)	UNKNOWN STEP	2026-02-25T19:48:43.9848690Z  8243369e9866 Pulling fs layer 
Android Tests (0)	UNKNOWN STEP	2026-02-25T19:48:43.9849077Z  13e46e455d3b Waiting 
Android Tests (0)	UNKNOWN STEP	2026-02-25T19:48:43.9849425Z  b4403f29458a Waiting 
Android Tests (0)	UNKNOWN STEP	2026-02-25T19:48:43.9849805Z  40aaa75af6ce Waiting 
Android Tests (0)	UNKNOWN STEP	2026-02-25T19:48:43.9850168Z  162bdab1e0a7 Waiting 
Android Tests (0)	UNKNOWN STEP	2026-02-25T19:48:43.9850516Z  6c18ff1f33d0 Waiting 
Android Tests (0)	UNKNOWN STEP	2026-02-25T19:48:43.9850868Z  ebff7b0ec73e Waiting 
Android Tests (0)	UNKNOWN STEP	2026-02-25T19:48:43.9851204Z  c02179436571 Waiting 
Android Tests (0)	UNKNOWN STEP	2026-02-25T19:48:43.9851561Z  8243369e9866 Waiting 
Android Tests (0)	UNKNOWN STEP	2026-02-25T19:48:43.9857407Z  d25f557d7f31 Pulling fs layer 
Android Tests (0)	UNKNOWN STEP	2026-02-25T19:48:43.9858017Z  9acd5b82521c Pulling fs layer 
Android Tests (0)	UNKNOWN STEP	2026-02-25T19:48:43.9858461Z  10d78728ec4d Pulling fs layer 
Android Tests (0)	UNKNOWN STEP	2026-02-25T19:48:43.9858881Z  e0d49f520b92 Pulling fs layer 
Android Tests (0)	UNKNOWN STEP	2026-02-25T19:48:43.9859289Z  5de905603ac5 Pulling fs layer 
Android Tests (0)	UNKNOWN STEP	2026-02-25T19:48:43.9859691Z  808bb02340fa Pulling fs layer 
Android Tests (0)	UNKNOWN STEP	2026-02-25T19:48:43.9860085Z  c0970b69197c Pulling fs layer 
Android Tests (0)	UNKNOWN STEP	2026-02-25T19:48:43.9860478Z  9de5f206730a Pulling fs layer 
Android Tests (0)	UNKNOWN STEP	2026-02-25T19:48:43.9860884Z  24e28b7dc0a2 Pulling fs layer 
Android Tests (0)	UNKNOWN STEP	2026-02-25T19:48:43.9861276Z  830180cf89a8 Pulling fs layer 
Android Tests (0)	UNKNOWN STEP	2026-02-25T19:48:43.9861661Z  808bb02340fa Waiting 
Android Tests (0)	UNKNOWN STEP	2026-02-25T19:48:43.9861995Z  c0970b69197c Waiting 
Android Tests (0)	UNKNOWN STEP	2026-02-25T19:48:43.9862337Z  9de5f206730a Waiting 
Android Tests (0)	UNKNOWN STEP	2026-02-25T19:48:43.9862665Z  24e28b7dc0a2 Waiting 
Android Tests (0)	UNKNOWN STEP	2026-02-25T19:48:43.9863153Z  830180cf89a8 Waiting 
Android Tests (0)	UNKNOWN STEP	2026-02-25T19:48:43.9863488Z  d25f557d7f31 Waiting 
Android Tests (0)	UNKNOWN STEP	2026-02-25T19:48:43.9863823Z  9acd5b82521c Waiting 
Android Tests (0)	UNKNOWN STEP	2026-02-25T19:48:43.9864179Z  10d78728ec4d Waiting 
Android Tests (0)	UNKNOWN STEP	2026-02-25T19:48:43.9864510Z  e0d49f520b92 Waiting 
Android Tests (0)	UNKNOWN STEP	2026-02-25T19:48:43.9864855Z  5de905603ac5 Waiting 
Android Tests (0)	UNKNOWN STEP	2026-02-25T19:48:43.9872127Z  bc1da058f299 Pulling fs layer 
Android Tests (0)	UNKNOWN STEP	2026-02-25T19:48:43.9873409Z  09a5a0c32a23 Pulling fs layer 
Android Tests (0)	UNKNOWN STEP	2026-02-25T19:48:43.9873863Z  bd53938b1271 Pulling fs layer 
Android Tests (0)	UNKNOWN STEP	2026-02-25T19:48:43.9874292Z  9fe3744a2eac Pulling fs layer 
Android Tests (0)	UNKNOWN STEP	2026-02-25T19:48:43.9874698Z  7ad54b3c4cef Pulling fs layer 
Android Tests (0)	UNKNOWN STEP	2026-02-25T19:48:43.9875119Z  2a97533d89ca Pulling fs layer 
Android Tests (0)	UNKNOWN STEP	2026-02-25T19:48:43.9875534Z  4f4fb700ef54 Pulling fs layer 
Android Tests (0)	UNKNOWN STEP	2026-02-25T19:48:43.9876323Z  1c2c8d1ee428 Pulling fs layer 
Android Tests (0)	UNKNOWN STEP	2026-02-25T19:48:43.9876780Z  bc1da058f299 Waiting 
Android Tests (0)	UNKNOWN STEP	2026-02-25T19:48:43.9877152Z  09a5a0c32a23 Waiting 
Android Tests (0)	UNKNOWN STEP	2026-02-25T19:48:43.9877490Z  bd53938b1271 Waiting 
Android Tests (0)	UNKNOWN STEP	2026-02-25T19:48:43.9878103Z  9fe3744a2eac Waiting 
Android Tests (0)	UNKNOWN STEP	2026-02-25T19:48:43.9878439Z  4f4fb700ef54 Waiting 
Android Tests (0)	UNKNOWN STEP	2026-02-25T19:48:43.9878792Z  7ad54b3c4cef Waiting 
Android Tests (0)	UNKNOWN STEP	2026-02-25T19:48:43.9879116Z  1c2c8d1ee428 Waiting 
Android Tests (0)	UNKNOWN STEP	2026-02-25T19:48:43.9879449Z  2a97533d89ca Waiting 
Android Tests (0)	UNKNOWN STEP	2026-02-25T19:48:43.9881934Z  0c8d55a45c0d Pulling fs layer 
Android Tests (0)	UNKNOWN STEP	2026-02-25T19:48:43.9883646Z  03af238a5946 Pulling fs layer 
Android Tests (0)	UNKNOWN STEP	2026-02-25T19:48:43.9884307Z  686599c79c87 Pulling fs layer 
Android Tests (0)	UNKNOWN STEP	2026-02-25T19:48:43.9884904Z  f1cadbd7abd2 Pulling fs layer 
Android Tests (0)	UNKNOWN STEP	2026-02-25T19:48:43.9885330Z  3ee96ea8e5d2 Pulling fs layer 
Android Tests (0)	UNKNOWN STEP	2026-02-25T19:48:43.9885889Z  a954d256f742 Pulling fs layer 
Android Tests (0)	UNKNOWN STEP	2026-02-25T19:48:43.9886311Z  c7ce85987d6d Pulling fs layer 
Android Tests (0)	UNKNOWN STEP	2026-02-25T19:48:43.9886734Z  7807da78b90b Pulling fs layer 
Android Tests (0)	UNKNOWN STEP	2026-02-25T19:48:43.9887157Z  0478cd5c1079 Pulling fs layer 
Android Tests (0)	UNKNOWN STEP	2026-02-25T19:48:43.9887570Z  3a02ac06be95 Pulling fs layer 
Android Tests (0)	UNKNOWN STEP	2026-02-25T19:48:43.9888083Z  03af238a5946 Waiting 
Android Tests (0)	UNKNOWN STEP	2026-02-25T19:48:43.9888460Z  686599c79c87 Waiting 
Android Tests (0)	UNKNOWN STEP	2026-02-25T19:48:43.9888796Z  a954d256f742 Waiting 
Android Tests (0)	UNKNOWN STEP	2026-02-25T19:48:43.9889143Z  0478cd5c1079 Waiting 
Android Tests (0)	UNKNOWN STEP	2026-02-25T19:48:43.9889475Z  3ee96ea8e5d2 Waiting 
Android Tests (0)	UNKNOWN STEP	2026-02-25T19:48:43.9889813Z  c7ce85987d6d Waiting 
Android Tests (0)	UNKNOWN STEP	2026-02-25T19:48:43.9890111Z  7807da78b90b Waiting 
Android Tests (0)	UNKNOWN STEP	2026-02-25T19:48:43.9890309Z  3a02ac06be95 Waiting 
Android Tests (0)	UNKNOWN STEP	2026-02-25T19:48:43.9890501Z  0c8d55a45c0d Waiting 
Android Tests (0)	UNKNOWN STEP	2026-02-25T19:48:44.2356375Z  630177b00352 Downloading [>                                                  ]  9.393kB/922.9kB
Android Tests (0)	UNKNOWN STEP	2026-02-25T19:48:44.2365670Z  5ffb427686b6 Downloading [=====================================>             ]     721B/972B
Android Tests (0)	UNKNOWN STEP	2026-02-25T19:48:44.2367480Z  5ffb427686b6 Downloading [==================================================>]     972B/972B
Android Tests (0)	UNKNOWN STEP	2026-02-25T19:48:44.2368706Z  5ffb427686b6 Verifying Checksum 
Android Tests (0)	UNKNOWN STEP	2026-02-25T19:48:44.2369557Z  5ffb427686b6 Download complete 
Android Tests (0)	UNKNOWN STEP	2026-02-25T19:48:44.2387957Z  589002ba0eae Downloading [>                                                  ]  38.87kB/3.862MB
Android Tests (0)	UNKNOWN STEP	2026-02-25T19:48:44.3106691Z  630177b00352 Verifying Checksum 
Android Tests (0)	UNKNOWN STEP	2026-02-25T19:48:44.3107230Z  630177b00352 Download complete 
Android Tests (0)	UNKNOWN STEP	2026-02-25T19:48:44.3393631Z  589002ba0eae Downloading [=============================>                     ]  2.304MB/3.862MB
Android Tests (0)	UNKNOWN STEP	2026-02-25T19:48:44.3564440Z  589002ba0eae Verifying Checksum 
Android Tests (0)	UNKNOWN STEP	2026-02-25T19:48:44.3565934Z  589002ba0eae Download complete 
Android Tests (0)	UNKNOWN STEP	2026-02-25T19:48:44.3576154Z  589002ba0eae Extracting [>                                                  ]  65.54kB/3.862MB
Android Tests (0)	UNKNOWN STEP	2026-02-25T19:48:44.4504574Z  589002ba0eae Extracting [==================================================>]  3.862MB/3.862MB
Android Tests (0)	UNKNOWN STEP	2026-02-25T19:48:44.4505871Z  589002ba0eae Extracting [==================================================>]  3.862MB/3.862MB
Android Tests (0)	UNKNOWN STEP	2026-02-25T19:48:44.4719766Z  589002ba0eae Pull complete 
Android Tests (0)	UNKNOWN STEP	2026-02-25T19:48:44.4737017Z  5ffb427686b6 Extracting [==================================================>]     972B/972B
Android Tests (0)	UNKNOWN STEP	2026-02-25T19:48:44.4740526Z  5ffb427686b6 Extracting [==================================================>]     972B/972B
Android Tests (0)	UNKNOWN STEP	2026-02-25T19:48:44.5357791Z  6c18ff1f33d0 Downloading [==================================================>]     173B/173B
Android Tests (0)	UNKNOWN STEP	2026-02-25T19:48:44.5358514Z  6c18ff1f33d0 Verifying Checksum 
Android Tests (0)	UNKNOWN STEP	2026-02-25T19:48:44.5358835Z  6c18ff1f33d0 Download complete 
Android Tests (0)	UNKNOWN STEP	2026-02-25T19:48:44.5814593Z  13e46e455d3b Downloading [==================================================>]     116B/116B
Android Tests (0)	UNKNOWN STEP	2026-02-25T19:48:44.5816347Z  13e46e455d3b Verifying Checksum 
Android Tests (0)	UNKNOWN STEP	2026-02-25T19:48:44.5816859Z  13e46e455d3b Download complete 
Android Tests (0)	UNKNOWN STEP	2026-02-25T19:48:44.6665771Z  b4403f29458a Downloading [>                                                  ]  538.8kB/105.2MB
Android Tests (0)	UNKNOWN STEP	2026-02-25T19:48:44.7757159Z  b4403f29458a Downloading [=====>                                             ]  11.23MB/105.2MB
Android Tests (0)	UNKNOWN STEP	2026-02-25T19:48:44.8039186Z  40aaa75af6ce Downloading [===>                                               ]     700B/9.62kB
Android Tests (0)	UNKNOWN STEP	2026-02-25T19:48:44.8040179Z  40aaa75af6ce Downloading [==================================================>]   9.62kB/9.62kB
Android Tests (0)	UNKNOWN STEP	2026-02-25T19:48:44.8040920Z  40aaa75af6ce Verifying Checksum 
Android Tests (0)	UNKNOWN STEP	2026-02-25T19:48:44.8041758Z  40aaa75af6ce Download complete 
Android Tests (0)	UNKNOWN STEP	2026-02-25T19:48:44.8286782Z  162bdab1e0a7 Downloading [==================================================>]     128B/128B
Android Tests (0)	UNKNOWN STEP	2026-02-25T19:48:44.8290028Z  162bdab1e0a7 Download complete 
Android Tests (0)	UNKNOWN STEP	2026-02-25T19:48:44.8768469Z  b4403f29458a Downloading [============>                                      ]  27.24MB/105.2MB
Android Tests (0)	UNKNOWN STEP	2026-02-25T19:48:44.9781540Z  b4403f29458a Downloading [==================>                                ]  39.01MB/105.2MB
Android Tests (0)	UNKNOWN STEP	2026-02-25T19:48:45.0710262Z  ebff7b0ec73e Downloading [==================================================>]     170B/170B
Android Tests (0)	UNKNOWN STEP	2026-02-25T19:48:45.0711138Z  ebff7b0ec73e Verifying Checksum 
Android Tests (0)	UNKNOWN STEP	2026-02-25T19:48:45.0711857Z  ebff7b0ec73e Download complete 
Android Tests (0)	UNKNOWN STEP	2026-02-25T19:48:45.0824612Z  c02179436571 Downloading [=====>                                             ]     700B/5.84kB
Android Tests (0)	UNKNOWN STEP	2026-02-25T19:48:45.0825559Z  c02179436571 Downloading [==================================================>]   5.84kB/5.84kB
Android Tests (0)	UNKNOWN STEP	2026-02-25T19:48:45.0826297Z  c02179436571 Verifying Checksum 
Android Tests (0)	UNKNOWN STEP	2026-02-25T19:48:45.0826700Z  c02179436571 Download complete 
Android Tests (0)	UNKNOWN STEP	2026-02-25T19:48:45.0856114Z  b4403f29458a Downloading [=========================>                         ]   53.4MB/105.2MB
Android Tests (0)	UNKNOWN STEP	2026-02-25T19:48:45.1870839Z  b4403f29458a Downloading [=================================>                 ]  70.98MB/105.2MB
Android Tests (0)	UNKNOWN STEP	2026-02-25T19:48:45.2948441Z  b4403f29458a Downloading [=========================================>         ]  87.01MB/105.2MB
Android Tests (0)	UNKNOWN STEP	2026-02-25T19:48:45.3181813Z  8243369e9866 Downloading [==================================================>]     186B/186B
Android Tests (0)	UNKNOWN STEP	2026-02-25T19:48:45.3183927Z  8243369e9866 Verifying Checksum 
Android Tests (0)	UNKNOWN STEP	2026-02-25T19:48:45.3184506Z  8243369e9866 Download complete 
Android Tests (0)	UNKNOWN STEP	2026-02-25T19:48:45.3331817Z  d25f557d7f31 Downloading [>                                                  ]  37.05kB/3.622MB
Android Tests (0)	UNKNOWN STEP	2026-02-25T19:48:45.3994403Z  b4403f29458a Downloading [================================================>  ]  102.5MB/105.2MB
Android Tests (0)	UNKNOWN STEP	2026-02-25T19:48:45.4256328Z  b4403f29458a Verifying Checksum 
Android Tests (0)	UNKNOWN STEP	2026-02-25T19:48:45.4256896Z  b4403f29458a Download complete 
Android Tests (0)	UNKNOWN STEP	2026-02-25T19:48:45.4336884Z  d25f557d7f31 Downloading [================================================>  ]  3.519MB/3.622MB
Android Tests (0)	UNKNOWN STEP	2026-02-25T19:48:45.4342810Z  d25f557d7f31 Verifying Checksum 
Android Tests (0)	UNKNOWN STEP	2026-02-25T19:48:45.4343956Z  d25f557d7f31 Download complete 
Android Tests (0)	UNKNOWN STEP	2026-02-25T19:48:45.4354172Z  d25f557d7f31 Extracting [>                                                  ]  65.54kB/3.622MB
Android Tests (0)	UNKNOWN STEP	2026-02-25T19:48:45.5364198Z  d25f557d7f31 Extracting [=================================>                 ]  2.425MB/3.622MB
Android Tests (0)	UNKNOWN STEP	2026-02-25T19:48:45.5468796Z  5ffb427686b6 Pull complete 
Android Tests (0)	UNKNOWN STEP	2026-02-25T19:48:45.5485157Z  630177b00352 Extracting [=>                                                 ]  32.77kB/922.9kB
Android Tests (0)	UNKNOWN STEP	2026-02-25T19:48:45.5597631Z  d25f557d7f31 Extracting [==================================================>]  3.622MB/3.622MB
Android Tests (0)	UNKNOWN STEP	2026-02-25T19:48:45.5607359Z  9acd5b82521c Downloading [>                                                  ]  1.378kB/127.5kB
Android Tests (0)	UNKNOWN STEP	2026-02-25T19:48:45.5745293Z  630177b00352 Extracting [==================================================>]  922.9kB/922.9kB
Android Tests (0)	UNKNOWN STEP	2026-02-25T19:48:45.5939192Z  9acd5b82521c Downloading [==================================================>]  127.5kB/127.5kB
Android Tests (0)	UNKNOWN STEP	2026-02-25T19:48:45.5940979Z  9acd5b82521c Verifying Checksum 
Android Tests (0)	UNKNOWN STEP	2026-02-25T19:48:45.5942820Z  9acd5b82521c Download complete 
Android Tests (0)	UNKNOWN STEP	2026-02-25T19:48:45.6781765Z  10d78728ec4d Downloading [==================================================>]     122B/122B
Android Tests (0)	UNKNOWN STEP	2026-02-25T19:48:45.6857074Z  e0d49f520b92 Downloading [==================================================>]     961B/961B
Android Tests (0)	UNKNOWN STEP	2026-02-25T19:48:45.7190914Z  e0d49f520b92 Verifying Checksum 
Android Tests (0)	UNKNOWN STEP	2026-02-25T19:48:45.7195393Z  e0d49f520b92 Download complete 
Android Tests (0)	UNKNOWN STEP	2026-02-25T19:48:45.7196123Z  10d78728ec4d Download complete 
Android Tests (0)	UNKNOWN STEP	2026-02-25T19:48:45.7242630Z  d25f557d7f31 Pull complete 
Android Tests (0)	UNKNOWN STEP	2026-02-25T19:48:45.7256830Z  9acd5b82521c Extracting [============>                                      ]  32.77kB/127.5kB
Android Tests (0)	UNKNOWN STEP	2026-02-25T19:48:45.7263667Z  630177b00352 Pull complete 
Android Tests (0)	UNKNOWN STEP	2026-02-25T19:48:45.7271388Z  9acd5b82521c Extracting [==================================================>]  127.5kB/127.5kB
Android Tests (0)	UNKNOWN STEP	2026-02-25T19:48:45.7284200Z  6c18ff1f33d0 Extracting [==================================================>]     173B/173B
Android Tests (0)	UNKNOWN STEP	2026-02-25T19:48:45.7297812Z  6c18ff1f33d0 Extracting [==================================================>]     173B/173B
Android Tests (0)	UNKNOWN STEP	2026-02-25T19:48:45.7414149Z  9acd5b82521c Pull complete 
Android Tests (0)	UNKNOWN STEP	2026-02-25T19:48:45.7418787Z  6c18ff1f33d0 Pull complete 
Android Tests (0)	UNKNOWN STEP	2026-02-25T19:48:45.7428571Z  10d78728ec4d Extracting [==================================================>]     122B/122B
Android Tests (0)	UNKNOWN STEP	2026-02-25T19:48:45.7431206Z  10d78728ec4d Extracting [==================================================>]     122B/122B
Android Tests (0)	UNKNOWN STEP	2026-02-25T19:48:45.7444428Z  13e46e455d3b Extracting [==================================================>]     116B/116B
Android Tests (0)	UNKNOWN STEP	2026-02-25T19:48:45.7446053Z  13e46e455d3b Extracting [==================================================>]     116B/116B
Android Tests (0)	UNKNOWN STEP	2026-02-25T19:48:45.7527866Z  10d78728ec4d Pull complete 
Android Tests (0)	UNKNOWN STEP	2026-02-25T19:48:45.7531471Z  13e46e455d3b Pull complete 
Android Tests (0)	UNKNOWN STEP	2026-02-25T19:48:45.7541575Z  e0d49f520b92 Extracting [==================================================>]     961B/961B
Android Tests (0)	UNKNOWN STEP	2026-02-25T19:48:45.7545019Z  e0d49f520b92 Extracting [==================================================>]     961B/961B
Android Tests (0)	UNKNOWN STEP	2026-02-25T19:48:45.7630225Z  e0d49f520b92 Pull complete 
Android Tests (0)	UNKNOWN STEP	2026-02-25T19:48:45.7640928Z  b4403f29458a Extracting [>                                                  ]  557.1kB/105.2MB
Android Tests (0)	UNKNOWN STEP	2026-02-25T19:48:45.8406923Z  5de905603ac5 Downloading [====>                                              ]  1.378kB/17.03kB
Android Tests (0)	UNKNOWN STEP	2026-02-25T19:48:45.8429139Z  5de905603ac5 Downloading [==================================================>]  17.03kB/17.03kB
Android Tests (0)	UNKNOWN STEP	2026-02-25T19:48:45.8431448Z  5de905603ac5 Verifying Checksum 
Android Tests (0)	UNKNOWN STEP	2026-02-25T19:48:45.8433920Z  5de905603ac5 Download complete 
Android Tests (0)	UNKNOWN STEP	2026-02-25T19:48:45.8437604Z  5de905603ac5 Extracting [==================================================>]  17.03kB/17.03kB
Android Tests (0)	UNKNOWN STEP	2026-02-25T19:48:45.8440405Z  5de905603ac5 Extracting [==================================================>]  17.03kB/17.03kB
Android Tests (0)	UNKNOWN STEP	2026-02-25T19:48:45.8640685Z  5de905603ac5 Pull complete 
Android Tests (0)	UNKNOWN STEP	2026-02-25T19:48:45.8677928Z  b4403f29458a Extracting [==>                                                ]  4.456MB/105.2MB
Android Tests (0)	UNKNOWN STEP	2026-02-25T19:48:45.9445068Z  808bb02340fa Downloading [>                                                  ]  1.378kB/90.98kB
Android Tests (0)	UNKNOWN STEP	2026-02-25T19:48:45.9678472Z  808bb02340fa Downloading [==================================================>]  90.98kB/90.98kB
Android Tests (0)	UNKNOWN STEP	2026-02-25T19:48:45.9680047Z  808bb02340fa Verifying Checksum 
Android Tests (0)	UNKNOWN STEP	2026-02-25T19:48:45.9681642Z  808bb02340fa Download complete 
Android Tests (0)	UNKNOWN STEP	2026-02-25T19:48:45.9682407Z  808bb02340fa Extracting [==================>                                ]  32.77kB/90.98kB
Android Tests (0)	UNKNOWN STEP	2026-02-25T19:48:45.9696106Z  808bb02340fa Extracting [==================================================>]  90.98kB/90.98kB
Android Tests (0)	UNKNOWN STEP	2026-02-25T19:48:45.9707732Z  808bb02340fa Extracting [==================================================>]  90.98kB/90.98kB
Android Tests (0)	UNKNOWN STEP	2026-02-25T19:48:45.9737071Z  b4403f29458a Extracting [======>                                            ]  13.37MB/105.2MB
Android Tests (0)	UNKNOWN STEP	2026-02-25T19:48:45.9914656Z  808bb02340fa Pull complete 
Android Tests (0)	UNKNOWN STEP	2026-02-25T19:48:45.9975444Z  c0970b69197c Downloading [>                                                  ]    162kB/14.88MB
Android Tests (0)	UNKNOWN STEP	2026-02-25T19:48:46.0752490Z  b4403f29458a Extracting [==========>                                        ]  21.73MB/105.2MB
Android Tests (0)	UNKNOWN STEP	2026-02-25T19:48:46.1001839Z  c0970b69197c Downloading [================================>                  ]  9.732MB/14.88MB
Android Tests (0)	UNKNOWN STEP	2026-02-25T19:48:46.1208424Z  9de5f206730a Downloading [>                                                  ]  8.268kB/766.3kB
Android Tests (0)	UNKNOWN STEP	2026-02-25T19:48:46.1212705Z  c0970b69197c Verifying Checksum 
Android Tests (0)	UNKNOWN STEP	2026-02-25T19:48:46.1213886Z  c0970b69197c Download complete 
Android Tests (0)	UNKNOWN STEP	2026-02-25T19:48:46.1241190Z  c0970b69197c Extracting [>                                                  ]  163.8kB/14.88MB
Android Tests (0)	UNKNOWN STEP	2026-02-25T19:48:46.1782048Z  b4403f29458a Extracting [=============>                                     ]  28.97MB/105.2MB
Android Tests (0)	UNKNOWN STEP	2026-02-25T19:48:46.1888387Z  9de5f206730a Verifying Checksum 
Android Tests (0)	UNKNOWN STEP	2026-02-25T19:48:46.1890039Z  9de5f206730a Download complete 
Android Tests (0)	UNKNOWN STEP	2026-02-25T19:48:46.2057114Z  24e28b7dc0a2 Downloading [>                                                  ]  1.378kB/83.13kB
Android Tests (0)	UNKNOWN STEP	2026-02-25T19:48:46.2251933Z  c0970b69197c Extracting [=====================>                             ]   6.39MB/14.88MB
Android Tests (0)	UNKNOWN STEP	2026-02-25T19:48:46.2285108Z  24e28b7dc0a2 Downloading [==================================================>]  83.13kB/83.13kB
Android Tests (0)	UNKNOWN STEP	2026-02-25T19:48:46.2285865Z  24e28b7dc0a2 Verifying Checksum 
Android Tests (0)	UNKNOWN STEP	2026-02-25T19:48:46.2286326Z  24e28b7dc0a2 Download complete 
Android Tests (0)	UNKNOWN STEP	2026-02-25T19:48:46.2827080Z  b4403f29458a Extracting [=================>                                 ]  36.21MB/105.2MB
Android Tests (0)	UNKNOWN STEP	2026-02-25T19:48:46.3259017Z  c0970b69197c Extracting [===============================================>   ]  14.09MB/14.88MB
Android Tests (0)	UNKNOWN STEP	2026-02-25T19:48:46.3430856Z  c0970b69197c Extracting [==================================================>]  14.88MB/14.88MB
Android Tests (0)	UNKNOWN STEP	2026-02-25T19:48:46.3837459Z  c0970b69197c Pull complete 
Android Tests (0)	UNKNOWN STEP	2026-02-25T19:48:46.3845416Z  b4403f29458a Extracting [====================>                              ]  43.45MB/105.2MB
Android Tests (0)	UNKNOWN STEP	2026-02-25T19:48:46.3850447Z  9de5f206730a Extracting [==>                                                ]  32.77kB/766.3kB
Android Tests (0)	UNKNOWN STEP	2026-02-25T19:48:46.3984948Z  9de5f206730a Extracting [==================================================>]  766.3kB/766.3kB
Android Tests (0)	UNKNOWN STEP	2026-02-25T19:48:46.3989085Z  9de5f206730a Extracting [==================================================>]  766.3kB/766.3kB
Android Tests (0)	UNKNOWN STEP	2026-02-25T19:48:46.4085214Z  9de5f206730a Pull complete 
Android Tests (0)	UNKNOWN STEP	2026-02-25T19:48:46.4097787Z  24e28b7dc0a2 Extracting [===================>                               ]  32.77kB/83.13kB
Android Tests (0)	UNKNOWN STEP	2026-02-25T19:48:46.4106020Z  24e28b7dc0a2 Extracting [==================================================>]  83.13kB/83.13kB
Android Tests (0)	UNKNOWN STEP	2026-02-25T19:48:46.4109626Z  24e28b7dc0a2 Extracting [==================================================>]  83.13kB/83.13kB
Android Tests (0)	UNKNOWN STEP	2026-02-25T19:48:46.4247757Z  bc1da058f299 Downloading [>                                                  ]  36.75kB/3.644MB
Android Tests (0)	UNKNOWN STEP	2026-02-25T19:48:46.4257519Z  830180cf89a8 Downloading [>                                                  ]  162.5kB/14.63MB
Android Tests (0)	UNKNOWN STEP	2026-02-25T19:48:46.4339468Z  24e28b7dc0a2 Pull complete 
Android Tests (0)	UNKNOWN STEP	2026-02-25T19:48:46.4949033Z  b4403f29458a Extracting [========================>                          ]  50.69MB/105.2MB
Android Tests (0)	UNKNOWN STEP	2026-02-25T19:48:46.5146450Z  09a5a0c32a23 Downloading [======================================>            ]     721B/948B
Android Tests (0)	UNKNOWN STEP	2026-02-25T19:48:46.5147215Z  09a5a0c32a23 Download complete 
Android Tests (0)	UNKNOWN STEP	2026-02-25T19:48:46.5252742Z  bc1da058f299 Downloading [==================================>                ]  2.496MB/3.644MB
Android Tests (0)	UNKNOWN STEP	2026-02-25T19:48:46.5258566Z  830180cf89a8 Downloading [================================>                  ]  9.532MB/14.63MB
Android Tests (0)	UNKNOWN STEP	2026-02-25T19:48:46.5348200Z  bc1da058f299 Verifying Checksum 
Android Tests (0)	UNKNOWN STEP	2026-02-25T19:48:46.5349367Z  bc1da058f299 Download complete 
Android Tests (0)	UNKNOWN STEP	2026-02-25T19:48:46.5357750Z  bc1da058f299 Extracting [>                                                  ]  65.54kB/3.644MB
Android Tests (0)	UNKNOWN STEP	2026-02-25T19:48:46.5462490Z  830180cf89a8 Verifying Checksum 
Android Tests (0)	UNKNOWN STEP	2026-02-25T19:48:46.5467047Z  830180cf89a8 Download complete 
Android Tests (0)	UNKNOWN STEP	2026-02-25T19:48:46.5497718Z  830180cf89a8 Extracting [>                                                  ]  163.8kB/14.63MB
Android Tests (0)	UNKNOWN STEP	2026-02-25T19:48:46.6039034Z  b4403f29458a Extracting [=========================>                         ]  53.48MB/105.2MB
Android Tests (0)	UNKNOWN STEP	2026-02-25T19:48:46.6476636Z  bc1da058f299 Extracting [===================>                               ]  1.442MB/3.644MB
Android Tests (0)	UNKNOWN STEP	2026-02-25T19:48:46.6506224Z  830180cf89a8 Extracting [==================>                                ]  5.407MB/14.63MB
Android Tests (0)	UNKNOWN STEP	2026-02-25T19:48:46.7009865Z  bc1da058f299 Extracting [==================================================>]  3.644MB/3.644MB
Android Tests (0)	UNKNOWN STEP	2026-02-25T19:48:46.7017223Z  bc1da058f299 Extracting [==================================================>]  3.644MB/3.644MB
Android Tests (0)	UNKNOWN STEP	2026-02-25T19:48:46.7127452Z  b4403f29458a Extracting [===========================>                       ]  57.93MB/105.2MB
Android Tests (0)	UNKNOWN STEP	2026-02-25T19:48:46.7349254Z  bc1da058f299 Pull complete 
Android Tests (0)	UNKNOWN STEP	2026-02-25T19:48:46.7367745Z  09a5a0c32a23 Extracting [==================================================>]     948B/948B
Android Tests (0)	UNKNOWN STEP	2026-02-25T19:48:46.7383783Z  09a5a0c32a23 Extracting [==================================================>]     948B/948B
Android Tests (0)	UNKNOWN STEP	2026-02-25T19:48:46.7541043Z  830180cf89a8 Extracting [===============================>                   ]  9.339MB/14.63MB
Android Tests (0)	UNKNOWN STEP	2026-02-25T19:48:46.7636215Z  bd53938b1271 Downloading [>                                                  ]  2.087kB/173.4kB
Android Tests (0)	UNKNOWN STEP	2026-02-25T19:48:46.7982367Z  09a5a0c32a23 Pull complete 
Android Tests (0)	UNKNOWN STEP	2026-02-25T19:48:46.8001583Z  bd53938b1271 Verifying Checksum 
Android Tests (0)	UNKNOWN STEP	2026-02-25T19:48:46.8002832Z  bd53938b1271 Extracting [=========>                                         ]  32.77kB/173.4kB
Android Tests (0)	UNKNOWN STEP	2026-02-25T19:48:46.8094611Z  bd53938b1271 Extracting [==================================================>]  173.4kB/173.4kB
Android Tests (0)	UNKNOWN STEP	2026-02-25T19:48:46.8153746Z  9fe3744a2eac Downloading [>                                                  ]   10.3kB/1.003MB
Android Tests (0)	UNKNOWN STEP	2026-02-25T19:48:46.8197249Z  b4403f29458a Extracting [=============================>                     ]  61.83MB/105.2MB
Android Tests (0)	UNKNOWN STEP	2026-02-25T19:48:46.8309391Z  7ad54b3c4cef Downloading [>                                                  ]  126.3kB/12.41MB
Android Tests (0)	UNKNOWN STEP	2026-02-25T19:48:46.8471049Z  bd53938b1271 Extracting [==================================================>]  173.4kB/173.4kB
Android Tests (0)	UNKNOWN STEP	2026-02-25T19:48:46.8562779Z  830180cf89a8 Extracting [======================================>            ]   11.3MB/14.63MB
Android Tests (0)	UNKNOWN STEP	2026-02-25T19:48:46.8963607Z  9fe3744a2eac Downloading [==================================================>]  1.003MB/1.003MB
Android Tests (0)	UNKNOWN STEP	2026-02-25T19:48:46.8971857Z  9fe3744a2eac Verifying Checksum 
Android Tests (0)	UNKNOWN STEP	2026-02-25T19:48:46.8972680Z  9fe3744a2eac Download complete 
Android Tests (0)	UNKNOWN STEP	2026-02-25T19:48:46.9227508Z  b4403f29458a Extracting [================================>                  ]   67.4MB/105.2MB
Android Tests (0)	UNKNOWN STEP	2026-02-25T19:48:46.9251505Z  830180cf89a8 Extracting [==================================================>]  14.63MB/14.63MB
Android Tests (0)	UNKNOWN STEP	2026-02-25T19:48:46.9325939Z  7ad54b3c4cef Downloading [=====================>                             ]  5.243MB/12.41MB
Android Tests (0)	UNKNOWN STEP	2026-02-25T19:48:46.9586902Z  830180cf89a8 Pull complete 
Android Tests (0)	UNKNOWN STEP	2026-02-25T19:48:46.9652722Z  dex Pulled 
Android Tests (0)	UNKNOWN STEP	2026-02-25T19:48:46.9688523Z  7ad54b3c4cef Verifying Checksum 
Android Tests (0)	UNKNOWN STEP	2026-02-25T19:48:46.9689092Z  7ad54b3c4cef Download complete 
Android Tests (0)	UNKNOWN STEP	2026-02-25T19:48:47.0282277Z  b4403f29458a Extracting [==================================>                ]  72.97MB/105.2MB
Android Tests (0)	UNKNOWN STEP	2026-02-25T19:48:47.0561619Z  bd53938b1271 Pull complete 
Android Tests (0)	UNKNOWN STEP	2026-02-25T19:48:47.0576045Z  9fe3744a2eac Extracting [=>                                                 ]  32.77kB/1.003MB
Android Tests (0)	UNKNOWN STEP	2026-02-25T19:48:47.0588135Z  2a97533d89ca Downloading [==================================================>]     100B/100B
Android Tests (0)	UNKNOWN STEP	2026-02-25T19:48:47.0592296Z  2a97533d89ca Verifying Checksum 
Android Tests (0)	UNKNOWN STEP	2026-02-25T19:48:47.0593874Z  2a97533d89ca Download complete 
Android Tests (0)	UNKNOWN STEP	2026-02-25T19:48:47.0816304Z  9fe3744a2eac Extracting [==================================================>]  1.003MB/1.003MB
Android Tests (0)	UNKNOWN STEP	2026-02-25T19:48:47.0818536Z  9fe3744a2eac Extracting [==================================================>]  1.003MB/1.003MB
Android Tests (0)	UNKNOWN STEP	2026-02-25T19:48:47.0919350Z  9fe3744a2eac Pull complete 
Android Tests (0)	UNKNOWN STEP	2026-02-25T19:48:47.0947445Z  7ad54b3c4cef Extracting [>                                                  ]  131.1kB/12.41MB
Android Tests (0)	UNKNOWN STEP	2026-02-25T19:48:47.1309720Z  4f4fb700ef54 Downloading [==================================================>]      32B/32B
Android Tests (0)	UNKNOWN STEP	2026-02-25T19:48:47.1310482Z  4f4fb700ef54 Verifying Checksum 
Android Tests (0)	UNKNOWN STEP	2026-02-25T19:48:47.1310943Z  4f4fb700ef54 Download complete 
Android Tests (0)	UNKNOWN STEP	2026-02-25T19:48:47.1786293Z  b4403f29458a Extracting [===================================>               ]   75.2MB/105.2MB
Android Tests (0)	UNKNOWN STEP	2026-02-25T19:48:47.1951522Z  7ad54b3c4cef Extracting [======================>                            ]  5.636MB/12.41MB
Android Tests (0)	UNKNOWN STEP	2026-02-25T19:48:47.2584758Z  1c2c8d1ee428 Downloading [==================================================>]     576B/576B
Android Tests (0)	UNKNOWN STEP	2026-02-25T19:48:47.2589355Z  1c2c8d1ee428 Download complete 
Android Tests (0)	UNKNOWN STEP	2026-02-25T19:48:47.2834260Z  b4403f29458a Extracting [====================================>              ]  75.76MB/105.2MB
Android Tests (0)	UNKNOWN STEP	2026-02-25T19:48:47.2868759Z  7ad54b3c4cef Extracting [==================================================>]  12.41MB/12.41MB
Android Tests (0)	UNKNOWN STEP	2026-02-25T19:48:47.3197322Z  7ad54b3c4cef Pull complete 
Android Tests (0)	UNKNOWN STEP	2026-02-25T19:48:47.3208441Z  2a97533d89ca Extracting [==================================================>]     100B/100B
Android Tests (0)	UNKNOWN STEP	2026-02-25T19:48:47.3213215Z  2a97533d89ca Extracting [==================================================>]     100B/100B
Android Tests (0)	UNKNOWN STEP	2026-02-25T19:48:47.3296506Z  2a97533d89ca Pull complete 
Android Tests (0)	UNKNOWN STEP	2026-02-25T19:48:47.3311477Z  4f4fb700ef54 Extracting [==================================================>]      32B/32B
Android Tests (0)	UNKNOWN STEP	2026-02-25T19:48:47.3315399Z  4f4fb700ef54 Extracting [==================================================>]      32B/32B
Android Tests (0)	UNKNOWN STEP	2026-02-25T19:48:47.3389272Z  4f4fb700ef54 Pull complete 
Android Tests (0)	UNKNOWN STEP	2026-02-25T19:48:47.3411062Z  1c2c8d1ee428 Extracting [==================================================>]     576B/576B
Android Tests (0)	UNKNOWN STEP	2026-02-25T19:48:47.3415736Z  1c2c8d1ee428 Extracting [==================================================>]     576B/576B
Android Tests (0)	UNKNOWN STEP	2026-02-25T19:48:47.3434222Z  0c8d55a45c0d Downloading [>                                                  ]  305.2kB/29.78MB
Android Tests (0)	UNKNOWN STEP	2026-02-25T19:48:47.3531285Z  1c2c8d1ee428 Pull complete 
Android Tests (0)	UNKNOWN STEP	2026-02-25T19:48:47.3598378Z  redis Pulled 
Android Tests (0)	UNKNOWN STEP	2026-02-25T19:48:47.3905152Z  b4403f29458a Extracting [====================================>              ]  76.87MB/105.2MB
Android Tests (0)	UNKNOWN STEP	2026-02-25T19:48:47.4447570Z  0c8d55a45c0d Downloading [=============>                                     ]  8.061MB/29.78MB
Android Tests (0)	UNKNOWN STEP	2026-02-25T19:48:47.4475211Z  03af238a5946 Downloading [>                                                  ]  13.04kB/1.293MB
Android Tests (0)	UNKNOWN STEP	2026-02-25T19:48:47.5015850Z  b4403f29458a Extracting [=====================================>             ]   79.1MB/105.2MB
Android Tests (0)	UNKNOWN STEP	2026-02-25T19:48:47.5331777Z  03af238a5946 Verifying Checksum 
Android Tests (0)	UNKNOWN STEP	2026-02-25T19:48:47.5333885Z  03af238a5946 Download complete 
Android Tests (0)	UNKNOWN STEP	2026-02-25T19:48:47.5395644Z  686599c79c87 Downloading [>                                                  ]    118kB/11.8MB
Android Tests (0)	UNKNOWN STEP	2026-02-25T19:48:47.5452715Z  0c8d55a45c0d Downloading [============================================>      ]  26.53MB/29.78MB
Android Tests (0)	UNKNOWN STEP	2026-02-25T19:48:47.5650822Z  0c8d55a45c0d Download complete 
Android Tests (0)	UNKNOWN STEP	2026-02-25T19:48:47.6064372Z  0c8d55a45c0d Extracting [>                                                  ]  327.7kB/29.78MB
Android Tests (0)	UNKNOWN STEP	2026-02-25T19:48:47.6180799Z  b4403f29458a Extracting [=======================================>           ]  82.44MB/105.2MB
Android Tests (0)	UNKNOWN STEP	2026-02-25T19:48:47.6398301Z  686599c79c87 Downloading [==================>                                ]   4.38MB/11.8MB
Android Tests (0)	UNKNOWN STEP	2026-02-25T19:48:47.6743880Z  686599c79c87 Verifying Checksum 
Android Tests (0)	UNKNOWN STEP	2026-02-25T19:48:47.6744420Z  686599c79c87 Download complete 
Android Tests (0)	UNKNOWN STEP	2026-02-25T19:48:47.7104853Z  0c8d55a45c0d Extracting [========>                                          ]  5.243MB/29.78MB
Android Tests (0)	UNKNOWN STEP	2026-02-25T19:48:47.7188064Z  b4403f29458a Extracting [========================================>          ]  85.23MB/105.2MB
Android Tests (0)	UNKNOWN STEP	2026-02-25T19:48:47.7752805Z  f1cadbd7abd2 Downloading [==================================================>]     252B/252B
Android Tests (0)	UNKNOWN STEP	2026-02-25T19:48:47.7755082Z  f1cadbd7abd2 Verifying Checksum 
Android Tests (0)	UNKNOWN STEP	2026-02-25T19:48:47.7755587Z  f1cadbd7abd2 Download complete 
Android Tests (0)	UNKNOWN STEP	2026-02-25T19:48:47.8112823Z  3ee96ea8e5d2 Downloading [==================================================>]     250B/250B
Android Tests (0)	UNKNOWN STEP	2026-02-25T19:48:47.8113756Z  3ee96ea8e5d2 Verifying Checksum 
Android Tests (0)	UNKNOWN STEP	2026-02-25T19:48:47.8115354Z  3ee96ea8e5d2 Download complete 
Android Tests (0)	UNKNOWN STEP	2026-02-25T19:48:47.8154360Z  0c8d55a45c0d Extracting [================>                                  ]   9.83MB/29.78MB
Android Tests (0)	UNKNOWN STEP	2026-02-25T19:48:47.8291874Z  b4403f29458a Extracting [==========================================>        ]  89.69MB/105.2MB
Android Tests (0)	UNKNOWN STEP	2026-02-25T19:48:47.9214887Z  0c8d55a45c0d Extracting [====================>                              ]  12.12MB/29.78MB
Android Tests (0)	UNKNOWN STEP	2026-02-25T19:48:47.9426035Z  a954d256f742 Downloading [>                                                  ]  222.9kB/21.98MB
Android Tests (0)	UNKNOWN STEP	2026-02-25T19:48:47.9885478Z  b4403f29458a Extracting [===========================================>       ]  92.47MB/105.2MB
Android Tests (0)	UNKNOWN STEP	2026-02-25T19:48:48.0059765Z  c7ce85987d6d Downloading [==>                                                ]     719B/13.29kB
Android Tests (0)	UNKNOWN STEP	2026-02-25T19:48:48.0067450Z  c7ce85987d6d Downloading [==================================================>]  13.29kB/13.29kB
Android Tests (0)	UNKNOWN STEP	2026-02-25T19:48:48.0070414Z  c7ce85987d6d Verifying Checksum 
Android Tests (0)	UNKNOWN STEP	2026-02-25T19:48:48.0072294Z  c7ce85987d6d Download complete 
Android Tests (0)	UNKNOWN STEP	2026-02-25T19:48:48.0218878Z  0c8d55a45c0d Extracting [==============================>                    ]  18.35MB/29.78MB
Android Tests (0)	UNKNOWN STEP	2026-02-25T19:48:48.0504667Z  a954d256f742 Downloading [===========>                                       ]  5.037MB/21.98MB
Android Tests (0)	UNKNOWN STEP	2026-02-25T19:48:48.0892519Z  b4403f29458a Extracting [===============================================>   ]  99.71MB/105.2MB
Android Tests (0)	UNKNOWN STEP	2026-02-25T19:48:48.1225055Z  7807da78b90b Downloading [>                                                  ]  456.9kB/45.54MB
Android Tests (0)	UNKNOWN STEP	2026-02-25T19:48:48.1254200Z  0c8d55a45c0d Extracting [========================================>          ]  23.92MB/29.78MB
Android Tests (0)	UNKNOWN STEP	2026-02-25T19:48:48.1504411Z  a954d256f742 Downloading [========================================>          ]  17.78MB/21.98MB
Android Tests (0)	UNKNOWN STEP	2026-02-25T19:48:48.1761610Z  a954d256f742 Verifying Checksum 
Android Tests (0)	UNKNOWN STEP	2026-02-25T19:48:48.1762140Z  a954d256f742 Download complete 
Android Tests (0)	UNKNOWN STEP	2026-02-25T19:48:48.2037455Z  b4403f29458a Extracting [==================================================>]  105.2MB/105.2MB
Android Tests (0)	UNKNOWN STEP	2026-02-25T19:48:48.2237683Z  7807da78b90b Downloading [============>                                      ]  11.09MB/45.54MB
Android Tests (0)	UNKNOWN STEP	2026-02-25T19:48:48.2474177Z  0478cd5c1079 Downloading [===================>                               ]  1.369kB/3.507kB
Android Tests (0)	UNKNOWN STEP	2026-02-25T19:48:48.2478303Z  0478cd5c1079 Downloading [==================================================>]  3.507kB/3.507kB
Android Tests (0)	UNKNOWN STEP	2026-02-25T19:48:48.2482275Z  0478cd5c1079 Verifying Checksum 
Android Tests (0)	UNKNOWN STEP	2026-02-25T19:48:48.2482747Z  0478cd5c1079 Download complete 
Android Tests (0)	UNKNOWN STEP	2026-02-25T19:48:48.3245621Z  7807da78b90b Downloading [===============================>                   ]   28.7MB/45.54MB
Android Tests (0)	UNKNOWN STEP	2026-02-25T19:48:48.3679913Z  0c8d55a45c0d Extracting [============================================>      ]  26.21MB/29.78MB
Android Tests (0)	UNKNOWN STEP	2026-02-25T19:48:48.4258652Z  7807da78b90b Downloading [==============================================>    ]  42.62MB/45.54MB
Android Tests (0)	UNKNOWN STEP	2026-02-25T19:48:48.4370158Z  7807da78b90b Verifying Checksum 
Android Tests (0)	UNKNOWN STEP	2026-02-25T19:48:48.4373853Z  7807da78b90b Download complete 
Android Tests (0)	UNKNOWN STEP	2026-02-25T19:48:48.4446947Z  3a02ac06be95 Downloading [==========>                                        ]     720B/3.462kB
Android Tests (0)	UNKNOWN STEP	2026-02-25T19:48:48.4450429Z  3a02ac06be95 Verifying Checksum 
Android Tests (0)	UNKNOWN STEP	2026-02-25T19:48:48.4451419Z  3a02ac06be95 Download complete 
Android Tests (0)	UNKNOWN STEP	2026-02-25T19:48:48.4895835Z  0c8d55a45c0d Extracting [===============================================>   ]  28.51MB/29.78MB
Android Tests (0)	UNKNOWN STEP	2026-02-25T19:48:48.6601017Z  0c8d55a45c0d Extracting [================================================>  ]  29.16MB/29.78MB
Android Tests (0)	UNKNOWN STEP	2026-02-25T19:48:48.7238249Z  b4403f29458a Pull complete 
Android Tests (0)	UNKNOWN STEP	2026-02-25T19:48:48.7252009Z  40aaa75af6ce Extracting [==================================================>]   9.62kB/9.62kB
Android Tests (0)	UNKNOWN STEP	2026-02-25T19:48:48.7255468Z  40aaa75af6ce Extracting [==================================================>]   9.62kB/9.62kB
Android Tests (0)	UNKNOWN STEP	2026-02-25T19:48:48.7383197Z  40aaa75af6ce Pull complete 
Android Tests (0)	UNKNOWN STEP	2026-02-25T19:48:48.7401189Z  162bdab1e0a7 Extracting [==================================================>]     128B/128B
Android Tests (0)	UNKNOWN STEP	2026-02-25T19:48:48.7413925Z  162bdab1e0a7 Extracting [==================================================>]     128B/128B
Android Tests (0)	UNKNOWN STEP	2026-02-25T19:48:48.7616229Z  162bdab1e0a7 Pull complete 
Android Tests (0)	UNKNOWN STEP	2026-02-25T19:48:48.7630277Z  ebff7b0ec73e Extracting [==================================================>]     170B/170B
Android Tests (0)	UNKNOWN STEP	2026-02-25T19:48:48.7634720Z  ebff7b0ec73e Extracting [==================================================>]     170B/170B
Android Tests (0)	UNKNOWN STEP	2026-02-25T19:48:48.7753299Z  ebff7b0ec73e Pull complete 
Android Tests (0)	UNKNOWN STEP	2026-02-25T19:48:48.7766312Z  c02179436571 Extracting [==================================================>]   5.84kB/5.84kB
Android Tests (0)	UNKNOWN STEP	2026-02-25T19:48:48.7768639Z  c02179436571 Extracting [==================================================>]   5.84kB/5.84kB
Android Tests (0)	UNKNOWN STEP	2026-02-25T19:48:48.7775595Z  0c8d55a45c0d Extracting [==================================================>]  29.78MB/29.78MB
Android Tests (0)	UNKNOWN STEP	2026-02-25T19:48:48.7885160Z  c02179436571 Pull complete 
Android Tests (0)	UNKNOWN STEP	2026-02-25T19:48:48.7902222Z  8243369e9866 Extracting [==================================================>]     186B/186B
Android Tests (0)	UNKNOWN STEP	2026-02-25T19:48:48.7904208Z  8243369e9866 Extracting [==================================================>]     186B/186B
Android Tests (0)	UNKNOWN STEP	2026-02-25T19:48:48.8008659Z  8243369e9866 Pull complete 
Android Tests (0)	UNKNOWN STEP	2026-02-25T19:48:48.8049010Z  0c8d55a45c0d Pull complete 
Android Tests (0)	UNKNOWN STEP	2026-02-25T19:48:48.8062583Z  03af238a5946 Extracting [=>                                                 ]  32.77kB/1.293MB
Android Tests (0)	UNKNOWN STEP	2026-02-25T19:48:48.8077328Z  postgres Pulled 
Android Tests (0)	UNKNOWN STEP	2026-02-25T19:48:48.9100627Z  03af238a5946 Extracting [====================================>              ]  950.3kB/1.293MB
Android Tests (0)	UNKNOWN STEP	2026-02-25T19:48:48.9155300Z  03af238a5946 Extracting [==================================================>]  1.293MB/1.293MB
Android Tests (0)	UNKNOWN STEP	2026-02-25T19:48:48.9160083Z  03af238a5946 Extracting [==================================================>]  1.293MB/1.293MB
Android Tests (0)	UNKNOWN STEP	2026-02-25T19:48:48.9421621Z  03af238a5946 Pull complete 
Android Tests (0)	UNKNOWN STEP	2026-02-25T19:48:48.9444134Z  686599c79c87 Extracting [>                                                  ]  131.1kB/11.8MB
Android Tests (0)	UNKNOWN STEP	2026-02-25T19:48:49.0458099Z  686599c79c87 Extracting [========>                                          ]  1.966MB/11.8MB
Android Tests (0)	UNKNOWN STEP	2026-02-25T19:48:49.1531658Z  686599c79c87 Extracting [================>                                  ]  3.932MB/11.8MB
Android Tests (0)	UNKNOWN STEP	2026-02-25T19:48:49.2556414Z  686599c79c87 Extracting [==================================>                ]  8.126MB/11.8MB
Android Tests (0)	UNKNOWN STEP	2026-02-25T19:48:49.3572547Z  686599c79c87 Extracting [==========================================>        ]  9.961MB/11.8MB
Android Tests (0)	UNKNOWN STEP	2026-02-25T19:48:49.4582249Z  686599c79c87 Extracting [==============================================>    ]  10.88MB/11.8MB
Android Tests (0)	UNKNOWN STEP	2026-02-25T19:48:49.5240453Z  686599c79c87 Extracting [==================================================>]   11.8MB/11.8MB
Android Tests (0)	UNKNOWN STEP	2026-02-25T19:48:49.5876658Z  686599c79c87 Pull complete 
Android Tests (0)	UNKNOWN STEP	2026-02-25T19:48:49.5887946Z  f1cadbd7abd2 Extracting [==================================================>]     252B/252B
Android Tests (0)	UNKNOWN STEP	2026-02-25T19:48:49.5892445Z  f1cadbd7abd2 Extracting [==================================================>]     252B/252B
Android Tests (0)	UNKNOWN STEP	2026-02-25T19:48:49.5969798Z  f1cadbd7abd2 Pull complete 
Android Tests (0)	UNKNOWN STEP	2026-02-25T19:48:49.5982055Z  3ee96ea8e5d2 Extracting [==================================================>]     250B/250B
Android Tests (0)	UNKNOWN STEP	2026-02-25T19:48:49.5985733Z  3ee96ea8e5d2 Extracting [==================================================>]     250B/250B
Android Tests (0)	UNKNOWN STEP	2026-02-25T19:48:49.6095655Z  3ee96ea8e5d2 Pull complete 
Android Tests (0)	UNKNOWN STEP	2026-02-25T19:48:49.6125811Z  a954d256f742 Extracting [>                                                  ]  229.4kB/21.98MB
Android Tests (0)	UNKNOWN STEP	2026-02-25T19:48:49.7168953Z  a954d256f742 Extracting [=====>                                             ]  2.523MB/21.98MB
Android Tests (0)	UNKNOWN STEP	2026-02-25T19:48:49.8170677Z  a954d256f742 Extracting [===================>                               ]  8.716MB/21.98MB
Android Tests (0)	UNKNOWN STEP	2026-02-25T19:48:49.9189126Z  a954d256f742 Extracting [======================================>            ]  16.74MB/21.98MB
Android Tests (0)	UNKNOWN STEP	2026-02-25T19:48:50.0297404Z  a954d256f742 Extracting [=================================================> ]  21.79MB/21.98MB
Android Tests (0)	UNKNOWN STEP	2026-02-25T19:48:50.0455507Z  a954d256f742 Extracting [==================================================>]  21.98MB/21.98MB
Android Tests (0)	UNKNOWN STEP	2026-02-25T19:48:50.0980836Z  a954d256f742 Pull complete 
Android Tests (0)	UNKNOWN STEP	2026-02-25T19:48:50.0994799Z  c7ce85987d6d Extracting [==================================================>]  13.29kB/13.29kB
Android Tests (0)	UNKNOWN STEP	2026-02-25T19:48:50.0999893Z  c7ce85987d6d Extracting [==================================================>]  13.29kB/13.29kB
Android Tests (0)	UNKNOWN STEP	2026-02-25T19:48:50.1238741Z  c7ce85987d6d Pull complete 
Android Tests (0)	UNKNOWN STEP	2026-02-25T19:48:50.1463281Z  7807da78b90b Extracting [>                                                  ]  458.8kB/45.54MB
Android Tests (0)	UNKNOWN STEP	2026-02-25T19:48:50.2859634Z  7807da78b90b Extracting [===>                                               ]  2.753MB/45.54MB
Android Tests (0)	UNKNOWN STEP	2026-02-25T19:48:50.3884479Z  7807da78b90b Extracting [=======>                                           ]  6.881MB/45.54MB
Android Tests (0)	UNKNOWN STEP	2026-02-25T19:48:50.5597836Z  7807da78b90b Extracting [==========>                                        ]  9.175MB/45.54MB
Android Tests (0)	UNKNOWN STEP	2026-02-25T19:48:50.6609946Z  7807da78b90b Extracting [===============>                                   ]  13.76MB/45.54MB
Android Tests (0)	UNKNOWN STEP	2026-02-25T19:48:50.7652031Z  7807da78b90b Extracting [====================>                              ]  18.81MB/45.54MB
Android Tests (0)	UNKNOWN STEP	2026-02-25T19:48:50.8899509Z  7807da78b90b Extracting [=====================>                             ]  19.27MB/45.54MB
Android Tests (0)	UNKNOWN STEP	2026-02-25T19:48:51.0476779Z  7807da78b90b Extracting [=======================>                           ]  21.56MB/45.54MB
Android Tests (0)	UNKNOWN STEP	2026-02-25T19:48:51.1993767Z  7807da78b90b Extracting [==============================>                    ]  27.53MB/45.54MB
Android Tests (0)	UNKNOWN STEP	2026-02-25T19:48:51.4702454Z  7807da78b90b Extracting [=================================>                 ]  30.74MB/45.54MB
Android Tests (0)	UNKNOWN STEP	2026-02-25T19:48:51.6441049Z  7807da78b90b Extracting [===================================>               ]  32.11MB/45.54MB
Android Tests (0)	UNKNOWN STEP	2026-02-25T19:48:51.7745438Z  7807da78b90b Extracting [====================================>              ]  33.03MB/45.54MB
Android Tests (0)	UNKNOWN STEP	2026-02-25T19:48:51.9206928Z  7807da78b90b Extracting [=====================================>             ]  34.41MB/45.54MB
Android Tests (0)	UNKNOWN STEP	2026-02-25T19:48:52.0711129Z  7807da78b90b Extracting [======================================>            ]  34.87MB/45.54MB
Android Tests (0)	UNKNOWN STEP	2026-02-25T19:48:52.1855872Z  7807da78b90b Extracting [============================================>      ]  40.83MB/45.54MB
Android Tests (0)	UNKNOWN STEP	2026-02-25T19:48:52.3329571Z  7807da78b90b Extracting [==============================================>    ]  42.21MB/45.54MB
Android Tests (0)	UNKNOWN STEP	2026-02-25T19:48:52.4757874Z  7807da78b90b Extracting [===============================================>   ]  43.58MB/45.54MB
Android Tests (0)	UNKNOWN STEP	2026-02-25T19:48:52.5834985Z  7807da78b90b Extracting [=================================================> ]  44.96MB/45.54MB
Android Tests (0)	UNKNOWN STEP	2026-02-25T19:48:52.5983867Z  7807da78b90b Extracting [==================================================>]  45.54MB/45.54MB
Android Tests (0)	UNKNOWN STEP	2026-02-25T19:48:52.8375150Z  7807da78b90b Pull complete 
Android Tests (0)	UNKNOWN STEP	2026-02-25T19:48:52.8385613Z  0478cd5c1079 Extracting [==================================================>]  3.507kB/3.507kB
Android Tests (0)	UNKNOWN STEP	2026-02-25T19:48:52.8390291Z  0478cd5c1079 Extracting [==================================================>]  3.507kB/3.507kB
Android Tests (0)	UNKNOWN STEP	2026-02-25T19:48:52.8469708Z  0478cd5c1079 Pull complete 
Android Tests (0)	UNKNOWN STEP	2026-02-25T19:48:52.8481307Z  3a02ac06be95 Extracting [==================================================>]  3.462kB/3.462kB
Android Tests (0)	UNKNOWN STEP	2026-02-25T19:48:52.8486674Z  3a02ac06be95 Extracting [==================================================>]  3.462kB/3.462kB
Android Tests (0)	UNKNOWN STEP	2026-02-25T19:48:52.8568261Z  3a02ac06be95 Pull complete 
Android Tests (0)	UNKNOWN STEP	2026-02-25T19:48:52.8627879Z  matrix-synapse Pulled 
Android Tests (0)	UNKNOWN STEP	2026-02-25T19:48:52.8665688Z  Network substitution_substitution_network  Creating
Android Tests (0)	UNKNOWN STEP	2026-02-25T19:48:52.9077828Z  Network substitution_substitution_network  Created
Android Tests (0)	UNKNOWN STEP	2026-02-25T19:48:52.9084152Z  Container substitution-dex-1  Creating
Android Tests (0)	UNKNOWN STEP	2026-02-25T19:48:52.9085325Z  Container substitution-redis-1  Creating
Android Tests (0)	UNKNOWN STEP	2026-02-25T19:48:52.9086541Z  Container substitution-postgres-1  Creating
Android Tests (0)	UNKNOWN STEP	2026-02-25T19:48:52.9328305Z  Container substitution-dex-1  Created
Android Tests (0)	UNKNOWN STEP	2026-02-25T19:48:52.9328960Z  Container substitution-postgres-1  Created
Android Tests (0)	UNKNOWN STEP	2026-02-25T19:48:52.9329598Z  Container substitution-matrix-synapse-1  Creating
Android Tests (0)	UNKNOWN STEP	2026-02-25T19:48:52.9330164Z  Container substitution-redis-1  Created
Android Tests (0)	UNKNOWN STEP	2026-02-25T19:48:52.9515782Z  Container substitution-matrix-synapse-1  Created
Android Tests (0)	UNKNOWN STEP	2026-02-25T19:48:52.9528103Z  Container substitution-redis-1  Starting
Android Tests (0)	UNKNOWN STEP	2026-02-25T19:48:52.9528757Z  Container substitution-postgres-1  Starting
Android Tests (0)	UNKNOWN STEP	2026-02-25T19:48:52.9529759Z  Container substitution-dex-1  Starting
Android Tests (0)	UNKNOWN STEP	2026-02-25T19:48:53.2086058Z  Container substitution-dex-1  Started
Android Tests (0)	UNKNOWN STEP	2026-02-25T19:48:53.2206687Z  Container substitution-redis-1  Started
Android Tests (0)	UNKNOWN STEP	2026-02-25T19:48:53.2338409Z  Container substitution-postgres-1  Started
Android Tests (0)	UNKNOWN STEP	2026-02-25T19:48:53.2340922Z  Container substitution-postgres-1  Waiting
Android Tests (0)	UNKNOWN STEP	2026-02-25T19:48:53.2341716Z  Container substitution-dex-1  Waiting
Android Tests (0)	UNKNOWN STEP	2026-02-25T19:48:58.7358872Z  Container substitution-dex-1  Healthy
Android Tests (0)	UNKNOWN STEP	2026-02-25T19:49:03.7353535Z  Container substitution-postgres-1  Healthy
Android Tests (0)	UNKNOWN STEP	2026-02-25T19:49:03.7354395Z  Container substitution-matrix-synapse-1  Starting
Android Tests (0)	UNKNOWN STEP	2026-02-25T19:49:03.8923418Z  Container substitution-matrix-synapse-1  Started
Android Tests (0)	UNKNOWN STEP	2026-02-25T19:49:13.9762723Z time="2026-02-25T19:49:13Z" level=warning msg="/home/runner/work/substitution/substitution/docker-compose.yml: the attribute `version` is obsolete, it will be ignored, please remove it to avoid potential confusion"
Android Tests (0)	UNKNOWN STEP	2026-02-25T19:49:13.9865278Z  Container substitution-dex-1  Running
Android Tests (0)	UNKNOWN STEP	2026-02-25T19:49:13.9866619Z  Container substitution-postgres-1  Running
Android Tests (0)	UNKNOWN STEP	2026-02-25T19:49:13.9870102Z  Container substitution-matrix-synapse-1  Running
Android Tests (0)	UNKNOWN STEP	2026-02-25T19:49:13.9880926Z  Container substitution-postgres-1  Waiting
Android Tests (0)	UNKNOWN STEP	2026-02-25T19:49:13.9881499Z  Container substitution-dex-1  Waiting
Android Tests (0)	UNKNOWN STEP	2026-02-25T19:49:14.4898862Z  Container substitution-dex-1  Healthy
Android Tests (0)	UNKNOWN STEP	2026-02-25T19:49:14.4899474Z  Container substitution-postgres-1  Healthy
Android Tests (0)	UNKNOWN STEP	2026-02-25T19:49:14.4914326Z  matrix-init Pulling 
Android Tests (0)	UNKNOWN STEP	2026-02-25T19:49:15.3736463Z  589002ba0eae Already exists 
Android Tests (0)	UNKNOWN STEP	2026-02-25T19:49:15.3750654Z  aca07fe076f1 Pulling fs layer 
Android Tests (0)	UNKNOWN STEP	2026-02-25T19:49:15.3751151Z  6dafe251d313 Pulling fs layer 
Android Tests (0)	UNKNOWN STEP	2026-02-25T19:49:15.3751599Z  fa340e77c336 Pulling fs layer 
Android Tests (0)	UNKNOWN STEP	2026-02-25T19:49:15.6099753Z  fa340e77c336 Downloading [==================================================>]     247B/247B
Android Tests (0)	UNKNOWN STEP	2026-02-25T19:49:15.6100472Z  fa340e77c336 Download complete 
Android Tests (0)	UNKNOWN STEP	2026-02-25T19:49:15.6354809Z  aca07fe076f1 Downloading [>                                                  ]  5.306kB/460.9kB
Android Tests (0)	UNKNOWN STEP	2026-02-25T19:49:15.6648482Z  6dafe251d313 Downloading [>                                                  ]  163.7kB/16.02MB
Android Tests (0)	UNKNOWN STEP	2026-02-25T19:49:15.6936634Z  aca07fe076f1 Verifying Checksum 
Android Tests (0)	UNKNOWN STEP	2026-02-25T19:49:15.6937209Z  aca07fe076f1 Download complete 
Android Tests (0)	UNKNOWN STEP	2026-02-25T19:49:15.6938681Z  aca07fe076f1 Extracting [===>                                               ]  32.77kB/460.9kB
Android Tests (0)	UNKNOWN STEP	2026-02-25T19:49:15.7662559Z  6dafe251d313 Downloading [=================>                                 ]  5.613MB/16.02MB
Android Tests (0)	UNKNOWN STEP	2026-02-25T19:49:15.8216472Z  6dafe251d313 Verifying Checksum 
Android Tests (0)	UNKNOWN STEP	2026-02-25T19:49:15.8216968Z  6dafe251d313 Download complete 
Android Tests (0)	UNKNOWN STEP	2026-02-25T19:49:15.8254156Z  aca07fe076f1 Extracting [==================================================>]  460.9kB/460.9kB
Android Tests (0)	UNKNOWN STEP	2026-02-25T19:49:15.9843321Z  aca07fe076f1 Pull complete 
Android Tests (0)	UNKNOWN STEP	2026-02-25T19:49:15.9869812Z  6dafe251d313 Extracting [>                                                  ]  163.8kB/16.02MB
Android Tests (0)	UNKNOWN STEP	2026-02-25T19:49:16.0891715Z  6dafe251d313 Extracting [========>                                          ]  2.785MB/16.02MB
Android Tests (0)	UNKNOWN STEP	2026-02-25T19:49:16.2072589Z  6dafe251d313 Extracting [=================>                                 ]  5.734MB/16.02MB
Android Tests (0)	UNKNOWN STEP	2026-02-25T19:49:16.3087549Z  6dafe251d313 Extracting [================================>                  ]  10.49MB/16.02MB
Android Tests (0)	UNKNOWN STEP	2026-02-25T19:49:16.4227875Z  6dafe251d313 Extracting [=======================================>           ]  12.78MB/16.02MB
Android Tests (0)	UNKNOWN STEP	2026-02-25T19:49:16.5355186Z  6dafe251d313 Extracting [============================================>      ]  14.25MB/16.02MB
Android Tests (0)	UNKNOWN STEP	2026-02-25T19:49:16.6502746Z  6dafe251d313 Extracting [===============================================>   ]  15.07MB/16.02MB
Android Tests (0)	UNKNOWN STEP	2026-02-25T19:49:16.7420441Z  6dafe251d313 Extracting [==================================================>]  16.02MB/16.02MB
Android Tests (0)	UNKNOWN STEP	2026-02-25T19:49:16.8178363Z  6dafe251d313 Pull complete 
Android Tests (0)	UNKNOWN STEP	2026-02-25T19:49:16.8189327Z  fa340e77c336 Extracting [==================================================>]     247B/247B
Android Tests (0)	UNKNOWN STEP	2026-02-25T19:49:16.8194986Z  fa340e77c336 Extracting [==================================================>]     247B/247B
Android Tests (0)	UNKNOWN STEP	2026-02-25T19:49:16.8293330Z  fa340e77c336 Pull complete 
Android Tests (0)	UNKNOWN STEP	2026-02-25T19:49:16.8386423Z  matrix-init Pulled 
Android Tests (0)	UNKNOWN STEP	2026-02-25T19:49:19.6714700Z Collecting requests
Android Tests (0)	UNKNOWN STEP	2026-02-25T19:49:19.7417767Z   Downloading requests-2.32.5-py3-none-any.whl.metadata (4.9 kB)
Android Tests (0)	UNKNOWN STEP	2026-02-25T19:49:19.8963286Z Collecting charset_normalizer<4,>=2 (from requests)
Android Tests (0)	UNKNOWN STEP	2026-02-25T19:49:19.9163606Z   Downloading charset_normalizer-3.4.4-cp311-cp311-musllinux_1_2_x86_64.whl.metadata (37 kB)
Android Tests (0)	UNKNOWN STEP	2026-02-25T19:49:19.9653781Z Collecting idna<4,>=2.5 (from requests)
Android Tests (0)	UNKNOWN STEP	2026-02-25T19:49:19.9845494Z   Downloading idna-3.11-py3-none-any.whl.metadata (8.4 kB)
Android Tests (0)	UNKNOWN STEP	2026-02-25T19:49:20.0512240Z Collecting urllib3<3,>=1.21.1 (from requests)
Android Tests (0)	UNKNOWN STEP	2026-02-25T19:49:20.0706988Z   Downloading urllib3-2.6.3-py3-none-any.whl.metadata (6.9 kB)
Android Tests (0)	UNKNOWN STEP	2026-02-25T19:49:20.1150937Z Collecting certifi>=2017.4.17 (from requests)
Android Tests (0)	UNKNOWN STEP	2026-02-25T19:49:20.1340051Z   Downloading certifi-2026.2.25-py3-none-any.whl.metadata (2.5 kB)
Android Tests (0)	UNKNOWN STEP	2026-02-25T19:49:20.1691657Z Downloading requests-2.32.5-py3-none-any.whl (64 kB)
Android Tests (0)	UNKNOWN STEP	2026-02-25T19:49:20.1791437Z    ━━━━━━━━━━━━━━━━━━━━━━━━━━━━━━━━━━━━━━━━ 64.7/64.7 kB 7.7 MB/s eta 0:00:00
Android Tests (0)	UNKNOWN STEP	2026-02-25T19:49:20.1979996Z Downloading certifi-2026.2.25-py3-none-any.whl (153 kB)
Android Tests (0)	UNKNOWN STEP	2026-02-25T19:49:20.2183279Z    ━━━━━━━━━━━━━━━━━━━━━━━━━━━━━━━━━━━━━━━━ 153.7/153.7 kB 8.0 MB/s eta 0:00:00
Android Tests (0)	UNKNOWN STEP	2026-02-25T19:49:20.2393946Z Downloading charset_normalizer-3.4.4-cp311-cp311-musllinux_1_2_x86_64.whl (152 kB)
Android Tests (0)	UNKNOWN STEP	2026-02-25T19:49:20.2465112Z    ━━━━━━━━━━━━━━━━━━━━━━━━━━━━━━━━━━━━━━━━ 153.0/153.0 kB 28.8 MB/s eta 0:00:00
Android Tests (0)	UNKNOWN STEP	2026-02-25T19:49:20.2653905Z Downloading idna-3.11-py3-none-any.whl (71 kB)
Android Tests (0)	UNKNOWN STEP	2026-02-25T19:49:20.2700278Z    ━━━━━━━━━━━━━━━━━━━━━━━━━━━━━━━━━━━━━━━━ 71.0/71.0 kB 25.4 MB/s eta 0:00:00
Android Tests (0)	UNKNOWN STEP	2026-02-25T19:49:20.2888441Z Downloading urllib3-2.6.3-py3-none-any.whl (131 kB)
Android Tests (0)	UNKNOWN STEP	2026-02-25T19:49:20.2953297Z    ━━━━━━━━━━━━━━━━━━━━━━━━━━━━━━━━━━━━━━━━ 131.6/131.6 kB 29.0 MB/s eta 0:00:00
Android Tests (0)	UNKNOWN STEP	2026-02-25T19:49:20.3665775Z Installing collected packages: urllib3, idna, charset_normalizer, certifi, requests
Android Tests (0)	UNKNOWN STEP	2026-02-25T19:49:20.7054434Z Successfully installed certifi-2026.2.25 charset_normalizer-3.4.4 idna-3.11 requests-2.32.5 urllib3-2.6.3
Android Tests (0)	UNKNOWN STEP	2026-02-25T19:49:20.7057019Z WARNING: Running pip as the 'root' user can result in broken permissions and conflicting behaviour with the system package manager. It is recommended to use a virtual environment instead: https://pip.pypa.io/warnings/venv
Android Tests (0)	UNKNOWN STEP	2026-02-25T19:49:20.8408825Z 
Android Tests (0)	UNKNOWN STEP	2026-02-25T19:49:20.8409612Z [notice] A new release of pip is available: 24.0 -> 26.0.1
Android Tests (0)	UNKNOWN STEP	2026-02-25T19:49:20.8410478Z [notice] To update, run: pip install --upgrade pip
Android Tests (0)	UNKNOWN STEP	2026-02-25T19:49:28.0751193Z Initializing Matrix Synapse test server...
Android Tests (0)	UNKNOWN STEP	2026-02-25T19:49:28.0751657Z 
Android Tests (0)	UNKNOWN STEP	2026-02-25T19:49:28.0752101Z ✓ Synapse server is ready
Android Tests (0)	UNKNOWN STEP	2026-02-25T19:49:28.0752377Z 
Android Tests (0)	UNKNOWN STEP	2026-02-25T19:49:28.0752532Z Creating test users...
Android Tests (0)	UNKNOWN STEP	2026-02-25T19:49:28.0753270Z ✓ Created user: testuser1
Android Tests (0)	UNKNOWN STEP	2026-02-25T19:49:28.0753596Z ✓ Created user: testuser2
Android Tests (0)	UNKNOWN STEP	2026-02-25T19:49:28.0753868Z ✓ Created admin user: testadmin
Android Tests (0)	UNKNOWN STEP	2026-02-25T19:49:28.0754067Z 
Android Tests (0)	UNKNOWN STEP	2026-02-25T19:49:28.0754202Z Creating test rooms and populating with data...
Android Tests (0)	UNKNOWN STEP	2026-02-25T19:49:28.0754586Z ✓ Logged in user: @testadmin:test.matrix.local
Android Tests (0)	UNKNOWN STEP	2026-02-25T19:49:28.0754921Z ✓ Admin token acquired
Android Tests (0)	UNKNOWN STEP	2026-02-25T19:49:28.0755209Z ✓ Logged in user: @testuser1:test.matrix.local
Android Tests (0)	UNKNOWN STEP	2026-02-25T19:49:28.0755636Z ✓ Created room: test_general (!XZNnxiTjRfKLCzBiRj:test.matrix.local)
Android Tests (0)	UNKNOWN STEP	2026-02-25T19:49:28.0756060Z ✓ Logged in user: @testuser2:test.matrix.local
Android Tests (0)	UNKNOWN STEP	2026-02-25T19:49:28.0756376Z   ✓ User testuser2 joined room
Android Tests (0)	UNKNOWN STEP	2026-02-25T19:49:28.0756690Z ✓ Logged in user: @testadmin:test.matrix.local
Android Tests (0)	UNKNOWN STEP	2026-02-25T19:49:28.0757009Z   ✓ User testadmin joined room
Android Tests (0)	UNKNOWN STEP	2026-02-25T19:49:28.0757278Z   ✓ Published room to directory
Android Tests (0)	UNKNOWN STEP	2026-02-25T19:49:28.0757560Z   ✓ Posted 5 messages to room
Android Tests (0)	UNKNOWN STEP	2026-02-25T19:49:28.0757825Z   Seeding media messages (image, video, audio)...
Android Tests (0)	UNKNOWN STEP	2026-02-25T19:49:28.0758585Z   ✓ Uploaded media 'test_image.png': mxc://test.matrix.local/hrqxyOhNFVWECayQnOOAOnJN
Android Tests (0)	UNKNOWN STEP	2026-02-25T19:49:28.0759541Z   ✓ Posted m.image message to room
Android Tests (0)	UNKNOWN STEP	2026-02-25T19:49:28.0760121Z   ✓ Uploaded media 'test_video.mp4': mxc://test.matrix.local/AwIdHVbYxDLRyYlFzozktAct
Android Tests (0)	UNKNOWN STEP	2026-02-25T19:49:28.0760599Z   ✓ Posted m.video message to room
Android Tests (0)	UNKNOWN STEP	2026-02-25T19:49:28.0761257Z   ✓ Uploaded media 'test_audio.mp3': mxc://test.matrix.local/WKCnHJfcyqDakHaBVzvMbXEO
Android Tests (0)	UNKNOWN STEP	2026-02-25T19:49:28.0761718Z   ✓ Posted m.audio message to room
Android Tests (0)	UNKNOWN STEP	2026-02-25T19:49:28.0762106Z ✓ Created room: test_photos (!BgHxaqhCuFaWjCKabt:test.matrix.local)
Android Tests (0)	UNKNOWN STEP	2026-02-25T19:49:28.0762536Z ✓ Logged in user: @testuser2:test.matrix.local
Android Tests (0)	UNKNOWN STEP	2026-02-25T19:49:28.0762852Z   ✓ User testuser2 joined room
Android Tests (0)	UNKNOWN STEP	2026-02-25T19:49:28.0763429Z ✓ Logged in user: @testadmin:test.matrix.local
Android Tests (0)	UNKNOWN STEP	2026-02-25T19:49:28.0763749Z   ✓ User testadmin joined room
Android Tests (0)	UNKNOWN STEP	2026-02-25T19:49:28.0764016Z   ✓ Published room to directory
Android Tests (0)	UNKNOWN STEP	2026-02-25T19:49:28.0764278Z   ✓ Posted 3 messages to room
Android Tests (0)	UNKNOWN STEP	2026-02-25T19:49:28.0764583Z   Seeding media messages (image, video, audio)...
Android Tests (0)	UNKNOWN STEP	2026-02-25T19:49:28.0765092Z   ✓ Uploaded media 'test_image.png': mxc://test.matrix.local/ShUnOQRygPxxzEMEmbSZrdMB
Android Tests (0)	UNKNOWN STEP	2026-02-25T19:49:28.0765551Z   ✓ Posted m.image message to room
Android Tests (0)	UNKNOWN STEP	2026-02-25T19:49:28.0765992Z   ✓ Uploaded media 'test_video.mp4': mxc://test.matrix.local/FPJJhuBrkFqADoDlyyqVqeOo
Android Tests (0)	UNKNOWN STEP	2026-02-25T19:49:28.0766438Z   ✓ Posted m.video message to room
Android Tests (0)	UNKNOWN STEP	2026-02-25T19:49:28.0766889Z   ✓ Uploaded media 'test_audio.mp3': mxc://test.matrix.local/goiFQjvrdpUQvQBVJZxKiJsn
Android Tests (0)	UNKNOWN STEP	2026-02-25T19:49:28.0767337Z   ✓ Posted m.audio message to room
Android Tests (0)	UNKNOWN STEP	2026-02-25T19:49:28.0767716Z ✓ Created room: test_art (!yZCZoAHhSnmvMyummO:test.matrix.local)
Android Tests (0)	UNKNOWN STEP	2026-02-25T19:49:28.0768119Z ✓ Logged in user: @testuser2:test.matrix.local
Android Tests (0)	UNKNOWN STEP	2026-02-25T19:49:28.0768436Z   ✓ User testuser2 joined room
Android Tests (0)	UNKNOWN STEP	2026-02-25T19:49:28.0768731Z ✓ Logged in user: @testadmin:test.matrix.local
Android Tests (0)	UNKNOWN STEP	2026-02-25T19:49:28.0769037Z   ✓ User testadmin joined room
Android Tests (0)	UNKNOWN STEP	2026-02-25T19:49:28.0769302Z   ✓ Published room to directory
Android Tests (0)	UNKNOWN STEP	2026-02-25T19:49:28.0769710Z ✓ Uploaded dummy avatar: mxc://test.matrix.local/yKLRkodjFDrBjyYeYsDVDPIT
Android Tests (0)	UNKNOWN STEP	2026-02-25T19:49:28.0770257Z   ✓ Set room avatar to mxc://test.matrix.local/yKLRkodjFDrBjyYeYsDVDPIT
Android Tests (0)	UNKNOWN STEP	2026-02-25T19:49:28.0770775Z ✓ Created room: test_invite_only (!iZjBGpnDjQMbmeZeJc:test.matrix.local)
Android Tests (0)	UNKNOWN STEP	2026-02-25T19:49:28.0771227Z   ℹ Skipping user invites for room (discovery test)
Android Tests (0)	UNKNOWN STEP	2026-02-25T19:49:28.0771562Z   ✓ Published room to directory
Android Tests (0)	UNKNOWN STEP	2026-02-25T19:49:28.0771827Z   ✓ Posted 2 messages to room
Android Tests (0)	UNKNOWN STEP	2026-02-25T19:49:28.0772196Z ✓ Created room: test_avatar (!DSHOEocnhGmcASWvrh:test.matrix.local)
Android Tests (0)	UNKNOWN STEP	2026-02-25T19:49:28.0772609Z ✓ Logged in user: @testuser2:test.matrix.local
Android Tests (0)	UNKNOWN STEP	2026-02-25T19:49:28.0772910Z   ✓ User testuser2 joined room
Android Tests (0)	UNKNOWN STEP	2026-02-25T19:49:28.0773491Z ✓ Logged in user: @testadmin:test.matrix.local
Android Tests (0)	UNKNOWN STEP	2026-02-25T19:49:28.0773806Z   ✓ User testadmin joined room
Android Tests (0)	UNKNOWN STEP	2026-02-25T19:49:28.0774077Z   ✓ Published room to directory
Android Tests (0)	UNKNOWN STEP	2026-02-25T19:49:28.0774492Z ✓ Uploaded dummy avatar: mxc://test.matrix.local/lPWCBfpdOHphdgJPhqcrarKx
Android Tests (0)	UNKNOWN STEP	2026-02-25T19:49:28.0775027Z   ✓ Set room avatar to mxc://test.matrix.local/lPWCBfpdOHphdgJPhqcrarKx
Android Tests (0)	UNKNOWN STEP	2026-02-25T19:49:28.0775318Z 
Android Tests (0)	UNKNOWN STEP	2026-02-25T19:49:28.0775423Z ============================================================
Android Tests (0)	UNKNOWN STEP	2026-02-25T19:49:28.0775774Z ✅ Matrix test server initialized successfully!
Android Tests (0)	UNKNOWN STEP	2026-02-25T19:49:28.0776071Z ============================================================
Android Tests (0)	UNKNOWN STEP	2026-02-25T19:49:28.0776260Z 
Android Tests (0)	UNKNOWN STEP	2026-02-25T19:49:28.0776369Z 📝 Test Users:
Android Tests (0)	UNKNOWN STEP	2026-02-25T19:49:28.0776546Z   testuser1
Android Tests (0)	UNKNOWN STEP	2026-02-25T19:49:28.0776731Z     ID: @testuser1:test.matrix.local
Android Tests (0)	UNKNOWN STEP	2026-02-25T19:49:28.0776982Z     Password: testpass123
Android Tests (0)	UNKNOWN STEP	2026-02-25T19:49:28.0777183Z   testuser2
Android Tests (0)	UNKNOWN STEP	2026-02-25T19:49:28.0777365Z     ID: @testuser2:test.matrix.local
Android Tests (0)	UNKNOWN STEP	2026-02-25T19:49:28.0777609Z     Password: testpass123
Android Tests (0)	UNKNOWN STEP	2026-02-25T19:49:28.0777808Z   testadmin
Android Tests (0)	UNKNOWN STEP	2026-02-25T19:49:28.0777985Z     ID: @testadmin:test.matrix.local
Android Tests (0)	UNKNOWN STEP	2026-02-25T19:49:28.0778219Z     Password: testpass123
Android Tests (0)	UNKNOWN STEP	2026-02-25T19:49:28.0778352Z 
Android Tests (0)	UNKNOWN STEP	2026-02-25T19:49:28.0778447Z 🏠 Test Rooms:
Android Tests (0)	UNKNOWN STEP	2026-02-25T19:49:28.0778635Z   test_general (with messages)
Android Tests (0)	UNKNOWN STEP	2026-02-25T19:49:28.0779063Z     ID: !XZNnxiTjRfKLCzBiRj:test.matrix.local
Android Tests (0)	UNKNOWN STEP	2026-02-25T19:49:28.0779347Z   test_photos (with messages)
Android Tests (0)	UNKNOWN STEP	2026-02-25T19:49:28.0779598Z     ID: !BgHxaqhCuFaWjCKabt:test.matrix.local
Android Tests (0)	UNKNOWN STEP	2026-02-25T19:49:28.0779862Z   test_art (empty)
Android Tests (0)	UNKNOWN STEP	2026-02-25T19:49:28.0780210Z     ID: !yZCZoAHhSnmvMyummO:test.matrix.local
Android Tests (0)	UNKNOWN STEP	2026-02-25T19:49:28.0780481Z   test_invite_only (with messages)
Android Tests (0)	UNKNOWN STEP	2026-02-25T19:49:28.0780743Z     ID: !iZjBGpnDjQMbmeZeJc:test.matrix.local
Android Tests (0)	UNKNOWN STEP	2026-02-25T19:49:28.0781008Z   test_avatar (empty)
Android Tests (0)	UNKNOWN STEP	2026-02-25T19:49:28.0781231Z     ID: !DSHOEocnhGmcASWvrh:test.matrix.local
Android Tests (0)	UNKNOWN STEP	2026-02-25T19:49:28.0781414Z 
Android Tests (0)	UNKNOWN STEP	2026-02-25T19:49:28.0781571Z 🔑 Test Credentials for Integration Tests:
Android Tests (0)	UNKNOWN STEP	2026-02-25T19:49:28.0781854Z   Server:    http://matrix-synapse:8008
Android Tests (0)	UNKNOWN STEP	2026-02-25T19:49:28.0782115Z   Test User: testuser1
Android Tests (0)	UNKNOWN STEP	2026-02-25T19:49:28.0782319Z   Password:  testpass123
Android Tests (0)	UNKNOWN STEP	2026-02-25T19:49:28.0782456Z 
Android Tests (0)	UNKNOWN STEP	2026-02-25T19:49:28.0782533Z Room Status:
Android Tests (0)	UNKNOWN STEP	2026-02-25T19:49:28.0782922Z   test_general - 5 text + image/video/audio messages (for testing message lists and media rendering)
Android Tests (0)	UNKNOWN STEP	2026-02-25T19:49:28.0783636Z   test_photos  - 3 text + image/video/audio messages (for testing photo/media content)
Android Tests (0)	UNKNOWN STEP	2026-02-25T19:49:28.0784064Z   test_art     - 0 messages (for testing empty rooms)
Android Tests (0)	UNKNOWN STEP	2026-02-25T19:49:28.0784438Z ✓ Logged in user: @testuser1:test.matrix.local
Android Tests (0)	UNKNOWN STEP	2026-02-25T19:49:28.0784644Z 
Android Tests (0)	UNKNOWN STEP	2026-02-25T19:49:28.0784780Z   📋 Public room directory has 5 room(s):
Android Tests (0)	UNKNOWN STEP	2026-02-25T19:49:28.0785089Z     - test_art (!yZCZoAHhSnmvMyummO:test.matrix.local)
Android Tests (0)	UNKNOWN STEP	2026-02-25T19:49:28.0785464Z     - test_general (!XZNnxiTjRfKLCzBiRj:test.matrix.local)
Android Tests (0)	UNKNOWN STEP	2026-02-25T19:49:28.0785820Z     - test_avatar (!DSHOEocnhGmcASWvrh:test.matrix.local)
Android Tests (0)	UNKNOWN STEP	2026-02-25T19:49:28.0786162Z     - test_photos (!BgHxaqhCuFaWjCKabt:test.matrix.local)
Android Tests (0)	UNKNOWN STEP	2026-02-25T19:49:28.0786517Z     - test_invite_only (!iZjBGpnDjQMbmeZeJc:test.matrix.local)
Android Tests (0)	UNKNOWN STEP	2026-02-25T19:49:28.0786759Z 
Android Tests (0)	UNKNOWN STEP	2026-02-25T19:49:28.2349395Z ##[group]Run reactivecircus/android-emulator-runner@v2
Android Tests (0)	UNKNOWN STEP	2026-02-25T19:49:28.2349754Z with:
Android Tests (0)	UNKNOWN STEP	2026-02-25T19:49:28.2349934Z   api-level: 29
Android Tests (0)	UNKNOWN STEP	2026-02-25T19:49:28.2350122Z   target: default
Android Tests (0)	UNKNOWN STEP	2026-02-25T19:49:28.2350298Z   arch: x86_64
Android Tests (0)	UNKNOWN STEP	2026-02-25T19:49:28.2350483Z   profile: pixel_4
Android Tests (0)	UNKNOWN STEP	2026-02-25T19:49:28.2350678Z   ram-size: 2048M
Android Tests (0)	UNKNOWN STEP	2026-02-25T19:49:28.2350862Z   heap-size: 512M
Android Tests (0)	UNKNOWN STEP	2026-02-25T19:49:28.2351227Z   emulator-options: -no-window -no-audio -no-boot-anim -gpu swiftshader_indirect
Android Tests (0)	UNKNOWN STEP	2026-02-25T19:49:28.2351659Z   emulator-boot-timeout: 900
Android Tests (0)	UNKNOWN STEP	2026-02-25T19:49:28.2351897Z   disable-animations: true
Android Tests (0)	UNKNOWN STEP	2026-02-25T19:49:28.2352237Z   script: ./scripts/test.sh android --no-docker --shard 0 --total-shards 7
Android Tests (0)	UNKNOWN STEP	2026-02-25T19:49:28.2352597Z   cores: 2
Android Tests (0)	UNKNOWN STEP	2026-02-25T19:49:28.2352765Z   avd-name: test
Android Tests (0)	UNKNOWN STEP	2026-02-25T19:49:28.2353199Z   force-avd-creation: true
Android Tests (0)	UNKNOWN STEP	2026-02-25T19:49:28.2353441Z   emulator-port: 5554
Android Tests (0)	UNKNOWN STEP	2026-02-25T19:49:28.2353652Z   disable-spellchecker: false
Android Tests (0)	UNKNOWN STEP	2026-02-25T19:49:28.2353934Z   disable-linux-hw-accel: auto
Android Tests (0)	UNKNOWN STEP	2026-02-25T19:49:28.2354176Z   enable-hw-keyboard: false
Android Tests (0)	UNKNOWN STEP	2026-02-25T19:49:28.2354386Z   channel: stable
Android Tests (0)	UNKNOWN STEP	2026-02-25T19:49:28.2354566Z env:
Android Tests (0)	UNKNOWN STEP	2026-02-25T19:49:28.2354729Z   CACHE_VERSION: v1
Android Tests (0)	UNKNOWN STEP	2026-02-25T19:49:28.2355041Z   JAVA_HOME: /opt/hostedtoolcache/Java_Temurin-Hotspot_jdk/17.0.18-8/x64
Android Tests (0)	UNKNOWN STEP	2026-02-25T19:49:28.2355526Z   JAVA_HOME_17_X64: /opt/hostedtoolcache/Java_Temurin-Hotspot_jdk/17.0.18-8/x64
Android Tests (0)	UNKNOWN STEP	2026-02-25T19:49:28.2355989Z   FLUTTER_ROOT: /opt/hostedtoolcache/flutter/stable-3.41.2-x64
Android Tests (0)	UNKNOWN STEP	2026-02-25T19:49:28.2356319Z   PUB_CACHE: /home/runner/.pub-cache
Android Tests (0)	UNKNOWN STEP	2026-02-25T19:49:28.2356614Z   MATRIX_SERVER: http://localhost:8008
Android Tests (0)	UNKNOWN STEP	2026-02-25T19:49:28.2356874Z   MATRIX_TEST_USER: testuser1
Android Tests (0)	UNKNOWN STEP	2026-02-25T19:49:28.2357110Z   MATRIX_TEST_PASSWORD: testpass123
Android Tests (0)	UNKNOWN STEP	2026-02-25T19:49:28.2357350Z ##[endgroup]
Android Tests (0)	UNKNOWN STEP	2026-02-25T19:49:28.2928724Z ##[group]Configure emulator
Android Tests (0)	UNKNOWN STEP	2026-02-25T19:49:28.2934792Z You're running a Linux VM where hardware acceleration is not available. Please consider using a macOS VM instead to take advantage of native hardware acceleration support provided by HAXM.
Android Tests (0)	UNKNOWN STEP	2026-02-25T19:49:28.2936289Z API level: 29
Android Tests (0)	UNKNOWN STEP	2026-02-25T19:49:28.2936692Z System image API level: 29
Android Tests (0)	UNKNOWN STEP	2026-02-25T19:49:28.2937133Z target: default
Android Tests (0)	UNKNOWN STEP	2026-02-25T19:49:28.2937505Z CPU architecture: x86_64
Android Tests (0)	UNKNOWN STEP	2026-02-25T19:49:28.2937944Z Hardware profile: pixel_4
Android Tests (0)	UNKNOWN STEP	2026-02-25T19:49:28.2938348Z Cores: 2
Android Tests (0)	UNKNOWN STEP	2026-02-25T19:49:28.2938812Z RAM size: 2048M
Android Tests (0)	UNKNOWN STEP	2026-02-25T19:49:28.2939665Z Heap size: 512M
Android Tests (0)	UNKNOWN STEP	2026-02-25T19:49:28.2941113Z SD card path or size: 
Android Tests (0)	UNKNOWN STEP	2026-02-25T19:49:28.2941520Z Disk size: 
Android Tests (0)	UNKNOWN STEP	2026-02-25T19:49:28.2943952Z AVD name: test
Android Tests (0)	UNKNOWN STEP	2026-02-25T19:49:28.2944358Z force avd creation: true
Android Tests (0)	UNKNOWN STEP	2026-02-25T19:49:28.2944792Z Emulator boot timeout: 900
Android Tests (0)	UNKNOWN STEP	2026-02-25T19:49:28.2945445Z emulator port: 5554
Android Tests (0)	UNKNOWN STEP	2026-02-25T19:49:28.2946763Z emulator options: -no-window -no-audio -no-boot-anim -gpu swiftshader_indirect
Android Tests (0)	UNKNOWN STEP	2026-02-25T19:49:28.2947476Z disable animations: true
Android Tests (0)	UNKNOWN STEP	2026-02-25T19:49:28.2948052Z disable spellchecker: false
Android Tests (0)	UNKNOWN STEP	2026-02-25T19:49:28.2949387Z disable Linux hardware acceleration: true
Android Tests (0)	UNKNOWN STEP	2026-02-25T19:49:28.2949979Z enable hardware keyboard: false
Android Tests (0)	UNKNOWN STEP	2026-02-25T19:49:28.2951713Z Channel: 0 (stable)
Android Tests (0)	UNKNOWN STEP	2026-02-25T19:49:28.2953524Z Script:
Android Tests (0)	UNKNOWN STEP	2026-02-25T19:49:28.2954570Z ./scripts/test.sh android --no-docker --shard 0 --total-shards 7
Android Tests (0)	UNKNOWN STEP	2026-02-25T19:49:28.2955436Z Pre emulator launch script:
Android Tests (0)	UNKNOWN STEP	2026-02-25T19:49:28.2956128Z ##[endgroup]
Android Tests (0)	UNKNOWN STEP	2026-02-25T19:49:28.2958035Z ##[group]Install Android SDK
Android Tests (0)	UNKNOWN STEP	2026-02-25T19:49:28.3021526Z [command]/usr/bin/sh -c \yes | sdkmanager --licenses > /dev/null
Android Tests (0)	UNKNOWN STEP	2026-02-25T19:49:37.7606516Z Installing latest build tools, platform tools, and platform.
Android Tests (0)	UNKNOWN STEP	2026-02-25T19:49:37.7634032Z [command]/usr/bin/sh -c \sdkmanager --install 'build-tools;35.0.0' platform-tools 'platforms;android-29'> /dev/null
Android Tests (0)	UNKNOWN STEP	2026-02-25T19:49:44.5218353Z Installing latest emulator.
Android Tests (0)	UNKNOWN STEP	2026-02-25T19:49:44.5239649Z [command]/usr/bin/sh -c \sdkmanager --install emulator --channel=0 > /dev/null
Android Tests (0)	UNKNOWN STEP	2026-02-25T19:49:52.5813837Z Installing system images.
Android Tests (0)	UNKNOWN STEP	2026-02-25T19:49:52.5836926Z [command]/usr/bin/sh -c \sdkmanager --install 'system-images;android-29;default;x86_64' --channel=0 > /dev/null
Android Tests (0)	UNKNOWN STEP	2026-02-25T19:50:13.0922863Z ##[endgroup]
Android Tests (0)	UNKNOWN STEP	2026-02-25T19:50:13.0926913Z ##[group]Create AVD
Android Tests (0)	UNKNOWN STEP	2026-02-25T19:50:13.0946716Z Creating AVD.
Android Tests (0)	UNKNOWN STEP	2026-02-25T19:50:13.0955015Z [command]/usr/bin/sh -c \echo no | avdmanager create avd --force -n test --abi 'default/x86_64' --package 'system-images;android-29;default;x86_64' --device 'pixel_4'
Android Tests (0)	UNKNOWN STEP	2026-02-25T19:50:13.8748559Z Loading local repository...                                                     
Android Tests (0)	UNKNOWN STEP	2026-02-25T19:50:13.8760412Z [=========                              ] 25% Loading local repository...       
Android Tests (0)	UNKNOWN STEP	2026-02-25T19:50:13.8761079Z [=========                              ] 25% Fetch remote repository...        
Android Tests (0)	UNKNOWN STEP	2026-02-25T19:50:13.8761747Z [=======================================] 100% Fetch remote repository...       
Android Tests (0)	UNKNOWN STEP	2026-02-25T19:50:14.4481721Z [command]/usr/bin/sh -c \printf 'hw.cpu.ncore=2\nhw.ramSize=2048M\nhw.heapSize=512M\n' >> /home/runner/.android/avd/test.avd/config.ini
Android Tests (0)	UNKNOWN STEP	2026-02-25T19:50:14.4504960Z ##[endgroup]
Android Tests (0)	UNKNOWN STEP	2026-02-25T19:50:14.4507837Z ##[group]Launch Emulator
Android Tests (0)	UNKNOWN STEP	2026-02-25T19:50:14.4508303Z Disabling Linux hardware acceleration.
Android Tests (0)	UNKNOWN STEP	2026-02-25T19:50:14.4508998Z Starting emulator.
Android Tests (0)	UNKNOWN STEP	2026-02-25T19:50:14.4531498Z [command]/usr/bin/sh -c \/usr/local/lib/android/sdk/emulator/emulator -port 5554 -avd test -no-window -no-audio -no-boot-anim -gpu swiftshader_indirect -accel off &
Android Tests (0)	UNKNOWN STEP	2026-02-25T19:50:14.4678974Z INFO         | Android emulator version 36.4.9.0 (build_id 14788078) (CL:N/A)
Android Tests (0)	UNKNOWN STEP	2026-02-25T19:50:14.4679738Z INFO         | Graphics backend: gfxstream
Android Tests (0)	UNKNOWN STEP	2026-02-25T19:50:14.4680613Z INFO         | Found systemPath /usr/local/lib/android/sdk/system-images/android-29/default/x86_64/
Android Tests (0)	UNKNOWN STEP	2026-02-25T19:50:14.6570631Z ProbeKVM: This user doesn't have permissions to use KVM (/dev/kvm).
Android Tests (0)	UNKNOWN STEP	2026-02-25T19:50:14.6571447Z The KVM line in /etc/group is: [kvm:x:993:]
Android Tests (0)	UNKNOWN STEP	2026-02-25T19:50:14.6571806Z 
Android Tests (0)	UNKNOWN STEP	2026-02-25T19:50:14.6571993Z If the current user has KVM permissions,
Android Tests (0)	UNKNOWN STEP	2026-02-25T19:50:14.6572523Z the KVM line in /etc/group should end with ":" followed by your username.
Android Tests (0)	UNKNOWN STEP	2026-02-25T19:50:14.6573366Z 
Android Tests (0)	UNKNOWN STEP	2026-02-25T19:50:14.6573857Z If we see LINE_NOT_FOUND, the kvm group may need to be created along with permissions:
Android Tests (0)	UNKNOWN STEP	2026-02-25T19:50:14.6574694Z     sudo groupadd -r kvm
Android Tests (0)	UNKNOWN STEP	2026-02-25T19:50:14.6575381Z     # Then ensure /lib/udev/rules.d/50-udev-default.rules contains something like:
Android Tests (0)	UNKNOWN STEP	2026-02-25T19:50:14.6576143Z     # KERNEL=="kvm", GROUP="kvm", MODE="0660"
Android Tests (0)	UNKNOWN STEP	2026-02-25T19:50:14.6576937Z     # and then run:
Android Tests (0)	UNKNOWN STEP	2026-02-25T19:50:14.6577245Z     sudo gpasswd -a $USER kvm
Android Tests (0)	UNKNOWN STEP	2026-02-25T19:50:14.6577479Z 
Android Tests (0)	UNKNOWN STEP	2026-02-25T19:50:14.6577877Z If we see kvm:... but no username at the end, running the following command may allow KVM access:
Android Tests (0)	UNKNOWN STEP	2026-02-25T19:50:14.6578573Z     sudo gpasswd -a $USER kvm
Android Tests (0)	UNKNOWN STEP	2026-02-25T19:50:14.6578825Z 
Android Tests (0)	UNKNOWN STEP	2026-02-25T19:50:14.6579145Z You may need to log out and back in for changes to take effect.
Android Tests (0)	UNKNOWN STEP	2026-02-25T19:50:14.6579755Z 
Android Tests (0)	UNKNOWN STEP	2026-02-25T19:50:15.2157966Z INFO         | Increasing RAM size to 2048MB
Android Tests (0)	UNKNOWN STEP	2026-02-25T19:50:15.2158880Z ##############################################################################
Android Tests (0)	UNKNOWN STEP	2026-02-25T19:50:15.2159797Z ##                        WARNING - ACTION REQUIRED                         ##
Android Tests (0)	UNKNOWN STEP	2026-02-25T19:50:15.2160643Z ##  Consider using the '-metrics-collection' flag to help improve the       ##
Android Tests (0)	UNKNOWN STEP	2026-02-25T19:50:15.2161312Z ##  emulator by sending anonymized usage data. Or use the '-no-metrics'     ##
Android Tests (0)	UNKNOWN STEP	2026-02-25T19:50:15.2161955Z ##  flag to bypass this warning and turn off the metrics collection.        ##
Android Tests (0)	UNKNOWN STEP	2026-02-25T19:50:15.2162576Z ##  In a future release this warning will turn into a one-time blocking     ##
Android Tests (0)	UNKNOWN STEP	2026-02-25T19:50:15.2163499Z ##  prompt to ask for explicit user input regarding metrics collection.     ##
Android Tests (0)	UNKNOWN STEP	2026-02-25T19:50:15.2164034Z ##                                                                          ##
Android Tests (0)	UNKNOWN STEP	2026-02-25T19:50:15.2164580Z ##  Please see '-help-metrics-collection' for more details. You can use     ##
Android Tests (0)	UNKNOWN STEP	2026-02-25T19:50:15.2165527Z ##  '-metrics-to-file' or '-metrics-to-console' flags to see what type of   ##
Android Tests (0)	UNKNOWN STEP	2026-02-25T19:50:15.2166157Z ##  data is being collected by emulator as part of usage statistics.        ##
Android Tests (0)	UNKNOWN STEP	2026-02-25T19:50:15.2166677Z ##############################################################################
Android Tests (0)	UNKNOWN STEP	2026-02-25T19:50:15.2167100Z INFO         | Guest GLES Driver: Auto (ext controls)
Android Tests (0)	UNKNOWN STEP	2026-02-25T19:50:15.2167694Z INFO         | emuglConfig_init: vulkan_mode_selected:swiftshader gles_mode_selected:swiftshader
Android Tests (0)	UNKNOWN STEP	2026-02-25T19:50:15.2168375Z WARNING      | FeatureControl is requesting a non existing feature.
Android Tests (0)	UNKNOWN STEP	2026-02-25T19:50:15.2168849Z INFO         | Checking system compatibility:
Android Tests (0)	UNKNOWN STEP	2026-02-25T19:50:15.2169239Z INFO         |   Checking: hasSufficientDiskSpace
Android Tests (0)	UNKNOWN STEP	2026-02-25T19:50:15.2169710Z INFO         |      Ok: Disk space requirements to run avd: `test` are met
Android Tests (0)	UNKNOWN STEP	2026-02-25T19:50:15.2170171Z INFO         |   Checking: hasSufficientHwGpu
Android Tests (0)	UNKNOWN STEP	2026-02-25T19:50:15.2170617Z INFO         |      Ok: Hardware GPU compatibility checks are not required
Android Tests (0)	UNKNOWN STEP	2026-02-25T19:50:15.2171055Z INFO         |   Checking: hasSufficientSystem
Android Tests (0)	UNKNOWN STEP	2026-02-25T19:50:15.2171382Z INFO         |      Ok: System requirements to run avd: `test` are met
Android Tests (0)	UNKNOWN STEP	2026-02-25T19:50:15.2171798Z WARNING      | x86_64 emulation may not work without hardware acceleration!
Android Tests (0)	UNKNOWN STEP	2026-02-25T19:50:15.2172624Z WARNING      | FeatureControl is requesting a non existing feature.
Android Tests (0)	UNKNOWN STEP	2026-02-25T19:50:15.2173458Z ERROR        | Unable to connect to adb daemon on port: 5037
Android Tests (0)	UNKNOWN STEP	2026-02-25T19:50:15.2174412Z INFO         | Storing crashdata in: /tmp/android-runner/emu-crash-36.4.9.db, detection is enabled for process: 4781
Android Tests (0)	UNKNOWN STEP	2026-02-25T19:50:15.2175310Z INFO         | Initializing gfxstream backend
Android Tests (0)	UNKNOWN STEP	2026-02-25T19:50:15.2175852Z INFO         | android_startOpenglesRenderer: gpu info
Android Tests (0)	UNKNOWN STEP	2026-02-25T19:50:15.2176343Z INFO         | 
Android Tests (0)	UNKNOWN STEP	2026-02-25T19:50:15.2176835Z INFO         | initIcdPaths: ICD set to 'swiftshader', using Swiftshader ICD
Android Tests (0)	UNKNOWN STEP	2026-02-25T19:50:15.2177924Z INFO         | Setting ICD filenames for the loader = /usr/local/lib/android/sdk/emulator/lib64/vulkan/vk_swiftshader_icd.json
Android Tests (0)	UNKNOWN STEP	2026-02-25T19:50:15.2179310Z INFO         | SharedLibrary::open for [/usr/local/lib/android/sdk/emulator/qemu/linux-x86_64/lib64/vulkan/libvulkan.so]
Android Tests (0)	UNKNOWN STEP	2026-02-25T19:50:15.2180669Z INFO         | SharedLibrary::open for [/usr/local/lib/android/sdk/emulator/qemu/linux-x86_64/lib64/vulkan/libvulkan.so.1]
Android Tests (0)	UNKNOWN STEP	2026-02-25T19:50:15.2181883Z INFO         | SharedLibrary::open for [/usr/local/lib/android/sdk/emulator/lib64/vulkan/libvulkan.so]
Android Tests (0)	UNKNOWN STEP	2026-02-25T19:50:15.2183401Z INFO         | Added library: /usr/local/lib/android/sdk/emulator/lib64/vulkan/libvulkan.so
Android Tests (0)	UNKNOWN STEP	2026-02-25T19:50:15.2184335Z INFO         | Selecting Vulkan device: SwiftShader Device (Subzero), Version: 1.3.0
Android Tests (0)	UNKNOWN STEP	2026-02-25T19:50:15.2185056Z INFO         | SharedLibrary::open for [libX11]
Android Tests (0)	UNKNOWN STEP	2026-02-25T19:50:15.2185626Z WARNING      | Could not open libX11.so, try libX11.so.6
Android Tests (0)	UNKNOWN STEP	2026-02-25T19:50:15.2186207Z INFO         | SharedLibrary::open for [libX11.so.6]
Android Tests (0)	UNKNOWN STEP	2026-02-25T19:50:15.2186742Z INFO         | SharedLibrary::open for [libX11-xcb]
Android Tests (0)	UNKNOWN STEP	2026-02-25T19:50:15.2187358Z WARNING      | Could not open libX11-xcb.so, try libX11-xcb.so.1
Android Tests (0)	UNKNOWN STEP	2026-02-25T19:50:15.2187997Z INFO         | SharedLibrary::open for [libX11-xcb.so.1]
Android Tests (0)	UNKNOWN STEP	2026-02-25T19:50:15.2188551Z INFO         | Initializing VkEmulation features:
Android Tests (0)	UNKNOWN STEP	2026-02-25T19:50:15.2189074Z INFO         |     glInteropSupported: false
Android Tests (0)	UNKNOWN STEP	2026-02-25T19:50:15.2189567Z INFO         |     useDeferredCommands: true
Android Tests (0)	UNKNOWN STEP	2026-02-25T19:50:15.2190108Z INFO         |     createResourceWithRequirements: true
Android Tests (0)	UNKNOWN STEP	2026-02-25T19:50:15.2190667Z INFO         |     useVulkanComposition: false
Android Tests (0)	UNKNOWN STEP	2026-02-25T19:50:15.2191206Z INFO         |     useVulkanNativeSwapchain: false
Android Tests (0)	UNKNOWN STEP	2026-02-25T19:50:15.2191742Z INFO         |     enable guestRenderDoc: false
Android Tests (0)	UNKNOWN STEP	2026-02-25T19:50:15.2192245Z INFO         |     ASTC LDR emulation mode: Gpu
Android Tests (0)	UNKNOWN STEP	2026-02-25T19:50:15.2192803Z INFO         |     enable ETC2 emulation: true
Android Tests (0)	UNKNOWN STEP	2026-02-25T19:50:15.2193574Z INFO         |     enable Ycbcr emulation: false
Android Tests (0)	UNKNOWN STEP	2026-02-25T19:50:15.2194094Z INFO         |     guestVulkanOnly: false
Android Tests (0)	UNKNOWN STEP	2026-02-25T19:50:15.2194806Z INFO         |     useDedicatedAllocations: false
Android Tests (0)	UNKNOWN STEP	2026-02-25T19:50:15.2195400Z INFO         | Graphics Adapter Vendor Google (Google Inc.)
Android Tests (0)	UNKNOWN STEP	2026-02-25T19:50:15.2196189Z INFO         | Graphics Adapter Android Emulator OpenGL ES Translator (Google SwiftShader)
Android Tests (0)	UNKNOWN STEP	2026-02-25T19:50:15.2197113Z INFO         | Graphics API Version OpenGL ES 3.0 (OpenGL ES 3.0 SwiftShader 4.0.0.1)
Android Tests (0)	UNKNOWN STEP	2026-02-25T19:50:15.2417870Z INFO         | Graphics API Extensions GL_OES_EGL_sync GL_OES_EGL_image GL_OES_EGL_image_external GL_OES_depth24 GL_OES_depth32 GL_OES_element_index_uint GL_OESWARNING: cannnot unmap ptr 0x7f6f14e01000 as it is in the protected range from 0x7f6e94e00000 to 0x7f6f15000000
Android Tests (0)	UNKNOWN STEP	2026-02-25T19:50:15.2561724Z _texture_float GL_OES_texture_float_linear GL_OES_compressed_paletted_texture GL_OES_compressed_ETC1_RGB8_texture GL_OES_depth_texture GL_OES_texture_half_float GL_OES_texture_half_float_linear GL_OES_packed_depth_stencil GL_OES_vertex_half_float GL_OES_standard_derivatives GL_OES_texture_npot GL_OES_rgb8_rgba8 GL_EXT_color_buffer_float GL_EXT_color_buffer_half_float GL_EXT_texture_format_BGRA8888 GL_APPLE_texture_format_BGRA8888 
Android Tests (0)	UNKNOWN STEP	2026-02-25T19:50:15.2565444Z INFO         | Graphics Device Extensions N/A
Android Tests (0)	UNKNOWN STEP	2026-02-25T19:50:15.2566100Z INFO         | Disabling sparse binding feature support
Android Tests (0)	UNKNOWN STEP	2026-02-25T19:50:15.2566747Z INFO         | Userspace boot properties:
Android Tests (0)	UNKNOWN STEP	2026-02-25T19:50:15.2567303Z INFO         |   android.bootanim=0
Android Tests (0)	UNKNOWN STEP	2026-02-25T19:50:15.2567820Z INFO         |   android.qemud=1
Android Tests (0)	UNKNOWN STEP	2026-02-25T19:50:15.2568351Z INFO         |   androidboot.boot_devices=pci0000:00/0000:00:03.0 pci0000:00/0000:00:06.0
Android Tests (0)	UNKNOWN STEP	2026-02-25T19:50:15.2568905Z INFO         |   androidboot.hardware=ranchu
Android Tests (0)	UNKNOWN STEP	2026-02-25T19:50:15.2569310Z INFO         |   androidboot.hardware.vulkan=ranchu
Android Tests (0)	UNKNOWN STEP	2026-02-25T19:50:15.2569737Z INFO         |   androidboot.serialno=EMULATOR36X4X9X0
Android Tests (0)	UNKNOWN STEP	2026-02-25T19:50:15.2570414Z INFO         |   androidboot.vbmeta.digest=0893f0f3bac935802e7658f39b766acd7344cd0553606784a98cb6a38c2a8629
Android Tests (0)	UNKNOWN STEP	2026-02-25T19:50:15.2571047Z INFO         |   androidboot.vbmeta.hash_alg=sha256
Android Tests (0)	UNKNOWN STEP	2026-02-25T19:50:15.2571347Z INFO         |   androidboot.vbmeta.size=4352
Android Tests (0)	UNKNOWN STEP	2026-02-25T19:50:15.2571611Z INFO         |   qemu=1
Android Tests (0)	UNKNOWN STEP	2026-02-25T19:50:15.2571823Z INFO         |   qemu.avd_name=test
Android Tests (0)	UNKNOWN STEP	2026-02-25T19:50:15.2572097Z INFO         |   qemu.camera_hq_edge_processing=0
Android Tests (0)	UNKNOWN STEP	2026-02-25T19:50:15.2572394Z INFO         |   qemu.dalvik.vm.heapsize=512m
Android Tests (0)	UNKNOWN STEP	2026-02-25T19:50:15.2573093Z INFO         |   qemu.encrypt=1
Android Tests (0)	UNKNOWN STEP	2026-02-25T19:50:15.2573347Z INFO         |   qemu.gles=1
Android Tests (0)	UNKNOWN STEP	2026-02-25T19:50:15.2573602Z INFO         |   qemu.gltransport=pipe
Android Tests (0)	UNKNOWN STEP	2026-02-25T19:50:15.2573918Z INFO         |   qemu.gltransport.drawFlushInterval=800
Android Tests (0)	UNKNOWN STEP	2026-02-25T19:50:15.2574249Z INFO         |   qemu.opengles.version=196608
Android Tests (0)	UNKNOWN STEP	2026-02-25T19:50:15.2574593Z INFO         |   qemu.settings.system.screen_off_timeout=2147483647
Android Tests (0)	UNKNOWN STEP	2026-02-25T19:50:15.2574919Z INFO         |   qemu.skin=1080x2280
Android Tests (0)	UNKNOWN STEP	2026-02-25T19:50:15.2575168Z INFO         |   qemu.uirenderer=skiagl
Android Tests (0)	UNKNOWN STEP	2026-02-25T19:50:15.2575449Z INFO         |   qemu.vsync=60
Android Tests (0)	UNKNOWN STEP	2026-02-25T19:50:15.2575685Z INFO         |   qemu.wifi=1
Android Tests (0)	UNKNOWN STEP	2026-02-25T19:50:15.2575995Z TCG doesn't support requested feature: CPUID.01H:ECX.avx [bit 28]
Android Tests (0)	UNKNOWN STEP	2026-02-25T19:50:15.2576400Z TCG doesn't support requested feature: CPUID.01H:ECX.f16c [bit 29]
Android Tests (0)	UNKNOWN STEP	2026-02-25T19:50:15.2576803Z TCG doesn't support requested feature: CPUID.01H:ECX.avx [bit 28]
Android Tests (0)	UNKNOWN STEP	2026-02-25T19:50:15.2577200Z TCG doesn't support requested feature: CPUID.01H:ECX.f16c [bit 29]
Android Tests (0)	UNKNOWN STEP	2026-02-25T19:50:15.2577568Z INFO         | Monitoring duration of emulator setup.
Android Tests (0)	UNKNOWN STEP	2026-02-25T19:50:15.2746938Z INFO         | Setting display: 0 configuration to: 1080x2280, dpi: 440x440 
Android Tests (0)	UNKNOWN STEP	2026-02-25T19:50:15.2747637Z INFO         | setDisplayActiveConfig 0
Android Tests (0)	UNKNOWN STEP	2026-02-25T19:50:15.2843394Z INFO         | Loading snapshot 'default_boot'...
Android Tests (0)	UNKNOWN STEP	2026-02-25T19:50:15.2845812Z WARNING      | Failed to process .ini file /home/runner/.android/emu-update-last-check.ini for reading.
Android Tests (0)	UNKNOWN STEP	2026-02-25T19:50:15.2967506Z WARNING      | Device 'cache' does not have the requested snapshot 'default_boot'
Android Tests (0)	UNKNOWN STEP	2026-02-25T19:50:15.2968459Z 
Android Tests (0)	UNKNOWN STEP	2026-02-25T19:50:15.2968744Z WARNING      | Failed to load snapshot 'default_boot'
Android Tests (0)	UNKNOWN STEP	2026-02-25T19:50:15.2969942Z USER_INFO    | The emulator is performing a cold boot without a saved state because there's no snapshot and you have configured it not to save on exit.
Android Tests (0)	UNKNOWN STEP	2026-02-25T19:50:16.0614505Z WARNING      | Failed to process .ini file /home/runner/.android/emu-update-last-check.ini for reading.
Android Tests (0)	UNKNOWN STEP	2026-02-25T19:50:24.4597782Z [command]/usr/local/lib/android/sdk/platform-tools/adb -s emulator-5554 shell getprop sys.boot_completed
Android Tests (0)	UNKNOWN STEP	2026-02-25T19:50:24.4846118Z * daemon not running; starting now at tcp:5037
Android Tests (0)	UNKNOWN STEP	2026-02-25T19:50:24.5915550Z * daemon started successfully
Android Tests (0)	UNKNOWN STEP	2026-02-25T19:50:24.6094091Z adb: device offline
Android Tests (0)	UNKNOWN STEP	2026-02-25T19:50:24.6105314Z The process '/usr/local/lib/android/sdk/platform-tools/adb' failed with exit code 1
Android Tests (0)	UNKNOWN STEP	2026-02-25T19:50:26.6155048Z [command]/usr/local/lib/android/sdk/platform-tools/adb -s emulator-5554 shell getprop sys.boot_completed
Android Tests (0)	UNKNOWN STEP	2026-02-25T19:50:26.6189509Z adb: device offline
Android Tests (0)	UNKNOWN STEP	2026-02-25T19:50:26.6197757Z The process '/usr/local/lib/android/sdk/platform-tools/adb' failed with exit code 1
Android Tests (0)	UNKNOWN STEP	2026-02-25T19:50:28.6247221Z [command]/usr/local/lib/android/sdk/platform-tools/adb -s emulator-5554 shell getprop sys.boot_completed
Android Tests (0)	UNKNOWN STEP	2026-02-25T19:50:28.6282256Z adb: device offline
Android Tests (0)	UNKNOWN STEP	2026-02-25T19:50:28.6289095Z The process '/usr/local/lib/android/sdk/platform-tools/adb' failed with exit code 1
Android Tests (0)	UNKNOWN STEP	2026-02-25T19:50:30.6336173Z [command]/usr/local/lib/android/sdk/platform-tools/adb -s emulator-5554 shell getprop sys.boot_completed
Android Tests (0)	UNKNOWN STEP	2026-02-25T19:50:30.6372264Z adb: device offline
Android Tests (0)	UNKNOWN STEP	2026-02-25T19:50:30.6379511Z The process '/usr/local/lib/android/sdk/platform-tools/adb' failed with exit code 1
Android Tests (0)	UNKNOWN STEP	2026-02-25T19:50:32.6428168Z [command]/usr/local/lib/android/sdk/platform-tools/adb -s emulator-5554 shell getprop sys.boot_completed
Android Tests (0)	UNKNOWN STEP	2026-02-25T19:50:32.6462795Z adb: device offline
Android Tests (0)	UNKNOWN STEP	2026-02-25T19:50:32.6469152Z The process '/usr/local/lib/android/sdk/platform-tools/adb' failed with exit code 1
Android Tests (0)	UNKNOWN STEP	2026-02-25T19:50:34.6514505Z [command]/usr/local/lib/android/sdk/platform-tools/adb -s emulator-5554 shell getprop sys.boot_completed
Android Tests (0)	UNKNOWN STEP	2026-02-25T19:50:34.6549651Z adb: device offline
Android Tests (0)	UNKNOWN STEP	2026-02-25T19:50:34.6556262Z The process '/usr/local/lib/android/sdk/platform-tools/adb' failed with exit code 1
Android Tests (0)	UNKNOWN STEP	2026-02-25T19:50:36.6599485Z [command]/usr/local/lib/android/sdk/platform-tools/adb -s emulator-5554 shell getprop sys.boot_completed
Android Tests (0)	UNKNOWN STEP	2026-02-25T19:50:36.6634504Z adb: device offline
Android Tests (0)	UNKNOWN STEP	2026-02-25T19:50:36.6641055Z The process '/usr/local/lib/android/sdk/platform-tools/adb' failed with exit code 1
Android Tests (0)	UNKNOWN STEP	2026-02-25T19:50:38.6696802Z [command]/usr/local/lib/android/sdk/platform-tools/adb -s emulator-5554 shell getprop sys.boot_completed
Android Tests (0)	UNKNOWN STEP	2026-02-25T19:50:38.6734591Z adb: device offline
Android Tests (0)	UNKNOWN STEP	2026-02-25T19:50:38.6740516Z The process '/usr/local/lib/android/sdk/platform-tools/adb' failed with exit code 1
Android Tests (0)	UNKNOWN STEP	2026-02-25T19:50:40.6788663Z [command]/usr/local/lib/android/sdk/platform-tools/adb -s emulator-5554 shell getprop sys.boot_completed
Android Tests (0)	UNKNOWN STEP	2026-02-25T19:50:40.6821623Z adb: device offline
Android Tests (0)	UNKNOWN STEP	2026-02-25T19:50:40.6828585Z The process '/usr/local/lib/android/sdk/platform-tools/adb' failed with exit code 1
Android Tests (0)	UNKNOWN STEP	2026-02-25T19:50:42.6869197Z [command]/usr/local/lib/android/sdk/platform-tools/adb -s emulator-5554 shell getprop sys.boot_completed
Android Tests (0)	UNKNOWN STEP	2026-02-25T19:50:42.6902892Z adb: device offline
Android Tests (0)	UNKNOWN STEP	2026-02-25T19:50:42.6908906Z The process '/usr/local/lib/android/sdk/platform-tools/adb' failed with exit code 1
Android Tests (0)	UNKNOWN STEP	2026-02-25T19:50:44.6960349Z [command]/usr/local/lib/android/sdk/platform-tools/adb -s emulator-5554 shell getprop sys.boot_completed
Android Tests (0)	UNKNOWN STEP	2026-02-25T19:50:44.6994755Z adb: device offline
Android Tests (0)	UNKNOWN STEP	2026-02-25T19:50:44.7001362Z The process '/usr/local/lib/android/sdk/platform-tools/adb' failed with exit code 1
Android Tests (0)	UNKNOWN STEP	2026-02-25T19:50:46.7038373Z [command]/usr/local/lib/android/sdk/platform-tools/adb -s emulator-5554 shell getprop sys.boot_completed
Android Tests (0)	UNKNOWN STEP	2026-02-25T19:50:46.7071499Z adb: device offline
Android Tests (0)	UNKNOWN STEP	2026-02-25T19:50:46.7078782Z The process '/usr/local/lib/android/sdk/platform-tools/adb' failed with exit code 1
Android Tests (0)	UNKNOWN STEP	2026-02-25T19:50:48.7123880Z [command]/usr/local/lib/android/sdk/platform-tools/adb -s emulator-5554 shell getprop sys.boot_completed
Android Tests (0)	UNKNOWN STEP	2026-02-25T19:50:50.7162716Z 
Android Tests (0)	UNKNOWN STEP	2026-02-25T19:50:52.7226795Z [command]/usr/local/lib/android/sdk/platform-tools/adb -s emulator-5554 shell getprop sys.boot_completed
Android Tests (0)	UNKNOWN STEP	2026-02-25T19:50:54.2197366Z 
Android Tests (0)	UNKNOWN STEP	2026-02-25T19:50:56.2242509Z [command]/usr/local/lib/android/sdk/platform-tools/adb -s emulator-5554 shell getprop sys.boot_completed
Android Tests (0)	UNKNOWN STEP	2026-02-25T19:50:58.8186534Z 
Android Tests (0)	UNKNOWN STEP	2026-02-25T19:51:01.0151974Z [command]/usr/local/lib/android/sdk/platform-tools/adb -s emulator-5554 shell getprop sys.boot_completed
Android Tests (0)	UNKNOWN STEP	2026-02-25T19:51:01.5060198Z 
Android Tests (0)	UNKNOWN STEP	2026-02-25T19:51:03.5243196Z [command]/usr/local/lib/android/sdk/platform-tools/adb -s emulator-5554 shell getprop sys.boot_completed
Android Tests (0)	UNKNOWN STEP	2026-02-25T19:51:04.7652746Z 
Android Tests (0)	UNKNOWN STEP	2026-02-25T19:51:06.7850208Z [command]/usr/local/lib/android/sdk/platform-tools/adb -s emulator-5554 shell getprop sys.boot_completed
Android Tests (0)	UNKNOWN STEP	2026-02-25T19:51:07.2923947Z 
Android Tests (0)	UNKNOWN STEP	2026-02-25T19:51:09.2975990Z [command]/usr/local/lib/android/sdk/platform-tools/adb -s emulator-5554 shell getprop sys.boot_completed
Android Tests (0)	UNKNOWN STEP	2026-02-25T19:51:09.8234005Z 
Android Tests (0)	UNKNOWN STEP	2026-02-25T19:51:11.8350034Z [command]/usr/local/lib/android/sdk/platform-tools/adb -s emulator-5554 shell getprop sys.boot_completed
Android Tests (0)	UNKNOWN STEP	2026-02-25T19:51:12.1674929Z 
Android Tests (0)	UNKNOWN STEP	2026-02-25T19:51:14.1720996Z [command]/usr/local/lib/android/sdk/platform-tools/adb -s emulator-5554 shell getprop sys.boot_completed
Android Tests (0)	UNKNOWN STEP	2026-02-25T19:51:14.4988009Z 
Android Tests (0)	UNKNOWN STEP	2026-02-25T19:51:16.5029009Z [command]/usr/local/lib/android/sdk/platform-tools/adb -s emulator-5554 shell getprop sys.boot_completed
Android Tests (0)	UNKNOWN STEP	2026-02-25T19:51:16.8031551Z 
Android Tests (0)	UNKNOWN STEP	2026-02-25T19:51:18.8103986Z [command]/usr/local/lib/android/sdk/platform-tools/adb -s emulator-5554 shell getprop sys.boot_completed
Android Tests (0)	UNKNOWN STEP	2026-02-25T19:51:19.2547007Z 
Android Tests (0)	UNKNOWN STEP	2026-02-25T19:51:21.2591712Z [command]/usr/local/lib/android/sdk/platform-tools/adb -s emulator-5554 shell getprop sys.boot_completed
Android Tests (0)	UNKNOWN STEP	2026-02-25T19:51:21.6212270Z 
Android Tests (0)	UNKNOWN STEP	2026-02-25T19:51:23.6371623Z [command]/usr/local/lib/android/sdk/platform-tools/adb -s emulator-5554 shell getprop sys.boot_completed
Android Tests (0)	UNKNOWN STEP	2026-02-25T19:51:24.0674557Z 
Android Tests (0)	UNKNOWN STEP	2026-02-25T19:51:26.0795305Z [command]/usr/local/lib/android/sdk/platform-tools/adb -s emulator-5554 shell getprop sys.boot_completed
Android Tests (0)	UNKNOWN STEP	2026-02-25T19:51:26.6741500Z 
Android Tests (0)	UNKNOWN STEP	2026-02-25T19:51:28.6875553Z [command]/usr/local/lib/android/sdk/platform-tools/adb -s emulator-5554 shell getprop sys.boot_completed
Android Tests (0)	UNKNOWN STEP	2026-02-25T19:51:29.0780970Z 
Android Tests (0)	UNKNOWN STEP	2026-02-25T19:51:31.0829174Z [command]/usr/local/lib/android/sdk/platform-tools/adb -s emulator-5554 shell getprop sys.boot_completed
Android Tests (0)	UNKNOWN STEP	2026-02-25T19:51:31.8752089Z 
Android Tests (0)	UNKNOWN STEP	2026-02-25T19:51:33.9041238Z [command]/usr/local/lib/android/sdk/platform-tools/adb -s emulator-5554 shell getprop sys.boot_completed
Android Tests (0)	UNKNOWN STEP	2026-02-25T19:51:34.4016405Z 
Android Tests (0)	UNKNOWN STEP	2026-02-25T19:51:36.4072138Z [command]/usr/local/lib/android/sdk/platform-tools/adb -s emulator-5554 shell getprop sys.boot_completed
Android Tests (0)	UNKNOWN STEP	2026-02-25T19:51:37.4679284Z 
Android Tests (0)	UNKNOWN STEP	2026-02-25T19:51:39.5258054Z [command]/usr/local/lib/android/sdk/platform-tools/adb -s emulator-5554 shell getprop sys.boot_completed
Android Tests (0)	UNKNOWN STEP	2026-02-25T19:51:39.9515512Z 
Android Tests (0)	UNKNOWN STEP	2026-02-25T19:51:41.9951024Z [command]/usr/local/lib/android/sdk/platform-tools/adb -s emulator-5554 shell getprop sys.boot_completed
Android Tests (0)	UNKNOWN STEP	2026-02-25T19:51:42.3559738Z 
Android Tests (0)	UNKNOWN STEP	2026-02-25T19:51:44.3609902Z [command]/usr/local/lib/android/sdk/platform-tools/adb -s emulator-5554 shell getprop sys.boot_completed
Android Tests (0)	UNKNOWN STEP	2026-02-25T19:51:44.6723883Z 
Android Tests (0)	UNKNOWN STEP	2026-02-25T19:51:46.6776136Z [command]/usr/local/lib/android/sdk/platform-tools/adb -s emulator-5554 shell getprop sys.boot_completed
Android Tests (0)	UNKNOWN STEP	2026-02-25T19:51:47.0517652Z 
Android Tests (0)	UNKNOWN STEP	2026-02-25T19:51:49.0565284Z [command]/usr/local/lib/android/sdk/platform-tools/adb -s emulator-5554 shell getprop sys.boot_completed
Android Tests (0)	UNKNOWN STEP	2026-02-25T19:51:49.4185417Z 
Android Tests (0)	UNKNOWN STEP	2026-02-25T19:51:51.4257600Z [command]/usr/local/lib/android/sdk/platform-tools/adb -s emulator-5554 shell getprop sys.boot_completed
Android Tests (0)	UNKNOWN STEP	2026-02-25T19:51:52.1344578Z 
Android Tests (0)	UNKNOWN STEP	2026-02-25T19:51:54.1387264Z [command]/usr/local/lib/android/sdk/platform-tools/adb -s emulator-5554 shell getprop sys.boot_completed
Android Tests (0)	UNKNOWN STEP	2026-02-25T19:51:54.6271459Z 
Android Tests (0)	UNKNOWN STEP	2026-02-25T19:51:56.6322476Z [command]/usr/local/lib/android/sdk/platform-tools/adb -s emulator-5554 shell getprop sys.boot_completed
Android Tests (0)	UNKNOWN STEP	2026-02-25T19:51:57.2980926Z 
Android Tests (0)	UNKNOWN STEP	2026-02-25T19:51:59.3041718Z [command]/usr/local/lib/android/sdk/platform-tools/adb -s emulator-5554 shell getprop sys.boot_completed
Android Tests (0)	UNKNOWN STEP	2026-02-25T19:52:00.1122273Z 
Android Tests (0)	UNKNOWN STEP	2026-02-25T19:52:02.1294882Z [command]/usr/local/lib/android/sdk/platform-tools/adb -s emulator-5554 shell getprop sys.boot_completed
Android Tests (0)	UNKNOWN STEP	2026-02-25T19:52:02.7388214Z 
Android Tests (0)	UNKNOWN STEP	2026-02-25T19:52:04.7445559Z [command]/usr/local/lib/android/sdk/platform-tools/adb -s emulator-5554 shell getprop sys.boot_completed
Android Tests (0)	UNKNOWN STEP	2026-02-25T19:52:05.7525721Z 
Android Tests (0)	UNKNOWN STEP	2026-02-25T19:52:07.7636868Z [command]/usr/local/lib/android/sdk/platform-tools/adb -s emulator-5554 shell getprop sys.boot_completed
Android Tests (0)	UNKNOWN STEP	2026-02-25T19:52:10.0006142Z 
Android Tests (0)	UNKNOWN STEP	2026-02-25T19:52:12.0332696Z [command]/usr/local/lib/android/sdk/platform-tools/adb -s emulator-5554 shell getprop sys.boot_completed
Android Tests (0)	UNKNOWN STEP	2026-02-25T19:52:12.6956898Z 
Android Tests (0)	UNKNOWN STEP	2026-02-25T19:52:14.7188509Z [command]/usr/local/lib/android/sdk/platform-tools/adb -s emulator-5554 shell getprop sys.boot_completed
Android Tests (0)	UNKNOWN STEP	2026-02-25T19:52:15.2709413Z 
Android Tests (0)	UNKNOWN STEP	2026-02-25T19:52:17.2841774Z [command]/usr/local/lib/android/sdk/platform-tools/adb -s emulator-5554 shell getprop sys.boot_completed
Android Tests (0)	UNKNOWN STEP	2026-02-25T19:52:18.2281234Z 
Android Tests (0)	UNKNOWN STEP	2026-02-25T19:52:20.2369890Z [command]/usr/local/lib/android/sdk/platform-tools/adb -s emulator-5554 shell getprop sys.boot_completed
Android Tests (0)	UNKNOWN STEP	2026-02-25T19:52:22.1542182Z 
Android Tests (0)	UNKNOWN STEP	2026-02-25T19:52:24.1687163Z [command]/usr/local/lib/android/sdk/platform-tools/adb -s emulator-5554 shell getprop sys.boot_completed
Android Tests (0)	UNKNOWN STEP	2026-02-25T19:52:24.8642171Z 
Android Tests (0)	UNKNOWN STEP	2026-02-25T19:52:26.8818057Z [command]/usr/local/lib/android/sdk/platform-tools/adb -s emulator-5554 shell getprop sys.boot_completed
Android Tests (0)	UNKNOWN STEP	2026-02-25T19:52:28.0167433Z 
Android Tests (0)	UNKNOWN STEP	2026-02-25T19:52:30.0535362Z [command]/usr/local/lib/android/sdk/platform-tools/adb -s emulator-5554 shell getprop sys.boot_completed
Android Tests (0)	UNKNOWN STEP	2026-02-25T19:52:31.3054122Z 
Android Tests (0)	UNKNOWN STEP	2026-02-25T19:52:33.3245277Z [command]/usr/local/lib/android/sdk/platform-tools/adb -s emulator-5554 shell getprop sys.boot_completed
Android Tests (0)	UNKNOWN STEP	2026-02-25T19:52:34.1982701Z 
Android Tests (0)	UNKNOWN STEP	2026-02-25T19:52:36.2139258Z [command]/usr/local/lib/android/sdk/platform-tools/adb -s emulator-5554 shell getprop sys.boot_completed
Android Tests (0)	UNKNOWN STEP	2026-02-25T19:52:37.2628429Z 
Android Tests (0)	UNKNOWN STEP	2026-02-25T19:52:39.2676789Z [command]/usr/local/lib/android/sdk/platform-tools/adb -s emulator-5554 shell getprop sys.boot_completed
Android Tests (0)	UNKNOWN STEP	2026-02-25T19:52:41.8571336Z 1
Android Tests (0)	UNKNOWN STEP	2026-02-25T19:52:41.9046042Z Emulator booted.
Android Tests (0)	UNKNOWN STEP	2026-02-25T19:52:41.9064764Z [command]/usr/local/lib/android/sdk/platform-tools/adb -s emulator-5554 shell input keyevent 82
Android Tests (0)	UNKNOWN STEP	2026-02-25T19:52:46.9695481Z INFO         | Boot completed in 152475 ms
Android Tests (0)	UNKNOWN STEP	2026-02-25T19:52:46.9699274Z INFO         | Increasing screen off timeout, logcat buffer size to 2M.
Android Tests (0)	UNKNOWN STEP	2026-02-25T19:53:02.1305890Z Disabling animations.
Android Tests (0)	UNKNOWN STEP	2026-02-25T19:53:02.1325120Z [command]/usr/local/lib/android/sdk/platform-tools/adb -s emulator-5554 shell settings put global window_animation_scale 0.0
Android Tests (0)	UNKNOWN STEP	2026-02-25T19:53:05.5135637Z [command]/usr/local/lib/android/sdk/platform-tools/adb -s emulator-5554 shell settings put global transition_animation_scale 0.0
Android Tests (0)	UNKNOWN STEP	2026-02-25T19:53:10.0313426Z [command]/usr/local/lib/android/sdk/platform-tools/adb -s emulator-5554 shell settings put global animator_duration_scale 0.0
Android Tests (0)	UNKNOWN STEP	2026-02-25T19:53:14.7894873Z ##[endgroup]
Android Tests (0)	UNKNOWN STEP	2026-02-25T19:53:14.7922502Z [command]/usr/bin/sh -c ./scripts/test.sh android --no-docker --shard 0 --total-shards 7
Android Tests (0)	UNKNOWN STEP	2026-02-25T19:53:14.8090803Z [1m
Android Tests (0)	UNKNOWN STEP	2026-02-25T19:53:14.8093708Z   Substitution Test Runner
Android Tests (0)	UNKNOWN STEP	2026-02-25T19:53:14.8104917Z   2026-02-25 19:53:14
Android Tests (0)	UNKNOWN STEP	2026-02-25T19:53:14.8105588Z   Targets: android
Android Tests (0)	UNKNOWN STEP	2026-02-25T19:53:14.8106763Z [0m
Android Tests (0)	UNKNOWN STEP	2026-02-25T19:53:14.8115411Z [0;34m[INFO][0m Fetching Flutter dependencies...
Android Tests (0)	UNKNOWN STEP	2026-02-25T19:53:16.1684300Z   unorm_dart 0.2.0 (0.3.2 available)
Android Tests (0)	UNKNOWN STEP	2026-02-25T19:53:16.1684881Z   win32 5.15.0 (6.0.0 available)
Android Tests (0)	UNKNOWN STEP	2026-02-25T19:53:16.1685282Z Got dependencies!
Android Tests (0)	UNKNOWN STEP	2026-02-25T19:53:16.1685838Z 7 packages have newer versions incompatible with dependency constraints.
Android Tests (0)	UNKNOWN STEP	2026-02-25T19:53:16.1687121Z Try `flutter pub outdated` for more information.
Android Tests (0)	UNKNOWN STEP	2026-02-25T19:53:16.1688219Z [0;32m[OK][0m Dependencies fetched
Android Tests (0)	UNKNOWN STEP	2026-02-25T19:53:16.1707056Z [0;34m[INFO][0m Target: android
Android Tests (0)	UNKNOWN STEP	2026-02-25T19:53:16.1707381Z 
Android Tests (0)	UNKNOWN STEP	2026-02-25T19:53:16.1708174Z [1m━━━ Android Tests (Emulator) ━━━[0m
Android Tests (0)	UNKNOWN STEP	2026-02-25T19:53:16.1708489Z 
Android Tests (0)	UNKNOWN STEP	2026-02-25T19:53:16.1762830Z [0;34m[INFO][0m Starting Xvfb virtual display...
Android Tests (0)	UNKNOWN STEP	2026-02-25T19:53:18.1819781Z [0;34m[INFO][0m Detected an already running Android device/emulator. Skipping start.
Android Tests (0)	UNKNOWN STEP	2026-02-25T19:53:18.1821277Z [0;34m[INFO][0m Waiting for emulator boot (timeout: 900s)...
Android Tests (0)	UNKNOWN STEP	2026-02-25T19:53:25.3242076Z [0;32m[OK][0m Emulator is ready
Android Tests (0)	UNKNOWN STEP	2026-02-25T19:53:25.3282810Z [0;34m[INFO][0m Running integration tests on Android (timeout: 2400s)...
Android Tests (0)	UNKNOWN STEP	2026-02-25T19:53:32.0126913Z -j/--concurrency was parsed but will be ignored, this option is not supported when running Integration Tests or web tests.
Android Tests (0)	UNKNOWN STEP	2026-02-25T19:53:32.4039958Z 00:00 +0: loading /home/runner/work/substitution/substitution/integration_test/refresh_logic_test.dart
Android Tests (0)	UNKNOWN STEP	2026-02-25T19:59:07.7377258Z Running Gradle task 'assembleDebug'...                          
Android Tests (0)	UNKNOWN STEP	2026-02-25T19:59:07.7379100Z Checking the license for package NDK (Side by side) 27.0.12077973 in /usr/local/lib/android/sdk/licenses
Android Tests (0)	UNKNOWN STEP	2026-02-25T19:59:07.7380023Z License for package NDK (Side by side) 27.0.12077973 accepted.
Android Tests (0)	UNKNOWN STEP	2026-02-25T19:59:07.8296279Z Preparing "Install NDK (Side by side) 27.0.12077973 v.27.0.12077973".
Android Tests (0)	UNKNOWN STEP	2026-02-25T19:59:21.0302399Z "Install NDK (Side by side) 27.0.12077973 v.27.0.12077973" ready.
Android Tests (0)	UNKNOWN STEP	2026-02-25T19:59:21.0304884Z Installing NDK (Side by side) 27.0.12077973 in /usr/local/lib/android/sdk/ndk/27.0.12077973
Android Tests (0)	UNKNOWN STEP	2026-02-25T19:59:21.0307856Z "Install NDK (Side by side) 27.0.12077973 v.27.0.12077973" complete.
Android Tests (0)	UNKNOWN STEP	2026-02-25T19:59:21.3356364Z "Install NDK (Side by side) 27.0.12077973 v.27.0.12077973" finished.
Android Tests (0)	UNKNOWN STEP	2026-02-25T20:00:08.1302120Z Checking the license for package Android SDK Platform 33 in /usr/local/lib/android/sdk/licenses
Android Tests (0)	UNKNOWN STEP	2026-02-25T20:00:08.1303260Z License for package Android SDK Platform 33 accepted.
Android Tests (0)	UNKNOWN STEP	2026-02-25T20:00:08.1303873Z Preparing "Install Android SDK Platform 33 (revision 3)".
Android Tests (0)	UNKNOWN STEP	2026-02-25T20:00:11.0296077Z "Install Android SDK Platform 33 (revision 3)" ready.
Android Tests (0)	UNKNOWN STEP	2026-02-25T20:00:11.0300603Z Installing Android SDK Platform 33 in /usr/local/lib/android/sdk/platforms/android-33
Android Tests (0)	UNKNOWN STEP	2026-02-25T20:00:11.0302821Z "Install Android SDK Platform 33 (revision 3)" complete.
Android Tests (0)	UNKNOWN STEP	2026-02-25T20:00:11.0304137Z "Install Android SDK Platform 33 (revision 3)" finished.
Android Tests (0)	UNKNOWN STEP	2026-02-25T20:03:42.8295415Z Checking the license for package CMake 3.22.1 in /usr/local/lib/android/sdk/licenses
Android Tests (0)	UNKNOWN STEP	2026-02-25T20:03:42.8298535Z License for package CMake 3.22.1 accepted.
Android Tests (0)	UNKNOWN STEP	2026-02-25T20:03:42.8300800Z Preparing "Install CMake 3.22.1 v.3.22.1".
Android Tests (0)	UNKNOWN STEP	2026-02-25T20:03:44.3296841Z "Install CMake 3.22.1 v.3.22.1" ready.
Android Tests (0)	UNKNOWN STEP	2026-02-25T20:03:44.3301500Z Installing CMake 3.22.1 in /usr/local/lib/android/sdk/cmake/3.22.1
Android Tests (0)	UNKNOWN STEP	2026-02-25T20:03:44.3306368Z "Install CMake 3.22.1 v.3.22.1" complete.
Android Tests (0)	UNKNOWN STEP	2026-02-25T20:03:44.3309256Z "Install CMake 3.22.1 v.3.22.1" finished.
Android Tests (0)	UNKNOWN STEP	2026-02-25T20:04:21.1944099Z Running Gradle task 'assembleDebug'...                            648.6s
Android Tests (0)	UNKNOWN STEP	2026-02-25T20:04:22.0863613Z ✓ Built build/app/outputs/flutter-apk/app-debug.apk
Android Tests (0)	UNKNOWN STEP	2026-02-25T20:04:38.1693622Z Installing build/app/outputs/flutter-apk/app-debug.apk...          15.4s
Android Tests (0)	UNKNOWN STEP	2026-02-25T20:05:28.4711519Z 00:00 +0: loading /home/runner/work/substitution/substitution/integration_test/room_discovery_with_matrix_test.dart
Android Tests (0)	UNKNOWN STEP	2026-02-25T20:06:02.3017304Z Running Gradle task 'assembleDebug'...                             33.8s
Android Tests (0)	UNKNOWN STEP	2026-02-25T20:06:03.4651443Z ✓ Built build/app/outputs/flutter-apk/app-debug.apk
Android Tests (0)	UNKNOWN STEP	2026-02-25T20:06:20.6947537Z Installing build/app/outputs/flutter-apk/app-debug.apk...          16.7s
Android Tests (0)	UNKNOWN STEP	2026-02-25T20:07:04.7538236Z 00:00 +0: /home/runner/work/substitution/substitution/integration_test/room_discovery_with_matrix_test.dart: (setUpAll)
Android Tests (0)	UNKNOWN STEP	2026-02-25T20:07:05.3172281Z 00:00 +0: /home/runner/work/substitution/substitution/integration_test/room_discovery_with_matrix_test.dart: Room Discovery & Subscription with Real Matrix Server User can search for public rooms
Android Tests (0)	UNKNOWN STEP	2026-02-25T20:07:18.3083734Z Waiting for globalMatrixClient to be initialized...
Android Tests (0)	UNKNOWN STEP	2026-02-25T20:07:21.6310774Z [90m[🌎 Easy Localization] [DEBUG] Localization initialized[0m
Android Tests (0)	UNKNOWN STEP	2026-02-25T20:07:21.7310712Z [Matrix] [32mInitialize client Substitution[0m
Android Tests (0)	UNKNOWN STEP	2026-02-25T20:07:22.2346320Z [Matrix] [32mUser is not logged in.[0m
Android Tests (0)	UNKNOWN STEP	2026-02-25T20:07:22.4090590Z [90m[🌎 Easy Localization] [DEBUG] Start[0m
Android Tests (0)	UNKNOWN STEP	2026-02-25T20:07:22.7959700Z [90m[🌎 Easy Localization] [DEBUG] Init state[0m
Android Tests (0)	UNKNOWN STEP	2026-02-25T20:07:22.9004465Z [90m[🌎 Easy Localization] [DEBUG] Build[0m
Android Tests (0)	UNKNOWN STEP	2026-02-25T20:07:22.9327625Z [90m[🌎 Easy Localization] [DEBUG] Init Localization Delegate[0m
Android Tests (0)	UNKNOWN STEP	2026-02-25T20:07:22.9528051Z [90m[🌎 Easy Localization] [DEBUG] Init provider[0m
Android Tests (0)	UNKNOWN STEP	2026-02-25T20:07:26.8662034Z [90m[🌎 Easy Localization] [DEBUG] Load Localization Delegate[0m
Android Tests (0)	UNKNOWN STEP	2026-02-25T20:07:27.3564536Z [90m[🌎 Easy Localization] [DEBUG] Load asset from assets/translations[0m
Android Tests (0)	UNKNOWN STEP	2026-02-25T20:07:30.8127675Z globalMatrixClient initialized!
Android Tests (0)	UNKNOWN STEP	2026-02-25T20:07:30.8510673Z Android detected: Translated localhost to http://10.0.2.2:8008
Android Tests (0)	UNKNOWN STEP	2026-02-25T20:07:30.8582177Z Step 1: Checking for Age Gate, Intro, or Login fields...
Android Tests (0)	UNKNOWN STEP	2026-02-25T20:07:31.6067245Z [90m[🌎 Easy Localization] [DEBUG] Build[0m
Android Tests (0)	UNKNOWN STEP	2026-02-25T20:07:31.6176114Z [90m[🌎 Easy Localization] [DEBUG] Init Localization Delegate[0m
Android Tests (0)	UNKNOWN STEP	2026-02-25T20:07:31.6364037Z [90m[🌎 Easy Localization] [DEBUG] Init provider[0m
Android Tests (0)	UNKNOWN STEP	2026-02-25T20:07:48.2785244Z Found screen! AgeGate: false, Intro: true, Username: false, Host: false
Android Tests (0)	UNKNOWN STEP	2026-02-25T20:07:48.3261603Z Step 2: Navigating through onboarding...
Android Tests (0)	UNKNOWN STEP	2026-02-25T20:07:52.1334289Z Tapping Next button at step 0...
Android Tests (0)	UNKNOWN STEP	2026-02-25T20:08:00.1909023Z Tapping Next button at step 1...
Android Tests (0)	UNKNOWN STEP	2026-02-25T20:08:09.8928378Z Reached target page at step 2. Host: true, Username: false
Android Tests (0)	UNKNOWN STEP	2026-02-25T20:08:09.8930296Z Onboarding navigation complete.
Android Tests (0)	UNKNOWN STEP	2026-02-25T20:08:09.9533649Z Step 3: Entering host URL: http://10.0.2.2:8008
Android Tests (0)	UNKNOWN STEP	2026-02-25T20:08:17.0221526Z Tapping host submit button...
Android Tests (0)	UNKNOWN STEP	2026-02-25T20:08:23.5885258Z Waiting for login page to appear...
Android Tests (0)	UNKNOWN STEP	2026-02-25T20:08:37.7524095Z Login page reached.
Android Tests (0)	UNKNOWN STEP	2026-02-25T20:08:37.7670939Z Step 4: Looking for login fields...
Android Tests (0)	UNKNOWN STEP	2026-02-25T20:08:37.8524988Z Entering username: testuser1
Android Tests (0)	UNKNOWN STEP	2026-02-25T20:08:44.2353718Z Entering password...
Android Tests (0)	UNKNOWN STEP	2026-02-25T20:08:48.6157314Z Tapping login submit button...
Android Tests (0)	UNKNOWN STEP	2026-02-25T20:08:51.3862875Z Step 5: Waiting for finished page (introGoButton)...
Android Tests (0)	UNKNOWN STEP	2026-02-25T20:08:52.4442065Z [Matrix] [32mInitialize client Substitution[0m
Android Tests (0)	UNKNOWN STEP	2026-02-25T20:08:56.4070169Z [Matrix] [32mSuccessfully connected as testuser1 with http://10.0.2.2:8008[0m
Android Tests (0)	UNKNOWN STEP	2026-02-25T20:09:07.8567628Z 02:03 +0 -1: /home/runner/work/substitution/substitution/integration_test/room_discovery_with_matrix_test.dart: Room Discovery & Subscription with Real Matrix Server User can search for public rooms [E]
Android Tests (0)	UNKNOWN STEP	2026-02-25T20:09:07.8570194Z   TimeoutException after 0:02:00.000000: Test timed out after 2 minutes.
Android Tests (0)	UNKNOWN STEP	2026-02-25T20:09:07.8593329Z   dart:isolate  _RawReceivePort._handleMessage
Android Tests (0)	UNKNOWN STEP	2026-02-25T20:09:07.8594799Z   
Android Tests (0)	UNKNOWN STEP	2026-02-25T20:09:08.7114330Z   'package:flutter_test/src/binding.dart': Failed assertion: line 2781 pos 12: '_pendingFrame == null': is not true.
Android Tests (0)	UNKNOWN STEP	2026-02-25T20:09:08.7117366Z   dart:core                                                                  _AssertionError._throwNew
Android Tests (0)	UNKNOWN STEP	2026-02-25T20:09:08.7119829Z   package:flutter_test/src/binding.dart 2781:12                              LiveTestWidgetsFlutterBinding.postTest
Android Tests (0)	UNKNOWN STEP	2026-02-25T20:09:08.7120737Z   ===== asynchronous gap ===========================
Android Tests (0)	UNKNOWN STEP	2026-02-25T20:09:08.7121467Z   package:stream_channel                                                     _GuaranteeSink.add
Android Tests (0)	UNKNOWN STEP	2026-02-25T20:09:08.7122397Z   tmp/flutter_tools.HQNVAG/flutter_test_listener.MWNNJM/listener.dart 56:22  main.<fn>
Android Tests (0)	UNKNOWN STEP	2026-02-25T20:09:08.7123327Z   
Android Tests (0)	UNKNOWN STEP	2026-02-25T20:09:10.0784708Z Finished page reached.
Android Tests (0)	UNKNOWN STEP	2026-02-25T20:09:10.0785152Z Tapping Go button...
Android Tests (0)	UNKNOWN STEP	2026-02-25T20:09:10.1611712Z Waiting for feed (Scrollable)...
Android Tests (0)	UNKNOWN STEP	2026-02-25T20:09:26.2470805Z   'package:flutter_test/src/binding.dart': Failed assertion: line 1639 pos 14: '_parentZone != null': is not true.
Android Tests (0)	UNKNOWN STEP	2026-02-25T20:09:26.2478497Z   dart:core                                                   _AssertionError._throwNew
Android Tests (0)	UNKNOWN STEP	2026-02-25T20:09:26.2480277Z   package:flutter_test/src/binding.dart 1639:14               TestWidgetsFlutterBinding._runTest.handleUncaughtError
Android Tests (0)	UNKNOWN STEP	2026-02-25T20:09:26.2481631Z   package:flutter_test/src/binding.dart 1650:13               TestWidgetsFlutterBinding._runTest.<fn>
Android Tests (0)	UNKNOWN STEP	2026-02-25T20:09:26.2482460Z   ===== asynchronous gap ===========================
Android Tests (0)	UNKNOWN STEP	2026-02-25T20:09:26.2483302Z   dart:async                                                  scheduleMicrotask
Android Tests (0)	UNKNOWN STEP	2026-02-25T20:09:26.2484343Z   package:flutter/src/widgets/focus_manager.dart 1931:5       FocusManager._markNeedsUpdate
Android Tests (0)	UNKNOWN STEP	2026-02-25T20:09:26.2485495Z   package:flutter/src/widgets/focus_manager.dart 1908:7       FocusManager._markNextFocus
Android Tests (0)	UNKNOWN STEP	2026-02-25T20:09:26.2486683Z   package:flutter/src/widgets/focus_manager.dart 994:17       FocusNode._markNextFocus
Android Tests (0)	UNKNOWN STEP	2026-02-25T20:09:26.2487734Z   package:flutter/src/widgets/focus_manager.dart 1510:9       FocusScopeNode._doRequestFocus
Android Tests (0)	UNKNOWN STEP	2026-02-25T20:09:26.2488825Z   package:flutter/src/widgets/focus_manager.dart 1457:13      FocusScopeNode.setFirstFocus
Android Tests (0)	UNKNOWN STEP	2026-02-25T20:09:26.2489921Z   package:flutter/src/widgets/routes.dart 1140:50             _ModalScopeState._updateFocusScopeNode
Android Tests (0)	UNKNOWN STEP	2026-02-25T20:09:26.2490981Z   package:flutter/src/widgets/routes.dart 1119:5              _ModalScopeState.didChangeDependencies
Android Tests (0)	UNKNOWN STEP	2026-02-25T20:09:26.2491966Z   package:flutter/src/widgets/framework.dart 5968:11          StatefulElement._firstBuild
Android Tests (0)	UNKNOWN STEP	2026-02-25T20:09:26.2492883Z   package:flutter/src/widgets/framework.dart 5793:5           ComponentElement.mount
Android Tests (0)	UNKNOWN STEP	2026-02-25T20:09:26.2494046Z   package:flutter/src/widgets/framework.dart 4587:20          Element.inflateWidget
Android Tests (0)	UNKNOWN STEP	2026-02-25T20:09:26.2494948Z   package:flutter/src/widgets/framework.dart 4059:18          Element.updateChild
Android Tests (0)	UNKNOWN STEP	2026-02-25T20:09:26.2495936Z   package:flutter/src/widgets/framework.dart 7115:14          SingleChildRenderObjectElement.mount
Android Tests (0)	UNKNOWN STEP	2026-02-25T20:09:26.2496891Z   package:flutter/src/widgets/framework.dart 4587:20          Element.inflateWidget
Android Tests (0)	UNKNOWN STEP	2026-02-25T20:09:26.2497805Z   package:flutter/src/widgets/framework.dart 4059:18          Element.updateChild
Android Tests (0)	UNKNOWN STEP	2026-02-25T20:09:26.2499161Z   package:flutter/src/widgets/framework.dart 5841:16          ComponentElement.performRebuild
Android Tests (0)	UNKNOWN STEP	2026-02-25T20:09:26.2500137Z   package:flutter/src/widgets/framework.dart 5529:7           Element.rebuild
Android Tests (0)	UNKNOWN STEP	2026-02-25T20:09:26.2501071Z   package:flutter/src/widgets/framework.dart 5799:5           ComponentElement._firstBuild
Android Tests (0)	UNKNOWN STEP	2026-02-25T20:09:26.2502054Z   package:flutter/src/widgets/framework.dart 5793:5           ComponentElement.mount
Android Tests (0)	UNKNOWN STEP	2026-02-25T20:09:26.2503102Z   package:flutter/src/widgets/framework.dart 4587:20          Element.inflateWidget
Android Tests (0)	UNKNOWN STEP	2026-02-25T20:09:26.2503992Z   package:flutter/src/widgets/framework.dart 4059:18          Element.updateChild
Android Tests (0)	UNKNOWN STEP	2026-02-25T20:09:26.2504956Z   package:flutter/src/widgets/framework.dart 5841:16          ComponentElement.performRebuild
Android Tests (0)	UNKNOWN STEP	2026-02-25T20:09:26.2505914Z   package:flutter/src/widgets/framework.dart 5529:7           Element.rebuild
Android Tests (0)	UNKNOWN STEP	2026-02-25T20:09:26.2506882Z   package:flutter/src/widgets/framework.dart 5799:5           ComponentElement._firstBuild
Android Tests (0)	UNKNOWN STEP	2026-02-25T20:09:26.2507910Z   package:flutter/src/widgets/framework.dart 5793:5           ComponentElement.mount
Android Tests (0)	UNKNOWN STEP	2026-02-25T20:09:26.2508884Z   package:flutter/src/widgets/framework.dart 4587:20          Element.inflateWidget
Android Tests (0)	UNKNOWN STEP	2026-02-25T20:09:26.2509840Z   package:flutter/src/widgets/framework.dart 4059:18          Element.updateChild
Android Tests (0)	UNKNOWN STEP	2026-02-25T20:09:26.2511021Z   package:flutter/src/widgets/framework.dart 5841:16          ComponentElement.performRebuild
Android Tests (0)	UNKNOWN STEP	2026-02-25T20:09:26.2512021Z   package:flutter/src/widgets/framework.dart 5529:7           Element.rebuild
Android Tests (0)	UNKNOWN STEP	2026-02-25T20:09:26.2513391Z   package:flutter/src/widgets/framework.dart 5799:5           ComponentElement._firstBuild
Android Tests (0)	UNKNOWN STEP	2026-02-25T20:09:26.2514489Z   package:flutter/src/widgets/framework.dart 5793:5           ComponentElement.mount
Android Tests (0)	UNKNOWN STEP	2026-02-25T20:09:26.2515482Z   package:flutter/src/widgets/framework.dart 4587:20          Element.inflateWidget
Android Tests (0)	UNKNOWN STEP	2026-02-25T20:09:26.2516447Z   package:flutter/src/widgets/framework.dart 4059:18          Element.updateChild
Android Tests (0)	UNKNOWN STEP	2026-02-25T20:09:26.2517495Z   package:flutter/src/widgets/framework.dart 5841:16          ComponentElement.performRebuild
Android Tests (0)	UNKNOWN STEP	2026-02-25T20:09:26.2518610Z   package:flutter/src/widgets/framework.dart 5982:11          StatefulElement.performRebuild
Android Tests (0)	UNKNOWN STEP	2026-02-25T20:09:26.2519606Z   package:flutter/src/widgets/framework.dart 5529:7           Element.rebuild
Android Tests (0)	UNKNOWN STEP	2026-02-25T20:09:26.2520575Z   package:flutter/src/widgets/framework.dart 5799:5           ComponentElement._firstBuild
Android Tests (0)	UNKNOWN STEP	2026-02-25T20:09:26.2521634Z   package:flutter/src/widgets/framework.dart 5973:11          StatefulElement._firstBuild
Android Tests (0)	UNKNOWN STEP	2026-02-25T20:09:26.2522670Z   package:flutter/src/widgets/framework.dart 5793:5           ComponentElement.mount
Android Tests (0)	UNKNOWN STEP	2026-02-25T20:09:26.2523813Z   package:flutter/src/widgets/framework.dart 4587:20          Element.inflateWidget
Android Tests (0)	UNKNOWN STEP	2026-02-25T20:09:26.2524774Z   package:flutter/src/widgets/framework.dart 4059:18          Element.updateChild
Android Tests (0)	UNKNOWN STEP	2026-02-25T20:09:26.2525802Z   package:flutter/src/widgets/framework.dart 5841:16          ComponentElement.performRebuild
Android Tests (0)	UNKNOWN STEP	2026-02-25T20:09:26.2526918Z   package:flutter/src/widgets/framework.dart 5982:11          StatefulElement.performRebuild
Android Tests (0)	UNKNOWN STEP	2026-02-25T20:09:26.2527906Z   package:flutter/src/widgets/framework.dart 5529:7           Element.rebuild
Android Tests (0)	UNKNOWN STEP	2026-02-25T20:09:26.2528872Z   package:flutter/src/widgets/framework.dart 5799:5           ComponentElement._firstBuild
Android Tests (0)	UNKNOWN STEP	2026-02-25T20:09:26.2529934Z   package:flutter/src/widgets/framework.dart 5973:11          StatefulElement._firstBuild
Android Tests (0)	UNKNOWN STEP	2026-02-25T20:09:26.2531013Z   package:flutter/src/widgets/framework.dart 5793:5           ComponentElement.mount
Android Tests (0)	UNKNOWN STEP	2026-02-25T20:09:26.2532000Z   package:flutter/src/widgets/framework.dart 4587:20          Element.inflateWidget
Android Tests (0)	UNKNOWN STEP	2026-02-25T20:09:26.2533302Z   package:flutter/src/widgets/framework.dart 7264:36          MultiChildRenderObjectElement.inflateWidget
Android Tests (0)	UNKNOWN STEP	2026-02-25T20:09:26.2534409Z   package:flutter/src/widgets/framework.dart 4059:18          Element.updateChild
Android Tests (0)	UNKNOWN STEP	2026-02-25T20:09:26.2535376Z   package:flutter/src/widgets/framework.dart 4255:32          Element.updateChildren
Android Tests (0)	UNKNOWN STEP	2026-02-25T20:09:26.2536671Z   package:flutter/src/widgets/framework.dart 7295:17          MultiChildRenderObjectElement.update
Android Tests (0)	UNKNOWN STEP	2026-02-25T20:09:26.2537731Z   package:flutter/src/widgets/framework.dart 4037:15          Element.updateChild
Android Tests (0)	UNKNOWN STEP	2026-02-25T20:09:26.2538753Z   package:flutter/src/widgets/framework.dart 5841:16          ComponentElement.performRebuild
Android Tests (0)	UNKNOWN STEP	2026-02-25T20:09:26.2539863Z   package:flutter/src/widgets/framework.dart 5982:11          StatefulElement.performRebuild
Android Tests (0)	UNKNOWN STEP	2026-02-25T20:09:26.2540866Z   package:flutter/src/widgets/framework.dart 5529:7           Element.rebuild
Android Tests (0)	UNKNOWN STEP	2026-02-25T20:09:26.2541791Z   package:flutter/src/widgets/framework.dart 6007:5           StatefulElement.update
Android Tests (0)	UNKNOWN STEP	2026-02-25T20:09:26.2542745Z   package:flutter/src/widgets/framework.dart 4037:15          Element.updateChild
Android Tests (0)	UNKNOWN STEP	2026-02-25T20:09:26.2544167Z   package:flutter/src/widgets/framework.dart 5841:16          ComponentElement.performRebuild
Android Tests (0)	UNKNOWN STEP	2026-02-25T20:09:26.2545188Z   package:flutter/src/widgets/framework.dart 5529:7           Element.rebuild
Android Tests (0)	UNKNOWN STEP	2026-02-25T20:09:26.2546101Z   package:flutter/src/widgets/framework.dart 6149:5           ProxyElement.update
Android Tests (0)	UNKNOWN STEP	2026-02-25T20:09:26.2547046Z   package:flutter/src/widgets/framework.dart 4037:15          Element.updateChild
Android Tests (0)	UNKNOWN STEP	2026-02-25T20:09:26.2548080Z   package:flutter/src/widgets/framework.dart 5841:16          ComponentElement.performRebuild
Android Tests (0)	UNKNOWN STEP	2026-02-25T20:09:26.2549091Z   package:flutter/src/widgets/framework.dart 5529:7           Element.rebuild
Android Tests (0)	UNKNOWN STEP	2026-02-25T20:09:26.2549991Z   package:flutter/src/widgets/framework.dart 6149:5           ProxyElement.update
Android Tests (0)	UNKNOWN STEP	2026-02-25T20:09:26.2551350Z   package:flutter/src/widgets/inherited_notifier.dart 108:11  _InheritedNotifierElement.update
Android Tests (0)	UNKNOWN STEP	2026-02-25T20:09:26.2552493Z   package:flutter/src/widgets/framework.dart 4037:15          Element.updateChild
Android Tests (0)	UNKNOWN STEP	2026-02-25T20:09:26.2553697Z   package:flutter/src/widgets/framework.dart 5841:16          ComponentElement.performRebuild
Android Tests (0)	UNKNOWN STEP	2026-02-25T20:09:26.2554821Z   package:flutter/src/widgets/framework.dart 5982:11          StatefulElement.performRebuild
Android Tests (0)	UNKNOWN STEP	2026-02-25T20:09:26.2555820Z   package:flutter/src/widgets/framework.dart 5529:7           Element.rebuild
Android Tests (0)	UNKNOWN STEP	2026-02-25T20:09:26.2556759Z   package:flutter/src/widgets/framework.dart 6007:5           StatefulElement.update
Android Tests (0)	UNKNOWN STEP	2026-02-25T20:09:26.2557720Z   package:flutter/src/widgets/framework.dart 4037:15          Element.updateChild
Android Tests (0)	UNKNOWN STEP	2026-02-25T20:09:26.2558733Z   package:flutter/src/widgets/framework.dart 5841:16          ComponentElement.performRebuild
Android Tests (0)	UNKNOWN STEP	2026-02-25T20:09:26.2559733Z   package:flutter/src/widgets/framework.dart 5529:7           Element.rebuild
Android Tests (0)	UNKNOWN STEP	2026-02-25T20:09:26.2560539Z   package:flutter/src/widgets/framework.dart 6149:5           ProxyElement.update
Android Tests (0)	UNKNOWN STEP	2026-02-25T20:09:26.2561555Z   package:flutter/src/widgets/inherited_notifier.dart 108:11  _InheritedNotifierElement.update
Android Tests (0)	UNKNOWN STEP	2026-02-25T20:09:26.2562526Z   package:flutter/src/widgets/framework.dart 4037:15          Element.updateChild
Android Tests (0)	UNKNOWN STEP	2026-02-25T20:09:26.2563707Z   package:flutter/src/widgets/framework.dart 5841:16          ComponentElement.performRebuild
Android Tests (0)	UNKNOWN STEP	2026-02-25T20:09:26.2564743Z   package:flutter/src/widgets/framework.dart 5982:11          StatefulElement.performRebuild
Android Tests (0)	UNKNOWN STEP	2026-02-25T20:09:26.2565700Z   package:flutter/src/widgets/framework.dart 5529:7           Element.rebuild
Android Tests (0)	UNKNOWN STEP	2026-02-25T20:09:26.2566549Z   package:flutter/src/widgets/framework.dart 6007:5           StatefulElement.update
Android Tests (0)	UNKNOWN STEP	2026-02-25T20:09:26.2567474Z   package:flutter/src/widgets/framework.dart 4037:15          Element.updateChild
Android Tests (0)	UNKNOWN STEP	2026-02-25T20:09:26.2568678Z   package:flutter/src/widgets/framework.dart 5841:16          ComponentElement.performRebuild
Android Tests (0)	UNKNOWN STEP	2026-02-25T20:09:26.2569690Z   package:flutter/src/widgets/framework.dart 5982:11          StatefulElement.performRebuild
Android Tests (0)	UNKNOWN STEP	2026-02-25T20:09:26.2570666Z   package:flutter/src/widgets/framework.dart 5529:7           Element.rebuild
Android Tests (0)	UNKNOWN STEP	2026-02-25T20:09:26.2571564Z   package:flutter/src/widgets/framework.dart 6007:5           StatefulElement.update
Android Tests (0)	UNKNOWN STEP	2026-02-25T20:09:26.2572650Z   package:flutter/src/widgets/framework.dart 4037:15          Element.updateChild
Android Tests (0)	UNKNOWN STEP	2026-02-25T20:09:26.2573805Z   package:flutter/src/widgets/framework.dart 7122:14          SingleChildRenderObjectElement.update
Android Tests (0)	UNKNOWN STEP	2026-02-25T20:09:26.2574718Z   package:flutter/src/widgets/framework.dart 4037:15          Element.updateChild
Android Tests (0)	UNKNOWN STEP	2026-02-25T20:09:26.2575690Z   package:flutter/src/widgets/framework.dart 7122:14          SingleChildRenderObjectElement.update
Android Tests (0)	UNKNOWN STEP	2026-02-25T20:09:26.2576691Z   package:flutter/src/widgets/framework.dart 4037:15          Element.updateChild
Android Tests (0)	UNKNOWN STEP	2026-02-25T20:09:26.2577681Z   package:flutter/src/widgets/framework.dart 5841:16          ComponentElement.performRebuild
Android Tests (0)	UNKNOWN STEP	2026-02-25T20:09:26.2578625Z   package:flutter/src/widgets/framework.dart 5529:7           Element.rebuild
Android Tests (0)	UNKNOWN STEP	2026-02-25T20:09:26.2579481Z   package:flutter/src/widgets/framework.dart 6149:5           ProxyElement.update
Android Tests (0)	UNKNOWN STEP	2026-02-25T20:09:26.2580317Z   package:flutter/src/widgets/framework.dart 4037:15          Element.updateChild
Android Tests (0)	UNKNOWN STEP	2026-02-25T20:09:26.2581316Z   package:flutter/src/widgets/framework.dart 5841:16          ComponentElement.performRebuild
Android Tests (0)	UNKNOWN STEP	2026-02-25T20:09:26.2582300Z   package:flutter/src/widgets/framework.dart 5529:7           Element.rebuild
Android Tests (0)	UNKNOWN STEP	2026-02-25T20:09:26.2583354Z   package:flutter/src/widgets/framework.dart 6149:5           ProxyElement.update
Android Tests (0)	UNKNOWN STEP	2026-02-25T20:09:26.2584192Z   package:flutter/src/widgets/framework.dart 4037:15          Element.updateChild
Android Tests (0)	UNKNOWN STEP	2026-02-25T20:09:26.2585126Z   package:flutter/src/widgets/framework.dart 5841:16          ComponentElement.performRebuild
Android Tests (0)	UNKNOWN STEP	2026-02-25T20:09:26.2586376Z   package:flutter/src/widgets/framework.dart 5982:11          StatefulElement.performRebuild
Android Tests (0)	UNKNOWN STEP	2026-02-25T20:09:26.2587407Z   package:flutter/src/widgets/framework.dart 5529:7           Element.rebuild
Android Tests (0)	UNKNOWN STEP	2026-02-25T20:09:26.2588280Z   package:flutter/src/widgets/framework.dart 6007:5           StatefulElement.update
Android Tests (0)	UNKNOWN STEP	2026-02-25T20:09:26.2589159Z   package:flutter/src/widgets/framework.dart 4037:15          Element.updateChild
Android Tests (0)	UNKNOWN STEP	2026-02-25T20:09:26.2590165Z   package:flutter/src/widgets/framework.dart 5841:16          ComponentElement.performRebuild
Android Tests (0)	UNKNOWN STEP	2026-02-25T20:09:26.2591134Z   package:flutter/src/widgets/framework.dart 5529:7           Element.rebuild
Android Tests (0)	UNKNOWN STEP	2026-02-25T20:09:26.2592045Z   package:flutter/src/widgets/framework.dart 6149:5           ProxyElement.update
Android Tests (0)	UNKNOWN STEP	2026-02-25T20:09:26.2593165Z   package:flutter/src/widgets/framework.dart 4037:15          Element.updateChild
Android Tests (0)	UNKNOWN STEP	2026-02-25T20:09:26.2594175Z   package:flutter/src/widgets/framework.dart 5841:16          ComponentElement.performRebuild
Android Tests (0)	UNKNOWN STEP	2026-02-25T20:09:26.2595163Z   package:flutter/src/widgets/framework.dart 5529:7           Element.rebuild
Android Tests (0)	UNKNOWN STEP	2026-02-25T20:09:26.2596039Z   package:flutter/src/widgets/framework.dart 6149:5           ProxyElement.update
Android Tests (0)	UNKNOWN STEP	2026-02-25T20:09:26.2597084Z   package:flutter/src/widgets/inherited_notifier.dart 108:11  _InheritedNotifierElement.update
Android Tests (0)	UNKNOWN STEP	2026-02-25T20:09:26.2598128Z   package:flutter/src/widgets/framework.dart 4037:15          Element.updateChild
Android Tests (0)	UNKNOWN STEP	2026-02-25T20:09:26.2599133Z   package:flutter/src/widgets/framework.dart 5841:16          ComponentElement.performRebuild
Android Tests (0)	UNKNOWN STEP	2026-02-25T20:09:26.2600206Z   package:flutter/src/widgets/framework.dart 5982:11          StatefulElement.performRebuild
Android Tests (0)	UNKNOWN STEP	2026-02-25T20:09:26.2601094Z   package:flutter/src/widgets/framework.dart 5529:7           Element.rebuild
Android Tests (0)	UNKNOWN STEP	2026-02-25T20:09:26.2601994Z   package:flutter/src/widgets/framework.dart 6007:5           StatefulElement.update
Android Tests (0)	UNKNOWN STEP	2026-02-25T20:09:26.2603092Z   package:flutter/src/widgets/framework.dart 4037:15          Element.updateChild
Android Tests (0)	UNKNOWN STEP	2026-02-25T20:09:26.2604114Z   package:flutter/src/widgets/framework.dart 5841:16          ComponentElement.performRebuild
Android Tests (0)	UNKNOWN STEP	2026-02-25T20:09:26.2605069Z   package:flutter/src/widgets/framework.dart 5529:7           Element.rebuild
Android Tests (0)	UNKNOWN STEP	2026-02-25T20:09:26.2605947Z   package:flutter/src/widgets/framework.dart 6149:5           ProxyElement.update
Android Tests (0)	UNKNOWN STEP	2026-02-25T20:09:26.2606824Z   package:flutter/src/widgets/framework.dart 4037:15          Element.updateChild
Android Tests (0)	UNKNOWN STEP	2026-02-25T20:09:26.2608065Z   package:flutter/src/widgets/framework.dart 5841:16          ComponentElement.performRebuild
Android Tests (0)	UNKNOWN STEP	2026-02-25T20:09:26.2609073Z   package:flutter/src/widgets/framework.dart 5529:7           Element.rebuild
Android Tests (0)	UNKNOWN STEP	2026-02-25T20:09:26.2609993Z   package:flutter/src/widgets/framework.dart 5895:5           StatelessElement.update
Android Tests (0)	UNKNOWN STEP	2026-02-25T20:09:26.2610937Z   package:flutter/src/widgets/framework.dart 4037:15          Element.updateChild
Android Tests (0)	UNKNOWN STEP	2026-02-25T20:09:26.2611916Z   package:flutter/src/widgets/framework.dart 5841:16          ComponentElement.performRebuild
Android Tests (0)	UNKNOWN STEP	2026-02-25T20:09:26.2613147Z   package:flutter/src/widgets/framework.dart 5529:7           Element.rebuild
Android Tests (0)	UNKNOWN STEP	2026-02-25T20:09:26.2614147Z   package:flutter/src/widgets/framework.dart 6149:5           ProxyElement.update
Android Tests (0)	UNKNOWN STEP	2026-02-25T20:09:26.2614716Z   package:flutter/src/widgets/framework.dart 4037:15          Element.updateChild
Android Tests (0)	UNKNOWN STEP	2026-02-25T20:09:26.2615296Z   package:flutter/src/widgets/framework.dart 5841:16          ComponentElement.performRebuild
Android Tests (0)	UNKNOWN STEP	2026-02-25T20:09:26.2615874Z   package:flutter/src/widgets/framework.dart 5529:7           Element.rebuild
Android Tests (0)	UNKNOWN STEP	2026-02-25T20:09:26.2616398Z   package:flutter/src/widgets/framework.dart 6149:5           ProxyElement.update
Android Tests (0)	UNKNOWN STEP	2026-02-25T20:09:26.2616913Z   package:flutter/src/widgets/framework.dart 4037:15          Element.updateChild
Android Tests (0)	UNKNOWN STEP	2026-02-25T20:09:26.2617474Z   package:flutter/src/widgets/framework.dart 5841:16          ComponentElement.performRebuild
Android Tests (0)	UNKNOWN STEP	2026-02-25T20:09:26.2618079Z   package:flutter/src/widgets/framework.dart 5982:11          StatefulElement.performRebuild
Android Tests (0)	UNKNOWN STEP	2026-02-25T20:09:26.2618820Z   package:flutter/src/widgets/framework.dart 5529:7           Element.rebuild
Android Tests (0)	UNKNOWN STEP	2026-02-25T20:09:26.2619340Z   package:flutter/src/widgets/framework.dart 2750:15          BuildScope._tryRebuild
Android Tests (0)	UNKNOWN STEP	2026-02-25T20:09:26.2619897Z   package:flutter/src/widgets/framework.dart 2807:11          BuildScope._flushDirtyElements
Android Tests (0)	UNKNOWN STEP	2026-02-25T20:09:26.2620447Z   package:flutter/src/widgets/framework.dart 3111:18          BuildOwner.buildScope
Android Tests (0)	UNKNOWN STEP	2026-02-25T20:09:26.2620985Z   package:flutter/src/widgets/binding.dart 1302:21            WidgetsBinding.drawFrame
Android Tests (0)	UNKNOWN STEP	2026-02-25T20:09:26.2621609Z   package:flutter/src/rendering/binding.dart 495:5            RendererBinding._handlePersistentFrameCallback
Android Tests (0)	UNKNOWN STEP	2026-02-25T20:09:26.2622613Z   package:flutter/src/scheduler/binding.dart 1430:15          SchedulerBinding._invokeFrameCallback
Android Tests (0)	UNKNOWN STEP	2026-02-25T20:09:26.2623794Z   package:flutter/src/scheduler/binding.dart 1345:9           SchedulerBinding.handleDrawFrame
Android Tests (0)	UNKNOWN STEP	2026-02-25T20:09:26.2624662Z   package:flutter_test/src/binding.dart 2511:13               LiveTestWidgetsFlutterBinding.handleDrawFrame
Android Tests (0)	UNKNOWN STEP	2026-02-25T20:09:26.2625304Z   package:flutter/src/scheduler/binding.dart 1198:5           SchedulerBinding._handleDrawFrame
Android Tests (0)	UNKNOWN STEP	2026-02-25T20:09:26.2625723Z   
Android Tests (0)	UNKNOWN STEP	2026-02-25T20:09:26.9295266Z 02:22 +0 -1: /home/runner/work/substitution/substitution/integration_test/room_discovery_with_matrix_test.dart: (tearDownAll)
Android Tests (0)	UNKNOWN STEP	2026-02-25T20:09:37.6111691Z 02:32 +0 -1: loading /home/runner/work/substitution/substitution/integration_test/multi_user_correspondence_test.dart
Android Tests (0)	UNKNOWN STEP	2026-02-25T20:10:11.3274839Z Running Gradle task 'assembleDebug'...                             33.7s
Android Tests (0)	UNKNOWN STEP	2026-02-25T20:10:12.4485580Z ✓ Built build/app/outputs/flutter-apk/app-debug.apk
Android Tests (0)	UNKNOWN STEP	2026-02-25T20:10:29.4823794Z Installing build/app/outputs/flutter-apk/app-debug.apk...          16.6s
Android Tests (0)	UNKNOWN STEP	2026-02-25T20:11:16.5366910Z 04:11 +0 -1: /home/runner/work/substitution/substitution/integration_test/multi_user_correspondence_test.dart: (setUpAll)
Android Tests (0)	UNKNOWN STEP	2026-02-25T20:11:17.2490077Z 04:12 +0 -1: /home/runner/work/substitution/substitution/integration_test/multi_user_correspondence_test.dart: Multi-User Correspondence with Real Matrix Server STRICT: Two users can see messages from each other in shared room
Android Tests (0)	UNKNOWN STEP	2026-02-25T20:11:30.2543537Z Waiting for globalMatrixClient to be initialized...
Android Tests (0)	UNKNOWN STEP	2026-02-25T20:11:33.2415745Z [90m[🌎 Easy Localization] [DEBUG] Localization initialized[0m
Android Tests (0)	UNKNOWN STEP	2026-02-25T20:11:33.3387914Z [Matrix] [32mInitialize client Substitution[0m
Android Tests (0)	UNKNOWN STEP	2026-02-25T20:11:33.6021419Z [Matrix] [32mUser is not logged in.[0m
Android Tests (0)	UNKNOWN STEP	2026-02-25T20:11:33.8419483Z [90m[🌎 Easy Localization] [DEBUG] Start[0m
Android Tests (0)	UNKNOWN STEP	2026-02-25T20:11:34.2928357Z [90m[🌎 Easy Localization] [DEBUG] Init state[0m
Android Tests (0)	UNKNOWN STEP	2026-02-25T20:11:34.3598549Z [90m[🌎 Easy Localization] [DEBUG] Build[0m
Android Tests (0)	UNKNOWN STEP	2026-02-25T20:11:34.3861097Z [90m[🌎 Easy Localization] [DEBUG] Init Localization Delegate[0m
Android Tests (0)	UNKNOWN STEP	2026-02-25T20:11:34.4128058Z [90m[🌎 Easy Localization] [DEBUG] Init provider[0m
Android Tests (0)	UNKNOWN STEP	2026-02-25T20:11:39.8026528Z [90m[🌎 Easy Localization] [DEBUG] Load Localization Delegate[0m
Android Tests (0)	UNKNOWN STEP	2026-02-25T20:11:39.8777770Z [90m[🌎 Easy Localization] [DEBUG] Load asset from assets/translations[0m
Android Tests (0)	UNKNOWN STEP	2026-02-25T20:11:43.7272112Z globalMatrixClient initialized!
Android Tests (0)	UNKNOWN STEP	2026-02-25T20:11:43.7643440Z Android detected: Translated localhost to http://10.0.2.2:8008
Android Tests (0)	UNKNOWN STEP	2026-02-25T20:11:43.7921018Z Step 1: Checking for Age Gate, Intro, or Login fields...
Android Tests (0)	UNKNOWN STEP	2026-02-25T20:11:44.4272036Z [90m[🌎 Easy Localization] [DEBUG] Build[0m
Android Tests (0)	UNKNOWN STEP	2026-02-25T20:11:44.4417361Z [90m[🌎 Easy Localization] [DEBUG] Init Localization Delegate[0m
Android Tests (0)	UNKNOWN STEP	2026-02-25T20:11:44.4819278Z [90m[🌎 Easy Localization] [DEBUG] Init provider[0m
Android Tests (0)	UNKNOWN STEP	2026-02-25T20:12:05.2597878Z Found screen! AgeGate: false, Intro: true, Username: false, Host: false
Android Tests (0)	UNKNOWN STEP	2026-02-25T20:12:05.3190138Z Step 2: Navigating through onboarding...
Android Tests (0)	UNKNOWN STEP	2026-02-25T20:12:08.8492759Z Tapping Next button at step 0...
Android Tests (0)	UNKNOWN STEP	2026-02-25T20:12:17.7467073Z Tapping Next button at step 1...
Android Tests (0)	UNKNOWN STEP	2026-02-25T20:12:28.7293372Z Reached target page at step 2. Host: true, Username: false
Android Tests (0)	UNKNOWN STEP	2026-02-25T20:12:28.7530944Z Onboarding navigation complete.
Android Tests (0)	UNKNOWN STEP	2026-02-25T20:12:28.7727568Z Step 3: Entering host URL: http://10.0.2.2:8008
Android Tests (0)	UNKNOWN STEP	2026-02-25T20:12:38.0547638Z Tapping host submit button...
Android Tests (0)	UNKNOWN STEP	2026-02-25T20:12:42.9435755Z Waiting for login page to appear...
Android Tests (0)	UNKNOWN STEP	2026-02-25T20:13:00.4680475Z Login page reached.
Android Tests (0)	UNKNOWN STEP	2026-02-25T20:13:00.4799841Z Step 4: Looking for login fields...
Android Tests (0)	UNKNOWN STEP	2026-02-25T20:13:00.5618174Z Entering username: testuser1
Android Tests (0)	UNKNOWN STEP	2026-02-25T20:13:05.3588651Z Entering password...
Android Tests (0)	UNKNOWN STEP	2026-02-25T20:13:09.5456871Z Tapping login submit button...
Android Tests (0)	UNKNOWN STEP	2026-02-25T20:13:12.5953851Z Step 5: Waiting for finished page (introGoButton)...
Android Tests (0)	UNKNOWN STEP	2026-02-25T20:13:20.6201281Z 06:15 +0 -2: /home/runner/work/substitution/substitution/integration_test/multi_user_correspondence_test.dart: Multi-User Correspondence with Real Matrix Server STRICT: Two users can see messages from each other in shared room [E]
Android Tests (0)	UNKNOWN STEP	2026-02-25T20:13:20.6203949Z   TimeoutException after 0:02:00.000000: Test timed out after 2 minutes.
Android Tests (0)	UNKNOWN STEP	2026-02-25T20:13:20.6205051Z   dart:isolate  _RawReceivePort._handleMessage
Android Tests (0)	UNKNOWN STEP	2026-02-25T20:13:20.6205629Z   
Android Tests (0)	UNKNOWN STEP	2026-02-25T20:13:21.2930818Z   'package:flutter_test/src/binding.dart': Failed assertion: line 2781 pos 12: '_pendingFrame == null': is not true.
Android Tests (0)	UNKNOWN STEP	2026-02-25T20:13:21.2932061Z   dart:core                                                                  _AssertionError._throwNew
Android Tests (0)	UNKNOWN STEP	2026-02-25T20:13:21.2933461Z   package:flutter_test/src/binding.dart 2781:12                              LiveTestWidgetsFlutterBinding.postTest
Android Tests (0)	UNKNOWN STEP	2026-02-25T20:13:21.2934458Z   ===== asynchronous gap ===========================
Android Tests (0)	UNKNOWN STEP	2026-02-25T20:13:21.2935215Z   package:stream_channel                                                     _GuaranteeSink.add
Android Tests (0)	UNKNOWN STEP	2026-02-25T20:13:21.2936064Z   tmp/flutter_tools.HQNVAG/flutter_test_listener.KMHSRO/listener.dart 56:22  main.<fn>
Android Tests (0)	UNKNOWN STEP	2026-02-25T20:13:21.2936565Z   
Android Tests (0)	UNKNOWN STEP	2026-02-25T20:13:23.7568687Z 06:19 +0 -2: /home/runner/work/substitution/substitution/integration_test/multi_user_correspondence_test.dart: (tearDownAll)
Android Tests (0)	UNKNOWN STEP	2026-02-25T20:13:29.3145491Z 06:24 +0 -2: loading /home/runner/work/substitution/substitution/integration_test/feed_merging_test.dart
Android Tests (0)	UNKNOWN STEP	2026-02-25T20:14:02.1719342Z Running Gradle task 'assembleDebug'...                             32.8s
Android Tests (0)	UNKNOWN STEP	2026-02-25T20:14:03.0744873Z ✓ Built build/app/outputs/flutter-apk/app-debug.apk
Android Tests (0)	UNKNOWN STEP	2026-02-25T20:14:17.0964789Z Installing build/app/outputs/flutter-apk/app-debug.apk...          13.5s
Android Tests (0)	UNKNOWN STEP	2026-02-25T20:15:05.6202460Z 08:00 +0 -2: loading /home/runner/work/substitution/substitution/integration_test/followfeeds_with_matrix_test.dart
Android Tests (0)	UNKNOWN STEP	2026-02-25T20:15:37.8927314Z Running Gradle task 'assembleDebug'...                             32.2s
Android Tests (0)	UNKNOWN STEP	2026-02-25T20:15:38.7777744Z ✓ Built build/app/outputs/flutter-apk/app-debug.apk
Android Tests (0)	UNKNOWN STEP	2026-02-25T20:15:51.7251978Z Installing build/app/outputs/flutter-apk/app-debug.apk...          12.5s
Android Tests (0)	UNKNOWN STEP	2026-02-25T20:16:41.1698165Z 09:36 +0 -2: loading /home/runner/work/substitution/substitution/integration_test/onboarding_and_login_test.dart
Android Tests (0)	UNKNOWN STEP	2026-02-25T20:17:13.5339914Z Running Gradle task 'assembleDebug'...                             32.3s
Android Tests (0)	UNKNOWN STEP	2026-02-25T20:17:14.4210421Z ✓ Built build/app/outputs/flutter-apk/app-debug.apk
Android Tests (0)	UNKNOWN STEP	2026-02-25T20:17:27.6916611Z Installing build/app/outputs/flutter-apk/app-debug.apk...          12.9s
Android Tests (0)	UNKNOWN STEP	2026-02-25T20:18:20.1318402Z 11:15 +0 -2: loading /home/runner/work/substitution/substitution/integration_test/profile_edit_test.dart
Android Tests (0)	UNKNOWN STEP	2026-02-25T20:18:42.8158010Z Running Gradle task 'assembleDebug'...                             22.7s
Android Tests (0)	UNKNOWN STEP	2026-02-25T20:18:43.7240684Z ✓ Built build/app/outputs/flutter-apk/app-debug.apk
Android Tests (0)	UNKNOWN STEP	2026-02-25T20:18:57.5046385Z Installing build/app/outputs/flutter-apk/app-debug.apk...          12.9s
Android Tests (0)	UNKNOWN STEP	2026-02-25T20:19:39.4629924Z 12:34 +0 -2: loading /home/runner/work/substitution/substitution/integration_test/feed_with_matrix_test.dart
Android Tests (0)	UNKNOWN STEP	2026-02-25T20:20:11.8852051Z Running Gradle task 'assembleDebug'...                             32.4s
Android Tests (0)	UNKNOWN STEP	2026-02-25T20:20:13.0421471Z ✓ Built build/app/outputs/flutter-apk/app-debug.apk
Android Tests (0)	UNKNOWN STEP	2026-02-25T20:20:29.8877982Z Installing build/app/outputs/flutter-apk/app-debug.apk...          16.4s
Android Tests (0)	UNKNOWN STEP	2026-02-25T20:21:16.4380526Z 14:11 +0 -2: /home/runner/work/substitution/substitution/integration_test/feed_with_matrix_test.dart: (setUpAll)
Android Tests (0)	UNKNOWN STEP	2026-02-25T20:21:17.2664311Z 14:12 +0 -2: /home/runner/work/substitution/substitution/integration_test/feed_with_matrix_test.dart: Feed with Real Matrix Server Display unified feed from multiple rooms
Android Tests (0)	UNKNOWN STEP	2026-02-25T20:21:30.9065445Z Waiting for globalMatrixClient to be initialized...
Android Tests (0)	UNKNOWN STEP	2026-02-25T20:21:34.4588545Z [90m[🌎 Easy Localization] [DEBUG] Localization initialized[0m
Android Tests (0)	UNKNOWN STEP	2026-02-25T20:21:34.6196670Z [Matrix] [32mInitialize client Substitution[0m
Android Tests (0)	UNKNOWN STEP	2026-02-25T20:21:34.8810141Z [Matrix] [32mUser is not logged in.[0m
Android Tests (0)	UNKNOWN STEP	2026-02-25T20:21:35.0496236Z [90m[🌎 Easy Localization] [DEBUG] Start[0m
Android Tests (0)	UNKNOWN STEP	2026-02-25T20:21:35.4116408Z [90m[🌎 Easy Localization] [DEBUG] Init state[0m
Android Tests (0)	UNKNOWN STEP	2026-02-25T20:21:35.4726987Z [90m[🌎 Easy Localization] [DEBUG] Build[0m
Android Tests (0)	UNKNOWN STEP	2026-02-25T20:21:35.4898404Z [90m[🌎 Easy Localization] [DEBUG] Init Localization Delegate[0m
Android Tests (0)	UNKNOWN STEP	2026-02-25T20:21:35.5122498Z [90m[🌎 Easy Localization] [DEBUG] Init provider[0m
Android Tests (0)	UNKNOWN STEP	2026-02-25T20:21:40.4463342Z [90m[🌎 Easy Localization] [DEBUG] Load Localization Delegate[0m
Android Tests (0)	UNKNOWN STEP	2026-02-25T20:21:40.5196748Z [90m[🌎 Easy Localization] [DEBUG] Load asset from assets/translations[0m
Android Tests (0)	UNKNOWN STEP	2026-02-25T20:21:44.3059589Z globalMatrixClient initialized!
Android Tests (0)	UNKNOWN STEP	2026-02-25T20:21:44.3618012Z Android detected: Translated localhost to http://10.0.2.2:8008
Android Tests (0)	UNKNOWN STEP	2026-02-25T20:21:44.3752536Z Step 1: Checking for Age Gate, Intro, or Login fields...
Android Tests (0)	UNKNOWN STEP	2026-02-25T20:21:44.9204793Z [90m[🌎 Easy Localization] [DEBUG] Build[0m
Android Tests (0)	UNKNOWN STEP	2026-02-25T20:21:44.9455193Z [90m[🌎 Easy Localization] [DEBUG] Init Localization Delegate[0m
Android Tests (0)	UNKNOWN STEP	2026-02-25T20:21:44.9546430Z [90m[🌎 Easy Localization] [DEBUG] Init provider[0m
Android Tests (0)	UNKNOWN STEP	2026-02-25T20:22:04.3871301Z Found screen! AgeGate: false, Intro: true, Username: false, Host: false
Android Tests (0)	UNKNOWN STEP	2026-02-25T20:22:04.4306113Z Step 2: Navigating through onboarding...
Android Tests (0)	UNKNOWN STEP	2026-02-25T20:22:08.6270276Z Tapping Next button at step 0...
Android Tests (0)	UNKNOWN STEP	2026-02-25T20:22:17.9222724Z Tapping Next button at step 1...
Android Tests (0)	UNKNOWN STEP	2026-02-25T20:22:27.8042801Z Reached target page at step 2. Host: true, Username: false
Android Tests (0)	UNKNOWN STEP	2026-02-25T20:22:27.8115012Z Onboarding navigation complete.
Android Tests (0)	UNKNOWN STEP	2026-02-25T20:22:27.8326141Z Step 3: Entering host URL: http://10.0.2.2:8008
Android Tests (0)	UNKNOWN STEP	2026-02-25T20:22:38.7806696Z Tapping host submit button...
Android Tests (0)	UNKNOWN STEP	2026-02-25T20:22:43.3573945Z Waiting for login page to appear...
Android Tests (0)	UNKNOWN STEP	2026-02-25T20:23:01.1105960Z Login page reached.
Android Tests (0)	UNKNOWN STEP	2026-02-25T20:23:01.1249161Z Step 4: Looking for login fields...
Android Tests (0)	UNKNOWN STEP	2026-02-25T20:23:01.2163930Z Entering username: testuser1
Android Tests (0)	UNKNOWN STEP	2026-02-25T20:23:06.0244464Z Entering password...
Android Tests (0)	UNKNOWN STEP	2026-02-25T20:23:10.2276978Z Tapping login submit button...
Android Tests (0)	UNKNOWN STEP	2026-02-25T20:23:13.0285538Z Step 5: Waiting for finished page (introGoButton)...
Android Tests (0)	UNKNOWN STEP	2026-02-25T20:23:19.2588704Z 16:14 +0 -3: /home/runner/work/substitution/substitution/integration_test/feed_with_matrix_test.dart: Feed with Real Matrix Server Display unified feed from multiple rooms [E]
Android Tests (0)	UNKNOWN STEP	2026-02-25T20:23:19.2591009Z   TimeoutException after 0:02:00.000000: Test timed out after 2 minutes.
Android Tests (0)	UNKNOWN STEP	2026-02-25T20:23:19.2592008Z   dart:isolate  _RawReceivePort._handleMessage
Android Tests (0)	UNKNOWN STEP	2026-02-25T20:23:19.2592649Z   
Android Tests (0)	UNKNOWN STEP	2026-02-25T20:23:19.9659019Z   'package:flutter_test/src/binding.dart': Failed assertion: line 2781 pos 12: '_pendingFrame == null': is not true.
Android Tests (0)	UNKNOWN STEP	2026-02-25T20:23:19.9660869Z   dart:core                                                                  _AssertionError._throwNew
Android Tests (0)	UNKNOWN STEP	2026-02-25T20:23:19.9662292Z   package:flutter_test/src/binding.dart 2781:12                              LiveTestWidgetsFlutterBinding.postTest
Android Tests (0)	UNKNOWN STEP	2026-02-25T20:23:19.9664152Z   ===== asynchronous gap ===========================
Android Tests (0)	UNKNOWN STEP	2026-02-25T20:23:19.9664905Z   package:stream_channel                                                     _GuaranteeSink.add
Android Tests (0)	UNKNOWN STEP	2026-02-25T20:23:19.9665858Z   tmp/flutter_tools.HQNVAG/flutter_test_listener.UKPBIR/listener.dart 56:22  main.<fn>
Android Tests (0)	UNKNOWN STEP	2026-02-25T20:23:19.9666570Z   
Android Tests (0)	UNKNOWN STEP	2026-02-25T20:23:38.4362611Z   'package:flutter_test/src/binding.dart': Failed assertion: line 1639 pos 14: '_parentZone != null': is not true.
Android Tests (0)	UNKNOWN STEP	2026-02-25T20:23:38.4368498Z   dart:core                                                   _AssertionError._throwNew
Android Tests (0)	UNKNOWN STEP	2026-02-25T20:23:38.4369603Z   package:flutter_test/src/binding.dart 1639:14               TestWidgetsFlutterBinding._runTest.handleUncaughtError
Android Tests (0)	UNKNOWN STEP	2026-02-25T20:23:38.4370871Z   package:flutter_test/src/binding.dart 1650:13               TestWidgetsFlutterBinding._runTest.<fn>
Android Tests (0)	UNKNOWN STEP	2026-02-25T20:23:38.4371407Z   ===== asynchronous gap ===========================
Android Tests (0)	UNKNOWN STEP	2026-02-25T20:23:38.4371782Z   dart:async                                                  scheduleMicrotask
Android Tests (0)	UNKNOWN STEP	2026-02-25T20:23:38.4372292Z   package:flutter/src/widgets/focus_manager.dart 1931:5       FocusManager._markNeedsUpdate
Android Tests (0)	UNKNOWN STEP	2026-02-25T20:23:38.4372892Z   package:flutter/src/widgets/focus_manager.dart 1908:7       FocusManager._markNextFocus
Android Tests (0)	UNKNOWN STEP	2026-02-25T20:23:38.4373866Z   package:flutter/src/widgets/focus_manager.dart 994:17       FocusNode._markNextFocus
Android Tests (0)	UNKNOWN STEP	2026-02-25T20:23:38.4374457Z   package:flutter/src/widgets/focus_manager.dart 1510:9       FocusScopeNode._doRequestFocus
Android Tests (0)	UNKNOWN STEP	2026-02-25T20:23:38.4375047Z   package:flutter/src/widgets/focus_manager.dart 1457:13      FocusScopeNode.setFirstFocus
Android Tests (0)	UNKNOWN STEP	2026-02-25T20:23:38.4375659Z   package:flutter/src/widgets/routes.dart 1140:50             _ModalScopeState._updateFocusScopeNode
Android Tests (0)	UNKNOWN STEP	2026-02-25T20:23:38.4391014Z   package:flutter/src/widgets/routes.dart 1119:5              _ModalScopeState.didChangeDependencies
Android Tests (0)	UNKNOWN STEP	2026-02-25T20:23:38.4391779Z   package:flutter/src/widgets/framework.dart 5968:11          StatefulElement._firstBuild
Android Tests (0)	UNKNOWN STEP	2026-02-25T20:23:38.4392624Z   package:flutter/src/widgets/framework.dart 5793:5           ComponentElement.mount
Android Tests (0)	UNKNOWN STEP	2026-02-25T20:23:38.4393603Z   package:flutter/src/widgets/framework.dart 4587:20          Element.inflateWidget
Android Tests (0)	UNKNOWN STEP	2026-02-25T20:23:38.4394568Z   package:flutter/src/widgets/framework.dart 4059:18          Element.updateChild
Android Tests (0)	UNKNOWN STEP	2026-02-25T20:23:38.4395529Z   package:flutter/src/widgets/framework.dart 7115:14          SingleChildRenderObjectElement.mount
Android Tests (0)	UNKNOWN STEP	2026-02-25T20:23:38.4396555Z   package:flutter/src/widgets/framework.dart 4587:20          Element.inflateWidget
Android Tests (0)	UNKNOWN STEP	2026-02-25T20:23:38.4397461Z   package:flutter/src/widgets/framework.dart 4059:18          Element.updateChild
Android Tests (0)	UNKNOWN STEP	2026-02-25T20:23:38.4398425Z   package:flutter/src/widgets/framework.dart 5841:16          ComponentElement.performRebuild
Android Tests (0)	UNKNOWN STEP	2026-02-25T20:23:38.4399339Z   package:flutter/src/widgets/framework.dart 5529:7           Element.rebuild
Android Tests (0)	UNKNOWN STEP	2026-02-25T20:23:38.4400147Z   package:flutter/src/widgets/framework.dart 5799:5           ComponentElement._firstBuild
Android Tests (0)	UNKNOWN STEP	2026-02-25T20:23:38.4400708Z   package:flutter/src/widgets/framework.dart 5793:5           ComponentElement.mount
Android Tests (0)	UNKNOWN STEP	2026-02-25T20:23:38.4401243Z   package:flutter/src/widgets/framework.dart 4587:20          Element.inflateWidget
Android Tests (0)	UNKNOWN STEP	2026-02-25T20:23:38.4401765Z   package:flutter/src/widgets/framework.dart 4059:18          Element.updateChild
Android Tests (0)	UNKNOWN STEP	2026-02-25T20:23:38.4402321Z   package:flutter/src/widgets/framework.dart 5841:16          ComponentElement.performRebuild
Android Tests (0)	UNKNOWN STEP	2026-02-25T20:23:38.4402879Z   package:flutter/src/widgets/framework.dart 5529:7           Element.rebuild
Android Tests (0)	UNKNOWN STEP	2026-02-25T20:23:38.4403673Z   package:flutter/src/widgets/framework.dart 5799:5           ComponentElement._firstBuild
Android Tests (0)	UNKNOWN STEP	2026-02-25T20:23:38.4404235Z   package:flutter/src/widgets/framework.dart 5793:5           ComponentElement.mount
Android Tests (0)	UNKNOWN STEP	2026-02-25T20:23:38.4404765Z   package:flutter/src/widgets/framework.dart 4587:20          Element.inflateWidget
Android Tests (0)	UNKNOWN STEP	2026-02-25T20:23:38.4405284Z   package:flutter/src/widgets/framework.dart 4059:18          Element.updateChild
Android Tests (0)	UNKNOWN STEP	2026-02-25T20:23:38.4405834Z   package:flutter/src/widgets/framework.dart 5841:16          ComponentElement.performRebuild
Android Tests (0)	UNKNOWN STEP	2026-02-25T20:23:38.4406372Z   package:flutter/src/widgets/framework.dart 5529:7           Element.rebuild
Android Tests (0)	UNKNOWN STEP	2026-02-25T20:23:38.4406887Z   package:flutter/src/widgets/framework.dart 5799:5           ComponentElement._firstBuild
Android Tests (0)	UNKNOWN STEP	2026-02-25T20:23:38.4407433Z   package:flutter/src/widgets/framework.dart 5793:5           ComponentElement.mount
Android Tests (0)	UNKNOWN STEP	2026-02-25T20:23:38.4408122Z   package:flutter/src/widgets/framework.dart 4587:20          Element.inflateWidget
Android Tests (0)	UNKNOWN STEP	2026-02-25T20:23:38.4408656Z   package:flutter/src/widgets/framework.dart 4059:18          Element.updateChild
Android Tests (0)	UNKNOWN STEP	2026-02-25T20:23:38.4409204Z   package:flutter/src/widgets/framework.dart 5841:16          ComponentElement.performRebuild
Android Tests (0)	UNKNOWN STEP	2026-02-25T20:23:38.4409801Z   package:flutter/src/widgets/framework.dart 5982:11          StatefulElement.performRebuild
Android Tests (0)	UNKNOWN STEP	2026-02-25T20:23:38.4410340Z   package:flutter/src/widgets/framework.dart 5529:7           Element.rebuild
Android Tests (0)	UNKNOWN STEP	2026-02-25T20:23:38.4410855Z   package:flutter/src/widgets/framework.dart 5799:5           ComponentElement._firstBuild
Android Tests (0)	UNKNOWN STEP	2026-02-25T20:23:38.4411419Z   package:flutter/src/widgets/framework.dart 5973:11          StatefulElement._firstBuild
Android Tests (0)	UNKNOWN STEP	2026-02-25T20:23:38.4411965Z   package:flutter/src/widgets/framework.dart 5793:5           ComponentElement.mount
Android Tests (0)	UNKNOWN STEP	2026-02-25T20:23:38.4412500Z   package:flutter/src/widgets/framework.dart 4587:20          Element.inflateWidget
Android Tests (0)	UNKNOWN STEP	2026-02-25T20:23:38.4413228Z   package:flutter/src/widgets/framework.dart 4059:18          Element.updateChild
Android Tests (0)	UNKNOWN STEP	2026-02-25T20:23:38.4413780Z   package:flutter/src/widgets/framework.dart 5841:16          ComponentElement.performRebuild
Android Tests (0)	UNKNOWN STEP	2026-02-25T20:23:38.4414371Z   package:flutter/src/widgets/framework.dart 5982:11          StatefulElement.performRebuild
Android Tests (0)	UNKNOWN STEP	2026-02-25T20:23:38.4414908Z   package:flutter/src/widgets/framework.dart 5529:7           Element.rebuild
Android Tests (0)	UNKNOWN STEP	2026-02-25T20:23:38.4415427Z   package:flutter/src/widgets/framework.dart 5799:5           ComponentElement._firstBuild
Android Tests (0)	UNKNOWN STEP	2026-02-25T20:23:38.4415989Z   package:flutter/src/widgets/framework.dart 5973:11          StatefulElement._firstBuild
Android Tests (0)	UNKNOWN STEP	2026-02-25T20:23:38.4416532Z   package:flutter/src/widgets/framework.dart 5793:5           ComponentElement.mount
Android Tests (0)	UNKNOWN STEP	2026-02-25T20:23:38.4417058Z   package:flutter/src/widgets/framework.dart 4587:20          Element.inflateWidget
Android Tests (0)	UNKNOWN STEP	2026-02-25T20:23:38.4417656Z   package:flutter/src/widgets/framework.dart 7264:36          MultiChildRenderObjectElement.inflateWidget
Android Tests (0)	UNKNOWN STEP	2026-02-25T20:23:38.4418249Z   package:flutter/src/widgets/framework.dart 4059:18          Element.updateChild
Android Tests (0)	UNKNOWN STEP	2026-02-25T20:23:38.4418763Z   package:flutter/src/widgets/framework.dart 4255:32          Element.updateChildren
Android Tests (0)	UNKNOWN STEP	2026-02-25T20:23:38.4419344Z   package:flutter/src/widgets/framework.dart 7295:17          MultiChildRenderObjectElement.update
Android Tests (0)	UNKNOWN STEP	2026-02-25T20:23:38.4420062Z   package:flutter/src/widgets/framework.dart 4037:15          Element.updateChild
Android Tests (0)	UNKNOWN STEP	2026-02-25T20:23:38.4420615Z   package:flutter/src/widgets/framework.dart 5841:16          ComponentElement.performRebuild
Android Tests (0)	UNKNOWN STEP	2026-02-25T20:23:38.4421206Z   package:flutter/src/widgets/framework.dart 5982:11          StatefulElement.performRebuild
Android Tests (0)	UNKNOWN STEP	2026-02-25T20:23:38.4421738Z   package:flutter/src/widgets/framework.dart 5529:7           Element.rebuild
Android Tests (0)	UNKNOWN STEP	2026-02-25T20:23:38.4422237Z   package:flutter/src/widgets/framework.dart 6007:5           StatefulElement.update
Android Tests (0)	UNKNOWN STEP	2026-02-25T20:23:38.4422757Z   package:flutter/src/widgets/framework.dart 4037:15          Element.updateChild
Android Tests (0)	UNKNOWN STEP	2026-02-25T20:23:38.4423611Z   package:flutter/src/widgets/framework.dart 5841:16          ComponentElement.performRebuild
Android Tests (0)	UNKNOWN STEP	2026-02-25T20:23:38.4424160Z   package:flutter/src/widgets/framework.dart 5529:7           Element.rebuild
Android Tests (0)	UNKNOWN STEP	2026-02-25T20:23:38.4424654Z   package:flutter/src/widgets/framework.dart 6149:5           ProxyElement.update
Android Tests (0)	UNKNOWN STEP	2026-02-25T20:23:38.4425171Z   package:flutter/src/widgets/framework.dart 4037:15          Element.updateChild
Android Tests (0)	UNKNOWN STEP	2026-02-25T20:23:38.4425724Z   package:flutter/src/widgets/framework.dart 5841:16          ComponentElement.performRebuild
Android Tests (0)	UNKNOWN STEP	2026-02-25T20:23:38.4426267Z   package:flutter/src/widgets/framework.dart 5529:7           Element.rebuild
Android Tests (0)	UNKNOWN STEP	2026-02-25T20:23:38.4426749Z   package:flutter/src/widgets/framework.dart 6149:5           ProxyElement.update
Android Tests (0)	UNKNOWN STEP	2026-02-25T20:23:38.4427310Z   package:flutter/src/widgets/inherited_notifier.dart 108:11  _InheritedNotifierElement.update
Android Tests (0)	UNKNOWN STEP	2026-02-25T20:23:38.4427999Z   package:flutter/src/widgets/framework.dart 4037:15          Element.updateChild
Android Tests (0)	UNKNOWN STEP	2026-02-25T20:23:38.4428554Z   package:flutter/src/widgets/framework.dart 5841:16          ComponentElement.performRebuild
Android Tests (0)	UNKNOWN STEP	2026-02-25T20:23:38.4429147Z   package:flutter/src/widgets/framework.dart 5982:11          StatefulElement.performRebuild
Android Tests (0)	UNKNOWN STEP	2026-02-25T20:23:38.4429680Z   package:flutter/src/widgets/framework.dart 5529:7           Element.rebuild
Android Tests (0)	UNKNOWN STEP	2026-02-25T20:23:38.4430186Z   package:flutter/src/widgets/framework.dart 6007:5           StatefulElement.update
Android Tests (0)	UNKNOWN STEP	2026-02-25T20:23:38.4430701Z   package:flutter/src/widgets/framework.dart 4037:15          Element.updateChild
Android Tests (0)	UNKNOWN STEP	2026-02-25T20:23:38.4431242Z   package:flutter/src/widgets/framework.dart 5841:16          ComponentElement.performRebuild
Android Tests (0)	UNKNOWN STEP	2026-02-25T20:23:38.4431776Z   package:flutter/src/widgets/framework.dart 5529:7           Element.rebuild
Android Tests (0)	UNKNOWN STEP	2026-02-25T20:23:38.4432257Z   package:flutter/src/widgets/framework.dart 6149:5           ProxyElement.update
Android Tests (0)	UNKNOWN STEP	2026-02-25T20:23:38.4432820Z   package:flutter/src/widgets/inherited_notifier.dart 108:11  _InheritedNotifierElement.update
Android Tests (0)	UNKNOWN STEP	2026-02-25T20:23:38.4433664Z   package:flutter/src/widgets/framework.dart 4037:15          Element.updateChild
Android Tests (0)	UNKNOWN STEP	2026-02-25T20:23:38.4434214Z   package:flutter/src/widgets/framework.dart 5841:16          ComponentElement.performRebuild
Android Tests (0)	UNKNOWN STEP	2026-02-25T20:23:38.4434827Z   package:flutter/src/widgets/framework.dart 5982:11          StatefulElement.performRebuild
Android Tests (0)	UNKNOWN STEP	2026-02-25T20:23:38.4435378Z   package:flutter/src/widgets/framework.dart 5529:7           Element.rebuild
Android Tests (0)	UNKNOWN STEP	2026-02-25T20:23:38.4435876Z   package:flutter/src/widgets/framework.dart 6007:5           StatefulElement.update
Android Tests (0)	UNKNOWN STEP	2026-02-25T20:23:38.4436398Z   package:flutter/src/widgets/framework.dart 4037:15          Element.updateChild
Android Tests (0)	UNKNOWN STEP	2026-02-25T20:23:38.4436944Z   package:flutter/src/widgets/framework.dart 5841:16          ComponentElement.performRebuild
Android Tests (0)	UNKNOWN STEP	2026-02-25T20:23:38.4437538Z   package:flutter/src/widgets/framework.dart 5982:11          StatefulElement.performRebuild
Android Tests (0)	UNKNOWN STEP	2026-02-25T20:23:38.4438069Z   package:flutter/src/widgets/framework.dart 5529:7           Element.rebuild
Android Tests (0)	UNKNOWN STEP	2026-02-25T20:23:38.4438567Z   package:flutter/src/widgets/framework.dart 6007:5           StatefulElement.update
Android Tests (0)	UNKNOWN STEP	2026-02-25T20:23:38.4439082Z   package:flutter/src/widgets/framework.dart 4037:15          Element.updateChild
Android Tests (0)	UNKNOWN STEP	2026-02-25T20:23:38.4439646Z   package:flutter/src/widgets/framework.dart 7122:14          SingleChildRenderObjectElement.update
Android Tests (0)	UNKNOWN STEP	2026-02-25T20:23:38.4440353Z   package:flutter/src/widgets/framework.dart 4037:15          Element.updateChild
Android Tests (0)	UNKNOWN STEP	2026-02-25T20:23:38.4440921Z   package:flutter/src/widgets/framework.dart 7122:14          SingleChildRenderObjectElement.update
Android Tests (0)	UNKNOWN STEP	2026-02-25T20:23:38.4441489Z   package:flutter/src/widgets/framework.dart 4037:15          Element.updateChild
Android Tests (0)	UNKNOWN STEP	2026-02-25T20:23:38.4442031Z   package:flutter/src/widgets/framework.dart 5841:16          ComponentElement.performRebuild
Android Tests (0)	UNKNOWN STEP	2026-02-25T20:23:38.4442571Z   package:flutter/src/widgets/framework.dart 5529:7           Element.rebuild
Android Tests (0)	UNKNOWN STEP	2026-02-25T20:23:38.4443274Z   package:flutter/src/widgets/framework.dart 6149:5           ProxyElement.update
Android Tests (0)	UNKNOWN STEP	2026-02-25T20:23:38.4443784Z   package:flutter/src/widgets/framework.dart 4037:15          Element.updateChild
Android Tests (0)	UNKNOWN STEP	2026-02-25T20:23:38.4444329Z   package:flutter/src/widgets/framework.dart 5841:16          ComponentElement.performRebuild
Android Tests (0)	UNKNOWN STEP	2026-02-25T20:23:38.4444869Z   package:flutter/src/widgets/framework.dart 5529:7           Element.rebuild
Android Tests (0)	UNKNOWN STEP	2026-02-25T20:23:38.4445355Z   package:flutter/src/widgets/framework.dart 6149:5           ProxyElement.update
Android Tests (0)	UNKNOWN STEP	2026-02-25T20:23:38.4445855Z   package:flutter/src/widgets/framework.dart 4037:15          Element.updateChild
Android Tests (0)	UNKNOWN STEP	2026-02-25T20:23:38.4446397Z   package:flutter/src/widgets/framework.dart 5841:16          ComponentElement.performRebuild
Android Tests (0)	UNKNOWN STEP	2026-02-25T20:23:38.4446986Z   package:flutter/src/widgets/framework.dart 5982:11          StatefulElement.performRebuild
Android Tests (0)	UNKNOWN STEP	2026-02-25T20:23:38.4447642Z   package:flutter/src/widgets/framework.dart 5529:7           Element.rebuild
Android Tests (0)	UNKNOWN STEP	2026-02-25T20:23:38.4448145Z   package:flutter/src/widgets/framework.dart 6007:5           StatefulElement.update
Android Tests (0)	UNKNOWN STEP	2026-02-25T20:23:38.4448652Z   package:flutter/src/widgets/framework.dart 4037:15          Element.updateChild
Android Tests (0)	UNKNOWN STEP	2026-02-25T20:23:38.4449193Z   package:flutter/src/widgets/framework.dart 5841:16          ComponentElement.performRebuild
Android Tests (0)	UNKNOWN STEP	2026-02-25T20:23:38.4449728Z   package:flutter/src/widgets/framework.dart 5529:7           Element.rebuild
Android Tests (0)	UNKNOWN STEP	2026-02-25T20:23:38.4450210Z   package:flutter/src/widgets/framework.dart 6149:5           ProxyElement.update
Android Tests (0)	UNKNOWN STEP	2026-02-25T20:23:38.4450709Z   package:flutter/src/widgets/framework.dart 4037:15          Element.updateChild
Android Tests (0)	UNKNOWN STEP	2026-02-25T20:23:38.4451251Z   package:flutter/src/widgets/framework.dart 5841:16          ComponentElement.performRebuild
Android Tests (0)	UNKNOWN STEP	2026-02-25T20:23:38.4451846Z   package:flutter/src/widgets/framework.dart 5529:7           Element.rebuild
Android Tests (0)	UNKNOWN STEP	2026-02-25T20:23:38.4452327Z   package:flutter/src/widgets/framework.dart 6149:5           ProxyElement.update
Android Tests (0)	UNKNOWN STEP	2026-02-25T20:23:38.4452886Z   package:flutter/src/widgets/inherited_notifier.dart 108:11  _InheritedNotifierElement.update
Android Tests (0)	UNKNOWN STEP	2026-02-25T20:23:38.4453693Z   package:flutter/src/widgets/framework.dart 4037:15          Element.updateChild
Android Tests (0)	UNKNOWN STEP	2026-02-25T20:23:38.4454241Z   package:flutter/src/widgets/framework.dart 5841:16          ComponentElement.performRebuild
Android Tests (0)	UNKNOWN STEP	2026-02-25T20:23:38.4454838Z   package:flutter/src/widgets/framework.dart 5982:11          StatefulElement.performRebuild
Android Tests (0)	UNKNOWN STEP	2026-02-25T20:23:38.4455372Z   package:flutter/src/widgets/framework.dart 5529:7           Element.rebuild
Android Tests (0)	UNKNOWN STEP	2026-02-25T20:23:38.4455868Z   package:flutter/src/widgets/framework.dart 6007:5           StatefulElement.update
Android Tests (0)	UNKNOWN STEP	2026-02-25T20:23:38.4456381Z   package:flutter/src/widgets/framework.dart 4037:15          Element.updateChild
Android Tests (0)	UNKNOWN STEP	2026-02-25T20:23:38.4456919Z   package:flutter/src/widgets/framework.dart 5841:16          ComponentElement.performRebuild
Android Tests (0)	UNKNOWN STEP	2026-02-25T20:23:38.4457457Z   package:flutter/src/widgets/framework.dart 5529:7           Element.rebuild
Android Tests (0)	UNKNOWN STEP	2026-02-25T20:23:38.4457942Z   package:flutter/src/widgets/framework.dart 6149:5           ProxyElement.update
Android Tests (0)	UNKNOWN STEP	2026-02-25T20:23:38.4458441Z   package:flutter/src/widgets/framework.dart 4037:15          Element.updateChild
Android Tests (0)	UNKNOWN STEP	2026-02-25T20:23:38.4458981Z   package:flutter/src/widgets/framework.dart 5841:16          ComponentElement.performRebuild
Android Tests (0)	UNKNOWN STEP	2026-02-25T20:23:38.4459720Z   package:flutter/src/widgets/framework.dart 5529:7           Element.rebuild
Android Tests (0)	UNKNOWN STEP	2026-02-25T20:23:38.4460229Z   package:flutter/src/widgets/framework.dart 5895:5           StatelessElement.update
Android Tests (0)	UNKNOWN STEP	2026-02-25T20:23:38.4460753Z   package:flutter/src/widgets/framework.dart 4037:15          Element.updateChild
Android Tests (0)	UNKNOWN STEP	2026-02-25T20:23:38.4461311Z   package:flutter/src/widgets/framework.dart 5841:16          ComponentElement.performRebuild
Android Tests (0)	UNKNOWN STEP	2026-02-25T20:23:38.4461853Z   package:flutter/src/widgets/framework.dart 5529:7           Element.rebuild
Android Tests (0)	UNKNOWN STEP	2026-02-25T20:23:38.4462344Z   package:flutter/src/widgets/framework.dart 6149:5           ProxyElement.update
Android Tests (0)	UNKNOWN STEP	2026-02-25T20:23:38.4462844Z   package:flutter/src/widgets/framework.dart 4037:15          Element.updateChild
Android Tests (0)	UNKNOWN STEP	2026-02-25T20:23:38.4463590Z   package:flutter/src/widgets/framework.dart 5841:16          ComponentElement.performRebuild
Android Tests (0)	UNKNOWN STEP	2026-02-25T20:23:38.4464129Z   package:flutter/src/widgets/framework.dart 5529:7           Element.rebuild
Android Tests (0)	UNKNOWN STEP	2026-02-25T20:23:38.4464624Z   package:flutter/src/widgets/framework.dart 6149:5           ProxyElement.update
Android Tests (0)	UNKNOWN STEP	2026-02-25T20:23:38.4465130Z   package:flutter/src/widgets/framework.dart 4037:15          Element.updateChild
Android Tests (0)	UNKNOWN STEP	2026-02-25T20:23:38.4465679Z   package:flutter/src/widgets/framework.dart 5841:16          ComponentElement.performRebuild
Android Tests (0)	UNKNOWN STEP	2026-02-25T20:23:38.4466271Z   package:flutter/src/widgets/framework.dart 5982:11          StatefulElement.performRebuild
Android Tests (0)	UNKNOWN STEP	2026-02-25T20:23:38.4466804Z   package:flutter/src/widgets/framework.dart 5529:7           Element.rebuild
Android Tests (0)	UNKNOWN STEP	2026-02-25T20:23:38.4467426Z   package:flutter/src/widgets/framework.dart 2750:15          BuildScope._tryRebuild
Android Tests (0)	UNKNOWN STEP	2026-02-25T20:23:38.4467979Z   package:flutter/src/widgets/framework.dart 2807:11          BuildScope._flushDirtyElements
Android Tests (0)	UNKNOWN STEP	2026-02-25T20:23:38.4468533Z   package:flutter/src/widgets/framework.dart 3111:18          BuildOwner.buildScope
Android Tests (0)	UNKNOWN STEP	2026-02-25T20:23:38.4469069Z   package:flutter/src/widgets/binding.dart 1302:21            WidgetsBinding.drawFrame
Android Tests (0)	UNKNOWN STEP	2026-02-25T20:23:38.4469683Z   package:flutter/src/rendering/binding.dart 495:5            RendererBinding._handlePersistentFrameCallback
Android Tests (0)	UNKNOWN STEP	2026-02-25T20:23:38.4470338Z   package:flutter/src/scheduler/binding.dart 1430:15          SchedulerBinding._invokeFrameCallback
Android Tests (0)	UNKNOWN STEP	2026-02-25T20:23:38.4470963Z   package:flutter/src/scheduler/binding.dart 1345:9           SchedulerBinding.handleDrawFrame
Android Tests (0)	UNKNOWN STEP	2026-02-25T20:23:38.4471602Z   package:flutter_test/src/binding.dart 2511:13               LiveTestWidgetsFlutterBinding.handleDrawFrame
Android Tests (0)	UNKNOWN STEP	2026-02-25T20:23:38.4472246Z   package:flutter/src/scheduler/binding.dart 1198:5           SchedulerBinding._handleDrawFrame
Android Tests (0)	UNKNOWN STEP	2026-02-25T20:23:38.4472663Z   
Android Tests (0)	UNKNOWN STEP	2026-02-25T20:23:39.0220471Z 16:34 +0 -3: /home/runner/work/substitution/substitution/integration_test/feed_with_matrix_test.dart: (tearDownAll)
Android Tests (0)	UNKNOWN STEP	2026-02-25T20:23:48.4602830Z 16:43 +0 -3: loading /home/runner/work/substitution/substitution/integration_test/login_debug_test.dart
Android Tests (0)	UNKNOWN STEP	2026-02-25T20:24:19.4801215Z Running Gradle task 'assembleDebug'...                             31.0s
Android Tests (0)	UNKNOWN STEP	2026-02-25T20:24:20.3453141Z ✓ Built build/app/outputs/flutter-apk/app-debug.apk
Android Tests (0)	UNKNOWN STEP	2026-02-25T20:24:34.0095692Z Installing build/app/outputs/flutter-apk/app-debug.apk...          13.2s
Android Tests (0)	UNKNOWN STEP	2026-02-25T20:25:19.7456747Z 18:14 +0 -3: loading /home/runner/work/substitution/substitution/integration_test/profile_view_test.dart
Android Tests (0)	UNKNOWN STEP	2026-02-25T20:25:42.0924699Z Running Gradle task 'assembleDebug'...                             22.3s
Android Tests (0)	UNKNOWN STEP	2026-02-25T20:25:42.9733824Z ✓ Built build/app/outputs/flutter-apk/app-debug.apk
Android Tests (0)	UNKNOWN STEP	2026-02-25T20:25:56.5474617Z Installing build/app/outputs/flutter-apk/app-debug.apk...          12.8s
Android Tests (0)	UNKNOWN STEP	2026-02-25T20:26:29.4188965Z Warning: A tag was used that wasn't specified in dart_test.yaml.
Android Tests (0)	UNKNOWN STEP	2026-02-25T20:26:29.4190961Z   integration was used in the suite itself
Android Tests (0)	UNKNOWN STEP	2026-02-25T20:26:29.4191309Z 
Android Tests (0)	UNKNOWN STEP	2026-02-25T20:26:32.5089014Z 19:27 +0 -3: loading /home/runner/work/substitution/substitution/integration_test/offline_test.dart
Android Tests (0)	UNKNOWN STEP	2026-02-25T20:26:54.9695151Z Running Gradle task 'assembleDebug'...                             22.4s
Android Tests (0)	UNKNOWN STEP	2026-02-25T20:26:55.8631381Z ✓ Built build/app/outputs/flutter-apk/app-debug.apk
Android Tests (0)	UNKNOWN STEP	2026-02-25T20:27:08.7403884Z Installing build/app/outputs/flutter-apk/app-debug.apk...          12.5s
Android Tests (0)	UNKNOWN STEP	2026-02-25T20:27:45.2392730Z Warning: A tag was used that wasn't specified in dart_test.yaml.
Android Tests (0)	UNKNOWN STEP	2026-02-25T20:27:45.2393663Z   integration was used in the suite itself
Android Tests (0)	UNKNOWN STEP	2026-02-25T20:27:45.2393999Z 
Android Tests (0)	UNKNOWN STEP	2026-02-25T20:27:50.7416821Z 20:45 +0 -3: loading /home/runner/work/substitution/substitution/integration_test/comment_nesting_test.dart
Android Tests (0)	UNKNOWN STEP	2026-02-25T20:28:22.3520629Z Running Gradle task 'assembleDebug'...                             31.6s
Android Tests (0)	UNKNOWN STEP	2026-02-25T20:28:23.4991549Z ✓ Built build/app/outputs/flutter-apk/app-debug.apk
Android Tests (0)	UNKNOWN STEP	2026-02-25T20:28:40.3638516Z Installing build/app/outputs/flutter-apk/app-debug.apk...          16.4s
Android Tests (0)	UNKNOWN STEP	2026-02-25T20:29:32.9257971Z 22:28 +0 -3: loading /home/runner/work/substitution/substitution/integration_test/refresh_logic_with_matrix_test.dart
Android Tests (0)	UNKNOWN STEP	2026-02-25T20:30:04.8052698Z Running Gradle task 'assembleDebug'...                             31.9s
Android Tests (0)	UNKNOWN STEP	2026-02-25T20:30:05.9722605Z ✓ Built build/app/outputs/flutter-apk/app-debug.apk
Android Tests (0)	UNKNOWN STEP	2026-02-25T20:30:24.1431694Z Installing build/app/outputs/flutter-apk/app-debug.apk...          17.6s
Android Tests (0)	UNKNOWN STEP	2026-02-25T20:31:12.9142790Z 24:08 +0 -3: loading /home/runner/work/substitution/substitution/integration_test/logout_test.dart
Android Tests (0)	UNKNOWN STEP	2026-02-25T20:31:44.2477243Z Running Gradle task 'assembleDebug'...                             31.3s
Android Tests (0)	UNKNOWN STEP	2026-02-25T20:31:45.1045669Z ✓ Built build/app/outputs/flutter-apk/app-debug.apk
Android Tests (0)	UNKNOWN STEP	2026-02-25T20:31:57.7236009Z Installing build/app/outputs/flutter-apk/app-debug.apk...          12.2s
Android Tests (0)	UNKNOWN STEP	2026-02-25T20:32:42.2122308Z 25:37 +0 -3: loading /home/runner/work/substitution/substitution/integration_test/registration_button_test.dart
Android Tests (0)	UNKNOWN STEP	2026-02-25T20:33:13.3266012Z Running Gradle task 'assembleDebug'...                             31.1s
Android Tests (0)	UNKNOWN STEP	2026-02-25T20:33:14.2232256Z ✓ Built build/app/outputs/flutter-apk/app-debug.apk
Android Tests (0)	UNKNOWN STEP	2026-02-25T20:33:25.3502550Z Installing build/app/outputs/flutter-apk/app-debug.apk...          10.7s
Android Tests (0)	UNKNOWN STEP	2026-02-25T20:33:25.3516368Z Error: ADB exited with exit code -15
Android Tests (0)	UNKNOWN STEP	2026-02-25T20:33:25.3516780Z 
Android Tests (0)	UNKNOWN STEP	2026-02-25T20:33:26.3455385Z Running Gradle task 'assembleDebug'...                          Waiting for current test(s) to finish.
Android Tests (0)	UNKNOWN STEP	2026-02-25T20:33:26.3456327Z Press Control-C again to terminate immediately.
Android Tests (0)	UNKNOWN STEP	2026-02-25T20:33:29.4349422Z 
Android Tests (0)	UNKNOWN STEP	2026-02-25T20:33:29.4405924Z Uninstalling old version...
Android Tests (0)	UNKNOWN STEP	2026-02-25T20:33:37.9761984Z [0;31m[ERROR][0m Android tests failed (exit 124, 3 failed)
Android Tests (0)	UNKNOWN STEP	2026-02-25T20:33:37.9763625Z [0;31m[ERROR][0m Android tests had failures
Android Tests (0)	UNKNOWN STEP	2026-02-25T20:33:37.9766760Z 
Android Tests (0)	UNKNOWN STEP	2026-02-25T20:33:37.9767546Z [1m══════════════════════════════════════════════════════════[0m
Android Tests (0)	UNKNOWN STEP	2026-02-25T20:33:37.9768234Z [1m  Test Results Summary[0m
Android Tests (0)	UNKNOWN STEP	2026-02-25T20:33:37.9768898Z [1m══════════════════════════════════════════════════════════[0m
Android Tests (0)	UNKNOWN STEP	2026-02-25T20:33:37.9769274Z 
Android Tests (0)	UNKNOWN STEP	2026-02-25T20:33:37.9769685Z   TARGET             PASSED   FAILED  SKIPPED   DURATION
Android Tests (0)	UNKNOWN STEP	2026-02-25T20:33:37.9770468Z   ──────────────── ──────── ──────── ──────── ──────────
Android Tests (0)	UNKNOWN STEP	2026-02-25T20:33:37.9771256Z   [0;31mandroid         [0m        0        3        0     40m 5s
Android Tests (0)	UNKNOWN STEP	2026-02-25T20:33:37.9771776Z 
Android Tests (0)	UNKNOWN STEP	2026-02-25T20:33:37.9772529Z   ──────────────── ──────── ──────── ────────
Android Tests (0)	UNKNOWN STEP	2026-02-25T20:33:37.9773363Z   [0;31mTOTAL                   0        3        0[0m
Android Tests (0)	UNKNOWN STEP	2026-02-25T20:33:37.9773727Z 
Android Tests (0)	UNKNOWN STEP	2026-02-25T20:33:37.9773960Z   [0;31m[1mRESULT: FAILED[0m
Android Tests (0)	UNKNOWN STEP	2026-02-25T20:33:37.9774233Z 
Android Tests (0)	UNKNOWN STEP	2026-02-25T20:33:37.9774645Z [1m══════════════════════════════════════════════════════════[0m
Android Tests (0)	UNKNOWN STEP	2026-02-25T20:33:37.9775035Z 
Android Tests (0)	UNKNOWN STEP	2026-02-25T20:33:37.9775306Z [0;34m[INFO][0m Cleaning up...
Android Tests (0)	UNKNOWN STEP	2026-02-25T20:33:38.0100123Z ##[group]Run echo "=== test-results/ ==="
Android Tests (0)	UNKNOWN STEP	2026-02-25T20:33:38.0100696Z [36;1mecho "=== test-results/ ==="[0m
Android Tests (0)	UNKNOWN STEP	2026-02-25T20:33:38.0101321Z [36;1mls -la test-results/ 2>/dev/null || echo "(no test-results dir)"[0m
Android Tests (0)	UNKNOWN STEP	2026-02-25T20:33:38.0101969Z [36;1mfor f in test-results/*.log; do[0m
Android Tests (0)	UNKNOWN STEP	2026-02-25T20:33:38.0102684Z [36;1m  [ -f "$f" ] || continue[0m
Android Tests (0)	UNKNOWN STEP	2026-02-25T20:33:38.0103339Z [36;1m  echo ""[0m
Android Tests (0)	UNKNOWN STEP	2026-02-25T20:33:38.0103668Z [36;1m  echo "=== $f ==="[0m
Android Tests (0)	UNKNOWN STEP	2026-02-25T20:33:38.0104040Z [36;1m  tail -100 "$f"[0m
Android Tests (0)	UNKNOWN STEP	2026-02-25T20:33:38.0104384Z [36;1mdone[0m
Android Tests (0)	UNKNOWN STEP	2026-02-25T20:33:38.1109159Z shell: /usr/bin/bash -e {0}
Android Tests (0)	UNKNOWN STEP	2026-02-25T20:33:38.1109537Z env:
Android Tests (0)	UNKNOWN STEP	2026-02-25T20:33:38.1109788Z   CACHE_VERSION: v1
Android Tests (0)	UNKNOWN STEP	2026-02-25T20:33:38.1110244Z   JAVA_HOME: /opt/hostedtoolcache/Java_Temurin-Hotspot_jdk/17.0.18-8/x64
Android Tests (0)	UNKNOWN STEP	2026-02-25T20:33:38.1110980Z   JAVA_HOME_17_X64: /opt/hostedtoolcache/Java_Temurin-Hotspot_jdk/17.0.18-8/x64
Android Tests (0)	UNKNOWN STEP	2026-02-25T20:33:38.1111718Z   FLUTTER_ROOT: /opt/hostedtoolcache/flutter/stable-3.41.2-x64
Android Tests (0)	UNKNOWN STEP	2026-02-25T20:33:38.1112260Z   PUB_CACHE: /home/runner/.pub-cache
Android Tests (0)	UNKNOWN STEP	2026-02-25T20:33:38.1112668Z   ANDROID_AVD_HOME: /home/runner/.android/avd
Android Tests (0)	UNKNOWN STEP	2026-02-25T20:33:38.1113273Z ##[endgroup]
Android Tests (0)	UNKNOWN STEP	2026-02-25T20:33:38.1219489Z === test-results/ ===
Android Tests (0)	UNKNOWN STEP	2026-02-25T20:33:38.1235308Z total 47344
Android Tests (0)	UNKNOWN STEP	2026-02-25T20:33:38.1235724Z drwxr-xr-x  2 runner runner     4096 Feb 25 20:33 .
Android Tests (0)	UNKNOWN STEP	2026-02-25T20:33:38.1236359Z drwxr-xr-x 24 runner runner     4096 Feb 25 19:53 ..
Android Tests (0)	UNKNOWN STEP	2026-02-25T20:33:38.1237038Z -rw-r--r--  1 runner runner  1964011 Feb 25 20:33 android-device.log
Android Tests (0)	UNKNOWN STEP	2026-02-25T20:33:38.1237780Z -rw-r--r--  1 runner runner    41806 Feb 25 20:33 android-tests.log
Android Tests (0)	UNKNOWN STEP	2026-02-25T20:33:38.1238484Z -rw-r--r--  1 runner runner      233 Feb 25 19:48 ios-device-info.txt
Android Tests (0)	UNKNOWN STEP	2026-02-25T20:33:38.1239130Z -rw-r--r--  1 runner runner 34795326 Feb 25 19:48 ios-test-results.txt
Android Tests (0)	UNKNOWN STEP	2026-02-25T20:33:38.1239778Z -rw-r--r--  1 runner runner 11471554 Feb 25 19:48 test-results.txt
Android Tests (0)	UNKNOWN STEP	2026-02-25T20:33:38.1240424Z -rw-r--r--  1 runner runner   181872 Feb 25 19:48 web-test-results.txt
Android Tests (0)	UNKNOWN STEP	2026-02-25T20:33:38.1240949Z 
Android Tests (0)	UNKNOWN STEP	2026-02-25T20:33:38.1241423Z === test-results/android-device.log ===
Android Tests (0)	UNKNOWN STEP	2026-02-25T20:33:38.1253828Z 02-25 20:33:31.637  1945  1945 W Looper  : Slow dispatch took 109ms main h=android.os.Handler c=android.app.-$$Lambda$LoadedApk$ReceiverDispatcher$Args$_BumDX2UKsnxLVrE6UJsJZkotuA@a373359 m=0
Android Tests (0)	UNKNOWN STEP	2026-02-25T20:33:38.1255908Z 02-25 20:33:31.692  1945  1965 W Looper  : Slow delivery took 396ms android.fg h=android.os.Handler c=<recycled PooledLambda@fd6ea47> m=0
Android Tests (0)	UNKNOWN STEP	2026-02-25T20:33:38.1257586Z 02-25 20:33:31.692  1945  1965 W Looper  : Slow dispatch took 249ms android.fg h=android.os.Handler c=<recycled PooledLambda@fd6ea47> m=0
Android Tests (0)	UNKNOWN STEP	2026-02-25T20:33:38.1260076Z 02-25 20:33:31.741  2396  2396 D CarrierSvcBindHelper: No carrier app for: 0
Android Tests (0)	UNKNOWN STEP	2026-02-25T20:33:38.1262452Z 02-25 20:33:31.773  1945  1966 W system_server: Long monitor contention with owner Binder:1945_9 (2371) at void com.android.server.am.ActivityManagerService.serviceDoneExecuting(android.os.IBinder, int, int, int)(ActivityManagerService.java:14111) waiters=1 in void com.android.server.am.ActivityManagerService.dispatchUidsChanged() for 152ms
Android Tests (0)	UNKNOWN STEP	2026-02-25T20:33:38.1267498Z 02-25 20:33:31.828  1945  2076 W system_server: Long monitor contention with owner android.fg (1965) at android.content.pm.PermissionInfo com.android.server.pm.permission.PermissionManagerService.getPermissionInfo(java.lang.String, java.lang.String, int, int)(PermissionManagerService.java:521) waiters=2 in android.content.pm.ApplicationInfo com.android.server.pm.PackageManagerService.getApplicationInfoInternal(java.lang.String, int, int, int) for 125ms
Android Tests (0)	UNKNOWN STEP	2026-02-25T20:33:38.1271329Z 02-25 20:33:31.829  1945  1966 W Looper  : Slow dispatch took 208ms android.ui h=com.android.server.am.ActivityManagerService$UiHandler c=null m=53
Android Tests (0)	UNKNOWN STEP	2026-02-25T20:33:38.1272752Z 02-25 20:33:31.845  1945  2076 D WifiConfigManager: Remove all networks for app ApplicationInfo{89eac15 art.substitution.substitution}
Android Tests (0)	UNKNOWN STEP	2026-02-25T20:33:38.1275127Z 02-25 20:33:31.874  3294  5087 I MediaProvider: Begin Intent { act=android.intent.action.PACKAGE_FULLY_REMOVED dat=package:art.substitution.substitution flg=0x5000010 cmp=com.android.providers.media/.MediaService (has extras) }
Android Tests (0)	UNKNOWN STEP	2026-02-25T20:33:38.1277079Z 02-25 20:33:31.880  1945  1965 W Looper  : Slow dispatch took 189ms android.fg h=android.os.Handler c=<recycled PooledLambda@58c4196> m=0
Android Tests (0)	UNKNOWN STEP	2026-02-25T20:33:38.1278843Z 02-25 20:33:31.958  1945  1945 W Looper  : Slow dispatch took 208ms main h=android.app.ActivityThread$H c=android.app.-$$Lambda$LoadedApk$ReceiverDispatcher$Args$_BumDX2UKsnxLVrE6UJsJZkotuA@fbf4d1b m=0
Android Tests (0)	UNKNOWN STEP	2026-02-25T20:33:38.1281344Z 02-25 20:33:32.039  3294  5087 I MediaProvider: End Intent { act=android.intent.action.PACKAGE_FULLY_REMOVED dat=package:art.substitution.substitution flg=0x5000010 cmp=com.android.providers.media/.MediaService (has extras) }
Android Tests (0)	UNKNOWN STEP	2026-02-25T20:33:38.1283588Z 02-25 20:33:32.100  1945  1965 W Looper  : Slow dispatch took 140ms android.fg h=android.os.Handler c=<recycled PooledLambda@ce803ab> m=0
Android Tests (0)	UNKNOWN STEP	2026-02-25T20:33:38.1285374Z 02-25 20:33:32.147  1945  1945 W Looper  : Slow dispatch took 187ms main h=android.app.ActivityThread$H c=android.app.-$$Lambda$LoadedApk$ReceiverDispatcher$Args$_BumDX2UKsnxLVrE6UJsJZkotuA@ecaf491 m=0
Android Tests (0)	UNKNOWN STEP	2026-02-25T20:33:38.1286988Z 02-25 20:33:32.191  1945  1945 W SignedConfig: Got null PackageInfo for art.substitution.substitution; user 0
Android Tests (0)	UNKNOWN STEP	2026-02-25T20:33:38.1288019Z 02-25 20:33:32.210  1945  1945 W StatsCompanionService: Failed to inform statsd of an app update
Android Tests (0)	UNKNOWN STEP	2026-02-25T20:33:38.1289305Z 02-25 20:33:32.210  1945  1945 W StatsCompanionService: android.content.pm.PackageManager$NameNotFoundException: art.substitution.substitution
Android Tests (0)	UNKNOWN STEP	2026-02-25T20:33:38.1291058Z 02-25 20:33:32.210  1945  1945 W StatsCompanionService: 	at android.app.ApplicationPackageManager.getPackageInfoAsUser(ApplicationPackageManager.java:190)
Android Tests (0)	UNKNOWN STEP	2026-02-25T20:33:38.1292825Z 02-25 20:33:32.210  1945  1945 W StatsCompanionService: 	at android.app.ApplicationPackageManager.getPackageInfo(ApplicationPackageManager.java:159)
Android Tests (0)	UNKNOWN STEP	2026-02-25T20:33:38.1294894Z 02-25 20:33:32.210  1945  1945 W StatsCompanionService: 	at com.android.server.stats.StatsCompanionService$AppUpdateReceiver.onReceive(StatsCompanionService.java:574)
Android Tests (0)	UNKNOWN STEP	2026-02-25T20:33:38.1296875Z 02-25 20:33:32.210  1945  1945 W StatsCompanionService: 	at android.app.LoadedApk$ReceiverDispatcher$Args.lambda$getRunnable$0$LoadedApk$ReceiverDispatcher$Args(LoadedApk.java:1550)
Android Tests (0)	UNKNOWN STEP	2026-02-25T20:33:38.1298768Z 02-25 20:33:32.210  1945  1945 W StatsCompanionService: 	at android.app.-$$Lambda$LoadedApk$ReceiverDispatcher$Args$_BumDX2UKsnxLVrE6UJsJZkotuA.run(Unknown Source:2)
Android Tests (0)	UNKNOWN STEP	2026-02-25T20:33:38.1300256Z 02-25 20:33:32.210  1945  1945 W StatsCompanionService: 	at android.os.Handler.handleCallback(Handler.java:883)
Android Tests (0)	UNKNOWN STEP	2026-02-25T20:33:38.1301435Z 02-25 20:33:32.210  1945  1945 W StatsCompanionService: 	at android.os.Handler.dispatchMessage(Handler.java:100)
Android Tests (0)	UNKNOWN STEP	2026-02-25T20:33:38.1302522Z 02-25 20:33:32.210  1945  1945 W StatsCompanionService: 	at android.os.Looper.loop(Looper.java:214)
Android Tests (0)	UNKNOWN STEP	2026-02-25T20:33:38.1328793Z 02-25 20:33:32.210  1945  1945 W StatsCompanionService: 	at com.android.server.SystemServer.run(SystemServer.java:541)
Android Tests (0)	UNKNOWN STEP	2026-02-25T20:33:38.1330045Z 02-25 20:33:32.210  1945  1945 W StatsCompanionService: 	at com.android.server.SystemServer.main(SystemServer.java:349)
Android Tests (0)	UNKNOWN STEP	2026-02-25T20:33:38.1331231Z 02-25 20:33:32.210  1945  1945 W StatsCompanionService: 	at java.lang.reflect.Method.invoke(Native Method)
Android Tests (0)	UNKNOWN STEP	2026-02-25T20:33:38.1332767Z 02-25 20:33:32.210  1945  1945 W StatsCompanionService: 	at com.android.internal.os.RuntimeInit$MethodAndArgsCaller.run(RuntimeInit.java:492)
Android Tests (0)	UNKNOWN STEP	2026-02-25T20:33:38.1334310Z 02-25 20:33:32.210  1945  1945 W StatsCompanionService: 	at com.android.internal.os.ZygoteInit.main(ZygoteInit.java:908)
Android Tests (0)	UNKNOWN STEP	2026-02-25T20:33:38.1335634Z 02-25 20:33:32.211  1945  1945 I Telecom : DefaultDialerCache: Refreshing default dialer for user 0: now com.android.dialer: DDC.oR@APE
Android Tests (0)	UNKNOWN STEP	2026-02-25T20:33:38.1336700Z 02-25 20:33:32.380  2396  2396 D CarrierSvcBindHelper: No carrier app for: 0
Android Tests (0)	UNKNOWN STEP	2026-02-25T20:33:38.1337922Z 02-25 20:33:32.382  1945  1965 W Looper  : Slow dispatch took 281ms android.fg h=android.os.Handler c=<recycled PooledLambda@f4227ca> m=0
Android Tests (0)	UNKNOWN STEP	2026-02-25T20:33:38.1339128Z 02-25 20:33:32.406  1945  1945 W BackupManagerService: Can't resolve new app art.substitution.substitution
Android Tests (0)	UNKNOWN STEP	2026-02-25T20:33:38.1340737Z 02-25 20:33:32.407  1945  1945 W Looper  : Slow dispatch took 169ms main h=android.app.ActivityThread$H c=android.app.-$$Lambda$LoadedApk$ReceiverDispatcher$Args$_BumDX2UKsnxLVrE6UJsJZkotuA@7ea4c9 m=0
Android Tests (0)	UNKNOWN STEP	2026-02-25T20:33:38.1349348Z 02-25 20:33:32.453  1945  1945 I ConditionProviders: Disallowing condition provider art.substitution.substitution
Android Tests (0)	UNKNOWN STEP	2026-02-25T20:33:38.1350561Z 02-25 20:33:32.684  1945  1945 W Looper  : Slow dispatch took 223ms main h=android.app.ActivityThread$H c=null m=113
Android Tests (0)	UNKNOWN STEP	2026-02-25T20:33:38.1351561Z 02-25 20:33:32.847  1945  2076 D WifiConfigStore: Writing to stores completed in 810 ms.
Android Tests (0)	UNKNOWN STEP	2026-02-25T20:33:38.1352547Z 02-25 20:33:32.847  1945  2076 E PasspointManager: No app ops listener found for art.substitution.substitution
Android Tests (0)	UNKNOWN STEP	2026-02-25T20:33:38.1354077Z 02-25 20:33:32.891  1945  1965 W Looper  : Slow dispatch took 417ms android.fg h=android.os.Handler c=<recycled PooledLambda@74f88b3> m=0
Android Tests (0)	UNKNOWN STEP	2026-02-25T20:33:38.1355328Z 02-25 20:33:32.935  1945  2076 I DropBoxManagerService: add tag=system_server_wtf isTagEnabled=true flags=0x2
Android Tests (0)	UNKNOWN STEP	2026-02-25T20:33:38.1356562Z 02-25 20:33:32.994  1945  1965 W Looper  : Slow dispatch took 103ms android.fg h=android.os.Handler c=<recycled PooledLambda@58c4196> m=0
Android Tests (0)	UNKNOWN STEP	2026-02-25T20:33:38.1358151Z 02-25 20:33:33.005  1945  1945 W Looper  : Slow dispatch took 235ms main h=com.android.server.notification.NotificationManagerService$WorkerHandler c=null m=8
Android Tests (0)	UNKNOWN STEP	2026-02-25T20:33:38.1359971Z 02-25 20:33:33.032  1945  1958 I system_server: Background concurrent copying GC freed 7800(947KB) AllocSpace objects, 15(1096KB) LOS objects, 39% free, 9409KB/15MB, paused 3.025ms total 2.811s
Android Tests (0)	UNKNOWN STEP	2026-02-25T20:33:38.1361388Z 02-25 20:33:33.059  1730  2498 D AF::TrackHandle: OpPlayAudio: track:55 usage:13 not muted
Android Tests (0)	UNKNOWN STEP	2026-02-25T20:33:38.1362209Z 02-25 20:33:33.188  1730  1730 D AF::TrackHandle: OpPlayAudio: track:55 usage:13 not muted
Android Tests (0)	UNKNOWN STEP	2026-02-25T20:33:38.1363463Z 02-25 20:33:33.196  1945  1965 W Looper  : Slow dispatch took 156ms android.fg h=android.os.Handler c=<recycled PooledLambda@8363d6f> m=0
Android Tests (0)	UNKNOWN STEP	2026-02-25T20:33:38.1364539Z 02-25 20:33:33.213  1730  1730 D AF::TrackHandle: OpPlayAudio: track:55 usage:13 not muted
Android Tests (0)	UNKNOWN STEP	2026-02-25T20:33:38.1366024Z 02-25 20:33:33.287  2396  2407 I m.android.phon: Background young concurrent copying GC freed 20700(1588KB) AllocSpace objects, 0(0B) LOS objects, 47% free, 1869KB/3534KB, paused 116us total 956.329ms
Android Tests (0)	UNKNOWN STEP	2026-02-25T20:33:38.1367462Z 02-25 20:33:33.293  1730  1730 D AF::TrackHandle: OpPlayAudio: track:55 usage:13 not muted
Android Tests (0)	UNKNOWN STEP	2026-02-25T20:33:38.1368658Z 02-25 20:33:33.504  1945  1973 E UsbProfileGroupSettingsManager: handlePackageUpdate could not find package 0/art.substitution.substitution
Android Tests (0)	UNKNOWN STEP	2026-02-25T20:33:38.1370263Z 02-25 20:33:33.504  1945  1973 E UsbProfileGroupSettingsManager: android.content.pm.PackageManager$NameNotFoundException: art.substitution.substitution
Android Tests (0)	UNKNOWN STEP	2026-02-25T20:33:38.1372090Z 02-25 20:33:33.504  1945  1973 E UsbProfileGroupSettingsManager: 	at android.app.ApplicationPackageManager.getPackageInfoAsUser(ApplicationPackageManager.java:190)
Android Tests (0)	UNKNOWN STEP	2026-02-25T20:33:38.1374416Z 02-25 20:33:33.504  1945  1973 E UsbProfileGroupSettingsManager: 	at com.android.server.usb.UsbProfileGroupSettingsManager.handlePackageAdded(UsbProfileGroupSettingsManager.java:1009)
Android Tests (0)	UNKNOWN STEP	2026-02-25T20:33:38.1376840Z 02-25 20:33:33.504  1945  1973 E UsbProfileGroupSettingsManager: 	at com.android.server.usb.UsbProfileGroupSettingsManager.access$300(UsbProfileGroupSettingsManager.java:80)
Android Tests (0)	UNKNOWN STEP	2026-02-25T20:33:38.1379008Z 02-25 20:33:33.504  1945  1973 E UsbProfileGroupSettingsManager: 	at com.android.server.usb.UsbProfileGroupSettingsManager$MyPackageMonitor.onPackageAdded(UsbProfileGroupSettingsManager.java:181)
Android Tests (0)	UNKNOWN STEP	2026-02-25T20:33:38.1381193Z 02-25 20:33:33.504  1945  1973 E UsbProfileGroupSettingsManager: 	at com.android.internal.content.PackageMonitor.onReceive(PackageMonitor.java:350)
Android Tests (0)	UNKNOWN STEP	2026-02-25T20:33:38.1383320Z 02-25 20:33:33.504  1945  1973 E UsbProfileGroupSettingsManager: 	at android.app.LoadedApk$ReceiverDispatcher$Args.lambda$getRunnable$0$LoadedApk$ReceiverDispatcher$Args(LoadedApk.java:1550)
Android Tests (0)	UNKNOWN STEP	2026-02-25T20:33:38.1385366Z 02-25 20:33:33.504  1945  1973 E UsbProfileGroupSettingsManager: 	at android.app.-$$Lambda$LoadedApk$ReceiverDispatcher$Args$_BumDX2UKsnxLVrE6UJsJZkotuA.run(Unknown Source:2)
Android Tests (0)	UNKNOWN STEP	2026-02-25T20:33:38.1386937Z 02-25 20:33:33.504  1945  1973 E UsbProfileGroupSettingsManager: 	at android.os.Handler.handleCallback(Handler.java:883)
Android Tests (0)	UNKNOWN STEP	2026-02-25T20:33:38.1388220Z 02-25 20:33:33.504  1945  1973 E UsbProfileGroupSettingsManager: 	at android.os.Handler.dispatchMessage(Handler.java:100)
Android Tests (0)	UNKNOWN STEP	2026-02-25T20:33:38.1389443Z 02-25 20:33:33.504  1945  1973 E UsbProfileGroupSettingsManager: 	at android.os.Looper.loop(Looper.java:214)
Android Tests (0)	UNKNOWN STEP	2026-02-25T20:33:38.1390627Z 02-25 20:33:33.504  1945  1973 E UsbProfileGroupSettingsManager: 	at android.os.HandlerThread.run(HandlerThread.java:67)
Android Tests (0)	UNKNOWN STEP	2026-02-25T20:33:38.1391682Z 02-25 20:33:33.377  1730  1730 D AF::TrackHandle: OpPlayAudio: track:55 usage:13 not muted
Android Tests (0)	UNKNOWN STEP	2026-02-25T20:33:38.1392496Z 02-25 20:33:33.508  1730  2498 D AF::TrackHandle: OpPlayAudio: track:55 usage:13 not muted
Android Tests (0)	UNKNOWN STEP	2026-02-25T20:33:38.1394069Z 02-25 20:33:33.533  1945  1973 W VoiceInteractionManagerService: no available voice recognition services found for user 0
Android Tests (0)	UNKNOWN STEP	2026-02-25T20:33:38.1395132Z 02-25 20:33:33.538  1730  2498 I chatty  : uid=1041(audioserver) Binder:1730_5 identical 1 line
Android Tests (0)	UNKNOWN STEP	2026-02-25T20:33:38.1395986Z 02-25 20:33:33.552  1730  2498 D AF::TrackHandle: OpPlayAudio: track:55 usage:13 not muted
Android Tests (0)	UNKNOWN STEP	2026-02-25T20:33:38.1397021Z 02-25 20:33:33.569  1945  1973 E MidiService: handlePackageUpdate could not find package art.substitution.substitution
Android Tests (0)	UNKNOWN STEP	2026-02-25T20:33:38.1398355Z 02-25 20:33:33.569  1945  1973 E MidiService: android.content.pm.PackageManager$NameNotFoundException: art.substitution.substitution
Android Tests (0)	UNKNOWN STEP	2026-02-25T20:33:38.1399894Z 02-25 20:33:33.569  1945  1973 E MidiService: 	at android.app.ApplicationPackageManager.getPackageInfoAsUser(ApplicationPackageManager.java:190)
Android Tests (0)	UNKNOWN STEP	2026-02-25T20:33:38.1401535Z 02-25 20:33:33.569  1945  1973 E MidiService: 	at android.app.ApplicationPackageManager.getPackageInfo(ApplicationPackageManager.java:159)
Android Tests (0)	UNKNOWN STEP	2026-02-25T20:33:38.1403244Z 02-25 20:33:33.569  1945  1973 E MidiService: 	at com.android.server.midi.MidiService.addPackageDeviceServers(MidiService.java:846)
Android Tests (0)	UNKNOWN STEP	2026-02-25T20:33:38.1404587Z 02-25 20:33:33.569  1945  1973 E MidiService: 	at com.android.server.midi.MidiService.access$100(MidiService.java:62)
Android Tests (0)	UNKNOWN STEP	2026-02-25T20:33:38.1405878Z 02-25 20:33:33.569  1945  1973 E MidiService: 	at com.android.server.midi.MidiService$1.onPackageAdded(MidiService.java:115)
Android Tests (0)	UNKNOWN STEP	2026-02-25T20:33:38.1407210Z 02-25 20:33:33.569  1945  1973 E MidiService: 	at com.android.internal.content.PackageMonitor.onReceive(PackageMonitor.java:350)
Android Tests (0)	UNKNOWN STEP	2026-02-25T20:33:38.1408894Z 02-25 20:33:33.569  1945  1973 E MidiService: 	at android.app.LoadedApk$ReceiverDispatcher$Args.lambda$getRunnable$0$LoadedApk$ReceiverDispatcher$Args(LoadedApk.java:1550)
Android Tests (0)	UNKNOWN STEP	2026-02-25T20:33:38.1410612Z 02-25 20:33:33.569  1945  1973 E MidiService: 	at android.app.-$$Lambda$LoadedApk$ReceiverDispatcher$Args$_BumDX2UKsnxLVrE6UJsJZkotuA.run(Unknown Source:2)
Android Tests (0)	UNKNOWN STEP	2026-02-25T20:33:38.1412289Z 02-25 20:33:33.569  1945  1973 E MidiService: 	at android.os.Handler.handleCallback(Handler.java:883)
Android Tests (0)	UNKNOWN STEP	2026-02-25T20:33:38.1413450Z 02-25 20:33:33.569  1945  1973 E MidiService: 	at android.os.Handler.dispatchMessage(Handler.java:100)
Android Tests (0)	UNKNOWN STEP	2026-02-25T20:33:38.1414397Z 02-25 20:33:33.569  1945  1973 E MidiService: 	at android.os.Looper.loop(Looper.java:214)
Android Tests (0)	UNKNOWN STEP	2026-02-25T20:33:38.1415340Z 02-25 20:33:33.569  1945  1973 E MidiService: 	at android.os.HandlerThread.run(HandlerThread.java:67)
Android Tests (0)	UNKNOWN STEP	2026-02-25T20:33:38.1416182Z 02-25 20:33:33.604  2825  2889 D Launcher.IconCache: Package not found
Android Tests (0)	UNKNOWN STEP	2026-02-25T20:33:38.1417649Z 02-25 20:33:33.604  2825  2889 D Launcher.IconCache: android.content.pm.PackageManager$NameNotFoundException: art.substitution.substitution
Android Tests (0)	UNKNOWN STEP	2026-02-25T20:33:38.1419329Z 02-25 20:33:33.604  2825  2889 D Launcher.IconCache: 	at android.app.ApplicationPackageManager.getPackageInfoAsUser(ApplicationPackageManager.java:190)
Android Tests (0)	UNKNOWN STEP	2026-02-25T20:33:38.1421048Z 02-25 20:33:33.604  2825  2889 D Launcher.IconCache: 	at android.app.ApplicationPackageManager.getPackageInfo(ApplicationPackageManager.java:159)
Android Tests (0)	UNKNOWN STEP	2026-02-25T20:33:38.1423283Z 02-25 20:33:33.604  2825  2889 D Launcher.IconCache: 	at com.android.launcher3.icons.IconCache.updateIconsForPkg(IconCache.java:106)
Android Tests (0)	UNKNOWN STEP	2026-02-25T20:33:38.1424746Z 02-25 20:33:33.604  2825  2889 D Launcher.IconCache: 	at com.android.launcher3.model.PackageUpdatedTask.execute(PackageUpdatedTask.java:100)
Android Tests (0)	UNKNOWN STEP	2026-02-25T20:33:38.1426268Z 02-25 20:33:33.604  2825  2889 D Launcher.IconCache: 	at com.android.launcher3.model.BaseModelUpdateTask.run(BaseModelUpdateTask.java:67)
Android Tests (0)	UNKNOWN STEP	2026-02-25T20:33:38.1427517Z 02-25 20:33:33.604  2825  2889 D Launcher.IconCache: 	at android.os.Handler.handleCallback(Handler.java:883)
Android Tests (0)	UNKNOWN STEP	2026-02-25T20:33:38.1428582Z 02-25 20:33:33.604  2825  2889 D Launcher.IconCache: 	at android.os.Handler.dispatchMessage(Handler.java:100)
Android Tests (0)	UNKNOWN STEP	2026-02-25T20:33:38.1429606Z 02-25 20:33:33.604  2825  2889 D Launcher.IconCache: 	at android.os.Looper.loop(Looper.java:214)
Android Tests (0)	UNKNOWN STEP	2026-02-25T20:33:38.1430598Z 02-25 20:33:33.604  2825  2889 D Launcher.IconCache: 	at android.os.HandlerThread.run(HandlerThread.java:67)
Android Tests (0)	UNKNOWN STEP	2026-02-25T20:33:38.1431543Z 02-25 20:33:33.631  1730  1730 D AF::TrackHandle: OpPlayAudio: track:55 usage:13 not muted
Android Tests (0)	UNKNOWN STEP	2026-02-25T20:33:38.1432343Z 02-25 20:33:33.641  1730  2498 D AF::TrackHandle: OpPlayAudio: track:55 usage:13 not muted
Android Tests (0)	UNKNOWN STEP	2026-02-25T20:33:38.1433140Z 02-25 20:33:33.739  1945  1965 W Looper  : Drained
Android Tests (0)	UNKNOWN STEP	2026-02-25T20:33:38.1434950Z 02-25 20:33:33.938  1945  2371 W BroadcastQueue: Background execution not allowed: receiving Intent { act=android.intent.action.PACKAGE_ADDED dat=package:art.substitution.substitution flg=0x4000010 (has extras) } to com.android.packageinstaller/.PackageInstalledReceiver
Android Tests (0)	UNKNOWN STEP	2026-02-25T20:33:38.1437938Z 02-25 20:33:33.950  1945  1974 W BroadcastQueue: Background execution not allowed: receiving Intent { act=android.intent.action.PACKAGE_ADDED dat=package:art.substitution.substitution flg=0x4000010 (has extras) } to com.android.gallery3d/.app.PackagesMonitor
Android Tests (0)	UNKNOWN STEP	2026-02-25T20:33:38.1440899Z 02-25 20:33:33.950  1945  1974 W BroadcastQueue: Background execution not allowed: receiving Intent { act=android.intent.action.PACKAGE_ADDED dat=package:art.substitution.substitution flg=0x4000010 (has extras) } to com.android.musicfx/.Compatibility$Receiver
Android Tests (0)	UNKNOWN STEP	2026-02-25T20:33:38.1442613Z 02-25 20:33:33.976  1945  1945 W Looper  : Drained
Android Tests (0)	UNKNOWN STEP	2026-02-25T20:33:38.1443151Z 
Android Tests (0)	UNKNOWN STEP	2026-02-25T20:33:38.1443311Z === test-results/android-tests.log ===
Android Tests (0)	UNKNOWN STEP	2026-02-25T20:33:38.1443943Z   package:flutter/src/widgets/framework.dart 4037:15          Element.updateChild
Android Tests (0)	UNKNOWN STEP	2026-02-25T20:33:38.1444900Z   package:flutter/src/widgets/framework.dart 7122:14          SingleChildRenderObjectElement.update
Android Tests (0)	UNKNOWN STEP	2026-02-25T20:33:38.1445890Z   package:flutter/src/widgets/framework.dart 4037:15          Element.updateChild
Android Tests (0)	UNKNOWN STEP	2026-02-25T20:33:38.1446832Z   package:flutter/src/widgets/framework.dart 5841:16          ComponentElement.performRebuild
Android Tests (0)	UNKNOWN STEP	2026-02-25T20:33:38.1447742Z   package:flutter/src/widgets/framework.dart 5529:7           Element.rebuild
Android Tests (0)	UNKNOWN STEP	2026-02-25T20:33:38.1448779Z   package:flutter/src/widgets/framework.dart 6149:5           ProxyElement.update
Android Tests (0)	UNKNOWN STEP	2026-02-25T20:33:38.1449669Z   package:flutter/src/widgets/framework.dart 4037:15          Element.updateChild
Android Tests (0)	UNKNOWN STEP	2026-02-25T20:33:38.1450633Z   package:flutter/src/widgets/framework.dart 5841:16          ComponentElement.performRebuild
Android Tests (0)	UNKNOWN STEP	2026-02-25T20:33:38.1451586Z   package:flutter/src/widgets/framework.dart 5529:7           Element.rebuild
Android Tests (0)	UNKNOWN STEP	2026-02-25T20:33:38.1452417Z   package:flutter/src/widgets/framework.dart 6149:5           ProxyElement.update
Android Tests (0)	UNKNOWN STEP	2026-02-25T20:33:38.1453621Z   package:flutter/src/widgets/framework.dart 4037:15          Element.updateChild
Android Tests (0)	UNKNOWN STEP	2026-02-25T20:33:38.1454575Z   package:flutter/src/widgets/framework.dart 5841:16          ComponentElement.performRebuild
Android Tests (0)	UNKNOWN STEP	2026-02-25T20:33:38.1455560Z   package:flutter/src/widgets/framework.dart 5982:11          StatefulElement.performRebuild
Android Tests (0)	UNKNOWN STEP	2026-02-25T20:33:38.1456493Z   package:flutter/src/widgets/framework.dart 5529:7           Element.rebuild
Android Tests (0)	UNKNOWN STEP	2026-02-25T20:33:38.1457451Z   package:flutter/src/widgets/framework.dart 6007:5           StatefulElement.update
Android Tests (0)	UNKNOWN STEP	2026-02-25T20:33:38.1458322Z   package:flutter/src/widgets/framework.dart 4037:15          Element.updateChild
Android Tests (0)	UNKNOWN STEP	2026-02-25T20:33:38.1459254Z   package:flutter/src/widgets/framework.dart 5841:16          ComponentElement.performRebuild
Android Tests (0)	UNKNOWN STEP	2026-02-25T20:33:38.1460195Z   package:flutter/src/widgets/framework.dart 5529:7           Element.rebuild
Android Tests (0)	UNKNOWN STEP	2026-02-25T20:33:38.1461064Z   package:flutter/src/widgets/framework.dart 6149:5           ProxyElement.update
Android Tests (0)	UNKNOWN STEP	2026-02-25T20:33:38.1461939Z   package:flutter/src/widgets/framework.dart 4037:15          Element.updateChild
Android Tests (0)	UNKNOWN STEP	2026-02-25T20:33:38.1462902Z   package:flutter/src/widgets/framework.dart 5841:16          ComponentElement.performRebuild
Android Tests (0)	UNKNOWN STEP	2026-02-25T20:33:38.1463991Z   package:flutter/src/widgets/framework.dart 5529:7           Element.rebuild
Android Tests (0)	UNKNOWN STEP	2026-02-25T20:33:38.1464833Z   package:flutter/src/widgets/framework.dart 6149:5           ProxyElement.update
Android Tests (0)	UNKNOWN STEP	2026-02-25T20:33:38.1465795Z   package:flutter/src/widgets/inherited_notifier.dart 108:11  _InheritedNotifierElement.update
Android Tests (0)	UNKNOWN STEP	2026-02-25T20:33:38.1466776Z   package:flutter/src/widgets/framework.dart 4037:15          Element.updateChild
Android Tests (0)	UNKNOWN STEP	2026-02-25T20:33:38.1467719Z   package:flutter/src/widgets/framework.dart 5841:16          ComponentElement.performRebuild
Android Tests (0)	UNKNOWN STEP	2026-02-25T20:33:38.1468741Z   package:flutter/src/widgets/framework.dart 5982:11          StatefulElement.performRebuild
Android Tests (0)	UNKNOWN STEP	2026-02-25T20:33:38.1469616Z   package:flutter/src/widgets/framework.dart 5529:7           Element.rebuild
Android Tests (0)	UNKNOWN STEP	2026-02-25T20:33:38.1470474Z   package:flutter/src/widgets/framework.dart 6007:5           StatefulElement.update
Android Tests (0)	UNKNOWN STEP	2026-02-25T20:33:38.1471357Z   package:flutter/src/widgets/framework.dart 4037:15          Element.updateChild
Android Tests (0)	UNKNOWN STEP	2026-02-25T20:33:38.1472277Z   package:flutter/src/widgets/framework.dart 5841:16          ComponentElement.performRebuild
Android Tests (0)	UNKNOWN STEP	2026-02-25T20:33:38.1473345Z   package:flutter/src/widgets/framework.dart 5529:7           Element.rebuild
Android Tests (0)	UNKNOWN STEP	2026-02-25T20:33:38.1474197Z   package:flutter/src/widgets/framework.dart 6149:5           ProxyElement.update
Android Tests (0)	UNKNOWN STEP	2026-02-25T20:33:38.1475048Z   package:flutter/src/widgets/framework.dart 4037:15          Element.updateChild
Android Tests (0)	UNKNOWN STEP	2026-02-25T20:33:38.1475980Z   package:flutter/src/widgets/framework.dart 5841:16          ComponentElement.performRebuild
Android Tests (0)	UNKNOWN STEP	2026-02-25T20:33:38.1476881Z   package:flutter/src/widgets/framework.dart 5529:7           Element.rebuild
Android Tests (0)	UNKNOWN STEP	2026-02-25T20:33:38.1477717Z   package:flutter/src/widgets/framework.dart 5895:5           StatelessElement.update
Android Tests (0)	UNKNOWN STEP	2026-02-25T20:33:38.1478562Z   package:flutter/src/widgets/framework.dart 4037:15          Element.updateChild
Android Tests (0)	UNKNOWN STEP	2026-02-25T20:33:38.1479471Z   package:flutter/src/widgets/framework.dart 5841:16          ComponentElement.performRebuild
Android Tests (0)	UNKNOWN STEP	2026-02-25T20:33:38.1480371Z   package:flutter/src/widgets/framework.dart 5529:7           Element.rebuild
Android Tests (0)	UNKNOWN STEP	2026-02-25T20:33:38.1481233Z   package:flutter/src/widgets/framework.dart 6149:5           ProxyElement.update
Android Tests (0)	UNKNOWN STEP	2026-02-25T20:33:38.1482290Z   package:flutter/src/widgets/framework.dart 4037:15          Element.updateChild
Android Tests (0)	UNKNOWN STEP	2026-02-25T20:33:38.1483394Z   package:flutter/src/widgets/framework.dart 5841:16          ComponentElement.performRebuild
Android Tests (0)	UNKNOWN STEP	2026-02-25T20:33:38.1484315Z   package:flutter/src/widgets/framework.dart 5529:7           Element.rebuild
Android Tests (0)	UNKNOWN STEP	2026-02-25T20:33:38.1485148Z   package:flutter/src/widgets/framework.dart 6149:5           ProxyElement.update
Android Tests (0)	UNKNOWN STEP	2026-02-25T20:33:38.1486032Z   package:flutter/src/widgets/framework.dart 4037:15          Element.updateChild
Android Tests (0)	UNKNOWN STEP	2026-02-25T20:33:38.1487256Z   package:flutter/src/widgets/framework.dart 5841:16          ComponentElement.performRebuild
Android Tests (0)	UNKNOWN STEP	2026-02-25T20:33:38.1488306Z   package:flutter/src/widgets/framework.dart 5982:11          StatefulElement.performRebuild
Android Tests (0)	UNKNOWN STEP	2026-02-25T20:33:38.1489248Z   package:flutter/src/widgets/framework.dart 5529:7           Element.rebuild
Android Tests (0)	UNKNOWN STEP	2026-02-25T20:33:38.1490098Z   package:flutter/src/widgets/framework.dart 2750:15          BuildScope._tryRebuild
Android Tests (0)	UNKNOWN STEP	2026-02-25T20:33:38.1491052Z   package:flutter/src/widgets/framework.dart 2807:11          BuildScope._flushDirtyElements
Android Tests (0)	UNKNOWN STEP	2026-02-25T20:33:38.1492032Z   package:flutter/src/widgets/framework.dart 3111:18          BuildOwner.buildScope
Android Tests (0)	UNKNOWN STEP	2026-02-25T20:33:38.1493123Z   package:flutter/src/widgets/binding.dart 1302:21            WidgetsBinding.drawFrame
Android Tests (0)	UNKNOWN STEP	2026-02-25T20:33:38.1494202Z   package:flutter/src/rendering/binding.dart 495:5            RendererBinding._handlePersistentFrameCallback
Android Tests (0)	UNKNOWN STEP	2026-02-25T20:33:38.1495319Z   package:flutter/src/scheduler/binding.dart 1430:15          SchedulerBinding._invokeFrameCallback
Android Tests (0)	UNKNOWN STEP	2026-02-25T20:33:38.1496376Z   package:flutter/src/scheduler/binding.dart 1345:9           SchedulerBinding.handleDrawFrame
Android Tests (0)	UNKNOWN STEP	2026-02-25T20:33:38.1497468Z   package:flutter_test/src/binding.dart 2511:13               LiveTestWidgetsFlutterBinding.handleDrawFrame
Android Tests (0)	UNKNOWN STEP	2026-02-25T20:33:38.1498568Z   package:flutter/src/scheduler/binding.dart 1198:5           SchedulerBinding._handleDrawFrame
Android Tests (0)	UNKNOWN STEP	2026-02-25T20:33:38.1499275Z   
Android Tests (0)	UNKNOWN STEP	2026-02-25T20:33:38.1499982Z 16:34 +0 -3: /home/runner/work/substitution/substitution/integration_test/feed_with_matrix_test.dart: (tearDownAll)
Android Tests (0)	UNKNOWN STEP	2026-02-25T20:33:38.1501194Z 16:43 +0 -3: loading /home/runner/work/substitution/substitution/integration_test/login_debug_test.dart
Android Tests (0)	UNKNOWN STEP	2026-02-25T20:33:38.1502106Z Running Gradle task 'assembleDebug'...                             31.0s
Android Tests (0)	UNKNOWN STEP	2026-02-25T20:33:38.1503213Z ✓ Built build/app/outputs/flutter-apk/app-debug.apk
Android Tests (0)	UNKNOWN STEP	2026-02-25T20:33:38.1503944Z Installing build/app/outputs/flutter-apk/app-debug.apk...          13.2s
Android Tests (0)	UNKNOWN STEP	2026-02-25T20:33:38.1504896Z 18:14 +0 -3: loading /home/runner/work/substitution/substitution/integration_test/profile_view_test.dart
Android Tests (0)	UNKNOWN STEP	2026-02-25T20:33:38.1505749Z Running Gradle task 'assembleDebug'...                             22.3s
Android Tests (0)	UNKNOWN STEP	2026-02-25T20:33:38.1506429Z ✓ Built build/app/outputs/flutter-apk/app-debug.apk
Android Tests (0)	UNKNOWN STEP	2026-02-25T20:33:38.1507036Z Installing build/app/outputs/flutter-apk/app-debug.apk...          12.8s
Android Tests (0)	UNKNOWN STEP	2026-02-25T20:33:38.1507718Z Warning: A tag was used that wasn't specified in dart_test.yaml.
Android Tests (0)	UNKNOWN STEP	2026-02-25T20:33:38.1508234Z   integration was used in the suite itself
Android Tests (0)	UNKNOWN STEP	2026-02-25T20:33:38.1508504Z 
Android Tests (0)	UNKNOWN STEP	2026-02-25T20:33:38.1508906Z 19:27 +0 -3: loading /home/runner/work/substitution/substitution/integration_test/offline_test.dart
Android Tests (0)	UNKNOWN STEP	2026-02-25T20:33:38.1509700Z Running Gradle task 'assembleDebug'...                             22.4s
Android Tests (0)	UNKNOWN STEP	2026-02-25T20:33:38.1510336Z ✓ Built build/app/outputs/flutter-apk/app-debug.apk
Android Tests (0)	UNKNOWN STEP	2026-02-25T20:33:38.1510914Z Installing build/app/outputs/flutter-apk/app-debug.apk...          12.5s
Android Tests (0)	UNKNOWN STEP	2026-02-25T20:33:38.1511578Z Warning: A tag was used that wasn't specified in dart_test.yaml.
Android Tests (0)	UNKNOWN STEP	2026-02-25T20:33:38.1512081Z   integration was used in the suite itself
Android Tests (0)	UNKNOWN STEP	2026-02-25T20:33:38.1512340Z 
Android Tests (0)	UNKNOWN STEP	2026-02-25T20:33:38.1512802Z 20:45 +0 -3: loading /home/runner/work/substitution/substitution/integration_test/comment_nesting_test.dart
Android Tests (0)	UNKNOWN STEP	2026-02-25T20:33:38.1513822Z Running Gradle task 'assembleDebug'...                             31.6s
Android Tests (0)	UNKNOWN STEP	2026-02-25T20:33:38.1514719Z ✓ Built build/app/outputs/flutter-apk/app-debug.apk
Android Tests (0)	UNKNOWN STEP	2026-02-25T20:33:38.1515301Z Installing build/app/outputs/flutter-apk/app-debug.apk...          16.4s
Android Tests (0)	UNKNOWN STEP	2026-02-25T20:33:38.1516199Z 22:28 +0 -3: loading /home/runner/work/substitution/substitution/integration_test/refresh_logic_with_matrix_test.dart
Android Tests (0)	UNKNOWN STEP	2026-02-25T20:33:38.1517078Z Running Gradle task 'assembleDebug'...                             31.9s
Android Tests (0)	UNKNOWN STEP	2026-02-25T20:33:38.1517735Z ✓ Built build/app/outputs/flutter-apk/app-debug.apk
Android Tests (0)	UNKNOWN STEP	2026-02-25T20:33:38.1518304Z Installing build/app/outputs/flutter-apk/app-debug.apk...          17.6s
Android Tests (0)	UNKNOWN STEP	2026-02-25T20:33:38.1519253Z 24:08 +0 -3: loading /home/runner/work/substitution/substitution/integration_test/logout_test.dart
Android Tests (0)	UNKNOWN STEP	2026-02-25T20:33:38.1520046Z Running Gradle task 'assembleDebug'...                             31.3s
Android Tests (0)	UNKNOWN STEP	2026-02-25T20:33:38.1520667Z ✓ Built build/app/outputs/flutter-apk/app-debug.apk
Android Tests (0)	UNKNOWN STEP	2026-02-25T20:33:38.1521228Z Installing build/app/outputs/flutter-apk/app-debug.apk...          12.2s
Android Tests (0)	UNKNOWN STEP	2026-02-25T20:33:38.1522106Z 25:37 +0 -3: loading /home/runner/work/substitution/substitution/integration_test/registration_button_test.dart
Android Tests (0)	UNKNOWN STEP	2026-02-25T20:33:38.1523625Z Running Gradle task 'assembleDebug'...                             31.1s
Android Tests (0)	UNKNOWN STEP	2026-02-25T20:33:38.1524272Z ✓ Built build/app/outputs/flutter-apk/app-debug.apk
Android Tests (0)	UNKNOWN STEP	2026-02-25T20:33:38.1524849Z Installing build/app/outputs/flutter-apk/app-debug.apk...          10.7s
Android Tests (0)	UNKNOWN STEP	2026-02-25T20:33:38.1525388Z Error: ADB exited with exit code -15
Android Tests (0)	UNKNOWN STEP	2026-02-25T20:33:38.1525634Z 
Android Tests (0)	UNKNOWN STEP	2026-02-25T20:33:38.1525986Z Running Gradle task 'assembleDebug'...                          Waiting for current test(s) to finish.
Android Tests (0)	UNKNOWN STEP	2026-02-25T20:33:38.1526651Z Press Control-C again to terminate immediately.
Android Tests (0)	UNKNOWN STEP	2026-02-25T20:33:38.1526952Z 
Android Tests (0)	UNKNOWN STEP	2026-02-25T20:33:38.1527074Z Uninstalling old version...
Android Tests (0)	UNKNOWN STEP	2026-02-25T20:33:38.1589271Z ##[group]Run docker compose down -v
Android Tests (0)	UNKNOWN STEP	2026-02-25T20:33:38.1589730Z [36;1mdocker compose down -v[0m
Android Tests (0)	UNKNOWN STEP	2026-02-25T20:33:38.1653247Z shell: /usr/bin/bash -e {0}
Android Tests (0)	UNKNOWN STEP	2026-02-25T20:33:38.1653622Z env:
Android Tests (0)	UNKNOWN STEP	2026-02-25T20:33:38.1653874Z   CACHE_VERSION: v1
Android Tests (0)	UNKNOWN STEP	2026-02-25T20:33:38.1654341Z   JAVA_HOME: /opt/hostedtoolcache/Java_Temurin-Hotspot_jdk/17.0.18-8/x64
Android Tests (0)	UNKNOWN STEP	2026-02-25T20:33:38.1655084Z   JAVA_HOME_17_X64: /opt/hostedtoolcache/Java_Temurin-Hotspot_jdk/17.0.18-8/x64
Android Tests (0)	UNKNOWN STEP	2026-02-25T20:33:38.1655771Z   FLUTTER_ROOT: /opt/hostedtoolcache/flutter/stable-3.41.2-x64
Android Tests (0)	UNKNOWN STEP	2026-02-25T20:33:38.1656284Z   PUB_CACHE: /home/runner/.pub-cache
Android Tests (0)	UNKNOWN STEP	2026-02-25T20:33:38.1656685Z   ANDROID_AVD_HOME: /home/runner/.android/avd
Android Tests (0)	UNKNOWN STEP	2026-02-25T20:33:38.1657153Z ##[endgroup]
Android Tests (0)	UNKNOWN STEP	2026-02-25T20:33:38.3631164Z time="2026-02-25T20:33:38Z" level=warning msg="/home/runner/work/substitution/substitution/docker-compose.yml: the attribute `version` is obsolete, it will be ignored, please remove it to avoid potential confusion"
Android Tests (0)	UNKNOWN STEP	2026-02-25T20:33:38.3767356Z  Container substitution-redis-1  Stopping
Android Tests (0)	UNKNOWN STEP	2026-02-25T20:33:38.3768568Z  Container substitution-matrix-synapse-1  Stopping
Android Tests (0)	UNKNOWN STEP	2026-02-25T20:33:39.0576211Z  Container substitution-redis-1  Stopped
Android Tests (0)	UNKNOWN STEP	2026-02-25T20:33:39.0580206Z  Container substitution-redis-1  Removing
Android Tests (0)	UNKNOWN STEP	2026-02-25T20:33:39.0675257Z  Container substitution-redis-1  Removed
Android Tests (0)	UNKNOWN STEP	2026-02-25T20:33:39.0746916Z  Container substitution-matrix-synapse-1  Stopped
Android Tests (0)	UNKNOWN STEP	2026-02-25T20:33:39.0748767Z  Container substitution-matrix-synapse-1  Removing
Android Tests (0)	UNKNOWN STEP	2026-02-25T20:33:39.1519306Z  Container substitution-matrix-synapse-1  Removed
Android Tests (0)	UNKNOWN STEP	2026-02-25T20:33:39.1520208Z  Container substitution-postgres-1  Stopping
Android Tests (0)	UNKNOWN STEP	2026-02-25T20:33:39.1520835Z  Container substitution-dex-1  Stopping
Android Tests (0)	UNKNOWN STEP	2026-02-25T20:33:39.3166996Z  Container substitution-dex-1  Stopped
Android Tests (0)	UNKNOWN STEP	2026-02-25T20:33:39.3170622Z  Container substitution-dex-1  Removing
Android Tests (0)	UNKNOWN STEP	2026-02-25T20:33:39.3186458Z  Container substitution-postgres-1  Stopped
Android Tests (0)	UNKNOWN STEP	2026-02-25T20:33:39.3189694Z  Container substitution-postgres-1  Removing
Android Tests (0)	UNKNOWN STEP	2026-02-25T20:33:39.3263099Z  Container substitution-dex-1  Removed
Android Tests (0)	UNKNOWN STEP	2026-02-25T20:33:39.3909656Z  Container substitution-postgres-1  Removed
Android Tests (0)	UNKNOWN STEP	2026-02-25T20:33:39.3918540Z  Network substitution_substitution_network  Removing
Android Tests (0)	UNKNOWN STEP	2026-02-25T20:33:39.4793825Z  Network substitution_substitution_network  Removed
Android Tests (0)	UNKNOWN STEP	2026-02-25T20:33:39.5038469Z Post job cleanup.
Android Tests (0)	UNKNOWN STEP	2026-02-25T20:33:39.5105303Z Post job cleanup.
Android Tests (0)	UNKNOWN STEP	2026-02-25T20:33:39.7231200Z Post job cleanup.
Android Tests (0)	UNKNOWN STEP	2026-02-25T20:33:39.8294036Z [command]/usr/bin/git version
Android Tests (0)	UNKNOWN STEP	2026-02-25T20:33:39.8337035Z git version 2.53.0
Android Tests (0)	UNKNOWN STEP	2026-02-25T20:33:39.8394277Z Temporarily overriding HOME='/home/runner/work/_temp/71333734-605c-4412-b981-4bc6d7336f2b' before making global git config changes
Android Tests (0)	UNKNOWN STEP	2026-02-25T20:33:39.8395570Z Adding repository directory to the temporary git global config as a safe directory
Android Tests (0)	UNKNOWN STEP	2026-02-25T20:33:39.8399565Z [command]/usr/bin/git config --global --add safe.directory /home/runner/work/substitution/substitution
Android Tests (0)	UNKNOWN STEP	2026-02-25T20:33:39.8440211Z [command]/usr/bin/git config --local --name-only --get-regexp core\.sshCommand
Android Tests (0)	UNKNOWN STEP	2026-02-25T20:33:39.8476787Z [command]/usr/bin/git submodule foreach --recursive sh -c "git config --local --name-only --get-regexp 'core\.sshCommand' && git config --local --unset-all 'core.sshCommand' || :"
Android Tests (0)	UNKNOWN STEP	2026-02-25T20:33:39.8791886Z [command]/usr/bin/git config --local --name-only --get-regexp http\.https\:\/\/github\.com\/\.extraheader
Android Tests (0)	UNKNOWN STEP	2026-02-25T20:33:39.8818335Z http.https://github.com/.extraheader
Android Tests (0)	UNKNOWN STEP	2026-02-25T20:33:39.8833187Z [command]/usr/bin/git config --local --unset-all http.https://github.com/.extraheader
Android Tests (0)	UNKNOWN STEP	2026-02-25T20:33:39.8867967Z [command]/usr/bin/git submodule foreach --recursive sh -c "git config --local --name-only --get-regexp 'http\.https\:\/\/github\.com\/\.extraheader' && git config --local --unset-all 'http.https://github.com/.extraheader' || :"
Android Tests (0)	UNKNOWN STEP	2026-02-25T20:33:39.9134918Z [command]/usr/bin/git config --local --name-only --get-regexp ^includeIf\.gitdir:
Android Tests (0)	UNKNOWN STEP	2026-02-25T20:33:39.9170935Z [command]/usr/bin/git submodule foreach --recursive git config --local --show-origin --name-only --get-regexp remote.origin.url
Android Tests (0)	UNKNOWN STEP	2026-02-25T20:33:39.9565051Z Cleaning up orphan processes
Android Tests (0)	UNKNOWN STEP	2026-02-25T20:33:39.9954811Z Terminate orphan process: pid (7564) (java)
Android Tests (0)	UNKNOWN STEP	2026-02-25T20:33:40.0091155Z Terminate orphan process: pid (8490) (java)
Android Tests (0)	UNKNOWN STEP	2026-02-25T20:33:40.0262525Z Terminate orphan process: pid (13932) (java)
Android Tests (0)	UNKNOWN STEP	2026-02-25T20:33:40.0458529Z Terminate orphan process: pid (39705) (java)
Android Tests (0)	UNKNOWN STEP	2026-02-25T20:33:40.0585530Z Terminate orphan process: pid (39837) (dart:flutter_to)
Android Tests (0)	UNKNOWN STEP	2026-02-25T20:33:40.0710042Z Terminate orphan process: pid (39890) (dart:frontend_s)
Web Tests (2)	UNKNOWN STEP	﻿2026-02-25T19:48:13.7604848Z Current runner version: '2.331.0'
Web Tests (2)	UNKNOWN STEP	2026-02-25T19:48:13.7637101Z ##[group]Runner Image Provisioner
Web Tests (2)	UNKNOWN STEP	2026-02-25T19:48:13.7638270Z Hosted Compute Agent
Web Tests (2)	UNKNOWN STEP	2026-02-25T19:48:13.7639200Z Version: 20260213.493
Web Tests (2)	UNKNOWN STEP	2026-02-25T19:48:13.7640730Z Commit: 5c115507f6dd24b8de37d8bbe0bb4509d0cc0fa3
Web Tests (2)	UNKNOWN STEP	2026-02-25T19:48:13.7641874Z Build Date: 2026-02-13T00:28:41Z
Web Tests (2)	UNKNOWN STEP	2026-02-25T19:48:13.7642928Z Worker ID: {643e021a-aa23-43f7-be26-52b8b280d9eb}
Web Tests (2)	UNKNOWN STEP	2026-02-25T19:48:13.7644227Z Azure Region: centralus
Web Tests (2)	UNKNOWN STEP	2026-02-25T19:48:13.7645231Z ##[endgroup]
Web Tests (2)	UNKNOWN STEP	2026-02-25T19:48:13.7647235Z ##[group]Operating System
Web Tests (2)	UNKNOWN STEP	2026-02-25T19:48:13.7648356Z Ubuntu
Web Tests (2)	UNKNOWN STEP	2026-02-25T19:48:13.7649194Z 24.04.3
Web Tests (2)	UNKNOWN STEP	2026-02-25T19:48:13.7650230Z LTS
Web Tests (2)	UNKNOWN STEP	2026-02-25T19:48:13.7651208Z ##[endgroup]
Web Tests (2)	UNKNOWN STEP	2026-02-25T19:48:13.7652054Z ##[group]Runner Image
Web Tests (2)	UNKNOWN STEP	2026-02-25T19:48:13.7653100Z Image: ubuntu-24.04
Web Tests (2)	UNKNOWN STEP	2026-02-25T19:48:13.7654008Z Version: 20260224.36.1
Web Tests (2)	UNKNOWN STEP	2026-02-25T19:48:13.7656003Z Included Software: https://github.com/actions/runner-images/blob/ubuntu24/20260224.36/images/ubuntu/Ubuntu2404-Readme.md
Web Tests (2)	UNKNOWN STEP	2026-02-25T19:48:13.7658803Z Image Release: https://github.com/actions/runner-images/releases/tag/ubuntu24%2F20260224.36
Web Tests (2)	UNKNOWN STEP	2026-02-25T19:48:13.7660870Z ##[endgroup]
Web Tests (2)	UNKNOWN STEP	2026-02-25T19:48:13.7662709Z ##[group]GITHUB_TOKEN Permissions
Web Tests (2)	UNKNOWN STEP	2026-02-25T19:48:13.7665799Z Contents: read
Web Tests (2)	UNKNOWN STEP	2026-02-25T19:48:13.7666754Z Metadata: read
Web Tests (2)	UNKNOWN STEP	2026-02-25T19:48:13.7667552Z Packages: read
Web Tests (2)	UNKNOWN STEP	2026-02-25T19:48:13.7668591Z ##[endgroup]
Web Tests (2)	UNKNOWN STEP	2026-02-25T19:48:13.7671549Z Secret source: Actions
Web Tests (2)	UNKNOWN STEP	2026-02-25T19:48:13.7673215Z Prepare workflow directory
Web Tests (2)	UNKNOWN STEP	2026-02-25T19:48:13.8127466Z Prepare all required actions
Web Tests (2)	UNKNOWN STEP	2026-02-25T19:48:13.8181765Z Getting action download info
Web Tests (2)	UNKNOWN STEP	2026-02-25T19:48:14.1876580Z Download action repository 'actions/checkout@v4' (SHA:34e114876b0b11c390a56381ad16ebd13914f8d5)
Web Tests (2)	UNKNOWN STEP	2026-02-25T19:48:14.3325466Z Download action repository 'subosito/flutter-action@v2' (SHA:fd55f4c5af5b953cc57a2be44cb082c8f6635e8e)
Web Tests (2)	UNKNOWN STEP	2026-02-25T19:48:14.8475753Z Getting action download info
Web Tests (2)	UNKNOWN STEP	2026-02-25T19:48:14.9765429Z Download action repository 'actions/cache@v4' (SHA:0057852bfaa89a56745cba8c7296529d2fc39830)
Web Tests (2)	UNKNOWN STEP	2026-02-25T19:48:15.1471981Z Complete job name: Web Tests (2)
Web Tests (2)	UNKNOWN STEP	2026-02-25T19:48:15.2317976Z ##[group]Run actions/checkout@v4
Web Tests (2)	UNKNOWN STEP	2026-02-25T19:48:15.2319272Z with:
Web Tests (2)	UNKNOWN STEP	2026-02-25T19:48:15.2320221Z   repository: floffel/substitution
Web Tests (2)	UNKNOWN STEP	2026-02-25T19:48:15.2321462Z   token: ***
Web Tests (2)	UNKNOWN STEP	2026-02-25T19:48:15.2322195Z   ssh-strict: true
Web Tests (2)	UNKNOWN STEP	2026-02-25T19:48:15.2322942Z   ssh-user: git
Web Tests (2)	UNKNOWN STEP	2026-02-25T19:48:15.2323706Z   persist-credentials: true
Web Tests (2)	UNKNOWN STEP	2026-02-25T19:48:15.2324560Z   clean: true
Web Tests (2)	UNKNOWN STEP	2026-02-25T19:48:15.2325334Z   sparse-checkout-cone-mode: true
Web Tests (2)	UNKNOWN STEP	2026-02-25T19:48:15.2326269Z   fetch-depth: 1
Web Tests (2)	UNKNOWN STEP	2026-02-25T19:48:15.2327023Z   fetch-tags: false
Web Tests (2)	UNKNOWN STEP	2026-02-25T19:48:15.2327790Z   show-progress: true
Web Tests (2)	UNKNOWN STEP	2026-02-25T19:48:15.2328580Z   lfs: false
Web Tests (2)	UNKNOWN STEP	2026-02-25T19:48:15.2329336Z   submodules: false
Web Tests (2)	UNKNOWN STEP	2026-02-25T19:48:15.2330301Z   set-safe-directory: true
Web Tests (2)	UNKNOWN STEP	2026-02-25T19:48:15.2331410Z env:
Web Tests (2)	UNKNOWN STEP	2026-02-25T19:48:15.2332149Z   CACHE_VERSION: v1
Web Tests (2)	UNKNOWN STEP	2026-02-25T19:48:15.2332899Z ##[endgroup]
Web Tests (2)	UNKNOWN STEP	2026-02-25T19:48:15.3436320Z Syncing repository: floffel/substitution
Web Tests (2)	UNKNOWN STEP	2026-02-25T19:48:15.3438968Z ##[group]Getting Git version info
Web Tests (2)	UNKNOWN STEP	2026-02-25T19:48:15.3440716Z Working directory is '/home/runner/work/substitution/substitution'
Web Tests (2)	UNKNOWN STEP	2026-02-25T19:48:15.3442646Z [command]/usr/bin/git version
Web Tests (2)	UNKNOWN STEP	2026-02-25T19:48:15.3513060Z git version 2.53.0
Web Tests (2)	UNKNOWN STEP	2026-02-25T19:48:15.3540161Z ##[endgroup]
Web Tests (2)	UNKNOWN STEP	2026-02-25T19:48:15.3556736Z Temporarily overriding HOME='/home/runner/work/_temp/fe89de32-a875-4123-af5a-4d4dac7bc2f2' before making global git config changes
Web Tests (2)	UNKNOWN STEP	2026-02-25T19:48:15.3559619Z Adding repository directory to the temporary git global config as a safe directory
Web Tests (2)	UNKNOWN STEP	2026-02-25T19:48:15.3562759Z [command]/usr/bin/git config --global --add safe.directory /home/runner/work/substitution/substitution
Web Tests (2)	UNKNOWN STEP	2026-02-25T19:48:15.3600089Z Deleting the contents of '/home/runner/work/substitution/substitution'
Web Tests (2)	UNKNOWN STEP	2026-02-25T19:48:15.3603558Z ##[group]Initializing the repository
Web Tests (2)	UNKNOWN STEP	2026-02-25T19:48:15.3607583Z [command]/usr/bin/git init /home/runner/work/substitution/substitution
Web Tests (2)	UNKNOWN STEP	2026-02-25T19:48:15.3700803Z hint: Using 'master' as the name for the initial branch. This default branch name
Web Tests (2)	UNKNOWN STEP	2026-02-25T19:48:15.3704292Z hint: will change to "main" in Git 3.0. To configure the initial branch name
Web Tests (2)	UNKNOWN STEP	2026-02-25T19:48:15.3706898Z hint: to use in all of your new repositories, which will suppress this warning,
Web Tests (2)	UNKNOWN STEP	2026-02-25T19:48:15.3708280Z hint: call:
Web Tests (2)	UNKNOWN STEP	2026-02-25T19:48:15.3708956Z hint:
Web Tests (2)	UNKNOWN STEP	2026-02-25T19:48:15.3710124Z hint: 	git config --global init.defaultBranch <name>
Web Tests (2)	UNKNOWN STEP	2026-02-25T19:48:15.3711765Z hint:
Web Tests (2)	UNKNOWN STEP	2026-02-25T19:48:15.3712801Z hint: Names commonly chosen instead of 'master' are 'main', 'trunk' and
Web Tests (2)	UNKNOWN STEP	2026-02-25T19:48:15.3714518Z hint: 'development'. The just-created branch can be renamed via this command:
Web Tests (2)	UNKNOWN STEP	2026-02-25T19:48:15.3716463Z hint:
Web Tests (2)	UNKNOWN STEP	2026-02-25T19:48:15.3717166Z hint: 	git branch -m <name>
Web Tests (2)	UNKNOWN STEP	2026-02-25T19:48:15.3718001Z hint:
Web Tests (2)	UNKNOWN STEP	2026-02-25T19:48:15.3719105Z hint: Disable this message with "git config set advice.defaultBranchName false"
Web Tests (2)	UNKNOWN STEP	2026-02-25T19:48:15.3721575Z Initialized empty Git repository in /home/runner/work/substitution/substitution/.git/
Web Tests (2)	UNKNOWN STEP	2026-02-25T19:48:15.3724637Z [command]/usr/bin/git remote add origin https://github.com/floffel/substitution
Web Tests (2)	UNKNOWN STEP	2026-02-25T19:48:15.3752904Z ##[endgroup]
Web Tests (2)	UNKNOWN STEP	2026-02-25T19:48:15.3756648Z ##[group]Disabling automatic garbage collection
Web Tests (2)	UNKNOWN STEP	2026-02-25T19:48:15.3757865Z [command]/usr/bin/git config --local gc.auto 0
Web Tests (2)	UNKNOWN STEP	2026-02-25T19:48:15.3786437Z ##[endgroup]
Web Tests (2)	UNKNOWN STEP	2026-02-25T19:48:15.3787679Z ##[group]Setting up auth
Web Tests (2)	UNKNOWN STEP	2026-02-25T19:48:15.3792967Z [command]/usr/bin/git config --local --name-only --get-regexp core\.sshCommand
Web Tests (2)	UNKNOWN STEP	2026-02-25T19:48:15.3824200Z [command]/usr/bin/git submodule foreach --recursive sh -c "git config --local --name-only --get-regexp 'core\.sshCommand' && git config --local --unset-all 'core.sshCommand' || :"
Web Tests (2)	UNKNOWN STEP	2026-02-25T19:48:15.4180344Z [command]/usr/bin/git config --local --name-only --get-regexp http\.https\:\/\/github\.com\/\.extraheader
Web Tests (2)	UNKNOWN STEP	2026-02-25T19:48:15.4210908Z [command]/usr/bin/git submodule foreach --recursive sh -c "git config --local --name-only --get-regexp 'http\.https\:\/\/github\.com\/\.extraheader' && git config --local --unset-all 'http.https://github.com/.extraheader' || :"
Web Tests (2)	UNKNOWN STEP	2026-02-25T19:48:15.4442386Z [command]/usr/bin/git config --local --name-only --get-regexp ^includeIf\.gitdir:
Web Tests (2)	UNKNOWN STEP	2026-02-25T19:48:15.4482697Z [command]/usr/bin/git submodule foreach --recursive git config --local --show-origin --name-only --get-regexp remote.origin.url
Web Tests (2)	UNKNOWN STEP	2026-02-25T19:48:15.4715260Z [command]/usr/bin/git config --local http.https://github.com/.extraheader AUTHORIZATION: basic ***
Web Tests (2)	UNKNOWN STEP	2026-02-25T19:48:15.4750883Z ##[endgroup]
Web Tests (2)	UNKNOWN STEP	2026-02-25T19:48:15.4752970Z ##[group]Fetching the repository
Web Tests (2)	UNKNOWN STEP	2026-02-25T19:48:15.4760541Z [command]/usr/bin/git -c protocol.version=2 fetch --no-tags --prune --no-recurse-submodules --depth=1 origin +0408461b08eee1bbe2c516702bd1813b916d3e4c:refs/remotes/pull/1/merge
Web Tests (2)	UNKNOWN STEP	2026-02-25T19:48:16.5785491Z From https://github.com/floffel/substitution
Web Tests (2)	UNKNOWN STEP	2026-02-25T19:48:16.5788378Z  * [new ref]         0408461b08eee1bbe2c516702bd1813b916d3e4c -> pull/1/merge
Web Tests (2)	UNKNOWN STEP	2026-02-25T19:48:16.5821479Z ##[endgroup]
Web Tests (2)	UNKNOWN STEP	2026-02-25T19:48:16.5823118Z ##[group]Determining the checkout info
Web Tests (2)	UNKNOWN STEP	2026-02-25T19:48:16.5824657Z ##[endgroup]
Web Tests (2)	UNKNOWN STEP	2026-02-25T19:48:16.5828550Z [command]/usr/bin/git sparse-checkout disable
Web Tests (2)	UNKNOWN STEP	2026-02-25T19:48:16.5872343Z [command]/usr/bin/git config --local --unset-all extensions.worktreeConfig
Web Tests (2)	UNKNOWN STEP	2026-02-25T19:48:16.5898436Z ##[group]Checking out the ref
Web Tests (2)	UNKNOWN STEP	2026-02-25T19:48:16.5902379Z [command]/usr/bin/git checkout --progress --force refs/remotes/pull/1/merge
Web Tests (2)	UNKNOWN STEP	2026-02-25T19:48:16.8793045Z Note: switching to 'refs/remotes/pull/1/merge'.
Web Tests (2)	UNKNOWN STEP	2026-02-25T19:48:16.8794405Z 
Web Tests (2)	UNKNOWN STEP	2026-02-25T19:48:16.8795495Z You are in 'detached HEAD' state. You can look around, make experimental
Web Tests (2)	UNKNOWN STEP	2026-02-25T19:48:16.8798245Z changes and commit them, and you can discard any commits you make in this
Web Tests (2)	UNKNOWN STEP	2026-02-25T19:48:16.8801287Z state without impacting any branches by switching back to a branch.
Web Tests (2)	UNKNOWN STEP	2026-02-25T19:48:16.8802926Z 
Web Tests (2)	UNKNOWN STEP	2026-02-25T19:48:16.8803983Z If you want to create a new branch to retain commits you create, you may
Web Tests (2)	UNKNOWN STEP	2026-02-25T19:48:16.8806619Z do so (now or later) by using -c with the switch command. Example:
Web Tests (2)	UNKNOWN STEP	2026-02-25T19:48:16.8807563Z 
Web Tests (2)	UNKNOWN STEP	2026-02-25T19:48:16.8807921Z   git switch -c <new-branch-name>
Web Tests (2)	UNKNOWN STEP	2026-02-25T19:48:16.8808543Z 
Web Tests (2)	UNKNOWN STEP	2026-02-25T19:48:16.8808882Z Or undo this operation with:
Web Tests (2)	UNKNOWN STEP	2026-02-25T19:48:16.8809445Z 
Web Tests (2)	UNKNOWN STEP	2026-02-25T19:48:16.8809966Z   git switch -
Web Tests (2)	UNKNOWN STEP	2026-02-25T19:48:16.8810547Z 
Web Tests (2)	UNKNOWN STEP	2026-02-25T19:48:16.8812215Z Turn off this advice by setting config variable advice.detachedHead to false
Web Tests (2)	UNKNOWN STEP	2026-02-25T19:48:16.8813528Z 
Web Tests (2)	UNKNOWN STEP	2026-02-25T19:48:16.8814748Z HEAD is now at 0408461 Merge 86c2f4a4443179a61e99b4f5d2c467a0f9c43a72 into 74cc852017b0f1fdeb37326726f5fee7effe2248
Web Tests (2)	UNKNOWN STEP	2026-02-25T19:48:16.8818630Z ##[endgroup]
Web Tests (2)	UNKNOWN STEP	2026-02-25T19:48:16.8851440Z [command]/usr/bin/git log -1 --format=%H
Web Tests (2)	UNKNOWN STEP	2026-02-25T19:48:16.8874653Z 0408461b08eee1bbe2c516702bd1813b916d3e4c
Web Tests (2)	UNKNOWN STEP	2026-02-25T19:48:16.9493569Z ##[group]Run subosito/flutter-action@v2
Web Tests (2)	UNKNOWN STEP	2026-02-25T19:48:16.9494536Z with:
Web Tests (2)	UNKNOWN STEP	2026-02-25T19:48:16.9495169Z   channel: stable
Web Tests (2)	UNKNOWN STEP	2026-02-25T19:48:16.9495850Z   cache: true
Web Tests (2)	UNKNOWN STEP	2026-02-25T19:48:16.9496537Z   architecture: X64
Web Tests (2)	UNKNOWN STEP	2026-02-25T19:48:16.9497257Z   pub-cache-path: default
Web Tests (2)	UNKNOWN STEP	2026-02-25T19:48:16.9498043Z   dry-run: false
Web Tests (2)	UNKNOWN STEP	2026-02-25T19:48:16.9498882Z   git-source: https://github.com/flutter/flutter.git
Web Tests (2)	UNKNOWN STEP	2026-02-25T19:48:16.9500068Z env:
Web Tests (2)	UNKNOWN STEP	2026-02-25T19:48:16.9500695Z   CACHE_VERSION: v1
Web Tests (2)	UNKNOWN STEP	2026-02-25T19:48:16.9501392Z ##[endgroup]
Web Tests (2)	UNKNOWN STEP	2026-02-25T19:48:16.9637282Z ##[group]Run chmod +x "$GITHUB_ACTION_PATH/setup.sh"
Web Tests (2)	UNKNOWN STEP	2026-02-25T19:48:16.9638495Z [36;1mchmod +x "$GITHUB_ACTION_PATH/setup.sh"[0m
Web Tests (2)	UNKNOWN STEP	2026-02-25T19:48:16.9696997Z shell: /usr/bin/bash --noprofile --norc -e -o pipefail {0}
Web Tests (2)	UNKNOWN STEP	2026-02-25T19:48:16.9698107Z env:
Web Tests (2)	UNKNOWN STEP	2026-02-25T19:48:16.9698730Z   CACHE_VERSION: v1
Web Tests (2)	UNKNOWN STEP	2026-02-25T19:48:16.9699431Z ##[endgroup]
Web Tests (2)	UNKNOWN STEP	2026-02-25T19:48:16.9892559Z ##[group]Run $GITHUB_ACTION_PATH/setup.sh -p \
Web Tests (2)	UNKNOWN STEP	2026-02-25T19:48:16.9893777Z [36;1m$GITHUB_ACTION_PATH/setup.sh -p \[0m
Web Tests (2)	UNKNOWN STEP	2026-02-25T19:48:16.9894754Z [36;1m  -n '' \[0m
Web Tests (2)	UNKNOWN STEP	2026-02-25T19:48:16.9895449Z [36;1m  -f '' \[0m
Web Tests (2)	UNKNOWN STEP	2026-02-25T19:48:16.9896156Z [36;1m  -a 'X64' \[0m
Web Tests (2)	UNKNOWN STEP	2026-02-25T19:48:16.9896900Z [36;1m  -k '' \[0m
Web Tests (2)	UNKNOWN STEP	2026-02-25T19:48:16.9897597Z [36;1m  -c '' \[0m
Web Tests (2)	UNKNOWN STEP	2026-02-25T19:48:16.9898292Z [36;1m  -l '' \[0m
Web Tests (2)	UNKNOWN STEP	2026-02-25T19:48:16.9899004Z [36;1m  -d 'default' \[0m
Web Tests (2)	UNKNOWN STEP	2026-02-25T19:48:16.9900184Z [36;1m  -g 'https://github.com/flutter/flutter.git' \[0m
Web Tests (2)	UNKNOWN STEP	2026-02-25T19:48:16.9901267Z [36;1m  stable[0m
Web Tests (2)	UNKNOWN STEP	2026-02-25T19:48:16.9951277Z shell: /usr/bin/bash --noprofile --norc -e -o pipefail {0}
Web Tests (2)	UNKNOWN STEP	2026-02-25T19:48:16.9952399Z env:
Web Tests (2)	UNKNOWN STEP	2026-02-25T19:48:16.9953012Z   CACHE_VERSION: v1
Web Tests (2)	UNKNOWN STEP	2026-02-25T19:48:16.9953708Z ##[endgroup]
Web Tests (2)	UNKNOWN STEP	2026-02-25T19:48:17.3200288Z ##[group]Run actions/cache@v4
Web Tests (2)	UNKNOWN STEP	2026-02-25T19:48:17.3200642Z with:
Web Tests (2)	UNKNOWN STEP	2026-02-25T19:48:17.3200976Z   path: /opt/hostedtoolcache/flutter/stable-3.41.2-x64
Web Tests (2)	UNKNOWN STEP	2026-02-25T19:48:17.3201555Z   key: flutter-linux-stable-3.41.2-x64-90673a4eef275d1a6692c26ac80d6d746d41a73a
Web Tests (2)	UNKNOWN STEP	2026-02-25T19:48:17.3202092Z   enableCrossOsArchive: false
Web Tests (2)	UNKNOWN STEP	2026-02-25T19:48:17.3202429Z   fail-on-cache-miss: false
Web Tests (2)	UNKNOWN STEP	2026-02-25T19:48:17.3202738Z   lookup-only: false
Web Tests (2)	UNKNOWN STEP	2026-02-25T19:48:17.3203045Z   save-always: false
Web Tests (2)	UNKNOWN STEP	2026-02-25T19:48:17.3203312Z env:
Web Tests (2)	UNKNOWN STEP	2026-02-25T19:48:17.3203563Z   CACHE_VERSION: v1
Web Tests (2)	UNKNOWN STEP	2026-02-25T19:48:17.3203829Z ##[endgroup]
Web Tests (2)	UNKNOWN STEP	2026-02-25T19:48:17.5945609Z Cache hit for: flutter-linux-stable-3.41.2-x64-90673a4eef275d1a6692c26ac80d6d746d41a73a
Web Tests (2)	UNKNOWN STEP	2026-02-25T19:48:18.7834334Z Received 88080384 of 1665993529 (5.3%), 83.8 MBs/sec
Web Tests (2)	UNKNOWN STEP	2026-02-25T19:48:19.7840292Z Received 260046848 of 1665993529 (15.6%), 123.9 MBs/sec
Web Tests (2)	UNKNOWN STEP	2026-02-25T19:48:20.7956592Z Received 402653184 of 1665993529 (24.2%), 127.4 MBs/sec
Web Tests (2)	UNKNOWN STEP	2026-02-25T19:48:21.7972776Z Received 570425344 of 1665993529 (34.2%), 135.5 MBs/sec
Web Tests (2)	UNKNOWN STEP	2026-02-25T19:48:22.7976448Z Received 725614592 of 1665993529 (43.6%), 138.0 MBs/sec
Web Tests (2)	UNKNOWN STEP	2026-02-25T19:48:23.8020989Z Received 910163968 of 1665993529 (54.6%), 144.2 MBs/sec
Web Tests (2)	UNKNOWN STEP	2026-02-25T19:48:24.8152713Z Received 1073741824 of 1665993529 (64.5%), 145.6 MBs/sec
Web Tests (2)	UNKNOWN STEP	2026-02-25T19:48:25.8157289Z Received 1220542464 of 1665993529 (73.3%), 144.9 MBs/sec
Web Tests (2)	UNKNOWN STEP	2026-02-25T19:48:26.8164655Z Received 1384120320 of 1665993529 (83.1%), 146.1 MBs/sec
Web Tests (2)	UNKNOWN STEP	2026-02-25T19:48:27.8165530Z Received 1530920960 of 1665993529 (91.9%), 145.5 MBs/sec
Web Tests (2)	UNKNOWN STEP	2026-02-25T19:48:28.8174633Z Received 1649216313 of 1665993529 (99.0%), 142.5 MBs/sec
Web Tests (2)	UNKNOWN STEP	2026-02-25T19:48:29.0581969Z Received 1665993529 of 1665993529 (100.0%), 140.9 MBs/sec
Web Tests (2)	UNKNOWN STEP	2026-02-25T19:48:29.0585250Z Cache Size: ~1589 MB (1665993529 B)
Web Tests (2)	UNKNOWN STEP	2026-02-25T19:48:29.0669502Z [command]/usr/bin/tar -xf /home/runner/work/_temp/94155b95-7a55-409c-ae73-12fe035550ad/cache.tzst -P -C /home/runner/work/substitution/substitution --use-compress-program unzstd
Web Tests (2)	UNKNOWN STEP	2026-02-25T19:48:33.7861892Z Cache restored successfully
Web Tests (2)	UNKNOWN STEP	2026-02-25T19:48:34.0993003Z Cache restored from key: flutter-linux-stable-3.41.2-x64-90673a4eef275d1a6692c26ac80d6d746d41a73a
Web Tests (2)	UNKNOWN STEP	2026-02-25T19:48:34.2273372Z ##[group]Run actions/cache@v4
Web Tests (2)	UNKNOWN STEP	2026-02-25T19:48:34.2273900Z with:
Web Tests (2)	UNKNOWN STEP	2026-02-25T19:48:34.2274104Z   path: /home/runner/.pub-cache
Web Tests (2)	UNKNOWN STEP	2026-02-25T19:48:34.2274820Z   key: flutter-pub-linux-stable-3.41.2-x64-90673a4eef275d1a6692c26ac80d6d746d41a73a-fabacfc13d2b7e18a7fb2822593662b03764f624bf41fd351cdabec60fb27783
Web Tests (2)	UNKNOWN STEP	2026-02-25T19:48:34.2275558Z   enableCrossOsArchive: false
Web Tests (2)	UNKNOWN STEP	2026-02-25T19:48:34.2275799Z   fail-on-cache-miss: false
Web Tests (2)	UNKNOWN STEP	2026-02-25T19:48:34.2276025Z   lookup-only: false
Web Tests (2)	UNKNOWN STEP	2026-02-25T19:48:34.2276225Z   save-always: false
Web Tests (2)	UNKNOWN STEP	2026-02-25T19:48:34.2276414Z env:
Web Tests (2)	UNKNOWN STEP	2026-02-25T19:48:34.2276586Z   CACHE_VERSION: v1
Web Tests (2)	UNKNOWN STEP	2026-02-25T19:48:34.2276776Z ##[endgroup]
Web Tests (2)	UNKNOWN STEP	2026-02-25T19:48:34.5193778Z Cache hit for: flutter-pub-linux-stable-3.41.2-x64-90673a4eef275d1a6692c26ac80d6d746d41a73a-fabacfc13d2b7e18a7fb2822593662b03764f624bf41fd351cdabec60fb27783
Web Tests (2)	UNKNOWN STEP	2026-02-25T19:48:35.7136620Z Received 100663296 of 133563121 (75.4%), 95.9 MBs/sec
Web Tests (2)	UNKNOWN STEP	2026-02-25T19:48:35.9805259Z Received 133563121 of 133563121 (100.0%), 100.5 MBs/sec
Web Tests (2)	UNKNOWN STEP	2026-02-25T19:48:35.9806452Z Cache Size: ~127 MB (133563121 B)
Web Tests (2)	UNKNOWN STEP	2026-02-25T19:48:35.9835984Z [command]/usr/bin/tar -xf /home/runner/work/_temp/216a78a2-c2e1-4178-8f46-b8612ff8385e/cache.tzst -P -C /home/runner/work/substitution/substitution --use-compress-program unzstd
Web Tests (2)	UNKNOWN STEP	2026-02-25T19:48:37.6439972Z Cache restored successfully
Web Tests (2)	UNKNOWN STEP	2026-02-25T19:48:37.6804408Z Cache restored from key: flutter-pub-linux-stable-3.41.2-x64-90673a4eef275d1a6692c26ac80d6d746d41a73a-fabacfc13d2b7e18a7fb2822593662b03764f624bf41fd351cdabec60fb27783
Web Tests (2)	UNKNOWN STEP	2026-02-25T19:48:37.6924973Z ##[group]Run $GITHUB_ACTION_PATH/setup.sh \
Web Tests (2)	UNKNOWN STEP	2026-02-25T19:48:37.6925327Z [36;1m$GITHUB_ACTION_PATH/setup.sh \[0m
Web Tests (2)	UNKNOWN STEP	2026-02-25T19:48:37.6925598Z [36;1m  -n '3.41.2' \[0m
Web Tests (2)	UNKNOWN STEP	2026-02-25T19:48:37.6925821Z [36;1m  -a 'x64' \[0m
Web Tests (2)	UNKNOWN STEP	2026-02-25T19:48:37.6926119Z [36;1m  -c '/opt/hostedtoolcache/flutter/stable-3.41.2-x64' \[0m
Web Tests (2)	UNKNOWN STEP	2026-02-25T19:48:37.6926478Z [36;1m  -d '/home/runner/.pub-cache' \[0m
Web Tests (2)	UNKNOWN STEP	2026-02-25T19:48:37.6926735Z [36;1m  stable[0m
Web Tests (2)	UNKNOWN STEP	2026-02-25T19:48:37.6976188Z shell: /usr/bin/bash --noprofile --norc -e -o pipefail {0}
Web Tests (2)	UNKNOWN STEP	2026-02-25T19:48:37.6976555Z env:
Web Tests (2)	UNKNOWN STEP	2026-02-25T19:48:37.6976736Z   CACHE_VERSION: v1
Web Tests (2)	UNKNOWN STEP	2026-02-25T19:48:37.6976943Z ##[endgroup]
Web Tests (2)	UNKNOWN STEP	2026-02-25T19:48:37.9783197Z ##[group]Run flutter pub get
Web Tests (2)	UNKNOWN STEP	2026-02-25T19:48:37.9783500Z [36;1mflutter pub get[0m
Web Tests (2)	UNKNOWN STEP	2026-02-25T19:48:37.9834992Z shell: /usr/bin/bash -e {0}
Web Tests (2)	UNKNOWN STEP	2026-02-25T19:48:37.9835251Z env:
Web Tests (2)	UNKNOWN STEP	2026-02-25T19:48:37.9835441Z   CACHE_VERSION: v1
Web Tests (2)	UNKNOWN STEP	2026-02-25T19:48:37.9835749Z   FLUTTER_ROOT: /opt/hostedtoolcache/flutter/stable-3.41.2-x64
Web Tests (2)	UNKNOWN STEP	2026-02-25T19:48:37.9836118Z   PUB_CACHE: /home/runner/.pub-cache
Web Tests (2)	UNKNOWN STEP	2026-02-25T19:48:37.9836382Z ##[endgroup]
Web Tests (2)	UNKNOWN STEP	2026-02-25T19:48:38.3456004Z Resolving dependencies...
Web Tests (2)	UNKNOWN STEP	2026-02-25T19:48:38.8066490Z Downloading packages...
Web Tests (2)	UNKNOWN STEP	2026-02-25T19:48:38.9281053Z   _fe_analyzer_shared 91.0.0 (96.0.0 available)
Web Tests (2)	UNKNOWN STEP	2026-02-25T19:48:38.9281709Z   analyzer 8.4.1 (10.2.0 available)
Web Tests (2)	UNKNOWN STEP	2026-02-25T19:48:38.9282211Z > characters 1.4.1 (was 1.4.0)
Web Tests (2)	UNKNOWN STEP	2026-02-25T19:48:38.9282549Z > matcher 0.12.18 (was 0.12.17)
Web Tests (2)	UNKNOWN STEP	2026-02-25T19:48:38.9282905Z > material_color_utilities 0.13.0 (was 0.11.1)
Web Tests (2)	UNKNOWN STEP	2026-02-25T19:48:38.9283326Z   meta 1.17.0 (1.18.1 available)
Web Tests (2)	UNKNOWN STEP	2026-02-25T19:48:38.9283776Z   sqflite_common_ffi 2.3.7+1 (2.4.0+2 available)
Web Tests (2)	UNKNOWN STEP	2026-02-25T19:48:38.9284175Z   sqlite3 2.9.4 (3.1.6 available)
Web Tests (2)	UNKNOWN STEP	2026-02-25T19:48:38.9284780Z > test_api 0.7.9 (was 0.7.7)
Web Tests (2)	UNKNOWN STEP	2026-02-25T19:48:38.9285115Z > test_core 0.6.15 (was 0.6.12)
Web Tests (2)	UNKNOWN STEP	2026-02-25T19:48:38.9285454Z   unorm_dart 0.2.0 (0.3.2 available)
Web Tests (2)	UNKNOWN STEP	2026-02-25T19:48:38.9285810Z   win32 5.15.0 (6.0.0 available)
Web Tests (2)	UNKNOWN STEP	2026-02-25T19:48:38.9287497Z Changed 5 dependencies!
Web Tests (2)	UNKNOWN STEP	2026-02-25T19:48:38.9292781Z 7 packages have newer versions incompatible with dependency constraints.
Web Tests (2)	UNKNOWN STEP	2026-02-25T19:48:38.9293654Z Try `flutter pub outdated` for more information.
Web Tests (2)	UNKNOWN STEP	2026-02-25T19:48:39.5128339Z ##[group]Run flutter config --enable-web
Web Tests (2)	UNKNOWN STEP	2026-02-25T19:48:39.5128695Z [36;1mflutter config --enable-web[0m
Web Tests (2)	UNKNOWN STEP	2026-02-25T19:48:39.5177774Z shell: /usr/bin/bash -e {0}
Web Tests (2)	UNKNOWN STEP	2026-02-25T19:48:39.5178025Z env:
Web Tests (2)	UNKNOWN STEP	2026-02-25T19:48:39.5178215Z   CACHE_VERSION: v1
Web Tests (2)	UNKNOWN STEP	2026-02-25T19:48:39.5178520Z   FLUTTER_ROOT: /opt/hostedtoolcache/flutter/stable-3.41.2-x64
Web Tests (2)	UNKNOWN STEP	2026-02-25T19:48:39.5178887Z   PUB_CACHE: /home/runner/.pub-cache
Web Tests (2)	UNKNOWN STEP	2026-02-25T19:48:39.5179143Z ##[endgroup]
Web Tests (2)	UNKNOWN STEP	2026-02-25T19:48:39.6352089Z Setting "enable-web" value to "true".
Web Tests (2)	UNKNOWN STEP	2026-02-25T19:48:39.6352961Z 
Web Tests (2)	UNKNOWN STEP	2026-02-25T19:48:39.6353472Z You may need to restart any open editors for them to read new settings.
Web Tests (2)	UNKNOWN STEP	2026-02-25T19:48:39.6438112Z ##[group]Run docker compose up -d postgres matrix-synapse redis
Web Tests (2)	UNKNOWN STEP	2026-02-25T19:48:39.6438996Z [36;1mdocker compose up -d postgres matrix-synapse redis[0m
Web Tests (2)	UNKNOWN STEP	2026-02-25T19:48:39.6439621Z [36;1msleep 10[0m
Web Tests (2)	UNKNOWN STEP	2026-02-25T19:48:39.6440298Z [36;1mdocker compose run --rm matrix-init[0m
Web Tests (2)	UNKNOWN STEP	2026-02-25T19:48:39.6441349Z [36;1mtimeout 60 bash -c 'until curl -sf http://localhost:8008/_matrix/client/versions > /dev/null 2>&1; do sleep 2; done'[0m
Web Tests (2)	UNKNOWN STEP	2026-02-25T19:48:39.6512637Z shell: /usr/bin/bash -e {0}
Web Tests (2)	UNKNOWN STEP	2026-02-25T19:48:39.6513058Z env:
Web Tests (2)	UNKNOWN STEP	2026-02-25T19:48:39.6513363Z   CACHE_VERSION: v1
Web Tests (2)	UNKNOWN STEP	2026-02-25T19:48:39.6513873Z   FLUTTER_ROOT: /opt/hostedtoolcache/flutter/stable-3.41.2-x64
Web Tests (2)	UNKNOWN STEP	2026-02-25T19:48:39.6514488Z   PUB_CACHE: /home/runner/.pub-cache
Web Tests (2)	UNKNOWN STEP	2026-02-25T19:48:39.6514931Z ##[endgroup]
Web Tests (2)	UNKNOWN STEP	2026-02-25T19:48:39.9660818Z time="2026-02-25T19:48:39Z" level=warning msg="/home/runner/work/substitution/substitution/docker-compose.yml: the attribute `version` is obsolete, it will be ignored, please remove it to avoid potential confusion"
Web Tests (2)	UNKNOWN STEP	2026-02-25T19:48:39.9866097Z  matrix-synapse Pulling 
Web Tests (2)	UNKNOWN STEP	2026-02-25T19:48:39.9871562Z  redis Pulling 
Web Tests (2)	UNKNOWN STEP	2026-02-25T19:48:39.9872497Z  postgres Pulling 
Web Tests (2)	UNKNOWN STEP	2026-02-25T19:48:39.9873095Z  dex Pulling 
Web Tests (2)	UNKNOWN STEP	2026-02-25T19:48:40.6654266Z  d25f557d7f31 Pulling fs layer 
Web Tests (2)	UNKNOWN STEP	2026-02-25T19:48:40.6654749Z  9acd5b82521c Pulling fs layer 
Web Tests (2)	UNKNOWN STEP	2026-02-25T19:48:40.6655220Z  10d78728ec4d Pulling fs layer 
Web Tests (2)	UNKNOWN STEP	2026-02-25T19:48:40.6655670Z  e0d49f520b92 Pulling fs layer 
Web Tests (2)	UNKNOWN STEP	2026-02-25T19:48:40.6656109Z  5de905603ac5 Pulling fs layer 
Web Tests (2)	UNKNOWN STEP	2026-02-25T19:48:40.6656535Z  808bb02340fa Pulling fs layer 
Web Tests (2)	UNKNOWN STEP	2026-02-25T19:48:40.6656967Z  c0970b69197c Pulling fs layer 
Web Tests (2)	UNKNOWN STEP	2026-02-25T19:48:40.6657391Z  9de5f206730a Pulling fs layer 
Web Tests (2)	UNKNOWN STEP	2026-02-25T19:48:40.6657826Z  24e28b7dc0a2 Pulling fs layer 
Web Tests (2)	UNKNOWN STEP	2026-02-25T19:48:40.6658261Z  830180cf89a8 Pulling fs layer 
Web Tests (2)	UNKNOWN STEP	2026-02-25T19:48:40.6658684Z  e0d49f520b92 Waiting 
Web Tests (2)	UNKNOWN STEP	2026-02-25T19:48:40.6659074Z  9de5f206730a Waiting 
Web Tests (2)	UNKNOWN STEP	2026-02-25T19:48:40.6659485Z  5de905603ac5 Waiting 
Web Tests (2)	UNKNOWN STEP	2026-02-25T19:48:40.6660058Z  24e28b7dc0a2 Waiting 
Web Tests (2)	UNKNOWN STEP	2026-02-25T19:48:40.6660442Z  830180cf89a8 Waiting 
Web Tests (2)	UNKNOWN STEP	2026-02-25T19:48:40.6660798Z  808bb02340fa Waiting 
Web Tests (2)	UNKNOWN STEP	2026-02-25T19:48:40.6661036Z  c0970b69197c Waiting 
Web Tests (2)	UNKNOWN STEP	2026-02-25T19:48:40.6766458Z  589002ba0eae Pulling fs layer 
Web Tests (2)	UNKNOWN STEP	2026-02-25T19:48:40.6767603Z  5ffb427686b6 Pulling fs layer 
Web Tests (2)	UNKNOWN STEP	2026-02-25T19:48:40.6768376Z  630177b00352 Pulling fs layer 
Web Tests (2)	UNKNOWN STEP	2026-02-25T19:48:40.6768842Z  6c18ff1f33d0 Pulling fs layer 
Web Tests (2)	UNKNOWN STEP	2026-02-25T19:48:40.6769304Z  13e46e455d3b Pulling fs layer 
Web Tests (2)	UNKNOWN STEP	2026-02-25T19:48:40.6769995Z  b4403f29458a Pulling fs layer 
Web Tests (2)	UNKNOWN STEP	2026-02-25T19:48:40.6770462Z  40aaa75af6ce Pulling fs layer 
Web Tests (2)	UNKNOWN STEP	2026-02-25T19:48:40.6770908Z  5ffb427686b6 Waiting 
Web Tests (2)	UNKNOWN STEP	2026-02-25T19:48:40.6771279Z  162bdab1e0a7 Pulling fs layer 
Web Tests (2)	UNKNOWN STEP	2026-02-25T19:48:40.6771762Z  ebff7b0ec73e Pulling fs layer 
Web Tests (2)	UNKNOWN STEP	2026-02-25T19:48:40.6772167Z  630177b00352 Waiting 
Web Tests (2)	UNKNOWN STEP	2026-02-25T19:48:40.6772537Z  c02179436571 Pulling fs layer 
Web Tests (2)	UNKNOWN STEP	2026-02-25T19:48:40.6773316Z  8243369e9866 Pulling fs layer 
Web Tests (2)	UNKNOWN STEP	2026-02-25T19:48:40.6773733Z  6c18ff1f33d0 Waiting 
Web Tests (2)	UNKNOWN STEP	2026-02-25T19:48:40.6774099Z  40aaa75af6ce Waiting 
Web Tests (2)	UNKNOWN STEP	2026-02-25T19:48:40.6774458Z  13e46e455d3b Waiting 
Web Tests (2)	UNKNOWN STEP	2026-02-25T19:48:40.6774835Z  162bdab1e0a7 Waiting 
Web Tests (2)	UNKNOWN STEP	2026-02-25T19:48:40.6775212Z  b4403f29458a Waiting 
Web Tests (2)	UNKNOWN STEP	2026-02-25T19:48:40.6775585Z  589002ba0eae Waiting 
Web Tests (2)	UNKNOWN STEP	2026-02-25T19:48:40.6775931Z  ebff7b0ec73e Waiting 
Web Tests (2)	UNKNOWN STEP	2026-02-25T19:48:40.6776151Z  c02179436571 Waiting 
Web Tests (2)	UNKNOWN STEP	2026-02-25T19:48:40.6776352Z  8243369e9866 Waiting 
Web Tests (2)	UNKNOWN STEP	2026-02-25T19:48:40.7246475Z  0c8d55a45c0d Pulling fs layer 
Web Tests (2)	UNKNOWN STEP	2026-02-25T19:48:40.7247882Z  03af238a5946 Pulling fs layer 
Web Tests (2)	UNKNOWN STEP	2026-02-25T19:48:40.7248521Z  686599c79c87 Pulling fs layer 
Web Tests (2)	UNKNOWN STEP	2026-02-25T19:48:40.7250771Z  f1cadbd7abd2 Pulling fs layer 
Web Tests (2)	UNKNOWN STEP	2026-02-25T19:48:40.7252255Z  3ee96ea8e5d2 Pulling fs layer 
Web Tests (2)	UNKNOWN STEP	2026-02-25T19:48:40.7252811Z  a954d256f742 Pulling fs layer 
Web Tests (2)	UNKNOWN STEP	2026-02-25T19:48:40.7253538Z  c7ce85987d6d Pulling fs layer 
Web Tests (2)	UNKNOWN STEP	2026-02-25T19:48:40.7254787Z  7807da78b90b Pulling fs layer 
Web Tests (2)	UNKNOWN STEP	2026-02-25T19:48:40.7255298Z  0478cd5c1079 Pulling fs layer 
Web Tests (2)	UNKNOWN STEP	2026-02-25T19:48:40.7255831Z  3a02ac06be95 Pulling fs layer 
Web Tests (2)	UNKNOWN STEP	2026-02-25T19:48:40.7256457Z  03af238a5946 Waiting 
Web Tests (2)	UNKNOWN STEP	2026-02-25T19:48:40.7256800Z  686599c79c87 Waiting 
Web Tests (2)	UNKNOWN STEP	2026-02-25T19:48:40.7257060Z  f1cadbd7abd2 Waiting 
Web Tests (2)	UNKNOWN STEP	2026-02-25T19:48:40.7257380Z  0c8d55a45c0d Waiting 
Web Tests (2)	UNKNOWN STEP	2026-02-25T19:48:40.7257605Z  3ee96ea8e5d2 Waiting 
Web Tests (2)	UNKNOWN STEP	2026-02-25T19:48:40.7257818Z  0478cd5c1079 Waiting 
Web Tests (2)	UNKNOWN STEP	2026-02-25T19:48:40.7258016Z  a954d256f742 Waiting 
Web Tests (2)	UNKNOWN STEP	2026-02-25T19:48:40.7258315Z  3a02ac06be95 Waiting 
Web Tests (2)	UNKNOWN STEP	2026-02-25T19:48:40.7258516Z  c7ce85987d6d Waiting 
Web Tests (2)	UNKNOWN STEP	2026-02-25T19:48:40.7258702Z  7807da78b90b Waiting 
Web Tests (2)	UNKNOWN STEP	2026-02-25T19:48:40.7485045Z  bc1da058f299 Pulling fs layer 
Web Tests (2)	UNKNOWN STEP	2026-02-25T19:48:40.7485992Z  09a5a0c32a23 Pulling fs layer 
Web Tests (2)	UNKNOWN STEP	2026-02-25T19:48:40.7486960Z  bd53938b1271 Pulling fs layer 
Web Tests (2)	UNKNOWN STEP	2026-02-25T19:48:40.7487674Z  9fe3744a2eac Pulling fs layer 
Web Tests (2)	UNKNOWN STEP	2026-02-25T19:48:40.7488613Z  7ad54b3c4cef Pulling fs layer 
Web Tests (2)	UNKNOWN STEP	2026-02-25T19:48:40.7489085Z  2a97533d89ca Pulling fs layer 
Web Tests (2)	UNKNOWN STEP	2026-02-25T19:48:40.7490135Z  4f4fb700ef54 Pulling fs layer 
Web Tests (2)	UNKNOWN STEP	2026-02-25T19:48:40.7490866Z  1c2c8d1ee428 Pulling fs layer 
Web Tests (2)	UNKNOWN STEP	2026-02-25T19:48:40.7491310Z  bc1da058f299 Waiting 
Web Tests (2)	UNKNOWN STEP	2026-02-25T19:48:40.7491803Z  09a5a0c32a23 Waiting 
Web Tests (2)	UNKNOWN STEP	2026-02-25T19:48:40.7492187Z  bd53938b1271 Waiting 
Web Tests (2)	UNKNOWN STEP	2026-02-25T19:48:40.7492574Z  9fe3744a2eac Waiting 
Web Tests (2)	UNKNOWN STEP	2026-02-25T19:48:40.7492921Z  7ad54b3c4cef Waiting 
Web Tests (2)	UNKNOWN STEP	2026-02-25T19:48:40.7493302Z  2a97533d89ca Waiting 
Web Tests (2)	UNKNOWN STEP	2026-02-25T19:48:40.7493656Z  4f4fb700ef54 Waiting 
Web Tests (2)	UNKNOWN STEP	2026-02-25T19:48:40.7494034Z  1c2c8d1ee428 Waiting 
Web Tests (2)	UNKNOWN STEP	2026-02-25T19:48:40.8426282Z  d25f557d7f31 Downloading [>                                                  ]  48.08kB/3.622MB
Web Tests (2)	UNKNOWN STEP	2026-02-25T19:48:40.8642511Z  10d78728ec4d Download complete 
Web Tests (2)	UNKNOWN STEP	2026-02-25T19:48:40.8647931Z  9acd5b82521c Downloading [>                                                  ]  1.378kB/127.5kB
Web Tests (2)	UNKNOWN STEP	2026-02-25T19:48:40.8916565Z  9acd5b82521c Downloading [==================================================>]  127.5kB/127.5kB
Web Tests (2)	UNKNOWN STEP	2026-02-25T19:48:40.8917554Z  9acd5b82521c Verifying Checksum 
Web Tests (2)	UNKNOWN STEP	2026-02-25T19:48:40.8918048Z  9acd5b82521c Download complete 
Web Tests (2)	UNKNOWN STEP	2026-02-25T19:48:40.9144450Z  d25f557d7f31 Download complete 
Web Tests (2)	UNKNOWN STEP	2026-02-25T19:48:40.9177009Z  d25f557d7f31 Extracting [>                                                  ]  65.54kB/3.622MB
Web Tests (2)	UNKNOWN STEP	2026-02-25T19:48:40.9802381Z  d25f557d7f31 Extracting [==================================================>]  3.622MB/3.622MB
Web Tests (2)	UNKNOWN STEP	2026-02-25T19:48:41.0217229Z  d25f557d7f31 Pull complete 
Web Tests (2)	UNKNOWN STEP	2026-02-25T19:48:41.0232827Z  9acd5b82521c Extracting [============>                                      ]  32.77kB/127.5kB
Web Tests (2)	UNKNOWN STEP	2026-02-25T19:48:41.0245165Z  9acd5b82521c Extracting [==================================================>]  127.5kB/127.5kB
Web Tests (2)	UNKNOWN STEP	2026-02-25T19:48:41.1103693Z  e0d49f520b92 Downloading [==================================================>]     961B/961B
Web Tests (2)	UNKNOWN STEP	2026-02-25T19:48:41.1104502Z  e0d49f520b92 Verifying Checksum 
Web Tests (2)	UNKNOWN STEP	2026-02-25T19:48:41.1104948Z  e0d49f520b92 Download complete 
Web Tests (2)	UNKNOWN STEP	2026-02-25T19:48:41.1264328Z  5de905603ac5 Downloading [====>                                              ]  1.378kB/17.03kB
Web Tests (2)	UNKNOWN STEP	2026-02-25T19:48:41.1283525Z  5de905603ac5 Downloading [==================================================>]  17.03kB/17.03kB
Web Tests (2)	UNKNOWN STEP	2026-02-25T19:48:41.1284516Z  5de905603ac5 Verifying Checksum 
Web Tests (2)	UNKNOWN STEP	2026-02-25T19:48:41.1285058Z  5de905603ac5 Download complete 
Web Tests (2)	UNKNOWN STEP	2026-02-25T19:48:41.1385526Z  808bb02340fa Downloading [>                                                  ]  1.378kB/90.98kB
Web Tests (2)	UNKNOWN STEP	2026-02-25T19:48:41.1567287Z  808bb02340fa Downloading [==================================================>]  90.98kB/90.98kB
Web Tests (2)	UNKNOWN STEP	2026-02-25T19:48:41.1568276Z  808bb02340fa Verifying Checksum 
Web Tests (2)	UNKNOWN STEP	2026-02-25T19:48:41.1568891Z  808bb02340fa Download complete 
Web Tests (2)	UNKNOWN STEP	2026-02-25T19:48:41.2842377Z  9de5f206730a Downloading [>                                                  ]  8.268kB/766.3kB
Web Tests (2)	UNKNOWN STEP	2026-02-25T19:48:41.3326047Z  9de5f206730a Downloading [==================================================>]  766.3kB/766.3kB
Web Tests (2)	UNKNOWN STEP	2026-02-25T19:48:41.3326760Z  9de5f206730a Verifying Checksum 
Web Tests (2)	UNKNOWN STEP	2026-02-25T19:48:41.3327080Z  9de5f206730a Download complete 
Web Tests (2)	UNKNOWN STEP	2026-02-25T19:48:41.3527927Z  24e28b7dc0a2 Downloading [>                                                  ]  1.378kB/83.13kB
Web Tests (2)	UNKNOWN STEP	2026-02-25T19:48:41.3576038Z  c0970b69197c Downloading [>                                                  ]  163.8kB/14.88MB
Web Tests (2)	UNKNOWN STEP	2026-02-25T19:48:41.3700833Z  24e28b7dc0a2 Downloading [==================================================>]  83.13kB/83.13kB
Web Tests (2)	UNKNOWN STEP	2026-02-25T19:48:41.3702039Z  24e28b7dc0a2 Verifying Checksum 
Web Tests (2)	UNKNOWN STEP	2026-02-25T19:48:41.3702427Z  24e28b7dc0a2 Download complete 
Web Tests (2)	UNKNOWN STEP	2026-02-25T19:48:41.4580207Z  c0970b69197c Downloading [=================================================> ]  14.77MB/14.88MB
Web Tests (2)	UNKNOWN STEP	2026-02-25T19:48:41.4581803Z  c0970b69197c Verifying Checksum 
Web Tests (2)	UNKNOWN STEP	2026-02-25T19:48:41.4582282Z  c0970b69197c Download complete 
Web Tests (2)	UNKNOWN STEP	2026-02-25T19:48:41.5203694Z  830180cf89a8 Downloading [>                                                  ]    162kB/14.63MB
Web Tests (2)	UNKNOWN STEP	2026-02-25T19:48:41.6059335Z  830180cf89a8 Verifying Checksum 
Web Tests (2)	UNKNOWN STEP	2026-02-25T19:48:41.6060242Z  830180cf89a8 Download complete 
Web Tests (2)	UNKNOWN STEP	2026-02-25T19:48:41.6069036Z  589002ba0eae Downloading [>                                                  ]  39.05kB/3.862MB
Web Tests (2)	UNKNOWN STEP	2026-02-25T19:48:41.6463277Z  5ffb427686b6 Downloading [=====================================>             ]     721B/972B
Web Tests (2)	UNKNOWN STEP	2026-02-25T19:48:41.6466362Z  5ffb427686b6 Downloading [==================================================>]     972B/972B
Web Tests (2)	UNKNOWN STEP	2026-02-25T19:48:41.6467970Z  5ffb427686b6 Verifying Checksum 
Web Tests (2)	UNKNOWN STEP	2026-02-25T19:48:41.6468486Z  5ffb427686b6 Download complete 
Web Tests (2)	UNKNOWN STEP	2026-02-25T19:48:41.7923356Z  589002ba0eae Downloading [==================>                                ]  1.392MB/3.862MB
Web Tests (2)	UNKNOWN STEP	2026-02-25T19:48:41.7986454Z  589002ba0eae Verifying Checksum 
Web Tests (2)	UNKNOWN STEP	2026-02-25T19:48:41.7991444Z  589002ba0eae Download complete 
Web Tests (2)	UNKNOWN STEP	2026-02-25T19:48:41.7995346Z  589002ba0eae Extracting [>                                                  ]  65.54kB/3.862MB
Web Tests (2)	UNKNOWN STEP	2026-02-25T19:48:41.8241227Z  6c18ff1f33d0 Downloading [==================================================>]     173B/173B
Web Tests (2)	UNKNOWN STEP	2026-02-25T19:48:41.8244097Z  6c18ff1f33d0 Verifying Checksum 
Web Tests (2)	UNKNOWN STEP	2026-02-25T19:48:41.8244764Z  6c18ff1f33d0 Download complete 
Web Tests (2)	UNKNOWN STEP	2026-02-25T19:48:41.8498916Z  630177b00352 Downloading [>                                                  ]  10.28kB/922.9kB
Web Tests (2)	UNKNOWN STEP	2026-02-25T19:48:41.9035650Z  589002ba0eae Extracting [===========>                                       ]  917.5kB/3.862MB
Web Tests (2)	UNKNOWN STEP	2026-02-25T19:48:41.9114920Z  630177b00352 Downloading [==================================================>]  922.9kB/922.9kB
Web Tests (2)	UNKNOWN STEP	2026-02-25T19:48:41.9115696Z  630177b00352 Verifying Checksum 
Web Tests (2)	UNKNOWN STEP	2026-02-25T19:48:41.9116140Z  630177b00352 Download complete 
Web Tests (2)	UNKNOWN STEP	2026-02-25T19:48:41.9664238Z  589002ba0eae Extracting [==================================================>]  3.862MB/3.862MB
Web Tests (2)	UNKNOWN STEP	2026-02-25T19:48:41.9669403Z  589002ba0eae Extracting [==================================================>]  3.862MB/3.862MB
Web Tests (2)	UNKNOWN STEP	2026-02-25T19:48:41.9870592Z  13e46e455d3b Downloading [==================================================>]     116B/116B
Web Tests (2)	UNKNOWN STEP	2026-02-25T19:48:41.9871329Z  13e46e455d3b Verifying Checksum 
Web Tests (2)	UNKNOWN STEP	2026-02-25T19:48:41.9872156Z  13e46e455d3b Download complete 
Web Tests (2)	UNKNOWN STEP	2026-02-25T19:48:42.0287427Z  589002ba0eae Pull complete 
Web Tests (2)	UNKNOWN STEP	2026-02-25T19:48:42.0307902Z  5ffb427686b6 Extracting [==================================================>]     972B/972B
Web Tests (2)	UNKNOWN STEP	2026-02-25T19:48:42.0315342Z  5ffb427686b6 Extracting [==================================================>]     972B/972B
Web Tests (2)	UNKNOWN STEP	2026-02-25T19:48:42.0869918Z  b4403f29458a Downloading [>                                                  ]  528.2kB/105.2MB
Web Tests (2)	UNKNOWN STEP	2026-02-25T19:48:42.0905547Z  9acd5b82521c Pull complete 
Web Tests (2)	UNKNOWN STEP	2026-02-25T19:48:42.0908799Z  5ffb427686b6 Pull complete 
Web Tests (2)	UNKNOWN STEP	2026-02-25T19:48:42.0919657Z  10d78728ec4d Extracting [==================================================>]     122B/122B
Web Tests (2)	UNKNOWN STEP	2026-02-25T19:48:42.0929141Z  10d78728ec4d Extracting [==================================================>]     122B/122B
Web Tests (2)	UNKNOWN STEP	2026-02-25T19:48:42.0945732Z  630177b00352 Extracting [=>                                                 ]  32.77kB/922.9kB
Web Tests (2)	UNKNOWN STEP	2026-02-25T19:48:42.0981686Z  40aaa75af6ce Downloading [===>                                               ]     700B/9.62kB
Web Tests (2)	UNKNOWN STEP	2026-02-25T19:48:42.0985387Z  40aaa75af6ce Downloading [==================================================>]   9.62kB/9.62kB
Web Tests (2)	UNKNOWN STEP	2026-02-25T19:48:42.0986087Z  40aaa75af6ce Verifying Checksum 
Web Tests (2)	UNKNOWN STEP	2026-02-25T19:48:42.0986533Z  40aaa75af6ce Download complete 
Web Tests (2)	UNKNOWN STEP	2026-02-25T19:48:42.1441372Z  10d78728ec4d Pull complete 
Web Tests (2)	UNKNOWN STEP	2026-02-25T19:48:42.1474737Z  e0d49f520b92 Extracting [==================================================>]     961B/961B
Web Tests (2)	UNKNOWN STEP	2026-02-25T19:48:42.1484177Z  e0d49f520b92 Extracting [==================================================>]     961B/961B
Web Tests (2)	UNKNOWN STEP	2026-02-25T19:48:42.1620052Z  e0d49f520b92 Pull complete 
Web Tests (2)	UNKNOWN STEP	2026-02-25T19:48:42.1635501Z  5de905603ac5 Extracting [==================================================>]  17.03kB/17.03kB
Web Tests (2)	UNKNOWN STEP	2026-02-25T19:48:42.1639445Z  5de905603ac5 Extracting [==================================================>]  17.03kB/17.03kB
Web Tests (2)	UNKNOWN STEP	2026-02-25T19:48:42.1658604Z  630177b00352 Extracting [==================================================>]  922.9kB/922.9kB
Web Tests (2)	UNKNOWN STEP	2026-02-25T19:48:42.1777561Z  5de905603ac5 Pull complete 
Web Tests (2)	UNKNOWN STEP	2026-02-25T19:48:42.1778139Z  630177b00352 Pull complete 
Web Tests (2)	UNKNOWN STEP	2026-02-25T19:48:42.1797415Z  6c18ff1f33d0 Extracting [==================================================>]     173B/173B
Web Tests (2)	UNKNOWN STEP	2026-02-25T19:48:42.1798284Z  6c18ff1f33d0 Extracting [==================================================>]     173B/173B
Web Tests (2)	UNKNOWN STEP	2026-02-25T19:48:42.1807619Z  808bb02340fa Extracting [==================>                                ]  32.77kB/90.98kB
Web Tests (2)	UNKNOWN STEP	2026-02-25T19:48:42.1810652Z  808bb02340fa Extracting [==================================================>]  90.98kB/90.98kB
Web Tests (2)	UNKNOWN STEP	2026-02-25T19:48:42.1815817Z  808bb02340fa Extracting [==================================================>]  90.98kB/90.98kB
Web Tests (2)	UNKNOWN STEP	2026-02-25T19:48:42.1866566Z  162bdab1e0a7 Downloading [==================================================>]     128B/128B
Web Tests (2)	UNKNOWN STEP	2026-02-25T19:48:42.1871669Z  162bdab1e0a7 Verifying Checksum 
Web Tests (2)	UNKNOWN STEP	2026-02-25T19:48:42.1872977Z  162bdab1e0a7 Download complete 
Web Tests (2)	UNKNOWN STEP	2026-02-25T19:48:42.1929252Z  6c18ff1f33d0 Pull complete 
Web Tests (2)	UNKNOWN STEP	2026-02-25T19:48:42.1942672Z  13e46e455d3b Extracting [==================================================>]     116B/116B
Web Tests (2)	UNKNOWN STEP	2026-02-25T19:48:42.1944292Z  808bb02340fa Pull complete 
Web Tests (2)	UNKNOWN STEP	2026-02-25T19:48:42.1945603Z  13e46e455d3b Extracting [==================================================>]     116B/116B
Web Tests (2)	UNKNOWN STEP	2026-02-25T19:48:42.1965817Z  b4403f29458a Downloading [====>                                              ]  9.059MB/105.2MB
Web Tests (2)	UNKNOWN STEP	2026-02-25T19:48:42.1976199Z  c0970b69197c Extracting [>                                                  ]  163.8kB/14.88MB
Web Tests (2)	UNKNOWN STEP	2026-02-25T19:48:42.2041042Z  13e46e455d3b Pull complete 
Web Tests (2)	UNKNOWN STEP	2026-02-25T19:48:42.2979512Z  ebff7b0ec73e Downloading [==================================================>]     170B/170B
Web Tests (2)	UNKNOWN STEP	2026-02-25T19:48:42.2981052Z  ebff7b0ec73e Verifying Checksum 
Web Tests (2)	UNKNOWN STEP	2026-02-25T19:48:42.2981526Z  ebff7b0ec73e Download complete 
Web Tests (2)	UNKNOWN STEP	2026-02-25T19:48:42.2998525Z  c0970b69197c Extracting [==========================>                        ]  7.864MB/14.88MB
Web Tests (2)	UNKNOWN STEP	2026-02-25T19:48:42.3242380Z  b4403f29458a Downloading [======>                                            ]  14.39MB/105.2MB
Web Tests (2)	UNKNOWN STEP	2026-02-25T19:48:42.3755470Z  c0970b69197c Extracting [==================================================>]  14.88MB/14.88MB
Web Tests (2)	UNKNOWN STEP	2026-02-25T19:48:42.4043113Z  c02179436571 Downloading [=====>                                             ]     700B/5.84kB
Web Tests (2)	UNKNOWN STEP	2026-02-25T19:48:42.4043977Z  c02179436571 Downloading [==================================================>]   5.84kB/5.84kB
Web Tests (2)	UNKNOWN STEP	2026-02-25T19:48:42.4044633Z  c02179436571 Verifying Checksum 
Web Tests (2)	UNKNOWN STEP	2026-02-25T19:48:42.4045064Z  c02179436571 Download complete 
Web Tests (2)	UNKNOWN STEP	2026-02-25T19:48:42.4082521Z  c0970b69197c Pull complete 
Web Tests (2)	UNKNOWN STEP	2026-02-25T19:48:42.4093813Z  9de5f206730a Extracting [==>                                                ]  32.77kB/766.3kB
Web Tests (2)	UNKNOWN STEP	2026-02-25T19:48:42.4199956Z  9de5f206730a Extracting [==================================================>]  766.3kB/766.3kB
Web Tests (2)	UNKNOWN STEP	2026-02-25T19:48:42.4205470Z  9de5f206730a Extracting [==================================================>]  766.3kB/766.3kB
Web Tests (2)	UNKNOWN STEP	2026-02-25T19:48:42.4270435Z  9de5f206730a Pull complete 
Web Tests (2)	UNKNOWN STEP	2026-02-25T19:48:42.4282025Z  24e28b7dc0a2 Extracting [===================>                               ]  32.77kB/83.13kB
Web Tests (2)	UNKNOWN STEP	2026-02-25T19:48:42.4287340Z  24e28b7dc0a2 Extracting [==================================================>]  83.13kB/83.13kB
Web Tests (2)	UNKNOWN STEP	2026-02-25T19:48:42.4293331Z  24e28b7dc0a2 Extracting [==================================================>]  83.13kB/83.13kB
Web Tests (2)	UNKNOWN STEP	2026-02-25T19:48:42.4452438Z  b4403f29458a Downloading [========>                                          ]  18.11MB/105.2MB
Web Tests (2)	UNKNOWN STEP	2026-02-25T19:48:42.4454197Z  24e28b7dc0a2 Pull complete 
Web Tests (2)	UNKNOWN STEP	2026-02-25T19:48:42.4473528Z  830180cf89a8 Extracting [>                                                  ]  163.8kB/14.63MB
Web Tests (2)	UNKNOWN STEP	2026-02-25T19:48:42.4992037Z  8243369e9866 Downloading [==================================================>]     186B/186B
Web Tests (2)	UNKNOWN STEP	2026-02-25T19:48:42.4992746Z  8243369e9866 Verifying Checksum 
Web Tests (2)	UNKNOWN STEP	2026-02-25T19:48:42.4993181Z  8243369e9866 Download complete 
Web Tests (2)	UNKNOWN STEP	2026-02-25T19:48:42.5475132Z  830180cf89a8 Extracting [========================>                          ]  7.045MB/14.63MB
Web Tests (2)	UNKNOWN STEP	2026-02-25T19:48:42.5924637Z  b4403f29458a Downloading [=============>                                     ]  29.32MB/105.2MB
Web Tests (2)	UNKNOWN STEP	2026-02-25T19:48:42.6303894Z  0c8d55a45c0d Downloading [>                                                  ]  301.8kB/29.78MB
Web Tests (2)	UNKNOWN STEP	2026-02-25T19:48:42.6487356Z  830180cf89a8 Extracting [=============================================>     ]  13.43MB/14.63MB
Web Tests (2)	UNKNOWN STEP	2026-02-25T19:48:42.6673855Z  830180cf89a8 Extracting [==================================================>]  14.63MB/14.63MB
Web Tests (2)	UNKNOWN STEP	2026-02-25T19:48:42.7030497Z  b4403f29458a Downloading [================>                                  ]  34.67MB/105.2MB
Web Tests (2)	UNKNOWN STEP	2026-02-25T19:48:42.7056239Z  03af238a5946 Downloading [>                                                  ]  13.49kB/1.293MB
Web Tests (2)	UNKNOWN STEP	2026-02-25T19:48:42.7127473Z  830180cf89a8 Pull complete 
Web Tests (2)	UNKNOWN STEP	2026-02-25T19:48:42.7199200Z  dex Pulled 
Web Tests (2)	UNKNOWN STEP	2026-02-25T19:48:42.7397633Z  0c8d55a45c0d Downloading [==============>                                    ]  8.638MB/29.78MB
Web Tests (2)	UNKNOWN STEP	2026-02-25T19:48:42.7710680Z  03af238a5946 Verifying Checksum 
Web Tests (2)	UNKNOWN STEP	2026-02-25T19:48:42.7711165Z  03af238a5946 Download complete 
Web Tests (2)	UNKNOWN STEP	2026-02-25T19:48:42.8038682Z  b4403f29458a Downloading [====================>                              ]  43.75MB/105.2MB
Web Tests (2)	UNKNOWN STEP	2026-02-25T19:48:42.8438206Z  0c8d55a45c0d Downloading [================================>                  ]  19.42MB/29.78MB
Web Tests (2)	UNKNOWN STEP	2026-02-25T19:48:42.9073393Z  b4403f29458a Downloading [=====================>                             ]  45.88MB/105.2MB
Web Tests (2)	UNKNOWN STEP	2026-02-25T19:48:42.9301901Z  0c8d55a45c0d Verifying Checksum 
Web Tests (2)	UNKNOWN STEP	2026-02-25T19:48:42.9302555Z  0c8d55a45c0d Download complete 
Web Tests (2)	UNKNOWN STEP	2026-02-25T19:48:42.9646062Z  0c8d55a45c0d Extracting [>                                                  ]  327.7kB/29.78MB
Web Tests (2)	UNKNOWN STEP	2026-02-25T19:48:42.9965711Z  686599c79c87 Downloading [>                                                  ]  118.6kB/11.8MB
Web Tests (2)	UNKNOWN STEP	2026-02-25T19:48:43.0105821Z  b4403f29458a Downloading [===========================>                       ]  58.14MB/105.2MB
Web Tests (2)	UNKNOWN STEP	2026-02-25T19:48:43.0647514Z  0c8d55a45c0d Extracting [==========>                                        ]  6.226MB/29.78MB
Web Tests (2)	UNKNOWN STEP	2026-02-25T19:48:43.1050703Z  686599c79c87 Downloading [=============>                                     ]  3.201MB/11.8MB
Web Tests (2)	UNKNOWN STEP	2026-02-25T19:48:43.1121052Z  b4403f29458a Downloading [=============================>                     ]  61.34MB/105.2MB
Web Tests (2)	UNKNOWN STEP	2026-02-25T19:48:43.1702556Z  0c8d55a45c0d Extracting [=================>                                 ]  10.49MB/29.78MB
Web Tests (2)	UNKNOWN STEP	2026-02-25T19:48:43.2069294Z  686599c79c87 Downloading [===================================>               ]  8.288MB/11.8MB
Web Tests (2)	UNKNOWN STEP	2026-02-25T19:48:43.2124328Z  b4403f29458a Downloading [===============================>                   ]  66.64MB/105.2MB
Web Tests (2)	UNKNOWN STEP	2026-02-25T19:48:43.2252363Z  f1cadbd7abd2 Downloading [==================================================>]     252B/252B
Web Tests (2)	UNKNOWN STEP	2026-02-25T19:48:43.2253115Z  f1cadbd7abd2 Verifying Checksum 
Web Tests (2)	UNKNOWN STEP	2026-02-25T19:48:43.2253551Z  f1cadbd7abd2 Download complete 
Web Tests (2)	UNKNOWN STEP	2026-02-25T19:48:43.2722248Z  0c8d55a45c0d Extracting [========================>                          ]  14.75MB/29.78MB
Web Tests (2)	UNKNOWN STEP	2026-02-25T19:48:43.3077630Z  686599c79c87 Verifying Checksum 
Web Tests (2)	UNKNOWN STEP	2026-02-25T19:48:43.3078176Z  686599c79c87 Download complete 
Web Tests (2)	UNKNOWN STEP	2026-02-25T19:48:43.3139607Z  b4403f29458a Downloading [=================================>                 ]  70.88MB/105.2MB
Web Tests (2)	UNKNOWN STEP	2026-02-25T19:48:43.3761326Z  0c8d55a45c0d Extracting [======================================>            ]  22.94MB/29.78MB
Web Tests (2)	UNKNOWN STEP	2026-02-25T19:48:43.4150038Z  b4403f29458a Downloading [====================================>              ]  76.74MB/105.2MB
Web Tests (2)	UNKNOWN STEP	2026-02-25T19:48:43.4347016Z  3ee96ea8e5d2 Downloading [==================================================>]     250B/250B
Web Tests (2)	UNKNOWN STEP	2026-02-25T19:48:43.4350158Z  3ee96ea8e5d2 Download complete 
Web Tests (2)	UNKNOWN STEP	2026-02-25T19:48:43.5157042Z  b4403f29458a Downloading [========================================>          ]  85.28MB/105.2MB
Web Tests (2)	UNKNOWN STEP	2026-02-25T19:48:43.5484204Z  a954d256f742 Downloading [>                                                  ]  223.3kB/21.98MB
Web Tests (2)	UNKNOWN STEP	2026-02-25T19:48:43.5751732Z  0c8d55a45c0d Extracting [============================================>      ]  26.21MB/29.78MB
Web Tests (2)	UNKNOWN STEP	2026-02-25T19:48:43.6189229Z  b4403f29458a Downloading [==============================================>    ]  97.01MB/105.2MB
Web Tests (2)	UNKNOWN STEP	2026-02-25T19:48:43.6365165Z  c7ce85987d6d Downloading [==>                                                ]     719B/13.29kB
Web Tests (2)	UNKNOWN STEP	2026-02-25T19:48:43.6368510Z  c7ce85987d6d Downloading [==================================================>]  13.29kB/13.29kB
Web Tests (2)	UNKNOWN STEP	2026-02-25T19:48:43.6370066Z  c7ce85987d6d Verifying Checksum 
Web Tests (2)	UNKNOWN STEP	2026-02-25T19:48:43.6370853Z  c7ce85987d6d Download complete 
Web Tests (2)	UNKNOWN STEP	2026-02-25T19:48:43.6490733Z  a954d256f742 Downloading [=============================>                     ]  13.02MB/21.98MB
Web Tests (2)	UNKNOWN STEP	2026-02-25T19:48:43.6854457Z  0c8d55a45c0d Extracting [===============================================>   ]  28.51MB/29.78MB
Web Tests (2)	UNKNOWN STEP	2026-02-25T19:48:43.6855991Z  a954d256f742 Verifying Checksum 
Web Tests (2)	UNKNOWN STEP	2026-02-25T19:48:43.6856559Z  a954d256f742 Download complete 
Web Tests (2)	UNKNOWN STEP	2026-02-25T19:48:43.7252233Z  b4403f29458a Downloading [================================================>  ]  102.8MB/105.2MB
Web Tests (2)	UNKNOWN STEP	2026-02-25T19:48:43.7574779Z  b4403f29458a Verifying Checksum 
Web Tests (2)	UNKNOWN STEP	2026-02-25T19:48:43.7575261Z  b4403f29458a Download complete 
Web Tests (2)	UNKNOWN STEP	2026-02-25T19:48:43.7701846Z  b4403f29458a Extracting [>                                                  ]  557.1kB/105.2MB
Web Tests (2)	UNKNOWN STEP	2026-02-25T19:48:43.8631387Z  0478cd5c1079 Downloading [==========>                                        ]     720B/3.507kB
Web Tests (2)	UNKNOWN STEP	2026-02-25T19:48:43.8632501Z  0478cd5c1079 Downloading [==================================================>]  3.507kB/3.507kB
Web Tests (2)	UNKNOWN STEP	2026-02-25T19:48:43.8633232Z  0478cd5c1079 Verifying Checksum 
Web Tests (2)	UNKNOWN STEP	2026-02-25T19:48:43.8633686Z  0478cd5c1079 Download complete 
Web Tests (2)	UNKNOWN STEP	2026-02-25T19:48:43.8753334Z  b4403f29458a Extracting [=>                                                 ]  3.342MB/105.2MB
Web Tests (2)	UNKNOWN STEP	2026-02-25T19:48:43.8795181Z  0c8d55a45c0d Extracting [================================================>  ]  29.16MB/29.78MB
Web Tests (2)	UNKNOWN STEP	2026-02-25T19:48:43.8978289Z  7807da78b90b Downloading [>                                                  ]  466.9kB/45.54MB
Web Tests (2)	UNKNOWN STEP	2026-02-25T19:48:43.9226126Z  3a02ac06be95 Downloading [==========>                                        ]     720B/3.462kB
Web Tests (2)	UNKNOWN STEP	2026-02-25T19:48:43.9232104Z  3a02ac06be95 Verifying Checksum 
Web Tests (2)	UNKNOWN STEP	2026-02-25T19:48:43.9232714Z  3a02ac06be95 Download complete 
Web Tests (2)	UNKNOWN STEP	2026-02-25T19:48:43.9816522Z  b4403f29458a Extracting [=====>                                             ]  10.58MB/105.2MB
Web Tests (2)	UNKNOWN STEP	2026-02-25T19:48:43.9946031Z  0c8d55a45c0d Extracting [==================================================>]  29.78MB/29.78MB
Web Tests (2)	UNKNOWN STEP	2026-02-25T19:48:43.9978712Z  7807da78b90b Downloading [===============>                                   ]  13.89MB/45.54MB
Web Tests (2)	UNKNOWN STEP	2026-02-25T19:48:44.0164217Z  bc1da058f299 Downloading [>                                                  ]  37.53kB/3.644MB
Web Tests (2)	UNKNOWN STEP	2026-02-25T19:48:44.0232974Z  0c8d55a45c0d Pull complete 
Web Tests (2)	UNKNOWN STEP	2026-02-25T19:48:44.0260499Z  03af238a5946 Extracting [=>                                                 ]  32.77kB/1.293MB
Web Tests (2)	UNKNOWN STEP	2026-02-25T19:48:44.0750252Z  bc1da058f299 Verifying Checksum 
Web Tests (2)	UNKNOWN STEP	2026-02-25T19:48:44.0755683Z  bc1da058f299 Download complete 
Web Tests (2)	UNKNOWN STEP	2026-02-25T19:48:44.0768836Z  bc1da058f299 Extracting [>                                                  ]  65.54kB/3.644MB
Web Tests (2)	UNKNOWN STEP	2026-02-25T19:48:44.0871837Z  b4403f29458a Extracting [=======>                                           ]  16.71MB/105.2MB
Web Tests (2)	UNKNOWN STEP	2026-02-25T19:48:44.0979235Z  7807da78b90b Downloading [======================================>            ]  34.76MB/45.54MB
Web Tests (2)	UNKNOWN STEP	2026-02-25T19:48:44.1258448Z  03af238a5946 Extracting [===============================>                   ]  819.2kB/1.293MB
Web Tests (2)	UNKNOWN STEP	2026-02-25T19:48:44.1881688Z  bc1da058f299 Extracting [===================>                               ]  1.442MB/3.644MB
Web Tests (2)	UNKNOWN STEP	2026-02-25T19:48:44.1925852Z  b4403f29458a Extracting [===========>                                       ]  23.95MB/105.2MB
Web Tests (2)	UNKNOWN STEP	2026-02-25T19:48:44.1934722Z  09a5a0c32a23 Downloading [======================================>            ]     721B/948B
Web Tests (2)	UNKNOWN STEP	2026-02-25T19:48:44.1937735Z  09a5a0c32a23 Downloading [==================================================>]     948B/948B
Web Tests (2)	UNKNOWN STEP	2026-02-25T19:48:44.1947863Z  09a5a0c32a23 Verifying Checksum 
Web Tests (2)	UNKNOWN STEP	2026-02-25T19:48:44.1950300Z  09a5a0c32a23 Download complete 
Web Tests (2)	UNKNOWN STEP	2026-02-25T19:48:44.2022318Z  7807da78b90b Downloading [===============================================>   ]  43.63MB/45.54MB
Web Tests (2)	UNKNOWN STEP	2026-02-25T19:48:44.2103331Z  7807da78b90b Verifying Checksum 
Web Tests (2)	UNKNOWN STEP	2026-02-25T19:48:44.2105257Z  7807da78b90b Download complete 
Web Tests (2)	UNKNOWN STEP	2026-02-25T19:48:44.2188652Z  03af238a5946 Extracting [==================================================>]  1.293MB/1.293MB
Web Tests (2)	UNKNOWN STEP	2026-02-25T19:48:44.2194771Z  03af238a5946 Extracting [==================================================>]  1.293MB/1.293MB
Web Tests (2)	UNKNOWN STEP	2026-02-25T19:48:44.2345324Z  bc1da058f299 Extracting [==================================================>]  3.644MB/3.644MB
Web Tests (2)	UNKNOWN STEP	2026-02-25T19:48:44.2833606Z  bc1da058f299 Pull complete 
Web Tests (2)	UNKNOWN STEP	2026-02-25T19:48:44.2886069Z  09a5a0c32a23 Extracting [==================================================>]     948B/948B
Web Tests (2)	UNKNOWN STEP	2026-02-25T19:48:44.2888980Z  09a5a0c32a23 Extracting [==================================================>]     948B/948B
Web Tests (2)	UNKNOWN STEP	2026-02-25T19:48:44.2890056Z  bd53938b1271 Downloading [>                                                  ]  2.087kB/173.4kB
Web Tests (2)	UNKNOWN STEP	2026-02-25T19:48:44.2974117Z  b4403f29458a Extracting [==============>                                    ]  30.64MB/105.2MB
Web Tests (2)	UNKNOWN STEP	2026-02-25T19:48:44.3176845Z  bd53938b1271 Verifying Checksum 
Web Tests (2)	UNKNOWN STEP	2026-02-25T19:48:44.3182981Z  bd53938b1271 Download complete 
Web Tests (2)	UNKNOWN STEP	2026-02-25T19:48:44.4032741Z  b4403f29458a Extracting [==================>                                ]  38.44MB/105.2MB
Web Tests (2)	UNKNOWN STEP	2026-02-25T19:48:44.4055161Z  9fe3744a2eac Downloading [>                                                  ]   10.3kB/1.003MB
Web Tests (2)	UNKNOWN STEP	2026-02-25T19:48:44.4260084Z  7ad54b3c4cef Downloading [>                                                  ]  126.5kB/12.41MB
Web Tests (2)	UNKNOWN STEP	2026-02-25T19:48:44.4614464Z  9fe3744a2eac Downloading [==================================================>]  1.003MB/1.003MB
Web Tests (2)	UNKNOWN STEP	2026-02-25T19:48:44.4618189Z  9fe3744a2eac Verifying Checksum 
Web Tests (2)	UNKNOWN STEP	2026-02-25T19:48:44.4618653Z  9fe3744a2eac Download complete 
Web Tests (2)	UNKNOWN STEP	2026-02-25T19:48:44.5058267Z  b4403f29458a Extracting [=====================>                             ]  45.68MB/105.2MB
Web Tests (2)	UNKNOWN STEP	2026-02-25T19:48:44.5112375Z  2a97533d89ca Downloading [==================================================>]     100B/100B
Web Tests (2)	UNKNOWN STEP	2026-02-25T19:48:44.5117857Z  2a97533d89ca Verifying Checksum 
Web Tests (2)	UNKNOWN STEP	2026-02-25T19:48:44.5119400Z  2a97533d89ca Download complete 
Web Tests (2)	UNKNOWN STEP	2026-02-25T19:48:44.5264661Z  7ad54b3c4cef Downloading [=========================>                         ]  6.299MB/12.41MB
Web Tests (2)	UNKNOWN STEP	2026-02-25T19:48:44.5579078Z  7ad54b3c4cef Verifying Checksum 
Web Tests (2)	UNKNOWN STEP	2026-02-25T19:48:44.5582145Z  7ad54b3c4cef Download complete 
Web Tests (2)	UNKNOWN STEP	2026-02-25T19:48:44.6085966Z  b4403f29458a Extracting [========================>                          ]  51.25MB/105.2MB
Web Tests (2)	UNKNOWN STEP	2026-02-25T19:48:44.6538466Z  4f4fb700ef54 Downloading [==================================================>]      32B/32B
Web Tests (2)	UNKNOWN STEP	2026-02-25T19:48:44.6539226Z  4f4fb700ef54 Download complete 
Web Tests (2)	UNKNOWN STEP	2026-02-25T19:48:44.6803724Z  1c2c8d1ee428 Downloading [==================================================>]     576B/576B
Web Tests (2)	UNKNOWN STEP	2026-02-25T19:48:44.6804489Z  1c2c8d1ee428 Verifying Checksum 
Web Tests (2)	UNKNOWN STEP	2026-02-25T19:48:44.6804948Z  1c2c8d1ee428 Download complete 
Web Tests (2)	UNKNOWN STEP	2026-02-25T19:48:44.7146495Z  b4403f29458a Extracting [===========================>                       ]  57.93MB/105.2MB
Web Tests (2)	UNKNOWN STEP	2026-02-25T19:48:44.8266684Z  b4403f29458a Extracting [==============================>                    ]  64.62MB/105.2MB
Web Tests (2)	UNKNOWN STEP	2026-02-25T19:48:45.0404692Z  b4403f29458a Extracting [================================>                  ]  67.96MB/105.2MB
Web Tests (2)	UNKNOWN STEP	2026-02-25T19:48:45.0764119Z  03af238a5946 Pull complete 
Web Tests (2)	UNKNOWN STEP	2026-02-25T19:48:45.0777713Z  09a5a0c32a23 Pull complete 
Web Tests (2)	UNKNOWN STEP	2026-02-25T19:48:45.0801832Z  686599c79c87 Extracting [>                                                  ]  131.1kB/11.8MB
Web Tests (2)	UNKNOWN STEP	2026-02-25T19:48:45.0807605Z  bd53938b1271 Extracting [=========>                                         ]  32.77kB/173.4kB
Web Tests (2)	UNKNOWN STEP	2026-02-25T19:48:45.0943813Z  bd53938b1271 Extracting [==================================================>]  173.4kB/173.4kB
Web Tests (2)	UNKNOWN STEP	2026-02-25T19:48:45.1201205Z  bd53938b1271 Extracting [==================================================>]  173.4kB/173.4kB
Web Tests (2)	UNKNOWN STEP	2026-02-25T19:48:45.1432677Z  b4403f29458a Extracting [===================================>               ]  74.65MB/105.2MB
Web Tests (2)	UNKNOWN STEP	2026-02-25T19:48:45.1843802Z  686599c79c87 Extracting [===>                                               ]  917.5kB/11.8MB
Web Tests (2)	UNKNOWN STEP	2026-02-25T19:48:45.2661109Z  b4403f29458a Extracting [===================================>               ]   75.2MB/105.2MB
Web Tests (2)	UNKNOWN STEP	2026-02-25T19:48:45.2753845Z  bd53938b1271 Pull complete 
Web Tests (2)	UNKNOWN STEP	2026-02-25T19:48:45.2786485Z  9fe3744a2eac Extracting [=>                                                 ]  32.77kB/1.003MB
Web Tests (2)	UNKNOWN STEP	2026-02-25T19:48:45.2955179Z  686599c79c87 Extracting [==============>                                    ]  3.408MB/11.8MB
Web Tests (2)	UNKNOWN STEP	2026-02-25T19:48:45.3100463Z  9fe3744a2eac Extracting [==================================================>]  1.003MB/1.003MB
Web Tests (2)	UNKNOWN STEP	2026-02-25T19:48:45.3106811Z  9fe3744a2eac Extracting [==================================================>]  1.003MB/1.003MB
Web Tests (2)	UNKNOWN STEP	2026-02-25T19:48:45.3209480Z  9fe3744a2eac Pull complete 
Web Tests (2)	UNKNOWN STEP	2026-02-25T19:48:45.3238794Z  7ad54b3c4cef Extracting [>                                                  ]  131.1kB/12.41MB
Web Tests (2)	UNKNOWN STEP	2026-02-25T19:48:45.3971483Z  b4403f29458a Extracting [====================================>              ]  75.76MB/105.2MB
Web Tests (2)	UNKNOWN STEP	2026-02-25T19:48:45.4042599Z  686599c79c87 Extracting [========================>                          ]  5.767MB/11.8MB
Web Tests (2)	UNKNOWN STEP	2026-02-25T19:48:45.4252175Z  7ad54b3c4cef Extracting [==================>                                ]  4.588MB/12.41MB
Web Tests (2)	UNKNOWN STEP	2026-02-25T19:48:45.5048509Z  686599c79c87 Extracting [================================>                  ]  7.733MB/11.8MB
Web Tests (2)	UNKNOWN STEP	2026-02-25T19:48:45.5097833Z  b4403f29458a Extracting [====================================>              ]  76.32MB/105.2MB
Web Tests (2)	UNKNOWN STEP	2026-02-25T19:48:45.5270747Z  7ad54b3c4cef Extracting [============================================>      ]  11.01MB/12.41MB
Web Tests (2)	UNKNOWN STEP	2026-02-25T19:48:45.5499493Z  7ad54b3c4cef Extracting [==================================================>]  12.41MB/12.41MB
Web Tests (2)	UNKNOWN STEP	2026-02-25T19:48:45.6049544Z  7ad54b3c4cef Pull complete 
Web Tests (2)	UNKNOWN STEP	2026-02-25T19:48:45.6065497Z  2a97533d89ca Extracting [==================================================>]     100B/100B
Web Tests (2)	UNKNOWN STEP	2026-02-25T19:48:45.6069543Z  2a97533d89ca Extracting [==================================================>]     100B/100B
Web Tests (2)	UNKNOWN STEP	2026-02-25T19:48:45.6186962Z  2a97533d89ca Pull complete 
Web Tests (2)	UNKNOWN STEP	2026-02-25T19:48:45.6211310Z  4f4fb700ef54 Extracting [==================================================>]      32B/32B
Web Tests (2)	UNKNOWN STEP	2026-02-25T19:48:45.6219889Z  4f4fb700ef54 Extracting [==================================================>]      32B/32B
Web Tests (2)	UNKNOWN STEP	2026-02-25T19:48:45.6248706Z  686599c79c87 Extracting [=======================================>           ]  9.306MB/11.8MB
Web Tests (2)	UNKNOWN STEP	2026-02-25T19:48:45.6285153Z  4f4fb700ef54 Pull complete 
Web Tests (2)	UNKNOWN STEP	2026-02-25T19:48:45.6308666Z  1c2c8d1ee428 Extracting [==================================================>]     576B/576B
Web Tests (2)	UNKNOWN STEP	2026-02-25T19:48:45.6310785Z  1c2c8d1ee428 Extracting [==================================================>]     576B/576B
Web Tests (2)	UNKNOWN STEP	2026-02-25T19:48:45.6382184Z  b4403f29458a Extracting [=====================================>             ]  78.54MB/105.2MB
Web Tests (2)	UNKNOWN STEP	2026-02-25T19:48:45.6462026Z  1c2c8d1ee428 Pull complete 
Web Tests (2)	UNKNOWN STEP	2026-02-25T19:48:45.6538818Z  redis Pulled 
Web Tests (2)	UNKNOWN STEP	2026-02-25T19:48:45.7367734Z  686599c79c87 Extracting [============================================>      ]  10.49MB/11.8MB
Web Tests (2)	UNKNOWN STEP	2026-02-25T19:48:45.7623006Z  b4403f29458a Extracting [======================================>            ]  81.89MB/105.2MB
Web Tests (2)	UNKNOWN STEP	2026-02-25T19:48:45.8542283Z  686599c79c87 Extracting [================================================>  ]  11.53MB/11.8MB
Web Tests (2)	UNKNOWN STEP	2026-02-25T19:48:45.8607172Z  686599c79c87 Extracting [==================================================>]   11.8MB/11.8MB
Web Tests (2)	UNKNOWN STEP	2026-02-25T19:48:45.8764776Z  b4403f29458a Extracting [========================================>          ]  85.79MB/105.2MB
Web Tests (2)	UNKNOWN STEP	2026-02-25T19:48:45.9282413Z  686599c79c87 Pull complete 
Web Tests (2)	UNKNOWN STEP	2026-02-25T19:48:45.9294669Z  f1cadbd7abd2 Extracting [==================================================>]     252B/252B
Web Tests (2)	UNKNOWN STEP	2026-02-25T19:48:45.9300319Z  f1cadbd7abd2 Extracting [==================================================>]     252B/252B
Web Tests (2)	UNKNOWN STEP	2026-02-25T19:48:45.9413942Z  f1cadbd7abd2 Pull complete 
Web Tests (2)	UNKNOWN STEP	2026-02-25T19:48:45.9426069Z  3ee96ea8e5d2 Extracting [==================================================>]     250B/250B
Web Tests (2)	UNKNOWN STEP	2026-02-25T19:48:45.9431119Z  3ee96ea8e5d2 Extracting [==================================================>]     250B/250B
Web Tests (2)	UNKNOWN STEP	2026-02-25T19:48:45.9529430Z  3ee96ea8e5d2 Pull complete 
Web Tests (2)	UNKNOWN STEP	2026-02-25T19:48:45.9576174Z  a954d256f742 Extracting [>                                                  ]  229.4kB/21.98MB
Web Tests (2)	UNKNOWN STEP	2026-02-25T19:48:45.9900663Z  b4403f29458a Extracting [==========================================>        ]  90.24MB/105.2MB
Web Tests (2)	UNKNOWN STEP	2026-02-25T19:48:46.0692442Z  a954d256f742 Extracting [=====>                                             ]  2.294MB/21.98MB
Web Tests (2)	UNKNOWN STEP	2026-02-25T19:48:46.1391247Z  b4403f29458a Extracting [===========================================>       ]  92.47MB/105.2MB
Web Tests (2)	UNKNOWN STEP	2026-02-25T19:48:46.1697452Z  a954d256f742 Extracting [===============>                                   ]  6.652MB/21.98MB
Web Tests (2)	UNKNOWN STEP	2026-02-25T19:48:46.2442976Z  b4403f29458a Extracting [===============================================>   ]  100.3MB/105.2MB
Web Tests (2)	UNKNOWN STEP	2026-02-25T19:48:46.2727268Z  a954d256f742 Extracting [=============================>                     ]  13.07MB/21.98MB
Web Tests (2)	UNKNOWN STEP	2026-02-25T19:48:46.3421400Z  b4403f29458a Extracting [==================================================>]  105.2MB/105.2MB
Web Tests (2)	UNKNOWN STEP	2026-02-25T19:48:46.3731019Z  a954d256f742 Extracting [===========================================>       ]  19.04MB/21.98MB
Web Tests (2)	UNKNOWN STEP	2026-02-25T19:48:46.4658090Z  a954d256f742 Extracting [==================================================>]  21.98MB/21.98MB
Web Tests (2)	UNKNOWN STEP	2026-02-25T19:48:46.5611008Z  b4403f29458a Pull complete 
Web Tests (2)	UNKNOWN STEP	2026-02-25T19:48:46.5612686Z  a954d256f742 Pull complete 
Web Tests (2)	UNKNOWN STEP	2026-02-25T19:48:46.5623708Z  40aaa75af6ce Extracting [==================================================>]   9.62kB/9.62kB
Web Tests (2)	UNKNOWN STEP	2026-02-25T19:48:46.5628703Z  40aaa75af6ce Extracting [==================================================>]   9.62kB/9.62kB
Web Tests (2)	UNKNOWN STEP	2026-02-25T19:48:46.5640791Z  c7ce85987d6d Extracting [==================================================>]  13.29kB/13.29kB
Web Tests (2)	UNKNOWN STEP	2026-02-25T19:48:46.5642239Z  c7ce85987d6d Extracting [==================================================>]  13.29kB/13.29kB
Web Tests (2)	UNKNOWN STEP	2026-02-25T19:48:46.5795260Z  40aaa75af6ce Pull complete 
Web Tests (2)	UNKNOWN STEP	2026-02-25T19:48:46.5809671Z  162bdab1e0a7 Extracting [==================================================>]     128B/128B
Web Tests (2)	UNKNOWN STEP	2026-02-25T19:48:46.5813708Z  162bdab1e0a7 Extracting [==================================================>]     128B/128B
Web Tests (2)	UNKNOWN STEP	2026-02-25T19:48:46.5909369Z  162bdab1e0a7 Pull complete 
Web Tests (2)	UNKNOWN STEP	2026-02-25T19:48:46.5922891Z  ebff7b0ec73e Extracting [==================================================>]     170B/170B
Web Tests (2)	UNKNOWN STEP	2026-02-25T19:48:46.5925576Z  ebff7b0ec73e Extracting [==================================================>]     170B/170B
Web Tests (2)	UNKNOWN STEP	2026-02-25T19:48:46.6001861Z  c7ce85987d6d Pull complete 
Web Tests (2)	UNKNOWN STEP	2026-02-25T19:48:46.6028496Z  ebff7b0ec73e Pull complete 
Web Tests (2)	UNKNOWN STEP	2026-02-25T19:48:46.6043460Z  c02179436571 Extracting [==================================================>]   5.84kB/5.84kB
Web Tests (2)	UNKNOWN STEP	2026-02-25T19:48:46.6048372Z  c02179436571 Extracting [==================================================>]   5.84kB/5.84kB
Web Tests (2)	UNKNOWN STEP	2026-02-25T19:48:46.6153412Z  c02179436571 Pull complete 
Web Tests (2)	UNKNOWN STEP	2026-02-25T19:48:46.6170932Z  8243369e9866 Extracting [==================================================>]     186B/186B
Web Tests (2)	UNKNOWN STEP	2026-02-25T19:48:46.6171832Z  8243369e9866 Extracting [==================================================>]     186B/186B
Web Tests (2)	UNKNOWN STEP	2026-02-25T19:48:46.6272217Z  8243369e9866 Pull complete 
Web Tests (2)	UNKNOWN STEP	2026-02-25T19:48:46.6290873Z  7807da78b90b Extracting [>                                                  ]  458.8kB/45.54MB
Web Tests (2)	UNKNOWN STEP	2026-02-25T19:48:46.6337731Z  postgres Pulled 
Web Tests (2)	UNKNOWN STEP	2026-02-25T19:48:46.7647470Z  7807da78b90b Extracting [===>                                               ]  2.753MB/45.54MB
Web Tests (2)	UNKNOWN STEP	2026-02-25T19:48:46.8688116Z  7807da78b90b Extracting [========>                                          ]   7.34MB/45.54MB
Web Tests (2)	UNKNOWN STEP	2026-02-25T19:48:47.0249218Z  7807da78b90b Extracting [==========>                                        ]  9.175MB/45.54MB
Web Tests (2)	UNKNOWN STEP	2026-02-25T19:48:47.1348526Z  7807da78b90b Extracting [================>                                  ]  14.68MB/45.54MB
Web Tests (2)	UNKNOWN STEP	2026-02-25T19:48:47.3432549Z  7807da78b90b Extracting [=====================>                             ]  19.27MB/45.54MB
Web Tests (2)	UNKNOWN STEP	2026-02-25T19:48:47.4916297Z  7807da78b90b Extracting [=======================>                           ]  21.56MB/45.54MB
Web Tests (2)	UNKNOWN STEP	2026-02-25T19:48:47.6371922Z  7807da78b90b Extracting [==============================>                    ]  27.53MB/45.54MB
Web Tests (2)	UNKNOWN STEP	2026-02-25T19:48:47.8957981Z  7807da78b90b Extracting [=================================>                 ]  30.74MB/45.54MB
Web Tests (2)	UNKNOWN STEP	2026-02-25T19:48:48.0561419Z  7807da78b90b Extracting [===================================>               ]  32.11MB/45.54MB
Web Tests (2)	UNKNOWN STEP	2026-02-25T19:48:48.1795835Z  7807da78b90b Extracting [====================================>              ]  33.03MB/45.54MB
Web Tests (2)	UNKNOWN STEP	2026-02-25T19:48:48.3148193Z  7807da78b90b Extracting [=====================================>             ]  34.41MB/45.54MB
Web Tests (2)	UNKNOWN STEP	2026-02-25T19:48:48.4535800Z  7807da78b90b Extracting [======================================>            ]  34.87MB/45.54MB
Web Tests (2)	UNKNOWN STEP	2026-02-25T19:48:48.5642891Z  7807da78b90b Extracting [============================================>      ]  40.83MB/45.54MB
Web Tests (2)	UNKNOWN STEP	2026-02-25T19:48:48.7017445Z  7807da78b90b Extracting [==============================================>    ]  42.21MB/45.54MB
Web Tests (2)	UNKNOWN STEP	2026-02-25T19:48:48.8378658Z  7807da78b90b Extracting [===============================================>   ]  43.58MB/45.54MB
Web Tests (2)	UNKNOWN STEP	2026-02-25T19:48:48.9394145Z  7807da78b90b Extracting [=================================================> ]  44.96MB/45.54MB
Web Tests (2)	UNKNOWN STEP	2026-02-25T19:48:48.9538968Z  7807da78b90b Extracting [==================================================>]  45.54MB/45.54MB
Web Tests (2)	UNKNOWN STEP	2026-02-25T19:48:49.1842900Z  7807da78b90b Pull complete 
Web Tests (2)	UNKNOWN STEP	2026-02-25T19:48:49.1853294Z  0478cd5c1079 Extracting [==================================================>]  3.507kB/3.507kB
Web Tests (2)	UNKNOWN STEP	2026-02-25T19:48:49.1859375Z  0478cd5c1079 Extracting [==================================================>]  3.507kB/3.507kB
Web Tests (2)	UNKNOWN STEP	2026-02-25T19:48:49.1972619Z  0478cd5c1079 Pull complete 
Web Tests (2)	UNKNOWN STEP	2026-02-25T19:48:49.1985654Z  3a02ac06be95 Extracting [==================================================>]  3.462kB/3.462kB
Web Tests (2)	UNKNOWN STEP	2026-02-25T19:48:49.1988132Z  3a02ac06be95 Extracting [==================================================>]  3.462kB/3.462kB
Web Tests (2)	UNKNOWN STEP	2026-02-25T19:48:49.2075425Z  3a02ac06be95 Pull complete 
Web Tests (2)	UNKNOWN STEP	2026-02-25T19:48:49.2172047Z  matrix-synapse Pulled 
Web Tests (2)	UNKNOWN STEP	2026-02-25T19:48:49.2194216Z  Network substitution_substitution_network  Creating
Web Tests (2)	UNKNOWN STEP	2026-02-25T19:48:49.2603393Z  Network substitution_substitution_network  Created
Web Tests (2)	UNKNOWN STEP	2026-02-25T19:48:49.2608494Z  Container substitution-dex-1  Creating
Web Tests (2)	UNKNOWN STEP	2026-02-25T19:48:49.2609226Z  Container substitution-redis-1  Creating
Web Tests (2)	UNKNOWN STEP	2026-02-25T19:48:49.2610541Z  Container substitution-postgres-1  Creating
Web Tests (2)	UNKNOWN STEP	2026-02-25T19:48:49.2861717Z  Container substitution-redis-1  Created
Web Tests (2)	UNKNOWN STEP	2026-02-25T19:48:49.2862264Z  Container substitution-dex-1  Created
Web Tests (2)	UNKNOWN STEP	2026-02-25T19:48:49.2862783Z  Container substitution-postgres-1  Created
Web Tests (2)	UNKNOWN STEP	2026-02-25T19:48:49.2863385Z  Container substitution-matrix-synapse-1  Creating
Web Tests (2)	UNKNOWN STEP	2026-02-25T19:48:49.2979377Z  Container substitution-matrix-synapse-1  Created
Web Tests (2)	UNKNOWN STEP	2026-02-25T19:48:49.2992009Z  Container substitution-dex-1  Starting
Web Tests (2)	UNKNOWN STEP	2026-02-25T19:48:49.2994891Z  Container substitution-redis-1  Starting
Web Tests (2)	UNKNOWN STEP	2026-02-25T19:48:49.2995469Z  Container substitution-postgres-1  Starting
Web Tests (2)	UNKNOWN STEP	2026-02-25T19:48:49.5512768Z  Container substitution-redis-1  Started
Web Tests (2)	UNKNOWN STEP	2026-02-25T19:48:49.5628806Z  Container substitution-postgres-1  Started
Web Tests (2)	UNKNOWN STEP	2026-02-25T19:48:49.5665098Z  Container substitution-dex-1  Started
Web Tests (2)	UNKNOWN STEP	2026-02-25T19:48:49.5665990Z  Container substitution-dex-1  Waiting
Web Tests (2)	UNKNOWN STEP	2026-02-25T19:48:49.5666597Z  Container substitution-postgres-1  Waiting
Web Tests (2)	UNKNOWN STEP	2026-02-25T19:48:55.0685019Z  Container substitution-dex-1  Healthy
Web Tests (2)	UNKNOWN STEP	2026-02-25T19:49:00.0684551Z  Container substitution-postgres-1  Healthy
Web Tests (2)	UNKNOWN STEP	2026-02-25T19:49:00.0685271Z  Container substitution-matrix-synapse-1  Starting
Web Tests (2)	UNKNOWN STEP	2026-02-25T19:49:00.2179922Z  Container substitution-matrix-synapse-1  Started
Web Tests (2)	UNKNOWN STEP	2026-02-25T19:49:10.3028394Z time="2026-02-25T19:49:10Z" level=warning msg="/home/runner/work/substitution/substitution/docker-compose.yml: the attribute `version` is obsolete, it will be ignored, please remove it to avoid potential confusion"
Web Tests (2)	UNKNOWN STEP	2026-02-25T19:49:10.3120937Z  Container substitution-postgres-1  Running
Web Tests (2)	UNKNOWN STEP	2026-02-25T19:49:10.3130968Z  Container substitution-dex-1  Running
Web Tests (2)	UNKNOWN STEP	2026-02-25T19:49:10.3132146Z  Container substitution-matrix-synapse-1  Running
Web Tests (2)	UNKNOWN STEP	2026-02-25T19:49:10.3157383Z  Container substitution-dex-1  Waiting
Web Tests (2)	UNKNOWN STEP	2026-02-25T19:49:10.3160338Z  Container substitution-postgres-1  Waiting
Web Tests (2)	UNKNOWN STEP	2026-02-25T19:49:10.8171674Z  Container substitution-postgres-1  Healthy
Web Tests (2)	UNKNOWN STEP	2026-02-25T19:49:10.8234886Z  Container substitution-dex-1  Healthy
Web Tests (2)	UNKNOWN STEP	2026-02-25T19:49:10.8235369Z  matrix-init Pulling 
Web Tests (2)	UNKNOWN STEP	2026-02-25T19:49:11.5248051Z  589002ba0eae Already exists 
Web Tests (2)	UNKNOWN STEP	2026-02-25T19:49:11.5260286Z  aca07fe076f1 Pulling fs layer 
Web Tests (2)	UNKNOWN STEP	2026-02-25T19:49:11.5260785Z  6dafe251d313 Pulling fs layer 
Web Tests (2)	UNKNOWN STEP	2026-02-25T19:49:11.5261262Z  fa340e77c336 Pulling fs layer 
Web Tests (2)	UNKNOWN STEP	2026-02-25T19:49:11.7232610Z  fa340e77c336 Downloading [==================================================>]     247B/247B
Web Tests (2)	UNKNOWN STEP	2026-02-25T19:49:11.7233543Z  fa340e77c336 Download complete 
Web Tests (2)	UNKNOWN STEP	2026-02-25T19:49:11.7424598Z  6dafe251d313 Downloading [>                                                  ]  163.1kB/16.02MB
Web Tests (2)	UNKNOWN STEP	2026-02-25T19:49:11.7738282Z  aca07fe076f1 Downloading [>                                                  ]  5.281kB/460.9kB
Web Tests (2)	UNKNOWN STEP	2026-02-25T19:49:11.8193694Z  aca07fe076f1 Downloading [==================================================>]  460.9kB/460.9kB
Web Tests (2)	UNKNOWN STEP	2026-02-25T19:49:11.8194469Z  aca07fe076f1 Download complete 
Web Tests (2)	UNKNOWN STEP	2026-02-25T19:49:11.8195626Z  aca07fe076f1 Extracting [===>                                               ]  32.77kB/460.9kB
Web Tests (2)	UNKNOWN STEP	2026-02-25T19:49:11.8428939Z  6dafe251d313 Downloading [===================================>               ]  11.23MB/16.02MB
Web Tests (2)	UNKNOWN STEP	2026-02-25T19:49:11.8620508Z  6dafe251d313 Verifying Checksum 
Web Tests (2)	UNKNOWN STEP	2026-02-25T19:49:11.8621021Z  6dafe251d313 Download complete 
Web Tests (2)	UNKNOWN STEP	2026-02-25T19:49:11.9443502Z  aca07fe076f1 Extracting [==================================================>]  460.9kB/460.9kB
Web Tests (2)	UNKNOWN STEP	2026-02-25T19:49:12.0991788Z  aca07fe076f1 Pull complete 
Web Tests (2)	UNKNOWN STEP	2026-02-25T19:49:12.1027693Z  6dafe251d313 Extracting [>                                                  ]  163.8kB/16.02MB
Web Tests (2)	UNKNOWN STEP	2026-02-25T19:49:12.2107299Z  6dafe251d313 Extracting [=========>                                         ]  2.949MB/16.02MB
Web Tests (2)	UNKNOWN STEP	2026-02-25T19:49:12.3142865Z  6dafe251d313 Extracting [=================>                                 ]  5.734MB/16.02MB
Web Tests (2)	UNKNOWN STEP	2026-02-25T19:49:12.4149596Z  6dafe251d313 Extracting [=================================>                 ]  10.65MB/16.02MB
Web Tests (2)	UNKNOWN STEP	2026-02-25T19:49:12.5298171Z  6dafe251d313 Extracting [=======================================>           ]  12.78MB/16.02MB
Web Tests (2)	UNKNOWN STEP	2026-02-25T19:49:12.6331253Z  6dafe251d313 Extracting [============================================>      ]  14.25MB/16.02MB
Web Tests (2)	UNKNOWN STEP	2026-02-25T19:49:12.7418266Z  6dafe251d313 Extracting [===============================================>   ]  15.07MB/16.02MB
Web Tests (2)	UNKNOWN STEP	2026-02-25T19:49:12.8323500Z  6dafe251d313 Extracting [==================================================>]  16.02MB/16.02MB
Web Tests (2)	UNKNOWN STEP	2026-02-25T19:49:12.9044716Z  6dafe251d313 Pull complete 
Web Tests (2)	UNKNOWN STEP	2026-02-25T19:49:12.9056817Z  fa340e77c336 Extracting [==================================================>]     247B/247B
Web Tests (2)	UNKNOWN STEP	2026-02-25T19:49:12.9061052Z  fa340e77c336 Extracting [==================================================>]     247B/247B
Web Tests (2)	UNKNOWN STEP	2026-02-25T19:49:12.9213910Z  fa340e77c336 Pull complete 
Web Tests (2)	UNKNOWN STEP	2026-02-25T19:49:12.9269525Z  matrix-init Pulled 
Web Tests (2)	UNKNOWN STEP	2026-02-25T19:49:15.7226832Z Collecting requests
Web Tests (2)	UNKNOWN STEP	2026-02-25T19:49:15.7676584Z   Downloading requests-2.32.5-py3-none-any.whl.metadata (4.9 kB)
Web Tests (2)	UNKNOWN STEP	2026-02-25T19:49:15.9142800Z Collecting charset_normalizer<4,>=2 (from requests)
Web Tests (2)	UNKNOWN STEP	2026-02-25T19:49:15.9252984Z   Downloading charset_normalizer-3.4.4-cp311-cp311-musllinux_1_2_x86_64.whl.metadata (37 kB)
Web Tests (2)	UNKNOWN STEP	2026-02-25T19:49:15.9671105Z Collecting idna<4,>=2.5 (from requests)
Web Tests (2)	UNKNOWN STEP	2026-02-25T19:49:15.9778916Z   Downloading idna-3.11-py3-none-any.whl.metadata (8.4 kB)
Web Tests (2)	UNKNOWN STEP	2026-02-25T19:49:16.0411943Z Collecting urllib3<3,>=1.21.1 (from requests)
Web Tests (2)	UNKNOWN STEP	2026-02-25T19:49:16.0521726Z   Downloading urllib3-2.6.3-py3-none-any.whl.metadata (6.9 kB)
Web Tests (2)	UNKNOWN STEP	2026-02-25T19:49:16.0956862Z Collecting certifi>=2017.4.17 (from requests)
Web Tests (2)	UNKNOWN STEP	2026-02-25T19:49:16.1065854Z   Downloading certifi-2026.2.25-py3-none-any.whl.metadata (2.5 kB)
Web Tests (2)	UNKNOWN STEP	2026-02-25T19:49:16.1337604Z Downloading requests-2.32.5-py3-none-any.whl (64 kB)
Web Tests (2)	UNKNOWN STEP	2026-02-25T19:49:16.1402928Z    ━━━━━━━━━━━━━━━━━━━━━━━━━━━━━━━━━━━━━━━━ 64.7/64.7 kB 15.2 MB/s eta 0:00:00
Web Tests (2)	UNKNOWN STEP	2026-02-25T19:49:16.1510181Z Downloading certifi-2026.2.25-py3-none-any.whl (153 kB)
Web Tests (2)	UNKNOWN STEP	2026-02-25T19:49:16.1631283Z    ━━━━━━━━━━━━━━━━━━━━━━━━━━━━━━━━━━━━━━━━ 153.7/153.7 kB 14.5 MB/s eta 0:00:00
Web Tests (2)	UNKNOWN STEP	2026-02-25T19:49:16.1738194Z Downloading charset_normalizer-3.4.4-cp311-cp311-musllinux_1_2_x86_64.whl (152 kB)
Web Tests (2)	UNKNOWN STEP	2026-02-25T19:49:16.1791192Z    ━━━━━━━━━━━━━━━━━━━━━━━━━━━━━━━━━━━━━━━━ 153.0/153.0 kB 45.4 MB/s eta 0:00:00
Web Tests (2)	UNKNOWN STEP	2026-02-25T19:49:16.1895358Z Downloading idna-3.11-py3-none-any.whl (71 kB)
Web Tests (2)	UNKNOWN STEP	2026-02-25T19:49:16.1942360Z    ━━━━━━━━━━━━━━━━━━━━━━━━━━━━━━━━━━━━━━━━ 71.0/71.0 kB 23.9 MB/s eta 0:00:00
Web Tests (2)	UNKNOWN STEP	2026-02-25T19:49:16.2046401Z Downloading urllib3-2.6.3-py3-none-any.whl (131 kB)
Web Tests (2)	UNKNOWN STEP	2026-02-25T19:49:16.2095854Z    ━━━━━━━━━━━━━━━━━━━━━━━━━━━━━━━━━━━━━━━━ 131.6/131.6 kB 41.4 MB/s eta 0:00:00
Web Tests (2)	UNKNOWN STEP	2026-02-25T19:49:16.2790728Z Installing collected packages: urllib3, idna, charset_normalizer, certifi, requests
Web Tests (2)	UNKNOWN STEP	2026-02-25T19:49:16.6060019Z Successfully installed certifi-2026.2.25 charset_normalizer-3.4.4 idna-3.11 requests-2.32.5 urllib3-2.6.3
Web Tests (2)	UNKNOWN STEP	2026-02-25T19:49:16.6064019Z WARNING: Running pip as the 'root' user can result in broken permissions and conflicting behaviour with the system package manager. It is recommended to use a virtual environment instead: https://pip.pypa.io/warnings/venv
Web Tests (2)	UNKNOWN STEP	2026-02-25T19:49:16.7272922Z 
Web Tests (2)	UNKNOWN STEP	2026-02-25T19:49:16.7273481Z [notice] A new release of pip is available: 24.0 -> 26.0.1
Web Tests (2)	UNKNOWN STEP	2026-02-25T19:49:16.7274105Z [notice] To update, run: pip install --upgrade pip
Web Tests (2)	UNKNOWN STEP	2026-02-25T19:49:23.8224486Z Initializing Matrix Synapse test server...
Web Tests (2)	UNKNOWN STEP	2026-02-25T19:49:23.8225110Z 
Web Tests (2)	UNKNOWN STEP	2026-02-25T19:49:23.8225509Z ✓ Synapse server is ready
Web Tests (2)	UNKNOWN STEP	2026-02-25T19:49:23.8225976Z 
Web Tests (2)	UNKNOWN STEP	2026-02-25T19:49:23.8226108Z Creating test users...
Web Tests (2)	UNKNOWN STEP	2026-02-25T19:49:23.8226516Z ✓ Created user: testuser1
Web Tests (2)	UNKNOWN STEP	2026-02-25T19:49:23.8227132Z ✓ Created user: testuser2
Web Tests (2)	UNKNOWN STEP	2026-02-25T19:49:23.8227560Z ✓ Created admin user: testadmin
Web Tests (2)	UNKNOWN STEP	2026-02-25T19:49:23.8227794Z 
Web Tests (2)	UNKNOWN STEP	2026-02-25T19:49:23.8227980Z Creating test rooms and populating with data...
Web Tests (2)	UNKNOWN STEP	2026-02-25T19:49:23.8228563Z ✓ Logged in user: @testadmin:test.matrix.local
Web Tests (2)	UNKNOWN STEP	2026-02-25T19:49:23.8229049Z ✓ Admin token acquired
Web Tests (2)	UNKNOWN STEP	2026-02-25T19:49:23.8229515Z ✓ Logged in user: @testuser1:test.matrix.local
Web Tests (2)	UNKNOWN STEP	2026-02-25T19:49:23.8230706Z ✓ Created room: test_general (!CymLiQDpYDqsJMjAbG:test.matrix.local)
Web Tests (2)	UNKNOWN STEP	2026-02-25T19:49:23.8231394Z ✓ Logged in user: @testuser2:test.matrix.local
Web Tests (2)	UNKNOWN STEP	2026-02-25T19:49:23.8231936Z   ✓ User testuser2 joined room
Web Tests (2)	UNKNOWN STEP	2026-02-25T19:49:23.8232416Z ✓ Logged in user: @testadmin:test.matrix.local
Web Tests (2)	UNKNOWN STEP	2026-02-25T19:49:23.8232888Z   ✓ User testadmin joined room
Web Tests (2)	UNKNOWN STEP	2026-02-25T19:49:23.8233285Z   ✓ Published room to directory
Web Tests (2)	UNKNOWN STEP	2026-02-25T19:49:23.8233707Z   ✓ Posted 5 messages to room
Web Tests (2)	UNKNOWN STEP	2026-02-25T19:49:23.8234102Z   Seeding media messages (image, video, audio)...
Web Tests (2)	UNKNOWN STEP	2026-02-25T19:49:23.8236546Z   ✓ Uploaded media 'test_image.png': mxc://test.matrix.local/ToNJNUZUiyzpZKGdsWDgYiyF
Web Tests (2)	UNKNOWN STEP	2026-02-25T19:49:23.8237297Z   ✓ Posted m.image message to room
Web Tests (2)	UNKNOWN STEP	2026-02-25T19:49:23.8237986Z   ✓ Uploaded media 'test_video.mp4': mxc://test.matrix.local/KPMqKQoQwMZcAauGGXoWbTzl
Web Tests (2)	UNKNOWN STEP	2026-02-25T19:49:23.8238696Z   ✓ Posted m.video message to room
Web Tests (2)	UNKNOWN STEP	2026-02-25T19:49:23.8239408Z   ✓ Uploaded media 'test_audio.mp3': mxc://test.matrix.local/kGZaTvzzROMiWvTOonWkNWPB
Web Tests (2)	UNKNOWN STEP	2026-02-25T19:49:23.8240321Z   ✓ Posted m.audio message to room
Web Tests (2)	UNKNOWN STEP	2026-02-25T19:49:23.8240920Z ✓ Created room: test_photos (!TBlIYBlIHjTThJAMgt:test.matrix.local)
Web Tests (2)	UNKNOWN STEP	2026-02-25T19:49:23.8241570Z ✓ Logged in user: @testuser2:test.matrix.local
Web Tests (2)	UNKNOWN STEP	2026-02-25T19:49:23.8242054Z   ✓ User testuser2 joined room
Web Tests (2)	UNKNOWN STEP	2026-02-25T19:49:23.8242560Z ✓ Logged in user: @testadmin:test.matrix.local
Web Tests (2)	UNKNOWN STEP	2026-02-25T19:49:23.8243074Z   ✓ User testadmin joined room
Web Tests (2)	UNKNOWN STEP	2026-02-25T19:49:23.8243491Z   ✓ Published room to directory
Web Tests (2)	UNKNOWN STEP	2026-02-25T19:49:23.8243933Z   ✓ Posted 3 messages to room
Web Tests (2)	UNKNOWN STEP	2026-02-25T19:49:23.8244351Z   Seeding media messages (image, video, audio)...
Web Tests (2)	UNKNOWN STEP	2026-02-25T19:49:23.8245105Z   ✓ Uploaded media 'test_image.png': mxc://test.matrix.local/KFUQORSjIfuhpZdIEHznRwFJ
Web Tests (2)	UNKNOWN STEP	2026-02-25T19:49:23.8245783Z   ✓ Posted m.image message to room
Web Tests (2)	UNKNOWN STEP	2026-02-25T19:49:23.8246447Z   ✓ Uploaded media 'test_video.mp4': mxc://test.matrix.local/XQAxzCmmAHQXEjIdRHSfxljj
Web Tests (2)	UNKNOWN STEP	2026-02-25T19:49:23.8247148Z   ✓ Posted m.video message to room
Web Tests (2)	UNKNOWN STEP	2026-02-25T19:49:23.8247843Z   ✓ Uploaded media 'test_audio.mp3': mxc://test.matrix.local/zpQuzasuXXfQKBzjonEYzfbc
Web Tests (2)	UNKNOWN STEP	2026-02-25T19:49:23.8248500Z   ✓ Posted m.audio message to room
Web Tests (2)	UNKNOWN STEP	2026-02-25T19:49:23.8249069Z ✓ Created room: test_art (!NTVcgMlxsDbaOctoZD:test.matrix.local)
Web Tests (2)	UNKNOWN STEP	2026-02-25T19:49:23.8249685Z ✓ Logged in user: @testuser2:test.matrix.local
Web Tests (2)	UNKNOWN STEP	2026-02-25T19:49:23.8250329Z   ✓ User testuser2 joined room
Web Tests (2)	UNKNOWN STEP	2026-02-25T19:49:23.8250784Z ✓ Logged in user: @testadmin:test.matrix.local
Web Tests (2)	UNKNOWN STEP	2026-02-25T19:49:23.8251250Z   ✓ User testadmin joined room
Web Tests (2)	UNKNOWN STEP	2026-02-25T19:49:23.8251662Z   ✓ Published room to directory
Web Tests (2)	UNKNOWN STEP	2026-02-25T19:49:23.8252400Z ✓ Uploaded dummy avatar: mxc://test.matrix.local/PPdqvPLtNYdObHtKiltMQVzC
Web Tests (2)	UNKNOWN STEP	2026-02-25T19:49:23.8253286Z   ✓ Set room avatar to mxc://test.matrix.local/PPdqvPLtNYdObHtKiltMQVzC
Web Tests (2)	UNKNOWN STEP	2026-02-25T19:49:23.8254130Z ✓ Created room: test_invite_only (!GvkNgAcvATCDJaESPU:test.matrix.local)
Web Tests (2)	UNKNOWN STEP	2026-02-25T19:49:23.8254860Z   ℹ Skipping user invites for room (discovery test)
Web Tests (2)	UNKNOWN STEP	2026-02-25T19:49:23.8255688Z   ✓ Published room to directory
Web Tests (2)	UNKNOWN STEP	2026-02-25T19:49:23.8256148Z   ✓ Posted 2 messages to room
Web Tests (2)	UNKNOWN STEP	2026-02-25T19:49:23.8256789Z ✓ Created room: test_avatar (!fGPavUlkcLRhSlZxWZ:test.matrix.local)
Web Tests (2)	UNKNOWN STEP	2026-02-25T19:49:23.8257490Z ✓ Logged in user: @testuser2:test.matrix.local
Web Tests (2)	UNKNOWN STEP	2026-02-25T19:49:23.8258017Z   ✓ User testuser2 joined room
Web Tests (2)	UNKNOWN STEP	2026-02-25T19:49:23.8258540Z ✓ Logged in user: @testadmin:test.matrix.local
Web Tests (2)	UNKNOWN STEP	2026-02-25T19:49:23.8259108Z   ✓ User testadmin joined room
Web Tests (2)	UNKNOWN STEP	2026-02-25T19:49:23.8259574Z   ✓ Published room to directory
Web Tests (2)	UNKNOWN STEP	2026-02-25T19:49:23.8260457Z ✓ Uploaded dummy avatar: mxc://test.matrix.local/oDwJYArPhxybOhEzJcZqzizN
Web Tests (2)	UNKNOWN STEP	2026-02-25T19:49:23.8261376Z   ✓ Set room avatar to mxc://test.matrix.local/oDwJYArPhxybOhEzJcZqzizN
Web Tests (2)	UNKNOWN STEP	2026-02-25T19:49:23.8261850Z 
Web Tests (2)	UNKNOWN STEP	2026-02-25T19:49:23.8262027Z ============================================================
Web Tests (2)	UNKNOWN STEP	2026-02-25T19:49:23.8262624Z ✅ Matrix test server initialized successfully!
Web Tests (2)	UNKNOWN STEP	2026-02-25T19:49:23.8263125Z ============================================================
Web Tests (2)	UNKNOWN STEP	2026-02-25T19:49:23.8263459Z 
Web Tests (2)	UNKNOWN STEP	2026-02-25T19:49:23.8263641Z 📝 Test Users:
Web Tests (2)	UNKNOWN STEP	2026-02-25T19:49:23.8264130Z   testuser1
Web Tests (2)	UNKNOWN STEP	2026-02-25T19:49:23.8264452Z     ID: @testuser1:test.matrix.local
Web Tests (2)	UNKNOWN STEP	2026-02-25T19:49:23.8264881Z     Password: testpass123
Web Tests (2)	UNKNOWN STEP	2026-02-25T19:49:23.8265239Z   testuser2
Web Tests (2)	UNKNOWN STEP	2026-02-25T19:49:23.8265552Z     ID: @testuser2:test.matrix.local
Web Tests (2)	UNKNOWN STEP	2026-02-25T19:49:23.8265974Z     Password: testpass123
Web Tests (2)	UNKNOWN STEP	2026-02-25T19:49:23.8266331Z   testadmin
Web Tests (2)	UNKNOWN STEP	2026-02-25T19:49:23.8266661Z     ID: @testadmin:test.matrix.local
Web Tests (2)	UNKNOWN STEP	2026-02-25T19:49:23.8267078Z     Password: testpass123
Web Tests (2)	UNKNOWN STEP	2026-02-25T19:49:23.8267306Z 
Web Tests (2)	UNKNOWN STEP	2026-02-25T19:49:23.8267475Z 🏠 Test Rooms:
Web Tests (2)	UNKNOWN STEP	2026-02-25T19:49:23.8267770Z   test_general (with messages)
Web Tests (2)	UNKNOWN STEP	2026-02-25T19:49:23.8268148Z     ID: !CymLiQDpYDqsJMjAbG:test.matrix.local
Web Tests (2)	UNKNOWN STEP	2026-02-25T19:49:23.8268553Z   test_photos (with messages)
Web Tests (2)	UNKNOWN STEP	2026-02-25T19:49:23.8268921Z     ID: !TBlIYBlIHjTThJAMgt:test.matrix.local
Web Tests (2)	UNKNOWN STEP	2026-02-25T19:49:23.8269301Z   test_art (empty)
Web Tests (2)	UNKNOWN STEP	2026-02-25T19:49:23.8269845Z     ID: !NTVcgMlxsDbaOctoZD:test.matrix.local
Web Tests (2)	UNKNOWN STEP	2026-02-25T19:49:23.8270329Z   test_invite_only (with messages)
Web Tests (2)	UNKNOWN STEP	2026-02-25T19:49:23.8270775Z     ID: !GvkNgAcvATCDJaESPU:test.matrix.local
Web Tests (2)	UNKNOWN STEP	2026-02-25T19:49:23.8271236Z   test_avatar (empty)
Web Tests (2)	UNKNOWN STEP	2026-02-25T19:49:23.8271672Z     ID: !fGPavUlkcLRhSlZxWZ:test.matrix.local
Web Tests (2)	UNKNOWN STEP	2026-02-25T19:49:23.8272041Z 
Web Tests (2)	UNKNOWN STEP	2026-02-25T19:49:23.8272311Z 🔑 Test Credentials for Integration Tests:
Web Tests (2)	UNKNOWN STEP	2026-02-25T19:49:23.8272779Z   Server:    http://matrix-synapse:8008
Web Tests (2)	UNKNOWN STEP	2026-02-25T19:49:23.8273202Z   Test User: testuser1
Web Tests (2)	UNKNOWN STEP	2026-02-25T19:49:23.8273540Z   Password:  testpass123
Web Tests (2)	UNKNOWN STEP	2026-02-25T19:49:23.8273793Z 
Web Tests (2)	UNKNOWN STEP	2026-02-25T19:49:23.8273916Z Room Status:
Web Tests (2)	UNKNOWN STEP	2026-02-25T19:49:23.8274577Z   test_general - 5 text + image/video/audio messages (for testing message lists and media rendering)
Web Tests (2)	UNKNOWN STEP	2026-02-25T19:49:23.8275613Z   test_photos  - 3 text + image/video/audio messages (for testing photo/media content)
Web Tests (2)	UNKNOWN STEP	2026-02-25T19:49:23.8276383Z   test_art     - 0 messages (for testing empty rooms)
Web Tests (2)	UNKNOWN STEP	2026-02-25T19:49:23.8277026Z ✓ Logged in user: @testuser1:test.matrix.local
Web Tests (2)	UNKNOWN STEP	2026-02-25T19:49:23.8277392Z 
Web Tests (2)	UNKNOWN STEP	2026-02-25T19:49:23.8277644Z   📋 Public room directory has 5 room(s):
Web Tests (2)	UNKNOWN STEP	2026-02-25T19:49:23.8278206Z     - test_avatar (!fGPavUlkcLRhSlZxWZ:test.matrix.local)
Web Tests (2)	UNKNOWN STEP	2026-02-25T19:49:23.8278867Z     - test_photos (!TBlIYBlIHjTThJAMgt:test.matrix.local)
Web Tests (2)	UNKNOWN STEP	2026-02-25T19:49:23.8279478Z     - test_art (!NTVcgMlxsDbaOctoZD:test.matrix.local)
Web Tests (2)	UNKNOWN STEP	2026-02-25T19:49:23.8280268Z     - test_general (!CymLiQDpYDqsJMjAbG:test.matrix.local)
Web Tests (2)	UNKNOWN STEP	2026-02-25T19:49:23.8280929Z     - test_invite_only (!GvkNgAcvATCDJaESPU:test.matrix.local)
Web Tests (2)	UNKNOWN STEP	2026-02-25T19:49:23.8281358Z 
Web Tests (2)	UNKNOWN STEP	2026-02-25T19:49:23.9819447Z ##[group]Run ./scripts/test.sh web --no-docker --shard 2 --total-shards 7
Web Tests (2)	UNKNOWN STEP	2026-02-25T19:49:23.9820312Z [36;1m./scripts/test.sh web --no-docker --shard 2 --total-shards 7[0m
Web Tests (2)	UNKNOWN STEP	2026-02-25T19:49:23.9869288Z shell: /usr/bin/bash -e {0}
Web Tests (2)	UNKNOWN STEP	2026-02-25T19:49:23.9869534Z env:
Web Tests (2)	UNKNOWN STEP	2026-02-25T19:49:23.9869906Z   CACHE_VERSION: v1
Web Tests (2)	UNKNOWN STEP	2026-02-25T19:49:23.9870214Z   FLUTTER_ROOT: /opt/hostedtoolcache/flutter/stable-3.41.2-x64
Web Tests (2)	UNKNOWN STEP	2026-02-25T19:49:23.9870796Z   PUB_CACHE: /home/runner/.pub-cache
Web Tests (2)	UNKNOWN STEP	2026-02-25T19:49:23.9871091Z   MATRIX_SERVER: http://localhost:8008
Web Tests (2)	UNKNOWN STEP	2026-02-25T19:49:23.9871371Z   MATRIX_TEST_USER: testuser1
Web Tests (2)	UNKNOWN STEP	2026-02-25T19:49:23.9871619Z   MATRIX_TEST_PASSWORD: testpass123
Web Tests (2)	UNKNOWN STEP	2026-02-25T19:49:23.9871862Z ##[endgroup]
Web Tests (2)	UNKNOWN STEP	2026-02-25T19:49:24.0041905Z [1m
Web Tests (2)	UNKNOWN STEP	2026-02-25T19:49:24.0042355Z   Substitution Test Runner
Web Tests (2)	UNKNOWN STEP	2026-02-25T19:49:24.0055856Z   2026-02-25 19:49:24
Web Tests (2)	UNKNOWN STEP	2026-02-25T19:49:24.0056272Z   Targets: web
Web Tests (2)	UNKNOWN STEP	2026-02-25T19:49:24.0056708Z [0m
Web Tests (2)	UNKNOWN STEP	2026-02-25T19:49:24.0063648Z [0;34m[INFO][0m Fetching Flutter dependencies...
Web Tests (2)	UNKNOWN STEP	2026-02-25T19:49:25.1603110Z   unorm_dart 0.2.0 (0.3.2 available)
Web Tests (2)	UNKNOWN STEP	2026-02-25T19:49:25.1603635Z   win32 5.15.0 (6.0.0 available)
Web Tests (2)	UNKNOWN STEP	2026-02-25T19:49:25.1604033Z Got dependencies!
Web Tests (2)	UNKNOWN STEP	2026-02-25T19:49:25.1604559Z 7 packages have newer versions incompatible with dependency constraints.
Web Tests (2)	UNKNOWN STEP	2026-02-25T19:49:25.1605234Z Try `flutter pub outdated` for more information.
Web Tests (2)	UNKNOWN STEP	2026-02-25T19:49:25.1606018Z [0;32m[OK][0m Dependencies fetched
Web Tests (2)	UNKNOWN STEP	2026-02-25T19:49:25.1623725Z [0;34m[INFO][0m Target: web
Web Tests (2)	UNKNOWN STEP	2026-02-25T19:49:25.1624028Z 
Web Tests (2)	UNKNOWN STEP	2026-02-25T19:49:25.1624761Z [1m━━━ Web Tests (Chrome) ━━━[0m
Web Tests (2)	UNKNOWN STEP	2026-02-25T19:49:25.1625074Z 
Web Tests (2)	UNKNOWN STEP	2026-02-25T19:49:25.1625909Z [0;34m[INFO][0m Starting run_web_tests sequence... (Shard: 2, Total: 7)
Web Tests (2)	UNKNOWN STEP	2026-02-25T19:49:25.1633750Z [0;34m[INFO][0m Validating Chrome/Chromium...
Web Tests (2)	UNKNOWN STEP	2026-02-25T19:49:25.1641869Z [0;32m[OK][0m Chrome found: /usr/bin/google-chrome
Web Tests (2)	UNKNOWN STEP	2026-02-25T19:49:26.4473995Z [0;34m[INFO][0m Skipping web unit tests (shard 2 > 0)
Web Tests (2)	UNKNOWN STEP	2026-02-25T19:49:26.4475031Z [0;34m[INFO][0m Phase 2: web integration tests via flutter drive on Chrome
Web Tests (2)	UNKNOWN STEP	2026-02-25T19:49:26.4522929Z [0;34m[INFO][0m Found ChromeDriver at: /usr/local/share/chromedriver-linux64
Web Tests (2)	UNKNOWN STEP	2026-02-25T19:49:26.5179046Z [0;34m[INFO][0m Shard 2/7: running 5 of 32 files
Web Tests (2)	UNKNOWN STEP	2026-02-25T19:49:26.5182019Z [0;34m[INFO][0m Files in this shard: integration_test/compliance_test.dart integration_test/interaction_strict_test.dart integration_test/multi_user_correspondence_test.dart integration_test/refresh_logic_test.dart integration_test/room_permissions_test.dart
Web Tests (2)	UNKNOWN STEP	2026-02-25T19:49:26.5224137Z [0;34m[INFO][0m Starting chromedriver on port 4444...
Web Tests (2)	UNKNOWN STEP	2026-02-25T19:49:28.5264889Z [0;34m[INFO][0m   Running: integration_test/compliance_test.dart
Web Tests (2)	UNKNOWN STEP	2026-02-25T19:49:28.7410482Z Resolving dependencies...
Web Tests (2)	UNKNOWN STEP	2026-02-25T19:49:28.9634075Z Downloading packages...
Web Tests (2)	UNKNOWN STEP	2026-02-25T19:49:29.1258569Z   _fe_analyzer_shared 91.0.0 (96.0.0 available)
Web Tests (2)	UNKNOWN STEP	2026-02-25T19:49:29.1259142Z   analyzer 8.4.1 (10.2.0 available)
Web Tests (2)	UNKNOWN STEP	2026-02-25T19:49:29.1259593Z   meta 1.17.0 (1.18.1 available)
Web Tests (2)	UNKNOWN STEP	2026-02-25T19:49:29.1260311Z   sqflite_common_ffi 2.3.7+1 (2.4.0+2 available)
Web Tests (2)	UNKNOWN STEP	2026-02-25T19:49:29.1260805Z   sqlite3 2.9.4 (3.1.6 available)
Web Tests (2)	UNKNOWN STEP	2026-02-25T19:49:29.1261250Z   unorm_dart 0.2.0 (0.3.2 available)
Web Tests (2)	UNKNOWN STEP	2026-02-25T19:49:29.1261688Z   win32 5.15.0 (6.0.0 available)
Web Tests (2)	UNKNOWN STEP	2026-02-25T19:49:29.1262100Z Got dependencies!
Web Tests (2)	UNKNOWN STEP	2026-02-25T19:49:29.1268428Z 7 packages have newer versions incompatible with dependency constraints.
Web Tests (2)	UNKNOWN STEP	2026-02-25T19:49:29.1269342Z Try `flutter pub outdated` for more information.
Web Tests (2)	UNKNOWN STEP	2026-02-25T19:49:29.7246005Z Launching integration_test/compliance_test.dart on Chrome in debug mode...
Web Tests (2)	UNKNOWN STEP	2026-02-25T19:50:16.9161357Z Waiting for connection from debug service on Chrome...             45.7s
Web Tests (2)	UNKNOWN STEP	2026-02-25T19:59:28.7141406Z Instance of 'AppConnectionException'
Web Tests (2)	UNKNOWN STEP	2026-02-25T19:59:28.7142374Z #0      DevHandler._startLocalDebugService (package:dwds/src/handlers/dev_handler.dart:221:7)
Web Tests (2)	UNKNOWN STEP	2026-02-25T19:59:28.7143238Z <asynchronous suspension>
Web Tests (2)	UNKNOWN STEP	2026-02-25T19:59:28.7144412Z #1      DevHandler._createChromeAppServices (package:dwds/src/handlers/dev_handler.dart:303:26)
Web Tests (2)	UNKNOWN STEP	2026-02-25T19:59:28.7145291Z <asynchronous suspension>
Web Tests (2)	UNKNOWN STEP	2026-02-25T19:59:28.7145974Z #2      DevHandler.loadAppServices (package:dwds/src/handlers/dev_handler.dart:273:23)
Web Tests (2)	UNKNOWN STEP	2026-02-25T19:59:28.7146722Z <asynchronous suspension>
Web Tests (2)	UNKNOWN STEP	2026-02-25T19:59:28.7147576Z #3      DevHandler.createDebugConnectionForChrome (package:dwds/src/handlers/dev_handler.dart:600:30)
Web Tests (2)	UNKNOWN STEP	2026-02-25T19:59:28.7148474Z <asynchronous suspension>
Web Tests (2)	UNKNOWN STEP	2026-02-25T19:59:28.7149428Z #4      Dwds.debugConnection (package:dwds/dart_web_debug_service.dart:68:14)
Web Tests (2)	UNKNOWN STEP	2026-02-25T19:59:28.7150400Z <asynchronous suspension>
Web Tests (2)	UNKNOWN STEP	2026-02-25T19:59:28.7151192Z #5      WebDevFS.connect.<anonymous closure> (package:flutter_tools/src/isolated/devfs_web.dart:160:17)
Web Tests (2)	UNKNOWN STEP	2026-02-25T19:59:28.7152056Z <asynchronous suspension>
Web Tests (2)	UNKNOWN STEP	2026-02-25T19:59:28.7152324Z 
Web Tests (2)	UNKNOWN STEP	2026-02-25T19:59:28.7350307Z [1;33m[WARN][0m Timed out with no tests running (possible AppConnectionException) — skipping: integration_test/compliance_test.dart
Web Tests (2)	UNKNOWN STEP	2026-02-25T19:59:28.7351533Z [0;34m[INFO][0m   Running: integration_test/interaction_strict_test.dart
Web Tests (2)	UNKNOWN STEP	2026-02-25T19:59:28.9457158Z Resolving dependencies...
Web Tests (2)	UNKNOWN STEP	2026-02-25T19:59:29.1740870Z Downloading packages...
Web Tests (2)	UNKNOWN STEP	2026-02-25T19:59:29.3547302Z   _fe_analyzer_shared 91.0.0 (96.0.0 available)
Web Tests (2)	UNKNOWN STEP	2026-02-25T19:59:29.3547846Z   analyzer 8.4.1 (10.2.0 available)
Web Tests (2)	UNKNOWN STEP	2026-02-25T19:59:29.3548267Z   meta 1.17.0 (1.18.1 available)
Web Tests (2)	UNKNOWN STEP	2026-02-25T19:59:29.3548715Z   sqflite_common_ffi 2.3.7+1 (2.4.0+2 available)
Web Tests (2)	UNKNOWN STEP	2026-02-25T19:59:29.3549226Z   sqlite3 2.9.4 (3.1.6 available)
Web Tests (2)	UNKNOWN STEP	2026-02-25T19:59:29.3549647Z   unorm_dart 0.2.0 (0.3.2 available)
Web Tests (2)	UNKNOWN STEP	2026-02-25T19:59:29.3550251Z   win32 5.15.0 (6.0.0 available)
Web Tests (2)	UNKNOWN STEP	2026-02-25T19:59:29.3551411Z Got dependencies!
Web Tests (2)	UNKNOWN STEP	2026-02-25T19:59:29.3560320Z 7 packages have newer versions incompatible with dependency constraints.
Web Tests (2)	UNKNOWN STEP	2026-02-25T19:59:29.3561052Z Try `flutter pub outdated` for more information.
Web Tests (2)	UNKNOWN STEP	2026-02-25T19:59:29.9760942Z Launching integration_test/interaction_strict_test.dart on Chrome in debug mode...
Web Tests (2)	UNKNOWN STEP	2026-02-25T20:00:02.1618127Z Waiting for connection from debug service on Chrome...             31.8s
Web Tests (2)	UNKNOWN STEP	2026-02-25T20:00:16.5324189Z Debug service listening on ws://127.0.0.1:39837/5qcXzmdSuKg=/ws
Web Tests (2)	UNKNOWN STEP	2026-02-25T20:00:16.5328101Z A Dart VM Service on Chrome is available at: http://127.0.0.1:39837/5qcXzmdSuKg=
Web Tests (2)	UNKNOWN STEP	2026-02-25T20:00:16.5334144Z The Flutter DevTools debugger and profiler on Chrome is available at: http://127.0.0.1:39837/5qcXzmdSuKg=/devtools/?uri=ws://127.0.0.1:39837/5qcXzmdSuKg=/ws
Web Tests (2)	UNKNOWN STEP	2026-02-25T20:00:16.5411839Z Starting application from main method in: org-dartlang-app:/web_entrypoint.dart.
Web Tests (2)	UNKNOWN STEP	2026-02-25T20:00:16.7776112Z Found an existing <meta name="viewport"> tag. Flutter Web uses its own viewport configuration for better compatibility with Flutter. This tag will be replaced.
Web Tests (2)	UNKNOWN STEP	2026-02-25T20:00:16.9200013Z 00:00 +0: (setUpAll)
Web Tests (2)	UNKNOWN STEP	2026-02-25T20:00:16.9304817Z 00:00 +1: Strict Message Interaction (Reactions & Replies) STRICT: Tap message shows reaction and reply options
Web Tests (2)	UNKNOWN STEP	2026-02-25T20:00:17.2042152Z [90m[🌎 Easy Localization] [DEBUG] Localization initialized[0m
Web Tests (2)	UNKNOWN STEP	2026-02-25T20:00:17.2096474Z [Matrix] Initialize client Substitution
Web Tests (2)	UNKNOWN STEP	2026-02-25T20:00:17.2139046Z [Matrix] User is not logged in.
Web Tests (2)	UNKNOWN STEP	2026-02-25T20:00:17.2153878Z [90m[🌎 Easy Localization] [DEBUG] Start[0m
Web Tests (2)	UNKNOWN STEP	2026-02-25T20:00:17.6418326Z [90m[🌎 Easy Localization] [DEBUG] Init state[0m
Web Tests (2)	UNKNOWN STEP	2026-02-25T20:00:17.6430345Z [90m[🌎 Easy Localization] [DEBUG] Build[0m
Web Tests (2)	UNKNOWN STEP	2026-02-25T20:00:17.6433550Z [90m[🌎 Easy Localization] [DEBUG] Init Localization Delegate[0m
Web Tests (2)	UNKNOWN STEP	2026-02-25T20:00:17.6441397Z [90m[🌎 Easy Localization] [DEBUG] Init provider[0m
Web Tests (2)	UNKNOWN STEP	2026-02-25T20:00:17.7555232Z [90m[🌎 Easy Localization] [DEBUG] Load Localization Delegate[0m
Web Tests (2)	UNKNOWN STEP	2026-02-25T20:00:17.7569257Z [90m[🌎 Easy Localization] [DEBUG] Load asset from assets/translations[0m
Web Tests (2)	UNKNOWN STEP	2026-02-25T20:00:18.3043898Z [90m[🌎 Easy Localization] [DEBUG] Build[0m
Web Tests (2)	UNKNOWN STEP	2026-02-25T20:00:18.3044639Z [90m[🌎 Easy Localization] [DEBUG] Init Localization Delegate[0m
Web Tests (2)	UNKNOWN STEP	2026-02-25T20:00:18.3045089Z [90m[🌎 Easy Localization] [DEBUG] Init provider[0m
Web Tests (2)	UNKNOWN STEP	2026-02-25T20:00:20.3110782Z Waiting for globalMatrixClient to be initialized...
Web Tests (2)	UNKNOWN STEP	2026-02-25T20:00:20.3111449Z globalMatrixClient initialized!
Web Tests (2)	UNKNOWN STEP	2026-02-25T20:00:38.4846019Z [Matrix] Initialize client Substitution
Web Tests (2)	UNKNOWN STEP	2026-02-25T20:00:38.5020943Z [Matrix] Successfully connected as testuser1 with http://localhost:8008
Web Tests (2)	UNKNOWN STEP	2026-02-25T20:00:40.1683277Z checking room test_avatar id: !fGPavUlkcLRhSlZxWZ:test.matrix.local
Web Tests (2)	UNKNOWN STEP	2026-02-25T20:00:40.1700458Z checking room test_general id: !CymLiQDpYDqsJMjAbG:test.matrix.local
Web Tests (2)	UNKNOWN STEP	2026-02-25T20:00:40.1701696Z checking room test_photos id: !TBlIYBlIHjTThJAMgt:test.matrix.local
Web Tests (2)	UNKNOWN STEP	2026-02-25T20:00:40.1702677Z checking room test_art id: !NTVcgMlxsDbaOctoZD:test.matrix.local
Web Tests (2)	UNKNOWN STEP	2026-02-25T20:00:40.1703458Z checking room test_invite_only id: !GvkNgAcvATCDJaESPU:test.matrix.local
Web Tests (2)	UNKNOWN STEP	2026-02-25T20:00:40.1704064Z start quering new events...
Web Tests (2)	UNKNOWN STEP	2026-02-25T20:00:40.1704419Z finished...
Web Tests (2)	UNKNOWN STEP	2026-02-25T20:00:40.1704697Z ret is empty...
Web Tests (2)	UNKNOWN STEP	2026-02-25T20:00:40.1705019Z no new things to append...
Web Tests (2)	UNKNOWN STEP	2026-02-25T20:00:40.4332710Z ⚠ listItems not found (MUST display messages as tappable list items) - skipping
Web Tests (2)	UNKNOWN STEP	2026-02-25T20:00:40.4723013Z 00:23 +2: Strict Message Interaction (Reactions & Replies) STRICT: Reaction option exists in message menu
Web Tests (2)	UNKNOWN STEP	2026-02-25T20:00:40.4886018Z [90m[🌎 Easy Localization] [DEBUG] Localization initialized[0m
Web Tests (2)	UNKNOWN STEP	2026-02-25T20:00:40.4894431Z [Matrix] Initialize client Substitution
Web Tests (2)	UNKNOWN STEP	2026-02-25T20:00:40.5041886Z [Matrix] Successfully connected as testuser1 with http://localhost:8008
Web Tests (2)	UNKNOWN STEP	2026-02-25T20:00:40.5162764Z [90m[🌎 Easy Localization] [DEBUG] Start[0m
Web Tests (2)	UNKNOWN STEP	2026-02-25T20:00:40.9891640Z 00:24 +2: Strict Message Interaction (Reactions & Replies) STRICT: Tap message shows reaction and reply options
Web Tests (2)	UNKNOWN STEP	2026-02-25T20:00:40.9893009Z [90m[🌎 Easy Localization] [DEBUG] Init state[0m
Web Tests (2)	UNKNOWN STEP	2026-02-25T20:00:40.9894709Z [90m[🌎 Easy Localization] [DEBUG] Build[0m
Web Tests (2)	UNKNOWN STEP	2026-02-25T20:00:40.9895498Z [90m[🌎 Easy Localization] [DEBUG] Init Localization Delegate[0m
Web Tests (2)	UNKNOWN STEP	2026-02-25T20:00:40.9896307Z [90m[🌎 Easy Localization] [DEBUG] Init provider[0m
Web Tests (2)	UNKNOWN STEP	2026-02-25T20:00:41.0064988Z [90m[🌎 Easy Localization] [DEBUG] Load Localization Delegate[0m
Web Tests (2)	UNKNOWN STEP	2026-02-25T20:00:41.0065933Z [90m[🌎 Easy Localization] [DEBUG] Load asset from assets/translations[0m
Web Tests (2)	UNKNOWN STEP	2026-02-25T20:00:41.5194903Z [90m[🌎 Easy Localization] [DEBUG] Build[0m
Web Tests (2)	UNKNOWN STEP	2026-02-25T20:00:41.5195851Z [90m[🌎 Easy Localization] [DEBUG] Init Localization Delegate[0m
Web Tests (2)	UNKNOWN STEP	2026-02-25T20:00:41.5196633Z [90m[🌎 Easy Localization] [DEBUG] Init provider[0m
Web Tests (2)	UNKNOWN STEP	2026-02-25T20:00:41.6376545Z checking room test_avatar id: !fGPavUlkcLRhSlZxWZ:test.matrix.local
Web Tests (2)	UNKNOWN STEP	2026-02-25T20:00:41.6377325Z checking room test_general id: !CymLiQDpYDqsJMjAbG:test.matrix.local
Web Tests (2)	UNKNOWN STEP	2026-02-25T20:00:41.6377784Z checking room test_photos id: !TBlIYBlIHjTThJAMgt:test.matrix.local
Web Tests (2)	UNKNOWN STEP	2026-02-25T20:00:41.6378217Z checking room test_art id: !NTVcgMlxsDbaOctoZD:test.matrix.local
Web Tests (2)	UNKNOWN STEP	2026-02-25T20:00:41.6388881Z checking room test_invite_only id: !GvkNgAcvATCDJaESPU:test.matrix.local
Web Tests (2)	UNKNOWN STEP	2026-02-25T20:00:41.6389569Z start quering new events...
Web Tests (2)	UNKNOWN STEP	2026-02-25T20:00:41.6390155Z finished...
Web Tests (2)	UNKNOWN STEP	2026-02-25T20:00:41.6390464Z ret is empty...
Web Tests (2)	UNKNOWN STEP	2026-02-25T20:00:41.6391537Z no new things to append...
Web Tests (2)	UNKNOWN STEP	2026-02-25T20:00:42.6767347Z 00:25 +2: Strict Message Interaction (Reactions & Replies) STRICT: Reaction option exists in message menu
Web Tests (2)	UNKNOWN STEP	2026-02-25T20:00:42.6768273Z Waiting for globalMatrixClient to be initialized...
Web Tests (2)	UNKNOWN STEP	2026-02-25T20:00:42.6768685Z globalMatrixClient initialized!
Web Tests (2)	UNKNOWN STEP	2026-02-25T20:01:00.5268373Z ══╡ EXCEPTION CAUGHT BY FLUTTER TEST FRAMEWORK ╞════════════════════════════════════════════════════
Web Tests (2)	UNKNOWN STEP	2026-02-25T20:01:00.5269348Z The following TestFailure was thrown running a test:
Web Tests (2)	UNKNOWN STEP	2026-02-25T20:01:00.5270157Z Expected: exactly one matching candidate
Web Tests (2)	UNKNOWN STEP	2026-02-25T20:01:00.5270881Z   Actual: _KeyWidgetFinder:<Found 0 widgets with key [<'loginUsernameInput'>]: []>
Web Tests (2)	UNKNOWN STEP	2026-02-25T20:01:00.5271665Z    Which: means none were found but one was expected
Web Tests (2)	UNKNOWN STEP	2026-02-25T20:01:00.5272231Z Username field should be visible on login page
Web Tests (2)	UNKNOWN STEP	2026-02-25T20:01:00.5272577Z 
Web Tests (2)	UNKNOWN STEP	2026-02-25T20:01:00.5273117Z When the exception was thrown, this was the stack:
Web Tests (2)	UNKNOWN STEP	2026-02-25T20:01:00.5273915Z dart-sdk/lib/_internal/js_dev_runtime/private/ddc_runtime/errors.dart 274:3       throw_
Web Tests (2)	UNKNOWN STEP	2026-02-25T20:01:00.5274884Z package:matcher/src/expect/expect.dart 187:31                                     fail
Web Tests (2)	UNKNOWN STEP	2026-02-25T20:01:00.5297042Z package:matcher/src/expect/expect.dart 182:3                                      _expect
Web Tests (2)	UNKNOWN STEP	2026-02-25T20:01:00.5298088Z package:matcher/src/expect/expect.dart 65:3                                       expect$
Web Tests (2)	UNKNOWN STEP	2026-02-25T20:01:00.5342115Z package:flutter_test/src/widget_tester.dart 473:18                                expect$
Web Tests (2)	UNKNOWN STEP	2026-02-25T20:01:00.5343143Z interaction_strict_test.dart 187:7                                                <fn>
Web Tests (2)	UNKNOWN STEP	2026-02-25T20:01:00.5344083Z dart-sdk/lib/_internal/js_dev_runtime/patch/async_patch.dart 623:19               <fn>
Web Tests (2)	UNKNOWN STEP	2026-02-25T20:01:00.5345027Z dart-sdk/lib/_internal/js_dev_runtime/patch/async_patch.dart 648:23               <fn>
Web Tests (2)	UNKNOWN STEP	2026-02-25T20:01:00.5347853Z dart-sdk/lib/_internal/js_dev_runtime/patch/async_patch.dart 594:19               <fn>
Web Tests (2)	UNKNOWN STEP	2026-02-25T20:01:00.5348815Z dart-sdk/lib/async/zone_root.dart 48:47                                           _rootRunUnary
Web Tests (2)	UNKNOWN STEP	2026-02-25T20:01:00.5350029Z dart-sdk/lib/_internal/js_dev_runtime/private/ddc_runtime/operations.dart 118:77  tear
Web Tests (2)	UNKNOWN STEP	2026-02-25T20:01:00.5352167Z dart-sdk/lib/async/zone.dart 733:19                                               runUnary
Web Tests (2)	UNKNOWN STEP	2026-02-25T20:01:00.5353126Z dart-sdk/lib/async/future_impl.dart 222:18                                        handleValue
Web Tests (2)	UNKNOWN STEP	2026-02-25T20:01:00.5354095Z dart-sdk/lib/async/future_impl.dart 948:44                                        handleValueCallback
Web Tests (2)	UNKNOWN STEP	2026-02-25T20:01:00.5355084Z dart-sdk/lib/async/future_impl.dart 977:13                                        _propagateToListeners
Web Tests (2)	UNKNOWN STEP	2026-02-25T20:01:00.5356086Z dart-sdk/lib/async/future_impl.dart 720:5                                         [_completeWithValue]
Web Tests (2)	UNKNOWN STEP	2026-02-25T20:01:00.5357059Z dart-sdk/lib/async/future_impl.dart 804:7                                         <fn>
Web Tests (2)	UNKNOWN STEP	2026-02-25T20:01:00.5357983Z dart-sdk/lib/async/zone_root.dart 35:13                                           _rootRun
Web Tests (2)	UNKNOWN STEP	2026-02-25T20:01:00.5358923Z dart-sdk/lib/_internal/js_dev_runtime/private/ddc_runtime/operations.dart 118:77  tear
Web Tests (2)	UNKNOWN STEP	2026-02-25T20:01:00.5360032Z dart-sdk/lib/async/zone.dart 726:19                                               run
Web Tests (2)	UNKNOWN STEP	2026-02-25T20:01:00.5360859Z dart-sdk/lib/async/zone.dart 625:7                                                runGuarded
Web Tests (2)	UNKNOWN STEP	2026-02-25T20:01:00.5393682Z dart-sdk/lib/async/zone.dart 666:23                                               <fn>
Web Tests (2)	UNKNOWN STEP	2026-02-25T20:01:00.5395433Z dart-sdk/lib/async/schedule_microtask.dart 40:34                                  _microtaskLoop
Web Tests (2)	UNKNOWN STEP	2026-02-25T20:01:00.5396516Z dart-sdk/lib/async/schedule_microtask.dart 49:5                                   _startMicrotaskLoop
Web Tests (2)	UNKNOWN STEP	2026-02-25T20:01:00.5397537Z dart-sdk/lib/_internal/js_dev_runtime/private/ddc_runtime/operations.dart 118:77  tear
Web Tests (2)	UNKNOWN STEP	2026-02-25T20:01:00.5398490Z dart-sdk/lib/_internal/js_dev_runtime/patch/async_patch.dart 188:69               <fn>
Web Tests (2)	UNKNOWN STEP	2026-02-25T20:01:00.5399031Z 
Web Tests (2)	UNKNOWN STEP	2026-02-25T20:01:00.5399191Z The test description was:
Web Tests (2)	UNKNOWN STEP	2026-02-25T20:01:00.5399630Z   STRICT: Reaction option exists in message menu
Web Tests (2)	UNKNOWN STEP	2026-02-25T20:01:00.5400893Z ════════════════════════════════════════════════════════════════════════════════════════════════════
Web Tests (2)	UNKNOWN STEP	2026-02-25T20:01:00.5401843Z 00:43 +2: Strict Message Interaction (Reactions & Replies) STRICT: Reaction option exists in message menu [E]
Web Tests (2)	UNKNOWN STEP	2026-02-25T20:01:00.5402383Z   Test failed. See exception logs above.
Web Tests (2)	UNKNOWN STEP	2026-02-25T20:01:00.5402923Z   The test description was: STRICT: Reaction option exists in message menu
Web Tests (2)	UNKNOWN STEP	2026-02-25T20:01:00.5403470Z 
Web Tests (2)	UNKNOWN STEP	2026-02-25T20:01:00.5406586Z 00:43 +2 -1: Strict Message Interaction (Reactions & Replies) STRICT: Can open emoji picker and react to message
Web Tests (2)	UNKNOWN STEP	2026-02-25T20:01:00.5694639Z [90m[🌎 Easy Localization] [DEBUG] Localization initialized[0m
Web Tests (2)	UNKNOWN STEP	2026-02-25T20:01:00.5695619Z [Matrix] Initialize client Substitution
Web Tests (2)	UNKNOWN STEP	2026-02-25T20:01:00.5856519Z [Matrix] Successfully connected as testuser1 with http://localhost:8008
Web Tests (2)	UNKNOWN STEP	2026-02-25T20:01:00.6066499Z [90m[🌎 Easy Localization] [DEBUG] Start[0m
Web Tests (2)	UNKNOWN STEP	2026-02-25T20:01:01.0714959Z 00:44 +2 -1: Strict Message Interaction (Reactions & Replies) STRICT: Tap message shows reaction and reply options
Web Tests (2)	UNKNOWN STEP	2026-02-25T20:01:01.0716909Z [90m[🌎 Easy Localization] [DEBUG] Init state[0m
Web Tests (2)	UNKNOWN STEP	2026-02-25T20:01:01.0719040Z [90m[🌎 Easy Localization] [DEBUG] Build[0m
Web Tests (2)	UNKNOWN STEP	2026-02-25T20:01:01.0720084Z [90m[🌎 Easy Localization] [DEBUG] Init Localization Delegate[0m
Web Tests (2)	UNKNOWN STEP	2026-02-25T20:01:01.0722121Z [90m[🌎 Easy Localization] [DEBUG] Init provider[0m
Web Tests (2)	UNKNOWN STEP	2026-02-25T20:01:01.0872141Z [90m[🌎 Easy Localization] [DEBUG] Load Localization Delegate[0m
Web Tests (2)	UNKNOWN STEP	2026-02-25T20:01:01.0873394Z [90m[🌎 Easy Localization] [DEBUG] Load asset from assets/translations[0m
Web Tests (2)	UNKNOWN STEP	2026-02-25T20:01:01.6020181Z [90m[🌎 Easy Localization] [DEBUG] Build[0m
Web Tests (2)	UNKNOWN STEP	2026-02-25T20:01:01.6021570Z [90m[🌎 Easy Localization] [DEBUG] Init Localization Delegate[0m
Web Tests (2)	UNKNOWN STEP	2026-02-25T20:01:01.6022378Z [90m[🌎 Easy Localization] [DEBUG] Init provider[0m
Web Tests (2)	UNKNOWN STEP	2026-02-25T20:01:01.7454595Z checking room test_avatar id: !fGPavUlkcLRhSlZxWZ:test.matrix.local
Web Tests (2)	UNKNOWN STEP	2026-02-25T20:01:01.7455751Z checking room test_general id: !CymLiQDpYDqsJMjAbG:test.matrix.local
Web Tests (2)	UNKNOWN STEP	2026-02-25T20:01:01.7456742Z checking room test_photos id: !TBlIYBlIHjTThJAMgt:test.matrix.local
Web Tests (2)	UNKNOWN STEP	2026-02-25T20:01:01.7457615Z checking room test_art id: !NTVcgMlxsDbaOctoZD:test.matrix.local
Web Tests (2)	UNKNOWN STEP	2026-02-25T20:01:01.7458598Z checking room test_invite_only id: !GvkNgAcvATCDJaESPU:test.matrix.local
Web Tests (2)	UNKNOWN STEP	2026-02-25T20:01:01.7459585Z start quering new events...
Web Tests (2)	UNKNOWN STEP	2026-02-25T20:01:01.7460924Z finished...
Web Tests (2)	UNKNOWN STEP	2026-02-25T20:01:01.7461398Z ret is empty...
Web Tests (2)	UNKNOWN STEP	2026-02-25T20:01:01.7463032Z no new things to append...
Web Tests (2)	UNKNOWN STEP	2026-02-25T20:01:02.7597175Z 00:45 +2 -1: Strict Message Interaction (Reactions & Replies) STRICT: Can open emoji picker and react to message
Web Tests (2)	UNKNOWN STEP	2026-02-25T20:01:02.7598846Z Waiting for globalMatrixClient to be initialized...
Web Tests (2)	UNKNOWN STEP	2026-02-25T20:01:02.7599608Z globalMatrixClient initialized!
Web Tests (2)	UNKNOWN STEP	2026-02-25T20:01:08.8122921Z [Matrix] Current sync request ID has changed. Dropping this sync loop!
Web Tests (2)	UNKNOWN STEP	2026-02-25T20:01:08.8124168Z [Matrix] Current sync request ID has changed. Dropping this sync loop!
Web Tests (2)	UNKNOWN STEP	2026-02-25T20:01:20.3832821Z ══╡ EXCEPTION CAUGHT BY FLUTTER TEST FRAMEWORK ╞════════════════════════════════════════════════════
Web Tests (2)	UNKNOWN STEP	2026-02-25T20:01:20.3837793Z The following TestFailure was thrown running a test:
Web Tests (2)	UNKNOWN STEP	2026-02-25T20:01:20.3842766Z Expected: exactly one matching candidate
Web Tests (2)	UNKNOWN STEP	2026-02-25T20:01:20.3847406Z   Actual: _KeyWidgetFinder:<Found 0 widgets with key [<'loginUsernameInput'>]: []>
Web Tests (2)	UNKNOWN STEP	2026-02-25T20:01:20.3852252Z    Which: means none were found but one was expected
Web Tests (2)	UNKNOWN STEP	2026-02-25T20:01:20.3858120Z Username field should be visible on login page
Web Tests (2)	UNKNOWN STEP	2026-02-25T20:01:20.3860349Z 
Web Tests (2)	UNKNOWN STEP	2026-02-25T20:01:20.3860831Z When the exception was thrown, this was the stack:
Web Tests (2)	UNKNOWN STEP	2026-02-25T20:01:20.3862050Z dart-sdk/lib/_internal/js_dev_runtime/private/ddc_runtime/errors.dart 274:3       throw_
Web Tests (2)	UNKNOWN STEP	2026-02-25T20:01:20.3888715Z package:matcher/src/expect/expect.dart 187:31                                     fail
Web Tests (2)	UNKNOWN STEP	2026-02-25T20:01:20.3889945Z package:matcher/src/expect/expect.dart 182:3                                      _expect
Web Tests (2)	UNKNOWN STEP	2026-02-25T20:01:20.3902224Z package:matcher/src/expect/expect.dart 65:3                                       expect$
Web Tests (2)	UNKNOWN STEP	2026-02-25T20:01:20.3903442Z package:flutter_test/src/widget_tester.dart 473:18                                expect$
Web Tests (2)	UNKNOWN STEP	2026-02-25T20:01:20.3922180Z interaction_strict_test.dart 187:7                                                <fn>
Web Tests (2)	UNKNOWN STEP	2026-02-25T20:01:20.3923133Z dart-sdk/lib/_internal/js_dev_runtime/patch/async_patch.dart 623:19               <fn>
Web Tests (2)	UNKNOWN STEP	2026-02-25T20:01:20.3924113Z dart-sdk/lib/_internal/js_dev_runtime/patch/async_patch.dart 648:23               <fn>
Web Tests (2)	UNKNOWN STEP	2026-02-25T20:01:20.3925029Z dart-sdk/lib/_internal/js_dev_runtime/patch/async_patch.dart 594:19               <fn>
Web Tests (2)	UNKNOWN STEP	2026-02-25T20:01:20.3926272Z dart-sdk/lib/async/zone_root.dart 48:47                                           _rootRunUnary
Web Tests (2)	UNKNOWN STEP	2026-02-25T20:01:20.3927205Z dart-sdk/lib/_internal/js_dev_runtime/private/ddc_runtime/operations.dart 118:77  tear
Web Tests (2)	UNKNOWN STEP	2026-02-25T20:01:20.3928070Z dart-sdk/lib/async/zone.dart 733:19                                               runUnary
Web Tests (2)	UNKNOWN STEP	2026-02-25T20:01:20.3928913Z dart-sdk/lib/async/future_impl.dart 222:18                                        handleValue
Web Tests (2)	UNKNOWN STEP	2026-02-25T20:01:20.3942648Z dart-sdk/lib/async/future_impl.dart 948:44                                        handleValueCallback
Web Tests (2)	UNKNOWN STEP	2026-02-25T20:01:20.3943678Z dart-sdk/lib/async/future_impl.dart 977:13                                        _propagateToListeners
Web Tests (2)	UNKNOWN STEP	2026-02-25T20:01:20.3944672Z dart-sdk/lib/async/future_impl.dart 720:5                                         [_completeWithValue]
Web Tests (2)	UNKNOWN STEP	2026-02-25T20:01:20.3945621Z dart-sdk/lib/async/future_impl.dart 804:7                                         <fn>
Web Tests (2)	UNKNOWN STEP	2026-02-25T20:01:20.3946530Z dart-sdk/lib/async/zone_root.dart 35:13                                           _rootRun
Web Tests (2)	UNKNOWN STEP	2026-02-25T20:01:20.3947461Z dart-sdk/lib/_internal/js_dev_runtime/private/ddc_runtime/operations.dart 118:77  tear
Web Tests (2)	UNKNOWN STEP	2026-02-25T20:01:20.3948344Z dart-sdk/lib/async/zone.dart 726:19                                               run
Web Tests (2)	UNKNOWN STEP	2026-02-25T20:01:20.3949128Z dart-sdk/lib/async/zone.dart 625:7                                                runGuarded
Web Tests (2)	UNKNOWN STEP	2026-02-25T20:01:20.3950145Z dart-sdk/lib/async/zone.dart 666:23                                               <fn>
Web Tests (2)	UNKNOWN STEP	2026-02-25T20:01:20.3951029Z dart-sdk/lib/async/schedule_microtask.dart 40:34                                  _microtaskLoop
Web Tests (2)	UNKNOWN STEP	2026-02-25T20:01:20.3952009Z dart-sdk/lib/async/schedule_microtask.dart 49:5                                   _startMicrotaskLoop
Web Tests (2)	UNKNOWN STEP	2026-02-25T20:01:20.3970534Z dart-sdk/lib/_internal/js_dev_runtime/private/ddc_runtime/operations.dart 118:77  tear
Web Tests (2)	UNKNOWN STEP	2026-02-25T20:01:20.3971449Z dart-sdk/lib/_internal/js_dev_runtime/patch/async_patch.dart 188:69               <fn>
Web Tests (2)	UNKNOWN STEP	2026-02-25T20:01:20.3971980Z 
Web Tests (2)	UNKNOWN STEP	2026-02-25T20:01:20.3972132Z The test description was:
Web Tests (2)	UNKNOWN STEP	2026-02-25T20:01:20.3972575Z   STRICT: Can open emoji picker and react to message
Web Tests (2)	UNKNOWN STEP	2026-02-25T20:01:20.3973689Z ════════════════════════════════════════════════════════════════════════════════════════════════════
Web Tests (2)	UNKNOWN STEP	2026-02-25T20:01:20.3974749Z 01:03 +2 -1: Strict Message Interaction (Reactions & Replies) STRICT: Can open emoji picker and react to message [E]
Web Tests (2)	UNKNOWN STEP	2026-02-25T20:01:20.3975694Z   Test failed. See exception logs above.
Web Tests (2)	UNKNOWN STEP	2026-02-25T20:01:20.3991096Z   The test description was: STRICT: Can open emoji picker and react to message
Web Tests (2)	UNKNOWN STEP	2026-02-25T20:01:20.4020580Z 
Web Tests (2)	UNKNOWN STEP	2026-02-25T20:01:20.4021176Z 01:03 +2 -2: Strict Message Interaction (Reactions & Replies) STRICT: Reply option exists in message menu
Web Tests (2)	UNKNOWN STEP	2026-02-25T20:01:20.4022428Z [90m[🌎 Easy Localization] [DEBUG] Localization initialized[0m
Web Tests (2)	UNKNOWN STEP	2026-02-25T20:01:20.4023056Z [Matrix] Initialize client Substitution
Web Tests (2)	UNKNOWN STEP	2026-02-25T20:01:20.4403957Z [Matrix] Successfully connected as testuser1 with http://localhost:8008
Web Tests (2)	UNKNOWN STEP	2026-02-25T20:01:20.4568197Z [90m[🌎 Easy Localization] [DEBUG] Start[0m
Web Tests (2)	UNKNOWN STEP	2026-02-25T20:01:20.9032666Z 01:03 +2 -2: Strict Message Interaction (Reactions & Replies) STRICT: Tap message shows reaction and reply options
Web Tests (2)	UNKNOWN STEP	2026-02-25T20:01:20.9038605Z [90m[🌎 Easy Localization] [DEBUG] Init state[0m
Web Tests (2)	UNKNOWN STEP	2026-02-25T20:01:20.9040184Z [90m[🌎 Easy Localization] [DEBUG] Build[0m
Web Tests (2)	UNKNOWN STEP	2026-02-25T20:01:20.9041845Z [90m[🌎 Easy Localization] [DEBUG] Init Localization Delegate[0m
Web Tests (2)	UNKNOWN STEP	2026-02-25T20:01:20.9043106Z [90m[🌎 Easy Localization] [DEBUG] Init provider[0m
Web Tests (2)	UNKNOWN STEP	2026-02-25T20:01:20.9142763Z [90m[🌎 Easy Localization] [DEBUG] Load Localization Delegate[0m
Web Tests (2)	UNKNOWN STEP	2026-02-25T20:01:20.9143883Z [90m[🌎 Easy Localization] [DEBUG] Load asset from assets/translations[0m
Web Tests (2)	UNKNOWN STEP	2026-02-25T20:01:21.4342051Z [90m[🌎 Easy Localization] [DEBUG] Build[0m
Web Tests (2)	UNKNOWN STEP	2026-02-25T20:01:21.4343175Z [90m[🌎 Easy Localization] [DEBUG] Init Localization Delegate[0m
Web Tests (2)	UNKNOWN STEP	2026-02-25T20:01:21.4343662Z [90m[🌎 Easy Localization] [DEBUG] Init provider[0m
Web Tests (2)	UNKNOWN STEP	2026-02-25T20:01:21.5657842Z checking room test_avatar id: !fGPavUlkcLRhSlZxWZ:test.matrix.local
Web Tests (2)	UNKNOWN STEP	2026-02-25T20:01:21.5658716Z checking room test_general id: !CymLiQDpYDqsJMjAbG:test.matrix.local
Web Tests (2)	UNKNOWN STEP	2026-02-25T20:01:21.5659492Z checking room test_photos id: !TBlIYBlIHjTThJAMgt:test.matrix.local
Web Tests (2)	UNKNOWN STEP	2026-02-25T20:01:21.5660418Z checking room test_art id: !NTVcgMlxsDbaOctoZD:test.matrix.local
Web Tests (2)	UNKNOWN STEP	2026-02-25T20:01:21.5661182Z checking room test_invite_only id: !GvkNgAcvATCDJaESPU:test.matrix.local
Web Tests (2)	UNKNOWN STEP	2026-02-25T20:01:21.5661744Z start quering new events...
Web Tests (2)	UNKNOWN STEP	2026-02-25T20:01:21.5662085Z finished...
Web Tests (2)	UNKNOWN STEP	2026-02-25T20:01:21.5662390Z ret is empty...
Web Tests (2)	UNKNOWN STEP	2026-02-25T20:01:21.5662659Z no new things to append...
Web Tests (2)	UNKNOWN STEP	2026-02-25T20:01:22.5791969Z 01:05 +2 -2: Strict Message Interaction (Reactions & Replies) STRICT: Reply option exists in message menu
Web Tests (2)	UNKNOWN STEP	2026-02-25T20:01:22.5792943Z Waiting for globalMatrixClient to be initialized...
Web Tests (2)	UNKNOWN STEP	2026-02-25T20:01:22.5793494Z globalMatrixClient initialized!
Web Tests (2)	UNKNOWN STEP	2026-02-25T20:01:38.8235330Z [Matrix] Current sync request ID has changed. Dropping this sync loop!
Web Tests (2)	UNKNOWN STEP	2026-02-25T20:01:40.1371804Z ══╡ EXCEPTION CAUGHT BY FLUTTER TEST FRAMEWORK ╞════════════════════════════════════════════════════
Web Tests (2)	UNKNOWN STEP	2026-02-25T20:01:40.1377807Z The following TestFailure was thrown running a test:
Web Tests (2)	UNKNOWN STEP	2026-02-25T20:01:40.1379934Z Expected: exactly one matching candidate
Web Tests (2)	UNKNOWN STEP	2026-02-25T20:01:40.1380682Z   Actual: _KeyWidgetFinder:<Found 0 widgets with key [<'loginUsernameInput'>]: []>
Web Tests (2)	UNKNOWN STEP	2026-02-25T20:01:40.1381473Z    Which: means none were found but one was expected
Web Tests (2)	UNKNOWN STEP	2026-02-25T20:01:40.1382082Z Username field should be visible on login page
Web Tests (2)	UNKNOWN STEP	2026-02-25T20:01:40.1383707Z 
Web Tests (2)	UNKNOWN STEP	2026-02-25T20:01:40.1383935Z When the exception was thrown, this was the stack:
Web Tests (2)	UNKNOWN STEP	2026-02-25T20:01:40.1384719Z dart-sdk/lib/_internal/js_dev_runtime/private/ddc_runtime/errors.dart 274:3       throw_
Web Tests (2)	UNKNOWN STEP	2026-02-25T20:01:40.1387001Z package:matcher/src/expect/expect.dart 187:31                                     fail
Web Tests (2)	UNKNOWN STEP	2026-02-25T20:01:40.1389139Z package:matcher/src/expect/expect.dart 182:3                                      _expect
Web Tests (2)	UNKNOWN STEP	2026-02-25T20:01:40.1390317Z package:matcher/src/expect/expect.dart 65:3                                       expect$
Web Tests (2)	UNKNOWN STEP	2026-02-25T20:01:40.1392554Z package:flutter_test/src/widget_tester.dart 473:18                                expect$
Web Tests (2)	UNKNOWN STEP	2026-02-25T20:01:40.1393510Z interaction_strict_test.dart 187:7                                                <fn>
Web Tests (2)	UNKNOWN STEP	2026-02-25T20:01:40.1395891Z dart-sdk/lib/_internal/js_dev_runtime/patch/async_patch.dart 623:19               <fn>
Web Tests (2)	UNKNOWN STEP	2026-02-25T20:01:40.1396905Z dart-sdk/lib/_internal/js_dev_runtime/patch/async_patch.dart 648:23               <fn>
Web Tests (2)	UNKNOWN STEP	2026-02-25T20:01:40.1397856Z dart-sdk/lib/_internal/js_dev_runtime/patch/async_patch.dart 594:19               <fn>
Web Tests (2)	UNKNOWN STEP	2026-02-25T20:01:40.1398825Z dart-sdk/lib/async/zone_root.dart 48:47                                           _rootRunUnary
Web Tests (2)	UNKNOWN STEP	2026-02-25T20:01:40.1441629Z dart-sdk/lib/_internal/js_dev_runtime/private/ddc_runtime/operations.dart 118:77  tear
Web Tests (2)	UNKNOWN STEP	2026-02-25T20:01:40.1443004Z dart-sdk/lib/async/zone.dart 733:19                                               runUnary
Web Tests (2)	UNKNOWN STEP	2026-02-25T20:01:40.1446972Z dart-sdk/lib/async/future_impl.dart 222:18                                        handleValue
Web Tests (2)	UNKNOWN STEP	2026-02-25T20:01:40.1448042Z dart-sdk/lib/async/future_impl.dart 948:44                                        handleValueCallback
Web Tests (2)	UNKNOWN STEP	2026-02-25T20:01:40.1449101Z dart-sdk/lib/async/future_impl.dart 977:13                                        _propagateToListeners
Web Tests (2)	UNKNOWN STEP	2026-02-25T20:01:40.1450775Z dart-sdk/lib/async/future_impl.dart 720:5                                         [_completeWithValue]
Web Tests (2)	UNKNOWN STEP	2026-02-25T20:01:40.1451884Z dart-sdk/lib/async/future_impl.dart 804:7                                         <fn>
Web Tests (2)	UNKNOWN STEP	2026-02-25T20:01:40.1452804Z dart-sdk/lib/async/zone_root.dart 35:13                                           _rootRun
Web Tests (2)	UNKNOWN STEP	2026-02-25T20:01:40.1454226Z dart-sdk/lib/_internal/js_dev_runtime/private/ddc_runtime/operations.dart 118:77  tear
Web Tests (2)	UNKNOWN STEP	2026-02-25T20:01:40.1455094Z dart-sdk/lib/async/zone.dart 726:19                                               run
Web Tests (2)	UNKNOWN STEP	2026-02-25T20:01:40.1456087Z dart-sdk/lib/async/zone.dart 625:7                                                runGuarded
Web Tests (2)	UNKNOWN STEP	2026-02-25T20:01:40.1456886Z dart-sdk/lib/async/zone.dart 666:23                                               <fn>
Web Tests (2)	UNKNOWN STEP	2026-02-25T20:01:40.1457996Z dart-sdk/lib/async/schedule_microtask.dart 40:34                                  _microtaskLoop
Web Tests (2)	UNKNOWN STEP	2026-02-25T20:01:40.1458927Z dart-sdk/lib/async/schedule_microtask.dart 49:5                                   _startMicrotaskLoop
Web Tests (2)	UNKNOWN STEP	2026-02-25T20:01:40.1465801Z dart-sdk/lib/_internal/js_dev_runtime/private/ddc_runtime/operations.dart 118:77  tear
Web Tests (2)	UNKNOWN STEP	2026-02-25T20:01:40.1466820Z dart-sdk/lib/_internal/js_dev_runtime/patch/async_patch.dart 188:69               <fn>
Web Tests (2)	UNKNOWN STEP	2026-02-25T20:01:40.1467407Z 
Web Tests (2)	UNKNOWN STEP	2026-02-25T20:01:40.1467561Z The test description was:
Web Tests (2)	UNKNOWN STEP	2026-02-25T20:01:40.1467966Z   STRICT: Reply option exists in message menu
Web Tests (2)	UNKNOWN STEP	2026-02-25T20:01:40.1468979Z ════════════════════════════════════════════════════════════════════════════════════════════════════
Web Tests (2)	UNKNOWN STEP	2026-02-25T20:01:40.1470193Z 01:23 +2 -2: Strict Message Interaction (Reactions & Replies) STRICT: Reply option exists in message menu [E]
Web Tests (2)	UNKNOWN STEP	2026-02-25T20:01:40.1471091Z   Test failed. See exception logs above.
Web Tests (2)	UNKNOWN STEP	2026-02-25T20:01:40.1471667Z   The test description was: STRICT: Reply option exists in message menu
Web Tests (2)	UNKNOWN STEP	2026-02-25T20:01:40.1472087Z 
Web Tests (2)	UNKNOWN STEP	2026-02-25T20:01:40.1472587Z 01:23 +2 -3: Strict Message Interaction (Reactions & Replies) STRICT: Can reply to a message with quoted context
Web Tests (2)	UNKNOWN STEP	2026-02-25T20:01:40.1704050Z [90m[🌎 Easy Localization] [DEBUG] Localization initialized[0m
Web Tests (2)	UNKNOWN STEP	2026-02-25T20:01:40.1707909Z [Matrix] Initialize client Substitution
Web Tests (2)	UNKNOWN STEP	2026-02-25T20:01:40.2092474Z [Matrix] Successfully connected as testuser1 with http://localhost:8008
Web Tests (2)	UNKNOWN STEP	2026-02-25T20:01:40.2367950Z [90m[🌎 Easy Localization] [DEBUG] Start[0m
Web Tests (2)	UNKNOWN STEP	2026-02-25T20:01:40.6692437Z 01:23 +2 -3: Strict Message Interaction (Reactions & Replies) STRICT: Tap message shows reaction and reply options
Web Tests (2)	UNKNOWN STEP	2026-02-25T20:01:40.6696850Z [90m[🌎 Easy Localization] [DEBUG] Init state[0m
Web Tests (2)	UNKNOWN STEP	2026-02-25T20:01:40.6700071Z [90m[🌎 Easy Localization] [DEBUG] Build[0m
Web Tests (2)	UNKNOWN STEP	2026-02-25T20:01:40.6704160Z [90m[🌎 Easy Localization] [DEBUG] Init Localization Delegate[0m
Web Tests (2)	UNKNOWN STEP	2026-02-25T20:01:40.6717466Z [90m[🌎 Easy Localization] [DEBUG] Init provider[0m
Web Tests (2)	UNKNOWN STEP	2026-02-25T20:01:40.6810991Z [90m[🌎 Easy Localization] [DEBUG] Load Localization Delegate[0m
Web Tests (2)	UNKNOWN STEP	2026-02-25T20:01:40.6818519Z [90m[🌎 Easy Localization] [DEBUG] Load asset from assets/translations[0m
Web Tests (2)	UNKNOWN STEP	2026-02-25T20:01:41.2002350Z [90m[🌎 Easy Localization] [DEBUG] Build[0m
Web Tests (2)	UNKNOWN STEP	2026-02-25T20:01:41.2003837Z [90m[🌎 Easy Localization] [DEBUG] Init Localization Delegate[0m
Web Tests (2)	UNKNOWN STEP	2026-02-25T20:01:41.2004659Z [90m[🌎 Easy Localization] [DEBUG] Init provider[0m
Web Tests (2)	UNKNOWN STEP	2026-02-25T20:01:41.3210966Z checking room test_avatar id: !fGPavUlkcLRhSlZxWZ:test.matrix.local
Web Tests (2)	UNKNOWN STEP	2026-02-25T20:01:41.3213117Z checking room test_general id: !CymLiQDpYDqsJMjAbG:test.matrix.local
Web Tests (2)	UNKNOWN STEP	2026-02-25T20:01:41.3213731Z checking room test_photos id: !TBlIYBlIHjTThJAMgt:test.matrix.local
Web Tests (2)	UNKNOWN STEP	2026-02-25T20:01:41.3214413Z checking room test_art id: !NTVcgMlxsDbaOctoZD:test.matrix.local
Web Tests (2)	UNKNOWN STEP	2026-02-25T20:01:41.3214889Z checking room test_invite_only id: !GvkNgAcvATCDJaESPU:test.matrix.local
Web Tests (2)	UNKNOWN STEP	2026-02-25T20:01:41.3224292Z start quering new events...
Web Tests (2)	UNKNOWN STEP	2026-02-25T20:01:41.3225080Z finished...
Web Tests (2)	UNKNOWN STEP	2026-02-25T20:01:41.3225406Z ret is empty...
Web Tests (2)	UNKNOWN STEP	2026-02-25T20:01:41.3226147Z no new things to append...
Web Tests (2)	UNKNOWN STEP	2026-02-25T20:01:42.3410156Z 01:25 +2 -3: Strict Message Interaction (Reactions & Replies) STRICT: Can reply to a message with quoted context
Web Tests (2)	UNKNOWN STEP	2026-02-25T20:01:42.3411462Z Waiting for globalMatrixClient to be initialized...
Web Tests (2)	UNKNOWN STEP	2026-02-25T20:01:42.3411989Z globalMatrixClient initialized!
Web Tests (2)	UNKNOWN STEP	2026-02-25T20:01:59.8606298Z ══╡ EXCEPTION CAUGHT BY FLUTTER TEST FRAMEWORK ╞════════════════════════════════════════════════════
Web Tests (2)	UNKNOWN STEP	2026-02-25T20:01:59.8607384Z The following TestFailure was thrown running a test:
Web Tests (2)	UNKNOWN STEP	2026-02-25T20:01:59.8607948Z Expected: exactly one matching candidate
Web Tests (2)	UNKNOWN STEP	2026-02-25T20:01:59.8608709Z   Actual: _KeyWidgetFinder:<Found 0 widgets with key [<'loginUsernameInput'>]: []>
Web Tests (2)	UNKNOWN STEP	2026-02-25T20:01:59.8615189Z    Which: means none were found but one was expected
Web Tests (2)	UNKNOWN STEP	2026-02-25T20:01:59.8616827Z Username field should be visible on login page
Web Tests (2)	UNKNOWN STEP	2026-02-25T20:01:59.8617215Z 
Web Tests (2)	UNKNOWN STEP	2026-02-25T20:01:59.8617428Z When the exception was thrown, this was the stack:
Web Tests (2)	UNKNOWN STEP	2026-02-25T20:01:59.8618201Z dart-sdk/lib/_internal/js_dev_runtime/private/ddc_runtime/errors.dart 274:3       throw_
Web Tests (2)	UNKNOWN STEP	2026-02-25T20:01:59.8619209Z package:matcher/src/expect/expect.dart 187:31                                     fail
Web Tests (2)	UNKNOWN STEP	2026-02-25T20:01:59.8620361Z package:matcher/src/expect/expect.dart 182:3                                      _expect
Web Tests (2)	UNKNOWN STEP	2026-02-25T20:01:59.8621289Z package:matcher/src/expect/expect.dart 65:3                                       expect$
Web Tests (2)	UNKNOWN STEP	2026-02-25T20:01:59.8622238Z package:flutter_test/src/widget_tester.dart 473:18                                expect$
Web Tests (2)	UNKNOWN STEP	2026-02-25T20:01:59.8623161Z interaction_strict_test.dart 187:7                                                <fn>
Web Tests (2)	UNKNOWN STEP	2026-02-25T20:01:59.8624078Z dart-sdk/lib/_internal/js_dev_runtime/patch/async_patch.dart 623:19               <fn>
Web Tests (2)	UNKNOWN STEP	2026-02-25T20:01:59.8626279Z dart-sdk/lib/_internal/js_dev_runtime/patch/async_patch.dart 648:23               <fn>
Web Tests (2)	UNKNOWN STEP	2026-02-25T20:01:59.8627487Z dart-sdk/lib/_internal/js_dev_runtime/patch/async_patch.dart 594:19               <fn>
Web Tests (2)	UNKNOWN STEP	2026-02-25T20:01:59.8646599Z dart-sdk/lib/async/zone_root.dart 48:47                                           _rootRunUnary
Web Tests (2)	UNKNOWN STEP	2026-02-25T20:01:59.8649969Z dart-sdk/lib/_internal/js_dev_runtime/private/ddc_runtime/operations.dart 118:77  tear
Web Tests (2)	UNKNOWN STEP	2026-02-25T20:01:59.8651350Z dart-sdk/lib/async/zone.dart 733:19                                               runUnary
Web Tests (2)	UNKNOWN STEP	2026-02-25T20:01:59.8653463Z dart-sdk/lib/async/future_impl.dart 222:18                                        handleValue
Web Tests (2)	UNKNOWN STEP	2026-02-25T20:01:59.8696739Z dart-sdk/lib/async/future_impl.dart 948:44                                        handleValueCallback
Web Tests (2)	UNKNOWN STEP	2026-02-25T20:01:59.8698456Z dart-sdk/lib/async/future_impl.dart 977:13                                        _propagateToListeners
Web Tests (2)	UNKNOWN STEP	2026-02-25T20:01:59.8702505Z dart-sdk/lib/async/future_impl.dart 720:5                                         [_completeWithValue]
Web Tests (2)	UNKNOWN STEP	2026-02-25T20:01:59.8704094Z dart-sdk/lib/async/future_impl.dart 804:7                                         <fn>
Web Tests (2)	UNKNOWN STEP	2026-02-25T20:01:59.8706366Z dart-sdk/lib/async/zone_root.dart 35:13                                           _rootRun
Web Tests (2)	UNKNOWN STEP	2026-02-25T20:01:59.8707236Z dart-sdk/lib/_internal/js_dev_runtime/private/ddc_runtime/operations.dart 118:77  tear
Web Tests (2)	UNKNOWN STEP	2026-02-25T20:01:59.8708070Z dart-sdk/lib/async/zone.dart 726:19                                               run
Web Tests (2)	UNKNOWN STEP	2026-02-25T20:01:59.8708828Z dart-sdk/lib/async/zone.dart 625:7                                                runGuarded
Web Tests (2)	UNKNOWN STEP	2026-02-25T20:01:59.8709549Z dart-sdk/lib/async/zone.dart 666:23                                               <fn>
Web Tests (2)	UNKNOWN STEP	2026-02-25T20:01:59.8710557Z dart-sdk/lib/async/schedule_microtask.dart 40:34                                  _microtaskLoop
Web Tests (2)	UNKNOWN STEP	2026-02-25T20:01:59.8711816Z dart-sdk/lib/async/schedule_microtask.dart 49:5                                   _startMicrotaskLoop
Web Tests (2)	UNKNOWN STEP	2026-02-25T20:01:59.8712795Z dart-sdk/lib/_internal/js_dev_runtime/private/ddc_runtime/operations.dart 118:77  tear
Web Tests (2)	UNKNOWN STEP	2026-02-25T20:01:59.8713621Z dart-sdk/lib/_internal/js_dev_runtime/patch/async_patch.dart 188:69               <fn>
Web Tests (2)	UNKNOWN STEP	2026-02-25T20:01:59.8714118Z 
Web Tests (2)	UNKNOWN STEP	2026-02-25T20:01:59.8714268Z The test description was:
Web Tests (2)	UNKNOWN STEP	2026-02-25T20:01:59.8714955Z   STRICT: Can reply to a message with quoted context
Web Tests (2)	UNKNOWN STEP	2026-02-25T20:01:59.8715971Z ════════════════════════════════════════════════════════════════════════════════════════════════════
Web Tests (2)	UNKNOWN STEP	2026-02-25T20:01:59.8717020Z 01:42 +2 -3: Strict Message Interaction (Reactions & Replies) STRICT: Can reply to a message with quoted context [E]
Web Tests (2)	UNKNOWN STEP	2026-02-25T20:01:59.8717900Z   Test failed. See exception logs above.
Web Tests (2)	UNKNOWN STEP	2026-02-25T20:01:59.8718566Z   The test description was: STRICT: Can reply to a message with quoted context
Web Tests (2)	UNKNOWN STEP	2026-02-25T20:01:59.8719078Z 
Web Tests (2)	UNKNOWN STEP	2026-02-25T20:01:59.8719577Z 01:42 +2 -4: Strict Message Interaction (Reactions & Replies) STRICT: Reactions show emoji and count
Web Tests (2)	UNKNOWN STEP	2026-02-25T20:01:59.8936319Z [90m[🌎 Easy Localization] [DEBUG] Localization initialized[0m
Web Tests (2)	UNKNOWN STEP	2026-02-25T20:01:59.8941641Z [Matrix] Initialize client Substitution
Web Tests (2)	UNKNOWN STEP	2026-02-25T20:01:59.9290062Z [Matrix] Successfully connected as testuser1 with http://localhost:8008
Web Tests (2)	UNKNOWN STEP	2026-02-25T20:01:59.9381228Z [90m[🌎 Easy Localization] [DEBUG] Start[0m
Web Tests (2)	UNKNOWN STEP	2026-02-25T20:02:00.4016276Z 01:43 +2 -4: Strict Message Interaction (Reactions & Replies) STRICT: Tap message shows reaction and reply options
Web Tests (2)	UNKNOWN STEP	2026-02-25T20:02:00.4018696Z [90m[🌎 Easy Localization] [DEBUG] Init state[0m
Web Tests (2)	UNKNOWN STEP	2026-02-25T20:02:00.4020170Z [90m[🌎 Easy Localization] [DEBUG] Build[0m
Web Tests (2)	UNKNOWN STEP	2026-02-25T20:02:00.4022761Z [90m[🌎 Easy Localization] [DEBUG] Init Localization Delegate[0m
Web Tests (2)	UNKNOWN STEP	2026-02-25T20:02:00.4024294Z [90m[🌎 Easy Localization] [DEBUG] Init provider[0m
Web Tests (2)	UNKNOWN STEP	2026-02-25T20:02:00.4111762Z [90m[🌎 Easy Localization] [DEBUG] Load Localization Delegate[0m
Web Tests (2)	UNKNOWN STEP	2026-02-25T20:02:00.4120202Z [90m[🌎 Easy Localization] [DEBUG] Load asset from assets/translations[0m
Web Tests (2)	UNKNOWN STEP	2026-02-25T20:02:00.9327753Z [90m[🌎 Easy Localization] [DEBUG] Build[0m
Web Tests (2)	UNKNOWN STEP	2026-02-25T20:02:00.9328932Z [90m[🌎 Easy Localization] [DEBUG] Init Localization Delegate[0m
Web Tests (2)	UNKNOWN STEP	2026-02-25T20:02:00.9331000Z [90m[🌎 Easy Localization] [DEBUG] Init provider[0m
Web Tests (2)	UNKNOWN STEP	2026-02-25T20:02:01.0531177Z checking room test_avatar id: !fGPavUlkcLRhSlZxWZ:test.matrix.local
Web Tests (2)	UNKNOWN STEP	2026-02-25T20:02:01.0532154Z checking room test_general id: !CymLiQDpYDqsJMjAbG:test.matrix.local
Web Tests (2)	UNKNOWN STEP	2026-02-25T20:02:01.0532975Z checking room test_photos id: !TBlIYBlIHjTThJAMgt:test.matrix.local
Web Tests (2)	UNKNOWN STEP	2026-02-25T20:02:01.0533771Z checking room test_art id: !NTVcgMlxsDbaOctoZD:test.matrix.local
Web Tests (2)	UNKNOWN STEP	2026-02-25T20:02:01.0534556Z checking room test_invite_only id: !GvkNgAcvATCDJaESPU:test.matrix.local
Web Tests (2)	UNKNOWN STEP	2026-02-25T20:02:01.0535211Z start quering new events...
Web Tests (2)	UNKNOWN STEP	2026-02-25T20:02:01.0535619Z finished...
Web Tests (2)	UNKNOWN STEP	2026-02-25T20:02:01.0535931Z ret is empty...
Web Tests (2)	UNKNOWN STEP	2026-02-25T20:02:01.0540309Z no new things to append...
Web Tests (2)	UNKNOWN STEP	2026-02-25T20:02:02.0735137Z 01:45 +2 -4: Strict Message Interaction (Reactions & Replies) STRICT: Reactions show emoji and count
Web Tests (2)	UNKNOWN STEP	2026-02-25T20:02:02.0736393Z Waiting for globalMatrixClient to be initialized...
Web Tests (2)	UNKNOWN STEP	2026-02-25T20:02:02.0742202Z globalMatrixClient initialized!
Web Tests (2)	UNKNOWN STEP	2026-02-25T20:02:08.8281737Z [Matrix] Current sync request ID has changed. Dropping this sync loop!
Web Tests (2)	UNKNOWN STEP	2026-02-25T20:02:19.6029657Z ══╡ EXCEPTION CAUGHT BY FLUTTER TEST FRAMEWORK ╞════════════════════════════════════════════════════
Web Tests (2)	UNKNOWN STEP	2026-02-25T20:02:19.6032232Z The following TestFailure was thrown running a test:
Web Tests (2)	UNKNOWN STEP	2026-02-25T20:02:19.6035803Z Expected: exactly one matching candidate
Web Tests (2)	UNKNOWN STEP	2026-02-25T20:02:19.6036736Z   Actual: _KeyWidgetFinder:<Found 0 widgets with key [<'loginUsernameInput'>]: []>
Web Tests (2)	UNKNOWN STEP	2026-02-25T20:02:19.6037608Z    Which: means none were found but one was expected
Web Tests (2)	UNKNOWN STEP	2026-02-25T20:02:19.6042339Z Username field should be visible on login page
Web Tests (2)	UNKNOWN STEP	2026-02-25T20:02:19.6043261Z 
Web Tests (2)	UNKNOWN STEP	2026-02-25T20:02:19.6044079Z When the exception was thrown, this was the stack:
Web Tests (2)	UNKNOWN STEP	2026-02-25T20:02:19.6045264Z dart-sdk/lib/_internal/js_dev_runtime/private/ddc_runtime/errors.dart 274:3       throw_
Web Tests (2)	UNKNOWN STEP	2026-02-25T20:02:19.6046957Z package:matcher/src/expect/expect.dart 187:31                                     fail
Web Tests (2)	UNKNOWN STEP	2026-02-25T20:02:19.6049066Z package:matcher/src/expect/expect.dart 182:3                                      _expect
Web Tests (2)	UNKNOWN STEP	2026-02-25T20:02:19.6050268Z package:matcher/src/expect/expect.dart 65:3                                       expect$
Web Tests (2)	UNKNOWN STEP	2026-02-25T20:02:19.6051476Z package:flutter_test/src/widget_tester.dart 473:18                                expect$
Web Tests (2)	UNKNOWN STEP	2026-02-25T20:02:19.6052515Z interaction_strict_test.dart 187:7                                                <fn>
Web Tests (2)	UNKNOWN STEP	2026-02-25T20:02:19.6053370Z dart-sdk/lib/_internal/js_dev_runtime/patch/async_patch.dart 623:19               <fn>
Web Tests (2)	UNKNOWN STEP	2026-02-25T20:02:19.6054229Z dart-sdk/lib/_internal/js_dev_runtime/patch/async_patch.dart 648:23               <fn>
Web Tests (2)	UNKNOWN STEP	2026-02-25T20:02:19.6055057Z dart-sdk/lib/_internal/js_dev_runtime/patch/async_patch.dart 594:19               <fn>
Web Tests (2)	UNKNOWN STEP	2026-02-25T20:02:19.6055854Z dart-sdk/lib/async/zone_root.dart 48:47                                           _rootRunUnary
Web Tests (2)	UNKNOWN STEP	2026-02-25T20:02:19.6056690Z dart-sdk/lib/_internal/js_dev_runtime/private/ddc_runtime/operations.dart 118:77  tear
Web Tests (2)	UNKNOWN STEP	2026-02-25T20:02:19.6057562Z dart-sdk/lib/async/zone.dart 733:19                                               runUnary
Web Tests (2)	UNKNOWN STEP	2026-02-25T20:02:19.6058428Z dart-sdk/lib/async/future_impl.dart 222:18                                        handleValue
Web Tests (2)	UNKNOWN STEP	2026-02-25T20:02:19.6059553Z dart-sdk/lib/async/future_impl.dart 948:44                                        handleValueCallback
Web Tests (2)	UNKNOWN STEP	2026-02-25T20:02:19.6060912Z dart-sdk/lib/async/future_impl.dart 977:13                                        _propagateToListeners
Web Tests (2)	UNKNOWN STEP	2026-02-25T20:02:19.6061925Z dart-sdk/lib/async/future_impl.dart 720:5                                         [_completeWithValue]
Web Tests (2)	UNKNOWN STEP	2026-02-25T20:02:19.6063059Z dart-sdk/lib/async/future_impl.dart 804:7                                         <fn>
Web Tests (2)	UNKNOWN STEP	2026-02-25T20:02:19.6064130Z dart-sdk/lib/async/zone_root.dart 35:13                                           _rootRun
Web Tests (2)	UNKNOWN STEP	2026-02-25T20:02:19.6065199Z dart-sdk/lib/_internal/js_dev_runtime/private/ddc_runtime/operations.dart 118:77  tear
Web Tests (2)	UNKNOWN STEP	2026-02-25T20:02:19.6066285Z dart-sdk/lib/async/zone.dart 726:19                                               run
Web Tests (2)	UNKNOWN STEP	2026-02-25T20:02:19.6067420Z dart-sdk/lib/async/zone.dart 625:7                                                runGuarded
Web Tests (2)	UNKNOWN STEP	2026-02-25T20:02:19.6072658Z dart-sdk/lib/async/zone.dart 666:23                                               <fn>
Web Tests (2)	UNKNOWN STEP	2026-02-25T20:02:19.6073616Z dart-sdk/lib/async/schedule_microtask.dart 40:34                                  _microtaskLoop
Web Tests (2)	UNKNOWN STEP	2026-02-25T20:02:19.6074638Z dart-sdk/lib/async/schedule_microtask.dart 49:5                                   _startMicrotaskLoop
Web Tests (2)	UNKNOWN STEP	2026-02-25T20:02:19.6075633Z dart-sdk/lib/_internal/js_dev_runtime/private/ddc_runtime/operations.dart 118:77  tear
Web Tests (2)	UNKNOWN STEP	2026-02-25T20:02:19.6076492Z dart-sdk/lib/_internal/js_dev_runtime/patch/async_patch.dart 188:69               <fn>
Web Tests (2)	UNKNOWN STEP	2026-02-25T20:02:19.6076838Z 
Web Tests (2)	UNKNOWN STEP	2026-02-25T20:02:19.6076932Z The test description was:
Web Tests (2)	UNKNOWN STEP	2026-02-25T20:02:19.6077182Z   STRICT: Reactions show emoji and count
Web Tests (2)	UNKNOWN STEP	2026-02-25T20:02:19.6077794Z ════════════════════════════════════════════════════════════════════════════════════════════════════
Web Tests (2)	UNKNOWN STEP	2026-02-25T20:02:19.6078365Z 02:02 +2 -4: Strict Message Interaction (Reactions & Replies) STRICT: Reactions show emoji and count [E]
Web Tests (2)	UNKNOWN STEP	2026-02-25T20:02:19.6079057Z   Test failed. See exception logs above.
Web Tests (2)	UNKNOWN STEP	2026-02-25T20:02:19.6079411Z   The test description was: STRICT: Reactions show emoji and count
Web Tests (2)	UNKNOWN STEP	2026-02-25T20:02:19.6079670Z 
Web Tests (2)	UNKNOWN STEP	2026-02-25T20:02:19.6080243Z 02:02 +2 -5: Strict Message Interaction (Reactions & Replies) STRICT: Threaded replies show in message view
Web Tests (2)	UNKNOWN STEP	2026-02-25T20:02:19.6271269Z [90m[🌎 Easy Localization] [DEBUG] Localization initialized[0m
Web Tests (2)	UNKNOWN STEP	2026-02-25T20:02:19.6272833Z [Matrix] Initialize client Substitution
Web Tests (2)	UNKNOWN STEP	2026-02-25T20:02:19.6660168Z [Matrix] Successfully connected as testuser1 with http://localhost:8008
Web Tests (2)	UNKNOWN STEP	2026-02-25T20:02:19.6989148Z [90m[🌎 Easy Localization] [DEBUG] Start[0m
Web Tests (2)	UNKNOWN STEP	2026-02-25T20:02:20.1347823Z 02:03 +2 -5: Strict Message Interaction (Reactions & Replies) STRICT: Tap message shows reaction and reply options
Web Tests (2)	UNKNOWN STEP	2026-02-25T20:02:20.1349137Z [90m[🌎 Easy Localization] [DEBUG] Init state[0m
Web Tests (2)	UNKNOWN STEP	2026-02-25T20:02:20.1349938Z [90m[🌎 Easy Localization] [DEBUG] Build[0m
Web Tests (2)	UNKNOWN STEP	2026-02-25T20:02:20.1350719Z [90m[🌎 Easy Localization] [DEBUG] Init Localization Delegate[0m
Web Tests (2)	UNKNOWN STEP	2026-02-25T20:02:20.1351451Z [90m[🌎 Easy Localization] [DEBUG] Init provider[0m
Web Tests (2)	UNKNOWN STEP	2026-02-25T20:02:20.1437082Z [90m[🌎 Easy Localization] [DEBUG] Load Localization Delegate[0m
Web Tests (2)	UNKNOWN STEP	2026-02-25T20:02:20.1438563Z [90m[🌎 Easy Localization] [DEBUG] Load asset from assets/translations[0m
Web Tests (2)	UNKNOWN STEP	2026-02-25T20:02:20.6653481Z [90m[🌎 Easy Localization] [DEBUG] Build[0m
Web Tests (2)	UNKNOWN STEP	2026-02-25T20:02:20.6654388Z [90m[🌎 Easy Localization] [DEBUG] Init Localization Delegate[0m
Web Tests (2)	UNKNOWN STEP	2026-02-25T20:02:20.6654884Z [90m[🌎 Easy Localization] [DEBUG] Init provider[0m
Web Tests (2)	UNKNOWN STEP	2026-02-25T20:02:20.7796742Z checking room test_avatar id: !fGPavUlkcLRhSlZxWZ:test.matrix.local
Web Tests (2)	UNKNOWN STEP	2026-02-25T20:02:20.7805943Z checking room test_general id: !CymLiQDpYDqsJMjAbG:test.matrix.local
Web Tests (2)	UNKNOWN STEP	2026-02-25T20:02:20.7807864Z checking room test_photos id: !TBlIYBlIHjTThJAMgt:test.matrix.local
Web Tests (2)	UNKNOWN STEP	2026-02-25T20:02:20.7809947Z checking room test_art id: !NTVcgMlxsDbaOctoZD:test.matrix.local
Web Tests (2)	UNKNOWN STEP	2026-02-25T20:02:20.7816386Z checking room test_invite_only id: !GvkNgAcvATCDJaESPU:test.matrix.local
Web Tests (2)	UNKNOWN STEP	2026-02-25T20:02:20.7817102Z start quering new events...
Web Tests (2)	UNKNOWN STEP	2026-02-25T20:02:20.7817508Z finished...
Web Tests (2)	UNKNOWN STEP	2026-02-25T20:02:20.7818245Z ret is empty...
Web Tests (2)	UNKNOWN STEP	2026-02-25T20:02:20.7824297Z no new things to append...
Web Tests (2)	UNKNOWN STEP	2026-02-25T20:02:21.8060958Z 02:04 +2 -5: Strict Message Interaction (Reactions & Replies) STRICT: Threaded replies show in message view
Web Tests (2)	UNKNOWN STEP	2026-02-25T20:02:21.8061971Z Waiting for globalMatrixClient to be initialized...
Web Tests (2)	UNKNOWN STEP	2026-02-25T20:02:21.8062302Z globalMatrixClient initialized!
Web Tests (2)	UNKNOWN STEP	2026-02-25T20:02:38.8383376Z [Matrix] Current sync request ID has changed. Dropping this sync loop!
Web Tests (2)	UNKNOWN STEP	2026-02-25T20:02:39.3257323Z ══╡ EXCEPTION CAUGHT BY FLUTTER TEST FRAMEWORK ╞════════════════════════════════════════════════════
Web Tests (2)	UNKNOWN STEP	2026-02-25T20:02:39.3258254Z The following TestFailure was thrown running a test:
Web Tests (2)	UNKNOWN STEP	2026-02-25T20:02:39.3258794Z Expected: exactly one matching candidate
Web Tests (2)	UNKNOWN STEP	2026-02-25T20:02:39.3259499Z   Actual: _KeyWidgetFinder:<Found 0 widgets with key [<'loginUsernameInput'>]: []>
Web Tests (2)	UNKNOWN STEP	2026-02-25T20:02:39.3260496Z    Which: means none were found but one was expected
Web Tests (2)	UNKNOWN STEP	2026-02-25T20:02:39.3261061Z Username field should be visible on login page
Web Tests (2)	UNKNOWN STEP	2026-02-25T20:02:39.3266244Z 
Web Tests (2)	UNKNOWN STEP	2026-02-25T20:02:39.3266539Z When the exception was thrown, this was the stack:
Web Tests (2)	UNKNOWN STEP	2026-02-25T20:02:39.3267279Z dart-sdk/lib/_internal/js_dev_runtime/private/ddc_runtime/errors.dart 274:3       throw_
Web Tests (2)	UNKNOWN STEP	2026-02-25T20:02:39.3268168Z package:matcher/src/expect/expect.dart 187:31                                     fail
Web Tests (2)	UNKNOWN STEP	2026-02-25T20:02:39.3269066Z package:matcher/src/expect/expect.dart 182:3                                      _expect
Web Tests (2)	UNKNOWN STEP	2026-02-25T20:02:39.3270224Z package:matcher/src/expect/expect.dart 65:3                                       expect$
Web Tests (2)	UNKNOWN STEP	2026-02-25T20:02:39.3271034Z package:flutter_test/src/widget_tester.dart 473:18                                expect$
Web Tests (2)	UNKNOWN STEP	2026-02-25T20:02:39.3271974Z interaction_strict_test.dart 187:7                                                <fn>
Web Tests (2)	UNKNOWN STEP	2026-02-25T20:02:39.3273140Z dart-sdk/lib/_internal/js_dev_runtime/patch/async_patch.dart 623:19               <fn>
Web Tests (2)	UNKNOWN STEP	2026-02-25T20:02:39.3273949Z dart-sdk/lib/_internal/js_dev_runtime/patch/async_patch.dart 648:23               <fn>
Web Tests (2)	UNKNOWN STEP	2026-02-25T20:02:39.3274903Z dart-sdk/lib/_internal/js_dev_runtime/patch/async_patch.dart 594:19               <fn>
Web Tests (2)	UNKNOWN STEP	2026-02-25T20:02:39.3275884Z dart-sdk/lib/async/zone_root.dart 48:47                                           _rootRunUnary
Web Tests (2)	UNKNOWN STEP	2026-02-25T20:02:39.3276968Z dart-sdk/lib/_internal/js_dev_runtime/private/ddc_runtime/operations.dart 118:77  tear
Web Tests (2)	UNKNOWN STEP	2026-02-25T20:02:39.3277818Z dart-sdk/lib/async/zone.dart 733:19                                               runUnary
Web Tests (2)	UNKNOWN STEP	2026-02-25T20:02:39.3278686Z dart-sdk/lib/async/future_impl.dart 222:18                                        handleValue
Web Tests (2)	UNKNOWN STEP	2026-02-25T20:02:39.3279628Z dart-sdk/lib/async/future_impl.dart 948:44                                        handleValueCallback
Web Tests (2)	UNKNOWN STEP	2026-02-25T20:02:39.3280813Z dart-sdk/lib/async/future_impl.dart 977:13                                        _propagateToListeners
Web Tests (2)	UNKNOWN STEP	2026-02-25T20:02:39.3281775Z dart-sdk/lib/async/future_impl.dart 720:5                                         [_completeWithValue]
Web Tests (2)	UNKNOWN STEP	2026-02-25T20:02:39.3282704Z dart-sdk/lib/async/future_impl.dart 804:7                                         <fn>
Web Tests (2)	UNKNOWN STEP	2026-02-25T20:02:39.3296278Z dart-sdk/lib/async/zone_root.dart 35:13                                           _rootRun
Web Tests (2)	UNKNOWN STEP	2026-02-25T20:02:39.3306338Z dart-sdk/lib/_internal/js_dev_runtime/private/ddc_runtime/operations.dart 118:77  tear
Web Tests (2)	UNKNOWN STEP	2026-02-25T20:02:39.3307346Z dart-sdk/lib/async/zone.dart 726:19                                               run
Web Tests (2)	UNKNOWN STEP	2026-02-25T20:02:39.3308239Z dart-sdk/lib/async/zone.dart 625:7                                                runGuarded
Web Tests (2)	UNKNOWN STEP	2026-02-25T20:02:39.3309162Z dart-sdk/lib/async/zone.dart 666:23                                               <fn>
Web Tests (2)	UNKNOWN STEP	2026-02-25T20:02:39.3310298Z dart-sdk/lib/async/schedule_microtask.dart 40:34                                  _microtaskLoop
Web Tests (2)	UNKNOWN STEP	2026-02-25T20:02:39.3311672Z dart-sdk/lib/async/schedule_microtask.dart 49:5                                   _startMicrotaskLoop
Web Tests (2)	UNKNOWN STEP	2026-02-25T20:02:39.3312696Z dart-sdk/lib/_internal/js_dev_runtime/private/ddc_runtime/operations.dart 118:77  tear
Web Tests (2)	UNKNOWN STEP	2026-02-25T20:02:39.3313638Z dart-sdk/lib/_internal/js_dev_runtime/patch/async_patch.dart 188:69               <fn>
Web Tests (2)	UNKNOWN STEP	2026-02-25T20:02:39.3314188Z 
Web Tests (2)	UNKNOWN STEP	2026-02-25T20:02:39.3314360Z The test description was:
Web Tests (2)	UNKNOWN STEP	2026-02-25T20:02:39.3314815Z   STRICT: Threaded replies show in message view
Web Tests (2)	UNKNOWN STEP	2026-02-25T20:02:39.3322995Z ════════════════════════════════════════════════════════════════════════════════════════════════════
Web Tests (2)	UNKNOWN STEP	2026-02-25T20:02:39.3325609Z 02:22 +2 -5: Strict Message Interaction (Reactions & Replies) STRICT: Threaded replies show in message view [E]
Web Tests (2)	UNKNOWN STEP	2026-02-25T20:02:39.3326506Z   Test failed. See exception logs above.
Web Tests (2)	UNKNOWN STEP	2026-02-25T20:02:39.3327152Z   The test description was: STRICT: Threaded replies show in message view
Web Tests (2)	UNKNOWN STEP	2026-02-25T20:02:39.3327647Z 
Web Tests (2)	UNKNOWN STEP	2026-02-25T20:02:39.3370544Z 02:22 +2 -6: (tearDownAll)
Web Tests (2)	UNKNOWN STEP	2026-02-25T20:02:39.3385153Z 02:22 +3 -6: Some tests failed.
Web Tests (2)	UNKNOWN STEP	2026-02-25T20:09:29.0045558Z [0;31m[ERROR][0m Timed out and had failures: integration_test/interaction_strict_test.dart (6 failed)
Web Tests (2)	UNKNOWN STEP	2026-02-25T20:09:29.0062191Z [0;31m[ERROR][0m Web integration tests failed
Web Tests (2)	UNKNOWN STEP	2026-02-25T20:09:29.0063349Z [0;31m[ERROR][0m Web tests failed
Web Tests (2)	UNKNOWN STEP	2026-02-25T20:09:29.0063631Z 
Web Tests (2)	UNKNOWN STEP	2026-02-25T20:09:29.0065754Z [1m══════════════════════════════════════════════════════════[0m
Web Tests (2)	UNKNOWN STEP	2026-02-25T20:09:29.0066458Z [1m  Test Results Summary[0m
Web Tests (2)	UNKNOWN STEP	2026-02-25T20:09:29.0067458Z [1m══════════════════════════════════════════════════════════[0m
Web Tests (2)	UNKNOWN STEP	2026-02-25T20:09:29.0067888Z 
Web Tests (2)	UNKNOWN STEP	2026-02-25T20:09:29.0068135Z   TARGET             PASSED   FAILED  SKIPPED   DURATION
Web Tests (2)	UNKNOWN STEP	2026-02-25T20:09:29.0068857Z   ──────────────── ──────── ──────── ──────── ──────────
Web Tests (2)	UNKNOWN STEP	2026-02-25T20:09:29.0069576Z   [0;31mweb-integration [0m        3        6        1     20m 1s
Web Tests (2)	UNKNOWN STEP	2026-02-25T20:09:29.0070281Z 
Web Tests (2)	UNKNOWN STEP	2026-02-25T20:09:29.0070820Z   ──────────────── ──────── ──────── ────────
Web Tests (2)	UNKNOWN STEP	2026-02-25T20:09:29.0071424Z   [0;31mTOTAL                   3        6        1[0m
Web Tests (2)	UNKNOWN STEP	2026-02-25T20:09:29.0071767Z 
Web Tests (2)	UNKNOWN STEP	2026-02-25T20:09:29.0072033Z   [0;31m[1mRESULT: FAILED[0m
Web Tests (2)	UNKNOWN STEP	2026-02-25T20:09:29.0072435Z 
Web Tests (2)	UNKNOWN STEP	2026-02-25T20:09:29.0073069Z [1m══════════════════════════════════════════════════════════[0m
Web Tests (2)	UNKNOWN STEP	2026-02-25T20:09:29.0073625Z 
Web Tests (2)	UNKNOWN STEP	2026-02-25T20:09:29.0073851Z [0;34m[INFO][0m Cleaning up...
Web Tests (2)	UNKNOWN STEP	2026-02-25T20:09:29.0439344Z [0;34m[INFO][0m Cleanup complete
Web Tests (2)	UNKNOWN STEP	2026-02-25T20:09:29.0472542Z ##[error]Process completed with exit code 1.
Web Tests (2)	UNKNOWN STEP	2026-02-25T20:09:29.0563759Z ##[group]Run echo "=== test-results/ ==="
Web Tests (2)	UNKNOWN STEP	2026-02-25T20:09:29.0564414Z [36;1mecho "=== test-results/ ==="[0m
Web Tests (2)	UNKNOWN STEP	2026-02-25T20:09:29.0564830Z [36;1mls -la test-results/ 2>/dev/null || echo "(no test-results dir)"[0m
Web Tests (2)	UNKNOWN STEP	2026-02-25T20:09:29.0565375Z [36;1mfor f in test-results/*.log; do[0m
Web Tests (2)	UNKNOWN STEP	2026-02-25T20:09:29.0565740Z [36;1m  [ -f "$f" ] || continue[0m
Web Tests (2)	UNKNOWN STEP	2026-02-25T20:09:29.0565994Z [36;1m  echo ""[0m
Web Tests (2)	UNKNOWN STEP	2026-02-25T20:09:29.0566228Z [36;1m  echo "=== $f ==="[0m
Web Tests (2)	UNKNOWN STEP	2026-02-25T20:09:29.0566455Z [36;1m  tail -100 "$f"[0m
Web Tests (2)	UNKNOWN STEP	2026-02-25T20:09:29.0566662Z [36;1mdone[0m
Web Tests (2)	UNKNOWN STEP	2026-02-25T20:09:29.0629064Z shell: /usr/bin/bash -e {0}
Web Tests (2)	UNKNOWN STEP	2026-02-25T20:09:29.0629315Z env:
Web Tests (2)	UNKNOWN STEP	2026-02-25T20:09:29.0629636Z   CACHE_VERSION: v1
Web Tests (2)	UNKNOWN STEP	2026-02-25T20:09:29.0630222Z   FLUTTER_ROOT: /opt/hostedtoolcache/flutter/stable-3.41.2-x64
Web Tests (2)	UNKNOWN STEP	2026-02-25T20:09:29.0630593Z   PUB_CACHE: /home/runner/.pub-cache
Web Tests (2)	UNKNOWN STEP	2026-02-25T20:09:29.0630857Z ##[endgroup]
Web Tests (2)	UNKNOWN STEP	2026-02-25T20:09:29.0781160Z === test-results/ ===
Web Tests (2)	UNKNOWN STEP	2026-02-25T20:09:29.0810317Z total 45420
Web Tests (2)	UNKNOWN STEP	2026-02-25T20:09:29.0811148Z drwxr-xr-x  2 runner runner     4096 Feb 25 20:09 .
Web Tests (2)	UNKNOWN STEP	2026-02-25T20:09:29.0811983Z drwxr-xr-x 24 runner runner     4096 Feb 25 19:49 ..
Web Tests (2)	UNKNOWN STEP	2026-02-25T20:09:29.0812887Z -rw-r--r--  1 runner runner      233 Feb 25 19:48 ios-device-info.txt
Web Tests (2)	UNKNOWN STEP	2026-02-25T20:09:29.0813911Z -rw-r--r--  1 runner runner 34795326 Feb 25 19:48 ios-test-results.txt
Web Tests (2)	UNKNOWN STEP	2026-02-25T20:09:29.0814922Z -rw-r--r--  1 runner runner 11471554 Feb 25 19:48 test-results.txt
Web Tests (2)	UNKNOWN STEP	2026-02-25T20:09:29.0815924Z -rw-r--r--  1 runner runner    35314 Feb 25 20:02 web-integration-tests.log
Web Tests (2)	UNKNOWN STEP	2026-02-25T20:09:29.0851275Z -rw-r--r--  1 runner runner   181872 Feb 25 19:48 web-test-results.txt
Web Tests (2)	UNKNOWN STEP	2026-02-25T20:09:29.0852196Z 
Web Tests (2)	UNKNOWN STEP	2026-02-25T20:09:29.0852526Z === test-results/web-integration-tests.log ===
Web Tests (2)	UNKNOWN STEP	2026-02-25T20:09:29.0853401Z dart-sdk/lib/_internal/js_dev_runtime/patch/async_patch.dart 623:19               <fn>
Web Tests (2)	UNKNOWN STEP	2026-02-25T20:09:29.0854444Z dart-sdk/lib/_internal/js_dev_runtime/patch/async_patch.dart 648:23               <fn>
Web Tests (2)	UNKNOWN STEP	2026-02-25T20:09:29.0855496Z dart-sdk/lib/_internal/js_dev_runtime/patch/async_patch.dart 594:19               <fn>
Web Tests (2)	UNKNOWN STEP	2026-02-25T20:09:29.0856517Z dart-sdk/lib/async/zone_root.dart 48:47                                           _rootRunUnary
Web Tests (2)	UNKNOWN STEP	2026-02-25T20:09:29.0870993Z dart-sdk/lib/_internal/js_dev_runtime/private/ddc_runtime/operations.dart 118:77  tear
Web Tests (2)	UNKNOWN STEP	2026-02-25T20:09:29.0871932Z dart-sdk/lib/async/zone.dart 733:19                                               runUnary
Web Tests (2)	UNKNOWN STEP	2026-02-25T20:09:29.0873051Z dart-sdk/lib/async/future_impl.dart 222:18                                        handleValue
Web Tests (2)	UNKNOWN STEP	2026-02-25T20:09:29.0873986Z dart-sdk/lib/async/future_impl.dart 948:44                                        handleValueCallback
Web Tests (2)	UNKNOWN STEP	2026-02-25T20:09:29.0874951Z dart-sdk/lib/async/future_impl.dart 977:13                                        _propagateToListeners
Web Tests (2)	UNKNOWN STEP	2026-02-25T20:09:29.0875929Z dart-sdk/lib/async/future_impl.dart 720:5                                         [_completeWithValue]
Web Tests (2)	UNKNOWN STEP	2026-02-25T20:09:29.0876857Z dart-sdk/lib/async/future_impl.dart 804:7                                         <fn>
Web Tests (2)	UNKNOWN STEP	2026-02-25T20:09:29.0877714Z dart-sdk/lib/async/zone_root.dart 35:13                                           _rootRun
Web Tests (2)	UNKNOWN STEP	2026-02-25T20:09:29.0878622Z dart-sdk/lib/_internal/js_dev_runtime/private/ddc_runtime/operations.dart 118:77  tear
Web Tests (2)	UNKNOWN STEP	2026-02-25T20:09:29.0879471Z dart-sdk/lib/async/zone.dart 726:19                                               run
Web Tests (2)	UNKNOWN STEP	2026-02-25T20:09:29.0918000Z dart-sdk/lib/async/zone.dart 625:7                                                runGuarded
Web Tests (2)	UNKNOWN STEP	2026-02-25T20:09:29.0918867Z dart-sdk/lib/async/zone.dart 666:23                                               <fn>
Web Tests (2)	UNKNOWN STEP	2026-02-25T20:09:29.0920678Z dart-sdk/lib/async/schedule_microtask.dart 40:34                                  _microtaskLoop
Web Tests (2)	UNKNOWN STEP	2026-02-25T20:09:29.0921632Z dart-sdk/lib/async/schedule_microtask.dart 49:5                                   _startMicrotaskLoop
Web Tests (2)	UNKNOWN STEP	2026-02-25T20:09:29.0922825Z dart-sdk/lib/_internal/js_dev_runtime/private/ddc_runtime/operations.dart 118:77  tear
Web Tests (2)	UNKNOWN STEP	2026-02-25T20:09:29.0923781Z dart-sdk/lib/_internal/js_dev_runtime/patch/async_patch.dart 188:69               <fn>
Web Tests (2)	UNKNOWN STEP	2026-02-25T20:09:29.0924329Z 
Web Tests (2)	UNKNOWN STEP	2026-02-25T20:09:29.0924476Z The test description was:
Web Tests (2)	UNKNOWN STEP	2026-02-25T20:09:29.0924884Z   STRICT: Reactions show emoji and count
Web Tests (2)	UNKNOWN STEP	2026-02-25T20:09:29.0925921Z ════════════════════════════════════════════════════════════════════════════════════════════════════
Web Tests (2)	UNKNOWN STEP	2026-02-25T20:09:29.0926878Z 02:02 +2 -4: Strict Message Interaction (Reactions & Replies) STRICT: Reactions show emoji and count [E]
Web Tests (2)	UNKNOWN STEP	2026-02-25T20:09:29.0927694Z   Test failed. See exception logs above.
Web Tests (2)	UNKNOWN STEP	2026-02-25T20:09:29.0928315Z   The test description was: STRICT: Reactions show emoji and count
Web Tests (2)	UNKNOWN STEP	2026-02-25T20:09:29.0928731Z 
Web Tests (2)	UNKNOWN STEP	2026-02-25T20:09:29.0929186Z 02:02 +2 -5: Strict Message Interaction (Reactions & Replies) STRICT: Threaded replies show in message view
Web Tests (2)	UNKNOWN STEP	2026-02-25T20:09:29.0930342Z [90m[🌎 Easy Localization] [DEBUG] Localization initialized[0m
Web Tests (2)	UNKNOWN STEP	2026-02-25T20:09:29.0930923Z [Matrix] Initialize client Substitution
Web Tests (2)	UNKNOWN STEP	2026-02-25T20:09:29.0931558Z [Matrix] Successfully connected as testuser1 with http://localhost:8008
Web Tests (2)	UNKNOWN STEP	2026-02-25T20:09:29.0932318Z [90m[🌎 Easy Localization] [DEBUG] Start[0m
Web Tests (2)	UNKNOWN STEP	2026-02-25T20:09:29.0933187Z 02:03 +2 -5: Strict Message Interaction (Reactions & Replies) STRICT: Tap message shows reaction and reply options
Web Tests (2)	UNKNOWN STEP	2026-02-25T20:09:29.0934189Z [90m[🌎 Easy Localization] [DEBUG] Init state[0m
Web Tests (2)	UNKNOWN STEP	2026-02-25T20:09:29.0934834Z [90m[🌎 Easy Localization] [DEBUG] Build[0m
Web Tests (2)	UNKNOWN STEP	2026-02-25T20:09:29.0935559Z [90m[🌎 Easy Localization] [DEBUG] Init Localization Delegate[0m
Web Tests (2)	UNKNOWN STEP	2026-02-25T20:09:29.0936285Z [90m[🌎 Easy Localization] [DEBUG] Init provider[0m
Web Tests (2)	UNKNOWN STEP	2026-02-25T20:09:29.0936997Z [90m[🌎 Easy Localization] [DEBUG] Load Localization Delegate[0m
Web Tests (2)	UNKNOWN STEP	2026-02-25T20:09:29.0937831Z [90m[🌎 Easy Localization] [DEBUG] Load asset from assets/translations[0m
Web Tests (2)	UNKNOWN STEP	2026-02-25T20:09:29.0938557Z [90m[🌎 Easy Localization] [DEBUG] Build[0m
Web Tests (2)	UNKNOWN STEP	2026-02-25T20:09:29.0939248Z [90m[🌎 Easy Localization] [DEBUG] Init Localization Delegate[0m
Web Tests (2)	UNKNOWN STEP	2026-02-25T20:09:29.0943340Z [90m[🌎 Easy Localization] [DEBUG] Init provider[0m
Web Tests (2)	UNKNOWN STEP	2026-02-25T20:09:29.0943992Z checking room test_avatar id: !fGPavUlkcLRhSlZxWZ:test.matrix.local
Web Tests (2)	UNKNOWN STEP	2026-02-25T20:09:29.0944730Z checking room test_general id: !CymLiQDpYDqsJMjAbG:test.matrix.local
Web Tests (2)	UNKNOWN STEP	2026-02-25T20:09:29.0945457Z checking room test_photos id: !TBlIYBlIHjTThJAMgt:test.matrix.local
Web Tests (2)	UNKNOWN STEP	2026-02-25T20:09:29.0946160Z checking room test_art id: !NTVcgMlxsDbaOctoZD:test.matrix.local
Web Tests (2)	UNKNOWN STEP	2026-02-25T20:09:29.0947113Z checking room test_invite_only id: !GvkNgAcvATCDJaESPU:test.matrix.local
Web Tests (2)	UNKNOWN STEP	2026-02-25T20:09:29.0947698Z start quering new events...
Web Tests (2)	UNKNOWN STEP	2026-02-25T20:09:29.0948042Z finished...
Web Tests (2)	UNKNOWN STEP	2026-02-25T20:09:29.0948321Z ret is empty...
Web Tests (2)	UNKNOWN STEP	2026-02-25T20:09:29.0948631Z no new things to append...
Web Tests (2)	UNKNOWN STEP	2026-02-25T20:09:29.0949325Z 02:04 +2 -5: Strict Message Interaction (Reactions & Replies) STRICT: Threaded replies show in message view
Web Tests (2)	UNKNOWN STEP	2026-02-25T20:09:29.0950355Z Waiting for globalMatrixClient to be initialized...
Web Tests (2)	UNKNOWN STEP	2026-02-25T20:09:29.0950893Z globalMatrixClient initialized!
Web Tests (2)	UNKNOWN STEP	2026-02-25T20:09:29.0951475Z [Matrix] Current sync request ID has changed. Dropping this sync loop!
Web Tests (2)	UNKNOWN STEP	2026-02-25T20:09:29.0952562Z ══╡ EXCEPTION CAUGHT BY FLUTTER TEST FRAMEWORK ╞════════════════════════════════════════════════════
Web Tests (2)	UNKNOWN STEP	2026-02-25T20:09:29.0953370Z The following TestFailure was thrown running a test:
Web Tests (2)	UNKNOWN STEP	2026-02-25T20:09:29.0953892Z Expected: exactly one matching candidate
Web Tests (2)	UNKNOWN STEP	2026-02-25T20:09:29.0954638Z   Actual: _KeyWidgetFinder:<Found 0 widgets with key [<'loginUsernameInput'>]: []>
Web Tests (2)	UNKNOWN STEP	2026-02-25T20:09:29.0955357Z    Which: means none were found but one was expected
Web Tests (2)	UNKNOWN STEP	2026-02-25T20:09:29.0955883Z Username field should be visible on login page
Web Tests (2)	UNKNOWN STEP	2026-02-25T20:09:29.0956212Z 
Web Tests (2)	UNKNOWN STEP	2026-02-25T20:09:29.0956408Z When the exception was thrown, this was the stack:
Web Tests (2)	UNKNOWN STEP	2026-02-25T20:09:29.0957124Z dart-sdk/lib/_internal/js_dev_runtime/private/ddc_runtime/errors.dart 274:3       throw_
Web Tests (2)	UNKNOWN STEP	2026-02-25T20:09:29.0958230Z package:matcher/src/expect/expect.dart 187:31                                     fail
Web Tests (2)	UNKNOWN STEP	2026-02-25T20:09:29.0959143Z package:matcher/src/expect/expect.dart 182:3                                      _expect
Web Tests (2)	UNKNOWN STEP	2026-02-25T20:09:29.0960818Z package:matcher/src/expect/expect.dart 65:3                                       expect$
Web Tests (2)	UNKNOWN STEP	2026-02-25T20:09:29.0961721Z package:flutter_test/src/widget_tester.dart 473:18                                expect$
Web Tests (2)	UNKNOWN STEP	2026-02-25T20:09:29.0962559Z interaction_strict_test.dart 187:7                                                <fn>
Web Tests (2)	UNKNOWN STEP	2026-02-25T20:09:29.0963456Z dart-sdk/lib/_internal/js_dev_runtime/patch/async_patch.dart 623:19               <fn>
Web Tests (2)	UNKNOWN STEP	2026-02-25T20:09:29.0964382Z dart-sdk/lib/_internal/js_dev_runtime/patch/async_patch.dart 648:23               <fn>
Web Tests (2)	UNKNOWN STEP	2026-02-25T20:09:29.0965433Z dart-sdk/lib/_internal/js_dev_runtime/patch/async_patch.dart 594:19               <fn>
Web Tests (2)	UNKNOWN STEP	2026-02-25T20:09:29.0966331Z dart-sdk/lib/async/zone_root.dart 48:47                                           _rootRunUnary
Web Tests (2)	UNKNOWN STEP	2026-02-25T20:09:29.0967218Z dart-sdk/lib/_internal/js_dev_runtime/private/ddc_runtime/operations.dart 118:77  tear
Web Tests (2)	UNKNOWN STEP	2026-02-25T20:09:29.0968064Z dart-sdk/lib/async/zone.dart 733:19                                               runUnary
Web Tests (2)	UNKNOWN STEP	2026-02-25T20:09:29.0968924Z dart-sdk/lib/async/future_impl.dart 222:18                                        handleValue
Web Tests (2)	UNKNOWN STEP	2026-02-25T20:09:29.0970043Z dart-sdk/lib/async/future_impl.dart 948:44                                        handleValueCallback
Web Tests (2)	UNKNOWN STEP	2026-02-25T20:09:29.0971022Z dart-sdk/lib/async/future_impl.dart 977:13                                        _propagateToListeners
Web Tests (2)	UNKNOWN STEP	2026-02-25T20:09:29.0971996Z dart-sdk/lib/async/future_impl.dart 720:5                                         [_completeWithValue]
Web Tests (2)	UNKNOWN STEP	2026-02-25T20:09:29.0972909Z dart-sdk/lib/async/future_impl.dart 804:7                                         <fn>
Web Tests (2)	UNKNOWN STEP	2026-02-25T20:09:29.0973720Z dart-sdk/lib/async/zone_root.dart 35:13                                           _rootRun
Web Tests (2)	UNKNOWN STEP	2026-02-25T20:09:29.0974583Z dart-sdk/lib/_internal/js_dev_runtime/private/ddc_runtime/operations.dart 118:77  tear
Web Tests (2)	UNKNOWN STEP	2026-02-25T20:09:29.0975417Z dart-sdk/lib/async/zone.dart 726:19                                               run
Web Tests (2)	UNKNOWN STEP	2026-02-25T20:09:29.0976181Z dart-sdk/lib/async/zone.dart 625:7                                                runGuarded
Web Tests (2)	UNKNOWN STEP	2026-02-25T20:09:29.0976985Z dart-sdk/lib/async/zone.dart 666:23                                               <fn>
Web Tests (2)	UNKNOWN STEP	2026-02-25T20:09:29.0977884Z dart-sdk/lib/async/schedule_microtask.dart 40:34                                  _microtaskLoop
Web Tests (2)	UNKNOWN STEP	2026-02-25T20:09:29.0979152Z dart-sdk/lib/async/schedule_microtask.dart 49:5                                   _startMicrotaskLoop
Web Tests (2)	UNKNOWN STEP	2026-02-25T20:09:29.0980300Z dart-sdk/lib/_internal/js_dev_runtime/private/ddc_runtime/operations.dart 118:77  tear
Web Tests (2)	UNKNOWN STEP	2026-02-25T20:09:29.0981216Z dart-sdk/lib/_internal/js_dev_runtime/patch/async_patch.dart 188:69               <fn>
Web Tests (2)	UNKNOWN STEP	2026-02-25T20:09:29.0981761Z 
Web Tests (2)	UNKNOWN STEP	2026-02-25T20:09:29.0981906Z The test description was:
Web Tests (2)	UNKNOWN STEP	2026-02-25T20:09:29.0982357Z   STRICT: Threaded replies show in message view
Web Tests (2)	UNKNOWN STEP	2026-02-25T20:09:29.0983220Z ════════════════════════════════════════════════════════════════════════════════════════════════════
Web Tests (2)	UNKNOWN STEP	2026-02-25T20:09:29.0984181Z 02:22 +2 -5: Strict Message Interaction (Reactions & Replies) STRICT: Threaded replies show in message view [E]
Web Tests (2)	UNKNOWN STEP	2026-02-25T20:09:29.0985029Z   Test failed. See exception logs above.
Web Tests (2)	UNKNOWN STEP	2026-02-25T20:09:29.0985663Z   The test description was: STRICT: Threaded replies show in message view
Web Tests (2)	UNKNOWN STEP	2026-02-25T20:09:29.0986196Z 
Web Tests (2)	UNKNOWN STEP	2026-02-25T20:09:29.0986348Z 02:22 +2 -6: (tearDownAll)
Web Tests (2)	UNKNOWN STEP	2026-02-25T20:09:29.0986719Z 02:22 +3 -6: Some tests failed.
Web Tests (2)	UNKNOWN STEP	2026-02-25T20:09:29.1034845Z ##[group]Run docker compose down -v
Web Tests (2)	UNKNOWN STEP	2026-02-25T20:09:29.1035358Z [36;1mdocker compose down -v[0m
Web Tests (2)	UNKNOWN STEP	2026-02-25T20:09:29.1101006Z shell: /usr/bin/bash -e {0}
Web Tests (2)	UNKNOWN STEP	2026-02-25T20:09:29.1101396Z env:
Web Tests (2)	UNKNOWN STEP	2026-02-25T20:09:29.1101686Z   CACHE_VERSION: v1
Web Tests (2)	UNKNOWN STEP	2026-02-25T20:09:29.1102162Z   FLUTTER_ROOT: /opt/hostedtoolcache/flutter/stable-3.41.2-x64
Web Tests (2)	UNKNOWN STEP	2026-02-25T20:09:29.1102752Z   PUB_CACHE: /home/runner/.pub-cache
Web Tests (2)	UNKNOWN STEP	2026-02-25T20:09:29.1103181Z ##[endgroup]
Web Tests (2)	UNKNOWN STEP	2026-02-25T20:09:29.1929223Z time="2026-02-25T20:09:29Z" level=warning msg="/home/runner/work/substitution/substitution/docker-compose.yml: the attribute `version` is obsolete, it will be ignored, please remove it to avoid potential confusion"
Web Tests (2)	UNKNOWN STEP	2026-02-25T20:09:29.2022187Z  Container substitution-redis-1  Stopping
Web Tests (2)	UNKNOWN STEP	2026-02-25T20:09:29.2023808Z  Container substitution-matrix-synapse-1  Stopping
Web Tests (2)	UNKNOWN STEP	2026-02-25T20:09:29.4440076Z  Container substitution-redis-1  Stopped
Web Tests (2)	UNKNOWN STEP	2026-02-25T20:09:29.4440672Z  Container substitution-redis-1  Removing
Web Tests (2)	UNKNOWN STEP	2026-02-25T20:09:29.4517357Z  Container substitution-redis-1  Removed
Web Tests (2)	UNKNOWN STEP	2026-02-25T20:09:29.4596698Z  Container substitution-matrix-synapse-1  Stopped
Web Tests (2)	UNKNOWN STEP	2026-02-25T20:09:29.4597409Z  Container substitution-matrix-synapse-1  Removing
Web Tests (2)	UNKNOWN STEP	2026-02-25T20:09:29.5310124Z  Container substitution-matrix-synapse-1  Removed
Web Tests (2)	UNKNOWN STEP	2026-02-25T20:09:29.5310893Z  Container substitution-postgres-1  Stopping
Web Tests (2)	UNKNOWN STEP	2026-02-25T20:09:29.5311466Z  Container substitution-dex-1  Stopping
Web Tests (2)	UNKNOWN STEP	2026-02-25T20:09:29.6585265Z  Container substitution-dex-1  Stopped
Web Tests (2)	UNKNOWN STEP	2026-02-25T20:09:29.6585876Z  Container substitution-dex-1  Removing
Web Tests (2)	UNKNOWN STEP	2026-02-25T20:09:29.6683097Z  Container substitution-dex-1  Removed
Web Tests (2)	UNKNOWN STEP	2026-02-25T20:09:29.6798643Z  Container substitution-postgres-1  Stopped
Web Tests (2)	UNKNOWN STEP	2026-02-25T20:09:29.6799257Z  Container substitution-postgres-1  Removing
Web Tests (2)	UNKNOWN STEP	2026-02-25T20:09:29.7474044Z  Container substitution-postgres-1  Removed
Web Tests (2)	UNKNOWN STEP	2026-02-25T20:09:29.7481402Z  Network substitution_substitution_network  Removing
Web Tests (2)	UNKNOWN STEP	2026-02-25T20:09:29.8591183Z  Network substitution_substitution_network  Removed
Web Tests (2)	UNKNOWN STEP	2026-02-25T20:09:29.8770559Z Post job cleanup.
Web Tests (2)	UNKNOWN STEP	2026-02-25T20:09:29.8831465Z Post job cleanup.
Web Tests (2)	UNKNOWN STEP	2026-02-25T20:09:29.9823821Z [command]/usr/bin/git version
Web Tests (2)	UNKNOWN STEP	2026-02-25T20:09:29.9866385Z git version 2.53.0
Web Tests (2)	UNKNOWN STEP	2026-02-25T20:09:29.9912116Z Temporarily overriding HOME='/home/runner/work/_temp/6c8cd7d7-4444-4fed-a992-83dca048962a' before making global git config changes
Web Tests (2)	UNKNOWN STEP	2026-02-25T20:09:29.9913504Z Adding repository directory to the temporary git global config as a safe directory
Web Tests (2)	UNKNOWN STEP	2026-02-25T20:09:29.9927196Z [command]/usr/bin/git config --global --add safe.directory /home/runner/work/substitution/substitution
Web Tests (2)	UNKNOWN STEP	2026-02-25T20:09:29.9966584Z [command]/usr/bin/git config --local --name-only --get-regexp core\.sshCommand
Web Tests (2)	UNKNOWN STEP	2026-02-25T20:09:30.0003629Z [command]/usr/bin/git submodule foreach --recursive sh -c "git config --local --name-only --get-regexp 'core\.sshCommand' && git config --local --unset-all 'core.sshCommand' || :"
Web Tests (2)	UNKNOWN STEP	2026-02-25T20:09:30.0283528Z [command]/usr/bin/git config --local --name-only --get-regexp http\.https\:\/\/github\.com\/\.extraheader
Web Tests (2)	UNKNOWN STEP	2026-02-25T20:09:30.0309047Z http.https://github.com/.extraheader
Web Tests (2)	UNKNOWN STEP	2026-02-25T20:09:30.0322117Z [command]/usr/bin/git config --local --unset-all http.https://github.com/.extraheader
Web Tests (2)	UNKNOWN STEP	2026-02-25T20:09:30.0354210Z [command]/usr/bin/git submodule foreach --recursive sh -c "git config --local --name-only --get-regexp 'http\.https\:\/\/github\.com\/\.extraheader' && git config --local --unset-all 'http.https://github.com/.extraheader' || :"
Web Tests (2)	UNKNOWN STEP	2026-02-25T20:09:30.0591415Z [command]/usr/bin/git config --local --name-only --get-regexp ^includeIf\.gitdir:
Web Tests (2)	UNKNOWN STEP	2026-02-25T20:09:30.0624930Z [command]/usr/bin/git submodule foreach --recursive git config --local --show-origin --name-only --get-regexp remote.origin.url
Web Tests (2)	UNKNOWN STEP	2026-02-25T20:09:30.0968746Z Cleaning up orphan processes
Web Tests (3)	UNKNOWN STEP	﻿2026-02-25T19:48:13.6444589Z Current runner version: '2.331.0'
Web Tests (3)	UNKNOWN STEP	2026-02-25T19:48:13.6472506Z ##[group]Runner Image Provisioner
Web Tests (3)	UNKNOWN STEP	2026-02-25T19:48:13.6473484Z Hosted Compute Agent
Web Tests (3)	UNKNOWN STEP	2026-02-25T19:48:13.6474063Z Version: 20260213.493
Web Tests (3)	UNKNOWN STEP	2026-02-25T19:48:13.6474715Z Commit: 5c115507f6dd24b8de37d8bbe0bb4509d0cc0fa3
Web Tests (3)	UNKNOWN STEP	2026-02-25T19:48:13.6475415Z Build Date: 2026-02-13T00:28:41Z
Web Tests (3)	UNKNOWN STEP	2026-02-25T19:48:13.6476209Z Worker ID: {550ba4fa-dddb-4767-8192-bcc89412e8c0}
Web Tests (3)	UNKNOWN STEP	2026-02-25T19:48:13.6476917Z Azure Region: eastus2
Web Tests (3)	UNKNOWN STEP	2026-02-25T19:48:13.6477516Z ##[endgroup]
Web Tests (3)	UNKNOWN STEP	2026-02-25T19:48:13.6479613Z ##[group]Operating System
Web Tests (3)	UNKNOWN STEP	2026-02-25T19:48:13.6480221Z Ubuntu
Web Tests (3)	UNKNOWN STEP	2026-02-25T19:48:13.6480704Z 24.04.3
Web Tests (3)	UNKNOWN STEP	2026-02-25T19:48:13.6481308Z LTS
Web Tests (3)	UNKNOWN STEP	2026-02-25T19:48:13.6481810Z ##[endgroup]
Web Tests (3)	UNKNOWN STEP	2026-02-25T19:48:13.6482348Z ##[group]Runner Image
Web Tests (3)	UNKNOWN STEP	2026-02-25T19:48:13.6483011Z Image: ubuntu-24.04
Web Tests (3)	UNKNOWN STEP	2026-02-25T19:48:13.6483523Z Version: 20260224.36.1
Web Tests (3)	UNKNOWN STEP	2026-02-25T19:48:13.6484918Z Included Software: https://github.com/actions/runner-images/blob/ubuntu24/20260224.36/images/ubuntu/Ubuntu2404-Readme.md
Web Tests (3)	UNKNOWN STEP	2026-02-25T19:48:13.6486414Z Image Release: https://github.com/actions/runner-images/releases/tag/ubuntu24%2F20260224.36
Web Tests (3)	UNKNOWN STEP	2026-02-25T19:48:13.6487359Z ##[endgroup]
Web Tests (3)	UNKNOWN STEP	2026-02-25T19:48:13.6488774Z ##[group]GITHUB_TOKEN Permissions
Web Tests (3)	UNKNOWN STEP	2026-02-25T19:48:13.6490605Z Contents: read
Web Tests (3)	UNKNOWN STEP	2026-02-25T19:48:13.6491241Z Metadata: read
Web Tests (3)	UNKNOWN STEP	2026-02-25T19:48:13.6491780Z Packages: read
Web Tests (3)	UNKNOWN STEP	2026-02-25T19:48:13.6492279Z ##[endgroup]
Web Tests (3)	UNKNOWN STEP	2026-02-25T19:48:13.6495305Z Secret source: Actions
Web Tests (3)	UNKNOWN STEP	2026-02-25T19:48:13.6496322Z Prepare workflow directory
Web Tests (3)	UNKNOWN STEP	2026-02-25T19:48:13.6908823Z Prepare all required actions
Web Tests (3)	UNKNOWN STEP	2026-02-25T19:48:13.6947434Z Getting action download info
Web Tests (3)	UNKNOWN STEP	2026-02-25T19:48:14.0255245Z Download action repository 'actions/checkout@v4' (SHA:34e114876b0b11c390a56381ad16ebd13914f8d5)
Web Tests (3)	UNKNOWN STEP	2026-02-25T19:48:14.1501577Z Download action repository 'subosito/flutter-action@v2' (SHA:fd55f4c5af5b953cc57a2be44cb082c8f6635e8e)
Web Tests (3)	UNKNOWN STEP	2026-02-25T19:48:14.5599054Z Getting action download info
Web Tests (3)	UNKNOWN STEP	2026-02-25T19:48:14.7123187Z Download action repository 'actions/cache@v4' (SHA:0057852bfaa89a56745cba8c7296529d2fc39830)
Web Tests (3)	UNKNOWN STEP	2026-02-25T19:48:14.9679584Z Complete job name: Web Tests (3)
Web Tests (3)	UNKNOWN STEP	2026-02-25T19:48:15.0547775Z ##[group]Run actions/checkout@v4
Web Tests (3)	UNKNOWN STEP	2026-02-25T19:48:15.0549226Z with:
Web Tests (3)	UNKNOWN STEP	2026-02-25T19:48:15.0549942Z   repository: floffel/substitution
Web Tests (3)	UNKNOWN STEP	2026-02-25T19:48:15.0551168Z   token: ***
Web Tests (3)	UNKNOWN STEP	2026-02-25T19:48:15.0551865Z   ssh-strict: true
Web Tests (3)	UNKNOWN STEP	2026-02-25T19:48:15.0552575Z   ssh-user: git
Web Tests (3)	UNKNOWN STEP	2026-02-25T19:48:15.0553302Z   persist-credentials: true
Web Tests (3)	UNKNOWN STEP	2026-02-25T19:48:15.0554123Z   clean: true
Web Tests (3)	UNKNOWN STEP	2026-02-25T19:48:15.0554866Z   sparse-checkout-cone-mode: true
Web Tests (3)	UNKNOWN STEP	2026-02-25T19:48:15.0555767Z   fetch-depth: 1
Web Tests (3)	UNKNOWN STEP	2026-02-25T19:48:15.0556482Z   fetch-tags: false
Web Tests (3)	UNKNOWN STEP	2026-02-25T19:48:15.0557220Z   show-progress: true
Web Tests (3)	UNKNOWN STEP	2026-02-25T19:48:15.0557979Z   lfs: false
Web Tests (3)	UNKNOWN STEP	2026-02-25T19:48:15.0558875Z   submodules: false
Web Tests (3)	UNKNOWN STEP	2026-02-25T19:48:15.0559612Z   set-safe-directory: true
Web Tests (3)	UNKNOWN STEP	2026-02-25T19:48:15.0560664Z env:
Web Tests (3)	UNKNOWN STEP	2026-02-25T19:48:15.0561327Z   CACHE_VERSION: v1
Web Tests (3)	UNKNOWN STEP	2026-02-25T19:48:15.0562028Z ##[endgroup]
Web Tests (3)	UNKNOWN STEP	2026-02-25T19:48:15.1719582Z Syncing repository: floffel/substitution
Web Tests (3)	UNKNOWN STEP	2026-02-25T19:48:15.1722266Z ##[group]Getting Git version info
Web Tests (3)	UNKNOWN STEP	2026-02-25T19:48:15.1723751Z Working directory is '/home/runner/work/substitution/substitution'
Web Tests (3)	UNKNOWN STEP	2026-02-25T19:48:15.1726230Z [command]/usr/bin/git version
Web Tests (3)	UNKNOWN STEP	2026-02-25T19:48:15.1797594Z git version 2.53.0
Web Tests (3)	UNKNOWN STEP	2026-02-25T19:48:15.1826614Z ##[endgroup]
Web Tests (3)	UNKNOWN STEP	2026-02-25T19:48:15.1841525Z Temporarily overriding HOME='/home/runner/work/_temp/0d6afc68-2cc0-4134-8c9a-15f9da54a3cf' before making global git config changes
Web Tests (3)	UNKNOWN STEP	2026-02-25T19:48:15.1844097Z Adding repository directory to the temporary git global config as a safe directory
Web Tests (3)	UNKNOWN STEP	2026-02-25T19:48:15.1846872Z [command]/usr/bin/git config --global --add safe.directory /home/runner/work/substitution/substitution
Web Tests (3)	UNKNOWN STEP	2026-02-25T19:48:15.1889833Z Deleting the contents of '/home/runner/work/substitution/substitution'
Web Tests (3)	UNKNOWN STEP	2026-02-25T19:48:15.1893966Z ##[group]Initializing the repository
Web Tests (3)	UNKNOWN STEP	2026-02-25T19:48:15.1897903Z [command]/usr/bin/git init /home/runner/work/substitution/substitution
Web Tests (3)	UNKNOWN STEP	2026-02-25T19:48:15.2020528Z hint: Using 'master' as the name for the initial branch. This default branch name
Web Tests (3)	UNKNOWN STEP	2026-02-25T19:48:15.2025486Z hint: will change to "main" in Git 3.0. To configure the initial branch name
Web Tests (3)	UNKNOWN STEP	2026-02-25T19:48:15.2028985Z hint: to use in all of your new repositories, which will suppress this warning,
Web Tests (3)	UNKNOWN STEP	2026-02-25T19:48:15.2030820Z hint: call:
Web Tests (3)	UNKNOWN STEP	2026-02-25T19:48:15.2031889Z hint:
Web Tests (3)	UNKNOWN STEP	2026-02-25T19:48:15.2033617Z hint: 	git config --global init.defaultBranch <name>
Web Tests (3)	UNKNOWN STEP	2026-02-25T19:48:15.2035095Z hint:
Web Tests (3)	UNKNOWN STEP	2026-02-25T19:48:15.2036424Z hint: Names commonly chosen instead of 'master' are 'main', 'trunk' and
Web Tests (3)	UNKNOWN STEP	2026-02-25T19:48:15.2039572Z hint: 'development'. The just-created branch can be renamed via this command:
Web Tests (3)	UNKNOWN STEP	2026-02-25T19:48:15.2041643Z hint:
Web Tests (3)	UNKNOWN STEP	2026-02-25T19:48:15.2042377Z hint: 	git branch -m <name>
Web Tests (3)	UNKNOWN STEP	2026-02-25T19:48:15.2043391Z hint:
Web Tests (3)	UNKNOWN STEP	2026-02-25T19:48:15.2044469Z hint: Disable this message with "git config set advice.defaultBranchName false"
Web Tests (3)	UNKNOWN STEP	2026-02-25T19:48:15.2046352Z Initialized empty Git repository in /home/runner/work/substitution/substitution/.git/
Web Tests (3)	UNKNOWN STEP	2026-02-25T19:48:15.2049543Z [command]/usr/bin/git remote add origin https://github.com/floffel/substitution
Web Tests (3)	UNKNOWN STEP	2026-02-25T19:48:15.2076372Z ##[endgroup]
Web Tests (3)	UNKNOWN STEP	2026-02-25T19:48:15.2078417Z ##[group]Disabling automatic garbage collection
Web Tests (3)	UNKNOWN STEP	2026-02-25T19:48:15.2080365Z [command]/usr/bin/git config --local gc.auto 0
Web Tests (3)	UNKNOWN STEP	2026-02-25T19:48:15.2109826Z ##[endgroup]
Web Tests (3)	UNKNOWN STEP	2026-02-25T19:48:15.2111510Z ##[group]Setting up auth
Web Tests (3)	UNKNOWN STEP	2026-02-25T19:48:15.2115888Z [command]/usr/bin/git config --local --name-only --get-regexp core\.sshCommand
Web Tests (3)	UNKNOWN STEP	2026-02-25T19:48:15.2147683Z [command]/usr/bin/git submodule foreach --recursive sh -c "git config --local --name-only --get-regexp 'core\.sshCommand' && git config --local --unset-all 'core.sshCommand' || :"
Web Tests (3)	UNKNOWN STEP	2026-02-25T19:48:15.2524637Z [command]/usr/bin/git config --local --name-only --get-regexp http\.https\:\/\/github\.com\/\.extraheader
Web Tests (3)	UNKNOWN STEP	2026-02-25T19:48:15.2560047Z [command]/usr/bin/git submodule foreach --recursive sh -c "git config --local --name-only --get-regexp 'http\.https\:\/\/github\.com\/\.extraheader' && git config --local --unset-all 'http.https://github.com/.extraheader' || :"
Web Tests (3)	UNKNOWN STEP	2026-02-25T19:48:15.2799157Z [command]/usr/bin/git config --local --name-only --get-regexp ^includeIf\.gitdir:
Web Tests (3)	UNKNOWN STEP	2026-02-25T19:48:15.2842849Z [command]/usr/bin/git submodule foreach --recursive git config --local --show-origin --name-only --get-regexp remote.origin.url
Web Tests (3)	UNKNOWN STEP	2026-02-25T19:48:15.3091098Z [command]/usr/bin/git config --local http.https://github.com/.extraheader AUTHORIZATION: basic ***
Web Tests (3)	UNKNOWN STEP	2026-02-25T19:48:15.3127949Z ##[endgroup]
Web Tests (3)	UNKNOWN STEP	2026-02-25T19:48:15.3129738Z ##[group]Fetching the repository
Web Tests (3)	UNKNOWN STEP	2026-02-25T19:48:15.3136921Z [command]/usr/bin/git -c protocol.version=2 fetch --no-tags --prune --no-recurse-submodules --depth=1 origin +0408461b08eee1bbe2c516702bd1813b916d3e4c:refs/remotes/pull/1/merge
Web Tests (3)	UNKNOWN STEP	2026-02-25T19:48:16.2323587Z From https://github.com/floffel/substitution
Web Tests (3)	UNKNOWN STEP	2026-02-25T19:48:16.2324454Z  * [new ref]         0408461b08eee1bbe2c516702bd1813b916d3e4c -> pull/1/merge
Web Tests (3)	UNKNOWN STEP	2026-02-25T19:48:16.2357255Z ##[endgroup]
Web Tests (3)	UNKNOWN STEP	2026-02-25T19:48:16.2358501Z ##[group]Determining the checkout info
Web Tests (3)	UNKNOWN STEP	2026-02-25T19:48:16.2360876Z ##[endgroup]
Web Tests (3)	UNKNOWN STEP	2026-02-25T19:48:16.2366502Z [command]/usr/bin/git sparse-checkout disable
Web Tests (3)	UNKNOWN STEP	2026-02-25T19:48:16.2410260Z [command]/usr/bin/git config --local --unset-all extensions.worktreeConfig
Web Tests (3)	UNKNOWN STEP	2026-02-25T19:48:16.2439399Z ##[group]Checking out the ref
Web Tests (3)	UNKNOWN STEP	2026-02-25T19:48:16.2444014Z [command]/usr/bin/git checkout --progress --force refs/remotes/pull/1/merge
Web Tests (3)	UNKNOWN STEP	2026-02-25T19:48:16.5320384Z Note: switching to 'refs/remotes/pull/1/merge'.
Web Tests (3)	UNKNOWN STEP	2026-02-25T19:48:16.5322573Z 
Web Tests (3)	UNKNOWN STEP	2026-02-25T19:48:16.5323428Z You are in 'detached HEAD' state. You can look around, make experimental
Web Tests (3)	UNKNOWN STEP	2026-02-25T19:48:16.5325716Z changes and commit them, and you can discard any commits you make in this
Web Tests (3)	UNKNOWN STEP	2026-02-25T19:48:16.5326929Z state without impacting any branches by switching back to a branch.
Web Tests (3)	UNKNOWN STEP	2026-02-25T19:48:16.5327635Z 
Web Tests (3)	UNKNOWN STEP	2026-02-25T19:48:16.5328310Z If you want to create a new branch to retain commits you create, you may
Web Tests (3)	UNKNOWN STEP	2026-02-25T19:48:16.5329857Z do so (now or later) by using -c with the switch command. Example:
Web Tests (3)	UNKNOWN STEP	2026-02-25T19:48:16.5330471Z 
Web Tests (3)	UNKNOWN STEP	2026-02-25T19:48:16.5330711Z   git switch -c <new-branch-name>
Web Tests (3)	UNKNOWN STEP	2026-02-25T19:48:16.5331095Z 
Web Tests (3)	UNKNOWN STEP	2026-02-25T19:48:16.5331326Z Or undo this operation with:
Web Tests (3)	UNKNOWN STEP	2026-02-25T19:48:16.5331671Z 
Web Tests (3)	UNKNOWN STEP	2026-02-25T19:48:16.5331864Z   git switch -
Web Tests (3)	UNKNOWN STEP	2026-02-25T19:48:16.5332133Z 
Web Tests (3)	UNKNOWN STEP	2026-02-25T19:48:16.5332551Z Turn off this advice by setting config variable advice.detachedHead to false
Web Tests (3)	UNKNOWN STEP	2026-02-25T19:48:16.5333263Z 
Web Tests (3)	UNKNOWN STEP	2026-02-25T19:48:16.5334078Z HEAD is now at 0408461 Merge 86c2f4a4443179a61e99b4f5d2c467a0f9c43a72 into 74cc852017b0f1fdeb37326726f5fee7effe2248
Web Tests (3)	UNKNOWN STEP	2026-02-25T19:48:16.5343224Z ##[endgroup]
Web Tests (3)	UNKNOWN STEP	2026-02-25T19:48:16.5384534Z [command]/usr/bin/git log -1 --format=%H
Web Tests (3)	UNKNOWN STEP	2026-02-25T19:48:16.5408655Z 0408461b08eee1bbe2c516702bd1813b916d3e4c
Web Tests (3)	UNKNOWN STEP	2026-02-25T19:48:16.5820546Z ##[group]Run subosito/flutter-action@v2
Web Tests (3)	UNKNOWN STEP	2026-02-25T19:48:16.5820938Z with:
Web Tests (3)	UNKNOWN STEP	2026-02-25T19:48:16.5821177Z   channel: stable
Web Tests (3)	UNKNOWN STEP	2026-02-25T19:48:16.5821433Z   cache: true
Web Tests (3)	UNKNOWN STEP	2026-02-25T19:48:16.5821695Z   architecture: X64
Web Tests (3)	UNKNOWN STEP	2026-02-25T19:48:16.5821974Z   pub-cache-path: default
Web Tests (3)	UNKNOWN STEP	2026-02-25T19:48:16.5822260Z   dry-run: false
Web Tests (3)	UNKNOWN STEP	2026-02-25T19:48:16.5822598Z   git-source: https://github.com/flutter/flutter.git
Web Tests (3)	UNKNOWN STEP	2026-02-25T19:48:16.5822976Z env:
Web Tests (3)	UNKNOWN STEP	2026-02-25T19:48:16.5823202Z   CACHE_VERSION: v1
Web Tests (3)	UNKNOWN STEP	2026-02-25T19:48:16.5823460Z ##[endgroup]
Web Tests (3)	UNKNOWN STEP	2026-02-25T19:48:16.5933741Z ##[group]Run chmod +x "$GITHUB_ACTION_PATH/setup.sh"
Web Tests (3)	UNKNOWN STEP	2026-02-25T19:48:16.5934255Z [36;1mchmod +x "$GITHUB_ACTION_PATH/setup.sh"[0m
Web Tests (3)	UNKNOWN STEP	2026-02-25T19:48:16.5991898Z shell: /usr/bin/bash --noprofile --norc -e -o pipefail {0}
Web Tests (3)	UNKNOWN STEP	2026-02-25T19:48:16.5992413Z env:
Web Tests (3)	UNKNOWN STEP	2026-02-25T19:48:16.5992700Z   CACHE_VERSION: v1
Web Tests (3)	UNKNOWN STEP	2026-02-25T19:48:16.5993014Z ##[endgroup]
Web Tests (3)	UNKNOWN STEP	2026-02-25T19:48:16.6160635Z ##[group]Run $GITHUB_ACTION_PATH/setup.sh -p \
Web Tests (3)	UNKNOWN STEP	2026-02-25T19:48:16.6161140Z [36;1m$GITHUB_ACTION_PATH/setup.sh -p \[0m
Web Tests (3)	UNKNOWN STEP	2026-02-25T19:48:16.6161511Z [36;1m  -n '' \[0m
Web Tests (3)	UNKNOWN STEP	2026-02-25T19:48:16.6161789Z [36;1m  -f '' \[0m
Web Tests (3)	UNKNOWN STEP	2026-02-25T19:48:16.6162051Z [36;1m  -a 'X64' \[0m
Web Tests (3)	UNKNOWN STEP	2026-02-25T19:48:16.6162340Z [36;1m  -k '' \[0m
Web Tests (3)	UNKNOWN STEP	2026-02-25T19:48:16.6162606Z [36;1m  -c '' \[0m
Web Tests (3)	UNKNOWN STEP	2026-02-25T19:48:16.6162876Z [36;1m  -l '' \[0m
Web Tests (3)	UNKNOWN STEP	2026-02-25T19:48:16.6163148Z [36;1m  -d 'default' \[0m
Web Tests (3)	UNKNOWN STEP	2026-02-25T19:48:16.6163552Z [36;1m  -g 'https://github.com/flutter/flutter.git' \[0m
Web Tests (3)	UNKNOWN STEP	2026-02-25T19:48:16.6163968Z [36;1m  stable[0m
Web Tests (3)	UNKNOWN STEP	2026-02-25T19:48:16.6211901Z shell: /usr/bin/bash --noprofile --norc -e -o pipefail {0}
Web Tests (3)	UNKNOWN STEP	2026-02-25T19:48:16.6212364Z env:
Web Tests (3)	UNKNOWN STEP	2026-02-25T19:48:16.6212631Z   CACHE_VERSION: v1
Web Tests (3)	UNKNOWN STEP	2026-02-25T19:48:16.6212918Z ##[endgroup]
Web Tests (3)	UNKNOWN STEP	2026-02-25T19:48:16.8488359Z ##[group]Run actions/cache@v4
Web Tests (3)	UNKNOWN STEP	2026-02-25T19:48:16.8488723Z with:
Web Tests (3)	UNKNOWN STEP	2026-02-25T19:48:16.8489067Z   path: /opt/hostedtoolcache/flutter/stable-3.41.2-x64
Web Tests (3)	UNKNOWN STEP	2026-02-25T19:48:16.8489661Z   key: flutter-linux-stable-3.41.2-x64-90673a4eef275d1a6692c26ac80d6d746d41a73a
Web Tests (3)	UNKNOWN STEP	2026-02-25T19:48:16.8490195Z   enableCrossOsArchive: false
Web Tests (3)	UNKNOWN STEP	2026-02-25T19:48:16.8490541Z   fail-on-cache-miss: false
Web Tests (3)	UNKNOWN STEP	2026-02-25T19:48:16.8490863Z   lookup-only: false
Web Tests (3)	UNKNOWN STEP	2026-02-25T19:48:16.8491173Z   save-always: false
Web Tests (3)	UNKNOWN STEP	2026-02-25T19:48:16.8491447Z env:
Web Tests (3)	UNKNOWN STEP	2026-02-25T19:48:16.8491704Z   CACHE_VERSION: v1
Web Tests (3)	UNKNOWN STEP	2026-02-25T19:48:16.8491981Z ##[endgroup]
Web Tests (3)	UNKNOWN STEP	2026-02-25T19:48:17.0748853Z Cache hit for: flutter-linux-stable-3.41.2-x64-90673a4eef275d1a6692c26ac80d6d746d41a73a
Web Tests (3)	UNKNOWN STEP	2026-02-25T19:48:18.1240339Z Received 213909504 of 1665993529 (12.8%), 203.0 MBs/sec
Web Tests (3)	UNKNOWN STEP	2026-02-25T19:48:19.1334237Z Received 415236096 of 1665993529 (24.9%), 196.5 MBs/sec
Web Tests (3)	UNKNOWN STEP	2026-02-25T19:48:20.1652735Z Received 671088640 of 1665993529 (40.3%), 210.0 MBs/sec
Web Tests (3)	UNKNOWN STEP	2026-02-25T19:48:21.1645210Z Received 910163968 of 1665993529 (54.6%), 214.4 MBs/sec
Web Tests (3)	UNKNOWN STEP	2026-02-25T19:48:22.1648877Z Received 1107296256 of 1665993529 (66.5%), 209.2 MBs/sec
Web Tests (3)	UNKNOWN STEP	2026-02-25T19:48:23.1652075Z Received 1337982976 of 1665993529 (80.3%), 211.0 MBs/sec
Web Tests (3)	UNKNOWN STEP	2026-02-25T19:48:24.1711941Z Received 1547698176 of 1665993529 (92.9%), 209.4 MBs/sec
Web Tests (3)	UNKNOWN STEP	2026-02-25T19:48:24.7423417Z Received 1665993529 of 1665993529 (100.0%), 208.4 MBs/sec
Web Tests (3)	UNKNOWN STEP	2026-02-25T19:48:24.7425020Z Cache Size: ~1589 MB (1665993529 B)
Web Tests (3)	UNKNOWN STEP	2026-02-25T19:48:24.7539600Z [command]/usr/bin/tar -xf /home/runner/work/_temp/1f373672-339f-451c-9bd8-c9e70102361e/cache.tzst -P -C /home/runner/work/substitution/substitution --use-compress-program unzstd
Web Tests (3)	UNKNOWN STEP	2026-02-25T19:48:29.4651558Z Cache restored successfully
Web Tests (3)	UNKNOWN STEP	2026-02-25T19:48:29.7679532Z Cache restored from key: flutter-linux-stable-3.41.2-x64-90673a4eef275d1a6692c26ac80d6d746d41a73a
Web Tests (3)	UNKNOWN STEP	2026-02-25T19:48:29.8930501Z ##[group]Run actions/cache@v4
Web Tests (3)	UNKNOWN STEP	2026-02-25T19:48:29.8930779Z with:
Web Tests (3)	UNKNOWN STEP	2026-02-25T19:48:29.8931011Z   path: /home/runner/.pub-cache
Web Tests (3)	UNKNOWN STEP	2026-02-25T19:48:29.8931837Z   key: flutter-pub-linux-stable-3.41.2-x64-90673a4eef275d1a6692c26ac80d6d746d41a73a-fabacfc13d2b7e18a7fb2822593662b03764f624bf41fd351cdabec60fb27783
Web Tests (3)	UNKNOWN STEP	2026-02-25T19:48:29.8932659Z   enableCrossOsArchive: false
Web Tests (3)	UNKNOWN STEP	2026-02-25T19:48:29.8933249Z   fail-on-cache-miss: false
Web Tests (3)	UNKNOWN STEP	2026-02-25T19:48:29.8933523Z   lookup-only: false
Web Tests (3)	UNKNOWN STEP	2026-02-25T19:48:29.8933757Z   save-always: false
Web Tests (3)	UNKNOWN STEP	2026-02-25T19:48:29.8933986Z env:
Web Tests (3)	UNKNOWN STEP	2026-02-25T19:48:29.8934179Z   CACHE_VERSION: v1
Web Tests (3)	UNKNOWN STEP	2026-02-25T19:48:29.8934408Z ##[endgroup]
Web Tests (3)	UNKNOWN STEP	2026-02-25T19:48:30.1172178Z Cache hit for: flutter-pub-linux-stable-3.41.2-x64-90673a4eef275d1a6692c26ac80d6d746d41a73a-fabacfc13d2b7e18a7fb2822593662b03764f624bf41fd351cdabec60fb27783
Web Tests (3)	UNKNOWN STEP	2026-02-25T19:48:30.8354473Z Received 133563121 of 133563121 (100.0%), 191.5 MBs/sec
Web Tests (3)	UNKNOWN STEP	2026-02-25T19:48:30.8355410Z Cache Size: ~127 MB (133563121 B)
Web Tests (3)	UNKNOWN STEP	2026-02-25T19:48:30.8387000Z [command]/usr/bin/tar -xf /home/runner/work/_temp/cf7aecc7-359c-4ceb-818c-d59720802aff/cache.tzst -P -C /home/runner/work/substitution/substitution --use-compress-program unzstd
Web Tests (3)	UNKNOWN STEP	2026-02-25T19:48:32.4087022Z Cache restored successfully
Web Tests (3)	UNKNOWN STEP	2026-02-25T19:48:32.4446615Z Cache restored from key: flutter-pub-linux-stable-3.41.2-x64-90673a4eef275d1a6692c26ac80d6d746d41a73a-fabacfc13d2b7e18a7fb2822593662b03764f624bf41fd351cdabec60fb27783
Web Tests (3)	UNKNOWN STEP	2026-02-25T19:48:32.4579879Z ##[group]Run $GITHUB_ACTION_PATH/setup.sh \
Web Tests (3)	UNKNOWN STEP	2026-02-25T19:48:32.4580341Z [36;1m$GITHUB_ACTION_PATH/setup.sh \[0m
Web Tests (3)	UNKNOWN STEP	2026-02-25T19:48:32.4580653Z [36;1m  -n '3.41.2' \[0m
Web Tests (3)	UNKNOWN STEP	2026-02-25T19:48:32.4580919Z [36;1m  -a 'x64' \[0m
Web Tests (3)	UNKNOWN STEP	2026-02-25T19:48:32.4581249Z [36;1m  -c '/opt/hostedtoolcache/flutter/stable-3.41.2-x64' \[0m
Web Tests (3)	UNKNOWN STEP	2026-02-25T19:48:32.4581664Z [36;1m  -d '/home/runner/.pub-cache' \[0m
Web Tests (3)	UNKNOWN STEP	2026-02-25T19:48:32.4581961Z [36;1m  stable[0m
Web Tests (3)	UNKNOWN STEP	2026-02-25T19:48:32.4633468Z shell: /usr/bin/bash --noprofile --norc -e -o pipefail {0}
Web Tests (3)	UNKNOWN STEP	2026-02-25T19:48:32.4633909Z env:
Web Tests (3)	UNKNOWN STEP	2026-02-25T19:48:32.4634138Z   CACHE_VERSION: v1
Web Tests (3)	UNKNOWN STEP	2026-02-25T19:48:32.4634398Z ##[endgroup]
Web Tests (3)	UNKNOWN STEP	2026-02-25T19:48:32.6662602Z ##[group]Run flutter pub get
Web Tests (3)	UNKNOWN STEP	2026-02-25T19:48:32.6662944Z [36;1mflutter pub get[0m
Web Tests (3)	UNKNOWN STEP	2026-02-25T19:48:32.6716697Z shell: /usr/bin/bash -e {0}
Web Tests (3)	UNKNOWN STEP	2026-02-25T19:48:32.6717028Z env:
Web Tests (3)	UNKNOWN STEP	2026-02-25T19:48:32.6717264Z   CACHE_VERSION: v1
Web Tests (3)	UNKNOWN STEP	2026-02-25T19:48:32.6717648Z   FLUTTER_ROOT: /opt/hostedtoolcache/flutter/stable-3.41.2-x64
Web Tests (3)	UNKNOWN STEP	2026-02-25T19:48:32.6718299Z   PUB_CACHE: /home/runner/.pub-cache
Web Tests (3)	UNKNOWN STEP	2026-02-25T19:48:32.6718638Z ##[endgroup]
Web Tests (3)	UNKNOWN STEP	2026-02-25T19:48:33.0098909Z Resolving dependencies...
Web Tests (3)	UNKNOWN STEP	2026-02-25T19:48:33.4005909Z Downloading packages...
Web Tests (3)	UNKNOWN STEP	2026-02-25T19:48:33.4726192Z   _fe_analyzer_shared 91.0.0 (96.0.0 available)
Web Tests (3)	UNKNOWN STEP	2026-02-25T19:48:33.4726719Z   analyzer 8.4.1 (10.2.0 available)
Web Tests (3)	UNKNOWN STEP	2026-02-25T19:48:33.4727257Z > characters 1.4.1 (was 1.4.0)
Web Tests (3)	UNKNOWN STEP	2026-02-25T19:48:33.4727818Z > matcher 0.12.18 (was 0.12.17)
Web Tests (3)	UNKNOWN STEP	2026-02-25T19:48:33.4728475Z > material_color_utilities 0.13.0 (was 0.11.1)
Web Tests (3)	UNKNOWN STEP	2026-02-25T19:48:33.4728931Z   meta 1.17.0 (1.18.1 available)
Web Tests (3)	UNKNOWN STEP	2026-02-25T19:48:33.4729452Z   sqflite_common_ffi 2.3.7+1 (2.4.0+2 available)
Web Tests (3)	UNKNOWN STEP	2026-02-25T19:48:33.4729900Z   sqlite3 2.9.4 (3.1.6 available)
Web Tests (3)	UNKNOWN STEP	2026-02-25T19:48:33.4730287Z > test_api 0.7.9 (was 0.7.7)
Web Tests (3)	UNKNOWN STEP	2026-02-25T19:48:33.4730651Z > test_core 0.6.15 (was 0.6.12)
Web Tests (3)	UNKNOWN STEP	2026-02-25T19:48:33.4731245Z   unorm_dart 0.2.0 (0.3.2 available)
Web Tests (3)	UNKNOWN STEP	2026-02-25T19:48:33.4731719Z   win32 5.15.0 (6.0.0 available)
Web Tests (3)	UNKNOWN STEP	2026-02-25T19:48:33.4732309Z Changed 5 dependencies!
Web Tests (3)	UNKNOWN STEP	2026-02-25T19:48:33.4736653Z 7 packages have newer versions incompatible with dependency constraints.
Web Tests (3)	UNKNOWN STEP	2026-02-25T19:48:33.4737948Z Try `flutter pub outdated` for more information.
Web Tests (3)	UNKNOWN STEP	2026-02-25T19:48:34.1133363Z ##[group]Run flutter config --enable-web
Web Tests (3)	UNKNOWN STEP	2026-02-25T19:48:34.1133770Z [36;1mflutter config --enable-web[0m
Web Tests (3)	UNKNOWN STEP	2026-02-25T19:48:34.1185431Z shell: /usr/bin/bash -e {0}
Web Tests (3)	UNKNOWN STEP	2026-02-25T19:48:34.1185737Z env:
Web Tests (3)	UNKNOWN STEP	2026-02-25T19:48:34.1185971Z   CACHE_VERSION: v1
Web Tests (3)	UNKNOWN STEP	2026-02-25T19:48:34.1186346Z   FLUTTER_ROOT: /opt/hostedtoolcache/flutter/stable-3.41.2-x64
Web Tests (3)	UNKNOWN STEP	2026-02-25T19:48:34.1186807Z   PUB_CACHE: /home/runner/.pub-cache
Web Tests (3)	UNKNOWN STEP	2026-02-25T19:48:34.1187132Z ##[endgroup]
Web Tests (3)	UNKNOWN STEP	2026-02-25T19:48:34.2503037Z Setting "enable-web" value to "true".
Web Tests (3)	UNKNOWN STEP	2026-02-25T19:48:34.2503642Z 
Web Tests (3)	UNKNOWN STEP	2026-02-25T19:48:34.2504125Z You may need to restart any open editors for them to read new settings.
Web Tests (3)	UNKNOWN STEP	2026-02-25T19:48:34.2586627Z ##[group]Run docker compose up -d postgres matrix-synapse redis
Web Tests (3)	UNKNOWN STEP	2026-02-25T19:48:34.2587233Z [36;1mdocker compose up -d postgres matrix-synapse redis[0m
Web Tests (3)	UNKNOWN STEP	2026-02-25T19:48:34.2587634Z [36;1msleep 10[0m
Web Tests (3)	UNKNOWN STEP	2026-02-25T19:48:34.2587894Z [36;1mdocker compose run --rm matrix-init[0m
Web Tests (3)	UNKNOWN STEP	2026-02-25T19:48:34.2588974Z [36;1mtimeout 60 bash -c 'until curl -sf http://localhost:8008/_matrix/client/versions > /dev/null 2>&1; do sleep 2; done'[0m
Web Tests (3)	UNKNOWN STEP	2026-02-25T19:48:34.2641286Z shell: /usr/bin/bash -e {0}
Web Tests (3)	UNKNOWN STEP	2026-02-25T19:48:34.2641618Z env:
Web Tests (3)	UNKNOWN STEP	2026-02-25T19:48:34.2641860Z   CACHE_VERSION: v1
Web Tests (3)	UNKNOWN STEP	2026-02-25T19:48:34.2642249Z   FLUTTER_ROOT: /opt/hostedtoolcache/flutter/stable-3.41.2-x64
Web Tests (3)	UNKNOWN STEP	2026-02-25T19:48:34.2642705Z   PUB_CACHE: /home/runner/.pub-cache
Web Tests (3)	UNKNOWN STEP	2026-02-25T19:48:34.2643038Z ##[endgroup]
Web Tests (3)	UNKNOWN STEP	2026-02-25T19:48:36.9876210Z time="2026-02-25T19:48:36Z" level=warning msg="/home/runner/work/substitution/substitution/docker-compose.yml: the attribute `version` is obsolete, it will be ignored, please remove it to avoid potential confusion"
Web Tests (3)	UNKNOWN STEP	2026-02-25T19:48:37.0247034Z  redis Pulling 
Web Tests (3)	UNKNOWN STEP	2026-02-25T19:48:37.0247480Z  dex Pulling 
Web Tests (3)	UNKNOWN STEP	2026-02-25T19:48:37.0247839Z  postgres Pulling 
Web Tests (3)	UNKNOWN STEP	2026-02-25T19:48:37.0254431Z  matrix-synapse Pulling 
Web Tests (3)	UNKNOWN STEP	2026-02-25T19:48:37.4694012Z  589002ba0eae Pulling fs layer 
Web Tests (3)	UNKNOWN STEP	2026-02-25T19:48:37.4695065Z  5ffb427686b6 Pulling fs layer 
Web Tests (3)	UNKNOWN STEP	2026-02-25T19:48:37.4696069Z  630177b00352 Pulling fs layer 
Web Tests (3)	UNKNOWN STEP	2026-02-25T19:48:37.4697035Z  6c18ff1f33d0 Pulling fs layer 
Web Tests (3)	UNKNOWN STEP	2026-02-25T19:48:37.4697626Z  13e46e455d3b Pulling fs layer 
Web Tests (3)	UNKNOWN STEP	2026-02-25T19:48:37.4698064Z  b4403f29458a Pulling fs layer 
Web Tests (3)	UNKNOWN STEP	2026-02-25T19:48:37.4698680Z  40aaa75af6ce Pulling fs layer 
Web Tests (3)	UNKNOWN STEP	2026-02-25T19:48:37.4698938Z  162bdab1e0a7 Pulling fs layer 
Web Tests (3)	UNKNOWN STEP	2026-02-25T19:48:37.4699341Z  ebff7b0ec73e Pulling fs layer 
Web Tests (3)	UNKNOWN STEP	2026-02-25T19:48:37.4699762Z  c02179436571 Pulling fs layer 
Web Tests (3)	UNKNOWN STEP	2026-02-25T19:48:37.4700111Z  8243369e9866 Pulling fs layer 
Web Tests (3)	UNKNOWN STEP	2026-02-25T19:48:37.4700440Z  6c18ff1f33d0 Waiting 
Web Tests (3)	UNKNOWN STEP	2026-02-25T19:48:37.4700670Z  162bdab1e0a7 Waiting 
Web Tests (3)	UNKNOWN STEP	2026-02-25T19:48:37.4700966Z  13e46e455d3b Waiting 
Web Tests (3)	UNKNOWN STEP	2026-02-25T19:48:37.4701306Z  b4403f29458a Waiting 
Web Tests (3)	UNKNOWN STEP	2026-02-25T19:48:37.4701544Z  40aaa75af6ce Waiting 
Web Tests (3)	UNKNOWN STEP	2026-02-25T19:48:37.4701828Z  ebff7b0ec73e Waiting 
Web Tests (3)	UNKNOWN STEP	2026-02-25T19:48:37.4702211Z  c02179436571 Waiting 
Web Tests (3)	UNKNOWN STEP	2026-02-25T19:48:37.4702502Z  8243369e9866 Waiting 
Web Tests (3)	UNKNOWN STEP	2026-02-25T19:48:37.4760433Z  bc1da058f299 Pulling fs layer 
Web Tests (3)	UNKNOWN STEP	2026-02-25T19:48:37.4761227Z  09a5a0c32a23 Pulling fs layer 
Web Tests (3)	UNKNOWN STEP	2026-02-25T19:48:37.4761682Z  bd53938b1271 Pulling fs layer 
Web Tests (3)	UNKNOWN STEP	2026-02-25T19:48:37.4762103Z  9fe3744a2eac Pulling fs layer 
Web Tests (3)	UNKNOWN STEP	2026-02-25T19:48:37.4762573Z  7ad54b3c4cef Pulling fs layer 
Web Tests (3)	UNKNOWN STEP	2026-02-25T19:48:37.4763061Z  2a97533d89ca Pulling fs layer 
Web Tests (3)	UNKNOWN STEP	2026-02-25T19:48:37.4763495Z  4f4fb700ef54 Pulling fs layer 
Web Tests (3)	UNKNOWN STEP	2026-02-25T19:48:37.4763884Z  1c2c8d1ee428 Pulling fs layer 
Web Tests (3)	UNKNOWN STEP	2026-02-25T19:48:37.4764253Z  bc1da058f299 Waiting 
Web Tests (3)	UNKNOWN STEP	2026-02-25T19:48:37.4764584Z  09a5a0c32a23 Waiting 
Web Tests (3)	UNKNOWN STEP	2026-02-25T19:48:37.4764898Z  bd53938b1271 Waiting 
Web Tests (3)	UNKNOWN STEP	2026-02-25T19:48:37.4765229Z  9fe3744a2eac Waiting 
Web Tests (3)	UNKNOWN STEP	2026-02-25T19:48:37.4765554Z  7ad54b3c4cef Waiting 
Web Tests (3)	UNKNOWN STEP	2026-02-25T19:48:37.4765911Z  2a97533d89ca Waiting 
Web Tests (3)	UNKNOWN STEP	2026-02-25T19:48:37.4766280Z  4f4fb700ef54 Waiting 
Web Tests (3)	UNKNOWN STEP	2026-02-25T19:48:37.4766532Z  1c2c8d1ee428 Waiting 
Web Tests (3)	UNKNOWN STEP	2026-02-25T19:48:37.4962391Z  0c8d55a45c0d Pulling fs layer 
Web Tests (3)	UNKNOWN STEP	2026-02-25T19:48:37.4964725Z  03af238a5946 Pulling fs layer 
Web Tests (3)	UNKNOWN STEP	2026-02-25T19:48:37.4966641Z  686599c79c87 Pulling fs layer 
Web Tests (3)	UNKNOWN STEP	2026-02-25T19:48:37.4967062Z  f1cadbd7abd2 Pulling fs layer 
Web Tests (3)	UNKNOWN STEP	2026-02-25T19:48:37.4967461Z  3ee96ea8e5d2 Pulling fs layer 
Web Tests (3)	UNKNOWN STEP	2026-02-25T19:48:37.4967855Z  a954d256f742 Pulling fs layer 
Web Tests (3)	UNKNOWN STEP	2026-02-25T19:48:37.4968571Z  c7ce85987d6d Pulling fs layer 
Web Tests (3)	UNKNOWN STEP	2026-02-25T19:48:37.4969068Z  7807da78b90b Pulling fs layer 
Web Tests (3)	UNKNOWN STEP	2026-02-25T19:48:37.4969546Z  0478cd5c1079 Pulling fs layer 
Web Tests (3)	UNKNOWN STEP	2026-02-25T19:48:37.4970015Z  3a02ac06be95 Pulling fs layer 
Web Tests (3)	UNKNOWN STEP	2026-02-25T19:48:37.4970518Z  3ee96ea8e5d2 Waiting 
Web Tests (3)	UNKNOWN STEP	2026-02-25T19:48:37.4970902Z  a954d256f742 Waiting 
Web Tests (3)	UNKNOWN STEP	2026-02-25T19:48:37.4971320Z  c7ce85987d6d Waiting 
Web Tests (3)	UNKNOWN STEP	2026-02-25T19:48:37.4971703Z  7807da78b90b Waiting 
Web Tests (3)	UNKNOWN STEP	2026-02-25T19:48:37.4972475Z  0478cd5c1079 Waiting 
Web Tests (3)	UNKNOWN STEP	2026-02-25T19:48:37.4972897Z  3a02ac06be95 Waiting 
Web Tests (3)	UNKNOWN STEP	2026-02-25T19:48:37.4973346Z  0c8d55a45c0d Waiting 
Web Tests (3)	UNKNOWN STEP	2026-02-25T19:48:37.4973763Z  03af238a5946 Waiting 
Web Tests (3)	UNKNOWN STEP	2026-02-25T19:48:37.4974222Z  686599c79c87 Waiting 
Web Tests (3)	UNKNOWN STEP	2026-02-25T19:48:37.4974656Z  f1cadbd7abd2 Waiting 
Web Tests (3)	UNKNOWN STEP	2026-02-25T19:48:37.5496395Z  d25f557d7f31 Pulling fs layer 
Web Tests (3)	UNKNOWN STEP	2026-02-25T19:48:37.5497394Z  9acd5b82521c Pulling fs layer 
Web Tests (3)	UNKNOWN STEP	2026-02-25T19:48:37.5498355Z  10d78728ec4d Pulling fs layer 
Web Tests (3)	UNKNOWN STEP	2026-02-25T19:48:37.5499130Z  e0d49f520b92 Pulling fs layer 
Web Tests (3)	UNKNOWN STEP	2026-02-25T19:48:37.5499737Z  5de905603ac5 Pulling fs layer 
Web Tests (3)	UNKNOWN STEP	2026-02-25T19:48:37.5500244Z  808bb02340fa Pulling fs layer 
Web Tests (3)	UNKNOWN STEP	2026-02-25T19:48:37.5500666Z  c0970b69197c Pulling fs layer 
Web Tests (3)	UNKNOWN STEP	2026-02-25T19:48:37.5501075Z  9de5f206730a Pulling fs layer 
Web Tests (3)	UNKNOWN STEP	2026-02-25T19:48:37.5501477Z  24e28b7dc0a2 Pulling fs layer 
Web Tests (3)	UNKNOWN STEP	2026-02-25T19:48:37.5501886Z  830180cf89a8 Pulling fs layer 
Web Tests (3)	UNKNOWN STEP	2026-02-25T19:48:37.5502433Z  d25f557d7f31 Waiting 
Web Tests (3)	UNKNOWN STEP	2026-02-25T19:48:37.5502829Z  e0d49f520b92 Waiting 
Web Tests (3)	UNKNOWN STEP	2026-02-25T19:48:37.5503198Z  5de905603ac5 Waiting 
Web Tests (3)	UNKNOWN STEP	2026-02-25T19:48:37.5503549Z  9acd5b82521c Waiting 
Web Tests (3)	UNKNOWN STEP	2026-02-25T19:48:37.5503896Z  808bb02340fa Waiting 
Web Tests (3)	UNKNOWN STEP	2026-02-25T19:48:37.5504238Z  10d78728ec4d Waiting 
Web Tests (3)	UNKNOWN STEP	2026-02-25T19:48:37.5504583Z  c0970b69197c Waiting 
Web Tests (3)	UNKNOWN STEP	2026-02-25T19:48:37.5504925Z  24e28b7dc0a2 Waiting 
Web Tests (3)	UNKNOWN STEP	2026-02-25T19:48:37.5505272Z  9de5f206730a Waiting 
Web Tests (3)	UNKNOWN STEP	2026-02-25T19:48:37.5505623Z  830180cf89a8 Waiting 
Web Tests (3)	UNKNOWN STEP	2026-02-25T19:48:37.5660646Z  5ffb427686b6 Downloading [=====================================>             ]     721B/972B
Web Tests (3)	UNKNOWN STEP	2026-02-25T19:48:37.5662244Z  5ffb427686b6 Downloading [==================================================>]     972B/972B
Web Tests (3)	UNKNOWN STEP	2026-02-25T19:48:37.5663327Z  5ffb427686b6 Verifying Checksum 
Web Tests (3)	UNKNOWN STEP	2026-02-25T19:48:37.5663933Z  5ffb427686b6 Download complete 
Web Tests (3)	UNKNOWN STEP	2026-02-25T19:48:37.5835357Z  589002ba0eae Downloading [>                                                  ]  39.49kB/3.862MB
Web Tests (3)	UNKNOWN STEP	2026-02-25T19:48:37.5874996Z  630177b00352 Downloading [>                                                  ]  10.28kB/922.9kB
Web Tests (3)	UNKNOWN STEP	2026-02-25T19:48:37.6131109Z  630177b00352 Verifying Checksum 
Web Tests (3)	UNKNOWN STEP	2026-02-25T19:48:37.6131765Z  630177b00352 Download complete 
Web Tests (3)	UNKNOWN STEP	2026-02-25T19:48:37.6479530Z  6c18ff1f33d0 Downloading [==================================================>]     173B/173B
Web Tests (3)	UNKNOWN STEP	2026-02-25T19:48:37.6480551Z  6c18ff1f33d0 Verifying Checksum 
Web Tests (3)	UNKNOWN STEP	2026-02-25T19:48:37.6481213Z  6c18ff1f33d0 Download complete 
Web Tests (3)	UNKNOWN STEP	2026-02-25T19:48:37.6509986Z  589002ba0eae Verifying Checksum 
Web Tests (3)	UNKNOWN STEP	2026-02-25T19:48:37.6511663Z  589002ba0eae Download complete 
Web Tests (3)	UNKNOWN STEP	2026-02-25T19:48:37.6688804Z  589002ba0eae Extracting [>                                                  ]  65.54kB/3.862MB
Web Tests (3)	UNKNOWN STEP	2026-02-25T19:48:37.6986466Z  13e46e455d3b Downloading [==================================================>]     116B/116B
Web Tests (3)	UNKNOWN STEP	2026-02-25T19:48:37.6987326Z  13e46e455d3b Download complete 
Web Tests (3)	UNKNOWN STEP	2026-02-25T19:48:37.7636157Z  40aaa75af6ce Downloading [===>                                               ]     700B/9.62kB
Web Tests (3)	UNKNOWN STEP	2026-02-25T19:48:37.7637076Z  40aaa75af6ce Downloading [==================================================>]   9.62kB/9.62kB
Web Tests (3)	UNKNOWN STEP	2026-02-25T19:48:37.7637677Z  40aaa75af6ce Verifying Checksum 
Web Tests (3)	UNKNOWN STEP	2026-02-25T19:48:37.7638302Z  40aaa75af6ce Download complete 
Web Tests (3)	UNKNOWN STEP	2026-02-25T19:48:37.7651744Z  589002ba0eae Extracting [==================================================>]  3.862MB/3.862MB
Web Tests (3)	UNKNOWN STEP	2026-02-25T19:48:37.7652997Z  589002ba0eae Extracting [==================================================>]  3.862MB/3.862MB
Web Tests (3)	UNKNOWN STEP	2026-02-25T19:48:37.7854002Z  589002ba0eae Pull complete 
Web Tests (3)	UNKNOWN STEP	2026-02-25T19:48:37.7869586Z  5ffb427686b6 Extracting [==================================================>]     972B/972B
Web Tests (3)	UNKNOWN STEP	2026-02-25T19:48:37.7875910Z  5ffb427686b6 Extracting [==================================================>]     972B/972B
Web Tests (3)	UNKNOWN STEP	2026-02-25T19:48:37.8251878Z  162bdab1e0a7 Downloading [==================================================>]     128B/128B
Web Tests (3)	UNKNOWN STEP	2026-02-25T19:48:37.8253245Z  162bdab1e0a7 Verifying Checksum 
Web Tests (3)	UNKNOWN STEP	2026-02-25T19:48:37.8254772Z  162bdab1e0a7 Download complete 
Web Tests (3)	UNKNOWN STEP	2026-02-25T19:48:37.8345649Z  b4403f29458a Downloading [>                                                  ]  534.7kB/105.2MB
Web Tests (3)	UNKNOWN STEP	2026-02-25T19:48:37.8660598Z  ebff7b0ec73e Downloading [==================================================>]     170B/170B
Web Tests (3)	UNKNOWN STEP	2026-02-25T19:48:37.8661369Z  ebff7b0ec73e Download complete 
Web Tests (3)	UNKNOWN STEP	2026-02-25T19:48:37.9149216Z  c02179436571 Downloading [=====>                                             ]     700B/5.84kB
Web Tests (3)	UNKNOWN STEP	2026-02-25T19:48:37.9150222Z  c02179436571 Downloading [==================================================>]   5.84kB/5.84kB
Web Tests (3)	UNKNOWN STEP	2026-02-25T19:48:37.9150912Z  c02179436571 Verifying Checksum 
Web Tests (3)	UNKNOWN STEP	2026-02-25T19:48:37.9151335Z  c02179436571 Download complete 
Web Tests (3)	UNKNOWN STEP	2026-02-25T19:48:37.9514321Z  8243369e9866 Downloading [==================================================>]     186B/186B
Web Tests (3)	UNKNOWN STEP	2026-02-25T19:48:37.9515392Z  8243369e9866 Verifying Checksum 
Web Tests (3)	UNKNOWN STEP	2026-02-25T19:48:37.9515807Z  8243369e9866 Download complete 
Web Tests (3)	UNKNOWN STEP	2026-02-25T19:48:37.9776719Z  b4403f29458a Downloading [=>                                                 ]  2.123MB/105.2MB
Web Tests (3)	UNKNOWN STEP	2026-02-25T19:48:38.0171950Z  bc1da058f299 Downloading [>                                                  ]  36.79kB/3.644MB
Web Tests (3)	UNKNOWN STEP	2026-02-25T19:48:38.0392190Z  09a5a0c32a23 Downloading [======================================>            ]     721B/948B
Web Tests (3)	UNKNOWN STEP	2026-02-25T19:48:38.0393547Z  09a5a0c32a23 Downloading [==================================================>]     948B/948B
Web Tests (3)	UNKNOWN STEP	2026-02-25T19:48:38.0394441Z  09a5a0c32a23 Verifying Checksum 
Web Tests (3)	UNKNOWN STEP	2026-02-25T19:48:38.0394976Z  09a5a0c32a23 Download complete 
Web Tests (3)	UNKNOWN STEP	2026-02-25T19:48:38.0807135Z  b4403f29458a Downloading [==>                                                ]  5.307MB/105.2MB
Web Tests (3)	UNKNOWN STEP	2026-02-25T19:48:38.1573755Z  bd53938b1271 Downloading [>                                                  ]  2.087kB/173.4kB
Web Tests (3)	UNKNOWN STEP	2026-02-25T19:48:38.1575361Z  bc1da058f299 Downloading [========================================>          ]  2.922MB/3.644MB
Web Tests (3)	UNKNOWN STEP	2026-02-25T19:48:38.1594754Z  bc1da058f299 Verifying Checksum 
Web Tests (3)	UNKNOWN STEP	2026-02-25T19:48:38.1595607Z  bc1da058f299 Download complete 
Web Tests (3)	UNKNOWN STEP	2026-02-25T19:48:38.1604808Z  bc1da058f299 Extracting [>                                                  ]  65.54kB/3.644MB
Web Tests (3)	UNKNOWN STEP	2026-02-25T19:48:38.1680559Z  bd53938b1271 Verifying Checksum 
Web Tests (3)	UNKNOWN STEP	2026-02-25T19:48:38.1681042Z  bd53938b1271 Download complete 
Web Tests (3)	UNKNOWN STEP	2026-02-25T19:48:38.1957284Z  b4403f29458a Downloading [=====>                                             ]  10.64MB/105.2MB
Web Tests (3)	UNKNOWN STEP	2026-02-25T19:48:38.2577194Z  9fe3744a2eac Downloading [>                                                  ]   10.3kB/1.003MB
Web Tests (3)	UNKNOWN STEP	2026-02-25T19:48:38.2636066Z  7ad54b3c4cef Downloading [>                                                  ]  126.4kB/12.41MB
Web Tests (3)	UNKNOWN STEP	2026-02-25T19:48:38.2820624Z  9fe3744a2eac Download complete 
Web Tests (3)	UNKNOWN STEP	2026-02-25T19:48:38.2994853Z  b4403f29458a Downloading [=======>                                           ]  15.43MB/105.2MB
Web Tests (3)	UNKNOWN STEP	2026-02-25T19:48:38.3293755Z  7ad54b3c4cef Verifying Checksum 
Web Tests (3)	UNKNOWN STEP	2026-02-25T19:48:38.3294343Z  7ad54b3c4cef Download complete 
Web Tests (3)	UNKNOWN STEP	2026-02-25T19:48:38.4156047Z  4f4fb700ef54 Downloading [==================================================>]      32B/32B
Web Tests (3)	UNKNOWN STEP	2026-02-25T19:48:38.4162071Z  2a97533d89ca Downloading [==================================================>]     100B/100B
Web Tests (3)	UNKNOWN STEP	2026-02-25T19:48:38.7472532Z  2a97533d89ca Verifying Checksum 
Web Tests (3)	UNKNOWN STEP	2026-02-25T19:48:38.7474183Z  2a97533d89ca Download complete 
Web Tests (3)	UNKNOWN STEP	2026-02-25T19:48:38.7475528Z  4f4fb700ef54 Verifying Checksum 
Web Tests (3)	UNKNOWN STEP	2026-02-25T19:48:38.7476040Z  4f4fb700ef54 Download complete 
Web Tests (3)	UNKNOWN STEP	2026-02-25T19:48:38.7480486Z  b4403f29458a Downloading [=========>                                         ]  20.76MB/105.2MB
Web Tests (3)	UNKNOWN STEP	2026-02-25T19:48:38.7953800Z  bc1da058f299 Extracting [===>                                               ]  262.1kB/3.644MB
Web Tests (3)	UNKNOWN STEP	2026-02-25T19:48:38.8415238Z  1c2c8d1ee428 Downloading [==================================================>]     576B/576B
Web Tests (3)	UNKNOWN STEP	2026-02-25T19:48:38.8419572Z  1c2c8d1ee428 Download complete 
Web Tests (3)	UNKNOWN STEP	2026-02-25T19:48:38.8614416Z  b4403f29458a Downloading [=============>                                     ]  28.75MB/105.2MB
Web Tests (3)	UNKNOWN STEP	2026-02-25T19:48:38.8908614Z  bc1da058f299 Extracting [==================================================>]  3.644MB/3.644MB
Web Tests (3)	UNKNOWN STEP	2026-02-25T19:48:38.8916120Z  bc1da058f299 Extracting [==================================================>]  3.644MB/3.644MB
Web Tests (3)	UNKNOWN STEP	2026-02-25T19:48:38.8920357Z  0c8d55a45c0d Downloading [>                                                  ]  304.1kB/29.78MB
Web Tests (3)	UNKNOWN STEP	2026-02-25T19:48:38.9414952Z  03af238a5946 Downloading [>                                                  ]  13.04kB/1.293MB
Web Tests (3)	UNKNOWN STEP	2026-02-25T19:48:38.9609366Z  bc1da058f299 Pull complete 
Web Tests (3)	UNKNOWN STEP	2026-02-25T19:48:38.9658447Z  09a5a0c32a23 Extracting [==================================================>]     948B/948B
Web Tests (3)	UNKNOWN STEP	2026-02-25T19:48:38.9659216Z  09a5a0c32a23 Extracting [==================================================>]     948B/948B
Web Tests (3)	UNKNOWN STEP	2026-02-25T19:48:38.9995236Z  0c8d55a45c0d Downloading [======>                                            ]  3.686MB/29.78MB
Web Tests (3)	UNKNOWN STEP	2026-02-25T19:48:38.9995927Z  03af238a5946 Verifying Checksum 
Web Tests (3)	UNKNOWN STEP	2026-02-25T19:48:38.9996354Z  03af238a5946 Download complete 
Web Tests (3)	UNKNOWN STEP	2026-02-25T19:48:38.9996969Z  b4403f29458a Downloading [================>                                  ]  35.13MB/105.2MB
Web Tests (3)	UNKNOWN STEP	2026-02-25T19:48:39.1002529Z  b4403f29458a Downloading [===================>                               ]  40.99MB/105.2MB
Web Tests (3)	UNKNOWN STEP	2026-02-25T19:48:39.1003795Z  0c8d55a45c0d Downloading [===========>                                       ]  6.721MB/29.78MB
Web Tests (3)	UNKNOWN STEP	2026-02-25T19:48:39.1047949Z  686599c79c87 Downloading [>                                                  ]  118.9kB/11.8MB
Web Tests (3)	UNKNOWN STEP	2026-02-25T19:48:39.1995544Z  0c8d55a45c0d Downloading [==============>                                    ]  8.846MB/29.78MB
Web Tests (3)	UNKNOWN STEP	2026-02-25T19:48:39.2069359Z  686599c79c87 Downloading [====================>                              ]  4.945MB/11.8MB
Web Tests (3)	UNKNOWN STEP	2026-02-25T19:48:39.2072697Z  b4403f29458a Downloading [======================>                            ]  46.33MB/105.2MB
Web Tests (3)	UNKNOWN STEP	2026-02-25T19:48:39.3135782Z  0c8d55a45c0d Downloading [====================>                              ]  12.19MB/29.78MB
Web Tests (3)	UNKNOWN STEP	2026-02-25T19:48:39.3137926Z  b4403f29458a Downloading [=======================>                           ]  50.05MB/105.2MB
Web Tests (3)	UNKNOWN STEP	2026-02-25T19:48:39.3141982Z  686599c79c87 Downloading [===============================>                   ]  7.518MB/11.8MB
Web Tests (3)	UNKNOWN STEP	2026-02-25T19:48:39.3962587Z  686599c79c87 Verifying Checksum 
Web Tests (3)	UNKNOWN STEP	2026-02-25T19:48:39.3964445Z  686599c79c87 Download complete 
Web Tests (3)	UNKNOWN STEP	2026-02-25T19:48:39.4172063Z  b4403f29458a Downloading [=========================>                         ]  54.33MB/105.2MB
Web Tests (3)	UNKNOWN STEP	2026-02-25T19:48:39.4288668Z  0c8d55a45c0d Downloading [=======================>                           ]  13.71MB/29.78MB
Web Tests (3)	UNKNOWN STEP	2026-02-25T19:48:39.4970879Z  f1cadbd7abd2 Downloading [==================================================>]     252B/252B
Web Tests (3)	UNKNOWN STEP	2026-02-25T19:48:39.4972215Z  f1cadbd7abd2 Verifying Checksum 
Web Tests (3)	UNKNOWN STEP	2026-02-25T19:48:39.4972957Z  f1cadbd7abd2 Download complete 
Web Tests (3)	UNKNOWN STEP	2026-02-25T19:48:39.5246954Z  b4403f29458a Downloading [===========================>                       ]  58.57MB/105.2MB
Web Tests (3)	UNKNOWN STEP	2026-02-25T19:48:39.5821812Z  0c8d55a45c0d Downloading [=========================>                         ]  15.24MB/29.78MB
Web Tests (3)	UNKNOWN STEP	2026-02-25T19:48:39.6132121Z  3ee96ea8e5d2 Downloading [==================================================>]     250B/250B
Web Tests (3)	UNKNOWN STEP	2026-02-25T19:48:39.6132999Z  3ee96ea8e5d2 Verifying Checksum 
Web Tests (3)	UNKNOWN STEP	2026-02-25T19:48:39.6133541Z  3ee96ea8e5d2 Download complete 
Web Tests (3)	UNKNOWN STEP	2026-02-25T19:48:39.6291634Z  b4403f29458a Downloading [=============================>                     ]  62.83MB/105.2MB
Web Tests (3)	UNKNOWN STEP	2026-02-25T19:48:39.6852358Z  0c8d55a45c0d Downloading [==============================>                    ]  18.28MB/29.78MB
Web Tests (3)	UNKNOWN STEP	2026-02-25T19:48:39.7161533Z  a954d256f742 Downloading [>                                                  ]  223.4kB/21.98MB
Web Tests (3)	UNKNOWN STEP	2026-02-25T19:48:39.7467432Z  b4403f29458a Downloading [===============================>                   ]  66.02MB/105.2MB
Web Tests (3)	UNKNOWN STEP	2026-02-25T19:48:39.7878953Z  0c8d55a45c0d Downloading [======================================>            ]  22.91MB/29.78MB
Web Tests (3)	UNKNOWN STEP	2026-02-25T19:48:39.8246429Z  a954d256f742 Downloading [===========>                                       ]  5.054MB/21.98MB
Web Tests (3)	UNKNOWN STEP	2026-02-25T19:48:39.8614053Z  0c8d55a45c0d Verifying Checksum 
Web Tests (3)	UNKNOWN STEP	2026-02-25T19:48:39.8614628Z  0c8d55a45c0d Download complete 
Web Tests (3)	UNKNOWN STEP	2026-02-25T19:48:39.8677684Z  b4403f29458a Downloading [=================================>                 ]  69.76MB/105.2MB
Web Tests (3)	UNKNOWN STEP	2026-02-25T19:48:39.9124620Z  0c8d55a45c0d Extracting [>                                                  ]  327.7kB/29.78MB
Web Tests (3)	UNKNOWN STEP	2026-02-25T19:48:39.9340079Z  a954d256f742 Downloading [=================================>                 ]  14.91MB/21.98MB
Web Tests (3)	UNKNOWN STEP	2026-02-25T19:48:39.9685775Z  c7ce85987d6d Downloading [==>                                                ]     719B/13.29kB
Web Tests (3)	UNKNOWN STEP	2026-02-25T19:48:39.9697405Z  c7ce85987d6d Downloading [==================================================>]  13.29kB/13.29kB
Web Tests (3)	UNKNOWN STEP	2026-02-25T19:48:39.9698724Z  c7ce85987d6d Verifying Checksum 
Web Tests (3)	UNKNOWN STEP	2026-02-25T19:48:39.9700619Z  c7ce85987d6d Download complete 
Web Tests (3)	UNKNOWN STEP	2026-02-25T19:48:39.9959254Z  b4403f29458a Downloading [======================================>            ]  80.39MB/105.2MB
Web Tests (3)	UNKNOWN STEP	2026-02-25T19:48:40.0134975Z  0c8d55a45c0d Extracting [========>                                          ]  4.915MB/29.78MB
Web Tests (3)	UNKNOWN STEP	2026-02-25T19:48:40.0416537Z  a954d256f742 Downloading [=========================================>         ]  18.37MB/21.98MB
Web Tests (3)	UNKNOWN STEP	2026-02-25T19:48:40.0741732Z  7807da78b90b Downloading [>                                                  ]    458kB/45.54MB
Web Tests (3)	UNKNOWN STEP	2026-02-25T19:48:40.0980773Z  b4403f29458a Downloading [=======================================>           ]  84.13MB/105.2MB
Web Tests (3)	UNKNOWN STEP	2026-02-25T19:48:40.1118502Z  a954d256f742 Download complete 
Web Tests (3)	UNKNOWN STEP	2026-02-25T19:48:40.1216295Z  0c8d55a45c0d Extracting [================>                                  ]   9.83MB/29.78MB
Web Tests (3)	UNKNOWN STEP	2026-02-25T19:48:40.1772209Z  7807da78b90b Downloading [===========>                                       ]  10.64MB/45.54MB
Web Tests (3)	UNKNOWN STEP	2026-02-25T19:48:40.1981808Z  b4403f29458a Downloading [=============================================>     ]   95.8MB/105.2MB
Web Tests (3)	UNKNOWN STEP	2026-02-25T19:48:40.2073145Z  0478cd5c1079 Downloading [==========>                                        ]     720B/3.507kB
Web Tests (3)	UNKNOWN STEP	2026-02-25T19:48:40.2077287Z  0478cd5c1079 Downloading [==================================================>]  3.507kB/3.507kB
Web Tests (3)	UNKNOWN STEP	2026-02-25T19:48:40.2077988Z  0478cd5c1079 Verifying Checksum 
Web Tests (3)	UNKNOWN STEP	2026-02-25T19:48:40.2078636Z  0478cd5c1079 Download complete 
Web Tests (3)	UNKNOWN STEP	2026-02-25T19:48:40.2277244Z  0c8d55a45c0d Extracting [====================>                              ]  12.12MB/29.78MB
Web Tests (3)	UNKNOWN STEP	2026-02-25T19:48:40.2778464Z  7807da78b90b Downloading [===========================>                       ]  25.01MB/45.54MB
Web Tests (3)	UNKNOWN STEP	2026-02-25T19:48:40.3095160Z  b4403f29458a Downloading [=================================================> ]  103.8MB/105.2MB
Web Tests (3)	UNKNOWN STEP	2026-02-25T19:48:40.3293254Z  0c8d55a45c0d Extracting [==============================>                    ]  18.35MB/29.78MB
Web Tests (3)	UNKNOWN STEP	2026-02-25T19:48:40.3358631Z  b4403f29458a Verifying Checksum 
Web Tests (3)	UNKNOWN STEP	2026-02-25T19:48:40.3363818Z  b4403f29458a Download complete 
Web Tests (3)	UNKNOWN STEP	2026-02-25T19:48:40.3541229Z  3a02ac06be95 Downloading [==========>                                        ]     720B/3.462kB
Web Tests (3)	UNKNOWN STEP	2026-02-25T19:48:40.3542067Z  3a02ac06be95 Download complete 
Web Tests (3)	UNKNOWN STEP	2026-02-25T19:48:40.3863433Z  7807da78b90b Downloading [==========================================>        ]  38.48MB/45.54MB
Web Tests (3)	UNKNOWN STEP	2026-02-25T19:48:40.4181200Z  d25f557d7f31 Downloading [>                                                  ]  49.15kB/3.622MB
Web Tests (3)	UNKNOWN STEP	2026-02-25T19:48:40.4224909Z  9acd5b82521c Downloading [>                                                  ]  1.378kB/127.5kB
Web Tests (3)	UNKNOWN STEP	2026-02-25T19:48:40.4323544Z  0c8d55a45c0d Extracting [=========================================>         ]  24.58MB/29.78MB
Web Tests (3)	UNKNOWN STEP	2026-02-25T19:48:40.4324403Z  9acd5b82521c Downloading [==================================================>]  127.5kB/127.5kB
Web Tests (3)	UNKNOWN STEP	2026-02-25T19:48:40.4325069Z  9acd5b82521c Verifying Checksum 
Web Tests (3)	UNKNOWN STEP	2026-02-25T19:48:40.4325477Z  9acd5b82521c Download complete 
Web Tests (3)	UNKNOWN STEP	2026-02-25T19:48:40.4490347Z  d25f557d7f31 Download complete 
Web Tests (3)	UNKNOWN STEP	2026-02-25T19:48:40.4507091Z  d25f557d7f31 Extracting [>                                                  ]  65.54kB/3.622MB
Web Tests (3)	UNKNOWN STEP	2026-02-25T19:48:40.4509532Z  7807da78b90b Verifying Checksum 
Web Tests (3)	UNKNOWN STEP	2026-02-25T19:48:40.4513680Z  7807da78b90b Download complete 
Web Tests (3)	UNKNOWN STEP	2026-02-25T19:48:40.4974238Z  10d78728ec4d Downloading [==================================================>]     122B/122B
Web Tests (3)	UNKNOWN STEP	2026-02-25T19:48:40.4974969Z  10d78728ec4d Verifying Checksum 
Web Tests (3)	UNKNOWN STEP	2026-02-25T19:48:40.4975436Z  10d78728ec4d Download complete 
Web Tests (3)	UNKNOWN STEP	2026-02-25T19:48:40.5167169Z  5de905603ac5 Downloading [====>                                              ]  1.378kB/17.03kB
Web Tests (3)	UNKNOWN STEP	2026-02-25T19:48:40.5168269Z  e0d49f520b92 Downloading [==================================================>]     961B/961B
Web Tests (3)	UNKNOWN STEP	2026-02-25T19:48:40.5168931Z  e0d49f520b92 Verifying Checksum 
Web Tests (3)	UNKNOWN STEP	2026-02-25T19:48:40.5169372Z  e0d49f520b92 Download complete 
Web Tests (3)	UNKNOWN STEP	2026-02-25T19:48:40.5170003Z  5de905603ac5 Downloading [==================================================>]  17.03kB/17.03kB
Web Tests (3)	UNKNOWN STEP	2026-02-25T19:48:40.5175934Z  5de905603ac5 Verifying Checksum 
Web Tests (3)	UNKNOWN STEP	2026-02-25T19:48:40.5176633Z  5de905603ac5 Download complete 
Web Tests (3)	UNKNOWN STEP	2026-02-25T19:48:40.5534140Z  d25f557d7f31 Extracting [=============================================>     ]  3.277MB/3.622MB
Web Tests (3)	UNKNOWN STEP	2026-02-25T19:48:40.5637966Z  d25f557d7f31 Extracting [==================================================>]  3.622MB/3.622MB
Web Tests (3)	UNKNOWN STEP	2026-02-25T19:48:40.5733934Z  808bb02340fa Downloading [>                                                  ]  1.378kB/90.98kB
Web Tests (3)	UNKNOWN STEP	2026-02-25T19:48:40.5801229Z  808bb02340fa Downloading [==================================================>]  90.98kB/90.98kB
Web Tests (3)	UNKNOWN STEP	2026-02-25T19:48:40.5803464Z  808bb02340fa Verifying Checksum 
Web Tests (3)	UNKNOWN STEP	2026-02-25T19:48:40.5804659Z  808bb02340fa Download complete 
Web Tests (3)	UNKNOWN STEP	2026-02-25T19:48:40.5926509Z  9de5f206730a Downloading [>                                                  ]  8.268kB/766.3kB
Web Tests (3)	UNKNOWN STEP	2026-02-25T19:48:40.5940024Z  c0970b69197c Downloading [>                                                  ]  162.2kB/14.88MB
Web Tests (3)	UNKNOWN STEP	2026-02-25T19:48:40.6143193Z  9de5f206730a Downloading [==================================================>]  766.3kB/766.3kB
Web Tests (3)	UNKNOWN STEP	2026-02-25T19:48:40.6144094Z  9de5f206730a Verifying Checksum 
Web Tests (3)	UNKNOWN STEP	2026-02-25T19:48:40.6144669Z  9de5f206730a Download complete 
Web Tests (3)	UNKNOWN STEP	2026-02-25T19:48:40.6486188Z  24e28b7dc0a2 Downloading [>                                                  ]  1.378kB/83.13kB
Web Tests (3)	UNKNOWN STEP	2026-02-25T19:48:40.6541671Z  c0970b69197c Verifying Checksum 
Web Tests (3)	UNKNOWN STEP	2026-02-25T19:48:40.6542222Z  c0970b69197c Download complete 
Web Tests (3)	UNKNOWN STEP	2026-02-25T19:48:40.6548232Z  24e28b7dc0a2 Downloading [==================================================>]  83.13kB/83.13kB
Web Tests (3)	UNKNOWN STEP	2026-02-25T19:48:40.6548781Z  24e28b7dc0a2 Download complete 
Web Tests (3)	UNKNOWN STEP	2026-02-25T19:48:40.7986601Z  5ffb427686b6 Pull complete 
Web Tests (3)	UNKNOWN STEP	2026-02-25T19:48:40.8030594Z  630177b00352 Extracting [=>                                                 ]  32.77kB/922.9kB
Web Tests (3)	UNKNOWN STEP	2026-02-25T19:48:40.8313376Z  830180cf89a8 Downloading [>                                                  ]  147.5kB/14.63MB
Web Tests (3)	UNKNOWN STEP	2026-02-25T19:48:40.9523488Z  830180cf89a8 Downloading [======================>                            ]  6.631MB/14.63MB
Web Tests (3)	UNKNOWN STEP	2026-02-25T19:48:40.9790408Z  830180cf89a8 Verifying Checksum 
Web Tests (3)	UNKNOWN STEP	2026-02-25T19:48:40.9791032Z  830180cf89a8 Download complete 
Web Tests (3)	UNKNOWN STEP	2026-02-25T19:48:41.0011350Z  630177b00352 Extracting [==============>                                    ]  262.1kB/922.9kB
Web Tests (3)	UNKNOWN STEP	2026-02-25T19:48:41.0097251Z  d25f557d7f31 Pull complete 
Web Tests (3)	UNKNOWN STEP	2026-02-25T19:48:41.0497184Z  9acd5b82521c Extracting [============>                                      ]  32.77kB/127.5kB
Web Tests (3)	UNKNOWN STEP	2026-02-25T19:48:41.0512758Z  9acd5b82521c Extracting [==================================================>]  127.5kB/127.5kB
Web Tests (3)	UNKNOWN STEP	2026-02-25T19:48:41.0535259Z  0c8d55a45c0d Extracting [============================================>      ]  26.21MB/29.78MB
Web Tests (3)	UNKNOWN STEP	2026-02-25T19:48:41.0698740Z  630177b00352 Extracting [==================================================>]  922.9kB/922.9kB
Web Tests (3)	UNKNOWN STEP	2026-02-25T19:48:41.1502385Z  09a5a0c32a23 Pull complete 
Web Tests (3)	UNKNOWN STEP	2026-02-25T19:48:41.1920578Z  9acd5b82521c Pull complete 
Web Tests (3)	UNKNOWN STEP	2026-02-25T19:48:41.1938356Z  bd53938b1271 Extracting [=========>                                         ]  32.77kB/173.4kB
Web Tests (3)	UNKNOWN STEP	2026-02-25T19:48:41.1954603Z  10d78728ec4d Extracting [==================================================>]     122B/122B
Web Tests (3)	UNKNOWN STEP	2026-02-25T19:48:41.1959692Z  bd53938b1271 Extracting [==================================================>]  173.4kB/173.4kB
Web Tests (3)	UNKNOWN STEP	2026-02-25T19:48:41.1966888Z  10d78728ec4d Extracting [==================================================>]     122B/122B
Web Tests (3)	UNKNOWN STEP	2026-02-25T19:48:41.2095840Z  0c8d55a45c0d Extracting [===============================================>   ]  28.18MB/29.78MB
Web Tests (3)	UNKNOWN STEP	2026-02-25T19:48:41.2112831Z  630177b00352 Pull complete 
Web Tests (3)	UNKNOWN STEP	2026-02-25T19:48:41.2134900Z  6c18ff1f33d0 Extracting [==================================================>]     173B/173B
Web Tests (3)	UNKNOWN STEP	2026-02-25T19:48:41.2137674Z  6c18ff1f33d0 Extracting [==================================================>]     173B/173B
Web Tests (3)	UNKNOWN STEP	2026-02-25T19:48:41.2151399Z  10d78728ec4d Pull complete 
Web Tests (3)	UNKNOWN STEP	2026-02-25T19:48:41.2173764Z  e0d49f520b92 Extracting [==================================================>]     961B/961B
Web Tests (3)	UNKNOWN STEP	2026-02-25T19:48:41.2176336Z  e0d49f520b92 Extracting [==================================================>]     961B/961B
Web Tests (3)	UNKNOWN STEP	2026-02-25T19:48:41.2320426Z  6c18ff1f33d0 Pull complete 
Web Tests (3)	UNKNOWN STEP	2026-02-25T19:48:41.2350668Z  e0d49f520b92 Pull complete 
Web Tests (3)	UNKNOWN STEP	2026-02-25T19:48:41.2368827Z  13e46e455d3b Extracting [==================================================>]     116B/116B
Web Tests (3)	UNKNOWN STEP	2026-02-25T19:48:41.2369740Z  13e46e455d3b Extracting [==================================================>]     116B/116B
Web Tests (3)	UNKNOWN STEP	2026-02-25T19:48:41.2396010Z  5de905603ac5 Extracting [==================================================>]  17.03kB/17.03kB
Web Tests (3)	UNKNOWN STEP	2026-02-25T19:48:41.2397139Z  5de905603ac5 Extracting [==================================================>]  17.03kB/17.03kB
Web Tests (3)	UNKNOWN STEP	2026-02-25T19:48:41.2510087Z  5de905603ac5 Pull complete 
Web Tests (3)	UNKNOWN STEP	2026-02-25T19:48:41.2510880Z  13e46e455d3b Pull complete 
Web Tests (3)	UNKNOWN STEP	2026-02-25T19:48:41.2512733Z  bd53938b1271 Extracting [==================================================>]  173.4kB/173.4kB
Web Tests (3)	UNKNOWN STEP	2026-02-25T19:48:41.2618921Z  808bb02340fa Extracting [==================>                                ]  32.77kB/90.98kB
Web Tests (3)	UNKNOWN STEP	2026-02-25T19:48:41.2765169Z  808bb02340fa Extracting [==================================================>]  90.98kB/90.98kB
Web Tests (3)	UNKNOWN STEP	2026-02-25T19:48:41.2834823Z  b4403f29458a Extracting [>                                                  ]  557.1kB/105.2MB
Web Tests (3)	UNKNOWN STEP	2026-02-25T19:48:41.3023441Z  808bb02340fa Pull complete 
Web Tests (3)	UNKNOWN STEP	2026-02-25T19:48:41.3164101Z  0c8d55a45c0d Extracting [===============================================>   ]  28.51MB/29.78MB
Web Tests (3)	UNKNOWN STEP	2026-02-25T19:48:41.3166762Z  c0970b69197c Extracting [>                                                  ]  163.8kB/14.88MB
Web Tests (3)	UNKNOWN STEP	2026-02-25T19:48:41.3965017Z  b4403f29458a Extracting [>                                                  ]  1.671MB/105.2MB
Web Tests (3)	UNKNOWN STEP	2026-02-25T19:48:41.4104479Z  c0970b69197c Extracting [================>                                  ]  4.915MB/14.88MB
Web Tests (3)	UNKNOWN STEP	2026-02-25T19:48:41.4296013Z  0c8d55a45c0d Extracting [================================================>  ]  28.84MB/29.78MB
Web Tests (3)	UNKNOWN STEP	2026-02-25T19:48:41.4780118Z  bd53938b1271 Pull complete 
Web Tests (3)	UNKNOWN STEP	2026-02-25T19:48:41.4792728Z  9fe3744a2eac Extracting [=>                                                 ]  32.77kB/1.003MB
Web Tests (3)	UNKNOWN STEP	2026-02-25T19:48:41.5031374Z  b4403f29458a Extracting [==>                                                ]  5.571MB/105.2MB
Web Tests (3)	UNKNOWN STEP	2026-02-25T19:48:41.5109222Z  c0970b69197c Extracting [===============================>                   ]  9.503MB/14.88MB
Web Tests (3)	UNKNOWN STEP	2026-02-25T19:48:41.5155832Z  9fe3744a2eac Extracting [==================================================>]  1.003MB/1.003MB
Web Tests (3)	UNKNOWN STEP	2026-02-25T19:48:41.5343906Z  9fe3744a2eac Pull complete 
Web Tests (3)	UNKNOWN STEP	2026-02-25T19:48:41.5386399Z  7ad54b3c4cef Extracting [>                                                  ]  131.1kB/12.41MB
Web Tests (3)	UNKNOWN STEP	2026-02-25T19:48:41.6099393Z  b4403f29458a Extracting [=====>                                             ]  11.14MB/105.2MB
Web Tests (3)	UNKNOWN STEP	2026-02-25T19:48:41.6197226Z  c0970b69197c Extracting [==================================================>]  14.88MB/14.88MB
Web Tests (3)	UNKNOWN STEP	2026-02-25T19:48:41.6411688Z  7ad54b3c4cef Extracting [============>                                      ]  3.015MB/12.41MB
Web Tests (3)	UNKNOWN STEP	2026-02-25T19:48:41.6486335Z  c0970b69197c Pull complete 
Web Tests (3)	UNKNOWN STEP	2026-02-25T19:48:41.6502992Z  9de5f206730a Extracting [==>                                                ]  32.77kB/766.3kB
Web Tests (3)	UNKNOWN STEP	2026-02-25T19:48:41.6543824Z  0c8d55a45c0d Extracting [================================================>  ]  29.16MB/29.78MB
Web Tests (3)	UNKNOWN STEP	2026-02-25T19:48:41.6736836Z  9de5f206730a Extracting [==================================================>]  766.3kB/766.3kB
Web Tests (3)	UNKNOWN STEP	2026-02-25T19:48:41.6741346Z  9de5f206730a Extracting [==================================================>]  766.3kB/766.3kB
Web Tests (3)	UNKNOWN STEP	2026-02-25T19:48:41.6949689Z  9de5f206730a Pull complete 
Web Tests (3)	UNKNOWN STEP	2026-02-25T19:48:41.6974362Z  24e28b7dc0a2 Extracting [===================>                               ]  32.77kB/83.13kB
Web Tests (3)	UNKNOWN STEP	2026-02-25T19:48:41.6976031Z  24e28b7dc0a2 Extracting [==================================================>]  83.13kB/83.13kB
Web Tests (3)	UNKNOWN STEP	2026-02-25T19:48:41.7000056Z  24e28b7dc0a2 Extracting [==================================================>]  83.13kB/83.13kB
Web Tests (3)	UNKNOWN STEP	2026-02-25T19:48:41.7154055Z  b4403f29458a Extracting [=======>                                           ]  16.15MB/105.2MB
Web Tests (3)	UNKNOWN STEP	2026-02-25T19:48:41.7358952Z  24e28b7dc0a2 Pull complete 
Web Tests (3)	UNKNOWN STEP	2026-02-25T19:48:41.7414378Z  7ad54b3c4cef Extracting [=============================>                     ]   7.34MB/12.41MB
Web Tests (3)	UNKNOWN STEP	2026-02-25T19:48:41.7419464Z  830180cf89a8 Extracting [>                                                  ]  163.8kB/14.63MB
Web Tests (3)	UNKNOWN STEP	2026-02-25T19:48:41.8216269Z  b4403f29458a Extracting [==========>                                        ]  21.73MB/105.2MB
Web Tests (3)	UNKNOWN STEP	2026-02-25T19:48:41.8424794Z  830180cf89a8 Extracting [============>                                      ]  3.768MB/14.63MB
Web Tests (3)	UNKNOWN STEP	2026-02-25T19:48:41.8449939Z  7ad54b3c4cef Extracting [================================================>  ]  12.06MB/12.41MB
Web Tests (3)	UNKNOWN STEP	2026-02-25T19:48:41.8550210Z  7ad54b3c4cef Extracting [==================================================>]  12.41MB/12.41MB
Web Tests (3)	UNKNOWN STEP	2026-02-25T19:48:41.8919261Z  7ad54b3c4cef Pull complete 
Web Tests (3)	UNKNOWN STEP	2026-02-25T19:48:41.8928515Z  0c8d55a45c0d Extracting [==================================================>]  29.78MB/29.78MB
Web Tests (3)	UNKNOWN STEP	2026-02-25T19:48:41.8950910Z  2a97533d89ca Extracting [==================================================>]     100B/100B
Web Tests (3)	UNKNOWN STEP	2026-02-25T19:48:41.8961036Z  2a97533d89ca Extracting [==================================================>]     100B/100B
Web Tests (3)	UNKNOWN STEP	2026-02-25T19:48:41.9181663Z  2a97533d89ca Pull complete 
Web Tests (3)	UNKNOWN STEP	2026-02-25T19:48:41.9215686Z  4f4fb700ef54 Extracting [==================================================>]      32B/32B
Web Tests (3)	UNKNOWN STEP	2026-02-25T19:48:41.9221598Z  4f4fb700ef54 Extracting [==================================================>]      32B/32B
Web Tests (3)	UNKNOWN STEP	2026-02-25T19:48:41.9300468Z  b4403f29458a Extracting [============>                                      ]   27.3MB/105.2MB
Web Tests (3)	UNKNOWN STEP	2026-02-25T19:48:41.9315841Z  4f4fb700ef54 Pull complete 
Web Tests (3)	UNKNOWN STEP	2026-02-25T19:48:41.9417030Z  1c2c8d1ee428 Extracting [==================================================>]     576B/576B
Web Tests (3)	UNKNOWN STEP	2026-02-25T19:48:41.9422967Z  1c2c8d1ee428 Extracting [==================================================>]     576B/576B
Web Tests (3)	UNKNOWN STEP	2026-02-25T19:48:41.9438844Z  0c8d55a45c0d Pull complete 
Web Tests (3)	UNKNOWN STEP	2026-02-25T19:48:41.9465775Z  830180cf89a8 Extracting [========================>                          ]  7.209MB/14.63MB
Web Tests (3)	UNKNOWN STEP	2026-02-25T19:48:41.9468654Z  03af238a5946 Extracting [=>                                                 ]  32.77kB/1.293MB
Web Tests (3)	UNKNOWN STEP	2026-02-25T19:48:41.9699052Z  1c2c8d1ee428 Pull complete 
Web Tests (3)	UNKNOWN STEP	2026-02-25T19:48:41.9787981Z  redis Pulled 
Web Tests (3)	UNKNOWN STEP	2026-02-25T19:48:42.0340069Z  b4403f29458a Extracting [===============>                                   ]  33.42MB/105.2MB
Web Tests (3)	UNKNOWN STEP	2026-02-25T19:48:42.0527963Z  03af238a5946 Extracting [=============>                                     ]  360.4kB/1.293MB
Web Tests (3)	UNKNOWN STEP	2026-02-25T19:48:42.0544872Z  830180cf89a8 Extracting [==================================>                ]  10.16MB/14.63MB
Web Tests (3)	UNKNOWN STEP	2026-02-25T19:48:42.1407946Z  830180cf89a8 Extracting [==================================================>]  14.63MB/14.63MB
Web Tests (3)	UNKNOWN STEP	2026-02-25T19:48:42.1437192Z  b4403f29458a Extracting [===================>                               ]  40.67MB/105.2MB
Web Tests (3)	UNKNOWN STEP	2026-02-25T19:48:42.1629237Z  03af238a5946 Extracting [====================================>              ]  950.3kB/1.293MB
Web Tests (3)	UNKNOWN STEP	2026-02-25T19:48:42.1759723Z  03af238a5946 Extracting [==================================================>]  1.293MB/1.293MB
Web Tests (3)	UNKNOWN STEP	2026-02-25T19:48:42.1771309Z  03af238a5946 Extracting [==================================================>]  1.293MB/1.293MB
Web Tests (3)	UNKNOWN STEP	2026-02-25T19:48:42.1777654Z  830180cf89a8 Pull complete 
Web Tests (3)	UNKNOWN STEP	2026-02-25T19:48:42.1869588Z  dex Pulled 
Web Tests (3)	UNKNOWN STEP	2026-02-25T19:48:42.2083235Z  03af238a5946 Pull complete 
Web Tests (3)	UNKNOWN STEP	2026-02-25T19:48:42.2112242Z  686599c79c87 Extracting [>                                                  ]  131.1kB/11.8MB
Web Tests (3)	UNKNOWN STEP	2026-02-25T19:48:42.2464048Z  b4403f29458a Extracting [======================>                            ]  47.91MB/105.2MB
Web Tests (3)	UNKNOWN STEP	2026-02-25T19:48:42.3284902Z  686599c79c87 Extracting [====>                                              ]  1.049MB/11.8MB
Web Tests (3)	UNKNOWN STEP	2026-02-25T19:48:42.3528771Z  b4403f29458a Extracting [========================>                          ]  52.36MB/105.2MB
Web Tests (3)	UNKNOWN STEP	2026-02-25T19:48:42.4341314Z  686599c79c87 Extracting [===============>                                   ]   3.67MB/11.8MB
Web Tests (3)	UNKNOWN STEP	2026-02-25T19:48:42.4589242Z  b4403f29458a Extracting [===========================>                       ]  58.49MB/105.2MB
Web Tests (3)	UNKNOWN STEP	2026-02-25T19:48:42.5373466Z  686599c79c87 Extracting [==========================>                        ]   6.16MB/11.8MB
Web Tests (3)	UNKNOWN STEP	2026-02-25T19:48:42.5673969Z  b4403f29458a Extracting [===============================>                   ]  65.73MB/105.2MB
Web Tests (3)	UNKNOWN STEP	2026-02-25T19:48:42.6393287Z  686599c79c87 Extracting [=====================================>             ]  8.782MB/11.8MB
Web Tests (3)	UNKNOWN STEP	2026-02-25T19:48:42.6727411Z  b4403f29458a Extracting [==================================>                ]  72.97MB/105.2MB
Web Tests (3)	UNKNOWN STEP	2026-02-25T19:48:42.7443621Z  686599c79c87 Extracting [==========================================>        ]  10.09MB/11.8MB
Web Tests (3)	UNKNOWN STEP	2026-02-25T19:48:42.8110081Z  b4403f29458a Extracting [===================================>               ]   75.2MB/105.2MB
Web Tests (3)	UNKNOWN STEP	2026-02-25T19:48:42.8477135Z  686599c79c87 Extracting [==============================================>    ]  10.88MB/11.8MB
Web Tests (3)	UNKNOWN STEP	2026-02-25T19:48:42.9123699Z  b4403f29458a Extracting [====================================>              ]  75.76MB/105.2MB
Web Tests (3)	UNKNOWN STEP	2026-02-25T19:48:42.9237373Z  686599c79c87 Extracting [==================================================>]   11.8MB/11.8MB
Web Tests (3)	UNKNOWN STEP	2026-02-25T19:48:43.0391557Z  b4403f29458a Extracting [====================================>              ]  77.43MB/105.2MB
Web Tests (3)	UNKNOWN STEP	2026-02-25T19:48:43.0701408Z  686599c79c87 Pull complete 
Web Tests (3)	UNKNOWN STEP	2026-02-25T19:48:43.0714042Z  f1cadbd7abd2 Extracting [==================================================>]     252B/252B
Web Tests (3)	UNKNOWN STEP	2026-02-25T19:48:43.0719454Z  f1cadbd7abd2 Extracting [==================================================>]     252B/252B
Web Tests (3)	UNKNOWN STEP	2026-02-25T19:48:43.0901669Z  f1cadbd7abd2 Pull complete 
Web Tests (3)	UNKNOWN STEP	2026-02-25T19:48:43.0912460Z  3ee96ea8e5d2 Extracting [==================================================>]     250B/250B
Web Tests (3)	UNKNOWN STEP	2026-02-25T19:48:43.0918757Z  3ee96ea8e5d2 Extracting [==================================================>]     250B/250B
Web Tests (3)	UNKNOWN STEP	2026-02-25T19:48:43.1034610Z  3ee96ea8e5d2 Pull complete 
Web Tests (3)	UNKNOWN STEP	2026-02-25T19:48:43.1072081Z  a954d256f742 Extracting [>                                                  ]  229.4kB/21.98MB
Web Tests (3)	UNKNOWN STEP	2026-02-25T19:48:43.1572502Z  b4403f29458a Extracting [=====================================>             ]  79.66MB/105.2MB
Web Tests (3)	UNKNOWN STEP	2026-02-25T19:48:43.2149872Z  a954d256f742 Extracting [=====>                                             ]  2.294MB/21.98MB
Web Tests (3)	UNKNOWN STEP	2026-02-25T19:48:43.2693822Z  b4403f29458a Extracting [=======================================>           ]     83MB/105.2MB
Web Tests (3)	UNKNOWN STEP	2026-02-25T19:48:43.3161772Z  a954d256f742 Extracting [==============>                                    ]  6.193MB/21.98MB
Web Tests (3)	UNKNOWN STEP	2026-02-25T19:48:43.3720569Z  b4403f29458a Extracting [========================================>          ]  85.79MB/105.2MB
Web Tests (3)	UNKNOWN STEP	2026-02-25T19:48:43.4177279Z  a954d256f742 Extracting [============================>                      ]  12.39MB/21.98MB
Web Tests (3)	UNKNOWN STEP	2026-02-25T19:48:43.4878002Z  b4403f29458a Extracting [==========================================>        ]  90.24MB/105.2MB
Web Tests (3)	UNKNOWN STEP	2026-02-25T19:48:43.5201561Z  a954d256f742 Extracting [=========================================>         ]  18.35MB/21.98MB
Web Tests (3)	UNKNOWN STEP	2026-02-25T19:48:43.6247549Z  a954d256f742 Extracting [=================================================> ]  21.79MB/21.98MB
Web Tests (3)	UNKNOWN STEP	2026-02-25T19:48:43.6378618Z  b4403f29458a Extracting [===========================================>       ]  92.47MB/105.2MB
Web Tests (3)	UNKNOWN STEP	2026-02-25T19:48:43.6428779Z  a954d256f742 Extracting [==================================================>]  21.98MB/21.98MB
Web Tests (3)	UNKNOWN STEP	2026-02-25T19:48:43.7429423Z  b4403f29458a Extracting [===============================================>   ]  100.8MB/105.2MB
Web Tests (3)	UNKNOWN STEP	2026-02-25T19:48:43.7507759Z  a954d256f742 Pull complete 
Web Tests (3)	UNKNOWN STEP	2026-02-25T19:48:43.7522136Z  c7ce85987d6d Extracting [==================================================>]  13.29kB/13.29kB
Web Tests (3)	UNKNOWN STEP	2026-02-25T19:48:43.7527509Z  c7ce85987d6d Extracting [==================================================>]  13.29kB/13.29kB
Web Tests (3)	UNKNOWN STEP	2026-02-25T19:48:43.7829673Z  c7ce85987d6d Pull complete 
Web Tests (3)	UNKNOWN STEP	2026-02-25T19:48:43.8095066Z  7807da78b90b Extracting [>                                                  ]  458.8kB/45.54MB
Web Tests (3)	UNKNOWN STEP	2026-02-25T19:48:43.8249616Z  b4403f29458a Extracting [==================================================>]  105.2MB/105.2MB
Web Tests (3)	UNKNOWN STEP	2026-02-25T19:48:43.9671726Z  7807da78b90b Extracting [===>                                               ]  2.753MB/45.54MB
Web Tests (3)	UNKNOWN STEP	2026-02-25T19:48:43.9895208Z  b4403f29458a Pull complete 
Web Tests (3)	UNKNOWN STEP	2026-02-25T19:48:43.9908688Z  40aaa75af6ce Extracting [==================================================>]   9.62kB/9.62kB
Web Tests (3)	UNKNOWN STEP	2026-02-25T19:48:43.9913748Z  40aaa75af6ce Extracting [==================================================>]   9.62kB/9.62kB
Web Tests (3)	UNKNOWN STEP	2026-02-25T19:48:44.0020684Z  40aaa75af6ce Pull complete 
Web Tests (3)	UNKNOWN STEP	2026-02-25T19:48:44.0030981Z  162bdab1e0a7 Extracting [==================================================>]     128B/128B
Web Tests (3)	UNKNOWN STEP	2026-02-25T19:48:44.0038039Z  162bdab1e0a7 Extracting [==================================================>]     128B/128B
Web Tests (3)	UNKNOWN STEP	2026-02-25T19:48:44.0123571Z  162bdab1e0a7 Pull complete 
Web Tests (3)	UNKNOWN STEP	2026-02-25T19:48:44.0136756Z  ebff7b0ec73e Extracting [==================================================>]     170B/170B
Web Tests (3)	UNKNOWN STEP	2026-02-25T19:48:44.0141594Z  ebff7b0ec73e Extracting [==================================================>]     170B/170B
Web Tests (3)	UNKNOWN STEP	2026-02-25T19:48:44.0246678Z  ebff7b0ec73e Pull complete 
Web Tests (3)	UNKNOWN STEP	2026-02-25T19:48:44.0259623Z  c02179436571 Extracting [==================================================>]   5.84kB/5.84kB
Web Tests (3)	UNKNOWN STEP	2026-02-25T19:48:44.0263646Z  c02179436571 Extracting [==================================================>]   5.84kB/5.84kB
Web Tests (3)	UNKNOWN STEP	2026-02-25T19:48:44.0362411Z  c02179436571 Pull complete 
Web Tests (3)	UNKNOWN STEP	2026-02-25T19:48:44.0372282Z  8243369e9866 Extracting [==================================================>]     186B/186B
Web Tests (3)	UNKNOWN STEP	2026-02-25T19:48:44.0376414Z  8243369e9866 Extracting [==================================================>]     186B/186B
Web Tests (3)	UNKNOWN STEP	2026-02-25T19:48:44.0495313Z  8243369e9866 Pull complete 
Web Tests (3)	UNKNOWN STEP	2026-02-25T19:48:44.0568539Z  postgres Pulled 
Web Tests (3)	UNKNOWN STEP	2026-02-25T19:48:44.0676332Z  7807da78b90b Extracting [=====>                                             ]  5.046MB/45.54MB
Web Tests (3)	UNKNOWN STEP	2026-02-25T19:48:44.1794037Z  7807da78b90b Extracting [=========>                                         ]  8.716MB/45.54MB
Web Tests (3)	UNKNOWN STEP	2026-02-25T19:48:44.2833425Z  7807da78b90b Extracting [===========>                                       ]  10.55MB/45.54MB
Web Tests (3)	UNKNOWN STEP	2026-02-25T19:48:44.3906648Z  7807da78b90b Extracting [=================>                                 ]   15.6MB/45.54MB
Web Tests (3)	UNKNOWN STEP	2026-02-25T19:48:44.5697242Z  7807da78b90b Extracting [=====================>                             ]  19.27MB/45.54MB
Web Tests (3)	UNKNOWN STEP	2026-02-25T19:48:44.7204056Z  7807da78b90b Extracting [=======================>                           ]  21.56MB/45.54MB
Web Tests (3)	UNKNOWN STEP	2026-02-25T19:48:44.8662421Z  7807da78b90b Extracting [==============================>                    ]  27.53MB/45.54MB
Web Tests (3)	UNKNOWN STEP	2026-02-25T19:48:45.1257724Z  7807da78b90b Extracting [=================================>                 ]  30.74MB/45.54MB
Web Tests (3)	UNKNOWN STEP	2026-02-25T19:48:45.2906057Z  7807da78b90b Extracting [===================================>               ]  32.11MB/45.54MB
Web Tests (3)	UNKNOWN STEP	2026-02-25T19:48:45.4140913Z  7807da78b90b Extracting [====================================>              ]  33.03MB/45.54MB
Web Tests (3)	UNKNOWN STEP	2026-02-25T19:48:45.5535437Z  7807da78b90b Extracting [=====================================>             ]  34.41MB/45.54MB
Web Tests (3)	UNKNOWN STEP	2026-02-25T19:48:45.6934829Z  7807da78b90b Extracting [======================================>            ]  34.87MB/45.54MB
Web Tests (3)	UNKNOWN STEP	2026-02-25T19:48:45.8045699Z  7807da78b90b Extracting [============================================>      ]  40.83MB/45.54MB
Web Tests (3)	UNKNOWN STEP	2026-02-25T19:48:45.9453426Z  7807da78b90b Extracting [==============================================>    ]  42.21MB/45.54MB
Web Tests (3)	UNKNOWN STEP	2026-02-25T19:48:46.0806999Z  7807da78b90b Extracting [===============================================>   ]  43.58MB/45.54MB
Web Tests (3)	UNKNOWN STEP	2026-02-25T19:48:46.1842173Z  7807da78b90b Extracting [=================================================> ]  44.96MB/45.54MB
Web Tests (3)	UNKNOWN STEP	2026-02-25T19:48:46.1988526Z  7807da78b90b Extracting [==================================================>]  45.54MB/45.54MB
Web Tests (3)	UNKNOWN STEP	2026-02-25T19:48:46.4079871Z  7807da78b90b Pull complete 
Web Tests (3)	UNKNOWN STEP	2026-02-25T19:48:46.4090357Z  0478cd5c1079 Extracting [==================================================>]  3.507kB/3.507kB
Web Tests (3)	UNKNOWN STEP	2026-02-25T19:48:46.4096111Z  0478cd5c1079 Extracting [==================================================>]  3.507kB/3.507kB
Web Tests (3)	UNKNOWN STEP	2026-02-25T19:48:46.4164166Z  0478cd5c1079 Pull complete 
Web Tests (3)	UNKNOWN STEP	2026-02-25T19:48:46.4176525Z  3a02ac06be95 Extracting [==================================================>]  3.462kB/3.462kB
Web Tests (3)	UNKNOWN STEP	2026-02-25T19:48:46.4180147Z  3a02ac06be95 Extracting [==================================================>]  3.462kB/3.462kB
Web Tests (3)	UNKNOWN STEP	2026-02-25T19:48:46.4255555Z  3a02ac06be95 Pull complete 
Web Tests (3)	UNKNOWN STEP	2026-02-25T19:48:46.4311166Z  matrix-synapse Pulled 
Web Tests (3)	UNKNOWN STEP	2026-02-25T19:48:46.4342740Z  Network substitution_substitution_network  Creating
Web Tests (3)	UNKNOWN STEP	2026-02-25T19:48:46.4725682Z  Network substitution_substitution_network  Created
Web Tests (3)	UNKNOWN STEP	2026-02-25T19:48:46.4730792Z  Container substitution-dex-1  Creating
Web Tests (3)	UNKNOWN STEP	2026-02-25T19:48:46.4731627Z  Container substitution-postgres-1  Creating
Web Tests (3)	UNKNOWN STEP	2026-02-25T19:48:46.4732463Z  Container substitution-redis-1  Creating
Web Tests (3)	UNKNOWN STEP	2026-02-25T19:48:46.5070370Z  Container substitution-postgres-1  Created
Web Tests (3)	UNKNOWN STEP	2026-02-25T19:48:46.5071451Z  Container substitution-redis-1  Created
Web Tests (3)	UNKNOWN STEP	2026-02-25T19:48:46.5077095Z  Container substitution-dex-1  Created
Web Tests (3)	UNKNOWN STEP	2026-02-25T19:48:46.5077902Z  Container substitution-matrix-synapse-1  Creating
Web Tests (3)	UNKNOWN STEP	2026-02-25T19:48:46.5234848Z  Container substitution-matrix-synapse-1  Created
Web Tests (3)	UNKNOWN STEP	2026-02-25T19:48:46.5246889Z  Container substitution-dex-1  Starting
Web Tests (3)	UNKNOWN STEP	2026-02-25T19:48:46.5247472Z  Container substitution-postgres-1  Starting
Web Tests (3)	UNKNOWN STEP	2026-02-25T19:48:46.5251729Z  Container substitution-redis-1  Starting
Web Tests (3)	UNKNOWN STEP	2026-02-25T19:48:47.3970415Z  Container substitution-postgres-1  Started
Web Tests (3)	UNKNOWN STEP	2026-02-25T19:48:47.4002693Z  Container substitution-dex-1  Started
Web Tests (3)	UNKNOWN STEP	2026-02-25T19:48:47.4004138Z  Container substitution-dex-1  Waiting
Web Tests (3)	UNKNOWN STEP	2026-02-25T19:48:47.4005400Z  Container substitution-postgres-1  Waiting
Web Tests (3)	UNKNOWN STEP	2026-02-25T19:48:47.4177858Z  Container substitution-redis-1  Started
Web Tests (3)	UNKNOWN STEP	2026-02-25T19:48:52.9019005Z  Container substitution-dex-1  Healthy
Web Tests (3)	UNKNOWN STEP	2026-02-25T19:48:57.9016124Z  Container substitution-postgres-1  Healthy
Web Tests (3)	UNKNOWN STEP	2026-02-25T19:48:57.9017261Z  Container substitution-matrix-synapse-1  Starting
Web Tests (3)	UNKNOWN STEP	2026-02-25T19:48:58.0568590Z  Container substitution-matrix-synapse-1  Started
Web Tests (3)	UNKNOWN STEP	2026-02-25T19:49:08.1512207Z time="2026-02-25T19:49:08Z" level=warning msg="/home/runner/work/substitution/substitution/docker-compose.yml: the attribute `version` is obsolete, it will be ignored, please remove it to avoid potential confusion"
Web Tests (3)	UNKNOWN STEP	2026-02-25T19:49:08.1605175Z  Container substitution-dex-1  Running
Web Tests (3)	UNKNOWN STEP	2026-02-25T19:49:08.1605812Z  Container substitution-postgres-1  Running
Web Tests (3)	UNKNOWN STEP	2026-02-25T19:49:08.1606433Z  Container substitution-matrix-synapse-1  Running
Web Tests (3)	UNKNOWN STEP	2026-02-25T19:49:08.1606999Z  Container substitution-dex-1  Waiting
Web Tests (3)	UNKNOWN STEP	2026-02-25T19:49:08.1607518Z  Container substitution-postgres-1  Waiting
Web Tests (3)	UNKNOWN STEP	2026-02-25T19:49:08.6621249Z  Container substitution-postgres-1  Healthy
Web Tests (3)	UNKNOWN STEP	2026-02-25T19:49:08.6624357Z  Container substitution-dex-1  Healthy
Web Tests (3)	UNKNOWN STEP	2026-02-25T19:49:08.6640400Z  matrix-init Pulling 
Web Tests (3)	UNKNOWN STEP	2026-02-25T19:49:08.9733428Z  589002ba0eae Already exists 
Web Tests (3)	UNKNOWN STEP	2026-02-25T19:49:08.9745746Z  aca07fe076f1 Pulling fs layer 
Web Tests (3)	UNKNOWN STEP	2026-02-25T19:49:08.9747033Z  6dafe251d313 Pulling fs layer 
Web Tests (3)	UNKNOWN STEP	2026-02-25T19:49:08.9749761Z  fa340e77c336 Pulling fs layer 
Web Tests (3)	UNKNOWN STEP	2026-02-25T19:49:09.0767611Z  fa340e77c336 Downloading [==================================================>]     247B/247B
Web Tests (3)	UNKNOWN STEP	2026-02-25T19:49:09.0768990Z  fa340e77c336 Verifying Checksum 
Web Tests (3)	UNKNOWN STEP	2026-02-25T19:49:09.0769461Z  fa340e77c336 Download complete 
Web Tests (3)	UNKNOWN STEP	2026-02-25T19:49:09.1054080Z  6dafe251d313 Downloading [>                                                  ]  164.4kB/16.02MB
Web Tests (3)	UNKNOWN STEP	2026-02-25T19:49:09.1085986Z  aca07fe076f1 Downloading [>                                                  ]  4.824kB/460.9kB
Web Tests (3)	UNKNOWN STEP	2026-02-25T19:49:09.1289586Z  aca07fe076f1 Downloading [==================================================>]  460.9kB/460.9kB
Web Tests (3)	UNKNOWN STEP	2026-02-25T19:49:09.1290606Z  aca07fe076f1 Verifying Checksum 
Web Tests (3)	UNKNOWN STEP	2026-02-25T19:49:09.1291281Z  aca07fe076f1 Download complete 
Web Tests (3)	UNKNOWN STEP	2026-02-25T19:49:09.1292230Z  aca07fe076f1 Extracting [===>                                               ]  32.77kB/460.9kB
Web Tests (3)	UNKNOWN STEP	2026-02-25T19:49:09.2261965Z  6dafe251d313 Downloading [=============================>                     ]  9.517MB/16.02MB
Web Tests (3)	UNKNOWN STEP	2026-02-25T19:49:09.2470770Z  aca07fe076f1 Extracting [==================================================>]  460.9kB/460.9kB
Web Tests (3)	UNKNOWN STEP	2026-02-25T19:49:09.2841468Z  6dafe251d313 Verifying Checksum 
Web Tests (3)	UNKNOWN STEP	2026-02-25T19:49:09.3976177Z  6dafe251d313 Download complete 
Web Tests (3)	UNKNOWN STEP	2026-02-25T19:49:09.3976749Z  aca07fe076f1 Pull complete 
Web Tests (3)	UNKNOWN STEP	2026-02-25T19:49:09.3999036Z  6dafe251d313 Extracting [>                                                  ]  163.8kB/16.02MB
Web Tests (3)	UNKNOWN STEP	2026-02-25T19:49:09.5081431Z  6dafe251d313 Extracting [=========>                                         ]  2.949MB/16.02MB
Web Tests (3)	UNKNOWN STEP	2026-02-25T19:49:09.6173509Z  6dafe251d313 Extracting [=================>                                 ]  5.734MB/16.02MB
Web Tests (3)	UNKNOWN STEP	2026-02-25T19:49:09.7217866Z  6dafe251d313 Extracting [=================================>                 ]  10.81MB/16.02MB
Web Tests (3)	UNKNOWN STEP	2026-02-25T19:49:09.8393883Z  6dafe251d313 Extracting [========================================>          ]  12.94MB/16.02MB
Web Tests (3)	UNKNOWN STEP	2026-02-25T19:49:09.9396751Z  6dafe251d313 Extracting [=============================================>     ]  14.42MB/16.02MB
Web Tests (3)	UNKNOWN STEP	2026-02-25T19:49:10.0485560Z  6dafe251d313 Extracting [===============================================>   ]  15.24MB/16.02MB
Web Tests (3)	UNKNOWN STEP	2026-02-25T19:49:10.1169340Z  6dafe251d313 Extracting [==================================================>]  16.02MB/16.02MB
Web Tests (3)	UNKNOWN STEP	2026-02-25T19:49:10.1883767Z  6dafe251d313 Pull complete 
Web Tests (3)	UNKNOWN STEP	2026-02-25T19:49:10.1895697Z  fa340e77c336 Extracting [==================================================>]     247B/247B
Web Tests (3)	UNKNOWN STEP	2026-02-25T19:49:10.1900201Z  fa340e77c336 Extracting [==================================================>]     247B/247B
Web Tests (3)	UNKNOWN STEP	2026-02-25T19:49:10.2019054Z  fa340e77c336 Pull complete 
Web Tests (3)	UNKNOWN STEP	2026-02-25T19:49:10.2074023Z  matrix-init Pulled 
Web Tests (3)	UNKNOWN STEP	2026-02-25T19:49:12.9838540Z Collecting requests
Web Tests (3)	UNKNOWN STEP	2026-02-25T19:49:13.0189012Z   Downloading requests-2.32.5-py3-none-any.whl.metadata (4.9 kB)
Web Tests (3)	UNKNOWN STEP	2026-02-25T19:49:13.1496891Z Collecting charset_normalizer<4,>=2 (from requests)
Web Tests (3)	UNKNOWN STEP	2026-02-25T19:49:13.1574490Z   Downloading charset_normalizer-3.4.4-cp311-cp311-musllinux_1_2_x86_64.whl.metadata (37 kB)
Web Tests (3)	UNKNOWN STEP	2026-02-25T19:49:13.1925627Z Collecting idna<4,>=2.5 (from requests)
Web Tests (3)	UNKNOWN STEP	2026-02-25T19:49:13.2004066Z   Downloading idna-3.11-py3-none-any.whl.metadata (8.4 kB)
Web Tests (3)	UNKNOWN STEP	2026-02-25T19:49:13.2568932Z Collecting urllib3<3,>=1.21.1 (from requests)
Web Tests (3)	UNKNOWN STEP	2026-02-25T19:49:13.2642061Z   Downloading urllib3-2.6.3-py3-none-any.whl.metadata (6.9 kB)
Web Tests (3)	UNKNOWN STEP	2026-02-25T19:49:13.2974178Z Collecting certifi>=2017.4.17 (from requests)
Web Tests (3)	UNKNOWN STEP	2026-02-25T19:49:13.3052344Z   Downloading certifi-2026.2.25-py3-none-any.whl.metadata (2.5 kB)
Web Tests (3)	UNKNOWN STEP	2026-02-25T19:49:13.3291897Z Downloading requests-2.32.5-py3-none-any.whl (64 kB)
Web Tests (3)	UNKNOWN STEP	2026-02-25T19:49:13.3349818Z    ━━━━━━━━━━━━━━━━━━━━━━━━━━━━━━━━━━━━━━━━ 64.7/64.7 kB 19.0 MB/s eta 0:00:00
Web Tests (3)	UNKNOWN STEP	2026-02-25T19:49:13.3425761Z Downloading certifi-2026.2.25-py3-none-any.whl (153 kB)
Web Tests (3)	UNKNOWN STEP	2026-02-25T19:49:13.3514413Z    ━━━━━━━━━━━━━━━━━━━━━━━━━━━━━━━━━━━━━━━━ 153.7/153.7 kB 22.2 MB/s eta 0:00:00
Web Tests (3)	UNKNOWN STEP	2026-02-25T19:49:13.3587370Z Downloading charset_normalizer-3.4.4-cp311-cp311-musllinux_1_2_x86_64.whl (152 kB)
Web Tests (3)	UNKNOWN STEP	2026-02-25T19:49:13.3640263Z    ━━━━━━━━━━━━━━━━━━━━━━━━━━━━━━━━━━━━━━━━ 153.0/153.0 kB 45.7 MB/s eta 0:00:00
Web Tests (3)	UNKNOWN STEP	2026-02-25T19:49:13.3710319Z Downloading idna-3.11-py3-none-any.whl (71 kB)
Web Tests (3)	UNKNOWN STEP	2026-02-25T19:49:13.3755884Z    ━━━━━━━━━━━━━━━━━━━━━━━━━━━━━━━━━━━━━━━━ 71.0/71.0 kB 24.6 MB/s eta 0:00:00
Web Tests (3)	UNKNOWN STEP	2026-02-25T19:49:13.3830325Z Downloading urllib3-2.6.3-py3-none-any.whl (131 kB)
Web Tests (3)	UNKNOWN STEP	2026-02-25T19:49:13.3881630Z    ━━━━━━━━━━━━━━━━━━━━━━━━━━━━━━━━━━━━━━━━ 131.6/131.6 kB 42.3 MB/s eta 0:00:00
Web Tests (3)	UNKNOWN STEP	2026-02-25T19:49:13.4590869Z Installing collected packages: urllib3, idna, charset_normalizer, certifi, requests
Web Tests (3)	UNKNOWN STEP	2026-02-25T19:49:13.7946609Z Successfully installed certifi-2026.2.25 charset_normalizer-3.4.4 idna-3.11 requests-2.32.5 urllib3-2.6.3
Web Tests (3)	UNKNOWN STEP	2026-02-25T19:49:13.7949721Z WARNING: Running pip as the 'root' user can result in broken permissions and conflicting behaviour with the system package manager. It is recommended to use a virtual environment instead: https://pip.pypa.io/warnings/venv
Web Tests (3)	UNKNOWN STEP	2026-02-25T19:49:13.8893639Z 
Web Tests (3)	UNKNOWN STEP	2026-02-25T19:49:13.8894191Z [notice] A new release of pip is available: 24.0 -> 26.0.1
Web Tests (3)	UNKNOWN STEP	2026-02-25T19:49:13.8894920Z [notice] To update, run: pip install --upgrade pip
Web Tests (3)	UNKNOWN STEP	2026-02-25T19:49:20.9320686Z Initializing Matrix Synapse test server...
Web Tests (3)	UNKNOWN STEP	2026-02-25T19:49:20.9321115Z 
Web Tests (3)	UNKNOWN STEP	2026-02-25T19:49:20.9321736Z ✓ Synapse server is ready
Web Tests (3)	UNKNOWN STEP	2026-02-25T19:49:20.9322004Z 
Web Tests (3)	UNKNOWN STEP	2026-02-25T19:49:20.9322325Z Creating test users...
Web Tests (3)	UNKNOWN STEP	2026-02-25T19:49:20.9322659Z ✓ Created user: testuser1
Web Tests (3)	UNKNOWN STEP	2026-02-25T19:49:20.9322950Z ✓ Created user: testuser2
Web Tests (3)	UNKNOWN STEP	2026-02-25T19:49:20.9323235Z ✓ Created admin user: testadmin
Web Tests (3)	UNKNOWN STEP	2026-02-25T19:49:20.9323408Z 
Web Tests (3)	UNKNOWN STEP	2026-02-25T19:49:20.9323558Z Creating test rooms and populating with data...
Web Tests (3)	UNKNOWN STEP	2026-02-25T19:49:20.9324023Z ✓ Logged in user: @testadmin:test.matrix.local
Web Tests (3)	UNKNOWN STEP	2026-02-25T19:49:20.9324379Z ✓ Admin token acquired
Web Tests (3)	UNKNOWN STEP	2026-02-25T19:49:20.9324704Z ✓ Logged in user: @testuser1:test.matrix.local
Web Tests (3)	UNKNOWN STEP	2026-02-25T19:49:20.9325193Z ✓ Created room: test_general (!xoGPSiIBleqXDUireT:test.matrix.local)
Web Tests (3)	UNKNOWN STEP	2026-02-25T19:49:20.9325683Z ✓ Logged in user: @testuser2:test.matrix.local
Web Tests (3)	UNKNOWN STEP	2026-02-25T19:49:20.9326056Z   ✓ User testuser2 joined room
Web Tests (3)	UNKNOWN STEP	2026-02-25T19:49:20.9326395Z ✓ Logged in user: @testadmin:test.matrix.local
Web Tests (3)	UNKNOWN STEP	2026-02-25T19:49:20.9326732Z   ✓ User testadmin joined room
Web Tests (3)	UNKNOWN STEP	2026-02-25T19:49:20.9327030Z   ✓ Published room to directory
Web Tests (3)	UNKNOWN STEP	2026-02-25T19:49:20.9327331Z   ✓ Posted 5 messages to room
Web Tests (3)	UNKNOWN STEP	2026-02-25T19:49:20.9327629Z   Seeding media messages (image, video, audio)...
Web Tests (3)	UNKNOWN STEP	2026-02-25T19:49:20.9328434Z   ✓ Uploaded media 'test_image.png': mxc://test.matrix.local/yQNOmZmuUnlVZxWUWLSZcapc
Web Tests (3)	UNKNOWN STEP	2026-02-25T19:49:20.9328968Z   ✓ Posted m.image message to room
Web Tests (3)	UNKNOWN STEP	2026-02-25T19:49:20.9329476Z   ✓ Uploaded media 'test_video.mp4': mxc://test.matrix.local/bDHitkCkshTdjufIJWicRrbz
Web Tests (3)	UNKNOWN STEP	2026-02-25T19:49:20.9329983Z   ✓ Posted m.video message to room
Web Tests (3)	UNKNOWN STEP	2026-02-25T19:49:20.9330473Z   ✓ Uploaded media 'test_audio.mp3': mxc://test.matrix.local/nwTojJvhGiblSpFUUpXEoLwd
Web Tests (3)	UNKNOWN STEP	2026-02-25T19:49:20.9330966Z   ✓ Posted m.audio message to room
Web Tests (3)	UNKNOWN STEP	2026-02-25T19:49:20.9331393Z ✓ Created room: test_photos (!UpORmoRpeOkmiGzmgJ:test.matrix.local)
Web Tests (3)	UNKNOWN STEP	2026-02-25T19:49:20.9332192Z ✓ Logged in user: @testuser2:test.matrix.local
Web Tests (3)	UNKNOWN STEP	2026-02-25T19:49:20.9332543Z   ✓ User testuser2 joined room
Web Tests (3)	UNKNOWN STEP	2026-02-25T19:49:20.9332869Z ✓ Logged in user: @testadmin:test.matrix.local
Web Tests (3)	UNKNOWN STEP	2026-02-25T19:49:20.9333214Z   ✓ User testadmin joined room
Web Tests (3)	UNKNOWN STEP	2026-02-25T19:49:20.9333509Z   ✓ Published room to directory
Web Tests (3)	UNKNOWN STEP	2026-02-25T19:49:20.9333805Z   ✓ Posted 3 messages to room
Web Tests (3)	UNKNOWN STEP	2026-02-25T19:49:20.9334125Z   Seeding media messages (image, video, audio)...
Web Tests (3)	UNKNOWN STEP	2026-02-25T19:49:20.9334675Z   ✓ Uploaded media 'test_image.png': mxc://test.matrix.local/qpbnYPOQwgZUGimmxzmoOmYY
Web Tests (3)	UNKNOWN STEP	2026-02-25T19:49:20.9335167Z   ✓ Posted m.image message to room
Web Tests (3)	UNKNOWN STEP	2026-02-25T19:49:20.9335816Z   ✓ Uploaded media 'test_video.mp4': mxc://test.matrix.local/VuEdamfBqGsWCwTizYIWqDcb
Web Tests (3)	UNKNOWN STEP	2026-02-25T19:49:20.9336317Z   ✓ Posted m.video message to room
Web Tests (3)	UNKNOWN STEP	2026-02-25T19:49:20.9336801Z   ✓ Uploaded media 'test_audio.mp3': mxc://test.matrix.local/JwFvLmOzUZOYYrlWHlAVownw
Web Tests (3)	UNKNOWN STEP	2026-02-25T19:49:20.9337287Z   ✓ Posted m.audio message to room
Web Tests (3)	UNKNOWN STEP	2026-02-25T19:49:20.9337711Z ✓ Created room: test_art (!TdXlUkXMCdaQFteyzz:test.matrix.local)
Web Tests (3)	UNKNOWN STEP	2026-02-25T19:49:20.9338434Z ✓ Logged in user: @testuser2:test.matrix.local
Web Tests (3)	UNKNOWN STEP	2026-02-25T19:49:20.9338803Z   ✓ User testuser2 joined room
Web Tests (3)	UNKNOWN STEP	2026-02-25T19:49:20.9339127Z ✓ Logged in user: @testadmin:test.matrix.local
Web Tests (3)	UNKNOWN STEP	2026-02-25T19:49:20.9339473Z   ✓ User testadmin joined room
Web Tests (3)	UNKNOWN STEP	2026-02-25T19:49:20.9339766Z   ✓ Published room to directory
Web Tests (3)	UNKNOWN STEP	2026-02-25T19:49:20.9340228Z ✓ Uploaded dummy avatar: mxc://test.matrix.local/tNvleFhhvEDOGYFNuCPIOnSn
Web Tests (3)	UNKNOWN STEP	2026-02-25T19:49:20.9340773Z   ✓ Set room avatar to mxc://test.matrix.local/tNvleFhhvEDOGYFNuCPIOnSn
Web Tests (3)	UNKNOWN STEP	2026-02-25T19:49:20.9341309Z ✓ Created room: test_invite_only (!pGEnkfswaBujRltsUj:test.matrix.local)
Web Tests (3)	UNKNOWN STEP	2026-02-25T19:49:20.9341755Z   ℹ Skipping user invites for room (discovery test)
Web Tests (3)	UNKNOWN STEP	2026-02-25T19:49:20.9342074Z   ✓ Published room to directory
Web Tests (3)	UNKNOWN STEP	2026-02-25T19:49:20.9342342Z   ✓ Posted 2 messages to room
Web Tests (3)	UNKNOWN STEP	2026-02-25T19:49:20.9342715Z ✓ Created room: test_avatar (!AsJkbVnkMOHHVaNrbJ:test.matrix.local)
Web Tests (3)	UNKNOWN STEP	2026-02-25T19:49:20.9343139Z ✓ Logged in user: @testuser2:test.matrix.local
Web Tests (3)	UNKNOWN STEP	2026-02-25T19:49:20.9343456Z   ✓ User testuser2 joined room
Web Tests (3)	UNKNOWN STEP	2026-02-25T19:49:20.9343758Z ✓ Logged in user: @testadmin:test.matrix.local
Web Tests (3)	UNKNOWN STEP	2026-02-25T19:49:20.9344064Z   ✓ User testadmin joined room
Web Tests (3)	UNKNOWN STEP	2026-02-25T19:49:20.9344329Z   ✓ Published room to directory
Web Tests (3)	UNKNOWN STEP	2026-02-25T19:49:20.9344737Z ✓ Uploaded dummy avatar: mxc://test.matrix.local/dPXQssrHmHpfpSugkyazFCvr
Web Tests (3)	UNKNOWN STEP	2026-02-25T19:49:20.9345271Z   ✓ Set room avatar to mxc://test.matrix.local/dPXQssrHmHpfpSugkyazFCvr
Web Tests (3)	UNKNOWN STEP	2026-02-25T19:49:20.9345548Z 
Web Tests (3)	UNKNOWN STEP	2026-02-25T19:49:20.9345658Z ============================================================
Web Tests (3)	UNKNOWN STEP	2026-02-25T19:49:20.9346013Z ✅ Matrix test server initialized successfully!
Web Tests (3)	UNKNOWN STEP	2026-02-25T19:49:20.9346302Z ============================================================
Web Tests (3)	UNKNOWN STEP	2026-02-25T19:49:20.9346502Z 
Web Tests (3)	UNKNOWN STEP	2026-02-25T19:49:20.9346609Z 📝 Test Users:
Web Tests (3)	UNKNOWN STEP	2026-02-25T19:49:20.9346794Z   testuser1
Web Tests (3)	UNKNOWN STEP	2026-02-25T19:49:20.9346993Z     ID: @testuser1:test.matrix.local
Web Tests (3)	UNKNOWN STEP	2026-02-25T19:49:20.9347263Z     Password: testpass123
Web Tests (3)	UNKNOWN STEP	2026-02-25T19:49:20.9347478Z   testuser2
Web Tests (3)	UNKNOWN STEP	2026-02-25T19:49:20.9347660Z     ID: @testuser2:test.matrix.local
Web Tests (3)	UNKNOWN STEP	2026-02-25T19:49:20.9347913Z     Password: testpass123
Web Tests (3)	UNKNOWN STEP	2026-02-25T19:49:20.9348402Z   testadmin
Web Tests (3)	UNKNOWN STEP	2026-02-25T19:49:20.9348595Z     ID: @testadmin:test.matrix.local
Web Tests (3)	UNKNOWN STEP	2026-02-25T19:49:20.9348846Z     Password: testpass123
Web Tests (3)	UNKNOWN STEP	2026-02-25T19:49:20.9348983Z 
Web Tests (3)	UNKNOWN STEP	2026-02-25T19:49:20.9349103Z 🏠 Test Rooms:
Web Tests (3)	UNKNOWN STEP	2026-02-25T19:49:20.9349295Z   test_general (with messages)
Web Tests (3)	UNKNOWN STEP	2026-02-25T19:49:20.9349559Z     ID: !xoGPSiIBleqXDUireT:test.matrix.local
Web Tests (3)	UNKNOWN STEP	2026-02-25T19:49:20.9349842Z   test_photos (with messages)
Web Tests (3)	UNKNOWN STEP	2026-02-25T19:49:20.9350108Z     ID: !UpORmoRpeOkmiGzmgJ:test.matrix.local
Web Tests (3)	UNKNOWN STEP	2026-02-25T19:49:20.9350382Z   test_art (empty)
Web Tests (3)	UNKNOWN STEP	2026-02-25T19:49:20.9350605Z     ID: !TdXlUkXMCdaQFteyzz:test.matrix.local
Web Tests (3)	UNKNOWN STEP	2026-02-25T19:49:20.9350879Z   test_invite_only (with messages)
Web Tests (3)	UNKNOWN STEP	2026-02-25T19:49:20.9351148Z     ID: !pGEnkfswaBujRltsUj:test.matrix.local
Web Tests (3)	UNKNOWN STEP	2026-02-25T19:49:20.9351416Z   test_avatar (empty)
Web Tests (3)	UNKNOWN STEP	2026-02-25T19:49:20.9353987Z     ID: !AsJkbVnkMOHHVaNrbJ:test.matrix.local
Web Tests (3)	UNKNOWN STEP	2026-02-25T19:49:20.9354281Z 
Web Tests (3)	UNKNOWN STEP	2026-02-25T19:49:20.9354554Z 🔑 Test Credentials for Integration Tests:
Web Tests (3)	UNKNOWN STEP	2026-02-25T19:49:20.9355013Z   Server:    http://matrix-synapse:8008
Web Tests (3)	UNKNOWN STEP	2026-02-25T19:49:20.9355430Z   Test User: testuser1
Web Tests (3)	UNKNOWN STEP	2026-02-25T19:49:20.9355782Z   Password:  testpass123
Web Tests (3)	UNKNOWN STEP	2026-02-25T19:49:20.9356024Z 
Web Tests (3)	UNKNOWN STEP	2026-02-25T19:49:20.9356141Z Room Status:
Web Tests (3)	UNKNOWN STEP	2026-02-25T19:49:20.9356747Z   test_general - 5 text + image/video/audio messages (for testing message lists and media rendering)
Web Tests (3)	UNKNOWN STEP	2026-02-25T19:49:20.9357779Z   test_photos  - 3 text + image/video/audio messages (for testing photo/media content)
Web Tests (3)	UNKNOWN STEP	2026-02-25T19:49:20.9358967Z   test_art     - 0 messages (for testing empty rooms)
Web Tests (3)	UNKNOWN STEP	2026-02-25T19:49:20.9359648Z ✓ Logged in user: @testuser1:test.matrix.local
Web Tests (3)	UNKNOWN STEP	2026-02-25T19:49:20.9360003Z 
Web Tests (3)	UNKNOWN STEP	2026-02-25T19:49:20.9360275Z   📋 Public room directory has 5 room(s):
Web Tests (3)	UNKNOWN STEP	2026-02-25T19:49:20.9360883Z     - test_general (!xoGPSiIBleqXDUireT:test.matrix.local)
Web Tests (3)	UNKNOWN STEP	2026-02-25T19:49:20.9361580Z     - test_photos (!UpORmoRpeOkmiGzmgJ:test.matrix.local)
Web Tests (3)	UNKNOWN STEP	2026-02-25T19:49:20.9362208Z     - test_art (!TdXlUkXMCdaQFteyzz:test.matrix.local)
Web Tests (3)	UNKNOWN STEP	2026-02-25T19:49:20.9362700Z     - test_avatar (!AsJkbVnkMOHHVaNrbJ:test.matrix.local)
Web Tests (3)	UNKNOWN STEP	2026-02-25T19:49:20.9363092Z     - test_invite_only (!pGEnkfswaBujRltsUj:test.matrix.local)
Web Tests (3)	UNKNOWN STEP	2026-02-25T19:49:20.9363337Z 
Web Tests (3)	UNKNOWN STEP	2026-02-25T19:49:21.0786136Z ##[group]Run ./scripts/test.sh web --no-docker --shard 3 --total-shards 7
Web Tests (3)	UNKNOWN STEP	2026-02-25T19:49:21.0786731Z [36;1m./scripts/test.sh web --no-docker --shard 3 --total-shards 7[0m
Web Tests (3)	UNKNOWN STEP	2026-02-25T19:49:21.0836861Z shell: /usr/bin/bash -e {0}
Web Tests (3)	UNKNOWN STEP	2026-02-25T19:49:21.0837141Z env:
Web Tests (3)	UNKNOWN STEP	2026-02-25T19:49:21.0837347Z   CACHE_VERSION: v1
Web Tests (3)	UNKNOWN STEP	2026-02-25T19:49:21.0837691Z   FLUTTER_ROOT: /opt/hostedtoolcache/flutter/stable-3.41.2-x64
Web Tests (3)	UNKNOWN STEP	2026-02-25T19:49:21.0838296Z   PUB_CACHE: /home/runner/.pub-cache
Web Tests (3)	UNKNOWN STEP	2026-02-25T19:49:21.0838643Z   MATRIX_SERVER: http://localhost:8008
Web Tests (3)	UNKNOWN STEP	2026-02-25T19:49:21.0838965Z   MATRIX_TEST_USER: testuser1
Web Tests (3)	UNKNOWN STEP	2026-02-25T19:49:21.0839274Z   MATRIX_TEST_PASSWORD: testpass123
Web Tests (3)	UNKNOWN STEP	2026-02-25T19:49:21.0839560Z ##[endgroup]
Web Tests (3)	UNKNOWN STEP	2026-02-25T19:49:21.1017547Z [1m
Web Tests (3)	UNKNOWN STEP	2026-02-25T19:49:21.1018036Z   Substitution Test Runner
Web Tests (3)	UNKNOWN STEP	2026-02-25T19:49:21.1032082Z   2026-02-25 19:49:21
Web Tests (3)	UNKNOWN STEP	2026-02-25T19:49:21.1032697Z   Targets: web
Web Tests (3)	UNKNOWN STEP	2026-02-25T19:49:21.1033296Z [0m
Web Tests (3)	UNKNOWN STEP	2026-02-25T19:49:21.1040454Z [0;34m[INFO][0m Fetching Flutter dependencies...
Web Tests (3)	UNKNOWN STEP	2026-02-25T19:49:22.1740024Z   unorm_dart 0.2.0 (0.3.2 available)
Web Tests (3)	UNKNOWN STEP	2026-02-25T19:49:22.1740708Z   win32 5.15.0 (6.0.0 available)
Web Tests (3)	UNKNOWN STEP	2026-02-25T19:49:22.1741326Z Got dependencies!
Web Tests (3)	UNKNOWN STEP	2026-02-25T19:49:22.1742198Z 7 packages have newer versions incompatible with dependency constraints.
Web Tests (3)	UNKNOWN STEP	2026-02-25T19:49:22.1743361Z Try `flutter pub outdated` for more information.
Web Tests (3)	UNKNOWN STEP	2026-02-25T19:49:22.1744568Z [0;32m[OK][0m Dependencies fetched
Web Tests (3)	UNKNOWN STEP	2026-02-25T19:49:22.1762749Z [0;34m[INFO][0m Target: web
Web Tests (3)	UNKNOWN STEP	2026-02-25T19:49:22.1763182Z 
Web Tests (3)	UNKNOWN STEP	2026-02-25T19:49:22.1763975Z [1m━━━ Web Tests (Chrome) ━━━[0m
Web Tests (3)	UNKNOWN STEP	2026-02-25T19:49:22.1764383Z 
Web Tests (3)	UNKNOWN STEP	2026-02-25T19:49:22.1764981Z [0;34m[INFO][0m Starting run_web_tests sequence... (Shard: 3, Total: 7)
Web Tests (3)	UNKNOWN STEP	2026-02-25T19:49:22.1772360Z [0;34m[INFO][0m Validating Chrome/Chromium...
Web Tests (3)	UNKNOWN STEP	2026-02-25T19:49:22.1780623Z [0;32m[OK][0m Chrome found: /usr/bin/google-chrome
Web Tests (3)	UNKNOWN STEP	2026-02-25T19:49:24.4447335Z [0;34m[INFO][0m Skipping web unit tests (shard 3 > 0)
Web Tests (3)	UNKNOWN STEP	2026-02-25T19:49:24.4448362Z [0;34m[INFO][0m Phase 2: web integration tests via flutter drive on Chrome
Web Tests (3)	UNKNOWN STEP	2026-02-25T19:49:24.4498371Z [0;34m[INFO][0m Found ChromeDriver at: /usr/local/share/chromedriver-linux64
Web Tests (3)	UNKNOWN STEP	2026-02-25T19:49:24.5158369Z [0;34m[INFO][0m Shard 3/7: running 5 of 32 files
Web Tests (3)	UNKNOWN STEP	2026-02-25T19:49:24.5160540Z [0;34m[INFO][0m Files in this shard: integration_test/create_room_with_matrix_test.dart integration_test/interaction_with_matrix_test.dart integration_test/offline_test.dart integration_test/refresh_logic_with_matrix_test.dart integration_test/theme_toggle_test.dart
Web Tests (3)	UNKNOWN STEP	2026-02-25T19:49:24.5202589Z [0;34m[INFO][0m Starting chromedriver on port 4444...
Web Tests (3)	UNKNOWN STEP	2026-02-25T19:49:26.5244662Z [0;34m[INFO][0m   Running: integration_test/create_room_with_matrix_test.dart
Web Tests (3)	UNKNOWN STEP	2026-02-25T19:49:26.7296582Z Resolving dependencies...
Web Tests (3)	UNKNOWN STEP	2026-02-25T19:49:26.9530575Z Downloading packages...
Web Tests (3)	UNKNOWN STEP	2026-02-25T19:49:27.0320241Z   _fe_analyzer_shared 91.0.0 (96.0.0 available)
Web Tests (3)	UNKNOWN STEP	2026-02-25T19:49:27.0321043Z   analyzer 8.4.1 (10.2.0 available)
Web Tests (3)	UNKNOWN STEP	2026-02-25T19:49:27.0321726Z   meta 1.17.0 (1.18.1 available)
Web Tests (3)	UNKNOWN STEP	2026-02-25T19:49:27.0322553Z   sqflite_common_ffi 2.3.7+1 (2.4.0+2 available)
Web Tests (3)	UNKNOWN STEP	2026-02-25T19:49:27.0323301Z   sqlite3 2.9.4 (3.1.6 available)
Web Tests (3)	UNKNOWN STEP	2026-02-25T19:49:27.0323938Z   unorm_dart 0.2.0 (0.3.2 available)
Web Tests (3)	UNKNOWN STEP	2026-02-25T19:49:27.0324586Z   win32 5.15.0 (6.0.0 available)
Web Tests (3)	UNKNOWN STEP	2026-02-25T19:49:27.0325193Z Got dependencies!
Web Tests (3)	UNKNOWN STEP	2026-02-25T19:49:27.0330541Z 7 packages have newer versions incompatible with dependency constraints.
Web Tests (3)	UNKNOWN STEP	2026-02-25T19:49:27.0331228Z Try `flutter pub outdated` for more information.
Web Tests (3)	UNKNOWN STEP	2026-02-25T19:49:27.6228778Z Launching integration_test/create_room_with_matrix_test.dart on Chrome in debug mode...
Web Tests (3)	UNKNOWN STEP	2026-02-25T19:50:15.8429023Z Waiting for connection from debug service on Chrome...             46.9s
Web Tests (3)	UNKNOWN STEP	2026-02-25T19:50:38.7014984Z Instance of 'AppConnectionException'
Web Tests (3)	UNKNOWN STEP	2026-02-25T19:50:38.7017745Z #0      DevHandler._startLocalDebugService (package:dwds/src/handlers/dev_handler.dart:221:7)
Web Tests (3)	UNKNOWN STEP	2026-02-25T19:50:38.7018811Z <asynchronous suspension>
Web Tests (3)	UNKNOWN STEP	2026-02-25T19:50:38.7020027Z #1      DevHandler._createChromeAppServices (package:dwds/src/handlers/dev_handler.dart:303:26)
Web Tests (3)	UNKNOWN STEP	2026-02-25T19:50:38.7020925Z <asynchronous suspension>
Web Tests (3)	UNKNOWN STEP	2026-02-25T19:50:38.7021646Z #2      DevHandler.loadAppServices (package:dwds/src/handlers/dev_handler.dart:273:23)
Web Tests (3)	UNKNOWN STEP	2026-02-25T19:50:38.7022455Z <asynchronous suspension>
Web Tests (3)	UNKNOWN STEP	2026-02-25T19:50:38.7023333Z #3      DevHandler.createDebugConnectionForChrome (package:dwds/src/handlers/dev_handler.dart:600:30)
Web Tests (3)	UNKNOWN STEP	2026-02-25T19:50:38.7024283Z <asynchronous suspension>
Web Tests (3)	UNKNOWN STEP	2026-02-25T19:50:38.7024916Z #4      Dwds.debugConnection (package:dwds/dart_web_debug_service.dart:68:14)
Web Tests (3)	UNKNOWN STEP	2026-02-25T19:50:38.7025646Z <asynchronous suspension>
Web Tests (3)	UNKNOWN STEP	2026-02-25T19:50:38.7028895Z #5      WebDevFS.connect.<anonymous closure> (package:flutter_tools/src/isolated/devfs_web.dart:160:17)
Web Tests (3)	UNKNOWN STEP	2026-02-25T19:50:38.7029728Z <asynchronous suspension>
Web Tests (3)	UNKNOWN STEP	2026-02-25T19:50:38.7029984Z 
Web Tests (3)	UNKNOWN STEP	2026-02-25T19:59:26.6022583Z [1;33m[WARN][0m Timed out with no tests running (possible AppConnectionException) — skipping: integration_test/create_room_with_matrix_test.dart
Web Tests (3)	UNKNOWN STEP	2026-02-25T19:59:26.6024174Z [0;34m[INFO][0m   Running: integration_test/interaction_with_matrix_test.dart
Web Tests (3)	UNKNOWN STEP	2026-02-25T19:59:26.8235151Z Resolving dependencies...
Web Tests (3)	UNKNOWN STEP	2026-02-25T19:59:27.0415994Z Downloading packages...
Web Tests (3)	UNKNOWN STEP	2026-02-25T19:59:27.1171981Z   _fe_analyzer_shared 91.0.0 (96.0.0 available)
Web Tests (3)	UNKNOWN STEP	2026-02-25T19:59:27.1172629Z   analyzer 8.4.1 (10.2.0 available)
Web Tests (3)	UNKNOWN STEP	2026-02-25T19:59:27.1173181Z   meta 1.17.0 (1.18.1 available)
Web Tests (3)	UNKNOWN STEP	2026-02-25T19:59:27.1173602Z   sqflite_common_ffi 2.3.7+1 (2.4.0+2 available)
Web Tests (3)	UNKNOWN STEP	2026-02-25T19:59:27.1174016Z   sqlite3 2.9.4 (3.1.6 available)
Web Tests (3)	UNKNOWN STEP	2026-02-25T19:59:27.1174364Z   unorm_dart 0.2.0 (0.3.2 available)
Web Tests (3)	UNKNOWN STEP	2026-02-25T19:59:27.1174745Z   win32 5.15.0 (6.0.0 available)
Web Tests (3)	UNKNOWN STEP	2026-02-25T19:59:27.1175085Z Got dependencies!
Web Tests (3)	UNKNOWN STEP	2026-02-25T19:59:27.1180495Z 7 packages have newer versions incompatible with dependency constraints.
Web Tests (3)	UNKNOWN STEP	2026-02-25T19:59:27.1181470Z Try `flutter pub outdated` for more information.
Web Tests (3)	UNKNOWN STEP	2026-02-25T19:59:27.7157005Z Launching integration_test/interaction_with_matrix_test.dart on Chrome in debug mode...
Web Tests (3)	UNKNOWN STEP	2026-02-25T19:59:59.7282680Z Waiting for connection from debug service on Chrome...             31.6s
Web Tests (3)	UNKNOWN STEP	2026-02-25T20:00:13.8836734Z Debug service listening on ws://127.0.0.1:37561/GV1TJaS8YHo=/ws
Web Tests (3)	UNKNOWN STEP	2026-02-25T20:00:13.8841348Z A Dart VM Service on Chrome is available at: http://127.0.0.1:37561/GV1TJaS8YHo=
Web Tests (3)	UNKNOWN STEP	2026-02-25T20:00:13.8846970Z The Flutter DevTools debugger and profiler on Chrome is available at: http://127.0.0.1:37561/GV1TJaS8YHo=/devtools/?uri=ws://127.0.0.1:37561/GV1TJaS8YHo=/ws
Web Tests (3)	UNKNOWN STEP	2026-02-25T20:00:13.8916035Z Starting application from main method in: org-dartlang-app:/web_entrypoint.dart.
Web Tests (3)	UNKNOWN STEP	2026-02-25T20:00:14.1062068Z Found an existing <meta name="viewport"> tag. Flutter Web uses its own viewport configuration for better compatibility with Flutter. This tag will be replaced.
Web Tests (3)	UNKNOWN STEP	2026-02-25T20:00:14.2908851Z 00:00 +0: (setUpAll)
Web Tests (3)	UNKNOWN STEP	2026-02-25T20:00:14.3013634Z 00:00 +1: Engagement & Interaction with Real Matrix Server Can react to messages with emoji
Web Tests (3)	UNKNOWN STEP	2026-02-25T20:00:14.4892444Z Waiting for globalMatrixClient to be initialized...
Web Tests (3)	UNKNOWN STEP	2026-02-25T20:00:14.5443681Z [90m[🌎 Easy Localization] [DEBUG] Localization initialized[0m
Web Tests (3)	UNKNOWN STEP	2026-02-25T20:00:14.5469054Z [Matrix] Initialize client Substitution
Web Tests (3)	UNKNOWN STEP	2026-02-25T20:00:14.5510016Z [Matrix] User is not logged in.
Web Tests (3)	UNKNOWN STEP	2026-02-25T20:00:14.5521719Z [90m[🌎 Easy Localization] [DEBUG] Start[0m
Web Tests (3)	UNKNOWN STEP	2026-02-25T20:00:15.0033982Z [90m[🌎 Easy Localization] [DEBUG] Init state[0m
Web Tests (3)	UNKNOWN STEP	2026-02-25T20:00:15.0046908Z [90m[🌎 Easy Localization] [DEBUG] Build[0m
Web Tests (3)	UNKNOWN STEP	2026-02-25T20:00:15.0049359Z [90m[🌎 Easy Localization] [DEBUG] Init Localization Delegate[0m
Web Tests (3)	UNKNOWN STEP	2026-02-25T20:00:15.0057302Z [90m[🌎 Easy Localization] [DEBUG] Init provider[0m
Web Tests (3)	UNKNOWN STEP	2026-02-25T20:00:15.1314979Z [90m[🌎 Easy Localization] [DEBUG] Load Localization Delegate[0m
Web Tests (3)	UNKNOWN STEP	2026-02-25T20:00:15.1330963Z [90m[🌎 Easy Localization] [DEBUG] Load asset from assets/translations[0m
Web Tests (3)	UNKNOWN STEP	2026-02-25T20:00:15.1741251Z globalMatrixClient initialized!
Web Tests (3)	UNKNOWN STEP	2026-02-25T20:00:15.1767260Z Waiting for globalMatrixClient to be initialized...
Web Tests (3)	UNKNOWN STEP	2026-02-25T20:00:15.1775869Z globalMatrixClient initialized!
Web Tests (3)	UNKNOWN STEP	2026-02-25T20:00:15.1776849Z Step 1: Checking for Age Gate, Intro, or Login fields...
Web Tests (3)	UNKNOWN STEP	2026-02-25T20:00:15.6915226Z [90m[🌎 Easy Localization] [DEBUG] Build[0m
Web Tests (3)	UNKNOWN STEP	2026-02-25T20:00:15.6916216Z [90m[🌎 Easy Localization] [DEBUG] Init Localization Delegate[0m
Web Tests (3)	UNKNOWN STEP	2026-02-25T20:00:15.6917315Z [90m[🌎 Easy Localization] [DEBUG] Init provider[0m
Web Tests (3)	UNKNOWN STEP	2026-02-25T20:00:16.4732867Z Found screen! AgeGate: false, Intro: true, Username: false, Host: false
Web Tests (3)	UNKNOWN STEP	2026-02-25T20:00:16.4762909Z Step 2: Navigating through onboarding...
Web Tests (3)	UNKNOWN STEP	2026-02-25T20:00:18.5816921Z Tapping Next button at step 0...
Web Tests (3)	UNKNOWN STEP	2026-02-25T20:00:21.2771194Z Tapping Next button at step 1...
Web Tests (3)	UNKNOWN STEP	2026-02-25T20:00:23.9130026Z Reached target page at step 2. Host: true, Username: false
Web Tests (3)	UNKNOWN STEP	2026-02-25T20:00:23.9131056Z Onboarding navigation complete.
Web Tests (3)	UNKNOWN STEP	2026-02-25T20:00:23.9149958Z Step 3: Entering host URL: http://localhost:8008
Web Tests (3)	UNKNOWN STEP	2026-02-25T20:00:26.1246229Z Tapping host submit button...
Web Tests (3)	UNKNOWN STEP	2026-02-25T20:00:28.2481570Z Waiting for login page to appear...
Web Tests (3)	UNKNOWN STEP	2026-02-25T20:00:29.4676598Z Login page reached.
Web Tests (3)	UNKNOWN STEP	2026-02-25T20:00:29.4677548Z Step 4: Looking for login fields...
Web Tests (3)	UNKNOWN STEP	2026-02-25T20:00:29.4734353Z Entering username: testuser1
Web Tests (3)	UNKNOWN STEP	2026-02-25T20:00:31.6637603Z Entering password...
Web Tests (3)	UNKNOWN STEP	2026-02-25T20:00:33.8411503Z Tapping login submit button...
Web Tests (3)	UNKNOWN STEP	2026-02-25T20:00:35.9806129Z Step 5: Waiting for finished page (introGoButton)...
Web Tests (3)	UNKNOWN STEP	2026-02-25T20:00:36.2751648Z [Matrix] Initialize client Substitution
Web Tests (3)	UNKNOWN STEP	2026-02-25T20:00:36.2924578Z [Matrix] Successfully connected as testuser1 with http://localhost:8008
Web Tests (3)	UNKNOWN STEP	2026-02-25T20:00:37.7029454Z Finished page reached.
Web Tests (3)	UNKNOWN STEP	2026-02-25T20:00:37.7038037Z Tapping Go button...
Web Tests (3)	UNKNOWN STEP	2026-02-25T20:00:37.7180637Z Waiting for feed (Scrollable)...
Web Tests (3)	UNKNOWN STEP	2026-02-25T20:00:37.9749963Z checking room test_art id: !TdXlUkXMCdaQFteyzz:test.matrix.local
Web Tests (3)	UNKNOWN STEP	2026-02-25T20:00:37.9751275Z checking room test_invite_only id: !pGEnkfswaBujRltsUj:test.matrix.local
Web Tests (3)	UNKNOWN STEP	2026-02-25T20:00:37.9756363Z checking room test_photos id: !UpORmoRpeOkmiGzmgJ:test.matrix.local
Web Tests (3)	UNKNOWN STEP	2026-02-25T20:00:37.9757147Z checking room test_general id: !xoGPSiIBleqXDUireT:test.matrix.local
Web Tests (3)	UNKNOWN STEP	2026-02-25T20:00:37.9757873Z checking room test_avatar id: !AsJkbVnkMOHHVaNrbJ:test.matrix.local
Web Tests (3)	UNKNOWN STEP	2026-02-25T20:00:37.9758730Z start quering new events...
Web Tests (3)	UNKNOWN STEP	2026-02-25T20:00:37.9759086Z finished...
Web Tests (3)	UNKNOWN STEP	2026-02-25T20:00:37.9759361Z ret is empty...
Web Tests (3)	UNKNOWN STEP	2026-02-25T20:00:37.9760083Z no new things to append...
Web Tests (3)	UNKNOWN STEP	2026-02-25T20:00:38.2512751Z Feed reached.
Web Tests (3)	UNKNOWN STEP	2026-02-25T20:00:40.3414445Z ✓ Messages found in feed
Web Tests (3)	UNKNOWN STEP	2026-02-25T20:00:40.3638808Z 00:26 +2: Engagement & Interaction with Real Matrix Server Can reply to messages
Web Tests (3)	UNKNOWN STEP	2026-02-25T20:00:40.3732138Z Waiting for globalMatrixClient to be initialized...
Web Tests (3)	UNKNOWN STEP	2026-02-25T20:00:40.3785955Z [90m[🌎 Easy Localization] [DEBUG] Localization initialized[0m
Web Tests (3)	UNKNOWN STEP	2026-02-25T20:00:40.3786759Z [Matrix] Initialize client Substitution
Web Tests (3)	UNKNOWN STEP	2026-02-25T20:00:40.3942703Z [Matrix] Successfully connected as testuser1 with http://localhost:8008
Web Tests (3)	UNKNOWN STEP	2026-02-25T20:00:40.4063003Z [90m[🌎 Easy Localization] [DEBUG] Start[0m
Web Tests (3)	UNKNOWN STEP	2026-02-25T20:00:40.8815533Z 00:26 +2: Engagement & Interaction with Real Matrix Server Can react to messages with emoji
Web Tests (3)	UNKNOWN STEP	2026-02-25T20:00:40.8816913Z [90m[🌎 Easy Localization] [DEBUG] Init state[0m
Web Tests (3)	UNKNOWN STEP	2026-02-25T20:00:40.8825604Z [90m[🌎 Easy Localization] [DEBUG] Build[0m
Web Tests (3)	UNKNOWN STEP	2026-02-25T20:00:40.8827160Z [90m[🌎 Easy Localization] [DEBUG] Init Localization Delegate[0m
Web Tests (3)	UNKNOWN STEP	2026-02-25T20:00:40.8827891Z [90m[🌎 Easy Localization] [DEBUG] Init provider[0m
Web Tests (3)	UNKNOWN STEP	2026-02-25T20:00:40.8939295Z [90m[🌎 Easy Localization] [DEBUG] Load Localization Delegate[0m
Web Tests (3)	UNKNOWN STEP	2026-02-25T20:00:40.8947999Z [90m[🌎 Easy Localization] [DEBUG] Load asset from assets/translations[0m
Web Tests (3)	UNKNOWN STEP	2026-02-25T20:00:40.8982173Z 00:26 +2: Engagement & Interaction with Real Matrix Server Can reply to messages
Web Tests (3)	UNKNOWN STEP	2026-02-25T20:00:40.8993064Z globalMatrixClient initialized!
Web Tests (3)	UNKNOWN STEP	2026-02-25T20:00:40.8993589Z Waiting for globalMatrixClient to be initialized...
Web Tests (3)	UNKNOWN STEP	2026-02-25T20:00:40.8994127Z globalMatrixClient initialized!
Web Tests (3)	UNKNOWN STEP	2026-02-25T20:00:40.8995676Z Step 1: Checking for Age Gate, Intro, or Login fields...
Web Tests (3)	UNKNOWN STEP	2026-02-25T20:00:41.4135010Z 00:27 +2: Engagement & Interaction with Real Matrix Server Can react to messages with emoji
Web Tests (3)	UNKNOWN STEP	2026-02-25T20:00:41.4136336Z [90m[🌎 Easy Localization] [DEBUG] Build[0m
Web Tests (3)	UNKNOWN STEP	2026-02-25T20:00:41.4137445Z [90m[🌎 Easy Localization] [DEBUG] Init Localization Delegate[0m
Web Tests (3)	UNKNOWN STEP	2026-02-25T20:00:41.4137986Z [90m[🌎 Easy Localization] [DEBUG] Init provider[0m
Web Tests (3)	UNKNOWN STEP	2026-02-25T20:00:41.5357889Z checking room test_art id: !TdXlUkXMCdaQFteyzz:test.matrix.local
Web Tests (3)	UNKNOWN STEP	2026-02-25T20:00:41.5359383Z checking room test_invite_only id: !pGEnkfswaBujRltsUj:test.matrix.local
Web Tests (3)	UNKNOWN STEP	2026-02-25T20:00:41.5360436Z checking room test_photos id: !UpORmoRpeOkmiGzmgJ:test.matrix.local
Web Tests (3)	UNKNOWN STEP	2026-02-25T20:00:41.5361508Z checking room test_general id: !xoGPSiIBleqXDUireT:test.matrix.local
Web Tests (3)	UNKNOWN STEP	2026-02-25T20:00:41.5361981Z checking room test_avatar id: !AsJkbVnkMOHHVaNrbJ:test.matrix.local
Web Tests (3)	UNKNOWN STEP	2026-02-25T20:00:41.5362341Z start quering new events...
Web Tests (3)	UNKNOWN STEP	2026-02-25T20:00:41.5362578Z finished...
Web Tests (3)	UNKNOWN STEP	2026-02-25T20:00:41.5362758Z ret is empty...
Web Tests (3)	UNKNOWN STEP	2026-02-25T20:00:41.5362977Z no new things to append...
Web Tests (3)	UNKNOWN STEP	2026-02-25T20:00:56.4772098Z 00:42 +2: Engagement & Interaction with Real Matrix Server Can reply to messages
Web Tests (3)	UNKNOWN STEP	2026-02-25T20:00:56.4772894Z Host page skipped (already configured or not visible).
Web Tests (3)	UNKNOWN STEP	2026-02-25T20:00:58.5119849Z Step 4: Looking for login fields...
Web Tests (3)	UNKNOWN STEP	2026-02-25T20:00:58.5134876Z CRITICAL: loginUsernameInput NOT FOUND!
Web Tests (3)	UNKNOWN STEP	2026-02-25T20:00:58.5162638Z All visible text: Your feed is empty. Follow some rooms to see posts!, Find new rooms, Substitution
Web Tests (3)	UNKNOWN STEP	2026-02-25T20:00:58.8050859Z ══╡ EXCEPTION CAUGHT BY FLUTTER TEST FRAMEWORK ╞════════════════════════════════════════════════════
Web Tests (3)	UNKNOWN STEP	2026-02-25T20:00:58.8052770Z The following TestFailure was thrown running a test:
Web Tests (3)	UNKNOWN STEP	2026-02-25T20:00:58.8053402Z Expected: exactly one matching candidate
Web Tests (3)	UNKNOWN STEP	2026-02-25T20:00:58.8054126Z   Actual: _KeyWidgetFinder:<Found 0 widgets with key [<'loginUsernameInput'>]: []>
Web Tests (3)	UNKNOWN STEP	2026-02-25T20:00:58.8058320Z    Which: means none were found but one was expected
Web Tests (3)	UNKNOWN STEP	2026-02-25T20:00:58.8059679Z Username field should be visible on the login page
Web Tests (3)	UNKNOWN STEP	2026-02-25T20:00:58.8060896Z 
Web Tests (3)	UNKNOWN STEP	2026-02-25T20:00:58.8061345Z When the exception was thrown, this was the stack:
Web Tests (3)	UNKNOWN STEP	2026-02-25T20:00:58.8067249Z dart-sdk/lib/_internal/js_dev_runtime/private/ddc_runtime/errors.dart 274:3       throw_
Web Tests (3)	UNKNOWN STEP	2026-02-25T20:00:58.8068553Z package:matcher/src/expect/expect.dart 187:31                                     fail
Web Tests (3)	UNKNOWN STEP	2026-02-25T20:00:58.8109148Z package:matcher/src/expect/expect.dart 182:3                                      _expect
Web Tests (3)	UNKNOWN STEP	2026-02-25T20:00:58.8111067Z package:matcher/src/expect/expect.dart 65:3                                       expect$
Web Tests (3)	UNKNOWN STEP	2026-02-25T20:00:58.8113522Z package:flutter_test/src/widget_tester.dart 473:18                                expect$
Web Tests (3)	UNKNOWN STEP	2026-02-25T20:00:58.8114456Z helpers/login_helper.dart 186:3                                                   <fn>
Web Tests (3)	UNKNOWN STEP	2026-02-25T20:00:58.8115362Z dart-sdk/lib/_internal/js_dev_runtime/patch/async_patch.dart 623:19               <fn>
Web Tests (3)	UNKNOWN STEP	2026-02-25T20:00:58.8116364Z dart-sdk/lib/_internal/js_dev_runtime/patch/async_patch.dart 648:23               <fn>
Web Tests (3)	UNKNOWN STEP	2026-02-25T20:00:58.8117306Z dart-sdk/lib/_internal/js_dev_runtime/patch/async_patch.dart 594:19               <fn>
Web Tests (3)	UNKNOWN STEP	2026-02-25T20:00:58.8118461Z dart-sdk/lib/async/zone_root.dart 48:47                                           _rootRunUnary
Web Tests (3)	UNKNOWN STEP	2026-02-25T20:00:58.8119428Z dart-sdk/lib/_internal/js_dev_runtime/private/ddc_runtime/operations.dart 118:77  tear
Web Tests (3)	UNKNOWN STEP	2026-02-25T20:00:58.8120332Z dart-sdk/lib/async/zone.dart 733:19                                               runUnary
Web Tests (3)	UNKNOWN STEP	2026-02-25T20:00:58.8121243Z dart-sdk/lib/async/future_impl.dart 222:18                                        handleValue
Web Tests (3)	UNKNOWN STEP	2026-02-25T20:00:58.8124251Z dart-sdk/lib/async/future_impl.dart 948:44                                        handleValueCallback
Web Tests (3)	UNKNOWN STEP	2026-02-25T20:00:58.8125253Z dart-sdk/lib/async/future_impl.dart 977:13                                        _propagateToListeners
Web Tests (3)	UNKNOWN STEP	2026-02-25T20:00:58.8126522Z dart-sdk/lib/async/future_impl.dart 720:5                                         [_completeWithValue]
Web Tests (3)	UNKNOWN STEP	2026-02-25T20:00:58.8127474Z dart-sdk/lib/async/future_impl.dart 804:7                                         <fn>
Web Tests (3)	UNKNOWN STEP	2026-02-25T20:00:58.8128554Z dart-sdk/lib/async/zone_root.dart 35:13                                           _rootRun
Web Tests (3)	UNKNOWN STEP	2026-02-25T20:00:58.8163624Z dart-sdk/lib/_internal/js_dev_runtime/private/ddc_runtime/operations.dart 118:77  tear
Web Tests (3)	UNKNOWN STEP	2026-02-25T20:00:58.8164553Z dart-sdk/lib/async/zone.dart 726:19                                               run
Web Tests (3)	UNKNOWN STEP	2026-02-25T20:00:58.8165394Z dart-sdk/lib/async/zone.dart 625:7                                                runGuarded
Web Tests (3)	UNKNOWN STEP	2026-02-25T20:00:58.8166163Z dart-sdk/lib/async/zone.dart 666:23                                               <fn>
Web Tests (3)	UNKNOWN STEP	2026-02-25T20:00:58.8167035Z dart-sdk/lib/async/schedule_microtask.dart 40:34                                  _microtaskLoop
Web Tests (3)	UNKNOWN STEP	2026-02-25T20:00:58.8167972Z dart-sdk/lib/async/schedule_microtask.dart 49:5                                   _startMicrotaskLoop
Web Tests (3)	UNKNOWN STEP	2026-02-25T20:00:58.8169170Z dart-sdk/lib/_internal/js_dev_runtime/private/ddc_runtime/operations.dart 118:77  tear
Web Tests (3)	UNKNOWN STEP	2026-02-25T20:00:58.8170059Z dart-sdk/lib/_internal/js_dev_runtime/patch/async_patch.dart 188:69               <fn>
Web Tests (3)	UNKNOWN STEP	2026-02-25T20:00:58.8170584Z 
Web Tests (3)	UNKNOWN STEP	2026-02-25T20:00:58.8170726Z The test description was:
Web Tests (3)	UNKNOWN STEP	2026-02-25T20:00:58.8183232Z   Can reply to messages
Web Tests (3)	UNKNOWN STEP	2026-02-25T20:00:58.8184188Z ════════════════════════════════════════════════════════════════════════════════════════════════════
Web Tests (3)	UNKNOWN STEP	2026-02-25T20:00:58.8185001Z 00:44 +2: Engagement & Interaction with Real Matrix Server Can reply to messages [E]
Web Tests (3)	UNKNOWN STEP	2026-02-25T20:00:58.8190840Z   Test failed. See exception logs above.
Web Tests (3)	UNKNOWN STEP	2026-02-25T20:00:58.8191945Z   The test description was: Can reply to messages
Web Tests (3)	UNKNOWN STEP	2026-02-25T20:00:58.8192325Z 
Web Tests (3)	UNKNOWN STEP	2026-02-25T20:00:58.8192804Z 00:44 +2 -1: Engagement & Interaction with Real Matrix Server Reactions from other users are visible
Web Tests (3)	UNKNOWN STEP	2026-02-25T20:00:58.8392297Z Waiting for globalMatrixClient to be initialized...
Web Tests (3)	UNKNOWN STEP	2026-02-25T20:00:58.8453700Z [90m[🌎 Easy Localization] [DEBUG] Localization initialized[0m
Web Tests (3)	UNKNOWN STEP	2026-02-25T20:00:58.8454829Z [Matrix] Initialize client Substitution
Web Tests (3)	UNKNOWN STEP	2026-02-25T20:00:58.8800281Z [Matrix] Successfully connected as testuser1 with http://localhost:8008
Web Tests (3)	UNKNOWN STEP	2026-02-25T20:00:58.9150144Z [90m[🌎 Easy Localization] [DEBUG] Start[0m
Web Tests (3)	UNKNOWN STEP	2026-02-25T20:00:59.3483234Z 00:45 +2 -1: Engagement & Interaction with Real Matrix Server Can react to messages with emoji
Web Tests (3)	UNKNOWN STEP	2026-02-25T20:00:59.3484598Z [90m[🌎 Easy Localization] [DEBUG] Init state[0m
Web Tests (3)	UNKNOWN STEP	2026-02-25T20:00:59.3486306Z [90m[🌎 Easy Localization] [DEBUG] Build[0m
Web Tests (3)	UNKNOWN STEP	2026-02-25T20:00:59.3487666Z [90m[🌎 Easy Localization] [DEBUG] Init Localization Delegate[0m
Web Tests (3)	UNKNOWN STEP	2026-02-25T20:00:59.3489028Z [90m[🌎 Easy Localization] [DEBUG] Init provider[0m
Web Tests (3)	UNKNOWN STEP	2026-02-25T20:00:59.3605448Z [90m[🌎 Easy Localization] [DEBUG] Load Localization Delegate[0m
Web Tests (3)	UNKNOWN STEP	2026-02-25T20:00:59.3606650Z [90m[🌎 Easy Localization] [DEBUG] Load asset from assets/translations[0m
Web Tests (3)	UNKNOWN STEP	2026-02-25T20:00:59.3644380Z 00:45 +2 -1: Engagement & Interaction with Real Matrix Server Reactions from other users are visible
Web Tests (3)	UNKNOWN STEP	2026-02-25T20:00:59.3645234Z globalMatrixClient initialized!
Web Tests (3)	UNKNOWN STEP	2026-02-25T20:00:59.3649283Z Waiting for globalMatrixClient to be initialized...
Web Tests (3)	UNKNOWN STEP	2026-02-25T20:00:59.3654762Z globalMatrixClient initialized!
Web Tests (3)	UNKNOWN STEP	2026-02-25T20:00:59.3655923Z Step 1: Checking for Age Gate, Intro, or Login fields...
Web Tests (3)	UNKNOWN STEP	2026-02-25T20:00:59.8796100Z 00:45 +2 -1: Engagement & Interaction with Real Matrix Server Can react to messages with emoji
Web Tests (3)	UNKNOWN STEP	2026-02-25T20:00:59.8797758Z [90m[🌎 Easy Localization] [DEBUG] Build[0m
Web Tests (3)	UNKNOWN STEP	2026-02-25T20:00:59.8798878Z [90m[🌎 Easy Localization] [DEBUG] Init Localization Delegate[0m
Web Tests (3)	UNKNOWN STEP	2026-02-25T20:00:59.8809955Z [90m[🌎 Easy Localization] [DEBUG] Init provider[0m
Web Tests (3)	UNKNOWN STEP	2026-02-25T20:01:00.0211781Z checking room test_art id: !TdXlUkXMCdaQFteyzz:test.matrix.local
Web Tests (3)	UNKNOWN STEP	2026-02-25T20:01:00.0212704Z checking room test_invite_only id: !pGEnkfswaBujRltsUj:test.matrix.local
Web Tests (3)	UNKNOWN STEP	2026-02-25T20:01:00.0213528Z checking room test_photos id: !UpORmoRpeOkmiGzmgJ:test.matrix.local
Web Tests (3)	UNKNOWN STEP	2026-02-25T20:01:00.0214463Z checking room test_general id: !xoGPSiIBleqXDUireT:test.matrix.local
Web Tests (3)	UNKNOWN STEP	2026-02-25T20:01:00.0214938Z checking room test_avatar id: !AsJkbVnkMOHHVaNrbJ:test.matrix.local
Web Tests (3)	UNKNOWN STEP	2026-02-25T20:01:00.0223625Z start quering new events...
Web Tests (3)	UNKNOWN STEP	2026-02-25T20:01:00.0224041Z finished...
Web Tests (3)	UNKNOWN STEP	2026-02-25T20:01:00.0226025Z ret is empty...
Web Tests (3)	UNKNOWN STEP	2026-02-25T20:01:00.0226278Z no new things to append...
Web Tests (3)	UNKNOWN STEP	2026-02-25T20:01:06.5992513Z [Matrix] Current sync request ID has changed. Dropping this sync loop!
Web Tests (3)	UNKNOWN STEP	2026-02-25T20:01:06.5993489Z [Matrix] Current sync request ID has changed. Dropping this sync loop!
Web Tests (3)	UNKNOWN STEP	2026-02-25T20:01:14.9521759Z 01:00 +2 -1: Engagement & Interaction with Real Matrix Server Reactions from other users are visible
Web Tests (3)	UNKNOWN STEP	2026-02-25T20:01:14.9522607Z Host page skipped (already configured or not visible).
Web Tests (3)	UNKNOWN STEP	2026-02-25T20:01:16.9868476Z Step 4: Looking for login fields...
Web Tests (3)	UNKNOWN STEP	2026-02-25T20:01:16.9879788Z CRITICAL: loginUsernameInput NOT FOUND!
Web Tests (3)	UNKNOWN STEP	2026-02-25T20:01:16.9900955Z All visible text: Your feed is empty. Follow some rooms to see posts!, Find new rooms, Substitution
Web Tests (3)	UNKNOWN STEP	2026-02-25T20:01:17.1167882Z ══╡ EXCEPTION CAUGHT BY FLUTTER TEST FRAMEWORK ╞════════════════════════════════════════════════════
Web Tests (3)	UNKNOWN STEP	2026-02-25T20:01:17.1173382Z The following TestFailure was thrown running a test:
Web Tests (3)	UNKNOWN STEP	2026-02-25T20:01:17.1174007Z Expected: exactly one matching candidate
Web Tests (3)	UNKNOWN STEP	2026-02-25T20:01:17.1175642Z   Actual: _KeyWidgetFinder:<Found 0 widgets with key [<'loginUsernameInput'>]: []>
Web Tests (3)	UNKNOWN STEP	2026-02-25T20:01:17.1176431Z    Which: means none were found but one was expected
Web Tests (3)	UNKNOWN STEP	2026-02-25T20:01:17.1177004Z Username field should be visible on the login page
Web Tests (3)	UNKNOWN STEP	2026-02-25T20:01:17.1177381Z 
Web Tests (3)	UNKNOWN STEP	2026-02-25T20:01:17.1177937Z When the exception was thrown, this was the stack:
Web Tests (3)	UNKNOWN STEP	2026-02-25T20:01:17.1178908Z dart-sdk/lib/_internal/js_dev_runtime/private/ddc_runtime/errors.dart 274:3       throw_
Web Tests (3)	UNKNOWN STEP	2026-02-25T20:01:17.1179868Z package:matcher/src/expect/expect.dart 187:31                                     fail
Web Tests (3)	UNKNOWN STEP	2026-02-25T20:01:17.1180814Z package:matcher/src/expect/expect.dart 182:3                                      _expect
Web Tests (3)	UNKNOWN STEP	2026-02-25T20:01:17.1181729Z package:matcher/src/expect/expect.dart 65:3                                       expect$
Web Tests (3)	UNKNOWN STEP	2026-02-25T20:01:17.1182685Z package:flutter_test/src/widget_tester.dart 473:18                                expect$
Web Tests (3)	UNKNOWN STEP	2026-02-25T20:01:17.1183576Z helpers/login_helper.dart 186:3                                                   <fn>
Web Tests (3)	UNKNOWN STEP	2026-02-25T20:01:17.1184456Z dart-sdk/lib/_internal/js_dev_runtime/patch/async_patch.dart 623:19               <fn>
Web Tests (3)	UNKNOWN STEP	2026-02-25T20:01:17.1185399Z dart-sdk/lib/_internal/js_dev_runtime/patch/async_patch.dart 648:23               <fn>
Web Tests (3)	UNKNOWN STEP	2026-02-25T20:01:17.1186325Z dart-sdk/lib/_internal/js_dev_runtime/patch/async_patch.dart 594:19               <fn>
Web Tests (3)	UNKNOWN STEP	2026-02-25T20:01:17.1187248Z dart-sdk/lib/async/zone_root.dart 48:47                                           _rootRunUnary
Web Tests (3)	UNKNOWN STEP	2026-02-25T20:01:17.1188795Z dart-sdk/lib/_internal/js_dev_runtime/private/ddc_runtime/operations.dart 118:77  tear
Web Tests (3)	UNKNOWN STEP	2026-02-25T20:01:17.1191000Z dart-sdk/lib/async/zone.dart 733:19                                               runUnary
Web Tests (3)	UNKNOWN STEP	2026-02-25T20:01:17.1226988Z dart-sdk/lib/async/future_impl.dart 222:18                                        handleValue
Web Tests (3)	UNKNOWN STEP	2026-02-25T20:01:17.1228026Z dart-sdk/lib/async/future_impl.dart 948:44                                        handleValueCallback
Web Tests (3)	UNKNOWN STEP	2026-02-25T20:01:17.1229212Z dart-sdk/lib/async/future_impl.dart 977:13                                        _propagateToListeners
Web Tests (3)	UNKNOWN STEP	2026-02-25T20:01:17.1230314Z dart-sdk/lib/async/future_impl.dart 720:5                                         [_completeWithValue]
Web Tests (3)	UNKNOWN STEP	2026-02-25T20:01:17.1231387Z dart-sdk/lib/async/future_impl.dart 804:7                                         <fn>
Web Tests (3)	UNKNOWN STEP	2026-02-25T20:01:17.1232925Z dart-sdk/lib/async/zone_root.dart 35:13                                           _rootRun
Web Tests (3)	UNKNOWN STEP	2026-02-25T20:01:17.1233979Z dart-sdk/lib/_internal/js_dev_runtime/private/ddc_runtime/operations.dart 118:77  tear
Web Tests (3)	UNKNOWN STEP	2026-02-25T20:01:17.1235297Z dart-sdk/lib/async/zone.dart 726:19                                               run
Web Tests (3)	UNKNOWN STEP	2026-02-25T20:01:17.1236297Z dart-sdk/lib/async/zone.dart 625:7                                                runGuarded
Web Tests (3)	UNKNOWN STEP	2026-02-25T20:01:17.1272471Z dart-sdk/lib/async/zone.dart 666:23                                               <fn>
Web Tests (3)	UNKNOWN STEP	2026-02-25T20:01:17.1276486Z dart-sdk/lib/async/schedule_microtask.dart 40:34                                  _microtaskLoop
Web Tests (3)	UNKNOWN STEP	2026-02-25T20:01:17.1279075Z dart-sdk/lib/async/schedule_microtask.dart 49:5                                   _startMicrotaskLoop
Web Tests (3)	UNKNOWN STEP	2026-02-25T20:01:17.1280122Z dart-sdk/lib/_internal/js_dev_runtime/private/ddc_runtime/operations.dart 118:77  tear
Web Tests (3)	UNKNOWN STEP	2026-02-25T20:01:17.1280811Z dart-sdk/lib/_internal/js_dev_runtime/patch/async_patch.dart 188:69               <fn>
Web Tests (3)	UNKNOWN STEP	2026-02-25T20:01:17.1281148Z 
Web Tests (3)	UNKNOWN STEP	2026-02-25T20:01:17.1281240Z The test description was:
Web Tests (3)	UNKNOWN STEP	2026-02-25T20:01:17.1281485Z   Reactions from other users are visible
Web Tests (3)	UNKNOWN STEP	2026-02-25T20:01:17.1282117Z ════════════════════════════════════════════════════════════════════════════════════════════════════
Web Tests (3)	UNKNOWN STEP	2026-02-25T20:01:17.1282695Z 01:02 +2 -1: Engagement & Interaction with Real Matrix Server Reactions from other users are visible [E]
Web Tests (3)	UNKNOWN STEP	2026-02-25T20:01:17.1283165Z   Test failed. See exception logs above.
Web Tests (3)	UNKNOWN STEP	2026-02-25T20:01:17.1283512Z   The test description was: Reactions from other users are visible
Web Tests (3)	UNKNOWN STEP	2026-02-25T20:01:17.1283772Z 
Web Tests (3)	UNKNOWN STEP	2026-02-25T20:01:17.1284050Z 01:02 +2 -2: Engagement & Interaction with Real Matrix Server Can view user profile by tapping avatar
Web Tests (3)	UNKNOWN STEP	2026-02-25T20:01:17.1420352Z Waiting for globalMatrixClient to be initialized...
Web Tests (3)	UNKNOWN STEP	2026-02-25T20:01:17.1479563Z [90m[🌎 Easy Localization] [DEBUG] Localization initialized[0m
Web Tests (3)	UNKNOWN STEP	2026-02-25T20:01:17.1480828Z [Matrix] Initialize client Substitution
Web Tests (3)	UNKNOWN STEP	2026-02-25T20:01:17.1920646Z [Matrix] Successfully connected as testuser1 with http://localhost:8008
Web Tests (3)	UNKNOWN STEP	2026-02-25T20:01:17.2056209Z [90m[🌎 Easy Localization] [DEBUG] Start[0m
Web Tests (3)	UNKNOWN STEP	2026-02-25T20:01:17.6468256Z 01:03 +2 -2: Engagement & Interaction with Real Matrix Server Can react to messages with emoji
Web Tests (3)	UNKNOWN STEP	2026-02-25T20:01:17.6469917Z [90m[🌎 Easy Localization] [DEBUG] Init state[0m
Web Tests (3)	UNKNOWN STEP	2026-02-25T20:01:17.6470563Z [90m[🌎 Easy Localization] [DEBUG] Build[0m
Web Tests (3)	UNKNOWN STEP	2026-02-25T20:01:17.6481541Z [90m[🌎 Easy Localization] [DEBUG] Init Localization Delegate[0m
Web Tests (3)	UNKNOWN STEP	2026-02-25T20:01:17.6483027Z [90m[🌎 Easy Localization] [DEBUG] Init provider[0m
Web Tests (3)	UNKNOWN STEP	2026-02-25T20:01:17.6572388Z [90m[🌎 Easy Localization] [DEBUG] Load Localization Delegate[0m
Web Tests (3)	UNKNOWN STEP	2026-02-25T20:01:17.6581875Z [90m[🌎 Easy Localization] [DEBUG] Load asset from assets/translations[0m
Web Tests (3)	UNKNOWN STEP	2026-02-25T20:01:17.6612590Z 01:03 +2 -2: Engagement & Interaction with Real Matrix Server Can view user profile by tapping avatar
Web Tests (3)	UNKNOWN STEP	2026-02-25T20:01:17.6620793Z globalMatrixClient initialized!
Web Tests (3)	UNKNOWN STEP	2026-02-25T20:01:17.6626397Z Waiting for globalMatrixClient to be initialized...
Web Tests (3)	UNKNOWN STEP	2026-02-25T20:01:17.6626995Z globalMatrixClient initialized!
Web Tests (3)	UNKNOWN STEP	2026-02-25T20:01:17.6627584Z Step 1: Checking for Age Gate, Intro, or Login fields...
Web Tests (3)	UNKNOWN STEP	2026-02-25T20:01:18.1784814Z 01:03 +2 -2: Engagement & Interaction with Real Matrix Server Can react to messages with emoji
Web Tests (3)	UNKNOWN STEP	2026-02-25T20:01:18.1786062Z [90m[🌎 Easy Localization] [DEBUG] Build[0m
Web Tests (3)	UNKNOWN STEP	2026-02-25T20:01:18.1787448Z [90m[🌎 Easy Localization] [DEBUG] Init Localization Delegate[0m
Web Tests (3)	UNKNOWN STEP	2026-02-25T20:01:18.1787925Z [90m[🌎 Easy Localization] [DEBUG] Init provider[0m
Web Tests (3)	UNKNOWN STEP	2026-02-25T20:01:18.3051494Z checking room test_art id: !TdXlUkXMCdaQFteyzz:test.matrix.local
Web Tests (3)	UNKNOWN STEP	2026-02-25T20:01:18.3057757Z checking room test_invite_only id: !pGEnkfswaBujRltsUj:test.matrix.local
Web Tests (3)	UNKNOWN STEP	2026-02-25T20:01:18.3058952Z checking room test_photos id: !UpORmoRpeOkmiGzmgJ:test.matrix.local
Web Tests (3)	UNKNOWN STEP	2026-02-25T20:01:18.3059762Z checking room test_general id: !xoGPSiIBleqXDUireT:test.matrix.local
Web Tests (3)	UNKNOWN STEP	2026-02-25T20:01:18.3060412Z checking room test_avatar id: !AsJkbVnkMOHHVaNrbJ:test.matrix.local
Web Tests (3)	UNKNOWN STEP	2026-02-25T20:01:18.3060777Z start quering new events...
Web Tests (3)	UNKNOWN STEP	2026-02-25T20:01:18.3061117Z finished...
Web Tests (3)	UNKNOWN STEP	2026-02-25T20:01:18.3061410Z ret is empty...
Web Tests (3)	UNKNOWN STEP	2026-02-25T20:01:18.3067793Z no new things to append...
Web Tests (3)	UNKNOWN STEP	2026-02-25T20:01:33.2032770Z 01:18 +2 -2: Engagement & Interaction with Real Matrix Server Can view user profile by tapping avatar
Web Tests (3)	UNKNOWN STEP	2026-02-25T20:01:33.2034596Z Host page skipped (already configured or not visible).
Web Tests (3)	UNKNOWN STEP	2026-02-25T20:01:35.2374232Z Step 4: Looking for login fields...
Web Tests (3)	UNKNOWN STEP	2026-02-25T20:01:35.2391048Z CRITICAL: loginUsernameInput NOT FOUND!
Web Tests (3)	UNKNOWN STEP	2026-02-25T20:01:35.2413144Z All visible text: Your feed is empty. Follow some rooms to see posts!, Find new rooms, Substitution
Web Tests (3)	UNKNOWN STEP	2026-02-25T20:01:35.3623698Z ══╡ EXCEPTION CAUGHT BY FLUTTER TEST FRAMEWORK ╞════════════════════════════════════════════════════
Web Tests (3)	UNKNOWN STEP	2026-02-25T20:01:35.3625498Z The following TestFailure was thrown running a test:
Web Tests (3)	UNKNOWN STEP	2026-02-25T20:01:35.3626107Z Expected: exactly one matching candidate
Web Tests (3)	UNKNOWN STEP	2026-02-25T20:01:35.3629442Z   Actual: _KeyWidgetFinder:<Found 0 widgets with key [<'loginUsernameInput'>]: []>
Web Tests (3)	UNKNOWN STEP	2026-02-25T20:01:35.3631563Z    Which: means none were found but one was expected
Web Tests (3)	UNKNOWN STEP	2026-02-25T20:01:35.3632217Z Username field should be visible on the login page
Web Tests (3)	UNKNOWN STEP	2026-02-25T20:01:35.3632636Z 
Web Tests (3)	UNKNOWN STEP	2026-02-25T20:01:35.3632848Z When the exception was thrown, this was the stack:
Web Tests (3)	UNKNOWN STEP	2026-02-25T20:01:35.3633607Z dart-sdk/lib/_internal/js_dev_runtime/private/ddc_runtime/errors.dart 274:3       throw_
Web Tests (3)	UNKNOWN STEP	2026-02-25T20:01:35.3634562Z package:matcher/src/expect/expect.dart 187:31                                     fail
Web Tests (3)	UNKNOWN STEP	2026-02-25T20:01:35.3635505Z package:matcher/src/expect/expect.dart 182:3                                      _expect
Web Tests (3)	UNKNOWN STEP	2026-02-25T20:01:35.3636435Z package:matcher/src/expect/expect.dart 65:3                                       expect$
Web Tests (3)	UNKNOWN STEP	2026-02-25T20:01:35.3637369Z package:flutter_test/src/widget_tester.dart 473:18                                expect$
Web Tests (3)	UNKNOWN STEP	2026-02-25T20:01:35.3638874Z helpers/login_helper.dart 186:3                                                   <fn>
Web Tests (3)	UNKNOWN STEP	2026-02-25T20:01:35.3640733Z dart-sdk/lib/_internal/js_dev_runtime/patch/async_patch.dart 623:19               <fn>
Web Tests (3)	UNKNOWN STEP	2026-02-25T20:01:35.3641693Z dart-sdk/lib/_internal/js_dev_runtime/patch/async_patch.dart 648:23               <fn>
Web Tests (3)	UNKNOWN STEP	2026-02-25T20:01:35.3692579Z dart-sdk/lib/_internal/js_dev_runtime/patch/async_patch.dart 594:19               <fn>
Web Tests (3)	UNKNOWN STEP	2026-02-25T20:01:35.3694288Z dart-sdk/lib/async/zone_root.dart 48:47                                           _rootRunUnary
Web Tests (3)	UNKNOWN STEP	2026-02-25T20:01:35.3700062Z dart-sdk/lib/_internal/js_dev_runtime/private/ddc_runtime/operations.dart 118:77  tear
Web Tests (3)	UNKNOWN STEP	2026-02-25T20:01:35.3701636Z dart-sdk/lib/async/zone.dart 733:19                                               runUnary
Web Tests (3)	UNKNOWN STEP	2026-02-25T20:01:35.3703411Z dart-sdk/lib/async/future_impl.dart 222:18                                        handleValue
Web Tests (3)	UNKNOWN STEP	2026-02-25T20:01:35.3705794Z dart-sdk/lib/async/future_impl.dart 948:44                                        handleValueCallback
Web Tests (3)	UNKNOWN STEP	2026-02-25T20:01:35.3707174Z dart-sdk/lib/async/future_impl.dart 977:13                                        _propagateToListeners
Web Tests (3)	UNKNOWN STEP	2026-02-25T20:01:35.3709501Z dart-sdk/lib/async/future_impl.dart 720:5                                         [_completeWithValue]
Web Tests (3)	UNKNOWN STEP	2026-02-25T20:01:35.3714671Z dart-sdk/lib/async/future_impl.dart 804:7                                         <fn>
Web Tests (3)	UNKNOWN STEP	2026-02-25T20:01:35.3715581Z dart-sdk/lib/async/zone_root.dart 35:13                                           _rootRun
Web Tests (3)	UNKNOWN STEP	2026-02-25T20:01:35.3716488Z dart-sdk/lib/_internal/js_dev_runtime/private/ddc_runtime/operations.dart 118:77  tear
Web Tests (3)	UNKNOWN STEP	2026-02-25T20:01:35.3717353Z dart-sdk/lib/async/zone.dart 726:19                                               run
Web Tests (3)	UNKNOWN STEP	2026-02-25T20:01:35.3718399Z dart-sdk/lib/async/zone.dart 625:7                                                runGuarded
Web Tests (3)	UNKNOWN STEP	2026-02-25T20:01:35.3738948Z dart-sdk/lib/async/zone.dart 666:23                                               <fn>
Web Tests (3)	UNKNOWN STEP	2026-02-25T20:01:35.3739933Z dart-sdk/lib/async/schedule_microtask.dart 40:34                                  _microtaskLoop
Web Tests (3)	UNKNOWN STEP	2026-02-25T20:01:35.3740901Z dart-sdk/lib/async/schedule_microtask.dart 49:5                                   _startMicrotaskLoop
Web Tests (3)	UNKNOWN STEP	2026-02-25T20:01:35.3742152Z dart-sdk/lib/_internal/js_dev_runtime/private/ddc_runtime/operations.dart 118:77  tear
Web Tests (3)	UNKNOWN STEP	2026-02-25T20:01:35.3751967Z dart-sdk/lib/_internal/js_dev_runtime/patch/async_patch.dart 188:69               <fn>
Web Tests (3)	UNKNOWN STEP	2026-02-25T20:01:35.3757667Z 
Web Tests (3)	UNKNOWN STEP	2026-02-25T20:01:35.3759164Z The test description was:
Web Tests (3)	UNKNOWN STEP	2026-02-25T20:01:35.3759980Z   Can view user profile by tapping avatar
Web Tests (3)	UNKNOWN STEP	2026-02-25T20:01:35.3761321Z ════════════════════════════════════════════════════════════════════════════════════════════════════
Web Tests (3)	UNKNOWN STEP	2026-02-25T20:01:35.3762647Z 01:21 +2 -2: Engagement & Interaction with Real Matrix Server Can view user profile by tapping avatar [E]
Web Tests (3)	UNKNOWN STEP	2026-02-25T20:01:35.3764491Z   Test failed. See exception logs above.
Web Tests (3)	UNKNOWN STEP	2026-02-25T20:01:35.3765101Z   The test description was: Can view user profile by tapping avatar
Web Tests (3)	UNKNOWN STEP	2026-02-25T20:01:35.3765528Z 
Web Tests (3)	UNKNOWN STEP	2026-02-25T20:01:35.3766119Z 01:21 +2 -3: Engagement & Interaction with Real Matrix Server Message interactions work with messages from test_general room
Web Tests (3)	UNKNOWN STEP	2026-02-25T20:01:35.3907019Z Waiting for globalMatrixClient to be initialized...
Web Tests (3)	UNKNOWN STEP	2026-02-25T20:01:35.3964661Z [90m[🌎 Easy Localization] [DEBUG] Localization initialized[0m
Web Tests (3)	UNKNOWN STEP	2026-02-25T20:01:35.3967002Z [Matrix] Initialize client Substitution
Web Tests (3)	UNKNOWN STEP	2026-02-25T20:01:35.4297343Z [Matrix] Successfully connected as testuser1 with http://localhost:8008
Web Tests (3)	UNKNOWN STEP	2026-02-25T20:01:35.4617308Z [90m[🌎 Easy Localization] [DEBUG] Start[0m
Web Tests (3)	UNKNOWN STEP	2026-02-25T20:01:35.8967443Z 01:21 +2 -3: Engagement & Interaction with Real Matrix Server Can react to messages with emoji
Web Tests (3)	UNKNOWN STEP	2026-02-25T20:01:35.8969010Z [90m[🌎 Easy Localization] [DEBUG] Init state[0m
Web Tests (3)	UNKNOWN STEP	2026-02-25T20:01:35.8969637Z [90m[🌎 Easy Localization] [DEBUG] Build[0m
Web Tests (3)	UNKNOWN STEP	2026-02-25T20:01:35.8975347Z [90m[🌎 Easy Localization] [DEBUG] Init Localization Delegate[0m
Web Tests (3)	UNKNOWN STEP	2026-02-25T20:01:35.8976675Z [90m[🌎 Easy Localization] [DEBUG] Init provider[0m
Web Tests (3)	UNKNOWN STEP	2026-02-25T20:01:35.9066136Z [90m[🌎 Easy Localization] [DEBUG] Load Localization Delegate[0m
Web Tests (3)	UNKNOWN STEP	2026-02-25T20:01:35.9067532Z [90m[🌎 Easy Localization] [DEBUG] Load asset from assets/translations[0m
Web Tests (3)	UNKNOWN STEP	2026-02-25T20:01:35.9100747Z 01:21 +2 -3: Engagement & Interaction with Real Matrix Server Message interactions work with messages from test_general room
Web Tests (3)	UNKNOWN STEP	2026-02-25T20:01:35.9110473Z globalMatrixClient initialized!
Web Tests (3)	UNKNOWN STEP	2026-02-25T20:01:35.9111248Z Waiting for globalMatrixClient to be initialized...
Web Tests (3)	UNKNOWN STEP	2026-02-25T20:01:35.9111841Z globalMatrixClient initialized!
Web Tests (3)	UNKNOWN STEP	2026-02-25T20:01:35.9113243Z Step 1: Checking for Age Gate, Intro, or Login fields...
Web Tests (3)	UNKNOWN STEP	2026-02-25T20:01:36.4280972Z 01:22 +2 -3: Engagement & Interaction with Real Matrix Server Can react to messages with emoji
Web Tests (3)	UNKNOWN STEP	2026-02-25T20:01:36.4282521Z [90m[🌎 Easy Localization] [DEBUG] Build[0m
Web Tests (3)	UNKNOWN STEP	2026-02-25T20:01:36.4283264Z [90m[🌎 Easy Localization] [DEBUG] Init Localization Delegate[0m
Web Tests (3)	UNKNOWN STEP	2026-02-25T20:01:36.4283854Z [90m[🌎 Easy Localization] [DEBUG] Init provider[0m
Web Tests (3)	UNKNOWN STEP	2026-02-25T20:01:36.5496115Z checking room test_art id: !TdXlUkXMCdaQFteyzz:test.matrix.local
Web Tests (3)	UNKNOWN STEP	2026-02-25T20:01:36.5496989Z checking room test_invite_only id: !pGEnkfswaBujRltsUj:test.matrix.local
Web Tests (3)	UNKNOWN STEP	2026-02-25T20:01:36.5497882Z checking room test_photos id: !UpORmoRpeOkmiGzmgJ:test.matrix.local
Web Tests (3)	UNKNOWN STEP	2026-02-25T20:01:36.5506849Z checking room test_general id: !xoGPSiIBleqXDUireT:test.matrix.local
Web Tests (3)	UNKNOWN STEP	2026-02-25T20:01:36.5507697Z checking room test_avatar id: !AsJkbVnkMOHHVaNrbJ:test.matrix.local
Web Tests (3)	UNKNOWN STEP	2026-02-25T20:01:36.5508552Z start quering new events...
Web Tests (3)	UNKNOWN STEP	2026-02-25T20:01:36.5508946Z finished...
Web Tests (3)	UNKNOWN STEP	2026-02-25T20:01:36.5509271Z ret is empty...
Web Tests (3)	UNKNOWN STEP	2026-02-25T20:01:36.5509898Z no new things to append...
Web Tests (3)	UNKNOWN STEP	2026-02-25T20:01:36.6102307Z [Matrix] Current sync request ID has changed. Dropping this sync loop!
Web Tests (3)	UNKNOWN STEP	2026-02-25T20:01:51.4366015Z 01:37 +2 -3: Engagement & Interaction with Real Matrix Server Message interactions work with messages from test_general room
Web Tests (3)	UNKNOWN STEP	2026-02-25T20:01:51.4367170Z Host page skipped (already configured or not visible).
Web Tests (3)	UNKNOWN STEP	2026-02-25T20:01:53.4699686Z Step 4: Looking for login fields...
Web Tests (3)	UNKNOWN STEP	2026-02-25T20:01:53.4711785Z CRITICAL: loginUsernameInput NOT FOUND!
Web Tests (3)	UNKNOWN STEP	2026-02-25T20:01:53.4731413Z All visible text: Your feed is empty. Follow some rooms to see posts!, Find new rooms, Substitution
Web Tests (3)	UNKNOWN STEP	2026-02-25T20:01:53.5814691Z ══╡ EXCEPTION CAUGHT BY FLUTTER TEST FRAMEWORK ╞════════════════════════════════════════════════════
Web Tests (3)	UNKNOWN STEP	2026-02-25T20:01:53.5817657Z The following TestFailure was thrown running a test:
Web Tests (3)	UNKNOWN STEP	2026-02-25T20:01:53.5820472Z Expected: exactly one matching candidate
Web Tests (3)	UNKNOWN STEP	2026-02-25T20:01:53.5825150Z   Actual: _KeyWidgetFinder:<Found 0 widgets with key [<'loginUsernameInput'>]: []>
Web Tests (3)	UNKNOWN STEP	2026-02-25T20:01:53.5829902Z    Which: means none were found but one was expected
Web Tests (3)	UNKNOWN STEP	2026-02-25T20:01:53.5834020Z Username field should be visible on the login page
Web Tests (3)	UNKNOWN STEP	2026-02-25T20:01:53.5836953Z 
Web Tests (3)	UNKNOWN STEP	2026-02-25T20:01:53.5840752Z When the exception was thrown, this was the stack:
Web Tests (3)	UNKNOWN STEP	2026-02-25T20:01:53.5844109Z dart-sdk/lib/_internal/js_dev_runtime/private/ddc_runtime/errors.dart 274:3       throw_
Web Tests (3)	UNKNOWN STEP	2026-02-25T20:01:53.5847678Z package:matcher/src/expect/expect.dart 187:31                                     fail
Web Tests (3)	UNKNOWN STEP	2026-02-25T20:01:53.5851109Z package:matcher/src/expect/expect.dart 182:3                                      _expect
Web Tests (3)	UNKNOWN STEP	2026-02-25T20:01:53.5854635Z package:matcher/src/expect/expect.dart 65:3                                       expect$
Web Tests (3)	UNKNOWN STEP	2026-02-25T20:01:53.5858863Z package:flutter_test/src/widget_tester.dart 473:18                                expect$
Web Tests (3)	UNKNOWN STEP	2026-02-25T20:01:53.5861531Z helpers/login_helper.dart 186:3                                                   <fn>
Web Tests (3)	UNKNOWN STEP	2026-02-25T20:01:53.5864173Z dart-sdk/lib/_internal/js_dev_runtime/patch/async_patch.dart 623:19               <fn>
Web Tests (3)	UNKNOWN STEP	2026-02-25T20:01:53.6009518Z dart-sdk/lib/_internal/js_dev_runtime/patch/async_patch.dart 648:23               <fn>
Web Tests (3)	UNKNOWN STEP	2026-02-25T20:01:53.6012042Z dart-sdk/lib/_internal/js_dev_runtime/patch/async_patch.dart 594:19               <fn>
Web Tests (3)	UNKNOWN STEP	2026-02-25T20:01:53.6014881Z dart-sdk/lib/async/zone_root.dart 48:47                                           _rootRunUnary
Web Tests (3)	UNKNOWN STEP	2026-02-25T20:01:53.6020561Z dart-sdk/lib/_internal/js_dev_runtime/private/ddc_runtime/operations.dart 118:77  tear
Web Tests (3)	UNKNOWN STEP	2026-02-25T20:01:53.6022106Z dart-sdk/lib/async/zone.dart 733:19                                               runUnary
Web Tests (3)	UNKNOWN STEP	2026-02-25T20:01:53.6025226Z dart-sdk/lib/async/future_impl.dart 222:18                                        handleValue
Web Tests (3)	UNKNOWN STEP	2026-02-25T20:01:53.6026141Z dart-sdk/lib/async/future_impl.dart 948:44                                        handleValueCallback
Web Tests (3)	UNKNOWN STEP	2026-02-25T20:01:53.6027027Z dart-sdk/lib/async/future_impl.dart 977:13                                        _propagateToListeners
Web Tests (3)	UNKNOWN STEP	2026-02-25T20:01:53.6027921Z dart-sdk/lib/async/future_impl.dart 720:5                                         [_completeWithValue]
Web Tests (3)	UNKNOWN STEP	2026-02-25T20:01:53.6029022Z dart-sdk/lib/async/future_impl.dart 804:7                                         <fn>
Web Tests (3)	UNKNOWN STEP	2026-02-25T20:01:53.6029865Z dart-sdk/lib/async/zone_root.dart 35:13                                           _rootRun
Web Tests (3)	UNKNOWN STEP	2026-02-25T20:01:53.6030717Z dart-sdk/lib/_internal/js_dev_runtime/private/ddc_runtime/operations.dart 118:77  tear
Web Tests (3)	UNKNOWN STEP	2026-02-25T20:01:53.6031860Z dart-sdk/lib/async/zone.dart 726:19                                               run
Web Tests (3)	UNKNOWN STEP	2026-02-25T20:01:53.6032613Z dart-sdk/lib/async/zone.dart 625:7                                                runGuarded
Web Tests (3)	UNKNOWN STEP	2026-02-25T20:01:53.6033353Z dart-sdk/lib/async/zone.dart 666:23                                               <fn>
Web Tests (3)	UNKNOWN STEP	2026-02-25T20:01:53.6034150Z dart-sdk/lib/async/schedule_microtask.dart 40:34                                  _microtaskLoop
Web Tests (3)	UNKNOWN STEP	2026-02-25T20:01:53.6035070Z dart-sdk/lib/async/schedule_microtask.dart 49:5                                   _startMicrotaskLoop
Web Tests (3)	UNKNOWN STEP	2026-02-25T20:01:53.6036357Z dart-sdk/lib/_internal/js_dev_runtime/private/ddc_runtime/operations.dart 118:77  tear
Web Tests (3)	UNKNOWN STEP	2026-02-25T20:01:53.6037436Z dart-sdk/lib/_internal/js_dev_runtime/patch/async_patch.dart 188:69               <fn>
Web Tests (3)	UNKNOWN STEP	2026-02-25T20:01:53.6038746Z 
Web Tests (3)	UNKNOWN STEP	2026-02-25T20:01:53.6039148Z The test description was:
Web Tests (3)	UNKNOWN STEP	2026-02-25T20:01:53.6039909Z   Message interactions work with messages from test_general room
Web Tests (3)	UNKNOWN STEP	2026-02-25T20:01:53.6041300Z ════════════════════════════════════════════════════════════════════════════════════════════════════
Web Tests (3)	UNKNOWN STEP	2026-02-25T20:01:53.6042834Z 01:39 +2 -3: Engagement & Interaction with Real Matrix Server Message interactions work with messages from test_general room [E]
Web Tests (3)	UNKNOWN STEP	2026-02-25T20:01:53.6043987Z   Test failed. See exception logs above.
Web Tests (3)	UNKNOWN STEP	2026-02-25T20:01:53.6045095Z   The test description was: Message interactions work with messages from test_general room
Web Tests (3)	UNKNOWN STEP	2026-02-25T20:01:53.6045664Z 
Web Tests (3)	UNKNOWN STEP	2026-02-25T20:01:53.6046339Z 01:39 +2 -4: Engagement & Interaction with Real Matrix Server Thread/reply view shows conversation context
Web Tests (3)	UNKNOWN STEP	2026-02-25T20:01:53.6130091Z Waiting for globalMatrixClient to be initialized...
Web Tests (3)	UNKNOWN STEP	2026-02-25T20:01:53.6291251Z [90m[🌎 Easy Localization] [DEBUG] Localization initialized[0m
Web Tests (3)	UNKNOWN STEP	2026-02-25T20:01:53.6293190Z [Matrix] Initialize client Substitution
Web Tests (3)	UNKNOWN STEP	2026-02-25T20:01:53.6541450Z [Matrix] Successfully connected as testuser1 with http://localhost:8008
Web Tests (3)	UNKNOWN STEP	2026-02-25T20:01:53.6689708Z [90m[🌎 Easy Localization] [DEBUG] Start[0m
Web Tests (3)	UNKNOWN STEP	2026-02-25T20:01:54.1281984Z 01:39 +2 -4: Engagement & Interaction with Real Matrix Server Can react to messages with emoji
Web Tests (3)	UNKNOWN STEP	2026-02-25T20:01:54.1289019Z [90m[🌎 Easy Localization] [DEBUG] Init state[0m
Web Tests (3)	UNKNOWN STEP	2026-02-25T20:01:54.1297466Z [90m[🌎 Easy Localization] [DEBUG] Build[0m
Web Tests (3)	UNKNOWN STEP	2026-02-25T20:01:54.1298841Z [90m[🌎 Easy Localization] [DEBUG] Init Localization Delegate[0m
Web Tests (3)	UNKNOWN STEP	2026-02-25T20:01:54.1299793Z [90m[🌎 Easy Localization] [DEBUG] Init provider[0m
Web Tests (3)	UNKNOWN STEP	2026-02-25T20:01:54.1391359Z [90m[🌎 Easy Localization] [DEBUG] Load Localization Delegate[0m
Web Tests (3)	UNKNOWN STEP	2026-02-25T20:01:54.1392700Z [90m[🌎 Easy Localization] [DEBUG] Load asset from assets/translations[0m
Web Tests (3)	UNKNOWN STEP	2026-02-25T20:01:54.1424914Z 01:39 +2 -4: Engagement & Interaction with Real Matrix Server Thread/reply view shows conversation context
Web Tests (3)	UNKNOWN STEP	2026-02-25T20:01:54.1433555Z globalMatrixClient initialized!
Web Tests (3)	UNKNOWN STEP	2026-02-25T20:01:54.1434445Z Waiting for globalMatrixClient to be initialized...
Web Tests (3)	UNKNOWN STEP	2026-02-25T20:01:54.1435006Z globalMatrixClient initialized!
Web Tests (3)	UNKNOWN STEP	2026-02-25T20:01:54.1440592Z Step 1: Checking for Age Gate, Intro, or Login fields...
Web Tests (3)	UNKNOWN STEP	2026-02-25T20:01:54.6605362Z 01:40 +2 -4: Engagement & Interaction with Real Matrix Server Can react to messages with emoji
Web Tests (3)	UNKNOWN STEP	2026-02-25T20:01:54.6606597Z [90m[🌎 Easy Localization] [DEBUG] Build[0m
Web Tests (3)	UNKNOWN STEP	2026-02-25T20:01:54.6607342Z [90m[🌎 Easy Localization] [DEBUG] Init Localization Delegate[0m
Web Tests (3)	UNKNOWN STEP	2026-02-25T20:01:54.6608291Z [90m[🌎 Easy Localization] [DEBUG] Init provider[0m
Web Tests (3)	UNKNOWN STEP	2026-02-25T20:01:54.7833622Z checking room test_art id: !TdXlUkXMCdaQFteyzz:test.matrix.local
Web Tests (3)	UNKNOWN STEP	2026-02-25T20:01:54.7834508Z checking room test_invite_only id: !pGEnkfswaBujRltsUj:test.matrix.local
Web Tests (3)	UNKNOWN STEP	2026-02-25T20:01:54.7835321Z checking room test_photos id: !UpORmoRpeOkmiGzmgJ:test.matrix.local
Web Tests (3)	UNKNOWN STEP	2026-02-25T20:01:54.7836136Z checking room test_general id: !xoGPSiIBleqXDUireT:test.matrix.local
Web Tests (3)	UNKNOWN STEP	2026-02-25T20:01:54.7846438Z checking room test_avatar id: !AsJkbVnkMOHHVaNrbJ:test.matrix.local
Web Tests (3)	UNKNOWN STEP	2026-02-25T20:01:54.7849222Z start quering new events...
Web Tests (3)	UNKNOWN STEP	2026-02-25T20:01:54.7849633Z finished...
Web Tests (3)	UNKNOWN STEP	2026-02-25T20:01:54.7849940Z ret is empty...
Web Tests (3)	UNKNOWN STEP	2026-02-25T20:01:54.7850554Z no new things to append...
Web Tests (3)	UNKNOWN STEP	2026-02-25T20:02:06.6163612Z [Matrix] Current sync request ID has changed. Dropping this sync loop!
Web Tests (3)	UNKNOWN STEP	2026-02-25T20:02:09.6642951Z 01:55 +2 -4: Engagement & Interaction with Real Matrix Server Thread/reply view shows conversation context
Web Tests (3)	UNKNOWN STEP	2026-02-25T20:02:09.6643660Z Host page skipped (already configured or not visible).
Web Tests (3)	UNKNOWN STEP	2026-02-25T20:02:11.6992678Z Step 4: Looking for login fields...
Web Tests (3)	UNKNOWN STEP	2026-02-25T20:02:11.7006386Z CRITICAL: loginUsernameInput NOT FOUND!
Web Tests (3)	UNKNOWN STEP	2026-02-25T20:02:11.7025890Z All visible text: Your feed is empty. Follow some rooms to see posts!, Find new rooms, Substitution
Web Tests (3)	UNKNOWN STEP	2026-02-25T20:02:11.8107339Z ══╡ EXCEPTION CAUGHT BY FLUTTER TEST FRAMEWORK ╞════════════════════════════════════════════════════
Web Tests (3)	UNKNOWN STEP	2026-02-25T20:02:11.8108431Z The following TestFailure was thrown running a test:
Web Tests (3)	UNKNOWN STEP	2026-02-25T20:02:11.8108998Z Expected: exactly one matching candidate
Web Tests (3)	UNKNOWN STEP	2026-02-25T20:02:11.8109710Z   Actual: _KeyWidgetFinder:<Found 0 widgets with key [<'loginUsernameInput'>]: []>
Web Tests (3)	UNKNOWN STEP	2026-02-25T20:02:11.8110654Z    Which: means none were found but one was expected
Web Tests (3)	UNKNOWN STEP	2026-02-25T20:02:11.8111236Z Username field should be visible on the login page
Web Tests (3)	UNKNOWN STEP	2026-02-25T20:02:11.8111608Z 
Web Tests (3)	UNKNOWN STEP	2026-02-25T20:02:11.8111817Z When the exception was thrown, this was the stack:
Web Tests (3)	UNKNOWN STEP	2026-02-25T20:02:11.8121703Z dart-sdk/lib/_internal/js_dev_runtime/private/ddc_runtime/errors.dart 274:3       throw_
Web Tests (3)	UNKNOWN STEP	2026-02-25T20:02:11.8122738Z package:matcher/src/expect/expect.dart 187:31                                     fail
Web Tests (3)	UNKNOWN STEP	2026-02-25T20:02:11.8123706Z package:matcher/src/expect/expect.dart 182:3                                      _expect
Web Tests (3)	UNKNOWN STEP	2026-02-25T20:02:11.8124754Z package:matcher/src/expect/expect.dart 65:3                                       expect$
Web Tests (3)	UNKNOWN STEP	2026-02-25T20:02:11.8127092Z package:flutter_test/src/widget_tester.dart 473:18                                expect$
Web Tests (3)	UNKNOWN STEP	2026-02-25T20:02:11.8128066Z helpers/login_helper.dart 186:3                                                   <fn>
Web Tests (3)	UNKNOWN STEP	2026-02-25T20:02:11.8129688Z dart-sdk/lib/_internal/js_dev_runtime/patch/async_patch.dart 623:19               <fn>
Web Tests (3)	UNKNOWN STEP	2026-02-25T20:02:11.8130639Z dart-sdk/lib/_internal/js_dev_runtime/patch/async_patch.dart 648:23               <fn>
Web Tests (3)	UNKNOWN STEP	2026-02-25T20:02:11.8131555Z dart-sdk/lib/_internal/js_dev_runtime/patch/async_patch.dart 594:19               <fn>
Web Tests (3)	UNKNOWN STEP	2026-02-25T20:02:11.8132525Z dart-sdk/lib/async/zone_root.dart 48:47                                           _rootRunUnary
Web Tests (3)	UNKNOWN STEP	2026-02-25T20:02:11.8133463Z dart-sdk/lib/_internal/js_dev_runtime/private/ddc_runtime/operations.dart 118:77  tear
Web Tests (3)	UNKNOWN STEP	2026-02-25T20:02:11.8134360Z dart-sdk/lib/async/zone.dart 733:19                                               runUnary
Web Tests (3)	UNKNOWN STEP	2026-02-25T20:02:11.8135640Z dart-sdk/lib/async/future_impl.dart 222:18                                        handleValue
Web Tests (3)	UNKNOWN STEP	2026-02-25T20:02:11.8136660Z dart-sdk/lib/async/future_impl.dart 948:44                                        handleValueCallback
Web Tests (3)	UNKNOWN STEP	2026-02-25T20:02:11.8194761Z dart-sdk/lib/async/future_impl.dart 977:13                                        _propagateToListeners
Web Tests (3)	UNKNOWN STEP	2026-02-25T20:02:11.8197191Z dart-sdk/lib/async/future_impl.dart 720:5                                         [_completeWithValue]
Web Tests (3)	UNKNOWN STEP	2026-02-25T20:02:11.8198631Z dart-sdk/lib/async/future_impl.dart 804:7                                         <fn>
Web Tests (3)	UNKNOWN STEP	2026-02-25T20:02:11.8199862Z dart-sdk/lib/async/zone_root.dart 35:13                                           _rootRun
Web Tests (3)	UNKNOWN STEP	2026-02-25T20:02:11.8201103Z dart-sdk/lib/_internal/js_dev_runtime/private/ddc_runtime/operations.dart 118:77  tear
Web Tests (3)	UNKNOWN STEP	2026-02-25T20:02:11.8201997Z dart-sdk/lib/async/zone.dart 726:19                                               run
Web Tests (3)	UNKNOWN STEP	2026-02-25T20:02:11.8202841Z dart-sdk/lib/async/zone.dart 625:7                                                runGuarded
Web Tests (3)	UNKNOWN STEP	2026-02-25T20:02:11.8203465Z dart-sdk/lib/async/zone.dart 666:23                                               <fn>
Web Tests (3)	UNKNOWN STEP	2026-02-25T20:02:11.8204037Z dart-sdk/lib/async/schedule_microtask.dart 40:34                                  _microtaskLoop
Web Tests (3)	UNKNOWN STEP	2026-02-25T20:02:11.8205239Z dart-sdk/lib/async/schedule_microtask.dart 49:5                                   _startMicrotaskLoop
Web Tests (3)	UNKNOWN STEP	2026-02-25T20:02:11.8206283Z dart-sdk/lib/_internal/js_dev_runtime/private/ddc_runtime/operations.dart 118:77  tear
Web Tests (3)	UNKNOWN STEP	2026-02-25T20:02:11.8207217Z dart-sdk/lib/_internal/js_dev_runtime/patch/async_patch.dart 188:69               <fn>
Web Tests (3)	UNKNOWN STEP	2026-02-25T20:02:11.8207765Z 
Web Tests (3)	UNKNOWN STEP	2026-02-25T20:02:11.8207919Z The test description was:
Web Tests (3)	UNKNOWN STEP	2026-02-25T20:02:11.8208544Z   Thread/reply view shows conversation context
Web Tests (3)	UNKNOWN STEP	2026-02-25T20:02:11.8209559Z ════════════════════════════════════════════════════════════════════════════════════════════════════
Web Tests (3)	UNKNOWN STEP	2026-02-25T20:02:11.8210190Z 01:57 +2 -4: Engagement & Interaction with Real Matrix Server Thread/reply view shows conversation context [E]
Web Tests (3)	UNKNOWN STEP	2026-02-25T20:02:11.8210754Z   Test failed. See exception logs above.
Web Tests (3)	UNKNOWN STEP	2026-02-25T20:02:11.8211385Z   The test description was: Thread/reply view shows conversation context
Web Tests (3)	UNKNOWN STEP	2026-02-25T20:02:11.8211687Z 
Web Tests (3)	UNKNOWN STEP	2026-02-25T20:02:11.8211779Z 01:57 +2 -5: (tearDownAll)
Web Tests (3)	UNKNOWN STEP	2026-02-25T20:02:11.8224150Z 01:57 +3 -5: Some tests failed.
Web Tests (3)	UNKNOWN STEP	2026-02-25T20:02:36.6262704Z [Matrix] Current sync request ID has changed. Dropping this sync loop!
Web Tests (3)	UNKNOWN STEP	2026-02-25T20:09:26.8687334Z [0;31m[ERROR][0m Timed out and had failures: integration_test/interaction_with_matrix_test.dart (5 failed)
Web Tests (3)	UNKNOWN STEP	2026-02-25T20:09:26.8703748Z [0;31m[ERROR][0m Web integration tests failed
Web Tests (3)	UNKNOWN STEP	2026-02-25T20:09:26.8704968Z [0;31m[ERROR][0m Web tests failed
Web Tests (3)	UNKNOWN STEP	2026-02-25T20:09:26.8706032Z 
Web Tests (3)	UNKNOWN STEP	2026-02-25T20:09:26.8706582Z [1m══════════════════════════════════════════════════════════[0m
Web Tests (3)	UNKNOWN STEP	2026-02-25T20:09:26.8707205Z [1m  Test Results Summary[0m
Web Tests (3)	UNKNOWN STEP	2026-02-25T20:09:26.8708781Z [1m══════════════════════════════════════════════════════════[0m
Web Tests (3)	UNKNOWN STEP	2026-02-25T20:09:26.8709222Z 
Web Tests (3)	UNKNOWN STEP	2026-02-25T20:09:26.8709453Z   TARGET             PASSED   FAILED  SKIPPED   DURATION
Web Tests (3)	UNKNOWN STEP	2026-02-25T20:09:26.8710200Z   ──────────────── ──────── ──────── ──────── ──────────
Web Tests (3)	UNKNOWN STEP	2026-02-25T20:09:26.8710925Z   [0;31mweb-integration [0m        3        5        1     20m 0s
Web Tests (3)	UNKNOWN STEP	2026-02-25T20:09:26.8711370Z 
Web Tests (3)	UNKNOWN STEP	2026-02-25T20:09:26.8711659Z   ──────────────── ──────── ──────── ────────
Web Tests (3)	UNKNOWN STEP	2026-02-25T20:09:26.8712257Z   [0;31mTOTAL                   3        5        1[0m
Web Tests (3)	UNKNOWN STEP	2026-02-25T20:09:26.8712595Z 
Web Tests (3)	UNKNOWN STEP	2026-02-25T20:09:26.8712805Z   [0;31m[1mRESULT: FAILED[0m
Web Tests (3)	UNKNOWN STEP	2026-02-25T20:09:26.8713060Z 
Web Tests (3)	UNKNOWN STEP	2026-02-25T20:09:26.8715057Z [1m══════════════════════════════════════════════════════════[0m
Web Tests (3)	UNKNOWN STEP	2026-02-25T20:09:26.8717510Z 
Web Tests (3)	UNKNOWN STEP	2026-02-25T20:09:26.8717880Z [0;34m[INFO][0m Cleaning up...
Web Tests (3)	UNKNOWN STEP	2026-02-25T20:09:26.9105871Z [0;34m[INFO][0m Cleanup complete
Web Tests (3)	UNKNOWN STEP	2026-02-25T20:09:26.9141386Z ##[error]Process completed with exit code 1.
Web Tests (3)	UNKNOWN STEP	2026-02-25T20:09:26.9202211Z ##[group]Run echo "=== test-results/ ==="
Web Tests (3)	UNKNOWN STEP	2026-02-25T20:09:26.9202727Z [36;1mecho "=== test-results/ ==="[0m
Web Tests (3)	UNKNOWN STEP	2026-02-25T20:09:26.9203238Z [36;1mls -la test-results/ 2>/dev/null || echo "(no test-results dir)"[0m
Web Tests (3)	UNKNOWN STEP	2026-02-25T20:09:26.9203759Z [36;1mfor f in test-results/*.log; do[0m
Web Tests (3)	UNKNOWN STEP	2026-02-25T20:09:26.9204149Z [36;1m  [ -f "$f" ] || continue[0m
Web Tests (3)	UNKNOWN STEP	2026-02-25T20:09:26.9204518Z [36;1m  echo ""[0m
Web Tests (3)	UNKNOWN STEP	2026-02-25T20:09:26.9204810Z [36;1m  echo "=== $f ==="[0m
Web Tests (3)	UNKNOWN STEP	2026-02-25T20:09:26.9205108Z [36;1m  tail -100 "$f"[0m
Web Tests (3)	UNKNOWN STEP	2026-02-25T20:09:26.9205437Z [36;1mdone[0m
Web Tests (3)	UNKNOWN STEP	2026-02-25T20:09:26.9265606Z shell: /usr/bin/bash -e {0}
Web Tests (3)	UNKNOWN STEP	2026-02-25T20:09:26.9265975Z env:
Web Tests (3)	UNKNOWN STEP	2026-02-25T20:09:26.9266227Z   CACHE_VERSION: v1
Web Tests (3)	UNKNOWN STEP	2026-02-25T20:09:26.9266634Z   FLUTTER_ROOT: /opt/hostedtoolcache/flutter/stable-3.41.2-x64
Web Tests (3)	UNKNOWN STEP	2026-02-25T20:09:26.9267126Z   PUB_CACHE: /home/runner/.pub-cache
Web Tests (3)	UNKNOWN STEP	2026-02-25T20:09:26.9267382Z ##[endgroup]
Web Tests (3)	UNKNOWN STEP	2026-02-25T20:09:26.9405099Z === test-results/ ===
Web Tests (3)	UNKNOWN STEP	2026-02-25T20:09:26.9420272Z total 45416
Web Tests (3)	UNKNOWN STEP	2026-02-25T20:09:26.9420867Z drwxr-xr-x  2 runner runner     4096 Feb 25 20:09 .
Web Tests (3)	UNKNOWN STEP	2026-02-25T20:09:26.9421605Z drwxr-xr-x 24 runner runner     4096 Feb 25 19:49 ..
Web Tests (3)	UNKNOWN STEP	2026-02-25T20:09:26.9422309Z -rw-r--r--  1 runner runner      233 Feb 25 19:48 ios-device-info.txt
Web Tests (3)	UNKNOWN STEP	2026-02-25T20:09:26.9423104Z -rw-r--r--  1 runner runner 34795326 Feb 25 19:48 ios-test-results.txt
Web Tests (3)	UNKNOWN STEP	2026-02-25T20:09:26.9423861Z -rw-r--r--  1 runner runner 11471554 Feb 25 19:48 test-results.txt
Web Tests (3)	UNKNOWN STEP	2026-02-25T20:09:26.9424622Z -rw-r--r--  1 runner runner    33582 Feb 25 20:02 web-integration-tests.log
Web Tests (3)	UNKNOWN STEP	2026-02-25T20:09:26.9425384Z -rw-r--r--  1 runner runner   181872 Feb 25 19:48 web-test-results.txt
Web Tests (3)	UNKNOWN STEP	2026-02-25T20:09:26.9425870Z 
Web Tests (3)	UNKNOWN STEP	2026-02-25T20:09:26.9439107Z === test-results/web-integration-tests.log ===
Web Tests (3)	UNKNOWN STEP	2026-02-25T20:09:26.9440111Z dart-sdk/lib/async/future_impl.dart 804:7                                         <fn>
Web Tests (3)	UNKNOWN STEP	2026-02-25T20:09:26.9441104Z dart-sdk/lib/async/zone_root.dart 35:13                                           _rootRun
Web Tests (3)	UNKNOWN STEP	2026-02-25T20:09:26.9442128Z dart-sdk/lib/_internal/js_dev_runtime/private/ddc_runtime/operations.dart 118:77  tear
Web Tests (3)	UNKNOWN STEP	2026-02-25T20:09:26.9443096Z dart-sdk/lib/async/zone.dart 726:19                                               run
Web Tests (3)	UNKNOWN STEP	2026-02-25T20:09:26.9443963Z dart-sdk/lib/async/zone.dart 625:7                                                runGuarded
Web Tests (3)	UNKNOWN STEP	2026-02-25T20:09:26.9444837Z dart-sdk/lib/async/zone.dart 666:23                                               <fn>
Web Tests (3)	UNKNOWN STEP	2026-02-25T20:09:26.9445783Z dart-sdk/lib/async/schedule_microtask.dart 40:34                                  _microtaskLoop
Web Tests (3)	UNKNOWN STEP	2026-02-25T20:09:26.9446937Z dart-sdk/lib/async/schedule_microtask.dart 49:5                                   _startMicrotaskLoop
Web Tests (3)	UNKNOWN STEP	2026-02-25T20:09:26.9448001Z dart-sdk/lib/_internal/js_dev_runtime/private/ddc_runtime/operations.dart 118:77  tear
Web Tests (3)	UNKNOWN STEP	2026-02-25T20:09:26.9464130Z dart-sdk/lib/_internal/js_dev_runtime/patch/async_patch.dart 188:69               <fn>
Web Tests (3)	UNKNOWN STEP	2026-02-25T20:09:26.9464707Z 
Web Tests (3)	UNKNOWN STEP	2026-02-25T20:09:26.9464872Z The test description was:
Web Tests (3)	UNKNOWN STEP	2026-02-25T20:09:26.9465676Z   Message interactions work with messages from test_general room
Web Tests (3)	UNKNOWN STEP	2026-02-25T20:09:26.9466879Z ════════════════════════════════════════════════════════════════════════════════════════════════════
Web Tests (3)	UNKNOWN STEP	2026-02-25T20:09:26.9468052Z 01:39 +2 -3: Engagement & Interaction with Real Matrix Server Message interactions work with messages from test_general room [E]
Web Tests (3)	UNKNOWN STEP	2026-02-25T20:09:26.9469192Z   Test failed. See exception logs above.
Web Tests (3)	UNKNOWN STEP	2026-02-25T20:09:26.9469906Z   The test description was: Message interactions work with messages from test_general room
Web Tests (3)	UNKNOWN STEP	2026-02-25T20:09:26.9470492Z 
Web Tests (3)	UNKNOWN STEP	2026-02-25T20:09:26.9470972Z 01:39 +2 -4: Engagement & Interaction with Real Matrix Server Thread/reply view shows conversation context
Web Tests (3)	UNKNOWN STEP	2026-02-25T20:09:26.9471854Z Waiting for globalMatrixClient to be initialized...
Web Tests (3)	UNKNOWN STEP	2026-02-25T20:09:26.9472639Z [90m[🌎 Easy Localization] [DEBUG] Localization initialized[0m
Web Tests (3)	UNKNOWN STEP	2026-02-25T20:09:26.9473229Z [Matrix] Initialize client Substitution
Web Tests (3)	UNKNOWN STEP	2026-02-25T20:09:26.9474175Z [Matrix] Successfully connected as testuser1 with http://localhost:8008
Web Tests (3)	UNKNOWN STEP	2026-02-25T20:09:26.9474991Z [90m[🌎 Easy Localization] [DEBUG] Start[0m
Web Tests (3)	UNKNOWN STEP	2026-02-25T20:09:26.9475735Z 01:39 +2 -4: Engagement & Interaction with Real Matrix Server Can react to messages with emoji
Web Tests (3)	UNKNOWN STEP	2026-02-25T20:09:26.9476598Z [90m[🌎 Easy Localization] [DEBUG] Init state[0m
Web Tests (3)	UNKNOWN STEP	2026-02-25T20:09:26.9477187Z [90m[🌎 Easy Localization] [DEBUG] Build[0m
Web Tests (3)	UNKNOWN STEP	2026-02-25T20:09:26.9477864Z [90m[🌎 Easy Localization] [DEBUG] Init Localization Delegate[0m
Web Tests (3)	UNKNOWN STEP	2026-02-25T20:09:26.9499287Z [90m[🌎 Easy Localization] [DEBUG] Init provider[0m
Web Tests (3)	UNKNOWN STEP	2026-02-25T20:09:26.9500080Z [90m[🌎 Easy Localization] [DEBUG] Load Localization Delegate[0m
Web Tests (3)	UNKNOWN STEP	2026-02-25T20:09:26.9500936Z [90m[🌎 Easy Localization] [DEBUG] Load asset from assets/translations[0m
Web Tests (3)	UNKNOWN STEP	2026-02-25T20:09:26.9501907Z 01:39 +2 -4: Engagement & Interaction with Real Matrix Server Thread/reply view shows conversation context
Web Tests (3)	UNKNOWN STEP	2026-02-25T20:09:26.9502723Z globalMatrixClient initialized!
Web Tests (3)	UNKNOWN STEP	2026-02-25T20:09:26.9503226Z Waiting for globalMatrixClient to be initialized...
Web Tests (3)	UNKNOWN STEP	2026-02-25T20:09:26.9503803Z globalMatrixClient initialized!
Web Tests (3)	UNKNOWN STEP	2026-02-25T20:09:26.9504292Z Step 1: Checking for Age Gate, Intro, or Login fields...
Web Tests (3)	UNKNOWN STEP	2026-02-25T20:09:26.9505086Z 01:40 +2 -4: Engagement & Interaction with Real Matrix Server Can react to messages with emoji
Web Tests (3)	UNKNOWN STEP	2026-02-25T20:09:26.9505896Z [90m[🌎 Easy Localization] [DEBUG] Build[0m
Web Tests (3)	UNKNOWN STEP	2026-02-25T20:09:26.9506591Z [90m[🌎 Easy Localization] [DEBUG] Init Localization Delegate[0m
Web Tests (3)	UNKNOWN STEP	2026-02-25T20:09:26.9507310Z [90m[🌎 Easy Localization] [DEBUG] Init provider[0m
Web Tests (3)	UNKNOWN STEP	2026-02-25T20:09:26.9507941Z checking room test_art id: !TdXlUkXMCdaQFteyzz:test.matrix.local
Web Tests (3)	UNKNOWN STEP	2026-02-25T20:09:26.9509171Z checking room test_invite_only id: !pGEnkfswaBujRltsUj:test.matrix.local
Web Tests (3)	UNKNOWN STEP	2026-02-25T20:09:26.9510160Z checking room test_photos id: !UpORmoRpeOkmiGzmgJ:test.matrix.local
Web Tests (3)	UNKNOWN STEP	2026-02-25T20:09:26.9510944Z checking room test_general id: !xoGPSiIBleqXDUireT:test.matrix.local
Web Tests (3)	UNKNOWN STEP	2026-02-25T20:09:26.9511710Z checking room test_avatar id: !AsJkbVnkMOHHVaNrbJ:test.matrix.local
Web Tests (3)	UNKNOWN STEP	2026-02-25T20:09:26.9512385Z start quering new events...
Web Tests (3)	UNKNOWN STEP	2026-02-25T20:09:26.9512766Z finished...
Web Tests (3)	UNKNOWN STEP	2026-02-25T20:09:26.9513075Z ret is empty...
Web Tests (3)	UNKNOWN STEP	2026-02-25T20:09:26.9513403Z no new things to append...
Web Tests (3)	UNKNOWN STEP	2026-02-25T20:09:26.9513969Z [Matrix] Current sync request ID has changed. Dropping this sync loop!
Web Tests (3)	UNKNOWN STEP	2026-02-25T20:09:26.9514919Z 01:55 +2 -4: Engagement & Interaction with Real Matrix Server Thread/reply view shows conversation context
Web Tests (3)	UNKNOWN STEP	2026-02-25T20:09:26.9515806Z Host page skipped (already configured or not visible).
Web Tests (3)	UNKNOWN STEP	2026-02-25T20:09:26.9516342Z Step 4: Looking for login fields...
Web Tests (3)	UNKNOWN STEP	2026-02-25T20:09:26.9516789Z CRITICAL: loginUsernameInput NOT FOUND!
Web Tests (3)	UNKNOWN STEP	2026-02-25T20:09:26.9517585Z All visible text: Your feed is empty. Follow some rooms to see posts!, Find new rooms, Substitution
Web Tests (3)	UNKNOWN STEP	2026-02-25T20:09:26.9519100Z ══╡ EXCEPTION CAUGHT BY FLUTTER TEST FRAMEWORK ╞════════════════════════════════════════════════════
Web Tests (3)	UNKNOWN STEP	2026-02-25T20:09:26.9519933Z The following TestFailure was thrown running a test:
Web Tests (3)	UNKNOWN STEP	2026-02-25T20:09:26.9520675Z Expected: exactly one matching candidate
Web Tests (3)	UNKNOWN STEP	2026-02-25T20:09:26.9521355Z   Actual: _KeyWidgetFinder:<Found 0 widgets with key [<'loginUsernameInput'>]: []>
Web Tests (3)	UNKNOWN STEP	2026-02-25T20:09:26.9522094Z    Which: means none were found but one was expected
Web Tests (3)	UNKNOWN STEP	2026-02-25T20:09:26.9522649Z Username field should be visible on the login page
Web Tests (3)	UNKNOWN STEP	2026-02-25T20:09:26.9523006Z 
Web Tests (3)	UNKNOWN STEP	2026-02-25T20:09:26.9523207Z When the exception was thrown, this was the stack:
Web Tests (3)	UNKNOWN STEP	2026-02-25T20:09:26.9523946Z dart-sdk/lib/_internal/js_dev_runtime/private/ddc_runtime/errors.dart 274:3       throw_
Web Tests (3)	UNKNOWN STEP	2026-02-25T20:09:26.9524887Z package:matcher/src/expect/expect.dart 187:31                                     fail
Web Tests (3)	UNKNOWN STEP	2026-02-25T20:09:26.9525808Z package:matcher/src/expect/expect.dart 182:3                                      _expect
Web Tests (3)	UNKNOWN STEP	2026-02-25T20:09:26.9526731Z package:matcher/src/expect/expect.dart 65:3                                       expect$
Web Tests (3)	UNKNOWN STEP	2026-02-25T20:09:26.9527833Z package:flutter_test/src/widget_tester.dart 473:18                                expect$
Web Tests (3)	UNKNOWN STEP	2026-02-25T20:09:26.9531212Z helpers/login_helper.dart 186:3                                                   <fn>
Web Tests (3)	UNKNOWN STEP	2026-02-25T20:09:26.9532170Z dart-sdk/lib/_internal/js_dev_runtime/patch/async_patch.dart 623:19               <fn>
Web Tests (3)	UNKNOWN STEP	2026-02-25T20:09:26.9533072Z dart-sdk/lib/_internal/js_dev_runtime/patch/async_patch.dart 648:23               <fn>
Web Tests (3)	UNKNOWN STEP	2026-02-25T20:09:26.9533977Z dart-sdk/lib/_internal/js_dev_runtime/patch/async_patch.dart 594:19               <fn>
Web Tests (3)	UNKNOWN STEP	2026-02-25T20:09:26.9534929Z dart-sdk/lib/async/zone_root.dart 48:47                                           _rootRunUnary
Web Tests (3)	UNKNOWN STEP	2026-02-25T20:09:26.9535799Z dart-sdk/lib/_internal/js_dev_runtime/private/ddc_runtime/operations.dart 118:77  tear
Web Tests (3)	UNKNOWN STEP	2026-02-25T20:09:26.9536689Z dart-sdk/lib/async/zone.dart 733:19                                               runUnary
Web Tests (3)	UNKNOWN STEP	2026-02-25T20:09:26.9537569Z dart-sdk/lib/async/future_impl.dart 222:18                                        handleValue
Web Tests (3)	UNKNOWN STEP	2026-02-25T20:09:26.9539272Z dart-sdk/lib/async/future_impl.dart 948:44                                        handleValueCallback
Web Tests (3)	UNKNOWN STEP	2026-02-25T20:09:26.9540263Z dart-sdk/lib/async/future_impl.dart 977:13                                        _propagateToListeners
Web Tests (3)	UNKNOWN STEP	2026-02-25T20:09:26.9541235Z dart-sdk/lib/async/future_impl.dart 720:5                                         [_completeWithValue]
Web Tests (3)	UNKNOWN STEP	2026-02-25T20:09:26.9542148Z dart-sdk/lib/async/future_impl.dart 804:7                                         <fn>
Web Tests (3)	UNKNOWN STEP	2026-02-25T20:09:26.9543006Z dart-sdk/lib/async/zone_root.dart 35:13                                           _rootRun
Web Tests (3)	UNKNOWN STEP	2026-02-25T20:09:26.9543900Z dart-sdk/lib/_internal/js_dev_runtime/private/ddc_runtime/operations.dart 118:77  tear
Web Tests (3)	UNKNOWN STEP	2026-02-25T20:09:26.9544775Z dart-sdk/lib/async/zone.dart 726:19                                               run
Web Tests (3)	UNKNOWN STEP	2026-02-25T20:09:26.9545600Z dart-sdk/lib/async/zone.dart 625:7                                                runGuarded
Web Tests (3)	UNKNOWN STEP	2026-02-25T20:09:26.9546432Z dart-sdk/lib/async/zone.dart 666:23                                               <fn>
Web Tests (3)	UNKNOWN STEP	2026-02-25T20:09:26.9547534Z dart-sdk/lib/async/schedule_microtask.dart 40:34                                  _microtaskLoop
Web Tests (3)	UNKNOWN STEP	2026-02-25T20:09:26.9548974Z dart-sdk/lib/async/schedule_microtask.dart 49:5                                   _startMicrotaskLoop
Web Tests (3)	UNKNOWN STEP	2026-02-25T20:09:26.9550009Z dart-sdk/lib/_internal/js_dev_runtime/private/ddc_runtime/operations.dart 118:77  tear
Web Tests (3)	UNKNOWN STEP	2026-02-25T20:09:26.9550873Z dart-sdk/lib/_internal/js_dev_runtime/patch/async_patch.dart 188:69               <fn>
Web Tests (3)	UNKNOWN STEP	2026-02-25T20:09:26.9551420Z 
Web Tests (3)	UNKNOWN STEP	2026-02-25T20:09:26.9551567Z The test description was:
Web Tests (3)	UNKNOWN STEP	2026-02-25T20:09:26.9551993Z   Thread/reply view shows conversation context
Web Tests (3)	UNKNOWN STEP	2026-02-25T20:09:26.9552968Z ════════════════════════════════════════════════════════════════════════════════════════════════════
Web Tests (3)	UNKNOWN STEP	2026-02-25T20:09:26.9553974Z 01:57 +2 -4: Engagement & Interaction with Real Matrix Server Thread/reply view shows conversation context [E]
Web Tests (3)	UNKNOWN STEP	2026-02-25T20:09:26.9554822Z   Test failed. See exception logs above.
Web Tests (3)	UNKNOWN STEP	2026-02-25T20:09:26.9555469Z   The test description was: Thread/reply view shows conversation context
Web Tests (3)	UNKNOWN STEP	2026-02-25T20:09:26.9555952Z 
Web Tests (3)	UNKNOWN STEP	2026-02-25T20:09:26.9556127Z 01:57 +2 -5: (tearDownAll)
Web Tests (3)	UNKNOWN STEP	2026-02-25T20:09:26.9556505Z 01:57 +3 -5: Some tests failed.
Web Tests (3)	UNKNOWN STEP	2026-02-25T20:09:26.9557069Z [Matrix] Current sync request ID has changed. Dropping this sync loop!
Web Tests (3)	UNKNOWN STEP	2026-02-25T20:09:26.9595230Z ##[group]Run docker compose down -v
Web Tests (3)	UNKNOWN STEP	2026-02-25T20:09:26.9595722Z [36;1mdocker compose down -v[0m
Web Tests (3)	UNKNOWN STEP	2026-02-25T20:09:26.9646903Z shell: /usr/bin/bash -e {0}
Web Tests (3)	UNKNOWN STEP	2026-02-25T20:09:26.9647153Z env:
Web Tests (3)	UNKNOWN STEP	2026-02-25T20:09:26.9647332Z   CACHE_VERSION: v1
Web Tests (3)	UNKNOWN STEP	2026-02-25T20:09:26.9647633Z   FLUTTER_ROOT: /opt/hostedtoolcache/flutter/stable-3.41.2-x64
Web Tests (3)	UNKNOWN STEP	2026-02-25T20:09:26.9647989Z   PUB_CACHE: /home/runner/.pub-cache
Web Tests (3)	UNKNOWN STEP	2026-02-25T20:09:26.9648708Z ##[endgroup]
Web Tests (3)	UNKNOWN STEP	2026-02-25T20:09:27.0809857Z time="2026-02-25T20:09:27Z" level=warning msg="/home/runner/work/substitution/substitution/docker-compose.yml: the attribute `version` is obsolete, it will be ignored, please remove it to avoid potential confusion"
Web Tests (3)	UNKNOWN STEP	2026-02-25T20:09:27.0860052Z  Container substitution-redis-1  Stopping
Web Tests (3)	UNKNOWN STEP	2026-02-25T20:09:27.0861560Z  Container substitution-matrix-synapse-1  Stopping
Web Tests (3)	UNKNOWN STEP	2026-02-25T20:09:27.2437355Z  Container substitution-redis-1  Stopped
Web Tests (3)	UNKNOWN STEP	2026-02-25T20:09:27.2440917Z  Container substitution-redis-1  Removing
Web Tests (3)	UNKNOWN STEP	2026-02-25T20:09:27.2496577Z  Container substitution-redis-1  Removed
Web Tests (3)	UNKNOWN STEP	2026-02-25T20:09:27.3145369Z  Container substitution-matrix-synapse-1  Stopped
Web Tests (3)	UNKNOWN STEP	2026-02-25T20:09:27.3147833Z  Container substitution-matrix-synapse-1  Removing
Web Tests (3)	UNKNOWN STEP	2026-02-25T20:09:27.3757845Z  Container substitution-matrix-synapse-1  Removed
Web Tests (3)	UNKNOWN STEP	2026-02-25T20:09:27.3759301Z  Container substitution-postgres-1  Stopping
Web Tests (3)	UNKNOWN STEP	2026-02-25T20:09:27.3759853Z  Container substitution-dex-1  Stopping
Web Tests (3)	UNKNOWN STEP	2026-02-25T20:09:27.4798723Z  Container substitution-dex-1  Stopped
Web Tests (3)	UNKNOWN STEP	2026-02-25T20:09:27.4799313Z  Container substitution-dex-1  Removing
Web Tests (3)	UNKNOWN STEP	2026-02-25T20:09:27.4944111Z  Container substitution-dex-1  Removed
Web Tests (3)	UNKNOWN STEP	2026-02-25T20:09:27.5256124Z  Container substitution-postgres-1  Stopped
Web Tests (3)	UNKNOWN STEP	2026-02-25T20:09:27.5257033Z  Container substitution-postgres-1  Removing
Web Tests (3)	UNKNOWN STEP	2026-02-25T20:09:27.5932060Z  Container substitution-postgres-1  Removed
Web Tests (3)	UNKNOWN STEP	2026-02-25T20:09:27.5941849Z  Network substitution_substitution_network  Removing
Web Tests (3)	UNKNOWN STEP	2026-02-25T20:09:27.6726078Z  Network substitution_substitution_network  Removed
Web Tests (3)	UNKNOWN STEP	2026-02-25T20:09:27.6895543Z Post job cleanup.
Web Tests (3)	UNKNOWN STEP	2026-02-25T20:09:27.6958960Z Post job cleanup.
Web Tests (3)	UNKNOWN STEP	2026-02-25T20:09:27.7910572Z [command]/usr/bin/git version
Web Tests (3)	UNKNOWN STEP	2026-02-25T20:09:27.7947603Z git version 2.53.0
Web Tests (3)	UNKNOWN STEP	2026-02-25T20:09:27.7993154Z Temporarily overriding HOME='/home/runner/work/_temp/c8f0fcdc-12db-4057-a7fa-8c9da7934778' before making global git config changes
Web Tests (3)	UNKNOWN STEP	2026-02-25T20:09:27.7994518Z Adding repository directory to the temporary git global config as a safe directory
Web Tests (3)	UNKNOWN STEP	2026-02-25T20:09:27.8006903Z [command]/usr/bin/git config --global --add safe.directory /home/runner/work/substitution/substitution
Web Tests (3)	UNKNOWN STEP	2026-02-25T20:09:27.8043368Z [command]/usr/bin/git config --local --name-only --get-regexp core\.sshCommand
Web Tests (3)	UNKNOWN STEP	2026-02-25T20:09:27.8077487Z [command]/usr/bin/git submodule foreach --recursive sh -c "git config --local --name-only --get-regexp 'core\.sshCommand' && git config --local --unset-all 'core.sshCommand' || :"
Web Tests (3)	UNKNOWN STEP	2026-02-25T20:09:27.8320756Z [command]/usr/bin/git config --local --name-only --get-regexp http\.https\:\/\/github\.com\/\.extraheader
Web Tests (3)	UNKNOWN STEP	2026-02-25T20:09:27.8342263Z http.https://github.com/.extraheader
Web Tests (3)	UNKNOWN STEP	2026-02-25T20:09:27.8355909Z [command]/usr/bin/git config --local --unset-all http.https://github.com/.extraheader
Web Tests (3)	UNKNOWN STEP	2026-02-25T20:09:27.8388511Z [command]/usr/bin/git submodule foreach --recursive sh -c "git config --local --name-only --get-regexp 'http\.https\:\/\/github\.com\/\.extraheader' && git config --local --unset-all 'http.https://github.com/.extraheader' || :"
Web Tests (3)	UNKNOWN STEP	2026-02-25T20:09:27.8621920Z [command]/usr/bin/git config --local --name-only --get-regexp ^includeIf\.gitdir:
Web Tests (3)	UNKNOWN STEP	2026-02-25T20:09:27.8653374Z [command]/usr/bin/git submodule foreach --recursive git config --local --show-origin --name-only --get-regexp remote.origin.url
Web Tests (3)	UNKNOWN STEP	2026-02-25T20:09:27.9003513Z Cleaning up orphan processes
Web Tests (0)	UNKNOWN STEP	﻿2026-02-25T19:48:13.1776624Z Current runner version: '2.331.0'
Web Tests (0)	UNKNOWN STEP	2026-02-25T19:48:13.1801873Z ##[group]Runner Image Provisioner
Web Tests (0)	UNKNOWN STEP	2026-02-25T19:48:13.1802808Z Hosted Compute Agent
Web Tests (0)	UNKNOWN STEP	2026-02-25T19:48:13.1803334Z Version: 20260213.493
Web Tests (0)	UNKNOWN STEP	2026-02-25T19:48:13.1803997Z Commit: 5c115507f6dd24b8de37d8bbe0bb4509d0cc0fa3
Web Tests (0)	UNKNOWN STEP	2026-02-25T19:48:13.1804783Z Build Date: 2026-02-13T00:28:41Z
Web Tests (0)	UNKNOWN STEP	2026-02-25T19:48:13.1805696Z Worker ID: {9be22ceb-4261-4ab6-a0a9-1969a9a9b454}
Web Tests (0)	UNKNOWN STEP	2026-02-25T19:48:13.1806448Z Azure Region: eastus
Web Tests (0)	UNKNOWN STEP	2026-02-25T19:48:13.1806979Z ##[endgroup]
Web Tests (0)	UNKNOWN STEP	2026-02-25T19:48:13.1808772Z ##[group]Operating System
Web Tests (0)	UNKNOWN STEP	2026-02-25T19:48:13.1809351Z Ubuntu
Web Tests (0)	UNKNOWN STEP	2026-02-25T19:48:13.1810011Z 24.04.3
Web Tests (0)	UNKNOWN STEP	2026-02-25T19:48:13.1810446Z LTS
Web Tests (0)	UNKNOWN STEP	2026-02-25T19:48:13.1810892Z ##[endgroup]
Web Tests (0)	UNKNOWN STEP	2026-02-25T19:48:13.1811430Z ##[group]Runner Image
Web Tests (0)	UNKNOWN STEP	2026-02-25T19:48:13.1811994Z Image: ubuntu-24.04
Web Tests (0)	UNKNOWN STEP	2026-02-25T19:48:13.1812491Z Version: 20260224.36.1
Web Tests (0)	UNKNOWN STEP	2026-02-25T19:48:13.1813742Z Included Software: https://github.com/actions/runner-images/blob/ubuntu24/20260224.36/images/ubuntu/Ubuntu2404-Readme.md
Web Tests (0)	UNKNOWN STEP	2026-02-25T19:48:13.1815507Z Image Release: https://github.com/actions/runner-images/releases/tag/ubuntu24%2F20260224.36
Web Tests (0)	UNKNOWN STEP	2026-02-25T19:48:13.1816467Z ##[endgroup]
Web Tests (0)	UNKNOWN STEP	2026-02-25T19:48:13.1817504Z ##[group]GITHUB_TOKEN Permissions
Web Tests (0)	UNKNOWN STEP	2026-02-25T19:48:13.1819687Z Contents: read
Web Tests (0)	UNKNOWN STEP	2026-02-25T19:48:13.1820217Z Metadata: read
Web Tests (0)	UNKNOWN STEP	2026-02-25T19:48:13.1820842Z Packages: read
Web Tests (0)	UNKNOWN STEP	2026-02-25T19:48:13.1821330Z ##[endgroup]
Web Tests (0)	UNKNOWN STEP	2026-02-25T19:48:13.1823364Z Secret source: Actions
Web Tests (0)	UNKNOWN STEP	2026-02-25T19:48:13.1824027Z Prepare workflow directory
Web Tests (0)	UNKNOWN STEP	2026-02-25T19:48:13.2209786Z Prepare all required actions
Web Tests (0)	UNKNOWN STEP	2026-02-25T19:48:13.2247659Z Getting action download info
Web Tests (0)	UNKNOWN STEP	2026-02-25T19:48:13.5552400Z Download action repository 'actions/checkout@v4' (SHA:34e114876b0b11c390a56381ad16ebd13914f8d5)
Web Tests (0)	UNKNOWN STEP	2026-02-25T19:48:13.6999970Z Download action repository 'subosito/flutter-action@v2' (SHA:fd55f4c5af5b953cc57a2be44cb082c8f6635e8e)
Web Tests (0)	UNKNOWN STEP	2026-02-25T19:48:13.9688371Z Getting action download info
Web Tests (0)	UNKNOWN STEP	2026-02-25T19:48:14.0916450Z Download action repository 'actions/cache@v4' (SHA:0057852bfaa89a56745cba8c7296529d2fc39830)
Web Tests (0)	UNKNOWN STEP	2026-02-25T19:48:14.2288892Z Complete job name: Web Tests (0)
Web Tests (0)	UNKNOWN STEP	2026-02-25T19:48:14.3027257Z ##[group]Run actions/checkout@v4
Web Tests (0)	UNKNOWN STEP	2026-02-25T19:48:14.3028097Z with:
Web Tests (0)	UNKNOWN STEP	2026-02-25T19:48:14.3028492Z   repository: floffel/substitution
Web Tests (0)	UNKNOWN STEP	2026-02-25T19:48:14.3029171Z   token: ***
Web Tests (0)	UNKNOWN STEP	2026-02-25T19:48:14.3029544Z   ssh-strict: true
Web Tests (0)	UNKNOWN STEP	2026-02-25T19:48:14.3029937Z   ssh-user: git
Web Tests (0)	UNKNOWN STEP	2026-02-25T19:48:14.3030330Z   persist-credentials: true
Web Tests (0)	UNKNOWN STEP	2026-02-25T19:48:14.3030775Z   clean: true
Web Tests (0)	UNKNOWN STEP	2026-02-25T19:48:14.3031178Z   sparse-checkout-cone-mode: true
Web Tests (0)	UNKNOWN STEP	2026-02-25T19:48:14.3031657Z   fetch-depth: 1
Web Tests (0)	UNKNOWN STEP	2026-02-25T19:48:14.3032160Z   fetch-tags: false
Web Tests (0)	UNKNOWN STEP	2026-02-25T19:48:14.3032705Z   show-progress: true
Web Tests (0)	UNKNOWN STEP	2026-02-25T19:48:14.3033114Z   lfs: false
Web Tests (0)	UNKNOWN STEP	2026-02-25T19:48:14.3033475Z   submodules: false
Web Tests (0)	UNKNOWN STEP	2026-02-25T19:48:14.3033881Z   set-safe-directory: true
Web Tests (0)	UNKNOWN STEP	2026-02-25T19:48:14.3034722Z env:
Web Tests (0)	UNKNOWN STEP	2026-02-25T19:48:14.3035240Z   CACHE_VERSION: v1
Web Tests (0)	UNKNOWN STEP	2026-02-25T19:48:14.3035632Z ##[endgroup]
Web Tests (0)	UNKNOWN STEP	2026-02-25T19:48:14.4161188Z Syncing repository: floffel/substitution
Web Tests (0)	UNKNOWN STEP	2026-02-25T19:48:14.4162967Z ##[group]Getting Git version info
Web Tests (0)	UNKNOWN STEP	2026-02-25T19:48:14.4163751Z Working directory is '/home/runner/work/substitution/substitution'
Web Tests (0)	UNKNOWN STEP	2026-02-25T19:48:14.4164736Z [command]/usr/bin/git version
Web Tests (0)	UNKNOWN STEP	2026-02-25T19:48:14.4241214Z git version 2.53.0
Web Tests (0)	UNKNOWN STEP	2026-02-25T19:48:14.4268042Z ##[endgroup]
Web Tests (0)	UNKNOWN STEP	2026-02-25T19:48:14.4283207Z Temporarily overriding HOME='/home/runner/work/_temp/582d07a4-fb15-4f9d-a670-24d3e0f1552c' before making global git config changes
Web Tests (0)	UNKNOWN STEP	2026-02-25T19:48:14.4284909Z Adding repository directory to the temporary git global config as a safe directory
Web Tests (0)	UNKNOWN STEP	2026-02-25T19:48:14.4288772Z [command]/usr/bin/git config --global --add safe.directory /home/runner/work/substitution/substitution
Web Tests (0)	UNKNOWN STEP	2026-02-25T19:48:14.4328159Z Deleting the contents of '/home/runner/work/substitution/substitution'
Web Tests (0)	UNKNOWN STEP	2026-02-25T19:48:14.4331958Z ##[group]Initializing the repository
Web Tests (0)	UNKNOWN STEP	2026-02-25T19:48:14.4335998Z [command]/usr/bin/git init /home/runner/work/substitution/substitution
Web Tests (0)	UNKNOWN STEP	2026-02-25T19:48:14.4437976Z hint: Using 'master' as the name for the initial branch. This default branch name
Web Tests (0)	UNKNOWN STEP	2026-02-25T19:48:14.4439824Z hint: will change to "main" in Git 3.0. To configure the initial branch name
Web Tests (0)	UNKNOWN STEP	2026-02-25T19:48:14.4441136Z hint: to use in all of your new repositories, which will suppress this warning,
Web Tests (0)	UNKNOWN STEP	2026-02-25T19:48:14.4442890Z hint: call:
Web Tests (0)	UNKNOWN STEP	2026-02-25T19:48:14.4443592Z hint:
Web Tests (0)	UNKNOWN STEP	2026-02-25T19:48:14.4444252Z hint: 	git config --global init.defaultBranch <name>
Web Tests (0)	UNKNOWN STEP	2026-02-25T19:48:14.4445179Z hint:
Web Tests (0)	UNKNOWN STEP	2026-02-25T19:48:14.4445875Z hint: Names commonly chosen instead of 'master' are 'main', 'trunk' and
Web Tests (0)	UNKNOWN STEP	2026-02-25T19:48:14.4447042Z hint: 'development'. The just-created branch can be renamed via this command:
Web Tests (0)	UNKNOWN STEP	2026-02-25T19:48:14.4448583Z hint:
Web Tests (0)	UNKNOWN STEP	2026-02-25T19:48:14.4449260Z hint: 	git branch -m <name>
Web Tests (0)	UNKNOWN STEP	2026-02-25T19:48:14.4449833Z hint:
Web Tests (0)	UNKNOWN STEP	2026-02-25T19:48:14.4450591Z hint: Disable this message with "git config set advice.defaultBranchName false"
Web Tests (0)	UNKNOWN STEP	2026-02-25T19:48:14.4452169Z Initialized empty Git repository in /home/runner/work/substitution/substitution/.git/
Web Tests (0)	UNKNOWN STEP	2026-02-25T19:48:14.4455144Z [command]/usr/bin/git remote add origin https://github.com/floffel/substitution
Web Tests (0)	UNKNOWN STEP	2026-02-25T19:48:14.4487826Z ##[endgroup]
Web Tests (0)	UNKNOWN STEP	2026-02-25T19:48:14.4488551Z ##[group]Disabling automatic garbage collection
Web Tests (0)	UNKNOWN STEP	2026-02-25T19:48:14.4492338Z [command]/usr/bin/git config --local gc.auto 0
Web Tests (0)	UNKNOWN STEP	2026-02-25T19:48:14.4521033Z ##[endgroup]
Web Tests (0)	UNKNOWN STEP	2026-02-25T19:48:14.4521686Z ##[group]Setting up auth
Web Tests (0)	UNKNOWN STEP	2026-02-25T19:48:14.4528856Z [command]/usr/bin/git config --local --name-only --get-regexp core\.sshCommand
Web Tests (0)	UNKNOWN STEP	2026-02-25T19:48:14.4560638Z [command]/usr/bin/git submodule foreach --recursive sh -c "git config --local --name-only --get-regexp 'core\.sshCommand' && git config --local --unset-all 'core.sshCommand' || :"
Web Tests (0)	UNKNOWN STEP	2026-02-25T19:48:14.4931091Z [command]/usr/bin/git config --local --name-only --get-regexp http\.https\:\/\/github\.com\/\.extraheader
Web Tests (0)	UNKNOWN STEP	2026-02-25T19:48:14.4967997Z [command]/usr/bin/git submodule foreach --recursive sh -c "git config --local --name-only --get-regexp 'http\.https\:\/\/github\.com\/\.extraheader' && git config --local --unset-all 'http.https://github.com/.extraheader' || :"
Web Tests (0)	UNKNOWN STEP	2026-02-25T19:48:14.5207130Z [command]/usr/bin/git config --local --name-only --get-regexp ^includeIf\.gitdir:
Web Tests (0)	UNKNOWN STEP	2026-02-25T19:48:14.5247080Z [command]/usr/bin/git submodule foreach --recursive git config --local --show-origin --name-only --get-regexp remote.origin.url
Web Tests (0)	UNKNOWN STEP	2026-02-25T19:48:14.5484483Z [command]/usr/bin/git config --local http.https://github.com/.extraheader AUTHORIZATION: basic ***
Web Tests (0)	UNKNOWN STEP	2026-02-25T19:48:14.5521937Z ##[endgroup]
Web Tests (0)	UNKNOWN STEP	2026-02-25T19:48:14.5523182Z ##[group]Fetching the repository
Web Tests (0)	UNKNOWN STEP	2026-02-25T19:48:14.5532033Z [command]/usr/bin/git -c protocol.version=2 fetch --no-tags --prune --no-recurse-submodules --depth=1 origin +0408461b08eee1bbe2c516702bd1813b916d3e4c:refs/remotes/pull/1/merge
Web Tests (0)	UNKNOWN STEP	2026-02-25T19:48:15.4783676Z From https://github.com/floffel/substitution
Web Tests (0)	UNKNOWN STEP	2026-02-25T19:48:15.4786800Z  * [new ref]         0408461b08eee1bbe2c516702bd1813b916d3e4c -> pull/1/merge
Web Tests (0)	UNKNOWN STEP	2026-02-25T19:48:15.4901984Z ##[endgroup]
Web Tests (0)	UNKNOWN STEP	2026-02-25T19:48:15.4904280Z ##[group]Determining the checkout info
Web Tests (0)	UNKNOWN STEP	2026-02-25T19:48:15.4907004Z ##[endgroup]
Web Tests (0)	UNKNOWN STEP	2026-02-25T19:48:15.4908394Z [command]/usr/bin/git sparse-checkout disable
Web Tests (0)	UNKNOWN STEP	2026-02-25T19:48:15.4950939Z [command]/usr/bin/git config --local --unset-all extensions.worktreeConfig
Web Tests (0)	UNKNOWN STEP	2026-02-25T19:48:15.4978337Z ##[group]Checking out the ref
Web Tests (0)	UNKNOWN STEP	2026-02-25T19:48:15.4983440Z [command]/usr/bin/git checkout --progress --force refs/remotes/pull/1/merge
Web Tests (0)	UNKNOWN STEP	2026-02-25T19:48:15.7966380Z Note: switching to 'refs/remotes/pull/1/merge'.
Web Tests (0)	UNKNOWN STEP	2026-02-25T19:48:15.7968099Z 
Web Tests (0)	UNKNOWN STEP	2026-02-25T19:48:15.7969349Z You are in 'detached HEAD' state. You can look around, make experimental
Web Tests (0)	UNKNOWN STEP	2026-02-25T19:48:15.7973509Z changes and commit them, and you can discard any commits you make in this
Web Tests (0)	UNKNOWN STEP	2026-02-25T19:48:15.7976842Z state without impacting any branches by switching back to a branch.
Web Tests (0)	UNKNOWN STEP	2026-02-25T19:48:15.7978766Z 
Web Tests (0)	UNKNOWN STEP	2026-02-25T19:48:15.7979912Z If you want to create a new branch to retain commits you create, you may
Web Tests (0)	UNKNOWN STEP	2026-02-25T19:48:15.7983072Z do so (now or later) by using -c with the switch command. Example:
Web Tests (0)	UNKNOWN STEP	2026-02-25T19:48:15.7984327Z 
Web Tests (0)	UNKNOWN STEP	2026-02-25T19:48:15.7984711Z   git switch -c <new-branch-name>
Web Tests (0)	UNKNOWN STEP	2026-02-25T19:48:15.7985691Z 
Web Tests (0)	UNKNOWN STEP	2026-02-25T19:48:15.7986073Z Or undo this operation with:
Web Tests (0)	UNKNOWN STEP	2026-02-25T19:48:15.7987030Z 
Web Tests (0)	UNKNOWN STEP	2026-02-25T19:48:15.7987447Z   git switch -
Web Tests (0)	UNKNOWN STEP	2026-02-25T19:48:15.7988032Z 
Web Tests (0)	UNKNOWN STEP	2026-02-25T19:48:15.7989007Z Turn off this advice by setting config variable advice.detachedHead to false
Web Tests (0)	UNKNOWN STEP	2026-02-25T19:48:15.7990478Z 
Web Tests (0)	UNKNOWN STEP	2026-02-25T19:48:15.7992261Z HEAD is now at 0408461 Merge 86c2f4a4443179a61e99b4f5d2c467a0f9c43a72 into 74cc852017b0f1fdeb37326726f5fee7effe2248
Web Tests (0)	UNKNOWN STEP	2026-02-25T19:48:15.7997280Z ##[endgroup]
Web Tests (0)	UNKNOWN STEP	2026-02-25T19:48:15.8030979Z [command]/usr/bin/git log -1 --format=%H
Web Tests (0)	UNKNOWN STEP	2026-02-25T19:48:15.8055130Z 0408461b08eee1bbe2c516702bd1813b916d3e4c
Web Tests (0)	UNKNOWN STEP	2026-02-25T19:48:15.8738034Z ##[group]Run subosito/flutter-action@v2
Web Tests (0)	UNKNOWN STEP	2026-02-25T19:48:15.8739148Z with:
Web Tests (0)	UNKNOWN STEP	2026-02-25T19:48:15.8739885Z   channel: stable
Web Tests (0)	UNKNOWN STEP	2026-02-25T19:48:15.8740693Z   cache: true
Web Tests (0)	UNKNOWN STEP	2026-02-25T19:48:15.8741511Z   architecture: X64
Web Tests (0)	UNKNOWN STEP	2026-02-25T19:48:15.8742372Z   pub-cache-path: default
Web Tests (0)	UNKNOWN STEP	2026-02-25T19:48:15.8743272Z   dry-run: false
Web Tests (0)	UNKNOWN STEP	2026-02-25T19:48:15.8744243Z   git-source: https://github.com/flutter/flutter.git
Web Tests (0)	UNKNOWN STEP	2026-02-25T19:48:15.8745571Z env:
Web Tests (0)	UNKNOWN STEP	2026-02-25T19:48:15.8746276Z   CACHE_VERSION: v1
Web Tests (0)	UNKNOWN STEP	2026-02-25T19:48:15.8747042Z ##[endgroup]
Web Tests (0)	UNKNOWN STEP	2026-02-25T19:48:15.8887430Z ##[group]Run chmod +x "$GITHUB_ACTION_PATH/setup.sh"
Web Tests (0)	UNKNOWN STEP	2026-02-25T19:48:15.8888785Z [36;1mchmod +x "$GITHUB_ACTION_PATH/setup.sh"[0m
Web Tests (0)	UNKNOWN STEP	2026-02-25T19:48:15.8947058Z shell: /usr/bin/bash --noprofile --norc -e -o pipefail {0}
Web Tests (0)	UNKNOWN STEP	2026-02-25T19:48:15.8948285Z env:
Web Tests (0)	UNKNOWN STEP	2026-02-25T19:48:15.8948981Z   CACHE_VERSION: v1
Web Tests (0)	UNKNOWN STEP	2026-02-25T19:48:15.8949762Z ##[endgroup]
Web Tests (0)	UNKNOWN STEP	2026-02-25T19:48:15.9141709Z ##[group]Run $GITHUB_ACTION_PATH/setup.sh -p \
Web Tests (0)	UNKNOWN STEP	2026-02-25T19:48:15.9142966Z [36;1m$GITHUB_ACTION_PATH/setup.sh -p \[0m
Web Tests (0)	UNKNOWN STEP	2026-02-25T19:48:15.9144007Z [36;1m  -n '' \[0m
Web Tests (0)	UNKNOWN STEP	2026-02-25T19:48:15.9144771Z [36;1m  -f '' \[0m
Web Tests (0)	UNKNOWN STEP	2026-02-25T19:48:15.9145740Z [36;1m  -a 'X64' \[0m
Web Tests (0)	UNKNOWN STEP	2026-02-25T19:48:15.9146536Z [36;1m  -k '' \[0m
Web Tests (0)	UNKNOWN STEP	2026-02-25T19:48:15.9147272Z [36;1m  -c '' \[0m
Web Tests (0)	UNKNOWN STEP	2026-02-25T19:48:15.9148014Z [36;1m  -l '' \[0m
Web Tests (0)	UNKNOWN STEP	2026-02-25T19:48:15.9148769Z [36;1m  -d 'default' \[0m
Web Tests (0)	UNKNOWN STEP	2026-02-25T19:48:15.9149816Z [36;1m  -g 'https://github.com/flutter/flutter.git' \[0m
Web Tests (0)	UNKNOWN STEP	2026-02-25T19:48:15.9150955Z [36;1m  stable[0m
Web Tests (0)	UNKNOWN STEP	2026-02-25T19:48:15.9200770Z shell: /usr/bin/bash --noprofile --norc -e -o pipefail {0}
Web Tests (0)	UNKNOWN STEP	2026-02-25T19:48:15.9201940Z env:
Web Tests (0)	UNKNOWN STEP	2026-02-25T19:48:15.9202578Z   CACHE_VERSION: v1
Web Tests (0)	UNKNOWN STEP	2026-02-25T19:48:15.9203314Z ##[endgroup]
Web Tests (0)	UNKNOWN STEP	2026-02-25T19:48:16.1020962Z ##[group]Run actions/cache@v4
Web Tests (0)	UNKNOWN STEP	2026-02-25T19:48:16.1021865Z with:
Web Tests (0)	UNKNOWN STEP	2026-02-25T19:48:16.1022725Z   path: /opt/hostedtoolcache/flutter/stable-3.41.2-x64
Web Tests (0)	UNKNOWN STEP	2026-02-25T19:48:16.1024378Z   key: flutter-linux-stable-3.41.2-x64-90673a4eef275d1a6692c26ac80d6d746d41a73a
Web Tests (0)	UNKNOWN STEP	2026-02-25T19:48:16.1026166Z   enableCrossOsArchive: false
Web Tests (0)	UNKNOWN STEP	2026-02-25T19:48:16.1027092Z   fail-on-cache-miss: false
Web Tests (0)	UNKNOWN STEP	2026-02-25T19:48:16.1027946Z   lookup-only: false
Web Tests (0)	UNKNOWN STEP	2026-02-25T19:48:16.1028749Z   save-always: false
Web Tests (0)	UNKNOWN STEP	2026-02-25T19:48:16.1029497Z env:
Web Tests (0)	UNKNOWN STEP	2026-02-25T19:48:16.1030178Z   CACHE_VERSION: v1
Web Tests (0)	UNKNOWN STEP	2026-02-25T19:48:16.1030913Z ##[endgroup]
Web Tests (0)	UNKNOWN STEP	2026-02-25T19:48:16.3033917Z Cache hit for: flutter-linux-stable-3.41.2-x64-90673a4eef275d1a6692c26ac80d6d746d41a73a
Web Tests (0)	UNKNOWN STEP	2026-02-25T19:48:17.3582196Z Received 205520896 of 1665993529 (12.3%), 196.0 MBs/sec
Web Tests (0)	UNKNOWN STEP	2026-02-25T19:48:18.3579634Z Received 419430400 of 1665993529 (25.2%), 200.0 MBs/sec
Web Tests (0)	UNKNOWN STEP	2026-02-25T19:48:19.3876300Z Received 671088640 of 1665993529 (40.3%), 211.4 MBs/sec
Web Tests (0)	UNKNOWN STEP	2026-02-25T19:48:20.3869531Z Received 893386752 of 1665993529 (53.6%), 211.5 MBs/sec
Web Tests (0)	UNKNOWN STEP	2026-02-25T19:48:21.3954618Z Received 1119879168 of 1665993529 (67.2%), 212.0 MBs/sec
Web Tests (0)	UNKNOWN STEP	2026-02-25T19:48:22.3961850Z Received 1350565888 of 1665993529 (81.1%), 213.3 MBs/sec
Web Tests (0)	UNKNOWN STEP	2026-02-25T19:48:23.4323998Z Received 1610612736 of 1665993529 (96.7%), 217.2 MBs/sec
Web Tests (0)	UNKNOWN STEP	2026-02-25T19:48:23.8700130Z Received 1665993529 of 1665993529 (100.0%), 211.5 MBs/sec
Web Tests (0)	UNKNOWN STEP	2026-02-25T19:48:23.8706040Z Cache Size: ~1589 MB (1665993529 B)
Web Tests (0)	UNKNOWN STEP	2026-02-25T19:48:23.8826219Z [command]/usr/bin/tar -xf /home/runner/work/_temp/6860ae25-1641-4d37-b291-f20ca9ff865f/cache.tzst -P -C /home/runner/work/substitution/substitution --use-compress-program unzstd
Web Tests (0)	UNKNOWN STEP	2026-02-25T19:48:28.5635631Z Cache restored successfully
Web Tests (0)	UNKNOWN STEP	2026-02-25T19:48:28.8745620Z Cache restored from key: flutter-linux-stable-3.41.2-x64-90673a4eef275d1a6692c26ac80d6d746d41a73a
Web Tests (0)	UNKNOWN STEP	2026-02-25T19:48:29.0015634Z ##[group]Run actions/cache@v4
Web Tests (0)	UNKNOWN STEP	2026-02-25T19:48:29.0015922Z with:
Web Tests (0)	UNKNOWN STEP	2026-02-25T19:48:29.0016151Z   path: /home/runner/.pub-cache
Web Tests (0)	UNKNOWN STEP	2026-02-25T19:48:29.0016987Z   key: flutter-pub-linux-stable-3.41.2-x64-90673a4eef275d1a6692c26ac80d6d746d41a73a-fabacfc13d2b7e18a7fb2822593662b03764f624bf41fd351cdabec60fb27783
Web Tests (0)	UNKNOWN STEP	2026-02-25T19:48:29.0017830Z   enableCrossOsArchive: false
Web Tests (0)	UNKNOWN STEP	2026-02-25T19:48:29.0018398Z   fail-on-cache-miss: false
Web Tests (0)	UNKNOWN STEP	2026-02-25T19:48:29.0018658Z   lookup-only: false
Web Tests (0)	UNKNOWN STEP	2026-02-25T19:48:29.0018881Z   save-always: false
Web Tests (0)	UNKNOWN STEP	2026-02-25T19:48:29.0019076Z env:
Web Tests (0)	UNKNOWN STEP	2026-02-25T19:48:29.0019255Z   CACHE_VERSION: v1
Web Tests (0)	UNKNOWN STEP	2026-02-25T19:48:29.0019467Z ##[endgroup]
Web Tests (0)	UNKNOWN STEP	2026-02-25T19:48:29.2026854Z Cache hit for: flutter-pub-linux-stable-3.41.2-x64-90673a4eef275d1a6692c26ac80d6d746d41a73a-fabacfc13d2b7e18a7fb2822593662b03764f624bf41fd351cdabec60fb27783
Web Tests (0)	UNKNOWN STEP	2026-02-25T19:48:29.9375428Z Received 133563121 of 133563121 (100.0%), 184.1 MBs/sec
Web Tests (0)	UNKNOWN STEP	2026-02-25T19:48:29.9376779Z Cache Size: ~127 MB (133563121 B)
Web Tests (0)	UNKNOWN STEP	2026-02-25T19:48:29.9406517Z [command]/usr/bin/tar -xf /home/runner/work/_temp/57f86974-3f4b-4920-8032-d3be3a371956/cache.tzst -P -C /home/runner/work/substitution/substitution --use-compress-program unzstd
Web Tests (0)	UNKNOWN STEP	2026-02-25T19:48:31.4512918Z Cache restored successfully
Web Tests (0)	UNKNOWN STEP	2026-02-25T19:48:31.4861814Z Cache restored from key: flutter-pub-linux-stable-3.41.2-x64-90673a4eef275d1a6692c26ac80d6d746d41a73a-fabacfc13d2b7e18a7fb2822593662b03764f624bf41fd351cdabec60fb27783
Web Tests (0)	UNKNOWN STEP	2026-02-25T19:48:31.4984664Z ##[group]Run $GITHUB_ACTION_PATH/setup.sh \
Web Tests (0)	UNKNOWN STEP	2026-02-25T19:48:31.4985344Z [36;1m$GITHUB_ACTION_PATH/setup.sh \[0m
Web Tests (0)	UNKNOWN STEP	2026-02-25T19:48:31.4985628Z [36;1m  -n '3.41.2' \[0m
Web Tests (0)	UNKNOWN STEP	2026-02-25T19:48:31.4985874Z [36;1m  -a 'x64' \[0m
Web Tests (0)	UNKNOWN STEP	2026-02-25T19:48:31.4986176Z [36;1m  -c '/opt/hostedtoolcache/flutter/stable-3.41.2-x64' \[0m
Web Tests (0)	UNKNOWN STEP	2026-02-25T19:48:31.4986559Z [36;1m  -d '/home/runner/.pub-cache' \[0m
Web Tests (0)	UNKNOWN STEP	2026-02-25T19:48:31.4986817Z [36;1m  stable[0m
Web Tests (0)	UNKNOWN STEP	2026-02-25T19:48:31.5034755Z shell: /usr/bin/bash --noprofile --norc -e -o pipefail {0}
Web Tests (0)	UNKNOWN STEP	2026-02-25T19:48:31.5035233Z env:
Web Tests (0)	UNKNOWN STEP	2026-02-25T19:48:31.5035430Z   CACHE_VERSION: v1
Web Tests (0)	UNKNOWN STEP	2026-02-25T19:48:31.5035661Z ##[endgroup]
Web Tests (0)	UNKNOWN STEP	2026-02-25T19:48:31.6627639Z ##[group]Run flutter pub get
Web Tests (0)	UNKNOWN STEP	2026-02-25T19:48:31.6627978Z [36;1mflutter pub get[0m
Web Tests (0)	UNKNOWN STEP	2026-02-25T19:48:31.6679828Z shell: /usr/bin/bash -e {0}
Web Tests (0)	UNKNOWN STEP	2026-02-25T19:48:31.6680141Z env:
Web Tests (0)	UNKNOWN STEP	2026-02-25T19:48:31.6680367Z   CACHE_VERSION: v1
Web Tests (0)	UNKNOWN STEP	2026-02-25T19:48:31.6680734Z   FLUTTER_ROOT: /opt/hostedtoolcache/flutter/stable-3.41.2-x64
Web Tests (0)	UNKNOWN STEP	2026-02-25T19:48:31.6681177Z   PUB_CACHE: /home/runner/.pub-cache
Web Tests (0)	UNKNOWN STEP	2026-02-25T19:48:31.6681495Z ##[endgroup]
Web Tests (0)	UNKNOWN STEP	2026-02-25T19:48:32.7496807Z Resolving dependencies...
Web Tests (0)	UNKNOWN STEP	2026-02-25T19:48:33.0858434Z Downloading packages...
Web Tests (0)	UNKNOWN STEP	2026-02-25T19:48:33.1437586Z   _fe_analyzer_shared 91.0.0 (96.0.0 available)
Web Tests (0)	UNKNOWN STEP	2026-02-25T19:48:33.1438202Z   analyzer 8.4.1 (10.2.0 available)
Web Tests (0)	UNKNOWN STEP	2026-02-25T19:48:33.1438631Z > characters 1.4.1 (was 1.4.0)
Web Tests (0)	UNKNOWN STEP	2026-02-25T19:48:33.1439060Z > matcher 0.12.18 (was 0.12.17)
Web Tests (0)	UNKNOWN STEP	2026-02-25T19:48:33.1439545Z > material_color_utilities 0.13.0 (was 0.11.1)
Web Tests (0)	UNKNOWN STEP	2026-02-25T19:48:33.1440038Z   meta 1.17.0 (1.18.1 available)
Web Tests (0)	UNKNOWN STEP	2026-02-25T19:48:33.1440598Z   sqflite_common_ffi 2.3.7+1 (2.4.0+2 available)
Web Tests (0)	UNKNOWN STEP	2026-02-25T19:48:33.1441081Z   sqlite3 2.9.4 (3.1.6 available)
Web Tests (0)	UNKNOWN STEP	2026-02-25T19:48:33.1441525Z > test_api 0.7.9 (was 0.7.7)
Web Tests (0)	UNKNOWN STEP	2026-02-25T19:48:33.1441944Z > test_core 0.6.15 (was 0.6.12)
Web Tests (0)	UNKNOWN STEP	2026-02-25T19:48:33.1442483Z   unorm_dart 0.2.0 (0.3.2 available)
Web Tests (0)	UNKNOWN STEP	2026-02-25T19:48:33.1442907Z   win32 5.15.0 (6.0.0 available)
Web Tests (0)	UNKNOWN STEP	2026-02-25T19:48:33.1443361Z Changed 5 dependencies!
Web Tests (0)	UNKNOWN STEP	2026-02-25T19:48:33.1449052Z 7 packages have newer versions incompatible with dependency constraints.
Web Tests (0)	UNKNOWN STEP	2026-02-25T19:48:33.1449764Z Try `flutter pub outdated` for more information.
Web Tests (0)	UNKNOWN STEP	2026-02-25T19:48:33.7842495Z ##[group]Run flutter config --enable-web
Web Tests (0)	UNKNOWN STEP	2026-02-25T19:48:33.7842865Z [36;1mflutter config --enable-web[0m
Web Tests (0)	UNKNOWN STEP	2026-02-25T19:48:33.7892437Z shell: /usr/bin/bash -e {0}
Web Tests (0)	UNKNOWN STEP	2026-02-25T19:48:33.7892722Z env:
Web Tests (0)	UNKNOWN STEP	2026-02-25T19:48:33.7892943Z   CACHE_VERSION: v1
Web Tests (0)	UNKNOWN STEP	2026-02-25T19:48:33.7893294Z   FLUTTER_ROOT: /opt/hostedtoolcache/flutter/stable-3.41.2-x64
Web Tests (0)	UNKNOWN STEP	2026-02-25T19:48:33.7893723Z   PUB_CACHE: /home/runner/.pub-cache
Web Tests (0)	UNKNOWN STEP	2026-02-25T19:48:33.7894021Z ##[endgroup]
Web Tests (0)	UNKNOWN STEP	2026-02-25T19:48:33.9083791Z Setting "enable-web" value to "true".
Web Tests (0)	UNKNOWN STEP	2026-02-25T19:48:33.9084288Z 
Web Tests (0)	UNKNOWN STEP	2026-02-25T19:48:33.9084651Z You may need to restart any open editors for them to read new settings.
Web Tests (0)	UNKNOWN STEP	2026-02-25T19:48:33.9173891Z ##[group]Run docker compose up -d postgres matrix-synapse redis
Web Tests (0)	UNKNOWN STEP	2026-02-25T19:48:33.9174724Z [36;1mdocker compose up -d postgres matrix-synapse redis[0m
Web Tests (0)	UNKNOWN STEP	2026-02-25T19:48:33.9175552Z [36;1msleep 10[0m
Web Tests (0)	UNKNOWN STEP	2026-02-25T19:48:33.9175990Z [36;1mdocker compose run --rm matrix-init[0m
Web Tests (0)	UNKNOWN STEP	2026-02-25T19:48:33.9177043Z [36;1mtimeout 60 bash -c 'until curl -sf http://localhost:8008/_matrix/client/versions > /dev/null 2>&1; do sleep 2; done'[0m
Web Tests (0)	UNKNOWN STEP	2026-02-25T19:48:33.9249548Z shell: /usr/bin/bash -e {0}
Web Tests (0)	UNKNOWN STEP	2026-02-25T19:48:33.9249985Z env:
Web Tests (0)	UNKNOWN STEP	2026-02-25T19:48:33.9250298Z   CACHE_VERSION: v1
Web Tests (0)	UNKNOWN STEP	2026-02-25T19:48:33.9250797Z   FLUTTER_ROOT: /opt/hostedtoolcache/flutter/stable-3.41.2-x64
Web Tests (0)	UNKNOWN STEP	2026-02-25T19:48:33.9251433Z   PUB_CACHE: /home/runner/.pub-cache
Web Tests (0)	UNKNOWN STEP	2026-02-25T19:48:33.9251884Z ##[endgroup]
Web Tests (0)	UNKNOWN STEP	2026-02-25T19:48:37.4860149Z time="2026-02-25T19:48:37Z" level=warning msg="/home/runner/work/substitution/substitution/docker-compose.yml: the attribute `version` is obsolete, it will be ignored, please remove it to avoid potential confusion"
Web Tests (0)	UNKNOWN STEP	2026-02-25T19:48:37.5197605Z  redis Pulling 
Web Tests (0)	UNKNOWN STEP	2026-02-25T19:48:37.5198291Z  dex Pulling 
Web Tests (0)	UNKNOWN STEP	2026-02-25T19:48:37.5199304Z  matrix-synapse Pulling 
Web Tests (0)	UNKNOWN STEP	2026-02-25T19:48:37.5201198Z  postgres Pulling 
Web Tests (0)	UNKNOWN STEP	2026-02-25T19:48:37.7989937Z  d25f557d7f31 Pulling fs layer 
Web Tests (0)	UNKNOWN STEP	2026-02-25T19:48:37.7990805Z  9acd5b82521c Pulling fs layer 
Web Tests (0)	UNKNOWN STEP	2026-02-25T19:48:37.7991667Z  10d78728ec4d Pulling fs layer 
Web Tests (0)	UNKNOWN STEP	2026-02-25T19:48:37.7992031Z  e0d49f520b92 Pulling fs layer 
Web Tests (0)	UNKNOWN STEP	2026-02-25T19:48:37.7992358Z  5de905603ac5 Pulling fs layer 
Web Tests (0)	UNKNOWN STEP	2026-02-25T19:48:37.7992686Z  808bb02340fa Pulling fs layer 
Web Tests (0)	UNKNOWN STEP	2026-02-25T19:48:37.7993012Z  c0970b69197c Pulling fs layer 
Web Tests (0)	UNKNOWN STEP	2026-02-25T19:48:37.7993356Z  9de5f206730a Pulling fs layer 
Web Tests (0)	UNKNOWN STEP	2026-02-25T19:48:37.7993666Z  24e28b7dc0a2 Pulling fs layer 
Web Tests (0)	UNKNOWN STEP	2026-02-25T19:48:37.7993943Z  830180cf89a8 Pulling fs layer 
Web Tests (0)	UNKNOWN STEP	2026-02-25T19:48:37.7994209Z  e0d49f520b92 Waiting 
Web Tests (0)	UNKNOWN STEP	2026-02-25T19:48:37.7994592Z  24e28b7dc0a2 Waiting 
Web Tests (0)	UNKNOWN STEP	2026-02-25T19:48:37.7995111Z  830180cf89a8 Waiting 
Web Tests (0)	UNKNOWN STEP	2026-02-25T19:48:37.7995367Z  5de905603ac5 Waiting 
Web Tests (0)	UNKNOWN STEP	2026-02-25T19:48:37.7995693Z  808bb02340fa Waiting 
Web Tests (0)	UNKNOWN STEP	2026-02-25T19:48:37.7996011Z  9de5f206730a Waiting 
Web Tests (0)	UNKNOWN STEP	2026-02-25T19:48:37.8428154Z  d25f557d7f31 Downloading [>                                                  ]  37.05kB/3.622MB
Web Tests (0)	UNKNOWN STEP	2026-02-25T19:48:37.8486026Z  9acd5b82521c Downloading [>                                                  ]  1.378kB/127.5kB
Web Tests (0)	UNKNOWN STEP	2026-02-25T19:48:37.8517340Z  9acd5b82521c Downloading [==================================================>]  127.5kB/127.5kB
Web Tests (0)	UNKNOWN STEP	2026-02-25T19:48:37.8518381Z  9acd5b82521c Verifying Checksum 
Web Tests (0)	UNKNOWN STEP	2026-02-25T19:48:37.8518861Z  9acd5b82521c Download complete 
Web Tests (0)	UNKNOWN STEP	2026-02-25T19:48:37.8524512Z  10d78728ec4d Downloading [==================================================>]     122B/122B
Web Tests (0)	UNKNOWN STEP	2026-02-25T19:48:37.8525417Z  10d78728ec4d Download complete 
Web Tests (0)	UNKNOWN STEP	2026-02-25T19:48:37.8584223Z  d25f557d7f31 Verifying Checksum 
Web Tests (0)	UNKNOWN STEP	2026-02-25T19:48:37.8585133Z  d25f557d7f31 Download complete 
Web Tests (0)	UNKNOWN STEP	2026-02-25T19:48:37.8592628Z  d25f557d7f31 Extracting [>                                                  ]  65.54kB/3.622MB
Web Tests (0)	UNKNOWN STEP	2026-02-25T19:48:37.8738430Z  bc1da058f299 Pulling fs layer 
Web Tests (0)	UNKNOWN STEP	2026-02-25T19:48:37.8741026Z  09a5a0c32a23 Pulling fs layer 
Web Tests (0)	UNKNOWN STEP	2026-02-25T19:48:37.8741512Z  bd53938b1271 Pulling fs layer 
Web Tests (0)	UNKNOWN STEP	2026-02-25T19:48:37.8744529Z  9fe3744a2eac Pulling fs layer 
Web Tests (0)	UNKNOWN STEP	2026-02-25T19:48:37.8747104Z  7ad54b3c4cef Pulling fs layer 
Web Tests (0)	UNKNOWN STEP	2026-02-25T19:48:37.8749178Z  2a97533d89ca Pulling fs layer 
Web Tests (0)	UNKNOWN STEP	2026-02-25T19:48:37.8751480Z  4f4fb700ef54 Pulling fs layer 
Web Tests (0)	UNKNOWN STEP	2026-02-25T19:48:37.8751934Z  1c2c8d1ee428 Pulling fs layer 
Web Tests (0)	UNKNOWN STEP	2026-02-25T19:48:37.8755140Z  bd53938b1271 Waiting 
Web Tests (0)	UNKNOWN STEP	2026-02-25T19:48:37.8756757Z  9fe3744a2eac Waiting 
Web Tests (0)	UNKNOWN STEP	2026-02-25T19:48:37.8757170Z  7ad54b3c4cef Waiting 
Web Tests (0)	UNKNOWN STEP	2026-02-25T19:48:37.8757524Z  2a97533d89ca Waiting 
Web Tests (0)	UNKNOWN STEP	2026-02-25T19:48:37.8757869Z  4f4fb700ef54 Waiting 
Web Tests (0)	UNKNOWN STEP	2026-02-25T19:48:37.8758220Z  1c2c8d1ee428 Waiting 
Web Tests (0)	UNKNOWN STEP	2026-02-25T19:48:37.8758548Z  09a5a0c32a23 Waiting 
Web Tests (0)	UNKNOWN STEP	2026-02-25T19:48:37.8758895Z  bc1da058f299 Waiting 
Web Tests (0)	UNKNOWN STEP	2026-02-25T19:48:37.8764595Z  589002ba0eae Pulling fs layer 
Web Tests (0)	UNKNOWN STEP	2026-02-25T19:48:37.8772499Z  5ffb427686b6 Pulling fs layer 
Web Tests (0)	UNKNOWN STEP	2026-02-25T19:48:37.8776877Z  630177b00352 Pulling fs layer 
Web Tests (0)	UNKNOWN STEP	2026-02-25T19:48:37.8782529Z  6c18ff1f33d0 Pulling fs layer 
Web Tests (0)	UNKNOWN STEP	2026-02-25T19:48:37.8783517Z  13e46e455d3b Pulling fs layer 
Web Tests (0)	UNKNOWN STEP	2026-02-25T19:48:37.8784342Z  b4403f29458a Pulling fs layer 
Web Tests (0)	UNKNOWN STEP	2026-02-25T19:48:37.8784882Z  40aaa75af6ce Pulling fs layer 
Web Tests (0)	UNKNOWN STEP	2026-02-25T19:48:37.8785533Z  162bdab1e0a7 Pulling fs layer 
Web Tests (0)	UNKNOWN STEP	2026-02-25T19:48:37.8785951Z  ebff7b0ec73e Pulling fs layer 
Web Tests (0)	UNKNOWN STEP	2026-02-25T19:48:37.8786345Z  c02179436571 Pulling fs layer 
Web Tests (0)	UNKNOWN STEP	2026-02-25T19:48:37.8786740Z  8243369e9866 Pulling fs layer 
Web Tests (0)	UNKNOWN STEP	2026-02-25T19:48:37.8787114Z  630177b00352 Waiting 
Web Tests (0)	UNKNOWN STEP	2026-02-25T19:48:37.8787476Z  6c18ff1f33d0 Waiting 
Web Tests (0)	UNKNOWN STEP	2026-02-25T19:48:37.8787847Z  13e46e455d3b Waiting 
Web Tests (0)	UNKNOWN STEP	2026-02-25T19:48:37.8788222Z  b4403f29458a Waiting 
Web Tests (0)	UNKNOWN STEP	2026-02-25T19:48:37.8788590Z  40aaa75af6ce Waiting 
Web Tests (0)	UNKNOWN STEP	2026-02-25T19:48:37.8788936Z  162bdab1e0a7 Waiting 
Web Tests (0)	UNKNOWN STEP	2026-02-25T19:48:37.8789286Z  ebff7b0ec73e Waiting 
Web Tests (0)	UNKNOWN STEP	2026-02-25T19:48:37.8789622Z  c02179436571 Waiting 
Web Tests (0)	UNKNOWN STEP	2026-02-25T19:48:37.8789976Z  8243369e9866 Waiting 
Web Tests (0)	UNKNOWN STEP	2026-02-25T19:48:37.8790317Z  5ffb427686b6 Waiting 
Web Tests (0)	UNKNOWN STEP	2026-02-25T19:48:37.8790656Z  589002ba0eae Waiting 
Web Tests (0)	UNKNOWN STEP	2026-02-25T19:48:37.8939582Z  0c8d55a45c0d Pulling fs layer 
Web Tests (0)	UNKNOWN STEP	2026-02-25T19:48:37.8940377Z  03af238a5946 Pulling fs layer 
Web Tests (0)	UNKNOWN STEP	2026-02-25T19:48:37.8940851Z  686599c79c87 Pulling fs layer 
Web Tests (0)	UNKNOWN STEP	2026-02-25T19:48:37.8941290Z  f1cadbd7abd2 Pulling fs layer 
Web Tests (0)	UNKNOWN STEP	2026-02-25T19:48:37.8941716Z  3ee96ea8e5d2 Pulling fs layer 
Web Tests (0)	UNKNOWN STEP	2026-02-25T19:48:37.8942117Z  a954d256f742 Pulling fs layer 
Web Tests (0)	UNKNOWN STEP	2026-02-25T19:48:37.8942520Z  c7ce85987d6d Pulling fs layer 
Web Tests (0)	UNKNOWN STEP	2026-02-25T19:48:37.8943053Z  7807da78b90b Pulling fs layer 
Web Tests (0)	UNKNOWN STEP	2026-02-25T19:48:37.8943442Z  0478cd5c1079 Pulling fs layer 
Web Tests (0)	UNKNOWN STEP	2026-02-25T19:48:37.8943878Z  3a02ac06be95 Pulling fs layer 
Web Tests (0)	UNKNOWN STEP	2026-02-25T19:48:37.8944262Z  3ee96ea8e5d2 Waiting 
Web Tests (0)	UNKNOWN STEP	2026-02-25T19:48:37.8944598Z  a954d256f742 Waiting 
Web Tests (0)	UNKNOWN STEP	2026-02-25T19:48:37.8945169Z  c7ce85987d6d Waiting 
Web Tests (0)	UNKNOWN STEP	2026-02-25T19:48:37.8945551Z  7807da78b90b Waiting 
Web Tests (0)	UNKNOWN STEP	2026-02-25T19:48:37.8945908Z  0478cd5c1079 Waiting 
Web Tests (0)	UNKNOWN STEP	2026-02-25T19:48:37.8946267Z  3a02ac06be95 Waiting 
Web Tests (0)	UNKNOWN STEP	2026-02-25T19:48:37.8946644Z  0c8d55a45c0d Waiting 
Web Tests (0)	UNKNOWN STEP	2026-02-25T19:48:37.8946984Z  03af238a5946 Waiting 
Web Tests (0)	UNKNOWN STEP	2026-02-25T19:48:37.8947338Z  686599c79c87 Waiting 
Web Tests (0)	UNKNOWN STEP	2026-02-25T19:48:37.8947703Z  f1cadbd7abd2 Waiting 
Web Tests (0)	UNKNOWN STEP	2026-02-25T19:48:37.9001330Z  5de905603ac5 Downloading [====>                                              ]  1.378kB/17.03kB
Web Tests (0)	UNKNOWN STEP	2026-02-25T19:48:37.9003408Z  5de905603ac5 Downloading [==================================================>]  17.03kB/17.03kB
Web Tests (0)	UNKNOWN STEP	2026-02-25T19:48:37.9004942Z  5de905603ac5 Verifying Checksum 
Web Tests (0)	UNKNOWN STEP	2026-02-25T19:48:37.9005693Z  5de905603ac5 Download complete 
Web Tests (0)	UNKNOWN STEP	2026-02-25T19:48:37.9040542Z  808bb02340fa Downloading [=========>                                         ]  16.38kB/90.98kB
Web Tests (0)	UNKNOWN STEP	2026-02-25T19:48:37.9059604Z  808bb02340fa Downloading [==================================================>]  90.98kB/90.98kB
Web Tests (0)	UNKNOWN STEP	2026-02-25T19:48:37.9062583Z  808bb02340fa Download complete 
Web Tests (0)	UNKNOWN STEP	2026-02-25T19:48:37.9321850Z  d25f557d7f31 Extracting [==================================================>]  3.622MB/3.622MB
Web Tests (0)	UNKNOWN STEP	2026-02-25T19:48:37.9429216Z  e0d49f520b92 Downloading [==================================================>]     961B/961B
Web Tests (0)	UNKNOWN STEP	2026-02-25T19:48:37.9429984Z  e0d49f520b92 Verifying Checksum 
Web Tests (0)	UNKNOWN STEP	2026-02-25T19:48:37.9430470Z  e0d49f520b92 Download complete 
Web Tests (0)	UNKNOWN STEP	2026-02-25T19:48:37.9455714Z  c0970b69197c Downloading [>                                                  ]  163.8kB/14.88MB
Web Tests (0)	UNKNOWN STEP	2026-02-25T19:48:37.9646161Z  9de5f206730a Downloading [>                                                  ]  8.268kB/766.3kB
Web Tests (0)	UNKNOWN STEP	2026-02-25T19:48:37.9717790Z  9de5f206730a Downloading [==================================================>]  766.3kB/766.3kB
Web Tests (0)	UNKNOWN STEP	2026-02-25T19:48:37.9718567Z  9de5f206730a Verifying Checksum 
Web Tests (0)	UNKNOWN STEP	2026-02-25T19:48:37.9719045Z  9de5f206730a Download complete 
Web Tests (0)	UNKNOWN STEP	2026-02-25T19:48:37.9834344Z  d25f557d7f31 Pull complete 
Web Tests (0)	UNKNOWN STEP	2026-02-25T19:48:37.9851794Z  9acd5b82521c Extracting [============>                                      ]  32.77kB/127.5kB
Web Tests (0)	UNKNOWN STEP	2026-02-25T19:48:37.9869908Z  9acd5b82521c Extracting [==================================================>]  127.5kB/127.5kB
Web Tests (0)	UNKNOWN STEP	2026-02-25T19:48:37.9873505Z  9acd5b82521c Extracting [==================================================>]  127.5kB/127.5kB
Web Tests (0)	UNKNOWN STEP	2026-02-25T19:48:38.0002125Z  c0970b69197c Verifying Checksum 
Web Tests (0)	UNKNOWN STEP	2026-02-25T19:48:38.0002694Z  c0970b69197c Download complete 
Web Tests (0)	UNKNOWN STEP	2026-02-25T19:48:38.0100007Z  24e28b7dc0a2 Downloading [>                                                  ]  1.378kB/83.13kB
Web Tests (0)	UNKNOWN STEP	2026-02-25T19:48:38.0122814Z  24e28b7dc0a2 Downloading [==================================================>]  83.13kB/83.13kB
Web Tests (0)	UNKNOWN STEP	2026-02-25T19:48:38.0123779Z  24e28b7dc0a2 Verifying Checksum 
Web Tests (0)	UNKNOWN STEP	2026-02-25T19:48:38.0124104Z  24e28b7dc0a2 Download complete 
Web Tests (0)	UNKNOWN STEP	2026-02-25T19:48:38.0240087Z  830180cf89a8 Downloading [>                                                  ]  147.5kB/14.63MB
Web Tests (0)	UNKNOWN STEP	2026-02-25T19:48:38.0578794Z  bc1da058f299 Downloading [>                                                  ]  36.72kB/3.644MB
Web Tests (0)	UNKNOWN STEP	2026-02-25T19:48:38.0754111Z  830180cf89a8 Verifying Checksum 
Web Tests (0)	UNKNOWN STEP	2026-02-25T19:48:38.0755152Z  830180cf89a8 Download complete 
Web Tests (0)	UNKNOWN STEP	2026-02-25T19:48:38.0887618Z  09a5a0c32a23 Downloading [======================================>            ]     721B/948B
Web Tests (0)	UNKNOWN STEP	2026-02-25T19:48:38.0889761Z  09a5a0c32a23 Downloading [==================================================>]     948B/948B
Web Tests (0)	UNKNOWN STEP	2026-02-25T19:48:38.0890489Z  09a5a0c32a23 Verifying Checksum 
Web Tests (0)	UNKNOWN STEP	2026-02-25T19:48:38.0890973Z  09a5a0c32a23 Download complete 
Web Tests (0)	UNKNOWN STEP	2026-02-25T19:48:38.0911677Z  bc1da058f299 Downloading [==================================================>]  3.644MB/3.644MB
Web Tests (0)	UNKNOWN STEP	2026-02-25T19:48:38.0912598Z  bc1da058f299 Verifying Checksum 
Web Tests (0)	UNKNOWN STEP	2026-02-25T19:48:38.0913059Z  bc1da058f299 Download complete 
Web Tests (0)	UNKNOWN STEP	2026-02-25T19:48:38.0917764Z  bc1da058f299 Extracting [>                                                  ]  65.54kB/3.644MB
Web Tests (0)	UNKNOWN STEP	2026-02-25T19:48:38.1505318Z  bd53938b1271 Downloading [>                                                  ]  2.087kB/173.4kB
Web Tests (0)	UNKNOWN STEP	2026-02-25T19:48:38.1549710Z  bd53938b1271 Downloading [==================================================>]  173.4kB/173.4kB
Web Tests (0)	UNKNOWN STEP	2026-02-25T19:48:38.1555447Z  bd53938b1271 Download complete 
Web Tests (0)	UNKNOWN STEP	2026-02-25T19:48:38.1610763Z  7ad54b3c4cef Downloading [>                                                  ]  126.4kB/12.41MB
Web Tests (0)	UNKNOWN STEP	2026-02-25T19:48:38.1679254Z  9fe3744a2eac Downloading [>                                                  ]   10.3kB/1.003MB
Web Tests (0)	UNKNOWN STEP	2026-02-25T19:48:38.1770393Z  9fe3744a2eac Downloading [==================================================>]  1.003MB/1.003MB
Web Tests (0)	UNKNOWN STEP	2026-02-25T19:48:38.1771244Z  9fe3744a2eac Download complete 
Web Tests (0)	UNKNOWN STEP	2026-02-25T19:48:38.1929778Z  bc1da058f299 Extracting [========================================>          ]  2.949MB/3.644MB
Web Tests (0)	UNKNOWN STEP	2026-02-25T19:48:38.2060960Z  bc1da058f299 Extracting [==================================================>]  3.644MB/3.644MB
Web Tests (0)	UNKNOWN STEP	2026-02-25T19:48:38.2068570Z  bc1da058f299 Extracting [==================================================>]  3.644MB/3.644MB
Web Tests (0)	UNKNOWN STEP	2026-02-25T19:48:38.2365171Z  2a97533d89ca Downloading [==================================================>]     100B/100B
Web Tests (0)	UNKNOWN STEP	2026-02-25T19:48:38.2467095Z  4f4fb700ef54 Downloading [==================================================>]      32B/32B
Web Tests (0)	UNKNOWN STEP	2026-02-25T19:48:38.2516475Z  2a97533d89ca Verifying Checksum 
Web Tests (0)	UNKNOWN STEP	2026-02-25T19:48:38.2517138Z  2a97533d89ca Download complete 
Web Tests (0)	UNKNOWN STEP	2026-02-25T19:48:38.2522839Z  4f4fb700ef54 Verifying Checksum 
Web Tests (0)	UNKNOWN STEP	2026-02-25T19:48:38.2532400Z  4f4fb700ef54 Download complete 
Web Tests (0)	UNKNOWN STEP	2026-02-25T19:48:38.2550019Z  bc1da058f299 Pull complete 
Web Tests (0)	UNKNOWN STEP	2026-02-25T19:48:38.2565592Z  09a5a0c32a23 Extracting [==================================================>]     948B/948B
Web Tests (0)	UNKNOWN STEP	2026-02-25T19:48:38.2581029Z  09a5a0c32a23 Extracting [==================================================>]     948B/948B
Web Tests (0)	UNKNOWN STEP	2026-02-25T19:48:38.2585775Z  7ad54b3c4cef Verifying Checksum 
Web Tests (0)	UNKNOWN STEP	2026-02-25T19:48:38.2588314Z  7ad54b3c4cef Download complete 
Web Tests (0)	UNKNOWN STEP	2026-02-25T19:48:38.3290404Z  1c2c8d1ee428 Downloading [==================================================>]     576B/576B
Web Tests (0)	UNKNOWN STEP	2026-02-25T19:48:38.3292055Z  1c2c8d1ee428 Verifying Checksum 
Web Tests (0)	UNKNOWN STEP	2026-02-25T19:48:38.3293157Z  1c2c8d1ee428 Download complete 
Web Tests (0)	UNKNOWN STEP	2026-02-25T19:48:38.3334426Z  589002ba0eae Downloading [>                                                  ]  39.05kB/3.862MB
Web Tests (0)	UNKNOWN STEP	2026-02-25T19:48:38.3603347Z  5ffb427686b6 Downloading [=====================================>             ]     721B/972B
Web Tests (0)	UNKNOWN STEP	2026-02-25T19:48:38.3607620Z  5ffb427686b6 Downloading [==================================================>]     972B/972B
Web Tests (0)	UNKNOWN STEP	2026-02-25T19:48:38.3609159Z  5ffb427686b6 Verifying Checksum 
Web Tests (0)	UNKNOWN STEP	2026-02-25T19:48:38.3904266Z  630177b00352 Downloading [>                                                  ]  9.561kB/922.9kB
Web Tests (0)	UNKNOWN STEP	2026-02-25T19:48:38.4006471Z  630177b00352 Verifying Checksum 
Web Tests (0)	UNKNOWN STEP	2026-02-25T19:48:38.4006990Z  630177b00352 Download complete 
Web Tests (0)	UNKNOWN STEP	2026-02-25T19:48:38.4062900Z  589002ba0eae Downloading [==================================================>]  3.862MB/3.862MB
Web Tests (0)	UNKNOWN STEP	2026-02-25T19:48:38.4065487Z  589002ba0eae Verifying Checksum 
Web Tests (0)	UNKNOWN STEP	2026-02-25T19:48:38.4065907Z  589002ba0eae Download complete 
Web Tests (0)	UNKNOWN STEP	2026-02-25T19:48:38.4078401Z  589002ba0eae Extracting [>                                                  ]  65.54kB/3.862MB
Web Tests (0)	UNKNOWN STEP	2026-02-25T19:48:38.4242463Z  6c18ff1f33d0 Downloading [==================================================>]     173B/173B
Web Tests (0)	UNKNOWN STEP	2026-02-25T19:48:38.4244554Z  6c18ff1f33d0 Download complete 
Web Tests (0)	UNKNOWN STEP	2026-02-25T19:48:38.4757633Z  13e46e455d3b Downloading [==================================================>]     116B/116B
Web Tests (0)	UNKNOWN STEP	2026-02-25T19:48:38.4759335Z  13e46e455d3b Verifying Checksum 
Web Tests (0)	UNKNOWN STEP	2026-02-25T19:48:38.4760604Z  13e46e455d3b Download complete 
Web Tests (0)	UNKNOWN STEP	2026-02-25T19:48:38.4914697Z  40aaa75af6ce Downloading [===>                                               ]     700B/9.62kB
Web Tests (0)	UNKNOWN STEP	2026-02-25T19:48:38.4916789Z  40aaa75af6ce Downloading [==================================================>]   9.62kB/9.62kB
Web Tests (0)	UNKNOWN STEP	2026-02-25T19:48:38.4919197Z  40aaa75af6ce Verifying Checksum 
Web Tests (0)	UNKNOWN STEP	2026-02-25T19:48:38.4919853Z  40aaa75af6ce Download complete 
Web Tests (0)	UNKNOWN STEP	2026-02-25T19:48:38.5089080Z  589002ba0eae Extracting [=============================================>     ]  3.539MB/3.862MB
Web Tests (0)	UNKNOWN STEP	2026-02-25T19:48:38.5145380Z  589002ba0eae Extracting [==================================================>]  3.862MB/3.862MB
Web Tests (0)	UNKNOWN STEP	2026-02-25T19:48:38.5147915Z  589002ba0eae Extracting [==================================================>]  3.862MB/3.862MB
Web Tests (0)	UNKNOWN STEP	2026-02-25T19:48:38.5179447Z  b4403f29458a Downloading [>                                                  ]  530.6kB/105.2MB
Web Tests (0)	UNKNOWN STEP	2026-02-25T19:48:38.5712181Z  ebff7b0ec73e Downloading [==================================================>]     170B/170B
Web Tests (0)	UNKNOWN STEP	2026-02-25T19:48:38.5712966Z  ebff7b0ec73e Verifying Checksum 
Web Tests (0)	UNKNOWN STEP	2026-02-25T19:48:38.5713450Z  ebff7b0ec73e Download complete 
Web Tests (0)	UNKNOWN STEP	2026-02-25T19:48:38.5769941Z  162bdab1e0a7 Downloading [==================================================>]     128B/128B
Web Tests (0)	UNKNOWN STEP	2026-02-25T19:48:38.5771610Z  162bdab1e0a7 Verifying Checksum 
Web Tests (0)	UNKNOWN STEP	2026-02-25T19:48:38.5772307Z  162bdab1e0a7 Download complete 
Web Tests (0)	UNKNOWN STEP	2026-02-25T19:48:38.5937271Z  589002ba0eae Pull complete 
Web Tests (0)	UNKNOWN STEP	2026-02-25T19:48:38.5959346Z  5ffb427686b6 Extracting [==================================================>]     972B/972B
Web Tests (0)	UNKNOWN STEP	2026-02-25T19:48:38.5962394Z  5ffb427686b6 Extracting [==================================================>]     972B/972B
Web Tests (0)	UNKNOWN STEP	2026-02-25T19:48:38.6192452Z  b4403f29458a Downloading [===>                                               ]  6.951MB/105.2MB
Web Tests (0)	UNKNOWN STEP	2026-02-25T19:48:38.6393444Z  8243369e9866 Downloading [==================================================>]     186B/186B
Web Tests (0)	UNKNOWN STEP	2026-02-25T19:48:38.6400243Z  8243369e9866 Verifying Checksum 
Web Tests (0)	UNKNOWN STEP	2026-02-25T19:48:38.6400814Z  8243369e9866 Download complete 
Web Tests (0)	UNKNOWN STEP	2026-02-25T19:48:38.6460324Z  c02179436571 Downloading [=====>                                             ]     700B/5.84kB
Web Tests (0)	UNKNOWN STEP	2026-02-25T19:48:38.6464489Z  c02179436571 Downloading [==================================================>]   5.84kB/5.84kB
Web Tests (0)	UNKNOWN STEP	2026-02-25T19:48:38.6467151Z  c02179436571 Verifying Checksum 
Web Tests (0)	UNKNOWN STEP	2026-02-25T19:48:38.6467637Z  c02179436571 Download complete 
Web Tests (0)	UNKNOWN STEP	2026-02-25T19:48:38.7249454Z  0c8d55a45c0d Downloading [>                                                  ]  298.7kB/29.78MB
Web Tests (0)	UNKNOWN STEP	2026-02-25T19:48:38.7303272Z  b4403f29458a Downloading [=====>                                             ]   12.3MB/105.2MB
Web Tests (0)	UNKNOWN STEP	2026-02-25T19:48:38.7464789Z  03af238a5946 Downloading [>                                                  ]  13.51kB/1.293MB
Web Tests (0)	UNKNOWN STEP	2026-02-25T19:48:38.7785662Z  03af238a5946 Verifying Checksum 
Web Tests (0)	UNKNOWN STEP	2026-02-25T19:48:38.7786169Z  03af238a5946 Download complete 
Web Tests (0)	UNKNOWN STEP	2026-02-25T19:48:38.8282155Z  0c8d55a45c0d Downloading [=========>                                         ]  5.849MB/29.78MB
Web Tests (0)	UNKNOWN STEP	2026-02-25T19:48:38.8343523Z  b4403f29458a Downloading [=========>                                         ]  19.77MB/105.2MB
Web Tests (0)	UNKNOWN STEP	2026-02-25T19:48:38.8696781Z  686599c79c87 Downloading [>                                                  ]  122.2kB/11.8MB
Web Tests (0)	UNKNOWN STEP	2026-02-25T19:48:38.9323315Z  0c8d55a45c0d Downloading [===================>                               ]  11.34MB/29.78MB
Web Tests (0)	UNKNOWN STEP	2026-02-25T19:48:38.9410415Z  b4403f29458a Downloading [============>                                      ]  26.19MB/105.2MB
Web Tests (0)	UNKNOWN STEP	2026-02-25T19:48:38.9884595Z  686599c79c87 Downloading [=================================>                 ]  7.907MB/11.8MB
Web Tests (0)	UNKNOWN STEP	2026-02-25T19:48:39.0245673Z  686599c79c87 Verifying Checksum 
Web Tests (0)	UNKNOWN STEP	2026-02-25T19:48:39.0246138Z  686599c79c87 Download complete 
Web Tests (0)	UNKNOWN STEP	2026-02-25T19:48:39.0328781Z  0c8d55a45c0d Downloading [=============================================>     ]  27.01MB/29.78MB
Web Tests (0)	UNKNOWN STEP	2026-02-25T19:48:39.0578442Z  b4403f29458a Downloading [==============>                                    ]     31MB/105.2MB
Web Tests (0)	UNKNOWN STEP	2026-02-25T19:48:39.0857381Z  0c8d55a45c0d Verifying Checksum 
Web Tests (0)	UNKNOWN STEP	2026-02-25T19:48:39.0859924Z  0c8d55a45c0d Download complete 
Web Tests (0)	UNKNOWN STEP	2026-02-25T19:48:39.1230703Z  0c8d55a45c0d Extracting [>                                                  ]  327.7kB/29.78MB
Web Tests (0)	UNKNOWN STEP	2026-02-25T19:48:39.1351235Z  f1cadbd7abd2 Downloading [==================================================>]     252B/252B
Web Tests (0)	UNKNOWN STEP	2026-02-25T19:48:39.1352743Z  f1cadbd7abd2 Verifying Checksum 
Web Tests (0)	UNKNOWN STEP	2026-02-25T19:48:39.1353229Z  f1cadbd7abd2 Download complete 
Web Tests (0)	UNKNOWN STEP	2026-02-25T19:48:39.1607259Z  b4403f29458a Downloading [=================>                                 ]  36.34MB/105.2MB
Web Tests (0)	UNKNOWN STEP	2026-02-25T19:48:39.1627531Z  3ee96ea8e5d2 Downloading [==================================================>]     250B/250B
Web Tests (0)	UNKNOWN STEP	2026-02-25T19:48:39.1629161Z  3ee96ea8e5d2 Verifying Checksum 
Web Tests (0)	UNKNOWN STEP	2026-02-25T19:48:39.1630957Z  3ee96ea8e5d2 Download complete 
Web Tests (0)	UNKNOWN STEP	2026-02-25T19:48:39.2297125Z  c7ce85987d6d Downloading [==>                                                ]     719B/13.29kB
Web Tests (0)	UNKNOWN STEP	2026-02-25T19:48:39.2551711Z  a954d256f742 Downloading [>                                                  ]  220.1kB/21.98MB
Web Tests (0)	UNKNOWN STEP	2026-02-25T19:48:39.2892118Z  c7ce85987d6d Downloading [==================================================>]  13.29kB/13.29kB
Web Tests (0)	UNKNOWN STEP	2026-02-25T19:48:39.2895814Z  c7ce85987d6d Verifying Checksum 
Web Tests (0)	UNKNOWN STEP	2026-02-25T19:48:39.2902911Z  c7ce85987d6d Download complete 
Web Tests (0)	UNKNOWN STEP	2026-02-25T19:48:39.2903593Z  b4403f29458a Downloading [=================>                                 ]   37.4MB/105.2MB
Web Tests (0)	UNKNOWN STEP	2026-02-25T19:48:39.2960439Z  0c8d55a45c0d Extracting [=======>                                           ]   4.26MB/29.78MB
Web Tests (0)	UNKNOWN STEP	2026-02-25T19:48:39.3418556Z  9acd5b82521c Pull complete 
Web Tests (0)	UNKNOWN STEP	2026-02-25T19:48:39.3452039Z  09a5a0c32a23 Pull complete 
Web Tests (0)	UNKNOWN STEP	2026-02-25T19:48:39.3529473Z  5ffb427686b6 Pull complete 
Web Tests (0)	UNKNOWN STEP	2026-02-25T19:48:39.3548717Z  bd53938b1271 Extracting [=========>                                         ]  32.77kB/173.4kB
Web Tests (0)	UNKNOWN STEP	2026-02-25T19:48:39.3562144Z  630177b00352 Extracting [=>                                                 ]  32.77kB/922.9kB
Web Tests (0)	UNKNOWN STEP	2026-02-25T19:48:39.3563057Z  10d78728ec4d Extracting [==================================================>]     122B/122B
Web Tests (0)	UNKNOWN STEP	2026-02-25T19:48:39.3563952Z  10d78728ec4d Extracting [==================================================>]     122B/122B
Web Tests (0)	UNKNOWN STEP	2026-02-25T19:48:39.3581283Z  bd53938b1271 Extracting [==================================================>]  173.4kB/173.4kB
Web Tests (0)	UNKNOWN STEP	2026-02-25T19:48:39.3608081Z  a954d256f742 Downloading [=====>                                             ]  2.507MB/21.98MB
Web Tests (0)	UNKNOWN STEP	2026-02-25T19:48:39.3938553Z  10d78728ec4d Pull complete 
Web Tests (0)	UNKNOWN STEP	2026-02-25T19:48:39.3968006Z  e0d49f520b92 Extracting [==================================================>]     961B/961B
Web Tests (0)	UNKNOWN STEP	2026-02-25T19:48:39.3971519Z  e0d49f520b92 Extracting [==================================================>]     961B/961B
Web Tests (0)	UNKNOWN STEP	2026-02-25T19:48:39.3977766Z  7807da78b90b Downloading [>                                                  ]  469.3kB/45.54MB
Web Tests (0)	UNKNOWN STEP	2026-02-25T19:48:39.3993037Z  b4403f29458a Downloading [======================>                            ]  46.99MB/105.2MB
Web Tests (0)	UNKNOWN STEP	2026-02-25T19:48:39.4014661Z  0c8d55a45c0d Extracting [============>                                      ]  7.209MB/29.78MB
Web Tests (0)	UNKNOWN STEP	2026-02-25T19:48:39.4093440Z  e0d49f520b92 Pull complete 
Web Tests (0)	UNKNOWN STEP	2026-02-25T19:48:39.4122506Z  5de905603ac5 Extracting [==================================================>]  17.03kB/17.03kB
Web Tests (0)	UNKNOWN STEP	2026-02-25T19:48:39.4123483Z  5de905603ac5 Extracting [==================================================>]  17.03kB/17.03kB
Web Tests (0)	UNKNOWN STEP	2026-02-25T19:48:39.4272721Z  630177b00352 Extracting [==================================================>]  922.9kB/922.9kB
Web Tests (0)	UNKNOWN STEP	2026-02-25T19:48:39.4365807Z  bd53938b1271 Extracting [==================================================>]  173.4kB/173.4kB
Web Tests (0)	UNKNOWN STEP	2026-02-25T19:48:39.4386370Z  5de905603ac5 Pull complete 
Web Tests (0)	UNKNOWN STEP	2026-02-25T19:48:39.4413594Z  808bb02340fa Extracting [==================>                                ]  32.77kB/90.98kB
Web Tests (0)	UNKNOWN STEP	2026-02-25T19:48:39.4414542Z  808bb02340fa Extracting [==================================================>]  90.98kB/90.98kB
Web Tests (0)	UNKNOWN STEP	2026-02-25T19:48:39.4434826Z  808bb02340fa Extracting [==================================================>]  90.98kB/90.98kB
Web Tests (0)	UNKNOWN STEP	2026-02-25T19:48:39.4472111Z  630177b00352 Pull complete 
Web Tests (0)	UNKNOWN STEP	2026-02-25T19:48:39.4491501Z  6c18ff1f33d0 Extracting [==================================================>]     173B/173B
Web Tests (0)	UNKNOWN STEP	2026-02-25T19:48:39.4501199Z  6c18ff1f33d0 Extracting [==================================================>]     173B/173B
Web Tests (0)	UNKNOWN STEP	2026-02-25T19:48:39.4613637Z  808bb02340fa Pull complete 
Web Tests (0)	UNKNOWN STEP	2026-02-25T19:48:39.4649265Z  c0970b69197c Extracting [>                                                  ]  163.8kB/14.88MB
Web Tests (0)	UNKNOWN STEP	2026-02-25T19:48:39.4671966Z  6c18ff1f33d0 Pull complete 
Web Tests (0)	UNKNOWN STEP	2026-02-25T19:48:39.4699349Z  13e46e455d3b Extracting [==================================================>]     116B/116B
Web Tests (0)	UNKNOWN STEP	2026-02-25T19:48:39.4701857Z  13e46e455d3b Extracting [==================================================>]     116B/116B
Web Tests (0)	UNKNOWN STEP	2026-02-25T19:48:39.4813887Z  a954d256f742 Downloading [===========>                                       ]  5.247MB/21.98MB
Web Tests (0)	UNKNOWN STEP	2026-02-25T19:48:39.4819541Z  13e46e455d3b Pull complete 
Web Tests (0)	UNKNOWN STEP	2026-02-25T19:48:39.5008829Z  b4403f29458a Downloading [========================>                          ]  52.33MB/105.2MB
Web Tests (0)	UNKNOWN STEP	2026-02-25T19:48:39.5177729Z  7807da78b90b Downloading [=====>                                             ]  4.668MB/45.54MB
Web Tests (0)	UNKNOWN STEP	2026-02-25T19:48:39.5184647Z  0c8d55a45c0d Extracting [================>                                  ]   9.83MB/29.78MB
Web Tests (0)	UNKNOWN STEP	2026-02-25T19:48:39.5666435Z  c0970b69197c Extracting [=============>                                     ]  4.096MB/14.88MB
Web Tests (0)	UNKNOWN STEP	2026-02-25T19:48:39.5822139Z  a954d256f742 Downloading [====================================>              ]  15.83MB/21.98MB
Web Tests (0)	UNKNOWN STEP	2026-02-25T19:48:39.6055894Z  b4403f29458a Downloading [============================>                      ]  59.23MB/105.2MB
Web Tests (0)	UNKNOWN STEP	2026-02-25T19:48:39.6230674Z  7807da78b90b Downloading [=========>                                         ]  8.386MB/45.54MB
Web Tests (0)	UNKNOWN STEP	2026-02-25T19:48:39.6268660Z  0c8d55a45c0d Extracting [===================>                               ]  11.47MB/29.78MB
Web Tests (0)	UNKNOWN STEP	2026-02-25T19:48:39.6549990Z  a954d256f742 Verifying Checksum 
Web Tests (0)	UNKNOWN STEP	2026-02-25T19:48:39.6551587Z  a954d256f742 Download complete 
Web Tests (0)	UNKNOWN STEP	2026-02-25T19:48:39.6677809Z  c0970b69197c Extracting [==============================>                    ]  9.175MB/14.88MB
Web Tests (0)	UNKNOWN STEP	2026-02-25T19:48:39.6807497Z  bd53938b1271 Pull complete 
Web Tests (0)	UNKNOWN STEP	2026-02-25T19:48:39.6829412Z  9fe3744a2eac Extracting [=>                                                 ]  32.77kB/1.003MB
Web Tests (0)	UNKNOWN STEP	2026-02-25T19:48:39.7096847Z  9fe3744a2eac Extracting [==================================================>]  1.003MB/1.003MB
Web Tests (0)	UNKNOWN STEP	2026-02-25T19:48:39.7108318Z  9fe3744a2eac Extracting [==================================================>]  1.003MB/1.003MB
Web Tests (0)	UNKNOWN STEP	2026-02-25T19:48:39.7221598Z  b4403f29458a Downloading [==============================>                    ]     64MB/105.2MB
Web Tests (0)	UNKNOWN STEP	2026-02-25T19:48:39.7250832Z  9fe3744a2eac Pull complete 
Web Tests (0)	UNKNOWN STEP	2026-02-25T19:48:39.7280876Z  7ad54b3c4cef Extracting [>                                                  ]  131.1kB/12.41MB
Web Tests (0)	UNKNOWN STEP	2026-02-25T19:48:39.7310922Z  7807da78b90b Downloading [==========>                                        ]  9.786MB/45.54MB
Web Tests (0)	UNKNOWN STEP	2026-02-25T19:48:39.7346236Z  0c8d55a45c0d Extracting [========================>                          ]  14.42MB/29.78MB
Web Tests (0)	UNKNOWN STEP	2026-02-25T19:48:39.7431671Z  0478cd5c1079 Downloading [==========>                                        ]     720B/3.507kB
Web Tests (0)	UNKNOWN STEP	2026-02-25T19:48:39.7439116Z  0478cd5c1079 Downloading [==================================================>]  3.507kB/3.507kB
Web Tests (0)	UNKNOWN STEP	2026-02-25T19:48:39.7444419Z  0478cd5c1079 Verifying Checksum 
Web Tests (0)	UNKNOWN STEP	2026-02-25T19:48:39.7446016Z  0478cd5c1079 Download complete 
Web Tests (0)	UNKNOWN STEP	2026-02-25T19:48:39.7754131Z  c0970b69197c Extracting [==================================================>]  14.88MB/14.88MB
Web Tests (0)	UNKNOWN STEP	2026-02-25T19:48:39.7992230Z  c0970b69197c Pull complete 
Web Tests (0)	UNKNOWN STEP	2026-02-25T19:48:39.8006446Z  9de5f206730a Extracting [==>                                                ]  32.77kB/766.3kB
Web Tests (0)	UNKNOWN STEP	2026-02-25T19:48:39.8210427Z  9de5f206730a Extracting [==================================================>]  766.3kB/766.3kB
Web Tests (0)	UNKNOWN STEP	2026-02-25T19:48:39.8216063Z  9de5f206730a Extracting [==================================================>]  766.3kB/766.3kB
Web Tests (0)	UNKNOWN STEP	2026-02-25T19:48:39.8294689Z  7ad54b3c4cef Extracting [=========>                                         ]  2.359MB/12.41MB
Web Tests (0)	UNKNOWN STEP	2026-02-25T19:48:39.8327697Z  b4403f29458a Downloading [===============================>                   ]   67.2MB/105.2MB
Web Tests (0)	UNKNOWN STEP	2026-02-25T19:48:39.8333701Z  7807da78b90b Downloading [==============>                                    ]  13.51MB/45.54MB
Web Tests (0)	UNKNOWN STEP	2026-02-25T19:48:39.8367561Z  0c8d55a45c0d Extracting [===============================>                   ]  18.68MB/29.78MB
Web Tests (0)	UNKNOWN STEP	2026-02-25T19:48:39.8378730Z  9de5f206730a Pull complete 
Web Tests (0)	UNKNOWN STEP	2026-02-25T19:48:39.8404805Z  24e28b7dc0a2 Extracting [===================>                               ]  32.77kB/83.13kB
Web Tests (0)	UNKNOWN STEP	2026-02-25T19:48:39.8411873Z  24e28b7dc0a2 Extracting [==================================================>]  83.13kB/83.13kB
Web Tests (0)	UNKNOWN STEP	2026-02-25T19:48:39.8421748Z  24e28b7dc0a2 Extracting [==================================================>]  83.13kB/83.13kB
Web Tests (0)	UNKNOWN STEP	2026-02-25T19:48:39.8482189Z  3a02ac06be95 Downloading [==========>                                        ]     720B/3.462kB
Web Tests (0)	UNKNOWN STEP	2026-02-25T19:48:39.8484439Z  3a02ac06be95 Verifying Checksum 
Web Tests (0)	UNKNOWN STEP	2026-02-25T19:48:39.8485905Z  3a02ac06be95 Download complete 
Web Tests (0)	UNKNOWN STEP	2026-02-25T19:48:39.8754855Z  24e28b7dc0a2 Pull complete 
Web Tests (0)	UNKNOWN STEP	2026-02-25T19:48:39.8863260Z  830180cf89a8 Extracting [>                                                  ]  163.8kB/14.63MB
Web Tests (0)	UNKNOWN STEP	2026-02-25T19:48:39.9308047Z  7ad54b3c4cef Extracting [============================>                      ]  7.078MB/12.41MB
Web Tests (0)	UNKNOWN STEP	2026-02-25T19:48:39.9427493Z  b4403f29458a Downloading [================================>                  ]  68.26MB/105.2MB
Web Tests (0)	UNKNOWN STEP	2026-02-25T19:48:39.9461766Z  0c8d55a45c0d Extracting [=======================================>           ]  23.59MB/29.78MB
Web Tests (0)	UNKNOWN STEP	2026-02-25T19:48:39.9754709Z  7807da78b90b Downloading [===================>                               ]  18.16MB/45.54MB
Web Tests (0)	UNKNOWN STEP	2026-02-25T19:48:39.9946818Z  830180cf89a8 Extracting [============>                                      ]  3.768MB/14.63MB
Web Tests (0)	UNKNOWN STEP	2026-02-25T19:48:40.0327886Z  7ad54b3c4cef Extracting [=================================================> ]  12.19MB/12.41MB
Web Tests (0)	UNKNOWN STEP	2026-02-25T19:48:40.0393729Z  7ad54b3c4cef Extracting [==================================================>]  12.41MB/12.41MB
Web Tests (0)	UNKNOWN STEP	2026-02-25T19:48:40.0498235Z  b4403f29458a Downloading [=================================>                 ]  71.47MB/105.2MB
Web Tests (0)	UNKNOWN STEP	2026-02-25T19:48:40.0657931Z  0c8d55a45c0d Extracting [===========================================>       ]  25.89MB/29.78MB
Web Tests (0)	UNKNOWN STEP	2026-02-25T19:48:40.0683499Z  7ad54b3c4cef Pull complete 
Web Tests (0)	UNKNOWN STEP	2026-02-25T19:48:40.0746284Z  2a97533d89ca Extracting [==================================================>]     100B/100B
Web Tests (0)	UNKNOWN STEP	2026-02-25T19:48:40.0756562Z  2a97533d89ca Extracting [==================================================>]     100B/100B
Web Tests (0)	UNKNOWN STEP	2026-02-25T19:48:40.0846159Z  7807da78b90b Downloading [============================>                      ]  26.04MB/45.54MB
Web Tests (0)	UNKNOWN STEP	2026-02-25T19:48:40.0921616Z  2a97533d89ca Pull complete 
Web Tests (0)	UNKNOWN STEP	2026-02-25T19:48:40.0939547Z  4f4fb700ef54 Extracting [==================================================>]      32B/32B
Web Tests (0)	UNKNOWN STEP	2026-02-25T19:48:40.0954093Z  830180cf89a8 Extracting [=========================>                         ]  7.537MB/14.63MB
Web Tests (0)	UNKNOWN STEP	2026-02-25T19:48:40.1097659Z  4f4fb700ef54 Pull complete 
Web Tests (0)	UNKNOWN STEP	2026-02-25T19:48:40.1181427Z  1c2c8d1ee428 Extracting [==================================================>]     576B/576B
Web Tests (0)	UNKNOWN STEP	2026-02-25T19:48:40.1185823Z  1c2c8d1ee428 Extracting [==================================================>]     576B/576B
Web Tests (0)	UNKNOWN STEP	2026-02-25T19:48:40.1354623Z  1c2c8d1ee428 Pull complete 
Web Tests (0)	UNKNOWN STEP	2026-02-25T19:48:40.1449350Z  redis Pulled 
Web Tests (0)	UNKNOWN STEP	2026-02-25T19:48:40.1841650Z  7807da78b90b Downloading [============================================>      ]  40.84MB/45.54MB
Web Tests (0)	UNKNOWN STEP	2026-02-25T19:48:40.1969139Z  830180cf89a8 Extracting [=====================================>             ]  10.98MB/14.63MB
Web Tests (0)	UNKNOWN STEP	2026-02-25T19:48:40.2461222Z  7807da78b90b Verifying Checksum 
Web Tests (0)	UNKNOWN STEP	2026-02-25T19:48:40.2461927Z  7807da78b90b Download complete 
Web Tests (0)	UNKNOWN STEP	2026-02-25T19:48:40.2462594Z  830180cf89a8 Extracting [==================================================>]  14.63MB/14.63MB
Web Tests (0)	UNKNOWN STEP	2026-02-25T19:48:40.2656422Z  0c8d55a45c0d Extracting [============================================>      ]  26.21MB/29.78MB
Web Tests (0)	UNKNOWN STEP	2026-02-25T19:48:40.2781864Z  830180cf89a8 Pull complete 
Web Tests (0)	UNKNOWN STEP	2026-02-25T19:48:40.2838781Z  dex Pulled 
Web Tests (0)	UNKNOWN STEP	2026-02-25T19:48:40.3125768Z  b4403f29458a Downloading [===================================>               ]  74.13MB/105.2MB
Web Tests (0)	UNKNOWN STEP	2026-02-25T19:48:40.3661471Z  0c8d55a45c0d Extracting [===============================================>   ]  28.51MB/29.78MB
Web Tests (0)	UNKNOWN STEP	2026-02-25T19:48:40.4498288Z  b4403f29458a Downloading [===================================>               ]   75.2MB/105.2MB
Web Tests (0)	UNKNOWN STEP	2026-02-25T19:48:40.5318554Z  0c8d55a45c0d Extracting [================================================>  ]  29.16MB/29.78MB
Web Tests (0)	UNKNOWN STEP	2026-02-25T19:48:40.5950515Z  b4403f29458a Downloading [======================================>            ]  81.07MB/105.2MB
Web Tests (0)	UNKNOWN STEP	2026-02-25T19:48:40.6208265Z  0c8d55a45c0d Extracting [==================================================>]  29.78MB/29.78MB
Web Tests (0)	UNKNOWN STEP	2026-02-25T19:48:40.6410213Z  0c8d55a45c0d Pull complete 
Web Tests (0)	UNKNOWN STEP	2026-02-25T19:48:40.6419915Z  03af238a5946 Extracting [=>                                                 ]  32.77kB/1.293MB
Web Tests (0)	UNKNOWN STEP	2026-02-25T19:48:40.7003546Z  b4403f29458a Downloading [=======================================>           ]  83.74MB/105.2MB
Web Tests (0)	UNKNOWN STEP	2026-02-25T19:48:40.7448921Z  03af238a5946 Extracting [====================================>              ]  950.3kB/1.293MB
Web Tests (0)	UNKNOWN STEP	2026-02-25T19:48:40.7502851Z  03af238a5946 Extracting [==================================================>]  1.293MB/1.293MB
Web Tests (0)	UNKNOWN STEP	2026-02-25T19:48:40.7508811Z  03af238a5946 Extracting [==================================================>]  1.293MB/1.293MB
Web Tests (0)	UNKNOWN STEP	2026-02-25T19:48:40.8066188Z  03af238a5946 Pull complete 
Web Tests (0)	UNKNOWN STEP	2026-02-25T19:48:40.8088226Z  686599c79c87 Extracting [>                                                  ]  131.1kB/11.8MB
Web Tests (0)	UNKNOWN STEP	2026-02-25T19:48:40.8132923Z  b4403f29458a Downloading [==========================================>        ]  88.54MB/105.2MB
Web Tests (0)	UNKNOWN STEP	2026-02-25T19:48:40.9092911Z  686599c79c87 Extracting [=======>                                           ]  1.835MB/11.8MB
Web Tests (0)	UNKNOWN STEP	2026-02-25T19:48:40.9154394Z  b4403f29458a Downloading [============================================>      ]  92.79MB/105.2MB
Web Tests (0)	UNKNOWN STEP	2026-02-25T19:48:41.0182435Z  686599c79c87 Extracting [================>                                  ]  3.932MB/11.8MB
Web Tests (0)	UNKNOWN STEP	2026-02-25T19:48:41.0525148Z  b4403f29458a Downloading [===============================================>   ]  100.3MB/105.2MB
Web Tests (0)	UNKNOWN STEP	2026-02-25T19:48:41.1187529Z  686599c79c87 Extracting [===================================>               ]  8.389MB/11.8MB
Web Tests (0)	UNKNOWN STEP	2026-02-25T19:48:41.1541240Z  b4403f29458a Downloading [================================================>  ]  101.8MB/105.2MB
Web Tests (0)	UNKNOWN STEP	2026-02-25T19:48:41.2194607Z  b4403f29458a Verifying Checksum 
Web Tests (0)	UNKNOWN STEP	2026-02-25T19:48:41.2195361Z  b4403f29458a Download complete 
Web Tests (0)	UNKNOWN STEP	2026-02-25T19:48:41.2297452Z  b4403f29458a Extracting [>                                                  ]  557.1kB/105.2MB
Web Tests (0)	UNKNOWN STEP	2026-02-25T19:48:41.2309610Z  686599c79c87 Extracting [==========================================>        ]  10.09MB/11.8MB
Web Tests (0)	UNKNOWN STEP	2026-02-25T19:48:41.3348826Z  b4403f29458a Extracting [=>                                                 ]  3.899MB/105.2MB
Web Tests (0)	UNKNOWN STEP	2026-02-25T19:48:41.3381793Z  686599c79c87 Extracting [==============================================>    ]  10.88MB/11.8MB
Web Tests (0)	UNKNOWN STEP	2026-02-25T19:48:41.4136174Z  686599c79c87 Extracting [==================================================>]   11.8MB/11.8MB
Web Tests (0)	UNKNOWN STEP	2026-02-25T19:48:41.4419853Z  b4403f29458a Extracting [=====>                                             ]  12.26MB/105.2MB
Web Tests (0)	UNKNOWN STEP	2026-02-25T19:48:41.5153956Z  686599c79c87 Pull complete 
Web Tests (0)	UNKNOWN STEP	2026-02-25T19:48:41.5164578Z  f1cadbd7abd2 Extracting [==================================================>]     252B/252B
Web Tests (0)	UNKNOWN STEP	2026-02-25T19:48:41.5171013Z  f1cadbd7abd2 Extracting [==================================================>]     252B/252B
Web Tests (0)	UNKNOWN STEP	2026-02-25T19:48:41.5299260Z  f1cadbd7abd2 Pull complete 
Web Tests (0)	UNKNOWN STEP	2026-02-25T19:48:41.5313282Z  3ee96ea8e5d2 Extracting [==================================================>]     250B/250B
Web Tests (0)	UNKNOWN STEP	2026-02-25T19:48:41.5319255Z  3ee96ea8e5d2 Extracting [==================================================>]     250B/250B
Web Tests (0)	UNKNOWN STEP	2026-02-25T19:48:41.5411860Z  3ee96ea8e5d2 Pull complete 
Web Tests (0)	UNKNOWN STEP	2026-02-25T19:48:41.5452663Z  a954d256f742 Extracting [>                                                  ]  229.4kB/21.98MB
Web Tests (0)	UNKNOWN STEP	2026-02-25T19:48:41.5474702Z  b4403f29458a Extracting [=========>                                         ]  20.61MB/105.2MB
Web Tests (0)	UNKNOWN STEP	2026-02-25T19:48:41.6499272Z  b4403f29458a Extracting [=============>                                     ]  28.41MB/105.2MB
Web Tests (0)	UNKNOWN STEP	2026-02-25T19:48:41.6516392Z  a954d256f742 Extracting [=====>                                             ]  2.294MB/21.98MB
Web Tests (0)	UNKNOWN STEP	2026-02-25T19:48:41.7525446Z  b4403f29458a Extracting [================>                                  ]  35.65MB/105.2MB
Web Tests (0)	UNKNOWN STEP	2026-02-25T19:48:41.7533623Z  a954d256f742 Extracting [==============>                                    ]  6.423MB/21.98MB
Web Tests (0)	UNKNOWN STEP	2026-02-25T19:48:41.8571743Z  b4403f29458a Extracting [====================>                              ]  42.34MB/105.2MB
Web Tests (0)	UNKNOWN STEP	2026-02-25T19:48:41.8577964Z  a954d256f742 Extracting [=============================>                     ]  12.85MB/21.98MB
Web Tests (0)	UNKNOWN STEP	2026-02-25T19:48:41.9573532Z  b4403f29458a Extracting [=======================>                           ]  49.02MB/105.2MB
Web Tests (0)	UNKNOWN STEP	2026-02-25T19:48:41.9602585Z  a954d256f742 Extracting [==========================================>        ]  18.58MB/21.98MB
Web Tests (0)	UNKNOWN STEP	2026-02-25T19:48:42.0588386Z  b4403f29458a Extracting [=========================>                         ]  52.92MB/105.2MB
Web Tests (0)	UNKNOWN STEP	2026-02-25T19:48:42.0708905Z  a954d256f742 Extracting [==================================================>]  21.98MB/21.98MB
Web Tests (0)	UNKNOWN STEP	2026-02-25T19:48:42.1607234Z  b4403f29458a Extracting [===========================>                       ]  58.49MB/105.2MB
Web Tests (0)	UNKNOWN STEP	2026-02-25T19:48:42.1983698Z  a954d256f742 Pull complete 
Web Tests (0)	UNKNOWN STEP	2026-02-25T19:48:42.1997081Z  c7ce85987d6d Extracting [==================================================>]  13.29kB/13.29kB
Web Tests (0)	UNKNOWN STEP	2026-02-25T19:48:42.2000592Z  c7ce85987d6d Extracting [==================================================>]  13.29kB/13.29kB
Web Tests (0)	UNKNOWN STEP	2026-02-25T19:48:42.2429131Z  c7ce85987d6d Pull complete 
Web Tests (0)	UNKNOWN STEP	2026-02-25T19:48:42.2660136Z  b4403f29458a Extracting [==============================>                    ]  64.62MB/105.2MB
Web Tests (0)	UNKNOWN STEP	2026-02-25T19:48:42.2695518Z  7807da78b90b Extracting [>                                                  ]  458.8kB/45.54MB
Web Tests (0)	UNKNOWN STEP	2026-02-25T19:48:42.3737640Z  b4403f29458a Extracting [==================================>                ]  71.86MB/105.2MB
Web Tests (0)	UNKNOWN STEP	2026-02-25T19:48:42.4411003Z  7807da78b90b Extracting [===>                                               ]  2.753MB/45.54MB
Web Tests (0)	UNKNOWN STEP	2026-02-25T19:48:42.5146732Z  b4403f29458a Extracting [===================================>               ]   75.2MB/105.2MB
Web Tests (0)	UNKNOWN STEP	2026-02-25T19:48:42.5449534Z  7807da78b90b Extracting [=======>                                           ]  6.423MB/45.54MB
Web Tests (0)	UNKNOWN STEP	2026-02-25T19:48:42.6589870Z  7807da78b90b Extracting [=========>                                         ]  8.716MB/45.54MB
Web Tests (0)	UNKNOWN STEP	2026-02-25T19:48:42.6985583Z  b4403f29458a Extracting [====================================>              ]  76.32MB/105.2MB
Web Tests (0)	UNKNOWN STEP	2026-02-25T19:48:42.7815646Z  7807da78b90b Extracting [==========>                                        ]  9.634MB/45.54MB
Web Tests (0)	UNKNOWN STEP	2026-02-25T19:48:42.8016391Z  b4403f29458a Extracting [=====================================>             ]  78.54MB/105.2MB
Web Tests (0)	UNKNOWN STEP	2026-02-25T19:48:42.8877843Z  7807da78b90b Extracting [===============>                                   ]  13.76MB/45.54MB
Web Tests (0)	UNKNOWN STEP	2026-02-25T19:48:42.9083574Z  b4403f29458a Extracting [======================================>            ]  81.33MB/105.2MB
Web Tests (0)	UNKNOWN STEP	2026-02-25T19:48:42.9880536Z  7807da78b90b Extracting [==================>                                ]  16.97MB/45.54MB
Web Tests (0)	UNKNOWN STEP	2026-02-25T19:48:43.0233123Z  b4403f29458a Extracting [========================================>          ]  84.67MB/105.2MB
Web Tests (0)	UNKNOWN STEP	2026-02-25T19:48:43.1254075Z  b4403f29458a Extracting [==========================================>        ]  89.13MB/105.2MB
Web Tests (0)	UNKNOWN STEP	2026-02-25T19:48:43.1616946Z  7807da78b90b Extracting [=====================>                             ]  19.27MB/45.54MB
Web Tests (0)	UNKNOWN STEP	2026-02-25T19:48:43.2976952Z  b4403f29458a Extracting [===========================================>       ]  92.47MB/105.2MB
Web Tests (0)	UNKNOWN STEP	2026-02-25T19:48:43.3364490Z  7807da78b90b Extracting [=======================>                           ]  21.56MB/45.54MB
Web Tests (0)	UNKNOWN STEP	2026-02-25T19:48:43.3981215Z  b4403f29458a Extracting [===============================================>   ]  100.8MB/105.2MB
Web Tests (0)	UNKNOWN STEP	2026-02-25T19:48:43.4485265Z  7807da78b90b Extracting [=============================>                     ]  27.07MB/45.54MB
Web Tests (0)	UNKNOWN STEP	2026-02-25T19:48:43.4761352Z  b4403f29458a Extracting [==================================================>]  105.2MB/105.2MB
Web Tests (0)	UNKNOWN STEP	2026-02-25T19:48:43.5785434Z  7807da78b90b Extracting [==============================>                    ]  27.98MB/45.54MB
Web Tests (0)	UNKNOWN STEP	2026-02-25T19:48:43.8279215Z  7807da78b90b Extracting [=================================>                 ]  30.74MB/45.54MB
Web Tests (0)	UNKNOWN STEP	2026-02-25T19:48:43.9114486Z  b4403f29458a Pull complete 
Web Tests (0)	UNKNOWN STEP	2026-02-25T19:48:43.9125865Z  40aaa75af6ce Extracting [==================================================>]   9.62kB/9.62kB
Web Tests (0)	UNKNOWN STEP	2026-02-25T19:48:43.9131260Z  40aaa75af6ce Extracting [==================================================>]   9.62kB/9.62kB
Web Tests (0)	UNKNOWN STEP	2026-02-25T19:48:43.9296559Z  40aaa75af6ce Pull complete 
Web Tests (0)	UNKNOWN STEP	2026-02-25T19:48:43.9309720Z  162bdab1e0a7 Extracting [==================================================>]     128B/128B
Web Tests (0)	UNKNOWN STEP	2026-02-25T19:48:43.9313238Z  162bdab1e0a7 Extracting [==================================================>]     128B/128B
Web Tests (0)	UNKNOWN STEP	2026-02-25T19:48:43.9438323Z  162bdab1e0a7 Pull complete 
Web Tests (0)	UNKNOWN STEP	2026-02-25T19:48:43.9452230Z  ebff7b0ec73e Extracting [==================================================>]     170B/170B
Web Tests (0)	UNKNOWN STEP	2026-02-25T19:48:43.9458424Z  ebff7b0ec73e Extracting [==================================================>]     170B/170B
Web Tests (0)	UNKNOWN STEP	2026-02-25T19:48:43.9541451Z  ebff7b0ec73e Pull complete 
Web Tests (0)	UNKNOWN STEP	2026-02-25T19:48:43.9554460Z  c02179436571 Extracting [==================================================>]   5.84kB/5.84kB
Web Tests (0)	UNKNOWN STEP	2026-02-25T19:48:43.9557402Z  c02179436571 Extracting [==================================================>]   5.84kB/5.84kB
Web Tests (0)	UNKNOWN STEP	2026-02-25T19:48:43.9669382Z  c02179436571 Pull complete 
Web Tests (0)	UNKNOWN STEP	2026-02-25T19:48:43.9681976Z  8243369e9866 Extracting [==================================================>]     186B/186B
Web Tests (0)	UNKNOWN STEP	2026-02-25T19:48:43.9683437Z  8243369e9866 Extracting [==================================================>]     186B/186B
Web Tests (0)	UNKNOWN STEP	2026-02-25T19:48:43.9827769Z  8243369e9866 Pull complete 
Web Tests (0)	UNKNOWN STEP	2026-02-25T19:48:43.9887847Z  postgres Pulled 
Web Tests (0)	UNKNOWN STEP	2026-02-25T19:48:44.0254222Z  7807da78b90b Extracting [===================================>               ]  32.11MB/45.54MB
Web Tests (0)	UNKNOWN STEP	2026-02-25T19:48:44.1501652Z  7807da78b90b Extracting [====================================>              ]  33.03MB/45.54MB
Web Tests (0)	UNKNOWN STEP	2026-02-25T19:48:44.2880181Z  7807da78b90b Extracting [=====================================>             ]  34.41MB/45.54MB
Web Tests (0)	UNKNOWN STEP	2026-02-25T19:48:44.4283666Z  7807da78b90b Extracting [======================================>            ]  34.87MB/45.54MB
Web Tests (0)	UNKNOWN STEP	2026-02-25T19:48:44.5364666Z  7807da78b90b Extracting [============================================>      ]  40.83MB/45.54MB
Web Tests (0)	UNKNOWN STEP	2026-02-25T19:48:44.6749962Z  7807da78b90b Extracting [==============================================>    ]  42.21MB/45.54MB
Web Tests (0)	UNKNOWN STEP	2026-02-25T19:48:44.8097182Z  7807da78b90b Extracting [===============================================>   ]  43.58MB/45.54MB
Web Tests (0)	UNKNOWN STEP	2026-02-25T19:48:44.9139346Z  7807da78b90b Extracting [=================================================> ]  44.96MB/45.54MB
Web Tests (0)	UNKNOWN STEP	2026-02-25T19:48:44.9285538Z  7807da78b90b Extracting [==================================================>]  45.54MB/45.54MB
Web Tests (0)	UNKNOWN STEP	2026-02-25T19:48:45.0342780Z  7807da78b90b Pull complete 
Web Tests (0)	UNKNOWN STEP	2026-02-25T19:48:45.0354426Z  0478cd5c1079 Extracting [==================================================>]  3.507kB/3.507kB
Web Tests (0)	UNKNOWN STEP	2026-02-25T19:48:45.0358714Z  0478cd5c1079 Extracting [==================================================>]  3.507kB/3.507kB
Web Tests (0)	UNKNOWN STEP	2026-02-25T19:48:45.0430669Z  0478cd5c1079 Pull complete 
Web Tests (0)	UNKNOWN STEP	2026-02-25T19:48:45.0440982Z  3a02ac06be95 Extracting [==================================================>]  3.462kB/3.462kB
Web Tests (0)	UNKNOWN STEP	2026-02-25T19:48:45.0445657Z  3a02ac06be95 Extracting [==================================================>]  3.462kB/3.462kB
Web Tests (0)	UNKNOWN STEP	2026-02-25T19:48:45.0517750Z  3a02ac06be95 Pull complete 
Web Tests (0)	UNKNOWN STEP	2026-02-25T19:48:45.0613459Z  matrix-synapse Pulled 
Web Tests (0)	UNKNOWN STEP	2026-02-25T19:48:45.0635710Z  Network substitution_substitution_network  Creating
Web Tests (0)	UNKNOWN STEP	2026-02-25T19:48:45.1008206Z  Network substitution_substitution_network  Created
Web Tests (0)	UNKNOWN STEP	2026-02-25T19:48:45.1014278Z  Container substitution-postgres-1  Creating
Web Tests (0)	UNKNOWN STEP	2026-02-25T19:48:45.1015809Z  Container substitution-dex-1  Creating
Web Tests (0)	UNKNOWN STEP	2026-02-25T19:48:45.1016598Z  Container substitution-redis-1  Creating
Web Tests (0)	UNKNOWN STEP	2026-02-25T19:48:45.1365666Z  Container substitution-redis-1  Created
Web Tests (0)	UNKNOWN STEP	2026-02-25T19:48:45.1366400Z  Container substitution-postgres-1  Created
Web Tests (0)	UNKNOWN STEP	2026-02-25T19:48:45.1366712Z  Container substitution-dex-1  Created
Web Tests (0)	UNKNOWN STEP	2026-02-25T19:48:45.1367337Z  Container substitution-matrix-synapse-1  Creating
Web Tests (0)	UNKNOWN STEP	2026-02-25T19:48:45.1472677Z  Container substitution-matrix-synapse-1  Created
Web Tests (0)	UNKNOWN STEP	2026-02-25T19:48:45.1484541Z  Container substitution-dex-1  Starting
Web Tests (0)	UNKNOWN STEP	2026-02-25T19:48:45.1485452Z  Container substitution-postgres-1  Starting
Web Tests (0)	UNKNOWN STEP	2026-02-25T19:48:45.1486119Z  Container substitution-redis-1  Starting
Web Tests (0)	UNKNOWN STEP	2026-02-25T19:48:46.1737767Z  Container substitution-dex-1  Started
Web Tests (0)	UNKNOWN STEP	2026-02-25T19:48:46.1848427Z  Container substitution-redis-1  Started
Web Tests (0)	UNKNOWN STEP	2026-02-25T19:48:46.1903626Z  Container substitution-postgres-1  Started
Web Tests (0)	UNKNOWN STEP	2026-02-25T19:48:46.1906691Z  Container substitution-dex-1  Waiting
Web Tests (0)	UNKNOWN STEP	2026-02-25T19:48:46.1907560Z  Container substitution-postgres-1  Waiting
Web Tests (0)	UNKNOWN STEP	2026-02-25T19:48:51.6936268Z  Container substitution-dex-1  Healthy
Web Tests (0)	UNKNOWN STEP	2026-02-25T19:48:56.6924695Z  Container substitution-postgres-1  Healthy
Web Tests (0)	UNKNOWN STEP	2026-02-25T19:48:56.6927021Z  Container substitution-matrix-synapse-1  Starting
Web Tests (0)	UNKNOWN STEP	2026-02-25T19:48:56.8473916Z  Container substitution-matrix-synapse-1  Started
Web Tests (0)	UNKNOWN STEP	2026-02-25T19:49:06.9212227Z time="2026-02-25T19:49:06Z" level=warning msg="/home/runner/work/substitution/substitution/docker-compose.yml: the attribute `version` is obsolete, it will be ignored, please remove it to avoid potential confusion"
Web Tests (0)	UNKNOWN STEP	2026-02-25T19:49:06.9300280Z  Container substitution-dex-1  Running
Web Tests (0)	UNKNOWN STEP	2026-02-25T19:49:06.9367539Z  Container substitution-postgres-1  Running
Web Tests (0)	UNKNOWN STEP	2026-02-25T19:49:06.9371754Z  Container substitution-matrix-synapse-1  Running
Web Tests (0)	UNKNOWN STEP	2026-02-25T19:49:06.9372775Z  Container substitution-postgres-1  Waiting
Web Tests (0)	UNKNOWN STEP	2026-02-25T19:49:06.9373347Z  Container substitution-dex-1  Waiting
Web Tests (0)	UNKNOWN STEP	2026-02-25T19:49:07.4344682Z  Container substitution-postgres-1  Healthy
Web Tests (0)	UNKNOWN STEP	2026-02-25T19:49:07.4345626Z  Container substitution-dex-1  Healthy
Web Tests (0)	UNKNOWN STEP	2026-02-25T19:49:07.4361280Z  matrix-init Pulling 
Web Tests (0)	UNKNOWN STEP	2026-02-25T19:49:07.7511141Z  589002ba0eae Already exists 
Web Tests (0)	UNKNOWN STEP	2026-02-25T19:49:07.7525167Z  aca07fe076f1 Pulling fs layer 
Web Tests (0)	UNKNOWN STEP	2026-02-25T19:49:07.7525687Z  6dafe251d313 Pulling fs layer 
Web Tests (0)	UNKNOWN STEP	2026-02-25T19:49:07.7526157Z  fa340e77c336 Pulling fs layer 
Web Tests (0)	UNKNOWN STEP	2026-02-25T19:49:07.8130837Z  fa340e77c336 Downloading [==================================================>]     247B/247B
Web Tests (0)	UNKNOWN STEP	2026-02-25T19:49:07.8131655Z  fa340e77c336 Download complete 
Web Tests (0)	UNKNOWN STEP	2026-02-25T19:49:07.8293375Z  aca07fe076f1 Downloading [>                                                  ]  4.824kB/460.9kB
Web Tests (0)	UNKNOWN STEP	2026-02-25T19:49:07.8325810Z  6dafe251d313 Downloading [>                                                  ]    164kB/16.02MB
Web Tests (0)	UNKNOWN STEP	2026-02-25T19:49:07.8373846Z  aca07fe076f1 Downloading [==================================================>]  460.9kB/460.9kB
Web Tests (0)	UNKNOWN STEP	2026-02-25T19:49:07.8374723Z  aca07fe076f1 Verifying Checksum 
Web Tests (0)	UNKNOWN STEP	2026-02-25T19:49:07.8375617Z  aca07fe076f1 Download complete 
Web Tests (0)	UNKNOWN STEP	2026-02-25T19:49:07.8376256Z  aca07fe076f1 Extracting [===>                                               ]  32.77kB/460.9kB
Web Tests (0)	UNKNOWN STEP	2026-02-25T19:49:07.9327547Z  6dafe251d313 Downloading [===========================>                       ]  8.709MB/16.02MB
Web Tests (0)	UNKNOWN STEP	2026-02-25T19:49:07.9536464Z  aca07fe076f1 Extracting [==================================================>]  460.9kB/460.9kB
Web Tests (0)	UNKNOWN STEP	2026-02-25T19:49:08.0329799Z  6dafe251d313 Downloading [=====================================>             ]  11.92MB/16.02MB
Web Tests (0)	UNKNOWN STEP	2026-02-25T19:49:08.1110742Z  aca07fe076f1 Pull complete 
Web Tests (0)	UNKNOWN STEP	2026-02-25T19:49:08.1116629Z  6dafe251d313 Verifying Checksum 
Web Tests (0)	UNKNOWN STEP	2026-02-25T19:49:08.1117118Z  6dafe251d313 Download complete 
Web Tests (0)	UNKNOWN STEP	2026-02-25T19:49:08.1132914Z  6dafe251d313 Extracting [>                                                  ]  163.8kB/16.02MB
Web Tests (0)	UNKNOWN STEP	2026-02-25T19:49:08.2193224Z  6dafe251d313 Extracting [========>                                          ]  2.785MB/16.02MB
Web Tests (0)	UNKNOWN STEP	2026-02-25T19:49:08.3382583Z  6dafe251d313 Extracting [=================>                                 ]  5.734MB/16.02MB
Web Tests (0)	UNKNOWN STEP	2026-02-25T19:49:08.4428578Z  6dafe251d313 Extracting [=================================>                 ]  10.81MB/16.02MB
Web Tests (0)	UNKNOWN STEP	2026-02-25T19:49:08.5606701Z  6dafe251d313 Extracting [========================================>          ]  12.94MB/16.02MB
Web Tests (0)	UNKNOWN STEP	2026-02-25T19:49:08.6622882Z  6dafe251d313 Extracting [=============================================>     ]  14.42MB/16.02MB
Web Tests (0)	UNKNOWN STEP	2026-02-25T19:49:08.7704606Z  6dafe251d313 Extracting [===============================================>   ]  15.24MB/16.02MB
Web Tests (0)	UNKNOWN STEP	2026-02-25T19:49:08.8373865Z  6dafe251d313 Extracting [==================================================>]  16.02MB/16.02MB
Web Tests (0)	UNKNOWN STEP	2026-02-25T19:49:08.9127207Z  6dafe251d313 Pull complete 
Web Tests (0)	UNKNOWN STEP	2026-02-25T19:49:08.9137117Z  fa340e77c336 Extracting [==================================================>]     247B/247B
Web Tests (0)	UNKNOWN STEP	2026-02-25T19:49:08.9141843Z  fa340e77c336 Extracting [==================================================>]     247B/247B
Web Tests (0)	UNKNOWN STEP	2026-02-25T19:49:08.9221655Z  fa340e77c336 Pull complete 
Web Tests (0)	UNKNOWN STEP	2026-02-25T19:49:08.9274926Z  matrix-init Pulled 
Web Tests (0)	UNKNOWN STEP	2026-02-25T19:49:11.6883635Z Collecting requests
Web Tests (0)	UNKNOWN STEP	2026-02-25T19:49:11.7154642Z   Downloading requests-2.32.5-py3-none-any.whl.metadata (4.9 kB)
Web Tests (0)	UNKNOWN STEP	2026-02-25T19:49:11.8454944Z Collecting charset_normalizer<4,>=2 (from requests)
Web Tests (0)	UNKNOWN STEP	2026-02-25T19:49:11.8503611Z   Downloading charset_normalizer-3.4.4-cp311-cp311-musllinux_1_2_x86_64.whl.metadata (37 kB)
Web Tests (0)	UNKNOWN STEP	2026-02-25T19:49:11.8779038Z Collecting idna<4,>=2.5 (from requests)
Web Tests (0)	UNKNOWN STEP	2026-02-25T19:49:11.8815777Z   Downloading idna-3.11-py3-none-any.whl.metadata (8.4 kB)
Web Tests (0)	UNKNOWN STEP	2026-02-25T19:49:11.9343044Z Collecting urllib3<3,>=1.21.1 (from requests)
Web Tests (0)	UNKNOWN STEP	2026-02-25T19:49:11.9393938Z   Downloading urllib3-2.6.3-py3-none-any.whl.metadata (6.9 kB)
Web Tests (0)	UNKNOWN STEP	2026-02-25T19:49:11.9759024Z Collecting certifi>=2017.4.17 (from requests)
Web Tests (0)	UNKNOWN STEP	2026-02-25T19:49:11.9789859Z   Downloading certifi-2026.2.25-py3-none-any.whl.metadata (2.5 kB)
Web Tests (0)	UNKNOWN STEP	2026-02-25T19:49:12.0031617Z Downloading requests-2.32.5-py3-none-any.whl (64 kB)
Web Tests (0)	UNKNOWN STEP	2026-02-25T19:49:12.0094227Z    ━━━━━━━━━━━━━━━━━━━━━━━━━━━━━━━━━━━━━━━━ 64.7/64.7 kB 19.8 MB/s eta 0:00:00
Web Tests (0)	UNKNOWN STEP	2026-02-25T19:49:12.0130065Z Downloading certifi-2026.2.25-py3-none-any.whl (153 kB)
Web Tests (0)	UNKNOWN STEP	2026-02-25T19:49:12.0195314Z    ━━━━━━━━━━━━━━━━━━━━━━━━━━━━━━━━━━━━━━━━ 153.7/153.7 kB 34.0 MB/s eta 0:00:00
Web Tests (0)	UNKNOWN STEP	2026-02-25T19:49:12.0231792Z Downloading charset_normalizer-3.4.4-cp311-cp311-musllinux_1_2_x86_64.whl (152 kB)
Web Tests (0)	UNKNOWN STEP	2026-02-25T19:49:12.0302890Z    ━━━━━━━━━━━━━━━━━━━━━━━━━━━━━━━━━━━━━━━━ 153.0/153.0 kB 29.4 MB/s eta 0:00:00
Web Tests (0)	UNKNOWN STEP	2026-02-25T19:49:12.0349640Z Downloading idna-3.11-py3-none-any.whl (71 kB)
Web Tests (0)	UNKNOWN STEP	2026-02-25T19:49:12.0396874Z    ━━━━━━━━━━━━━━━━━━━━━━━━━━━━━━━━━━━━━━━━ 71.0/71.0 kB 24.4 MB/s eta 0:00:00
Web Tests (0)	UNKNOWN STEP	2026-02-25T19:49:12.0435534Z Downloading urllib3-2.6.3-py3-none-any.whl (131 kB)
Web Tests (0)	UNKNOWN STEP	2026-02-25T19:49:12.0488666Z    ━━━━━━━━━━━━━━━━━━━━━━━━━━━━━━━━━━━━━━━━ 131.6/131.6 kB 39.3 MB/s eta 0:00:00
Web Tests (0)	UNKNOWN STEP	2026-02-25T19:49:12.1215691Z Installing collected packages: urllib3, idna, charset_normalizer, certifi, requests
Web Tests (0)	UNKNOWN STEP	2026-02-25T19:49:12.4534676Z Successfully installed certifi-2026.2.25 charset_normalizer-3.4.4 idna-3.11 requests-2.32.5 urllib3-2.6.3
Web Tests (0)	UNKNOWN STEP	2026-02-25T19:49:12.4537739Z WARNING: Running pip as the 'root' user can result in broken permissions and conflicting behaviour with the system package manager. It is recommended to use a virtual environment instead: https://pip.pypa.io/warnings/venv
Web Tests (0)	UNKNOWN STEP	2026-02-25T19:49:12.5353899Z 
Web Tests (0)	UNKNOWN STEP	2026-02-25T19:49:12.5354321Z [notice] A new release of pip is available: 24.0 -> 26.0.1
Web Tests (0)	UNKNOWN STEP	2026-02-25T19:49:12.5354894Z [notice] To update, run: pip install --upgrade pip
Web Tests (0)	UNKNOWN STEP	2026-02-25T19:49:19.6733966Z Initializing Matrix Synapse test server...
Web Tests (0)	UNKNOWN STEP	2026-02-25T19:49:19.6734359Z 
Web Tests (0)	UNKNOWN STEP	2026-02-25T19:49:19.6734748Z ✓ Synapse server is ready
Web Tests (0)	UNKNOWN STEP	2026-02-25T19:49:19.6735231Z 
Web Tests (0)	UNKNOWN STEP	2026-02-25T19:49:19.6735378Z Creating test users...
Web Tests (0)	UNKNOWN STEP	2026-02-25T19:49:19.6735825Z ✓ Created user: testuser1
Web Tests (0)	UNKNOWN STEP	2026-02-25T19:49:19.6736240Z ✓ Created user: testuser2
Web Tests (0)	UNKNOWN STEP	2026-02-25T19:49:19.6738361Z ✓ Created admin user: testadmin
Web Tests (0)	UNKNOWN STEP	2026-02-25T19:49:19.6738641Z 
Web Tests (0)	UNKNOWN STEP	2026-02-25T19:49:19.6738828Z Creating test rooms and populating with data...
Web Tests (0)	UNKNOWN STEP	2026-02-25T19:49:19.6739407Z ✓ Logged in user: @testadmin:test.matrix.local
Web Tests (0)	UNKNOWN STEP	2026-02-25T19:49:19.6739930Z ✓ Admin token acquired
Web Tests (0)	UNKNOWN STEP	2026-02-25T19:49:19.6740399Z ✓ Logged in user: @testuser1:test.matrix.local
Web Tests (0)	UNKNOWN STEP	2026-02-25T19:49:19.6741081Z ✓ Created room: test_general (!BPlzktmxeGYPSFXEol:test.matrix.local)
Web Tests (0)	UNKNOWN STEP	2026-02-25T19:49:19.6741727Z ✓ Logged in user: @testuser2:test.matrix.local
Web Tests (0)	UNKNOWN STEP	2026-02-25T19:49:19.6742214Z   ✓ User testuser2 joined room
Web Tests (0)	UNKNOWN STEP	2026-02-25T19:49:19.6742663Z ✓ Logged in user: @testadmin:test.matrix.local
Web Tests (0)	UNKNOWN STEP	2026-02-25T19:49:19.6743124Z   ✓ User testadmin joined room
Web Tests (0)	UNKNOWN STEP	2026-02-25T19:49:19.6743527Z   ✓ Published room to directory
Web Tests (0)	UNKNOWN STEP	2026-02-25T19:49:19.6743926Z   ✓ Posted 5 messages to room
Web Tests (0)	UNKNOWN STEP	2026-02-25T19:49:19.6744316Z   Seeding media messages (image, video, audio)...
Web Tests (0)	UNKNOWN STEP	2026-02-25T19:49:19.6745483Z   ✓ Uploaded media 'test_image.png': mxc://test.matrix.local/cmmsoHQHPvxdsUIoBhnQYHSS
Web Tests (0)	UNKNOWN STEP	2026-02-25T19:49:19.6746184Z   ✓ Posted m.image message to room
Web Tests (0)	UNKNOWN STEP	2026-02-25T19:49:19.6746873Z   ✓ Uploaded media 'test_video.mp4': mxc://test.matrix.local/bxgQJUQYwGZWhxOtuLCnYxDQ
Web Tests (0)	UNKNOWN STEP	2026-02-25T19:49:19.6747592Z   ✓ Posted m.video message to room
Web Tests (0)	UNKNOWN STEP	2026-02-25T19:49:19.6748623Z   ✓ Uploaded media 'test_audio.mp3': mxc://test.matrix.local/nHHaOZuEAlnCVnWnvOsVduyL
Web Tests (0)	UNKNOWN STEP	2026-02-25T19:49:19.6749300Z   ✓ Posted m.audio message to room
Web Tests (0)	UNKNOWN STEP	2026-02-25T19:49:19.6749889Z ✓ Created room: test_photos (!kOyqiANXkXBfLPMwtF:test.matrix.local)
Web Tests (0)	UNKNOWN STEP	2026-02-25T19:49:19.6750523Z ✓ Logged in user: @testuser2:test.matrix.local
Web Tests (0)	UNKNOWN STEP	2026-02-25T19:49:19.6751044Z   ✓ User testuser2 joined room
Web Tests (0)	UNKNOWN STEP	2026-02-25T19:49:19.6751527Z ✓ Logged in user: @testadmin:test.matrix.local
Web Tests (0)	UNKNOWN STEP	2026-02-25T19:49:19.6752008Z   ✓ User testadmin joined room
Web Tests (0)	UNKNOWN STEP	2026-02-25T19:49:19.6752461Z   ✓ Published room to directory
Web Tests (0)	UNKNOWN STEP	2026-02-25T19:49:19.6752866Z   ✓ Posted 3 messages to room
Web Tests (0)	UNKNOWN STEP	2026-02-25T19:49:19.6753467Z   Seeding media messages (image, video, audio)...
Web Tests (0)	UNKNOWN STEP	2026-02-25T19:49:19.6754213Z   ✓ Uploaded media 'test_image.png': mxc://test.matrix.local/tnKJHcmWopqhwqoGErAvdhEw
Web Tests (0)	UNKNOWN STEP	2026-02-25T19:49:19.6754887Z   ✓ Posted m.image message to room
Web Tests (0)	UNKNOWN STEP	2026-02-25T19:49:19.6755785Z   ✓ Uploaded media 'test_video.mp4': mxc://test.matrix.local/INbEPVqIrEEpOEcFZiKkrjJn
Web Tests (0)	UNKNOWN STEP	2026-02-25T19:49:19.6756476Z   ✓ Posted m.video message to room
Web Tests (0)	UNKNOWN STEP	2026-02-25T19:49:19.6757149Z   ✓ Uploaded media 'test_audio.mp3': mxc://test.matrix.local/HxNSvfwtDpDLnikLAISIPLTr
Web Tests (0)	UNKNOWN STEP	2026-02-25T19:49:19.6757812Z   ✓ Posted m.audio message to room
Web Tests (0)	UNKNOWN STEP	2026-02-25T19:49:19.6758368Z ✓ Created room: test_art (!vZWcGWoyFDlGbeySvh:test.matrix.local)
Web Tests (0)	UNKNOWN STEP	2026-02-25T19:49:19.6758984Z ✓ Logged in user: @testuser2:test.matrix.local
Web Tests (0)	UNKNOWN STEP	2026-02-25T19:49:19.6759463Z   ✓ User testuser2 joined room
Web Tests (0)	UNKNOWN STEP	2026-02-25T19:49:19.6759968Z ✓ Logged in user: @testadmin:test.matrix.local
Web Tests (0)	UNKNOWN STEP	2026-02-25T19:49:19.6760490Z   ✓ User testadmin joined room
Web Tests (0)	UNKNOWN STEP	2026-02-25T19:49:19.6760922Z   ✓ Published room to directory
Web Tests (0)	UNKNOWN STEP	2026-02-25T19:49:19.6761628Z ✓ Uploaded dummy avatar: mxc://test.matrix.local/xxkLUbSDwmRVhmbufGVAhZBM
Web Tests (0)	UNKNOWN STEP	2026-02-25T19:49:19.6762510Z   ✓ Set room avatar to mxc://test.matrix.local/xxkLUbSDwmRVhmbufGVAhZBM
Web Tests (0)	UNKNOWN STEP	2026-02-25T19:49:19.6763358Z ✓ Created room: test_invite_only (!bxJOqQpOTYOCiufmAB:test.matrix.local)
Web Tests (0)	UNKNOWN STEP	2026-02-25T19:49:19.6764090Z   ℹ Skipping user invites for room (discovery test)
Web Tests (0)	UNKNOWN STEP	2026-02-25T19:49:19.6764630Z   ✓ Published room to directory
Web Tests (0)	UNKNOWN STEP	2026-02-25T19:49:19.6765241Z   ✓ Posted 2 messages to room
Web Tests (0)	UNKNOWN STEP	2026-02-25T19:49:19.6765872Z ✓ Created room: test_avatar (!HOONCUowmIcsQaFRoO:test.matrix.local)
Web Tests (0)	UNKNOWN STEP	2026-02-25T19:49:19.6766558Z ✓ Logged in user: @testuser2:test.matrix.local
Web Tests (0)	UNKNOWN STEP	2026-02-25T19:49:19.6767094Z   ✓ User testuser2 joined room
Web Tests (0)	UNKNOWN STEP	2026-02-25T19:49:19.6767614Z ✓ Logged in user: @testadmin:test.matrix.local
Web Tests (0)	UNKNOWN STEP	2026-02-25T19:49:19.6768146Z   ✓ User testadmin joined room
Web Tests (0)	UNKNOWN STEP	2026-02-25T19:49:19.6768596Z   ✓ Published room to directory
Web Tests (0)	UNKNOWN STEP	2026-02-25T19:49:19.6769277Z ✓ Uploaded dummy avatar: mxc://test.matrix.local/xlEIHAbDXQKvhKdwTcnRlAbv
Web Tests (0)	UNKNOWN STEP	2026-02-25T19:49:19.6770185Z   ✓ Set room avatar to mxc://test.matrix.local/xlEIHAbDXQKvhKdwTcnRlAbv
Web Tests (0)	UNKNOWN STEP	2026-02-25T19:49:19.6770656Z 
Web Tests (0)	UNKNOWN STEP	2026-02-25T19:49:19.6770821Z ============================================================
Web Tests (0)	UNKNOWN STEP	2026-02-25T19:49:19.6771411Z ✅ Matrix test server initialized successfully!
Web Tests (0)	UNKNOWN STEP	2026-02-25T19:49:19.6771907Z ============================================================
Web Tests (0)	UNKNOWN STEP	2026-02-25T19:49:19.6772232Z 
Web Tests (0)	UNKNOWN STEP	2026-02-25T19:49:19.6772418Z 📝 Test Users:
Web Tests (0)	UNKNOWN STEP	2026-02-25T19:49:19.6772715Z   testuser1
Web Tests (0)	UNKNOWN STEP	2026-02-25T19:49:19.6773017Z     ID: @testuser1:test.matrix.local
Web Tests (0)	UNKNOWN STEP	2026-02-25T19:49:19.6773458Z     Password: testpass123
Web Tests (0)	UNKNOWN STEP	2026-02-25T19:49:19.6773812Z   testuser2
Web Tests (0)	UNKNOWN STEP	2026-02-25T19:49:19.6774133Z     ID: @testuser2:test.matrix.local
Web Tests (0)	UNKNOWN STEP	2026-02-25T19:49:19.6774563Z     Password: testpass123
Web Tests (0)	UNKNOWN STEP	2026-02-25T19:49:19.6774911Z   testadmin
Web Tests (0)	UNKNOWN STEP	2026-02-25T19:49:19.6775427Z     ID: @testadmin:test.matrix.local
Web Tests (0)	UNKNOWN STEP	2026-02-25T19:49:19.6775865Z     Password: testpass123
Web Tests (0)	UNKNOWN STEP	2026-02-25T19:49:19.6776099Z 
Web Tests (0)	UNKNOWN STEP	2026-02-25T19:49:19.6776290Z 🏠 Test Rooms:
Web Tests (0)	UNKNOWN STEP	2026-02-25T19:49:19.6776609Z   test_general (with messages)
Web Tests (0)	UNKNOWN STEP	2026-02-25T19:49:19.6777020Z     ID: !BPlzktmxeGYPSFXEol:test.matrix.local
Web Tests (0)	UNKNOWN STEP	2026-02-25T19:49:19.6777413Z   test_photos (with messages)
Web Tests (0)	UNKNOWN STEP	2026-02-25T19:49:19.6777762Z     ID: !kOyqiANXkXBfLPMwtF:test.matrix.local
Web Tests (0)	UNKNOWN STEP	2026-02-25T19:49:19.6778134Z   test_art (empty)
Web Tests (0)	UNKNOWN STEP	2026-02-25T19:49:19.6780772Z     ID: !vZWcGWoyFDlGbeySvh:test.matrix.local
Web Tests (0)	UNKNOWN STEP	2026-02-25T19:49:19.6781307Z   test_invite_only (with messages)
Web Tests (0)	UNKNOWN STEP	2026-02-25T19:49:19.6781763Z     ID: !bxJOqQpOTYOCiufmAB:test.matrix.local
Web Tests (0)	UNKNOWN STEP	2026-02-25T19:49:19.6782203Z   test_avatar (empty)
Web Tests (0)	UNKNOWN STEP	2026-02-25T19:49:19.6782572Z     ID: !HOONCUowmIcsQaFRoO:test.matrix.local
Web Tests (0)	UNKNOWN STEP	2026-02-25T19:49:19.6782906Z 
Web Tests (0)	UNKNOWN STEP	2026-02-25T19:49:19.6783202Z 🔑 Test Credentials for Integration Tests:
Web Tests (0)	UNKNOWN STEP	2026-02-25T19:49:19.6783708Z   Server:    http://matrix-synapse:8008
Web Tests (0)	UNKNOWN STEP	2026-02-25T19:49:19.6784160Z   Test User: testuser1
Web Tests (0)	UNKNOWN STEP	2026-02-25T19:49:19.6784522Z   Password:  testpass123
Web Tests (0)	UNKNOWN STEP	2026-02-25T19:49:19.6784763Z 
Web Tests (0)	UNKNOWN STEP	2026-02-25T19:49:19.6784892Z Room Status:
Web Tests (0)	UNKNOWN STEP	2026-02-25T19:49:19.6785975Z   test_general - 5 text + image/video/audio messages (for testing message lists and media rendering)
Web Tests (0)	UNKNOWN STEP	2026-02-25T19:49:19.6787010Z   test_photos  - 3 text + image/video/audio messages (for testing photo/media content)
Web Tests (0)	UNKNOWN STEP	2026-02-25T19:49:19.6787776Z   test_art     - 0 messages (for testing empty rooms)
Web Tests (0)	UNKNOWN STEP	2026-02-25T19:49:19.6788453Z ✓ Logged in user: @testuser1:test.matrix.local
Web Tests (0)	UNKNOWN STEP	2026-02-25T19:49:19.6788806Z 
Web Tests (0)	UNKNOWN STEP	2026-02-25T19:49:19.6789051Z   📋 Public room directory has 5 room(s):
Web Tests (0)	UNKNOWN STEP	2026-02-25T19:49:19.6789594Z     - test_art (!vZWcGWoyFDlGbeySvh:test.matrix.local)
Web Tests (0)	UNKNOWN STEP	2026-02-25T19:49:19.6790232Z     - test_photos (!kOyqiANXkXBfLPMwtF:test.matrix.local)
Web Tests (0)	UNKNOWN STEP	2026-02-25T19:49:19.6790858Z     - test_avatar (!HOONCUowmIcsQaFRoO:test.matrix.local)
Web Tests (0)	UNKNOWN STEP	2026-02-25T19:49:19.6791500Z     - test_general (!BPlzktmxeGYPSFXEol:test.matrix.local)
Web Tests (0)	UNKNOWN STEP	2026-02-25T19:49:19.6792163Z     - test_invite_only (!bxJOqQpOTYOCiufmAB:test.matrix.local)
Web Tests (0)	UNKNOWN STEP	2026-02-25T19:49:19.6792596Z 
Web Tests (0)	UNKNOWN STEP	2026-02-25T19:49:19.8293174Z ##[group]Run ./scripts/test.sh web --no-docker --shard 0 --total-shards 7
Web Tests (0)	UNKNOWN STEP	2026-02-25T19:49:19.8293730Z [36;1m./scripts/test.sh web --no-docker --shard 0 --total-shards 7[0m
Web Tests (0)	UNKNOWN STEP	2026-02-25T19:49:19.8342587Z shell: /usr/bin/bash -e {0}
Web Tests (0)	UNKNOWN STEP	2026-02-25T19:49:19.8342855Z env:
Web Tests (0)	UNKNOWN STEP	2026-02-25T19:49:19.8343049Z   CACHE_VERSION: v1
Web Tests (0)	UNKNOWN STEP	2026-02-25T19:49:19.8343386Z   FLUTTER_ROOT: /opt/hostedtoolcache/flutter/stable-3.41.2-x64
Web Tests (0)	UNKNOWN STEP	2026-02-25T19:49:19.8343776Z   PUB_CACHE: /home/runner/.pub-cache
Web Tests (0)	UNKNOWN STEP	2026-02-25T19:49:19.8344100Z   MATRIX_SERVER: http://localhost:8008
Web Tests (0)	UNKNOWN STEP	2026-02-25T19:49:19.8344400Z   MATRIX_TEST_USER: testuser1
Web Tests (0)	UNKNOWN STEP	2026-02-25T19:49:19.8344676Z   MATRIX_TEST_PASSWORD: testpass123
Web Tests (0)	UNKNOWN STEP	2026-02-25T19:49:19.8345098Z ##[endgroup]
Web Tests (0)	UNKNOWN STEP	2026-02-25T19:49:19.8522434Z [1m
Web Tests (0)	UNKNOWN STEP	2026-02-25T19:49:19.8522876Z   Substitution Test Runner
Web Tests (0)	UNKNOWN STEP	2026-02-25T19:49:19.8536922Z   2026-02-25 19:49:19
Web Tests (0)	UNKNOWN STEP	2026-02-25T19:49:19.8537395Z   Targets: web
Web Tests (0)	UNKNOWN STEP	2026-02-25T19:49:19.8537873Z [0m
Web Tests (0)	UNKNOWN STEP	2026-02-25T19:49:19.8544545Z [0;34m[INFO][0m Fetching Flutter dependencies...
Web Tests (0)	UNKNOWN STEP	2026-02-25T19:49:20.9192252Z   unorm_dart 0.2.0 (0.3.2 available)
Web Tests (0)	UNKNOWN STEP	2026-02-25T19:49:20.9193287Z   win32 5.15.0 (6.0.0 available)
Web Tests (0)	UNKNOWN STEP	2026-02-25T19:49:20.9194129Z Got dependencies!
Web Tests (0)	UNKNOWN STEP	2026-02-25T19:49:20.9194719Z 7 packages have newer versions incompatible with dependency constraints.
Web Tests (0)	UNKNOWN STEP	2026-02-25T19:49:20.9195804Z Try `flutter pub outdated` for more information.
Web Tests (0)	UNKNOWN STEP	2026-02-25T19:49:20.9196717Z [0;32m[OK][0m Dependencies fetched
Web Tests (0)	UNKNOWN STEP	2026-02-25T19:49:20.9211610Z [0;34m[INFO][0m Target: web
Web Tests (0)	UNKNOWN STEP	2026-02-25T19:49:20.9211895Z 
Web Tests (0)	UNKNOWN STEP	2026-02-25T19:49:20.9212525Z [1m━━━ Web Tests (Chrome) ━━━[0m
Web Tests (0)	UNKNOWN STEP	2026-02-25T19:49:20.9212842Z 
Web Tests (0)	UNKNOWN STEP	2026-02-25T19:49:20.9213271Z [0;34m[INFO][0m Starting run_web_tests sequence... (Shard: 0, Total: 7)
Web Tests (0)	UNKNOWN STEP	2026-02-25T19:49:20.9220070Z [0;34m[INFO][0m Validating Chrome/Chromium...
Web Tests (0)	UNKNOWN STEP	2026-02-25T19:49:20.9228356Z [0;32m[OK][0m Chrome found: /usr/bin/google-chrome
Web Tests (0)	UNKNOWN STEP	2026-02-25T19:49:24.7338659Z [0;34m[INFO][0m Phase 1: unit/widget tests on Chrome
Web Tests (0)	UNKNOWN STEP	2026-02-25T19:49:24.7339658Z [0;34m[INFO][0m   Renderer: html  Timeout: 900s
Web Tests (0)	UNKNOWN STEP	2026-02-25T19:49:24.7402142Z [0;34m[INFO][0m Running 49 test files on Chrome...
Web Tests (0)	UNKNOWN STEP	2026-02-25T19:49:24.7403016Z [0;34m[INFO][0m   [0+1/49] test/write_textmessage_test.dart
Web Tests (0)	UNKNOWN STEP	2026-02-25T19:50:05.1071265Z 00:00 +0: loading /home/runner/work/substitution/substitution/test/write_textmessage_test.dart
Web Tests (0)	UNKNOWN STEP	2026-02-25T19:50:22.5798069Z 00:00 +0: (setUpAll)
Web Tests (0)	UNKNOWN STEP	2026-02-25T19:50:22.6084064Z [90m[🌎 Easy Localization] [DEBUG] Localization initialized[0m
Web Tests (0)	UNKNOWN STEP	2026-02-25T19:50:22.6099542Z 00:00 +0: TextMessageWrite Widget Tests Smoke: renders TextMessageWrite with room info
Web Tests (0)	UNKNOWN STEP	2026-02-25T19:50:23.0766028Z [90m[🌎 Easy Localization] [DEBUG] Start[0m
Web Tests (0)	UNKNOWN STEP	2026-02-25T19:50:23.0769345Z [90m[🌎 Easy Localization] [DEBUG] Init state[0m
Web Tests (0)	UNKNOWN STEP	2026-02-25T19:50:23.0774035Z [90m[🌎 Easy Localization] [DEBUG] Build[0m
Web Tests (0)	UNKNOWN STEP	2026-02-25T19:50:23.0774845Z [90m[🌎 Easy Localization] [DEBUG] Init Localization Delegate[0m
Web Tests (0)	UNKNOWN STEP	2026-02-25T19:50:23.0776232Z [90m[🌎 Easy Localization] [DEBUG] Init provider[0m
Web Tests (0)	UNKNOWN STEP	2026-02-25T19:50:23.0777187Z [34m[🌎 Easy Localization] [WARNING] Localization key [write.roomheader] not found[0m
Web Tests (0)	UNKNOWN STEP	2026-02-25T19:50:23.0778240Z [34m[🌎 Easy Localization] [WARNING] Localization key [write.roomheader] not found[0m
Web Tests (0)	UNKNOWN STEP	2026-02-25T19:50:23.0779248Z [34m[🌎 Easy Localization] [WARNING] Localization key [error_no_image] not found[0m
Web Tests (0)	UNKNOWN STEP	2026-02-25T19:50:23.0780378Z [34m[🌎 Easy Localization] [WARNING] Localization key [write.textmessage.answer_promt] not found[0m
Web Tests (0)	UNKNOWN STEP	2026-02-25T19:50:23.0781521Z 00:00 +1: TextMessageWrite Widget Tests Quill editor is present in widget
Web Tests (0)	UNKNOWN STEP	2026-02-25T19:50:23.2010000Z [90m[🌎 Easy Localization] [DEBUG] Start[0m
Web Tests (0)	UNKNOWN STEP	2026-02-25T19:50:23.2012288Z [90m[🌎 Easy Localization] [DEBUG] Init state[0m
Web Tests (0)	UNKNOWN STEP	2026-02-25T19:50:23.2015288Z [90m[🌎 Easy Localization] [DEBUG] Build[0m
Web Tests (0)	UNKNOWN STEP	2026-02-25T19:50:23.2017676Z [90m[🌎 Easy Localization] [DEBUG] Init Localization Delegate[0m
Web Tests (0)	UNKNOWN STEP	2026-02-25T19:50:23.2019259Z [90m[🌎 Easy Localization] [DEBUG] Init provider[0m
Web Tests (0)	UNKNOWN STEP	2026-02-25T19:50:23.2020472Z [34m[🌎 Easy Localization] [WARNING] Localization key [write.roomheader] not found[0m
Web Tests (0)	UNKNOWN STEP	2026-02-25T19:50:23.2021461Z [34m[🌎 Easy Localization] [WARNING] Localization key [write.roomheader] not found[0m
Web Tests (0)	UNKNOWN STEP	2026-02-25T19:50:23.2022404Z [34m[🌎 Easy Localization] [WARNING] Localization key [error_no_image] not found[0m
Web Tests (0)	UNKNOWN STEP	2026-02-25T19:50:23.2023433Z [34m[🌎 Easy Localization] [WARNING] Localization key [write.textmessage.answer_promt] not found[0m
Web Tests (0)	UNKNOWN STEP	2026-02-25T19:50:23.2042219Z 00:00 +2: TextMessageWrite Widget Tests Send button is present and has send icon
Web Tests (0)	UNKNOWN STEP	2026-02-25T19:50:23.3618124Z [90m[🌎 Easy Localization] [DEBUG] Start[0m
Web Tests (0)	UNKNOWN STEP	2026-02-25T19:50:23.3622569Z [90m[🌎 Easy Localization] [DEBUG] Init state[0m
Web Tests (0)	UNKNOWN STEP	2026-02-25T19:50:23.3627403Z [90m[🌎 Easy Localization] [DEBUG] Build[0m
Web Tests (0)	UNKNOWN STEP	2026-02-25T19:50:23.3631641Z [90m[🌎 Easy Localization] [DEBUG] Init Localization Delegate[0m
Web Tests (0)	UNKNOWN STEP	2026-02-25T19:50:23.3632744Z [90m[🌎 Easy Localization] [DEBUG] Init provider[0m
Web Tests (0)	UNKNOWN STEP	2026-02-25T19:50:23.3634024Z [34m[🌎 Easy Localization] [WARNING] Localization key [write.roomheader] not found[0m
Web Tests (0)	UNKNOWN STEP	2026-02-25T19:50:23.3639974Z [34m[🌎 Easy Localization] [WARNING] Localization key [write.roomheader] not found[0m
Web Tests (0)	UNKNOWN STEP	2026-02-25T19:50:23.3642914Z [34m[🌎 Easy Localization] [WARNING] Localization key [error_no_image] not found[0m
Web Tests (0)	UNKNOWN STEP	2026-02-25T19:50:23.3644115Z [34m[🌎 Easy Localization] [WARNING] Localization key [write.textmessage.answer_promt] not found[0m
Web Tests (0)	UNKNOWN STEP	2026-02-25T19:50:23.3645347Z 00:00 +3: TextMessageWrite Widget Tests Room name is displayed in header
Web Tests (0)	UNKNOWN STEP	2026-02-25T19:50:23.4703891Z [90m[🌎 Easy Localization] [DEBUG] Start[0m
Web Tests (0)	UNKNOWN STEP	2026-02-25T19:50:23.4704660Z [90m[🌎 Easy Localization] [DEBUG] Init state[0m
Web Tests (0)	UNKNOWN STEP	2026-02-25T19:50:23.4705582Z [90m[🌎 Easy Localization] [DEBUG] Build[0m
Web Tests (0)	UNKNOWN STEP	2026-02-25T19:50:23.4706371Z [90m[🌎 Easy Localization] [DEBUG] Init Localization Delegate[0m
Web Tests (0)	UNKNOWN STEP	2026-02-25T19:50:23.4709463Z [90m[🌎 Easy Localization] [DEBUG] Init provider[0m
Web Tests (0)	UNKNOWN STEP	2026-02-25T19:50:23.4710885Z [34m[🌎 Easy Localization] [WARNING] Localization key [write.roomheader] not found[0m
Web Tests (0)	UNKNOWN STEP	2026-02-25T19:50:23.4712292Z [34m[🌎 Easy Localization] [WARNING] Localization key [write.roomheader] not found[0m
Web Tests (0)	UNKNOWN STEP	2026-02-25T19:50:23.4715892Z [34m[🌎 Easy Localization] [WARNING] Localization key [error_no_image] not found[0m
Web Tests (0)	UNKNOWN STEP	2026-02-25T19:50:23.4717082Z [34m[🌎 Easy Localization] [WARNING] Localization key [write.textmessage.answer_promt] not found[0m
Web Tests (0)	UNKNOWN STEP	2026-02-25T19:50:23.4718556Z 00:00 +4: TextMessageWrite Widget Tests Event content includes body field
Web Tests (0)	UNKNOWN STEP	2026-02-25T19:50:23.5846356Z [90m[🌎 Easy Localization] [DEBUG] Start[0m
Web Tests (0)	UNKNOWN STEP	2026-02-25T19:50:23.5848168Z [90m[🌎 Easy Localization] [DEBUG] Init state[0m
Web Tests (0)	UNKNOWN STEP	2026-02-25T19:50:23.5848808Z [90m[🌎 Easy Localization] [DEBUG] Build[0m
Web Tests (0)	UNKNOWN STEP	2026-02-25T19:50:23.5851214Z [90m[🌎 Easy Localization] [DEBUG] Init Localization Delegate[0m
Web Tests (0)	UNKNOWN STEP	2026-02-25T19:50:23.5853729Z [90m[🌎 Easy Localization] [DEBUG] Init provider[0m
Web Tests (0)	UNKNOWN STEP	2026-02-25T19:50:23.5855276Z [34m[🌎 Easy Localization] [WARNING] Localization key [write.roomheader] not found[0m
Web Tests (0)	UNKNOWN STEP	2026-02-25T19:50:23.5856914Z [34m[🌎 Easy Localization] [WARNING] Localization key [write.roomheader] not found[0m
Web Tests (0)	UNKNOWN STEP	2026-02-25T19:50:23.5858198Z [34m[🌎 Easy Localization] [WARNING] Localization key [error_no_image] not found[0m
Web Tests (0)	UNKNOWN STEP	2026-02-25T19:50:23.5859776Z [34m[🌎 Easy Localization] [WARNING] Localization key [write.textmessage.answer_promt] not found[0m
Web Tests (0)	UNKNOWN STEP	2026-02-25T19:50:23.5860991Z 00:01 +5: TextMessageWrite Widget Tests Event includes msgtype field
Web Tests (0)	UNKNOWN STEP	2026-02-25T19:50:23.6959170Z [90m[🌎 Easy Localization] [DEBUG] Start[0m
Web Tests (0)	UNKNOWN STEP	2026-02-25T19:50:23.6961298Z [90m[🌎 Easy Localization] [DEBUG] Init state[0m
Web Tests (0)	UNKNOWN STEP	2026-02-25T19:50:23.6962393Z [90m[🌎 Easy Localization] [DEBUG] Build[0m
Web Tests (0)	UNKNOWN STEP	2026-02-25T19:50:23.6973528Z [90m[🌎 Easy Localization] [DEBUG] Init Localization Delegate[0m
Web Tests (0)	UNKNOWN STEP	2026-02-25T19:50:23.6974614Z [90m[🌎 Easy Localization] [DEBUG] Init provider[0m
Web Tests (0)	UNKNOWN STEP	2026-02-25T19:50:23.6975686Z [34m[🌎 Easy Localization] [WARNING] Localization key [write.roomheader] not found[0m
Web Tests (0)	UNKNOWN STEP	2026-02-25T19:50:23.6977037Z [34m[🌎 Easy Localization] [WARNING] Localization key [write.roomheader] not found[0m
Web Tests (0)	UNKNOWN STEP	2026-02-25T19:50:23.6978205Z [34m[🌎 Easy Localization] [WARNING] Localization key [error_no_image] not found[0m
Web Tests (0)	UNKNOWN STEP	2026-02-25T19:50:23.6979496Z [34m[🌎 Easy Localization] [WARNING] Localization key [write.textmessage.answer_promt] not found[0m
Web Tests (0)	UNKNOWN STEP	2026-02-25T19:50:23.6980507Z 00:01 +6: TextMessageWrite Widget Tests Event includes formatted_body for HTML
Web Tests (0)	UNKNOWN STEP	2026-02-25T19:50:23.7980155Z [90m[🌎 Easy Localization] [DEBUG] Start[0m
Web Tests (0)	UNKNOWN STEP	2026-02-25T19:50:23.7980849Z [90m[🌎 Easy Localization] [DEBUG] Init state[0m
Web Tests (0)	UNKNOWN STEP	2026-02-25T19:50:23.7981457Z [90m[🌎 Easy Localization] [DEBUG] Build[0m
Web Tests (0)	UNKNOWN STEP	2026-02-25T19:50:23.7982150Z [90m[🌎 Easy Localization] [DEBUG] Init Localization Delegate[0m
Web Tests (0)	UNKNOWN STEP	2026-02-25T19:50:23.7987248Z [90m[🌎 Easy Localization] [DEBUG] Init provider[0m
Web Tests (0)	UNKNOWN STEP	2026-02-25T19:50:23.7988133Z [34m[🌎 Easy Localization] [WARNING] Localization key [write.roomheader] not found[0m
Web Tests (0)	UNKNOWN STEP	2026-02-25T19:50:23.7989178Z [34m[🌎 Easy Localization] [WARNING] Localization key [write.roomheader] not found[0m
Web Tests (0)	UNKNOWN STEP	2026-02-25T19:50:23.7990199Z [34m[🌎 Easy Localization] [WARNING] Localization key [error_no_image] not found[0m
Web Tests (0)	UNKNOWN STEP	2026-02-25T19:50:23.7991427Z [34m[🌎 Easy Localization] [WARNING] Localization key [write.textmessage.answer_promt] not found[0m
Web Tests (0)	UNKNOWN STEP	2026-02-25T19:50:23.7992450Z 00:01 +7: TextMessageWrite Widget Tests Reply with eventId renders context
Web Tests (0)	UNKNOWN STEP	2026-02-25T19:50:23.9122412Z [90m[🌎 Easy Localization] [DEBUG] Start[0m
Web Tests (0)	UNKNOWN STEP	2026-02-25T19:50:23.9123192Z [90m[🌎 Easy Localization] [DEBUG] Init state[0m
Web Tests (0)	UNKNOWN STEP	2026-02-25T19:50:23.9123850Z [90m[🌎 Easy Localization] [DEBUG] Build[0m
Web Tests (0)	UNKNOWN STEP	2026-02-25T19:50:23.9132278Z [90m[🌎 Easy Localization] [DEBUG] Init Localization Delegate[0m
Web Tests (0)	UNKNOWN STEP	2026-02-25T19:50:23.9133410Z [90m[🌎 Easy Localization] [DEBUG] Init provider[0m
Web Tests (0)	UNKNOWN STEP	2026-02-25T19:50:23.9134297Z [34m[🌎 Easy Localization] [WARNING] Localization key [write.answer] not found[0m
Web Tests (0)	UNKNOWN STEP	2026-02-25T19:50:23.9135557Z [34m[🌎 Easy Localization] [WARNING] Localization key [write.roomheader] not found[0m
Web Tests (0)	UNKNOWN STEP	2026-02-25T19:50:23.9136720Z [34m[🌎 Easy Localization] [WARNING] Localization key [write.roomheader] not found[0m
Web Tests (0)	UNKNOWN STEP	2026-02-25T19:50:23.9137811Z [34m[🌎 Easy Localization] [WARNING] Localization key [error_no_image] not found[0m
Web Tests (0)	UNKNOWN STEP	2026-02-25T19:50:23.9139049Z [34m[🌎 Easy Localization] [WARNING] Localization key [write.textmessage.answer_promt] not found[0m
Web Tests (0)	UNKNOWN STEP	2026-02-25T19:50:23.9140221Z [34m[🌎 Easy Localization] [WARNING] Localization key [loading] not found[0m
Web Tests (0)	UNKNOWN STEP	2026-02-25T19:50:23.9141528Z 00:01 +8: TextMessageWrite Widget Tests Widget renders with FutureBuilder for event data
Web Tests (0)	UNKNOWN STEP	2026-02-25T19:50:24.0270397Z [90m[🌎 Easy Localization] [DEBUG] Start[0m
Web Tests (0)	UNKNOWN STEP	2026-02-25T19:50:24.0272767Z [90m[🌎 Easy Localization] [DEBUG] Init state[0m
Web Tests (0)	UNKNOWN STEP	2026-02-25T19:50:24.0326912Z [90m[🌎 Easy Localization] [DEBUG] Build[0m
Web Tests (0)	UNKNOWN STEP	2026-02-25T19:50:24.0328171Z [90m[🌎 Easy Localization] [DEBUG] Init Localization Delegate[0m
Web Tests (0)	UNKNOWN STEP	2026-02-25T19:50:24.0329901Z [90m[🌎 Easy Localization] [DEBUG] Init provider[0m
Web Tests (0)	UNKNOWN STEP	2026-02-25T19:50:24.0331087Z [34m[🌎 Easy Localization] [WARNING] Localization key [write.roomheader] not found[0m
Web Tests (0)	UNKNOWN STEP	2026-02-25T19:50:24.0337094Z [34m[🌎 Easy Localization] [WARNING] Localization key [write.roomheader] not found[0m
Web Tests (0)	UNKNOWN STEP	2026-02-25T19:50:24.0338221Z [34m[🌎 Easy Localization] [WARNING] Localization key [error_no_image] not found[0m
Web Tests (0)	UNKNOWN STEP	2026-02-25T19:50:24.0339442Z [34m[🌎 Easy Localization] [WARNING] Localization key [write.textmessage.answer_promt] not found[0m
Web Tests (0)	UNKNOWN STEP	2026-02-25T19:50:24.0340556Z 00:01 +9: TextMessageWrite Widget Tests Client is retrieved from provider context
Web Tests (0)	UNKNOWN STEP	2026-02-25T19:50:24.1320823Z [90m[🌎 Easy Localization] [DEBUG] Start[0m
Web Tests (0)	UNKNOWN STEP	2026-02-25T19:50:24.1321549Z [90m[🌎 Easy Localization] [DEBUG] Init state[0m
Web Tests (0)	UNKNOWN STEP	2026-02-25T19:50:24.1322341Z [90m[🌎 Easy Localization] [DEBUG] Build[0m
Web Tests (0)	UNKNOWN STEP	2026-02-25T19:50:24.1323274Z [90m[🌎 Easy Localization] [DEBUG] Init Localization Delegate[0m
Web Tests (0)	UNKNOWN STEP	2026-02-25T19:50:24.1324030Z [90m[🌎 Easy Localization] [DEBUG] Init provider[0m
Web Tests (0)	UNKNOWN STEP	2026-02-25T19:50:24.1328328Z [34m[🌎 Easy Localization] [WARNING] Localization key [write.roomheader] not found[0m
Web Tests (0)	UNKNOWN STEP	2026-02-25T19:50:24.1329502Z [34m[🌎 Easy Localization] [WARNING] Localization key [write.roomheader] not found[0m
Web Tests (0)	UNKNOWN STEP	2026-02-25T19:50:24.1331382Z [34m[🌎 Easy Localization] [WARNING] Localization key [error_no_image] not found[0m
Web Tests (0)	UNKNOWN STEP	2026-02-25T19:50:24.1332539Z [34m[🌎 Easy Localization] [WARNING] Localization key [write.textmessage.answer_promt] not found[0m
Web Tests (0)	UNKNOWN STEP	2026-02-25T19:50:24.1333471Z 00:01 +10: (tearDownAll)
Web Tests (0)	UNKNOWN STEP	2026-02-25T19:50:24.1436759Z 00:01 +10: All tests passed!
Web Tests (0)	UNKNOWN STEP	2026-02-25T19:50:24.7381631Z [0;34m[INFO][0m   [0+1+1/49] test/main/theme_app_test.dart
Web Tests (0)	UNKNOWN STEP	2026-02-25T19:50:40.8058059Z 00:00 +0: loading /home/runner/work/substitution/substitution/test/main/theme_app_test.dart
Web Tests (0)	UNKNOWN STEP	2026-02-25T19:50:43.0076818Z 00:00 +0: (setUpAll)
Web Tests (0)	UNKNOWN STEP	2026-02-25T19:50:43.0265601Z [90m[🌎 Easy Localization] [DEBUG] Localization initialized[0m
Web Tests (0)	UNKNOWN STEP	2026-02-25T19:50:43.0275868Z 00:00 +0: App starts with system theme by default
Web Tests (0)	UNKNOWN STEP	2026-02-25T19:50:43.1309532Z 00:00 +1: darkTheme is defined and different from theme
Web Tests (0)	UNKNOWN STEP	2026-02-25T19:50:43.1772664Z 00:00 +2: Changing ThemeService updates MaterialApp reactively
Web Tests (0)	UNKNOWN STEP	2026-02-25T19:50:43.4217032Z [90m[🌎 Easy Localization] [DEBUG] Start[0m
Web Tests (0)	UNKNOWN STEP	2026-02-25T19:50:43.4219787Z [90m[🌎 Easy Localization] [DEBUG] Init state[0m
Web Tests (0)	UNKNOWN STEP	2026-02-25T19:50:43.4220651Z [90m[🌎 Easy Localization] [DEBUG] Build[0m
Web Tests (0)	UNKNOWN STEP	2026-02-25T19:50:43.4221417Z [90m[🌎 Easy Localization] [DEBUG] Init Localization Delegate[0m
Web Tests (0)	UNKNOWN STEP	2026-02-25T19:50:43.4222261Z [90m[🌎 Easy Localization] [DEBUG] Init provider[0m
Web Tests (0)	UNKNOWN STEP	2026-02-25T19:50:43.4228420Z 00:00 +3: (tearDownAll)
Web Tests (0)	UNKNOWN STEP	2026-02-25T19:50:43.4336756Z 00:00 +3: All tests passed!
Web Tests (0)	UNKNOWN STEP	2026-02-25T19:50:43.6155769Z [0;34m[INFO][0m   [0+1+1+1/49] test/main/app_startup_test.dart
Web Tests (0)	UNKNOWN STEP	2026-02-25T19:51:09.4947811Z 00:00 +0: loading /home/runner/work/substitution/substitution/test/main/app_startup_test.dart
Web Tests (0)	UNKNOWN STEP	2026-02-25T19:51:12.1931720Z 00:00 +0: (setUpAll)
Web Tests (0)	UNKNOWN STEP	2026-02-25T19:51:12.2072586Z [90m[🌎 Easy Localization] [DEBUG] Localization initialized[0m
Web Tests (0)	UNKNOWN STEP	2026-02-25T19:51:12.2083937Z 00:00 +0: App Startup - Session Persistence 1. If client.isLogged() == true, redirects to /feed
Web Tests (0)	UNKNOWN STEP	2026-02-25T19:51:12.4792234Z [90m[🌎 Easy Localization] [DEBUG] Start[0m
Web Tests (0)	UNKNOWN STEP	2026-02-25T19:51:12.4794167Z [90m[🌎 Easy Localization] [DEBUG] Init state[0m
Web Tests (0)	UNKNOWN STEP	2026-02-25T19:51:12.4795182Z [90m[🌎 Easy Localization] [DEBUG] Build[0m
Web Tests (0)	UNKNOWN STEP	2026-02-25T19:51:12.4796526Z [90m[🌎 Easy Localization] [DEBUG] Init Localization Delegate[0m
Web Tests (0)	UNKNOWN STEP	2026-02-25T19:51:12.4797872Z [90m[🌎 Easy Localization] [DEBUG] Init provider[0m
Web Tests (0)	UNKNOWN STEP	2026-02-25T19:51:12.4802368Z 00:00 +1: App Startup - Session Persistence 2. If client.isLogged() == false, shows introduction/auth
Web Tests (0)	UNKNOWN STEP	2026-02-25T19:51:12.5531378Z [90m[🌎 Easy Localization] [DEBUG] Start[0m
Web Tests (0)	UNKNOWN STEP	2026-02-25T19:51:12.5532115Z [90m[🌎 Easy Localization] [DEBUG] Init state[0m
Web Tests (0)	UNKNOWN STEP	2026-02-25T19:51:12.5534413Z [90m[🌎 Easy Localization] [DEBUG] Build[0m
Web Tests (0)	UNKNOWN STEP	2026-02-25T19:51:12.5535647Z [90m[🌎 Easy Localization] [DEBUG] Init Localization Delegate[0m
Web Tests (0)	UNKNOWN STEP	2026-02-25T19:51:12.5536588Z [90m[🌎 Easy Localization] [DEBUG] Init provider[0m
Web Tests (0)	UNKNOWN STEP	2026-02-25T19:51:12.5540593Z 00:00 +2: (tearDownAll)
Web Tests (0)	UNKNOWN STEP	2026-02-25T19:51:12.5639243Z 00:00 +2: All tests passed!
Web Tests (0)	UNKNOWN STEP	2026-02-25T19:51:12.7758668Z [0;34m[INFO][0m   [0+1+1+1+1/49] test/auth/host_page_test.dart
Web Tests (0)	UNKNOWN STEP	2026-02-25T19:51:34.9649217Z 00:00 +0: loading /home/runner/work/substitution/substitution/test/auth/host_page_test.dart
Web Tests (0)	UNKNOWN STEP	2026-02-25T19:51:37.7901129Z 00:00 +0: (setUpAll)
Web Tests (0)	UNKNOWN STEP	2026-02-25T19:51:37.8074816Z [90m[🌎 Easy Localization] [DEBUG] Localization initialized[0m
Web Tests (0)	UNKNOWN STEP	2026-02-25T19:51:37.8085849Z 00:00 +0: HostPage Widget Tests 1. Smoke test: renders text field and submit button
Web Tests (0)	UNKNOWN STEP	2026-02-25T19:51:38.1929643Z [90m[🌎 Easy Localization] [DEBUG] Start[0m
Web Tests (0)	UNKNOWN STEP	2026-02-25T19:51:38.1933043Z [90m[🌎 Easy Localization] [DEBUG] Init state[0m
Web Tests (0)	UNKNOWN STEP	2026-02-25T19:51:38.1933571Z [90m[🌎 Easy Localization] [DEBUG] Build[0m
Web Tests (0)	UNKNOWN STEP	2026-02-25T19:51:38.1947613Z [90m[🌎 Easy Localization] [DEBUG] Init Localization Delegate[0m
Web Tests (0)	UNKNOWN STEP	2026-02-25T19:51:38.1950068Z [90m[🌎 Easy Localization] [DEBUG] Init provider[0m
Web Tests (0)	UNKNOWN STEP	2026-02-25T19:51:38.1951397Z [34m[🌎 Easy Localization] [WARNING] Localization key [auth.host.inputs.homeserver_label] not found[0m
Web Tests (0)	UNKNOWN STEP	2026-02-25T19:51:38.1952569Z [34m[🌎 Easy Localization] [WARNING] Localization key [auth.host.buttons.login_label] not found[0m
Web Tests (0)	UNKNOWN STEP	2026-02-25T19:51:38.1953547Z 00:00 +1: HostPage Widget Tests 2. Entering URL and tapping submit calls checkHomeserver
Web Tests (0)	UNKNOWN STEP	2026-02-25T19:51:38.4032347Z [90m[🌎 Easy Localization] [DEBUG] Start[0m
Web Tests (0)	UNKNOWN STEP	2026-02-25T19:51:38.4038259Z [90m[🌎 Easy Localization] [DEBUG] Init state[0m
Web Tests (0)	UNKNOWN STEP	2026-02-25T19:51:38.4038992Z [90m[🌎 Easy Localization] [DEBUG] Build[0m
Web Tests (0)	UNKNOWN STEP	2026-02-25T19:51:38.4039939Z [90m[🌎 Easy Localization] [DEBUG] Init Localization Delegate[0m
Web Tests (0)	UNKNOWN STEP	2026-02-25T19:51:38.4040775Z [90m[🌎 Easy Localization] [DEBUG] Init provider[0m
Web Tests (0)	UNKNOWN STEP	2026-02-25T19:51:38.4042182Z [34m[🌎 Easy Localization] [WARNING] Localization key [auth.host.inputs.homeserver_label] not found[0m
Web Tests (0)	UNKNOWN STEP	2026-02-25T19:51:38.4044773Z [34m[🌎 Easy Localization] [WARNING] Localization key [auth.host.buttons.login_label] not found[0m
Web Tests (0)	UNKNOWN STEP	2026-02-25T19:51:38.4048209Z 00:00 +2: HostPage Widget Tests 3. Successful homeserver check calls onComplete
Web Tests (0)	UNKNOWN STEP	2026-02-25T19:51:38.6633515Z [90m[🌎 Easy Localization] [DEBUG] Start[0m
Web Tests (0)	UNKNOWN STEP	2026-02-25T19:51:38.6634883Z [90m[🌎 Easy Localization] [DEBUG] Init state[0m
Web Tests (0)	UNKNOWN STEP	2026-02-25T19:51:38.6637454Z [90m[🌎 Easy Localization] [DEBUG] Build[0m
Web Tests (0)	UNKNOWN STEP	2026-02-25T19:51:38.6639361Z [90m[🌎 Easy Localization] [DEBUG] Init Localization Delegate[0m
Web Tests (0)	UNKNOWN STEP	2026-02-25T19:51:38.6640494Z [90m[🌎 Easy Localization] [DEBUG] Init provider[0m
Web Tests (0)	UNKNOWN STEP	2026-02-25T19:51:38.6642532Z [34m[🌎 Easy Localization] [WARNING] Localization key [auth.host.inputs.homeserver_label] not found[0m
Web Tests (0)	UNKNOWN STEP	2026-02-25T19:51:38.6644380Z [34m[🌎 Easy Localization] [WARNING] Localization key [auth.host.buttons.login_label] not found[0m
Web Tests (0)	UNKNOWN STEP	2026-02-25T19:51:38.6651744Z 00:00 +3: (tearDownAll)
Web Tests (0)	UNKNOWN STEP	2026-02-25T19:51:38.6745121Z 00:00 +3: All tests passed!
Web Tests (0)	UNKNOWN STEP	2026-02-25T19:51:38.8913399Z [0;34m[INFO][0m   [0+1+1+1+1+1/49] test/settings_followfeeds_test.dart
Web Tests (0)	UNKNOWN STEP	2026-02-25T19:52:01.4429232Z 00:00 +0: loading /home/runner/work/substitution/substitution/test/settings_followfeeds_test.dart
Web Tests (0)	UNKNOWN STEP	2026-02-25T19:52:04.2902863Z 00:00 +0: (setUpAll)
Web Tests (0)	UNKNOWN STEP	2026-02-25T19:52:04.3039178Z [90m[🌎 Easy Localization] [DEBUG] Localization initialized[0m
Web Tests (0)	UNKNOWN STEP	2026-02-25T19:52:04.3049998Z 00:00 +0: FollowFeedSettings smoke test
Web Tests (0)	UNKNOWN STEP	2026-02-25T19:52:04.8510423Z [90m[🌎 Easy Localization] [DEBUG] Start[0m
Web Tests (0)	UNKNOWN STEP	2026-02-25T19:52:04.8516568Z [90m[🌎 Easy Localization] [DEBUG] Init state[0m
Web Tests (0)	UNKNOWN STEP	2026-02-25T19:52:04.8517796Z [90m[🌎 Easy Localization] [DEBUG] Build[0m
Web Tests (0)	UNKNOWN STEP	2026-02-25T19:52:04.8524897Z [90m[🌎 Easy Localization] [DEBUG] Init Localization Delegate[0m
Web Tests (0)	UNKNOWN STEP	2026-02-25T19:52:04.8526621Z [90m[🌎 Easy Localization] [DEBUG] Init provider[0m
Web Tests (0)	UNKNOWN STEP	2026-02-25T19:52:04.8528238Z [34m[🌎 Easy Localization] [WARNING] Localization key [settings.followfeeds.filter_server_header] not found[0m
Web Tests (0)	UNKNOWN STEP	2026-02-25T19:52:04.8529741Z [34m[🌎 Easy Localization] [WARNING] Localization key [settings.followfeeds.filter_rooms_header] not found[0m
Web Tests (0)	UNKNOWN STEP	2026-02-25T19:52:04.8531230Z [34m[🌎 Easy Localization] [WARNING] Localization key [settings.followfeeds.roomname_placeholder] not found[0m
Web Tests (0)	UNKNOWN STEP	2026-02-25T19:52:04.8532318Z [FollowFeeds] Fetching rooms for generation 0, server: 'matrix.org', search: 'null'
Web Tests (0)	UNKNOWN STEP	2026-02-25T19:52:04.8533122Z [FollowFeeds] Calling queryPublicRooms...
Web Tests (0)	UNKNOWN STEP	2026-02-25T19:52:04.8552923Z [34m[🌎 Easy Localization] [WARNING] Localization key [settings.followfeeds.filter_server_header] not found[0m
Web Tests (0)	UNKNOWN STEP	2026-02-25T19:52:04.8555606Z [34m[🌎 Easy Localization] [WARNING] Localization key [settings.followfeeds.filter_rooms_header] not found[0m
Web Tests (0)	UNKNOWN STEP	2026-02-25T19:52:04.8557020Z [34m[🌎 Easy Localization] [WARNING] Localization key [settings.followfeeds.roomname_placeholder] not found[0m
Web Tests (0)	UNKNOWN STEP	2026-02-25T19:52:04.8558348Z [34m[🌎 Easy Localization] [WARNING] Localization key [settings.followfeeds.buttons.add_server] not found[0m
Web Tests (0)	UNKNOWN STEP	2026-02-25T19:52:04.8559780Z [34m[🌎 Easy Localization] [WARNING] Localization key [settings.ownfeeds.buttons.create_room] not found[0m
Web Tests (0)	UNKNOWN STEP	2026-02-25T19:52:04.8560987Z [34m[🌎 Easy Localization] [WARNING] Localization key [settings.followfeeds.no_rooms_found] not found[0m
Web Tests (0)	UNKNOWN STEP	2026-02-25T19:52:04.8561803Z [34m[🌎 Easy Localization] [WARNING] Localization key [settings.followfeeds.buttons.add_server] not found[0m
Web Tests (0)	UNKNOWN STEP	2026-02-25T19:52:04.8562576Z [34m[🌎 Easy Localization] [WARNING] Localization key [settings.ownfeeds.buttons.create_room] not found[0m
Web Tests (0)	UNKNOWN STEP	2026-02-25T19:52:04.8563070Z 00:00 +1: (tearDownAll)
Web Tests (0)	UNKNOWN STEP	2026-02-25T19:52:04.8770988Z 00:00 +1: All tests passed!
Web Tests (0)	UNKNOWN STEP	2026-02-25T19:52:05.0951754Z [0;34m[INFO][0m   [0+1+1+1+1+1+1/49] test/introduction_page_test.dart
Web Tests (0)	UNKNOWN STEP	2026-02-25T19:52:33.8179833Z 00:00 +0: loading /home/runner/work/substitution/substitution/test/introduction_page_test.dart
Web Tests (0)	UNKNOWN STEP	2026-02-25T19:52:37.1957309Z 00:00 +0: (setUpAll)
Web Tests (0)	UNKNOWN STEP	2026-02-25T19:52:37.2119702Z [90m[🌎 Easy Localization] [DEBUG] Localization initialized[0m
Web Tests (0)	UNKNOWN STEP	2026-02-25T19:52:37.2133567Z 00:00 +0: IntroductionPage smoke test
Web Tests (0)	UNKNOWN STEP	2026-02-25T19:52:37.6178094Z [90m[🌎 Easy Localization] [DEBUG] Start[0m
Web Tests (0)	UNKNOWN STEP	2026-02-25T19:52:37.6181254Z [90m[🌎 Easy Localization] [DEBUG] Init state[0m
Web Tests (0)	UNKNOWN STEP	2026-02-25T19:52:37.6181955Z [90m[🌎 Easy Localization] [DEBUG] Build[0m
Web Tests (0)	UNKNOWN STEP	2026-02-25T19:52:37.6182699Z [90m[🌎 Easy Localization] [DEBUG] Init Localization Delegate[0m
Web Tests (0)	UNKNOWN STEP	2026-02-25T19:52:37.6196003Z [90m[🌎 Easy Localization] [DEBUG] Init provider[0m
Web Tests (0)	UNKNOWN STEP	2026-02-25T19:52:37.6197317Z [34m[🌎 Easy Localization] [WARNING] Localization key [intro.welcome.title] not found[0m
Web Tests (0)	UNKNOWN STEP	2026-02-25T19:52:37.6198784Z [34m[🌎 Easy Localization] [WARNING] Localization key [intro.welcome.desc] not found[0m
Web Tests (0)	UNKNOWN STEP	2026-02-25T19:52:37.6200154Z [34m[🌎 Easy Localization] [WARNING] Localization key [intro.account.title] not found[0m
Web Tests (0)	UNKNOWN STEP	2026-02-25T19:52:37.6206810Z [34m[🌎 Easy Localization] [WARNING] Localization key [intro.account.desc] not found[0m
Web Tests (0)	UNKNOWN STEP	2026-02-25T19:52:37.6208007Z [34m[🌎 Easy Localization] [WARNING] Localization key [intro.host.title] not found[0m
Web Tests (0)	UNKNOWN STEP	2026-02-25T19:52:37.6209128Z [34m[🌎 Easy Localization] [WARNING] Localization key [intro.login.title] not found[0m
Web Tests (0)	UNKNOWN STEP	2026-02-25T19:52:37.6210253Z [34m[🌎 Easy Localization] [WARNING] Localization key [intro.finished.title] not found[0m
Web Tests (0)	UNKNOWN STEP	2026-02-25T19:52:37.6211374Z [34m[🌎 Easy Localization] [WARNING] Localization key [intro.isNotLoggedIn] not found[0m
Web Tests (0)	UNKNOWN STEP	2026-02-25T19:52:37.6212439Z [34m[🌎 Easy Localization] [WARNING] Localization key [intro.buttons.next] not found[0m
Web Tests (0)	UNKNOWN STEP	2026-02-25T19:52:37.6213905Z [34m[🌎 Easy Localization] [WARNING] Localization key [intro.buttons.back] not found[0m
Web Tests (0)	UNKNOWN STEP	2026-02-25T19:52:37.6214615Z 00:00 +1: (tearDownAll)
Web Tests (0)	UNKNOWN STEP	2026-02-25T19:52:37.6456691Z 00:00 +1: All tests passed!
Web Tests (0)	UNKNOWN STEP	2026-02-25T19:52:37.8802072Z [0;34m[INFO][0m   [0+1+1+1+1+1+1+1/49] test/unit/profile_update_test.dart
Web Tests (0)	UNKNOWN STEP	2026-02-25T19:52:58.1628904Z 00:00 +0: loading /home/runner/work/substitution/substitution/test/unit/profile_update_test.dart
Web Tests (0)	UNKNOWN STEP	2026-02-25T19:53:00.4758084Z 00:00 +0: Profile Update setDisplayName updates profile
Web Tests (0)	UNKNOWN STEP	2026-02-25T19:53:00.4895631Z 00:00 +1: Profile Update setAvatar uploads new profile picture
Web Tests (0)	UNKNOWN STEP	2026-02-25T19:53:00.4980896Z 00:00 +2: Profile Update Empty display name is rejected by validation
Web Tests (0)	UNKNOWN STEP	2026-02-25T19:53:00.5109810Z 00:00 +3: All tests passed!
Web Tests (0)	UNKNOWN STEP	2026-02-25T19:53:00.7127135Z [0;34m[INFO][0m   [0+1+1+1+1+1+1+1+1/49] test/unit/session_persistence_test.dart
Web Tests (0)	UNKNOWN STEP	2026-02-25T19:53:21.2075495Z 00:00 +0: loading /home/runner/work/substitution/substitution/test/unit/session_persistence_test.dart
Web Tests (0)	UNKNOWN STEP	2026-02-25T19:53:23.4752641Z 00:00 +0: (setUpAll)
Web Tests (0)	UNKNOWN STEP	2026-02-25T19:53:23.4860983Z 00:00 +0: Session Persistence 1. Client is initialized with correct store name
Web Tests (0)	UNKNOWN STEP	2026-02-25T19:53:23.4905185Z 00:00 +1: Session Persistence 2. client.init() is called during app startup
Web Tests (0)	UNKNOWN STEP	2026-02-25T19:53:23.4983252Z 00:00 +2: Session Persistence 3. Logged-in state persists (isLogged returns true)
Web Tests (0)	UNKNOWN STEP	2026-02-25T19:53:23.5017375Z 00:00 +3: Session Persistence 4. Logged-out state when not authenticated
Web Tests (0)	UNKNOWN STEP	2026-02-25T19:53:23.5059148Z 00:00 +4: (tearDownAll)
Web Tests (0)	UNKNOWN STEP	2026-02-25T19:53:23.5184450Z 00:00 +4: All tests passed!
Web Tests (0)	UNKNOWN STEP	2026-02-25T19:53:23.7346610Z [0;34m[INFO][0m   [0+1+1+1+1+1+1+1+1+1/49] test/unit/room_search_test.dart
Web Tests (0)	UNKNOWN STEP	2026-02-25T19:53:43.9579160Z 00:00 +0: loading /home/runner/work/substitution/substitution/test/unit/room_search_test.dart
Web Tests (0)	UNKNOWN STEP	2026-02-25T19:53:46.2597601Z 00:00 +0: (setUpAll)
Web Tests (0)	UNKNOWN STEP	2026-02-25T19:53:46.2730472Z 00:00 +0: Room Search Tests queryPublicRooms called with correct server and search filter
Web Tests (0)	UNKNOWN STEP	2026-02-25T19:53:46.2905284Z 00:00 +1: Room Search Tests Pagination: since token is passed for next page
Web Tests (0)	UNKNOWN STEP	2026-02-25T19:53:46.2963430Z 00:00 +2: Room Search Tests Race condition: outdated response is discarded
Web Tests (0)	UNKNOWN STEP	2026-02-25T19:53:46.4020253Z 00:00 +3: (tearDownAll)
Web Tests (0)	UNKNOWN STEP	2026-02-25T19:53:46.4122557Z 00:00 +3: All tests passed!
Web Tests (0)	UNKNOWN STEP	2026-02-25T19:53:46.6187239Z [0;34m[INFO][0m   [0+1+1+1+1+1+1+1+1+1+1/49] test/unit/timeline_merge_test.dart
Web Tests (0)	UNKNOWN STEP	2026-02-25T19:54:06.7333651Z 00:00 +0: loading /home/runner/work/substitution/substitution/test/unit/timeline_merge_test.dart
Web Tests (0)	UNKNOWN STEP	2026-02-25T19:54:09.0817600Z 00:00 +0: Timeline Merge & Filter Logic Events from multiple rooms sorted by originServerTs descending
Web Tests (0)	UNKNOWN STEP	2026-02-25T19:54:09.0979567Z 00:00 +1: Timeline Merge & Filter Logic Only m.room.message events pass filter
Web Tests (0)	UNKNOWN STEP	2026-02-25T19:54:09.1016866Z 00:00 +2: Timeline Merge & Filter Logic Replies/threads/edits excluded by relationshipType filter
Web Tests (0)	UNKNOWN STEP	2026-02-25T19:54:09.1059231Z 00:00 +3: Timeline Merge & Filter Logic Only sender power level >= 50 events shown
Web Tests (0)	UNKNOWN STEP	2026-02-25T19:54:09.1110041Z 00:00 +4: Timeline Merge & Filter Logic Only rooms with substitution account data included
Web Tests (0)	UNKNOWN STEP	2026-02-25T19:54:09.1249616Z 00:00 +5: All tests passed!
Web Tests (0)	UNKNOWN STEP	2026-02-25T19:54:09.3243111Z [0;34m[INFO][0m   [0+1+1+1+1+1+1+1+1+1+1+1/49] test/unit/room_permissions_test.dart
Web Tests (0)	UNKNOWN STEP	2026-02-25T19:54:32.5548262Z 00:00 +0: loading /home/runner/work/substitution/substitution/test/unit/room_permissions_test.dart
Web Tests (0)	UNKNOWN STEP	2026-02-25T19:54:35.3247984Z 00:00 +0: Room Permissions Logic Tests (setUpAll)
Web Tests (0)	UNKNOWN STEP	2026-02-25T19:54:35.3425893Z [90m[🌎 Easy Localization] [DEBUG] Localization initialized[0m
Web Tests (0)	UNKNOWN STEP	2026-02-25T19:54:35.3437928Z 00:00 +0: Room Permissions Logic Tests setPower() calls room.setPower with correct userId and level
Web Tests (0)	UNKNOWN STEP	2026-02-25T19:54:35.3530002Z 00:00 +1: Room Permissions Logic Tests Blog mode updates events_default to 50
Web Tests (0)	UNKNOWN STEP	2026-02-25T19:54:35.3565786Z 00:00 +2: Room Permissions Logic Tests Community mode updates events_default to 0
Web Tests (0)	UNKNOWN STEP	2026-02-25T19:54:35.3596140Z 00:00 +3: Room Permissions Logic Tests Only room admins (power >= 100) can change permissions
Web Tests (0)	UNKNOWN STEP	2026-02-25T19:54:35.3634152Z 00:00 +4: Room Permissions Logic Tests (tearDownAll)
Web Tests (0)	UNKNOWN STEP	2026-02-25T19:54:35.3751427Z 00:00 +4: All tests passed!
Web Tests (0)	UNKNOWN STEP	2026-02-25T19:54:35.5947735Z [0;34m[INFO][0m   [0+1+1+1+1+1+1+1+1+1+1+1+1/49] test/unit/user_profile_fetch_test.dart
Web Tests (0)	UNKNOWN STEP	2026-02-25T19:54:55.7302169Z 00:00 +0: loading /home/runner/work/substitution/substitution/test/unit/user_profile_fetch_test.dart
Web Tests (0)	UNKNOWN STEP	2026-02-25T19:54:58.0201572Z 00:00 +0: User Profile Fetch client.getProfileFromUserId is called with correct userId
Web Tests (0)	UNKNOWN STEP	2026-02-25T19:54:58.0412803Z 00:00 +1: User Profile Fetch Rooms are filtered to show only rooms where user has power level >= 50
Web Tests (0)	UNKNOWN STEP	2026-02-25T19:54:58.0589090Z 00:00 +2: All tests passed!
Web Tests (0)	UNKNOWN STEP	2026-02-25T19:54:58.2737784Z [0;34m[INFO][0m   [0+1+1+1+1+1+1+1+1+1+1+1+1+1/49] test/unit/login_logic_test.dart
Web Tests (0)	UNKNOWN STEP	2026-02-25T19:55:18.4414267Z 00:00 +0: loading /home/runner/work/substitution/substitution/test/unit/login_logic_test.dart
Web Tests (0)	UNKNOWN STEP	2026-02-25T19:55:20.7905963Z 00:00 +0: (setUpAll)
Web Tests (0)	UNKNOWN STEP	2026-02-25T19:55:20.8028945Z 00:00 +0: Login Logic 1. Login call uses correct parameters
Web Tests (0)	UNKNOWN STEP	2026-02-25T19:55:20.8138911Z 00:00 +1: Login Logic 2. SSO URL is constructed correctly (generic, no provider id)
Web Tests (0)	UNKNOWN STEP	2026-02-25T19:55:20.8216297Z 00:00 +2: Login Logic 3. SSO URL includes provider id in path for provider-specific redirect
Web Tests (0)	UNKNOWN STEP	2026-02-25T19:55:20.8249142Z 00:00 +3: Login Logic 4. AuthState.ssoProviders parses identity_providers correctly
Web Tests (0)	UNKNOWN STEP	2026-02-25T19:55:20.8291042Z 00:00 +4: Login Logic 5. AuthState.hasPasswordFlow returns true when password flow present
Web Tests (0)	UNKNOWN STEP	2026-02-25T19:55:20.8318635Z 00:00 +5: Login Logic 6. AuthState.hasPasswordFlow returns false for SSO-only server
Web Tests (0)	UNKNOWN STEP	2026-02-25T19:55:20.8345589Z 00:00 +6: Login Logic 7. AuthState.hasPasswordFlow returns true when flows are not yet set
Web Tests (0)	UNKNOWN STEP	2026-02-25T19:55:20.8369827Z 00:00 +7: Login Logic 8. AuthState.ssoProviders returns single unnamed provider when identity_providers absent
Web Tests (0)	UNKNOWN STEP	2026-02-25T19:55:20.8398319Z 00:00 +8: (tearDownAll)
Web Tests (0)	UNKNOWN STEP	2026-02-25T19:55:20.8492850Z 00:00 +8: All tests passed!
Web Tests (0)	UNKNOWN STEP	2026-02-25T19:55:21.0646330Z [0;34m[INFO][0m   [0+1+1+1+1+1+1+1+1+1+1+1+1+1+1/49] test/unit/room_leave_test.dart
Web Tests (0)	UNKNOWN STEP	2026-02-25T19:55:41.2792430Z 00:00 +0: loading /home/runner/work/substitution/substitution/test/unit/room_leave_test.dart
Web Tests (0)	UNKNOWN STEP	2026-02-25T19:55:43.0309929Z 00:00 +0: (setUpAll)
Web Tests (0)	UNKNOWN STEP	2026-02-25T19:55:43.0437676Z 00:00 +0: Room Leave Tests client.leaveRoom(roomId) is called with correct room ID
Web Tests (0)	UNKNOWN STEP	2026-02-25T19:55:43.0524725Z 00:00 +1: Room Leave Tests Account data updated to remove substitution flag
Web Tests (0)	UNKNOWN STEP	2026-02-25T19:55:43.0593620Z 00:00 +2: (tearDownAll)
Web Tests (0)	UNKNOWN STEP	2026-02-25T19:55:43.0726806Z 00:00 +2: All tests passed!
Web Tests (0)	UNKNOWN STEP	2026-02-25T19:55:43.2622288Z [0;34m[INFO][0m   [0+1+1+1+1+1+1+1+1+1+1+1+1+1+1+1/49] test/unit/connectivity_service_test.dart
Web Tests (0)	UNKNOWN STEP	2026-02-25T19:55:57.6566689Z 00:00 +0: loading /home/runner/work/substitution/substitution/test/unit/connectivity_service_test.dart
Web Tests (0)	UNKNOWN STEP	2026-02-25T19:55:59.4672489Z 00:00 +0: Connectivity Service Tests isOnline returns true when connected
Web Tests (0)	UNKNOWN STEP	2026-02-25T19:55:59.4791560Z 00:00 +1: Connectivity Service Tests isOnline returns false when disconnected
Web Tests (0)	UNKNOWN STEP	2026-02-25T19:55:59.4824332Z 00:00 +2: Connectivity Service Tests Stream emits correct events on change
Web Tests (0)	UNKNOWN STEP	2026-02-25T19:55:59.5946231Z 00:00 +3: All tests passed!
Web Tests (0)	UNKNOWN STEP	2026-02-25T19:55:59.7682843Z [0;34m[INFO][0m   [0+1+1+1+1+1+1+1+1+1+1+1+1+1+1+1+1/49] test/unit/theme_service_test.dart
Web Tests (0)	UNKNOWN STEP	2026-02-25T19:56:13.2732109Z 00:00 +0: loading /home/runner/work/substitution/substitution/test/unit/theme_service_test.dart
Web Tests (0)	UNKNOWN STEP	2026-02-25T19:56:15.3483811Z 00:00 +0: (setUpAll)
Web Tests (0)	UNKNOWN STEP	2026-02-25T19:56:15.3607851Z 00:00 +0: ThemeService Default theme mode is ThemeMode.system
Web Tests (0)	UNKNOWN STEP	2026-02-25T19:56:15.3700136Z 00:00 +1: ThemeService toggleTheme() switches between light and dark
Web Tests (0)	UNKNOWN STEP	2026-02-25T19:56:15.3772351Z 00:00 +2: ThemeService setThemeMode() persists to SharedPreferences
Web Tests (0)	UNKNOWN STEP	2026-02-25T19:56:15.3821566Z 00:00 +3: ThemeService Loading from SharedPreferences restores saved theme
Web Tests (0)	UNKNOWN STEP	2026-02-25T19:56:15.3854416Z 00:00 +4: ThemeService notifyListeners() is called on change
Web Tests (0)	UNKNOWN STEP	2026-02-25T19:56:15.3893777Z 00:00 +5: (tearDownAll)
Web Tests (0)	UNKNOWN STEP	2026-02-25T19:56:15.3989092Z 00:00 +5: All tests passed!
Web Tests (0)	UNKNOWN STEP	2026-02-25T19:56:15.5807326Z [0;34m[INFO][0m   [0+1+1+1+1+1+1+1+1+1+1+1+1+1+1+1+1+1/49] test/unit/reaction_aggregation_test.dart
Web Tests (0)	UNKNOWN STEP	2026-02-25T19:56:41.8972702Z 00:00 +0: loading /home/runner/work/substitution/substitution/test/unit/reaction_aggregation_test.dart
Web Tests (0)	UNKNOWN STEP	2026-02-25T19:56:44.6004694Z 00:00 +0: (setUpAll)
Web Tests (0)	UNKNOWN STEP	2026-02-25T19:56:44.6161720Z [90m[🌎 Easy Localization] [DEBUG] Localization initialized[0m
Web Tests (0)	UNKNOWN STEP	2026-02-25T19:56:44.6176084Z 00:00 +0: Reaction Aggregation Multiple reactions with same emoji should be counted correctly
Web Tests (0)	UNKNOWN STEP	2026-02-25T19:56:44.6263213Z 00:00 +1: Reaction Aggregation User IDs should be tracked per reaction emoji
Web Tests (0)	UNKNOWN STEP	2026-02-25T19:56:44.6317626Z 00:00 +2: Reaction Aggregation Duplicate reactions from same user should be deduplicated
Web Tests (0)	UNKNOWN STEP	2026-02-25T19:56:44.6377117Z 00:00 +3: (tearDownAll)
Web Tests (0)	UNKNOWN STEP	2026-02-25T19:56:44.6480859Z 00:00 +3: All tests passed!
Web Tests (0)	UNKNOWN STEP	2026-02-25T19:56:44.8710286Z [0;34m[INFO][0m   [0+1+1+1+1+1+1+1+1+1+1+1+1+1+1+1+1+1+1/49] test/unit/key_verification_test.dart
Web Tests (0)	UNKNOWN STEP	2026-02-25T19:57:05.2321974Z 00:00 +0: loading /home/runner/work/substitution/substitution/test/unit/key_verification_test.dart
Web Tests (0)	UNKNOWN STEP	2026-02-25T19:57:07.5206365Z 00:00 +0: Key Verification Unit Tests client.userDeviceKeys returns device list
Web Tests (0)	UNKNOWN STEP	2026-02-25T19:57:07.5341780Z 00:00 +1: Key Verification Unit Tests Verification state mapping (verified, unverified, blocked)
Web Tests (0)	UNKNOWN STEP	2026-02-25T19:57:07.5377189Z 00:00 +2: Key Verification Unit Tests Device properties mapped correctly
Web Tests (0)	UNKNOWN STEP	2026-02-25T19:57:07.5526418Z 00:00 +3: All tests passed!
Web Tests (0)	UNKNOWN STEP	2026-02-25T19:57:07.7516872Z [0;34m[INFO][0m   [0+1+1+1+1+1+1+1+1+1+1+1+1+1+1+1+1+1+1+1/49] test/unit/room_join_test.dart
Web Tests (0)	UNKNOWN STEP	2026-02-25T19:57:27.9547724Z 00:00 +0: loading /home/runner/work/substitution/substitution/test/unit/room_join_test.dart
Web Tests (0)	UNKNOWN STEP	2026-02-25T19:57:30.2415560Z 00:00 +0: (setUpAll)
Web Tests (0)	UNKNOWN STEP	2026-02-25T19:57:30.2531516Z 00:00 +0: Room Join Tests client.joinRoom(roomId) is called with correct room ID
Web Tests (0)	UNKNOWN STEP	2026-02-25T19:57:30.2631873Z 00:00 +1: Room Join Tests Account data {"joined": true} set after join
Web Tests (0)	UNKNOWN STEP	2026-02-25T19:57:30.2684821Z 00:00 +2: Room Join Tests isRoomInSubstitution() returns true after join
Web Tests (0)	UNKNOWN STEP	2026-02-25T19:57:30.2744507Z 00:00 +3: (tearDownAll)
Web Tests (0)	UNKNOWN STEP	2026-02-25T19:57:30.2855829Z 00:00 +3: All tests passed!
Web Tests (0)	UNKNOWN STEP	2026-02-25T19:57:30.5009466Z [0;34m[INFO][0m   [0+1+1+1+1+1+1+1+1+1+1+1+1+1+1+1+1+1+1+1+1/49] test/unit/homeserver_validation_test.dart
Web Tests (0)	UNKNOWN STEP	2026-02-25T19:57:52.9490495Z 00:00 +0: loading /home/runner/work/substitution/substitution/test/unit/homeserver_validation_test.dart
Web Tests (0)	UNKNOWN STEP	2026-02-25T19:57:55.5970505Z 00:00 +0: (setUpAll)
Web Tests (0)	UNKNOWN STEP	2026-02-25T19:57:55.6135448Z [90m[🌎 Easy Localization] [DEBUG] Localization initialized[0m
Web Tests (0)	UNKNOWN STEP	2026-02-25T19:57:55.6152323Z 00:00 +0: Homeserver Validation 1. Valid homeserver URL makes checkHomeserver call
Web Tests (0)	UNKNOWN STEP	2026-02-25T19:57:55.6333796Z 00:00 +1: Homeserver Validation 2. Invalid URL throws exception
Web Tests (0)	UNKNOWN STEP	2026-02-25T19:57:55.6509386Z 00:00 +2: Homeserver Validation 3. Empty input validation prevents submission
Web Tests (0)	UNKNOWN STEP	2026-02-25T19:57:55.6545171Z 00:00 +3: Homeserver Validation 4. Default value is matrix.org
Web Tests (0)	UNKNOWN STEP	2026-02-25T19:57:55.6578799Z 00:00 +4: (tearDownAll)
Web Tests (0)	UNKNOWN STEP	2026-02-25T19:57:55.6711403Z 00:00 +4: All tests passed!
Web Tests (0)	UNKNOWN STEP	2026-02-25T19:57:55.8881370Z [0;34m[INFO][0m   [0+1+1+1+1+1+1+1+1+1+1+1+1+1+1+1+1+1+1+1+1+1/49] test/unit/reaction_send_test.dart
Web Tests (0)	UNKNOWN STEP	2026-02-25T19:58:18.0897213Z 00:00 +0: loading /home/runner/work/substitution/substitution/test/unit/reaction_send_test.dart
Web Tests (0)	UNKNOWN STEP	2026-02-25T19:58:20.7462342Z 00:00 +0: (setUpAll)
Web Tests (0)	UNKNOWN STEP	2026-02-25T19:58:20.7625360Z [90m[🌎 Easy Localization] [DEBUG] Localization initialized[0m
Web Tests (0)	UNKNOWN STEP	2026-02-25T19:58:20.7639215Z 00:00 +0: Reaction Send should call event.room.sendReaction with correct event ID and emoji
Web Tests (0)	UNKNOWN STEP	2026-02-25T19:58:20.7760044Z 00:00 +1: Reaction Send should map selected emoji to correct unicode key
Web Tests (0)	UNKNOWN STEP	2026-02-25T19:58:20.7819629Z 00:00 +2: (tearDownAll)
Web Tests (0)	UNKNOWN STEP	2026-02-25T19:58:20.7923270Z 00:00 +2: All tests passed!
Web Tests (0)	UNKNOWN STEP	2026-02-25T19:58:21.0153036Z [0;34m[INFO][0m   [0+1+1+1+1+1+1+1+1+1+1+1+1+1+1+1+1+1+1+1+1+1+1/49] test/unit/cache_clear_test.dart
Web Tests (0)	UNKNOWN STEP	2026-02-25T19:58:41.2005468Z 00:00 +0: loading /home/runner/work/substitution/substitution/test/unit/cache_clear_test.dart
Web Tests (0)	UNKNOWN STEP	2026-02-25T19:58:43.4740541Z 00:00 +0: Cache Clear client.logout() is called
Web Tests (0)	UNKNOWN STEP	2026-02-25T19:58:43.4980556Z 00:00 +1: Cache Clear client.database.clear() clears all data
Web Tests (0)	UNKNOWN STEP	2026-02-25T19:58:43.5048156Z 00:00 +2: Cache Clear After cache clear, client.isLogged() returns false
Web Tests (0)	UNKNOWN STEP	2026-02-25T19:58:43.5179585Z 00:00 +3: All tests passed!
Web Tests (0)	UNKNOWN STEP	2026-02-25T19:58:43.7208064Z [0;34m[INFO][0m   [0+1+1+1+1+1+1+1+1+1+1+1+1+1+1+1+1+1+1+1+1+1+1+1/49] test/settings_ownfeeds_test.dart
Web Tests (0)	UNKNOWN STEP	2026-02-25T19:59:06.4281842Z 00:00 +0: loading /home/runner/work/substitution/substitution/test/settings_ownfeeds_test.dart
Web Tests (0)	UNKNOWN STEP	2026-02-25T19:59:09.1633978Z 00:00 +0: (setUpAll)
Web Tests (0)	UNKNOWN STEP	2026-02-25T19:59:09.1801126Z [90m[🌎 Easy Localization] [DEBUG] Localization initialized[0m
Web Tests (0)	UNKNOWN STEP	2026-02-25T19:59:09.1811669Z 00:00 +0: OwnFeedSettings smoke test
Web Tests (0)	UNKNOWN STEP	2026-02-25T19:59:09.4853433Z [90m[🌎 Easy Localization] [DEBUG] Start[0m
Web Tests (0)	UNKNOWN STEP	2026-02-25T19:59:09.4859423Z [90m[🌎 Easy Localization] [DEBUG] Init state[0m
Web Tests (0)	UNKNOWN STEP	2026-02-25T19:59:09.4860328Z [90m[🌎 Easy Localization] [DEBUG] Build[0m
Web Tests (0)	UNKNOWN STEP	2026-02-25T19:59:09.4861250Z [90m[🌎 Easy Localization] [DEBUG] Init Localization Delegate[0m
Web Tests (0)	UNKNOWN STEP	2026-02-25T19:59:09.4862283Z [90m[🌎 Easy Localization] [DEBUG] Init provider[0m
Web Tests (0)	UNKNOWN STEP	2026-02-25T19:59:09.4863378Z [34m[🌎 Easy Localization] [WARNING] Localization key [settings.ownfeeds.header] not found[0m
Web Tests (0)	UNKNOWN STEP	2026-02-25T19:59:09.4864819Z [34m[🌎 Easy Localization] [WARNING] Localization key [settings.ownfeeds.buttons.create_room] not found[0m
Web Tests (0)	UNKNOWN STEP	2026-02-25T19:59:09.4867719Z 00:00 +1: (tearDownAll)
Web Tests (0)	UNKNOWN STEP	2026-02-25T19:59:09.4965677Z 00:00 +1: All tests passed!
Web Tests (0)	UNKNOWN STEP	2026-02-25T19:59:09.7159074Z [0;34m[INFO][0m   [0+1+1+1+1+1+1+1+1+1+1+1+1+1+1+1+1+1+1+1+1+1+1+1+1/49] test/feed_home_test.dart
Web Tests (0)	UNKNOWN STEP	2026-02-25T19:59:34.8559352Z 00:00 +0: loading /home/runner/work/substitution/substitution/test/feed_home_test.dart
Web Tests (0)	UNKNOWN STEP	2026-02-25T19:59:37.8704153Z 00:00 +0: (setUpAll)
Web Tests (0)	UNKNOWN STEP	2026-02-25T19:59:37.8869070Z [90m[🌎 Easy Localization] [DEBUG] Localization initialized[0m
Web Tests (0)	UNKNOWN STEP	2026-02-25T19:59:37.8879957Z 00:00 +0: HomePage (Feed) smoke test
Web Tests (0)	UNKNOWN STEP	2026-02-25T19:59:38.2788814Z [90m[🌎 Easy Localization] [DEBUG] Start[0m
Web Tests (0)	UNKNOWN STEP	2026-02-25T19:59:38.2793404Z [90m[🌎 Easy Localization] [DEBUG] Init state[0m
Web Tests (0)	UNKNOWN STEP	2026-02-25T19:59:38.2795305Z [90m[🌎 Easy Localization] [DEBUG] Build[0m
Web Tests (0)	UNKNOWN STEP	2026-02-25T19:59:38.2801276Z [90m[🌎 Easy Localization] [DEBUG] Init Localization Delegate[0m
Web Tests (0)	UNKNOWN STEP	2026-02-25T19:59:38.2802172Z [90m[🌎 Easy Localization] [DEBUG] Init provider[0m
Web Tests (0)	UNKNOWN STEP	2026-02-25T19:59:38.2802756Z start quering new events...
Web Tests (0)	UNKNOWN STEP	2026-02-25T19:59:38.2803170Z finished...
Web Tests (0)	UNKNOWN STEP	2026-02-25T19:59:38.2803480Z ret is empty...
Web Tests (0)	UNKNOWN STEP	2026-02-25T19:59:38.2803789Z no new things to append...
Web Tests (0)	UNKNOWN STEP	2026-02-25T19:59:38.2804805Z [34m[🌎 Easy Localization] [WARNING] Localization key [feed.pages.home.empty] not found[0m
Web Tests (0)	UNKNOWN STEP	2026-02-25T19:59:38.2806352Z [34m[🌎 Easy Localization] [WARNING] Localization key [feed.pages.home.empty_button] not found[0m
Web Tests (0)	UNKNOWN STEP	2026-02-25T19:59:38.2807811Z 00:00 +1: (tearDownAll)
Web Tests (0)	UNKNOWN STEP	2026-02-25T19:59:38.2908575Z 00:00 +1: All tests passed!
Web Tests (0)	UNKNOWN STEP	2026-02-25T19:59:38.5093056Z [0;34m[INFO][0m   [0+1+1+1+1+1+1+1+1+1+1+1+1+1+1+1+1+1+1+1+1+1+1+1+1+1/49] test/feed/home_page_test.dart
Web Tests (0)	UNKNOWN STEP	2026-02-25T20:00:03.0191652Z 00:00 +0: loading /home/runner/work/substitution/substitution/test/feed/home_page_test.dart
Web Tests (0)	UNKNOWN STEP	2026-02-25T20:00:06.0721257Z 00:00 +0: (setUpAll)
Web Tests (0)	UNKNOWN STEP	2026-02-25T20:00:06.0871126Z [90m[🌎 Easy Localization] [DEBUG] Localization initialized[0m
Web Tests (0)	UNKNOWN STEP	2026-02-25T20:00:06.0882196Z 00:00 +0: HomePage (Unified Timeline) Smoke test: HomePage renders
Web Tests (0)	UNKNOWN STEP	2026-02-25T20:00:06.4688675Z [90m[🌎 Easy Localization] [DEBUG] Start[0m
Web Tests (0)	UNKNOWN STEP	2026-02-25T20:00:06.4694789Z [90m[🌎 Easy Localization] [DEBUG] Init state[0m
Web Tests (0)	UNKNOWN STEP	2026-02-25T20:00:06.4695845Z [90m[🌎 Easy Localization] [DEBUG] Build[0m
Web Tests (0)	UNKNOWN STEP	2026-02-25T20:00:06.4696567Z [90m[🌎 Easy Localization] [DEBUG] Init Localization Delegate[0m
Web Tests (0)	UNKNOWN STEP	2026-02-25T20:00:06.4697330Z [90m[🌎 Easy Localization] [DEBUG] Init provider[0m
Web Tests (0)	UNKNOWN STEP	2026-02-25T20:00:06.4698039Z start quering new events...
Web Tests (0)	UNKNOWN STEP	2026-02-25T20:00:06.4725534Z finished...
Web Tests (0)	UNKNOWN STEP	2026-02-25T20:00:06.4726264Z ret is empty...
Web Tests (0)	UNKNOWN STEP	2026-02-25T20:00:06.4726717Z no new things to append...
Web Tests (0)	UNKNOWN STEP	2026-02-25T20:00:06.4727712Z [34m[🌎 Easy Localization] [WARNING] Localization key [feed.pages.home.empty] not found[0m
Web Tests (0)	UNKNOWN STEP	2026-02-25T20:00:06.4731523Z [34m[🌎 Easy Localization] [WARNING] Localization key [feed.pages.home.empty_button] not found[0m
Web Tests (0)	UNKNOWN STEP	2026-02-25T20:00:06.4734719Z 00:00 +1: HomePage (Unified Timeline) Posts from multiple rooms appear in chronological order
Web Tests (0)	UNKNOWN STEP	2026-02-25T20:00:06.5063347Z 00:00 +2: HomePage (Unified Timeline) HomePage title and structure present
Web Tests (0)	UNKNOWN STEP	2026-02-25T20:00:06.6127419Z [90m[🌎 Easy Localization] [DEBUG] Start[0m
Web Tests (0)	UNKNOWN STEP	2026-02-25T20:00:06.6128406Z [90m[🌎 Easy Localization] [DEBUG] Init state[0m
Web Tests (0)	UNKNOWN STEP	2026-02-25T20:00:06.6132555Z [90m[🌎 Easy Localization] [DEBUG] Build[0m
Web Tests (0)	UNKNOWN STEP	2026-02-25T20:00:06.6133509Z [90m[🌎 Easy Localization] [DEBUG] Init Localization Delegate[0m
Web Tests (0)	UNKNOWN STEP	2026-02-25T20:00:06.6134536Z [90m[🌎 Easy Localization] [DEBUG] Init provider[0m
Web Tests (0)	UNKNOWN STEP	2026-02-25T20:00:06.6135585Z start quering new events...
Web Tests (0)	UNKNOWN STEP	2026-02-25T20:00:06.6136098Z finished...
Web Tests (0)	UNKNOWN STEP	2026-02-25T20:00:06.6136482Z ret is empty...
Web Tests (0)	UNKNOWN STEP	2026-02-25T20:00:06.6137151Z no new things to append...
Web Tests (0)	UNKNOWN STEP	2026-02-25T20:00:06.6138899Z [34m[🌎 Easy Localization] [WARNING] Localization key [feed.pages.home.empty] not found[0m
Web Tests (0)	UNKNOWN STEP	2026-02-25T20:00:06.6140137Z [34m[🌎 Easy Localization] [WARNING] Localization key [feed.pages.home.empty_button] not found[0m
Web Tests (0)	UNKNOWN STEP	2026-02-25T20:00:06.6143706Z 00:00 +3: HomePage (Unified Timeline) Verify HomePage uses RefreshIndicator for pull-to-refresh
Web Tests (0)	UNKNOWN STEP	2026-02-25T20:00:06.7188432Z [90m[🌎 Easy Localization] [DEBUG] Start[0m
Web Tests (0)	UNKNOWN STEP	2026-02-25T20:00:06.7189919Z [90m[🌎 Easy Localization] [DEBUG] Init state[0m
Web Tests (0)	UNKNOWN STEP	2026-02-25T20:00:06.7190643Z [90m[🌎 Easy Localization] [DEBUG] Build[0m
Web Tests (0)	UNKNOWN STEP	2026-02-25T20:00:06.7191921Z [90m[🌎 Easy Localization] [DEBUG] Init Localization Delegate[0m
Web Tests (0)	UNKNOWN STEP	2026-02-25T20:00:06.7192783Z [90m[🌎 Easy Localization] [DEBUG] Init provider[0m
Web Tests (0)	UNKNOWN STEP	2026-02-25T20:00:06.7193398Z start quering new events...
Web Tests (0)	UNKNOWN STEP	2026-02-25T20:00:06.7194211Z finished...
Web Tests (0)	UNKNOWN STEP	2026-02-25T20:00:06.7194920Z ret is empty...
Web Tests (0)	UNKNOWN STEP	2026-02-25T20:00:06.7198264Z no new things to append...
Web Tests (0)	UNKNOWN STEP	2026-02-25T20:00:06.7200931Z [34m[🌎 Easy Localization] [WARNING] Localization key [feed.pages.home.empty] not found[0m
Web Tests (0)	UNKNOWN STEP	2026-02-25T20:00:06.7202238Z [34m[🌎 Easy Localization] [WARNING] Localization key [feed.pages.home.empty_button] not found[0m
Web Tests (0)	UNKNOWN STEP	2026-02-25T20:00:06.7203759Z 00:00 +4: HomePage (Unified Timeline) HomePage initializes with PagingController for infinite scroll
Web Tests (0)	UNKNOWN STEP	2026-02-25T20:00:06.8143282Z [90m[🌎 Easy Localization] [DEBUG] Start[0m
Web Tests (0)	UNKNOWN STEP	2026-02-25T20:00:06.8147220Z [90m[🌎 Easy Localization] [DEBUG] Init state[0m
Web Tests (0)	UNKNOWN STEP	2026-02-25T20:00:06.8148155Z [90m[🌎 Easy Localization] [DEBUG] Build[0m
Web Tests (0)	UNKNOWN STEP	2026-02-25T20:00:06.8149230Z [90m[🌎 Easy Localization] [DEBUG] Init Localization Delegate[0m
Web Tests (0)	UNKNOWN STEP	2026-02-25T20:00:06.8154117Z [90m[🌎 Easy Localization] [DEBUG] Init provider[0m
Web Tests (0)	UNKNOWN STEP	2026-02-25T20:00:06.8155570Z start quering new events...
Web Tests (0)	UNKNOWN STEP	2026-02-25T20:00:06.8157075Z finished...
Web Tests (0)	UNKNOWN STEP	2026-02-25T20:00:06.8157422Z ret is empty...
Web Tests (0)	UNKNOWN STEP	2026-02-25T20:00:06.8157765Z no new things to append...
Web Tests (0)	UNKNOWN STEP	2026-02-25T20:00:06.8158647Z [34m[🌎 Easy Localization] [WARNING] Localization key [feed.pages.home.empty] not found[0m
Web Tests (0)	UNKNOWN STEP	2026-02-25T20:00:06.8159927Z [34m[🌎 Easy Localization] [WARNING] Localization key [feed.pages.home.empty_button] not found[0m
Web Tests (0)	UNKNOWN STEP	2026-02-25T20:00:06.8161100Z 00:00 +5: HomePage (Unified Timeline) Empty feed shows "find new rooms" action
Web Tests (0)	UNKNOWN STEP	2026-02-25T20:00:06.9143146Z [90m[🌎 Easy Localization] [DEBUG] Start[0m
Web Tests (0)	UNKNOWN STEP	2026-02-25T20:00:06.9154082Z [90m[🌎 Easy Localization] [DEBUG] Init state[0m
Web Tests (0)	UNKNOWN STEP	2026-02-25T20:00:06.9154859Z [90m[🌎 Easy Localization] [DEBUG] Build[0m
Web Tests (0)	UNKNOWN STEP	2026-02-25T20:00:06.9159814Z [90m[🌎 Easy Localization] [DEBUG] Init Localization Delegate[0m
Web Tests (0)	UNKNOWN STEP	2026-02-25T20:00:06.9160549Z [90m[🌎 Easy Localization] [DEBUG] Init provider[0m
Web Tests (0)	UNKNOWN STEP	2026-02-25T20:00:06.9161016Z start quering new events...
Web Tests (0)	UNKNOWN STEP	2026-02-25T20:00:06.9161346Z finished...
Web Tests (0)	UNKNOWN STEP	2026-02-25T20:00:06.9162067Z ret is empty...
Web Tests (0)	UNKNOWN STEP	2026-02-25T20:00:06.9162371Z no new things to append...
Web Tests (0)	UNKNOWN STEP	2026-02-25T20:00:06.9163091Z [34m[🌎 Easy Localization] [WARNING] Localization key [feed.pages.home.empty] not found[0m
Web Tests (0)	UNKNOWN STEP	2026-02-25T20:00:06.9164165Z [34m[🌎 Easy Localization] [WARNING] Localization key [feed.pages.home.empty_button] not found[0m
Web Tests (0)	UNKNOWN STEP	2026-02-25T20:00:06.9165368Z 00:00 +6: HomePage (Unified Timeline) Feed with followed rooms but no events shows empty state
Web Tests (0)	UNKNOWN STEP	2026-02-25T20:00:07.0189606Z [90m[🌎 Easy Localization] [DEBUG] Start[0m
Web Tests (0)	UNKNOWN STEP	2026-02-25T20:00:07.0190653Z [90m[🌎 Easy Localization] [DEBUG] Init state[0m
Web Tests (0)	UNKNOWN STEP	2026-02-25T20:00:07.0191875Z [90m[🌎 Easy Localization] [DEBUG] Build[0m
Web Tests (0)	UNKNOWN STEP	2026-02-25T20:00:07.0195217Z [90m[🌎 Easy Localization] [DEBUG] Init Localization Delegate[0m
Web Tests (0)	UNKNOWN STEP	2026-02-25T20:00:07.0197121Z [90m[🌎 Easy Localization] [DEBUG] Init provider[0m
Web Tests (0)	UNKNOWN STEP	2026-02-25T20:00:07.0197714Z checking room Empty Room id: !empty:matrix.org
Web Tests (0)	UNKNOWN STEP	2026-02-25T20:00:07.0198292Z --- adding room Empty Room id: !empty:matrix.org
Web Tests (0)	UNKNOWN STEP	2026-02-25T20:00:07.0198847Z start quering new events...
Web Tests (0)	UNKNOWN STEP	2026-02-25T20:00:07.0199488Z cannot request more history... events.isEmpty? true, room.prev_batch: null
Web Tests (0)	UNKNOWN STEP	2026-02-25T20:00:07.0200164Z finished...
Web Tests (0)	UNKNOWN STEP	2026-02-25T20:00:07.0200666Z ret is empty...
Web Tests (0)	UNKNOWN STEP	2026-02-25T20:00:07.0202596Z no new things to append...
Web Tests (0)	UNKNOWN STEP	2026-02-25T20:00:07.0203532Z [34m[🌎 Easy Localization] [WARNING] Localization key [feed.pages.home.empty] not found[0m
Web Tests (0)	UNKNOWN STEP	2026-02-25T20:00:07.0205131Z [34m[🌎 Easy Localization] [WARNING] Localization key [feed.pages.home.empty_button] not found[0m
Web Tests (0)	UNKNOWN STEP	2026-02-25T20:00:07.0209035Z 00:00 +7: (tearDownAll)
Web Tests (0)	UNKNOWN STEP	2026-02-25T20:00:07.0308411Z 00:00 +7: All tests passed!
Web Tests (0)	UNKNOWN STEP	2026-02-25T20:00:07.2643277Z [0;34m[INFO][0m   [0+1+1+1+1+1+1+1+1+1+1+1+1+1+1+1+1+1+1+1+1+1+1+1+1+1+1/49] test/feed/room_feed_test.dart
Web Tests (0)	UNKNOWN STEP	2026-02-25T20:00:31.6960696Z 00:00 +0: loading /home/runner/work/substitution/substitution/test/feed/room_feed_test.dart
Web Tests (0)	UNKNOWN STEP	2026-02-25T20:00:34.8038607Z 00:00 +0: (setUpAll)
Web Tests (0)	UNKNOWN STEP	2026-02-25T20:00:34.8200808Z [90m[🌎 Easy Localization] [DEBUG] Localization initialized[0m
Web Tests (0)	UNKNOWN STEP	2026-02-25T20:00:34.8211617Z 00:00 +0: Room Feed Isolation Tests Smoke: HomePage can be instantiated with roomId parameter
Web Tests (0)	UNKNOWN STEP	2026-02-25T20:00:34.9189388Z 00:00 +1: Room Feed Isolation Tests HomePage with null roomId shows unified timeline
Web Tests (0)	UNKNOWN STEP	2026-02-25T20:00:34.9347536Z 00:00 +2: Room Feed Isolation Tests HomePage roomId parameter is passed correctly
Web Tests (0)	UNKNOWN STEP	2026-02-25T20:00:34.9483723Z 00:00 +3: Room Feed Isolation Tests HomePage exists and is a StatefulWidget
Web Tests (0)	UNKNOWN STEP	2026-02-25T20:00:34.9600175Z 00:00 +4: (tearDownAll)
Web Tests (0)	UNKNOWN STEP	2026-02-25T20:00:34.9693742Z 00:00 +4: All tests passed!
Web Tests (0)	UNKNOWN STEP	2026-02-25T20:00:35.2222489Z [0;34m[INFO][0m   [0+1+1+1+1+1+1+1+1+1+1+1+1+1+1+1+1+1+1+1+1+1+1+1+1+1+1+1/49] test/feed/offline_mode_test.dart
Web Tests (0)	UNKNOWN STEP	2026-02-25T20:00:55.8199289Z 00:00 +0: loading /home/runner/work/substitution/substitution/test/feed/offline_mode_test.dart
Web Tests (0)	UNKNOWN STEP	2026-02-25T20:00:58.4516636Z 00:00 +0: Offline Mode Widget Tests When offline, cached posts are still displayed
Web Tests (0)	UNKNOWN STEP	2026-02-25T20:00:58.7672161Z 00:00 +1: Offline Mode Widget Tests When offline, "offline" banner is shown
Web Tests (0)	UNKNOWN STEP	2026-02-25T20:00:58.8850966Z 00:00 +2: Offline Mode Widget Tests When coming back online, new posts are fetched
Web Tests (0)	UNKNOWN STEP	2026-02-25T20:00:58.9573963Z 00:00 +3: Offline Mode Widget Tests Network failure with cached data shows error indicator
Web Tests (0)	UNKNOWN STEP	2026-02-25T20:00:59.0424868Z 00:00 +4: All tests passed!
Web Tests (0)	UNKNOWN STEP	2026-02-25T20:00:59.2484127Z [0;34m[INFO][0m   [0+1+1+1+1+1+1+1+1+1+1+1+1+1+1+1+1+1+1+1+1+1+1+1+1+1+1+1+1/49] test/feed/infinite_scroll_test.dart
Web Tests (0)	UNKNOWN STEP	2026-02-25T20:01:26.0584159Z 00:00 +0: loading /home/runner/work/substitution/substitution/test/feed/infinite_scroll_test.dart
Web Tests (0)	UNKNOWN STEP	2026-02-25T20:01:29.1251277Z 00:00 +0: (setUpAll)
Web Tests (0)	UNKNOWN STEP	2026-02-25T20:01:29.1403012Z [90m[🌎 Easy Localization] [DEBUG] Localization initialized[0m
Web Tests (0)	UNKNOWN STEP	2026-02-25T20:01:29.1414147Z 00:00 +0: Infinite Scroll Pagination Initial load fetches first page via PagingController
Web Tests (0)	UNKNOWN STEP	2026-02-25T20:01:29.5238616Z [90m[🌎 Easy Localization] [DEBUG] Start[0m
Web Tests (0)	UNKNOWN STEP	2026-02-25T20:01:29.5243884Z [90m[🌎 Easy Localization] [DEBUG] Init state[0m
Web Tests (0)	UNKNOWN STEP	2026-02-25T20:01:29.5247852Z [90m[🌎 Easy Localization] [DEBUG] Build[0m
Web Tests (0)	UNKNOWN STEP	2026-02-25T20:01:29.5248810Z [90m[🌎 Easy Localization] [DEBUG] Init Localization Delegate[0m
Web Tests (0)	UNKNOWN STEP	2026-02-25T20:01:29.5249812Z [90m[🌎 Easy Localization] [DEBUG] Init provider[0m
Web Tests (0)	UNKNOWN STEP	2026-02-25T20:01:29.5250539Z start quering new events...
Web Tests (0)	UNKNOWN STEP	2026-02-25T20:01:29.5251074Z finished...
Web Tests (0)	UNKNOWN STEP	2026-02-25T20:01:29.5251493Z ret is empty...
Web Tests (0)	UNKNOWN STEP	2026-02-25T20:01:29.5252083Z no new things to append...
Web Tests (0)	UNKNOWN STEP	2026-02-25T20:01:29.5253204Z [34m[🌎 Easy Localization] [WARNING] Localization key [feed.pages.home.empty] not found[0m
Web Tests (0)	UNKNOWN STEP	2026-02-25T20:01:29.5254477Z [34m[🌎 Easy Localization] [WARNING] Localization key [feed.pages.home.empty_button] not found[0m
Web Tests (0)	UNKNOWN STEP	2026-02-25T20:01:29.5257938Z 00:00 +1: Infinite Scroll Pagination PagedListView is present for infinite scroll
Web Tests (0)	UNKNOWN STEP	2026-02-25T20:01:29.6317169Z [90m[🌎 Easy Localization] [DEBUG] Start[0m
Web Tests (0)	UNKNOWN STEP	2026-02-25T20:01:29.6320146Z [90m[🌎 Easy Localization] [DEBUG] Init state[0m
Web Tests (0)	UNKNOWN STEP	2026-02-25T20:01:29.6321176Z [90m[🌎 Easy Localization] [DEBUG] Build[0m
Web Tests (0)	UNKNOWN STEP	2026-02-25T20:01:29.6321955Z [90m[🌎 Easy Localization] [DEBUG] Init Localization Delegate[0m
Web Tests (0)	UNKNOWN STEP	2026-02-25T20:01:29.6322779Z [90m[🌎 Easy Localization] [DEBUG] Init provider[0m
Web Tests (0)	UNKNOWN STEP	2026-02-25T20:01:29.6323335Z start quering new events...
Web Tests (0)	UNKNOWN STEP	2026-02-25T20:01:29.6323740Z finished...
Web Tests (0)	UNKNOWN STEP	2026-02-25T20:01:29.6324021Z ret is empty...
Web Tests (0)	UNKNOWN STEP	2026-02-25T20:01:29.6324230Z no new things to append...
Web Tests (0)	UNKNOWN STEP	2026-02-25T20:01:29.6327638Z [34m[🌎 Easy Localization] [WARNING] Localization key [feed.pages.home.empty] not found[0m
Web Tests (0)	UNKNOWN STEP	2026-02-25T20:01:29.6329384Z [34m[🌎 Easy Localization] [WARNING] Localization key [feed.pages.home.empty_button] not found[0m
Web Tests (0)	UNKNOWN STEP	2026-02-25T20:01:29.6332360Z 00:00 +2: Infinite Scroll Pagination Loading indicator visible during fetch
Web Tests (0)	UNKNOWN STEP	2026-02-25T20:01:29.7064580Z [90m[🌎 Easy Localization] [DEBUG] Start[0m
Web Tests (0)	UNKNOWN STEP	2026-02-25T20:01:29.7065402Z [90m[🌎 Easy Localization] [DEBUG] Init state[0m
Web Tests (0)	UNKNOWN STEP	2026-02-25T20:01:29.7065779Z [90m[🌎 Easy Localization] [DEBUG] Build[0m
Web Tests (0)	UNKNOWN STEP	2026-02-25T20:01:29.7067060Z [90m[🌎 Easy Localization] [DEBUG] Init Localization Delegate[0m
Web Tests (0)	UNKNOWN STEP	2026-02-25T20:01:29.7067920Z [90m[🌎 Easy Localization] [DEBUG] Init provider[0m
Web Tests (0)	UNKNOWN STEP	2026-02-25T20:01:29.7068723Z start quering new events...
Web Tests (0)	UNKNOWN STEP	2026-02-25T20:01:29.7069581Z finished...
Web Tests (0)	UNKNOWN STEP	2026-02-25T20:01:29.7070477Z ret is empty...
Web Tests (0)	UNKNOWN STEP	2026-02-25T20:01:29.7071491Z no new things to append...
Web Tests (0)	UNKNOWN STEP	2026-02-25T20:01:29.7075886Z 00:00 +3: Infinite Scroll Pagination No loading indicator when no more events
Web Tests (0)	UNKNOWN STEP	2026-02-25T20:01:29.8111366Z [90m[🌎 Easy Localization] [DEBUG] Start[0m
Web Tests (0)	UNKNOWN STEP	2026-02-25T20:01:29.8112969Z [90m[🌎 Easy Localization] [DEBUG] Init state[0m
Web Tests (0)	UNKNOWN STEP	2026-02-25T20:01:29.8114360Z [90m[🌎 Easy Localization] [DEBUG] Build[0m
Web Tests (0)	UNKNOWN STEP	2026-02-25T20:01:29.8117399Z [90m[🌎 Easy Localization] [DEBUG] Init Localization Delegate[0m
Web Tests (0)	UNKNOWN STEP	2026-02-25T20:01:29.8126655Z [90m[🌎 Easy Localization] [DEBUG] Init provider[0m
Web Tests (0)	UNKNOWN STEP	2026-02-25T20:01:29.8127348Z start quering new events...
Web Tests (0)	UNKNOWN STEP	2026-02-25T20:01:29.8127832Z finished...
Web Tests (0)	UNKNOWN STEP	2026-02-25T20:01:29.8128328Z ret is empty...
Web Tests (0)	UNKNOWN STEP	2026-02-25T20:01:29.8129223Z no new things to append...
Web Tests (0)	UNKNOWN STEP	2026-02-25T20:01:29.8130207Z [34m[🌎 Easy Localization] [WARNING] Localization key [feed.pages.home.empty] not found[0m
Web Tests (0)	UNKNOWN STEP	2026-02-25T20:01:29.8131448Z [34m[🌎 Easy Localization] [WARNING] Localization key [feed.pages.home.empty_button] not found[0m
Web Tests (0)	UNKNOWN STEP	2026-02-25T20:01:29.8216306Z 00:00 +4: Infinite Scroll Pagination RefreshIndicator available for manual refresh
Web Tests (0)	UNKNOWN STEP	2026-02-25T20:01:29.9107459Z [90m[🌎 Easy Localization] [DEBUG] Start[0m
Web Tests (0)	UNKNOWN STEP	2026-02-25T20:01:29.9110874Z [90m[🌎 Easy Localization] [DEBUG] Init state[0m
Web Tests (0)	UNKNOWN STEP	2026-02-25T20:01:29.9112282Z [90m[🌎 Easy Localization] [DEBUG] Build[0m
Web Tests (0)	UNKNOWN STEP	2026-02-25T20:01:29.9116309Z [90m[🌎 Easy Localization] [DEBUG] Init Localization Delegate[0m
Web Tests (0)	UNKNOWN STEP	2026-02-25T20:01:29.9117217Z [90m[🌎 Easy Localization] [DEBUG] Init provider[0m
Web Tests (0)	UNKNOWN STEP	2026-02-25T20:01:29.9117809Z start quering new events...
Web Tests (0)	UNKNOWN STEP	2026-02-25T20:01:29.9118230Z finished...
Web Tests (0)	UNKNOWN STEP	2026-02-25T20:01:29.9118555Z ret is empty...
Web Tests (0)	UNKNOWN STEP	2026-02-25T20:01:29.9118963Z no new things to append...
Web Tests (0)	UNKNOWN STEP	2026-02-25T20:01:29.9120111Z [34m[🌎 Easy Localization] [WARNING] Localization key [feed.pages.home.empty] not found[0m
Web Tests (0)	UNKNOWN STEP	2026-02-25T20:01:29.9121290Z [34m[🌎 Easy Localization] [WARNING] Localization key [feed.pages.home.empty_button] not found[0m
Web Tests (0)	UNKNOWN STEP	2026-02-25T20:01:29.9124308Z 00:00 +5: (tearDownAll)
Web Tests (0)	UNKNOWN STEP	2026-02-25T20:01:29.9233011Z 00:00 +5: All tests passed!
Web Tests (0)	UNKNOWN STEP	2026-02-25T20:01:30.1679832Z [0;34m[INFO][0m   [0+1+1+1+1+1+1+1+1+1+1+1+1+1+1+1+1+1+1+1+1+1+1+1+1+1+1+1+1+1/49] test/post/comment_threading_test.dart
Web Tests (0)	UNKNOWN STEP	2026-02-25T20:01:54.2689532Z 00:00 +0: loading /home/runner/work/substitution/substitution/test/post/comment_threading_test.dart
Web Tests (0)	UNKNOWN STEP	2026-02-25T20:01:57.2991079Z 00:00 +0: (setUpAll)
Web Tests (0)	UNKNOWN STEP	2026-02-25T20:01:57.3162039Z [90m[🌎 Easy Localization] [DEBUG] Localization initialized[0m
Web Tests (0)	UNKNOWN STEP	2026-02-25T20:01:57.3174228Z 00:00 +0: CommentWidget Threading Behavior CommentWidget renders correctly
Web Tests (0)	UNKNOWN STEP	2026-02-25T20:01:57.7291323Z [90m[🌎 Easy Localization] [DEBUG] Start[0m
Web Tests (0)	UNKNOWN STEP	2026-02-25T20:01:57.7297757Z [90m[🌎 Easy Localization] [DEBUG] Init state[0m
Web Tests (0)	UNKNOWN STEP	2026-02-25T20:01:57.7298550Z [90m[🌎 Easy Localization] [DEBUG] Build[0m
Web Tests (0)	UNKNOWN STEP	2026-02-25T20:01:57.7299527Z [90m[🌎 Easy Localization] [DEBUG] Init Localization Delegate[0m
Web Tests (0)	UNKNOWN STEP	2026-02-25T20:01:57.7300389Z [90m[🌎 Easy Localization] [DEBUG] Init provider[0m
Web Tests (0)	UNKNOWN STEP	2026-02-25T20:01:57.7301048Z start getting reactions
Web Tests (0)	UNKNOWN STEP	2026-02-25T20:01:57.7305413Z 00:00 +1: CommentWidget Threading Behavior CommentWidget has reply and reaction buttons
Web Tests (0)	UNKNOWN STEP	2026-02-25T20:01:57.8590189Z [90m[🌎 Easy Localization] [DEBUG] Start[0m
Web Tests (0)	UNKNOWN STEP	2026-02-25T20:01:57.8592325Z [90m[🌎 Easy Localization] [DEBUG] Init state[0m
Web Tests (0)	UNKNOWN STEP	2026-02-25T20:01:57.8593363Z [90m[🌎 Easy Localization] [DEBUG] Build[0m
Web Tests (0)	UNKNOWN STEP	2026-02-25T20:01:57.8594185Z [90m[🌎 Easy Localization] [DEBUG] Init Localization Delegate[0m
Web Tests (0)	UNKNOWN STEP	2026-02-25T20:01:57.8595184Z [90m[🌎 Easy Localization] [DEBUG] Init provider[0m
Web Tests (0)	UNKNOWN STEP	2026-02-25T20:01:57.8595743Z start getting reactions
Web Tests (0)	UNKNOWN STEP	2026-02-25T20:01:57.8598404Z 00:00 +2: CommentWidget Threading Behavior CommentWidget can be toggled (collapsed/expanded)
Web Tests (0)	UNKNOWN STEP	2026-02-25T20:01:57.9991686Z [90m[🌎 Easy Localization] [DEBUG] Start[0m
Web Tests (0)	UNKNOWN STEP	2026-02-25T20:01:57.9992811Z [90m[🌎 Easy Localization] [DEBUG] Init state[0m
Web Tests (0)	UNKNOWN STEP	2026-02-25T20:01:58.0019350Z [90m[🌎 Easy Localization] [DEBUG] Build[0m
Web Tests (0)	UNKNOWN STEP	2026-02-25T20:01:58.0020561Z [90m[🌎 Easy Localization] [DEBUG] Init Localization Delegate[0m
Web Tests (0)	UNKNOWN STEP	2026-02-25T20:01:58.0021278Z [90m[🌎 Easy Localization] [DEBUG] Init provider[0m
Web Tests (0)	UNKNOWN STEP	2026-02-25T20:01:58.0021744Z start getting reactions
Web Tests (0)	UNKNOWN STEP	2026-02-25T20:01:58.0022062Z 00:00 +3: (tearDownAll)
Web Tests (0)	UNKNOWN STEP	2026-02-25T20:01:58.0278144Z 00:00 +3: All tests passed!
Web Tests (0)	UNKNOWN STEP	2026-02-25T20:01:58.2580298Z [0;34m[INFO][0m   [0+1+1+1+1+1+1+1+1+1+1+1+1+1+1+1+1+1+1+1+1+1+1+1+1+1+1+1+1+1+1/49] test/post/avatar_tap_test.dart
Web Tests (0)	UNKNOWN STEP	2026-02-25T20:02:19.1050896Z 00:00 +0: loading /home/runner/work/substitution/substitution/test/post/avatar_tap_test.dart
Web Tests (0)	UNKNOWN STEP	2026-02-25T20:02:21.7744368Z 00:00 +0: Avatar Tap Tests Tapping avatar on PostWidget navigates to /profile/:userId
Web Tests (0)	UNKNOWN STEP	2026-02-25T20:02:22.1623284Z 00:00 +1: Avatar Tap Tests Tapping avatar on CommentWidget navigates to /profile/:userId
Web Tests (0)	UNKNOWN STEP	2026-02-25T20:02:22.3021585Z 00:00 +2: All tests passed!
Web Tests (0)	UNKNOWN STEP	2026-02-25T20:02:22.5123852Z [0;34m[INFO][0m   [0+1+1+1+1+1+1+1+1+1+1+1+1+1+1+1+1+1+1+1+1+1+1+1+1+1+1+1+1+1+1+1/49] test/post/file_display_test.dart
Web Tests (0)	UNKNOWN STEP	2026-02-25T20:02:45.2801230Z 00:00 +0: loading /home/runner/work/substitution/substitution/test/post/file_display_test.dart
Web Tests (0)	UNKNOWN STEP	2026-02-25T20:02:48.0202871Z 00:00 +0: (setUpAll)
Web Tests (0)	UNKNOWN STEP	2026-02-25T20:02:48.0373432Z [90m[🌎 Easy Localization] [DEBUG] Localization initialized[0m
Web Tests (0)	UNKNOWN STEP	2026-02-25T20:02:48.0384293Z 00:00 +0: FileDisplay Widget - Rich Media Previews Smoke test: FileDisplay renders for image message type
Web Tests (0)	UNKNOWN STEP	2026-02-25T20:02:48.3051704Z [90m[🌎 Easy Localization] [DEBUG] Start[0m
Web Tests (0)	UNKNOWN STEP	2026-02-25T20:02:48.3055369Z [90m[🌎 Easy Localization] [DEBUG] Init state[0m
Web Tests (0)	UNKNOWN STEP	2026-02-25T20:02:48.3056447Z [90m[🌎 Easy Localization] [DEBUG] Build[0m
Web Tests (0)	UNKNOWN STEP	2026-02-25T20:02:48.3057574Z [90m[🌎 Easy Localization] [DEBUG] Init Localization Delegate[0m
Web Tests (0)	UNKNOWN STEP	2026-02-25T20:02:48.3060614Z [90m[🌎 Easy Localization] [DEBUG] Init provider[0m
Web Tests (0)	UNKNOWN STEP	2026-02-25T20:02:48.3061774Z [34m[🌎 Easy Localization] [WARNING] Localization key [post.widgets.filedisplay.decrypting] not found[0m
Web Tests (0)	UNKNOWN STEP	2026-02-25T20:02:48.3062784Z [34m[🌎 Easy Localization] [WARNING] Localization key [post.widgets.filedisplay.decrypting] not found[0m
Web Tests (0)	UNKNOWN STEP	2026-02-25T20:02:48.3066469Z 00:00 +1: FileDisplay Widget - Rich Media Previews Smoke test: FileDisplay renders for video message type
Web Tests (0)	UNKNOWN STEP	2026-02-25T20:02:48.3716295Z [90m[🌎 Easy Localization] [DEBUG] Start[0m
Web Tests (0)	UNKNOWN STEP	2026-02-25T20:02:48.3717304Z [90m[🌎 Easy Localization] [DEBUG] Init state[0m
Web Tests (0)	UNKNOWN STEP	2026-02-25T20:02:48.3719372Z [90m[🌎 Easy Localization] [DEBUG] Build[0m
Web Tests (0)	UNKNOWN STEP	2026-02-25T20:02:48.3720474Z [90m[🌎 Easy Localization] [DEBUG] Init Localization Delegate[0m
Web Tests (0)	UNKNOWN STEP	2026-02-25T20:02:48.3721486Z [90m[🌎 Easy Localization] [DEBUG] Init provider[0m
Web Tests (0)	UNKNOWN STEP	2026-02-25T20:02:48.3722987Z [34m[🌎 Easy Localization] [WARNING] Localization key [post.widgets.filedisplay.video_desktop_error] not found[0m
Web Tests (0)	UNKNOWN STEP	2026-02-25T20:02:48.3726720Z 00:00 +2: FileDisplay Widget - Rich Media Previews Image events render FileDisplay widget
Web Tests (0)	UNKNOWN STEP	2026-02-25T20:02:48.4385648Z [90m[🌎 Easy Localization] [DEBUG] Start[0m
Web Tests (0)	UNKNOWN STEP	2026-02-25T20:02:48.4386398Z [90m[🌎 Easy Localization] [DEBUG] Init state[0m
Web Tests (0)	UNKNOWN STEP	2026-02-25T20:02:48.4387061Z [90m[🌎 Easy Localization] [DEBUG] Build[0m
Web Tests (0)	UNKNOWN STEP	2026-02-25T20:02:48.4389094Z [90m[🌎 Easy Localization] [DEBUG] Init Localization Delegate[0m
Web Tests (0)	UNKNOWN STEP	2026-02-25T20:02:48.4390100Z [90m[🌎 Easy Localization] [DEBUG] Init provider[0m
Web Tests (0)	UNKNOWN STEP	2026-02-25T20:02:48.4392213Z [34m[🌎 Easy Localization] [WARNING] Localization key [post.widgets.filedisplay.decrypting] not found[0m
Web Tests (0)	UNKNOWN STEP	2026-02-25T20:02:48.4393961Z [34m[🌎 Easy Localization] [WARNING] Localization key [post.widgets.filedisplay.decrypting] not found[0m
Web Tests (0)	UNKNOWN STEP	2026-02-25T20:02:48.4396514Z 00:00 +3: FileDisplay Widget - Rich Media Previews Video events initialize video display logic
Web Tests (0)	UNKNOWN STEP	2026-02-25T20:02:48.5014035Z [90m[🌎 Easy Localization] [DEBUG] Start[0m
Web Tests (0)	UNKNOWN STEP	2026-02-25T20:02:48.5031601Z [90m[🌎 Easy Localization] [DEBUG] Init state[0m
Web Tests (0)	UNKNOWN STEP	2026-02-25T20:02:48.5032234Z [90m[🌎 Easy Localization] [DEBUG] Build[0m
Web Tests (0)	UNKNOWN STEP	2026-02-25T20:02:48.5032897Z [90m[🌎 Easy Localization] [DEBUG] Init Localization Delegate[0m
Web Tests (0)	UNKNOWN STEP	2026-02-25T20:02:48.5033691Z [90m[🌎 Easy Localization] [DEBUG] Init provider[0m
Web Tests (0)	UNKNOWN STEP	2026-02-25T20:02:48.5034878Z [34m[🌎 Easy Localization] [WARNING] Localization key [post.widgets.filedisplay.video_desktop_error] not found[0m
Web Tests (0)	UNKNOWN STEP	2026-02-25T20:02:48.5036408Z 00:00 +4: FileDisplay Widget - Rich Media Previews FileDisplay handles multiple files in theory
Web Tests (0)	UNKNOWN STEP	2026-02-25T20:02:48.5666647Z [90m[🌎 Easy Localization] [DEBUG] Start[0m
Web Tests (0)	UNKNOWN STEP	2026-02-25T20:02:48.5668327Z [90m[🌎 Easy Localization] [DEBUG] Init state[0m
Web Tests (0)	UNKNOWN STEP	2026-02-25T20:02:48.5674243Z [90m[🌎 Easy Localization] [DEBUG] Build[0m
Web Tests (0)	UNKNOWN STEP	2026-02-25T20:02:48.5675161Z [90m[🌎 Easy Localization] [DEBUG] Init Localization Delegate[0m
Web Tests (0)	UNKNOWN STEP	2026-02-25T20:02:48.5675987Z [90m[🌎 Easy Localization] [DEBUG] Init provider[0m
Web Tests (0)	UNKNOWN STEP	2026-02-25T20:02:48.5676658Z [34m[🌎 Easy Localization] [WARNING] Localization key [post.widgets.filedisplay.decrypting] not found[0m
Web Tests (0)	UNKNOWN STEP	2026-02-25T20:02:48.5678022Z [34m[🌎 Easy Localization] [WARNING] Localization key [post.widgets.filedisplay.decrypting] not found[0m
Web Tests (0)	UNKNOWN STEP	2026-02-25T20:02:48.5679251Z 00:00 +5: FileDisplay Widget - Rich Media Previews FileDisplay renders with all supported media types
Web Tests (0)	UNKNOWN STEP	2026-02-25T20:02:48.6401683Z [90m[🌎 Easy Localization] [DEBUG] Start[0m
Web Tests (0)	UNKNOWN STEP	2026-02-25T20:02:48.6404237Z [90m[🌎 Easy Localization] [DEBUG] Init state[0m
Web Tests (0)	UNKNOWN STEP	2026-02-25T20:02:48.6406944Z [90m[🌎 Easy Localization] [DEBUG] Build[0m
Web Tests (0)	UNKNOWN STEP	2026-02-25T20:02:48.6407879Z [90m[🌎 Easy Localization] [DEBUG] Init Localization Delegate[0m
Web Tests (0)	UNKNOWN STEP	2026-02-25T20:02:48.6408626Z [90m[🌎 Easy Localization] [DEBUG] Init provider[0m
Web Tests (0)	UNKNOWN STEP	2026-02-25T20:02:48.6409717Z [34m[🌎 Easy Localization] [WARNING] Localization key [post.widgets.filedisplay.audio_desktop_error] not found[0m
Web Tests (0)	UNKNOWN STEP	2026-02-25T20:02:48.6413922Z 00:00 +6: (tearDownAll)
Web Tests (0)	UNKNOWN STEP	2026-02-25T20:02:48.6553397Z 00:00 +6: All tests passed!
Web Tests (0)	UNKNOWN STEP	2026-02-25T20:02:48.8640083Z [0;34m[INFO][0m   [0+1+1+1+1+1+1+1+1+1+1+1+1+1+1+1+1+1+1+1+1+1+1+1+1+1+1+1+1+1+1+1+1/49] test/post/reply_test.dart
Web Tests (0)	UNKNOWN STEP	2026-02-25T20:03:13.6163133Z 00:00 +0: loading /home/runner/work/substitution/substitution/test/post/reply_test.dart
Web Tests (0)	UNKNOWN STEP	2026-02-25T20:03:16.6621141Z 00:00 +0: (setUpAll)
Web Tests (0)	UNKNOWN STEP	2026-02-25T20:03:16.6756713Z [90m[🌎 Easy Localization] [DEBUG] Localization initialized[0m
Web Tests (0)	UNKNOWN STEP	2026-02-25T20:03:16.6766835Z 00:00 +0: PostWidget Reply Behavior Reply button is present on PostWidget
Web Tests (0)	UNKNOWN STEP	2026-02-25T20:03:17.0888827Z [90m[🌎 Easy Localization] [DEBUG] Start[0m
Web Tests (0)	UNKNOWN STEP	2026-02-25T20:03:17.0891733Z [90m[🌎 Easy Localization] [DEBUG] Init state[0m
Web Tests (0)	UNKNOWN STEP	2026-02-25T20:03:17.0893418Z [90m[🌎 Easy Localization] [DEBUG] Build[0m
Web Tests (0)	UNKNOWN STEP	2026-02-25T20:03:17.0915565Z [90m[🌎 Easy Localization] [DEBUG] Init Localization Delegate[0m
Web Tests (0)	UNKNOWN STEP	2026-02-25T20:03:17.0924688Z [90m[🌎 Easy Localization] [DEBUG] Init provider[0m
Web Tests (0)	UNKNOWN STEP	2026-02-25T20:03:17.0925416Z start getting reactions
Web Tests (0)	UNKNOWN STEP	2026-02-25T20:03:17.0926055Z 00:00 +1: PostWidget Reply Behavior PostWidget with event shows correct structure
Web Tests (0)	UNKNOWN STEP	2026-02-25T20:03:17.2344182Z [90m[🌎 Easy Localization] [DEBUG] Start[0m
Web Tests (0)	UNKNOWN STEP	2026-02-25T20:03:17.2345630Z [90m[🌎 Easy Localization] [DEBUG] Init state[0m
Web Tests (0)	UNKNOWN STEP	2026-02-25T20:03:17.2350239Z [90m[🌎 Easy Localization] [DEBUG] Build[0m
Web Tests (0)	UNKNOWN STEP	2026-02-25T20:03:17.2352069Z [90m[🌎 Easy Localization] [DEBUG] Init Localization Delegate[0m
Web Tests (0)	UNKNOWN STEP	2026-02-25T20:03:17.2353029Z [90m[🌎 Easy Localization] [DEBUG] Init provider[0m
Web Tests (0)	UNKNOWN STEP	2026-02-25T20:03:17.2353752Z start getting reactions
Web Tests (0)	UNKNOWN STEP	2026-02-25T20:03:17.2357482Z 00:00 +2: PostWidget Reply Behavior Reply button and reaction button coexist
Web Tests (0)	UNKNOWN STEP	2026-02-25T20:03:17.3334859Z [90m[🌎 Easy Localization] [DEBUG] Start[0m
Web Tests (0)	UNKNOWN STEP	2026-02-25T20:03:17.3336106Z [90m[🌎 Easy Localization] [DEBUG] Init state[0m
Web Tests (0)	UNKNOWN STEP	2026-02-25T20:03:17.3336965Z [90m[🌎 Easy Localization] [DEBUG] Build[0m
Web Tests (0)	UNKNOWN STEP	2026-02-25T20:03:17.3337932Z [90m[🌎 Easy Localization] [DEBUG] Init Localization Delegate[0m
Web Tests (0)	UNKNOWN STEP	2026-02-25T20:03:17.3338886Z [90m[🌎 Easy Localization] [DEBUG] Init provider[0m
Web Tests (0)	UNKNOWN STEP	2026-02-25T20:03:17.3339463Z start getting reactions
Web Tests (0)	UNKNOWN STEP	2026-02-25T20:03:17.3343806Z 00:00 +3: PostWidget Reply Behavior PostWidget renders without errors
Web Tests (0)	UNKNOWN STEP	2026-02-25T20:03:17.4509214Z [90m[🌎 Easy Localization] [DEBUG] Start[0m
Web Tests (0)	UNKNOWN STEP	2026-02-25T20:03:17.4511272Z [90m[🌎 Easy Localization] [DEBUG] Init state[0m
Web Tests (0)	UNKNOWN STEP	2026-02-25T20:03:17.4512357Z [90m[🌎 Easy Localization] [DEBUG] Build[0m
Web Tests (0)	UNKNOWN STEP	2026-02-25T20:03:17.4513363Z [90m[🌎 Easy Localization] [DEBUG] Init Localization Delegate[0m
Web Tests (0)	UNKNOWN STEP	2026-02-25T20:03:17.4514303Z [90m[🌎 Easy Localization] [DEBUG] Init provider[0m
Web Tests (0)	UNKNOWN STEP	2026-02-25T20:03:17.4515178Z start getting reactions
Web Tests (0)	UNKNOWN STEP	2026-02-25T20:03:17.4520364Z 00:00 +4: (tearDownAll)
Web Tests (0)	UNKNOWN STEP	2026-02-25T20:03:17.4645275Z 00:00 +4: All tests passed!
Web Tests (0)	UNKNOWN STEP	2026-02-25T20:03:17.6841620Z [0;34m[INFO][0m   [0+1+1+1+1+1+1+1+1+1+1+1+1+1+1+1+1+1+1+1+1+1+1+1+1+1+1+1+1+1+1+1+1+1/49] test/post/reaction_test.dart
Web Tests (0)	UNKNOWN STEP	2026-02-25T20:03:41.4775738Z 00:00 +0: loading /home/runner/work/substitution/substitution/test/post/reaction_test.dart
Web Tests (0)	UNKNOWN STEP	2026-02-25T20:03:44.5097646Z 00:00 +0: (setUpAll)
Web Tests (0)	UNKNOWN STEP	2026-02-25T20:03:44.5239262Z [90m[🌎 Easy Localization] [DEBUG] Localization initialized[0m
Web Tests (0)	UNKNOWN STEP	2026-02-25T20:03:44.5249381Z 00:00 +0: PostWidget Reaction Behavior Smoke: renders with reaction button
Web Tests (0)	UNKNOWN STEP	2026-02-25T20:03:44.9527478Z [90m[🌎 Easy Localization] [DEBUG] Start[0m
Web Tests (0)	UNKNOWN STEP	2026-02-25T20:03:44.9528641Z [90m[🌎 Easy Localization] [DEBUG] Init state[0m
Web Tests (0)	UNKNOWN STEP	2026-02-25T20:03:44.9529639Z [90m[🌎 Easy Localization] [DEBUG] Build[0m
Web Tests (0)	UNKNOWN STEP	2026-02-25T20:03:44.9554848Z [90m[🌎 Easy Localization] [DEBUG] Init Localization Delegate[0m
Web Tests (0)	UNKNOWN STEP	2026-02-25T20:03:44.9559994Z [90m[🌎 Easy Localization] [DEBUG] Init provider[0m
Web Tests (0)	UNKNOWN STEP	2026-02-25T20:03:44.9560575Z start getting reactions
Web Tests (0)	UNKNOWN STEP	2026-02-25T20:03:44.9561176Z 00:00 +1: PostWidget Reaction Behavior Tap reaction icon opens emoji picker dialog
Web Tests (0)	UNKNOWN STEP	2026-02-25T20:03:45.1837783Z [90m[🌎 Easy Localization] [DEBUG] Start[0m
Web Tests (0)	UNKNOWN STEP	2026-02-25T20:03:45.1838709Z [90m[🌎 Easy Localization] [DEBUG] Init state[0m
Web Tests (0)	UNKNOWN STEP	2026-02-25T20:03:45.1839695Z [90m[🌎 Easy Localization] [DEBUG] Build[0m
Web Tests (0)	UNKNOWN STEP	2026-02-25T20:03:45.1841631Z [90m[🌎 Easy Localization] [DEBUG] Init Localization Delegate[0m
Web Tests (0)	UNKNOWN STEP	2026-02-25T20:03:45.1842636Z [90m[🌎 Easy Localization] [DEBUG] Init provider[0m
Web Tests (0)	UNKNOWN STEP	2026-02-25T20:03:45.1844037Z start getting reactions
Web Tests (0)	UNKNOWN STEP	2026-02-25T20:03:45.1847593Z 00:00 +2: PostWidget Reaction Behavior Reply button is present on post
Web Tests (0)	UNKNOWN STEP	2026-02-25T20:03:45.2854562Z [90m[🌎 Easy Localization] [DEBUG] Start[0m
Web Tests (0)	UNKNOWN STEP	2026-02-25T20:03:45.2856310Z [90m[🌎 Easy Localization] [DEBUG] Init state[0m
Web Tests (0)	UNKNOWN STEP	2026-02-25T20:03:45.2871449Z [90m[🌎 Easy Localization] [DEBUG] Build[0m
Web Tests (0)	UNKNOWN STEP	2026-02-25T20:03:45.2872421Z [90m[🌎 Easy Localization] [DEBUG] Init Localization Delegate[0m
Web Tests (0)	UNKNOWN STEP	2026-02-25T20:03:45.2883344Z [90m[🌎 Easy Localization] [DEBUG] Init provider[0m
Web Tests (0)	UNKNOWN STEP	2026-02-25T20:03:45.2884089Z start getting reactions
Web Tests (0)	UNKNOWN STEP	2026-02-25T20:03:45.2884869Z 00:00 +3: PostWidget Reaction Behavior PostWidget renders username and content
Web Tests (0)	UNKNOWN STEP	2026-02-25T20:03:45.3999043Z [90m[🌎 Easy Localization] [DEBUG] Start[0m
Web Tests (0)	UNKNOWN STEP	2026-02-25T20:03:45.3999767Z [90m[🌎 Easy Localization] [DEBUG] Init state[0m
Web Tests (0)	UNKNOWN STEP	2026-02-25T20:03:45.4000447Z [90m[🌎 Easy Localization] [DEBUG] Build[0m
Web Tests (0)	UNKNOWN STEP	2026-02-25T20:03:45.4002171Z [90m[🌎 Easy Localization] [DEBUG] Init Localization Delegate[0m
Web Tests (0)	UNKNOWN STEP	2026-02-25T20:03:45.4003251Z [90m[🌎 Easy Localization] [DEBUG] Init provider[0m
Web Tests (0)	UNKNOWN STEP	2026-02-25T20:03:45.4003956Z start getting reactions
Web Tests (0)	UNKNOWN STEP	2026-02-25T20:03:45.4008508Z 00:00 +4: (tearDownAll)
Web Tests (0)	UNKNOWN STEP	2026-02-25T20:03:45.4101983Z 00:00 +4: All tests passed!
Web Tests (0)	UNKNOWN STEP	2026-02-25T20:03:45.6347873Z [0;34m[INFO][0m   [0+1+1+1+1+1+1+1+1+1+1+1+1+1+1+1+1+1+1+1+1+1+1+1+1+1+1+1+1+1+1+1+1+1+1/49] test/post/reactions_display_test.dart
Web Tests (0)	UNKNOWN STEP	2026-02-25T20:04:07.8302836Z 00:00 +0: loading /home/runner/work/substitution/substitution/test/post/reactions_display_test.dart
Web Tests (0)	UNKNOWN STEP	2026-02-25T20:04:10.5961903Z 00:00 +0: (setUpAll)
Web Tests (0)	UNKNOWN STEP	2026-02-25T20:04:10.6137634Z [90m[🌎 Easy Localization] [DEBUG] Localization initialized[0m
Web Tests (0)	UNKNOWN STEP	2026-02-25T20:04:10.6147903Z 00:00 +0: ReactionsDisplay Widget Smoke: renders with mock reactions
Web Tests (0)	UNKNOWN STEP	2026-02-25T20:04:10.9187294Z [90m[🌎 Easy Localization] [DEBUG] Start[0m
Web Tests (0)	UNKNOWN STEP	2026-02-25T20:04:10.9192510Z [90m[🌎 Easy Localization] [DEBUG] Init state[0m
Web Tests (0)	UNKNOWN STEP	2026-02-25T20:04:10.9193259Z [90m[🌎 Easy Localization] [DEBUG] Build[0m
Web Tests (0)	UNKNOWN STEP	2026-02-25T20:04:10.9195853Z [90m[🌎 Easy Localization] [DEBUG] Init Localization Delegate[0m
Web Tests (0)	UNKNOWN STEP	2026-02-25T20:04:10.9196995Z [90m[🌎 Easy Localization] [DEBUG] Init provider[0m
Web Tests (0)	UNKNOWN STEP	2026-02-25T20:04:10.9198822Z start getting reactions
Web Tests (0)	UNKNOWN STEP	2026-02-25T20:04:10.9199319Z got timeline for event id
Web Tests (0)	UNKNOWN STEP	2026-02-25T20:04:10.9199831Z $event123
Web Tests (0)	UNKNOWN STEP	2026-02-25T20:04:10.9200140Z has aggregated events?
Web Tests (0)	UNKNOWN STEP	2026-02-25T20:04:10.9201927Z false
Web Tests (0)	UNKNOWN STEP	2026-02-25T20:04:10.9203223Z got events
Web Tests (0)	UNKNOWN STEP	2026-02-25T20:04:10.9203542Z {}
Web Tests (0)	UNKNOWN STEP	2026-02-25T20:04:10.9204151Z 00:00 +1: ReactionsDisplay Widget Displays correct emoji with correct count
Web Tests (0)	UNKNOWN STEP	2026-02-25T20:04:11.0003975Z [90m[🌎 Easy Localization] [DEBUG] Start[0m
Web Tests (0)	UNKNOWN STEP	2026-02-25T20:04:11.0007972Z [90m[🌎 Easy Localization] [DEBUG] Init state[0m
Web Tests (0)	UNKNOWN STEP	2026-02-25T20:04:11.0009709Z [90m[🌎 Easy Localization] [DEBUG] Build[0m
Web Tests (0)	UNKNOWN STEP	2026-02-25T20:04:11.0037221Z [90m[🌎 Easy Localization] [DEBUG] Init Localization Delegate[0m
Web Tests (0)	UNKNOWN STEP	2026-02-25T20:04:11.0038011Z [90m[🌎 Easy Localization] [DEBUG] Init provider[0m
Web Tests (0)	UNKNOWN STEP	2026-02-25T20:04:11.0038549Z start getting reactions
Web Tests (0)	UNKNOWN STEP	2026-02-25T20:04:11.0038928Z got timeline for event id
Web Tests (0)	UNKNOWN STEP	2026-02-25T20:04:11.0039289Z $event123
Web Tests (0)	UNKNOWN STEP	2026-02-25T20:04:11.0039592Z has aggregated events?
Web Tests (0)	UNKNOWN STEP	2026-02-25T20:04:11.0039933Z false
Web Tests (0)	UNKNOWN STEP	2026-02-25T20:04:11.0040215Z got events
Web Tests (0)	UNKNOWN STEP	2026-02-25T20:04:11.0040498Z {}
Web Tests (0)	UNKNOWN STEP	2026-02-25T20:04:11.0040939Z 00:00 +2: ReactionsDisplay Widget Tooltip shows usernames on hover
Web Tests (0)	UNKNOWN STEP	2026-02-25T20:04:11.0834531Z [90m[🌎 Easy Localization] [DEBUG] Start[0m
Web Tests (0)	UNKNOWN STEP	2026-02-25T20:04:11.0837093Z [90m[🌎 Easy Localization] [DEBUG] Init state[0m
Web Tests (0)	UNKNOWN STEP	2026-02-25T20:04:11.0839310Z [90m[🌎 Easy Localization] [DEBUG] Build[0m
Web Tests (0)	UNKNOWN STEP	2026-02-25T20:04:11.0840316Z [90m[🌎 Easy Localization] [DEBUG] Init Localization Delegate[0m
Web Tests (0)	UNKNOWN STEP	2026-02-25T20:04:11.0841600Z [90m[🌎 Easy Localization] [DEBUG] Init provider[0m
Web Tests (0)	UNKNOWN STEP	2026-02-25T20:04:11.0842685Z start getting reactions
Web Tests (0)	UNKNOWN STEP	2026-02-25T20:04:11.0844216Z got timeline for event id
Web Tests (0)	UNKNOWN STEP	2026-02-25T20:04:11.0844627Z $event123
Web Tests (0)	UNKNOWN STEP	2026-02-25T20:04:11.0845173Z has aggregated events?
Web Tests (0)	UNKNOWN STEP	2026-02-25T20:04:11.0846585Z false
Web Tests (0)	UNKNOWN STEP	2026-02-25T20:04:11.0847266Z got events
Web Tests (0)	UNKNOWN STEP	2026-02-25T20:04:11.0847922Z {}
Web Tests (0)	UNKNOWN STEP	2026-02-25T20:04:11.0852032Z 00:00 +3: ReactionsDisplay Widget Long-press own reaction shows visual indication
Web Tests (0)	UNKNOWN STEP	2026-02-25T20:04:11.1485370Z [90m[🌎 Easy Localization] [DEBUG] Start[0m
Web Tests (0)	UNKNOWN STEP	2026-02-25T20:04:11.1486432Z [90m[🌎 Easy Localization] [DEBUG] Init state[0m
Web Tests (0)	UNKNOWN STEP	2026-02-25T20:04:11.1487062Z [90m[🌎 Easy Localization] [DEBUG] Build[0m
Web Tests (0)	UNKNOWN STEP	2026-02-25T20:04:11.1488709Z [90m[🌎 Easy Localization] [DEBUG] Init Localization Delegate[0m
Web Tests (0)	UNKNOWN STEP	2026-02-25T20:04:11.1489861Z [90m[🌎 Easy Localization] [DEBUG] Init provider[0m
Web Tests (0)	UNKNOWN STEP	2026-02-25T20:04:11.1490456Z start getting reactions
Web Tests (0)	UNKNOWN STEP	2026-02-25T20:04:11.1491543Z got timeline for event id
Web Tests (0)	UNKNOWN STEP	2026-02-25T20:04:11.1492395Z $event123
Web Tests (0)	UNKNOWN STEP	2026-02-25T20:04:11.1494673Z has aggregated events?
Web Tests (0)	UNKNOWN STEP	2026-02-25T20:04:11.1495207Z false
Web Tests (0)	UNKNOWN STEP	2026-02-25T20:04:11.1495807Z got events
Web Tests (0)	UNKNOWN STEP	2026-02-25T20:04:11.1496969Z {}
Web Tests (0)	UNKNOWN STEP	2026-02-25T20:04:11.1501791Z 00:00 +4: ReactionsDisplay Widget Redact calls room.redactEvent with correct event ID
Web Tests (0)	UNKNOWN STEP	2026-02-25T20:04:11.2158766Z [90m[🌎 Easy Localization] [DEBUG] Start[0m
Web Tests (0)	UNKNOWN STEP	2026-02-25T20:04:11.2160637Z [90m[🌎 Easy Localization] [DEBUG] Init state[0m
Web Tests (0)	UNKNOWN STEP	2026-02-25T20:04:11.2175836Z [90m[🌎 Easy Localization] [DEBUG] Build[0m
Web Tests (0)	UNKNOWN STEP	2026-02-25T20:04:11.2176881Z [90m[🌎 Easy Localization] [DEBUG] Init Localization Delegate[0m
Web Tests (0)	UNKNOWN STEP	2026-02-25T20:04:11.2177697Z [90m[🌎 Easy Localization] [DEBUG] Init provider[0m
Web Tests (0)	UNKNOWN STEP	2026-02-25T20:04:11.2178224Z start getting reactions
Web Tests (0)	UNKNOWN STEP	2026-02-25T20:04:11.2178942Z got timeline for event id
Web Tests (0)	UNKNOWN STEP	2026-02-25T20:04:11.2179349Z $event123
Web Tests (0)	UNKNOWN STEP	2026-02-25T20:04:11.2179655Z has aggregated events?
Web Tests (0)	UNKNOWN STEP	2026-02-25T20:04:11.2179993Z false
Web Tests (0)	UNKNOWN STEP	2026-02-25T20:04:11.2180270Z got events
Web Tests (0)	UNKNOWN STEP	2026-02-25T20:04:11.2182147Z {}
Web Tests (0)	UNKNOWN STEP	2026-02-25T20:04:11.2182703Z 00:00 +5: ReactionsDisplay Widget No reactions renders empty
Web Tests (0)	UNKNOWN STEP	2026-02-25T20:04:11.2784618Z [90m[🌎 Easy Localization] [DEBUG] Start[0m
Web Tests (0)	UNKNOWN STEP	2026-02-25T20:04:11.2785660Z [90m[🌎 Easy Localization] [DEBUG] Init state[0m
Web Tests (0)	UNKNOWN STEP	2026-02-25T20:04:11.2786751Z [90m[🌎 Easy Localization] [DEBUG] Build[0m
Web Tests (0)	UNKNOWN STEP	2026-02-25T20:04:11.2787490Z [90m[🌎 Easy Localization] [DEBUG] Init Localization Delegate[0m
Web Tests (0)	UNKNOWN STEP	2026-02-25T20:04:11.2790055Z [90m[🌎 Easy Localization] [DEBUG] Init provider[0m
Web Tests (0)	UNKNOWN STEP	2026-02-25T20:04:11.2790825Z start getting reactions
Web Tests (0)	UNKNOWN STEP	2026-02-25T20:04:11.2791422Z got timeline for event id
Web Tests (0)	UNKNOWN STEP	2026-02-25T20:04:11.2792218Z $event123
Web Tests (0)	UNKNOWN STEP	2026-02-25T20:04:11.2792961Z has aggregated events?
Web Tests (0)	UNKNOWN STEP	2026-02-25T20:04:11.2793643Z false
Web Tests (0)	UNKNOWN STEP	2026-02-25T20:04:11.2795521Z got events
Web Tests (0)	UNKNOWN STEP	2026-02-25T20:04:11.2795976Z {}
Web Tests (0)	UNKNOWN STEP	2026-02-25T20:04:11.2800500Z 00:00 +6: (tearDownAll)
Web Tests (0)	UNKNOWN STEP	2026-02-25T20:04:11.2898301Z 00:00 +6: All tests passed!
Web Tests (0)	UNKNOWN STEP	2026-02-25T20:04:11.5070694Z [0;34m[INFO][0m   [0+1+1+1+1+1+1+1+1+1+1+1+1+1+1+1+1+1+1+1+1+1+1+1+1+1+1+1+1+1+1+1+1+1+1+1/49] test/post/post_widget_media_test.dart
Web Tests (0)	UNKNOWN STEP	2026-02-25T20:04:33.2581244Z 00:00 +0: loading /home/runner/work/substitution/substitution/test/post/post_widget_media_test.dart
Web Tests (0)	UNKNOWN STEP	2026-02-25T20:04:36.0062747Z 00:00 +0: (setUpAll)
Web Tests (0)	UNKNOWN STEP	2026-02-25T20:04:36.0221617Z [90m[🌎 Easy Localization] [DEBUG] Localization initialized[0m
Web Tests (0)	UNKNOWN STEP	2026-02-25T20:04:36.0233007Z 00:00 +0: PostWidget Media Display - Rich Media Previews PostWidget with m.image shows media handling code path
Web Tests (0)	UNKNOWN STEP	2026-02-25T20:04:36.1274548Z 00:00 +1: PostWidget Media Display - Rich Media Previews PostWidget with m.video shows media handling code path
Web Tests (0)	UNKNOWN STEP	2026-02-25T20:04:36.1444308Z 00:00 +2: PostWidget Media Display - Rich Media Previews PostWidget with m.text displays formatted body
Web Tests (0)	UNKNOWN STEP	2026-02-25T20:04:36.1591748Z 00:00 +3: (tearDownAll)
Web Tests (0)	UNKNOWN STEP	2026-02-25T20:04:36.1689699Z 00:00 +3: All tests passed!
Web Tests (0)	UNKNOWN STEP	2026-02-25T20:04:36.3872771Z [0;34m[INFO][0m   [0+1+1+1+1+1+1+1+1+1+1+1+1+1+1+1+1+1+1+1+1+1+1+1+1+1+1+1+1+1+1+1+1+1+1+1+1/49] test/post_widget_test.dart
Web Tests (0)	UNKNOWN STEP	2026-02-25T20:05:01.2821464Z 00:00 +0: loading /home/runner/work/substitution/substitution/test/post_widget_test.dart
Web Tests (0)	UNKNOWN STEP	2026-02-25T20:05:04.2566350Z 00:00 +0: (setUpAll)
Web Tests (0)	UNKNOWN STEP	2026-02-25T20:05:04.2711708Z [90m[🌎 Easy Localization] [DEBUG] Localization initialized[0m
Web Tests (0)	UNKNOWN STEP	2026-02-25T20:05:04.2726160Z 00:00 +0: PostWidget smoke test
Web Tests (0)	UNKNOWN STEP	2026-02-25T20:05:04.7220468Z [90m[🌎 Easy Localization] [DEBUG] Start[0m
Web Tests (0)	UNKNOWN STEP	2026-02-25T20:05:04.7224490Z [90m[🌎 Easy Localization] [DEBUG] Init state[0m
Web Tests (0)	UNKNOWN STEP	2026-02-25T20:05:04.7225695Z [90m[🌎 Easy Localization] [DEBUG] Build[0m
Web Tests (0)	UNKNOWN STEP	2026-02-25T20:05:04.7226774Z [90m[🌎 Easy Localization] [DEBUG] Init Localization Delegate[0m
Web Tests (0)	UNKNOWN STEP	2026-02-25T20:05:04.7229778Z [90m[🌎 Easy Localization] [DEBUG] Init provider[0m
Web Tests (0)	UNKNOWN STEP	2026-02-25T20:05:04.7230486Z start getting reactions
Web Tests (0)	UNKNOWN STEP	2026-02-25T20:05:04.7235627Z 00:00 +1: (tearDownAll)
Web Tests (0)	UNKNOWN STEP	2026-02-25T20:05:04.7361132Z 00:00 +1: All tests passed!
Web Tests (0)	UNKNOWN STEP	2026-02-25T20:05:04.9672749Z [0;34m[INFO][0m   [0+1+1+1+1+1+1+1+1+1+1+1+1+1+1+1+1+1+1+1+1+1+1+1+1+1+1+1+1+1+1+1+1+1+1+1+1+1/49] test/auth_login_test.dart
Web Tests (0)	UNKNOWN STEP	2026-02-25T20:05:27.2595802Z 00:00 +0: loading /home/runner/work/substitution/substitution/test/auth_login_test.dart
Web Tests (0)	UNKNOWN STEP	2026-02-25T20:05:30.0083776Z 00:00 +0: (setUpAll)
Web Tests (0)	UNKNOWN STEP	2026-02-25T20:05:30.0269940Z [90m[🌎 Easy Localization] [DEBUG] Localization initialized[0m
Web Tests (0)	UNKNOWN STEP	2026-02-25T20:05:30.0284719Z 00:00 +0: LoginPage smoke test — password-only server shows form
Web Tests (0)	UNKNOWN STEP	2026-02-25T20:05:30.4697891Z [90m[🌎 Easy Localization] [DEBUG] Start[0m
Web Tests (0)	UNKNOWN STEP	2026-02-25T20:05:30.4702182Z [90m[🌎 Easy Localization] [DEBUG] Init state[0m
Web Tests (0)	UNKNOWN STEP	2026-02-25T20:05:30.4703174Z [90m[🌎 Easy Localization] [DEBUG] Build[0m
Web Tests (0)	UNKNOWN STEP	2026-02-25T20:05:30.4704242Z [90m[🌎 Easy Localization] [DEBUG] Init Localization Delegate[0m
Web Tests (0)	UNKNOWN STEP	2026-02-25T20:05:30.4706112Z [90m[🌎 Easy Localization] [DEBUG] Init provider[0m
Web Tests (0)	UNKNOWN STEP	2026-02-25T20:05:30.4707497Z [34m[🌎 Easy Localization] [WARNING] Localization key [auth.login.inputs.username_label] not found[0m
Web Tests (0)	UNKNOWN STEP	2026-02-25T20:05:30.4708846Z [34m[🌎 Easy Localization] [WARNING] Localization key [auth.login.inputs.password_label] not found[0m
Web Tests (0)	UNKNOWN STEP	2026-02-25T20:05:30.4710147Z [34m[🌎 Easy Localization] [WARNING] Localization key [auth.login.buttons.login_label] not found[0m
Web Tests (0)	UNKNOWN STEP	2026-02-25T20:05:30.4711198Z [34m[🌎 Easy Localization] [WARNING] Localization key [auth.login.buttons.register_web_label] not found[0m
Web Tests (0)	UNKNOWN STEP	2026-02-25T20:05:30.4714419Z 00:00 +1: Login Page - Additional Behavior Tests 2. Enter credentials + tap login -> calls client.login()
Web Tests (0)	UNKNOWN STEP	2026-02-25T20:05:30.8598885Z [90m[🌎 Easy Localization] [DEBUG] Start[0m
Web Tests (0)	UNKNOWN STEP	2026-02-25T20:05:30.8606693Z [90m[🌎 Easy Localization] [DEBUG] Init state[0m
Web Tests (0)	UNKNOWN STEP	2026-02-25T20:05:30.8609052Z [90m[🌎 Easy Localization] [DEBUG] Build[0m
Web Tests (0)	UNKNOWN STEP	2026-02-25T20:05:30.8609860Z [90m[🌎 Easy Localization] [DEBUG] Init Localization Delegate[0m
Web Tests (0)	UNKNOWN STEP	2026-02-25T20:05:30.8610717Z [90m[🌎 Easy Localization] [DEBUG] Init provider[0m
Web Tests (0)	UNKNOWN STEP	2026-02-25T20:05:30.8611747Z [34m[🌎 Easy Localization] [WARNING] Localization key [auth.login.inputs.username_label] not found[0m
Web Tests (0)	UNKNOWN STEP	2026-02-25T20:05:30.8613044Z [34m[🌎 Easy Localization] [WARNING] Localization key [auth.login.inputs.password_label] not found[0m
Web Tests (0)	UNKNOWN STEP	2026-02-25T20:05:30.8614225Z [34m[🌎 Easy Localization] [WARNING] Localization key [auth.login.buttons.login_label] not found[0m
Web Tests (0)	UNKNOWN STEP	2026-02-25T20:05:30.8616225Z [34m[🌎 Easy Localization] [WARNING] Localization key [auth.login.buttons.register_web_label] not found[0m
Web Tests (0)	UNKNOWN STEP	2026-02-25T20:05:30.8616879Z 00:00 +2: Login Page - Additional Behavior Tests 4. Failed login shows error dialog
Web Tests (0)	UNKNOWN STEP	2026-02-25T20:05:31.1812823Z [90m[🌎 Easy Localization] [DEBUG] Start[0m
Web Tests (0)	UNKNOWN STEP	2026-02-25T20:05:31.1820389Z [90m[🌎 Easy Localization] [DEBUG] Init state[0m
Web Tests (0)	UNKNOWN STEP	2026-02-25T20:05:31.1821916Z [90m[🌎 Easy Localization] [DEBUG] Build[0m
Web Tests (0)	UNKNOWN STEP	2026-02-25T20:05:31.1822700Z [90m[🌎 Easy Localization] [DEBUG] Init Localization Delegate[0m
Web Tests (0)	UNKNOWN STEP	2026-02-25T20:05:31.1828483Z [90m[🌎 Easy Localization] [DEBUG] Init provider[0m
Web Tests (0)	UNKNOWN STEP	2026-02-25T20:05:31.1829116Z [34m[🌎 Easy Localization] [WARNING] Localization key [auth.login.inputs.username_label] not found[0m
Web Tests (0)	UNKNOWN STEP	2026-02-25T20:05:31.1830945Z [34m[🌎 Easy Localization] [WARNING] Localization key [auth.login.inputs.password_label] not found[0m
Web Tests (0)	UNKNOWN STEP	2026-02-25T20:05:31.1834260Z [34m[🌎 Easy Localization] [WARNING] Localization key [auth.login.buttons.login_label] not found[0m
Web Tests (0)	UNKNOWN STEP	2026-02-25T20:05:31.1840074Z [34m[🌎 Easy Localization] [WARNING] Localization key [auth.login.buttons.register_web_label] not found[0m
Web Tests (0)	UNKNOWN STEP	2026-02-25T20:05:31.1841252Z [34m[🌎 Easy Localization] [WARNING] Localization key [loading] not found[0m
Web Tests (0)	UNKNOWN STEP	2026-02-25T20:05:31.1843947Z [34m[🌎 Easy Localization] [WARNING] Localization key [error] not found[0m
Web Tests (0)	UNKNOWN STEP	2026-02-25T20:05:31.1845131Z [34m[🌎 Easy Localization] [WARNING] Localization key [approve] not found[0m
Web Tests (0)	UNKNOWN STEP	2026-02-25T20:05:31.1846360Z 00:01 +3: Login Page - Additional Behavior Tests 7a. SSO-only server: shows SSO buttons, hides password fields
Web Tests (0)	UNKNOWN STEP	2026-02-25T20:05:31.2744004Z [90m[🌎 Easy Localization] [DEBUG] Start[0m
Web Tests (0)	UNKNOWN STEP	2026-02-25T20:05:31.2744794Z [90m[🌎 Easy Localization] [DEBUG] Init state[0m
Web Tests (0)	UNKNOWN STEP	2026-02-25T20:05:31.2745708Z [90m[🌎 Easy Localization] [DEBUG] Build[0m
Web Tests (0)	UNKNOWN STEP	2026-02-25T20:05:31.2747541Z [90m[🌎 Easy Localization] [DEBUG] Init Localization Delegate[0m
Web Tests (0)	UNKNOWN STEP	2026-02-25T20:05:31.2748472Z [90m[🌎 Easy Localization] [DEBUG] Init provider[0m
Web Tests (0)	UNKNOWN STEP	2026-02-25T20:05:31.2750960Z [34m[🌎 Easy Localization] [WARNING] Localization key [auth.login.buttons.sso_label] not found[0m
Web Tests (0)	UNKNOWN STEP	2026-02-25T20:05:31.2752413Z [34m[🌎 Easy Localization] [WARNING] Localization key [auth.login.buttons.sso_label] not found[0m
Web Tests (0)	UNKNOWN STEP	2026-02-25T20:05:31.2755764Z 00:01 +4: Login Page - Additional Behavior Tests 7b. Server supporting both password and SSO shows all buttons
Web Tests (0)	UNKNOWN STEP	2026-02-25T20:05:31.4308393Z [90m[🌎 Easy Localization] [DEBUG] Start[0m
Web Tests (0)	UNKNOWN STEP	2026-02-25T20:05:31.4311953Z [90m[🌎 Easy Localization] [DEBUG] Init state[0m
Web Tests (0)	UNKNOWN STEP	2026-02-25T20:05:31.4315373Z [90m[🌎 Easy Localization] [DEBUG] Build[0m
Web Tests (0)	UNKNOWN STEP	2026-02-25T20:05:31.4316307Z [90m[🌎 Easy Localization] [DEBUG] Init Localization Delegate[0m
Web Tests (0)	UNKNOWN STEP	2026-02-25T20:05:31.4317039Z [90m[🌎 Easy Localization] [DEBUG] Init provider[0m
Web Tests (0)	UNKNOWN STEP	2026-02-25T20:05:31.4317965Z [34m[🌎 Easy Localization] [WARNING] Localization key [auth.login.inputs.username_label] not found[0m
Web Tests (0)	UNKNOWN STEP	2026-02-25T20:05:31.4319243Z [34m[🌎 Easy Localization] [WARNING] Localization key [auth.login.inputs.password_label] not found[0m
Web Tests (0)	UNKNOWN STEP	2026-02-25T20:05:31.4320180Z [34m[🌎 Easy Localization] [WARNING] Localization key [auth.login.buttons.login_label] not found[0m
Web Tests (0)	UNKNOWN STEP	2026-02-25T20:05:31.4321187Z [34m[🌎 Easy Localization] [WARNING] Localization key [auth.login.buttons.register_web_label] not found[0m
Web Tests (0)	UNKNOWN STEP	2026-02-25T20:05:31.4321929Z [34m[🌎 Easy Localization] [WARNING] Localization key [auth.login.buttons.sso_label] not found[0m
Web Tests (0)	UNKNOWN STEP	2026-02-25T20:05:31.4323644Z 00:01 +5: Login Page - Additional Behavior Tests 7c. Before checkHomeserver completes (null flows) shows password form by default
Web Tests (0)	UNKNOWN STEP	2026-02-25T20:05:31.5661822Z [90m[🌎 Easy Localization] [DEBUG] Start[0m
Web Tests (0)	UNKNOWN STEP	2026-02-25T20:05:31.5662668Z [90m[🌎 Easy Localization] [DEBUG] Init state[0m
Web Tests (0)	UNKNOWN STEP	2026-02-25T20:05:31.5663378Z [90m[🌎 Easy Localization] [DEBUG] Build[0m
Web Tests (0)	UNKNOWN STEP	2026-02-25T20:05:31.5664171Z [90m[🌎 Easy Localization] [DEBUG] Init Localization Delegate[0m
Web Tests (0)	UNKNOWN STEP	2026-02-25T20:05:31.5665295Z [90m[🌎 Easy Localization] [DEBUG] Init provider[0m
Web Tests (0)	UNKNOWN STEP	2026-02-25T20:05:31.5666009Z [34m[🌎 Easy Localization] [WARNING] Localization key [auth.login.inputs.username_label] not found[0m
Web Tests (0)	UNKNOWN STEP	2026-02-25T20:05:31.5667389Z [34m[🌎 Easy Localization] [WARNING] Localization key [auth.login.inputs.password_label] not found[0m
Web Tests (0)	UNKNOWN STEP	2026-02-25T20:05:31.5668469Z [34m[🌎 Easy Localization] [WARNING] Localization key [auth.login.buttons.login_label] not found[0m
Web Tests (0)	UNKNOWN STEP	2026-02-25T20:05:31.5669244Z [34m[🌎 Easy Localization] [WARNING] Localization key [auth.login.buttons.register_web_label] not found[0m
Web Tests (0)	UNKNOWN STEP	2026-02-25T20:05:31.5670880Z 00:01 +6: Real-world server login flow fixtures matrix.org — shows password form + one generic SSO button (no named providers)
Web Tests (0)	UNKNOWN STEP	2026-02-25T20:05:31.7072488Z [90m[🌎 Easy Localization] [DEBUG] Start[0m
Web Tests (0)	UNKNOWN STEP	2026-02-25T20:05:31.7073397Z [90m[🌎 Easy Localization] [DEBUG] Init state[0m
Web Tests (0)	UNKNOWN STEP	2026-02-25T20:05:31.7073986Z [90m[🌎 Easy Localization] [DEBUG] Build[0m
Web Tests (0)	UNKNOWN STEP	2026-02-25T20:05:31.7075209Z [90m[🌎 Easy Localization] [DEBUG] Init Localization Delegate[0m
Web Tests (0)	UNKNOWN STEP	2026-02-25T20:05:31.7076081Z [90m[🌎 Easy Localization] [DEBUG] Init provider[0m
Web Tests (0)	UNKNOWN STEP	2026-02-25T20:05:31.7077078Z [34m[🌎 Easy Localization] [WARNING] Localization key [auth.login.inputs.username_label] not found[0m
Web Tests (0)	UNKNOWN STEP	2026-02-25T20:05:31.7078390Z [34m[🌎 Easy Localization] [WARNING] Localization key [auth.login.inputs.password_label] not found[0m
Web Tests (0)	UNKNOWN STEP	2026-02-25T20:05:31.7079762Z [34m[🌎 Easy Localization] [WARNING] Localization key [auth.login.buttons.login_label] not found[0m
Web Tests (0)	UNKNOWN STEP	2026-02-25T20:05:31.7081107Z [34m[🌎 Easy Localization] [WARNING] Localization key [auth.login.buttons.register_web_label] not found[0m
Web Tests (0)	UNKNOWN STEP	2026-02-25T20:05:31.7082460Z [34m[🌎 Easy Localization] [WARNING] Localization key [auth.login.buttons.sso_label] not found[0m
Web Tests (0)	UNKNOWN STEP	2026-02-25T20:05:31.7084097Z 00:01 +7: Real-world server login flow fixtures tchncs.de — shows password form + 5 named SSO buttons (GitHub, Codeberg, GitLab, Google, Zitadel)
Web Tests (0)	UNKNOWN STEP	2026-02-25T20:05:31.8966004Z [90m[🌎 Easy Localization] [DEBUG] Start[0m
Web Tests (0)	UNKNOWN STEP	2026-02-25T20:05:31.8975826Z [90m[🌎 Easy Localization] [DEBUG] Init state[0m
Web Tests (0)	UNKNOWN STEP	2026-02-25T20:05:31.8976567Z [90m[🌎 Easy Localization] [DEBUG] Build[0m
Web Tests (0)	UNKNOWN STEP	2026-02-25T20:05:31.8983057Z [90m[🌎 Easy Localization] [DEBUG] Init Localization Delegate[0m
Web Tests (0)	UNKNOWN STEP	2026-02-25T20:05:31.8984428Z [90m[🌎 Easy Localization] [DEBUG] Init provider[0m
Web Tests (0)	UNKNOWN STEP	2026-02-25T20:05:31.8988291Z [34m[🌎 Easy Localization] [WARNING] Localization key [auth.login.inputs.username_label] not found[0m
Web Tests (0)	UNKNOWN STEP	2026-02-25T20:05:31.8992252Z [34m[🌎 Easy Localization] [WARNING] Localization key [auth.login.inputs.password_label] not found[0m
Web Tests (0)	UNKNOWN STEP	2026-02-25T20:05:31.8993939Z [34m[🌎 Easy Localization] [WARNING] Localization key [auth.login.buttons.login_label] not found[0m
Web Tests (0)	UNKNOWN STEP	2026-02-25T20:05:31.8996786Z [34m[🌎 Easy Localization] [WARNING] Localization key [auth.login.buttons.register_web_label] not found[0m
Web Tests (0)	UNKNOWN STEP	2026-02-25T20:05:31.8998111Z [34m[🌎 Easy Localization] [WARNING] Localization key [auth.login.buttons.sso_label] not found[0m
Web Tests (0)	UNKNOWN STEP	2026-02-25T20:05:31.8999400Z [34m[🌎 Easy Localization] [WARNING] Localization key [auth.login.buttons.sso_label] not found[0m
Web Tests (0)	UNKNOWN STEP	2026-02-25T20:05:31.9000179Z [34m[🌎 Easy Localization] [WARNING] Localization key [auth.login.buttons.sso_label] not found[0m
Web Tests (0)	UNKNOWN STEP	2026-02-25T20:05:31.9000877Z [34m[🌎 Easy Localization] [WARNING] Localization key [auth.login.buttons.sso_label] not found[0m
Web Tests (0)	UNKNOWN STEP	2026-02-25T20:05:31.9001562Z [34m[🌎 Easy Localization] [WARNING] Localization key [auth.login.buttons.sso_label] not found[0m
Web Tests (0)	UNKNOWN STEP	2026-02-25T20:05:31.9002016Z 00:01 +8: (tearDownAll)
Web Tests (0)	UNKNOWN STEP	2026-02-25T20:05:31.9092928Z 00:01 +8: All tests passed!
Web Tests (0)	UNKNOWN STEP	2026-02-25T20:05:32.1239859Z [0;34m[INFO][0m   [0+1+1+1+1+1+1+1+1+1+1+1+1+1+1+1+1+1+1+1+1+1+1+1+1+1+1+1+1+1+1+1+1+1+1+1+1+1+1/49] test/write_filemessage_test.dart
Web Tests (0)	UNKNOWN STEP	2026-02-25T20:05:57.0734564Z 00:00 +0: loading /home/runner/work/substitution/substitution/test/write_filemessage_test.dart
Web Tests (0)	UNKNOWN STEP	2026-02-25T20:06:00.0801668Z 00:00 +0: (setUpAll)
Web Tests (0)	UNKNOWN STEP	2026-02-25T20:06:00.0950494Z [90m[🌎 Easy Localization] [DEBUG] Localization initialized[0m
Web Tests (0)	UNKNOWN STEP	2026-02-25T20:06:00.0961356Z 00:00 +0: FileMessageWrite Widget Tests Smoke: renders FileMessageWrite with room info
Web Tests (0)	UNKNOWN STEP	2026-02-25T20:06:00.4685979Z [90m[🌎 Easy Localization] [DEBUG] Start[0m
Web Tests (0)	UNKNOWN STEP	2026-02-25T20:06:00.4693229Z [90m[🌎 Easy Localization] [DEBUG] Init state[0m
Web Tests (0)	UNKNOWN STEP	2026-02-25T20:06:00.4695602Z [90m[🌎 Easy Localization] [DEBUG] Build[0m
Web Tests (0)	UNKNOWN STEP	2026-02-25T20:06:00.4696239Z [90m[🌎 Easy Localization] [DEBUG] Init Localization Delegate[0m
Web Tests (0)	UNKNOWN STEP	2026-02-25T20:06:00.4696893Z [90m[🌎 Easy Localization] [DEBUG] Init provider[0m
Web Tests (0)	UNKNOWN STEP	2026-02-25T20:06:00.4697740Z [34m[🌎 Easy Localization] [WARNING] Localization key [write.roomheader] not found[0m
Web Tests (0)	UNKNOWN STEP	2026-02-25T20:06:00.4706623Z [34m[🌎 Easy Localization] [WARNING] Localization key [write.roomheader] not found[0m
Web Tests (0)	UNKNOWN STEP	2026-02-25T20:06:00.4707563Z [34m[🌎 Easy Localization] [WARNING] Localization key [error_no_image] not found[0m
Web Tests (0)	UNKNOWN STEP	2026-02-25T20:06:00.4708567Z [34m[🌎 Easy Localization] [WARNING] Localization key [write.filemessage.upload_files] not found[0m
Web Tests (0)	UNKNOWN STEP	2026-02-25T20:06:00.4709437Z 00:00 +1: FileMessageWrite Widget Tests File picker button is present
Web Tests (0)	UNKNOWN STEP	2026-02-25T20:06:00.5922963Z [90m[🌎 Easy Localization] [DEBUG] Start[0m
Web Tests (0)	UNKNOWN STEP	2026-02-25T20:06:00.5924427Z [90m[🌎 Easy Localization] [DEBUG] Init state[0m
Web Tests (0)	UNKNOWN STEP	2026-02-25T20:06:00.5928964Z [90m[🌎 Easy Localization] [DEBUG] Build[0m
Web Tests (0)	UNKNOWN STEP	2026-02-25T20:06:00.5930456Z [90m[🌎 Easy Localization] [DEBUG] Init Localization Delegate[0m
Web Tests (0)	UNKNOWN STEP	2026-02-25T20:06:00.5931561Z [90m[🌎 Easy Localization] [DEBUG] Init provider[0m
Web Tests (0)	UNKNOWN STEP	2026-02-25T20:06:00.5932638Z [34m[🌎 Easy Localization] [WARNING] Localization key [write.roomheader] not found[0m
Web Tests (0)	UNKNOWN STEP	2026-02-25T20:06:00.5933881Z [34m[🌎 Easy Localization] [WARNING] Localization key [write.roomheader] not found[0m
Web Tests (0)	UNKNOWN STEP	2026-02-25T20:06:00.5935302Z [34m[🌎 Easy Localization] [WARNING] Localization key [error_no_image] not found[0m
Web Tests (0)	UNKNOWN STEP	2026-02-25T20:06:00.5936659Z [34m[🌎 Easy Localization] [WARNING] Localization key [write.filemessage.upload_files] not found[0m
Web Tests (0)	UNKNOWN STEP	2026-02-25T20:06:00.5940142Z 00:00 +2: FileMessageWrite Widget Tests Send button is present
Web Tests (0)	UNKNOWN STEP	2026-02-25T20:06:00.6934909Z [90m[🌎 Easy Localization] [DEBUG] Start[0m
Web Tests (0)	UNKNOWN STEP	2026-02-25T20:06:00.6935895Z [90m[🌎 Easy Localization] [DEBUG] Init state[0m
Web Tests (0)	UNKNOWN STEP	2026-02-25T20:06:00.6938063Z [90m[🌎 Easy Localization] [DEBUG] Build[0m
Web Tests (0)	UNKNOWN STEP	2026-02-25T20:06:00.6938822Z [90m[🌎 Easy Localization] [DEBUG] Init Localization Delegate[0m
Web Tests (0)	UNKNOWN STEP	2026-02-25T20:06:00.6939636Z [90m[🌎 Easy Localization] [DEBUG] Init provider[0m
Web Tests (0)	UNKNOWN STEP	2026-02-25T20:06:00.6940981Z [34m[🌎 Easy Localization] [WARNING] Localization key [write.roomheader] not found[0m
Web Tests (0)	UNKNOWN STEP	2026-02-25T20:06:00.6942446Z [34m[🌎 Easy Localization] [WARNING] Localization key [write.roomheader] not found[0m
Web Tests (0)	UNKNOWN STEP	2026-02-25T20:06:00.6943728Z [34m[🌎 Easy Localization] [WARNING] Localization key [error_no_image] not found[0m
Web Tests (0)	UNKNOWN STEP	2026-02-25T20:06:00.6946194Z [34m[🌎 Easy Localization] [WARNING] Localization key [write.filemessage.upload_files] not found[0m
Web Tests (0)	UNKNOWN STEP	2026-02-25T20:06:00.6948119Z 00:00 +3: FileMessageWrite Widget Tests Successful file upload triggers navigation
Web Tests (0)	UNKNOWN STEP	2026-02-25T20:06:00.7830858Z [90m[🌎 Easy Localization] [DEBUG] Start[0m
Web Tests (0)	UNKNOWN STEP	2026-02-25T20:06:00.7832266Z [90m[🌎 Easy Localization] [DEBUG] Init state[0m
Web Tests (0)	UNKNOWN STEP	2026-02-25T20:06:00.7833199Z [90m[🌎 Easy Localization] [DEBUG] Build[0m
Web Tests (0)	UNKNOWN STEP	2026-02-25T20:06:00.7845804Z [90m[🌎 Easy Localization] [DEBUG] Init Localization Delegate[0m
Web Tests (0)	UNKNOWN STEP	2026-02-25T20:06:00.7846928Z [90m[🌎 Easy Localization] [DEBUG] Init provider[0m
Web Tests (0)	UNKNOWN STEP	2026-02-25T20:06:00.7847967Z [34m[🌎 Easy Localization] [WARNING] Localization key [write.roomheader] not found[0m
Web Tests (0)	UNKNOWN STEP	2026-02-25T20:06:00.7850525Z [34m[🌎 Easy Localization] [WARNING] Localization key [write.roomheader] not found[0m
Web Tests (0)	UNKNOWN STEP	2026-02-25T20:06:00.7851609Z [34m[🌎 Easy Localization] [WARNING] Localization key [error_no_image] not found[0m
Web Tests (0)	UNKNOWN STEP	2026-02-25T20:06:00.7852796Z [34m[🌎 Easy Localization] [WARNING] Localization key [write.filemessage.upload_files] not found[0m
Web Tests (0)	UNKNOWN STEP	2026-02-25T20:06:00.7853813Z 00:00 +4: FileMessageWrite Widget Tests Widget renders with reply to eventId
Web Tests (0)	UNKNOWN STEP	2026-02-25T20:06:00.9032817Z [90m[🌎 Easy Localization] [DEBUG] Start[0m
Web Tests (0)	UNKNOWN STEP	2026-02-25T20:06:00.9037723Z [90m[🌎 Easy Localization] [DEBUG] Init state[0m
Web Tests (0)	UNKNOWN STEP	2026-02-25T20:06:00.9038378Z [90m[🌎 Easy Localization] [DEBUG] Build[0m
Web Tests (0)	UNKNOWN STEP	2026-02-25T20:06:00.9039113Z [90m[🌎 Easy Localization] [DEBUG] Init Localization Delegate[0m
Web Tests (0)	UNKNOWN STEP	2026-02-25T20:06:00.9039924Z [90m[🌎 Easy Localization] [DEBUG] Init provider[0m
Web Tests (0)	UNKNOWN STEP	2026-02-25T20:06:00.9040826Z [34m[🌎 Easy Localization] [WARNING] Localization key [write.answer] not found[0m
Web Tests (0)	UNKNOWN STEP	2026-02-25T20:06:00.9041731Z [34m[🌎 Easy Localization] [WARNING] Localization key [write.roomheader] not found[0m
Web Tests (0)	UNKNOWN STEP	2026-02-25T20:06:00.9042370Z [34m[🌎 Easy Localization] [WARNING] Localization key [write.roomheader] not found[0m
Web Tests (0)	UNKNOWN STEP	2026-02-25T20:06:00.9042964Z [34m[🌎 Easy Localization] [WARNING] Localization key [error_no_image] not found[0m
Web Tests (0)	UNKNOWN STEP	2026-02-25T20:06:00.9043621Z [34m[🌎 Easy Localization] [WARNING] Localization key [write.filemessage.upload_files] not found[0m
Web Tests (0)	UNKNOWN STEP	2026-02-25T20:06:00.9045342Z 00:00 +5: FileMessageWrite Widget Tests Failed file upload shows error dialog
Web Tests (0)	UNKNOWN STEP	2026-02-25T20:06:01.0015577Z [90m[🌎 Easy Localization] [DEBUG] Start[0m
Web Tests (0)	UNKNOWN STEP	2026-02-25T20:06:01.0017460Z [90m[🌎 Easy Localization] [DEBUG] Init state[0m
Web Tests (0)	UNKNOWN STEP	2026-02-25T20:06:01.0018126Z [90m[🌎 Easy Localization] [DEBUG] Build[0m
Web Tests (0)	UNKNOWN STEP	2026-02-25T20:06:01.0019393Z [90m[🌎 Easy Localization] [DEBUG] Init Localization Delegate[0m
Web Tests (0)	UNKNOWN STEP	2026-02-25T20:06:01.0020532Z [90m[🌎 Easy Localization] [DEBUG] Init provider[0m
Web Tests (0)	UNKNOWN STEP	2026-02-25T20:06:01.0021972Z [34m[🌎 Easy Localization] [WARNING] Localization key [write.roomheader] not found[0m
Web Tests (0)	UNKNOWN STEP	2026-02-25T20:06:01.0023569Z [34m[🌎 Easy Localization] [WARNING] Localization key [write.roomheader] not found[0m
Web Tests (0)	UNKNOWN STEP	2026-02-25T20:06:01.0024660Z [34m[🌎 Easy Localization] [WARNING] Localization key [error_no_image] not found[0m
Web Tests (0)	UNKNOWN STEP	2026-02-25T20:06:01.0028135Z [34m[🌎 Easy Localization] [WARNING] Localization key [write.filemessage.upload_files] not found[0m
Web Tests (0)	UNKNOWN STEP	2026-02-25T20:06:01.0031080Z 00:00 +6: FileMessageWrite Widget Tests Room info displayed correctly
Web Tests (0)	UNKNOWN STEP	2026-02-25T20:06:01.0891829Z [90m[🌎 Easy Localization] [DEBUG] Start[0m
Web Tests (0)	UNKNOWN STEP	2026-02-25T20:06:01.0892966Z [90m[🌎 Easy Localization] [DEBUG] Init state[0m
Web Tests (0)	UNKNOWN STEP	2026-02-25T20:06:01.0894037Z [90m[🌎 Easy Localization] [DEBUG] Build[0m
Web Tests (0)	UNKNOWN STEP	2026-02-25T20:06:01.0895475Z [90m[🌎 Easy Localization] [DEBUG] Init Localization Delegate[0m
Web Tests (0)	UNKNOWN STEP	2026-02-25T20:06:01.0896805Z [90m[🌎 Easy Localization] [DEBUG] Init provider[0m
Web Tests (0)	UNKNOWN STEP	2026-02-25T20:06:01.0898315Z [34m[🌎 Easy Localization] [WARNING] Localization key [write.roomheader] not found[0m
Web Tests (0)	UNKNOWN STEP	2026-02-25T20:06:01.0900245Z [34m[🌎 Easy Localization] [WARNING] Localization key [write.roomheader] not found[0m
Web Tests (0)	UNKNOWN STEP	2026-02-25T20:06:01.0901341Z [34m[🌎 Easy Localization] [WARNING] Localization key [error_no_image] not found[0m
Web Tests (0)	UNKNOWN STEP	2026-02-25T20:06:01.0902513Z [34m[🌎 Easy Localization] [WARNING] Localization key [write.filemessage.upload_files] not found[0m
Web Tests (0)	UNKNOWN STEP	2026-02-25T20:06:01.0904573Z 00:01 +7: FileMessageWrite Widget Tests Smoke: renders FileMessageWrite with room info
Web Tests (0)	UNKNOWN STEP	2026-02-25T20:06:01.1751258Z [90m[🌎 Easy Localization] [DEBUG] Start[0m
Web Tests (0)	UNKNOWN STEP	2026-02-25T20:06:01.1752465Z [90m[🌎 Easy Localization] [DEBUG] Init state[0m
Web Tests (0)	UNKNOWN STEP	2026-02-25T20:06:01.1753551Z [90m[🌎 Easy Localization] [DEBUG] Build[0m
Web Tests (0)	UNKNOWN STEP	2026-02-25T20:06:01.1756155Z [90m[🌎 Easy Localization] [DEBUG] Init Localization Delegate[0m
Web Tests (0)	UNKNOWN STEP	2026-02-25T20:06:01.1761055Z [90m[🌎 Easy Localization] [DEBUG] Init provider[0m
Web Tests (0)	UNKNOWN STEP	2026-02-25T20:06:01.1766592Z [34m[🌎 Easy Localization] [WARNING] Localization key [write.roomheader] not found[0m
Web Tests (0)	UNKNOWN STEP	2026-02-25T20:06:01.1767767Z [34m[🌎 Easy Localization] [WARNING] Localization key [write.roomheader] not found[0m
Web Tests (0)	UNKNOWN STEP	2026-02-25T20:06:01.1768752Z [34m[🌎 Easy Localization] [WARNING] Localization key [error_no_image] not found[0m
Web Tests (0)	UNKNOWN STEP	2026-02-25T20:06:01.1769945Z [34m[🌎 Easy Localization] [WARNING] Localization key [write.filemessage.upload_files] not found[0m
Web Tests (0)	UNKNOWN STEP	2026-02-25T20:06:01.1771001Z 00:01 +8: FileMessageWrite Widget Tests File picker button is present
Web Tests (0)	UNKNOWN STEP	2026-02-25T20:06:01.2775536Z [90m[🌎 Easy Localization] [DEBUG] Start[0m
Web Tests (0)	UNKNOWN STEP	2026-02-25T20:06:01.2776305Z [90m[🌎 Easy Localization] [DEBUG] Init state[0m
Web Tests (0)	UNKNOWN STEP	2026-02-25T20:06:01.2776987Z [90m[🌎 Easy Localization] [DEBUG] Build[0m
Web Tests (0)	UNKNOWN STEP	2026-02-25T20:06:01.2784813Z [90m[🌎 Easy Localization] [DEBUG] Init Localization Delegate[0m
Web Tests (0)	UNKNOWN STEP	2026-02-25T20:06:01.2786096Z [90m[🌎 Easy Localization] [DEBUG] Init provider[0m
Web Tests (0)	UNKNOWN STEP	2026-02-25T20:06:01.2786995Z [34m[🌎 Easy Localization] [WARNING] Localization key [write.roomheader] not found[0m
Web Tests (0)	UNKNOWN STEP	2026-02-25T20:06:01.2787885Z [34m[🌎 Easy Localization] [WARNING] Localization key [write.roomheader] not found[0m
Web Tests (0)	UNKNOWN STEP	2026-02-25T20:06:01.2788990Z [34m[🌎 Easy Localization] [WARNING] Localization key [error_no_image] not found[0m
Web Tests (0)	UNKNOWN STEP	2026-02-25T20:06:01.2789966Z [34m[🌎 Easy Localization] [WARNING] Localization key [write.filemessage.upload_files] not found[0m
Web Tests (0)	UNKNOWN STEP	2026-02-25T20:06:01.2790518Z 00:01 +9: FileMessageWrite Widget Tests Send button is present
Web Tests (0)	UNKNOWN STEP	2026-02-25T20:06:01.3724516Z [90m[🌎 Easy Localization] [DEBUG] Start[0m
Web Tests (0)	UNKNOWN STEP	2026-02-25T20:06:01.3725199Z [90m[🌎 Easy Localization] [DEBUG] Init state[0m
Web Tests (0)	UNKNOWN STEP	2026-02-25T20:06:01.3725628Z [90m[🌎 Easy Localization] [DEBUG] Build[0m
Web Tests (0)	UNKNOWN STEP	2026-02-25T20:06:01.3727716Z [90m[🌎 Easy Localization] [DEBUG] Init Localization Delegate[0m
Web Tests (0)	UNKNOWN STEP	2026-02-25T20:06:01.3728530Z [90m[🌎 Easy Localization] [DEBUG] Init provider[0m
Web Tests (0)	UNKNOWN STEP	2026-02-25T20:06:01.3729462Z [34m[🌎 Easy Localization] [WARNING] Localization key [write.roomheader] not found[0m
Web Tests (0)	UNKNOWN STEP	2026-02-25T20:06:01.3730557Z [34m[🌎 Easy Localization] [WARNING] Localization key [write.roomheader] not found[0m
Web Tests (0)	UNKNOWN STEP	2026-02-25T20:06:01.3731840Z [34m[🌎 Easy Localization] [WARNING] Localization key [error_no_image] not found[0m
Web Tests (0)	UNKNOWN STEP	2026-02-25T20:06:01.3732667Z [34m[🌎 Easy Localization] [WARNING] Localization key [write.filemessage.upload_files] not found[0m
Web Tests (0)	UNKNOWN STEP	2026-02-25T20:06:01.3734169Z 00:01 +10: FileMessageWrite Widget Tests Successful file upload triggers navigation
Web Tests (0)	UNKNOWN STEP	2026-02-25T20:06:01.4503405Z [90m[🌎 Easy Localization] [DEBUG] Start[0m
Web Tests (0)	UNKNOWN STEP	2026-02-25T20:06:01.4504284Z [90m[🌎 Easy Localization] [DEBUG] Init state[0m
Web Tests (0)	UNKNOWN STEP	2026-02-25T20:06:01.4508534Z [90m[🌎 Easy Localization] [DEBUG] Build[0m
Web Tests (0)	UNKNOWN STEP	2026-02-25T20:06:01.4509340Z [90m[🌎 Easy Localization] [DEBUG] Init Localization Delegate[0m
Web Tests (0)	UNKNOWN STEP	2026-02-25T20:06:01.4510554Z [90m[🌎 Easy Localization] [DEBUG] Init provider[0m
Web Tests (0)	UNKNOWN STEP	2026-02-25T20:06:01.4511534Z [34m[🌎 Easy Localization] [WARNING] Localization key [write.roomheader] not found[0m
Web Tests (0)	UNKNOWN STEP	2026-02-25T20:06:01.4512729Z [34m[🌎 Easy Localization] [WARNING] Localization key [write.roomheader] not found[0m
Web Tests (0)	UNKNOWN STEP	2026-02-25T20:06:01.4513692Z [34m[🌎 Easy Localization] [WARNING] Localization key [error_no_image] not found[0m
Web Tests (0)	UNKNOWN STEP	2026-02-25T20:06:01.4514630Z [34m[🌎 Easy Localization] [WARNING] Localization key [write.filemessage.upload_files] not found[0m
Web Tests (0)	UNKNOWN STEP	2026-02-25T20:06:01.4516903Z 00:01 +11: FileMessageWrite Widget Tests Widget renders with reply to eventId
Web Tests (0)	UNKNOWN STEP	2026-02-25T20:06:01.5438034Z [90m[🌎 Easy Localization] [DEBUG] Start[0m
Web Tests (0)	UNKNOWN STEP	2026-02-25T20:06:01.5440969Z [90m[🌎 Easy Localization] [DEBUG] Init state[0m
Web Tests (0)	UNKNOWN STEP	2026-02-25T20:06:01.5441707Z [90m[🌎 Easy Localization] [DEBUG] Build[0m
Web Tests (0)	UNKNOWN STEP	2026-02-25T20:06:01.5442508Z [90m[🌎 Easy Localization] [DEBUG] Init Localization Delegate[0m
Web Tests (0)	UNKNOWN STEP	2026-02-25T20:06:01.5447984Z [90m[🌎 Easy Localization] [DEBUG] Init provider[0m
Web Tests (0)	UNKNOWN STEP	2026-02-25T20:06:01.5448923Z [34m[🌎 Easy Localization] [WARNING] Localization key [write.answer] not found[0m
Web Tests (0)	UNKNOWN STEP	2026-02-25T20:06:01.5450039Z [34m[🌎 Easy Localization] [WARNING] Localization key [write.roomheader] not found[0m
Web Tests (0)	UNKNOWN STEP	2026-02-25T20:06:01.5451132Z [34m[🌎 Easy Localization] [WARNING] Localization key [write.roomheader] not found[0m
Web Tests (0)	UNKNOWN STEP	2026-02-25T20:06:01.5452050Z [34m[🌎 Easy Localization] [WARNING] Localization key [error_no_image] not found[0m
Web Tests (0)	UNKNOWN STEP	2026-02-25T20:06:01.5453113Z [34m[🌎 Easy Localization] [WARNING] Localization key [write.filemessage.upload_files] not found[0m
Web Tests (0)	UNKNOWN STEP	2026-02-25T20:06:01.5453984Z 00:01 +12: FileMessageWrite Widget Tests Failed file upload shows error dialog
Web Tests (0)	UNKNOWN STEP	2026-02-25T20:06:01.6331326Z [90m[🌎 Easy Localization] [DEBUG] Start[0m
Web Tests (0)	UNKNOWN STEP	2026-02-25T20:06:01.6332067Z [90m[🌎 Easy Localization] [DEBUG] Init state[0m
Web Tests (0)	UNKNOWN STEP	2026-02-25T20:06:01.6333075Z [90m[🌎 Easy Localization] [DEBUG] Build[0m
Web Tests (0)	UNKNOWN STEP	2026-02-25T20:06:01.6333801Z [90m[🌎 Easy Localization] [DEBUG] Init Localization Delegate[0m
Web Tests (0)	UNKNOWN STEP	2026-02-25T20:06:01.6335625Z [90m[🌎 Easy Localization] [DEBUG] Init provider[0m
Web Tests (0)	UNKNOWN STEP	2026-02-25T20:06:01.6336538Z [34m[🌎 Easy Localization] [WARNING] Localization key [write.roomheader] not found[0m
Web Tests (0)	UNKNOWN STEP	2026-02-25T20:06:01.6337999Z [34m[🌎 Easy Localization] [WARNING] Localization key [write.roomheader] not found[0m
Web Tests (0)	UNKNOWN STEP	2026-02-25T20:06:01.6339092Z [34m[🌎 Easy Localization] [WARNING] Localization key [error_no_image] not found[0m
Web Tests (0)	UNKNOWN STEP	2026-02-25T20:06:01.6342426Z [34m[🌎 Easy Localization] [WARNING] Localization key [write.filemessage.upload_files] not found[0m
Web Tests (0)	UNKNOWN STEP	2026-02-25T20:06:01.6343416Z 00:01 +13: FileMessageWrite Widget Tests Room info displayed correctly
Web Tests (0)	UNKNOWN STEP	2026-02-25T20:06:01.7141939Z [90m[🌎 Easy Localization] [DEBUG] Start[0m
Web Tests (0)	UNKNOWN STEP	2026-02-25T20:06:01.7142663Z [90m[🌎 Easy Localization] [DEBUG] Init state[0m
Web Tests (0)	UNKNOWN STEP	2026-02-25T20:06:01.7143298Z [90m[🌎 Easy Localization] [DEBUG] Build[0m
Web Tests (0)	UNKNOWN STEP	2026-02-25T20:06:01.7144007Z [90m[🌎 Easy Localization] [DEBUG] Init Localization Delegate[0m
Web Tests (0)	UNKNOWN STEP	2026-02-25T20:06:01.7144888Z [90m[🌎 Easy Localization] [DEBUG] Init provider[0m
Web Tests (0)	UNKNOWN STEP	2026-02-25T20:06:01.7146577Z [34m[🌎 Easy Localization] [WARNING] Localization key [write.roomheader] not found[0m
Web Tests (0)	UNKNOWN STEP	2026-02-25T20:06:01.7149116Z [34m[🌎 Easy Localization] [WARNING] Localization key [write.roomheader] not found[0m
Web Tests (0)	UNKNOWN STEP	2026-02-25T20:06:01.7150639Z [34m[🌎 Easy Localization] [WARNING] Localization key [error_no_image] not found[0m
Web Tests (0)	UNKNOWN STEP	2026-02-25T20:06:01.7151843Z [34m[🌎 Easy Localization] [WARNING] Localization key [write.filemessage.upload_files] not found[0m
Web Tests (0)	UNKNOWN STEP	2026-02-25T20:06:01.7152649Z 00:01 +14: (tearDownAll)
Web Tests (0)	UNKNOWN STEP	2026-02-25T20:06:01.7249677Z 00:01 +14: All tests passed!
Web Tests (0)	UNKNOWN STEP	2026-02-25T20:06:01.9475660Z [0;34m[INFO][0m   [0+1+1+1+1+1+1+1+1+1+1+1+1+1+1+1+1+1+1+1+1+1+1+1+1+1+1+1+1+1+1+1+1+1+1+1+1+1+1+1/49] test/settings/room_permissions_page_test.dart
Web Tests (0)	UNKNOWN STEP	2026-02-25T20:06:23.9994400Z 00:00 +0: loading /home/runner/work/substitution/substitution/test/settings/room_permissions_page_test.dart
Web Tests (0)	UNKNOWN STEP	2026-02-25T20:06:26.7871025Z 00:00 +0: Room Permissions Page Widget Tests (setUpAll)
Web Tests (0)	UNKNOWN STEP	2026-02-25T20:06:26.8013616Z [90m[🌎 Easy Localization] [DEBUG] Localization initialized[0m
Web Tests (0)	UNKNOWN STEP	2026-02-25T20:06:26.8023136Z 00:00 +0: Room Permissions Page Widget Tests Smoke: renders page and verifies content loads
Web Tests (0)	UNKNOWN STEP	2026-02-25T20:06:27.1701185Z [90m[🌎 Easy Localization] [DEBUG] Start[0m
Web Tests (0)	UNKNOWN STEP	2026-02-25T20:06:27.1701926Z [90m[🌎 Easy Localization] [DEBUG] Init state[0m
Web Tests (0)	UNKNOWN STEP	2026-02-25T20:06:27.1702772Z [90m[🌎 Easy Localization] [DEBUG] Build[0m
Web Tests (0)	UNKNOWN STEP	2026-02-25T20:06:27.1703965Z [90m[🌎 Easy Localization] [DEBUG] Init Localization Delegate[0m
Web Tests (0)	UNKNOWN STEP	2026-02-25T20:06:27.1705196Z [90m[🌎 Easy Localization] [DEBUG] Init provider[0m
Web Tests (0)	UNKNOWN STEP	2026-02-25T20:06:27.1709644Z 00:00 +1: Room Permissions Page Widget Tests Non-admin users see read-only view
Web Tests (0)	UNKNOWN STEP	2026-02-25T20:06:27.2531636Z [90m[🌎 Easy Localization] [DEBUG] Start[0m
Web Tests (0)	UNKNOWN STEP	2026-02-25T20:06:27.2532343Z [90m[🌎 Easy Localization] [DEBUG] Init state[0m
Web Tests (0)	UNKNOWN STEP	2026-02-25T20:06:27.2532965Z [90m[🌎 Easy Localization] [DEBUG] Build[0m
Web Tests (0)	UNKNOWN STEP	2026-02-25T20:06:27.2535152Z [90m[🌎 Easy Localization] [DEBUG] Init Localization Delegate[0m
Web Tests (0)	UNKNOWN STEP	2026-02-25T20:06:27.2536304Z [90m[🌎 Easy Localization] [DEBUG] Init provider[0m
Web Tests (0)	UNKNOWN STEP	2026-02-25T20:06:27.2540264Z 00:00 +2: Room Permissions Page Widget Tests Admin users can access full permissions UI
Web Tests (0)	UNKNOWN STEP	2026-02-25T20:06:27.3534331Z [90m[🌎 Easy Localization] [DEBUG] Start[0m
Web Tests (0)	UNKNOWN STEP	2026-02-25T20:06:27.3535432Z [90m[🌎 Easy Localization] [DEBUG] Init state[0m
Web Tests (0)	UNKNOWN STEP	2026-02-25T20:06:27.3538630Z [90m[🌎 Easy Localization] [DEBUG] Build[0m
Web Tests (0)	UNKNOWN STEP	2026-02-25T20:06:27.3539597Z [90m[🌎 Easy Localization] [DEBUG] Init Localization Delegate[0m
Web Tests (0)	UNKNOWN STEP	2026-02-25T20:06:27.3540528Z [90m[🌎 Easy Localization] [DEBUG] Init provider[0m
Web Tests (0)	UNKNOWN STEP	2026-02-25T20:06:27.3542237Z 00:00 +3: Room Permissions Page Widget Tests Room is fetched correctly on initialization
Web Tests (0)	UNKNOWN STEP	2026-02-25T20:06:27.4532420Z [90m[🌎 Easy Localization] [DEBUG] Start[0m
Web Tests (0)	UNKNOWN STEP	2026-02-25T20:06:27.4533460Z [90m[🌎 Easy Localization] [DEBUG] Init state[0m
Web Tests (0)	UNKNOWN STEP	2026-02-25T20:06:27.4537242Z [90m[🌎 Easy Localization] [DEBUG] Build[0m
Web Tests (0)	UNKNOWN STEP	2026-02-25T20:06:27.4538083Z [90m[🌎 Easy Localization] [DEBUG] Init Localization Delegate[0m
Web Tests (0)	UNKNOWN STEP	2026-02-25T20:06:27.4538831Z [90m[🌎 Easy Localization] [DEBUG] Init provider[0m
Web Tests (0)	UNKNOWN STEP	2026-02-25T20:06:27.4542714Z 00:00 +4: Room Permissions Page Widget Tests (tearDownAll)
Web Tests (0)	UNKNOWN STEP	2026-02-25T20:06:27.4646011Z 00:00 +4: All tests passed!
Web Tests (0)	UNKNOWN STEP	2026-02-25T20:06:27.6770653Z [0;34m[INFO][0m   [0+1+1+1+1+1+1+1+1+1+1+1+1+1+1+1+1+1+1+1+1+1+1+1+1+1+1+1+1+1+1+1+1+1+1+1+1+1+1+1+1/49] test/settings/profile_page_test.dart
Web Tests (0)	UNKNOWN STEP	2026-02-25T20:06:49.7369361Z 00:00 +0: loading /home/runner/work/substitution/substitution/test/settings/profile_page_test.dart
Web Tests (0)	UNKNOWN STEP	2026-02-25T20:06:52.4500482Z 00:00 +0: (setUpAll)
Web Tests (0)	UNKNOWN STEP	2026-02-25T20:06:52.4629023Z [90m[🌎 Easy Localization] [DEBUG] Localization initialized[0m
Web Tests (0)	UNKNOWN STEP	2026-02-25T20:06:52.4639024Z 00:00 +0: Smoke: renders display name field, avatar, save button
Web Tests (0)	UNKNOWN STEP	2026-02-25T20:06:52.9506999Z [90m[🌎 Easy Localization] [DEBUG] Start[0m
Web Tests (0)	UNKNOWN STEP	2026-02-25T20:06:52.9546121Z [90m[🌎 Easy Localization] [DEBUG] Init state[0m
Web Tests (0)	UNKNOWN STEP	2026-02-25T20:06:52.9546970Z [90m[🌎 Easy Localization] [DEBUG] Build[0m
Web Tests (0)	UNKNOWN STEP	2026-02-25T20:06:52.9547978Z [90m[🌎 Easy Localization] [DEBUG] Init Localization Delegate[0m
Web Tests (0)	UNKNOWN STEP	2026-02-25T20:06:52.9548977Z [90m[🌎 Easy Localization] [DEBUG] Init provider[0m
Web Tests (0)	UNKNOWN STEP	2026-02-25T20:06:52.9550070Z 00:00 +1: Displays current profile data
Web Tests (0)	UNKNOWN STEP	2026-02-25T20:06:53.1531988Z [90m[🌎 Easy Localization] [DEBUG] Start[0m
Web Tests (0)	UNKNOWN STEP	2026-02-25T20:06:53.1533863Z [90m[🌎 Easy Localization] [DEBUG] Init state[0m
Web Tests (0)	UNKNOWN STEP	2026-02-25T20:06:53.1537074Z [90m[🌎 Easy Localization] [DEBUG] Build[0m
Web Tests (0)	UNKNOWN STEP	2026-02-25T20:06:53.1538570Z [90m[🌎 Easy Localization] [DEBUG] Init Localization Delegate[0m
Web Tests (0)	UNKNOWN STEP	2026-02-25T20:06:53.1539474Z [90m[🌎 Easy Localization] [DEBUG] Init provider[0m
Web Tests (0)	UNKNOWN STEP	2026-02-25T20:06:53.1543381Z 00:00 +2: Edit name + tap save -> calls setDisplayName()
Web Tests (0)	UNKNOWN STEP	2026-02-25T20:06:53.3097951Z [90m[🌎 Easy Localization] [DEBUG] Start[0m
Web Tests (0)	UNKNOWN STEP	2026-02-25T20:06:53.3104729Z [90m[🌎 Easy Localization] [DEBUG] Init state[0m
Web Tests (0)	UNKNOWN STEP	2026-02-25T20:06:53.3105823Z [90m[🌎 Easy Localization] [DEBUG] Build[0m
Web Tests (0)	UNKNOWN STEP	2026-02-25T20:06:53.3106762Z [90m[🌎 Easy Localization] [DEBUG] Init Localization Delegate[0m
Web Tests (0)	UNKNOWN STEP	2026-02-25T20:06:53.3111809Z [90m[🌎 Easy Localization] [DEBUG] Init provider[0m
Web Tests (0)	UNKNOWN STEP	2026-02-25T20:06:53.3121000Z 00:00 +3: Tap avatar -> opens file picker
Web Tests (0)	UNKNOWN STEP	2026-02-25T20:06:53.4626055Z [90m[🌎 Easy Localization] [DEBUG] Start[0m
Web Tests (0)	UNKNOWN STEP	2026-02-25T20:06:53.4626916Z [90m[🌎 Easy Localization] [DEBUG] Init state[0m
Web Tests (0)	UNKNOWN STEP	2026-02-25T20:06:53.4627564Z [90m[🌎 Easy Localization] [DEBUG] Build[0m
Web Tests (0)	UNKNOWN STEP	2026-02-25T20:06:53.4629799Z [90m[🌎 Easy Localization] [DEBUG] Init Localization Delegate[0m
Web Tests (0)	UNKNOWN STEP	2026-02-25T20:06:53.4630614Z [90m[🌎 Easy Localization] [DEBUG] Init provider[0m
Web Tests (0)	UNKNOWN STEP	2026-02-25T20:06:53.4634418Z 00:01 +4: Select file + save -> calls setAvatar()
Web Tests (0)	UNKNOWN STEP	2026-02-25T20:06:53.6171916Z [90m[🌎 Easy Localization] [DEBUG] Start[0m
Web Tests (0)	UNKNOWN STEP	2026-02-25T20:06:53.6172932Z [90m[🌎 Easy Localization] [DEBUG] Init state[0m
Web Tests (0)	UNKNOWN STEP	2026-02-25T20:06:53.6173579Z [90m[🌎 Easy Localization] [DEBUG] Build[0m
Web Tests (0)	UNKNOWN STEP	2026-02-25T20:06:53.6177278Z [90m[🌎 Easy Localization] [DEBUG] Init Localization Delegate[0m
Web Tests (0)	UNKNOWN STEP	2026-02-25T20:06:53.6180529Z [90m[🌎 Easy Localization] [DEBUG] Init provider[0m
Web Tests (0)	UNKNOWN STEP	2026-02-25T20:06:53.6181126Z 00:01 +5: Success shows SnackBar
Web Tests (0)	UNKNOWN STEP	2026-02-25T20:06:53.7643439Z [90m[🌎 Easy Localization] [DEBUG] Start[0m
Web Tests (0)	UNKNOWN STEP	2026-02-25T20:06:53.7645165Z [90m[🌎 Easy Localization] [DEBUG] Init state[0m
Web Tests (0)	UNKNOWN STEP	2026-02-25T20:06:53.7647519Z [90m[🌎 Easy Localization] [DEBUG] Build[0m
Web Tests (0)	UNKNOWN STEP	2026-02-25T20:06:53.7649411Z [90m[🌎 Easy Localization] [DEBUG] Init Localization Delegate[0m
Web Tests (0)	UNKNOWN STEP	2026-02-25T20:06:53.7650428Z [90m[🌎 Easy Localization] [DEBUG] Init provider[0m
Web Tests (0)	UNKNOWN STEP	2026-02-25T20:06:53.7654097Z 00:01 +6: Error shows AlertDialog
Web Tests (0)	UNKNOWN STEP	2026-02-25T20:06:53.9017914Z [90m[🌎 Easy Localization] [DEBUG] Start[0m
Web Tests (0)	UNKNOWN STEP	2026-02-25T20:06:53.9018646Z [90m[🌎 Easy Localization] [DEBUG] Init state[0m
Web Tests (0)	UNKNOWN STEP	2026-02-25T20:06:53.9019275Z [90m[🌎 Easy Localization] [DEBUG] Build[0m
Web Tests (0)	UNKNOWN STEP	2026-02-25T20:06:53.9021390Z [90m[🌎 Easy Localization] [DEBUG] Init Localization Delegate[0m
Web Tests (0)	UNKNOWN STEP	2026-02-25T20:06:53.9022497Z [90m[🌎 Easy Localization] [DEBUG] Init provider[0m
Web Tests (0)	UNKNOWN STEP	2026-02-25T20:06:53.9026379Z 00:01 +7: Loading state during save
Web Tests (0)	UNKNOWN STEP	2026-02-25T20:06:54.0341302Z [90m[🌎 Easy Localization] [DEBUG] Start[0m
Web Tests (0)	UNKNOWN STEP	2026-02-25T20:06:54.0366028Z [90m[🌎 Easy Localization] [DEBUG] Init state[0m
Web Tests (0)	UNKNOWN STEP	2026-02-25T20:06:54.0366895Z [90m[🌎 Easy Localization] [DEBUG] Build[0m
Web Tests (0)	UNKNOWN STEP	2026-02-25T20:06:54.0370903Z [90m[🌎 Easy Localization] [DEBUG] Init Localization Delegate[0m
Web Tests (0)	UNKNOWN STEP	2026-02-25T20:06:54.0371775Z [90m[🌎 Easy Localization] [DEBUG] Init provider[0m
Web Tests (0)	UNKNOWN STEP	2026-02-25T20:06:54.0372380Z 00:01 +8: (tearDownAll)
Web Tests (0)	UNKNOWN STEP	2026-02-25T20:06:54.0543154Z 00:01 +8: All tests passed!
Web Tests (0)	UNKNOWN STEP	2026-02-25T20:06:54.2682520Z [0;34m[INFO][0m   [0+1+1+1+1+1+1+1+1+1+1+1+1+1+1+1+1+1+1+1+1+1+1+1+1+1+1+1+1+1+1+1+1+1+1+1+1+1+1+1+1+1/49] test/settings/key_verification_page_test.dart
Web Tests (0)	UNKNOWN STEP	2026-02-25T20:07:14.7580957Z 00:00 +0: loading /home/runner/work/substitution/substitution/test/settings/key_verification_page_test.dart
Web Tests (0)	UNKNOWN STEP	2026-02-25T20:07:17.0708169Z 00:00 +0: Key Verification Page Widget Tests Device list structure
Web Tests (0)	UNKNOWN STEP	2026-02-25T20:07:17.0830322Z 00:00 +1: Key Verification Page Widget Tests Unverified device shows verify capability
Web Tests (0)	UNKNOWN STEP	2026-02-25T20:07:17.0861291Z 00:00 +2: Key Verification Page Widget Tests Blocking a device updates status
Web Tests (0)	UNKNOWN STEP	2026-02-25T20:07:17.0895628Z 00:00 +3: Key Verification Page Widget Tests Confirmed emojis mark device verified
Web Tests (0)	UNKNOWN STEP	2026-02-25T20:07:17.0935458Z 00:00 +4: Key Verification Page Widget Tests Verify button functionality
Web Tests (0)	UNKNOWN STEP	2026-02-25T20:07:17.0976696Z 00:00 +5: Key Verification Page Widget Tests Block button functionality
Web Tests (0)	UNKNOWN STEP	2026-02-25T20:07:17.1093426Z 00:00 +6: All tests passed!
Web Tests (0)	UNKNOWN STEP	2026-02-25T20:07:17.3183890Z [0;34m[INFO][0m   [0+1+1+1+1+1+1+1+1+1+1+1+1+1+1+1+1+1+1+1+1+1+1+1+1+1+1+1+1+1+1+1+1+1+1+1+1+1+1+1+1+1+1/49] test/settings/followfeeds_join_test.dart
Web Tests (0)	UNKNOWN STEP	2026-02-25T20:07:41.1005821Z 00:00 +0: loading /home/runner/work/substitution/substitution/test/settings/followfeeds_join_test.dart
Web Tests (0)	UNKNOWN STEP	2026-02-25T20:07:43.8417345Z 00:00 +0: (setUpAll)
Web Tests (0)	UNKNOWN STEP	2026-02-25T20:07:43.8562870Z [90m[🌎 Easy Localization] [DEBUG] Localization initialized[0m
Web Tests (0)	UNKNOWN STEP	2026-02-25T20:07:43.8572623Z 00:00 +0: FollowFeedSettings Join Widget Tests Smoke: FollowFeedSettings renders
Web Tests (0)	UNKNOWN STEP	2026-02-25T20:07:44.3362526Z [90m[🌎 Easy Localization] [DEBUG] Start[0m
Web Tests (0)	UNKNOWN STEP	2026-02-25T20:07:44.3368804Z [90m[🌎 Easy Localization] [DEBUG] Init state[0m
Web Tests (0)	UNKNOWN STEP	2026-02-25T20:07:44.3374172Z [90m[🌎 Easy Localization] [DEBUG] Build[0m
Web Tests (0)	UNKNOWN STEP	2026-02-25T20:07:44.3375181Z [90m[🌎 Easy Localization] [DEBUG] Init Localization Delegate[0m
Web Tests (0)	UNKNOWN STEP	2026-02-25T20:07:44.3375975Z [90m[🌎 Easy Localization] [DEBUG] Init provider[0m
Web Tests (0)	UNKNOWN STEP	2026-02-25T20:07:44.3377130Z [34m[🌎 Easy Localization] [WARNING] Localization key [settings.followfeeds.filter_server_header] not found[0m
Web Tests (0)	UNKNOWN STEP	2026-02-25T20:07:44.3378629Z [34m[🌎 Easy Localization] [WARNING] Localization key [settings.followfeeds.filter_rooms_header] not found[0m
Web Tests (0)	UNKNOWN STEP	2026-02-25T20:07:44.3379986Z [34m[🌎 Easy Localization] [WARNING] Localization key [settings.followfeeds.roomname_placeholder] not found[0m
Web Tests (0)	UNKNOWN STEP	2026-02-25T20:07:44.3381113Z [FollowFeeds] Fetching rooms for generation 0, server: 'matrix.org', search: 'null'
Web Tests (0)	UNKNOWN STEP	2026-02-25T20:07:44.3381802Z [FollowFeeds] Calling queryPublicRooms...
Web Tests (0)	UNKNOWN STEP	2026-02-25T20:07:44.3382888Z [34m[🌎 Easy Localization] [WARNING] Localization key [settings.followfeeds.filter_server_header] not found[0m
Web Tests (0)	UNKNOWN STEP	2026-02-25T20:07:44.3384339Z [34m[🌎 Easy Localization] [WARNING] Localization key [settings.followfeeds.filter_rooms_header] not found[0m
Web Tests (0)	UNKNOWN STEP	2026-02-25T20:07:44.3385739Z [34m[🌎 Easy Localization] [WARNING] Localization key [settings.followfeeds.roomname_placeholder] not found[0m
Web Tests (0)	UNKNOWN STEP	2026-02-25T20:07:44.3386543Z [34m[🌎 Easy Localization] [WARNING] Localization key [settings.followfeeds.buttons.add_server] not found[0m
Web Tests (0)	UNKNOWN STEP	2026-02-25T20:07:44.3387601Z [34m[🌎 Easy Localization] [WARNING] Localization key [settings.ownfeeds.buttons.create_room] not found[0m
Web Tests (0)	UNKNOWN STEP	2026-02-25T20:07:44.3388345Z [34m[🌎 Easy Localization] [WARNING] Localization key [settings.followfeeds.no_rooms_found] not found[0m
Web Tests (0)	UNKNOWN STEP	2026-02-25T20:07:44.3389644Z 00:00 +1: FollowFeedSettings Join Widget Tests Tap join icon on unjoined room calls joinRoom
Web Tests (0)	UNKNOWN STEP	2026-02-25T20:07:44.5993962Z [90m[🌎 Easy Localization] [DEBUG] Start[0m
Web Tests (0)	UNKNOWN STEP	2026-02-25T20:07:44.5994704Z [90m[🌎 Easy Localization] [DEBUG] Init state[0m
Web Tests (0)	UNKNOWN STEP	2026-02-25T20:07:44.5995621Z [90m[🌎 Easy Localization] [DEBUG] Build[0m
Web Tests (0)	UNKNOWN STEP	2026-02-25T20:07:44.5996337Z [90m[🌎 Easy Localization] [DEBUG] Init Localization Delegate[0m
Web Tests (0)	UNKNOWN STEP	2026-02-25T20:07:44.5997049Z [90m[🌎 Easy Localization] [DEBUG] Init provider[0m
Web Tests (0)	UNKNOWN STEP	2026-02-25T20:07:44.5998148Z [34m[🌎 Easy Localization] [WARNING] Localization key [settings.followfeeds.filter_server_header] not found[0m
Web Tests (0)	UNKNOWN STEP	2026-02-25T20:07:44.5999594Z [34m[🌎 Easy Localization] [WARNING] Localization key [settings.followfeeds.filter_rooms_header] not found[0m
Web Tests (0)	UNKNOWN STEP	2026-02-25T20:07:44.6001007Z [34m[🌎 Easy Localization] [WARNING] Localization key [settings.followfeeds.roomname_placeholder] not found[0m
Web Tests (0)	UNKNOWN STEP	2026-02-25T20:07:44.6002348Z [FollowFeeds] Fetching rooms for generation 0, server: 'matrix.org', search: 'null'
Web Tests (0)	UNKNOWN STEP	2026-02-25T20:07:44.6003106Z [FollowFeeds] Calling queryPublicRooms...
Web Tests (0)	UNKNOWN STEP	2026-02-25T20:07:44.6004174Z [34m[🌎 Easy Localization] [WARNING] Localization key [settings.followfeeds.filter_server_header] not found[0m
Web Tests (0)	UNKNOWN STEP	2026-02-25T20:07:44.6006061Z [34m[🌎 Easy Localization] [WARNING] Localization key [settings.followfeeds.filter_rooms_header] not found[0m
Web Tests (0)	UNKNOWN STEP	2026-02-25T20:07:44.6007564Z [34m[🌎 Easy Localization] [WARNING] Localization key [settings.followfeeds.roomname_placeholder] not found[0m
Web Tests (0)	UNKNOWN STEP	2026-02-25T20:07:44.6009002Z [34m[🌎 Easy Localization] [WARNING] Localization key [settings.followfeeds.buttons.add_server] not found[0m
Web Tests (0)	UNKNOWN STEP	2026-02-25T20:07:44.6010413Z [34m[🌎 Easy Localization] [WARNING] Localization key [settings.ownfeeds.buttons.create_room] not found[0m
Web Tests (0)	UNKNOWN STEP	2026-02-25T20:07:44.6011646Z [34m[🌎 Easy Localization] [WARNING] Localization key [settings.room.desc] not found[0m
Web Tests (0)	UNKNOWN STEP	2026-02-25T20:07:44.6012760Z [34m[🌎 Easy Localization] [WARNING] Localization key [settings.room.join] not found[0m
Web Tests (0)	UNKNOWN STEP	2026-02-25T20:07:44.6013813Z 00:00 +2: FollowFeedSettings Join Widget Tests After successful join, widget shows leave icon
Web Tests (0)	UNKNOWN STEP	2026-02-25T20:07:44.7558800Z [90m[🌎 Easy Localization] [DEBUG] Start[0m
Web Tests (0)	UNKNOWN STEP	2026-02-25T20:07:44.7562226Z [90m[🌎 Easy Localization] [DEBUG] Init state[0m
Web Tests (0)	UNKNOWN STEP	2026-02-25T20:07:44.7568026Z [90m[🌎 Easy Localization] [DEBUG] Build[0m
Web Tests (0)	UNKNOWN STEP	2026-02-25T20:07:44.7568807Z [90m[🌎 Easy Localization] [DEBUG] Init Localization Delegate[0m
Web Tests (0)	UNKNOWN STEP	2026-02-25T20:07:44.7573816Z [90m[🌎 Easy Localization] [DEBUG] Init provider[0m
Web Tests (0)	UNKNOWN STEP	2026-02-25T20:07:44.7574914Z [34m[🌎 Easy Localization] [WARNING] Localization key [settings.followfeeds.filter_server_header] not found[0m
Web Tests (0)	UNKNOWN STEP	2026-02-25T20:07:44.7576564Z [34m[🌎 Easy Localization] [WARNING] Localization key [settings.followfeeds.filter_rooms_header] not found[0m
Web Tests (0)	UNKNOWN STEP	2026-02-25T20:07:44.7578001Z [34m[🌎 Easy Localization] [WARNING] Localization key [settings.followfeeds.roomname_placeholder] not found[0m
Web Tests (0)	UNKNOWN STEP	2026-02-25T20:07:44.7579120Z [FollowFeeds] Fetching rooms for generation 0, server: 'matrix.org', search: 'null'
Web Tests (0)	UNKNOWN STEP	2026-02-25T20:07:44.7579855Z [FollowFeeds] Calling queryPublicRooms...
Web Tests (0)	UNKNOWN STEP	2026-02-25T20:07:44.7580883Z [34m[🌎 Easy Localization] [WARNING] Localization key [settings.followfeeds.filter_server_header] not found[0m
Web Tests (0)	UNKNOWN STEP	2026-02-25T20:07:44.7582333Z [34m[🌎 Easy Localization] [WARNING] Localization key [settings.followfeeds.filter_rooms_header] not found[0m
Web Tests (0)	UNKNOWN STEP	2026-02-25T20:07:44.7583694Z [34m[🌎 Easy Localization] [WARNING] Localization key [settings.followfeeds.roomname_placeholder] not found[0m
Web Tests (0)	UNKNOWN STEP	2026-02-25T20:07:44.7585346Z [34m[🌎 Easy Localization] [WARNING] Localization key [settings.followfeeds.buttons.add_server] not found[0m
Web Tests (0)	UNKNOWN STEP	2026-02-25T20:07:44.7587362Z [34m[🌎 Easy Localization] [WARNING] Localization key [settings.ownfeeds.buttons.create_room] not found[0m
Web Tests (0)	UNKNOWN STEP	2026-02-25T20:07:44.7588787Z [34m[🌎 Easy Localization] [WARNING] Localization key [settings.followfeeds.no_rooms_found] not found[0m
Web Tests (0)	UNKNOWN STEP	2026-02-25T20:07:44.7589593Z 00:00 +3: (tearDownAll)
Web Tests (0)	UNKNOWN STEP	2026-02-25T20:07:44.7678141Z 00:00 +3: All tests passed!
Web Tests (0)	UNKNOWN STEP	2026-02-25T20:07:44.9806441Z [0;34m[INFO][0m   [0+1+1+1+1+1+1+1+1+1+1+1+1+1+1+1+1+1+1+1+1+1+1+1+1+1+1+1+1+1+1+1+1+1+1+1+1+1+1+1+1+1+1+1/49] test/settings/dialog_create_room_test.dart
Web Tests (0)	UNKNOWN STEP	2026-02-25T20:08:07.0366855Z 00:00 +0: loading /home/runner/work/substitution/substitution/test/settings/dialog_create_room_test.dart
Web Tests (0)	UNKNOWN STEP	2026-02-25T20:08:09.7240378Z 00:00 +0: (setUpAll)
Web Tests (0)	UNKNOWN STEP	2026-02-25T20:08:09.7374733Z [90m[🌎 Easy Localization] [DEBUG] Localization initialized[0m
Web Tests (0)	UNKNOWN STEP	2026-02-25T20:08:09.7385550Z 00:00 +0: DialogCreateRoom Widget Tests Smoke: renders form fields and create button
Web Tests (0)	UNKNOWN STEP	2026-02-25T20:08:10.2051180Z [90m[🌎 Easy Localization] [DEBUG] Start[0m
Web Tests (0)	UNKNOWN STEP	2026-02-25T20:08:10.2070216Z [90m[🌎 Easy Localization] [DEBUG] Init state[0m
Web Tests (0)	UNKNOWN STEP	2026-02-25T20:08:10.2070903Z [90m[🌎 Easy Localization] [DEBUG] Build[0m
Web Tests (0)	UNKNOWN STEP	2026-02-25T20:08:10.2071609Z [90m[🌎 Easy Localization] [DEBUG] Init Localization Delegate[0m
Web Tests (0)	UNKNOWN STEP	2026-02-25T20:08:10.2072345Z [90m[🌎 Easy Localization] [DEBUG] Init provider[0m
Web Tests (0)	UNKNOWN STEP	2026-02-25T20:08:10.2073334Z [34m[🌎 Easy Localization] [WARNING] Localization key [settings.dialog.create.title] not found[0m
Web Tests (0)	UNKNOWN STEP	2026-02-25T20:08:10.2074525Z [34m[🌎 Easy Localization] [WARNING] Localization key [settings.dialog.create.placeholder_name] not found[0m
Web Tests (0)	UNKNOWN STEP	2026-02-25T20:08:10.2076396Z [34m[🌎 Easy Localization] [WARNING] Localization key [settings.dialog.create.placeholder_alias] not found[0m
Web Tests (0)	UNKNOWN STEP	2026-02-25T20:08:10.2077853Z [34m[🌎 Easy Localization] [WARNING] Localization key [settings.dialog.create.placeholder_topic] not found[0m
Web Tests (0)	UNKNOWN STEP	2026-02-25T20:08:10.2079218Z [34m[🌎 Easy Localization] [WARNING] Localization key [settings.dialog.create.submit] not found[0m
Web Tests (0)	UNKNOWN STEP	2026-02-25T20:08:10.2080250Z 00:00 +1: DialogCreateRoom Widget Tests Form contains name, alias, and topic fields
Web Tests (0)	UNKNOWN STEP	2026-02-25T20:08:10.4251907Z [90m[🌎 Easy Localization] [DEBUG] Start[0m
Web Tests (0)	UNKNOWN STEP	2026-02-25T20:08:10.4258586Z [90m[🌎 Easy Localization] [DEBUG] Init state[0m
Web Tests (0)	UNKNOWN STEP	2026-02-25T20:08:10.4259711Z [90m[🌎 Easy Localization] [DEBUG] Build[0m
Web Tests (0)	UNKNOWN STEP	2026-02-25T20:08:10.4260894Z [90m[🌎 Easy Localization] [DEBUG] Init Localization Delegate[0m
Web Tests (0)	UNKNOWN STEP	2026-02-25T20:08:10.4261901Z [90m[🌎 Easy Localization] [DEBUG] Init provider[0m
Web Tests (0)	UNKNOWN STEP	2026-02-25T20:08:10.4264575Z [34m[🌎 Easy Localization] [WARNING] Localization key [settings.dialog.create.title] not found[0m
Web Tests (0)	UNKNOWN STEP	2026-02-25T20:08:10.4270435Z [34m[🌎 Easy Localization] [WARNING] Localization key [settings.dialog.create.placeholder_name] not found[0m
Web Tests (0)	UNKNOWN STEP	2026-02-25T20:08:10.4271865Z [34m[🌎 Easy Localization] [WARNING] Localization key [settings.dialog.create.placeholder_alias] not found[0m
Web Tests (0)	UNKNOWN STEP	2026-02-25T20:08:10.4273200Z [34m[🌎 Easy Localization] [WARNING] Localization key [settings.dialog.create.placeholder_topic] not found[0m
Web Tests (0)	UNKNOWN STEP	2026-02-25T20:08:10.4274609Z [34m[🌎 Easy Localization] [WARNING] Localization key [settings.dialog.create.submit] not found[0m
Web Tests (0)	UNKNOWN STEP	2026-02-25T20:08:10.4275583Z 00:00 +2: DialogCreateRoom Widget Tests Create button calls client.createRoom with correct parameters
Web Tests (0)	UNKNOWN STEP	2026-02-25T20:08:10.8086387Z [90m[🌎 Easy Localization] [DEBUG] Start[0m
Web Tests (0)	UNKNOWN STEP	2026-02-25T20:08:10.8089856Z [90m[🌎 Easy Localization] [DEBUG] Init state[0m
Web Tests (0)	UNKNOWN STEP	2026-02-25T20:08:10.8091662Z [90m[🌎 Easy Localization] [DEBUG] Build[0m
Web Tests (0)	UNKNOWN STEP	2026-02-25T20:08:10.8095485Z [90m[🌎 Easy Localization] [DEBUG] Init Localization Delegate[0m
Web Tests (0)	UNKNOWN STEP	2026-02-25T20:08:10.8096767Z [90m[🌎 Easy Localization] [DEBUG] Init provider[0m
Web Tests (0)	UNKNOWN STEP	2026-02-25T20:08:10.8097929Z [34m[🌎 Easy Localization] [WARNING] Localization key [settings.dialog.create.title] not found[0m
Web Tests (0)	UNKNOWN STEP	2026-02-25T20:08:10.8099594Z [34m[🌎 Easy Localization] [WARNING] Localization key [settings.dialog.create.placeholder_name] not found[0m
Web Tests (0)	UNKNOWN STEP	2026-02-25T20:08:10.8101388Z [34m[🌎 Easy Localization] [WARNING] Localization key [settings.dialog.create.placeholder_alias] not found[0m
Web Tests (0)	UNKNOWN STEP	2026-02-25T20:08:10.8103223Z [34m[🌎 Easy Localization] [WARNING] Localization key [settings.dialog.create.placeholder_topic] not found[0m
Web Tests (0)	UNKNOWN STEP	2026-02-25T20:08:10.8117461Z [34m[🌎 Easy Localization] [WARNING] Localization key [settings.dialog.create.submit] not found[0m
Web Tests (0)	UNKNOWN STEP	2026-02-25T20:08:10.8118774Z [34m[🌎 Easy Localization] [WARNING] Localization key [settings.dialog.create.title] not found[0m
Web Tests (0)	UNKNOWN STEP	2026-02-25T20:08:10.8120191Z [34m[🌎 Easy Localization] [WARNING] Localization key [settings.dialog.create.placeholder_name] not found[0m
Web Tests (0)	UNKNOWN STEP	2026-02-25T20:08:10.8121643Z [34m[🌎 Easy Localization] [WARNING] Localization key [settings.dialog.create.placeholder_alias] not found[0m
Web Tests (0)	UNKNOWN STEP	2026-02-25T20:08:10.8123162Z [34m[🌎 Easy Localization] [WARNING] Localization key [settings.dialog.create.placeholder_topic] not found[0m
Web Tests (0)	UNKNOWN STEP	2026-02-25T20:08:10.8124557Z [34m[🌎 Easy Localization] [WARNING] Localization key [settings.dialog.create.submit] not found[0m
Web Tests (0)	UNKNOWN STEP	2026-02-25T20:08:10.8125949Z 00:01 +3: DialogCreateRoom Widget Tests Successful room creation sets substitution account data
Web Tests (0)	UNKNOWN STEP	2026-02-25T20:08:11.0542046Z [90m[🌎 Easy Localization] [DEBUG] Start[0m
Web Tests (0)	UNKNOWN STEP	2026-02-25T20:08:11.0546668Z [90m[🌎 Easy Localization] [DEBUG] Init state[0m
Web Tests (0)	UNKNOWN STEP	2026-02-25T20:08:11.0549606Z [90m[🌎 Easy Localization] [DEBUG] Build[0m
Web Tests (0)	UNKNOWN STEP	2026-02-25T20:08:11.0550802Z [90m[🌎 Easy Localization] [DEBUG] Init Localization Delegate[0m
Web Tests (0)	UNKNOWN STEP	2026-02-25T20:08:11.0552867Z [90m[🌎 Easy Localization] [DEBUG] Init provider[0m
Web Tests (0)	UNKNOWN STEP	2026-02-25T20:08:11.0556090Z [34m[🌎 Easy Localization] [WARNING] Localization key [settings.dialog.create.title] not found[0m
Web Tests (0)	UNKNOWN STEP	2026-02-25T20:08:11.0557595Z [34m[🌎 Easy Localization] [WARNING] Localization key [settings.dialog.create.placeholder_name] not found[0m
Web Tests (0)	UNKNOWN STEP	2026-02-25T20:08:11.0559144Z [34m[🌎 Easy Localization] [WARNING] Localization key [settings.dialog.create.placeholder_alias] not found[0m
Web Tests (0)	UNKNOWN STEP	2026-02-25T20:08:11.0560635Z [34m[🌎 Easy Localization] [WARNING] Localization key [settings.dialog.create.placeholder_topic] not found[0m
Web Tests (0)	UNKNOWN STEP	2026-02-25T20:08:11.0562031Z [34m[🌎 Easy Localization] [WARNING] Localization key [settings.dialog.create.submit] not found[0m
Web Tests (0)	UNKNOWN STEP	2026-02-25T20:08:11.0563342Z [34m[🌎 Easy Localization] [WARNING] Localization key [settings.dialog.create.title] not found[0m
Web Tests (0)	UNKNOWN STEP	2026-02-25T20:08:11.0564739Z [34m[🌎 Easy Localization] [WARNING] Localization key [settings.dialog.create.placeholder_name] not found[0m
Web Tests (0)	UNKNOWN STEP	2026-02-25T20:08:11.0566371Z [34m[🌎 Easy Localization] [WARNING] Localization key [settings.dialog.create.placeholder_alias] not found[0m
Web Tests (0)	UNKNOWN STEP	2026-02-25T20:08:11.0567812Z [34m[🌎 Easy Localization] [WARNING] Localization key [settings.dialog.create.placeholder_topic] not found[0m
Web Tests (0)	UNKNOWN STEP	2026-02-25T20:08:11.0569181Z [34m[🌎 Easy Localization] [WARNING] Localization key [settings.dialog.create.submit] not found[0m
Web Tests (0)	UNKNOWN STEP	2026-02-25T20:08:11.0570351Z 00:01 +4: DialogCreateRoom Widget Tests Empty room name shows validation error or prevents submission
Web Tests (0)	UNKNOWN STEP	2026-02-25T20:08:11.2233306Z [90m[🌎 Easy Localization] [DEBUG] Start[0m
Web Tests (0)	UNKNOWN STEP	2026-02-25T20:08:11.2234023Z [90m[🌎 Easy Localization] [DEBUG] Init state[0m
Web Tests (0)	UNKNOWN STEP	2026-02-25T20:08:11.2234662Z [90m[🌎 Easy Localization] [DEBUG] Build[0m
Web Tests (0)	UNKNOWN STEP	2026-02-25T20:08:11.2235596Z [90m[🌎 Easy Localization] [DEBUG] Init Localization Delegate[0m
Web Tests (0)	UNKNOWN STEP	2026-02-25T20:08:11.2236334Z [90m[🌎 Easy Localization] [DEBUG] Init provider[0m
Web Tests (0)	UNKNOWN STEP	2026-02-25T20:08:11.2237324Z [34m[🌎 Easy Localization] [WARNING] Localization key [settings.dialog.create.title] not found[0m
Web Tests (0)	UNKNOWN STEP	2026-02-25T20:08:11.2238734Z [34m[🌎 Easy Localization] [WARNING] Localization key [settings.dialog.create.placeholder_name] not found[0m
Web Tests (0)	UNKNOWN STEP	2026-02-25T20:08:11.2240215Z [34m[🌎 Easy Localization] [WARNING] Localization key [settings.dialog.create.placeholder_alias] not found[0m
Web Tests (0)	UNKNOWN STEP	2026-02-25T20:08:11.2241704Z [34m[🌎 Easy Localization] [WARNING] Localization key [settings.dialog.create.placeholder_topic] not found[0m
Web Tests (0)	UNKNOWN STEP	2026-02-25T20:08:11.2243053Z [34m[🌎 Easy Localization] [WARNING] Localization key [settings.dialog.create.submit] not found[0m
Web Tests (0)	UNKNOWN STEP	2026-02-25T20:08:11.2244095Z 00:01 +5: DialogCreateRoom Widget Tests Failed room creation shows error dialog
Web Tests (0)	UNKNOWN STEP	2026-02-25T20:08:11.4559602Z [90m[🌎 Easy Localization] [DEBUG] Start[0m
Web Tests (0)	UNKNOWN STEP	2026-02-25T20:08:11.4560484Z [90m[🌎 Easy Localization] [DEBUG] Init state[0m
Web Tests (0)	UNKNOWN STEP	2026-02-25T20:08:11.4561264Z [90m[🌎 Easy Localization] [DEBUG] Build[0m
Web Tests (0)	UNKNOWN STEP	2026-02-25T20:08:11.4562451Z [90m[🌎 Easy Localization] [DEBUG] Init Localization Delegate[0m
Web Tests (0)	UNKNOWN STEP	2026-02-25T20:08:11.4563733Z [90m[🌎 Easy Localization] [DEBUG] Init provider[0m
Web Tests (0)	UNKNOWN STEP	2026-02-25T20:08:11.4566049Z [34m[🌎 Easy Localization] [WARNING] Localization key [settings.dialog.create.title] not found[0m
Web Tests (0)	UNKNOWN STEP	2026-02-25T20:08:11.4568125Z [34m[🌎 Easy Localization] [WARNING] Localization key [settings.dialog.create.placeholder_name] not found[0m
Web Tests (0)	UNKNOWN STEP	2026-02-25T20:08:11.4570557Z [34m[🌎 Easy Localization] [WARNING] Localization key [settings.dialog.create.placeholder_alias] not found[0m
Web Tests (0)	UNKNOWN STEP	2026-02-25T20:08:11.4572724Z [34m[🌎 Easy Localization] [WARNING] Localization key [settings.dialog.create.placeholder_topic] not found[0m
Web Tests (0)	UNKNOWN STEP	2026-02-25T20:08:11.4574188Z [34m[🌎 Easy Localization] [WARNING] Localization key [settings.dialog.create.submit] not found[0m
Web Tests (0)	UNKNOWN STEP	2026-02-25T20:08:11.4575742Z [34m[🌎 Easy Localization] [WARNING] Localization key [settings.dialog.create.title] not found[0m
Web Tests (0)	UNKNOWN STEP	2026-02-25T20:08:11.4577206Z [34m[🌎 Easy Localization] [WARNING] Localization key [settings.dialog.create.placeholder_name] not found[0m
Web Tests (0)	UNKNOWN STEP	2026-02-25T20:08:11.4579017Z [34m[🌎 Easy Localization] [WARNING] Localization key [settings.dialog.create.placeholder_alias] not found[0m
Web Tests (0)	UNKNOWN STEP	2026-02-25T20:08:11.4580445Z [34m[🌎 Easy Localization] [WARNING] Localization key [settings.dialog.create.placeholder_topic] not found[0m
Web Tests (0)	UNKNOWN STEP	2026-02-25T20:08:11.4581754Z [34m[🌎 Easy Localization] [WARNING] Localization key [settings.dialog.create.submit] not found[0m
Web Tests (0)	UNKNOWN STEP	2026-02-25T20:08:11.4582893Z 00:01 +6: DialogCreateRoom Widget Tests Loading state shows progress indicator during room creation
Web Tests (0)	UNKNOWN STEP	2026-02-25T20:08:11.6373705Z [90m[🌎 Easy Localization] [DEBUG] Start[0m
Web Tests (0)	UNKNOWN STEP	2026-02-25T20:08:11.6394812Z [90m[🌎 Easy Localization] [DEBUG] Init state[0m
Web Tests (0)	UNKNOWN STEP	2026-02-25T20:08:11.6395917Z [90m[🌎 Easy Localization] [DEBUG] Build[0m
Web Tests (0)	UNKNOWN STEP	2026-02-25T20:08:11.6396900Z [90m[🌎 Easy Localization] [DEBUG] Init Localization Delegate[0m
Web Tests (0)	UNKNOWN STEP	2026-02-25T20:08:11.6397813Z [90m[🌎 Easy Localization] [DEBUG] Init provider[0m
Web Tests (0)	UNKNOWN STEP	2026-02-25T20:08:11.6399033Z [34m[🌎 Easy Localization] [WARNING] Localization key [settings.dialog.create.title] not found[0m
Web Tests (0)	UNKNOWN STEP	2026-02-25T20:08:11.6400550Z [34m[🌎 Easy Localization] [WARNING] Localization key [settings.dialog.create.placeholder_name] not found[0m
Web Tests (0)	UNKNOWN STEP	2026-02-25T20:08:11.6402041Z [34m[🌎 Easy Localization] [WARNING] Localization key [settings.dialog.create.placeholder_alias] not found[0m
Web Tests (0)	UNKNOWN STEP	2026-02-25T20:08:11.6404417Z [34m[🌎 Easy Localization] [WARNING] Localization key [settings.dialog.create.placeholder_topic] not found[0m
Web Tests (0)	UNKNOWN STEP	2026-02-25T20:08:11.6406215Z [34m[🌎 Easy Localization] [WARNING] Localization key [settings.dialog.create.submit] not found[0m
Web Tests (0)	UNKNOWN STEP	2026-02-25T20:08:11.6406959Z 00:01 +7: (tearDownAll)
Web Tests (0)	UNKNOWN STEP	2026-02-25T20:08:11.6575788Z 00:01 +7: All tests passed!
Web Tests (0)	UNKNOWN STEP	2026-02-25T20:08:11.8731826Z [0;34m[INFO][0m   [0+1+1+1+1+1+1+1+1+1+1+1+1+1+1+1+1+1+1+1+1+1+1+1+1+1+1+1+1+1+1+1+1+1+1+1+1+1+1+1+1+1+1+1+1/49] test/settings/followfeeds_search_test.dart
Web Tests (0)	UNKNOWN STEP	2026-02-25T20:08:34.1073069Z 00:00 +0: loading /home/runner/work/substitution/substitution/test/settings/followfeeds_search_test.dart
Web Tests (0)	UNKNOWN STEP	2026-02-25T20:08:36.8933213Z 00:00 +0: (setUpAll)
Web Tests (0)	UNKNOWN STEP	2026-02-25T20:08:36.9110577Z [90m[🌎 Easy Localization] [DEBUG] Localization initialized[0m
Web Tests (0)	UNKNOWN STEP	2026-02-25T20:08:36.9121555Z 00:00 +0: FollowFeedSettings Search Widget Tests Smoke: FollowFeedSettings renders text field and submit button
Web Tests (0)	UNKNOWN STEP	2026-02-25T20:08:37.4056528Z [90m[🌎 Easy Localization] [DEBUG] Start[0m
Web Tests (0)	UNKNOWN STEP	2026-02-25T20:08:37.4057535Z [90m[🌎 Easy Localization] [DEBUG] Init state[0m
Web Tests (0)	UNKNOWN STEP	2026-02-25T20:08:37.4065549Z [90m[🌎 Easy Localization] [DEBUG] Build[0m
Web Tests (0)	UNKNOWN STEP	2026-02-25T20:08:37.4104778Z [90m[🌎 Easy Localization] [DEBUG] Init Localization Delegate[0m
Web Tests (0)	UNKNOWN STEP	2026-02-25T20:08:37.4110876Z [90m[🌎 Easy Localization] [DEBUG] Init provider[0m
Web Tests (0)	UNKNOWN STEP	2026-02-25T20:08:37.4112161Z [34m[🌎 Easy Localization] [WARNING] Localization key [settings.followfeeds.filter_server_header] not found[0m
Web Tests (0)	UNKNOWN STEP	2026-02-25T20:08:37.4113610Z [34m[🌎 Easy Localization] [WARNING] Localization key [settings.followfeeds.filter_rooms_header] not found[0m
Web Tests (0)	UNKNOWN STEP	2026-02-25T20:08:37.4132093Z [34m[🌎 Easy Localization] [WARNING] Localization key [settings.followfeeds.roomname_placeholder] not found[0m
Web Tests (0)	UNKNOWN STEP	2026-02-25T20:08:37.4133373Z [FollowFeeds] Fetching rooms for generation 0, server: 'matrix.org', search: 'null'
Web Tests (0)	UNKNOWN STEP	2026-02-25T20:08:37.4134139Z [FollowFeeds] Calling queryPublicRooms...
Web Tests (0)	UNKNOWN STEP	2026-02-25T20:08:37.4155521Z [34m[🌎 Easy Localization] [WARNING] Localization key [settings.followfeeds.filter_server_header] not found[0m
Web Tests (0)	UNKNOWN STEP	2026-02-25T20:08:37.4157034Z [34m[🌎 Easy Localization] [WARNING] Localization key [settings.followfeeds.filter_rooms_header] not found[0m
Web Tests (0)	UNKNOWN STEP	2026-02-25T20:08:37.4158487Z [34m[🌎 Easy Localization] [WARNING] Localization key [settings.followfeeds.roomname_placeholder] not found[0m
Web Tests (0)	UNKNOWN STEP	2026-02-25T20:08:37.4159917Z [34m[🌎 Easy Localization] [WARNING] Localization key [settings.followfeeds.buttons.add_server] not found[0m
Web Tests (0)	UNKNOWN STEP	2026-02-25T20:08:37.4161321Z [34m[🌎 Easy Localization] [WARNING] Localization key [settings.ownfeeds.buttons.create_room] not found[0m
Web Tests (0)	UNKNOWN STEP	2026-02-25T20:08:37.4162666Z [34m[🌎 Easy Localization] [WARNING] Localization key [settings.followfeeds.no_rooms_found] not found[0m
Web Tests (0)	UNKNOWN STEP	2026-02-25T20:08:37.4164050Z 00:00 +1: FollowFeedSettings Search Widget Tests Entering text triggers room search
Web Tests (0)	UNKNOWN STEP	2026-02-25T20:08:37.6699072Z [90m[🌎 Easy Localization] [DEBUG] Start[0m
Web Tests (0)	UNKNOWN STEP	2026-02-25T20:08:37.6703076Z [90m[🌎 Easy Localization] [DEBUG] Init state[0m
Web Tests (0)	UNKNOWN STEP	2026-02-25T20:08:37.6709758Z [90m[🌎 Easy Localization] [DEBUG] Build[0m
Web Tests (0)	UNKNOWN STEP	2026-02-25T20:08:37.6710976Z [90m[🌎 Easy Localization] [DEBUG] Init Localization Delegate[0m
Web Tests (0)	UNKNOWN STEP	2026-02-25T20:08:37.6712185Z [90m[🌎 Easy Localization] [DEBUG] Init provider[0m
Web Tests (0)	UNKNOWN STEP	2026-02-25T20:08:37.6713707Z [34m[🌎 Easy Localization] [WARNING] Localization key [settings.followfeeds.filter_server_header] not found[0m
Web Tests (0)	UNKNOWN STEP	2026-02-25T20:08:37.6720454Z [34m[🌎 Easy Localization] [WARNING] Localization key [settings.followfeeds.filter_rooms_header] not found[0m
Web Tests (0)	UNKNOWN STEP	2026-02-25T20:08:37.6721934Z [34m[🌎 Easy Localization] [WARNING] Localization key [settings.followfeeds.roomname_placeholder] not found[0m
Web Tests (0)	UNKNOWN STEP	2026-02-25T20:08:37.6723121Z [FollowFeeds] Fetching rooms for generation 0, server: 'matrix.org', search: 'null'
Web Tests (0)	UNKNOWN STEP	2026-02-25T20:08:37.6723920Z [FollowFeeds] Calling queryPublicRooms...
Web Tests (0)	UNKNOWN STEP	2026-02-25T20:08:37.6730908Z [34m[🌎 Easy Localization] [WARNING] Localization key [settings.followfeeds.filter_server_header] not found[0m
Web Tests (0)	UNKNOWN STEP	2026-02-25T20:08:37.6732585Z [34m[🌎 Easy Localization] [WARNING] Localization key [settings.followfeeds.filter_rooms_header] not found[0m
Web Tests (0)	UNKNOWN STEP	2026-02-25T20:08:37.6734428Z [34m[🌎 Easy Localization] [WARNING] Localization key [settings.followfeeds.roomname_placeholder] not found[0m
Web Tests (0)	UNKNOWN STEP	2026-02-25T20:08:37.6735775Z [34m[🌎 Easy Localization] [WARNING] Localization key [settings.followfeeds.buttons.add_server] not found[0m
Web Tests (0)	UNKNOWN STEP	2026-02-25T20:08:37.6736719Z [34m[🌎 Easy Localization] [WARNING] Localization key [settings.ownfeeds.buttons.create_room] not found[0m
Web Tests (0)	UNKNOWN STEP	2026-02-25T20:08:37.6738008Z [34m[🌎 Easy Localization] [WARNING] Localization key [settings.room.desc] not found[0m
Web Tests (0)	UNKNOWN STEP	2026-02-25T20:08:37.6739127Z [34m[🌎 Easy Localization] [WARNING] Localization key [settings.room.join] not found[0m
Web Tests (0)	UNKNOWN STEP	2026-02-25T20:08:37.6740172Z 00:00 +2: FollowFeedSettings Search Widget Tests Search results displayed as RoomWidget list
Web Tests (0)	UNKNOWN STEP	2026-02-25T20:08:37.8994750Z [90m[🌎 Easy Localization] [DEBUG] Start[0m
Web Tests (0)	UNKNOWN STEP	2026-02-25T20:08:37.8996197Z [90m[🌎 Easy Localization] [DEBUG] Init state[0m
Web Tests (0)	UNKNOWN STEP	2026-02-25T20:08:37.8998671Z [90m[🌎 Easy Localization] [DEBUG] Build[0m
Web Tests (0)	UNKNOWN STEP	2026-02-25T20:08:37.9006929Z [90m[🌎 Easy Localization] [DEBUG] Init Localization Delegate[0m
Web Tests (0)	UNKNOWN STEP	2026-02-25T20:08:37.9009316Z [90m[🌎 Easy Localization] [DEBUG] Init provider[0m
Web Tests (0)	UNKNOWN STEP	2026-02-25T20:08:37.9010509Z [34m[🌎 Easy Localization] [WARNING] Localization key [settings.followfeeds.filter_server_header] not found[0m
Web Tests (0)	UNKNOWN STEP	2026-02-25T20:08:37.9012054Z [34m[🌎 Easy Localization] [WARNING] Localization key [settings.followfeeds.filter_rooms_header] not found[0m
Web Tests (0)	UNKNOWN STEP	2026-02-25T20:08:37.9013567Z [34m[🌎 Easy Localization] [WARNING] Localization key [settings.followfeeds.roomname_placeholder] not found[0m
Web Tests (0)	UNKNOWN STEP	2026-02-25T20:08:37.9014637Z [FollowFeeds] Fetching rooms for generation 0, server: 'matrix.org', search: 'null'
Web Tests (0)	UNKNOWN STEP	2026-02-25T20:08:37.9015586Z [FollowFeeds] Calling queryPublicRooms...
Web Tests (0)	UNKNOWN STEP	2026-02-25T20:08:37.9016230Z [34m[🌎 Easy Localization] [WARNING] Localization key [settings.followfeeds.filter_server_header] not found[0m
Web Tests (0)	UNKNOWN STEP	2026-02-25T20:08:37.9017123Z [34m[🌎 Easy Localization] [WARNING] Localization key [settings.followfeeds.filter_rooms_header] not found[0m
Web Tests (0)	UNKNOWN STEP	2026-02-25T20:08:37.9018560Z [34m[🌎 Easy Localization] [WARNING] Localization key [settings.followfeeds.roomname_placeholder] not found[0m
Web Tests (0)	UNKNOWN STEP	2026-02-25T20:08:37.9019599Z [34m[🌎 Easy Localization] [WARNING] Localization key [settings.followfeeds.buttons.add_server] not found[0m
Web Tests (0)	UNKNOWN STEP	2026-02-25T20:08:37.9020553Z [34m[🌎 Easy Localization] [WARNING] Localization key [settings.ownfeeds.buttons.create_room] not found[0m
Web Tests (0)	UNKNOWN STEP	2026-02-25T20:08:37.9021510Z [34m[🌎 Easy Localization] [WARNING] Localization key [settings.room.desc] not found[0m
Web Tests (0)	UNKNOWN STEP	2026-02-25T20:08:37.9022530Z [34m[🌎 Easy Localization] [WARNING] Localization key [settings.room.join] not found[0m
Web Tests (0)	UNKNOWN STEP	2026-02-25T20:08:37.9023233Z [34m[🌎 Easy Localization] [WARNING] Localization key [settings.room.desc] not found[0m
Web Tests (0)	UNKNOWN STEP	2026-02-25T20:08:37.9024228Z [34m[🌎 Easy Localization] [WARNING] Localization key [settings.room.join] not found[0m
Web Tests (0)	UNKNOWN STEP	2026-02-25T20:08:37.9024799Z 00:01 +3: FollowFeedSettings Search Widget Tests Empty results shows appropriate state
Web Tests (0)	UNKNOWN STEP	2026-02-25T20:08:38.0491666Z [90m[🌎 Easy Localization] [DEBUG] Start[0m
Web Tests (0)	UNKNOWN STEP	2026-02-25T20:08:38.0503188Z [90m[🌎 Easy Localization] [DEBUG] Init state[0m
Web Tests (0)	UNKNOWN STEP	2026-02-25T20:08:38.0503876Z [90m[🌎 Easy Localization] [DEBUG] Build[0m
Web Tests (0)	UNKNOWN STEP	2026-02-25T20:08:38.0504636Z [90m[🌎 Easy Localization] [DEBUG] Init Localization Delegate[0m
Web Tests (0)	UNKNOWN STEP	2026-02-25T20:08:38.0505657Z [90m[🌎 Easy Localization] [DEBUG] Init provider[0m
Web Tests (0)	UNKNOWN STEP	2026-02-25T20:08:38.0506732Z [34m[🌎 Easy Localization] [WARNING] Localization key [settings.followfeeds.filter_server_header] not found[0m
Web Tests (0)	UNKNOWN STEP	2026-02-25T20:08:38.0508218Z [34m[🌎 Easy Localization] [WARNING] Localization key [settings.followfeeds.filter_rooms_header] not found[0m
Web Tests (0)	UNKNOWN STEP	2026-02-25T20:08:38.0509666Z [34m[🌎 Easy Localization] [WARNING] Localization key [settings.followfeeds.roomname_placeholder] not found[0m
Web Tests (0)	UNKNOWN STEP	2026-02-25T20:08:38.0510799Z [FollowFeeds] Fetching rooms for generation 0, server: 'matrix.org', search: 'null'
Web Tests (0)	UNKNOWN STEP	2026-02-25T20:08:38.0511535Z [FollowFeeds] Calling queryPublicRooms...
Web Tests (0)	UNKNOWN STEP	2026-02-25T20:08:38.0512938Z [34m[🌎 Easy Localization] [WARNING] Localization key [settings.followfeeds.filter_server_header] not found[0m
Web Tests (0)	UNKNOWN STEP	2026-02-25T20:08:38.0514358Z [34m[🌎 Easy Localization] [WARNING] Localization key [settings.followfeeds.filter_rooms_header] not found[0m
Web Tests (0)	UNKNOWN STEP	2026-02-25T20:08:38.0523819Z [34m[🌎 Easy Localization] [WARNING] Localization key [settings.followfeeds.roomname_placeholder] not found[0m
Web Tests (0)	UNKNOWN STEP	2026-02-25T20:08:38.0529255Z [34m[🌎 Easy Localization] [WARNING] Localization key [settings.followfeeds.buttons.add_server] not found[0m
Web Tests (0)	UNKNOWN STEP	2026-02-25T20:08:38.0530700Z [34m[🌎 Easy Localization] [WARNING] Localization key [settings.ownfeeds.buttons.create_room] not found[0m
Web Tests (0)	UNKNOWN STEP	2026-02-25T20:08:38.0532025Z [34m[🌎 Easy Localization] [WARNING] Localization key [settings.followfeeds.no_rooms_found] not found[0m
Web Tests (0)	UNKNOWN STEP	2026-02-25T20:08:38.0533158Z 00:01 +4: FollowFeedSettings Search Widget Tests Scrolling to bottom loads next page
Web Tests (0)	UNKNOWN STEP	2026-02-25T20:08:38.2208421Z [90m[🌎 Easy Localization] [DEBUG] Start[0m
Web Tests (0)	UNKNOWN STEP	2026-02-25T20:08:38.2211843Z [90m[🌎 Easy Localization] [DEBUG] Init state[0m
Web Tests (0)	UNKNOWN STEP	2026-02-25T20:08:38.2212917Z [90m[🌎 Easy Localization] [DEBUG] Build[0m
Web Tests (0)	UNKNOWN STEP	2026-02-25T20:08:38.2218219Z [90m[🌎 Easy Localization] [DEBUG] Init Localization Delegate[0m
Web Tests (0)	UNKNOWN STEP	2026-02-25T20:08:38.2219114Z [90m[🌎 Easy Localization] [DEBUG] Init provider[0m
Web Tests (0)	UNKNOWN STEP	2026-02-25T20:08:38.2220246Z [34m[🌎 Easy Localization] [WARNING] Localization key [settings.followfeeds.filter_server_header] not found[0m
Web Tests (0)	UNKNOWN STEP	2026-02-25T20:08:38.2221788Z [34m[🌎 Easy Localization] [WARNING] Localization key [settings.followfeeds.filter_rooms_header] not found[0m
Web Tests (0)	UNKNOWN STEP	2026-02-25T20:08:38.2226503Z [34m[🌎 Easy Localization] [WARNING] Localization key [settings.followfeeds.roomname_placeholder] not found[0m
Web Tests (0)	UNKNOWN STEP	2026-02-25T20:08:38.2227677Z [FollowFeeds] Fetching rooms for generation 0, server: 'matrix.org', search: 'null'
Web Tests (0)	UNKNOWN STEP	2026-02-25T20:08:38.2228460Z [FollowFeeds] Calling queryPublicRooms...
Web Tests (0)	UNKNOWN STEP	2026-02-25T20:08:38.2229563Z [34m[🌎 Easy Localization] [WARNING] Localization key [settings.followfeeds.filter_server_header] not found[0m
Web Tests (0)	UNKNOWN STEP	2026-02-25T20:08:38.2231070Z [34m[🌎 Easy Localization] [WARNING] Localization key [settings.followfeeds.filter_rooms_header] not found[0m
Web Tests (0)	UNKNOWN STEP	2026-02-25T20:08:38.2232556Z [34m[🌎 Easy Localization] [WARNING] Localization key [settings.followfeeds.roomname_placeholder] not found[0m
Web Tests (0)	UNKNOWN STEP	2026-02-25T20:08:38.2240225Z [34m[🌎 Easy Localization] [WARNING] Localization key [settings.followfeeds.buttons.add_server] not found[0m
Web Tests (0)	UNKNOWN STEP	2026-02-25T20:08:38.2256880Z [34m[🌎 Easy Localization] [WARNING] Localization key [settings.ownfeeds.buttons.create_room] not found[0m
Web Tests (0)	UNKNOWN STEP	2026-02-25T20:08:38.2258613Z [34m[🌎 Easy Localization] [WARNING] Localization key [settings.room.desc] not found[0m
Web Tests (0)	UNKNOWN STEP	2026-02-25T20:08:38.2259947Z [34m[🌎 Easy Localization] [WARNING] Localization key [settings.room.join] not found[0m
Web Tests (0)	UNKNOWN STEP	2026-02-25T20:08:38.2261043Z [FollowFeeds] Fetching rooms for generation 0, server: 'matrix.org', search: 'null'
Web Tests (0)	UNKNOWN STEP	2026-02-25T20:08:38.2261977Z [FollowFeeds] Calling queryPublicRooms...
Web Tests (0)	UNKNOWN STEP	2026-02-25T20:08:38.2262940Z 00:01 +5: FollowFeedSettings Search Widget Tests Add server button opens DialogAddServer
Web Tests (0)	UNKNOWN STEP	2026-02-25T20:08:38.3660543Z [90m[🌎 Easy Localization] [DEBUG] Start[0m
Web Tests (0)	UNKNOWN STEP	2026-02-25T20:08:38.3667225Z [90m[🌎 Easy Localization] [DEBUG] Init state[0m
Web Tests (0)	UNKNOWN STEP	2026-02-25T20:08:38.3668674Z [90m[🌎 Easy Localization] [DEBUG] Build[0m
Web Tests (0)	UNKNOWN STEP	2026-02-25T20:08:38.3669453Z [90m[🌎 Easy Localization] [DEBUG] Init Localization Delegate[0m
Web Tests (0)	UNKNOWN STEP	2026-02-25T20:08:38.3670231Z [90m[🌎 Easy Localization] [DEBUG] Init provider[0m
Web Tests (0)	UNKNOWN STEP	2026-02-25T20:08:38.3671393Z [34m[🌎 Easy Localization] [WARNING] Localization key [settings.followfeeds.filter_server_header] not found[0m
Web Tests (0)	UNKNOWN STEP	2026-02-25T20:08:38.3672881Z [34m[🌎 Easy Localization] [WARNING] Localization key [settings.followfeeds.filter_rooms_header] not found[0m
Web Tests (0)	UNKNOWN STEP	2026-02-25T20:08:38.3674343Z [34m[🌎 Easy Localization] [WARNING] Localization key [settings.followfeeds.roomname_placeholder] not found[0m
Web Tests (0)	UNKNOWN STEP	2026-02-25T20:08:38.3675875Z [FollowFeeds] Fetching rooms for generation 0, server: 'matrix.org', search: 'null'
Web Tests (0)	UNKNOWN STEP	2026-02-25T20:08:38.3676544Z [FollowFeeds] Calling queryPublicRooms...
Web Tests (0)	UNKNOWN STEP	2026-02-25T20:08:38.3677473Z [34m[🌎 Easy Localization] [WARNING] Localization key [settings.followfeeds.filter_server_header] not found[0m
Web Tests (0)	UNKNOWN STEP	2026-02-25T20:08:38.3678445Z [34m[🌎 Easy Localization] [WARNING] Localization key [settings.followfeeds.filter_rooms_header] not found[0m
Web Tests (0)	UNKNOWN STEP	2026-02-25T20:08:38.3681001Z [34m[🌎 Easy Localization] [WARNING] Localization key [settings.followfeeds.roomname_placeholder] not found[0m
Web Tests (0)	UNKNOWN STEP	2026-02-25T20:08:38.3682463Z [34m[🌎 Easy Localization] [WARNING] Localization key [settings.followfeeds.buttons.add_server] not found[0m
Web Tests (0)	UNKNOWN STEP	2026-02-25T20:08:38.3683865Z [34m[🌎 Easy Localization] [WARNING] Localization key [settings.ownfeeds.buttons.create_room] not found[0m
Web Tests (0)	UNKNOWN STEP	2026-02-25T20:08:38.3685399Z [34m[🌎 Easy Localization] [WARNING] Localization key [settings.followfeeds.no_rooms_found] not found[0m
Web Tests (0)	UNKNOWN STEP	2026-02-25T20:08:38.3686255Z 00:01 +6: (tearDownAll)
Web Tests (0)	UNKNOWN STEP	2026-02-25T20:08:38.3778238Z 00:01 +6: All tests passed!
Web Tests (0)	UNKNOWN STEP	2026-02-25T20:08:38.6005376Z [0;34m[INFO][0m   [0+1+1+1+1+1+1+1+1+1+1+1+1+1+1+1+1+1+1+1+1+1+1+1+1+1+1+1+1+1+1+1+1+1+1+1+1+1+1+1+1+1+1+1+1+1/49] test/settings/followfeeds_leave_test.dart
Web Tests (0)	UNKNOWN STEP	2026-02-25T20:09:01.0903401Z 00:00 +0: loading /home/runner/work/substitution/substitution/test/settings/followfeeds_leave_test.dart
Web Tests (0)	UNKNOWN STEP	2026-02-25T20:09:03.9754358Z 00:00 +0: (setUpAll)
Web Tests (0)	UNKNOWN STEP	2026-02-25T20:09:03.9934320Z [90m[🌎 Easy Localization] [DEBUG] Localization initialized[0m
Web Tests (0)	UNKNOWN STEP	2026-02-25T20:09:03.9945909Z 00:00 +0: FollowFeedSettings Leave Widget Tests Smoke: FollowFeedSettings renders
Web Tests (0)	UNKNOWN STEP	2026-02-25T20:09:04.5019372Z [90m[🌎 Easy Localization] [DEBUG] Start[0m
Web Tests (0)	UNKNOWN STEP	2026-02-25T20:09:04.5030630Z [90m[🌎 Easy Localization] [DEBUG] Init state[0m
Web Tests (0)	UNKNOWN STEP	2026-02-25T20:09:04.5033044Z [90m[🌎 Easy Localization] [DEBUG] Build[0m
Web Tests (0)	UNKNOWN STEP	2026-02-25T20:09:04.5033714Z [90m[🌎 Easy Localization] [DEBUG] Init Localization Delegate[0m
Web Tests (0)	UNKNOWN STEP	2026-02-25T20:09:04.5034429Z [90m[🌎 Easy Localization] [DEBUG] Init provider[0m
Web Tests (0)	UNKNOWN STEP	2026-02-25T20:09:04.5035710Z [34m[🌎 Easy Localization] [WARNING] Localization key [settings.followfeeds.filter_server_header] not found[0m
Web Tests (0)	UNKNOWN STEP	2026-02-25T20:09:04.5037043Z [34m[🌎 Easy Localization] [WARNING] Localization key [settings.followfeeds.filter_rooms_header] not found[0m
Web Tests (0)	UNKNOWN STEP	2026-02-25T20:09:04.5066318Z [34m[🌎 Easy Localization] [WARNING] Localization key [settings.followfeeds.roomname_placeholder] not found[0m
Web Tests (0)	UNKNOWN STEP	2026-02-25T20:09:04.5067514Z [FollowFeeds] Fetching rooms for generation 0, server: 'matrix.org', search: 'null'
Web Tests (0)	UNKNOWN STEP	2026-02-25T20:09:04.5068886Z [FollowFeeds] Calling queryPublicRooms...
Web Tests (0)	UNKNOWN STEP	2026-02-25T20:09:04.5070069Z [34m[🌎 Easy Localization] [WARNING] Localization key [settings.followfeeds.filter_server_header] not found[0m
Web Tests (0)	UNKNOWN STEP	2026-02-25T20:09:04.5071590Z [34m[🌎 Easy Localization] [WARNING] Localization key [settings.followfeeds.filter_rooms_header] not found[0m
Web Tests (0)	UNKNOWN STEP	2026-02-25T20:09:04.5073045Z [34m[🌎 Easy Localization] [WARNING] Localization key [settings.followfeeds.roomname_placeholder] not found[0m
Web Tests (0)	UNKNOWN STEP	2026-02-25T20:09:04.5075495Z [34m[🌎 Easy Localization] [WARNING] Localization key [settings.followfeeds.buttons.add_server] not found[0m
Web Tests (0)	UNKNOWN STEP	2026-02-25T20:09:04.5077507Z [34m[🌎 Easy Localization] [WARNING] Localization key [settings.ownfeeds.buttons.create_room] not found[0m
Web Tests (0)	UNKNOWN STEP	2026-02-25T20:09:04.5078917Z [34m[🌎 Easy Localization] [WARNING] Localization key [settings.followfeeds.no_rooms_found] not found[0m
Web Tests (0)	UNKNOWN STEP	2026-02-25T20:09:04.5083405Z 00:00 +1: FollowFeedSettings Leave Widget Tests Tap leave icon on joined room calls leaveRoom
Web Tests (0)	UNKNOWN STEP	2026-02-25T20:09:04.6849134Z [90m[🌎 Easy Localization] [DEBUG] Start[0m
Web Tests (0)	UNKNOWN STEP	2026-02-25T20:09:04.6857488Z [90m[🌎 Easy Localization] [DEBUG] Init state[0m
Web Tests (0)	UNKNOWN STEP	2026-02-25T20:09:04.6858966Z [90m[🌎 Easy Localization] [DEBUG] Build[0m
Web Tests (0)	UNKNOWN STEP	2026-02-25T20:09:04.6859782Z [90m[🌎 Easy Localization] [DEBUG] Init Localization Delegate[0m
Web Tests (0)	UNKNOWN STEP	2026-02-25T20:09:04.6860336Z [90m[🌎 Easy Localization] [DEBUG] Init provider[0m
Web Tests (0)	UNKNOWN STEP	2026-02-25T20:09:04.6861643Z [34m[🌎 Easy Localization] [WARNING] Localization key [settings.followfeeds.filter_server_header] not found[0m
Web Tests (0)	UNKNOWN STEP	2026-02-25T20:09:04.6863102Z [34m[🌎 Easy Localization] [WARNING] Localization key [settings.followfeeds.filter_rooms_header] not found[0m
Web Tests (0)	UNKNOWN STEP	2026-02-25T20:09:04.6864748Z [34m[🌎 Easy Localization] [WARNING] Localization key [settings.followfeeds.roomname_placeholder] not found[0m
Web Tests (0)	UNKNOWN STEP	2026-02-25T20:09:04.6866099Z [FollowFeeds] Fetching rooms for generation 0, server: 'matrix.org', search: 'null'
Web Tests (0)	UNKNOWN STEP	2026-02-25T20:09:04.6866887Z [FollowFeeds] Calling queryPublicRooms...
Web Tests (0)	UNKNOWN STEP	2026-02-25T20:09:04.6868013Z [34m[🌎 Easy Localization] [WARNING] Localization key [settings.followfeeds.filter_server_header] not found[0m
Web Tests (0)	UNKNOWN STEP	2026-02-25T20:09:04.6869490Z [34m[🌎 Easy Localization] [WARNING] Localization key [settings.followfeeds.filter_rooms_header] not found[0m
Web Tests (0)	UNKNOWN STEP	2026-02-25T20:09:04.6870943Z [34m[🌎 Easy Localization] [WARNING] Localization key [settings.followfeeds.roomname_placeholder] not found[0m
Web Tests (0)	UNKNOWN STEP	2026-02-25T20:09:04.6872416Z [34m[🌎 Easy Localization] [WARNING] Localization key [settings.followfeeds.buttons.add_server] not found[0m
Web Tests (0)	UNKNOWN STEP	2026-02-25T20:09:04.6873862Z [34m[🌎 Easy Localization] [WARNING] Localization key [settings.ownfeeds.buttons.create_room] not found[0m
Web Tests (0)	UNKNOWN STEP	2026-02-25T20:09:04.6875467Z [34m[🌎 Easy Localization] [WARNING] Localization key [settings.followfeeds.no_rooms_found] not found[0m
Web Tests (0)	UNKNOWN STEP	2026-02-25T20:09:04.6876605Z 00:00 +2: FollowFeedSettings Leave Widget Tests After leaving, widget shows join icon
Web Tests (0)	UNKNOWN STEP	2026-02-25T20:09:04.8413666Z [90m[🌎 Easy Localization] [DEBUG] Start[0m
Web Tests (0)	UNKNOWN STEP	2026-02-25T20:09:04.8420062Z [90m[🌎 Easy Localization] [DEBUG] Init state[0m
Web Tests (0)	UNKNOWN STEP	2026-02-25T20:09:04.8424780Z [90m[🌎 Easy Localization] [DEBUG] Build[0m
Web Tests (0)	UNKNOWN STEP	2026-02-25T20:09:04.8426318Z [90m[🌎 Easy Localization] [DEBUG] Init Localization Delegate[0m
Web Tests (0)	UNKNOWN STEP	2026-02-25T20:09:04.8427175Z [90m[🌎 Easy Localization] [DEBUG] Init provider[0m
Web Tests (0)	UNKNOWN STEP	2026-02-25T20:09:04.8428392Z [34m[🌎 Easy Localization] [WARNING] Localization key [settings.followfeeds.filter_server_header] not found[0m
Web Tests (0)	UNKNOWN STEP	2026-02-25T20:09:04.8430034Z [34m[🌎 Easy Localization] [WARNING] Localization key [settings.followfeeds.filter_rooms_header] not found[0m
Web Tests (0)	UNKNOWN STEP	2026-02-25T20:09:04.8431631Z [34m[🌎 Easy Localization] [WARNING] Localization key [settings.followfeeds.roomname_placeholder] not found[0m
Web Tests (0)	UNKNOWN STEP	2026-02-25T20:09:04.8432741Z [FollowFeeds] Fetching rooms for generation 0, server: 'matrix.org', search: 'null'
Web Tests (0)	UNKNOWN STEP	2026-02-25T20:09:04.8441871Z [FollowFeeds] Calling queryPublicRooms...
Web Tests (0)	UNKNOWN STEP	2026-02-25T20:09:04.8445907Z [34m[🌎 Easy Localization] [WARNING] Localization key [settings.followfeeds.filter_server_header] not found[0m
Web Tests (0)	UNKNOWN STEP	2026-02-25T20:09:04.8447384Z [34m[🌎 Easy Localization] [WARNING] Localization key [settings.followfeeds.filter_rooms_header] not found[0m
Web Tests (0)	UNKNOWN STEP	2026-02-25T20:09:04.8449064Z [34m[🌎 Easy Localization] [WARNING] Localization key [settings.followfeeds.roomname_placeholder] not found[0m
Web Tests (0)	UNKNOWN STEP	2026-02-25T20:09:04.8450657Z [34m[🌎 Easy Localization] [WARNING] Localization key [settings.followfeeds.buttons.add_server] not found[0m
Web Tests (0)	UNKNOWN STEP	2026-02-25T20:09:04.8453071Z [34m[🌎 Easy Localization] [WARNING] Localization key [settings.ownfeeds.buttons.create_room] not found[0m
Web Tests (0)	UNKNOWN STEP	2026-02-25T20:09:04.8454445Z [34m[🌎 Easy Localization] [WARNING] Localization key [settings.followfeeds.no_rooms_found] not found[0m
Web Tests (0)	UNKNOWN STEP	2026-02-25T20:09:04.8455499Z 00:00 +3: (tearDownAll)
Web Tests (0)	UNKNOWN STEP	2026-02-25T20:09:04.8646168Z 00:00 +3: All tests passed!
Web Tests (0)	UNKNOWN STEP	2026-02-25T20:09:05.0888848Z [0;34m[INFO][0m   [0+1+1+1+1+1+1+1+1+1+1+1+1+1+1+1+1+1+1+1+1+1+1+1+1+1+1+1+1+1+1+1+1+1+1+1+1+1+1+1+1+1+1+1+1+1+1/49] test/settings/clear_cache_test.dart
Web Tests (0)	UNKNOWN STEP	2026-02-25T20:09:26.8844051Z 00:00 +0: loading /home/runner/work/substitution/substitution/test/settings/clear_cache_test.dart
Web Tests (0)	UNKNOWN STEP	2026-02-25T20:09:29.5866748Z 00:00 +0: (setUpAll)
Web Tests (0)	UNKNOWN STEP	2026-02-25T20:09:29.6069883Z [90m[🌎 Easy Localization] [DEBUG] Localization initialized[0m
Web Tests (0)	UNKNOWN STEP	2026-02-25T20:09:29.6081594Z 00:00 +0: Clear Cache dialog renders with warning
Web Tests (0)	UNKNOWN STEP	2026-02-25T20:09:29.9057495Z [90m[🌎 Easy Localization] [DEBUG] Start[0m
Web Tests (0)	UNKNOWN STEP	2026-02-25T20:09:29.9059294Z [90m[🌎 Easy Localization] [DEBUG] Init state[0m
Web Tests (0)	UNKNOWN STEP	2026-02-25T20:09:29.9063326Z [90m[🌎 Easy Localization] [DEBUG] Build[0m
Web Tests (0)	UNKNOWN STEP	2026-02-25T20:09:29.9064196Z [90m[🌎 Easy Localization] [DEBUG] Init Localization Delegate[0m
Web Tests (0)	UNKNOWN STEP	2026-02-25T20:09:29.9065201Z [90m[🌎 Easy Localization] [DEBUG] Init provider[0m
Web Tests (0)	UNKNOWN STEP	2026-02-25T20:09:29.9067792Z 00:00 +1: Tapping button opens confirmation dialog
Web Tests (0)	UNKNOWN STEP	2026-02-25T20:09:30.0968289Z [90m[🌎 Easy Localization] [DEBUG] Start[0m
Web Tests (0)	UNKNOWN STEP	2026-02-25T20:09:30.0987987Z [90m[🌎 Easy Localization] [DEBUG] Init state[0m
Web Tests (0)	UNKNOWN STEP	2026-02-25T20:09:30.0996587Z [90m[🌎 Easy Localization] [DEBUG] Build[0m
Web Tests (0)	UNKNOWN STEP	2026-02-25T20:09:30.0997296Z [90m[🌎 Easy Localization] [DEBUG] Init Localization Delegate[0m
Web Tests (0)	UNKNOWN STEP	2026-02-25T20:09:30.0998002Z [90m[🌎 Easy Localization] [DEBUG] Init provider[0m
Web Tests (0)	UNKNOWN STEP	2026-02-25T20:09:30.0998523Z 00:00 +2: Cancel dismisses dialog without action
Web Tests (0)	UNKNOWN STEP	2026-02-25T20:09:30.3012575Z [90m[🌎 Easy Localization] [DEBUG] Start[0m
Web Tests (0)	UNKNOWN STEP	2026-02-25T20:09:30.3015544Z [90m[🌎 Easy Localization] [DEBUG] Init state[0m
Web Tests (0)	UNKNOWN STEP	2026-02-25T20:09:30.3016698Z [90m[🌎 Easy Localization] [DEBUG] Build[0m
Web Tests (0)	UNKNOWN STEP	2026-02-25T20:09:30.3017858Z [90m[🌎 Easy Localization] [DEBUG] Init Localization Delegate[0m
Web Tests (0)	UNKNOWN STEP	2026-02-25T20:09:30.3019376Z [90m[🌎 Easy Localization] [DEBUG] Init provider[0m
Web Tests (0)	UNKNOWN STEP	2026-02-25T20:09:30.3023005Z 00:00 +3: Dialog shows warning message
Web Tests (0)	UNKNOWN STEP	2026-02-25T20:09:30.4310810Z [90m[🌎 Easy Localization] [DEBUG] Start[0m
Web Tests (0)	UNKNOWN STEP	2026-02-25T20:09:30.4312125Z [90m[🌎 Easy Localization] [DEBUG] Init state[0m
Web Tests (0)	UNKNOWN STEP	2026-02-25T20:09:30.4344533Z [90m[🌎 Easy Localization] [DEBUG] Build[0m
Web Tests (0)	UNKNOWN STEP	2026-02-25T20:09:30.5724295Z [90m[🌎 Easy Localization] [DEBUG] Init Localization Delegate[0m
Web Tests (0)	UNKNOWN STEP	2026-02-25T20:09:30.5725539Z [90m[🌎 Easy Localization] [DEBUG] Init provider[0m
Web Tests (0)	UNKNOWN STEP	2026-02-25T20:09:30.5726244Z 00:00 +4: Clear button shows with appropriate styling
Web Tests (0)	UNKNOWN STEP	2026-02-25T20:09:30.5726999Z [90m[🌎 Easy Localization] [DEBUG] Start[0m
Web Tests (0)	UNKNOWN STEP	2026-02-25T20:09:30.5727706Z [90m[🌎 Easy Localization] [DEBUG] Init state[0m
Web Tests (0)	UNKNOWN STEP	2026-02-25T20:09:30.5733183Z [90m[🌎 Easy Localization] [DEBUG] Build[0m
Web Tests (0)	UNKNOWN STEP	2026-02-25T20:09:30.5734579Z [90m[🌎 Easy Localization] [DEBUG] Init Localization Delegate[0m
Web Tests (0)	UNKNOWN STEP	2026-02-25T20:09:30.5736321Z [90m[🌎 Easy Localization] [DEBUG] Init provider[0m
Web Tests (0)	UNKNOWN STEP	2026-02-25T20:09:30.5737142Z 00:00 +5: (tearDownAll)
Web Tests (0)	UNKNOWN STEP	2026-02-25T20:09:30.5842087Z 00:00 +5: All tests passed!
Web Tests (0)	UNKNOWN STEP	2026-02-25T20:09:30.8044408Z [0;34m[INFO][0m   [0+1+1+1+1+1+1+1+1+1+1+1+1+1+1+1+1+1+1+1+1+1+1+1+1+1+1+1+1+1+1+1+1+1+1+1+1+1+1+1+1+1+1+1+1+1+1+1/49] test/settings/theme_toggle_test.dart
Web Tests (0)	UNKNOWN STEP	2026-02-25T20:09:46.1505832Z 00:00 +0: loading /home/runner/work/substitution/substitution/test/settings/theme_toggle_test.dart
Web Tests (0)	UNKNOWN STEP	2026-02-25T20:09:48.3305950Z 00:00 +0: (setUpAll)
Web Tests (0)	UNKNOWN STEP	2026-02-25T20:09:48.3462767Z [90m[🌎 Easy Localization] [DEBUG] Localization initialized[0m
Web Tests (0)	UNKNOWN STEP	2026-02-25T20:09:48.3473566Z 00:00 +0: Dark mode toggle switch exists
Web Tests (0)	UNKNOWN STEP	2026-02-25T20:09:48.6413652Z [90m[🌎 Easy Localization] [DEBUG] Start[0m
Web Tests (0)	UNKNOWN STEP	2026-02-25T20:09:48.6442800Z [90m[🌎 Easy Localization] [DEBUG] Init state[0m
Web Tests (0)	UNKNOWN STEP	2026-02-25T20:09:48.6443905Z [90m[🌎 Easy Localization] [DEBUG] Build[0m
Web Tests (0)	UNKNOWN STEP	2026-02-25T20:09:48.6445230Z [90m[🌎 Easy Localization] [DEBUG] Init Localization Delegate[0m
Web Tests (0)	UNKNOWN STEP	2026-02-25T20:09:48.6445981Z [90m[🌎 Easy Localization] [DEBUG] Init provider[0m
Web Tests (0)	UNKNOWN STEP	2026-02-25T20:09:48.6446542Z 00:00 +1: Switch value reflects current theme mode
Web Tests (0)	UNKNOWN STEP	2026-02-25T20:09:48.7369106Z [90m[🌎 Easy Localization] [DEBUG] Start[0m
Web Tests (0)	UNKNOWN STEP	2026-02-25T20:09:48.7369889Z [90m[🌎 Easy Localization] [DEBUG] Init state[0m
Web Tests (0)	UNKNOWN STEP	2026-02-25T20:09:48.7371211Z [90m[🌎 Easy Localization] [DEBUG] Build[0m
Web Tests (0)	UNKNOWN STEP	2026-02-25T20:09:48.7375135Z [90m[🌎 Easy Localization] [DEBUG] Init Localization Delegate[0m
Web Tests (0)	UNKNOWN STEP	2026-02-25T20:09:48.7376321Z [90m[🌎 Easy Localization] [DEBUG] Init provider[0m
Web Tests (0)	UNKNOWN STEP	2026-02-25T20:09:48.7379315Z 00:00 +2: Tapping toggle calls toggleTheme()
Web Tests (0)	UNKNOWN STEP	2026-02-25T20:09:48.8534642Z [90m[🌎 Easy Localization] [DEBUG] Start[0m
Web Tests (0)	UNKNOWN STEP	2026-02-25T20:09:48.8536157Z [90m[🌎 Easy Localization] [DEBUG] Init state[0m
Web Tests (0)	UNKNOWN STEP	2026-02-25T20:09:48.8539694Z [90m[🌎 Easy Localization] [DEBUG] Build[0m
Web Tests (0)	UNKNOWN STEP	2026-02-25T20:09:48.8540599Z [90m[🌎 Easy Localization] [DEBUG] Init Localization Delegate[0m
Web Tests (0)	UNKNOWN STEP	2026-02-25T20:09:48.8541618Z [90m[🌎 Easy Localization] [DEBUG] Init provider[0m
Web Tests (0)	UNKNOWN STEP	2026-02-25T20:09:48.8545898Z 00:00 +3: (tearDownAll)
Web Tests (0)	UNKNOWN STEP	2026-02-25T20:09:48.8640512Z 00:00 +3: All tests passed!
Web Tests (0)	UNKNOWN STEP	2026-02-25T20:09:49.0480606Z [0;34m[INFO][0m   [0+1+1+1+1+1+1+1+1+1+1+1+1+1+1+1+1+1+1+1+1+1+1+1+1+1+1+1+1+1+1+1+1+1+1+1+1+1+1+1+1+1+1+1+1+1+1+1+1/49] test/profile/user_profile_page_test.dart
Web Tests (0)	UNKNOWN STEP	2026-02-25T20:10:12.9065615Z 00:00 +0: loading /home/runner/work/substitution/substitution/test/profile/user_profile_page_test.dart
Web Tests (0)	UNKNOWN STEP	2026-02-25T20:10:15.4881314Z 00:00 +0: User Profile Page Widget Tests Smoke: renders avatar, display name, Matrix ID
Web Tests (0)	UNKNOWN STEP	2026-02-25T20:10:15.7798596Z 00:00 +1: User Profile Page Widget Tests Shows list of rooms user posts in
Web Tests (0)	UNKNOWN STEP	2026-02-25T20:10:15.9093460Z 00:00 +2: User Profile Page Widget Tests Loading state while fetching
Web Tests (0)	UNKNOWN STEP	2026-02-25T20:10:15.9806676Z 00:00 +3: User Profile Page Widget Tests Error state for invalid user ID
Web Tests (0)	UNKNOWN STEP	2026-02-25T20:10:16.0464684Z 00:00 +4: All tests passed!
Web Tests (0)	UNKNOWN STEP	2026-02-25T20:10:16.2602558Z [0;34m[INFO][0m   [0+1+1+1+1+1+1+1+1+1+1+1+1+1+1+1+1+1+1+1+1+1+1+1+1+1+1+1+1+1+1+1+1+1+1+1+1+1+1+1+1+1+1+1+1+1+1+1+1+1/49] test/age_gate_test.dart
Web Tests (0)	UNKNOWN STEP	2026-02-25T20:10:32.3907375Z 00:00 +0: loading /home/runner/work/substitution/substitution/test/age_gate_test.dart
Web Tests (0)	UNKNOWN STEP	2026-02-25T20:10:34.6118913Z 00:00 +0: (setUpAll)
Web Tests (0)	UNKNOWN STEP	2026-02-25T20:10:34.6277273Z [90m[🌎 Easy Localization] [DEBUG] Localization initialized[0m
Web Tests (0)	UNKNOWN STEP	2026-02-25T20:10:34.6288658Z 00:00 +0: AgeGatePage Widget Tests Smoke: AgeGatePage renders without crashing
Web Tests (0)	UNKNOWN STEP	2026-02-25T20:10:34.9936886Z [90m[🌎 Easy Localization] [DEBUG] Start[0m
Web Tests (0)	UNKNOWN STEP	2026-02-25T20:10:34.9941101Z [90m[🌎 Easy Localization] [DEBUG] Init state[0m
Web Tests (0)	UNKNOWN STEP	2026-02-25T20:10:34.9947995Z [90m[🌎 Easy Localization] [DEBUG] Build[0m
Web Tests (0)	UNKNOWN STEP	2026-02-25T20:10:34.9948811Z [90m[🌎 Easy Localization] [DEBUG] Init Localization Delegate[0m
Web Tests (0)	UNKNOWN STEP	2026-02-25T20:10:34.9949627Z [90m[🌎 Easy Localization] [DEBUG] Init provider[0m
Web Tests (0)	UNKNOWN STEP	2026-02-25T20:10:34.9951453Z [34m[🌎 Easy Localization] [WARNING] Localization key [age_gate.title] not found[0m
Web Tests (0)	UNKNOWN STEP	2026-02-25T20:10:34.9956053Z [34m[🌎 Easy Localization] [WARNING] Localization key [age_gate.description] not found[0m
Web Tests (0)	UNKNOWN STEP	2026-02-25T20:10:34.9957330Z [34m[🌎 Easy Localization] [WARNING] Localization key [age_gate.point_client] not found[0m
Web Tests (0)	UNKNOWN STEP	2026-02-25T20:10:34.9958660Z [34m[🌎 Easy Localization] [WARNING] Localization key [age_gate.point_servers] not found[0m
Web Tests (0)	UNKNOWN STEP	2026-02-25T20:10:34.9959904Z [34m[🌎 Easy Localization] [WARNING] Localization key [age_gate.point_age] not found[0m
Web Tests (0)	UNKNOWN STEP	2026-02-25T20:10:34.9961477Z [34m[🌎 Easy Localization] [WARNING] Localization key [age_gate.point_content] not found[0m
Web Tests (0)	UNKNOWN STEP	2026-02-25T20:10:34.9962643Z [34m[🌎 Easy Localization] [WARNING] Localization key [age_gate.confirm] not found[0m
Web Tests (0)	UNKNOWN STEP	2026-02-25T20:10:34.9963784Z [34m[🌎 Easy Localization] [WARNING] Localization key [age_gate.privacy_link] not found[0m
Web Tests (0)	UNKNOWN STEP	2026-02-25T20:10:34.9966862Z 00:00 +1: AgeGatePage Widget Tests Confirm button is present with correct key
Web Tests (0)	UNKNOWN STEP	2026-02-25T20:10:35.1158265Z [90m[🌎 Easy Localization] [DEBUG] Start[0m
Web Tests (0)	UNKNOWN STEP	2026-02-25T20:10:35.1160536Z [90m[🌎 Easy Localization] [DEBUG] Init state[0m
Web Tests (0)	UNKNOWN STEP	2026-02-25T20:10:35.1161808Z [90m[🌎 Easy Localization] [DEBUG] Build[0m
Web Tests (0)	UNKNOWN STEP	2026-02-25T20:10:35.1164363Z [90m[🌎 Easy Localization] [DEBUG] Init Localization Delegate[0m
Web Tests (0)	UNKNOWN STEP	2026-02-25T20:10:35.1167624Z [90m[🌎 Easy Localization] [DEBUG] Init provider[0m
Web Tests (0)	UNKNOWN STEP	2026-02-25T20:10:35.1168692Z [34m[🌎 Easy Localization] [WARNING] Localization key [age_gate.title] not found[0m
Web Tests (0)	UNKNOWN STEP	2026-02-25T20:10:35.1176417Z [34m[🌎 Easy Localization] [WARNING] Localization key [age_gate.description] not found[0m
Web Tests (0)	UNKNOWN STEP	2026-02-25T20:10:35.1177514Z [34m[🌎 Easy Localization] [WARNING] Localization key [age_gate.point_client] not found[0m
Web Tests (0)	UNKNOWN STEP	2026-02-25T20:10:35.1178658Z [34m[🌎 Easy Localization] [WARNING] Localization key [age_gate.point_servers] not found[0m
Web Tests (0)	UNKNOWN STEP	2026-02-25T20:10:35.1181975Z [34m[🌎 Easy Localization] [WARNING] Localization key [age_gate.point_age] not found[0m
Web Tests (0)	UNKNOWN STEP	2026-02-25T20:10:35.1183614Z [34m[🌎 Easy Localization] [WARNING] Localization key [age_gate.point_content] not found[0m
Web Tests (0)	UNKNOWN STEP	2026-02-25T20:10:35.1184778Z [34m[🌎 Easy Localization] [WARNING] Localization key [age_gate.confirm] not found[0m
Web Tests (0)	UNKNOWN STEP	2026-02-25T20:10:35.1186124Z [34m[🌎 Easy Localization] [WARNING] Localization key [age_gate.privacy_link] not found[0m
Web Tests (0)	UNKNOWN STEP	2026-02-25T20:10:35.1187032Z 00:00 +2: AgeGatePage Widget Tests Confirm button is a FilledButton
Web Tests (0)	UNKNOWN STEP	2026-02-25T20:10:35.2303166Z [90m[🌎 Easy Localization] [DEBUG] Start[0m
Web Tests (0)	UNKNOWN STEP	2026-02-25T20:10:35.2303974Z [90m[🌎 Easy Localization] [DEBUG] Init state[0m
Web Tests (0)	UNKNOWN STEP	2026-02-25T20:10:35.2305634Z [90m[🌎 Easy Localization] [DEBUG] Build[0m
Web Tests (0)	UNKNOWN STEP	2026-02-25T20:10:35.2306958Z [90m[🌎 Easy Localization] [DEBUG] Init Localization Delegate[0m
Web Tests (0)	UNKNOWN STEP	2026-02-25T20:10:35.2307928Z [90m[🌎 Easy Localization] [DEBUG] Init provider[0m
Web Tests (0)	UNKNOWN STEP	2026-02-25T20:10:35.2309304Z [34m[🌎 Easy Localization] [WARNING] Localization key [age_gate.title] not found[0m
Web Tests (0)	UNKNOWN STEP	2026-02-25T20:10:35.2310485Z [34m[🌎 Easy Localization] [WARNING] Localization key [age_gate.description] not found[0m
Web Tests (0)	UNKNOWN STEP	2026-02-25T20:10:35.2311640Z [34m[🌎 Easy Localization] [WARNING] Localization key [age_gate.point_client] not found[0m
Web Tests (0)	UNKNOWN STEP	2026-02-25T20:10:35.2312811Z [34m[🌎 Easy Localization] [WARNING] Localization key [age_gate.point_servers] not found[0m
Web Tests (0)	UNKNOWN STEP	2026-02-25T20:10:35.2313851Z [34m[🌎 Easy Localization] [WARNING] Localization key [age_gate.point_age] not found[0m
Web Tests (0)	UNKNOWN STEP	2026-02-25T20:10:35.2315997Z [34m[🌎 Easy Localization] [WARNING] Localization key [age_gate.point_content] not found[0m
Web Tests (0)	UNKNOWN STEP	2026-02-25T20:10:35.2373283Z [34m[🌎 Easy Localization] [WARNING] Localization key [age_gate.confirm] not found[0m
Web Tests (0)	UNKNOWN STEP	2026-02-25T20:10:35.2378063Z [34m[🌎 Easy Localization] [WARNING] Localization key [age_gate.privacy_link] not found[0m
Web Tests (0)	UNKNOWN STEP	2026-02-25T20:10:35.2379335Z 00:00 +3: AgeGatePage Widget Tests Privacy link TextButton is present
Web Tests (0)	UNKNOWN STEP	2026-02-25T20:10:35.3403619Z [90m[🌎 Easy Localization] [DEBUG] Start[0m
Web Tests (0)	UNKNOWN STEP	2026-02-25T20:10:35.3406307Z [90m[🌎 Easy Localization] [DEBUG] Init state[0m
Web Tests (0)	UNKNOWN STEP	2026-02-25T20:10:35.3409748Z [90m[🌎 Easy Localization] [DEBUG] Build[0m
Web Tests (0)	UNKNOWN STEP	2026-02-25T20:10:35.3410491Z [90m[🌎 Easy Localization] [DEBUG] Init Localization Delegate[0m
Web Tests (0)	UNKNOWN STEP	2026-02-25T20:10:35.3411229Z [90m[🌎 Easy Localization] [DEBUG] Init provider[0m
Web Tests (0)	UNKNOWN STEP	2026-02-25T20:10:35.3412151Z [34m[🌎 Easy Localization] [WARNING] Localization key [age_gate.title] not found[0m
Web Tests (0)	UNKNOWN STEP	2026-02-25T20:10:35.3413155Z [34m[🌎 Easy Localization] [WARNING] Localization key [age_gate.description] not found[0m
Web Tests (0)	UNKNOWN STEP	2026-02-25T20:10:35.3413881Z [34m[🌎 Easy Localization] [WARNING] Localization key [age_gate.point_client] not found[0m
Web Tests (0)	UNKNOWN STEP	2026-02-25T20:10:35.3416135Z [34m[🌎 Easy Localization] [WARNING] Localization key [age_gate.point_servers] not found[0m
Web Tests (0)	UNKNOWN STEP	2026-02-25T20:10:35.3417211Z [34m[🌎 Easy Localization] [WARNING] Localization key [age_gate.point_age] not found[0m
Web Tests (0)	UNKNOWN STEP	2026-02-25T20:10:35.3418318Z [34m[🌎 Easy Localization] [WARNING] Localization key [age_gate.point_content] not found[0m
Web Tests (0)	UNKNOWN STEP	2026-02-25T20:10:35.3419434Z [34m[🌎 Easy Localization] [WARNING] Localization key [age_gate.confirm] not found[0m
Web Tests (0)	UNKNOWN STEP	2026-02-25T20:10:35.3420254Z [34m[🌎 Easy Localization] [WARNING] Localization key [age_gate.privacy_link] not found[0m
Web Tests (0)	UNKNOWN STEP	2026-02-25T20:10:35.3424109Z 00:00 +4: AgeGatePage Widget Tests AgeGatePage.initConfirmed loads false when not set
Web Tests (0)	UNKNOWN STEP	2026-02-25T20:10:35.3520904Z 00:00 +5: AgeGatePage Widget Tests AgeGatePage.initConfirmed loads true when previously set
Web Tests (0)	UNKNOWN STEP	2026-02-25T20:10:35.3608929Z 00:00 +6: AgeGatePage Widget Tests Tapping confirm button persists acceptance to SharedPreferences
Web Tests (0)	UNKNOWN STEP	2026-02-25T20:10:35.5181048Z [90m[🌎 Easy Localization] [DEBUG] Start[0m
Web Tests (0)	UNKNOWN STEP	2026-02-25T20:10:35.5182412Z [90m[🌎 Easy Localization] [DEBUG] Init state[0m
Web Tests (0)	UNKNOWN STEP	2026-02-25T20:10:35.5183009Z [90m[🌎 Easy Localization] [DEBUG] Build[0m
Web Tests (0)	UNKNOWN STEP	2026-02-25T20:10:35.5183738Z [90m[🌎 Easy Localization] [DEBUG] Init Localization Delegate[0m
Web Tests (0)	UNKNOWN STEP	2026-02-25T20:10:35.5185163Z [90m[🌎 Easy Localization] [DEBUG] Init provider[0m
Web Tests (0)	UNKNOWN STEP	2026-02-25T20:10:35.5186274Z [34m[🌎 Easy Localization] [WARNING] Localization key [age_gate.title] not found[0m
Web Tests (0)	UNKNOWN STEP	2026-02-25T20:10:35.5187459Z [34m[🌎 Easy Localization] [WARNING] Localization key [age_gate.description] not found[0m
Web Tests (0)	UNKNOWN STEP	2026-02-25T20:10:35.5188623Z [34m[🌎 Easy Localization] [WARNING] Localization key [age_gate.point_client] not found[0m
Web Tests (0)	UNKNOWN STEP	2026-02-25T20:10:35.5189783Z [34m[🌎 Easy Localization] [WARNING] Localization key [age_gate.point_servers] not found[0m
Web Tests (0)	UNKNOWN STEP	2026-02-25T20:10:35.5190901Z [34m[🌎 Easy Localization] [WARNING] Localization key [age_gate.point_age] not found[0m
Web Tests (0)	UNKNOWN STEP	2026-02-25T20:10:35.5192045Z [34m[🌎 Easy Localization] [WARNING] Localization key [age_gate.point_content] not found[0m
Web Tests (0)	UNKNOWN STEP	2026-02-25T20:10:35.5195190Z [34m[🌎 Easy Localization] [WARNING] Localization key [age_gate.confirm] not found[0m
Web Tests (0)	UNKNOWN STEP	2026-02-25T20:10:35.5198022Z [34m[🌎 Easy Localization] [WARNING] Localization key [age_gate.privacy_link] not found[0m
Web Tests (0)	UNKNOWN STEP	2026-02-25T20:10:35.5199000Z 00:00 +7: AgeGatePage Widget Tests Page displays bullet points (at least 4)
Web Tests (0)	UNKNOWN STEP	2026-02-25T20:10:35.6328710Z [90m[🌎 Easy Localization] [DEBUG] Start[0m
Web Tests (0)	UNKNOWN STEP	2026-02-25T20:10:35.6330304Z [90m[🌎 Easy Localization] [DEBUG] Init state[0m
Web Tests (0)	UNKNOWN STEP	2026-02-25T20:10:35.6331632Z [90m[🌎 Easy Localization] [DEBUG] Build[0m
Web Tests (0)	UNKNOWN STEP	2026-02-25T20:10:35.6336432Z [90m[🌎 Easy Localization] [DEBUG] Init Localization Delegate[0m
Web Tests (0)	UNKNOWN STEP	2026-02-25T20:10:35.6337187Z [90m[🌎 Easy Localization] [DEBUG] Init provider[0m
Web Tests (0)	UNKNOWN STEP	2026-02-25T20:10:35.6338093Z [34m[🌎 Easy Localization] [WARNING] Localization key [age_gate.title] not found[0m
Web Tests (0)	UNKNOWN STEP	2026-02-25T20:10:35.6339538Z [34m[🌎 Easy Localization] [WARNING] Localization key [age_gate.description] not found[0m
Web Tests (0)	UNKNOWN STEP	2026-02-25T20:10:35.6340727Z [34m[🌎 Easy Localization] [WARNING] Localization key [age_gate.point_client] not found[0m
Web Tests (0)	UNKNOWN STEP	2026-02-25T20:10:35.6341897Z [34m[🌎 Easy Localization] [WARNING] Localization key [age_gate.point_servers] not found[0m
Web Tests (0)	UNKNOWN STEP	2026-02-25T20:10:35.6343037Z [34m[🌎 Easy Localization] [WARNING] Localization key [age_gate.point_age] not found[0m
Web Tests (0)	UNKNOWN STEP	2026-02-25T20:10:35.6344221Z [34m[🌎 Easy Localization] [WARNING] Localization key [age_gate.point_content] not found[0m
Web Tests (0)	UNKNOWN STEP	2026-02-25T20:10:35.6346572Z [34m[🌎 Easy Localization] [WARNING] Localization key [age_gate.confirm] not found[0m
Web Tests (0)	UNKNOWN STEP	2026-02-25T20:10:35.6347763Z [34m[🌎 Easy Localization] [WARNING] Localization key [age_gate.privacy_link] not found[0m
Web Tests (0)	UNKNOWN STEP	2026-02-25T20:10:35.6349018Z 00:01 +8: AgeGatePage Widget Tests Page is scrollable (SingleChildScrollView)
Web Tests (0)	UNKNOWN STEP	2026-02-25T20:10:35.7515293Z [90m[🌎 Easy Localization] [DEBUG] Start[0m
Web Tests (0)	UNKNOWN STEP	2026-02-25T20:10:35.7516785Z [90m[🌎 Easy Localization] [DEBUG] Init state[0m
Web Tests (0)	UNKNOWN STEP	2026-02-25T20:10:35.7517728Z [90m[🌎 Easy Localization] [DEBUG] Build[0m
Web Tests (0)	UNKNOWN STEP	2026-02-25T20:10:35.7522280Z [90m[🌎 Easy Localization] [DEBUG] Init Localization Delegate[0m
Web Tests (0)	UNKNOWN STEP	2026-02-25T20:10:35.7523536Z [90m[🌎 Easy Localization] [DEBUG] Init provider[0m
Web Tests (0)	UNKNOWN STEP	2026-02-25T20:10:35.7524465Z [34m[🌎 Easy Localization] [WARNING] Localization key [age_gate.title] not found[0m
Web Tests (0)	UNKNOWN STEP	2026-02-25T20:10:35.7526174Z [34m[🌎 Easy Localization] [WARNING] Localization key [age_gate.description] not found[0m
Web Tests (0)	UNKNOWN STEP	2026-02-25T20:10:35.7527309Z [34m[🌎 Easy Localization] [WARNING] Localization key [age_gate.point_client] not found[0m
Web Tests (0)	UNKNOWN STEP	2026-02-25T20:10:35.7528414Z [34m[🌎 Easy Localization] [WARNING] Localization key [age_gate.point_servers] not found[0m
Web Tests (0)	UNKNOWN STEP	2026-02-25T20:10:35.7529065Z [34m[🌎 Easy Localization] [WARNING] Localization key [age_gate.point_age] not found[0m
Web Tests (0)	UNKNOWN STEP	2026-02-25T20:10:35.7529717Z [34m[🌎 Easy Localization] [WARNING] Localization key [age_gate.point_content] not found[0m
Web Tests (0)	UNKNOWN STEP	2026-02-25T20:10:35.7530334Z [34m[🌎 Easy Localization] [WARNING] Localization key [age_gate.confirm] not found[0m
Web Tests (0)	UNKNOWN STEP	2026-02-25T20:10:35.7530946Z [34m[🌎 Easy Localization] [WARNING] Localization key [age_gate.privacy_link] not found[0m
Web Tests (0)	UNKNOWN STEP	2026-02-25T20:10:35.7533302Z 00:01 +9: (tearDownAll)
Web Tests (0)	UNKNOWN STEP	2026-02-25T20:10:35.7624108Z 00:01 +9: All tests passed!
Web Tests (0)	UNKNOWN STEP	2026-02-25T20:10:35.9536476Z [0;32m[OK][0m Phase 1 passed
Web Tests (0)	UNKNOWN STEP	2026-02-25T20:10:35.9537553Z [0;34m[INFO][0m Phase 2: web integration tests via flutter drive on Chrome
Web Tests (0)	UNKNOWN STEP	2026-02-25T20:10:35.9591947Z [0;34m[INFO][0m Found ChromeDriver at: /usr/local/share/chromedriver-linux64
Web Tests (0)	UNKNOWN STEP	2026-02-25T20:10:36.0424696Z [0;34m[INFO][0m Shard 0/7: running 5 of 32 files
Web Tests (0)	UNKNOWN STEP	2026-02-25T20:10:36.0430348Z [0;34m[INFO][0m Files in this shard: integration_test/app_test.dart integration_test/feed_with_matrix_test.dart integration_test/matrix_integration_test.dart integration_test/profile_edit_test.dart integration_test/room_feed_test.dart
Web Tests (0)	UNKNOWN STEP	2026-02-25T20:10:36.0476824Z [0;34m[INFO][0m Starting chromedriver on port 4444...
Web Tests (0)	UNKNOWN STEP	2026-02-25T20:10:38.0518787Z [0;34m[INFO][0m   Running: integration_test/app_test.dart
Web Tests (0)	UNKNOWN STEP	2026-02-25T20:10:38.2577737Z Resolving dependencies...
Web Tests (0)	UNKNOWN STEP	2026-02-25T20:10:38.4795351Z Downloading packages...
Web Tests (0)	UNKNOWN STEP	2026-02-25T20:10:38.5387006Z   _fe_analyzer_shared 91.0.0 (96.0.0 available)
Web Tests (0)	UNKNOWN STEP	2026-02-25T20:10:38.5387602Z   analyzer 8.4.1 (10.2.0 available)
Web Tests (0)	UNKNOWN STEP	2026-02-25T20:10:38.5388112Z   meta 1.17.0 (1.18.1 available)
Web Tests (0)	UNKNOWN STEP	2026-02-25T20:10:38.5388602Z   sqflite_common_ffi 2.3.7+1 (2.4.0+2 available)
Web Tests (0)	UNKNOWN STEP	2026-02-25T20:10:38.5389112Z   sqlite3 2.9.4 (3.1.6 available)
Web Tests (0)	UNKNOWN STEP	2026-02-25T20:10:38.5389540Z   unorm_dart 0.2.0 (0.3.2 available)
Web Tests (0)	UNKNOWN STEP	2026-02-25T20:10:38.5389991Z   win32 5.15.0 (6.0.0 available)
Web Tests (0)	UNKNOWN STEP	2026-02-25T20:10:38.5390411Z Got dependencies!
Web Tests (0)	UNKNOWN STEP	2026-02-25T20:10:38.5396784Z 7 packages have newer versions incompatible with dependency constraints.
Web Tests (0)	UNKNOWN STEP	2026-02-25T20:10:38.5397522Z Try `flutter pub outdated` for more information.
Web Tests (0)	UNKNOWN STEP	2026-02-25T20:10:39.1571456Z Launching integration_test/app_test.dart on Chrome in debug mode...
Web Tests (0)	UNKNOWN STEP	2026-02-25T20:11:25.6287335Z Waiting for connection from debug service on Chrome...             45.1s
Web Tests (0)	UNKNOWN STEP	2026-02-25T20:11:40.1616400Z Debug service listening on ws://127.0.0.1:38201/ngr5SdHCVQo=/ws
Web Tests (0)	UNKNOWN STEP	2026-02-25T20:11:40.1620924Z A Dart VM Service on Chrome is available at: http://127.0.0.1:38201/ngr5SdHCVQo=
Web Tests (0)	UNKNOWN STEP	2026-02-25T20:11:40.1626880Z The Flutter DevTools debugger and profiler on Chrome is available at: http://127.0.0.1:38201/ngr5SdHCVQo=/devtools/?uri=ws://127.0.0.1:38201/ngr5SdHCVQo=/ws
Web Tests (0)	UNKNOWN STEP	2026-02-25T20:11:40.1705191Z Starting application from main method in: org-dartlang-app:/web_entrypoint.dart.
Web Tests (0)	UNKNOWN STEP	2026-02-25T20:11:40.3949915Z Found an existing <meta name="viewport"> tag. Flutter Web uses its own viewport configuration for better compatibility with Flutter. This tag will be replaced.
Web Tests (0)	UNKNOWN STEP	2026-02-25T20:11:40.5581442Z 00:00 +0: Substitution App - Base Integration Tests App starts and displays home page
Web Tests (0)	UNKNOWN STEP	2026-02-25T20:11:40.7312653Z Waiting for globalMatrixClient to be initialized...
Web Tests (0)	UNKNOWN STEP	2026-02-25T20:11:40.7908934Z [90m[🌎 Easy Localization] [DEBUG] Localization initialized[0m
Web Tests (0)	UNKNOWN STEP	2026-02-25T20:11:40.7932042Z [Matrix] Initialize client Substitution
Web Tests (0)	UNKNOWN STEP	2026-02-25T20:11:40.7970444Z [Matrix] User is not logged in.
Web Tests (0)	UNKNOWN STEP	2026-02-25T20:11:40.7982558Z [90m[🌎 Easy Localization] [DEBUG] Start[0m
Web Tests (0)	UNKNOWN STEP	2026-02-25T20:11:41.2428827Z [90m[🌎 Easy Localization] [DEBUG] Init state[0m
Web Tests (0)	UNKNOWN STEP	2026-02-25T20:11:41.2440732Z [90m[🌎 Easy Localization] [DEBUG] Build[0m
Web Tests (0)	UNKNOWN STEP	2026-02-25T20:11:41.2443148Z [90m[🌎 Easy Localization] [DEBUG] Init Localization Delegate[0m
Web Tests (0)	UNKNOWN STEP	2026-02-25T20:11:41.2451161Z [90m[🌎 Easy Localization] [DEBUG] Init provider[0m
Web Tests (0)	UNKNOWN STEP	2026-02-25T20:11:41.3769907Z [90m[🌎 Easy Localization] [DEBUG] Load Localization Delegate[0m
Web Tests (0)	UNKNOWN STEP	2026-02-25T20:11:41.3784335Z [90m[🌎 Easy Localization] [DEBUG] Load asset from assets/translations[0m
Web Tests (0)	UNKNOWN STEP	2026-02-25T20:11:41.4200179Z globalMatrixClient initialized!
Web Tests (0)	UNKNOWN STEP	2026-02-25T20:11:41.7382508Z [90m[🌎 Easy Localization] [DEBUG] Build[0m
Web Tests (0)	UNKNOWN STEP	2026-02-25T20:11:41.7384758Z [90m[🌎 Easy Localization] [DEBUG] Init Localization Delegate[0m
Web Tests (0)	UNKNOWN STEP	2026-02-25T20:11:41.7385788Z [90m[🌎 Easy Localization] [DEBUG] Init provider[0m
Web Tests (0)	UNKNOWN STEP	2026-02-25T20:11:45.6820773Z No Age Gate detected (or already passed).
Web Tests (0)	UNKNOWN STEP	2026-02-25T20:11:48.8093215Z No Age Gate detected (or already passed).
Web Tests (0)	UNKNOWN STEP	2026-02-25T20:11:53.9432947Z 00:13 +1: Substitution App - Base Integration Tests App handles Matrix connection
Web Tests (0)	UNKNOWN STEP	2026-02-25T20:11:53.9548946Z Waiting for globalMatrixClient to be initialized...
Web Tests (0)	UNKNOWN STEP	2026-02-25T20:11:53.9550072Z globalMatrixClient initialized!
Web Tests (0)	UNKNOWN STEP	2026-02-25T20:11:53.9608612Z [90m[🌎 Easy Localization] [DEBUG] Localization initialized[0m
Web Tests (0)	UNKNOWN STEP	2026-02-25T20:11:53.9609319Z [Matrix] Initialize client Substitution
Web Tests (0)	UNKNOWN STEP	2026-02-25T20:11:53.9629344Z [Matrix] User is not logged in.
Web Tests (0)	UNKNOWN STEP	2026-02-25T20:11:53.9637532Z [90m[🌎 Easy Localization] [DEBUG] Start[0m
Web Tests (0)	UNKNOWN STEP	2026-02-25T20:11:54.2731806Z 00:13 +1: Substitution App - Base Integration Tests App starts and displays home page
Web Tests (0)	UNKNOWN STEP	2026-02-25T20:11:54.2733442Z [90m[🌎 Easy Localization] [DEBUG] Init state[0m
Web Tests (0)	UNKNOWN STEP	2026-02-25T20:11:54.2766564Z [90m[🌎 Easy Localization] [DEBUG] Build[0m
Web Tests (0)	UNKNOWN STEP	2026-02-25T20:11:54.2768133Z [90m[🌎 Easy Localization] [DEBUG] Init Localization Delegate[0m
Web Tests (0)	UNKNOWN STEP	2026-02-25T20:11:54.2769340Z [90m[🌎 Easy Localization] [DEBUG] Init provider[0m
Web Tests (0)	UNKNOWN STEP	2026-02-25T20:11:54.2893218Z [90m[🌎 Easy Localization] [DEBUG] Load Localization Delegate[0m
Web Tests (0)	UNKNOWN STEP	2026-02-25T20:11:54.2897641Z [90m[🌎 Easy Localization] [DEBUG] Load asset from assets/translations[0m
Web Tests (0)	UNKNOWN STEP	2026-02-25T20:11:54.6039698Z [90m[🌎 Easy Localization] [DEBUG] Build[0m
Web Tests (0)	UNKNOWN STEP	2026-02-25T20:11:54.6041521Z [90m[🌎 Easy Localization] [DEBUG] Init Localization Delegate[0m
Web Tests (0)	UNKNOWN STEP	2026-02-25T20:11:54.6042327Z [90m[🌎 Easy Localization] [DEBUG] Init provider[0m
Web Tests (0)	UNKNOWN STEP	2026-02-25T20:11:57.2545843Z 00:16 +1: Substitution App - Base Integration Tests App handles Matrix connection
Web Tests (0)	UNKNOWN STEP	2026-02-25T20:11:57.2546694Z No Age Gate detected (or already passed).
Web Tests (0)	UNKNOWN STEP	2026-02-25T20:12:02.3762287Z 00:21 +2: Substitution App - Base Integration Tests Navigation works correctly
Web Tests (0)	UNKNOWN STEP	2026-02-25T20:12:02.3870146Z Waiting for globalMatrixClient to be initialized...
Web Tests (0)	UNKNOWN STEP	2026-02-25T20:12:02.3871026Z globalMatrixClient initialized!
Web Tests (0)	UNKNOWN STEP	2026-02-25T20:12:02.3939426Z [90m[🌎 Easy Localization] [DEBUG] Localization initialized[0m
Web Tests (0)	UNKNOWN STEP	2026-02-25T20:12:02.3941966Z [Matrix] Initialize client Substitution
Web Tests (0)	UNKNOWN STEP	2026-02-25T20:12:02.3961824Z [Matrix] User is not logged in.
Web Tests (0)	UNKNOWN STEP	2026-02-25T20:12:02.3963207Z [90m[🌎 Easy Localization] [DEBUG] Start[0m
Web Tests (0)	UNKNOWN STEP	2026-02-25T20:12:02.7055387Z 00:22 +2: Substitution App - Base Integration Tests App starts and displays home page
Web Tests (0)	UNKNOWN STEP	2026-02-25T20:12:02.7056586Z [90m[🌎 Easy Localization] [DEBUG] Init state[0m
Web Tests (0)	UNKNOWN STEP	2026-02-25T20:12:02.7057284Z [90m[🌎 Easy Localization] [DEBUG] Build[0m
Web Tests (0)	UNKNOWN STEP	2026-02-25T20:12:02.7058593Z [90m[🌎 Easy Localization] [DEBUG] Init Localization Delegate[0m
Web Tests (0)	UNKNOWN STEP	2026-02-25T20:12:02.7059342Z [90m[🌎 Easy Localization] [DEBUG] Init provider[0m
Web Tests (0)	UNKNOWN STEP	2026-02-25T20:12:02.7199868Z [90m[🌎 Easy Localization] [DEBUG] Load Localization Delegate[0m
Web Tests (0)	UNKNOWN STEP	2026-02-25T20:12:02.7200811Z [90m[🌎 Easy Localization] [DEBUG] Load asset from assets/translations[0m
Web Tests (0)	UNKNOWN STEP	2026-02-25T20:12:03.0368696Z [90m[🌎 Easy Localization] [DEBUG] Build[0m
Web Tests (0)	UNKNOWN STEP	2026-02-25T20:12:03.0369655Z [90m[🌎 Easy Localization] [DEBUG] Init Localization Delegate[0m
Web Tests (0)	UNKNOWN STEP	2026-02-25T20:12:03.0370531Z [90m[🌎 Easy Localization] [DEBUG] Init provider[0m
Web Tests (0)	UNKNOWN STEP	2026-02-25T20:12:05.7033129Z 00:25 +2: Substitution App - Base Integration Tests Navigation works correctly
Web Tests (0)	UNKNOWN STEP	2026-02-25T20:12:05.7033999Z No Age Gate detected (or already passed).
Web Tests (0)	UNKNOWN STEP	2026-02-25T20:12:10.8174158Z 00:30 +3: Substitution App - Base Integration Tests App handles orientation changes
Web Tests (0)	UNKNOWN STEP	2026-02-25T20:12:10.8276403Z Waiting for globalMatrixClient to be initialized...
Web Tests (0)	UNKNOWN STEP	2026-02-25T20:12:10.8277899Z globalMatrixClient initialized!
Web Tests (0)	UNKNOWN STEP	2026-02-25T20:12:10.8335606Z [90m[🌎 Easy Localization] [DEBUG] Localization initialized[0m
Web Tests (0)	UNKNOWN STEP	2026-02-25T20:12:10.8337248Z [Matrix] Initialize client Substitution
Web Tests (0)	UNKNOWN STEP	2026-02-25T20:12:10.8367811Z [Matrix] User is not logged in.
Web Tests (0)	UNKNOWN STEP	2026-02-25T20:12:10.8368783Z [90m[🌎 Easy Localization] [DEBUG] Start[0m
Web Tests (0)	UNKNOWN STEP	2026-02-25T20:12:11.1380495Z 00:30 +3: Substitution App - Base Integration Tests App starts and displays home page
Web Tests (0)	UNKNOWN STEP	2026-02-25T20:12:11.1382226Z [90m[🌎 Easy Localization] [DEBUG] Init state[0m
Web Tests (0)	UNKNOWN STEP	2026-02-25T20:12:11.1382892Z [90m[🌎 Easy Localization] [DEBUG] Build[0m
Web Tests (0)	UNKNOWN STEP	2026-02-25T20:12:11.1387575Z [90m[🌎 Easy Localization] [DEBUG] Init Localization Delegate[0m
Web Tests (0)	UNKNOWN STEP	2026-02-25T20:12:11.1389116Z [90m[🌎 Easy Localization] [DEBUG] Init provider[0m
Web Tests (0)	UNKNOWN STEP	2026-02-25T20:12:11.1511501Z [90m[🌎 Easy Localization] [DEBUG] Load Localization Delegate[0m
Web Tests (0)	UNKNOWN STEP	2026-02-25T20:12:11.1514434Z [90m[🌎 Easy Localization] [DEBUG] Load asset from assets/translations[0m
Web Tests (0)	UNKNOWN STEP	2026-02-25T20:12:11.4699423Z [90m[🌎 Easy Localization] [DEBUG] Build[0m
Web Tests (0)	UNKNOWN STEP	2026-02-25T20:12:11.4700936Z [90m[🌎 Easy Localization] [DEBUG] Init Localization Delegate[0m
Web Tests (0)	UNKNOWN STEP	2026-02-25T20:12:11.4701957Z [90m[🌎 Easy Localization] [DEBUG] Init provider[0m
Web Tests (0)	UNKNOWN STEP	2026-02-25T20:12:14.1002631Z 00:33 +3: Substitution App - Base Integration Tests App handles orientation changes
Web Tests (0)	UNKNOWN STEP	2026-02-25T20:12:14.1003463Z No Age Gate detected (or already passed).
Web Tests (0)	UNKNOWN STEP	2026-02-25T20:12:29.5215792Z 00:48 +4: (tearDownAll)
Web Tests (0)	UNKNOWN STEP	2026-02-25T20:12:29.5247304Z 00:48 +5: All tests passed!
Web Tests (0)	UNKNOWN STEP	2026-02-25T20:20:38.1317229Z [1;33m[WARN][0m Timed out after 600s but 5 tests passed, 0 failed — treating as success
Web Tests (0)	UNKNOWN STEP	2026-02-25T20:20:38.1318875Z [0;34m[INFO][0m   Running: integration_test/feed_with_matrix_test.dart
Web Tests (0)	UNKNOWN STEP	2026-02-25T20:20:38.3760255Z Resolving dependencies...
Web Tests (0)	UNKNOWN STEP	2026-02-25T20:20:38.6063565Z Downloading packages...
Web Tests (0)	UNKNOWN STEP	2026-02-25T20:20:38.6961358Z   _fe_analyzer_shared 91.0.0 (96.0.0 available)
Web Tests (0)	UNKNOWN STEP	2026-02-25T20:20:38.6962024Z   analyzer 8.4.1 (10.2.0 available)
Web Tests (0)	UNKNOWN STEP	2026-02-25T20:20:38.6962576Z   meta 1.17.0 (1.18.1 available)
Web Tests (0)	UNKNOWN STEP	2026-02-25T20:20:38.6963159Z   sqflite_common_ffi 2.3.7+1 (2.4.0+2 available)
Web Tests (0)	UNKNOWN STEP	2026-02-25T20:20:38.6963848Z   sqlite3 2.9.4 (3.1.6 available)
Web Tests (0)	UNKNOWN STEP	2026-02-25T20:20:38.6964497Z   unorm_dart 0.2.0 (0.3.2 available)
Web Tests (0)	UNKNOWN STEP	2026-02-25T20:20:38.6965645Z   win32 5.15.0 (6.0.0 available)
Web Tests (0)	UNKNOWN STEP	2026-02-25T20:20:38.6968337Z Got dependencies!
Web Tests (0)	UNKNOWN STEP	2026-02-25T20:20:38.6973718Z 7 packages have newer versions incompatible with dependency constraints.
Web Tests (0)	UNKNOWN STEP	2026-02-25T20:20:38.6976174Z Try `flutter pub outdated` for more information.
Web Tests (0)	UNKNOWN STEP	2026-02-25T20:20:39.3127484Z Launching integration_test/feed_with_matrix_test.dart on Chrome in debug mode...
Web Tests (0)	UNKNOWN STEP	2026-02-25T20:21:12.8568765Z Waiting for connection from debug service on Chrome...             33.1s
Web Tests (0)	UNKNOWN STEP	2026-02-25T20:21:27.8502596Z Instance of 'AppConnectionException'
Web Tests (0)	UNKNOWN STEP	2026-02-25T20:21:27.8506522Z #0      DevHandler._startLocalDebugService (package:dwds/src/handlers/dev_handler.dart:221:7)
Web Tests (0)	UNKNOWN STEP	2026-02-25T20:21:27.8507417Z <asynchronous suspension>
Web Tests (0)	UNKNOWN STEP	2026-02-25T20:21:27.8508188Z #1      DevHandler._createChromeAppServices (package:dwds/src/handlers/dev_handler.dart:303:26)
Web Tests (0)	UNKNOWN STEP	2026-02-25T20:21:27.8509046Z <asynchronous suspension>
Web Tests (0)	UNKNOWN STEP	2026-02-25T20:21:27.8509730Z #2      DevHandler.loadAppServices (package:dwds/src/handlers/dev_handler.dart:273:23)
Web Tests (0)	UNKNOWN STEP	2026-02-25T20:21:27.8510551Z <asynchronous suspension>
Web Tests (0)	UNKNOWN STEP	2026-02-25T20:21:27.8511409Z #3      DevHandler.createDebugConnectionForChrome (package:dwds/src/handlers/dev_handler.dart:600:30)
Web Tests (0)	UNKNOWN STEP	2026-02-25T20:21:27.8512290Z <asynchronous suspension>
Web Tests (0)	UNKNOWN STEP	2026-02-25T20:21:27.8512891Z #4      Dwds.debugConnection (package:dwds/dart_web_debug_service.dart:68:14)
Web Tests (0)	UNKNOWN STEP	2026-02-25T20:21:27.8513619Z <asynchronous suspension>
Web Tests (0)	UNKNOWN STEP	2026-02-25T20:21:27.8514392Z #5      WebDevFS.connect.<anonymous closure> (package:flutter_tools/src/isolated/devfs_web.dart:160:17)
Web Tests (0)	UNKNOWN STEP	2026-02-25T20:21:27.8515577Z <asynchronous suspension>
Web Tests (0)	UNKNOWN STEP	2026-02-25T20:21:27.8515830Z 
Web Tests (0)	UNKNOWN STEP	2026-02-25T20:30:38.2221078Z [1;33m[WARN][0m Timed out with no tests running (possible AppConnectionException) — skipping: integration_test/feed_with_matrix_test.dart
Web Tests (0)	UNKNOWN STEP	2026-02-25T20:30:38.2222551Z [0;34m[INFO][0m   Running: integration_test/matrix_integration_test.dart
Web Tests (0)	UNKNOWN STEP	2026-02-25T20:30:38.4324653Z Resolving dependencies...
Web Tests (0)	UNKNOWN STEP	2026-02-25T20:30:38.6596734Z Downloading packages...
Web Tests (0)	UNKNOWN STEP	2026-02-25T20:30:38.7184265Z   _fe_analyzer_shared 91.0.0 (96.0.0 available)
Web Tests (0)	UNKNOWN STEP	2026-02-25T20:30:38.7185139Z   analyzer 8.4.1 (10.2.0 available)
Web Tests (0)	UNKNOWN STEP	2026-02-25T20:30:38.7185648Z   meta 1.17.0 (1.18.1 available)
Web Tests (0)	UNKNOWN STEP	2026-02-25T20:30:38.7186029Z   sqflite_common_ffi 2.3.7+1 (2.4.0+2 available)
Web Tests (0)	UNKNOWN STEP	2026-02-25T20:30:38.7186436Z   sqlite3 2.9.4 (3.1.6 available)
Web Tests (0)	UNKNOWN STEP	2026-02-25T20:30:38.7186780Z   unorm_dart 0.2.0 (0.3.2 available)
Web Tests (0)	UNKNOWN STEP	2026-02-25T20:30:38.7187129Z   win32 5.15.0 (6.0.0 available)
Web Tests (0)	UNKNOWN STEP	2026-02-25T20:30:38.7187463Z Got dependencies!
Web Tests (0)	UNKNOWN STEP	2026-02-25T20:30:38.7193529Z 7 packages have newer versions incompatible with dependency constraints.
Web Tests (0)	UNKNOWN STEP	2026-02-25T20:30:38.7194139Z Try `flutter pub outdated` for more information.
Web Tests (0)	UNKNOWN STEP	2026-02-25T20:30:39.3005980Z Launching integration_test/matrix_integration_test.dart on Chrome in debug mode...
Web Tests (0)	UNKNOWN STEP	2026-02-25T20:31:11.9209001Z Waiting for connection from debug service on Chrome...             32.2s
Web Tests (0)	UNKNOWN STEP	2026-02-25T20:31:25.8000728Z Debug service listening on ws://127.0.0.1:40191/qYvSdVIzW5k=/ws
Web Tests (0)	UNKNOWN STEP	2026-02-25T20:31:25.8005747Z A Dart VM Service on Chrome is available at: http://127.0.0.1:40191/qYvSdVIzW5k=
Web Tests (0)	UNKNOWN STEP	2026-02-25T20:31:25.8011911Z The Flutter DevTools debugger and profiler on Chrome is available at: http://127.0.0.1:40191/qYvSdVIzW5k=/devtools/?uri=ws://127.0.0.1:40191/qYvSdVIzW5k=/ws
Web Tests (0)	UNKNOWN STEP	2026-02-25T20:31:25.8085746Z Starting application from main method in: org-dartlang-app:/web_entrypoint.dart.
Web Tests (0)	UNKNOWN STEP	2026-02-25T20:31:26.0265479Z Found an existing <meta name="viewport"> tag. Flutter Web uses its own viewport configuration for better compatibility with Flutter. This tag will be replaced.
Web Tests (0)	UNKNOWN STEP	2026-02-25T20:31:26.2140066Z 00:00 +0: (setUpAll)
Web Tests (0)	UNKNOWN STEP	2026-02-25T20:31:26.2255860Z 00:00 +1: Matrix Server Integration Tests Connect to Matrix test server
Web Tests (0)	UNKNOWN STEP	2026-02-25T20:31:26.4676862Z 00:00 +2: Matrix Server Integration Tests Login with test user credentials
Web Tests (0)	UNKNOWN STEP	2026-02-25T20:31:26.7983482Z [Matrix] Initialize client integration_test_1772051486471
Web Tests (0)	UNKNOWN STEP	2026-02-25T20:31:26.8215824Z [Matrix] Successfully connected as testuser1 with http://localhost:8008
Web Tests (0)	UNKNOWN STEP	2026-02-25T20:31:27.2017342Z 00:00 +3: Matrix Server Integration Tests Access test server with valid credentials
Web Tests (0)	UNKNOWN STEP	2026-02-25T20:31:27.2108204Z [Matrix] Current sync request ID has changed. Dropping this sync loop!
Web Tests (0)	UNKNOWN STEP	2026-02-25T20:31:27.5276780Z [Matrix] Initialize client integration_test_1772051487209
Web Tests (0)	UNKNOWN STEP	2026-02-25T20:31:27.5358641Z [Matrix] Successfully connected as testuser1 with http://localhost:8008
Web Tests (0)	UNKNOWN STEP	2026-02-25T20:31:27.8321566Z 00:01 +4: Matrix Server Integration Tests Verify test rooms exist
Web Tests (0)	UNKNOWN STEP	2026-02-25T20:31:27.8388727Z [Matrix] Current sync request ID has changed. Dropping this sync loop!
Web Tests (0)	UNKNOWN STEP	2026-02-25T20:31:28.1504307Z [Matrix] Initialize client integration_test_1772051487841
Web Tests (0)	UNKNOWN STEP	2026-02-25T20:31:28.1579140Z [Matrix] Successfully connected as testuser1 with http://localhost:8008
Web Tests (0)	UNKNOWN STEP	2026-02-25T20:31:28.3779875Z 00:02 +5: Matrix Server Integration Tests Test room with messages vs empty room
Web Tests (0)	UNKNOWN STEP	2026-02-25T20:31:28.3801547Z [Matrix] Current sync request ID has changed. Dropping this sync loop!
Web Tests (0)	UNKNOWN STEP	2026-02-25T20:31:28.6887290Z [Matrix] Initialize client integration_test_1772051488383
Web Tests (0)	UNKNOWN STEP	2026-02-25T20:31:28.6959422Z [Matrix] Successfully connected as testuser1 with http://localhost:8008
Web Tests (0)	UNKNOWN STEP	2026-02-25T20:31:28.9099409Z 00:02 +6: Matrix Server Integration Tests Verify multiple test users created
Web Tests (0)	UNKNOWN STEP	2026-02-25T20:31:28.9132781Z [Matrix] Current sync request ID has changed. Dropping this sync loop!
Web Tests (0)	UNKNOWN STEP	2026-02-25T20:31:29.2229243Z [Matrix] Initialize client integration_test_1772051488915
Web Tests (0)	UNKNOWN STEP	2026-02-25T20:31:29.2375156Z [Matrix] Successfully connected as testuser1 with http://localhost:8008
Web Tests (0)	UNKNOWN STEP	2026-02-25T20:31:29.4622917Z 00:03 +7: Matrix Server Integration Tests Send message to test room
Web Tests (0)	UNKNOWN STEP	2026-02-25T20:31:29.4659929Z [Matrix] Current sync request ID has changed. Dropping this sync loop!
Web Tests (0)	UNKNOWN STEP	2026-02-25T20:31:29.7717991Z [Matrix] Initialize client integration_test_1772051489468
Web Tests (0)	UNKNOWN STEP	2026-02-25T20:31:29.7800555Z [Matrix] Successfully connected as testuser1 with http://localhost:8008
Web Tests (0)	UNKNOWN STEP	2026-02-25T20:31:30.0775489Z [Matrix] The user has been logged out!
Web Tests (0)	UNKNOWN STEP	2026-02-25T20:31:30.0842579Z 00:03 +8: Matrix Server Integration Tests Login as different test user
Web Tests (0)	UNKNOWN STEP	2026-02-25T20:31:30.3964546Z [Matrix] Initialize client integration_test_1772051490089
Web Tests (0)	UNKNOWN STEP	2026-02-25T20:31:30.4036592Z [Matrix] Successfully connected as testuser2 with http://localhost:8008
Web Tests (0)	UNKNOWN STEP	2026-02-25T20:31:30.6171912Z 00:04 +9: Matrix Server Integration Tests Rooms are public and joinable
Web Tests (0)	UNKNOWN STEP	2026-02-25T20:31:30.6230924Z [Matrix] Current sync request ID has changed. Dropping this sync loop!
Web Tests (0)	UNKNOWN STEP	2026-02-25T20:31:30.9249481Z [Matrix] Initialize client integration_test_1772051490622
Web Tests (0)	UNKNOWN STEP	2026-02-25T20:31:30.9327565Z [Matrix] Successfully connected as testuser1 with http://localhost:8008
Web Tests (0)	UNKNOWN STEP	2026-02-25T20:31:31.1534462Z 00:04 +10: Matrix Server Integration Tests List joined rooms
Web Tests (0)	UNKNOWN STEP	2026-02-25T20:31:31.1567453Z [Matrix] Current sync request ID has changed. Dropping this sync loop!
Web Tests (0)	UNKNOWN STEP	2026-02-25T20:31:31.4731667Z [Matrix] Initialize client integration_test_1772051491158
Web Tests (0)	UNKNOWN STEP	2026-02-25T20:31:31.4835538Z [Matrix] Successfully connected as testuser1 with http://localhost:8008
Web Tests (0)	UNKNOWN STEP	2026-02-25T20:31:31.7777756Z 00:05 +11: Matrix Server Integration Tests Room with messages contains messages
Web Tests (0)	UNKNOWN STEP	2026-02-25T20:31:31.7817485Z [Matrix] Current sync request ID has changed. Dropping this sync loop!
Web Tests (0)	UNKNOWN STEP	2026-02-25T20:31:32.1149811Z [Matrix] Initialize client integration_test_1772051491785
Web Tests (0)	UNKNOWN STEP	2026-02-25T20:31:32.1258631Z [Matrix] Successfully connected as testuser1 with http://localhost:8008
Web Tests (0)	UNKNOWN STEP	2026-02-25T20:31:32.3536372Z 00:06 +12: Matrix Server Integration Tests Empty room has no messages
Web Tests (0)	UNKNOWN STEP	2026-02-25T20:31:32.3569779Z [Matrix] Current sync request ID has changed. Dropping this sync loop!
Web Tests (0)	UNKNOWN STEP	2026-02-25T20:31:32.6633001Z [Matrix] Initialize client integration_test_1772051492359
Web Tests (0)	UNKNOWN STEP	2026-02-25T20:31:32.6714115Z [Matrix] Successfully connected as testuser1 with http://localhost:8008
Web Tests (0)	UNKNOWN STEP	2026-02-25T20:31:32.8909732Z 00:06 +13: Matrix Server Integration Tests Multiple users in same room
Web Tests (0)	UNKNOWN STEP	2026-02-25T20:31:32.8966181Z [Matrix] Current sync request ID has changed. Dropping this sync loop!
Web Tests (0)	UNKNOWN STEP	2026-02-25T20:31:33.2013379Z [Matrix] Initialize client integration_test_1772051492895
Web Tests (0)	UNKNOWN STEP	2026-02-25T20:31:33.2098031Z [Matrix] Successfully connected as testuser1 with http://localhost:8008
Web Tests (0)	UNKNOWN STEP	2026-02-25T20:31:33.3854289Z ✓ Found 3 members in room
Web Tests (0)	UNKNOWN STEP	2026-02-25T20:31:33.4210940Z 00:07 +14: Matrix Server Integration Tests Send and receive message
Web Tests (0)	UNKNOWN STEP	2026-02-25T20:31:33.4264182Z [Matrix] Current sync request ID has changed. Dropping this sync loop!
Web Tests (0)	UNKNOWN STEP	2026-02-25T20:31:33.7287809Z [Matrix] Initialize client integration_test_1772051493426
Web Tests (0)	UNKNOWN STEP	2026-02-25T20:31:33.7380569Z [Matrix] Successfully connected as testuser1 with http://localhost:8008
Web Tests (0)	UNKNOWN STEP	2026-02-25T20:31:34.0010512Z [Matrix] The user has been logged out!
Web Tests (0)	UNKNOWN STEP	2026-02-25T20:31:34.0040715Z 00:07 +15: Matrix Server Integration Tests Sync with server
Web Tests (0)	UNKNOWN STEP	2026-02-25T20:31:34.3125739Z [Matrix] Initialize client integration_test_1772051494009
Web Tests (0)	UNKNOWN STEP	2026-02-25T20:31:34.3201384Z [Matrix] Successfully connected as testuser1 with http://localhost:8008
Web Tests (0)	UNKNOWN STEP	2026-02-25T20:31:34.5339704Z 00:08 +16: Matrix Server Integration Tests Create and join room
Web Tests (0)	UNKNOWN STEP	2026-02-25T20:31:34.5369734Z [Matrix] Current sync request ID has changed. Dropping this sync loop!
Web Tests (0)	UNKNOWN STEP	2026-02-25T20:31:34.8430895Z [Matrix] Initialize client integration_test_1772051494538
Web Tests (0)	UNKNOWN STEP	2026-02-25T20:31:34.8498713Z [Matrix] Successfully connected as testuser1 with http://localhost:8008
Web Tests (0)	UNKNOWN STEP	2026-02-25T20:31:35.2306581Z 00:09 +17: Matrix Server Integration Tests Room with different message counts
Web Tests (0)	UNKNOWN STEP	2026-02-25T20:31:35.5355418Z [Matrix] Initialize client integration_test_1772051495234
Web Tests (0)	UNKNOWN STEP	2026-02-25T20:31:35.5447329Z [Matrix] Successfully connected as testuser1 with http://localhost:8008
Web Tests (0)	UNKNOWN STEP	2026-02-25T20:31:35.7779612Z [Matrix] Current sync request ID has changed. Dropping this sync loop!
Web Tests (0)	UNKNOWN STEP	2026-02-25T20:31:35.7789860Z 00:09 +18: (tearDownAll)
Web Tests (0)	UNKNOWN STEP	2026-02-25T20:31:35.7801220Z 00:09 +19: All tests passed!
Web Tests (0)	UNKNOWN STEP	2026-02-25T20:34:32.3361857Z ##[error]The action 'Run web tests' has timed out after 45 minutes.
Web Tests (0)	UNKNOWN STEP	2026-02-25T20:34:32.3405541Z ##[group]Run echo "=== test-results/ ==="
Web Tests (0)	UNKNOWN STEP	2026-02-25T20:34:32.3405898Z [36;1mecho "=== test-results/ ==="[0m
Web Tests (0)	UNKNOWN STEP	2026-02-25T20:34:32.3406266Z [36;1mls -la test-results/ 2>/dev/null || echo "(no test-results dir)"[0m
Web Tests (0)	UNKNOWN STEP	2026-02-25T20:34:32.3406642Z [36;1mfor f in test-results/*.log; do[0m
Web Tests (0)	UNKNOWN STEP	2026-02-25T20:34:32.3406904Z [36;1m  [ -f "$f" ] || continue[0m
Web Tests (0)	UNKNOWN STEP	2026-02-25T20:34:32.3407144Z [36;1m  echo ""[0m
Web Tests (0)	UNKNOWN STEP	2026-02-25T20:34:32.3407345Z [36;1m  echo "=== $f ==="[0m
Web Tests (0)	UNKNOWN STEP	2026-02-25T20:34:32.3407570Z [36;1m  tail -100 "$f"[0m
Web Tests (0)	UNKNOWN STEP	2026-02-25T20:34:32.3407770Z [36;1mdone[0m
Web Tests (0)	UNKNOWN STEP	2026-02-25T20:34:32.3456437Z shell: /usr/bin/bash -e {0}
Web Tests (0)	UNKNOWN STEP	2026-02-25T20:34:32.3456884Z env:
Web Tests (0)	UNKNOWN STEP	2026-02-25T20:34:32.3457073Z   CACHE_VERSION: v1
Web Tests (0)	UNKNOWN STEP	2026-02-25T20:34:32.3457391Z   FLUTTER_ROOT: /opt/hostedtoolcache/flutter/stable-3.41.2-x64
Web Tests (0)	UNKNOWN STEP	2026-02-25T20:34:32.3457784Z   PUB_CACHE: /home/runner/.pub-cache
Web Tests (0)	UNKNOWN STEP	2026-02-25T20:34:32.3458067Z ##[endgroup]
Web Tests (0)	UNKNOWN STEP	2026-02-25T20:34:32.3526199Z === test-results/ ===
Web Tests (0)	UNKNOWN STEP	2026-02-25T20:34:32.3541721Z total 45512
Web Tests (0)	UNKNOWN STEP	2026-02-25T20:34:32.3542003Z drwxr-xr-x  2 runner runner     4096 Feb 25 20:30 .
Web Tests (0)	UNKNOWN STEP	2026-02-25T20:34:32.3542383Z drwxr-xr-x 24 runner runner     4096 Feb 25 19:49 ..
Web Tests (0)	UNKNOWN STEP	2026-02-25T20:34:32.3542841Z -rw-r--r--  1 runner runner      233 Feb 25 19:48 ios-device-info.txt
Web Tests (0)	UNKNOWN STEP	2026-02-25T20:34:32.3543614Z -rw-r--r--  1 runner runner 34795326 Feb 25 19:48 ios-test-results.txt
Web Tests (0)	UNKNOWN STEP	2026-02-25T20:34:32.3544359Z -rw-r--r--  1 runner runner 11471554 Feb 25 19:48 test-results.txt
Web Tests (0)	UNKNOWN STEP	2026-02-25T20:34:32.3545372Z -rw-r--r--  1 runner runner     5560 Feb 25 20:31 web-drive-matrix_integration_test.dart.log
Web Tests (0)	UNKNOWN STEP	2026-02-25T20:34:32.3546266Z -rw-r--r--  1 runner runner    12437 Feb 25 20:31 web-integration-tests.log
Web Tests (0)	UNKNOWN STEP	2026-02-25T20:34:32.3547329Z -rw-r--r--  1 runner runner   181872 Feb 25 19:48 web-test-results.txt
Web Tests (0)	UNKNOWN STEP	2026-02-25T20:34:32.3547980Z -rw-r--r--  1 runner runner   107227 Feb 25 20:10 web-unit-tests.log
Web Tests (0)	UNKNOWN STEP	2026-02-25T20:34:32.3548434Z 
Web Tests (0)	UNKNOWN STEP	2026-02-25T20:34:32.3548823Z === test-results/web-drive-matrix_integration_test.dart.log ===
Web Tests (0)	UNKNOWN STEP	2026-02-25T20:34:32.3555382Z Resolving dependencies...
Web Tests (0)	UNKNOWN STEP	2026-02-25T20:34:32.3555734Z Downloading packages...
Web Tests (0)	UNKNOWN STEP	2026-02-25T20:34:32.3556031Z   _fe_analyzer_shared 91.0.0 (96.0.0 available)
Web Tests (0)	UNKNOWN STEP	2026-02-25T20:34:32.3556474Z   analyzer 8.4.1 (10.2.0 available)
Web Tests (0)	UNKNOWN STEP	2026-02-25T20:34:32.3557102Z   meta 1.17.0 (1.18.1 available)
Web Tests (0)	UNKNOWN STEP	2026-02-25T20:34:32.3557592Z   sqflite_common_ffi 2.3.7+1 (2.4.0+2 available)
Web Tests (0)	UNKNOWN STEP	2026-02-25T20:34:32.3558246Z   sqlite3 2.9.4 (3.1.6 available)
Web Tests (0)	UNKNOWN STEP	2026-02-25T20:34:32.3558996Z   unorm_dart 0.2.0 (0.3.2 available)
Web Tests (0)	UNKNOWN STEP	2026-02-25T20:34:32.3559580Z   win32 5.15.0 (6.0.0 available)
Web Tests (0)	UNKNOWN STEP	2026-02-25T20:34:32.3559872Z Got dependencies!
Web Tests (0)	UNKNOWN STEP	2026-02-25T20:34:32.3560305Z 7 packages have newer versions incompatible with dependency constraints.
Web Tests (0)	UNKNOWN STEP	2026-02-25T20:34:32.3560916Z Try `flutter pub outdated` for more information.
Web Tests (0)	UNKNOWN STEP	2026-02-25T20:34:32.3561523Z Launching integration_test/matrix_integration_test.dart on Chrome in debug mode...
Web Tests (0)	UNKNOWN STEP	2026-02-25T20:34:32.3562233Z Waiting for connection from debug service on Chrome...             32.2s
Web Tests (0)	UNKNOWN STEP	2026-02-25T20:34:32.3562861Z Debug service listening on ws://127.0.0.1:40191/qYvSdVIzW5k=/ws
Web Tests (0)	UNKNOWN STEP	2026-02-25T20:34:32.3563501Z A Dart VM Service on Chrome is available at: http://127.0.0.1:40191/qYvSdVIzW5k=
Web Tests (0)	UNKNOWN STEP	2026-02-25T20:34:32.3564536Z The Flutter DevTools debugger and profiler on Chrome is available at: http://127.0.0.1:40191/qYvSdVIzW5k=/devtools/?uri=ws://127.0.0.1:40191/qYvSdVIzW5k=/ws
Web Tests (0)	UNKNOWN STEP	2026-02-25T20:34:32.3565812Z Starting application from main method in: org-dartlang-app:/web_entrypoint.dart.
Web Tests (0)	UNKNOWN STEP	2026-02-25T20:34:32.3566910Z Found an existing <meta name="viewport"> tag. Flutter Web uses its own viewport configuration for better compatibility with Flutter. This tag will be replaced.
Web Tests (0)	UNKNOWN STEP	2026-02-25T20:34:32.3567809Z 00:00 +0: (setUpAll)
Web Tests (0)	UNKNOWN STEP	2026-02-25T20:34:32.3568204Z 00:00 +1: Matrix Server Integration Tests Connect to Matrix test server
Web Tests (0)	UNKNOWN STEP	2026-02-25T20:34:32.3568828Z 00:00 +2: Matrix Server Integration Tests Login with test user credentials
Web Tests (0)	UNKNOWN STEP	2026-02-25T20:34:32.3569417Z [Matrix] Initialize client integration_test_1772051486471
Web Tests (0)	UNKNOWN STEP	2026-02-25T20:34:32.3570394Z [Matrix] Successfully connected as testuser1 with http://localhost:8008
Web Tests (0)	UNKNOWN STEP	2026-02-25T20:34:32.3571651Z 00:00 +3: Matrix Server Integration Tests Access test server with valid credentials
Web Tests (0)	UNKNOWN STEP	2026-02-25T20:34:32.3572976Z [Matrix] Current sync request ID has changed. Dropping this sync loop!
Web Tests (0)	UNKNOWN STEP	2026-02-25T20:34:32.3573561Z [Matrix] Initialize client integration_test_1772051487209
Web Tests (0)	UNKNOWN STEP	2026-02-25T20:34:32.3574039Z [Matrix] Successfully connected as testuser1 with http://localhost:8008
Web Tests (0)	UNKNOWN STEP	2026-02-25T20:34:32.3574531Z 00:01 +4: Matrix Server Integration Tests Verify test rooms exist
Web Tests (0)	UNKNOWN STEP	2026-02-25T20:34:32.3575221Z [Matrix] Current sync request ID has changed. Dropping this sync loop!
Web Tests (0)	UNKNOWN STEP	2026-02-25T20:34:32.3575950Z [Matrix] Initialize client integration_test_1772051487841
Web Tests (0)	UNKNOWN STEP	2026-02-25T20:34:32.3576375Z [Matrix] Successfully connected as testuser1 with http://localhost:8008
Web Tests (0)	UNKNOWN STEP	2026-02-25T20:34:32.3576902Z 00:02 +5: Matrix Server Integration Tests Test room with messages vs empty room
Web Tests (0)	UNKNOWN STEP	2026-02-25T20:34:32.3577423Z [Matrix] Current sync request ID has changed. Dropping this sync loop!
Web Tests (0)	UNKNOWN STEP	2026-02-25T20:34:32.3577871Z [Matrix] Initialize client integration_test_1772051488383
Web Tests (0)	UNKNOWN STEP	2026-02-25T20:34:32.3578323Z [Matrix] Successfully connected as testuser1 with http://localhost:8008
Web Tests (0)	UNKNOWN STEP	2026-02-25T20:34:32.3578871Z 00:02 +6: Matrix Server Integration Tests Verify multiple test users created
Web Tests (0)	UNKNOWN STEP	2026-02-25T20:34:32.3579370Z [Matrix] Current sync request ID has changed. Dropping this sync loop!
Web Tests (0)	UNKNOWN STEP	2026-02-25T20:34:32.3579817Z [Matrix] Initialize client integration_test_1772051488915
Web Tests (0)	UNKNOWN STEP	2026-02-25T20:34:32.3580283Z [Matrix] Successfully connected as testuser1 with http://localhost:8008
Web Tests (0)	UNKNOWN STEP	2026-02-25T20:34:32.3580768Z 00:03 +7: Matrix Server Integration Tests Send message to test room
Web Tests (0)	UNKNOWN STEP	2026-02-25T20:34:32.3581230Z [Matrix] Current sync request ID has changed. Dropping this sync loop!
Web Tests (0)	UNKNOWN STEP	2026-02-25T20:34:32.3581667Z [Matrix] Initialize client integration_test_1772051489468
Web Tests (0)	UNKNOWN STEP	2026-02-25T20:34:32.3582139Z [Matrix] Successfully connected as testuser1 with http://localhost:8008
Web Tests (0)	UNKNOWN STEP	2026-02-25T20:34:32.3582553Z [Matrix] The user has been logged out!
Web Tests (0)	UNKNOWN STEP	2026-02-25T20:34:32.3582887Z 00:03 +8: Matrix Server Integration Tests Login as different test user
Web Tests (0)	UNKNOWN STEP	2026-02-25T20:34:32.3583354Z [Matrix] Initialize client integration_test_1772051490089
Web Tests (0)	UNKNOWN STEP	2026-02-25T20:34:32.3583808Z [Matrix] Successfully connected as testuser2 with http://localhost:8008
Web Tests (0)	UNKNOWN STEP	2026-02-25T20:34:32.3584289Z 00:04 +9: Matrix Server Integration Tests Rooms are public and joinable
Web Tests (0)	UNKNOWN STEP	2026-02-25T20:34:32.3585327Z [Matrix] Current sync request ID has changed. Dropping this sync loop!
Web Tests (0)	UNKNOWN STEP	2026-02-25T20:34:32.3586142Z [Matrix] Initialize client integration_test_1772051490622
Web Tests (0)	UNKNOWN STEP	2026-02-25T20:34:32.3587008Z [Matrix] Successfully connected as testuser1 with http://localhost:8008
Web Tests (0)	UNKNOWN STEP	2026-02-25T20:34:32.3587916Z 00:04 +10: Matrix Server Integration Tests List joined rooms
Web Tests (0)	UNKNOWN STEP	2026-02-25T20:34:32.3588681Z [Matrix] Current sync request ID has changed. Dropping this sync loop!
Web Tests (0)	UNKNOWN STEP	2026-02-25T20:34:32.3589398Z [Matrix] Initialize client integration_test_1772051491158
Web Tests (0)	UNKNOWN STEP	2026-02-25T20:34:32.3590147Z [Matrix] Successfully connected as testuser1 with http://localhost:8008
Web Tests (0)	UNKNOWN STEP	2026-02-25T20:34:32.3590780Z 00:05 +11: Matrix Server Integration Tests Room with messages contains messages
Web Tests (0)	UNKNOWN STEP	2026-02-25T20:34:32.3591254Z [Matrix] Current sync request ID has changed. Dropping this sync loop!
Web Tests (0)	UNKNOWN STEP	2026-02-25T20:34:32.3591654Z [Matrix] Initialize client integration_test_1772051491785
Web Tests (0)	UNKNOWN STEP	2026-02-25T20:34:32.3592070Z [Matrix] Successfully connected as testuser1 with http://localhost:8008
Web Tests (0)	UNKNOWN STEP	2026-02-25T20:34:32.3592514Z 00:06 +12: Matrix Server Integration Tests Empty room has no messages
Web Tests (0)	UNKNOWN STEP	2026-02-25T20:34:32.3592943Z [Matrix] Current sync request ID has changed. Dropping this sync loop!
Web Tests (0)	UNKNOWN STEP	2026-02-25T20:34:32.3593349Z [Matrix] Initialize client integration_test_1772051492359
Web Tests (0)	UNKNOWN STEP	2026-02-25T20:34:32.3593754Z [Matrix] Successfully connected as testuser1 with http://localhost:8008
Web Tests (0)	UNKNOWN STEP	2026-02-25T20:34:32.3594185Z 00:06 +13: Matrix Server Integration Tests Multiple users in same room
Web Tests (0)	UNKNOWN STEP	2026-02-25T20:34:32.3594769Z [Matrix] Current sync request ID has changed. Dropping this sync loop!
Web Tests (0)	UNKNOWN STEP	2026-02-25T20:34:32.3595494Z [Matrix] Initialize client integration_test_1772051492895
Web Tests (0)	UNKNOWN STEP	2026-02-25T20:34:32.3595916Z [Matrix] Successfully connected as testuser1 with http://localhost:8008
Web Tests (0)	UNKNOWN STEP	2026-02-25T20:34:32.3596473Z ✓ Found 3 members in room
Web Tests (0)	UNKNOWN STEP	2026-02-25T20:34:32.3596772Z 00:07 +14: Matrix Server Integration Tests Send and receive message
Web Tests (0)	UNKNOWN STEP	2026-02-25T20:34:32.3597194Z [Matrix] Current sync request ID has changed. Dropping this sync loop!
Web Tests (0)	UNKNOWN STEP	2026-02-25T20:34:32.3597590Z [Matrix] Initialize client integration_test_1772051493426
Web Tests (0)	UNKNOWN STEP	2026-02-25T20:34:32.3597991Z [Matrix] Successfully connected as testuser1 with http://localhost:8008
Web Tests (0)	UNKNOWN STEP	2026-02-25T20:34:32.3598530Z [Matrix] The user has been logged out!
Web Tests (0)	UNKNOWN STEP	2026-02-25T20:34:32.3598836Z 00:07 +15: Matrix Server Integration Tests Sync with server
Web Tests (0)	UNKNOWN STEP	2026-02-25T20:34:32.3599190Z [Matrix] Initialize client integration_test_1772051494009
Web Tests (0)	UNKNOWN STEP	2026-02-25T20:34:32.3599602Z [Matrix] Successfully connected as testuser1 with http://localhost:8008
Web Tests (0)	UNKNOWN STEP	2026-02-25T20:34:32.3600021Z 00:08 +16: Matrix Server Integration Tests Create and join room
Web Tests (0)	UNKNOWN STEP	2026-02-25T20:34:32.3600419Z [Matrix] Current sync request ID has changed. Dropping this sync loop!
Web Tests (0)	UNKNOWN STEP	2026-02-25T20:34:32.3600811Z [Matrix] Initialize client integration_test_1772051494538
Web Tests (0)	UNKNOWN STEP	2026-02-25T20:34:32.3601212Z [Matrix] Successfully connected as testuser1 with http://localhost:8008
Web Tests (0)	UNKNOWN STEP	2026-02-25T20:34:32.3601670Z 00:09 +17: Matrix Server Integration Tests Room with different message counts
Web Tests (0)	UNKNOWN STEP	2026-02-25T20:34:32.3602077Z [Matrix] Initialize client integration_test_1772051495234
Web Tests (0)	UNKNOWN STEP	2026-02-25T20:34:32.3602478Z [Matrix] Successfully connected as testuser1 with http://localhost:8008
Web Tests (0)	UNKNOWN STEP	2026-02-25T20:34:32.3602930Z [Matrix] Current sync request ID has changed. Dropping this sync loop!
Web Tests (0)	UNKNOWN STEP	2026-02-25T20:34:32.3603267Z 00:09 +18: (tearDownAll)
Web Tests (0)	UNKNOWN STEP	2026-02-25T20:34:32.3603486Z 00:09 +19: All tests passed!
Web Tests (0)	UNKNOWN STEP	2026-02-25T20:34:32.3603635Z 
Web Tests (0)	UNKNOWN STEP	2026-02-25T20:34:32.3603755Z === test-results/web-integration-tests.log ===
Web Tests (0)	UNKNOWN STEP	2026-02-25T20:34:32.3604218Z #0      DevHandler._startLocalDebugService (package:dwds/src/handlers/dev_handler.dart:221:7)
Web Tests (0)	UNKNOWN STEP	2026-02-25T20:34:32.3604661Z <asynchronous suspension>
Web Tests (0)	UNKNOWN STEP	2026-02-25T20:34:32.3605233Z #1      DevHandler._createChromeAppServices (package:dwds/src/handlers/dev_handler.dart:303:26)
Web Tests (0)	UNKNOWN STEP	2026-02-25T20:34:32.3605681Z <asynchronous suspension>
Web Tests (0)	UNKNOWN STEP	2026-02-25T20:34:32.3606053Z #2      DevHandler.loadAppServices (package:dwds/src/handlers/dev_handler.dart:273:23)
Web Tests (0)	UNKNOWN STEP	2026-02-25T20:34:32.3606466Z <asynchronous suspension>
Web Tests (0)	UNKNOWN STEP	2026-02-25T20:34:32.3606890Z #3      DevHandler.createDebugConnectionForChrome (package:dwds/src/handlers/dev_handler.dart:600:30)
Web Tests (0)	UNKNOWN STEP	2026-02-25T20:34:32.3607371Z <asynchronous suspension>
Web Tests (0)	UNKNOWN STEP	2026-02-25T20:34:32.3607695Z #4      Dwds.debugConnection (package:dwds/dart_web_debug_service.dart:68:14)
Web Tests (0)	UNKNOWN STEP	2026-02-25T20:34:32.3608061Z <asynchronous suspension>
Web Tests (0)	UNKNOWN STEP	2026-02-25T20:34:32.3608466Z #5      WebDevFS.connect.<anonymous closure> (package:flutter_tools/src/isolated/devfs_web.dart:160:17)
Web Tests (0)	UNKNOWN STEP	2026-02-25T20:34:32.3608921Z <asynchronous suspension>
Web Tests (0)	UNKNOWN STEP	2026-02-25T20:34:32.3609059Z 
Web Tests (0)	UNKNOWN STEP	2026-02-25T20:34:32.3609144Z Resolving dependencies...
Web Tests (0)	UNKNOWN STEP	2026-02-25T20:34:32.3609387Z Downloading packages...
Web Tests (0)	UNKNOWN STEP	2026-02-25T20:34:32.3609634Z   _fe_analyzer_shared 91.0.0 (96.0.0 available)
Web Tests (0)	UNKNOWN STEP	2026-02-25T20:34:32.3609911Z   analyzer 8.4.1 (10.2.0 available)
Web Tests (0)	UNKNOWN STEP	2026-02-25T20:34:32.3610153Z   meta 1.17.0 (1.18.1 available)
Web Tests (0)	UNKNOWN STEP	2026-02-25T20:34:32.3610415Z   sqflite_common_ffi 2.3.7+1 (2.4.0+2 available)
Web Tests (0)	UNKNOWN STEP	2026-02-25T20:34:32.3610687Z   sqlite3 2.9.4 (3.1.6 available)
Web Tests (0)	UNKNOWN STEP	2026-02-25T20:34:32.3610929Z   unorm_dart 0.2.0 (0.3.2 available)
Web Tests (0)	UNKNOWN STEP	2026-02-25T20:34:32.3611169Z   win32 5.15.0 (6.0.0 available)
Web Tests (0)	UNKNOWN STEP	2026-02-25T20:34:32.3611397Z Got dependencies!
Web Tests (0)	UNKNOWN STEP	2026-02-25T20:34:32.3611706Z 7 packages have newer versions incompatible with dependency constraints.
Web Tests (0)	UNKNOWN STEP	2026-02-25T20:34:32.3612098Z Try `flutter pub outdated` for more information.
Web Tests (0)	UNKNOWN STEP	2026-02-25T20:34:32.3612520Z Launching integration_test/matrix_integration_test.dart on Chrome in debug mode...
Web Tests (0)	UNKNOWN STEP	2026-02-25T20:34:32.3613142Z Waiting for connection from debug service on Chrome...             32.2s
Web Tests (0)	UNKNOWN STEP	2026-02-25T20:34:32.3613574Z Debug service listening on ws://127.0.0.1:40191/qYvSdVIzW5k=/ws
Web Tests (0)	UNKNOWN STEP	2026-02-25T20:34:32.3614016Z A Dart VM Service on Chrome is available at: http://127.0.0.1:40191/qYvSdVIzW5k=
Web Tests (0)	UNKNOWN STEP	2026-02-25T20:34:32.3614765Z The Flutter DevTools debugger and profiler on Chrome is available at: http://127.0.0.1:40191/qYvSdVIzW5k=/devtools/?uri=ws://127.0.0.1:40191/qYvSdVIzW5k=/ws
Web Tests (0)	UNKNOWN STEP	2026-02-25T20:34:32.3615821Z Starting application from main method in: org-dartlang-app:/web_entrypoint.dart.
Web Tests (0)	UNKNOWN STEP	2026-02-25T20:34:32.3616601Z Found an existing <meta name="viewport"> tag. Flutter Web uses its own viewport configuration for better compatibility with Flutter. This tag will be replaced.
Web Tests (0)	UNKNOWN STEP	2026-02-25T20:34:32.3617361Z 00:00 +0: (setUpAll)
Web Tests (0)	UNKNOWN STEP	2026-02-25T20:34:32.3617650Z 00:00 +1: Matrix Server Integration Tests Connect to Matrix test server
Web Tests (0)	UNKNOWN STEP	2026-02-25T20:34:32.3618078Z 00:00 +2: Matrix Server Integration Tests Login with test user credentials
Web Tests (0)	UNKNOWN STEP	2026-02-25T20:34:32.3618495Z [Matrix] Initialize client integration_test_1772051486471
Web Tests (0)	UNKNOWN STEP	2026-02-25T20:34:32.3618911Z [Matrix] Successfully connected as testuser1 with http://localhost:8008
Web Tests (0)	UNKNOWN STEP	2026-02-25T20:34:32.3619395Z 00:00 +3: Matrix Server Integration Tests Access test server with valid credentials
Web Tests (0)	UNKNOWN STEP	2026-02-25T20:34:32.3619878Z [Matrix] Current sync request ID has changed. Dropping this sync loop!
Web Tests (0)	UNKNOWN STEP	2026-02-25T20:34:32.3620276Z [Matrix] Initialize client integration_test_1772051487209
Web Tests (0)	UNKNOWN STEP	2026-02-25T20:34:32.3620684Z [Matrix] Successfully connected as testuser1 with http://localhost:8008
Web Tests (0)	UNKNOWN STEP	2026-02-25T20:34:32.3621112Z 00:01 +4: Matrix Server Integration Tests Verify test rooms exist
Web Tests (0)	UNKNOWN STEP	2026-02-25T20:34:32.3621545Z [Matrix] Current sync request ID has changed. Dropping this sync loop!
Web Tests (0)	UNKNOWN STEP	2026-02-25T20:34:32.3621949Z [Matrix] Initialize client integration_test_1772051487841
Web Tests (0)	UNKNOWN STEP	2026-02-25T20:34:32.3622359Z [Matrix] Successfully connected as testuser1 with http://localhost:8008
Web Tests (0)	UNKNOWN STEP	2026-02-25T20:34:32.3622836Z 00:02 +5: Matrix Server Integration Tests Test room with messages vs empty room
Web Tests (0)	UNKNOWN STEP	2026-02-25T20:34:32.3623294Z [Matrix] Current sync request ID has changed. Dropping this sync loop!
Web Tests (0)	UNKNOWN STEP	2026-02-25T20:34:32.3623689Z [Matrix] Initialize client integration_test_1772051488383
Web Tests (0)	UNKNOWN STEP	2026-02-25T20:34:32.3624087Z [Matrix] Successfully connected as testuser1 with http://localhost:8008
Web Tests (0)	UNKNOWN STEP	2026-02-25T20:34:32.3624543Z 00:02 +6: Matrix Server Integration Tests Verify multiple test users created
Web Tests (0)	UNKNOWN STEP	2026-02-25T20:34:32.3625242Z [Matrix] Current sync request ID has changed. Dropping this sync loop!
Web Tests (0)	UNKNOWN STEP	2026-02-25T20:34:32.3625646Z [Matrix] Initialize client integration_test_1772051488915
Web Tests (0)	UNKNOWN STEP	2026-02-25T20:34:32.3626048Z [Matrix] Successfully connected as testuser1 with http://localhost:8008
Web Tests (0)	UNKNOWN STEP	2026-02-25T20:34:32.3626486Z 00:03 +7: Matrix Server Integration Tests Send message to test room
Web Tests (0)	UNKNOWN STEP	2026-02-25T20:34:32.3626901Z [Matrix] Current sync request ID has changed. Dropping this sync loop!
Web Tests (0)	UNKNOWN STEP	2026-02-25T20:34:32.3627287Z [Matrix] Initialize client integration_test_1772051489468
Web Tests (0)	UNKNOWN STEP	2026-02-25T20:34:32.3627691Z [Matrix] Successfully connected as testuser1 with http://localhost:8008
Web Tests (0)	UNKNOWN STEP	2026-02-25T20:34:32.3628060Z [Matrix] The user has been logged out!
Web Tests (0)	UNKNOWN STEP	2026-02-25T20:34:32.3628387Z 00:03 +8: Matrix Server Integration Tests Login as different test user
Web Tests (0)	UNKNOWN STEP	2026-02-25T20:34:32.3628847Z [Matrix] Initialize client integration_test_1772051490089
Web Tests (0)	UNKNOWN STEP	2026-02-25T20:34:32.3629254Z [Matrix] Successfully connected as testuser2 with http://localhost:8008
Web Tests (0)	UNKNOWN STEP	2026-02-25T20:34:32.3629686Z 00:04 +9: Matrix Server Integration Tests Rooms are public and joinable
Web Tests (0)	UNKNOWN STEP	2026-02-25T20:34:32.3630405Z [Matrix] Current sync request ID has changed. Dropping this sync loop!
Web Tests (0)	UNKNOWN STEP	2026-02-25T20:34:32.3631088Z [Matrix] Initialize client integration_test_1772051490622
Web Tests (0)	UNKNOWN STEP	2026-02-25T20:34:32.3631764Z [Matrix] Successfully connected as testuser1 with http://localhost:8008
Web Tests (0)	UNKNOWN STEP	2026-02-25T20:34:32.3632470Z 00:04 +10: Matrix Server Integration Tests List joined rooms
Web Tests (0)	UNKNOWN STEP	2026-02-25T20:34:32.3632874Z [Matrix] Current sync request ID has changed. Dropping this sync loop!
Web Tests (0)	UNKNOWN STEP	2026-02-25T20:34:32.3633432Z [Matrix] Initialize client integration_test_1772051491158
Web Tests (0)	UNKNOWN STEP	2026-02-25T20:34:32.3633852Z [Matrix] Successfully connected as testuser1 with http://localhost:8008
Web Tests (0)	UNKNOWN STEP	2026-02-25T20:34:32.3634326Z 00:05 +11: Matrix Server Integration Tests Room with messages contains messages
Web Tests (0)	UNKNOWN STEP	2026-02-25T20:34:32.3634778Z [Matrix] Current sync request ID has changed. Dropping this sync loop!
Web Tests (0)	UNKNOWN STEP	2026-02-25T20:34:32.3635436Z [Matrix] Initialize client integration_test_1772051491785
Web Tests (0)	UNKNOWN STEP	2026-02-25T20:34:32.3635851Z [Matrix] Successfully connected as testuser1 with http://localhost:8008
Web Tests (0)	UNKNOWN STEP	2026-02-25T20:34:32.3636287Z 00:06 +12: Matrix Server Integration Tests Empty room has no messages
Web Tests (0)	UNKNOWN STEP	2026-02-25T20:34:32.3636865Z [Matrix] Current sync request ID has changed. Dropping this sync loop!
Web Tests (0)	UNKNOWN STEP	2026-02-25T20:34:32.3637259Z [Matrix] Initialize client integration_test_1772051492359
Web Tests (0)	UNKNOWN STEP	2026-02-25T20:34:32.3637659Z [Matrix] Successfully connected as testuser1 with http://localhost:8008
Web Tests (0)	UNKNOWN STEP	2026-02-25T20:34:32.3638118Z 00:06 +13: Matrix Server Integration Tests Multiple users in same room
Web Tests (0)	UNKNOWN STEP	2026-02-25T20:34:32.3638549Z [Matrix] Current sync request ID has changed. Dropping this sync loop!
Web Tests (0)	UNKNOWN STEP	2026-02-25T20:34:32.3638941Z [Matrix] Initialize client integration_test_1772051492895
Web Tests (0)	UNKNOWN STEP	2026-02-25T20:34:32.3639342Z [Matrix] Successfully connected as testuser1 with http://localhost:8008
Web Tests (0)	UNKNOWN STEP	2026-02-25T20:34:32.3639783Z ✓ Found 3 members in room
Web Tests (0)	UNKNOWN STEP	2026-02-25T20:34:32.3640074Z 00:07 +14: Matrix Server Integration Tests Send and receive message
Web Tests (0)	UNKNOWN STEP	2026-02-25T20:34:32.3640486Z [Matrix] Current sync request ID has changed. Dropping this sync loop!
Web Tests (0)	UNKNOWN STEP	2026-02-25T20:34:32.3640873Z [Matrix] Initialize client integration_test_1772051493426
Web Tests (0)	UNKNOWN STEP	2026-02-25T20:34:32.3641286Z [Matrix] Successfully connected as testuser1 with http://localhost:8008
Web Tests (0)	UNKNOWN STEP	2026-02-25T20:34:32.3641650Z [Matrix] The user has been logged out!
Web Tests (0)	UNKNOWN STEP	2026-02-25T20:34:32.3641947Z 00:07 +15: Matrix Server Integration Tests Sync with server
Web Tests (0)	UNKNOWN STEP	2026-02-25T20:34:32.3642295Z [Matrix] Initialize client integration_test_1772051494009
Web Tests (0)	UNKNOWN STEP	2026-02-25T20:34:32.3642702Z [Matrix] Successfully connected as testuser1 with http://localhost:8008
Web Tests (0)	UNKNOWN STEP	2026-02-25T20:34:32.3643116Z 00:08 +16: Matrix Server Integration Tests Create and join room
Web Tests (0)	UNKNOWN STEP	2026-02-25T20:34:32.3643531Z [Matrix] Current sync request ID has changed. Dropping this sync loop!
Web Tests (0)	UNKNOWN STEP	2026-02-25T20:34:32.3643941Z [Matrix] Initialize client integration_test_1772051494538
Web Tests (0)	UNKNOWN STEP	2026-02-25T20:34:32.3644356Z [Matrix] Successfully connected as testuser1 with http://localhost:8008
Web Tests (0)	UNKNOWN STEP	2026-02-25T20:34:32.3644819Z 00:09 +17: Matrix Server Integration Tests Room with different message counts
Web Tests (0)	UNKNOWN STEP	2026-02-25T20:34:32.3645451Z [Matrix] Initialize client integration_test_1772051495234
Web Tests (0)	UNKNOWN STEP	2026-02-25T20:34:32.3645870Z [Matrix] Successfully connected as testuser1 with http://localhost:8008
Web Tests (0)	UNKNOWN STEP	2026-02-25T20:34:32.3646316Z [Matrix] Current sync request ID has changed. Dropping this sync loop!
Web Tests (0)	UNKNOWN STEP	2026-02-25T20:34:32.3646661Z 00:09 +18: (tearDownAll)
Web Tests (0)	UNKNOWN STEP	2026-02-25T20:34:32.3646880Z 00:09 +19: All tests passed!
Web Tests (0)	UNKNOWN STEP	2026-02-25T20:34:32.3647031Z 
Web Tests (0)	UNKNOWN STEP	2026-02-25T20:34:32.3647135Z === test-results/web-unit-tests.log ===
Web Tests (0)	UNKNOWN STEP	2026-02-25T20:34:32.3647504Z [90m[🌎 Easy Localization] [DEBUG] Init state[0m
Web Tests (0)	UNKNOWN STEP	2026-02-25T20:34:32.3647873Z [90m[🌎 Easy Localization] [DEBUG] Build[0m
Web Tests (0)	UNKNOWN STEP	2026-02-25T20:34:32.3648272Z [90m[🌎 Easy Localization] [DEBUG] Init Localization Delegate[0m
Web Tests (0)	UNKNOWN STEP	2026-02-25T20:34:32.3648685Z [90m[🌎 Easy Localization] [DEBUG] Init provider[0m
Web Tests (0)	UNKNOWN STEP	2026-02-25T20:34:32.3649159Z [34m[🌎 Easy Localization] [WARNING] Localization key [age_gate.title] not found[0m
Web Tests (0)	UNKNOWN STEP	2026-02-25T20:34:32.3649768Z [34m[🌎 Easy Localization] [WARNING] Localization key [age_gate.description] not found[0m
Web Tests (0)	UNKNOWN STEP	2026-02-25T20:34:32.3650395Z [34m[🌎 Easy Localization] [WARNING] Localization key [age_gate.point_client] not found[0m
Web Tests (0)	UNKNOWN STEP	2026-02-25T20:34:32.3651034Z [34m[🌎 Easy Localization] [WARNING] Localization key [age_gate.point_servers] not found[0m
Web Tests (0)	UNKNOWN STEP	2026-02-25T20:34:32.3651668Z [34m[🌎 Easy Localization] [WARNING] Localization key [age_gate.point_age] not found[0m
Web Tests (0)	UNKNOWN STEP	2026-02-25T20:34:32.3652420Z [34m[🌎 Easy Localization] [WARNING] Localization key [age_gate.point_content] not found[0m
Web Tests (0)	UNKNOWN STEP	2026-02-25T20:34:32.3653033Z [34m[🌎 Easy Localization] [WARNING] Localization key [age_gate.confirm] not found[0m
Web Tests (0)	UNKNOWN STEP	2026-02-25T20:34:32.3653639Z [34m[🌎 Easy Localization] [WARNING] Localization key [age_gate.privacy_link] not found[0m
Web Tests (0)	UNKNOWN STEP	2026-02-25T20:34:32.3654158Z 00:00 +1: AgeGatePage Widget Tests Confirm button is present with correct key
Web Tests (0)	UNKNOWN STEP	2026-02-25T20:34:32.3654590Z [90m[🌎 Easy Localization] [DEBUG] Start[0m
Web Tests (0)	UNKNOWN STEP	2026-02-25T20:34:32.3654933Z [90m[🌎 Easy Localization] [DEBUG] Init state[0m
Web Tests (0)	UNKNOWN STEP	2026-02-25T20:34:32.3655488Z [90m[🌎 Easy Localization] [DEBUG] Build[0m
Web Tests (0)	UNKNOWN STEP	2026-02-25T20:34:32.3656029Z [90m[🌎 Easy Localization] [DEBUG] Init Localization Delegate[0m
Web Tests (0)	UNKNOWN STEP	2026-02-25T20:34:32.3656443Z [90m[🌎 Easy Localization] [DEBUG] Init provider[0m
Web Tests (0)	UNKNOWN STEP	2026-02-25T20:34:32.3656928Z [34m[🌎 Easy Localization] [WARNING] Localization key [age_gate.title] not found[0m
Web Tests (0)	UNKNOWN STEP	2026-02-25T20:34:32.3657538Z [34m[🌎 Easy Localization] [WARNING] Localization key [age_gate.description] not found[0m
Web Tests (0)	UNKNOWN STEP	2026-02-25T20:34:32.3658158Z [34m[🌎 Easy Localization] [WARNING] Localization key [age_gate.point_client] not found[0m
Web Tests (0)	UNKNOWN STEP	2026-02-25T20:34:32.3658778Z [34m[🌎 Easy Localization] [WARNING] Localization key [age_gate.point_servers] not found[0m
Web Tests (0)	UNKNOWN STEP	2026-02-25T20:34:32.3659386Z [34m[🌎 Easy Localization] [WARNING] Localization key [age_gate.point_age] not found[0m
Web Tests (0)	UNKNOWN STEP	2026-02-25T20:34:32.3659998Z [34m[🌎 Easy Localization] [WARNING] Localization key [age_gate.point_content] not found[0m
Web Tests (0)	UNKNOWN STEP	2026-02-25T20:34:32.3660596Z [34m[🌎 Easy Localization] [WARNING] Localization key [age_gate.confirm] not found[0m
Web Tests (0)	UNKNOWN STEP	2026-02-25T20:34:32.3661207Z [34m[🌎 Easy Localization] [WARNING] Localization key [age_gate.privacy_link] not found[0m
Web Tests (0)	UNKNOWN STEP	2026-02-25T20:34:32.3661692Z 00:00 +2: AgeGatePage Widget Tests Confirm button is a FilledButton
Web Tests (0)	UNKNOWN STEP	2026-02-25T20:34:32.3662079Z [90m[🌎 Easy Localization] [DEBUG] Start[0m
Web Tests (0)	UNKNOWN STEP	2026-02-25T20:34:32.3662418Z [90m[🌎 Easy Localization] [DEBUG] Init state[0m
Web Tests (0)	UNKNOWN STEP	2026-02-25T20:34:32.3662756Z [90m[🌎 Easy Localization] [DEBUG] Build[0m
Web Tests (0)	UNKNOWN STEP	2026-02-25T20:34:32.3663144Z [90m[🌎 Easy Localization] [DEBUG] Init Localization Delegate[0m
Web Tests (0)	UNKNOWN STEP	2026-02-25T20:34:32.3663564Z [90m[🌎 Easy Localization] [DEBUG] Init provider[0m
Web Tests (0)	UNKNOWN STEP	2026-02-25T20:34:32.3664027Z [34m[🌎 Easy Localization] [WARNING] Localization key [age_gate.title] not found[0m
Web Tests (0)	UNKNOWN STEP	2026-02-25T20:34:32.3664614Z [34m[🌎 Easy Localization] [WARNING] Localization key [age_gate.description] not found[0m
Web Tests (0)	UNKNOWN STEP	2026-02-25T20:34:32.3665429Z [34m[🌎 Easy Localization] [WARNING] Localization key [age_gate.point_client] not found[0m
Web Tests (0)	UNKNOWN STEP	2026-02-25T20:34:32.3666052Z [34m[🌎 Easy Localization] [WARNING] Localization key [age_gate.point_servers] not found[0m
Web Tests (0)	UNKNOWN STEP	2026-02-25T20:34:32.3666668Z [34m[🌎 Easy Localization] [WARNING] Localization key [age_gate.point_age] not found[0m
Web Tests (0)	UNKNOWN STEP	2026-02-25T20:34:32.3667282Z [34m[🌎 Easy Localization] [WARNING] Localization key [age_gate.point_content] not found[0m
Web Tests (0)	UNKNOWN STEP	2026-02-25T20:34:32.3667888Z [34m[🌎 Easy Localization] [WARNING] Localization key [age_gate.confirm] not found[0m
Web Tests (0)	UNKNOWN STEP	2026-02-25T20:34:32.3668490Z [34m[🌎 Easy Localization] [WARNING] Localization key [age_gate.privacy_link] not found[0m
Web Tests (0)	UNKNOWN STEP	2026-02-25T20:34:32.3668979Z 00:00 +3: AgeGatePage Widget Tests Privacy link TextButton is present
Web Tests (0)	UNKNOWN STEP	2026-02-25T20:34:32.3669373Z [90m[🌎 Easy Localization] [DEBUG] Start[0m
Web Tests (0)	UNKNOWN STEP	2026-02-25T20:34:32.3669707Z [90m[🌎 Easy Localization] [DEBUG] Init state[0m
Web Tests (0)	UNKNOWN STEP	2026-02-25T20:34:32.3670043Z [90m[🌎 Easy Localization] [DEBUG] Build[0m
Web Tests (0)	UNKNOWN STEP	2026-02-25T20:34:32.3670428Z [90m[🌎 Easy Localization] [DEBUG] Init Localization Delegate[0m
Web Tests (0)	UNKNOWN STEP	2026-02-25T20:34:32.3670828Z [90m[🌎 Easy Localization] [DEBUG] Init provider[0m
Web Tests (0)	UNKNOWN STEP	2026-02-25T20:34:32.3671301Z [34m[🌎 Easy Localization] [WARNING] Localization key [age_gate.title] not found[0m
Web Tests (0)	UNKNOWN STEP	2026-02-25T20:34:32.3671891Z [34m[🌎 Easy Localization] [WARNING] Localization key [age_gate.description] not found[0m
Web Tests (0)	UNKNOWN STEP	2026-02-25T20:34:32.3672693Z [34m[🌎 Easy Localization] [WARNING] Localization key [age_gate.point_client] not found[0m
Web Tests (0)	UNKNOWN STEP	2026-02-25T20:34:32.3673325Z [34m[🌎 Easy Localization] [WARNING] Localization key [age_gate.point_servers] not found[0m
Web Tests (0)	UNKNOWN STEP	2026-02-25T20:34:32.3673932Z [34m[🌎 Easy Localization] [WARNING] Localization key [age_gate.point_age] not found[0m
Web Tests (0)	UNKNOWN STEP	2026-02-25T20:34:32.3674542Z [34m[🌎 Easy Localization] [WARNING] Localization key [age_gate.point_content] not found[0m
Web Tests (0)	UNKNOWN STEP	2026-02-25T20:34:32.3675351Z [34m[🌎 Easy Localization] [WARNING] Localization key [age_gate.confirm] not found[0m
Web Tests (0)	UNKNOWN STEP	2026-02-25T20:34:32.3675964Z [34m[🌎 Easy Localization] [WARNING] Localization key [age_gate.privacy_link] not found[0m
Web Tests (0)	UNKNOWN STEP	2026-02-25T20:34:32.3676650Z 00:00 +4: AgeGatePage Widget Tests AgeGatePage.initConfirmed loads false when not set
Web Tests (0)	UNKNOWN STEP	2026-02-25T20:34:32.3677198Z 00:00 +5: AgeGatePage Widget Tests AgeGatePage.initConfirmed loads true when previously set
Web Tests (0)	UNKNOWN STEP	2026-02-25T20:34:32.3677798Z 00:00 +6: AgeGatePage Widget Tests Tapping confirm button persists acceptance to SharedPreferences
Web Tests (0)	UNKNOWN STEP	2026-02-25T20:34:32.3678319Z [90m[🌎 Easy Localization] [DEBUG] Start[0m
Web Tests (0)	UNKNOWN STEP	2026-02-25T20:34:32.3678700Z [90m[🌎 Easy Localization] [DEBUG] Init state[0m
Web Tests (0)	UNKNOWN STEP	2026-02-25T20:34:32.3679036Z [90m[🌎 Easy Localization] [DEBUG] Build[0m
Web Tests (0)	UNKNOWN STEP	2026-02-25T20:34:32.3679421Z [90m[🌎 Easy Localization] [DEBUG] Init Localization Delegate[0m
Web Tests (0)	UNKNOWN STEP	2026-02-25T20:34:32.3679820Z [90m[🌎 Easy Localization] [DEBUG] Init provider[0m
Web Tests (0)	UNKNOWN STEP	2026-02-25T20:34:32.3680285Z [34m[🌎 Easy Localization] [WARNING] Localization key [age_gate.title] not found[0m
Web Tests (0)	UNKNOWN STEP	2026-02-25T20:34:32.3680885Z [34m[🌎 Easy Localization] [WARNING] Localization key [age_gate.description] not found[0m
Web Tests (0)	UNKNOWN STEP	2026-02-25T20:34:32.3681515Z [34m[🌎 Easy Localization] [WARNING] Localization key [age_gate.point_client] not found[0m
Web Tests (0)	UNKNOWN STEP	2026-02-25T20:34:32.3682136Z [34m[🌎 Easy Localization] [WARNING] Localization key [age_gate.point_servers] not found[0m
Web Tests (0)	UNKNOWN STEP	2026-02-25T20:34:32.3682744Z [34m[🌎 Easy Localization] [WARNING] Localization key [age_gate.point_age] not found[0m
Web Tests (0)	UNKNOWN STEP	2026-02-25T20:34:32.3683368Z [34m[🌎 Easy Localization] [WARNING] Localization key [age_gate.point_content] not found[0m
Web Tests (0)	UNKNOWN STEP	2026-02-25T20:34:32.3683971Z [34m[🌎 Easy Localization] [WARNING] Localization key [age_gate.confirm] not found[0m
Web Tests (0)	UNKNOWN STEP	2026-02-25T20:34:32.3684567Z [34m[🌎 Easy Localization] [WARNING] Localization key [age_gate.privacy_link] not found[0m
Web Tests (0)	UNKNOWN STEP	2026-02-25T20:34:32.3685280Z 00:00 +7: AgeGatePage Widget Tests Page displays bullet points (at least 4)
Web Tests (0)	UNKNOWN STEP	2026-02-25T20:34:32.3685710Z [90m[🌎 Easy Localization] [DEBUG] Start[0m
Web Tests (0)	UNKNOWN STEP	2026-02-25T20:34:32.3686049Z [90m[🌎 Easy Localization] [DEBUG] Init state[0m
Web Tests (0)	UNKNOWN STEP	2026-02-25T20:34:32.3686383Z [90m[🌎 Easy Localization] [DEBUG] Build[0m
Web Tests (0)	UNKNOWN STEP	2026-02-25T20:34:32.3686783Z [90m[🌎 Easy Localization] [DEBUG] Init Localization Delegate[0m
Web Tests (0)	UNKNOWN STEP	2026-02-25T20:34:32.3687185Z [90m[🌎 Easy Localization] [DEBUG] Init provider[0m
Web Tests (0)	UNKNOWN STEP	2026-02-25T20:34:32.3687644Z [34m[🌎 Easy Localization] [WARNING] Localization key [age_gate.title] not found[0m
Web Tests (0)	UNKNOWN STEP	2026-02-25T20:34:32.3688247Z [34m[🌎 Easy Localization] [WARNING] Localization key [age_gate.description] not found[0m
Web Tests (0)	UNKNOWN STEP	2026-02-25T20:34:32.3688869Z [34m[🌎 Easy Localization] [WARNING] Localization key [age_gate.point_client] not found[0m
Web Tests (0)	UNKNOWN STEP	2026-02-25T20:34:32.3689491Z [34m[🌎 Easy Localization] [WARNING] Localization key [age_gate.point_servers] not found[0m
Web Tests (0)	UNKNOWN STEP	2026-02-25T20:34:32.3690097Z [34m[🌎 Easy Localization] [WARNING] Localization key [age_gate.point_age] not found[0m
Web Tests (0)	UNKNOWN STEP	2026-02-25T20:34:32.3690708Z [34m[🌎 Easy Localization] [WARNING] Localization key [age_gate.point_content] not found[0m
Web Tests (0)	UNKNOWN STEP	2026-02-25T20:34:32.3691315Z [34m[🌎 Easy Localization] [WARNING] Localization key [age_gate.confirm] not found[0m
Web Tests (0)	UNKNOWN STEP	2026-02-25T20:34:32.3691920Z [34m[🌎 Easy Localization] [WARNING] Localization key [age_gate.privacy_link] not found[0m
Web Tests (0)	UNKNOWN STEP	2026-02-25T20:34:32.3692444Z 00:01 +8: AgeGatePage Widget Tests Page is scrollable (SingleChildScrollView)
Web Tests (0)	UNKNOWN STEP	2026-02-25T20:34:32.3692869Z [90m[🌎 Easy Localization] [DEBUG] Start[0m
Web Tests (0)	UNKNOWN STEP	2026-02-25T20:34:32.3693337Z [90m[🌎 Easy Localization] [DEBUG] Init state[0m
Web Tests (0)	UNKNOWN STEP	2026-02-25T20:34:32.3693685Z [90m[🌎 Easy Localization] [DEBUG] Build[0m
Web Tests (0)	UNKNOWN STEP	2026-02-25T20:34:32.3694068Z [90m[🌎 Easy Localization] [DEBUG] Init Localization Delegate[0m
Web Tests (0)	UNKNOWN STEP	2026-02-25T20:34:32.3694469Z [90m[🌎 Easy Localization] [DEBUG] Init provider[0m
Web Tests (0)	UNKNOWN STEP	2026-02-25T20:34:32.3694932Z [34m[🌎 Easy Localization] [WARNING] Localization key [age_gate.title] not found[0m
Web Tests (0)	UNKNOWN STEP	2026-02-25T20:34:32.3695723Z [34m[🌎 Easy Localization] [WARNING] Localization key [age_gate.description] not found[0m
Web Tests (0)	UNKNOWN STEP	2026-02-25T20:34:32.3696341Z [34m[🌎 Easy Localization] [WARNING] Localization key [age_gate.point_client] not found[0m
Web Tests (0)	UNKNOWN STEP	2026-02-25T20:34:32.3697101Z [34m[🌎 Easy Localization] [WARNING] Localization key [age_gate.point_servers] not found[0m
Web Tests (0)	UNKNOWN STEP	2026-02-25T20:34:32.3697710Z [34m[🌎 Easy Localization] [WARNING] Localization key [age_gate.point_age] not found[0m
Web Tests (0)	UNKNOWN STEP	2026-02-25T20:34:32.3698318Z [34m[🌎 Easy Localization] [WARNING] Localization key [age_gate.point_content] not found[0m
Web Tests (0)	UNKNOWN STEP	2026-02-25T20:34:32.3698926Z [34m[🌎 Easy Localization] [WARNING] Localization key [age_gate.confirm] not found[0m
Web Tests (0)	UNKNOWN STEP	2026-02-25T20:34:32.3699521Z [34m[🌎 Easy Localization] [WARNING] Localization key [age_gate.privacy_link] not found[0m
Web Tests (0)	UNKNOWN STEP	2026-02-25T20:34:32.3699931Z 00:01 +9: (tearDownAll)
Web Tests (0)	UNKNOWN STEP	2026-02-25T20:34:32.3700149Z 00:01 +9: All tests passed!
Web Tests (0)	UNKNOWN STEP	2026-02-25T20:34:32.3725132Z ##[group]Run docker compose down -v
Web Tests (0)	UNKNOWN STEP	2026-02-25T20:34:32.3725527Z [36;1mdocker compose down -v[0m
Web Tests (0)	UNKNOWN STEP	2026-02-25T20:34:32.3773099Z shell: /usr/bin/bash -e {0}
Web Tests (0)	UNKNOWN STEP	2026-02-25T20:34:32.3782665Z env:
Web Tests (0)	UNKNOWN STEP	2026-02-25T20:34:32.3782878Z   CACHE_VERSION: v1
Web Tests (0)	UNKNOWN STEP	2026-02-25T20:34:32.3783182Z   FLUTTER_ROOT: /opt/hostedtoolcache/flutter/stable-3.41.2-x64
Web Tests (0)	UNKNOWN STEP	2026-02-25T20:34:32.3783565Z   PUB_CACHE: /home/runner/.pub-cache
Web Tests (0)	UNKNOWN STEP	2026-02-25T20:34:32.3783820Z ##[endgroup]
Web Tests (0)	UNKNOWN STEP	2026-02-25T20:34:32.4574534Z time="2026-02-25T20:34:32Z" level=warning msg="/home/runner/work/substitution/substitution/docker-compose.yml: the attribute `version` is obsolete, it will be ignored, please remove it to avoid potential confusion"
Web Tests (0)	UNKNOWN STEP	2026-02-25T20:34:32.4617556Z  Container substitution-redis-1  Stopping
Web Tests (0)	UNKNOWN STEP	2026-02-25T20:34:32.4618298Z  Container substitution-matrix-synapse-1  Stopping
Web Tests (0)	UNKNOWN STEP	2026-02-25T20:34:32.7858463Z  Container substitution-redis-1  Stopped
Web Tests (0)	UNKNOWN STEP	2026-02-25T20:34:32.7859034Z  Container substitution-redis-1  Removing
Web Tests (0)	UNKNOWN STEP	2026-02-25T20:34:32.7859968Z  Container substitution-redis-1  Removed
Web Tests (0)	UNKNOWN STEP	2026-02-25T20:34:32.7860527Z  Container substitution-matrix-synapse-1  Stopped
Web Tests (0)	UNKNOWN STEP	2026-02-25T20:34:32.7861486Z  Container substitution-matrix-synapse-1  Removing
Web Tests (0)	UNKNOWN STEP	2026-02-25T20:34:32.7862122Z  Container substitution-matrix-synapse-1  Removed
Web Tests (0)	UNKNOWN STEP	2026-02-25T20:34:32.7862663Z  Container substitution-dex-1  Stopping
Web Tests (0)	UNKNOWN STEP	2026-02-25T20:34:32.7863193Z  Container substitution-postgres-1  Stopping
Web Tests (0)	UNKNOWN STEP	2026-02-25T20:34:32.9008565Z  Container substitution-dex-1  Stopped
Web Tests (0)	UNKNOWN STEP	2026-02-25T20:34:32.9010035Z  Container substitution-dex-1  Removing
Web Tests (0)	UNKNOWN STEP	2026-02-25T20:34:32.9013504Z  Container substitution-dex-1  Removed
Web Tests (0)	UNKNOWN STEP	2026-02-25T20:34:32.9053632Z  Container substitution-postgres-1  Stopped
Web Tests (0)	UNKNOWN STEP	2026-02-25T20:34:32.9056405Z  Container substitution-postgres-1  Removing
Web Tests (0)	UNKNOWN STEP	2026-02-25T20:34:32.9733277Z  Container substitution-postgres-1  Removed
Web Tests (0)	UNKNOWN STEP	2026-02-25T20:34:32.9736761Z  Network substitution_substitution_network  Removing
Web Tests (0)	UNKNOWN STEP	2026-02-25T20:34:33.0841894Z  Network substitution_substitution_network  Removed
Web Tests (0)	UNKNOWN STEP	2026-02-25T20:34:33.1002942Z Post job cleanup.
Web Tests (0)	UNKNOWN STEP	2026-02-25T20:34:33.1066902Z Post job cleanup.
Web Tests (0)	UNKNOWN STEP	2026-02-25T20:34:33.2067032Z [command]/usr/bin/git version
Web Tests (0)	UNKNOWN STEP	2026-02-25T20:34:33.2105635Z git version 2.53.0
Web Tests (0)	UNKNOWN STEP	2026-02-25T20:34:33.2157556Z Temporarily overriding HOME='/home/runner/work/_temp/448daca0-d0cb-4101-ab22-ca1372aac221' before making global git config changes
Web Tests (0)	UNKNOWN STEP	2026-02-25T20:34:33.2158921Z Adding repository directory to the temporary git global config as a safe directory
Web Tests (0)	UNKNOWN STEP	2026-02-25T20:34:33.2162815Z [command]/usr/bin/git config --global --add safe.directory /home/runner/work/substitution/substitution
Web Tests (0)	UNKNOWN STEP	2026-02-25T20:34:33.2200131Z [command]/usr/bin/git config --local --name-only --get-regexp core\.sshCommand
Web Tests (0)	UNKNOWN STEP	2026-02-25T20:34:33.2234685Z [command]/usr/bin/git submodule foreach --recursive sh -c "git config --local --name-only --get-regexp 'core\.sshCommand' && git config --local --unset-all 'core.sshCommand' || :"
Web Tests (0)	UNKNOWN STEP	2026-02-25T20:34:33.2481994Z [command]/usr/bin/git config --local --name-only --get-regexp http\.https\:\/\/github\.com\/\.extraheader
Web Tests (0)	UNKNOWN STEP	2026-02-25T20:34:33.2504126Z http.https://github.com/.extraheader
Web Tests (0)	UNKNOWN STEP	2026-02-25T20:34:33.2517413Z [command]/usr/bin/git config --local --unset-all http.https://github.com/.extraheader
Web Tests (0)	UNKNOWN STEP	2026-02-25T20:34:33.2549554Z [command]/usr/bin/git submodule foreach --recursive sh -c "git config --local --name-only --get-regexp 'http\.https\:\/\/github\.com\/\.extraheader' && git config --local --unset-all 'http.https://github.com/.extraheader' || :"
Web Tests (0)	UNKNOWN STEP	2026-02-25T20:34:33.2792023Z [command]/usr/bin/git config --local --name-only --get-regexp ^includeIf\.gitdir:
Web Tests (0)	UNKNOWN STEP	2026-02-25T20:34:33.2828702Z [command]/usr/bin/git submodule foreach --recursive git config --local --show-origin --name-only --get-regexp remote.origin.url
Web Tests (0)	UNKNOWN STEP	2026-02-25T20:34:33.3192340Z Cleaning up orphan processes
Web Tests (0)	UNKNOWN STEP	2026-02-25T20:34:33.3631211Z Terminate orphan process: pid (3873) (test.sh)
Web Tests (0)	UNKNOWN STEP	2026-02-25T20:34:33.3689642Z Terminate orphan process: pid (29276) (chromedriver)
Web Tests (0)	UNKNOWN STEP	2026-02-25T20:34:33.3723010Z Terminate orphan process: pid (30043) (chrome)
Web Tests (0)	UNKNOWN STEP	2026-02-25T20:34:33.3758794Z Terminate orphan process: pid (30047) (cat)
Web Tests (0)	UNKNOWN STEP	2026-02-25T20:34:33.3793984Z Terminate orphan process: pid (30048) (cat)
Web Tests (0)	UNKNOWN STEP	2026-02-25T20:34:33.3831887Z Terminate orphan process: pid (30050) (chrome_crashpad_handler)
Web Tests (0)	UNKNOWN STEP	2026-02-25T20:34:33.3863571Z Terminate orphan process: pid (30052) (chrome_crashpad_handler)
Web Tests (0)	UNKNOWN STEP	2026-02-25T20:34:33.4007740Z Terminate orphan process: pid (37798) (chrome)
Web Tests (0)	UNKNOWN STEP	2026-02-25T20:34:33.4041924Z Terminate orphan process: pid (37803) (cat)
Web Tests (0)	UNKNOWN STEP	2026-02-25T20:34:33.4076658Z Terminate orphan process: pid (37804) (cat)
Web Tests (0)	UNKNOWN STEP	2026-02-25T20:34:33.4124425Z Terminate orphan process: pid (37806) (chrome_crashpad_handler)
Web Tests (0)	UNKNOWN STEP	2026-02-25T20:34:33.4160015Z Terminate orphan process: pid (37808) (chrome_crashpad_handler)
Web Tests (0)	UNKNOWN STEP	2026-02-25T20:34:33.4273379Z Terminate orphan process: pid (44909) (test.sh)
Web Tests (0)	UNKNOWN STEP	2026-02-25T20:34:33.4313167Z Terminate orphan process: pid (44910) (tee)
Web Tests (0)	UNKNOWN STEP	2026-02-25T20:34:33.4346778Z Terminate orphan process: pid (44911) (tee)
Web Tests (0)	UNKNOWN STEP	2026-02-25T20:34:33.4382283Z Terminate orphan process: pid (44912) (timeout)
Web Tests (0)	UNKNOWN STEP	2026-02-25T20:34:33.4418591Z Terminate orphan process: pid (44913) (dart:flutter_to)
Web Tests (0)	UNKNOWN STEP	2026-02-25T20:34:33.4455997Z Terminate orphan process: pid (44959) (dart:frontend_s)
Web Tests (0)	UNKNOWN STEP	2026-02-25T20:34:33.4493721Z Terminate orphan process: pid (45321) (chrome)
Web Tests (0)	UNKNOWN STEP	2026-02-25T20:34:33.4530938Z Terminate orphan process: pid (45325) (cat)
Web Tests (0)	UNKNOWN STEP	2026-02-25T20:34:33.4594625Z Terminate orphan process: pid (45328) (chrome_crashpad_handler)
Web Tests (0)	UNKNOWN STEP	2026-02-25T20:34:33.4628588Z Terminate orphan process: pid (45330) (chrome_crashpad_handler)
Web Tests (0)	UNKNOWN STEP	2026-02-25T20:34:33.4695882Z Terminate orphan process: pid (45416) (chrome)
Web Tests (0)	UNKNOWN STEP	2026-02-25T20:34:33.4734649Z Terminate orphan process: pid (45432) (cat)
Web Tests (0)	UNKNOWN STEP	2026-02-25T20:34:33.4769103Z Terminate orphan process: pid (45433) (cat)
Web Tests (0)	UNKNOWN STEP	2026-02-25T20:34:33.4812462Z Terminate orphan process: pid (45441) (chrome_crashpad_handler)
Web Tests (0)	UNKNOWN STEP	2026-02-25T20:34:33.4849339Z Terminate orphan process: pid (45443) (chrome_crashpad_handler)
Web Tests (0)	UNKNOWN STEP	2026-02-25T20:34:33.4960032Z Terminate orphan process: pid (45532) (dart:integratio)
iOS Tests (Simulator) (4)	Set up job	﻿2026-02-25T20:40:47.6639690Z Current runner version: '2.331.0'
iOS Tests (Simulator) (4)	Set up job	2026-02-25T20:40:47.6655400Z ##[group]Runner Image Provisioner
iOS Tests (Simulator) (4)	Set up job	2026-02-25T20:40:47.6655880Z Hosted Compute Agent
iOS Tests (Simulator) (4)	Set up job	2026-02-25T20:40:47.6656220Z Version: 20260213.493
iOS Tests (Simulator) (4)	Set up job	2026-02-25T20:40:47.6656680Z Commit: 5c115507f6dd24b8de37d8bbe0bb4509d0cc0fa3
iOS Tests (Simulator) (4)	Set up job	2026-02-25T20:40:47.6657270Z Build Date: 2026-02-13T00:28:41Z
iOS Tests (Simulator) (4)	Set up job	2026-02-25T20:40:47.6657670Z Worker ID: {e7e2265b-59fb-480d-827b-1a2dd8139422}
iOS Tests (Simulator) (4)	Set up job	2026-02-25T20:40:47.6658080Z Azure Region: westus
iOS Tests (Simulator) (4)	Set up job	2026-02-25T20:40:47.6658500Z ##[endgroup]
iOS Tests (Simulator) (4)	Set up job	2026-02-25T20:40:47.6659350Z ##[group]Operating System
iOS Tests (Simulator) (4)	Set up job	2026-02-25T20:40:47.6659750Z macOS
iOS Tests (Simulator) (4)	Set up job	2026-02-25T20:40:47.6660020Z 15.7.4
iOS Tests (Simulator) (4)	Set up job	2026-02-25T20:40:47.6660380Z 24G517
iOS Tests (Simulator) (4)	Set up job	2026-02-25T20:40:47.6660800Z ##[endgroup]
iOS Tests (Simulator) (4)	Set up job	2026-02-25T20:40:47.6661190Z ##[group]Runner Image
iOS Tests (Simulator) (4)	Set up job	2026-02-25T20:40:47.6661580Z Image: macos-15-arm64
iOS Tests (Simulator) (4)	Set up job	2026-02-25T20:40:47.6661890Z Version: 20260224.0170.1
iOS Tests (Simulator) (4)	Set up job	2026-02-25T20:40:47.6662560Z Included Software: https://github.com/actions/runner-images/blob/macos-15-arm64/20260224.0170/images/macos/macos-15-arm64-Readme.md
iOS Tests (Simulator) (4)	Set up job	2026-02-25T20:40:47.6663620Z Image Release: https://github.com/actions/runner-images/releases/tag/macos-15-arm64%2F20260224.0170
iOS Tests (Simulator) (4)	Set up job	2026-02-25T20:40:47.6664280Z ##[endgroup]
iOS Tests (Simulator) (4)	Set up job	2026-02-25T20:40:47.6665040Z ##[group]GITHUB_TOKEN Permissions
iOS Tests (Simulator) (4)	Set up job	2026-02-25T20:40:47.6666160Z Contents: read
iOS Tests (Simulator) (4)	Set up job	2026-02-25T20:40:47.6666460Z Metadata: read
iOS Tests (Simulator) (4)	Set up job	2026-02-25T20:40:47.6666750Z Packages: read
iOS Tests (Simulator) (4)	Set up job	2026-02-25T20:40:47.6667100Z ##[endgroup]
iOS Tests (Simulator) (4)	Set up job	2026-02-25T20:40:47.6668450Z Secret source: Actions
iOS Tests (Simulator) (4)	Set up job	2026-02-25T20:40:47.6668900Z Prepare workflow directory
iOS Tests (Simulator) (4)	Set up job	2026-02-25T20:40:47.6910580Z Prepare all required actions
iOS Tests (Simulator) (4)	Set up job	2026-02-25T20:40:47.6935800Z Getting action download info
iOS Tests (Simulator) (4)	Set up job	2026-02-25T20:40:48.1547750Z Download action repository 'actions/checkout@v4' (SHA:34e114876b0b11c390a56381ad16ebd13914f8d5)
iOS Tests (Simulator) (4)	Set up job	2026-02-25T20:40:48.3799890Z Download action repository 'subosito/flutter-action@v2' (SHA:fd55f4c5af5b953cc57a2be44cb082c8f6635e8e)
iOS Tests (Simulator) (4)	Set up job	2026-02-25T20:40:49.4538010Z Getting action download info
iOS Tests (Simulator) (4)	Set up job	2026-02-25T20:40:49.6456850Z Download action repository 'actions/cache@v4' (SHA:0057852bfaa89a56745cba8c7296529d2fc39830)
iOS Tests (Simulator) (4)	Set up job	2026-02-25T20:40:49.7892620Z Complete job name: iOS Tests (Simulator) (4)
iOS Tests (Simulator) (4)	Run actions/checkout@v4	﻿2026-02-25T20:40:49.8532430Z ##[group]Run actions/checkout@v4
iOS Tests (Simulator) (4)	Run actions/checkout@v4	2026-02-25T20:40:49.8533560Z with:
iOS Tests (Simulator) (4)	Run actions/checkout@v4	2026-02-25T20:40:49.8534070Z   repository: floffel/substitution
iOS Tests (Simulator) (4)	Run actions/checkout@v4	2026-02-25T20:40:49.8535000Z   token: ***
iOS Tests (Simulator) (4)	Run actions/checkout@v4	2026-02-25T20:40:49.8535480Z   ssh-strict: true
iOS Tests (Simulator) (4)	Run actions/checkout@v4	2026-02-25T20:40:49.8535950Z   ssh-user: git
iOS Tests (Simulator) (4)	Run actions/checkout@v4	2026-02-25T20:40:49.8536430Z   persist-credentials: true
iOS Tests (Simulator) (4)	Run actions/checkout@v4	2026-02-25T20:40:49.8536970Z   clean: true
iOS Tests (Simulator) (4)	Run actions/checkout@v4	2026-02-25T20:40:49.8537460Z   sparse-checkout-cone-mode: true
iOS Tests (Simulator) (4)	Run actions/checkout@v4	2026-02-25T20:40:49.8538040Z   fetch-depth: 1
iOS Tests (Simulator) (4)	Run actions/checkout@v4	2026-02-25T20:40:49.8538510Z   fetch-tags: false
iOS Tests (Simulator) (4)	Run actions/checkout@v4	2026-02-25T20:40:49.8539000Z   show-progress: true
iOS Tests (Simulator) (4)	Run actions/checkout@v4	2026-02-25T20:40:49.8539520Z   lfs: false
iOS Tests (Simulator) (4)	Run actions/checkout@v4	2026-02-25T20:40:49.8539970Z   submodules: false
iOS Tests (Simulator) (4)	Run actions/checkout@v4	2026-02-25T20:40:49.8540460Z   set-safe-directory: true
iOS Tests (Simulator) (4)	Run actions/checkout@v4	2026-02-25T20:40:49.8541110Z env:
iOS Tests (Simulator) (4)	Run actions/checkout@v4	2026-02-25T20:40:49.8541560Z   CACHE_VERSION: v1
iOS Tests (Simulator) (4)	Run actions/checkout@v4	2026-02-25T20:40:49.8542120Z ##[endgroup]
iOS Tests (Simulator) (4)	Run actions/checkout@v4	2026-02-25T20:40:50.4193460Z Syncing repository: floffel/substitution
iOS Tests (Simulator) (4)	Run actions/checkout@v4	2026-02-25T20:40:50.4195530Z ##[group]Getting Git version info
iOS Tests (Simulator) (4)	Run actions/checkout@v4	2026-02-25T20:40:50.4196380Z Working directory is '/Users/runner/work/substitution/substitution'
iOS Tests (Simulator) (4)	Run actions/checkout@v4	2026-02-25T20:40:50.4201940Z [command]/opt/homebrew/bin/git version
iOS Tests (Simulator) (4)	Run actions/checkout@v4	2026-02-25T20:40:50.4909750Z git version 2.53.0
iOS Tests (Simulator) (4)	Run actions/checkout@v4	2026-02-25T20:40:50.4947000Z ##[endgroup]
iOS Tests (Simulator) (4)	Run actions/checkout@v4	2026-02-25T20:40:50.4961280Z Copying '/Users/runner/.gitconfig' to '/Users/runner/work/_temp/aee8cd67-1248-4be9-835f-7bffa5e9788b/.gitconfig'
iOS Tests (Simulator) (4)	Run actions/checkout@v4	2026-02-25T20:40:50.4963280Z Temporarily overriding HOME='/Users/runner/work/_temp/aee8cd67-1248-4be9-835f-7bffa5e9788b' before making global git config changes
iOS Tests (Simulator) (4)	Run actions/checkout@v4	2026-02-25T20:40:50.4965060Z Adding repository directory to the temporary git global config as a safe directory
iOS Tests (Simulator) (4)	Run actions/checkout@v4	2026-02-25T20:40:50.4966750Z [command]/opt/homebrew/bin/git config --global --add safe.directory /Users/runner/work/substitution/substitution
iOS Tests (Simulator) (4)	Run actions/checkout@v4	2026-02-25T20:40:50.5081880Z Deleting the contents of '/Users/runner/work/substitution/substitution'
iOS Tests (Simulator) (4)	Run actions/checkout@v4	2026-02-25T20:40:50.5098100Z ##[group]Initializing the repository
iOS Tests (Simulator) (4)	Run actions/checkout@v4	2026-02-25T20:40:50.5102390Z [command]/opt/homebrew/bin/git init /Users/runner/work/substitution/substitution
iOS Tests (Simulator) (4)	Run actions/checkout@v4	2026-02-25T20:40:50.5361020Z hint: Using 'master' as the name for the initial branch. This default branch name
iOS Tests (Simulator) (4)	Run actions/checkout@v4	2026-02-25T20:40:50.5364120Z hint: will change to "main" in Git 3.0. To configure the initial branch name
iOS Tests (Simulator) (4)	Run actions/checkout@v4	2026-02-25T20:40:50.5365470Z hint: to use in all of your new repositories, which will suppress this warning,
iOS Tests (Simulator) (4)	Run actions/checkout@v4	2026-02-25T20:40:50.5367250Z hint: call:
iOS Tests (Simulator) (4)	Run actions/checkout@v4	2026-02-25T20:40:50.5368060Z hint:
iOS Tests (Simulator) (4)	Run actions/checkout@v4	2026-02-25T20:40:50.5368870Z hint: 	git config --global init.defaultBranch <name>
iOS Tests (Simulator) (4)	Run actions/checkout@v4	2026-02-25T20:40:50.5371520Z hint:
iOS Tests (Simulator) (4)	Run actions/checkout@v4	2026-02-25T20:40:50.5372360Z hint: Names commonly chosen instead of 'master' are 'main', 'trunk' and
iOS Tests (Simulator) (4)	Run actions/checkout@v4	2026-02-25T20:40:50.5374030Z hint: 'development'. The just-created branch can be renamed via this command:
iOS Tests (Simulator) (4)	Run actions/checkout@v4	2026-02-25T20:40:50.5375070Z hint:
iOS Tests (Simulator) (4)	Run actions/checkout@v4	2026-02-25T20:40:50.5375600Z hint: 	git branch -m <name>
iOS Tests (Simulator) (4)	Run actions/checkout@v4	2026-02-25T20:40:50.5377910Z hint:
iOS Tests (Simulator) (4)	Run actions/checkout@v4	2026-02-25T20:40:50.5379750Z hint: Disable this message with "git config set advice.defaultBranchName false"
iOS Tests (Simulator) (4)	Run actions/checkout@v4	2026-02-25T20:40:50.5381380Z Initialized empty Git repository in /Users/runner/work/substitution/substitution/.git/
iOS Tests (Simulator) (4)	Run actions/checkout@v4	2026-02-25T20:40:50.5383910Z [command]/opt/homebrew/bin/git remote add origin https://github.com/floffel/substitution
iOS Tests (Simulator) (4)	Run actions/checkout@v4	2026-02-25T20:40:50.5508000Z ##[endgroup]
iOS Tests (Simulator) (4)	Run actions/checkout@v4	2026-02-25T20:40:50.5510560Z ##[group]Disabling automatic garbage collection
iOS Tests (Simulator) (4)	Run actions/checkout@v4	2026-02-25T20:40:50.5514350Z [command]/opt/homebrew/bin/git config --local gc.auto 0
iOS Tests (Simulator) (4)	Run actions/checkout@v4	2026-02-25T20:40:50.5641850Z ##[endgroup]
iOS Tests (Simulator) (4)	Run actions/checkout@v4	2026-02-25T20:40:50.5643300Z ##[group]Setting up auth
iOS Tests (Simulator) (4)	Run actions/checkout@v4	2026-02-25T20:40:50.5644540Z [command]/opt/homebrew/bin/git config --local --name-only --get-regexp core\.sshCommand
iOS Tests (Simulator) (4)	Run actions/checkout@v4	2026-02-25T20:40:50.5703530Z [command]/opt/homebrew/bin/git submodule foreach --recursive sh -c "git config --local --name-only --get-regexp 'core\.sshCommand' && git config --local --unset-all 'core.sshCommand' || :"
iOS Tests (Simulator) (4)	Run actions/checkout@v4	2026-02-25T20:40:50.6706380Z [command]/opt/homebrew/bin/git config --local --name-only --get-regexp http\.https\:\/\/github\.com\/\.extraheader
iOS Tests (Simulator) (4)	Run actions/checkout@v4	2026-02-25T20:40:50.6763990Z [command]/opt/homebrew/bin/git submodule foreach --recursive sh -c "git config --local --name-only --get-regexp 'http\.https\:\/\/github\.com\/\.extraheader' && git config --local --unset-all 'http.https://github.com/.extraheader' || :"
iOS Tests (Simulator) (4)	Run actions/checkout@v4	2026-02-25T20:40:50.7746820Z [command]/opt/homebrew/bin/git config --local --name-only --get-regexp ^includeIf\.gitdir:
iOS Tests (Simulator) (4)	Run actions/checkout@v4	2026-02-25T20:40:50.7822130Z [command]/opt/homebrew/bin/git submodule foreach --recursive git config --local --show-origin --name-only --get-regexp remote.origin.url
iOS Tests (Simulator) (4)	Run actions/checkout@v4	2026-02-25T20:40:50.8619440Z [command]/opt/homebrew/bin/git config --local http.https://github.com/.extraheader AUTHORIZATION: basic ***
iOS Tests (Simulator) (4)	Run actions/checkout@v4	2026-02-25T20:40:50.8712470Z ##[endgroup]
iOS Tests (Simulator) (4)	Run actions/checkout@v4	2026-02-25T20:40:50.8713470Z ##[group]Fetching the repository
iOS Tests (Simulator) (4)	Run actions/checkout@v4	2026-02-25T20:40:50.8718190Z [command]/opt/homebrew/bin/git -c protocol.version=2 fetch --no-tags --prune --no-recurse-submodules --depth=1 origin +0408461b08eee1bbe2c516702bd1813b916d3e4c:refs/remotes/pull/1/merge
iOS Tests (Simulator) (4)	Run actions/checkout@v4	2026-02-25T20:40:52.5343260Z From https://github.com/floffel/substitution
iOS Tests (Simulator) (4)	Run actions/checkout@v4	2026-02-25T20:40:52.5407630Z  * [new ref]         0408461b08eee1bbe2c516702bd1813b916d3e4c -> pull/1/merge
iOS Tests (Simulator) (4)	Run actions/checkout@v4	2026-02-25T20:40:52.5697310Z ##[endgroup]
iOS Tests (Simulator) (4)	Run actions/checkout@v4	2026-02-25T20:40:52.5702790Z ##[group]Determining the checkout info
iOS Tests (Simulator) (4)	Run actions/checkout@v4	2026-02-25T20:40:52.5705450Z ##[endgroup]
iOS Tests (Simulator) (4)	Run actions/checkout@v4	2026-02-25T20:40:52.5706940Z [command]/opt/homebrew/bin/git sparse-checkout disable
iOS Tests (Simulator) (4)	Run actions/checkout@v4	2026-02-25T20:40:52.5791250Z [command]/opt/homebrew/bin/git config --local --unset-all extensions.worktreeConfig
iOS Tests (Simulator) (4)	Run actions/checkout@v4	2026-02-25T20:40:52.5875910Z ##[group]Checking out the ref
iOS Tests (Simulator) (4)	Run actions/checkout@v4	2026-02-25T20:40:52.5878730Z [command]/opt/homebrew/bin/git checkout --progress --force refs/remotes/pull/1/merge
iOS Tests (Simulator) (4)	Run actions/checkout@v4	2026-02-25T20:40:52.8162590Z HEAD is now at 0408461 Merge 86c2f4a4443179a61e99b4f5d2c467a0f9c43a72 into 74cc852017b0f1fdeb37326726f5fee7effe2248
iOS Tests (Simulator) (4)	Run actions/checkout@v4	2026-02-25T20:40:52.8271570Z ##[endgroup]
iOS Tests (Simulator) (4)	Run actions/checkout@v4	2026-02-25T20:40:52.8273350Z [command]/opt/homebrew/bin/git log -1 --format=%H
iOS Tests (Simulator) (4)	Run actions/checkout@v4	2026-02-25T20:40:52.8341190Z 0408461b08eee1bbe2c516702bd1813b916d3e4c
iOS Tests (Simulator) (4)	Setup Flutter	﻿2026-02-25T20:40:52.8675600Z ##[group]Run subosito/flutter-action@v2
iOS Tests (Simulator) (4)	Setup Flutter	2026-02-25T20:40:52.8675920Z with:
iOS Tests (Simulator) (4)	Setup Flutter	2026-02-25T20:40:52.8676130Z   channel: stable
iOS Tests (Simulator) (4)	Setup Flutter	2026-02-25T20:40:52.8676300Z   cache: true
iOS Tests (Simulator) (4)	Setup Flutter	2026-02-25T20:40:52.8676440Z   architecture: ARM64
iOS Tests (Simulator) (4)	Setup Flutter	2026-02-25T20:40:52.8676610Z   pub-cache-path: default
iOS Tests (Simulator) (4)	Setup Flutter	2026-02-25T20:40:52.8676790Z   dry-run: false
iOS Tests (Simulator) (4)	Setup Flutter	2026-02-25T20:40:52.8677010Z   git-source: https://github.com/flutter/flutter.git
iOS Tests (Simulator) (4)	Setup Flutter	2026-02-25T20:40:52.8677300Z env:
iOS Tests (Simulator) (4)	Setup Flutter	2026-02-25T20:40:52.8677440Z   CACHE_VERSION: v1
iOS Tests (Simulator) (4)	Setup Flutter	2026-02-25T20:40:52.8677590Z ##[endgroup]
iOS Tests (Simulator) (4)	Setup Flutter	2026-02-25T20:40:52.8776940Z ##[group]Run chmod +x "$GITHUB_ACTION_PATH/setup.sh"
iOS Tests (Simulator) (4)	Setup Flutter	2026-02-25T20:40:52.8777320Z [36;1mchmod +x "$GITHUB_ACTION_PATH/setup.sh"[0m
iOS Tests (Simulator) (4)	Setup Flutter	2026-02-25T20:40:52.8816590Z shell: /bin/bash --noprofile --norc -e -o pipefail {0}
iOS Tests (Simulator) (4)	Setup Flutter	2026-02-25T20:40:52.8816890Z env:
iOS Tests (Simulator) (4)	Setup Flutter	2026-02-25T20:40:52.8817080Z   CACHE_VERSION: v1
iOS Tests (Simulator) (4)	Setup Flutter	2026-02-25T20:40:52.8817270Z ##[endgroup]
iOS Tests (Simulator) (4)	Setup Flutter	2026-02-25T20:40:52.9244910Z ##[group]Run $GITHUB_ACTION_PATH/setup.sh -p \
iOS Tests (Simulator) (4)	Setup Flutter	2026-02-25T20:40:52.9245360Z [36;1m$GITHUB_ACTION_PATH/setup.sh -p \[0m
iOS Tests (Simulator) (4)	Setup Flutter	2026-02-25T20:40:52.9245660Z [36;1m  -n '' \[0m
iOS Tests (Simulator) (4)	Setup Flutter	2026-02-25T20:40:52.9245830Z [36;1m  -f '' \[0m
iOS Tests (Simulator) (4)	Setup Flutter	2026-02-25T20:40:52.9246000Z [36;1m  -a 'ARM64' \[0m
iOS Tests (Simulator) (4)	Setup Flutter	2026-02-25T20:40:52.9246180Z [36;1m  -k '' \[0m
iOS Tests (Simulator) (4)	Setup Flutter	2026-02-25T20:40:52.9246340Z [36;1m  -c '' \[0m
iOS Tests (Simulator) (4)	Setup Flutter	2026-02-25T20:40:52.9246490Z [36;1m  -l '' \[0m
iOS Tests (Simulator) (4)	Setup Flutter	2026-02-25T20:40:52.9246660Z [36;1m  -d 'default' \[0m
iOS Tests (Simulator) (4)	Setup Flutter	2026-02-25T20:40:52.9246950Z [36;1m  -g 'https://github.com/flutter/flutter.git' \[0m
iOS Tests (Simulator) (4)	Setup Flutter	2026-02-25T20:40:52.9247210Z [36;1m  stable[0m
iOS Tests (Simulator) (4)	Setup Flutter	2026-02-25T20:40:52.9280030Z shell: /bin/bash --noprofile --norc -e -o pipefail {0}
iOS Tests (Simulator) (4)	Setup Flutter	2026-02-25T20:40:52.9280640Z env:
iOS Tests (Simulator) (4)	Setup Flutter	2026-02-25T20:40:52.9280810Z   CACHE_VERSION: v1
iOS Tests (Simulator) (4)	Setup Flutter	2026-02-25T20:40:52.9281000Z ##[endgroup]
iOS Tests (Simulator) (4)	Setup Flutter	2026-02-25T20:40:53.9297810Z ##[group]Run actions/cache@v4
iOS Tests (Simulator) (4)	Setup Flutter	2026-02-25T20:40:53.9298730Z with:
iOS Tests (Simulator) (4)	Setup Flutter	2026-02-25T20:40:53.9298990Z   path: /Users/runner/hostedtoolcache/flutter/stable-3.41.2-arm64
iOS Tests (Simulator) (4)	Setup Flutter	2026-02-25T20:40:53.9299530Z   key: flutter-macos-stable-3.41.2-arm64-90673a4eef275d1a6692c26ac80d6d746d41a73a
iOS Tests (Simulator) (4)	Setup Flutter	2026-02-25T20:40:53.9299910Z   enableCrossOsArchive: false
iOS Tests (Simulator) (4)	Setup Flutter	2026-02-25T20:40:53.9300910Z   fail-on-cache-miss: false
iOS Tests (Simulator) (4)	Setup Flutter	2026-02-25T20:40:53.9301570Z   lookup-only: false
iOS Tests (Simulator) (4)	Setup Flutter	2026-02-25T20:40:53.9302070Z   save-always: false
iOS Tests (Simulator) (4)	Setup Flutter	2026-02-25T20:40:53.9302530Z env:
iOS Tests (Simulator) (4)	Setup Flutter	2026-02-25T20:40:53.9302860Z   CACHE_VERSION: v1
iOS Tests (Simulator) (4)	Setup Flutter	2026-02-25T20:40:53.9303270Z ##[endgroup]
iOS Tests (Simulator) (4)	Setup Flutter	2026-02-25T20:40:54.5477510Z Cache not found for input keys: flutter-macos-stable-3.41.2-arm64-90673a4eef275d1a6692c26ac80d6d746d41a73a
iOS Tests (Simulator) (4)	Setup Flutter	2026-02-25T20:40:54.7410970Z ##[group]Run actions/cache@v4
iOS Tests (Simulator) (4)	Setup Flutter	2026-02-25T20:40:54.7411240Z with:
iOS Tests (Simulator) (4)	Setup Flutter	2026-02-25T20:40:54.7411390Z   path: /Users/runner/.pub-cache
iOS Tests (Simulator) (4)	Setup Flutter	2026-02-25T20:40:54.7411950Z   key: flutter-pub-macos-stable-3.41.2-arm64-90673a4eef275d1a6692c26ac80d6d746d41a73a-fabacfc13d2b7e18a7fb2822593662b03764f624bf41fd351cdabec60fb27783
iOS Tests (Simulator) (4)	Setup Flutter	2026-02-25T20:40:54.7412580Z   enableCrossOsArchive: false
iOS Tests (Simulator) (4)	Setup Flutter	2026-02-25T20:40:54.7412920Z   fail-on-cache-miss: false
iOS Tests (Simulator) (4)	Setup Flutter	2026-02-25T20:40:54.7413100Z   lookup-only: false
iOS Tests (Simulator) (4)	Setup Flutter	2026-02-25T20:40:54.7413240Z   save-always: false
iOS Tests (Simulator) (4)	Setup Flutter	2026-02-25T20:40:54.7413400Z env:
iOS Tests (Simulator) (4)	Setup Flutter	2026-02-25T20:40:54.7413530Z   CACHE_VERSION: v1
iOS Tests (Simulator) (4)	Setup Flutter	2026-02-25T20:40:54.7413660Z ##[endgroup]
iOS Tests (Simulator) (4)	Setup Flutter	2026-02-25T20:40:55.2397930Z Cache not found for input keys: flutter-pub-macos-stable-3.41.2-arm64-90673a4eef275d1a6692c26ac80d6d746d41a73a-fabacfc13d2b7e18a7fb2822593662b03764f624bf41fd351cdabec60fb27783
iOS Tests (Simulator) (4)	Setup Flutter	2026-02-25T20:40:55.2544330Z ##[group]Run $GITHUB_ACTION_PATH/setup.sh \
iOS Tests (Simulator) (4)	Setup Flutter	2026-02-25T20:40:55.2544630Z [36;1m$GITHUB_ACTION_PATH/setup.sh \[0m
iOS Tests (Simulator) (4)	Setup Flutter	2026-02-25T20:40:55.2544830Z [36;1m  -n '3.41.2' \[0m
iOS Tests (Simulator) (4)	Setup Flutter	2026-02-25T20:40:55.2545010Z [36;1m  -a 'arm64' \[0m
iOS Tests (Simulator) (4)	Setup Flutter	2026-02-25T20:40:55.2545300Z [36;1m  -c '/Users/runner/hostedtoolcache/flutter/stable-3.41.2-arm64' \[0m
iOS Tests (Simulator) (4)	Setup Flutter	2026-02-25T20:40:55.2545610Z [36;1m  -d '/Users/runner/.pub-cache' \[0m
iOS Tests (Simulator) (4)	Setup Flutter	2026-02-25T20:40:55.2545840Z [36;1m  stable[0m
iOS Tests (Simulator) (4)	Setup Flutter	2026-02-25T20:40:55.2577680Z shell: /bin/bash --noprofile --norc -e -o pipefail {0}
iOS Tests (Simulator) (4)	Setup Flutter	2026-02-25T20:40:55.2578530Z env:
iOS Tests (Simulator) (4)	Setup Flutter	2026-02-25T20:40:55.2578690Z   CACHE_VERSION: v1
iOS Tests (Simulator) (4)	Setup Flutter	2026-02-25T20:40:55.2578840Z ##[endgroup]
iOS Tests (Simulator) (4)	Setup Flutter	2026-02-25T20:40:56.1390500Z   % Total    % Received % Xferd  Average Speed   Time    Time     Time  Current
iOS Tests (Simulator) (4)	Setup Flutter	2026-02-25T20:40:56.1451700Z                                  Dload  Upload   Total   Spent    Left  Speed
iOS Tests (Simulator) (4)	Setup Flutter	2026-02-25T20:40:56.1452880Z 
iOS Tests (Simulator) (4)	Setup Flutter	2026-02-25T20:40:56.5284390Z   0     0    0     0    0     0      0      0 --:--:-- --:--:-- --:--:--     0
iOS Tests (Simulator) (4)	Setup Flutter	2026-02-25T20:40:57.5410260Z   0 2045M    0 61596    0     0   154k      0  3:45:58 --:--:--  3:45:58  154k
iOS Tests (Simulator) (4)	Setup Flutter	2026-02-25T20:40:58.5295570Z   1 2045M    1 36.1M    0     0  25.9M      0  0:01:18  0:00:01  0:01:17 25.9M
iOS Tests (Simulator) (4)	Setup Flutter	2026-02-25T20:40:59.5304540Z   4 2045M    4 91.3M    0     0  38.2M      0  0:00:53  0:00:02  0:00:51 38.2M
iOS Tests (Simulator) (4)	Setup Flutter	2026-02-25T20:41:00.5310960Z   7 2045M    7  147M    0     0  43.4M      0  0:00:47  0:00:03  0:00:44 43.4M
iOS Tests (Simulator) (4)	Setup Flutter	2026-02-25T20:41:01.5335340Z   9 2045M    9  198M    0     0  45.1M      0  0:00:45  0:00:04  0:00:41 45.1M
iOS Tests (Simulator) (4)	Setup Flutter	2026-02-25T20:41:02.5388250Z  12 2045M   12  252M    0     0  46.9M      0  0:00:43  0:00:05  0:00:38 50.5M
iOS Tests (Simulator) (4)	Setup Flutter	2026-02-25T20:41:03.5362630Z  15 2045M   15  312M    0     0  48.8M      0  0:00:41  0:00:06  0:00:35 55.1M
iOS Tests (Simulator) (4)	Setup Flutter	2026-02-25T20:41:04.5362230Z  18 2045M   18  370M    0     0  50.0M      0  0:00:40  0:00:07  0:00:33 55.7M
iOS Tests (Simulator) (4)	Setup Flutter	2026-02-25T20:41:05.5345890Z  20 2045M   20  424M    0     0  50.6M      0  0:00:40  0:00:08  0:00:32 55.4M
iOS Tests (Simulator) (4)	Setup Flutter	2026-02-25T20:41:06.5394500Z  23 2045M   23  475M    0     0  50.6M      0  0:00:40  0:00:09  0:00:31 55.5M
iOS Tests (Simulator) (4)	Setup Flutter	2026-02-25T20:41:07.5335120Z  25 2045M   25  530M    0     0  51.0M      0  0:00:40  0:00:10  0:00:30 55.5M
iOS Tests (Simulator) (4)	Setup Flutter	2026-02-25T20:41:08.5344900Z  28 2045M   28  587M    0     0  51.5M      0  0:00:39  0:00:11  0:00:28 55.0M
iOS Tests (Simulator) (4)	Setup Flutter	2026-02-25T20:41:09.5347500Z  31 2045M   31  646M    0     0  52.1M      0  0:00:39  0:00:12  0:00:27 55.2M
iOS Tests (Simulator) (4)	Setup Flutter	2026-02-25T20:41:10.5417860Z  34 2045M   34  702M    0     0  52.4M      0  0:00:38  0:00:13  0:00:25 55.5M
iOS Tests (Simulator) (4)	Setup Flutter	2026-02-25T20:41:11.5425790Z  37 2045M   37  758M    0     0  52.7M      0  0:00:38  0:00:14  0:00:24 56.4M
iOS Tests (Simulator) (4)	Setup Flutter	2026-02-25T20:41:12.5400350Z  39 2045M   39  816M    0     0  53.0M      0  0:00:38  0:00:15  0:00:23 57.2M
iOS Tests (Simulator) (4)	Setup Flutter	2026-02-25T20:41:13.5394660Z  42 2045M   42  873M    0     0  53.2M      0  0:00:38  0:00:16  0:00:22 57.1M
iOS Tests (Simulator) (4)	Setup Flutter	2026-02-25T20:41:14.5597160Z  45 2045M   45  929M    0     0  53.4M      0  0:00:38  0:00:17  0:00:21 56.5M
iOS Tests (Simulator) (4)	Setup Flutter	2026-02-25T20:41:15.5435510Z  47 2045M   47  980M    0     0  53.2M      0  0:00:38  0:00:18  0:00:20 55.4M
iOS Tests (Simulator) (4)	Setup Flutter	2026-02-25T20:41:16.5428970Z  50 2045M   50 1035M    0     0  53.4M      0  0:00:38  0:00:19  0:00:19 55.4M
iOS Tests (Simulator) (4)	Setup Flutter	2026-02-25T20:41:17.5370690Z  53 2045M   53 1094M    0     0  53.6M      0  0:00:38  0:00:20  0:00:18 55.5M
iOS Tests (Simulator) (4)	Setup Flutter	2026-02-25T20:41:18.5373230Z  56 2045M   56 1153M    0     0  53.9M      0  0:00:37  0:00:21  0:00:16 56.0M
iOS Tests (Simulator) (4)	Setup Flutter	2026-02-25T20:41:19.5363910Z  59 2045M   59 1210M    0     0  54.0M      0  0:00:37  0:00:22  0:00:15 56.3M
iOS Tests (Simulator) (4)	Setup Flutter	2026-02-25T20:41:20.5370260Z  61 2045M   61 1262M    0     0  53.9M      0  0:00:37  0:00:23  0:00:14 56.5M
iOS Tests (Simulator) (4)	Setup Flutter	2026-02-25T20:41:21.5371360Z  64 2045M   64 1322M    0     0  54.2M      0  0:00:37  0:00:24  0:00:13 57.2M
iOS Tests (Simulator) (4)	Setup Flutter	2026-02-25T20:41:22.5374980Z  67 2045M   67 1381M    0     0  54.4M      0  0:00:37  0:00:25  0:00:12 57.5M
iOS Tests (Simulator) (4)	Setup Flutter	2026-02-25T20:41:23.5365460Z  70 2045M   70 1443M    0     0  54.7M      0  0:00:37  0:00:26  0:00:11 57.9M
iOS Tests (Simulator) (4)	Setup Flutter	2026-02-25T20:41:24.5380920Z  73 2045M   73 1505M    0     0  54.9M      0  0:00:37  0:00:27  0:00:10 58.8M
iOS Tests (Simulator) (4)	Setup Flutter	2026-02-25T20:41:25.5370810Z  76 2045M   76 1565M    0     0  55.1M      0  0:00:37  0:00:28  0:00:09 60.5M
iOS Tests (Simulator) (4)	Setup Flutter	2026-02-25T20:41:26.5366280Z  79 2045M   79 1624M    0     0  55.2M      0  0:00:37  0:00:29  0:00:08 60.5M
iOS Tests (Simulator) (4)	Setup Flutter	2026-02-25T20:41:27.5366060Z  82 2045M   82 1685M    0     0  55.4M      0  0:00:36  0:00:30  0:00:06 60.6M
iOS Tests (Simulator) (4)	Setup Flutter	2026-02-25T20:41:28.5387800Z  85 2045M   85 1745M    0     0  55.6M      0  0:00:36  0:00:31  0:00:05 60.4M
iOS Tests (Simulator) (4)	Setup Flutter	2026-02-25T20:41:29.5410550Z  87 2045M   87 1800M    0     0  55.5M      0  0:00:36  0:00:32  0:00:04 58.9M
iOS Tests (Simulator) (4)	Setup Flutter	2026-02-25T20:41:30.5367870Z  90 2045M   90 1860M    0     0  55.7M      0  0:00:36  0:00:33  0:00:03 58.9M
iOS Tests (Simulator) (4)	Setup Flutter	2026-02-25T20:41:31.5422200Z  93 2045M   93 1919M    0     0  55.8M      0  0:00:36  0:00:34  0:00:02 59.0M
iOS Tests (Simulator) (4)	Setup Flutter	2026-02-25T20:41:32.5399510Z  96 2045M   96 1979M    0     0  55.9M      0  0:00:36  0:00:35  0:00:01 58.8M
iOS Tests (Simulator) (4)	Setup Flutter	2026-02-25T20:41:32.6321140Z  99 2045M   99 2039M    0     0  56.0M      0  0:00:36  0:00:36 --:--:-- 58.7M
iOS Tests (Simulator) (4)	Setup Flutter	2026-02-25T20:41:32.6321930Z 100 2045M  100 2045M    0     0  56.0M      0  0:00:36  0:00:36 --:--:-- 60.0M
iOS Tests (Simulator) (4)	Install dependencies	﻿2026-02-25T20:42:16.1402780Z ##[group]Run flutter precache --ios
iOS Tests (Simulator) (4)	Install dependencies	2026-02-25T20:42:16.1403520Z [36;1mflutter precache --ios[0m
iOS Tests (Simulator) (4)	Install dependencies	2026-02-25T20:42:16.1404180Z [36;1mflutter pub get[0m
iOS Tests (Simulator) (4)	Install dependencies	2026-02-25T20:42:16.1986240Z shell: /bin/bash -e {0}
iOS Tests (Simulator) (4)	Install dependencies	2026-02-25T20:42:16.1986810Z env:
iOS Tests (Simulator) (4)	Install dependencies	2026-02-25T20:42:16.1987220Z   CACHE_VERSION: v1
iOS Tests (Simulator) (4)	Install dependencies	2026-02-25T20:42:16.1987980Z   FLUTTER_ROOT: /Users/runner/hostedtoolcache/flutter/stable-3.41.2-arm64
iOS Tests (Simulator) (4)	Install dependencies	2026-02-25T20:42:16.1989500Z   PUB_CACHE: /Users/runner/.pub-cache
iOS Tests (Simulator) (4)	Install dependencies	2026-02-25T20:42:16.1990070Z ##[endgroup]
iOS Tests (Simulator) (4)	Install dependencies	2026-02-25T20:42:22.2101580Z Resolving dependencies...
iOS Tests (Simulator) (4)	Install dependencies	2026-02-25T20:42:23.4819920Z Downloading packages...
iOS Tests (Simulator) (4)	Install dependencies	2026-02-25T20:42:36.8479230Z   _fe_analyzer_shared 91.0.0 (96.0.0 available)
iOS Tests (Simulator) (4)	Install dependencies	2026-02-25T20:42:36.8481100Z   analyzer 8.4.1 (10.2.0 available)
iOS Tests (Simulator) (4)	Install dependencies	2026-02-25T20:42:36.8481510Z   canonical_json 1.1.2 (1.1.3 available)
iOS Tests (Simulator) (4)	Install dependencies	2026-02-25T20:42:36.8481850Z > characters 1.4.1 (was 1.4.0)
iOS Tests (Simulator) (4)	Install dependencies	2026-02-25T20:42:36.8482100Z > matcher 0.12.18 (was 0.12.17)
iOS Tests (Simulator) (4)	Install dependencies	2026-02-25T20:42:36.8482410Z > material_color_utilities 0.13.0 (was 0.11.1)
iOS Tests (Simulator) (4)	Install dependencies	2026-02-25T20:42:36.8483300Z   meta 1.17.0 (1.18.1 available)
iOS Tests (Simulator) (4)	Install dependencies	2026-02-25T20:42:36.8483540Z   sqflite_common_ffi 2.3.7+1 (2.4.0+2 available)
iOS Tests (Simulator) (4)	Install dependencies	2026-02-25T20:42:36.8483800Z   sqlite3 2.9.4 (3.1.6 available)
iOS Tests (Simulator) (4)	Install dependencies	2026-02-25T20:42:36.8484060Z > test_api 0.7.9 (was 0.7.7)
iOS Tests (Simulator) (4)	Install dependencies	2026-02-25T20:42:36.8484290Z > test_core 0.6.15 (was 0.6.12)
iOS Tests (Simulator) (4)	Install dependencies	2026-02-25T20:42:36.8484490Z   unorm_dart 0.2.0 (0.3.2 available)
iOS Tests (Simulator) (4)	Install dependencies	2026-02-25T20:42:36.8484720Z   win32 5.15.0 (6.0.0 available)
iOS Tests (Simulator) (4)	Install dependencies	2026-02-25T20:42:36.8485510Z Changed 5 dependencies!
iOS Tests (Simulator) (4)	Install dependencies	2026-02-25T20:42:36.8495480Z 8 packages have newer versions incompatible with dependency constraints.
iOS Tests (Simulator) (4)	Install dependencies	2026-02-25T20:42:36.8496490Z Try `flutter pub outdated` for more information.
iOS Tests (Simulator) (4)	Run iOS integration tests (Batched)	﻿2026-02-25T20:42:38.7742810Z ##[group]Run ./scripts/test.sh ios --no-docker --shard 4 --total-shards 7
iOS Tests (Simulator) (4)	Run iOS integration tests (Batched)	2026-02-25T20:42:38.7743720Z [36;1m./scripts/test.sh ios --no-docker --shard 4 --total-shards 7[0m
iOS Tests (Simulator) (4)	Run iOS integration tests (Batched)	2026-02-25T20:42:38.7803800Z shell: /bin/bash -e {0}
iOS Tests (Simulator) (4)	Run iOS integration tests (Batched)	2026-02-25T20:42:38.7804720Z env:
iOS Tests (Simulator) (4)	Run iOS integration tests (Batched)	2026-02-25T20:42:38.7805750Z   CACHE_VERSION: v1
iOS Tests (Simulator) (4)	Run iOS integration tests (Batched)	2026-02-25T20:42:38.7806830Z   FLUTTER_ROOT: /Users/runner/hostedtoolcache/flutter/stable-3.41.2-arm64
iOS Tests (Simulator) (4)	Run iOS integration tests (Batched)	2026-02-25T20:42:38.7807690Z   PUB_CACHE: /Users/runner/.pub-cache
iOS Tests (Simulator) (4)	Run iOS integration tests (Batched)	2026-02-25T20:42:38.7808350Z   MATRIX_SERVER: http://localhost:8008
iOS Tests (Simulator) (4)	Run iOS integration tests (Batched)	2026-02-25T20:42:38.7809080Z   MATRIX_TEST_USER: testuser1
iOS Tests (Simulator) (4)	Run iOS integration tests (Batched)	2026-02-25T20:42:38.7810030Z   MATRIX_TEST_PASSWORD: testpass123
iOS Tests (Simulator) (4)	Run iOS integration tests (Batched)	2026-02-25T20:42:38.7810630Z ##[endgroup]
iOS Tests (Simulator) (4)	Run iOS integration tests (Batched)	2026-02-25T20:42:38.9044950Z [1m
iOS Tests (Simulator) (4)	Run iOS integration tests (Batched)	2026-02-25T20:42:38.9045340Z   Substitution Test Runner
iOS Tests (Simulator) (4)	Run iOS integration tests (Batched)	2026-02-25T20:42:38.9086880Z   2026-02-25 20:42:38
iOS Tests (Simulator) (4)	Run iOS integration tests (Batched)	2026-02-25T20:42:38.9087860Z   Targets: ios
iOS Tests (Simulator) (4)	Run iOS integration tests (Batched)	2026-02-25T20:42:38.9088760Z [0m
iOS Tests (Simulator) (4)	Run iOS integration tests (Batched)	2026-02-25T20:42:38.9100590Z [0;34m[INFO][0m Fetching Flutter dependencies...
iOS Tests (Simulator) (4)	Run iOS integration tests (Batched)	2026-02-25T20:42:40.1368630Z   unorm_dart 0.2.0 (0.3.2 available)
iOS Tests (Simulator) (4)	Run iOS integration tests (Batched)	2026-02-25T20:42:40.1425890Z   win32 5.15.0 (6.0.0 available)
iOS Tests (Simulator) (4)	Run iOS integration tests (Batched)	2026-02-25T20:42:40.1451610Z Got dependencies!
iOS Tests (Simulator) (4)	Run iOS integration tests (Batched)	2026-02-25T20:42:40.1476770Z 8 packages have newer versions incompatible with dependency constraints.
iOS Tests (Simulator) (4)	Run iOS integration tests (Batched)	2026-02-25T20:42:40.1488970Z Try `flutter pub outdated` for more information.
iOS Tests (Simulator) (4)	Run iOS integration tests (Batched)	2026-02-25T20:42:40.1509100Z [0;32m[OK][0m Dependencies fetched
iOS Tests (Simulator) (4)	Run iOS integration tests (Batched)	2026-02-25T20:42:40.1530860Z [0;34m[INFO][0m Target: ios
iOS Tests (Simulator) (4)	Run iOS integration tests (Batched)	2026-02-25T20:42:40.1533720Z 
iOS Tests (Simulator) (4)	Run iOS integration tests (Batched)	2026-02-25T20:42:40.1548780Z [1m━━━ iOS Tests (Simulator) ━━━[0m
iOS Tests (Simulator) (4)	Run iOS integration tests (Batched)	2026-02-25T20:42:40.1560180Z 
iOS Tests (Simulator) (4)	Run iOS integration tests (Batched)	2026-02-25T20:42:47.4078090Z [0;34m[INFO][0m Using simulator: B38715C4-2E95-49D7-A969-A9343CA986CC
iOS Tests (Simulator) (4)	Run iOS integration tests (Batched)	2026-02-25T20:42:58.9032440Z [0;34m[INFO][0m Waiting for simulator boot (timeout: 600s)...
iOS Tests (Simulator) (4)	Run iOS integration tests (Batched)	2026-02-25T20:47:01.0173540Z [0;32m[OK][0m Simulator booted
iOS Tests (Simulator) (4)	Run iOS integration tests (Batched)	2026-02-25T20:47:04.1963240Z [0;34m[INFO][0m Waiting for simulator responsiveness...
iOS Tests (Simulator) (4)	Run iOS integration tests (Batched)	2026-02-25T20:48:34.4215260Z [1;33m[WARN][0m Simulator may not be fully responsive
iOS Tests (Simulator) (4)	Run iOS integration tests (Batched)	2026-02-25T20:48:34.4492830Z [0;34m[INFO][0m Running all integration tests on iOS (timeout: 2700s)...
iOS Tests (Simulator) (4)	Run iOS integration tests (Batched)	2026-02-25T20:49:21.8049270Z -j/--concurrency was parsed but will be ignored, this option is not supported when running Integration Tests or web tests.
iOS Tests (Simulator) (4)	Run iOS integration tests (Batched)	2026-02-25T20:49:23.0889370Z 00:00 +0: loading /Users/runner/work/substitution/substitution/integration_test/interaction_with_matrix_test.dart
iOS Tests (Simulator) (4)	Run iOS integration tests (Batched)	2026-02-25T20:49:31.7819820Z Upgrading AppFrameworkInfo.plist
iOS Tests (Simulator) (4)	Run iOS integration tests (Batched)	2026-02-25T20:49:31.7894620Z Upgrading Podfile
iOS Tests (Simulator) (4)	Run iOS integration tests (Batched)	2026-02-25T20:49:31.8622220Z To ensure your app continues to launch on upcoming iOS versions, UIScene lifecycle support will soon be required. Please see https://flutter.dev/to/uiscene-migration for the migration guide.
iOS Tests (Simulator) (4)	Run iOS integration tests (Batched)	2026-02-25T20:49:31.8718470Z 
iOS Tests (Simulator) (4)	Run iOS integration tests (Batched)	2026-02-25T20:49:48.7546950Z Running pod install...                                             10.0s
iOS Tests (Simulator) (4)	Run iOS integration tests (Batched)	2026-02-25T20:54:10.1831550Z Running Xcode build...                                          
iOS Tests (Simulator) (4)	Run iOS integration tests (Batched)	2026-02-25T20:54:10.1944450Z Xcode build done.                                           261.4s
iOS Tests (Simulator) (4)	Run iOS integration tests (Batched)	2026-02-25T21:01:23.5326610Z 00:00 +0 -1: loading /Users/runner/work/substitution/substitution/integration_test/interaction_with_matrix_test.dart [E]
iOS Tests (Simulator) (4)	Run iOS integration tests (Batched)	2026-02-25T21:01:23.5328890Z   TimeoutException after 0:12:00.000000: Test timed out after 12 minutes.
iOS Tests (Simulator) (4)	Run iOS integration tests (Batched)	2026-02-25T21:01:23.5910330Z   package:test_api/src/backend/invoker.dart 398:28  Invoker._handleError.<fn>
iOS Tests (Simulator) (4)	Run iOS integration tests (Batched)	2026-02-25T21:01:23.6016610Z   dart:async/zone_root.dart 27:47                   _rootRun
iOS Tests (Simulator) (4)	Run iOS integration tests (Batched)	2026-02-25T21:01:23.6138050Z   dart:async/zone.dart 726:19                       _CustomZone.run
iOS Tests (Simulator) (4)	Run iOS integration tests (Batched)	2026-02-25T21:01:23.6247920Z   package:test_api/src/backend/invoker.dart 396:10  Invoker._handleError
iOS Tests (Simulator) (4)	Run iOS integration tests (Batched)	2026-02-25T21:01:23.6351970Z   package:test_api/src/backend/invoker.dart 351:9   Invoker.heartbeat.<fn>.<fn>
iOS Tests (Simulator) (4)	Run iOS integration tests (Batched)	2026-02-25T21:01:23.6785270Z   dart:async/zone_root.dart 35:13                   _rootRun
iOS Tests (Simulator) (4)	Run iOS integration tests (Batched)	2026-02-25T21:01:23.6890990Z   dart:async/zone.dart 726:19                       _CustomZone.run
iOS Tests (Simulator) (4)	Run iOS integration tests (Batched)	2026-02-25T21:01:23.6999470Z   package:test_api/src/backend/invoker.dart 350:38  Invoker.heartbeat.<fn>
iOS Tests (Simulator) (4)	Run iOS integration tests (Batched)	2026-02-25T21:01:23.7102070Z   dart:async-patch/timer_patch.dart 18:15           Timer._createTimer.<fn>
iOS Tests (Simulator) (4)	Run iOS integration tests (Batched)	2026-02-25T21:01:23.7212070Z   dart:isolate-patch/timer_impl.dart 423:19         _Timer._runTimers
iOS Tests (Simulator) (4)	Run iOS integration tests (Batched)	2026-02-25T21:01:23.7309000Z   dart:isolate-patch/timer_impl.dart 454:5          _Timer._handleMessage
iOS Tests (Simulator) (4)	Run iOS integration tests (Batched)	2026-02-25T21:01:23.7409960Z   dart:isolate-patch/isolate_patch.dart 193:12      _RawReceivePort._handleMessage
iOS Tests (Simulator) (4)	Run iOS integration tests (Batched)	2026-02-25T21:01:23.7520900Z   
iOS Tests (Simulator) (4)	Run iOS integration tests (Batched)	2026-02-25T21:01:23.7625090Z 00:00 +0 -1: loading /Users/runner/work/substitution/substitution/integration_test/offline_test.dart
iOS Tests (Simulator) (4)	Run iOS integration tests (Batched)	2026-02-25T21:01:33.7319050Z To ensure your app continues to launch on upcoming iOS versions, UIScene lifecycle support will soon be required. Please see https://flutter.dev/to/uiscene-migration for the migration guide.
iOS Tests (Simulator) (4)	Run iOS integration tests (Batched)	2026-02-25T21:01:33.7410350Z 
iOS Tests (Simulator) (4)	Run iOS integration tests (Batched)	2026-02-25T21:02:33.0684620Z Running Xcode build...                                          
iOS Tests (Simulator) (4)	Run iOS integration tests (Batched)	2026-02-25T21:02:33.0795040Z Xcode build done.                                           55.7s
iOS Tests (Simulator) (4)	Run iOS integration tests (Batched)	2026-02-25T21:13:23.6967560Z 00:00 +0 -2: loading /Users/runner/work/substitution/substitution/integration_test/offline_test.dart [E]
iOS Tests (Simulator) (4)	Run iOS integration tests (Batched)	2026-02-25T21:13:23.7071300Z   TimeoutException after 0:12:00.000000: Test timed out after 12 minutes.
iOS Tests (Simulator) (4)	Run iOS integration tests (Batched)	2026-02-25T21:13:23.7447360Z   package:test_api/src/backend/invoker.dart 398:28  Invoker._handleError.<fn>
iOS Tests (Simulator) (4)	Run iOS integration tests (Batched)	2026-02-25T21:13:23.7748620Z   dart:async/zone_root.dart 27:47                   _rootRun
iOS Tests (Simulator) (4)	Run iOS integration tests (Batched)	2026-02-25T21:13:23.7749360Z   dart:async/zone.dart 726:19                       _CustomZone.run
iOS Tests (Simulator) (4)	Run iOS integration tests (Batched)	2026-02-25T21:13:23.7850800Z   package:test_api/src/backend/invoker.dart 396:10  Invoker._handleError
iOS Tests (Simulator) (4)	Run iOS integration tests (Batched)	2026-02-25T21:13:23.7970080Z   package:test_api/src/backend/invoker.dart 351:9   Invoker.heartbeat.<fn>.<fn>
iOS Tests (Simulator) (4)	Run iOS integration tests (Batched)	2026-02-25T21:13:23.8225800Z   dart:async/zone_root.dart 35:13                   _rootRun
iOS Tests (Simulator) (4)	Run iOS integration tests (Batched)	2026-02-25T21:13:23.8449050Z   dart:async/zone.dart 726:19                       _CustomZone.run
iOS Tests (Simulator) (4)	Run iOS integration tests (Batched)	2026-02-25T21:13:23.8450180Z   package:test_api/src/backend/invoker.dart 350:38  Invoker.heartbeat.<fn>
iOS Tests (Simulator) (4)	Run iOS integration tests (Batched)	2026-02-25T21:13:23.8727660Z   dart:async-patch/timer_patch.dart 18:15           Timer._createTimer.<fn>
iOS Tests (Simulator) (4)	Run iOS integration tests (Batched)	2026-02-25T21:13:23.8728440Z   dart:isolate-patch/timer_impl.dart 423:19         _Timer._runTimers
iOS Tests (Simulator) (4)	Run iOS integration tests (Batched)	2026-02-25T21:13:23.8834680Z   dart:isolate-patch/timer_impl.dart 454:5          _Timer._handleMessage
iOS Tests (Simulator) (4)	Run iOS integration tests (Batched)	2026-02-25T21:13:23.9094900Z   dart:isolate-patch/isolate_patch.dart 193:12      _RawReceivePort._handleMessage
iOS Tests (Simulator) (4)	Run iOS integration tests (Batched)	2026-02-25T21:13:23.9197630Z   
iOS Tests (Simulator) (4)	Run iOS integration tests (Batched)	2026-02-25T21:13:23.9451880Z 00:00 +0 -2: loading /Users/runner/work/substitution/substitution/integration_test/room_feed_with_matrix_test.dart
iOS Tests (Simulator) (4)	Run iOS integration tests (Batched)	2026-02-25T21:13:33.3731190Z To ensure your app continues to launch on upcoming iOS versions, UIScene lifecycle support will soon be required. Please see https://flutter.dev/to/uiscene-migration for the migration guide.
iOS Tests (Simulator) (4)	Run iOS integration tests (Batched)	2026-02-25T21:13:33.3819300Z 
iOS Tests (Simulator) (4)	Run iOS integration tests (Batched)	2026-02-25T21:14:32.4021650Z Running Xcode build...                                          
iOS Tests (Simulator) (4)	Run iOS integration tests (Batched)	2026-02-25T21:14:32.4027390Z Xcode build done.                                           55.8s
iOS Tests (Simulator) (4)	Run iOS integration tests (Batched)	2026-02-25T21:25:23.8667250Z 00:00 +0 -3: loading /Users/runner/work/substitution/substitution/integration_test/room_feed_with_matrix_test.dart [E]
iOS Tests (Simulator) (4)	Run iOS integration tests (Batched)	2026-02-25T21:25:23.8671960Z   TimeoutException after 0:12:00.000000: Test timed out after 12 minutes.
iOS Tests (Simulator) (4)	Run iOS integration tests (Batched)	2026-02-25T21:25:23.9116070Z   package:test_api/src/backend/invoker.dart 398:28  Invoker._handleError.<fn>
iOS Tests (Simulator) (4)	Run iOS integration tests (Batched)	2026-02-25T21:25:23.9120150Z   dart:async/zone_root.dart 27:47                   _rootRun
iOS Tests (Simulator) (4)	Run iOS integration tests (Batched)	2026-02-25T21:25:23.9121450Z   dart:async/zone.dart 726:19                       _CustomZone.run
iOS Tests (Simulator) (4)	Run iOS integration tests (Batched)	2026-02-25T21:25:23.9122100Z   package:test_api/src/backend/invoker.dart 396:10  Invoker._handleError
iOS Tests (Simulator) (4)	Run iOS integration tests (Batched)	2026-02-25T21:25:23.9124520Z   package:test_api/src/backend/invoker.dart 351:9   Invoker.heartbeat.<fn>.<fn>
iOS Tests (Simulator) (4)	Run iOS integration tests (Batched)	2026-02-25T21:25:23.9132360Z   dart:async/zone_root.dart 35:13                   _rootRun
iOS Tests (Simulator) (4)	Run iOS integration tests (Batched)	2026-02-25T21:25:23.9137770Z   dart:async/zone.dart 726:19                       _CustomZone.run
iOS Tests (Simulator) (4)	Run iOS integration tests (Batched)	2026-02-25T21:25:23.9313610Z   package:test_api/src/backend/invoker.dart 350:38  Invoker.heartbeat.<fn>
iOS Tests (Simulator) (4)	Run iOS integration tests (Batched)	2026-02-25T21:25:23.9327340Z   dart:async-patch/timer_patch.dart 18:15           Timer._createTimer.<fn>
iOS Tests (Simulator) (4)	Run iOS integration tests (Batched)	2026-02-25T21:25:23.9340680Z   dart:isolate-patch/timer_impl.dart 423:19         _Timer._runTimers
iOS Tests (Simulator) (4)	Run iOS integration tests (Batched)	2026-02-25T21:25:23.9378790Z   dart:isolate-patch/timer_impl.dart 454:5          _Timer._handleMessage
iOS Tests (Simulator) (4)	Run iOS integration tests (Batched)	2026-02-25T21:25:23.9652660Z   dart:isolate-patch/isolate_patch.dart 193:12      _RawReceivePort._handleMessage
iOS Tests (Simulator) (4)	Run iOS integration tests (Batched)	2026-02-25T21:25:23.9654540Z   
iOS Tests (Simulator) (4)	Run iOS integration tests (Batched)	2026-02-25T21:25:23.9655480Z 00:00 +0 -3: loading /Users/runner/work/substitution/substitution/integration_test/feed_with_matrix_test.dart
iOS Tests (Simulator) (4)	Run iOS integration tests (Batched)	2026-02-25T21:25:35.8083830Z To ensure your app continues to launch on upcoming iOS versions, UIScene lifecycle support will soon be required. Please see https://flutter.dev/to/uiscene-migration for the migration guide.
iOS Tests (Simulator) (4)	Run iOS integration tests (Batched)	2026-02-25T21:25:35.8084860Z 
iOS Tests (Simulator) (4)	Run iOS integration tests (Batched)	2026-02-25T21:27:07.3675880Z Running Xcode build...                                          
iOS Tests (Simulator) (4)	Run iOS integration tests (Batched)	2026-02-25T21:27:07.3699350Z Xcode build done.                                           87.5s
iOS Tests (Simulator) (4)	Run iOS integration tests (Batched)	2026-02-25T21:33:35.3416440Z [0;31m[ERROR][0m iOS tests timed out after 2700s
iOS Tests (Simulator) (4)	Run iOS integration tests (Batched)	2026-02-25T21:33:35.3426820Z 
iOS Tests (Simulator) (4)	Run iOS integration tests (Batched)	2026-02-25T21:33:35.3502430Z [1m══════════════════════════════════════════════════════════[0m
iOS Tests (Simulator) (4)	Run iOS integration tests (Batched)	2026-02-25T21:33:35.3504900Z [1m  Test Results Summary[0m
iOS Tests (Simulator) (4)	Run iOS integration tests (Batched)	2026-02-25T21:33:35.3505390Z [1m══════════════════════════════════════════════════════════[0m
iOS Tests (Simulator) (4)	Run iOS integration tests (Batched)	2026-02-25T21:33:35.3505920Z 
iOS Tests (Simulator) (4)	Run iOS integration tests (Batched)	2026-02-25T21:33:35.3506030Z   TARGET             PASSED   FAILED  SKIPPED   DURATION
iOS Tests (Simulator) (4)	Run iOS integration tests (Batched)	2026-02-25T21:33:35.3507480Z   ──────────────── ──────── ──────── ──────── ──────────
iOS Tests (Simulator) (4)	Run iOS integration tests (Batched)	2026-02-25T21:33:35.3508570Z   [0;31mios             [0m        0        3        0     45m 1s
iOS Tests (Simulator) (4)	Run iOS integration tests (Batched)	2026-02-25T21:33:35.3509020Z 
iOS Tests (Simulator) (4)	Run iOS integration tests (Batched)	2026-02-25T21:33:35.3543960Z   ──────────────── ──────── ──────── ────────
iOS Tests (Simulator) (4)	Run iOS integration tests (Batched)	2026-02-25T21:33:35.3544560Z   [0;31mTOTAL                   0        3        0[0m
iOS Tests (Simulator) (4)	Run iOS integration tests (Batched)	2026-02-25T21:33:35.3544980Z 
iOS Tests (Simulator) (4)	Run iOS integration tests (Batched)	2026-02-25T21:33:35.3545570Z   [0;31m[1mRESULT: FAILED[0m
iOS Tests (Simulator) (4)	Run iOS integration tests (Batched)	2026-02-25T21:33:35.3545920Z 
iOS Tests (Simulator) (4)	Run iOS integration tests (Batched)	2026-02-25T21:33:35.3546300Z [1m══════════════════════════════════════════════════════════[0m
iOS Tests (Simulator) (4)	Run iOS integration tests (Batched)	2026-02-25T21:33:35.3546810Z 
iOS Tests (Simulator) (4)	Run iOS integration tests (Batched)	2026-02-25T21:33:35.3546910Z [0;34m[INFO][0m Cleaning up...
iOS Tests (Simulator) (4)	Run iOS integration tests (Batched)	2026-02-25T21:33:42.8959920Z [0;34m[INFO][0m Cleanup complete
iOS Tests (Simulator) (4)	Run iOS integration tests (Batched)	2026-02-25T21:33:43.0051500Z ##[error]Process completed with exit code 1.
iOS Tests (Simulator) (4)	Post Setup Flutter	﻿2026-02-25T21:33:43.3374360Z Post job cleanup.
iOS Tests (Simulator) (4)	Post Run actions/checkout@v4	﻿2026-02-25T21:33:43.4027600Z Post job cleanup.
iOS Tests (Simulator) (4)	Post Run actions/checkout@v4	2026-02-25T21:33:44.5606700Z [command]/opt/homebrew/bin/git version
iOS Tests (Simulator) (4)	Post Run actions/checkout@v4	2026-02-25T21:33:44.5936450Z git version 2.53.0
iOS Tests (Simulator) (4)	Post Run actions/checkout@v4	2026-02-25T21:33:44.6617930Z Copying '/Users/runner/.gitconfig' to '/Users/runner/work/_temp/50b589d8-2012-4d4c-a124-ce4c4f0581cb/.gitconfig'
iOS Tests (Simulator) (4)	Post Run actions/checkout@v4	2026-02-25T21:33:44.6727660Z Temporarily overriding HOME='/Users/runner/work/_temp/50b589d8-2012-4d4c-a124-ce4c4f0581cb' before making global git config changes
iOS Tests (Simulator) (4)	Post Run actions/checkout@v4	2026-02-25T21:33:44.6834120Z Adding repository directory to the temporary git global config as a safe directory
iOS Tests (Simulator) (4)	Post Run actions/checkout@v4	2026-02-25T21:33:44.6956890Z [command]/opt/homebrew/bin/git config --global --add safe.directory /Users/runner/work/substitution/substitution
iOS Tests (Simulator) (4)	Post Run actions/checkout@v4	2026-02-25T21:33:44.7283590Z [command]/opt/homebrew/bin/git config --local --name-only --get-regexp core\.sshCommand
iOS Tests (Simulator) (4)	Post Run actions/checkout@v4	2026-02-25T21:33:44.7643950Z [command]/opt/homebrew/bin/git submodule foreach --recursive sh -c "git config --local --name-only --get-regexp 'core\.sshCommand' && git config --local --unset-all 'core.sshCommand' || :"
iOS Tests (Simulator) (4)	Post Run actions/checkout@v4	2026-02-25T21:33:45.0321990Z [command]/opt/homebrew/bin/git config --local --name-only --get-regexp http\.https\:\/\/github\.com\/\.extraheader
iOS Tests (Simulator) (4)	Post Run actions/checkout@v4	2026-02-25T21:33:45.0463720Z http.https://github.com/.extraheader
iOS Tests (Simulator) (4)	Post Run actions/checkout@v4	2026-02-25T21:33:45.0790020Z [command]/opt/homebrew/bin/git config --local --unset-all http.https://github.com/.extraheader
iOS Tests (Simulator) (4)	Post Run actions/checkout@v4	2026-02-25T21:33:45.1100430Z [command]/opt/homebrew/bin/git submodule foreach --recursive sh -c "git config --local --name-only --get-regexp 'http\.https\:\/\/github\.com\/\.extraheader' && git config --local --unset-all 'http.https://github.com/.extraheader' || :"
iOS Tests (Simulator) (4)	Post Run actions/checkout@v4	2026-02-25T21:33:45.3910160Z [command]/opt/homebrew/bin/git config --local --name-only --get-regexp ^includeIf\.gitdir:
iOS Tests (Simulator) (4)	Post Run actions/checkout@v4	2026-02-25T21:33:45.4249480Z [command]/opt/homebrew/bin/git submodule foreach --recursive git config --local --show-origin --name-only --get-regexp remote.origin.url
iOS Tests (Simulator) (4)	Complete job	﻿2026-02-25T21:33:45.6877690Z Cleaning up orphan processes
iOS Tests (Simulator) (4)	Complete job	2026-02-25T21:34:12.5251070Z Terminate orphan process: pid (2601) (Simulator)
Web Tests (6)	UNKNOWN STEP	﻿2026-02-25T19:48:13.6758991Z Current runner version: '2.331.0'
Web Tests (6)	UNKNOWN STEP	2026-02-25T19:48:13.6792894Z ##[group]Runner Image Provisioner
Web Tests (6)	UNKNOWN STEP	2026-02-25T19:48:13.6794096Z Hosted Compute Agent
Web Tests (6)	UNKNOWN STEP	2026-02-25T19:48:13.6795233Z Version: 20260213.493
Web Tests (6)	UNKNOWN STEP	2026-02-25T19:48:13.6796278Z Commit: 5c115507f6dd24b8de37d8bbe0bb4509d0cc0fa3
Web Tests (6)	UNKNOWN STEP	2026-02-25T19:48:13.6797523Z Build Date: 2026-02-13T00:28:41Z
Web Tests (6)	UNKNOWN STEP	2026-02-25T19:48:13.6799040Z Worker ID: {6f6172b1-4a32-4722-b735-59a9e6ff079f}
Web Tests (6)	UNKNOWN STEP	2026-02-25T19:48:13.6800318Z Azure Region: northcentralus
Web Tests (6)	UNKNOWN STEP	2026-02-25T19:48:13.6801323Z ##[endgroup]
Web Tests (6)	UNKNOWN STEP	2026-02-25T19:48:13.6803650Z ##[group]Operating System
Web Tests (6)	UNKNOWN STEP	2026-02-25T19:48:13.6804593Z Ubuntu
Web Tests (6)	UNKNOWN STEP	2026-02-25T19:48:13.6805352Z 24.04.3
Web Tests (6)	UNKNOWN STEP	2026-02-25T19:48:13.6806281Z LTS
Web Tests (6)	UNKNOWN STEP	2026-02-25T19:48:13.6807082Z ##[endgroup]
Web Tests (6)	UNKNOWN STEP	2026-02-25T19:48:13.6808226Z ##[group]Runner Image
Web Tests (6)	UNKNOWN STEP	2026-02-25T19:48:13.6809279Z Image: ubuntu-24.04
Web Tests (6)	UNKNOWN STEP	2026-02-25T19:48:13.6810285Z Version: 20260224.36.1
Web Tests (6)	UNKNOWN STEP	2026-02-25T19:48:13.6812347Z Included Software: https://github.com/actions/runner-images/blob/ubuntu24/20260224.36/images/ubuntu/Ubuntu2404-Readme.md
Web Tests (6)	UNKNOWN STEP	2026-02-25T19:48:13.6814801Z Image Release: https://github.com/actions/runner-images/releases/tag/ubuntu24%2F20260224.36
Web Tests (6)	UNKNOWN STEP	2026-02-25T19:48:13.6815731Z ##[endgroup]
Web Tests (6)	UNKNOWN STEP	2026-02-25T19:48:13.6816904Z ##[group]GITHUB_TOKEN Permissions
Web Tests (6)	UNKNOWN STEP	2026-02-25T19:48:13.6819400Z Contents: read
Web Tests (6)	UNKNOWN STEP	2026-02-25T19:48:13.6820007Z Metadata: read
Web Tests (6)	UNKNOWN STEP	2026-02-25T19:48:13.6820643Z Packages: read
Web Tests (6)	UNKNOWN STEP	2026-02-25T19:48:13.6821110Z ##[endgroup]
Web Tests (6)	UNKNOWN STEP	2026-02-25T19:48:13.6823245Z Secret source: Actions
Web Tests (6)	UNKNOWN STEP	2026-02-25T19:48:13.6824102Z Prepare workflow directory
Web Tests (6)	UNKNOWN STEP	2026-02-25T19:48:13.7302391Z Prepare all required actions
Web Tests (6)	UNKNOWN STEP	2026-02-25T19:48:13.7358092Z Getting action download info
Web Tests (6)	UNKNOWN STEP	2026-02-25T19:48:14.0636405Z Download action repository 'actions/checkout@v4' (SHA:34e114876b0b11c390a56381ad16ebd13914f8d5)
Web Tests (6)	UNKNOWN STEP	2026-02-25T19:48:14.2139410Z Download action repository 'subosito/flutter-action@v2' (SHA:fd55f4c5af5b953cc57a2be44cb082c8f6635e8e)
Web Tests (6)	UNKNOWN STEP	2026-02-25T19:48:14.6588011Z Getting action download info
Web Tests (6)	UNKNOWN STEP	2026-02-25T19:48:14.7996701Z Download action repository 'actions/cache@v4' (SHA:0057852bfaa89a56745cba8c7296529d2fc39830)
Web Tests (6)	UNKNOWN STEP	2026-02-25T19:48:14.9615895Z Complete job name: Web Tests (6)
Web Tests (6)	UNKNOWN STEP	2026-02-25T19:48:15.0391729Z ##[group]Run actions/checkout@v4
Web Tests (6)	UNKNOWN STEP	2026-02-25T19:48:15.0392722Z with:
Web Tests (6)	UNKNOWN STEP	2026-02-25T19:48:15.0393212Z   repository: floffel/substitution
Web Tests (6)	UNKNOWN STEP	2026-02-25T19:48:15.0394115Z   token: ***
Web Tests (6)	UNKNOWN STEP	2026-02-25T19:48:15.0394584Z   ssh-strict: true
Web Tests (6)	UNKNOWN STEP	2026-02-25T19:48:15.0395073Z   ssh-user: git
Web Tests (6)	UNKNOWN STEP	2026-02-25T19:48:15.0395610Z   persist-credentials: true
Web Tests (6)	UNKNOWN STEP	2026-02-25T19:48:15.0396251Z   clean: true
Web Tests (6)	UNKNOWN STEP	2026-02-25T19:48:15.0396814Z   sparse-checkout-cone-mode: true
Web Tests (6)	UNKNOWN STEP	2026-02-25T19:48:15.0397515Z   fetch-depth: 1
Web Tests (6)	UNKNOWN STEP	2026-02-25T19:48:15.0398271Z   fetch-tags: false
Web Tests (6)	UNKNOWN STEP	2026-02-25T19:48:15.0398790Z   show-progress: true
Web Tests (6)	UNKNOWN STEP	2026-02-25T19:48:15.0399309Z   lfs: false
Web Tests (6)	UNKNOWN STEP	2026-02-25T19:48:15.0399770Z   submodules: false
Web Tests (6)	UNKNOWN STEP	2026-02-25T19:48:15.0400287Z   set-safe-directory: true
Web Tests (6)	UNKNOWN STEP	2026-02-25T19:48:15.0401122Z env:
Web Tests (6)	UNKNOWN STEP	2026-02-25T19:48:15.0401547Z   CACHE_VERSION: v1
Web Tests (6)	UNKNOWN STEP	2026-02-25T19:48:15.0402038Z ##[endgroup]
Web Tests (6)	UNKNOWN STEP	2026-02-25T19:48:15.1504182Z Syncing repository: floffel/substitution
Web Tests (6)	UNKNOWN STEP	2026-02-25T19:48:15.1506324Z ##[group]Getting Git version info
Web Tests (6)	UNKNOWN STEP	2026-02-25T19:48:15.1507429Z Working directory is '/home/runner/work/substitution/substitution'
Web Tests (6)	UNKNOWN STEP	2026-02-25T19:48:15.1509285Z [command]/usr/bin/git version
Web Tests (6)	UNKNOWN STEP	2026-02-25T19:48:15.1602305Z git version 2.53.0
Web Tests (6)	UNKNOWN STEP	2026-02-25T19:48:15.1628236Z ##[endgroup]
Web Tests (6)	UNKNOWN STEP	2026-02-25T19:48:15.1643131Z Temporarily overriding HOME='/home/runner/work/_temp/b7f278e9-06ec-47b6-a632-f7603f14dc51' before making global git config changes
Web Tests (6)	UNKNOWN STEP	2026-02-25T19:48:15.1645538Z Adding repository directory to the temporary git global config as a safe directory
Web Tests (6)	UNKNOWN STEP	2026-02-25T19:48:15.1648312Z [command]/usr/bin/git config --global --add safe.directory /home/runner/work/substitution/substitution
Web Tests (6)	UNKNOWN STEP	2026-02-25T19:48:15.1686824Z Deleting the contents of '/home/runner/work/substitution/substitution'
Web Tests (6)	UNKNOWN STEP	2026-02-25T19:48:15.1690693Z ##[group]Initializing the repository
Web Tests (6)	UNKNOWN STEP	2026-02-25T19:48:15.1695333Z [command]/usr/bin/git init /home/runner/work/substitution/substitution
Web Tests (6)	UNKNOWN STEP	2026-02-25T19:48:15.1823258Z hint: Using 'master' as the name for the initial branch. This default branch name
Web Tests (6)	UNKNOWN STEP	2026-02-25T19:48:15.1825477Z hint: will change to "main" in Git 3.0. To configure the initial branch name
Web Tests (6)	UNKNOWN STEP	2026-02-25T19:48:15.1828647Z hint: to use in all of your new repositories, which will suppress this warning,
Web Tests (6)	UNKNOWN STEP	2026-02-25T19:48:15.1830163Z hint: call:
Web Tests (6)	UNKNOWN STEP	2026-02-25T19:48:15.1830751Z hint:
Web Tests (6)	UNKNOWN STEP	2026-02-25T19:48:15.1831555Z hint: 	git config --global init.defaultBranch <name>
Web Tests (6)	UNKNOWN STEP	2026-02-25T19:48:15.1833012Z hint:
Web Tests (6)	UNKNOWN STEP	2026-02-25T19:48:15.1834095Z hint: Names commonly chosen instead of 'master' are 'main', 'trunk' and
Web Tests (6)	UNKNOWN STEP	2026-02-25T19:48:15.1836068Z hint: 'development'. The just-created branch can be renamed via this command:
Web Tests (6)	UNKNOWN STEP	2026-02-25T19:48:15.1837115Z hint:
Web Tests (6)	UNKNOWN STEP	2026-02-25T19:48:15.1837760Z hint: 	git branch -m <name>
Web Tests (6)	UNKNOWN STEP	2026-02-25T19:48:15.1838700Z hint:
Web Tests (6)	UNKNOWN STEP	2026-02-25T19:48:15.1839528Z hint: Disable this message with "git config set advice.defaultBranchName false"
Web Tests (6)	UNKNOWN STEP	2026-02-25T19:48:15.1841138Z Initialized empty Git repository in /home/runner/work/substitution/substitution/.git/
Web Tests (6)	UNKNOWN STEP	2026-02-25T19:48:15.1843697Z [command]/usr/bin/git remote add origin https://github.com/floffel/substitution
Web Tests (6)	UNKNOWN STEP	2026-02-25T19:48:15.1878760Z ##[endgroup]
Web Tests (6)	UNKNOWN STEP	2026-02-25T19:48:15.1879923Z ##[group]Disabling automatic garbage collection
Web Tests (6)	UNKNOWN STEP	2026-02-25T19:48:15.1882801Z [command]/usr/bin/git config --local gc.auto 0
Web Tests (6)	UNKNOWN STEP	2026-02-25T19:48:15.1912254Z ##[endgroup]
Web Tests (6)	UNKNOWN STEP	2026-02-25T19:48:15.1913093Z ##[group]Setting up auth
Web Tests (6)	UNKNOWN STEP	2026-02-25T19:48:15.1919854Z [command]/usr/bin/git config --local --name-only --get-regexp core\.sshCommand
Web Tests (6)	UNKNOWN STEP	2026-02-25T19:48:15.1950528Z [command]/usr/bin/git submodule foreach --recursive sh -c "git config --local --name-only --get-regexp 'core\.sshCommand' && git config --local --unset-all 'core.sshCommand' || :"
Web Tests (6)	UNKNOWN STEP	2026-02-25T19:48:15.2331846Z [command]/usr/bin/git config --local --name-only --get-regexp http\.https\:\/\/github\.com\/\.extraheader
Web Tests (6)	UNKNOWN STEP	2026-02-25T19:48:15.2366826Z [command]/usr/bin/git submodule foreach --recursive sh -c "git config --local --name-only --get-regexp 'http\.https\:\/\/github\.com\/\.extraheader' && git config --local --unset-all 'http.https://github.com/.extraheader' || :"
Web Tests (6)	UNKNOWN STEP	2026-02-25T19:48:15.2603916Z [command]/usr/bin/git config --local --name-only --get-regexp ^includeIf\.gitdir:
Web Tests (6)	UNKNOWN STEP	2026-02-25T19:48:15.2644760Z [command]/usr/bin/git submodule foreach --recursive git config --local --show-origin --name-only --get-regexp remote.origin.url
Web Tests (6)	UNKNOWN STEP	2026-02-25T19:48:15.2884488Z [command]/usr/bin/git config --local http.https://github.com/.extraheader AUTHORIZATION: basic ***
Web Tests (6)	UNKNOWN STEP	2026-02-25T19:48:15.2919935Z ##[endgroup]
Web Tests (6)	UNKNOWN STEP	2026-02-25T19:48:15.2921544Z ##[group]Fetching the repository
Web Tests (6)	UNKNOWN STEP	2026-02-25T19:48:15.2930509Z [command]/usr/bin/git -c protocol.version=2 fetch --no-tags --prune --no-recurse-submodules --depth=1 origin +0408461b08eee1bbe2c516702bd1813b916d3e4c:refs/remotes/pull/1/merge
Web Tests (6)	UNKNOWN STEP	2026-02-25T19:48:16.2854018Z From https://github.com/floffel/substitution
Web Tests (6)	UNKNOWN STEP	2026-02-25T19:48:16.2857273Z  * [new ref]         0408461b08eee1bbe2c516702bd1813b916d3e4c -> pull/1/merge
Web Tests (6)	UNKNOWN STEP	2026-02-25T19:48:16.2892665Z ##[endgroup]
Web Tests (6)	UNKNOWN STEP	2026-02-25T19:48:16.2894055Z ##[group]Determining the checkout info
Web Tests (6)	UNKNOWN STEP	2026-02-25T19:48:16.2895621Z ##[endgroup]
Web Tests (6)	UNKNOWN STEP	2026-02-25T19:48:16.2900000Z [command]/usr/bin/git sparse-checkout disable
Web Tests (6)	UNKNOWN STEP	2026-02-25T19:48:16.2946540Z [command]/usr/bin/git config --local --unset-all extensions.worktreeConfig
Web Tests (6)	UNKNOWN STEP	2026-02-25T19:48:16.2974263Z ##[group]Checking out the ref
Web Tests (6)	UNKNOWN STEP	2026-02-25T19:48:16.2978526Z [command]/usr/bin/git checkout --progress --force refs/remotes/pull/1/merge
Web Tests (6)	UNKNOWN STEP	2026-02-25T19:48:16.5873446Z Note: switching to 'refs/remotes/pull/1/merge'.
Web Tests (6)	UNKNOWN STEP	2026-02-25T19:48:16.5875407Z 
Web Tests (6)	UNKNOWN STEP	2026-02-25T19:48:16.5876700Z You are in 'detached HEAD' state. You can look around, make experimental
Web Tests (6)	UNKNOWN STEP	2026-02-25T19:48:16.5881695Z changes and commit them, and you can discard any commits you make in this
Web Tests (6)	UNKNOWN STEP	2026-02-25T19:48:16.5883816Z state without impacting any branches by switching back to a branch.
Web Tests (6)	UNKNOWN STEP	2026-02-25T19:48:16.5884874Z 
Web Tests (6)	UNKNOWN STEP	2026-02-25T19:48:16.5885553Z If you want to create a new branch to retain commits you create, you may
Web Tests (6)	UNKNOWN STEP	2026-02-25T19:48:16.5887569Z do so (now or later) by using -c with the switch command. Example:
Web Tests (6)	UNKNOWN STEP	2026-02-25T19:48:16.5888927Z 
Web Tests (6)	UNKNOWN STEP	2026-02-25T19:48:16.5889541Z   git switch -c <new-branch-name>
Web Tests (6)	UNKNOWN STEP	2026-02-25T19:48:16.5890307Z 
Web Tests (6)	UNKNOWN STEP	2026-02-25T19:48:16.5890684Z Or undo this operation with:
Web Tests (6)	UNKNOWN STEP	2026-02-25T19:48:16.5891336Z 
Web Tests (6)	UNKNOWN STEP	2026-02-25T19:48:16.5891735Z   git switch -
Web Tests (6)	UNKNOWN STEP	2026-02-25T19:48:16.5892266Z 
Web Tests (6)	UNKNOWN STEP	2026-02-25T19:48:16.5893099Z Turn off this advice by setting config variable advice.detachedHead to false
Web Tests (6)	UNKNOWN STEP	2026-02-25T19:48:16.5894325Z 
Web Tests (6)	UNKNOWN STEP	2026-02-25T19:48:16.5895881Z HEAD is now at 0408461 Merge 86c2f4a4443179a61e99b4f5d2c467a0f9c43a72 into 74cc852017b0f1fdeb37326726f5fee7effe2248
Web Tests (6)	UNKNOWN STEP	2026-02-25T19:48:16.5900291Z ##[endgroup]
Web Tests (6)	UNKNOWN STEP	2026-02-25T19:48:16.5933437Z [command]/usr/bin/git log -1 --format=%H
Web Tests (6)	UNKNOWN STEP	2026-02-25T19:48:16.5957465Z 0408461b08eee1bbe2c516702bd1813b916d3e4c
Web Tests (6)	UNKNOWN STEP	2026-02-25T19:48:16.6584892Z ##[group]Run subosito/flutter-action@v2
Web Tests (6)	UNKNOWN STEP	2026-02-25T19:48:16.6585961Z with:
Web Tests (6)	UNKNOWN STEP	2026-02-25T19:48:16.6586696Z   channel: stable
Web Tests (6)	UNKNOWN STEP	2026-02-25T19:48:16.6587491Z   cache: true
Web Tests (6)	UNKNOWN STEP	2026-02-25T19:48:16.6588471Z   architecture: X64
Web Tests (6)	UNKNOWN STEP	2026-02-25T19:48:16.6589295Z   pub-cache-path: default
Web Tests (6)	UNKNOWN STEP	2026-02-25T19:48:16.6590159Z   dry-run: false
Web Tests (6)	UNKNOWN STEP	2026-02-25T19:48:16.6591099Z   git-source: https://github.com/flutter/flutter.git
Web Tests (6)	UNKNOWN STEP	2026-02-25T19:48:16.6592207Z env:
Web Tests (6)	UNKNOWN STEP	2026-02-25T19:48:16.6592892Z   CACHE_VERSION: v1
Web Tests (6)	UNKNOWN STEP	2026-02-25T19:48:16.6593652Z ##[endgroup]
Web Tests (6)	UNKNOWN STEP	2026-02-25T19:48:16.6730787Z ##[group]Run chmod +x "$GITHUB_ACTION_PATH/setup.sh"
Web Tests (6)	UNKNOWN STEP	2026-02-25T19:48:16.6732264Z [36;1mchmod +x "$GITHUB_ACTION_PATH/setup.sh"[0m
Web Tests (6)	UNKNOWN STEP	2026-02-25T19:48:16.6790929Z shell: /usr/bin/bash --noprofile --norc -e -o pipefail {0}
Web Tests (6)	UNKNOWN STEP	2026-02-25T19:48:16.6792096Z env:
Web Tests (6)	UNKNOWN STEP	2026-02-25T19:48:16.6792763Z   CACHE_VERSION: v1
Web Tests (6)	UNKNOWN STEP	2026-02-25T19:48:16.6793496Z ##[endgroup]
Web Tests (6)	UNKNOWN STEP	2026-02-25T19:48:16.6983027Z ##[group]Run $GITHUB_ACTION_PATH/setup.sh -p \
Web Tests (6)	UNKNOWN STEP	2026-02-25T19:48:16.6984247Z [36;1m$GITHUB_ACTION_PATH/setup.sh -p \[0m
Web Tests (6)	UNKNOWN STEP	2026-02-25T19:48:16.6985260Z [36;1m  -n '' \[0m
Web Tests (6)	UNKNOWN STEP	2026-02-25T19:48:16.6986012Z [36;1m  -f '' \[0m
Web Tests (6)	UNKNOWN STEP	2026-02-25T19:48:16.6986758Z [36;1m  -a 'X64' \[0m
Web Tests (6)	UNKNOWN STEP	2026-02-25T19:48:16.6987531Z [36;1m  -k '' \[0m
Web Tests (6)	UNKNOWN STEP	2026-02-25T19:48:16.6988485Z [36;1m  -c '' \[0m
Web Tests (6)	UNKNOWN STEP	2026-02-25T19:48:16.6989230Z [36;1m  -l '' \[0m
Web Tests (6)	UNKNOWN STEP	2026-02-25T19:48:16.6990000Z [36;1m  -d 'default' \[0m
Web Tests (6)	UNKNOWN STEP	2026-02-25T19:48:16.6991029Z [36;1m  -g 'https://github.com/flutter/flutter.git' \[0m
Web Tests (6)	UNKNOWN STEP	2026-02-25T19:48:16.6992145Z [36;1m  stable[0m
Web Tests (6)	UNKNOWN STEP	2026-02-25T19:48:16.7042120Z shell: /usr/bin/bash --noprofile --norc -e -o pipefail {0}
Web Tests (6)	UNKNOWN STEP	2026-02-25T19:48:16.7043260Z env:
Web Tests (6)	UNKNOWN STEP	2026-02-25T19:48:16.7043909Z   CACHE_VERSION: v1
Web Tests (6)	UNKNOWN STEP	2026-02-25T19:48:16.7044622Z ##[endgroup]
Web Tests (6)	UNKNOWN STEP	2026-02-25T19:48:16.8963918Z ##[group]Run actions/cache@v4
Web Tests (6)	UNKNOWN STEP	2026-02-25T19:48:16.8964787Z with:
Web Tests (6)	UNKNOWN STEP	2026-02-25T19:48:16.8965659Z   path: /opt/hostedtoolcache/flutter/stable-3.41.2-x64
Web Tests (6)	UNKNOWN STEP	2026-02-25T19:48:16.8967255Z   key: flutter-linux-stable-3.41.2-x64-90673a4eef275d1a6692c26ac80d6d746d41a73a
Web Tests (6)	UNKNOWN STEP	2026-02-25T19:48:16.8968946Z   enableCrossOsArchive: false
Web Tests (6)	UNKNOWN STEP	2026-02-25T19:48:16.8969856Z   fail-on-cache-miss: false
Web Tests (6)	UNKNOWN STEP	2026-02-25T19:48:16.8970696Z   lookup-only: false
Web Tests (6)	UNKNOWN STEP	2026-02-25T19:48:16.8971504Z   save-always: false
Web Tests (6)	UNKNOWN STEP	2026-02-25T19:48:16.8972249Z env:
Web Tests (6)	UNKNOWN STEP	2026-02-25T19:48:16.8972901Z   CACHE_VERSION: v1
Web Tests (6)	UNKNOWN STEP	2026-02-25T19:48:16.8973622Z ##[endgroup]
Web Tests (6)	UNKNOWN STEP	2026-02-25T19:48:17.1615654Z Cache hit for: flutter-linux-stable-3.41.2-x64-90673a4eef275d1a6692c26ac80d6d746d41a73a
Web Tests (6)	UNKNOWN STEP	2026-02-25T19:48:18.3061806Z Received 121634816 of 1665993529 (7.3%), 116.0 MBs/sec
Web Tests (6)	UNKNOWN STEP	2026-02-25T19:48:19.3163027Z Received 272629760 of 1665993529 (16.4%), 129.3 MBs/sec
Web Tests (6)	UNKNOWN STEP	2026-02-25T19:48:20.3219205Z Received 503316480 of 1665993529 (30.2%), 159.4 MBs/sec
Web Tests (6)	UNKNOWN STEP	2026-02-25T19:48:21.3175668Z Received 671088640 of 1665993529 (40.3%), 159.5 MBs/sec
Web Tests (6)	UNKNOWN STEP	2026-02-25T19:48:22.3219667Z Received 859832320 of 1665993529 (51.6%), 163.5 MBs/sec
Web Tests (6)	UNKNOWN STEP	2026-02-25T19:48:23.3323241Z Received 1044381696 of 1665993529 (62.7%), 165.3 MBs/sec
Web Tests (6)	UNKNOWN STEP	2026-02-25T19:48:24.3355435Z Received 1216348160 of 1665993529 (73.0%), 165.0 MBs/sec
Web Tests (6)	UNKNOWN STEP	2026-02-25T19:48:25.3438374Z Received 1396703232 of 1665993529 (83.8%), 165.7 MBs/sec
Web Tests (6)	UNKNOWN STEP	2026-02-25T19:48:26.3434018Z Received 1577058304 of 1665993529 (94.7%), 166.4 MBs/sec
Web Tests (6)	UNKNOWN STEP	2026-02-25T19:48:27.1472020Z Received 1665993529 of 1665993529 (100.0%), 161.4 MBs/sec
Web Tests (6)	UNKNOWN STEP	2026-02-25T19:48:27.1474632Z Cache Size: ~1589 MB (1665993529 B)
Web Tests (6)	UNKNOWN STEP	2026-02-25T19:48:27.1532854Z [command]/usr/bin/tar -xf /home/runner/work/_temp/74b0c670-e067-4eb4-884e-bdd0247bc39a/cache.tzst -P -C /home/runner/work/substitution/substitution --use-compress-program unzstd
Web Tests (6)	UNKNOWN STEP	2026-02-25T19:48:32.1301432Z Cache restored successfully
Web Tests (6)	UNKNOWN STEP	2026-02-25T19:48:32.4397121Z Cache restored from key: flutter-linux-stable-3.41.2-x64-90673a4eef275d1a6692c26ac80d6d746d41a73a
Web Tests (6)	UNKNOWN STEP	2026-02-25T19:48:32.5664482Z ##[group]Run actions/cache@v4
Web Tests (6)	UNKNOWN STEP	2026-02-25T19:48:32.5664760Z with:
Web Tests (6)	UNKNOWN STEP	2026-02-25T19:48:32.5664961Z   path: /home/runner/.pub-cache
Web Tests (6)	UNKNOWN STEP	2026-02-25T19:48:32.5665960Z   key: flutter-pub-linux-stable-3.41.2-x64-90673a4eef275d1a6692c26ac80d6d746d41a73a-fabacfc13d2b7e18a7fb2822593662b03764f624bf41fd351cdabec60fb27783
Web Tests (6)	UNKNOWN STEP	2026-02-25T19:48:32.5666730Z   enableCrossOsArchive: false
Web Tests (6)	UNKNOWN STEP	2026-02-25T19:48:32.5666974Z   fail-on-cache-miss: false
Web Tests (6)	UNKNOWN STEP	2026-02-25T19:48:32.5667216Z   lookup-only: false
Web Tests (6)	UNKNOWN STEP	2026-02-25T19:48:32.5667424Z   save-always: false
Web Tests (6)	UNKNOWN STEP	2026-02-25T19:48:32.5667615Z env:
Web Tests (6)	UNKNOWN STEP	2026-02-25T19:48:32.5667791Z   CACHE_VERSION: v1
Web Tests (6)	UNKNOWN STEP	2026-02-25T19:48:32.5668297Z ##[endgroup]
Web Tests (6)	UNKNOWN STEP	2026-02-25T19:48:32.8063144Z Cache hit for: flutter-pub-linux-stable-3.41.2-x64-90673a4eef275d1a6692c26ac80d6d746d41a73a-fabacfc13d2b7e18a7fb2822593662b03764f624bf41fd351cdabec60fb27783
Web Tests (6)	UNKNOWN STEP	2026-02-25T19:48:33.7795147Z Received 133563121 of 133563121 (100.0%), 146.1 MBs/sec
Web Tests (6)	UNKNOWN STEP	2026-02-25T19:48:33.7795858Z Cache Size: ~127 MB (133563121 B)
Web Tests (6)	UNKNOWN STEP	2026-02-25T19:48:33.7827345Z [command]/usr/bin/tar -xf /home/runner/work/_temp/8b1f1f87-342b-4cb3-9c73-2177268316ec/cache.tzst -P -C /home/runner/work/substitution/substitution --use-compress-program unzstd
Web Tests (6)	UNKNOWN STEP	2026-02-25T19:48:35.5347622Z Cache restored successfully
Web Tests (6)	UNKNOWN STEP	2026-02-25T19:48:35.5706634Z Cache restored from key: flutter-pub-linux-stable-3.41.2-x64-90673a4eef275d1a6692c26ac80d6d746d41a73a-fabacfc13d2b7e18a7fb2822593662b03764f624bf41fd351cdabec60fb27783
Web Tests (6)	UNKNOWN STEP	2026-02-25T19:48:35.5828247Z ##[group]Run $GITHUB_ACTION_PATH/setup.sh \
Web Tests (6)	UNKNOWN STEP	2026-02-25T19:48:35.5828587Z [36;1m$GITHUB_ACTION_PATH/setup.sh \[0m
Web Tests (6)	UNKNOWN STEP	2026-02-25T19:48:35.5828865Z [36;1m  -n '3.41.2' \[0m
Web Tests (6)	UNKNOWN STEP	2026-02-25T19:48:35.5829106Z [36;1m  -a 'x64' \[0m
Web Tests (6)	UNKNOWN STEP	2026-02-25T19:48:35.5829423Z [36;1m  -c '/opt/hostedtoolcache/flutter/stable-3.41.2-x64' \[0m
Web Tests (6)	UNKNOWN STEP	2026-02-25T19:48:35.5829799Z [36;1m  -d '/home/runner/.pub-cache' \[0m
Web Tests (6)	UNKNOWN STEP	2026-02-25T19:48:35.5830069Z [36;1m  stable[0m
Web Tests (6)	UNKNOWN STEP	2026-02-25T19:48:35.5878605Z shell: /usr/bin/bash --noprofile --norc -e -o pipefail {0}
Web Tests (6)	UNKNOWN STEP	2026-02-25T19:48:35.5878971Z env:
Web Tests (6)	UNKNOWN STEP	2026-02-25T19:48:35.5879175Z   CACHE_VERSION: v1
Web Tests (6)	UNKNOWN STEP	2026-02-25T19:48:35.5879420Z ##[endgroup]
Web Tests (6)	UNKNOWN STEP	2026-02-25T19:48:35.7614524Z ##[group]Run flutter pub get
Web Tests (6)	UNKNOWN STEP	2026-02-25T19:48:35.7614826Z [36;1mflutter pub get[0m
Web Tests (6)	UNKNOWN STEP	2026-02-25T19:48:35.7666516Z shell: /usr/bin/bash -e {0}
Web Tests (6)	UNKNOWN STEP	2026-02-25T19:48:35.7666802Z env:
Web Tests (6)	UNKNOWN STEP	2026-02-25T19:48:35.7667013Z   CACHE_VERSION: v1
Web Tests (6)	UNKNOWN STEP	2026-02-25T19:48:35.7667362Z   FLUTTER_ROOT: /opt/hostedtoolcache/flutter/stable-3.41.2-x64
Web Tests (6)	UNKNOWN STEP	2026-02-25T19:48:35.7667801Z   PUB_CACHE: /home/runner/.pub-cache
Web Tests (6)	UNKNOWN STEP	2026-02-25T19:48:35.7668382Z ##[endgroup]
Web Tests (6)	UNKNOWN STEP	2026-02-25T19:48:37.5056619Z Resolving dependencies...
Web Tests (6)	UNKNOWN STEP	2026-02-25T19:48:37.8883055Z Downloading packages...
Web Tests (6)	UNKNOWN STEP	2026-02-25T19:48:37.9673195Z   _fe_analyzer_shared 91.0.0 (96.0.0 available)
Web Tests (6)	UNKNOWN STEP	2026-02-25T19:48:37.9673784Z   analyzer 8.4.1 (10.2.0 available)
Web Tests (6)	UNKNOWN STEP	2026-02-25T19:48:37.9674218Z > characters 1.4.1 (was 1.4.0)
Web Tests (6)	UNKNOWN STEP	2026-02-25T19:48:37.9674635Z > matcher 0.12.18 (was 0.12.17)
Web Tests (6)	UNKNOWN STEP	2026-02-25T19:48:37.9675085Z > material_color_utilities 0.13.0 (was 0.11.1)
Web Tests (6)	UNKNOWN STEP	2026-02-25T19:48:37.9675574Z   meta 1.17.0 (1.18.1 available)
Web Tests (6)	UNKNOWN STEP	2026-02-25T19:48:37.9676103Z   sqflite_common_ffi 2.3.7+1 (2.4.0+2 available)
Web Tests (6)	UNKNOWN STEP	2026-02-25T19:48:37.9676650Z   sqlite3 2.9.4 (3.1.6 available)
Web Tests (6)	UNKNOWN STEP	2026-02-25T19:48:37.9677158Z > test_api 0.7.9 (was 0.7.7)
Web Tests (6)	UNKNOWN STEP	2026-02-25T19:48:37.9677571Z > test_core 0.6.15 (was 0.6.12)
Web Tests (6)	UNKNOWN STEP	2026-02-25T19:48:37.9678146Z   unorm_dart 0.2.0 (0.3.2 available)
Web Tests (6)	UNKNOWN STEP	2026-02-25T19:48:37.9678593Z   win32 5.15.0 (6.0.0 available)
Web Tests (6)	UNKNOWN STEP	2026-02-25T19:48:37.9679303Z Changed 5 dependencies!
Web Tests (6)	UNKNOWN STEP	2026-02-25T19:48:37.9685818Z 7 packages have newer versions incompatible with dependency constraints.
Web Tests (6)	UNKNOWN STEP	2026-02-25T19:48:37.9686557Z Try `flutter pub outdated` for more information.
Web Tests (6)	UNKNOWN STEP	2026-02-25T19:48:38.5582944Z ##[group]Run flutter config --enable-web
Web Tests (6)	UNKNOWN STEP	2026-02-25T19:48:38.5583323Z [36;1mflutter config --enable-web[0m
Web Tests (6)	UNKNOWN STEP	2026-02-25T19:48:38.5632686Z shell: /usr/bin/bash -e {0}
Web Tests (6)	UNKNOWN STEP	2026-02-25T19:48:38.5632974Z env:
Web Tests (6)	UNKNOWN STEP	2026-02-25T19:48:38.5633194Z   CACHE_VERSION: v1
Web Tests (6)	UNKNOWN STEP	2026-02-25T19:48:38.5633548Z   FLUTTER_ROOT: /opt/hostedtoolcache/flutter/stable-3.41.2-x64
Web Tests (6)	UNKNOWN STEP	2026-02-25T19:48:38.5633994Z   PUB_CACHE: /home/runner/.pub-cache
Web Tests (6)	UNKNOWN STEP	2026-02-25T19:48:38.5634296Z ##[endgroup]
Web Tests (6)	UNKNOWN STEP	2026-02-25T19:48:38.6777671Z Setting "enable-web" value to "true".
Web Tests (6)	UNKNOWN STEP	2026-02-25T19:48:38.6778644Z 
Web Tests (6)	UNKNOWN STEP	2026-02-25T19:48:38.6779027Z You may need to restart any open editors for them to read new settings.
Web Tests (6)	UNKNOWN STEP	2026-02-25T19:48:38.6855503Z ##[group]Run docker compose up -d postgres matrix-synapse redis
Web Tests (6)	UNKNOWN STEP	2026-02-25T19:48:38.6856034Z [36;1mdocker compose up -d postgres matrix-synapse redis[0m
Web Tests (6)	UNKNOWN STEP	2026-02-25T19:48:38.6856397Z [36;1msleep 10[0m
Web Tests (6)	UNKNOWN STEP	2026-02-25T19:48:38.6856637Z [36;1mdocker compose run --rm matrix-init[0m
Web Tests (6)	UNKNOWN STEP	2026-02-25T19:48:38.6857261Z [36;1mtimeout 60 bash -c 'until curl -sf http://localhost:8008/_matrix/client/versions > /dev/null 2>&1; do sleep 2; done'[0m
Web Tests (6)	UNKNOWN STEP	2026-02-25T19:48:38.6906902Z shell: /usr/bin/bash -e {0}
Web Tests (6)	UNKNOWN STEP	2026-02-25T19:48:38.6907195Z env:
Web Tests (6)	UNKNOWN STEP	2026-02-25T19:48:38.6907419Z   CACHE_VERSION: v1
Web Tests (6)	UNKNOWN STEP	2026-02-25T19:48:38.6907774Z   FLUTTER_ROOT: /opt/hostedtoolcache/flutter/stable-3.41.2-x64
Web Tests (6)	UNKNOWN STEP	2026-02-25T19:48:38.6908337Z   PUB_CACHE: /home/runner/.pub-cache
Web Tests (6)	UNKNOWN STEP	2026-02-25T19:48:38.6908648Z ##[endgroup]
Web Tests (6)	UNKNOWN STEP	2026-02-25T19:48:39.0346161Z time="2026-02-25T19:48:39Z" level=warning msg="/home/runner/work/substitution/substitution/docker-compose.yml: the attribute `version` is obsolete, it will be ignored, please remove it to avoid potential confusion"
Web Tests (6)	UNKNOWN STEP	2026-02-25T19:48:39.0426388Z  dex Pulling 
Web Tests (6)	UNKNOWN STEP	2026-02-25T19:48:39.0426670Z  redis Pulling 
Web Tests (6)	UNKNOWN STEP	2026-02-25T19:48:39.0426916Z  postgres Pulling 
Web Tests (6)	UNKNOWN STEP	2026-02-25T19:48:39.0427156Z  matrix-synapse Pulling 
Web Tests (6)	UNKNOWN STEP	2026-02-25T19:48:39.5421185Z  d25f557d7f31 Pulling fs layer 
Web Tests (6)	UNKNOWN STEP	2026-02-25T19:48:39.5421897Z  9acd5b82521c Pulling fs layer 
Web Tests (6)	UNKNOWN STEP	2026-02-25T19:48:39.5422475Z  10d78728ec4d Pulling fs layer 
Web Tests (6)	UNKNOWN STEP	2026-02-25T19:48:39.5423038Z  e0d49f520b92 Pulling fs layer 
Web Tests (6)	UNKNOWN STEP	2026-02-25T19:48:39.5423593Z  5de905603ac5 Pulling fs layer 
Web Tests (6)	UNKNOWN STEP	2026-02-25T19:48:39.5424200Z  808bb02340fa Pulling fs layer 
Web Tests (6)	UNKNOWN STEP	2026-02-25T19:48:39.5424810Z  c0970b69197c Pulling fs layer 
Web Tests (6)	UNKNOWN STEP	2026-02-25T19:48:39.5425441Z  9de5f206730a Pulling fs layer 
Web Tests (6)	UNKNOWN STEP	2026-02-25T19:48:39.5426063Z  24e28b7dc0a2 Pulling fs layer 
Web Tests (6)	UNKNOWN STEP	2026-02-25T19:48:39.5426674Z  830180cf89a8 Pulling fs layer 
Web Tests (6)	UNKNOWN STEP	2026-02-25T19:48:39.5427261Z  c0970b69197c Waiting 
Web Tests (6)	UNKNOWN STEP	2026-02-25T19:48:39.5427786Z  24e28b7dc0a2 Waiting 
Web Tests (6)	UNKNOWN STEP	2026-02-25T19:48:39.5428508Z  e0d49f520b92 Waiting 
Web Tests (6)	UNKNOWN STEP	2026-02-25T19:48:39.5429061Z  830180cf89a8 Waiting 
Web Tests (6)	UNKNOWN STEP	2026-02-25T19:48:39.5429590Z  5de905603ac5 Waiting 
Web Tests (6)	UNKNOWN STEP	2026-02-25T19:48:39.5430128Z  808bb02340fa Waiting 
Web Tests (6)	UNKNOWN STEP	2026-02-25T19:48:39.5430664Z  9de5f206730a Waiting 
Web Tests (6)	UNKNOWN STEP	2026-02-25T19:48:39.5457323Z  bc1da058f299 Pulling fs layer 
Web Tests (6)	UNKNOWN STEP	2026-02-25T19:48:39.5458439Z  09a5a0c32a23 Pulling fs layer 
Web Tests (6)	UNKNOWN STEP	2026-02-25T19:48:39.5459250Z  bd53938b1271 Pulling fs layer 
Web Tests (6)	UNKNOWN STEP	2026-02-25T19:48:39.5459964Z  9fe3744a2eac Pulling fs layer 
Web Tests (6)	UNKNOWN STEP	2026-02-25T19:48:39.5460352Z  7ad54b3c4cef Pulling fs layer 
Web Tests (6)	UNKNOWN STEP	2026-02-25T19:48:39.5460745Z  bc1da058f299 Waiting 
Web Tests (6)	UNKNOWN STEP	2026-02-25T19:48:39.5461186Z  2a97533d89ca Pulling fs layer 
Web Tests (6)	UNKNOWN STEP	2026-02-25T19:48:39.5461675Z  09a5a0c32a23 Waiting 
Web Tests (6)	UNKNOWN STEP	2026-02-25T19:48:39.5462100Z  4f4fb700ef54 Pulling fs layer 
Web Tests (6)	UNKNOWN STEP	2026-02-25T19:48:39.5462626Z  1c2c8d1ee428 Pulling fs layer 
Web Tests (6)	UNKNOWN STEP	2026-02-25T19:48:39.5463123Z  bd53938b1271 Waiting 
Web Tests (6)	UNKNOWN STEP	2026-02-25T19:48:39.5463574Z  7ad54b3c4cef Waiting 
Web Tests (6)	UNKNOWN STEP	2026-02-25T19:48:39.5464009Z  2a97533d89ca Waiting 
Web Tests (6)	UNKNOWN STEP	2026-02-25T19:48:39.5464487Z  9fe3744a2eac Waiting 
Web Tests (6)	UNKNOWN STEP	2026-02-25T19:48:39.5464896Z  1c2c8d1ee428 Waiting 
Web Tests (6)	UNKNOWN STEP	2026-02-25T19:48:39.5465248Z  4f4fb700ef54 Waiting 
Web Tests (6)	UNKNOWN STEP	2026-02-25T19:48:39.5989006Z  589002ba0eae Pulling fs layer 
Web Tests (6)	UNKNOWN STEP	2026-02-25T19:48:39.5990264Z  5ffb427686b6 Pulling fs layer 
Web Tests (6)	UNKNOWN STEP	2026-02-25T19:48:39.5991282Z  630177b00352 Pulling fs layer 
Web Tests (6)	UNKNOWN STEP	2026-02-25T19:48:39.5992540Z  6c18ff1f33d0 Pulling fs layer 
Web Tests (6)	UNKNOWN STEP	2026-02-25T19:48:39.5993227Z  13e46e455d3b Pulling fs layer 
Web Tests (6)	UNKNOWN STEP	2026-02-25T19:48:39.5993826Z  b4403f29458a Pulling fs layer 
Web Tests (6)	UNKNOWN STEP	2026-02-25T19:48:39.5994259Z  40aaa75af6ce Pulling fs layer 
Web Tests (6)	UNKNOWN STEP	2026-02-25T19:48:39.5994704Z  162bdab1e0a7 Pulling fs layer 
Web Tests (6)	UNKNOWN STEP	2026-02-25T19:48:39.5995137Z  5ffb427686b6 Waiting 
Web Tests (6)	UNKNOWN STEP	2026-02-25T19:48:39.5995515Z  ebff7b0ec73e Pulling fs layer 
Web Tests (6)	UNKNOWN STEP	2026-02-25T19:48:39.5995946Z  c02179436571 Pulling fs layer 
Web Tests (6)	UNKNOWN STEP	2026-02-25T19:48:39.5996367Z  630177b00352 Waiting 
Web Tests (6)	UNKNOWN STEP	2026-02-25T19:48:39.5996737Z  8243369e9866 Pulling fs layer 
Web Tests (6)	UNKNOWN STEP	2026-02-25T19:48:39.5997193Z  6c18ff1f33d0 Waiting 
Web Tests (6)	UNKNOWN STEP	2026-02-25T19:48:39.5997564Z  13e46e455d3b Waiting 
Web Tests (6)	UNKNOWN STEP	2026-02-25T19:48:39.5998569Z  b4403f29458a Waiting 
Web Tests (6)	UNKNOWN STEP	2026-02-25T19:48:39.5999407Z  162bdab1e0a7 Waiting 
Web Tests (6)	UNKNOWN STEP	2026-02-25T19:48:39.5999806Z  40aaa75af6ce Waiting 
Web Tests (6)	UNKNOWN STEP	2026-02-25T19:48:39.6000050Z  589002ba0eae Waiting 
Web Tests (6)	UNKNOWN STEP	2026-02-25T19:48:39.6000399Z  ebff7b0ec73e Waiting 
Web Tests (6)	UNKNOWN STEP	2026-02-25T19:48:39.6000604Z  c02179436571 Waiting 
Web Tests (6)	UNKNOWN STEP	2026-02-25T19:48:39.6000795Z  8243369e9866 Waiting 
Web Tests (6)	UNKNOWN STEP	2026-02-25T19:48:39.6454114Z  0c8d55a45c0d Pulling fs layer 
Web Tests (6)	UNKNOWN STEP	2026-02-25T19:48:39.6454640Z  03af238a5946 Pulling fs layer 
Web Tests (6)	UNKNOWN STEP	2026-02-25T19:48:39.6455072Z  686599c79c87 Pulling fs layer 
Web Tests (6)	UNKNOWN STEP	2026-02-25T19:48:39.6455509Z  f1cadbd7abd2 Pulling fs layer 
Web Tests (6)	UNKNOWN STEP	2026-02-25T19:48:39.6455926Z  3ee96ea8e5d2 Pulling fs layer 
Web Tests (6)	UNKNOWN STEP	2026-02-25T19:48:39.6456692Z  a954d256f742 Pulling fs layer 
Web Tests (6)	UNKNOWN STEP	2026-02-25T19:48:39.6457318Z  c7ce85987d6d Pulling fs layer 
Web Tests (6)	UNKNOWN STEP	2026-02-25T19:48:39.6458208Z  7807da78b90b Pulling fs layer 
Web Tests (6)	UNKNOWN STEP	2026-02-25T19:48:39.6458650Z  0478cd5c1079 Pulling fs layer 
Web Tests (6)	UNKNOWN STEP	2026-02-25T19:48:39.6459369Z  0c8d55a45c0d Waiting 
Web Tests (6)	UNKNOWN STEP	2026-02-25T19:48:39.6460035Z  3a02ac06be95 Pulling fs layer 
Web Tests (6)	UNKNOWN STEP	2026-02-25T19:48:39.6460431Z  03af238a5946 Waiting 
Web Tests (6)	UNKNOWN STEP	2026-02-25T19:48:39.6461059Z  3ee96ea8e5d2 Waiting 
Web Tests (6)	UNKNOWN STEP	2026-02-25T19:48:39.6461644Z  686599c79c87 Waiting 
Web Tests (6)	UNKNOWN STEP	2026-02-25T19:48:39.6461998Z  a954d256f742 Waiting 
Web Tests (6)	UNKNOWN STEP	2026-02-25T19:48:39.6462473Z  f1cadbd7abd2 Waiting 
Web Tests (6)	UNKNOWN STEP	2026-02-25T19:48:39.6462831Z  c7ce85987d6d Waiting 
Web Tests (6)	UNKNOWN STEP	2026-02-25T19:48:39.6463149Z  3a02ac06be95 Waiting 
Web Tests (6)	UNKNOWN STEP	2026-02-25T19:48:39.6463372Z  7807da78b90b Waiting 
Web Tests (6)	UNKNOWN STEP	2026-02-25T19:48:39.6463714Z  9acd5b82521c Downloading [>                                                  ]  1.378kB/127.5kB
Web Tests (6)	UNKNOWN STEP	2026-02-25T19:48:39.6483370Z  10d78728ec4d Downloading [==================================================>]     122B/122B
Web Tests (6)	UNKNOWN STEP	2026-02-25T19:48:39.6484141Z  10d78728ec4d Verifying Checksum 
Web Tests (6)	UNKNOWN STEP	2026-02-25T19:48:39.6486212Z  10d78728ec4d Download complete 
Web Tests (6)	UNKNOWN STEP	2026-02-25T19:48:39.6486839Z  9acd5b82521c Downloading [==================================================>]  127.5kB/127.5kB
Web Tests (6)	UNKNOWN STEP	2026-02-25T19:48:39.6487440Z  9acd5b82521c Verifying Checksum 
Web Tests (6)	UNKNOWN STEP	2026-02-25T19:48:39.6487725Z  9acd5b82521c Download complete 
Web Tests (6)	UNKNOWN STEP	2026-02-25T19:48:39.6520518Z  d25f557d7f31 Downloading [>                                                  ]   36.9kB/3.622MB
Web Tests (6)	UNKNOWN STEP	2026-02-25T19:48:39.6666871Z  d25f557d7f31 Verifying Checksum 
Web Tests (6)	UNKNOWN STEP	2026-02-25T19:48:39.6667367Z  d25f557d7f31 Download complete 
Web Tests (6)	UNKNOWN STEP	2026-02-25T19:48:39.6683084Z  d25f557d7f31 Extracting [>                                                  ]  65.54kB/3.622MB
Web Tests (6)	UNKNOWN STEP	2026-02-25T19:48:39.7357393Z  5de905603ac5 Downloading [====>                                              ]  1.378kB/17.03kB
Web Tests (6)	UNKNOWN STEP	2026-02-25T19:48:39.7358516Z  5de905603ac5 Downloading [==================================================>]  17.03kB/17.03kB
Web Tests (6)	UNKNOWN STEP	2026-02-25T19:48:39.7359248Z  5de905603ac5 Verifying Checksum 
Web Tests (6)	UNKNOWN STEP	2026-02-25T19:48:39.7359697Z  5de905603ac5 Download complete 
Web Tests (6)	UNKNOWN STEP	2026-02-25T19:48:39.7405587Z  d25f557d7f31 Extracting [==================================================>]  3.622MB/3.622MB
Web Tests (6)	UNKNOWN STEP	2026-02-25T19:48:39.7587035Z  e0d49f520b92 Downloading [==================================================>]     961B/961B
Web Tests (6)	UNKNOWN STEP	2026-02-25T19:48:39.7587834Z  e0d49f520b92 Verifying Checksum 
Web Tests (6)	UNKNOWN STEP	2026-02-25T19:48:39.7588562Z  e0d49f520b92 Download complete 
Web Tests (6)	UNKNOWN STEP	2026-02-25T19:48:39.7883417Z  d25f557d7f31 Pull complete 
Web Tests (6)	UNKNOWN STEP	2026-02-25T19:48:39.7901124Z  9acd5b82521c Extracting [============>                                      ]  32.77kB/127.5kB
Web Tests (6)	UNKNOWN STEP	2026-02-25T19:48:39.7914152Z  9acd5b82521c Extracting [==================================================>]  127.5kB/127.5kB
Web Tests (6)	UNKNOWN STEP	2026-02-25T19:48:39.8041302Z  808bb02340fa Downloading [>                                                  ]  1.378kB/90.98kB
Web Tests (6)	UNKNOWN STEP	2026-02-25T19:48:39.8091252Z  808bb02340fa Downloading [==================================================>]  90.98kB/90.98kB
Web Tests (6)	UNKNOWN STEP	2026-02-25T19:48:39.8096217Z  808bb02340fa Verifying Checksum 
Web Tests (6)	UNKNOWN STEP	2026-02-25T19:48:39.8096716Z  808bb02340fa Download complete 
Web Tests (6)	UNKNOWN STEP	2026-02-25T19:48:39.8256346Z  c0970b69197c Downloading [>                                                  ]    162kB/14.88MB
Web Tests (6)	UNKNOWN STEP	2026-02-25T19:48:39.8570283Z  9de5f206730a Downloading [=>                                                 ]  16.38kB/766.3kB
Web Tests (6)	UNKNOWN STEP	2026-02-25T19:48:39.8642859Z  9de5f206730a Downloading [==================================================>]  766.3kB/766.3kB
Web Tests (6)	UNKNOWN STEP	2026-02-25T19:48:39.8647676Z  9de5f206730a Verifying Checksum 
Web Tests (6)	UNKNOWN STEP	2026-02-25T19:48:39.8650870Z  9de5f206730a Download complete 
Web Tests (6)	UNKNOWN STEP	2026-02-25T19:48:39.8834380Z  c0970b69197c Verifying Checksum 
Web Tests (6)	UNKNOWN STEP	2026-02-25T19:48:39.8834873Z  c0970b69197c Download complete 
Web Tests (6)	UNKNOWN STEP	2026-02-25T19:48:39.9151253Z  24e28b7dc0a2 Downloading [>                                                  ]  1.378kB/83.13kB
Web Tests (6)	UNKNOWN STEP	2026-02-25T19:48:39.9165471Z  24e28b7dc0a2 Download complete 
Web Tests (6)	UNKNOWN STEP	2026-02-25T19:48:39.9911912Z  830180cf89a8 Downloading [>                                                  ]  147.5kB/14.63MB
Web Tests (6)	UNKNOWN STEP	2026-02-25T19:48:40.0228672Z  09a5a0c32a23 Downloading [======================================>            ]     721B/948B
Web Tests (6)	UNKNOWN STEP	2026-02-25T19:48:40.0229682Z  09a5a0c32a23 Downloading [==================================================>]     948B/948B
Web Tests (6)	UNKNOWN STEP	2026-02-25T19:48:40.0386243Z  09a5a0c32a23 Download complete 
Web Tests (6)	UNKNOWN STEP	2026-02-25T19:48:40.0386969Z  830180cf89a8 Downloading [==================================================>]  14.63MB/14.63MB
Web Tests (6)	UNKNOWN STEP	2026-02-25T19:48:40.0387685Z  830180cf89a8 Verifying Checksum 
Web Tests (6)	UNKNOWN STEP	2026-02-25T19:48:40.0388304Z  830180cf89a8 Download complete 
Web Tests (6)	UNKNOWN STEP	2026-02-25T19:48:40.0858745Z  bc1da058f299 Downloading [>                                                  ]  36.73kB/3.644MB
Web Tests (6)	UNKNOWN STEP	2026-02-25T19:48:40.1517301Z  bd53938b1271 Downloading [>                                                  ]  2.087kB/173.4kB
Web Tests (6)	UNKNOWN STEP	2026-02-25T19:48:40.1584442Z  bd53938b1271 Verifying Checksum 
Web Tests (6)	UNKNOWN STEP	2026-02-25T19:48:40.1585176Z  bd53938b1271 Download complete 
Web Tests (6)	UNKNOWN STEP	2026-02-25T19:48:40.1893285Z  bc1da058f299 Downloading [=================================================> ]  3.586MB/3.644MB
Web Tests (6)	UNKNOWN STEP	2026-02-25T19:48:40.1898228Z  bc1da058f299 Verifying Checksum 
Web Tests (6)	UNKNOWN STEP	2026-02-25T19:48:40.1900604Z  bc1da058f299 Download complete 
Web Tests (6)	UNKNOWN STEP	2026-02-25T19:48:40.1908152Z  bc1da058f299 Extracting [>                                                  ]  65.54kB/3.644MB
Web Tests (6)	UNKNOWN STEP	2026-02-25T19:48:40.1938761Z  9fe3744a2eac Downloading [>                                                  ]   10.3kB/1.003MB
Web Tests (6)	UNKNOWN STEP	2026-02-25T19:48:40.2811285Z  9fe3744a2eac Downloading [==================================================>]  1.003MB/1.003MB
Web Tests (6)	UNKNOWN STEP	2026-02-25T19:48:40.2813749Z  9fe3744a2eac Verifying Checksum 
Web Tests (6)	UNKNOWN STEP	2026-02-25T19:48:40.2816777Z  9fe3744a2eac Download complete 
Web Tests (6)	UNKNOWN STEP	2026-02-25T19:48:40.3223857Z  7ad54b3c4cef Downloading [>                                                  ]  126.5kB/12.41MB
Web Tests (6)	UNKNOWN STEP	2026-02-25T19:48:40.3286840Z  bc1da058f299 Extracting [==========>                                        ]  786.4kB/3.644MB
Web Tests (6)	UNKNOWN STEP	2026-02-25T19:48:40.3364212Z  2a97533d89ca Downloading [==================================================>]     100B/100B
Web Tests (6)	UNKNOWN STEP	2026-02-25T19:48:40.3369620Z  2a97533d89ca Verifying Checksum 
Web Tests (6)	UNKNOWN STEP	2026-02-25T19:48:40.3370515Z  2a97533d89ca Download complete 
Web Tests (6)	UNKNOWN STEP	2026-02-25T19:48:40.3897129Z  4f4fb700ef54 Downloading [==================================================>]      32B/32B
Web Tests (6)	UNKNOWN STEP	2026-02-25T19:48:40.3899407Z  4f4fb700ef54 Verifying Checksum 
Web Tests (6)	UNKNOWN STEP	2026-02-25T19:48:40.3899896Z  4f4fb700ef54 Download complete 
Web Tests (6)	UNKNOWN STEP	2026-02-25T19:48:40.3950689Z  bc1da058f299 Extracting [==================================================>]  3.644MB/3.644MB
Web Tests (6)	UNKNOWN STEP	2026-02-25T19:48:40.3956406Z  bc1da058f299 Extracting [==================================================>]  3.644MB/3.644MB
Web Tests (6)	UNKNOWN STEP	2026-02-25T19:48:40.4237108Z  7ad54b3c4cef Downloading [====================>                              ]   5.18MB/12.41MB
Web Tests (6)	UNKNOWN STEP	2026-02-25T19:48:40.4470321Z  1c2c8d1ee428 Downloading [==================================================>]     576B/576B
Web Tests (6)	UNKNOWN STEP	2026-02-25T19:48:40.4471654Z  1c2c8d1ee428 Verifying Checksum 
Web Tests (6)	UNKNOWN STEP	2026-02-25T19:48:40.4472423Z  1c2c8d1ee428 Download complete 
Web Tests (6)	UNKNOWN STEP	2026-02-25T19:48:40.4929525Z  589002ba0eae Downloading [>                                                  ]  38.88kB/3.862MB
Web Tests (6)	UNKNOWN STEP	2026-02-25T19:48:40.5159733Z  bc1da058f299 Pull complete 
Web Tests (6)	UNKNOWN STEP	2026-02-25T19:48:40.5180587Z  09a5a0c32a23 Extracting [==================================================>]     948B/948B
Web Tests (6)	UNKNOWN STEP	2026-02-25T19:48:40.5189163Z  09a5a0c32a23 Extracting [==================================================>]     948B/948B
Web Tests (6)	UNKNOWN STEP	2026-02-25T19:48:40.5361517Z  7ad54b3c4cef Downloading [=================================>                 ]   8.38MB/12.41MB
Web Tests (6)	UNKNOWN STEP	2026-02-25T19:48:40.5669119Z  7ad54b3c4cef Verifying Checksum 
Web Tests (6)	UNKNOWN STEP	2026-02-25T19:48:40.5670135Z  7ad54b3c4cef Download complete 
Web Tests (6)	UNKNOWN STEP	2026-02-25T19:48:40.5728795Z  589002ba0eae Verifying Checksum 
Web Tests (6)	UNKNOWN STEP	2026-02-25T19:48:40.5729312Z  589002ba0eae Download complete 
Web Tests (6)	UNKNOWN STEP	2026-02-25T19:48:40.5735647Z  589002ba0eae Extracting [>                                                  ]  65.54kB/3.862MB
Web Tests (6)	UNKNOWN STEP	2026-02-25T19:48:40.5990369Z  5ffb427686b6 Downloading [=====================================>             ]     721B/972B
Web Tests (6)	UNKNOWN STEP	2026-02-25T19:48:40.5991885Z  5ffb427686b6 Downloading [==================================================>]     972B/972B
Web Tests (6)	UNKNOWN STEP	2026-02-25T19:48:40.5993203Z  5ffb427686b6 Verifying Checksum 
Web Tests (6)	UNKNOWN STEP	2026-02-25T19:48:40.5994304Z  5ffb427686b6 Download complete 
Web Tests (6)	UNKNOWN STEP	2026-02-25T19:48:40.6809143Z  589002ba0eae Extracting [=================>                                 ]  1.376MB/3.862MB
Web Tests (6)	UNKNOWN STEP	2026-02-25T19:48:40.6906076Z  6c18ff1f33d0 Downloading [==================================================>]     173B/173B
Web Tests (6)	UNKNOWN STEP	2026-02-25T19:48:40.6907175Z  6c18ff1f33d0 Verifying Checksum 
Web Tests (6)	UNKNOWN STEP	2026-02-25T19:48:40.6908206Z  6c18ff1f33d0 Download complete 
Web Tests (6)	UNKNOWN STEP	2026-02-25T19:48:40.7099481Z  630177b00352 Downloading [>                                                  ]  10.28kB/922.9kB
Web Tests (6)	UNKNOWN STEP	2026-02-25T19:48:40.7180268Z  630177b00352 Verifying Checksum 
Web Tests (6)	UNKNOWN STEP	2026-02-25T19:48:40.7182736Z  630177b00352 Download complete 
Web Tests (6)	UNKNOWN STEP	2026-02-25T19:48:40.7208504Z  589002ba0eae Extracting [==================================================>]  3.862MB/3.862MB
Web Tests (6)	UNKNOWN STEP	2026-02-25T19:48:40.7213493Z  589002ba0eae Extracting [==================================================>]  3.862MB/3.862MB
Web Tests (6)	UNKNOWN STEP	2026-02-25T19:48:40.7289683Z  13e46e455d3b Downloading [==================================================>]     116B/116B
Web Tests (6)	UNKNOWN STEP	2026-02-25T19:48:40.7294245Z  13e46e455d3b Verifying Checksum 
Web Tests (6)	UNKNOWN STEP	2026-02-25T19:48:40.7294779Z  13e46e455d3b Download complete 
Web Tests (6)	UNKNOWN STEP	2026-02-25T19:48:40.7652723Z  589002ba0eae Pull complete 
Web Tests (6)	UNKNOWN STEP	2026-02-25T19:48:40.7673166Z  5ffb427686b6 Extracting [==================================================>]     972B/972B
Web Tests (6)	UNKNOWN STEP	2026-02-25T19:48:40.7679425Z  5ffb427686b6 Extracting [==================================================>]     972B/972B
Web Tests (6)	UNKNOWN STEP	2026-02-25T19:48:40.8084913Z  b4403f29458a Downloading [>                                                  ]  538.8kB/105.2MB
Web Tests (6)	UNKNOWN STEP	2026-02-25T19:48:40.8178272Z  40aaa75af6ce Downloading [===>                                               ]     700B/9.62kB
Web Tests (6)	UNKNOWN STEP	2026-02-25T19:48:40.8180887Z  40aaa75af6ce Downloading [==================================================>]   9.62kB/9.62kB
Web Tests (6)	UNKNOWN STEP	2026-02-25T19:48:40.8185585Z  40aaa75af6ce Download complete 
Web Tests (6)	UNKNOWN STEP	2026-02-25T19:48:40.8318323Z  162bdab1e0a7 Downloading [==================================================>]     128B/128B
Web Tests (6)	UNKNOWN STEP	2026-02-25T19:48:40.8319995Z  162bdab1e0a7 Verifying Checksum 
Web Tests (6)	UNKNOWN STEP	2026-02-25T19:48:40.8321691Z  162bdab1e0a7 Download complete 
Web Tests (6)	UNKNOWN STEP	2026-02-25T19:48:40.9280777Z  b4403f29458a Downloading [=======>                                           ]  15.98MB/105.2MB
Web Tests (6)	UNKNOWN STEP	2026-02-25T19:48:40.9369212Z  c02179436571 Downloading [=====>                                             ]     700B/5.84kB
Web Tests (6)	UNKNOWN STEP	2026-02-25T19:48:40.9371510Z  c02179436571 Downloading [==================================================>]   5.84kB/5.84kB
Web Tests (6)	UNKNOWN STEP	2026-02-25T19:48:40.9372232Z  c02179436571 Verifying Checksum 
Web Tests (6)	UNKNOWN STEP	2026-02-25T19:48:40.9372676Z  c02179436571 Download complete 
Web Tests (6)	UNKNOWN STEP	2026-02-25T19:48:40.9496920Z  ebff7b0ec73e Downloading [==================================================>]     170B/170B
Web Tests (6)	UNKNOWN STEP	2026-02-25T19:48:40.9498619Z  ebff7b0ec73e Verifying Checksum 
Web Tests (6)	UNKNOWN STEP	2026-02-25T19:48:40.9499145Z  ebff7b0ec73e Download complete 
Web Tests (6)	UNKNOWN STEP	2026-02-25T19:48:40.9691675Z  9acd5b82521c Pull complete 
Web Tests (6)	UNKNOWN STEP	2026-02-25T19:48:40.9710923Z  09a5a0c32a23 Pull complete 
Web Tests (6)	UNKNOWN STEP	2026-02-25T19:48:40.9714602Z  5ffb427686b6 Pull complete 
Web Tests (6)	UNKNOWN STEP	2026-02-25T19:48:40.9715484Z  10d78728ec4d Extracting [==================================================>]     122B/122B
Web Tests (6)	UNKNOWN STEP	2026-02-25T19:48:40.9718605Z  10d78728ec4d Extracting [==================================================>]     122B/122B
Web Tests (6)	UNKNOWN STEP	2026-02-25T19:48:40.9732382Z  bd53938b1271 Extracting [=========>                                         ]  32.77kB/173.4kB
Web Tests (6)	UNKNOWN STEP	2026-02-25T19:48:40.9808344Z  630177b00352 Extracting [=>                                                 ]  32.77kB/922.9kB
Web Tests (6)	UNKNOWN STEP	2026-02-25T19:48:40.9878008Z  bd53938b1271 Extracting [==================================================>]  173.4kB/173.4kB
Web Tests (6)	UNKNOWN STEP	2026-02-25T19:48:41.0136765Z  10d78728ec4d Pull complete 
Web Tests (6)	UNKNOWN STEP	2026-02-25T19:48:41.0176424Z  e0d49f520b92 Extracting [==================================================>]     961B/961B
Web Tests (6)	UNKNOWN STEP	2026-02-25T19:48:41.0177639Z  e0d49f520b92 Extracting [==================================================>]     961B/961B
Web Tests (6)	UNKNOWN STEP	2026-02-25T19:48:41.0293883Z  b4403f29458a Downloading [===============>                                   ]     32MB/105.2MB
Web Tests (6)	UNKNOWN STEP	2026-02-25T19:48:41.0380022Z  e0d49f520b92 Pull complete 
Web Tests (6)	UNKNOWN STEP	2026-02-25T19:48:41.0413867Z  5de905603ac5 Extracting [==================================================>]  17.03kB/17.03kB
Web Tests (6)	UNKNOWN STEP	2026-02-25T19:48:41.0415764Z  5de905603ac5 Extracting [==================================================>]  17.03kB/17.03kB
Web Tests (6)	UNKNOWN STEP	2026-02-25T19:48:41.0468447Z  630177b00352 Extracting [==================================================>]  922.9kB/922.9kB
Web Tests (6)	UNKNOWN STEP	2026-02-25T19:48:41.0635975Z  5de905603ac5 Pull complete 
Web Tests (6)	UNKNOWN STEP	2026-02-25T19:48:41.0640942Z  630177b00352 Pull complete 
Web Tests (6)	UNKNOWN STEP	2026-02-25T19:48:41.0652535Z  808bb02340fa Extracting [==================>                                ]  32.77kB/90.98kB
Web Tests (6)	UNKNOWN STEP	2026-02-25T19:48:41.0655693Z  808bb02340fa Extracting [==================================================>]  90.98kB/90.98kB
Web Tests (6)	UNKNOWN STEP	2026-02-25T19:48:41.0662567Z  bd53938b1271 Extracting [==================================================>]  173.4kB/173.4kB
Web Tests (6)	UNKNOWN STEP	2026-02-25T19:48:41.0663843Z  8243369e9866 Downloading [==================================================>]     186B/186B
Web Tests (6)	UNKNOWN STEP	2026-02-25T19:48:41.0667514Z  8243369e9866 Verifying Checksum 
Web Tests (6)	UNKNOWN STEP	2026-02-25T19:48:41.0668149Z  8243369e9866 Download complete 
Web Tests (6)	UNKNOWN STEP	2026-02-25T19:48:41.0668832Z  808bb02340fa Extracting [==================================================>]  90.98kB/90.98kB
Web Tests (6)	UNKNOWN STEP	2026-02-25T19:48:41.0687716Z  6c18ff1f33d0 Extracting [==================================================>]     173B/173B
Web Tests (6)	UNKNOWN STEP	2026-02-25T19:48:41.0692203Z  6c18ff1f33d0 Extracting [==================================================>]     173B/173B
Web Tests (6)	UNKNOWN STEP	2026-02-25T19:48:41.0751262Z  0c8d55a45c0d Downloading [>                                                  ]  298.8kB/29.78MB
Web Tests (6)	UNKNOWN STEP	2026-02-25T19:48:41.0859474Z  808bb02340fa Pull complete 
Web Tests (6)	UNKNOWN STEP	2026-02-25T19:48:41.0865916Z  6c18ff1f33d0 Pull complete 
Web Tests (6)	UNKNOWN STEP	2026-02-25T19:48:41.0919495Z  c0970b69197c Extracting [>                                                  ]  163.8kB/14.88MB
Web Tests (6)	UNKNOWN STEP	2026-02-25T19:48:41.0920387Z  13e46e455d3b Extracting [==================================================>]     116B/116B
Web Tests (6)	UNKNOWN STEP	2026-02-25T19:48:41.0921822Z  13e46e455d3b Extracting [==================================================>]     116B/116B
Web Tests (6)	UNKNOWN STEP	2026-02-25T19:48:41.1077752Z  13e46e455d3b Pull complete 
Web Tests (6)	UNKNOWN STEP	2026-02-25T19:48:41.1303973Z  b4403f29458a Downloading [==========================>                        ]   56.5MB/105.2MB
Web Tests (6)	UNKNOWN STEP	2026-02-25T19:48:41.1859578Z  0c8d55a45c0d Downloading [================>                                  ]  9.785MB/29.78MB
Web Tests (6)	UNKNOWN STEP	2026-02-25T19:48:41.1932325Z  c0970b69197c Extracting [==================>                                ]  5.407MB/14.88MB
Web Tests (6)	UNKNOWN STEP	2026-02-25T19:48:41.2070905Z  03af238a5946 Downloading [>                                                  ]  13.04kB/1.293MB
Web Tests (6)	UNKNOWN STEP	2026-02-25T19:48:41.2480711Z  03af238a5946 Downloading [==================================================>]  1.293MB/1.293MB
Web Tests (6)	UNKNOWN STEP	2026-02-25T19:48:41.2481541Z  03af238a5946 Verifying Checksum 
Web Tests (6)	UNKNOWN STEP	2026-02-25T19:48:41.2482009Z  03af238a5946 Download complete 
Web Tests (6)	UNKNOWN STEP	2026-02-25T19:48:41.2534611Z  b4403f29458a Downloading [============================>                      ]  59.15MB/105.2MB
Web Tests (6)	UNKNOWN STEP	2026-02-25T19:48:41.2647795Z  bd53938b1271 Pull complete 
Web Tests (6)	UNKNOWN STEP	2026-02-25T19:48:41.2663983Z  9fe3744a2eac Extracting [=>                                                 ]  32.77kB/1.003MB
Web Tests (6)	UNKNOWN STEP	2026-02-25T19:48:41.2937774Z  9fe3744a2eac Extracting [==================================================>]  1.003MB/1.003MB
Web Tests (6)	UNKNOWN STEP	2026-02-25T19:48:41.2941881Z  9fe3744a2eac Extracting [==================================================>]  1.003MB/1.003MB
Web Tests (6)	UNKNOWN STEP	2026-02-25T19:48:41.2955297Z  c0970b69197c Extracting [=========================================>         ]  12.29MB/14.88MB
Web Tests (6)	UNKNOWN STEP	2026-02-25T19:48:41.3075724Z  9fe3744a2eac Pull complete 
Web Tests (6)	UNKNOWN STEP	2026-02-25T19:48:41.3107038Z  7ad54b3c4cef Extracting [>                                                  ]  131.1kB/12.41MB
Web Tests (6)	UNKNOWN STEP	2026-02-25T19:48:41.3179625Z  0c8d55a45c0d Downloading [=====================>                             ]  12.57MB/29.78MB
Web Tests (6)	UNKNOWN STEP	2026-02-25T19:48:41.3240660Z  c0970b69197c Extracting [==================================================>]  14.88MB/14.88MB
Web Tests (6)	UNKNOWN STEP	2026-02-25T19:48:41.3338522Z  c0970b69197c Pull complete 
Web Tests (6)	UNKNOWN STEP	2026-02-25T19:48:41.3358268Z  9de5f206730a Extracting [==>                                                ]  32.77kB/766.3kB
Web Tests (6)	UNKNOWN STEP	2026-02-25T19:48:41.3482130Z  9de5f206730a Extracting [==================================================>]  766.3kB/766.3kB
Web Tests (6)	UNKNOWN STEP	2026-02-25T19:48:41.3484512Z  9de5f206730a Extracting [==================================================>]  766.3kB/766.3kB
Web Tests (6)	UNKNOWN STEP	2026-02-25T19:48:41.3557614Z  9de5f206730a Pull complete 
Web Tests (6)	UNKNOWN STEP	2026-02-25T19:48:41.3572300Z  24e28b7dc0a2 Extracting [===================>                               ]  32.77kB/83.13kB
Web Tests (6)	UNKNOWN STEP	2026-02-25T19:48:41.3577195Z  24e28b7dc0a2 Extracting [==================================================>]  83.13kB/83.13kB
Web Tests (6)	UNKNOWN STEP	2026-02-25T19:48:41.3584408Z  24e28b7dc0a2 Extracting [==================================================>]  83.13kB/83.13kB
Web Tests (6)	UNKNOWN STEP	2026-02-25T19:48:41.3594182Z  b4403f29458a Downloading [=============================>                     ]  61.81MB/105.2MB
Web Tests (6)	UNKNOWN STEP	2026-02-25T19:48:41.3785292Z  686599c79c87 Downloading [>                                                  ]  122.2kB/11.8MB
Web Tests (6)	UNKNOWN STEP	2026-02-25T19:48:41.3852773Z  24e28b7dc0a2 Pull complete 
Web Tests (6)	UNKNOWN STEP	2026-02-25T19:48:41.3891327Z  830180cf89a8 Extracting [>                                                  ]  163.8kB/14.63MB
Web Tests (6)	UNKNOWN STEP	2026-02-25T19:48:41.4111765Z  7ad54b3c4cef Extracting [==============>                                    ]   3.67MB/12.41MB
Web Tests (6)	UNKNOWN STEP	2026-02-25T19:48:41.4180085Z  0c8d55a45c0d Downloading [==============================>                    ]  18.07MB/29.78MB
Web Tests (6)	UNKNOWN STEP	2026-02-25T19:48:41.4648282Z  b4403f29458a Downloading [=================================>                 ]  70.87MB/105.2MB
Web Tests (6)	UNKNOWN STEP	2026-02-25T19:48:41.4821439Z  686599c79c87 Downloading [======================>                            ]  5.212MB/11.8MB
Web Tests (6)	UNKNOWN STEP	2026-02-25T19:48:41.4933531Z  830180cf89a8 Extracting [===============>                                   ]  4.588MB/14.63MB
Web Tests (6)	UNKNOWN STEP	2026-02-25T19:48:41.5115476Z  7ad54b3c4cef Extracting [===================================>               ]  8.913MB/12.41MB
Web Tests (6)	UNKNOWN STEP	2026-02-25T19:48:41.5181561Z  0c8d55a45c0d Downloading [=========================================>         ]  24.82MB/29.78MB
Web Tests (6)	UNKNOWN STEP	2026-02-25T19:48:41.5659631Z  b4403f29458a Downloading [=========================================>         ]  87.94MB/105.2MB
Web Tests (6)	UNKNOWN STEP	2026-02-25T19:48:41.5940454Z  686599c79c87 Downloading [======================================>            ]  9.066MB/11.8MB
Web Tests (6)	UNKNOWN STEP	2026-02-25T19:48:41.5951858Z  830180cf89a8 Extracting [=============================>                     ]   8.52MB/14.63MB
Web Tests (6)	UNKNOWN STEP	2026-02-25T19:48:41.5960844Z  7ad54b3c4cef Extracting [==================================================>]  12.41MB/12.41MB
Web Tests (6)	UNKNOWN STEP	2026-02-25T19:48:41.6216888Z  0c8d55a45c0d Downloading [=================================================> ]  29.72MB/29.78MB
Web Tests (6)	UNKNOWN STEP	2026-02-25T19:48:41.6218274Z  0c8d55a45c0d Verifying Checksum 
Web Tests (6)	UNKNOWN STEP	2026-02-25T19:48:41.6220262Z  0c8d55a45c0d Download complete 
Web Tests (6)	UNKNOWN STEP	2026-02-25T19:48:41.6424886Z  686599c79c87 Download complete 
Web Tests (6)	UNKNOWN STEP	2026-02-25T19:48:41.6507835Z  7ad54b3c4cef Pull complete 
Web Tests (6)	UNKNOWN STEP	2026-02-25T19:48:41.6526433Z  2a97533d89ca Extracting [==================================================>]     100B/100B
Web Tests (6)	UNKNOWN STEP	2026-02-25T19:48:41.6529607Z  2a97533d89ca Extracting [==================================================>]     100B/100B
Web Tests (6)	UNKNOWN STEP	2026-02-25T19:48:41.6683253Z  b4403f29458a Downloading [================================================>  ]  102.4MB/105.2MB
Web Tests (6)	UNKNOWN STEP	2026-02-25T19:48:41.6742713Z  2a97533d89ca Pull complete 
Web Tests (6)	UNKNOWN STEP	2026-02-25T19:48:41.6756321Z  4f4fb700ef54 Extracting [==================================================>]      32B/32B
Web Tests (6)	UNKNOWN STEP	2026-02-25T19:48:41.6758218Z  4f4fb700ef54 Extracting [==================================================>]      32B/32B
Web Tests (6)	UNKNOWN STEP	2026-02-25T19:48:41.6798296Z  b4403f29458a Verifying Checksum 
Web Tests (6)	UNKNOWN STEP	2026-02-25T19:48:41.6798833Z  b4403f29458a Download complete 
Web Tests (6)	UNKNOWN STEP	2026-02-25T19:48:41.6896588Z  4f4fb700ef54 Pull complete 
Web Tests (6)	UNKNOWN STEP	2026-02-25T19:48:41.6951633Z  b4403f29458a Extracting [>                                                  ]  557.1kB/105.2MB
Web Tests (6)	UNKNOWN STEP	2026-02-25T19:48:41.6970949Z  1c2c8d1ee428 Extracting [==================================================>]     576B/576B
Web Tests (6)	UNKNOWN STEP	2026-02-25T19:48:41.6985436Z  1c2c8d1ee428 Extracting [==================================================>]     576B/576B
Web Tests (6)	UNKNOWN STEP	2026-02-25T19:48:41.6989764Z  830180cf89a8 Extracting [===================================>               ]  10.49MB/14.63MB
Web Tests (6)	UNKNOWN STEP	2026-02-25T19:48:41.7402180Z  1c2c8d1ee428 Pull complete 
Web Tests (6)	UNKNOWN STEP	2026-02-25T19:48:41.7406938Z  0c8d55a45c0d Extracting [>                                                  ]  327.7kB/29.78MB
Web Tests (6)	UNKNOWN STEP	2026-02-25T19:48:41.7462125Z  redis Pulled 
Web Tests (6)	UNKNOWN STEP	2026-02-25T19:48:41.7618254Z  830180cf89a8 Extracting [==================================================>]  14.63MB/14.63MB
Web Tests (6)	UNKNOWN STEP	2026-02-25T19:48:41.7633900Z  f1cadbd7abd2 Downloading [==================================================>]     252B/252B
Web Tests (6)	UNKNOWN STEP	2026-02-25T19:48:41.7640444Z  f1cadbd7abd2 Verifying Checksum 
Web Tests (6)	UNKNOWN STEP	2026-02-25T19:48:41.7641500Z  f1cadbd7abd2 Download complete 
Web Tests (6)	UNKNOWN STEP	2026-02-25T19:48:41.7800245Z  830180cf89a8 Pull complete 
Web Tests (6)	UNKNOWN STEP	2026-02-25T19:48:41.7806425Z  3ee96ea8e5d2 Downloading [==================================================>]     250B/250B
Web Tests (6)	UNKNOWN STEP	2026-02-25T19:48:41.7807642Z  3ee96ea8e5d2 Verifying Checksum 
Web Tests (6)	UNKNOWN STEP	2026-02-25T19:48:41.7812212Z  3ee96ea8e5d2 Download complete 
Web Tests (6)	UNKNOWN STEP	2026-02-25T19:48:41.7880384Z  dex Pulled 
Web Tests (6)	UNKNOWN STEP	2026-02-25T19:48:41.8070109Z  a954d256f742 Downloading [>                                                  ]  223.8kB/21.98MB
Web Tests (6)	UNKNOWN STEP	2026-02-25T19:48:41.8137528Z  b4403f29458a Extracting [>                                                  ]  1.114MB/105.2MB
Web Tests (6)	UNKNOWN STEP	2026-02-25T19:48:41.8444779Z  0c8d55a45c0d Extracting [=======>                                           ]  4.588MB/29.78MB
Web Tests (6)	UNKNOWN STEP	2026-02-25T19:48:41.9071725Z  a954d256f742 Downloading [==========================>                        ]  11.66MB/21.98MB
Web Tests (6)	UNKNOWN STEP	2026-02-25T19:48:41.9077787Z  c7ce85987d6d Downloading [==>                                                ]     719B/13.29kB
Web Tests (6)	UNKNOWN STEP	2026-02-25T19:48:41.9098900Z  c7ce85987d6d Downloading [==================================================>]  13.29kB/13.29kB
Web Tests (6)	UNKNOWN STEP	2026-02-25T19:48:41.9100027Z  c7ce85987d6d Download complete 
Web Tests (6)	UNKNOWN STEP	2026-02-25T19:48:41.9142514Z  b4403f29458a Extracting [==>                                                ]  6.128MB/105.2MB
Web Tests (6)	UNKNOWN STEP	2026-02-25T19:48:41.9594195Z  0c8d55a45c0d Extracting [===============>                                   ]  9.503MB/29.78MB
Web Tests (6)	UNKNOWN STEP	2026-02-25T19:48:41.9628082Z  7807da78b90b Downloading [>                                                  ]  456.9kB/45.54MB
Web Tests (6)	UNKNOWN STEP	2026-02-25T19:48:41.9689564Z  a954d256f742 Verifying Checksum 
Web Tests (6)	UNKNOWN STEP	2026-02-25T19:48:41.9690112Z  a954d256f742 Download complete 
Web Tests (6)	UNKNOWN STEP	2026-02-25T19:48:42.0181854Z  b4403f29458a Extracting [======>                                            ]  12.81MB/105.2MB
Web Tests (6)	UNKNOWN STEP	2026-02-25T19:48:42.0223220Z  0478cd5c1079 Downloading [==========>                                        ]     720B/3.507kB
Web Tests (6)	UNKNOWN STEP	2026-02-25T19:48:42.0228605Z  0478cd5c1079 Downloading [==================================================>]  3.507kB/3.507kB
Web Tests (6)	UNKNOWN STEP	2026-02-25T19:48:42.0229326Z  0478cd5c1079 Download complete 
Web Tests (6)	UNKNOWN STEP	2026-02-25T19:48:42.0687339Z  7807da78b90b Downloading [==>                                                ]  2.319MB/45.54MB
Web Tests (6)	UNKNOWN STEP	2026-02-25T19:48:42.0701117Z  0c8d55a45c0d Extracting [===================>                               ]   11.8MB/29.78MB
Web Tests (6)	UNKNOWN STEP	2026-02-25T19:48:42.1143872Z  3a02ac06be95 Downloading [==========>                                        ]     720B/3.462kB
Web Tests (6)	UNKNOWN STEP	2026-02-25T19:48:42.1144738Z  3a02ac06be95 Verifying Checksum 
Web Tests (6)	UNKNOWN STEP	2026-02-25T19:48:42.1145518Z  3a02ac06be95 Download complete 
Web Tests (6)	UNKNOWN STEP	2026-02-25T19:48:42.1240225Z  b4403f29458a Extracting [=========>                                         ]  20.61MB/105.2MB
Web Tests (6)	UNKNOWN STEP	2026-02-25T19:48:42.1723774Z  0c8d55a45c0d Extracting [============================>                      ]  17.04MB/29.78MB
Web Tests (6)	UNKNOWN STEP	2026-02-25T19:48:42.1789524Z  7807da78b90b Downloading [====>                                              ]  4.184MB/45.54MB
Web Tests (6)	UNKNOWN STEP	2026-02-25T19:48:42.2254728Z  b4403f29458a Extracting [=============>                                     ]  28.41MB/105.2MB
Web Tests (6)	UNKNOWN STEP	2026-02-25T19:48:42.2727497Z  0c8d55a45c0d Extracting [=======================================>           ]  23.59MB/29.78MB
Web Tests (6)	UNKNOWN STEP	2026-02-25T19:48:42.3323921Z  b4403f29458a Extracting [=================>                                 ]  36.21MB/105.2MB
Web Tests (6)	UNKNOWN STEP	2026-02-25T19:48:42.4334373Z  7807da78b90b Downloading [=====>                                             ]   5.11MB/45.54MB
Web Tests (6)	UNKNOWN STEP	2026-02-25T19:48:42.4360843Z  b4403f29458a Extracting [=====================>                             ]  44.56MB/105.2MB
Web Tests (6)	UNKNOWN STEP	2026-02-25T19:48:42.4948064Z  0c8d55a45c0d Extracting [============================================>      ]  26.21MB/29.78MB
Web Tests (6)	UNKNOWN STEP	2026-02-25T19:48:42.5424093Z  b4403f29458a Extracting [========================>                          ]  50.69MB/105.2MB
Web Tests (6)	UNKNOWN STEP	2026-02-25T19:48:42.5449805Z  7807da78b90b Downloading [===========>                                       ]   10.7MB/45.54MB
Web Tests (6)	UNKNOWN STEP	2026-02-25T19:48:42.6421067Z  0c8d55a45c0d Extracting [===============================================>   ]  28.51MB/29.78MB
Web Tests (6)	UNKNOWN STEP	2026-02-25T19:48:42.6467318Z  b4403f29458a Extracting [=========================>                         ]  53.48MB/105.2MB
Web Tests (6)	UNKNOWN STEP	2026-02-25T19:48:42.6589431Z  7807da78b90b Downloading [=====================>                             ]  19.52MB/45.54MB
Web Tests (6)	UNKNOWN STEP	2026-02-25T19:48:42.7479775Z  b4403f29458a Extracting [============================>                      ]  59.05MB/105.2MB
Web Tests (6)	UNKNOWN STEP	2026-02-25T19:48:42.7632982Z  7807da78b90b Downloading [=========================>                         ]  22.77MB/45.54MB
Web Tests (6)	UNKNOWN STEP	2026-02-25T19:48:42.8571573Z  b4403f29458a Extracting [===============================>                   ]  65.73MB/105.2MB
Web Tests (6)	UNKNOWN STEP	2026-02-25T19:48:42.8656110Z  0c8d55a45c0d Extracting [================================================>  ]  29.16MB/29.78MB
Web Tests (6)	UNKNOWN STEP	2026-02-25T19:48:42.8660918Z  7807da78b90b Downloading [========================================>          ]  36.61MB/45.54MB
Web Tests (6)	UNKNOWN STEP	2026-02-25T19:48:42.9036076Z  7807da78b90b Verifying Checksum 
Web Tests (6)	UNKNOWN STEP	2026-02-25T19:48:42.9037043Z  7807da78b90b Download complete 
Web Tests (6)	UNKNOWN STEP	2026-02-25T19:48:42.9582618Z  b4403f29458a Extracting [==================================>                ]  72.42MB/105.2MB
Web Tests (6)	UNKNOWN STEP	2026-02-25T19:48:42.9906577Z  0c8d55a45c0d Extracting [==================================================>]  29.78MB/29.78MB
Web Tests (6)	UNKNOWN STEP	2026-02-25T19:48:43.0144309Z  0c8d55a45c0d Pull complete 
Web Tests (6)	UNKNOWN STEP	2026-02-25T19:48:43.0157552Z  03af238a5946 Extracting [=>                                                 ]  32.77kB/1.293MB
Web Tests (6)	UNKNOWN STEP	2026-02-25T19:48:43.1145972Z  b4403f29458a Extracting [===================================>               ]   75.2MB/105.2MB
Web Tests (6)	UNKNOWN STEP	2026-02-25T19:48:43.1206695Z  03af238a5946 Extracting [==================================>                ]  884.7kB/1.293MB
Web Tests (6)	UNKNOWN STEP	2026-02-25T19:48:43.1959792Z  03af238a5946 Extracting [==================================================>]  1.293MB/1.293MB
Web Tests (6)	UNKNOWN STEP	2026-02-25T19:48:43.1967018Z  03af238a5946 Extracting [==================================================>]  1.293MB/1.293MB
Web Tests (6)	UNKNOWN STEP	2026-02-25T19:48:43.2498662Z  b4403f29458a Extracting [====================================>              ]  75.76MB/105.2MB
Web Tests (6)	UNKNOWN STEP	2026-02-25T19:48:43.4233661Z  b4403f29458a Extracting [====================================>              ]  76.32MB/105.2MB
Web Tests (6)	UNKNOWN STEP	2026-02-25T19:48:43.5588472Z  b4403f29458a Extracting [=====================================>             ]   79.1MB/105.2MB
Web Tests (6)	UNKNOWN STEP	2026-02-25T19:48:43.6735270Z  b4403f29458a Extracting [=======================================>           ]     83MB/105.2MB
Web Tests (6)	UNKNOWN STEP	2026-02-25T19:48:43.7743836Z  b4403f29458a Extracting [=========================================>         ]   86.9MB/105.2MB
Web Tests (6)	UNKNOWN STEP	2026-02-25T19:48:43.8310202Z  03af238a5946 Pull complete 
Web Tests (6)	UNKNOWN STEP	2026-02-25T19:48:43.8343456Z  686599c79c87 Extracting [>                                                  ]  131.1kB/11.8MB
Web Tests (6)	UNKNOWN STEP	2026-02-25T19:48:43.8789222Z  b4403f29458a Extracting [===========================================>       ]  91.36MB/105.2MB
Web Tests (6)	UNKNOWN STEP	2026-02-25T19:48:43.9383522Z  686599c79c87 Extracting [====>                                              ]  1.049MB/11.8MB
Web Tests (6)	UNKNOWN STEP	2026-02-25T19:48:43.9861118Z  b4403f29458a Extracting [===========================================>       ]  92.47MB/105.2MB
Web Tests (6)	UNKNOWN STEP	2026-02-25T19:48:44.0402972Z  686599c79c87 Extracting [===============>                                   ]   3.67MB/11.8MB
Web Tests (6)	UNKNOWN STEP	2026-02-25T19:48:44.0871881Z  b4403f29458a Extracting [================================================>  ]  101.4MB/105.2MB
Web Tests (6)	UNKNOWN STEP	2026-02-25T19:48:44.1445512Z  686599c79c87 Extracting [==========================>                        ]   6.16MB/11.8MB
Web Tests (6)	UNKNOWN STEP	2026-02-25T19:48:44.1626789Z  b4403f29458a Extracting [==================================================>]  105.2MB/105.2MB
Web Tests (6)	UNKNOWN STEP	2026-02-25T19:48:44.2620942Z  686599c79c87 Extracting [======================================>            ]  9.175MB/11.8MB
Web Tests (6)	UNKNOWN STEP	2026-02-25T19:48:44.3654294Z  686599c79c87 Extracting [===========================================>       ]  10.35MB/11.8MB
Web Tests (6)	UNKNOWN STEP	2026-02-25T19:48:44.4044550Z  b4403f29458a Pull complete 
Web Tests (6)	UNKNOWN STEP	2026-02-25T19:48:44.4060960Z  40aaa75af6ce Extracting [==================================================>]   9.62kB/9.62kB
Web Tests (6)	UNKNOWN STEP	2026-02-25T19:48:44.4065687Z  40aaa75af6ce Extracting [==================================================>]   9.62kB/9.62kB
Web Tests (6)	UNKNOWN STEP	2026-02-25T19:48:44.4215489Z  40aaa75af6ce Pull complete 
Web Tests (6)	UNKNOWN STEP	2026-02-25T19:48:44.4228452Z  162bdab1e0a7 Extracting [==================================================>]     128B/128B
Web Tests (6)	UNKNOWN STEP	2026-02-25T19:48:44.4233039Z  162bdab1e0a7 Extracting [==================================================>]     128B/128B
Web Tests (6)	UNKNOWN STEP	2026-02-25T19:48:44.4362508Z  162bdab1e0a7 Pull complete 
Web Tests (6)	UNKNOWN STEP	2026-02-25T19:48:44.4374741Z  ebff7b0ec73e Extracting [==================================================>]     170B/170B
Web Tests (6)	UNKNOWN STEP	2026-02-25T19:48:44.4379780Z  ebff7b0ec73e Extracting [==================================================>]     170B/170B
Web Tests (6)	UNKNOWN STEP	2026-02-25T19:48:44.4476916Z  ebff7b0ec73e Pull complete 
Web Tests (6)	UNKNOWN STEP	2026-02-25T19:48:44.4489505Z  c02179436571 Extracting [==================================================>]   5.84kB/5.84kB
Web Tests (6)	UNKNOWN STEP	2026-02-25T19:48:44.4492144Z  c02179436571 Extracting [==================================================>]   5.84kB/5.84kB
Web Tests (6)	UNKNOWN STEP	2026-02-25T19:48:44.4595086Z  c02179436571 Pull complete 
Web Tests (6)	UNKNOWN STEP	2026-02-25T19:48:44.4610559Z  8243369e9866 Extracting [==================================================>]     186B/186B
Web Tests (6)	UNKNOWN STEP	2026-02-25T19:48:44.4615473Z  8243369e9866 Extracting [==================================================>]     186B/186B
Web Tests (6)	UNKNOWN STEP	2026-02-25T19:48:44.4724779Z  686599c79c87 Extracting [===============================================>   ]  11.14MB/11.8MB
Web Tests (6)	UNKNOWN STEP	2026-02-25T19:48:44.4732751Z  8243369e9866 Pull complete 
Web Tests (6)	UNKNOWN STEP	2026-02-25T19:48:44.4800270Z  postgres Pulled 
Web Tests (6)	UNKNOWN STEP	2026-02-25T19:48:44.5173216Z  686599c79c87 Extracting [==================================================>]   11.8MB/11.8MB
Web Tests (6)	UNKNOWN STEP	2026-02-25T19:48:44.5500924Z  686599c79c87 Pull complete 
Web Tests (6)	UNKNOWN STEP	2026-02-25T19:48:44.5513615Z  f1cadbd7abd2 Extracting [==================================================>]     252B/252B
Web Tests (6)	UNKNOWN STEP	2026-02-25T19:48:44.5518819Z  f1cadbd7abd2 Extracting [==================================================>]     252B/252B
Web Tests (6)	UNKNOWN STEP	2026-02-25T19:48:44.5604049Z  f1cadbd7abd2 Pull complete 
Web Tests (6)	UNKNOWN STEP	2026-02-25T19:48:44.5616071Z  3ee96ea8e5d2 Extracting [==================================================>]     250B/250B
Web Tests (6)	UNKNOWN STEP	2026-02-25T19:48:44.5620491Z  3ee96ea8e5d2 Extracting [==================================================>]     250B/250B
Web Tests (6)	UNKNOWN STEP	2026-02-25T19:48:44.5712542Z  3ee96ea8e5d2 Pull complete 
Web Tests (6)	UNKNOWN STEP	2026-02-25T19:48:44.5742997Z  a954d256f742 Extracting [>                                                  ]  229.4kB/21.98MB
Web Tests (6)	UNKNOWN STEP	2026-02-25T19:48:44.6775007Z  a954d256f742 Extracting [=====>                                             ]  2.523MB/21.98MB
Web Tests (6)	UNKNOWN STEP	2026-02-25T19:48:44.7777355Z  a954d256f742 Extracting [===================>                               ]  8.716MB/21.98MB
Web Tests (6)	UNKNOWN STEP	2026-02-25T19:48:44.8806975Z  a954d256f742 Extracting [======================================>            ]  16.97MB/21.98MB
Web Tests (6)	UNKNOWN STEP	2026-02-25T19:48:44.9810017Z  a954d256f742 Extracting [=================================================> ]  21.79MB/21.98MB
Web Tests (6)	UNKNOWN STEP	2026-02-25T19:48:44.9967371Z  a954d256f742 Extracting [==================================================>]  21.98MB/21.98MB
Web Tests (6)	UNKNOWN STEP	2026-02-25T19:48:45.0672274Z  a954d256f742 Pull complete 
Web Tests (6)	UNKNOWN STEP	2026-02-25T19:48:45.0685467Z  c7ce85987d6d Extracting [==================================================>]  13.29kB/13.29kB
Web Tests (6)	UNKNOWN STEP	2026-02-25T19:48:45.0694021Z  c7ce85987d6d Extracting [==================================================>]  13.29kB/13.29kB
Web Tests (6)	UNKNOWN STEP	2026-02-25T19:48:45.0920588Z  c7ce85987d6d Pull complete 
Web Tests (6)	UNKNOWN STEP	2026-02-25T19:48:45.1141045Z  7807da78b90b Extracting [>                                                  ]  458.8kB/45.54MB
Web Tests (6)	UNKNOWN STEP	2026-02-25T19:48:45.2537119Z  7807da78b90b Extracting [===>                                               ]  2.753MB/45.54MB
Web Tests (6)	UNKNOWN STEP	2026-02-25T19:48:45.3564929Z  7807da78b90b Extracting [=======>                                           ]  6.881MB/45.54MB
Web Tests (6)	UNKNOWN STEP	2026-02-25T19:48:45.5267220Z  7807da78b90b Extracting [==========>                                        ]  9.175MB/45.54MB
Web Tests (6)	UNKNOWN STEP	2026-02-25T19:48:45.6294301Z  7807da78b90b Extracting [===============>                                   ]  14.22MB/45.54MB
Web Tests (6)	UNKNOWN STEP	2026-02-25T19:48:45.7329013Z  7807da78b90b Extracting [====================>                              ]  18.81MB/45.54MB
Web Tests (6)	UNKNOWN STEP	2026-02-25T19:48:45.8562031Z  7807da78b90b Extracting [=====================>                             ]  19.27MB/45.54MB
Web Tests (6)	UNKNOWN STEP	2026-02-25T19:48:46.0122282Z  7807da78b90b Extracting [=======================>                           ]  21.56MB/45.54MB
Web Tests (6)	UNKNOWN STEP	2026-02-25T19:48:46.1631319Z  7807da78b90b Extracting [==============================>                    ]  27.53MB/45.54MB
Web Tests (6)	UNKNOWN STEP	2026-02-25T19:48:46.4305428Z  7807da78b90b Extracting [=================================>                 ]  30.74MB/45.54MB
Web Tests (6)	UNKNOWN STEP	2026-02-25T19:48:46.6006530Z  7807da78b90b Extracting [===================================>               ]  32.11MB/45.54MB
Web Tests (6)	UNKNOWN STEP	2026-02-25T19:48:46.7282180Z  7807da78b90b Extracting [====================================>              ]  33.03MB/45.54MB
Web Tests (6)	UNKNOWN STEP	2026-02-25T19:48:46.8697794Z  7807da78b90b Extracting [=====================================>             ]  34.41MB/45.54MB
Web Tests (6)	UNKNOWN STEP	2026-02-25T19:48:47.0173900Z  7807da78b90b Extracting [======================================>            ]  34.87MB/45.54MB
Web Tests (6)	UNKNOWN STEP	2026-02-25T19:48:47.1303781Z  7807da78b90b Extracting [============================================>      ]  40.83MB/45.54MB
Web Tests (6)	UNKNOWN STEP	2026-02-25T19:48:47.2754633Z  7807da78b90b Extracting [==============================================>    ]  42.21MB/45.54MB
Web Tests (6)	UNKNOWN STEP	2026-02-25T19:48:47.4168304Z  7807da78b90b Extracting [===============================================>   ]  43.58MB/45.54MB
Web Tests (6)	UNKNOWN STEP	2026-02-25T19:48:47.5238930Z  7807da78b90b Extracting [=================================================> ]  44.96MB/45.54MB
Web Tests (6)	UNKNOWN STEP	2026-02-25T19:48:47.5386857Z  7807da78b90b Extracting [==================================================>]  45.54MB/45.54MB
Web Tests (6)	UNKNOWN STEP	2026-02-25T19:48:47.7723662Z  7807da78b90b Pull complete 
Web Tests (6)	UNKNOWN STEP	2026-02-25T19:48:47.7734031Z  0478cd5c1079 Extracting [==================================================>]  3.507kB/3.507kB
Web Tests (6)	UNKNOWN STEP	2026-02-25T19:48:47.7740020Z  0478cd5c1079 Extracting [==================================================>]  3.507kB/3.507kB
Web Tests (6)	UNKNOWN STEP	2026-02-25T19:48:47.7820651Z  0478cd5c1079 Pull complete 
Web Tests (6)	UNKNOWN STEP	2026-02-25T19:48:47.7832015Z  3a02ac06be95 Extracting [==================================================>]  3.462kB/3.462kB
Web Tests (6)	UNKNOWN STEP	2026-02-25T19:48:47.7838378Z  3a02ac06be95 Extracting [==================================================>]  3.462kB/3.462kB
Web Tests (6)	UNKNOWN STEP	2026-02-25T19:48:47.7923944Z  3a02ac06be95 Pull complete 
Web Tests (6)	UNKNOWN STEP	2026-02-25T19:48:47.7985522Z  matrix-synapse Pulled 
Web Tests (6)	UNKNOWN STEP	2026-02-25T19:48:47.8008180Z  Network substitution_substitution_network  Creating
Web Tests (6)	UNKNOWN STEP	2026-02-25T19:48:47.8394460Z  Network substitution_substitution_network  Created
Web Tests (6)	UNKNOWN STEP	2026-02-25T19:48:47.8409682Z  Container substitution-redis-1  Creating
Web Tests (6)	UNKNOWN STEP	2026-02-25T19:48:47.8412530Z  Container substitution-dex-1  Creating
Web Tests (6)	UNKNOWN STEP	2026-02-25T19:48:47.8413328Z  Container substitution-postgres-1  Creating
Web Tests (6)	UNKNOWN STEP	2026-02-25T19:48:47.8677215Z  Container substitution-dex-1  Created
Web Tests (6)	UNKNOWN STEP	2026-02-25T19:48:47.8677783Z  Container substitution-redis-1  Created
Web Tests (6)	UNKNOWN STEP	2026-02-25T19:48:47.8686600Z  Container substitution-postgres-1  Created
Web Tests (6)	UNKNOWN STEP	2026-02-25T19:48:47.8687421Z  Container substitution-matrix-synapse-1  Creating
Web Tests (6)	UNKNOWN STEP	2026-02-25T19:48:47.8812119Z  Container substitution-matrix-synapse-1  Created
Web Tests (6)	UNKNOWN STEP	2026-02-25T19:48:47.8826943Z  Container substitution-dex-1  Starting
Web Tests (6)	UNKNOWN STEP	2026-02-25T19:48:47.8827585Z  Container substitution-postgres-1  Starting
Web Tests (6)	UNKNOWN STEP	2026-02-25T19:48:47.8828502Z  Container substitution-redis-1  Starting
Web Tests (6)	UNKNOWN STEP	2026-02-25T19:48:48.3298101Z  Container substitution-postgres-1  Started
Web Tests (6)	UNKNOWN STEP	2026-02-25T19:48:48.3425978Z  Container substitution-redis-1  Started
Web Tests (6)	UNKNOWN STEP	2026-02-25T19:48:48.3486439Z  Container substitution-dex-1  Started
Web Tests (6)	UNKNOWN STEP	2026-02-25T19:48:48.3487030Z  Container substitution-dex-1  Waiting
Web Tests (6)	UNKNOWN STEP	2026-02-25T19:48:48.3488250Z  Container substitution-postgres-1  Waiting
Web Tests (6)	UNKNOWN STEP	2026-02-25T19:48:53.8502014Z  Container substitution-dex-1  Healthy
Web Tests (6)	UNKNOWN STEP	2026-02-25T19:48:58.8506354Z  Container substitution-postgres-1  Healthy
Web Tests (6)	UNKNOWN STEP	2026-02-25T19:48:58.8507350Z  Container substitution-matrix-synapse-1  Starting
Web Tests (6)	UNKNOWN STEP	2026-02-25T19:48:59.0000217Z  Container substitution-matrix-synapse-1  Started
Web Tests (6)	UNKNOWN STEP	2026-02-25T19:49:09.0967530Z time="2026-02-25T19:49:09Z" level=warning msg="/home/runner/work/substitution/substitution/docker-compose.yml: the attribute `version` is obsolete, it will be ignored, please remove it to avoid potential confusion"
Web Tests (6)	UNKNOWN STEP	2026-02-25T19:49:09.1075376Z  Container substitution-postgres-1  Running
Web Tests (6)	UNKNOWN STEP	2026-02-25T19:49:09.1075993Z  Container substitution-dex-1  Running
Web Tests (6)	UNKNOWN STEP	2026-02-25T19:49:09.1076563Z  Container substitution-matrix-synapse-1  Running
Web Tests (6)	UNKNOWN STEP	2026-02-25T19:49:09.1093951Z  Container substitution-dex-1  Waiting
Web Tests (6)	UNKNOWN STEP	2026-02-25T19:49:09.1094701Z  Container substitution-postgres-1  Waiting
Web Tests (6)	UNKNOWN STEP	2026-02-25T19:49:09.6116954Z  Container substitution-postgres-1  Healthy
Web Tests (6)	UNKNOWN STEP	2026-02-25T19:49:09.6118990Z  Container substitution-dex-1  Healthy
Web Tests (6)	UNKNOWN STEP	2026-02-25T19:49:09.6134749Z  matrix-init Pulling 
Web Tests (6)	UNKNOWN STEP	2026-02-25T19:49:10.1699906Z  589002ba0eae Already exists 
Web Tests (6)	UNKNOWN STEP	2026-02-25T19:49:10.1712408Z  aca07fe076f1 Pulling fs layer 
Web Tests (6)	UNKNOWN STEP	2026-02-25T19:49:10.1773866Z  6dafe251d313 Pulling fs layer 
Web Tests (6)	UNKNOWN STEP	2026-02-25T19:49:10.1774338Z  fa340e77c336 Pulling fs layer 
Web Tests (6)	UNKNOWN STEP	2026-02-25T19:49:10.2913566Z  fa340e77c336 Downloading [==================================================>]     247B/247B
Web Tests (6)	UNKNOWN STEP	2026-02-25T19:49:10.2914350Z  fa340e77c336 Download complete 
Web Tests (6)	UNKNOWN STEP	2026-02-25T19:49:10.3201211Z  6dafe251d313 Downloading [>                                                  ]    164kB/16.02MB
Web Tests (6)	UNKNOWN STEP	2026-02-25T19:49:10.3207798Z  aca07fe076f1 Downloading [>                                                  ]  4.824kB/460.9kB
Web Tests (6)	UNKNOWN STEP	2026-02-25T19:49:10.3282088Z  aca07fe076f1 Downloading [==================================================>]  460.9kB/460.9kB
Web Tests (6)	UNKNOWN STEP	2026-02-25T19:49:10.3283200Z  aca07fe076f1 Download complete 
Web Tests (6)	UNKNOWN STEP	2026-02-25T19:49:10.3284228Z  aca07fe076f1 Extracting [===>                                               ]  32.77kB/460.9kB
Web Tests (6)	UNKNOWN STEP	2026-02-25T19:49:10.4240293Z  6dafe251d313 Downloading [================>                                  ]  5.396MB/16.02MB
Web Tests (6)	UNKNOWN STEP	2026-02-25T19:49:10.4528786Z  aca07fe076f1 Extracting [==================================================>]  460.9kB/460.9kB
Web Tests (6)	UNKNOWN STEP	2026-02-25T19:49:10.5270601Z  6dafe251d313 Downloading [=========================>                         ]  8.075MB/16.02MB
Web Tests (6)	UNKNOWN STEP	2026-02-25T19:49:10.6198972Z  aca07fe076f1 Pull complete 
Web Tests (6)	UNKNOWN STEP	2026-02-25T19:49:10.6574496Z  6dafe251d313 Downloading [==========================>                        ]  8.403MB/16.02MB
Web Tests (6)	UNKNOWN STEP	2026-02-25T19:49:10.7681442Z  6dafe251d313 Downloading [================================>                  ]  10.42MB/16.02MB
Web Tests (6)	UNKNOWN STEP	2026-02-25T19:49:10.8499149Z  6dafe251d313 Verifying Checksum 
Web Tests (6)	UNKNOWN STEP	2026-02-25T19:49:10.8499931Z  6dafe251d313 Download complete 
Web Tests (6)	UNKNOWN STEP	2026-02-25T19:49:10.8514503Z  6dafe251d313 Extracting [>                                                  ]  163.8kB/16.02MB
Web Tests (6)	UNKNOWN STEP	2026-02-25T19:49:10.9541146Z  6dafe251d313 Extracting [========>                                          ]  2.785MB/16.02MB
Web Tests (6)	UNKNOWN STEP	2026-02-25T19:49:11.0708692Z  6dafe251d313 Extracting [=================>                                 ]  5.734MB/16.02MB
Web Tests (6)	UNKNOWN STEP	2026-02-25T19:49:11.1730567Z  6dafe251d313 Extracting [=================================>                 ]  10.65MB/16.02MB
Web Tests (6)	UNKNOWN STEP	2026-02-25T19:49:11.2821407Z  6dafe251d313 Extracting [=======================================>           ]  12.78MB/16.02MB
Web Tests (6)	UNKNOWN STEP	2026-02-25T19:49:11.3914163Z  6dafe251d313 Extracting [============================================>      ]  14.25MB/16.02MB
Web Tests (6)	UNKNOWN STEP	2026-02-25T19:49:11.5063480Z  6dafe251d313 Extracting [===============================================>   ]  15.07MB/16.02MB
Web Tests (6)	UNKNOWN STEP	2026-02-25T19:49:11.5995384Z  6dafe251d313 Extracting [==================================================>]  16.02MB/16.02MB
Web Tests (6)	UNKNOWN STEP	2026-02-25T19:49:11.6722426Z  6dafe251d313 Pull complete 
Web Tests (6)	UNKNOWN STEP	2026-02-25T19:49:11.6733649Z  fa340e77c336 Extracting [==================================================>]     247B/247B
Web Tests (6)	UNKNOWN STEP	2026-02-25T19:49:11.6738334Z  fa340e77c336 Extracting [==================================================>]     247B/247B
Web Tests (6)	UNKNOWN STEP	2026-02-25T19:49:11.6844333Z  fa340e77c336 Pull complete 
Web Tests (6)	UNKNOWN STEP	2026-02-25T19:49:11.6899787Z  matrix-init Pulled 
Web Tests (6)	UNKNOWN STEP	2026-02-25T19:49:14.4858595Z Collecting requests
Web Tests (6)	UNKNOWN STEP	2026-02-25T19:49:14.5115137Z   Downloading requests-2.32.5-py3-none-any.whl.metadata (4.9 kB)
Web Tests (6)	UNKNOWN STEP	2026-02-25T19:49:14.6335053Z Collecting charset_normalizer<4,>=2 (from requests)
Web Tests (6)	UNKNOWN STEP	2026-02-25T19:49:14.6389721Z   Downloading charset_normalizer-3.4.4-cp311-cp311-musllinux_1_2_x86_64.whl.metadata (37 kB)
Web Tests (6)	UNKNOWN STEP	2026-02-25T19:49:14.6670083Z Collecting idna<4,>=2.5 (from requests)
Web Tests (6)	UNKNOWN STEP	2026-02-25T19:49:14.6708184Z   Downloading idna-3.11-py3-none-any.whl.metadata (8.4 kB)
Web Tests (6)	UNKNOWN STEP	2026-02-25T19:49:14.7213850Z Collecting urllib3<3,>=1.21.1 (from requests)
Web Tests (6)	UNKNOWN STEP	2026-02-25T19:49:14.7258397Z   Downloading urllib3-2.6.3-py3-none-any.whl.metadata (6.9 kB)
Web Tests (6)	UNKNOWN STEP	2026-02-25T19:49:14.7550076Z Collecting certifi>=2017.4.17 (from requests)
Web Tests (6)	UNKNOWN STEP	2026-02-25T19:49:14.7589774Z   Downloading certifi-2026.2.25-py3-none-any.whl.metadata (2.5 kB)
Web Tests (6)	UNKNOWN STEP	2026-02-25T19:49:14.7788567Z Downloading requests-2.32.5-py3-none-any.whl (64 kB)
Web Tests (6)	UNKNOWN STEP	2026-02-25T19:49:14.7844802Z    ━━━━━━━━━━━━━━━━━━━━━━━━━━━━━━━━━━━━━━━━ 64.7/64.7 kB 20.2 MB/s eta 0:00:00
Web Tests (6)	UNKNOWN STEP	2026-02-25T19:49:14.7877616Z Downloading certifi-2026.2.25-py3-none-any.whl (153 kB)
Web Tests (6)	UNKNOWN STEP	2026-02-25T19:49:14.7934329Z    ━━━━━━━━━━━━━━━━━━━━━━━━━━━━━━━━━━━━━━━━ 153.7/153.7 kB 43.3 MB/s eta 0:00:00
Web Tests (6)	UNKNOWN STEP	2026-02-25T19:49:14.7988014Z Downloading charset_normalizer-3.4.4-cp311-cp311-musllinux_1_2_x86_64.whl (152 kB)
Web Tests (6)	UNKNOWN STEP	2026-02-25T19:49:14.8040581Z    ━━━━━━━━━━━━━━━━━━━━━━━━━━━━━━━━━━━━━━━━ 153.0/153.0 kB 46.5 MB/s eta 0:00:00
Web Tests (6)	UNKNOWN STEP	2026-02-25T19:49:14.8079420Z Downloading idna-3.11-py3-none-any.whl (71 kB)
Web Tests (6)	UNKNOWN STEP	2026-02-25T19:49:14.8126071Z    ━━━━━━━━━━━━━━━━━━━━━━━━━━━━━━━━━━━━━━━━ 71.0/71.0 kB 23.6 MB/s eta 0:00:00
Web Tests (6)	UNKNOWN STEP	2026-02-25T19:49:14.8159153Z Downloading urllib3-2.6.3-py3-none-any.whl (131 kB)
Web Tests (6)	UNKNOWN STEP	2026-02-25T19:49:14.8209589Z    ━━━━━━━━━━━━━━━━━━━━━━━━━━━━━━━━━━━━━━━━ 131.6/131.6 kB 41.4 MB/s eta 0:00:00
Web Tests (6)	UNKNOWN STEP	2026-02-25T19:49:14.8907533Z Installing collected packages: urllib3, idna, charset_normalizer, certifi, requests
Web Tests (6)	UNKNOWN STEP	2026-02-25T19:49:15.2226151Z Successfully installed certifi-2026.2.25 charset_normalizer-3.4.4 idna-3.11 requests-2.32.5 urllib3-2.6.3
Web Tests (6)	UNKNOWN STEP	2026-02-25T19:49:15.2229902Z WARNING: Running pip as the 'root' user can result in broken permissions and conflicting behaviour with the system package manager. It is recommended to use a virtual environment instead: https://pip.pypa.io/warnings/venv
Web Tests (6)	UNKNOWN STEP	2026-02-25T19:49:15.3057271Z 
Web Tests (6)	UNKNOWN STEP	2026-02-25T19:49:15.3057786Z [notice] A new release of pip is available: 24.0 -> 26.0.1
Web Tests (6)	UNKNOWN STEP	2026-02-25T19:49:15.3058751Z [notice] To update, run: pip install --upgrade pip
Web Tests (6)	UNKNOWN STEP	2026-02-25T19:49:22.4900895Z Initializing Matrix Synapse test server...
Web Tests (6)	UNKNOWN STEP	2026-02-25T19:49:22.4901400Z 
Web Tests (6)	UNKNOWN STEP	2026-02-25T19:49:22.4901803Z ✓ Synapse server is ready
Web Tests (6)	UNKNOWN STEP	2026-02-25T19:49:22.4902044Z 
Web Tests (6)	UNKNOWN STEP	2026-02-25T19:49:22.4902195Z Creating test users...
Web Tests (6)	UNKNOWN STEP	2026-02-25T19:49:22.4902589Z ✓ Created user: testuser1
Web Tests (6)	UNKNOWN STEP	2026-02-25T19:49:22.4902975Z ✓ Created user: testuser2
Web Tests (6)	UNKNOWN STEP	2026-02-25T19:49:22.4903404Z ✓ Created admin user: testadmin
Web Tests (6)	UNKNOWN STEP	2026-02-25T19:49:22.4903649Z 
Web Tests (6)	UNKNOWN STEP	2026-02-25T19:49:22.4903830Z Creating test rooms and populating with data...
Web Tests (6)	UNKNOWN STEP	2026-02-25T19:49:22.4904402Z ✓ Logged in user: @testadmin:test.matrix.local
Web Tests (6)	UNKNOWN STEP	2026-02-25T19:49:22.4904907Z ✓ Admin token acquired
Web Tests (6)	UNKNOWN STEP	2026-02-25T19:49:22.4905330Z ✓ Logged in user: @testuser1:test.matrix.local
Web Tests (6)	UNKNOWN STEP	2026-02-25T19:49:22.4905982Z ✓ Created room: test_general (!qHDJujIJduoWrqxXOJ:test.matrix.local)
Web Tests (6)	UNKNOWN STEP	2026-02-25T19:49:22.4906659Z ✓ Logged in user: @testuser2:test.matrix.local
Web Tests (6)	UNKNOWN STEP	2026-02-25T19:49:22.4907169Z   ✓ User testuser2 joined room
Web Tests (6)	UNKNOWN STEP	2026-02-25T19:49:22.4907650Z ✓ Logged in user: @testadmin:test.matrix.local
Web Tests (6)	UNKNOWN STEP	2026-02-25T19:49:22.4908495Z   ✓ User testadmin joined room
Web Tests (6)	UNKNOWN STEP	2026-02-25T19:49:22.4908922Z   ✓ Published room to directory
Web Tests (6)	UNKNOWN STEP	2026-02-25T19:49:22.4909342Z   ✓ Posted 5 messages to room
Web Tests (6)	UNKNOWN STEP	2026-02-25T19:49:22.4909747Z   Seeding media messages (image, video, audio)...
Web Tests (6)	UNKNOWN STEP	2026-02-25T19:49:22.4910535Z   ✓ Uploaded media 'test_image.png': mxc://test.matrix.local/WtPlsYsxdUqZvWCVftIfjwhU
Web Tests (6)	UNKNOWN STEP	2026-02-25T19:49:22.4911249Z   ✓ Posted m.image message to room
Web Tests (6)	UNKNOWN STEP	2026-02-25T19:49:22.4911956Z   ✓ Uploaded media 'test_video.mp4': mxc://test.matrix.local/FTJBpyqwVrqqZyxFgiXURxiJ
Web Tests (6)	UNKNOWN STEP	2026-02-25T19:49:22.4912641Z   ✓ Posted m.video message to room
Web Tests (6)	UNKNOWN STEP	2026-02-25T19:49:22.4913327Z   ✓ Uploaded media 'test_audio.mp3': mxc://test.matrix.local/tSKDDgFzSDolltvvfapaqXJs
Web Tests (6)	UNKNOWN STEP	2026-02-25T19:49:22.4914041Z   ✓ Posted m.audio message to room
Web Tests (6)	UNKNOWN STEP	2026-02-25T19:49:22.4914655Z ✓ Created room: test_photos (!eibvCIQszqRrqqinJx:test.matrix.local)
Web Tests (6)	UNKNOWN STEP	2026-02-25T19:49:22.4915312Z ✓ Logged in user: @testuser2:test.matrix.local
Web Tests (6)	UNKNOWN STEP	2026-02-25T19:49:22.4915792Z   ✓ User testuser2 joined room
Web Tests (6)	UNKNOWN STEP	2026-02-25T19:49:22.4916252Z ✓ Logged in user: @testadmin:test.matrix.local
Web Tests (6)	UNKNOWN STEP	2026-02-25T19:49:22.4916728Z   ✓ User testadmin joined room
Web Tests (6)	UNKNOWN STEP	2026-02-25T19:49:22.4917130Z   ✓ Published room to directory
Web Tests (6)	UNKNOWN STEP	2026-02-25T19:49:22.4917592Z   ✓ Posted 3 messages to room
Web Tests (6)	UNKNOWN STEP	2026-02-25T19:49:22.4918222Z   Seeding media messages (image, video, audio)...
Web Tests (6)	UNKNOWN STEP	2026-02-25T19:49:22.4919021Z   ✓ Uploaded media 'test_image.png': mxc://test.matrix.local/JvMPavLbktuLGlGhhSDEgYPN
Web Tests (6)	UNKNOWN STEP	2026-02-25T19:49:22.4919737Z   ✓ Posted m.image message to room
Web Tests (6)	UNKNOWN STEP	2026-02-25T19:49:22.4920423Z   ✓ Uploaded media 'test_video.mp4': mxc://test.matrix.local/TACiwmazCCapNXRXlrxdwYtM
Web Tests (6)	UNKNOWN STEP	2026-02-25T19:49:22.4921095Z   ✓ Posted m.video message to room
Web Tests (6)	UNKNOWN STEP	2026-02-25T19:49:22.4921765Z   ✓ Uploaded media 'test_audio.mp3': mxc://test.matrix.local/JqFwrbhPxNksjBaYFbMhotOG
Web Tests (6)	UNKNOWN STEP	2026-02-25T19:49:22.4922443Z   ✓ Posted m.audio message to room
Web Tests (6)	UNKNOWN STEP	2026-02-25T19:49:22.4923039Z ✓ Created room: test_art (!XPCXgTJPqpZjaTsxgj:test.matrix.local)
Web Tests (6)	UNKNOWN STEP	2026-02-25T19:49:22.4923667Z ✓ Logged in user: @testuser2:test.matrix.local
Web Tests (6)	UNKNOWN STEP	2026-02-25T19:49:22.4924154Z   ✓ User testuser2 joined room
Web Tests (6)	UNKNOWN STEP	2026-02-25T19:49:22.4924952Z ✓ Logged in user: @testadmin:test.matrix.local
Web Tests (6)	UNKNOWN STEP	2026-02-25T19:49:22.4925413Z   ✓ User testadmin joined room
Web Tests (6)	UNKNOWN STEP	2026-02-25T19:49:22.4925823Z   ✓ Published room to directory
Web Tests (6)	UNKNOWN STEP	2026-02-25T19:49:22.4926457Z ✓ Uploaded dummy avatar: mxc://test.matrix.local/qBIsJLmcPrMSmScGdOjkwjGe
Web Tests (6)	UNKNOWN STEP	2026-02-25T19:49:22.4927390Z   ✓ Set room avatar to mxc://test.matrix.local/qBIsJLmcPrMSmScGdOjkwjGe
Web Tests (6)	UNKNOWN STEP	2026-02-25T19:49:22.4928485Z ✓ Created room: test_invite_only (!NUHjVqLWZHiEQNIYLF:test.matrix.local)
Web Tests (6)	UNKNOWN STEP	2026-02-25T19:49:22.4929230Z   ℹ Skipping user invites for room (discovery test)
Web Tests (6)	UNKNOWN STEP	2026-02-25T19:49:22.4929789Z   ✓ Published room to directory
Web Tests (6)	UNKNOWN STEP	2026-02-25T19:49:22.4930249Z   ✓ Posted 2 messages to room
Web Tests (6)	UNKNOWN STEP	2026-02-25T19:49:22.4930885Z ✓ Created room: test_avatar (!sNpMTcIAevnJIwKDyr:test.matrix.local)
Web Tests (6)	UNKNOWN STEP	2026-02-25T19:49:22.4931614Z ✓ Logged in user: @testuser2:test.matrix.local
Web Tests (6)	UNKNOWN STEP	2026-02-25T19:49:22.4932382Z   ✓ User testuser2 joined room
Web Tests (6)	UNKNOWN STEP	2026-02-25T19:49:22.4932916Z ✓ Logged in user: @testadmin:test.matrix.local
Web Tests (6)	UNKNOWN STEP	2026-02-25T19:49:22.4933487Z   ✓ User testadmin joined room
Web Tests (6)	UNKNOWN STEP	2026-02-25T19:49:22.4933965Z   ✓ Published room to directory
Web Tests (6)	UNKNOWN STEP	2026-02-25T19:49:22.4934681Z ✓ Uploaded dummy avatar: mxc://test.matrix.local/eshZPvULJxSpdBJbiDdJsQag
Web Tests (6)	UNKNOWN STEP	2026-02-25T19:49:22.4935633Z   ✓ Set room avatar to mxc://test.matrix.local/eshZPvULJxSpdBJbiDdJsQag
Web Tests (6)	UNKNOWN STEP	2026-02-25T19:49:22.4936132Z 
Web Tests (6)	UNKNOWN STEP	2026-02-25T19:49:22.4936323Z ============================================================
Web Tests (6)	UNKNOWN STEP	2026-02-25T19:49:22.4936922Z ✅ Matrix test server initialized successfully!
Web Tests (6)	UNKNOWN STEP	2026-02-25T19:49:22.4937435Z ============================================================
Web Tests (6)	UNKNOWN STEP	2026-02-25T19:49:22.4937760Z 
Web Tests (6)	UNKNOWN STEP	2026-02-25T19:49:22.4938192Z 📝 Test Users:
Web Tests (6)	UNKNOWN STEP	2026-02-25T19:49:22.4938494Z   testuser1
Web Tests (6)	UNKNOWN STEP	2026-02-25T19:49:22.4938819Z     ID: @testuser1:test.matrix.local
Web Tests (6)	UNKNOWN STEP	2026-02-25T19:49:22.4939253Z     Password: testpass123
Web Tests (6)	UNKNOWN STEP	2026-02-25T19:49:22.4939644Z   testuser2
Web Tests (6)	UNKNOWN STEP	2026-02-25T19:49:22.4939981Z     ID: @testuser2:test.matrix.local
Web Tests (6)	UNKNOWN STEP	2026-02-25T19:49:22.4940404Z     Password: testpass123
Web Tests (6)	UNKNOWN STEP	2026-02-25T19:49:22.4940774Z   testadmin
Web Tests (6)	UNKNOWN STEP	2026-02-25T19:49:22.4941104Z     ID: @testadmin:test.matrix.local
Web Tests (6)	UNKNOWN STEP	2026-02-25T19:49:22.4941528Z     Password: testpass123
Web Tests (6)	UNKNOWN STEP	2026-02-25T19:49:22.4941759Z 
Web Tests (6)	UNKNOWN STEP	2026-02-25T19:49:22.4941937Z 🏠 Test Rooms:
Web Tests (6)	UNKNOWN STEP	2026-02-25T19:49:22.4942245Z   test_general (with messages)
Web Tests (6)	UNKNOWN STEP	2026-02-25T19:49:22.4942613Z     ID: !qHDJujIJduoWrqxXOJ:test.matrix.local
Web Tests (6)	UNKNOWN STEP	2026-02-25T19:49:22.4943018Z   test_photos (with messages)
Web Tests (6)	UNKNOWN STEP	2026-02-25T19:49:22.4943388Z     ID: !eibvCIQszqRrqqinJx:test.matrix.local
Web Tests (6)	UNKNOWN STEP	2026-02-25T19:49:22.4943769Z   test_art (empty)
Web Tests (6)	UNKNOWN STEP	2026-02-25T19:49:22.4944129Z     ID: !XPCXgTJPqpZjaTsxgj:test.matrix.local
Web Tests (6)	UNKNOWN STEP	2026-02-25T19:49:22.4944587Z   test_invite_only (with messages)
Web Tests (6)	UNKNOWN STEP	2026-02-25T19:49:22.4945017Z     ID: !NUHjVqLWZHiEQNIYLF:test.matrix.local
Web Tests (6)	UNKNOWN STEP	2026-02-25T19:49:22.4945487Z   test_avatar (empty)
Web Tests (6)	UNKNOWN STEP	2026-02-25T19:49:22.4945940Z     ID: !sNpMTcIAevnJIwKDyr:test.matrix.local
Web Tests (6)	UNKNOWN STEP	2026-02-25T19:49:22.4946333Z 
Web Tests (6)	UNKNOWN STEP	2026-02-25T19:49:22.4946603Z 🔑 Test Credentials for Integration Tests:
Web Tests (6)	UNKNOWN STEP	2026-02-25T19:49:22.4947092Z   Server:    http://matrix-synapse:8008
Web Tests (6)	UNKNOWN STEP	2026-02-25T19:49:22.4947533Z   Test User: testuser1
Web Tests (6)	UNKNOWN STEP	2026-02-25T19:49:22.4948069Z   Password:  testpass123
Web Tests (6)	UNKNOWN STEP	2026-02-25T19:49:22.4948322Z 
Web Tests (6)	UNKNOWN STEP	2026-02-25T19:49:22.4948449Z Room Status:
Web Tests (6)	UNKNOWN STEP	2026-02-25T19:49:22.4949120Z   test_general - 5 text + image/video/audio messages (for testing message lists and media rendering)
Web Tests (6)	UNKNOWN STEP	2026-02-25T19:49:22.4950177Z   test_photos  - 3 text + image/video/audio messages (for testing photo/media content)
Web Tests (6)	UNKNOWN STEP	2026-02-25T19:49:22.4950971Z   test_art     - 0 messages (for testing empty rooms)
Web Tests (6)	UNKNOWN STEP	2026-02-25T19:49:22.4951649Z ✓ Logged in user: @testuser1:test.matrix.local
Web Tests (6)	UNKNOWN STEP	2026-02-25T19:49:22.4952008Z 
Web Tests (6)	UNKNOWN STEP	2026-02-25T19:49:22.4952279Z   📋 Public room directory has 5 room(s):
Web Tests (6)	UNKNOWN STEP	2026-02-25T19:49:22.4952848Z     - test_avatar (!sNpMTcIAevnJIwKDyr:test.matrix.local)
Web Tests (6)	UNKNOWN STEP	2026-02-25T19:49:22.4953545Z     - test_general (!qHDJujIJduoWrqxXOJ:test.matrix.local)
Web Tests (6)	UNKNOWN STEP	2026-02-25T19:49:22.4954213Z     - test_photos (!eibvCIQszqRrqqinJx:test.matrix.local)
Web Tests (6)	UNKNOWN STEP	2026-02-25T19:49:22.4954858Z     - test_art (!XPCXgTJPqpZjaTsxgj:test.matrix.local)
Web Tests (6)	UNKNOWN STEP	2026-02-25T19:49:22.4955896Z     - test_invite_only (!NUHjVqLWZHiEQNIYLF:test.matrix.local)
Web Tests (6)	UNKNOWN STEP	2026-02-25T19:49:22.4956330Z 
Web Tests (6)	UNKNOWN STEP	2026-02-25T19:49:22.6541384Z ##[group]Run ./scripts/test.sh web --no-docker --shard 6 --total-shards 7
Web Tests (6)	UNKNOWN STEP	2026-02-25T19:49:22.6541960Z [36;1m./scripts/test.sh web --no-docker --shard 6 --total-shards 7[0m
Web Tests (6)	UNKNOWN STEP	2026-02-25T19:49:22.6591657Z shell: /usr/bin/bash -e {0}
Web Tests (6)	UNKNOWN STEP	2026-02-25T19:49:22.6591931Z env:
Web Tests (6)	UNKNOWN STEP	2026-02-25T19:49:22.6592129Z   CACHE_VERSION: v1
Web Tests (6)	UNKNOWN STEP	2026-02-25T19:49:22.6592458Z   FLUTTER_ROOT: /opt/hostedtoolcache/flutter/stable-3.41.2-x64
Web Tests (6)	UNKNOWN STEP	2026-02-25T19:49:22.6592854Z   PUB_CACHE: /home/runner/.pub-cache
Web Tests (6)	UNKNOWN STEP	2026-02-25T19:49:22.6593177Z   MATRIX_SERVER: http://localhost:8008
Web Tests (6)	UNKNOWN STEP	2026-02-25T19:49:22.6593481Z   MATRIX_TEST_USER: testuser1
Web Tests (6)	UNKNOWN STEP	2026-02-25T19:49:22.6593755Z   MATRIX_TEST_PASSWORD: testpass123
Web Tests (6)	UNKNOWN STEP	2026-02-25T19:49:22.6594026Z ##[endgroup]
Web Tests (6)	UNKNOWN STEP	2026-02-25T19:49:22.6783054Z [1m
Web Tests (6)	UNKNOWN STEP	2026-02-25T19:49:22.6783586Z   Substitution Test Runner
Web Tests (6)	UNKNOWN STEP	2026-02-25T19:49:22.6798266Z   2026-02-25 19:49:22
Web Tests (6)	UNKNOWN STEP	2026-02-25T19:49:22.6798798Z   Targets: web
Web Tests (6)	UNKNOWN STEP	2026-02-25T19:49:22.6799319Z [0m
Web Tests (6)	UNKNOWN STEP	2026-02-25T19:49:22.6806210Z [0;34m[INFO][0m Fetching Flutter dependencies...
Web Tests (6)	UNKNOWN STEP	2026-02-25T19:49:23.7833314Z   unorm_dart 0.2.0 (0.3.2 available)
Web Tests (6)	UNKNOWN STEP	2026-02-25T19:49:23.7834023Z   win32 5.15.0 (6.0.0 available)
Web Tests (6)	UNKNOWN STEP	2026-02-25T19:49:23.7834600Z Got dependencies!
Web Tests (6)	UNKNOWN STEP	2026-02-25T19:49:23.7835334Z 7 packages have newer versions incompatible with dependency constraints.
Web Tests (6)	UNKNOWN STEP	2026-02-25T19:49:23.7836391Z Try `flutter pub outdated` for more information.
Web Tests (6)	UNKNOWN STEP	2026-02-25T19:49:23.7841561Z [0;32m[OK][0m Dependencies fetched
Web Tests (6)	UNKNOWN STEP	2026-02-25T19:49:23.7856070Z [0;34m[INFO][0m Target: web
Web Tests (6)	UNKNOWN STEP	2026-02-25T19:49:23.7856377Z 
Web Tests (6)	UNKNOWN STEP	2026-02-25T19:49:23.7857077Z [1m━━━ Web Tests (Chrome) ━━━[0m
Web Tests (6)	UNKNOWN STEP	2026-02-25T19:49:23.7857406Z 
Web Tests (6)	UNKNOWN STEP	2026-02-25T19:49:23.7858014Z [0;34m[INFO][0m Starting run_web_tests sequence... (Shard: 6, Total: 7)
Web Tests (6)	UNKNOWN STEP	2026-02-25T19:49:23.7865494Z [0;34m[INFO][0m Validating Chrome/Chromium...
Web Tests (6)	UNKNOWN STEP	2026-02-25T19:49:23.7873869Z [0;32m[OK][0m Chrome found: /usr/bin/google-chrome
Web Tests (6)	UNKNOWN STEP	2026-02-25T19:49:25.1438930Z [0;34m[INFO][0m Skipping web unit tests (shard 6 > 0)
Web Tests (6)	UNKNOWN STEP	2026-02-25T19:49:25.1440131Z [0;34m[INFO][0m Phase 2: web integration tests via flutter drive on Chrome
Web Tests (6)	UNKNOWN STEP	2026-02-25T19:49:25.1489063Z [0;34m[INFO][0m Found ChromeDriver at: /usr/local/share/chromedriver-linux64
Web Tests (6)	UNKNOWN STEP	2026-02-25T19:49:25.2156195Z [0;34m[INFO][0m Shard 6/7: running 4 of 32 files
Web Tests (6)	UNKNOWN STEP	2026-02-25T19:49:25.2158082Z [0;34m[INFO][0m Files in this shard: integration_test/feed_test.dart integration_test/logout_test.dart integration_test/post_creation_with_matrix_test.dart integration_test/room_discovery_with_matrix_test.dart
Web Tests (6)	UNKNOWN STEP	2026-02-25T19:49:25.2206024Z [0;34m[INFO][0m Starting chromedriver on port 4444...
Web Tests (6)	UNKNOWN STEP	2026-02-25T19:49:27.2247012Z [0;34m[INFO][0m   Running: integration_test/feed_test.dart
Web Tests (6)	UNKNOWN STEP	2026-02-25T19:49:27.4339330Z Resolving dependencies...
Web Tests (6)	UNKNOWN STEP	2026-02-25T19:49:27.6676705Z Downloading packages...
Web Tests (6)	UNKNOWN STEP	2026-02-25T19:49:27.7802344Z   _fe_analyzer_shared 91.0.0 (96.0.0 available)
Web Tests (6)	UNKNOWN STEP	2026-02-25T19:49:27.7803258Z   analyzer 8.4.1 (10.2.0 available)
Web Tests (6)	UNKNOWN STEP	2026-02-25T19:49:27.7803967Z   meta 1.17.0 (1.18.1 available)
Web Tests (6)	UNKNOWN STEP	2026-02-25T19:49:27.7804660Z   sqflite_common_ffi 2.3.7+1 (2.4.0+2 available)
Web Tests (6)	UNKNOWN STEP	2026-02-25T19:49:27.7805346Z   sqlite3 2.9.4 (3.1.6 available)
Web Tests (6)	UNKNOWN STEP	2026-02-25T19:49:27.7805740Z   unorm_dart 0.2.0 (0.3.2 available)
Web Tests (6)	UNKNOWN STEP	2026-02-25T19:49:27.7806135Z   win32 5.15.0 (6.0.0 available)
Web Tests (6)	UNKNOWN STEP	2026-02-25T19:49:27.7806501Z Got dependencies!
Web Tests (6)	UNKNOWN STEP	2026-02-25T19:49:27.7811841Z 7 packages have newer versions incompatible with dependency constraints.
Web Tests (6)	UNKNOWN STEP	2026-02-25T19:49:27.7812937Z Try `flutter pub outdated` for more information.
Web Tests (6)	UNKNOWN STEP	2026-02-25T19:49:28.4039618Z Launching integration_test/feed_test.dart on Chrome in debug mode...
Web Tests (6)	UNKNOWN STEP	2026-02-25T19:50:15.6286829Z Waiting for connection from debug service on Chrome...             45.8s
Web Tests (6)	UNKNOWN STEP	2026-02-25T19:50:37.0383402Z Instance of 'AppConnectionException'
Web Tests (6)	UNKNOWN STEP	2026-02-25T19:50:37.0385038Z #0      DevHandler._startLocalDebugService (package:dwds/src/handlers/dev_handler.dart:221:7)
Web Tests (6)	UNKNOWN STEP	2026-02-25T19:50:37.0386437Z <asynchronous suspension>
Web Tests (6)	UNKNOWN STEP	2026-02-25T19:50:37.0387615Z #1      DevHandler._createChromeAppServices (package:dwds/src/handlers/dev_handler.dart:303:26)
Web Tests (6)	UNKNOWN STEP	2026-02-25T19:50:37.0388969Z <asynchronous suspension>
Web Tests (6)	UNKNOWN STEP	2026-02-25T19:50:37.0389696Z #2      DevHandler.loadAppServices (package:dwds/src/handlers/dev_handler.dart:273:23)
Web Tests (6)	UNKNOWN STEP	2026-02-25T19:50:37.0390491Z <asynchronous suspension>
Web Tests (6)	UNKNOWN STEP	2026-02-25T19:50:37.0391278Z #3      DevHandler.createDebugConnectionForChrome (package:dwds/src/handlers/dev_handler.dart:600:30)
Web Tests (6)	UNKNOWN STEP	2026-02-25T19:50:37.0392191Z <asynchronous suspension>
Web Tests (6)	UNKNOWN STEP	2026-02-25T19:50:37.0392797Z #4      Dwds.debugConnection (package:dwds/dart_web_debug_service.dart:68:14)
Web Tests (6)	UNKNOWN STEP	2026-02-25T19:50:37.0395683Z <asynchronous suspension>
Web Tests (6)	UNKNOWN STEP	2026-02-25T19:50:37.0398843Z #5      WebDevFS.connect.<anonymous closure> (package:flutter_tools/src/isolated/devfs_web.dart:160:17)
Web Tests (6)	UNKNOWN STEP	2026-02-25T19:50:37.0399722Z <asynchronous suspension>
Web Tests (6)	UNKNOWN STEP	2026-02-25T19:50:37.0399979Z 
Web Tests (6)	UNKNOWN STEP	2026-02-25T19:59:27.3070881Z [1;33m[WARN][0m Timed out with no tests running (possible AppConnectionException) — skipping: integration_test/feed_test.dart
Web Tests (6)	UNKNOWN STEP	2026-02-25T19:59:27.3072439Z [0;34m[INFO][0m   Running: integration_test/logout_test.dart
Web Tests (6)	UNKNOWN STEP	2026-02-25T19:59:27.5327696Z Resolving dependencies...
Web Tests (6)	UNKNOWN STEP	2026-02-25T19:59:27.7708708Z Downloading packages...
Web Tests (6)	UNKNOWN STEP	2026-02-25T19:59:27.9021482Z   _fe_analyzer_shared 91.0.0 (96.0.0 available)
Web Tests (6)	UNKNOWN STEP	2026-02-25T19:59:27.9022336Z   analyzer 8.4.1 (10.2.0 available)
Web Tests (6)	UNKNOWN STEP	2026-02-25T19:59:27.9022776Z   meta 1.17.0 (1.18.1 available)
Web Tests (6)	UNKNOWN STEP	2026-02-25T19:59:27.9023424Z   sqflite_common_ffi 2.3.7+1 (2.4.0+2 available)
Web Tests (6)	UNKNOWN STEP	2026-02-25T19:59:27.9024067Z   sqlite3 2.9.4 (3.1.6 available)
Web Tests (6)	UNKNOWN STEP	2026-02-25T19:59:27.9024682Z   unorm_dart 0.2.0 (0.3.2 available)
Web Tests (6)	UNKNOWN STEP	2026-02-25T19:59:27.9025337Z   win32 5.15.0 (6.0.0 available)
Web Tests (6)	UNKNOWN STEP	2026-02-25T19:59:27.9025951Z Got dependencies!
Web Tests (6)	UNKNOWN STEP	2026-02-25T19:59:27.9032914Z 7 packages have newer versions incompatible with dependency constraints.
Web Tests (6)	UNKNOWN STEP	2026-02-25T19:59:27.9033652Z Try `flutter pub outdated` for more information.
Web Tests (6)	UNKNOWN STEP	2026-02-25T19:59:28.5204736Z Launching integration_test/logout_test.dart on Chrome in debug mode...
Web Tests (6)	UNKNOWN STEP	2026-02-25T20:00:01.7158641Z Waiting for connection from debug service on Chrome...             32.8s
Web Tests (6)	UNKNOWN STEP	2026-02-25T20:00:16.2548333Z Debug service listening on ws://127.0.0.1:46307/Ib_c4WhrDDs=/ws
Web Tests (6)	UNKNOWN STEP	2026-02-25T20:00:16.2552536Z A Dart VM Service on Chrome is available at: http://127.0.0.1:46307/Ib_c4WhrDDs=
Web Tests (6)	UNKNOWN STEP	2026-02-25T20:00:16.2558282Z The Flutter DevTools debugger and profiler on Chrome is available at: http://127.0.0.1:46307/Ib_c4WhrDDs=/devtools/?uri=ws://127.0.0.1:46307/Ib_c4WhrDDs=/ws
Web Tests (6)	UNKNOWN STEP	2026-02-25T20:00:16.2641654Z Starting application from main method in: org-dartlang-app:/web_entrypoint.dart.
Web Tests (6)	UNKNOWN STEP	2026-02-25T20:00:16.4560683Z Found an existing <meta name="viewport"> tag. Flutter Web uses its own viewport configuration for better compatibility with Flutter. This tag will be replaced.
Web Tests (6)	UNKNOWN STEP	2026-02-25T20:00:16.6048903Z 00:00 +0: Consolidated Logout Flow Verify Logout wipes the session and local database
Web Tests (6)	UNKNOWN STEP	2026-02-25T20:00:16.6152127Z --- setUp ---
Web Tests (6)	UNKNOWN STEP	2026-02-25T20:00:16.8953049Z [90m[🌎 Easy Localization] [DEBUG] Localization initialized[0m
Web Tests (6)	UNKNOWN STEP	2026-02-25T20:00:16.8978407Z [Matrix] Initialize client Substitution
Web Tests (6)	UNKNOWN STEP	2026-02-25T20:00:16.9132899Z [Matrix] User is not logged in.
Web Tests (6)	UNKNOWN STEP	2026-02-25T20:00:16.9143594Z [90m[🌎 Easy Localization] [DEBUG] Start[0m
Web Tests (6)	UNKNOWN STEP	2026-02-25T20:00:18.3455541Z [90m[🌎 Easy Localization] [DEBUG] Init state[0m
Web Tests (6)	UNKNOWN STEP	2026-02-25T20:00:18.3468459Z [90m[🌎 Easy Localization] [DEBUG] Build[0m
Web Tests (6)	UNKNOWN STEP	2026-02-25T20:00:18.3470429Z [90m[🌎 Easy Localization] [DEBUG] Init Localization Delegate[0m
Web Tests (6)	UNKNOWN STEP	2026-02-25T20:00:18.3478095Z [90m[🌎 Easy Localization] [DEBUG] Init provider[0m
Web Tests (6)	UNKNOWN STEP	2026-02-25T20:00:18.4626386Z [90m[🌎 Easy Localization] [DEBUG] Load Localization Delegate[0m
Web Tests (6)	UNKNOWN STEP	2026-02-25T20:00:18.4641860Z [90m[🌎 Easy Localization] [DEBUG] Load asset from assets/translations[0m
Web Tests (6)	UNKNOWN STEP	2026-02-25T20:00:20.0244035Z [90m[🌎 Easy Localization] [DEBUG] Build[0m
Web Tests (6)	UNKNOWN STEP	2026-02-25T20:00:20.0246719Z [90m[🌎 Easy Localization] [DEBUG] Init Localization Delegate[0m
Web Tests (6)	UNKNOWN STEP	2026-02-25T20:00:20.0248140Z [90m[🌎 Easy Localization] [DEBUG] Init provider[0m
Web Tests (6)	UNKNOWN STEP	2026-02-25T20:00:20.9106209Z STEP: Initial Onboarding
Web Tests (6)	UNKNOWN STEP	2026-02-25T20:00:20.9110134Z Waiting for globalMatrixClient to be initialized...
Web Tests (6)	UNKNOWN STEP	2026-02-25T20:00:20.9126916Z globalMatrixClient initialized!
Web Tests (6)	UNKNOWN STEP	2026-02-25T20:00:26.1350787Z STEP: Entering Homeserver
Web Tests (6)	UNKNOWN STEP	2026-02-25T20:00:26.8599312Z STEP: Entering Credentials
Web Tests (6)	UNKNOWN STEP	2026-02-25T20:00:28.5293267Z STEP: Final Introduction Check
Web Tests (6)	UNKNOWN STEP	2026-02-25T20:00:28.8283749Z [Matrix] Initialize client Substitution
Web Tests (6)	UNKNOWN STEP	2026-02-25T20:00:28.8738302Z [Matrix] Successfully connected as testuser1 with http://localhost:8008
Web Tests (6)	UNKNOWN STEP	2026-02-25T20:00:30.3523273Z checking room test_art id: !XPCXgTJPqpZjaTsxgj:test.matrix.local
Web Tests (6)	UNKNOWN STEP	2026-02-25T20:00:30.3524182Z checking room test_general id: !qHDJujIJduoWrqxXOJ:test.matrix.local
Web Tests (6)	UNKNOWN STEP	2026-02-25T20:00:30.3525693Z checking room test_avatar id: !sNpMTcIAevnJIwKDyr:test.matrix.local
Web Tests (6)	UNKNOWN STEP	2026-02-25T20:00:30.3526551Z checking room test_invite_only id: !NUHjVqLWZHiEQNIYLF:test.matrix.local
Web Tests (6)	UNKNOWN STEP	2026-02-25T20:00:30.3527375Z checking room test_photos id: !eibvCIQszqRrqqinJx:test.matrix.local
Web Tests (6)	UNKNOWN STEP	2026-02-25T20:00:30.3531276Z start quering new events...
Web Tests (6)	UNKNOWN STEP	2026-02-25T20:00:30.3532311Z finished...
Web Tests (6)	UNKNOWN STEP	2026-02-25T20:00:30.3532781Z ret is empty...
Web Tests (6)	UNKNOWN STEP	2026-02-25T20:00:30.3533133Z no new things to append...
Web Tests (6)	UNKNOWN STEP	2026-02-25T20:00:31.1635887Z STEP: Waiting for Main Feed
Web Tests (6)	UNKNOWN STEP	2026-02-25T20:00:31.4018500Z STEP: Logout Flow
Web Tests (6)	UNKNOWN STEP	2026-02-25T20:00:32.5884405Z [Matrix] Current sync request ID has changed. Dropping this sync loop!
Web Tests (6)	UNKNOWN STEP	2026-02-25T20:00:32.9595437Z Consolidated Logout test passed successfully
Web Tests (6)	UNKNOWN STEP	2026-02-25T20:00:33.0083611Z --- tearDown ---
Web Tests (6)	UNKNOWN STEP	2026-02-25T20:00:33.0096281Z 00:16 +1: (tearDownAll)
Web Tests (6)	UNKNOWN STEP	2026-02-25T20:00:33.0148959Z 00:16 +2: All tests passed!
Web Tests (6)	UNKNOWN STEP	2026-02-25T20:09:27.5547447Z [1;33m[WARN][0m Timed out after 600s but 2 tests passed, 0 failed — treating as success
Web Tests (6)	UNKNOWN STEP	2026-02-25T20:09:27.5548646Z [0;34m[INFO][0m   Running: integration_test/post_creation_with_matrix_test.dart
Web Tests (6)	UNKNOWN STEP	2026-02-25T20:09:27.7739454Z Resolving dependencies...
Web Tests (6)	UNKNOWN STEP	2026-02-25T20:09:28.0068904Z Downloading packages...
Web Tests (6)	UNKNOWN STEP	2026-02-25T20:09:28.1160658Z   _fe_analyzer_shared 91.0.0 (96.0.0 available)
Web Tests (6)	UNKNOWN STEP	2026-02-25T20:09:28.1161752Z   analyzer 8.4.1 (10.2.0 available)
Web Tests (6)	UNKNOWN STEP	2026-02-25T20:09:28.1162529Z   meta 1.17.0 (1.18.1 available)
Web Tests (6)	UNKNOWN STEP	2026-02-25T20:09:28.1163039Z   sqflite_common_ffi 2.3.7+1 (2.4.0+2 available)
Web Tests (6)	UNKNOWN STEP	2026-02-25T20:09:28.1163535Z   sqlite3 2.9.4 (3.1.6 available)
Web Tests (6)	UNKNOWN STEP	2026-02-25T20:09:28.1163936Z   unorm_dart 0.2.0 (0.3.2 available)
Web Tests (6)	UNKNOWN STEP	2026-02-25T20:09:28.1164369Z   win32 5.15.0 (6.0.0 available)
Web Tests (6)	UNKNOWN STEP	2026-02-25T20:09:28.1164763Z Got dependencies!
Web Tests (6)	UNKNOWN STEP	2026-02-25T20:09:28.1169863Z 7 packages have newer versions incompatible with dependency constraints.
Web Tests (6)	UNKNOWN STEP	2026-02-25T20:09:28.1170600Z Try `flutter pub outdated` for more information.
Web Tests (6)	UNKNOWN STEP	2026-02-25T20:09:28.7234169Z Launching integration_test/post_creation_with_matrix_test.dart on Chrome in debug mode...
Web Tests (6)	UNKNOWN STEP	2026-02-25T20:10:01.4628651Z Waiting for connection from debug service on Chrome...             32.4s
Web Tests (6)	UNKNOWN STEP	2026-02-25T20:10:15.6041446Z Debug service listening on ws://127.0.0.1:46511/zuDZjs66pSo=/ws
Web Tests (6)	UNKNOWN STEP	2026-02-25T20:10:15.6044864Z A Dart VM Service on Chrome is available at: http://127.0.0.1:46511/zuDZjs66pSo=
Web Tests (6)	UNKNOWN STEP	2026-02-25T20:10:15.6051206Z The Flutter DevTools debugger and profiler on Chrome is available at: http://127.0.0.1:46511/zuDZjs66pSo=/devtools/?uri=ws://127.0.0.1:46511/zuDZjs66pSo=/ws
Web Tests (6)	UNKNOWN STEP	2026-02-25T20:10:15.6172571Z Starting application from main method in: org-dartlang-app:/web_entrypoint.dart.
Web Tests (6)	UNKNOWN STEP	2026-02-25T20:10:15.8371219Z Found an existing <meta name="viewport"> tag. Flutter Web uses its own viewport configuration for better compatibility with Flutter. This tag will be replaced.
Web Tests (6)	UNKNOWN STEP	2026-02-25T20:10:16.0158811Z 00:00 +0: (setUpAll)
Web Tests (6)	UNKNOWN STEP	2026-02-25T20:10:16.0261033Z 00:00 +1: Content Creation with Real Matrix Server Can compose and send a text message
Web Tests (6)	UNKNOWN STEP	2026-02-25T20:10:16.2512453Z [90m[🌎 Easy Localization] [DEBUG] Localization initialized[0m
Web Tests (6)	UNKNOWN STEP	2026-02-25T20:10:16.2537061Z [Matrix] Initialize client Substitution
Web Tests (6)	UNKNOWN STEP	2026-02-25T20:10:16.2578063Z [Matrix] User is not logged in.
Web Tests (6)	UNKNOWN STEP	2026-02-25T20:10:16.2589610Z [90m[🌎 Easy Localization] [DEBUG] Start[0m
Web Tests (6)	UNKNOWN STEP	2026-02-25T20:10:16.7044943Z [90m[🌎 Easy Localization] [DEBUG] Init state[0m
Web Tests (6)	UNKNOWN STEP	2026-02-25T20:10:16.7058032Z [90m[🌎 Easy Localization] [DEBUG] Build[0m
Web Tests (6)	UNKNOWN STEP	2026-02-25T20:10:16.7064310Z [90m[🌎 Easy Localization] [DEBUG] Init Localization Delegate[0m
Web Tests (6)	UNKNOWN STEP	2026-02-25T20:10:16.7065371Z [90m[🌎 Easy Localization] [DEBUG] Init provider[0m
Web Tests (6)	UNKNOWN STEP	2026-02-25T20:10:16.8475232Z [90m[🌎 Easy Localization] [DEBUG] Load Localization Delegate[0m
Web Tests (6)	UNKNOWN STEP	2026-02-25T20:10:16.8489773Z [90m[🌎 Easy Localization] [DEBUG] Load asset from assets/translations[0m
Web Tests (6)	UNKNOWN STEP	2026-02-25T20:10:17.4021878Z [90m[🌎 Easy Localization] [DEBUG] Build[0m
Web Tests (6)	UNKNOWN STEP	2026-02-25T20:10:17.4027144Z [90m[🌎 Easy Localization] [DEBUG] Init Localization Delegate[0m
Web Tests (6)	UNKNOWN STEP	2026-02-25T20:10:17.4035110Z [90m[🌎 Easy Localization] [DEBUG] Init provider[0m
Web Tests (6)	UNKNOWN STEP	2026-02-25T20:10:19.1088474Z Waiting for globalMatrixClient to be initialized...
Web Tests (6)	UNKNOWN STEP	2026-02-25T20:10:19.1089163Z globalMatrixClient initialized!
Web Tests (6)	UNKNOWN STEP	2026-02-25T20:10:37.3166050Z [Matrix] Initialize client Substitution
Web Tests (6)	UNKNOWN STEP	2026-02-25T20:10:37.3361664Z [Matrix] Successfully connected as testuser1 with http://localhost:8008
Web Tests (6)	UNKNOWN STEP	2026-02-25T20:10:39.0346072Z checking room test_art id: !XPCXgTJPqpZjaTsxgj:test.matrix.local
Web Tests (6)	UNKNOWN STEP	2026-02-25T20:10:39.0346917Z checking room test_general id: !qHDJujIJduoWrqxXOJ:test.matrix.local
Web Tests (6)	UNKNOWN STEP	2026-02-25T20:10:39.0349301Z checking room test_avatar id: !sNpMTcIAevnJIwKDyr:test.matrix.local
Web Tests (6)	UNKNOWN STEP	2026-02-25T20:10:39.0350155Z checking room test_invite_only id: !NUHjVqLWZHiEQNIYLF:test.matrix.local
Web Tests (6)	UNKNOWN STEP	2026-02-25T20:10:39.0351199Z checking room test_photos id: !eibvCIQszqRrqqinJx:test.matrix.local
Web Tests (6)	UNKNOWN STEP	2026-02-25T20:10:39.0352030Z start quering new events...
Web Tests (6)	UNKNOWN STEP	2026-02-25T20:10:39.0352567Z finished...
Web Tests (6)	UNKNOWN STEP	2026-02-25T20:10:39.0353010Z ret is empty...
Web Tests (6)	UNKNOWN STEP	2026-02-25T20:10:39.0353514Z no new things to append...
Web Tests (6)	UNKNOWN STEP	2026-02-25T20:10:40.4783216Z checking room test_art id: !XPCXgTJPqpZjaTsxgj:test.matrix.local
Web Tests (6)	UNKNOWN STEP	2026-02-25T20:10:40.4784104Z checking room test_general id: !qHDJujIJduoWrqxXOJ:test.matrix.local
Web Tests (6)	UNKNOWN STEP	2026-02-25T20:10:40.4785001Z checking room test_avatar id: !sNpMTcIAevnJIwKDyr:test.matrix.local
Web Tests (6)	UNKNOWN STEP	2026-02-25T20:10:40.4785902Z checking room test_invite_only id: !NUHjVqLWZHiEQNIYLF:test.matrix.local
Web Tests (6)	UNKNOWN STEP	2026-02-25T20:10:40.4786766Z checking room test_photos id: !eibvCIQszqRrqqinJx:test.matrix.local
Web Tests (6)	UNKNOWN STEP	2026-02-25T20:10:40.4787413Z start quering new events...
Web Tests (6)	UNKNOWN STEP	2026-02-25T20:10:40.4787814Z finished...
Web Tests (6)	UNKNOWN STEP	2026-02-25T20:10:40.4788281Z ret is empty...
Web Tests (6)	UNKNOWN STEP	2026-02-25T20:10:40.4788618Z no new things to append...
Web Tests (6)	UNKNOWN STEP	2026-02-25T20:10:44.5636958Z ⚠ No rooms found on RoomSelectPage - skipping
Web Tests (6)	UNKNOWN STEP	2026-02-25T20:10:44.5869104Z 00:28 +2: Content Creation with Real Matrix Server Can select room before sending message
Web Tests (6)	UNKNOWN STEP	2026-02-25T20:10:44.6018449Z [90m[🌎 Easy Localization] [DEBUG] Localization initialized[0m
Web Tests (6)	UNKNOWN STEP	2026-02-25T20:10:44.6019559Z [Matrix] Initialize client Substitution
Web Tests (6)	UNKNOWN STEP	2026-02-25T20:10:44.6198328Z [Matrix] Successfully connected as testuser1 with http://localhost:8008
Web Tests (6)	UNKNOWN STEP	2026-02-25T20:10:44.6287665Z [90m[🌎 Easy Localization] [DEBUG] Start[0m
Web Tests (6)	UNKNOWN STEP	2026-02-25T20:10:45.1155069Z 00:29 +2: Content Creation with Real Matrix Server Can compose and send a text message
Web Tests (6)	UNKNOWN STEP	2026-02-25T20:10:45.1166913Z [90m[🌎 Easy Localization] [DEBUG] Init state[0m
Web Tests (6)	UNKNOWN STEP	2026-02-25T20:10:45.1168693Z [90m[🌎 Easy Localization] [DEBUG] Build[0m
Web Tests (6)	UNKNOWN STEP	2026-02-25T20:10:45.1174254Z [90m[🌎 Easy Localization] [DEBUG] Init Localization Delegate[0m
Web Tests (6)	UNKNOWN STEP	2026-02-25T20:10:45.1175591Z [90m[🌎 Easy Localization] [DEBUG] Init provider[0m
Web Tests (6)	UNKNOWN STEP	2026-02-25T20:10:45.1302476Z [90m[🌎 Easy Localization] [DEBUG] Load Localization Delegate[0m
Web Tests (6)	UNKNOWN STEP	2026-02-25T20:10:45.1313097Z [90m[🌎 Easy Localization] [DEBUG] Load asset from assets/translations[0m
Web Tests (6)	UNKNOWN STEP	2026-02-25T20:10:45.6482981Z [90m[🌎 Easy Localization] [DEBUG] Build[0m
Web Tests (6)	UNKNOWN STEP	2026-02-25T20:10:45.6483853Z [90m[🌎 Easy Localization] [DEBUG] Init Localization Delegate[0m
Web Tests (6)	UNKNOWN STEP	2026-02-25T20:10:45.6485587Z [90m[🌎 Easy Localization] [DEBUG] Init provider[0m
Web Tests (6)	UNKNOWN STEP	2026-02-25T20:10:45.7695666Z checking room test_art id: !XPCXgTJPqpZjaTsxgj:test.matrix.local
Web Tests (6)	UNKNOWN STEP	2026-02-25T20:10:45.7696500Z checking room test_general id: !qHDJujIJduoWrqxXOJ:test.matrix.local
Web Tests (6)	UNKNOWN STEP	2026-02-25T20:10:45.7697652Z checking room test_avatar id: !sNpMTcIAevnJIwKDyr:test.matrix.local
Web Tests (6)	UNKNOWN STEP	2026-02-25T20:10:45.7698841Z checking room test_invite_only id: !NUHjVqLWZHiEQNIYLF:test.matrix.local
Web Tests (6)	UNKNOWN STEP	2026-02-25T20:10:45.7699651Z checking room test_photos id: !eibvCIQszqRrqqinJx:test.matrix.local
Web Tests (6)	UNKNOWN STEP	2026-02-25T20:10:45.7700262Z start quering new events...
Web Tests (6)	UNKNOWN STEP	2026-02-25T20:10:45.7700640Z finished...
Web Tests (6)	UNKNOWN STEP	2026-02-25T20:10:45.7700957Z ret is empty...
Web Tests (6)	UNKNOWN STEP	2026-02-25T20:10:45.7705297Z no new things to append...
Web Tests (6)	UNKNOWN STEP	2026-02-25T20:10:46.7896370Z 00:30 +2: Content Creation with Real Matrix Server Can select room before sending message
Web Tests (6)	UNKNOWN STEP	2026-02-25T20:10:46.7897319Z Waiting for globalMatrixClient to be initialized...
Web Tests (6)	UNKNOWN STEP	2026-02-25T20:10:46.7898053Z globalMatrixClient initialized!
Web Tests (6)	UNKNOWN STEP	2026-02-25T20:11:04.6933249Z ══╡ EXCEPTION CAUGHT BY FLUTTER TEST FRAMEWORK ╞════════════════════════════════════════════════════
Web Tests (6)	UNKNOWN STEP	2026-02-25T20:11:04.6939979Z The following TestFailure was thrown running a test:
Web Tests (6)	UNKNOWN STEP	2026-02-25T20:11:04.6943235Z Expected: exactly one matching candidate
Web Tests (6)	UNKNOWN STEP	2026-02-25T20:11:04.6951246Z   Actual: _KeyWidgetFinder:<Found 0 widgets with key [<'loginUsernameInput'>]: []>
Web Tests (6)	UNKNOWN STEP	2026-02-25T20:11:04.6952341Z    Which: means none were found but one was expected
Web Tests (6)	UNKNOWN STEP	2026-02-25T20:11:04.6953170Z Username field should be visible on login page
Web Tests (6)	UNKNOWN STEP	2026-02-25T20:11:04.6953740Z 
Web Tests (6)	UNKNOWN STEP	2026-02-25T20:11:04.6954093Z When the exception was thrown, this was the stack:
Web Tests (6)	UNKNOWN STEP	2026-02-25T20:11:04.6955656Z dart-sdk/lib/_internal/js_dev_runtime/private/ddc_runtime/errors.dart 274:3       throw_
Web Tests (6)	UNKNOWN STEP	2026-02-25T20:11:04.6957023Z package:matcher/src/expect/expect.dart 187:31                                     fail
Web Tests (6)	UNKNOWN STEP	2026-02-25T20:11:04.6960822Z package:matcher/src/expect/expect.dart 182:3                                      _expect
Web Tests (6)	UNKNOWN STEP	2026-02-25T20:11:04.6963949Z package:matcher/src/expect/expect.dart 65:3                                       expect$
Web Tests (6)	UNKNOWN STEP	2026-02-25T20:11:04.6964976Z package:flutter_test/src/widget_tester.dart 473:18                                expect$
Web Tests (6)	UNKNOWN STEP	2026-02-25T20:11:04.6965958Z post_creation_with_matrix_test.dart 184:7                                         <fn>
Web Tests (6)	UNKNOWN STEP	2026-02-25T20:11:04.6966954Z dart-sdk/lib/_internal/js_dev_runtime/patch/async_patch.dart 623:19               <fn>
Web Tests (6)	UNKNOWN STEP	2026-02-25T20:11:04.6968163Z dart-sdk/lib/_internal/js_dev_runtime/patch/async_patch.dart 648:23               <fn>
Web Tests (6)	UNKNOWN STEP	2026-02-25T20:11:04.6969194Z dart-sdk/lib/_internal/js_dev_runtime/patch/async_patch.dart 594:19               <fn>
Web Tests (6)	UNKNOWN STEP	2026-02-25T20:11:04.6970152Z dart-sdk/lib/async/zone_root.dart 48:47                                           _rootRunUnary
Web Tests (6)	UNKNOWN STEP	2026-02-25T20:11:04.6971220Z dart-sdk/lib/_internal/js_dev_runtime/private/ddc_runtime/operations.dart 118:77  tear
Web Tests (6)	UNKNOWN STEP	2026-02-25T20:11:04.6972137Z dart-sdk/lib/async/zone.dart 733:19                                               runUnary
Web Tests (6)	UNKNOWN STEP	2026-02-25T20:11:04.6973045Z dart-sdk/lib/async/future_impl.dart 222:18                                        handleValue
Web Tests (6)	UNKNOWN STEP	2026-02-25T20:11:04.6974018Z dart-sdk/lib/async/future_impl.dart 948:44                                        handleValueCallback
Web Tests (6)	UNKNOWN STEP	2026-02-25T20:11:04.6975062Z dart-sdk/lib/async/future_impl.dart 977:13                                        _propagateToListeners
Web Tests (6)	UNKNOWN STEP	2026-02-25T20:11:04.6976115Z dart-sdk/lib/async/future_impl.dart 720:5                                         [_completeWithValue]
Web Tests (6)	UNKNOWN STEP	2026-02-25T20:11:04.6977089Z dart-sdk/lib/async/future_impl.dart 804:7                                         <fn>
Web Tests (6)	UNKNOWN STEP	2026-02-25T20:11:04.6978198Z dart-sdk/lib/async/zone_root.dart 35:13                                           _rootRun
Web Tests (6)	UNKNOWN STEP	2026-02-25T20:11:04.6979168Z dart-sdk/lib/_internal/js_dev_runtime/private/ddc_runtime/operations.dart 118:77  tear
Web Tests (6)	UNKNOWN STEP	2026-02-25T20:11:04.6980092Z dart-sdk/lib/async/zone.dart 726:19                                               run
Web Tests (6)	UNKNOWN STEP	2026-02-25T20:11:04.6980977Z dart-sdk/lib/async/zone.dart 625:7                                                runGuarded
Web Tests (6)	UNKNOWN STEP	2026-02-25T20:11:04.6981873Z dart-sdk/lib/async/zone.dart 666:23                                               <fn>
Web Tests (6)	UNKNOWN STEP	2026-02-25T20:11:04.6982914Z dart-sdk/lib/async/schedule_microtask.dart 40:34                                  _microtaskLoop
Web Tests (6)	UNKNOWN STEP	2026-02-25T20:11:04.6984631Z dart-sdk/lib/async/schedule_microtask.dart 49:5                                   _startMicrotaskLoop
Web Tests (6)	UNKNOWN STEP	2026-02-25T20:11:04.6985761Z dart-sdk/lib/_internal/js_dev_runtime/private/ddc_runtime/operations.dart 118:77  tear
Web Tests (6)	UNKNOWN STEP	2026-02-25T20:11:04.6986744Z dart-sdk/lib/_internal/js_dev_runtime/patch/async_patch.dart 188:69               <fn>
Web Tests (6)	UNKNOWN STEP	2026-02-25T20:11:04.6987115Z 
Web Tests (6)	UNKNOWN STEP	2026-02-25T20:11:04.6987218Z The test description was:
Web Tests (6)	UNKNOWN STEP	2026-02-25T20:11:04.6987466Z   Can select room before sending message
Web Tests (6)	UNKNOWN STEP	2026-02-25T20:11:04.6988307Z ════════════════════════════════════════════════════════════════════════════════════════════════════
Web Tests (6)	UNKNOWN STEP	2026-02-25T20:11:04.6988850Z 00:48 +2: Content Creation with Real Matrix Server Can select room before sending message [E]
Web Tests (6)	UNKNOWN STEP	2026-02-25T20:11:04.6989294Z   Test failed. See exception logs above.
Web Tests (6)	UNKNOWN STEP	2026-02-25T20:11:04.6989659Z   The test description was: Can select room before sending message
Web Tests (6)	UNKNOWN STEP	2026-02-25T20:11:04.6989938Z 
Web Tests (6)	UNKNOWN STEP	2026-02-25T20:11:04.6990156Z 00:48 +2 -1: Content Creation with Real Matrix Server Sent message appears in feed
Web Tests (6)	UNKNOWN STEP	2026-02-25T20:11:04.7264636Z [90m[🌎 Easy Localization] [DEBUG] Localization initialized[0m
Web Tests (6)	UNKNOWN STEP	2026-02-25T20:11:04.7265305Z [Matrix] Initialize client Substitution
Web Tests (6)	UNKNOWN STEP	2026-02-25T20:11:04.7448259Z [Matrix] Successfully connected as testuser1 with http://localhost:8008
Web Tests (6)	UNKNOWN STEP	2026-02-25T20:11:04.7736989Z [90m[🌎 Easy Localization] [DEBUG] Start[0m
Web Tests (6)	UNKNOWN STEP	2026-02-25T20:11:05.2356394Z 00:49 +2 -1: Content Creation with Real Matrix Server Can compose and send a text message
Web Tests (6)	UNKNOWN STEP	2026-02-25T20:11:05.2371324Z [90m[🌎 Easy Localization] [DEBUG] Init state[0m
Web Tests (6)	UNKNOWN STEP	2026-02-25T20:11:05.2374426Z [90m[🌎 Easy Localization] [DEBUG] Build[0m
Web Tests (6)	UNKNOWN STEP	2026-02-25T20:11:05.2377620Z [90m[🌎 Easy Localization] [DEBUG] Init Localization Delegate[0m
Web Tests (6)	UNKNOWN STEP	2026-02-25T20:11:05.2378662Z [90m[🌎 Easy Localization] [DEBUG] Init provider[0m
Web Tests (6)	UNKNOWN STEP	2026-02-25T20:11:05.2496104Z [90m[🌎 Easy Localization] [DEBUG] Load Localization Delegate[0m
Web Tests (6)	UNKNOWN STEP	2026-02-25T20:11:05.2509902Z [90m[🌎 Easy Localization] [DEBUG] Load asset from assets/translations[0m
Web Tests (6)	UNKNOWN STEP	2026-02-25T20:11:05.7641317Z [90m[🌎 Easy Localization] [DEBUG] Build[0m
Web Tests (6)	UNKNOWN STEP	2026-02-25T20:11:05.7643172Z [90m[🌎 Easy Localization] [DEBUG] Init Localization Delegate[0m
Web Tests (6)	UNKNOWN STEP	2026-02-25T20:11:05.7643933Z [90m[🌎 Easy Localization] [DEBUG] Init provider[0m
Web Tests (6)	UNKNOWN STEP	2026-02-25T20:11:05.8948195Z checking room test_art id: !XPCXgTJPqpZjaTsxgj:test.matrix.local
Web Tests (6)	UNKNOWN STEP	2026-02-25T20:11:05.8950160Z checking room test_general id: !qHDJujIJduoWrqxXOJ:test.matrix.local
Web Tests (6)	UNKNOWN STEP	2026-02-25T20:11:05.8951303Z checking room test_avatar id: !sNpMTcIAevnJIwKDyr:test.matrix.local
Web Tests (6)	UNKNOWN STEP	2026-02-25T20:11:05.8954772Z checking room test_invite_only id: !NUHjVqLWZHiEQNIYLF:test.matrix.local
Web Tests (6)	UNKNOWN STEP	2026-02-25T20:11:05.8966225Z checking room test_photos id: !eibvCIQszqRrqqinJx:test.matrix.local
Web Tests (6)	UNKNOWN STEP	2026-02-25T20:11:05.8966896Z start quering new events...
Web Tests (6)	UNKNOWN STEP	2026-02-25T20:11:05.8967214Z finished...
Web Tests (6)	UNKNOWN STEP	2026-02-25T20:11:05.8968268Z ret is empty...
Web Tests (6)	UNKNOWN STEP	2026-02-25T20:11:05.8974008Z no new things to append...
Web Tests (6)	UNKNOWN STEP	2026-02-25T20:11:06.9228627Z 00:50 +2 -1: Content Creation with Real Matrix Server Sent message appears in feed
Web Tests (6)	UNKNOWN STEP	2026-02-25T20:11:06.9229503Z Waiting for globalMatrixClient to be initialized...
Web Tests (6)	UNKNOWN STEP	2026-02-25T20:11:06.9230034Z globalMatrixClient initialized!
Web Tests (6)	UNKNOWN STEP	2026-02-25T20:11:07.6126791Z [Matrix] Current sync request ID has changed. Dropping this sync loop!
Web Tests (6)	UNKNOWN STEP	2026-02-25T20:11:07.6135421Z [Matrix] Current sync request ID has changed. Dropping this sync loop!
Web Tests (6)	UNKNOWN STEP	2026-02-25T20:11:24.5341210Z ══╡ EXCEPTION CAUGHT BY FLUTTER TEST FRAMEWORK ╞════════════════════════════════════════════════════
Web Tests (6)	UNKNOWN STEP	2026-02-25T20:11:24.5342474Z The following TestFailure was thrown running a test:
Web Tests (6)	UNKNOWN STEP	2026-02-25T20:11:24.5344679Z Expected: exactly one matching candidate
Web Tests (6)	UNKNOWN STEP	2026-02-25T20:11:24.5345597Z   Actual: _KeyWidgetFinder:<Found 0 widgets with key [<'loginUsernameInput'>]: []>
Web Tests (6)	UNKNOWN STEP	2026-02-25T20:11:24.5348710Z    Which: means none were found but one was expected
Web Tests (6)	UNKNOWN STEP	2026-02-25T20:11:24.5349285Z Username field should be visible on login page
Web Tests (6)	UNKNOWN STEP	2026-02-25T20:11:24.5363573Z 
Web Tests (6)	UNKNOWN STEP	2026-02-25T20:11:24.5363790Z When the exception was thrown, this was the stack:
Web Tests (6)	UNKNOWN STEP	2026-02-25T20:11:24.5364935Z dart-sdk/lib/_internal/js_dev_runtime/private/ddc_runtime/errors.dart 274:3       throw_
Web Tests (6)	UNKNOWN STEP	2026-02-25T20:11:24.5365905Z package:matcher/src/expect/expect.dart 187:31                                     fail
Web Tests (6)	UNKNOWN STEP	2026-02-25T20:11:24.5366835Z package:matcher/src/expect/expect.dart 182:3                                      _expect
Web Tests (6)	UNKNOWN STEP	2026-02-25T20:11:24.5367737Z package:matcher/src/expect/expect.dart 65:3                                       expect$
Web Tests (6)	UNKNOWN STEP	2026-02-25T20:11:24.5368861Z package:flutter_test/src/widget_tester.dart 473:18                                expect$
Web Tests (6)	UNKNOWN STEP	2026-02-25T20:11:24.5369768Z post_creation_with_matrix_test.dart 184:7                                         <fn>
Web Tests (6)	UNKNOWN STEP	2026-02-25T20:11:24.5370657Z dart-sdk/lib/_internal/js_dev_runtime/patch/async_patch.dart 623:19               <fn>
Web Tests (6)	UNKNOWN STEP	2026-02-25T20:11:24.5371578Z dart-sdk/lib/_internal/js_dev_runtime/patch/async_patch.dart 648:23               <fn>
Web Tests (6)	UNKNOWN STEP	2026-02-25T20:11:24.5372507Z dart-sdk/lib/_internal/js_dev_runtime/patch/async_patch.dart 594:19               <fn>
Web Tests (6)	UNKNOWN STEP	2026-02-25T20:11:24.5373413Z dart-sdk/lib/async/zone_root.dart 48:47                                           _rootRunUnary
Web Tests (6)	UNKNOWN STEP	2026-02-25T20:11:24.5374325Z dart-sdk/lib/_internal/js_dev_runtime/private/ddc_runtime/operations.dart 118:77  tear
Web Tests (6)	UNKNOWN STEP	2026-02-25T20:11:24.5375232Z dart-sdk/lib/async/zone.dart 733:19                                               runUnary
Web Tests (6)	UNKNOWN STEP	2026-02-25T20:11:24.5376126Z dart-sdk/lib/async/future_impl.dart 222:18                                        handleValue
Web Tests (6)	UNKNOWN STEP	2026-02-25T20:11:24.5377086Z dart-sdk/lib/async/future_impl.dart 948:44                                        handleValueCallback
Web Tests (6)	UNKNOWN STEP	2026-02-25T20:11:24.5378247Z dart-sdk/lib/async/future_impl.dart 977:13                                        _propagateToListeners
Web Tests (6)	UNKNOWN STEP	2026-02-25T20:11:24.5379228Z dart-sdk/lib/async/future_impl.dart 720:5                                         [_completeWithValue]
Web Tests (6)	UNKNOWN STEP	2026-02-25T20:11:24.5380148Z dart-sdk/lib/async/future_impl.dart 804:7                                         <fn>
Web Tests (6)	UNKNOWN STEP	2026-02-25T20:11:24.5381019Z dart-sdk/lib/async/zone_root.dart 35:13                                           _rootRun
Web Tests (6)	UNKNOWN STEP	2026-02-25T20:11:24.5381928Z dart-sdk/lib/_internal/js_dev_runtime/private/ddc_runtime/operations.dart 118:77  tear
Web Tests (6)	UNKNOWN STEP	2026-02-25T20:11:24.5382806Z dart-sdk/lib/async/zone.dart 726:19                                               run
Web Tests (6)	UNKNOWN STEP	2026-02-25T20:11:24.5383647Z dart-sdk/lib/async/zone.dart 625:7                                                runGuarded
Web Tests (6)	UNKNOWN STEP	2026-02-25T20:11:24.5384477Z dart-sdk/lib/async/zone.dart 666:23                                               <fn>
Web Tests (6)	UNKNOWN STEP	2026-02-25T20:11:24.5385403Z dart-sdk/lib/async/schedule_microtask.dart 40:34                                  _microtaskLoop
Web Tests (6)	UNKNOWN STEP	2026-02-25T20:11:24.5386424Z dart-sdk/lib/async/schedule_microtask.dart 49:5                                   _startMicrotaskLoop
Web Tests (6)	UNKNOWN STEP	2026-02-25T20:11:24.5387387Z dart-sdk/lib/_internal/js_dev_runtime/private/ddc_runtime/operations.dart 118:77  tear
Web Tests (6)	UNKNOWN STEP	2026-02-25T20:11:24.5388693Z dart-sdk/lib/_internal/js_dev_runtime/patch/async_patch.dart 188:69               <fn>
Web Tests (6)	UNKNOWN STEP	2026-02-25T20:11:24.5389233Z 
Web Tests (6)	UNKNOWN STEP	2026-02-25T20:11:24.5407128Z The test description was:
Web Tests (6)	UNKNOWN STEP	2026-02-25T20:11:24.5408417Z   Sent message appears in feed
Web Tests (6)	UNKNOWN STEP	2026-02-25T20:11:24.5409607Z ════════════════════════════════════════════════════════════════════════════════════════════════════
Web Tests (6)	UNKNOWN STEP	2026-02-25T20:11:24.5410503Z 01:08 +2 -1: Content Creation with Real Matrix Server Sent message appears in feed [E]
Web Tests (6)	UNKNOWN STEP	2026-02-25T20:11:24.5411225Z   Test failed. See exception logs above.
Web Tests (6)	UNKNOWN STEP	2026-02-25T20:11:24.5411767Z   The test description was: Sent message appears in feed
Web Tests (6)	UNKNOWN STEP	2026-02-25T20:11:24.5412161Z 
Web Tests (6)	UNKNOWN STEP	2026-02-25T20:11:24.5412546Z 01:08 +2 -2: Content Creation with Real Matrix Server Can create text post with formatting
Web Tests (6)	UNKNOWN STEP	2026-02-25T20:11:24.5790069Z [90m[🌎 Easy Localization] [DEBUG] Localization initialized[0m
Web Tests (6)	UNKNOWN STEP	2026-02-25T20:11:24.5790730Z [Matrix] Initialize client Substitution
Web Tests (6)	UNKNOWN STEP	2026-02-25T20:11:24.6135285Z [Matrix] Successfully connected as testuser1 with http://localhost:8008
Web Tests (6)	UNKNOWN STEP	2026-02-25T20:11:24.6300523Z [90m[🌎 Easy Localization] [DEBUG] Start[0m
Web Tests (6)	UNKNOWN STEP	2026-02-25T20:11:25.0835892Z 01:09 +2 -2: Content Creation with Real Matrix Server Can compose and send a text message
Web Tests (6)	UNKNOWN STEP	2026-02-25T20:11:25.0837395Z [90m[🌎 Easy Localization] [DEBUG] Init state[0m
Web Tests (6)	UNKNOWN STEP	2026-02-25T20:11:25.0838218Z [90m[🌎 Easy Localization] [DEBUG] Build[0m
Web Tests (6)	UNKNOWN STEP	2026-02-25T20:11:25.0839066Z [90m[🌎 Easy Localization] [DEBUG] Init Localization Delegate[0m
Web Tests (6)	UNKNOWN STEP	2026-02-25T20:11:25.0839820Z [90m[🌎 Easy Localization] [DEBUG] Init provider[0m
Web Tests (6)	UNKNOWN STEP	2026-02-25T20:11:25.0918760Z [90m[🌎 Easy Localization] [DEBUG] Load Localization Delegate[0m
Web Tests (6)	UNKNOWN STEP	2026-02-25T20:11:25.0930238Z [90m[🌎 Easy Localization] [DEBUG] Load asset from assets/translations[0m
Web Tests (6)	UNKNOWN STEP	2026-02-25T20:11:25.6130401Z [90m[🌎 Easy Localization] [DEBUG] Build[0m
Web Tests (6)	UNKNOWN STEP	2026-02-25T20:11:25.6131632Z [90m[🌎 Easy Localization] [DEBUG] Init Localization Delegate[0m
Web Tests (6)	UNKNOWN STEP	2026-02-25T20:11:25.6133152Z [90m[🌎 Easy Localization] [DEBUG] Init provider[0m
Web Tests (6)	UNKNOWN STEP	2026-02-25T20:11:25.7343495Z checking room test_art id: !XPCXgTJPqpZjaTsxgj:test.matrix.local
Web Tests (6)	UNKNOWN STEP	2026-02-25T20:11:25.7344374Z checking room test_general id: !qHDJujIJduoWrqxXOJ:test.matrix.local
Web Tests (6)	UNKNOWN STEP	2026-02-25T20:11:25.7345197Z checking room test_avatar id: !sNpMTcIAevnJIwKDyr:test.matrix.local
Web Tests (6)	UNKNOWN STEP	2026-02-25T20:11:25.7348288Z checking room test_invite_only id: !NUHjVqLWZHiEQNIYLF:test.matrix.local
Web Tests (6)	UNKNOWN STEP	2026-02-25T20:11:25.7349139Z checking room test_photos id: !eibvCIQszqRrqqinJx:test.matrix.local
Web Tests (6)	UNKNOWN STEP	2026-02-25T20:11:25.7358587Z start quering new events...
Web Tests (6)	UNKNOWN STEP	2026-02-25T20:11:25.7359277Z finished...
Web Tests (6)	UNKNOWN STEP	2026-02-25T20:11:25.7360015Z ret is empty...
Web Tests (6)	UNKNOWN STEP	2026-02-25T20:11:25.7361395Z no new things to append...
Web Tests (6)	UNKNOWN STEP	2026-02-25T20:11:26.7539659Z 01:10 +2 -2: Content Creation with Real Matrix Server Can create text post with formatting
Web Tests (6)	UNKNOWN STEP	2026-02-25T20:11:26.7540609Z Waiting for globalMatrixClient to be initialized...
Web Tests (6)	UNKNOWN STEP	2026-02-25T20:11:26.7541153Z globalMatrixClient initialized!
Web Tests (6)	UNKNOWN STEP	2026-02-25T20:11:34.7823454Z [Matrix] Current sync request ID has changed. Dropping this sync loop!
Web Tests (6)	UNKNOWN STEP	2026-02-25T20:11:44.2991254Z ══╡ EXCEPTION CAUGHT BY FLUTTER TEST FRAMEWORK ╞════════════════════════════════════════════════════
Web Tests (6)	UNKNOWN STEP	2026-02-25T20:11:44.2997112Z The following TestFailure was thrown running a test:
Web Tests (6)	UNKNOWN STEP	2026-02-25T20:11:44.3000701Z Expected: exactly one matching candidate
Web Tests (6)	UNKNOWN STEP	2026-02-25T20:11:44.3155562Z   Actual: _KeyWidgetFinder:<Found 0 widgets with key [<'loginUsernameInput'>]: []>
Web Tests (6)	UNKNOWN STEP	2026-02-25T20:11:44.3159286Z    Which: means none were found but one was expected
Web Tests (6)	UNKNOWN STEP	2026-02-25T20:11:44.3159914Z Username field should be visible on login page
Web Tests (6)	UNKNOWN STEP	2026-02-25T20:11:44.3160293Z 
Web Tests (6)	UNKNOWN STEP	2026-02-25T20:11:44.3160516Z When the exception was thrown, this was the stack:
Web Tests (6)	UNKNOWN STEP	2026-02-25T20:11:44.3161308Z dart-sdk/lib/_internal/js_dev_runtime/private/ddc_runtime/errors.dart 274:3       throw_
Web Tests (6)	UNKNOWN STEP	2026-02-25T20:11:44.3162595Z package:matcher/src/expect/expect.dart 187:31                                     fail
Web Tests (6)	UNKNOWN STEP	2026-02-25T20:11:44.3165103Z package:matcher/src/expect/expect.dart 182:3                                      _expect
Web Tests (6)	UNKNOWN STEP	2026-02-25T20:11:44.3166103Z package:matcher/src/expect/expect.dart 65:3                                       expect$
Web Tests (6)	UNKNOWN STEP	2026-02-25T20:11:44.3167090Z package:flutter_test/src/widget_tester.dart 473:18                                expect$
Web Tests (6)	UNKNOWN STEP	2026-02-25T20:11:44.3168209Z post_creation_with_matrix_test.dart 184:7                                         <fn>
Web Tests (6)	UNKNOWN STEP	2026-02-25T20:11:44.3169170Z dart-sdk/lib/_internal/js_dev_runtime/patch/async_patch.dart 623:19               <fn>
Web Tests (6)	UNKNOWN STEP	2026-02-25T20:11:44.3170135Z dart-sdk/lib/_internal/js_dev_runtime/patch/async_patch.dart 648:23               <fn>
Web Tests (6)	UNKNOWN STEP	2026-02-25T20:11:44.3171080Z dart-sdk/lib/_internal/js_dev_runtime/patch/async_patch.dart 594:19               <fn>
Web Tests (6)	UNKNOWN STEP	2026-02-25T20:11:44.3172074Z dart-sdk/lib/async/zone_root.dart 48:47                                           _rootRunUnary
Web Tests (6)	UNKNOWN STEP	2026-02-25T20:11:44.3173070Z dart-sdk/lib/_internal/js_dev_runtime/private/ddc_runtime/operations.dart 118:77  tear
Web Tests (6)	UNKNOWN STEP	2026-02-25T20:11:44.3174043Z dart-sdk/lib/async/zone.dart 733:19                                               runUnary
Web Tests (6)	UNKNOWN STEP	2026-02-25T20:11:44.3175236Z dart-sdk/lib/async/future_impl.dart 222:18                                        handleValue
Web Tests (6)	UNKNOWN STEP	2026-02-25T20:11:44.3176293Z dart-sdk/lib/async/future_impl.dart 948:44                                        handleValueCallback
Web Tests (6)	UNKNOWN STEP	2026-02-25T20:11:44.3177347Z dart-sdk/lib/async/future_impl.dart 977:13                                        _propagateToListeners
Web Tests (6)	UNKNOWN STEP	2026-02-25T20:11:44.3178602Z dart-sdk/lib/async/future_impl.dart 720:5                                         [_completeWithValue]
Web Tests (6)	UNKNOWN STEP	2026-02-25T20:11:44.3179558Z dart-sdk/lib/async/future_impl.dart 804:7                                         <fn>
Web Tests (6)	UNKNOWN STEP	2026-02-25T20:11:44.3180442Z dart-sdk/lib/async/zone_root.dart 35:13                                           _rootRun
Web Tests (6)	UNKNOWN STEP	2026-02-25T20:11:44.3181371Z dart-sdk/lib/_internal/js_dev_runtime/private/ddc_runtime/operations.dart 118:77  tear
Web Tests (6)	UNKNOWN STEP	2026-02-25T20:11:44.3182325Z dart-sdk/lib/async/zone.dart 726:19                                               run
Web Tests (6)	UNKNOWN STEP	2026-02-25T20:11:44.3183204Z dart-sdk/lib/async/zone.dart 625:7                                                runGuarded
Web Tests (6)	UNKNOWN STEP	2026-02-25T20:11:44.3184094Z dart-sdk/lib/async/zone.dart 666:23                                               <fn>
Web Tests (6)	UNKNOWN STEP	2026-02-25T20:11:44.3185056Z dart-sdk/lib/async/schedule_microtask.dart 40:34                                  _microtaskLoop
Web Tests (6)	UNKNOWN STEP	2026-02-25T20:11:44.3186134Z dart-sdk/lib/async/schedule_microtask.dart 49:5                                   _startMicrotaskLoop
Web Tests (6)	UNKNOWN STEP	2026-02-25T20:11:44.3187218Z dart-sdk/lib/_internal/js_dev_runtime/private/ddc_runtime/operations.dart 118:77  tear
Web Tests (6)	UNKNOWN STEP	2026-02-25T20:11:44.3188414Z dart-sdk/lib/_internal/js_dev_runtime/patch/async_patch.dart 188:69               <fn>
Web Tests (6)	UNKNOWN STEP	2026-02-25T20:11:44.3188975Z 
Web Tests (6)	UNKNOWN STEP	2026-02-25T20:11:44.3189132Z The test description was:
Web Tests (6)	UNKNOWN STEP	2026-02-25T20:11:44.3189550Z   Can create text post with formatting
Web Tests (6)	UNKNOWN STEP	2026-02-25T20:11:44.3190619Z ════════════════════════════════════════════════════════════════════════════════════════════════════
Web Tests (6)	UNKNOWN STEP	2026-02-25T20:11:44.3196590Z 01:28 +2 -2: Content Creation with Real Matrix Server Can create text post with formatting [E]
Web Tests (6)	UNKNOWN STEP	2026-02-25T20:11:44.3197368Z   Test failed. See exception logs above.
Web Tests (6)	UNKNOWN STEP	2026-02-25T20:11:44.3198245Z   The test description was: Can create text post with formatting
Web Tests (6)	UNKNOWN STEP	2026-02-25T20:11:44.3198726Z 
Web Tests (6)	UNKNOWN STEP	2026-02-25T20:11:44.3199200Z 01:28 +2 -3: Content Creation with Real Matrix Server Message appears in correct room (test_general)
Web Tests (6)	UNKNOWN STEP	2026-02-25T20:11:44.3401847Z [90m[🌎 Easy Localization] [DEBUG] Localization initialized[0m
Web Tests (6)	UNKNOWN STEP	2026-02-25T20:11:44.3409250Z [Matrix] Initialize client Substitution
Web Tests (6)	UNKNOWN STEP	2026-02-25T20:11:44.3544709Z [Matrix] Successfully connected as testuser1 with http://localhost:8008
Web Tests (6)	UNKNOWN STEP	2026-02-25T20:11:44.3722504Z [90m[🌎 Easy Localization] [DEBUG] Start[0m
Web Tests (6)	UNKNOWN STEP	2026-02-25T20:11:44.8479140Z 01:28 +2 -3: Content Creation with Real Matrix Server Can compose and send a text message
Web Tests (6)	UNKNOWN STEP	2026-02-25T20:11:44.8480418Z [90m[🌎 Easy Localization] [DEBUG] Init state[0m
Web Tests (6)	UNKNOWN STEP	2026-02-25T20:11:44.8501148Z [90m[🌎 Easy Localization] [DEBUG] Build[0m
Web Tests (6)	UNKNOWN STEP	2026-02-25T20:11:44.8506436Z [90m[🌎 Easy Localization] [DEBUG] Init Localization Delegate[0m
Web Tests (6)	UNKNOWN STEP	2026-02-25T20:11:44.8508842Z [90m[🌎 Easy Localization] [DEBUG] Init provider[0m
Web Tests (6)	UNKNOWN STEP	2026-02-25T20:11:44.8589586Z [90m[🌎 Easy Localization] [DEBUG] Load Localization Delegate[0m
Web Tests (6)	UNKNOWN STEP	2026-02-25T20:11:44.8593923Z [90m[🌎 Easy Localization] [DEBUG] Load asset from assets/translations[0m
Web Tests (6)	UNKNOWN STEP	2026-02-25T20:11:45.3789153Z [90m[🌎 Easy Localization] [DEBUG] Build[0m
Web Tests (6)	UNKNOWN STEP	2026-02-25T20:11:45.3790498Z [90m[🌎 Easy Localization] [DEBUG] Init Localization Delegate[0m
Web Tests (6)	UNKNOWN STEP	2026-02-25T20:11:45.3790978Z [90m[🌎 Easy Localization] [DEBUG] Init provider[0m
Web Tests (6)	UNKNOWN STEP	2026-02-25T20:11:45.4933023Z checking room test_art id: !XPCXgTJPqpZjaTsxgj:test.matrix.local
Web Tests (6)	UNKNOWN STEP	2026-02-25T20:11:45.4934300Z checking room test_general id: !qHDJujIJduoWrqxXOJ:test.matrix.local
Web Tests (6)	UNKNOWN STEP	2026-02-25T20:11:45.4935035Z checking room test_avatar id: !sNpMTcIAevnJIwKDyr:test.matrix.local
Web Tests (6)	UNKNOWN STEP	2026-02-25T20:11:45.4935563Z checking room test_invite_only id: !NUHjVqLWZHiEQNIYLF:test.matrix.local
Web Tests (6)	UNKNOWN STEP	2026-02-25T20:11:45.4944742Z checking room test_photos id: !eibvCIQszqRrqqinJx:test.matrix.local
Web Tests (6)	UNKNOWN STEP	2026-02-25T20:11:45.4945421Z start quering new events...
Web Tests (6)	UNKNOWN STEP	2026-02-25T20:11:45.4945672Z finished...
Web Tests (6)	UNKNOWN STEP	2026-02-25T20:11:45.4947125Z ret is empty...
Web Tests (6)	UNKNOWN STEP	2026-02-25T20:11:45.4947700Z no new things to append...
Web Tests (6)	UNKNOWN STEP	2026-02-25T20:11:46.5038702Z 01:30 +2 -3: Content Creation with Real Matrix Server Message appears in correct room (test_general)
Web Tests (6)	UNKNOWN STEP	2026-02-25T20:11:46.5039816Z Waiting for globalMatrixClient to be initialized...
Web Tests (6)	UNKNOWN STEP	2026-02-25T20:11:46.5040371Z globalMatrixClient initialized!
Web Tests (6)	UNKNOWN STEP	2026-02-25T20:12:04.0257295Z ══╡ EXCEPTION CAUGHT BY FLUTTER TEST FRAMEWORK ╞════════════════════════════════════════════════════
Web Tests (6)	UNKNOWN STEP	2026-02-25T20:12:04.0259816Z The following TestFailure was thrown running a test:
Web Tests (6)	UNKNOWN STEP	2026-02-25T20:12:04.0260407Z Expected: exactly one matching candidate
Web Tests (6)	UNKNOWN STEP	2026-02-25T20:12:04.0261133Z   Actual: _KeyWidgetFinder:<Found 0 widgets with key [<'loginUsernameInput'>]: []>
Web Tests (6)	UNKNOWN STEP	2026-02-25T20:12:04.0261986Z    Which: means none were found but one was expected
Web Tests (6)	UNKNOWN STEP	2026-02-25T20:12:04.0262606Z Username field should be visible on login page
Web Tests (6)	UNKNOWN STEP	2026-02-25T20:12:04.0262999Z 
Web Tests (6)	UNKNOWN STEP	2026-02-25T20:12:04.0263235Z When the exception was thrown, this was the stack:
Web Tests (6)	UNKNOWN STEP	2026-02-25T20:12:04.0264033Z dart-sdk/lib/_internal/js_dev_runtime/private/ddc_runtime/errors.dart 274:3       throw_
Web Tests (6)	UNKNOWN STEP	2026-02-25T20:12:04.0265049Z package:matcher/src/expect/expect.dart 187:31                                     fail
Web Tests (6)	UNKNOWN STEP	2026-02-25T20:12:04.0266030Z package:matcher/src/expect/expect.dart 182:3                                      _expect
Web Tests (6)	UNKNOWN STEP	2026-02-25T20:12:04.0267059Z package:matcher/src/expect/expect.dart 65:3                                       expect$
Web Tests (6)	UNKNOWN STEP	2026-02-25T20:12:04.0269432Z package:flutter_test/src/widget_tester.dart 473:18                                expect$
Web Tests (6)	UNKNOWN STEP	2026-02-25T20:12:04.0270454Z post_creation_with_matrix_test.dart 184:7                                         <fn>
Web Tests (6)	UNKNOWN STEP	2026-02-25T20:12:04.0271354Z dart-sdk/lib/_internal/js_dev_runtime/patch/async_patch.dart 623:19               <fn>
Web Tests (6)	UNKNOWN STEP	2026-02-25T20:12:04.0272355Z dart-sdk/lib/_internal/js_dev_runtime/patch/async_patch.dart 648:23               <fn>
Web Tests (6)	UNKNOWN STEP	2026-02-25T20:12:04.0273323Z dart-sdk/lib/_internal/js_dev_runtime/patch/async_patch.dart 594:19               <fn>
Web Tests (6)	UNKNOWN STEP	2026-02-25T20:12:04.0274257Z dart-sdk/lib/async/zone_root.dart 48:47                                           _rootRunUnary
Web Tests (6)	UNKNOWN STEP	2026-02-25T20:12:04.0275304Z dart-sdk/lib/_internal/js_dev_runtime/private/ddc_runtime/operations.dart 118:77  tear
Web Tests (6)	UNKNOWN STEP	2026-02-25T20:12:04.0276289Z dart-sdk/lib/async/zone.dart 733:19                                               runUnary
Web Tests (6)	UNKNOWN STEP	2026-02-25T20:12:04.0277253Z dart-sdk/lib/async/future_impl.dart 222:18                                        handleValue
Web Tests (6)	UNKNOWN STEP	2026-02-25T20:12:04.0278434Z dart-sdk/lib/async/future_impl.dart 948:44                                        handleValueCallback
Web Tests (6)	UNKNOWN STEP	2026-02-25T20:12:04.0279525Z dart-sdk/lib/async/future_impl.dart 977:13                                        _propagateToListeners
Web Tests (6)	UNKNOWN STEP	2026-02-25T20:12:04.0281140Z dart-sdk/lib/async/future_impl.dart 720:5                                         [_completeWithValue]
Web Tests (6)	UNKNOWN STEP	2026-02-25T20:12:04.0282143Z dart-sdk/lib/async/future_impl.dart 804:7                                         <fn>
Web Tests (6)	UNKNOWN STEP	2026-02-25T20:12:04.0330649Z dart-sdk/lib/async/zone_root.dart 35:13                                           _rootRun
Web Tests (6)	UNKNOWN STEP	2026-02-25T20:12:04.0333230Z dart-sdk/lib/_internal/js_dev_runtime/private/ddc_runtime/operations.dart 118:77  tear
Web Tests (6)	UNKNOWN STEP	2026-02-25T20:12:04.0334673Z dart-sdk/lib/async/zone.dart 726:19                                               run
Web Tests (6)	UNKNOWN STEP	2026-02-25T20:12:04.0339566Z dart-sdk/lib/async/zone.dart 625:7                                                runGuarded
Web Tests (6)	UNKNOWN STEP	2026-02-25T20:12:04.0340258Z dart-sdk/lib/async/zone.dart 666:23                                               <fn>
Web Tests (6)	UNKNOWN STEP	2026-02-25T20:12:04.0341251Z dart-sdk/lib/async/schedule_microtask.dart 40:34                                  _microtaskLoop
Web Tests (6)	UNKNOWN STEP	2026-02-25T20:12:04.0342590Z dart-sdk/lib/async/schedule_microtask.dart 49:5                                   _startMicrotaskLoop
Web Tests (6)	UNKNOWN STEP	2026-02-25T20:12:04.0343616Z dart-sdk/lib/_internal/js_dev_runtime/private/ddc_runtime/operations.dart 118:77  tear
Web Tests (6)	UNKNOWN STEP	2026-02-25T20:12:04.0344837Z dart-sdk/lib/_internal/js_dev_runtime/patch/async_patch.dart 188:69               <fn>
Web Tests (6)	UNKNOWN STEP	2026-02-25T20:12:04.0345238Z 
Web Tests (6)	UNKNOWN STEP	2026-02-25T20:12:04.0345335Z The test description was:
Web Tests (6)	UNKNOWN STEP	2026-02-25T20:12:04.0352360Z   Message appears in correct room (test_general)
Web Tests (6)	UNKNOWN STEP	2026-02-25T20:12:04.0353517Z ════════════════════════════════════════════════════════════════════════════════════════════════════
Web Tests (6)	UNKNOWN STEP	2026-02-25T20:12:04.0355076Z 01:48 +2 -3: Content Creation with Real Matrix Server Message appears in correct room (test_general) [E]
Web Tests (6)	UNKNOWN STEP	2026-02-25T20:12:04.0355912Z   Test failed. See exception logs above.
Web Tests (6)	UNKNOWN STEP	2026-02-25T20:12:04.0356566Z   The test description was: Message appears in correct room (test_general)
Web Tests (6)	UNKNOWN STEP	2026-02-25T20:12:04.0357068Z 
Web Tests (6)	UNKNOWN STEP	2026-02-25T20:12:04.0357552Z 01:48 +2 -4: Content Creation with Real Matrix Server Multiple users can send messages to same room
Web Tests (6)	UNKNOWN STEP	2026-02-25T20:12:04.0578279Z [90m[🌎 Easy Localization] [DEBUG] Localization initialized[0m
Web Tests (6)	UNKNOWN STEP	2026-02-25T20:12:04.0581072Z [Matrix] Initialize client Substitution
Web Tests (6)	UNKNOWN STEP	2026-02-25T20:12:04.0930898Z [Matrix] Successfully connected as testuser1 with http://localhost:8008
Web Tests (6)	UNKNOWN STEP	2026-02-25T20:12:04.1134421Z [90m[🌎 Easy Localization] [DEBUG] Start[0m
Web Tests (6)	UNKNOWN STEP	2026-02-25T20:12:04.5630991Z 01:48 +2 -4: Content Creation with Real Matrix Server Can compose and send a text message
Web Tests (6)	UNKNOWN STEP	2026-02-25T20:12:04.5642665Z [90m[🌎 Easy Localization] [DEBUG] Init state[0m
Web Tests (6)	UNKNOWN STEP	2026-02-25T20:12:04.5655155Z [90m[🌎 Easy Localization] [DEBUG] Build[0m
Web Tests (6)	UNKNOWN STEP	2026-02-25T20:12:04.5656303Z [90m[🌎 Easy Localization] [DEBUG] Init Localization Delegate[0m
Web Tests (6)	UNKNOWN STEP	2026-02-25T20:12:04.5657131Z [90m[🌎 Easy Localization] [DEBUG] Init provider[0m
Web Tests (6)	UNKNOWN STEP	2026-02-25T20:12:04.5734369Z [90m[🌎 Easy Localization] [DEBUG] Load Localization Delegate[0m
Web Tests (6)	UNKNOWN STEP	2026-02-25T20:12:04.5743747Z [90m[🌎 Easy Localization] [DEBUG] Load asset from assets/translations[0m
Web Tests (6)	UNKNOWN STEP	2026-02-25T20:12:04.7893782Z [Matrix] Current sync request ID has changed. Dropping this sync loop!
Web Tests (6)	UNKNOWN STEP	2026-02-25T20:12:05.0949243Z [90m[🌎 Easy Localization] [DEBUG] Build[0m
Web Tests (6)	UNKNOWN STEP	2026-02-25T20:12:05.0950337Z [90m[🌎 Easy Localization] [DEBUG] Init Localization Delegate[0m
Web Tests (6)	UNKNOWN STEP	2026-02-25T20:12:05.0951069Z [90m[🌎 Easy Localization] [DEBUG] Init provider[0m
Web Tests (6)	UNKNOWN STEP	2026-02-25T20:12:05.2165979Z checking room test_art id: !XPCXgTJPqpZjaTsxgj:test.matrix.local
Web Tests (6)	UNKNOWN STEP	2026-02-25T20:12:05.2166870Z checking room test_general id: !qHDJujIJduoWrqxXOJ:test.matrix.local
Web Tests (6)	UNKNOWN STEP	2026-02-25T20:12:05.2167680Z checking room test_avatar id: !sNpMTcIAevnJIwKDyr:test.matrix.local
Web Tests (6)	UNKNOWN STEP	2026-02-25T20:12:05.2168747Z checking room test_invite_only id: !NUHjVqLWZHiEQNIYLF:test.matrix.local
Web Tests (6)	UNKNOWN STEP	2026-02-25T20:12:05.2181080Z checking room test_photos id: !eibvCIQszqRrqqinJx:test.matrix.local
Web Tests (6)	UNKNOWN STEP	2026-02-25T20:12:05.2181757Z start quering new events...
Web Tests (6)	UNKNOWN STEP	2026-02-25T20:12:05.2182166Z finished...
Web Tests (6)	UNKNOWN STEP	2026-02-25T20:12:05.2182835Z ret is empty...
Web Tests (6)	UNKNOWN STEP	2026-02-25T20:12:05.2183845Z no new things to append...
Web Tests (6)	UNKNOWN STEP	2026-02-25T20:12:06.2362020Z 01:50 +2 -4: Content Creation with Real Matrix Server Multiple users can send messages to same room
Web Tests (6)	UNKNOWN STEP	2026-02-25T20:12:06.2363450Z Waiting for globalMatrixClient to be initialized...
Web Tests (6)	UNKNOWN STEP	2026-02-25T20:12:06.2364018Z globalMatrixClient initialized!
Web Tests (6)	UNKNOWN STEP	2026-02-25T20:12:23.7417451Z ══╡ EXCEPTION CAUGHT BY FLUTTER TEST FRAMEWORK ╞════════════════════════════════════════════════════
Web Tests (6)	UNKNOWN STEP	2026-02-25T20:12:23.7423132Z The following TestFailure was thrown running a test:
Web Tests (6)	UNKNOWN STEP	2026-02-25T20:12:23.7427732Z Expected: exactly one matching candidate
Web Tests (6)	UNKNOWN STEP	2026-02-25T20:12:23.7430855Z   Actual: _KeyWidgetFinder:<Found 0 widgets with key [<'loginUsernameInput'>]: []>
Web Tests (6)	UNKNOWN STEP	2026-02-25T20:12:23.7431666Z    Which: means none were found but one was expected
Web Tests (6)	UNKNOWN STEP	2026-02-25T20:12:23.7432243Z Username field should be visible on login page
Web Tests (6)	UNKNOWN STEP	2026-02-25T20:12:23.7432592Z 
Web Tests (6)	UNKNOWN STEP	2026-02-25T20:12:23.7432813Z When the exception was thrown, this was the stack:
Web Tests (6)	UNKNOWN STEP	2026-02-25T20:12:23.7433642Z dart-sdk/lib/_internal/js_dev_runtime/private/ddc_runtime/errors.dart 274:3       throw_
Web Tests (6)	UNKNOWN STEP	2026-02-25T20:12:23.7434606Z package:matcher/src/expect/expect.dart 187:31                                     fail
Web Tests (6)	UNKNOWN STEP	2026-02-25T20:12:23.7435549Z package:matcher/src/expect/expect.dart 182:3                                      _expect
Web Tests (6)	UNKNOWN STEP	2026-02-25T20:12:23.7436493Z package:matcher/src/expect/expect.dart 65:3                                       expect$
Web Tests (6)	UNKNOWN STEP	2026-02-25T20:12:23.7437425Z package:flutter_test/src/widget_tester.dart 473:18                                expect$
Web Tests (6)	UNKNOWN STEP	2026-02-25T20:12:23.7446750Z post_creation_with_matrix_test.dart 184:7                                         <fn>
Web Tests (6)	UNKNOWN STEP	2026-02-25T20:12:23.7450909Z dart-sdk/lib/_internal/js_dev_runtime/patch/async_patch.dart 623:19               <fn>
Web Tests (6)	UNKNOWN STEP	2026-02-25T20:12:23.7451890Z dart-sdk/lib/_internal/js_dev_runtime/patch/async_patch.dart 648:23               <fn>
Web Tests (6)	UNKNOWN STEP	2026-02-25T20:12:23.7454520Z dart-sdk/lib/_internal/js_dev_runtime/patch/async_patch.dart 594:19               <fn>
Web Tests (6)	UNKNOWN STEP	2026-02-25T20:12:23.7459778Z dart-sdk/lib/async/zone_root.dart 48:47                                           _rootRunUnary
Web Tests (6)	UNKNOWN STEP	2026-02-25T20:12:23.7460904Z dart-sdk/lib/_internal/js_dev_runtime/private/ddc_runtime/operations.dart 118:77  tear
Web Tests (6)	UNKNOWN STEP	2026-02-25T20:12:23.7461865Z dart-sdk/lib/async/zone.dart 733:19                                               runUnary
Web Tests (6)	UNKNOWN STEP	2026-02-25T20:12:23.7522518Z dart-sdk/lib/async/future_impl.dart 222:18                                        handleValue
Web Tests (6)	UNKNOWN STEP	2026-02-25T20:12:23.7525990Z dart-sdk/lib/async/future_impl.dart 948:44                                        handleValueCallback
Web Tests (6)	UNKNOWN STEP	2026-02-25T20:12:23.7527628Z dart-sdk/lib/async/future_impl.dart 977:13                                        _propagateToListeners
Web Tests (6)	UNKNOWN STEP	2026-02-25T20:12:23.7529389Z dart-sdk/lib/async/future_impl.dart 720:5                                         [_completeWithValue]
Web Tests (6)	UNKNOWN STEP	2026-02-25T20:12:23.7530335Z dart-sdk/lib/async/future_impl.dart 804:7                                         <fn>
Web Tests (6)	UNKNOWN STEP	2026-02-25T20:12:23.7531498Z dart-sdk/lib/async/zone_root.dart 35:13                                           _rootRun
Web Tests (6)	UNKNOWN STEP	2026-02-25T20:12:23.7532410Z dart-sdk/lib/_internal/js_dev_runtime/private/ddc_runtime/operations.dart 118:77  tear
Web Tests (6)	UNKNOWN STEP	2026-02-25T20:12:23.7533241Z dart-sdk/lib/async/zone.dart 726:19                                               run
Web Tests (6)	UNKNOWN STEP	2026-02-25T20:12:23.7534077Z dart-sdk/lib/async/zone.dart 625:7                                                runGuarded
Web Tests (6)	UNKNOWN STEP	2026-02-25T20:12:23.7534868Z dart-sdk/lib/async/zone.dart 666:23                                               <fn>
Web Tests (6)	UNKNOWN STEP	2026-02-25T20:12:23.7536508Z dart-sdk/lib/async/schedule_microtask.dart 40:34                                  _microtaskLoop
Web Tests (6)	UNKNOWN STEP	2026-02-25T20:12:23.7537602Z dart-sdk/lib/async/schedule_microtask.dart 49:5                                   _startMicrotaskLoop
Web Tests (6)	UNKNOWN STEP	2026-02-25T20:12:23.7538774Z dart-sdk/lib/_internal/js_dev_runtime/private/ddc_runtime/operations.dart 118:77  tear
Web Tests (6)	UNKNOWN STEP	2026-02-25T20:12:23.7539652Z dart-sdk/lib/_internal/js_dev_runtime/patch/async_patch.dart 188:69               <fn>
Web Tests (6)	UNKNOWN STEP	2026-02-25T20:12:23.7540181Z 
Web Tests (6)	UNKNOWN STEP	2026-02-25T20:12:23.7540322Z The test description was:
Web Tests (6)	UNKNOWN STEP	2026-02-25T20:12:23.7540974Z   Multiple users can send messages to same room
Web Tests (6)	UNKNOWN STEP	2026-02-25T20:12:23.7541877Z ════════════════════════════════════════════════════════════════════════════════════════════════════
Web Tests (6)	UNKNOWN STEP	2026-02-25T20:12:23.7542866Z 02:07 +2 -4: Content Creation with Real Matrix Server Multiple users can send messages to same room [E]
Web Tests (6)	UNKNOWN STEP	2026-02-25T20:12:23.7544243Z   Test failed. See exception logs above.
Web Tests (6)	UNKNOWN STEP	2026-02-25T20:12:23.7544695Z   The test description was: Multiple users can send messages to same room
Web Tests (6)	UNKNOWN STEP	2026-02-25T20:12:23.7544996Z 
Web Tests (6)	UNKNOWN STEP	2026-02-25T20:12:23.7545223Z 02:07 +2 -5: Content Creation with Real Matrix Server Can upload an image to the feed
Web Tests (6)	UNKNOWN STEP	2026-02-25T20:12:23.7772787Z [90m[🌎 Easy Localization] [DEBUG] Localization initialized[0m
Web Tests (6)	UNKNOWN STEP	2026-02-25T20:12:23.7774126Z [Matrix] Initialize client Substitution
Web Tests (6)	UNKNOWN STEP	2026-02-25T20:12:23.8085788Z [Matrix] Successfully connected as testuser1 with http://localhost:8008
Web Tests (6)	UNKNOWN STEP	2026-02-25T20:12:23.8420537Z [90m[🌎 Easy Localization] [DEBUG] Start[0m
Web Tests (6)	UNKNOWN STEP	2026-02-25T20:12:24.2788999Z 02:08 +2 -5: Content Creation with Real Matrix Server Can compose and send a text message
Web Tests (6)	UNKNOWN STEP	2026-02-25T20:12:24.2790261Z [90m[🌎 Easy Localization] [DEBUG] Init state[0m
Web Tests (6)	UNKNOWN STEP	2026-02-25T20:12:24.2790914Z [90m[🌎 Easy Localization] [DEBUG] Build[0m
Web Tests (6)	UNKNOWN STEP	2026-02-25T20:12:24.2800492Z [90m[🌎 Easy Localization] [DEBUG] Init Localization Delegate[0m
Web Tests (6)	UNKNOWN STEP	2026-02-25T20:12:24.2801447Z [90m[🌎 Easy Localization] [DEBUG] Init provider[0m
Web Tests (6)	UNKNOWN STEP	2026-02-25T20:12:24.2890137Z [90m[🌎 Easy Localization] [DEBUG] Load Localization Delegate[0m
Web Tests (6)	UNKNOWN STEP	2026-02-25T20:12:24.2899688Z [90m[🌎 Easy Localization] [DEBUG] Load asset from assets/translations[0m
Web Tests (6)	UNKNOWN STEP	2026-02-25T20:12:24.8109480Z [90m[🌎 Easy Localization] [DEBUG] Build[0m
Web Tests (6)	UNKNOWN STEP	2026-02-25T20:12:24.8110815Z [90m[🌎 Easy Localization] [DEBUG] Init Localization Delegate[0m
Web Tests (6)	UNKNOWN STEP	2026-02-25T20:12:24.8111592Z [90m[🌎 Easy Localization] [DEBUG] Init provider[0m
Web Tests (6)	UNKNOWN STEP	2026-02-25T20:12:24.9359356Z checking room test_art id: !XPCXgTJPqpZjaTsxgj:test.matrix.local
Web Tests (6)	UNKNOWN STEP	2026-02-25T20:12:24.9360360Z checking room test_general id: !qHDJujIJduoWrqxXOJ:test.matrix.local
Web Tests (6)	UNKNOWN STEP	2026-02-25T20:12:24.9361193Z checking room test_avatar id: !sNpMTcIAevnJIwKDyr:test.matrix.local
Web Tests (6)	UNKNOWN STEP	2026-02-25T20:12:24.9363218Z checking room test_invite_only id: !NUHjVqLWZHiEQNIYLF:test.matrix.local
Web Tests (6)	UNKNOWN STEP	2026-02-25T20:12:24.9364042Z checking room test_photos id: !eibvCIQszqRrqqinJx:test.matrix.local
Web Tests (6)	UNKNOWN STEP	2026-02-25T20:12:24.9373875Z start quering new events...
Web Tests (6)	UNKNOWN STEP	2026-02-25T20:12:24.9374306Z finished...
Web Tests (6)	UNKNOWN STEP	2026-02-25T20:12:24.9374631Z ret is empty...
Web Tests (6)	UNKNOWN STEP	2026-02-25T20:12:24.9375846Z no new things to append...
Web Tests (6)	UNKNOWN STEP	2026-02-25T20:12:25.9523292Z 02:09 +2 -5: Content Creation with Real Matrix Server Can upload an image to the feed
Web Tests (6)	UNKNOWN STEP	2026-02-25T20:12:25.9524537Z Waiting for globalMatrixClient to be initialized...
Web Tests (6)	UNKNOWN STEP	2026-02-25T20:12:25.9525100Z globalMatrixClient initialized!
Web Tests (6)	UNKNOWN STEP	2026-02-25T20:12:34.8013207Z [Matrix] Current sync request ID has changed. Dropping this sync loop!
Web Tests (6)	UNKNOWN STEP	2026-02-25T20:12:43.4510674Z ══╡ EXCEPTION CAUGHT BY FLUTTER TEST FRAMEWORK ╞════════════════════════════════════════════════════
Web Tests (6)	UNKNOWN STEP	2026-02-25T20:12:43.4516543Z The following TestFailure was thrown running a test:
Web Tests (6)	UNKNOWN STEP	2026-02-25T20:12:43.4517141Z Expected: exactly one matching candidate
Web Tests (6)	UNKNOWN STEP	2026-02-25T20:12:43.4518099Z   Actual: _KeyWidgetFinder:<Found 0 widgets with key [<'loginUsernameInput'>]: []>
Web Tests (6)	UNKNOWN STEP	2026-02-25T20:12:43.4518903Z    Which: means none were found but one was expected
Web Tests (6)	UNKNOWN STEP	2026-02-25T20:12:43.4519473Z Username field should be visible on login page
Web Tests (6)	UNKNOWN STEP	2026-02-25T20:12:43.4519875Z 
Web Tests (6)	UNKNOWN STEP	2026-02-25T20:12:43.4520094Z When the exception was thrown, this was the stack:
Web Tests (6)	UNKNOWN STEP	2026-02-25T20:12:43.4520874Z dart-sdk/lib/_internal/js_dev_runtime/private/ddc_runtime/errors.dart 274:3       throw_
Web Tests (6)	UNKNOWN STEP	2026-02-25T20:12:43.4521876Z package:matcher/src/expect/expect.dart 187:31                                     fail
Web Tests (6)	UNKNOWN STEP	2026-02-25T20:12:43.4522815Z package:matcher/src/expect/expect.dart 182:3                                      _expect
Web Tests (6)	UNKNOWN STEP	2026-02-25T20:12:43.4524841Z package:matcher/src/expect/expect.dart 65:3                                       expect$
Web Tests (6)	UNKNOWN STEP	2026-02-25T20:12:43.4602684Z package:flutter_test/src/widget_tester.dart 473:18                                expect$
Web Tests (6)	UNKNOWN STEP	2026-02-25T20:12:43.4603876Z post_creation_with_matrix_test.dart 184:7                                         <fn>
Web Tests (6)	UNKNOWN STEP	2026-02-25T20:12:43.4605026Z dart-sdk/lib/_internal/js_dev_runtime/patch/async_patch.dart 623:19               <fn>
Web Tests (6)	UNKNOWN STEP	2026-02-25T20:12:43.4606144Z dart-sdk/lib/_internal/js_dev_runtime/patch/async_patch.dart 648:23               <fn>
Web Tests (6)	UNKNOWN STEP	2026-02-25T20:12:43.4607226Z dart-sdk/lib/_internal/js_dev_runtime/patch/async_patch.dart 594:19               <fn>
Web Tests (6)	UNKNOWN STEP	2026-02-25T20:12:43.4609362Z dart-sdk/lib/async/zone_root.dart 48:47                                           _rootRunUnary
Web Tests (6)	UNKNOWN STEP	2026-02-25T20:12:43.4611705Z dart-sdk/lib/_internal/js_dev_runtime/private/ddc_runtime/operations.dart 118:77  tear
Web Tests (6)	UNKNOWN STEP	2026-02-25T20:12:43.4612628Z dart-sdk/lib/async/zone.dart 733:19                                               runUnary
Web Tests (6)	UNKNOWN STEP	2026-02-25T20:12:43.4617317Z dart-sdk/lib/async/future_impl.dart 222:18                                        handleValue
Web Tests (6)	UNKNOWN STEP	2026-02-25T20:12:43.4618532Z dart-sdk/lib/async/future_impl.dart 948:44                                        handleValueCallback
Web Tests (6)	UNKNOWN STEP	2026-02-25T20:12:43.4619442Z dart-sdk/lib/async/future_impl.dart 977:13                                        _propagateToListeners
Web Tests (6)	UNKNOWN STEP	2026-02-25T20:12:43.4620524Z dart-sdk/lib/async/future_impl.dart 720:5                                         [_completeWithValue]
Web Tests (6)	UNKNOWN STEP	2026-02-25T20:12:43.4621420Z dart-sdk/lib/async/future_impl.dart 804:7                                         <fn>
Web Tests (6)	UNKNOWN STEP	2026-02-25T20:12:43.4622244Z dart-sdk/lib/async/zone_root.dart 35:13                                           _rootRun
Web Tests (6)	UNKNOWN STEP	2026-02-25T20:12:43.4623136Z dart-sdk/lib/_internal/js_dev_runtime/private/ddc_runtime/operations.dart 118:77  tear
Web Tests (6)	UNKNOWN STEP	2026-02-25T20:12:43.4624039Z dart-sdk/lib/async/zone.dart 726:19                                               run
Web Tests (6)	UNKNOWN STEP	2026-02-25T20:12:43.4624886Z dart-sdk/lib/async/zone.dart 625:7                                                runGuarded
Web Tests (6)	UNKNOWN STEP	2026-02-25T20:12:43.4625731Z dart-sdk/lib/async/zone.dart 666:23                                               <fn>
Web Tests (6)	UNKNOWN STEP	2026-02-25T20:12:43.4626645Z dart-sdk/lib/async/schedule_microtask.dart 40:34                                  _microtaskLoop
Web Tests (6)	UNKNOWN STEP	2026-02-25T20:12:43.4627659Z dart-sdk/lib/async/schedule_microtask.dart 49:5                                   _startMicrotaskLoop
Web Tests (6)	UNKNOWN STEP	2026-02-25T20:12:43.4628899Z dart-sdk/lib/_internal/js_dev_runtime/private/ddc_runtime/operations.dart 118:77  tear
Web Tests (6)	UNKNOWN STEP	2026-02-25T20:12:43.4629832Z dart-sdk/lib/_internal/js_dev_runtime/patch/async_patch.dart 188:69               <fn>
Web Tests (6)	UNKNOWN STEP	2026-02-25T20:12:43.4630349Z 
Web Tests (6)	UNKNOWN STEP	2026-02-25T20:12:43.4630519Z The test description was:
Web Tests (6)	UNKNOWN STEP	2026-02-25T20:12:43.4636818Z   Can upload an image to the feed
Web Tests (6)	UNKNOWN STEP	2026-02-25T20:12:43.4638370Z ════════════════════════════════════════════════════════════════════════════════════════════════════
Web Tests (6)	UNKNOWN STEP	2026-02-25T20:12:43.4639899Z 02:27 +2 -5: Content Creation with Real Matrix Server Can upload an image to the feed [E]
Web Tests (6)	UNKNOWN STEP	2026-02-25T20:12:43.4640943Z   Test failed. See exception logs above.
Web Tests (6)	UNKNOWN STEP	2026-02-25T20:12:43.4641886Z   The test description was: Can upload an image to the feed
Web Tests (6)	UNKNOWN STEP	2026-02-25T20:12:43.4642316Z 
Web Tests (6)	UNKNOWN STEP	2026-02-25T20:12:43.4642705Z 02:27 +2 -6: Content Creation with Real Matrix Server Can upload a video to the feed
Web Tests (6)	UNKNOWN STEP	2026-02-25T20:12:43.4850142Z [90m[🌎 Easy Localization] [DEBUG] Localization initialized[0m
Web Tests (6)	UNKNOWN STEP	2026-02-25T20:12:43.4851552Z [Matrix] Initialize client Substitution
Web Tests (6)	UNKNOWN STEP	2026-02-25T20:12:43.5184170Z [Matrix] Successfully connected as testuser1 with http://localhost:8008
Web Tests (6)	UNKNOWN STEP	2026-02-25T20:12:43.5402506Z [90m[🌎 Easy Localization] [DEBUG] Start[0m
Web Tests (6)	UNKNOWN STEP	2026-02-25T20:12:43.9954633Z 02:27 +2 -6: Content Creation with Real Matrix Server Can compose and send a text message
Web Tests (6)	UNKNOWN STEP	2026-02-25T20:12:43.9955923Z [90m[🌎 Easy Localization] [DEBUG] Init state[0m
Web Tests (6)	UNKNOWN STEP	2026-02-25T20:12:43.9956694Z [90m[🌎 Easy Localization] [DEBUG] Build[0m
Web Tests (6)	UNKNOWN STEP	2026-02-25T20:12:43.9958422Z [90m[🌎 Easy Localization] [DEBUG] Init Localization Delegate[0m
Web Tests (6)	UNKNOWN STEP	2026-02-25T20:12:43.9959602Z [90m[🌎 Easy Localization] [DEBUG] Init provider[0m
Web Tests (6)	UNKNOWN STEP	2026-02-25T20:12:44.0038742Z [90m[🌎 Easy Localization] [DEBUG] Load Localization Delegate[0m
Web Tests (6)	UNKNOWN STEP	2026-02-25T20:12:44.0047463Z [90m[🌎 Easy Localization] [DEBUG] Load asset from assets/translations[0m
Web Tests (6)	UNKNOWN STEP	2026-02-25T20:12:44.5100663Z [90m[🌎 Easy Localization] [DEBUG] Build[0m
Web Tests (6)	UNKNOWN STEP	2026-02-25T20:12:44.5101768Z [90m[🌎 Easy Localization] [DEBUG] Init Localization Delegate[0m
Web Tests (6)	UNKNOWN STEP	2026-02-25T20:12:44.6289095Z [90m[🌎 Easy Localization] [DEBUG] Init provider[0m
Web Tests (6)	UNKNOWN STEP	2026-02-25T20:12:44.6289883Z checking room test_art id: !XPCXgTJPqpZjaTsxgj:test.matrix.local
Web Tests (6)	UNKNOWN STEP	2026-02-25T20:12:44.6290713Z checking room test_general id: !qHDJujIJduoWrqxXOJ:test.matrix.local
Web Tests (6)	UNKNOWN STEP	2026-02-25T20:12:44.6291502Z checking room test_avatar id: !sNpMTcIAevnJIwKDyr:test.matrix.local
Web Tests (6)	UNKNOWN STEP	2026-02-25T20:12:44.6292306Z checking room test_invite_only id: !NUHjVqLWZHiEQNIYLF:test.matrix.local
Web Tests (6)	UNKNOWN STEP	2026-02-25T20:12:44.6302907Z checking room test_photos id: !eibvCIQszqRrqqinJx:test.matrix.local
Web Tests (6)	UNKNOWN STEP	2026-02-25T20:12:44.6303601Z start quering new events...
Web Tests (6)	UNKNOWN STEP	2026-02-25T20:12:44.6305577Z finished...
Web Tests (6)	UNKNOWN STEP	2026-02-25T20:12:44.6305776Z ret is empty...
Web Tests (6)	UNKNOWN STEP	2026-02-25T20:12:44.6305994Z no new things to append...
Web Tests (6)	UNKNOWN STEP	2026-02-25T20:12:45.6506103Z 02:29 +2 -6: Content Creation with Real Matrix Server Can upload a video to the feed
Web Tests (6)	UNKNOWN STEP	2026-02-25T20:12:45.6506934Z Waiting for globalMatrixClient to be initialized...
Web Tests (6)	UNKNOWN STEP	2026-02-25T20:12:45.6507453Z globalMatrixClient initialized!
Web Tests (6)	UNKNOWN STEP	2026-02-25T20:13:03.1628091Z ══╡ EXCEPTION CAUGHT BY FLUTTER TEST FRAMEWORK ╞════════════════════════════════════════════════════
Web Tests (6)	UNKNOWN STEP	2026-02-25T20:13:03.1629257Z The following TestFailure was thrown running a test:
Web Tests (6)	UNKNOWN STEP	2026-02-25T20:13:03.1629881Z Expected: exactly one matching candidate
Web Tests (6)	UNKNOWN STEP	2026-02-25T20:13:03.1630781Z   Actual: _KeyWidgetFinder:<Found 0 widgets with key [<'loginUsernameInput'>]: []>
Web Tests (6)	UNKNOWN STEP	2026-02-25T20:13:03.1631758Z    Which: means none were found but one was expected
Web Tests (6)	UNKNOWN STEP	2026-02-25T20:13:03.1634005Z Username field should be visible on login page
Web Tests (6)	UNKNOWN STEP	2026-02-25T20:13:03.1634770Z 
Web Tests (6)	UNKNOWN STEP	2026-02-25T20:13:03.1635038Z When the exception was thrown, this was the stack:
Web Tests (6)	UNKNOWN STEP	2026-02-25T20:13:03.1635897Z dart-sdk/lib/_internal/js_dev_runtime/private/ddc_runtime/errors.dart 274:3       throw_
Web Tests (6)	UNKNOWN STEP	2026-02-25T20:13:03.1636894Z package:matcher/src/expect/expect.dart 187:31                                     fail
Web Tests (6)	UNKNOWN STEP	2026-02-25T20:13:03.1638094Z package:matcher/src/expect/expect.dart 182:3                                      _expect
Web Tests (6)	UNKNOWN STEP	2026-02-25T20:13:03.1639101Z package:matcher/src/expect/expect.dart 65:3                                       expect$
Web Tests (6)	UNKNOWN STEP	2026-02-25T20:13:03.1640082Z package:flutter_test/src/widget_tester.dart 473:18                                expect$
Web Tests (6)	UNKNOWN STEP	2026-02-25T20:13:03.1641056Z post_creation_with_matrix_test.dart 184:7                                         <fn>
Web Tests (6)	UNKNOWN STEP	2026-02-25T20:13:03.1642021Z dart-sdk/lib/_internal/js_dev_runtime/patch/async_patch.dart 623:19               <fn>
Web Tests (6)	UNKNOWN STEP	2026-02-25T20:13:03.1644589Z dart-sdk/lib/_internal/js_dev_runtime/patch/async_patch.dart 648:23               <fn>
Web Tests (6)	UNKNOWN STEP	2026-02-25T20:13:03.1645833Z dart-sdk/lib/_internal/js_dev_runtime/patch/async_patch.dart 594:19               <fn>
Web Tests (6)	UNKNOWN STEP	2026-02-25T20:13:03.1646807Z dart-sdk/lib/async/zone_root.dart 48:47                                           _rootRunUnary
Web Tests (6)	UNKNOWN STEP	2026-02-25T20:13:03.1647784Z dart-sdk/lib/_internal/js_dev_runtime/private/ddc_runtime/operations.dart 118:77  tear
Web Tests (6)	UNKNOWN STEP	2026-02-25T20:13:03.1648926Z dart-sdk/lib/async/zone.dart 733:19                                               runUnary
Web Tests (6)	UNKNOWN STEP	2026-02-25T20:13:03.1649839Z dart-sdk/lib/async/future_impl.dart 222:18                                        handleValue
Web Tests (6)	UNKNOWN STEP	2026-02-25T20:13:03.1650817Z dart-sdk/lib/async/future_impl.dart 948:44                                        handleValueCallback
Web Tests (6)	UNKNOWN STEP	2026-02-25T20:13:03.1651827Z dart-sdk/lib/async/future_impl.dart 977:13                                        _propagateToListeners
Web Tests (6)	UNKNOWN STEP	2026-02-25T20:13:03.1652810Z dart-sdk/lib/async/future_impl.dart 720:5                                         [_completeWithValue]
Web Tests (6)	UNKNOWN STEP	2026-02-25T20:13:03.1653801Z dart-sdk/lib/async/future_impl.dart 804:7                                         <fn>
Web Tests (6)	UNKNOWN STEP	2026-02-25T20:13:03.1654725Z dart-sdk/lib/async/zone_root.dart 35:13                                           _rootRun
Web Tests (6)	UNKNOWN STEP	2026-02-25T20:13:03.1655711Z dart-sdk/lib/_internal/js_dev_runtime/private/ddc_runtime/operations.dart 118:77  tear
Web Tests (6)	UNKNOWN STEP	2026-02-25T20:13:03.1656663Z dart-sdk/lib/async/zone.dart 726:19                                               run
Web Tests (6)	UNKNOWN STEP	2026-02-25T20:13:03.1657554Z dart-sdk/lib/async/zone.dart 625:7                                                runGuarded
Web Tests (6)	UNKNOWN STEP	2026-02-25T20:13:03.1658642Z dart-sdk/lib/async/zone.dart 666:23                                               <fn>
Web Tests (6)	UNKNOWN STEP	2026-02-25T20:13:03.1659605Z dart-sdk/lib/async/schedule_microtask.dart 40:34                                  _microtaskLoop
Web Tests (6)	UNKNOWN STEP	2026-02-25T20:13:03.1660635Z dart-sdk/lib/async/schedule_microtask.dart 49:5                                   _startMicrotaskLoop
Web Tests (6)	UNKNOWN STEP	2026-02-25T20:13:03.1661561Z dart-sdk/lib/_internal/js_dev_runtime/private/ddc_runtime/operations.dart 118:77  tear
Web Tests (6)	UNKNOWN STEP	2026-02-25T20:13:03.1662435Z dart-sdk/lib/_internal/js_dev_runtime/patch/async_patch.dart 188:69               <fn>
Web Tests (6)	UNKNOWN STEP	2026-02-25T20:13:03.1662930Z 
Web Tests (6)	UNKNOWN STEP	2026-02-25T20:13:03.1663076Z The test description was:
Web Tests (6)	UNKNOWN STEP	2026-02-25T20:13:03.1663433Z   Can upload a video to the feed
Web Tests (6)	UNKNOWN STEP	2026-02-25T20:13:03.1680470Z ════════════════════════════════════════════════════════════════════════════════════════════════════
Web Tests (6)	UNKNOWN STEP	2026-02-25T20:13:03.1681700Z 02:47 +2 -6: Content Creation with Real Matrix Server Can upload a video to the feed [E]
Web Tests (6)	UNKNOWN STEP	2026-02-25T20:13:03.1682453Z   Test failed. See exception logs above.
Web Tests (6)	UNKNOWN STEP	2026-02-25T20:13:03.1683009Z   The test description was: Can upload a video to the feed
Web Tests (6)	UNKNOWN STEP	2026-02-25T20:13:03.1683424Z 
Web Tests (6)	UNKNOWN STEP	2026-02-25T20:13:03.1683854Z 02:47 +2 -7: Content Creation with Real Matrix Server Can upload an audio file to the feed
Web Tests (6)	UNKNOWN STEP	2026-02-25T20:13:03.1888541Z [90m[🌎 Easy Localization] [DEBUG] Localization initialized[0m
Web Tests (6)	UNKNOWN STEP	2026-02-25T20:13:03.1891329Z [Matrix] Initialize client Substitution
Web Tests (6)	UNKNOWN STEP	2026-02-25T20:13:03.2300238Z [Matrix] Successfully connected as testuser1 with http://localhost:8008
Web Tests (6)	UNKNOWN STEP	2026-02-25T20:13:03.2608117Z [90m[🌎 Easy Localization] [DEBUG] Start[0m
Web Tests (6)	UNKNOWN STEP	2026-02-25T20:13:03.6951296Z 02:47 +2 -7: Content Creation with Real Matrix Server Can compose and send a text message
Web Tests (6)	UNKNOWN STEP	2026-02-25T20:13:03.6953143Z [90m[🌎 Easy Localization] [DEBUG] Init state[0m
Web Tests (6)	UNKNOWN STEP	2026-02-25T20:13:03.6953818Z [90m[🌎 Easy Localization] [DEBUG] Build[0m
Web Tests (6)	UNKNOWN STEP	2026-02-25T20:13:03.6954549Z [90m[🌎 Easy Localization] [DEBUG] Init Localization Delegate[0m
Web Tests (6)	UNKNOWN STEP	2026-02-25T20:13:03.6955161Z [90m[🌎 Easy Localization] [DEBUG] Init provider[0m
Web Tests (6)	UNKNOWN STEP	2026-02-25T20:13:03.7036656Z [90m[🌎 Easy Localization] [DEBUG] Load Localization Delegate[0m
Web Tests (6)	UNKNOWN STEP	2026-02-25T20:13:03.7046052Z [90m[🌎 Easy Localization] [DEBUG] Load asset from assets/translations[0m
Web Tests (6)	UNKNOWN STEP	2026-02-25T20:13:04.2259518Z [90m[🌎 Easy Localization] [DEBUG] Build[0m
Web Tests (6)	UNKNOWN STEP	2026-02-25T20:13:04.2260663Z [90m[🌎 Easy Localization] [DEBUG] Init Localization Delegate[0m
Web Tests (6)	UNKNOWN STEP	2026-02-25T20:13:04.2261327Z [90m[🌎 Easy Localization] [DEBUG] Init provider[0m
Web Tests (6)	UNKNOWN STEP	2026-02-25T20:13:04.3508860Z checking room test_art id: !XPCXgTJPqpZjaTsxgj:test.matrix.local
Web Tests (6)	UNKNOWN STEP	2026-02-25T20:13:04.3537320Z checking room test_general id: !qHDJujIJduoWrqxXOJ:test.matrix.local
Web Tests (6)	UNKNOWN STEP	2026-02-25T20:13:04.3538351Z checking room test_avatar id: !sNpMTcIAevnJIwKDyr:test.matrix.local
Web Tests (6)	UNKNOWN STEP	2026-02-25T20:13:04.3539314Z checking room test_invite_only id: !NUHjVqLWZHiEQNIYLF:test.matrix.local
Web Tests (6)	UNKNOWN STEP	2026-02-25T20:13:04.3540176Z checking room test_photos id: !eibvCIQszqRrqqinJx:test.matrix.local
Web Tests (6)	UNKNOWN STEP	2026-02-25T20:13:04.3540788Z start quering new events...
Web Tests (6)	UNKNOWN STEP	2026-02-25T20:13:04.3541167Z finished...
Web Tests (6)	UNKNOWN STEP	2026-02-25T20:13:04.3541462Z ret is empty...
Web Tests (6)	UNKNOWN STEP	2026-02-25T20:13:04.3542660Z no new things to append...
Web Tests (6)	UNKNOWN STEP	2026-02-25T20:13:04.8076042Z [Matrix] Current sync request ID has changed. Dropping this sync loop!
Web Tests (6)	UNKNOWN STEP	2026-02-25T20:13:05.3666570Z 02:49 +2 -7: Content Creation with Real Matrix Server Can upload an audio file to the feed
Web Tests (6)	UNKNOWN STEP	2026-02-25T20:13:05.3667541Z Waiting for globalMatrixClient to be initialized...
Web Tests (6)	UNKNOWN STEP	2026-02-25T20:13:05.3668323Z globalMatrixClient initialized!
Web Tests (6)	UNKNOWN STEP	2026-02-25T20:13:22.8754927Z ══╡ EXCEPTION CAUGHT BY FLUTTER TEST FRAMEWORK ╞════════════════════════════════════════════════════
Web Tests (6)	UNKNOWN STEP	2026-02-25T20:13:22.8756320Z The following TestFailure was thrown running a test:
Web Tests (6)	UNKNOWN STEP	2026-02-25T20:13:22.8756906Z Expected: exactly one matching candidate
Web Tests (6)	UNKNOWN STEP	2026-02-25T20:13:22.8757648Z   Actual: _KeyWidgetFinder:<Found 0 widgets with key [<'loginUsernameInput'>]: []>
Web Tests (6)	UNKNOWN STEP	2026-02-25T20:13:22.8760398Z    Which: means none were found but one was expected
Web Tests (6)	UNKNOWN STEP	2026-02-25T20:13:22.8761012Z Username field should be visible on login page
Web Tests (6)	UNKNOWN STEP	2026-02-25T20:13:22.8763885Z 
Web Tests (6)	UNKNOWN STEP	2026-02-25T20:13:22.8764445Z When the exception was thrown, this was the stack:
Web Tests (6)	UNKNOWN STEP	2026-02-25T20:13:22.8765539Z dart-sdk/lib/_internal/js_dev_runtime/private/ddc_runtime/errors.dart 274:3       throw_
Web Tests (6)	UNKNOWN STEP	2026-02-25T20:13:22.8767717Z package:matcher/src/expect/expect.dart 187:31                                     fail
Web Tests (6)	UNKNOWN STEP	2026-02-25T20:13:22.8768956Z package:matcher/src/expect/expect.dart 182:3                                      _expect
Web Tests (6)	UNKNOWN STEP	2026-02-25T20:13:22.8769913Z package:matcher/src/expect/expect.dart 65:3                                       expect$
Web Tests (6)	UNKNOWN STEP	2026-02-25T20:13:22.8770860Z package:flutter_test/src/widget_tester.dart 473:18                                expect$
Web Tests (6)	UNKNOWN STEP	2026-02-25T20:13:22.8786337Z post_creation_with_matrix_test.dart 184:7                                         <fn>
Web Tests (6)	UNKNOWN STEP	2026-02-25T20:13:22.8790547Z dart-sdk/lib/_internal/js_dev_runtime/patch/async_patch.dart 623:19               <fn>
Web Tests (6)	UNKNOWN STEP	2026-02-25T20:13:22.8792974Z dart-sdk/lib/_internal/js_dev_runtime/patch/async_patch.dart 648:23               <fn>
Web Tests (6)	UNKNOWN STEP	2026-02-25T20:13:22.8793997Z dart-sdk/lib/_internal/js_dev_runtime/patch/async_patch.dart 594:19               <fn>
Web Tests (6)	UNKNOWN STEP	2026-02-25T20:13:22.8794964Z dart-sdk/lib/async/zone_root.dart 48:47                                           _rootRunUnary
Web Tests (6)	UNKNOWN STEP	2026-02-25T20:13:22.8824851Z dart-sdk/lib/_internal/js_dev_runtime/private/ddc_runtime/operations.dart 118:77  tear
Web Tests (6)	UNKNOWN STEP	2026-02-25T20:13:22.8825881Z dart-sdk/lib/async/zone.dart 733:19                                               runUnary
Web Tests (6)	UNKNOWN STEP	2026-02-25T20:13:22.8826855Z dart-sdk/lib/async/future_impl.dart 222:18                                        handleValue
Web Tests (6)	UNKNOWN STEP	2026-02-25T20:13:22.8828192Z dart-sdk/lib/async/future_impl.dart 948:44                                        handleValueCallback
Web Tests (6)	UNKNOWN STEP	2026-02-25T20:13:22.8829219Z dart-sdk/lib/async/future_impl.dart 977:13                                        _propagateToListeners
Web Tests (6)	UNKNOWN STEP	2026-02-25T20:13:22.8830239Z dart-sdk/lib/async/future_impl.dart 720:5                                         [_completeWithValue]
Web Tests (6)	UNKNOWN STEP	2026-02-25T20:13:22.8831128Z dart-sdk/lib/async/future_impl.dart 804:7                                         <fn>
Web Tests (6)	UNKNOWN STEP	2026-02-25T20:13:22.8831953Z dart-sdk/lib/async/zone_root.dart 35:13                                           _rootRun
Web Tests (6)	UNKNOWN STEP	2026-02-25T20:13:22.8832842Z dart-sdk/lib/_internal/js_dev_runtime/private/ddc_runtime/operations.dart 118:77  tear
Web Tests (6)	UNKNOWN STEP	2026-02-25T20:13:22.8880867Z dart-sdk/lib/async/zone.dart 726:19                                               run
Web Tests (6)	UNKNOWN STEP	2026-02-25T20:13:22.8886975Z dart-sdk/lib/async/zone.dart 625:7                                                runGuarded
Web Tests (6)	UNKNOWN STEP	2026-02-25T20:13:22.8888158Z dart-sdk/lib/async/zone.dart 666:23                                               <fn>
Web Tests (6)	UNKNOWN STEP	2026-02-25T20:13:22.8889128Z dart-sdk/lib/async/schedule_microtask.dart 40:34                                  _microtaskLoop
Web Tests (6)	UNKNOWN STEP	2026-02-25T20:13:22.8899784Z dart-sdk/lib/async/schedule_microtask.dart 49:5                                   _startMicrotaskLoop
Web Tests (6)	UNKNOWN STEP	2026-02-25T20:13:22.8900791Z dart-sdk/lib/_internal/js_dev_runtime/private/ddc_runtime/operations.dart 118:77  tear
Web Tests (6)	UNKNOWN STEP	2026-02-25T20:13:22.8901665Z dart-sdk/lib/_internal/js_dev_runtime/patch/async_patch.dart 188:69               <fn>
Web Tests (6)	UNKNOWN STEP	2026-02-25T20:13:22.8902120Z 
Web Tests (6)	UNKNOWN STEP	2026-02-25T20:13:22.8902249Z The test description was:
Web Tests (6)	UNKNOWN STEP	2026-02-25T20:13:22.8902569Z   Can upload an audio file to the feed
Web Tests (6)	UNKNOWN STEP	2026-02-25T20:13:22.8903478Z ════════════════════════════════════════════════════════════════════════════════════════════════════
Web Tests (6)	UNKNOWN STEP	2026-02-25T20:13:22.8904299Z 03:06 +2 -7: Content Creation with Real Matrix Server Can upload an audio file to the feed [E]
Web Tests (6)	UNKNOWN STEP	2026-02-25T20:13:22.8905002Z   Test failed. See exception logs above.
Web Tests (6)	UNKNOWN STEP	2026-02-25T20:13:22.8905553Z   The test description was: Can upload an audio file to the feed
Web Tests (6)	UNKNOWN STEP	2026-02-25T20:13:22.8905951Z 
Web Tests (6)	UNKNOWN STEP	2026-02-25T20:13:22.8906092Z 03:06 +2 -8: (tearDownAll)
Web Tests (6)	UNKNOWN STEP	2026-02-25T20:13:22.8922070Z 03:06 +3 -8: Some tests failed.
Web Tests (6)	UNKNOWN STEP	2026-02-25T20:13:34.8177033Z [Matrix] Current sync request ID has changed. Dropping this sync loop!
Web Tests (6)	UNKNOWN STEP	2026-02-25T20:19:27.8316958Z [0;31m[ERROR][0m Timed out and had failures: integration_test/post_creation_with_matrix_test.dart (8 failed)
Web Tests (6)	UNKNOWN STEP	2026-02-25T20:19:27.8333240Z [0;31m[ERROR][0m Web integration tests failed
Web Tests (6)	UNKNOWN STEP	2026-02-25T20:19:27.8334595Z [0;31m[ERROR][0m Web tests failed
Web Tests (6)	UNKNOWN STEP	2026-02-25T20:19:27.8335027Z 
Web Tests (6)	UNKNOWN STEP	2026-02-25T20:19:27.8337247Z [1m══════════════════════════════════════════════════════════[0m
Web Tests (6)	UNKNOWN STEP	2026-02-25T20:19:27.8338259Z [1m  Test Results Summary[0m
Web Tests (6)	UNKNOWN STEP	2026-02-25T20:19:27.8338924Z [1m══════════════════════════════════════════════════════════[0m
Web Tests (6)	UNKNOWN STEP	2026-02-25T20:19:27.8339289Z 
Web Tests (6)	UNKNOWN STEP	2026-02-25T20:19:27.8339497Z   TARGET             PASSED   FAILED  SKIPPED   DURATION
Web Tests (6)	UNKNOWN STEP	2026-02-25T20:19:27.8340149Z   ──────────────── ──────── ──────── ──────── ──────────
Web Tests (6)	UNKNOWN STEP	2026-02-25T20:19:27.8340791Z   [0;31mweb-integration [0m        5        8        1     30m 0s
Web Tests (6)	UNKNOWN STEP	2026-02-25T20:19:27.8341189Z 
Web Tests (6)	UNKNOWN STEP	2026-02-25T20:19:27.8341433Z   ──────────────── ──────── ──────── ────────
Web Tests (6)	UNKNOWN STEP	2026-02-25T20:19:27.8341966Z   [0;31mTOTAL                   5        8        1[0m
Web Tests (6)	UNKNOWN STEP	2026-02-25T20:19:27.8342288Z 
Web Tests (6)	UNKNOWN STEP	2026-02-25T20:19:27.8342471Z   [0;31m[1mRESULT: FAILED[0m
Web Tests (6)	UNKNOWN STEP	2026-02-25T20:19:27.8342726Z 
Web Tests (6)	UNKNOWN STEP	2026-02-25T20:19:27.8343065Z [1m══════════════════════════════════════════════════════════[0m
Web Tests (6)	UNKNOWN STEP	2026-02-25T20:19:27.8343429Z 
Web Tests (6)	UNKNOWN STEP	2026-02-25T20:19:27.8343622Z [0;34m[INFO][0m Cleaning up...
Web Tests (6)	UNKNOWN STEP	2026-02-25T20:19:27.8768208Z [0;34m[INFO][0m Cleanup complete
Web Tests (6)	UNKNOWN STEP	2026-02-25T20:19:27.8801061Z ##[error]Process completed with exit code 1.
Web Tests (6)	UNKNOWN STEP	2026-02-25T20:19:27.8891565Z ##[group]Run echo "=== test-results/ ==="
Web Tests (6)	UNKNOWN STEP	2026-02-25T20:19:27.8892109Z [36;1mecho "=== test-results/ ==="[0m
Web Tests (6)	UNKNOWN STEP	2026-02-25T20:19:27.8892717Z [36;1mls -la test-results/ 2>/dev/null || echo "(no test-results dir)"[0m
Web Tests (6)	UNKNOWN STEP	2026-02-25T20:19:27.8893334Z [36;1mfor f in test-results/*.log; do[0m
Web Tests (6)	UNKNOWN STEP	2026-02-25T20:19:27.8893768Z [36;1m  [ -f "$f" ] || continue[0m
Web Tests (6)	UNKNOWN STEP	2026-02-25T20:19:27.8894157Z [36;1m  echo ""[0m
Web Tests (6)	UNKNOWN STEP	2026-02-25T20:19:27.8894483Z [36;1m  echo "=== $f ==="[0m
Web Tests (6)	UNKNOWN STEP	2026-02-25T20:19:27.8894855Z [36;1m  tail -100 "$f"[0m
Web Tests (6)	UNKNOWN STEP	2026-02-25T20:19:27.8895197Z [36;1mdone[0m
Web Tests (6)	UNKNOWN STEP	2026-02-25T20:19:27.8964100Z shell: /usr/bin/bash -e {0}
Web Tests (6)	UNKNOWN STEP	2026-02-25T20:19:27.8964485Z env:
Web Tests (6)	UNKNOWN STEP	2026-02-25T20:19:27.8964820Z   CACHE_VERSION: v1
Web Tests (6)	UNKNOWN STEP	2026-02-25T20:19:27.8965308Z   FLUTTER_ROOT: /opt/hostedtoolcache/flutter/stable-3.41.2-x64
Web Tests (6)	UNKNOWN STEP	2026-02-25T20:19:27.8965935Z   PUB_CACHE: /home/runner/.pub-cache
Web Tests (6)	UNKNOWN STEP	2026-02-25T20:19:27.8966391Z ##[endgroup]
Web Tests (6)	UNKNOWN STEP	2026-02-25T20:19:27.9128620Z === test-results/ ===
Web Tests (6)	UNKNOWN STEP	2026-02-25T20:19:27.9222210Z total 45428
Web Tests (6)	UNKNOWN STEP	2026-02-25T20:19:27.9222794Z drwxr-xr-x  2 runner runner     4096 Feb 25 20:19 .
Web Tests (6)	UNKNOWN STEP	2026-02-25T20:19:27.9223550Z drwxr-xr-x 24 runner runner     4096 Feb 25 19:49 ..
Web Tests (6)	UNKNOWN STEP	2026-02-25T20:19:27.9227010Z -rw-r--r--  1 runner runner      233 Feb 25 19:48 ios-device-info.txt
Web Tests (6)	UNKNOWN STEP	2026-02-25T20:19:27.9236685Z -rw-r--r--  1 runner runner 34795326 Feb 25 19:48 ios-test-results.txt
Web Tests (6)	UNKNOWN STEP	2026-02-25T20:19:27.9237374Z -rw-r--r--  1 runner runner 11471554 Feb 25 19:48 test-results.txt
Web Tests (6)	UNKNOWN STEP	2026-02-25T20:19:27.9244699Z -rw-r--r--  1 runner runner    48284 Feb 25 20:13 web-integration-tests.log
Web Tests (6)	UNKNOWN STEP	2026-02-25T20:19:27.9245496Z -rw-r--r--  1 runner runner   181872 Feb 25 19:48 web-test-results.txt
Web Tests (6)	UNKNOWN STEP	2026-02-25T20:19:27.9310607Z 
Web Tests (6)	UNKNOWN STEP	2026-02-25T20:19:27.9310877Z === test-results/web-integration-tests.log ===
Web Tests (6)	UNKNOWN STEP	2026-02-25T20:19:27.9366716Z dart-sdk/lib/_internal/js_dev_runtime/patch/async_patch.dart 648:23               <fn>
Web Tests (6)	UNKNOWN STEP	2026-02-25T20:19:27.9379646Z dart-sdk/lib/_internal/js_dev_runtime/patch/async_patch.dart 594:19               <fn>
Web Tests (6)	UNKNOWN STEP	2026-02-25T20:19:27.9380748Z dart-sdk/lib/async/zone_root.dart 48:47                                           _rootRunUnary
Web Tests (6)	UNKNOWN STEP	2026-02-25T20:19:27.9381815Z dart-sdk/lib/_internal/js_dev_runtime/private/ddc_runtime/operations.dart 118:77  tear
Web Tests (6)	UNKNOWN STEP	2026-02-25T20:19:27.9382839Z dart-sdk/lib/async/zone.dart 733:19                                               runUnary
Web Tests (6)	UNKNOWN STEP	2026-02-25T20:19:27.9383863Z dart-sdk/lib/async/future_impl.dart 222:18                                        handleValue
Web Tests (6)	UNKNOWN STEP	2026-02-25T20:19:27.9384936Z dart-sdk/lib/async/future_impl.dart 948:44                                        handleValueCallback
Web Tests (6)	UNKNOWN STEP	2026-02-25T20:19:27.9386061Z dart-sdk/lib/async/future_impl.dart 977:13                                        _propagateToListeners
Web Tests (6)	UNKNOWN STEP	2026-02-25T20:19:27.9387130Z dart-sdk/lib/async/future_impl.dart 720:5                                         [_completeWithValue]
Web Tests (6)	UNKNOWN STEP	2026-02-25T20:19:27.9388364Z dart-sdk/lib/async/future_impl.dart 804:7                                         <fn>
Web Tests (6)	UNKNOWN STEP	2026-02-25T20:19:27.9389380Z dart-sdk/lib/async/zone_root.dart 35:13                                           _rootRun
Web Tests (6)	UNKNOWN STEP	2026-02-25T20:19:27.9390386Z dart-sdk/lib/_internal/js_dev_runtime/private/ddc_runtime/operations.dart 118:77  tear
Web Tests (6)	UNKNOWN STEP	2026-02-25T20:19:27.9391354Z dart-sdk/lib/async/zone.dart 726:19                                               run
Web Tests (6)	UNKNOWN STEP	2026-02-25T20:19:27.9392263Z dart-sdk/lib/async/zone.dart 625:7                                                runGuarded
Web Tests (6)	UNKNOWN STEP	2026-02-25T20:19:27.9393169Z dart-sdk/lib/async/zone.dart 666:23                                               <fn>
Web Tests (6)	UNKNOWN STEP	2026-02-25T20:19:27.9394166Z dart-sdk/lib/async/schedule_microtask.dart 40:34                                  _microtaskLoop
Web Tests (6)	UNKNOWN STEP	2026-02-25T20:19:27.9395294Z dart-sdk/lib/async/schedule_microtask.dart 49:5                                   _startMicrotaskLoop
Web Tests (6)	UNKNOWN STEP	2026-02-25T20:19:27.9396424Z dart-sdk/lib/_internal/js_dev_runtime/private/ddc_runtime/operations.dart 118:77  tear
Web Tests (6)	UNKNOWN STEP	2026-02-25T20:19:27.9429820Z dart-sdk/lib/_internal/js_dev_runtime/patch/async_patch.dart 188:69               <fn>
Web Tests (6)	UNKNOWN STEP	2026-02-25T20:19:27.9430494Z 
Web Tests (6)	UNKNOWN STEP	2026-02-25T20:19:27.9430656Z The test description was:
Web Tests (6)	UNKNOWN STEP	2026-02-25T20:19:27.9431031Z   Can upload a video to the feed
Web Tests (6)	UNKNOWN STEP	2026-02-25T20:19:27.9432012Z ════════════════════════════════════════════════════════════════════════════════════════════════════
Web Tests (6)	UNKNOWN STEP	2026-02-25T20:19:27.9432832Z 02:47 +2 -6: Content Creation with Real Matrix Server Can upload a video to the feed [E]
Web Tests (6)	UNKNOWN STEP	2026-02-25T20:19:27.9433525Z   Test failed. See exception logs above.
Web Tests (6)	UNKNOWN STEP	2026-02-25T20:19:27.9434053Z   The test description was: Can upload a video to the feed
Web Tests (6)	UNKNOWN STEP	2026-02-25T20:19:27.9434444Z 
Web Tests (6)	UNKNOWN STEP	2026-02-25T20:19:27.9434824Z 02:47 +2 -7: Content Creation with Real Matrix Server Can upload an audio file to the feed
Web Tests (6)	UNKNOWN STEP	2026-02-25T20:19:27.9435760Z [90m[🌎 Easy Localization] [DEBUG] Localization initialized[0m
Web Tests (6)	UNKNOWN STEP	2026-02-25T20:19:27.9436332Z [Matrix] Initialize client Substitution
Web Tests (6)	UNKNOWN STEP	2026-02-25T20:19:27.9436983Z [Matrix] Successfully connected as testuser1 with http://localhost:8008
Web Tests (6)	UNKNOWN STEP	2026-02-25T20:19:27.9437732Z [90m[🌎 Easy Localization] [DEBUG] Start[0m
Web Tests (6)	UNKNOWN STEP	2026-02-25T20:19:27.9438614Z 02:47 +2 -7: Content Creation with Real Matrix Server Can compose and send a text message
Web Tests (6)	UNKNOWN STEP	2026-02-25T20:19:27.9439421Z [90m[🌎 Easy Localization] [DEBUG] Init state[0m
Web Tests (6)	UNKNOWN STEP	2026-02-25T20:19:27.9439960Z [90m[🌎 Easy Localization] [DEBUG] Build[0m
Web Tests (6)	UNKNOWN STEP	2026-02-25T20:19:27.9440585Z [90m[🌎 Easy Localization] [DEBUG] Init Localization Delegate[0m
Web Tests (6)	UNKNOWN STEP	2026-02-25T20:19:27.9441251Z [90m[🌎 Easy Localization] [DEBUG] Init provider[0m
Web Tests (6)	UNKNOWN STEP	2026-02-25T20:19:27.9441925Z [90m[🌎 Easy Localization] [DEBUG] Load Localization Delegate[0m
Web Tests (6)	UNKNOWN STEP	2026-02-25T20:19:27.9442721Z [90m[🌎 Easy Localization] [DEBUG] Load asset from assets/translations[0m
Web Tests (6)	UNKNOWN STEP	2026-02-25T20:19:27.9443441Z [90m[🌎 Easy Localization] [DEBUG] Build[0m
Web Tests (6)	UNKNOWN STEP	2026-02-25T20:19:27.9444115Z [90m[🌎 Easy Localization] [DEBUG] Init Localization Delegate[0m
Web Tests (6)	UNKNOWN STEP	2026-02-25T20:19:27.9444842Z [90m[🌎 Easy Localization] [DEBUG] Init provider[0m
Web Tests (6)	UNKNOWN STEP	2026-02-25T20:19:27.9445504Z checking room test_art id: !XPCXgTJPqpZjaTsxgj:test.matrix.local
Web Tests (6)	UNKNOWN STEP	2026-02-25T20:19:27.9446236Z checking room test_general id: !qHDJujIJduoWrqxXOJ:test.matrix.local
Web Tests (6)	UNKNOWN STEP	2026-02-25T20:19:27.9446960Z checking room test_avatar id: !sNpMTcIAevnJIwKDyr:test.matrix.local
Web Tests (6)	UNKNOWN STEP	2026-02-25T20:19:27.9447697Z checking room test_invite_only id: !NUHjVqLWZHiEQNIYLF:test.matrix.local
Web Tests (6)	UNKNOWN STEP	2026-02-25T20:19:27.9448725Z checking room test_photos id: !eibvCIQszqRrqqinJx:test.matrix.local
Web Tests (6)	UNKNOWN STEP	2026-02-25T20:19:27.9449289Z start quering new events...
Web Tests (6)	UNKNOWN STEP	2026-02-25T20:19:27.9449629Z finished...
Web Tests (6)	UNKNOWN STEP	2026-02-25T20:19:27.9449929Z ret is empty...
Web Tests (6)	UNKNOWN STEP	2026-02-25T20:19:27.9450235Z no new things to append...
Web Tests (6)	UNKNOWN STEP	2026-02-25T20:19:27.9450760Z [Matrix] Current sync request ID has changed. Dropping this sync loop!
Web Tests (6)	UNKNOWN STEP	2026-02-25T20:19:27.9451585Z 02:49 +2 -7: Content Creation with Real Matrix Server Can upload an audio file to the feed
Web Tests (6)	UNKNOWN STEP	2026-02-25T20:19:27.9452345Z Waiting for globalMatrixClient to be initialized...
Web Tests (6)	UNKNOWN STEP	2026-02-25T20:19:27.9452880Z globalMatrixClient initialized!
Web Tests (6)	UNKNOWN STEP	2026-02-25T20:19:27.9453754Z ══╡ EXCEPTION CAUGHT BY FLUTTER TEST FRAMEWORK ╞════════════════════════════════════════════════════
Web Tests (6)	UNKNOWN STEP	2026-02-25T20:19:27.9454543Z The following TestFailure was thrown running a test:
Web Tests (6)	UNKNOWN STEP	2026-02-25T20:19:27.9455062Z Expected: exactly one matching candidate
Web Tests (6)	UNKNOWN STEP	2026-02-25T20:19:27.9455717Z   Actual: _KeyWidgetFinder:<Found 0 widgets with key [<'loginUsernameInput'>]: []>
Web Tests (6)	UNKNOWN STEP	2026-02-25T20:19:27.9456421Z    Which: means none were found but one was expected
Web Tests (6)	UNKNOWN STEP	2026-02-25T20:19:27.9456936Z Username field should be visible on login page
Web Tests (6)	UNKNOWN STEP	2026-02-25T20:19:27.9457256Z 
Web Tests (6)	UNKNOWN STEP	2026-02-25T20:19:27.9457452Z When the exception was thrown, this was the stack:
Web Tests (6)	UNKNOWN STEP	2026-02-25T20:19:27.9459261Z dart-sdk/lib/_internal/js_dev_runtime/private/ddc_runtime/errors.dart 274:3       throw_
Web Tests (6)	UNKNOWN STEP	2026-02-25T20:19:27.9460191Z package:matcher/src/expect/expect.dart 187:31                                     fail
Web Tests (6)	UNKNOWN STEP	2026-02-25T20:19:27.9461103Z package:matcher/src/expect/expect.dart 182:3                                      _expect
Web Tests (6)	UNKNOWN STEP	2026-02-25T20:19:27.9462380Z package:matcher/src/expect/expect.dart 65:3                                       expect$
Web Tests (6)	UNKNOWN STEP	2026-02-25T20:19:27.9463279Z package:flutter_test/src/widget_tester.dart 473:18                                expect$
Web Tests (6)	UNKNOWN STEP	2026-02-25T20:19:27.9464135Z post_creation_with_matrix_test.dart 184:7                                         <fn>
Web Tests (6)	UNKNOWN STEP	2026-02-25T20:19:27.9465007Z dart-sdk/lib/_internal/js_dev_runtime/patch/async_patch.dart 623:19               <fn>
Web Tests (6)	UNKNOWN STEP	2026-02-25T20:19:27.9465859Z dart-sdk/lib/_internal/js_dev_runtime/patch/async_patch.dart 648:23               <fn>
Web Tests (6)	UNKNOWN STEP	2026-02-25T20:19:27.9466727Z dart-sdk/lib/_internal/js_dev_runtime/patch/async_patch.dart 594:19               <fn>
Web Tests (6)	UNKNOWN STEP	2026-02-25T20:19:27.9467586Z dart-sdk/lib/async/zone_root.dart 48:47                                           _rootRunUnary
Web Tests (6)	UNKNOWN STEP	2026-02-25T20:19:27.9468606Z dart-sdk/lib/_internal/js_dev_runtime/private/ddc_runtime/operations.dart 118:77  tear
Web Tests (6)	UNKNOWN STEP	2026-02-25T20:19:27.9469495Z dart-sdk/lib/async/zone.dart 733:19                                               runUnary
Web Tests (6)	UNKNOWN STEP	2026-02-25T20:19:27.9470357Z dart-sdk/lib/async/future_impl.dart 222:18                                        handleValue
Web Tests (6)	UNKNOWN STEP	2026-02-25T20:19:27.9471281Z dart-sdk/lib/async/future_impl.dart 948:44                                        handleValueCallback
Web Tests (6)	UNKNOWN STEP	2026-02-25T20:19:27.9472281Z dart-sdk/lib/async/future_impl.dart 977:13                                        _propagateToListeners
Web Tests (6)	UNKNOWN STEP	2026-02-25T20:19:27.9473241Z dart-sdk/lib/async/future_impl.dart 720:5                                         [_completeWithValue]
Web Tests (6)	UNKNOWN STEP	2026-02-25T20:19:27.9474136Z dart-sdk/lib/async/future_impl.dart 804:7                                         <fn>
Web Tests (6)	UNKNOWN STEP	2026-02-25T20:19:27.9474966Z dart-sdk/lib/async/zone_root.dart 35:13                                           _rootRun
Web Tests (6)	UNKNOWN STEP	2026-02-25T20:19:27.9475782Z dart-sdk/lib/_internal/js_dev_runtime/private/ddc_runtime/operations.dart 118:77  tear
Web Tests (6)	UNKNOWN STEP	2026-02-25T20:19:27.9476596Z dart-sdk/lib/async/zone.dart 726:19                                               run
Web Tests (6)	UNKNOWN STEP	2026-02-25T20:19:27.9477395Z dart-sdk/lib/async/zone.dart 625:7                                                runGuarded
Web Tests (6)	UNKNOWN STEP	2026-02-25T20:19:27.9478332Z dart-sdk/lib/async/zone.dart 666:23                                               <fn>
Web Tests (6)	UNKNOWN STEP	2026-02-25T20:19:27.9479221Z dart-sdk/lib/async/schedule_microtask.dart 40:34                                  _microtaskLoop
Web Tests (6)	UNKNOWN STEP	2026-02-25T20:19:27.9480215Z dart-sdk/lib/async/schedule_microtask.dart 49:5                                   _startMicrotaskLoop
Web Tests (6)	UNKNOWN STEP	2026-02-25T20:19:27.9481219Z dart-sdk/lib/_internal/js_dev_runtime/private/ddc_runtime/operations.dart 118:77  tear
Web Tests (6)	UNKNOWN STEP	2026-02-25T20:19:27.9482138Z dart-sdk/lib/_internal/js_dev_runtime/patch/async_patch.dart 188:69               <fn>
Web Tests (6)	UNKNOWN STEP	2026-02-25T20:19:27.9482678Z 
Web Tests (6)	UNKNOWN STEP	2026-02-25T20:19:27.9482821Z The test description was:
Web Tests (6)	UNKNOWN STEP	2026-02-25T20:19:27.9483210Z   Can upload an audio file to the feed
Web Tests (6)	UNKNOWN STEP	2026-02-25T20:19:27.9484083Z ════════════════════════════════════════════════════════════════════════════════════════════════════
Web Tests (6)	UNKNOWN STEP	2026-02-25T20:19:27.9485125Z 03:06 +2 -7: Content Creation with Real Matrix Server Can upload an audio file to the feed [E]
Web Tests (6)	UNKNOWN STEP	2026-02-25T20:19:27.9485832Z   Test failed. See exception logs above.
Web Tests (6)	UNKNOWN STEP	2026-02-25T20:19:27.9486380Z   The test description was: Can upload an audio file to the feed
Web Tests (6)	UNKNOWN STEP	2026-02-25T20:19:27.9486791Z 
Web Tests (6)	UNKNOWN STEP	2026-02-25T20:19:27.9486927Z 03:06 +2 -8: (tearDownAll)
Web Tests (6)	UNKNOWN STEP	2026-02-25T20:19:27.9487299Z 03:06 +3 -8: Some tests failed.
Web Tests (6)	UNKNOWN STEP	2026-02-25T20:19:27.9488079Z [Matrix] Current sync request ID has changed. Dropping this sync loop!
Web Tests (6)	UNKNOWN STEP	2026-02-25T20:19:27.9525533Z ##[group]Run docker compose down -v
Web Tests (6)	UNKNOWN STEP	2026-02-25T20:19:27.9526019Z [36;1mdocker compose down -v[0m
Web Tests (6)	UNKNOWN STEP	2026-02-25T20:19:27.9590227Z shell: /usr/bin/bash -e {0}
Web Tests (6)	UNKNOWN STEP	2026-02-25T20:19:27.9590618Z env:
Web Tests (6)	UNKNOWN STEP	2026-02-25T20:19:27.9590913Z   CACHE_VERSION: v1
Web Tests (6)	UNKNOWN STEP	2026-02-25T20:19:27.9591423Z   FLUTTER_ROOT: /opt/hostedtoolcache/flutter/stable-3.41.2-x64
Web Tests (6)	UNKNOWN STEP	2026-02-25T20:19:27.9591990Z   PUB_CACHE: /home/runner/.pub-cache
Web Tests (6)	UNKNOWN STEP	2026-02-25T20:19:27.9592454Z ##[endgroup]
Web Tests (6)	UNKNOWN STEP	2026-02-25T20:19:28.0656445Z time="2026-02-25T20:19:28Z" level=warning msg="/home/runner/work/substitution/substitution/docker-compose.yml: the attribute `version` is obsolete, it will be ignored, please remove it to avoid potential confusion"
Web Tests (6)	UNKNOWN STEP	2026-02-25T20:19:28.0698409Z  Container substitution-redis-1  Stopping
Web Tests (6)	UNKNOWN STEP	2026-02-25T20:19:28.0699157Z  Container substitution-matrix-synapse-1  Stopping
Web Tests (6)	UNKNOWN STEP	2026-02-25T20:19:28.2039894Z  Container substitution-redis-1  Stopped
Web Tests (6)	UNKNOWN STEP	2026-02-25T20:19:28.2043005Z  Container substitution-redis-1  Removing
Web Tests (6)	UNKNOWN STEP	2026-02-25T20:19:28.2093062Z  Container substitution-redis-1  Removed
Web Tests (6)	UNKNOWN STEP	2026-02-25T20:19:28.2956582Z  Container substitution-matrix-synapse-1  Stopped
Web Tests (6)	UNKNOWN STEP	2026-02-25T20:19:28.2957628Z  Container substitution-matrix-synapse-1  Removing
Web Tests (6)	UNKNOWN STEP	2026-02-25T20:19:28.3572163Z  Container substitution-matrix-synapse-1  Removed
Web Tests (6)	UNKNOWN STEP	2026-02-25T20:19:28.3572832Z  Container substitution-postgres-1  Stopping
Web Tests (6)	UNKNOWN STEP	2026-02-25T20:19:28.3573378Z  Container substitution-dex-1  Stopping
Web Tests (6)	UNKNOWN STEP	2026-02-25T20:19:28.4853559Z  Container substitution-dex-1  Stopped
Web Tests (6)	UNKNOWN STEP	2026-02-25T20:19:28.4855996Z  Container substitution-dex-1  Removing
Web Tests (6)	UNKNOWN STEP	2026-02-25T20:19:28.4911697Z  Container substitution-dex-1  Removed
Web Tests (6)	UNKNOWN STEP	2026-02-25T20:19:28.5095743Z  Container substitution-postgres-1  Stopped
Web Tests (6)	UNKNOWN STEP	2026-02-25T20:19:28.5096991Z  Container substitution-postgres-1  Removing
Web Tests (6)	UNKNOWN STEP	2026-02-25T20:19:28.5916082Z  Container substitution-postgres-1  Removed
Web Tests (6)	UNKNOWN STEP	2026-02-25T20:19:28.5924250Z  Network substitution_substitution_network  Removing
Web Tests (6)	UNKNOWN STEP	2026-02-25T20:19:28.6914555Z  Network substitution_substitution_network  Removed
Web Tests (6)	UNKNOWN STEP	2026-02-25T20:19:28.7154551Z Post job cleanup.
Web Tests (6)	UNKNOWN STEP	2026-02-25T20:19:28.7231323Z Post job cleanup.
Web Tests (6)	UNKNOWN STEP	2026-02-25T20:19:28.8203916Z [command]/usr/bin/git version
Web Tests (6)	UNKNOWN STEP	2026-02-25T20:19:28.8241081Z git version 2.53.0
Web Tests (6)	UNKNOWN STEP	2026-02-25T20:19:28.8286540Z Temporarily overriding HOME='/home/runner/work/_temp/5f348e1c-bdc1-4b90-a6b2-352f4bd4f041' before making global git config changes
Web Tests (6)	UNKNOWN STEP	2026-02-25T20:19:28.8288190Z Adding repository directory to the temporary git global config as a safe directory
Web Tests (6)	UNKNOWN STEP	2026-02-25T20:19:28.8304145Z [command]/usr/bin/git config --global --add safe.directory /home/runner/work/substitution/substitution
Web Tests (6)	UNKNOWN STEP	2026-02-25T20:19:28.8341816Z [command]/usr/bin/git config --local --name-only --get-regexp core\.sshCommand
Web Tests (6)	UNKNOWN STEP	2026-02-25T20:19:28.8376200Z [command]/usr/bin/git submodule foreach --recursive sh -c "git config --local --name-only --get-regexp 'core\.sshCommand' && git config --local --unset-all 'core.sshCommand' || :"
Web Tests (6)	UNKNOWN STEP	2026-02-25T20:19:28.8621776Z [command]/usr/bin/git config --local --name-only --get-regexp http\.https\:\/\/github\.com\/\.extraheader
Web Tests (6)	UNKNOWN STEP	2026-02-25T20:19:28.8643143Z http.https://github.com/.extraheader
Web Tests (6)	UNKNOWN STEP	2026-02-25T20:19:28.8655762Z [command]/usr/bin/git config --local --unset-all http.https://github.com/.extraheader
Web Tests (6)	UNKNOWN STEP	2026-02-25T20:19:28.8686975Z [command]/usr/bin/git submodule foreach --recursive sh -c "git config --local --name-only --get-regexp 'http\.https\:\/\/github\.com\/\.extraheader' && git config --local --unset-all 'http.https://github.com/.extraheader' || :"
Web Tests (6)	UNKNOWN STEP	2026-02-25T20:19:28.8923029Z [command]/usr/bin/git config --local --name-only --get-regexp ^includeIf\.gitdir:
Web Tests (6)	UNKNOWN STEP	2026-02-25T20:19:28.8956024Z [command]/usr/bin/git submodule foreach --recursive git config --local --show-origin --name-only --get-regexp remote.origin.url
Web Tests (6)	UNKNOWN STEP	2026-02-25T20:19:28.9313220Z Cleaning up orphan processes
Web Tests (4)	UNKNOWN STEP	﻿2026-02-25T19:48:14.1739585Z Current runner version: '2.331.0'
Web Tests (4)	UNKNOWN STEP	2026-02-25T19:48:14.1764307Z ##[group]Runner Image Provisioner
Web Tests (4)	UNKNOWN STEP	2026-02-25T19:48:14.1765053Z Hosted Compute Agent
Web Tests (4)	UNKNOWN STEP	2026-02-25T19:48:14.1765521Z Version: 20260213.493
Web Tests (4)	UNKNOWN STEP	2026-02-25T19:48:14.1766132Z Commit: 5c115507f6dd24b8de37d8bbe0bb4509d0cc0fa3
Web Tests (4)	UNKNOWN STEP	2026-02-25T19:48:14.1766904Z Build Date: 2026-02-13T00:28:41Z
Web Tests (4)	UNKNOWN STEP	2026-02-25T19:48:14.1767522Z Worker ID: {249d72ce-a5a8-49ea-94cc-6556b97b8919}
Web Tests (4)	UNKNOWN STEP	2026-02-25T19:48:14.1768128Z Azure Region: westus3
Web Tests (4)	UNKNOWN STEP	2026-02-25T19:48:14.1768627Z ##[endgroup]
Web Tests (4)	UNKNOWN STEP	2026-02-25T19:48:14.1769937Z ##[group]Operating System
Web Tests (4)	UNKNOWN STEP	2026-02-25T19:48:14.1770483Z Ubuntu
Web Tests (4)	UNKNOWN STEP	2026-02-25T19:48:14.1770893Z 24.04.3
Web Tests (4)	UNKNOWN STEP	2026-02-25T19:48:14.1771285Z LTS
Web Tests (4)	UNKNOWN STEP	2026-02-25T19:48:14.1771707Z ##[endgroup]
Web Tests (4)	UNKNOWN STEP	2026-02-25T19:48:14.1772160Z ##[group]Runner Image
Web Tests (4)	UNKNOWN STEP	2026-02-25T19:48:14.1772683Z Image: ubuntu-24.04
Web Tests (4)	UNKNOWN STEP	2026-02-25T19:48:14.1773094Z Version: 20260224.36.1
Web Tests (4)	UNKNOWN STEP	2026-02-25T19:48:14.1774216Z Included Software: https://github.com/actions/runner-images/blob/ubuntu24/20260224.36/images/ubuntu/Ubuntu2404-Readme.md
Web Tests (4)	UNKNOWN STEP	2026-02-25T19:48:14.1775490Z Image Release: https://github.com/actions/runner-images/releases/tag/ubuntu24%2F20260224.36
Web Tests (4)	UNKNOWN STEP	2026-02-25T19:48:14.1776408Z ##[endgroup]
Web Tests (4)	UNKNOWN STEP	2026-02-25T19:48:14.1777347Z ##[group]GITHUB_TOKEN Permissions
Web Tests (4)	UNKNOWN STEP	2026-02-25T19:48:14.1779284Z Contents: read
Web Tests (4)	UNKNOWN STEP	2026-02-25T19:48:14.1779778Z Metadata: read
Web Tests (4)	UNKNOWN STEP	2026-02-25T19:48:14.1780194Z Packages: read
Web Tests (4)	UNKNOWN STEP	2026-02-25T19:48:14.1780692Z ##[endgroup]
Web Tests (4)	UNKNOWN STEP	2026-02-25T19:48:14.1782732Z Secret source: Actions
Web Tests (4)	UNKNOWN STEP	2026-02-25T19:48:14.1783310Z Prepare workflow directory
Web Tests (4)	UNKNOWN STEP	2026-02-25T19:48:14.2162304Z Prepare all required actions
Web Tests (4)	UNKNOWN STEP	2026-02-25T19:48:14.2203628Z Getting action download info
Web Tests (4)	UNKNOWN STEP	2026-02-25T19:48:14.6380544Z Download action repository 'actions/checkout@v4' (SHA:34e114876b0b11c390a56381ad16ebd13914f8d5)
Web Tests (4)	UNKNOWN STEP	2026-02-25T19:48:14.7473417Z Download action repository 'subosito/flutter-action@v2' (SHA:fd55f4c5af5b953cc57a2be44cb082c8f6635e8e)
Web Tests (4)	UNKNOWN STEP	2026-02-25T19:48:15.5452294Z Getting action download info
Web Tests (4)	UNKNOWN STEP	2026-02-25T19:48:15.7337973Z Download action repository 'actions/cache@v4' (SHA:0057852bfaa89a56745cba8c7296529d2fc39830)
Web Tests (4)	UNKNOWN STEP	2026-02-25T19:48:15.8519377Z Complete job name: Web Tests (4)
Web Tests (4)	UNKNOWN STEP	2026-02-25T19:48:15.9299812Z ##[group]Run actions/checkout@v4
Web Tests (4)	UNKNOWN STEP	2026-02-25T19:48:15.9300610Z with:
Web Tests (4)	UNKNOWN STEP	2026-02-25T19:48:15.9301020Z   repository: floffel/substitution
Web Tests (4)	UNKNOWN STEP	2026-02-25T19:48:15.9301758Z   token: ***
Web Tests (4)	UNKNOWN STEP	2026-02-25T19:48:15.9302132Z   ssh-strict: true
Web Tests (4)	UNKNOWN STEP	2026-02-25T19:48:15.9302528Z   ssh-user: git
Web Tests (4)	UNKNOWN STEP	2026-02-25T19:48:15.9302930Z   persist-credentials: true
Web Tests (4)	UNKNOWN STEP	2026-02-25T19:48:15.9303362Z   clean: true
Web Tests (4)	UNKNOWN STEP	2026-02-25T19:48:15.9303763Z   sparse-checkout-cone-mode: true
Web Tests (4)	UNKNOWN STEP	2026-02-25T19:48:15.9304232Z   fetch-depth: 1
Web Tests (4)	UNKNOWN STEP	2026-02-25T19:48:15.9304620Z   fetch-tags: false
Web Tests (4)	UNKNOWN STEP	2026-02-25T19:48:15.9305009Z   show-progress: true
Web Tests (4)	UNKNOWN STEP	2026-02-25T19:48:15.9305424Z   lfs: false
Web Tests (4)	UNKNOWN STEP	2026-02-25T19:48:15.9305775Z   submodules: false
Web Tests (4)	UNKNOWN STEP	2026-02-25T19:48:15.9306491Z   set-safe-directory: true
Web Tests (4)	UNKNOWN STEP	2026-02-25T19:48:15.9307144Z env:
Web Tests (4)	UNKNOWN STEP	2026-02-25T19:48:15.9307501Z   CACHE_VERSION: v1
Web Tests (4)	UNKNOWN STEP	2026-02-25T19:48:15.9307887Z ##[endgroup]
Web Tests (4)	UNKNOWN STEP	2026-02-25T19:48:16.0351714Z Syncing repository: floffel/substitution
Web Tests (4)	UNKNOWN STEP	2026-02-25T19:48:16.0354538Z ##[group]Getting Git version info
Web Tests (4)	UNKNOWN STEP	2026-02-25T19:48:16.0355882Z Working directory is '/home/runner/work/substitution/substitution'
Web Tests (4)	UNKNOWN STEP	2026-02-25T19:48:16.0357541Z [command]/usr/bin/git version
Web Tests (4)	UNKNOWN STEP	2026-02-25T19:48:16.0420734Z git version 2.53.0
Web Tests (4)	UNKNOWN STEP	2026-02-25T19:48:16.0445308Z ##[endgroup]
Web Tests (4)	UNKNOWN STEP	2026-02-25T19:48:16.0460790Z Temporarily overriding HOME='/home/runner/work/_temp/a777a54e-749a-4d8b-ba3d-d2d7030e1973' before making global git config changes
Web Tests (4)	UNKNOWN STEP	2026-02-25T19:48:16.0462057Z Adding repository directory to the temporary git global config as a safe directory
Web Tests (4)	UNKNOWN STEP	2026-02-25T19:48:16.0466059Z [command]/usr/bin/git config --global --add safe.directory /home/runner/work/substitution/substitution
Web Tests (4)	UNKNOWN STEP	2026-02-25T19:48:16.0504712Z Deleting the contents of '/home/runner/work/substitution/substitution'
Web Tests (4)	UNKNOWN STEP	2026-02-25T19:48:16.0508378Z ##[group]Initializing the repository
Web Tests (4)	UNKNOWN STEP	2026-02-25T19:48:16.0512366Z [command]/usr/bin/git init /home/runner/work/substitution/substitution
Web Tests (4)	UNKNOWN STEP	2026-02-25T19:48:16.0620564Z hint: Using 'master' as the name for the initial branch. This default branch name
Web Tests (4)	UNKNOWN STEP	2026-02-25T19:48:16.0622913Z hint: will change to "main" in Git 3.0. To configure the initial branch name
Web Tests (4)	UNKNOWN STEP	2026-02-25T19:48:16.0624701Z hint: to use in all of your new repositories, which will suppress this warning,
Web Tests (4)	UNKNOWN STEP	2026-02-25T19:48:16.0626061Z hint: call:
Web Tests (4)	UNKNOWN STEP	2026-02-25T19:48:16.0627037Z hint:
Web Tests (4)	UNKNOWN STEP	2026-02-25T19:48:16.0628032Z hint: 	git config --global init.defaultBranch <name>
Web Tests (4)	UNKNOWN STEP	2026-02-25T19:48:16.0629113Z hint:
Web Tests (4)	UNKNOWN STEP	2026-02-25T19:48:16.0630098Z hint: Names commonly chosen instead of 'master' are 'main', 'trunk' and
Web Tests (4)	UNKNOWN STEP	2026-02-25T19:48:16.0632016Z hint: 'development'. The just-created branch can be renamed via this command:
Web Tests (4)	UNKNOWN STEP	2026-02-25T19:48:16.0633373Z hint:
Web Tests (4)	UNKNOWN STEP	2026-02-25T19:48:16.0634166Z hint: 	git branch -m <name>
Web Tests (4)	UNKNOWN STEP	2026-02-25T19:48:16.0635052Z hint:
Web Tests (4)	UNKNOWN STEP	2026-02-25T19:48:16.0636146Z hint: Disable this message with "git config set advice.defaultBranchName false"
Web Tests (4)	UNKNOWN STEP	2026-02-25T19:48:16.0638566Z Initialized empty Git repository in /home/runner/work/substitution/substitution/.git/
Web Tests (4)	UNKNOWN STEP	2026-02-25T19:48:16.0642092Z [command]/usr/bin/git remote add origin https://github.com/floffel/substitution
Web Tests (4)	UNKNOWN STEP	2026-02-25T19:48:16.0678580Z ##[endgroup]
Web Tests (4)	UNKNOWN STEP	2026-02-25T19:48:16.0679785Z ##[group]Disabling automatic garbage collection
Web Tests (4)	UNKNOWN STEP	2026-02-25T19:48:16.0683653Z [command]/usr/bin/git config --local gc.auto 0
Web Tests (4)	UNKNOWN STEP	2026-02-25T19:48:16.0710704Z ##[endgroup]
Web Tests (4)	UNKNOWN STEP	2026-02-25T19:48:16.0711756Z ##[group]Setting up auth
Web Tests (4)	UNKNOWN STEP	2026-02-25T19:48:16.0718567Z [command]/usr/bin/git config --local --name-only --get-regexp core\.sshCommand
Web Tests (4)	UNKNOWN STEP	2026-02-25T19:48:16.0748202Z [command]/usr/bin/git submodule foreach --recursive sh -c "git config --local --name-only --get-regexp 'core\.sshCommand' && git config --local --unset-all 'core.sshCommand' || :"
Web Tests (4)	UNKNOWN STEP	2026-02-25T19:48:16.1064039Z [command]/usr/bin/git config --local --name-only --get-regexp http\.https\:\/\/github\.com\/\.extraheader
Web Tests (4)	UNKNOWN STEP	2026-02-25T19:48:16.1091401Z [command]/usr/bin/git submodule foreach --recursive sh -c "git config --local --name-only --get-regexp 'http\.https\:\/\/github\.com\/\.extraheader' && git config --local --unset-all 'http.https://github.com/.extraheader' || :"
Web Tests (4)	UNKNOWN STEP	2026-02-25T19:48:16.1273869Z [command]/usr/bin/git config --local --name-only --get-regexp ^includeIf\.gitdir:
Web Tests (4)	UNKNOWN STEP	2026-02-25T19:48:16.1309910Z [command]/usr/bin/git submodule foreach --recursive git config --local --show-origin --name-only --get-regexp remote.origin.url
Web Tests (4)	UNKNOWN STEP	2026-02-25T19:48:16.1504617Z [command]/usr/bin/git config --local http.https://github.com/.extraheader AUTHORIZATION: basic ***
Web Tests (4)	UNKNOWN STEP	2026-02-25T19:48:16.1542560Z ##[endgroup]
Web Tests (4)	UNKNOWN STEP	2026-02-25T19:48:16.1543432Z ##[group]Fetching the repository
Web Tests (4)	UNKNOWN STEP	2026-02-25T19:48:16.1554170Z [command]/usr/bin/git -c protocol.version=2 fetch --no-tags --prune --no-recurse-submodules --depth=1 origin +0408461b08eee1bbe2c516702bd1813b916d3e4c:refs/remotes/pull/1/merge
Web Tests (4)	UNKNOWN STEP	2026-02-25T19:48:17.5396421Z From https://github.com/floffel/substitution
Web Tests (4)	UNKNOWN STEP	2026-02-25T19:48:17.5399460Z  * [new ref]         0408461b08eee1bbe2c516702bd1813b916d3e4c -> pull/1/merge
Web Tests (4)	UNKNOWN STEP	2026-02-25T19:48:17.5426889Z ##[endgroup]
Web Tests (4)	UNKNOWN STEP	2026-02-25T19:48:17.5428820Z ##[group]Determining the checkout info
Web Tests (4)	UNKNOWN STEP	2026-02-25T19:48:17.5430992Z ##[endgroup]
Web Tests (4)	UNKNOWN STEP	2026-02-25T19:48:17.5434160Z [command]/usr/bin/git sparse-checkout disable
Web Tests (4)	UNKNOWN STEP	2026-02-25T19:48:17.5474860Z [command]/usr/bin/git config --local --unset-all extensions.worktreeConfig
Web Tests (4)	UNKNOWN STEP	2026-02-25T19:48:17.5500802Z ##[group]Checking out the ref
Web Tests (4)	UNKNOWN STEP	2026-02-25T19:48:17.5505220Z [command]/usr/bin/git checkout --progress --force refs/remotes/pull/1/merge
Web Tests (4)	UNKNOWN STEP	2026-02-25T19:48:17.8331008Z Note: switching to 'refs/remotes/pull/1/merge'.
Web Tests (4)	UNKNOWN STEP	2026-02-25T19:48:17.8332308Z 
Web Tests (4)	UNKNOWN STEP	2026-02-25T19:48:17.8333152Z You are in 'detached HEAD' state. You can look around, make experimental
Web Tests (4)	UNKNOWN STEP	2026-02-25T19:48:17.8335571Z changes and commit them, and you can discard any commits you make in this
Web Tests (4)	UNKNOWN STEP	2026-02-25T19:48:17.8339078Z state without impacting any branches by switching back to a branch.
Web Tests (4)	UNKNOWN STEP	2026-02-25T19:48:17.8340990Z 
Web Tests (4)	UNKNOWN STEP	2026-02-25T19:48:17.8342179Z If you want to create a new branch to retain commits you create, you may
Web Tests (4)	UNKNOWN STEP	2026-02-25T19:48:17.8345796Z do so (now or later) by using -c with the switch command. Example:
Web Tests (4)	UNKNOWN STEP	2026-02-25T19:48:17.8347769Z 
Web Tests (4)	UNKNOWN STEP	2026-02-25T19:48:17.8348423Z   git switch -c <new-branch-name>
Web Tests (4)	UNKNOWN STEP	2026-02-25T19:48:17.8349540Z 
Web Tests (4)	UNKNOWN STEP	2026-02-25T19:48:17.8350182Z Or undo this operation with:
Web Tests (4)	UNKNOWN STEP	2026-02-25T19:48:17.8351275Z 
Web Tests (4)	UNKNOWN STEP	2026-02-25T19:48:17.8351794Z   git switch -
Web Tests (4)	UNKNOWN STEP	2026-02-25T19:48:17.8352603Z 
Web Tests (4)	UNKNOWN STEP	2026-02-25T19:48:17.8353788Z Turn off this advice by setting config variable advice.detachedHead to false
Web Tests (4)	UNKNOWN STEP	2026-02-25T19:48:17.8355652Z 
Web Tests (4)	UNKNOWN STEP	2026-02-25T19:48:17.8357949Z HEAD is now at 0408461 Merge 86c2f4a4443179a61e99b4f5d2c467a0f9c43a72 into 74cc852017b0f1fdeb37326726f5fee7effe2248
Web Tests (4)	UNKNOWN STEP	2026-02-25T19:48:17.8362249Z ##[endgroup]
Web Tests (4)	UNKNOWN STEP	2026-02-25T19:48:17.8383751Z [command]/usr/bin/git log -1 --format=%H
Web Tests (4)	UNKNOWN STEP	2026-02-25T19:48:17.8406293Z 0408461b08eee1bbe2c516702bd1813b916d3e4c
Web Tests (4)	UNKNOWN STEP	2026-02-25T19:48:17.8981878Z ##[group]Run subosito/flutter-action@v2
Web Tests (4)	UNKNOWN STEP	2026-02-25T19:48:17.8982878Z with:
Web Tests (4)	UNKNOWN STEP	2026-02-25T19:48:17.8983574Z   channel: stable
Web Tests (4)	UNKNOWN STEP	2026-02-25T19:48:17.8984292Z   cache: true
Web Tests (4)	UNKNOWN STEP	2026-02-25T19:48:17.8985035Z   architecture: X64
Web Tests (4)	UNKNOWN STEP	2026-02-25T19:48:17.8985800Z   pub-cache-path: default
Web Tests (4)	UNKNOWN STEP	2026-02-25T19:48:17.8986792Z   dry-run: false
Web Tests (4)	UNKNOWN STEP	2026-02-25T19:48:17.8987734Z   git-source: https://github.com/flutter/flutter.git
Web Tests (4)	UNKNOWN STEP	2026-02-25T19:48:17.8988801Z env:
Web Tests (4)	UNKNOWN STEP	2026-02-25T19:48:17.8989440Z   CACHE_VERSION: v1
Web Tests (4)	UNKNOWN STEP	2026-02-25T19:48:17.8990169Z ##[endgroup]
Web Tests (4)	UNKNOWN STEP	2026-02-25T19:48:17.9137491Z ##[group]Run chmod +x "$GITHUB_ACTION_PATH/setup.sh"
Web Tests (4)	UNKNOWN STEP	2026-02-25T19:48:17.9138794Z [36;1mchmod +x "$GITHUB_ACTION_PATH/setup.sh"[0m
Web Tests (4)	UNKNOWN STEP	2026-02-25T19:48:17.9177161Z shell: /usr/bin/bash --noprofile --norc -e -o pipefail {0}
Web Tests (4)	UNKNOWN STEP	2026-02-25T19:48:17.9178296Z env:
Web Tests (4)	UNKNOWN STEP	2026-02-25T19:48:17.9178925Z   CACHE_VERSION: v1
Web Tests (4)	UNKNOWN STEP	2026-02-25T19:48:17.9179623Z ##[endgroup]
Web Tests (4)	UNKNOWN STEP	2026-02-25T19:48:17.9356469Z ##[group]Run $GITHUB_ACTION_PATH/setup.sh -p \
Web Tests (4)	UNKNOWN STEP	2026-02-25T19:48:17.9357696Z [36;1m$GITHUB_ACTION_PATH/setup.sh -p \[0m
Web Tests (4)	UNKNOWN STEP	2026-02-25T19:48:17.9358633Z [36;1m  -n '' \[0m
Web Tests (4)	UNKNOWN STEP	2026-02-25T19:48:17.9359333Z [36;1m  -f '' \[0m
Web Tests (4)	UNKNOWN STEP	2026-02-25T19:48:17.9360022Z [36;1m  -a 'X64' \[0m
Web Tests (4)	UNKNOWN STEP	2026-02-25T19:48:17.9360755Z [36;1m  -k '' \[0m
Web Tests (4)	UNKNOWN STEP	2026-02-25T19:48:17.9361428Z [36;1m  -c '' \[0m
Web Tests (4)	UNKNOWN STEP	2026-02-25T19:48:17.9362115Z [36;1m  -l '' \[0m
Web Tests (4)	UNKNOWN STEP	2026-02-25T19:48:17.9362822Z [36;1m  -d 'default' \[0m
Web Tests (4)	UNKNOWN STEP	2026-02-25T19:48:17.9363777Z [36;1m  -g 'https://github.com/flutter/flutter.git' \[0m
Web Tests (4)	UNKNOWN STEP	2026-02-25T19:48:17.9364820Z [36;1m  stable[0m
Web Tests (4)	UNKNOWN STEP	2026-02-25T19:48:17.9397358Z shell: /usr/bin/bash --noprofile --norc -e -o pipefail {0}
Web Tests (4)	UNKNOWN STEP	2026-02-25T19:48:17.9398470Z env:
Web Tests (4)	UNKNOWN STEP	2026-02-25T19:48:17.9399088Z   CACHE_VERSION: v1
Web Tests (4)	UNKNOWN STEP	2026-02-25T19:48:17.9399754Z ##[endgroup]
Web Tests (4)	UNKNOWN STEP	2026-02-25T19:48:18.1346136Z ##[group]Run actions/cache@v4
Web Tests (4)	UNKNOWN STEP	2026-02-25T19:48:18.1347142Z with:
Web Tests (4)	UNKNOWN STEP	2026-02-25T19:48:18.1347941Z   path: /opt/hostedtoolcache/flutter/stable-3.41.2-x64
Web Tests (4)	UNKNOWN STEP	2026-02-25T19:48:18.1349437Z   key: flutter-linux-stable-3.41.2-x64-90673a4eef275d1a6692c26ac80d6d746d41a73a
Web Tests (4)	UNKNOWN STEP	2026-02-25T19:48:18.1350832Z   enableCrossOsArchive: false
Web Tests (4)	UNKNOWN STEP	2026-02-25T19:48:18.1351675Z   fail-on-cache-miss: false
Web Tests (4)	UNKNOWN STEP	2026-02-25T19:48:18.1352467Z   lookup-only: false
Web Tests (4)	UNKNOWN STEP	2026-02-25T19:48:18.1353201Z   save-always: false
Web Tests (4)	UNKNOWN STEP	2026-02-25T19:48:18.1353870Z env:
Web Tests (4)	UNKNOWN STEP	2026-02-25T19:48:18.1354473Z   CACHE_VERSION: v1
Web Tests (4)	UNKNOWN STEP	2026-02-25T19:48:18.1355146Z ##[endgroup]
Web Tests (4)	UNKNOWN STEP	2026-02-25T19:48:18.5114768Z Cache hit for: flutter-linux-stable-3.41.2-x64-90673a4eef275d1a6692c26ac80d6d746d41a73a
Web Tests (4)	UNKNOWN STEP	2026-02-25T19:48:19.7284404Z Received 37748736 of 1665993529 (2.3%), 36.0 MBs/sec
Web Tests (4)	UNKNOWN STEP	2026-02-25T19:48:20.7289884Z Received 201326592 of 1665993529 (12.1%), 96.0 MBs/sec
Web Tests (4)	UNKNOWN STEP	2026-02-25T19:48:21.7301198Z Received 356515840 of 1665993529 (21.4%), 113.3 MBs/sec
Web Tests (4)	UNKNOWN STEP	2026-02-25T19:48:22.7306409Z Received 448790528 of 1665993529 (26.9%), 106.9 MBs/sec
Web Tests (4)	UNKNOWN STEP	2026-02-25T19:48:23.7317374Z Received 637534208 of 1665993529 (38.3%), 121.5 MBs/sec
Web Tests (4)	UNKNOWN STEP	2026-02-25T19:48:24.7320963Z Received 796917760 of 1665993529 (47.8%), 126.6 MBs/sec
Web Tests (4)	UNKNOWN STEP	2026-02-25T19:48:25.7325210Z Received 956301312 of 1665993529 (57.4%), 130.2 MBs/sec
Web Tests (4)	UNKNOWN STEP	2026-02-25T19:48:26.7323206Z Received 1124073472 of 1665993529 (67.5%), 133.9 MBs/sec
Web Tests (4)	UNKNOWN STEP	2026-02-25T19:48:27.7320243Z Received 1203765248 of 1665993529 (72.3%), 127.5 MBs/sec
Web Tests (4)	UNKNOWN STEP	2026-02-25T19:48:28.7338303Z Received 1342177280 of 1665993529 (80.6%), 127.9 MBs/sec
Web Tests (4)	UNKNOWN STEP	2026-02-25T19:48:29.7377996Z Received 1484783616 of 1665993529 (89.1%), 128.6 MBs/sec
Web Tests (4)	UNKNOWN STEP	2026-02-25T19:48:30.7387629Z Received 1661799225 of 1665993529 (99.7%), 132.0 MBs/sec
Web Tests (4)	UNKNOWN STEP	2026-02-25T19:48:30.8055051Z Received 1665993529 of 1665993529 (100.0%), 131.5 MBs/sec
Web Tests (4)	UNKNOWN STEP	2026-02-25T19:48:30.8057413Z Cache Size: ~1589 MB (1665993529 B)
Web Tests (4)	UNKNOWN STEP	2026-02-25T19:48:30.8098758Z [command]/usr/bin/tar -xf /home/runner/work/_temp/4d198655-d320-4932-bc3c-f70596c6e0d2/cache.tzst -P -C /home/runner/work/substitution/substitution --use-compress-program unzstd
Web Tests (4)	UNKNOWN STEP	2026-02-25T19:48:35.2437145Z Cache restored successfully
Web Tests (4)	UNKNOWN STEP	2026-02-25T19:48:35.4230104Z Cache restored from key: flutter-linux-stable-3.41.2-x64-90673a4eef275d1a6692c26ac80d6d746d41a73a
Web Tests (4)	UNKNOWN STEP	2026-02-25T19:48:35.5233712Z ##[group]Run actions/cache@v4
Web Tests (4)	UNKNOWN STEP	2026-02-25T19:48:35.5233948Z with:
Web Tests (4)	UNKNOWN STEP	2026-02-25T19:48:35.5234148Z   path: /home/runner/.pub-cache
Web Tests (4)	UNKNOWN STEP	2026-02-25T19:48:35.5234833Z   key: flutter-pub-linux-stable-3.41.2-x64-90673a4eef275d1a6692c26ac80d6d746d41a73a-fabacfc13d2b7e18a7fb2822593662b03764f624bf41fd351cdabec60fb27783
Web Tests (4)	UNKNOWN STEP	2026-02-25T19:48:35.5235548Z   enableCrossOsArchive: false
Web Tests (4)	UNKNOWN STEP	2026-02-25T19:48:35.5235776Z   fail-on-cache-miss: false
Web Tests (4)	UNKNOWN STEP	2026-02-25T19:48:35.5236003Z   lookup-only: false
Web Tests (4)	UNKNOWN STEP	2026-02-25T19:48:35.5236606Z   save-always: false
Web Tests (4)	UNKNOWN STEP	2026-02-25T19:48:35.5236838Z env:
Web Tests (4)	UNKNOWN STEP	2026-02-25T19:48:35.5237005Z   CACHE_VERSION: v1
Web Tests (4)	UNKNOWN STEP	2026-02-25T19:48:35.5237192Z ##[endgroup]
Web Tests (4)	UNKNOWN STEP	2026-02-25T19:48:35.8729424Z Cache hit for: flutter-pub-linux-stable-3.41.2-x64-90673a4eef275d1a6692c26ac80d6d746d41a73a-fabacfc13d2b7e18a7fb2822593662b03764f624bf41fd351cdabec60fb27783
Web Tests (4)	UNKNOWN STEP	2026-02-25T19:48:37.1419032Z Received 41943040 of 133563121 (31.4%), 40.0 MBs/sec
Web Tests (4)	UNKNOWN STEP	2026-02-25T19:48:37.7688904Z Received 133563121 of 133563121 (100.0%), 78.3 MBs/sec
Web Tests (4)	UNKNOWN STEP	2026-02-25T19:48:37.7689544Z Cache Size: ~127 MB (133563121 B)
Web Tests (4)	UNKNOWN STEP	2026-02-25T19:48:37.7717246Z [command]/usr/bin/tar -xf /home/runner/work/_temp/716cf51f-7839-4357-93d6-2d3d7ac63796/cache.tzst -P -C /home/runner/work/substitution/substitution --use-compress-program unzstd
Web Tests (4)	UNKNOWN STEP	2026-02-25T19:48:38.6362772Z Cache restored successfully
Web Tests (4)	UNKNOWN STEP	2026-02-25T19:48:38.6587828Z Cache restored from key: flutter-pub-linux-stable-3.41.2-x64-90673a4eef275d1a6692c26ac80d6d746d41a73a-fabacfc13d2b7e18a7fb2822593662b03764f624bf41fd351cdabec60fb27783
Web Tests (4)	UNKNOWN STEP	2026-02-25T19:48:38.6678251Z ##[group]Run $GITHUB_ACTION_PATH/setup.sh \
Web Tests (4)	UNKNOWN STEP	2026-02-25T19:48:38.6678600Z [36;1m$GITHUB_ACTION_PATH/setup.sh \[0m
Web Tests (4)	UNKNOWN STEP	2026-02-25T19:48:38.6678865Z [36;1m  -n '3.41.2' \[0m
Web Tests (4)	UNKNOWN STEP	2026-02-25T19:48:38.6679075Z [36;1m  -a 'x64' \[0m
Web Tests (4)	UNKNOWN STEP	2026-02-25T19:48:38.6679367Z [36;1m  -c '/opt/hostedtoolcache/flutter/stable-3.41.2-x64' \[0m
Web Tests (4)	UNKNOWN STEP	2026-02-25T19:48:38.6679702Z [36;1m  -d '/home/runner/.pub-cache' \[0m
Web Tests (4)	UNKNOWN STEP	2026-02-25T19:48:38.6679948Z [36;1m  stable[0m
Web Tests (4)	UNKNOWN STEP	2026-02-25T19:48:38.6706902Z shell: /usr/bin/bash --noprofile --norc -e -o pipefail {0}
Web Tests (4)	UNKNOWN STEP	2026-02-25T19:48:38.6707228Z env:
Web Tests (4)	UNKNOWN STEP	2026-02-25T19:48:38.6707405Z   CACHE_VERSION: v1
Web Tests (4)	UNKNOWN STEP	2026-02-25T19:48:38.6707598Z ##[endgroup]
Web Tests (4)	UNKNOWN STEP	2026-02-25T19:48:38.8527537Z ##[group]Run flutter pub get
Web Tests (4)	UNKNOWN STEP	2026-02-25T19:48:38.8527830Z [36;1mflutter pub get[0m
Web Tests (4)	UNKNOWN STEP	2026-02-25T19:48:38.8558584Z shell: /usr/bin/bash -e {0}
Web Tests (4)	UNKNOWN STEP	2026-02-25T19:48:38.8558850Z env:
Web Tests (4)	UNKNOWN STEP	2026-02-25T19:48:38.8559040Z   CACHE_VERSION: v1
Web Tests (4)	UNKNOWN STEP	2026-02-25T19:48:38.8559338Z   FLUTTER_ROOT: /opt/hostedtoolcache/flutter/stable-3.41.2-x64
Web Tests (4)	UNKNOWN STEP	2026-02-25T19:48:38.8559682Z   PUB_CACHE: /home/runner/.pub-cache
Web Tests (4)	UNKNOWN STEP	2026-02-25T19:48:38.8559916Z ##[endgroup]
Web Tests (4)	UNKNOWN STEP	2026-02-25T19:48:39.0226829Z Resolving dependencies...
Web Tests (4)	UNKNOWN STEP	2026-02-25T19:48:39.3698351Z Downloading packages...
Web Tests (4)	UNKNOWN STEP	2026-02-25T19:48:39.4250157Z   _fe_analyzer_shared 91.0.0 (96.0.0 available)
Web Tests (4)	UNKNOWN STEP	2026-02-25T19:48:39.4250790Z   analyzer 8.4.1 (10.2.0 available)
Web Tests (4)	UNKNOWN STEP	2026-02-25T19:48:39.4251280Z > characters 1.4.1 (was 1.4.0)
Web Tests (4)	UNKNOWN STEP	2026-02-25T19:48:39.4251709Z > matcher 0.12.18 (was 0.12.17)
Web Tests (4)	UNKNOWN STEP	2026-02-25T19:48:39.4252156Z > material_color_utilities 0.13.0 (was 0.11.1)
Web Tests (4)	UNKNOWN STEP	2026-02-25T19:48:39.4252699Z   meta 1.17.0 (1.18.1 available)
Web Tests (4)	UNKNOWN STEP	2026-02-25T19:48:39.4253231Z   sqflite_common_ffi 2.3.7+1 (2.4.0+2 available)
Web Tests (4)	UNKNOWN STEP	2026-02-25T19:48:39.4253938Z   sqlite3 2.9.4 (3.1.6 available)
Web Tests (4)	UNKNOWN STEP	2026-02-25T19:48:39.4254307Z > test_api 0.7.9 (was 0.7.7)
Web Tests (4)	UNKNOWN STEP	2026-02-25T19:48:39.4254644Z > test_core 0.6.15 (was 0.6.12)
Web Tests (4)	UNKNOWN STEP	2026-02-25T19:48:39.4255014Z   unorm_dart 0.2.0 (0.3.2 available)
Web Tests (4)	UNKNOWN STEP	2026-02-25T19:48:39.4255389Z   win32 5.15.0 (6.0.0 available)
Web Tests (4)	UNKNOWN STEP	2026-02-25T19:48:39.4255783Z Changed 5 dependencies!
Web Tests (4)	UNKNOWN STEP	2026-02-25T19:48:39.4262633Z 7 packages have newer versions incompatible with dependency constraints.
Web Tests (4)	UNKNOWN STEP	2026-02-25T19:48:39.4263397Z Try `flutter pub outdated` for more information.
Web Tests (4)	UNKNOWN STEP	2026-02-25T19:48:39.9819466Z ##[group]Run flutter config --enable-web
Web Tests (4)	UNKNOWN STEP	2026-02-25T19:48:39.9819819Z [36;1mflutter config --enable-web[0m
Web Tests (4)	UNKNOWN STEP	2026-02-25T19:48:39.9847545Z shell: /usr/bin/bash -e {0}
Web Tests (4)	UNKNOWN STEP	2026-02-25T19:48:39.9847806Z env:
Web Tests (4)	UNKNOWN STEP	2026-02-25T19:48:39.9847999Z   CACHE_VERSION: v1
Web Tests (4)	UNKNOWN STEP	2026-02-25T19:48:39.9848293Z   FLUTTER_ROOT: /opt/hostedtoolcache/flutter/stable-3.41.2-x64
Web Tests (4)	UNKNOWN STEP	2026-02-25T19:48:39.9848638Z   PUB_CACHE: /home/runner/.pub-cache
Web Tests (4)	UNKNOWN STEP	2026-02-25T19:48:39.9848882Z ##[endgroup]
Web Tests (4)	UNKNOWN STEP	2026-02-25T19:48:40.0921573Z Setting "enable-web" value to "true".
Web Tests (4)	UNKNOWN STEP	2026-02-25T19:48:40.0922023Z 
Web Tests (4)	UNKNOWN STEP	2026-02-25T19:48:40.0922336Z You may need to restart any open editors for them to read new settings.
Web Tests (4)	UNKNOWN STEP	2026-02-25T19:48:40.0980327Z ##[group]Run docker compose up -d postgres matrix-synapse redis
Web Tests (4)	UNKNOWN STEP	2026-02-25T19:48:40.0980832Z [36;1mdocker compose up -d postgres matrix-synapse redis[0m
Web Tests (4)	UNKNOWN STEP	2026-02-25T19:48:40.0981186Z [36;1msleep 10[0m
Web Tests (4)	UNKNOWN STEP	2026-02-25T19:48:40.0981436Z [36;1mdocker compose run --rm matrix-init[0m
Web Tests (4)	UNKNOWN STEP	2026-02-25T19:48:40.0982039Z [36;1mtimeout 60 bash -c 'until curl -sf http://localhost:8008/_matrix/client/versions > /dev/null 2>&1; do sleep 2; done'[0m
Web Tests (4)	UNKNOWN STEP	2026-02-25T19:48:40.1010329Z shell: /usr/bin/bash -e {0}
Web Tests (4)	UNKNOWN STEP	2026-02-25T19:48:40.1010585Z env:
Web Tests (4)	UNKNOWN STEP	2026-02-25T19:48:40.1010779Z   CACHE_VERSION: v1
Web Tests (4)	UNKNOWN STEP	2026-02-25T19:48:40.1011071Z   FLUTTER_ROOT: /opt/hostedtoolcache/flutter/stable-3.41.2-x64
Web Tests (4)	UNKNOWN STEP	2026-02-25T19:48:40.1011400Z   PUB_CACHE: /home/runner/.pub-cache
Web Tests (4)	UNKNOWN STEP	2026-02-25T19:48:40.1011655Z ##[endgroup]
Web Tests (4)	UNKNOWN STEP	2026-02-25T19:48:40.3853506Z time="2026-02-25T19:48:40Z" level=warning msg="/home/runner/work/substitution/substitution/docker-compose.yml: the attribute `version` is obsolete, it will be ignored, please remove it to avoid potential confusion"
Web Tests (4)	UNKNOWN STEP	2026-02-25T19:48:40.3930774Z  postgres Pulling 
Web Tests (4)	UNKNOWN STEP	2026-02-25T19:48:40.3931238Z  matrix-synapse Pulling 
Web Tests (4)	UNKNOWN STEP	2026-02-25T19:48:40.3931591Z  dex Pulling 
Web Tests (4)	UNKNOWN STEP	2026-02-25T19:48:40.3931883Z  redis Pulling 
Web Tests (4)	UNKNOWN STEP	2026-02-25T19:48:41.4055564Z  bc1da058f299 Pulling fs layer 
Web Tests (4)	UNKNOWN STEP	2026-02-25T19:48:41.4056045Z  09a5a0c32a23 Pulling fs layer 
Web Tests (4)	UNKNOWN STEP	2026-02-25T19:48:41.4056530Z  bd53938b1271 Pulling fs layer 
Web Tests (4)	UNKNOWN STEP	2026-02-25T19:48:41.4056941Z  9fe3744a2eac Pulling fs layer 
Web Tests (4)	UNKNOWN STEP	2026-02-25T19:48:41.4057344Z  7ad54b3c4cef Pulling fs layer 
Web Tests (4)	UNKNOWN STEP	2026-02-25T19:48:41.4057706Z  2a97533d89ca Pulling fs layer 
Web Tests (4)	UNKNOWN STEP	2026-02-25T19:48:41.4058056Z  4f4fb700ef54 Pulling fs layer 
Web Tests (4)	UNKNOWN STEP	2026-02-25T19:48:41.4058281Z  1c2c8d1ee428 Pulling fs layer 
Web Tests (4)	UNKNOWN STEP	2026-02-25T19:48:41.4060709Z  2a97533d89ca Waiting 
Web Tests (4)	UNKNOWN STEP	2026-02-25T19:48:41.4061112Z  4f4fb700ef54 Waiting 
Web Tests (4)	UNKNOWN STEP	2026-02-25T19:48:41.4061476Z  1c2c8d1ee428 Waiting 
Web Tests (4)	UNKNOWN STEP	2026-02-25T19:48:41.4061809Z  9fe3744a2eac Waiting 
Web Tests (4)	UNKNOWN STEP	2026-02-25T19:48:41.4062136Z  7ad54b3c4cef Waiting 
Web Tests (4)	UNKNOWN STEP	2026-02-25T19:48:41.4120326Z  0c8d55a45c0d Pulling fs layer 
Web Tests (4)	UNKNOWN STEP	2026-02-25T19:48:41.4120959Z  03af238a5946 Pulling fs layer 
Web Tests (4)	UNKNOWN STEP	2026-02-25T19:48:41.4121314Z  686599c79c87 Pulling fs layer 
Web Tests (4)	UNKNOWN STEP	2026-02-25T19:48:41.4121695Z  0c8d55a45c0d Waiting 
Web Tests (4)	UNKNOWN STEP	2026-02-25T19:48:41.4122031Z  f1cadbd7abd2 Pulling fs layer 
Web Tests (4)	UNKNOWN STEP	2026-02-25T19:48:41.4122390Z  03af238a5946 Waiting 
Web Tests (4)	UNKNOWN STEP	2026-02-25T19:48:41.4122738Z  3ee96ea8e5d2 Pulling fs layer 
Web Tests (4)	UNKNOWN STEP	2026-02-25T19:48:41.4123104Z  686599c79c87 Waiting 
Web Tests (4)	UNKNOWN STEP	2026-02-25T19:48:41.4123428Z  a954d256f742 Pulling fs layer 
Web Tests (4)	UNKNOWN STEP	2026-02-25T19:48:41.4123802Z  f1cadbd7abd2 Waiting 
Web Tests (4)	UNKNOWN STEP	2026-02-25T19:48:41.4124148Z  c7ce85987d6d Pulling fs layer 
Web Tests (4)	UNKNOWN STEP	2026-02-25T19:48:41.4124514Z  3ee96ea8e5d2 Waiting 
Web Tests (4)	UNKNOWN STEP	2026-02-25T19:48:41.4124738Z  7807da78b90b Pulling fs layer 
Web Tests (4)	UNKNOWN STEP	2026-02-25T19:48:41.4124958Z  a954d256f742 Waiting 
Web Tests (4)	UNKNOWN STEP	2026-02-25T19:48:41.4125145Z  0478cd5c1079 Pulling fs layer 
Web Tests (4)	UNKNOWN STEP	2026-02-25T19:48:41.4125605Z  c7ce85987d6d Waiting 
Web Tests (4)	UNKNOWN STEP	2026-02-25T19:48:41.4125808Z  3a02ac06be95 Pulling fs layer 
Web Tests (4)	UNKNOWN STEP	2026-02-25T19:48:41.4126031Z  7807da78b90b Waiting 
Web Tests (4)	UNKNOWN STEP	2026-02-25T19:48:41.4126445Z  0478cd5c1079 Waiting 
Web Tests (4)	UNKNOWN STEP	2026-02-25T19:48:41.4126740Z  3a02ac06be95 Waiting 
Web Tests (4)	UNKNOWN STEP	2026-02-25T19:48:41.4193995Z  589002ba0eae Pulling fs layer 
Web Tests (4)	UNKNOWN STEP	2026-02-25T19:48:41.4194476Z  5ffb427686b6 Pulling fs layer 
Web Tests (4)	UNKNOWN STEP	2026-02-25T19:48:41.4194838Z  630177b00352 Pulling fs layer 
Web Tests (4)	UNKNOWN STEP	2026-02-25T19:48:41.4195293Z  6c18ff1f33d0 Pulling fs layer 
Web Tests (4)	UNKNOWN STEP	2026-02-25T19:48:41.4195646Z  13e46e455d3b Pulling fs layer 
Web Tests (4)	UNKNOWN STEP	2026-02-25T19:48:41.4195993Z  b4403f29458a Pulling fs layer 
Web Tests (4)	UNKNOWN STEP	2026-02-25T19:48:41.4196450Z  589002ba0eae Waiting 
Web Tests (4)	UNKNOWN STEP	2026-02-25T19:48:41.4196730Z  40aaa75af6ce Pulling fs layer 
Web Tests (4)	UNKNOWN STEP	2026-02-25T19:48:41.4197076Z  162bdab1e0a7 Pulling fs layer 
Web Tests (4)	UNKNOWN STEP	2026-02-25T19:48:41.4197387Z  ebff7b0ec73e Pulling fs layer 
Web Tests (4)	UNKNOWN STEP	2026-02-25T19:48:41.4197694Z  5ffb427686b6 Waiting 
Web Tests (4)	UNKNOWN STEP	2026-02-25T19:48:41.4198018Z  c02179436571 Pulling fs layer 
Web Tests (4)	UNKNOWN STEP	2026-02-25T19:48:41.4198358Z  8243369e9866 Pulling fs layer 
Web Tests (4)	UNKNOWN STEP	2026-02-25T19:48:41.4198610Z  630177b00352 Waiting 
Web Tests (4)	UNKNOWN STEP	2026-02-25T19:48:41.4198807Z  6c18ff1f33d0 Waiting 
Web Tests (4)	UNKNOWN STEP	2026-02-25T19:48:41.4199000Z  13e46e455d3b Waiting 
Web Tests (4)	UNKNOWN STEP	2026-02-25T19:48:41.4199540Z  162bdab1e0a7 Waiting 
Web Tests (4)	UNKNOWN STEP	2026-02-25T19:48:41.4199811Z  ebff7b0ec73e Waiting 
Web Tests (4)	UNKNOWN STEP	2026-02-25T19:48:41.4200093Z  8243369e9866 Waiting 
Web Tests (4)	UNKNOWN STEP	2026-02-25T19:48:41.4200378Z  b4403f29458a Waiting 
Web Tests (4)	UNKNOWN STEP	2026-02-25T19:48:41.4200648Z  c02179436571 Waiting 
Web Tests (4)	UNKNOWN STEP	2026-02-25T19:48:41.4200919Z  40aaa75af6ce Waiting 
Web Tests (4)	UNKNOWN STEP	2026-02-25T19:48:41.4224049Z  d25f557d7f31 Pulling fs layer 
Web Tests (4)	UNKNOWN STEP	2026-02-25T19:48:41.4224506Z  9acd5b82521c Pulling fs layer 
Web Tests (4)	UNKNOWN STEP	2026-02-25T19:48:41.4224908Z  10d78728ec4d Pulling fs layer 
Web Tests (4)	UNKNOWN STEP	2026-02-25T19:48:41.4225137Z  e0d49f520b92 Pulling fs layer 
Web Tests (4)	UNKNOWN STEP	2026-02-25T19:48:41.4225393Z  5de905603ac5 Pulling fs layer 
Web Tests (4)	UNKNOWN STEP	2026-02-25T19:48:41.4225730Z  808bb02340fa Pulling fs layer 
Web Tests (4)	UNKNOWN STEP	2026-02-25T19:48:41.4226056Z  d25f557d7f31 Waiting 
Web Tests (4)	UNKNOWN STEP	2026-02-25T19:48:41.4226468Z  c0970b69197c Pulling fs layer 
Web Tests (4)	UNKNOWN STEP	2026-02-25T19:48:41.4226686Z  9de5f206730a Pulling fs layer 
Web Tests (4)	UNKNOWN STEP	2026-02-25T19:48:41.4226920Z  9acd5b82521c Waiting 
Web Tests (4)	UNKNOWN STEP	2026-02-25T19:48:41.4227296Z  24e28b7dc0a2 Pulling fs layer 
Web Tests (4)	UNKNOWN STEP	2026-02-25T19:48:41.4227556Z  830180cf89a8 Pulling fs layer 
Web Tests (4)	UNKNOWN STEP	2026-02-25T19:48:41.4227781Z  10d78728ec4d Waiting 
Web Tests (4)	UNKNOWN STEP	2026-02-25T19:48:41.4227978Z  c0970b69197c Waiting 
Web Tests (4)	UNKNOWN STEP	2026-02-25T19:48:41.4228167Z  e0d49f520b92 Waiting 
Web Tests (4)	UNKNOWN STEP	2026-02-25T19:48:41.4228350Z  5de905603ac5 Waiting 
Web Tests (4)	UNKNOWN STEP	2026-02-25T19:48:41.4228537Z  9de5f206730a Waiting 
Web Tests (4)	UNKNOWN STEP	2026-02-25T19:48:41.4228731Z  24e28b7dc0a2 Waiting 
Web Tests (4)	UNKNOWN STEP	2026-02-25T19:48:41.6799662Z  bd53938b1271 Downloading [>                                                  ]  2.087kB/173.4kB
Web Tests (4)	UNKNOWN STEP	2026-02-25T19:48:41.6810320Z  09a5a0c32a23 Downloading [======================================>            ]     721B/948B
Web Tests (4)	UNKNOWN STEP	2026-02-25T19:48:41.6811269Z  09a5a0c32a23 Downloading [==================================================>]     948B/948B
Web Tests (4)	UNKNOWN STEP	2026-02-25T19:48:41.6812015Z  09a5a0c32a23 Download complete 
Web Tests (4)	UNKNOWN STEP	2026-02-25T19:48:41.6846711Z  bc1da058f299 Downloading [>                                                  ]  36.72kB/3.644MB
Web Tests (4)	UNKNOWN STEP	2026-02-25T19:48:41.7123934Z  bd53938b1271 Verifying Checksum 
Web Tests (4)	UNKNOWN STEP	2026-02-25T19:48:41.7124498Z  bd53938b1271 Download complete 
Web Tests (4)	UNKNOWN STEP	2026-02-25T19:48:41.7852503Z  bc1da058f299 Downloading [=================================================> ]  3.625MB/3.644MB
Web Tests (4)	UNKNOWN STEP	2026-02-25T19:48:41.7854650Z  bc1da058f299 Verifying Checksum 
Web Tests (4)	UNKNOWN STEP	2026-02-25T19:48:41.7855069Z  bc1da058f299 Download complete 
Web Tests (4)	UNKNOWN STEP	2026-02-25T19:48:41.7868329Z  bc1da058f299 Extracting [>                                                  ]  65.54kB/3.644MB
Web Tests (4)	UNKNOWN STEP	2026-02-25T19:48:41.8587704Z  bc1da058f299 Extracting [==================================================>]  3.644MB/3.644MB
Web Tests (4)	UNKNOWN STEP	2026-02-25T19:48:41.8591054Z  bc1da058f299 Extracting [==================================================>]  3.644MB/3.644MB
Web Tests (4)	UNKNOWN STEP	2026-02-25T19:48:41.8743170Z  bc1da058f299 Pull complete 
Web Tests (4)	UNKNOWN STEP	2026-02-25T19:48:41.8760954Z  09a5a0c32a23 Extracting [==================================================>]     948B/948B
Web Tests (4)	UNKNOWN STEP	2026-02-25T19:48:41.8764140Z  09a5a0c32a23 Extracting [==================================================>]     948B/948B
Web Tests (4)	UNKNOWN STEP	2026-02-25T19:48:41.9463831Z  9fe3744a2eac Downloading [>                                                  ]   10.3kB/1.003MB
Web Tests (4)	UNKNOWN STEP	2026-02-25T19:48:41.9920064Z  7ad54b3c4cef Downloading [>                                                  ]    125kB/12.41MB
Web Tests (4)	UNKNOWN STEP	2026-02-25T19:48:42.0155482Z  9fe3744a2eac Downloading [==================================================>]  1.003MB/1.003MB
Web Tests (4)	UNKNOWN STEP	2026-02-25T19:48:42.0156938Z  9fe3744a2eac Verifying Checksum 
Web Tests (4)	UNKNOWN STEP	2026-02-25T19:48:42.0158094Z  9fe3744a2eac Download complete 
Web Tests (4)	UNKNOWN STEP	2026-02-25T19:48:42.0549104Z  2a97533d89ca Downloading [==================================================>]     100B/100B
Web Tests (4)	UNKNOWN STEP	2026-02-25T19:48:42.0549731Z  2a97533d89ca Verifying Checksum 
Web Tests (4)	UNKNOWN STEP	2026-02-25T19:48:42.0550076Z  2a97533d89ca Download complete 
Web Tests (4)	UNKNOWN STEP	2026-02-25T19:48:42.0920850Z  7ad54b3c4cef Downloading [=================================>                 ]  8.383MB/12.41MB
Web Tests (4)	UNKNOWN STEP	2026-02-25T19:48:42.1123391Z  7ad54b3c4cef Verifying Checksum 
Web Tests (4)	UNKNOWN STEP	2026-02-25T19:48:42.1123893Z  7ad54b3c4cef Download complete 
Web Tests (4)	UNKNOWN STEP	2026-02-25T19:48:42.2683939Z  4f4fb700ef54 Downloading [==================================================>]      32B/32B
Web Tests (4)	UNKNOWN STEP	2026-02-25T19:48:42.2685995Z  4f4fb700ef54 Verifying Checksum 
Web Tests (4)	UNKNOWN STEP	2026-02-25T19:48:42.2687102Z  4f4fb700ef54 Download complete 
Web Tests (4)	UNKNOWN STEP	2026-02-25T19:48:42.3083915Z  1c2c8d1ee428 Downloading [==================================================>]     576B/576B
Web Tests (4)	UNKNOWN STEP	2026-02-25T19:48:42.3084714Z  1c2c8d1ee428 Verifying Checksum 
Web Tests (4)	UNKNOWN STEP	2026-02-25T19:48:42.3085182Z  1c2c8d1ee428 Download complete 
Web Tests (4)	UNKNOWN STEP	2026-02-25T19:48:42.4169576Z  0c8d55a45c0d Downloading [>                                                  ]  298.8kB/29.78MB
Web Tests (4)	UNKNOWN STEP	2026-02-25T19:48:42.5173679Z  0c8d55a45c0d Downloading [====================>                              ]  11.99MB/29.78MB
Web Tests (4)	UNKNOWN STEP	2026-02-25T19:48:42.5282186Z  03af238a5946 Downloading [>                                                  ]  13.04kB/1.293MB
Web Tests (4)	UNKNOWN STEP	2026-02-25T19:48:42.5966336Z  686599c79c87 Downloading [>                                                  ]  122.2kB/11.8MB
Web Tests (4)	UNKNOWN STEP	2026-02-25T19:48:42.6017067Z  03af238a5946 Downloading [==================================================>]  1.293MB/1.293MB
Web Tests (4)	UNKNOWN STEP	2026-02-25T19:48:42.6017836Z  03af238a5946 Verifying Checksum 
Web Tests (4)	UNKNOWN STEP	2026-02-25T19:48:42.6018249Z  03af238a5946 Download complete 
Web Tests (4)	UNKNOWN STEP	2026-02-25T19:48:42.6182838Z  0c8d55a45c0d Downloading [=============================================>     ]  26.96MB/29.78MB
Web Tests (4)	UNKNOWN STEP	2026-02-25T19:48:42.6293324Z  0c8d55a45c0d Verifying Checksum 
Web Tests (4)	UNKNOWN STEP	2026-02-25T19:48:42.6293834Z  0c8d55a45c0d Download complete 
Web Tests (4)	UNKNOWN STEP	2026-02-25T19:48:42.7465398Z  686599c79c87 Downloading [==>                                                ]  642.9kB/11.8MB
Web Tests (4)	UNKNOWN STEP	2026-02-25T19:48:42.7771643Z  0c8d55a45c0d Extracting [>                                                  ]  327.7kB/29.78MB
Web Tests (4)	UNKNOWN STEP	2026-02-25T19:48:42.8470633Z  686599c79c87 Downloading [====================================>              ]  8.603MB/11.8MB
Web Tests (4)	UNKNOWN STEP	2026-02-25T19:48:42.8698980Z  f1cadbd7abd2 Downloading [==================================================>]     252B/252B
Web Tests (4)	UNKNOWN STEP	2026-02-25T19:48:42.8699733Z  f1cadbd7abd2 Verifying Checksum 
Web Tests (4)	UNKNOWN STEP	2026-02-25T19:48:42.8700217Z  f1cadbd7abd2 Download complete 
Web Tests (4)	UNKNOWN STEP	2026-02-25T19:48:42.8754737Z  686599c79c87 Verifying Checksum 
Web Tests (4)	UNKNOWN STEP	2026-02-25T19:48:42.8755290Z  686599c79c87 Download complete 
Web Tests (4)	UNKNOWN STEP	2026-02-25T19:48:42.8787680Z  0c8d55a45c0d Extracting [============>                                      ]  7.209MB/29.78MB
Web Tests (4)	UNKNOWN STEP	2026-02-25T19:48:42.8880926Z  3ee96ea8e5d2 Downloading [==================================================>]     250B/250B
Web Tests (4)	UNKNOWN STEP	2026-02-25T19:48:42.8881642Z  3ee96ea8e5d2 Verifying Checksum 
Web Tests (4)	UNKNOWN STEP	2026-02-25T19:48:42.8882058Z  3ee96ea8e5d2 Download complete 
Web Tests (4)	UNKNOWN STEP	2026-02-25T19:48:42.9882459Z  0c8d55a45c0d Extracting [====================>                              ]  12.12MB/29.78MB
Web Tests (4)	UNKNOWN STEP	2026-02-25T19:48:43.0899949Z  0c8d55a45c0d Extracting [==================================>                ]  20.64MB/29.78MB
Web Tests (4)	UNKNOWN STEP	2026-02-25T19:48:43.1662463Z  a954d256f742 Downloading [>                                                  ]    236kB/21.98MB
Web Tests (4)	UNKNOWN STEP	2026-02-25T19:48:43.2111472Z  7807da78b90b Downloading [>                                                  ]  462.7kB/45.54MB
Web Tests (4)	UNKNOWN STEP	2026-02-25T19:48:43.2673516Z  a954d256f742 Downloading [==========================>                        ]  11.66MB/21.98MB
Web Tests (4)	UNKNOWN STEP	2026-02-25T19:48:43.2779604Z  0c8d55a45c0d Extracting [============================================>      ]  26.21MB/29.78MB
Web Tests (4)	UNKNOWN STEP	2026-02-25T19:48:43.3074148Z  a954d256f742 Verifying Checksum 
Web Tests (4)	UNKNOWN STEP	2026-02-25T19:48:43.3077259Z  a954d256f742 Download complete 
Web Tests (4)	UNKNOWN STEP	2026-02-25T19:48:43.3117495Z  7807da78b90b Downloading [===============>                                   ]  13.83MB/45.54MB
Web Tests (4)	UNKNOWN STEP	2026-02-25T19:48:43.3265250Z  c7ce85987d6d Downloading [==>                                                ]     719B/13.29kB
Web Tests (4)	UNKNOWN STEP	2026-02-25T19:48:43.3273204Z  c7ce85987d6d Downloading [==================================================>]  13.29kB/13.29kB
Web Tests (4)	UNKNOWN STEP	2026-02-25T19:48:43.3273868Z  c7ce85987d6d Verifying Checksum 
Web Tests (4)	UNKNOWN STEP	2026-02-25T19:48:43.3274568Z  c7ce85987d6d Download complete 
Web Tests (4)	UNKNOWN STEP	2026-02-25T19:48:43.3778855Z  0c8d55a45c0d Extracting [===============================================>   ]  28.51MB/29.78MB
Web Tests (4)	UNKNOWN STEP	2026-02-25T19:48:43.4119764Z  7807da78b90b Downloading [=========================================>         ]  37.88MB/45.54MB
Web Tests (4)	UNKNOWN STEP	2026-02-25T19:48:43.4411017Z  7807da78b90b Verifying Checksum 
Web Tests (4)	UNKNOWN STEP	2026-02-25T19:48:43.5058121Z  0c8d55a45c0d Extracting [================================================>  ]  29.16MB/29.78MB
Web Tests (4)	UNKNOWN STEP	2026-02-25T19:48:43.5662371Z  0478cd5c1079 Downloading [==========>                                        ]     720B/3.507kB
Web Tests (4)	UNKNOWN STEP	2026-02-25T19:48:43.5663203Z  0478cd5c1079 Downloading [==================================================>]  3.507kB/3.507kB
Web Tests (4)	UNKNOWN STEP	2026-02-25T19:48:43.5665116Z  0478cd5c1079 Download complete 
Web Tests (4)	UNKNOWN STEP	2026-02-25T19:48:43.5720679Z  0c8d55a45c0d Extracting [==================================================>]  29.78MB/29.78MB
Web Tests (4)	UNKNOWN STEP	2026-02-25T19:48:43.6094307Z  3a02ac06be95 Downloading [==========>                                        ]     720B/3.462kB
Web Tests (4)	UNKNOWN STEP	2026-02-25T19:48:43.6372176Z  3a02ac06be95 Verifying Checksum 
Web Tests (4)	UNKNOWN STEP	2026-02-25T19:48:43.6373234Z  3a02ac06be95 Download complete 
Web Tests (4)	UNKNOWN STEP	2026-02-25T19:48:43.6827828Z  0c8d55a45c0d Pull complete 
Web Tests (4)	UNKNOWN STEP	2026-02-25T19:48:43.6844644Z  03af238a5946 Extracting [=>                                                 ]  32.77kB/1.293MB
Web Tests (4)	UNKNOWN STEP	2026-02-25T19:48:43.7092583Z  589002ba0eae Downloading [>                                                  ]  39.68kB/3.862MB
Web Tests (4)	UNKNOWN STEP	2026-02-25T19:48:43.7859730Z  03af238a5946 Extracting [================================>                  ]    852kB/1.293MB
Web Tests (4)	UNKNOWN STEP	2026-02-25T19:48:43.8095762Z  589002ba0eae Downloading [==================>                                ]  1.424MB/3.862MB
Web Tests (4)	UNKNOWN STEP	2026-02-25T19:48:43.8285108Z  5ffb427686b6 Downloading [=====================================>             ]     721B/972B
Web Tests (4)	UNKNOWN STEP	2026-02-25T19:48:43.8285828Z  5ffb427686b6 Downloading [==================================================>]     972B/972B
Web Tests (4)	UNKNOWN STEP	2026-02-25T19:48:43.8286402Z  5ffb427686b6 Verifying Checksum 
Web Tests (4)	UNKNOWN STEP	2026-02-25T19:48:43.8286690Z  5ffb427686b6 Download complete 
Web Tests (4)	UNKNOWN STEP	2026-02-25T19:48:43.8404281Z  589002ba0eae Download complete 
Web Tests (4)	UNKNOWN STEP	2026-02-25T19:48:43.8414628Z  589002ba0eae Extracting [>                                                  ]  65.54kB/3.862MB
Web Tests (4)	UNKNOWN STEP	2026-02-25T19:48:43.8557878Z  03af238a5946 Extracting [==================================================>]  1.293MB/1.293MB
Web Tests (4)	UNKNOWN STEP	2026-02-25T19:48:43.8562583Z  03af238a5946 Extracting [==================================================>]  1.293MB/1.293MB
Web Tests (4)	UNKNOWN STEP	2026-02-25T19:48:43.8950347Z  630177b00352 Downloading [>                                                  ]  10.28kB/922.9kB
Web Tests (4)	UNKNOWN STEP	2026-02-25T19:48:43.9419810Z  589002ba0eae Extracting [=================================>                 ]  2.556MB/3.862MB
Web Tests (4)	UNKNOWN STEP	2026-02-25T19:48:43.9553129Z  589002ba0eae Extracting [==================================================>]  3.862MB/3.862MB
Web Tests (4)	UNKNOWN STEP	2026-02-25T19:48:43.9560584Z  589002ba0eae Extracting [==================================================>]  3.862MB/3.862MB
Web Tests (4)	UNKNOWN STEP	2026-02-25T19:48:43.9667393Z  630177b00352 Verifying Checksum 
Web Tests (4)	UNKNOWN STEP	2026-02-25T19:48:43.9667874Z  630177b00352 Download complete 
Web Tests (4)	UNKNOWN STEP	2026-02-25T19:48:44.0295515Z  589002ba0eae Pull complete 
Web Tests (4)	UNKNOWN STEP	2026-02-25T19:48:44.0325764Z  5ffb427686b6 Extracting [==================================================>]     972B/972B
Web Tests (4)	UNKNOWN STEP	2026-02-25T19:48:44.0329832Z  5ffb427686b6 Extracting [==================================================>]     972B/972B
Web Tests (4)	UNKNOWN STEP	2026-02-25T19:48:44.1002801Z  6c18ff1f33d0 Downloading [==================================================>]     173B/173B
Web Tests (4)	UNKNOWN STEP	2026-02-25T19:48:44.1003951Z  6c18ff1f33d0 Verifying Checksum 
Web Tests (4)	UNKNOWN STEP	2026-02-25T19:48:44.1004416Z  6c18ff1f33d0 Download complete 
Web Tests (4)	UNKNOWN STEP	2026-02-25T19:48:44.1455632Z  13e46e455d3b Downloading [==================================================>]     116B/116B
Web Tests (4)	UNKNOWN STEP	2026-02-25T19:48:44.1456737Z  13e46e455d3b Verifying Checksum 
Web Tests (4)	UNKNOWN STEP	2026-02-25T19:48:44.1457207Z  13e46e455d3b Download complete 
Web Tests (4)	UNKNOWN STEP	2026-02-25T19:48:44.3712731Z  40aaa75af6ce Downloading [===>                                               ]     700B/9.62kB
Web Tests (4)	UNKNOWN STEP	2026-02-25T19:48:44.3759919Z  b4403f29458a Downloading [>                                                  ]  528.2kB/105.2MB
Web Tests (4)	UNKNOWN STEP	2026-02-25T19:48:44.3760678Z  40aaa75af6ce Download complete 
Web Tests (4)	UNKNOWN STEP	2026-02-25T19:48:44.3774443Z  09a5a0c32a23 Pull complete 
Web Tests (4)	UNKNOWN STEP	2026-02-25T19:48:44.3787445Z  bd53938b1271 Extracting [=========>                                         ]  32.77kB/173.4kB
Web Tests (4)	UNKNOWN STEP	2026-02-25T19:48:44.3802396Z  bd53938b1271 Extracting [==================================================>]  173.4kB/173.4kB
Web Tests (4)	UNKNOWN STEP	2026-02-25T19:48:44.4046038Z  bd53938b1271 Extracting [==================================================>]  173.4kB/173.4kB
Web Tests (4)	UNKNOWN STEP	2026-02-25T19:48:44.4244243Z  162bdab1e0a7 Downloading [==================================================>]     128B/128B
Web Tests (4)	UNKNOWN STEP	2026-02-25T19:48:44.4245249Z  162bdab1e0a7 Verifying Checksum 
Web Tests (4)	UNKNOWN STEP	2026-02-25T19:48:44.4245688Z  162bdab1e0a7 Download complete 
Web Tests (4)	UNKNOWN STEP	2026-02-25T19:48:44.4762436Z  b4403f29458a Downloading [=====>                                             ]  12.31MB/105.2MB
Web Tests (4)	UNKNOWN STEP	2026-02-25T19:48:44.4959302Z  03af238a5946 Pull complete 
Web Tests (4)	UNKNOWN STEP	2026-02-25T19:48:44.5004301Z  bd53938b1271 Pull complete 
Web Tests (4)	UNKNOWN STEP	2026-02-25T19:48:44.5015765Z  686599c79c87 Extracting [>                                                  ]  131.1kB/11.8MB
Web Tests (4)	UNKNOWN STEP	2026-02-25T19:48:44.5020462Z  5ffb427686b6 Pull complete 
Web Tests (4)	UNKNOWN STEP	2026-02-25T19:48:44.5021079Z  9fe3744a2eac Extracting [=>                                                 ]  32.77kB/1.003MB
Web Tests (4)	UNKNOWN STEP	2026-02-25T19:48:44.5055147Z  630177b00352 Extracting [=>                                                 ]  32.77kB/922.9kB
Web Tests (4)	UNKNOWN STEP	2026-02-25T19:48:44.5380180Z  9fe3744a2eac Extracting [==================================================>]  1.003MB/1.003MB
Web Tests (4)	UNKNOWN STEP	2026-02-25T19:48:44.5398399Z  630177b00352 Extracting [==================================================>]  922.9kB/922.9kB
Web Tests (4)	UNKNOWN STEP	2026-02-25T19:48:44.5528705Z  630177b00352 Pull complete 
Web Tests (4)	UNKNOWN STEP	2026-02-25T19:48:44.5529598Z  9fe3744a2eac Pull complete 
Web Tests (4)	UNKNOWN STEP	2026-02-25T19:48:44.5568548Z  7ad54b3c4cef Extracting [>                                                  ]  131.1kB/12.41MB
Web Tests (4)	UNKNOWN STEP	2026-02-25T19:48:44.5569876Z  6c18ff1f33d0 Extracting [==================================================>]     173B/173B
Web Tests (4)	UNKNOWN STEP	2026-02-25T19:48:44.5570692Z  6c18ff1f33d0 Extracting [==================================================>]     173B/173B
Web Tests (4)	UNKNOWN STEP	2026-02-25T19:48:44.5686922Z  6c18ff1f33d0 Pull complete 
Web Tests (4)	UNKNOWN STEP	2026-02-25T19:48:44.5764751Z  b4403f29458a Downloading [===============>                                   ]   33.1MB/105.2MB
Web Tests (4)	UNKNOWN STEP	2026-02-25T19:48:44.5818730Z  13e46e455d3b Extracting [==================================================>]     116B/116B
Web Tests (4)	UNKNOWN STEP	2026-02-25T19:48:44.5825210Z  13e46e455d3b Extracting [==================================================>]     116B/116B
Web Tests (4)	UNKNOWN STEP	2026-02-25T19:48:44.5939534Z  13e46e455d3b Pull complete 
Web Tests (4)	UNKNOWN STEP	2026-02-25T19:48:44.6100530Z  686599c79c87 Extracting [====>                                              ]  1.049MB/11.8MB
Web Tests (4)	UNKNOWN STEP	2026-02-25T19:48:44.6491594Z  ebff7b0ec73e Downloading [==================================================>]     170B/170B
Web Tests (4)	UNKNOWN STEP	2026-02-25T19:48:44.6492349Z  ebff7b0ec73e Verifying Checksum 
Web Tests (4)	UNKNOWN STEP	2026-02-25T19:48:44.6492758Z  ebff7b0ec73e Download complete 
Web Tests (4)	UNKNOWN STEP	2026-02-25T19:48:44.6574465Z  7ad54b3c4cef Extracting [=================>                                 ]  4.325MB/12.41MB
Web Tests (4)	UNKNOWN STEP	2026-02-25T19:48:44.7003984Z  b4403f29458a Downloading [====================>                              ]  42.14MB/105.2MB
Web Tests (4)	UNKNOWN STEP	2026-02-25T19:48:44.7126313Z  c02179436571 Downloading [=====>                                             ]     700B/5.84kB
Web Tests (4)	UNKNOWN STEP	2026-02-25T19:48:44.7127652Z  c02179436571 Downloading [==================================================>]   5.84kB/5.84kB
Web Tests (4)	UNKNOWN STEP	2026-02-25T19:48:44.7129090Z  c02179436571 Verifying Checksum 
Web Tests (4)	UNKNOWN STEP	2026-02-25T19:48:44.7129432Z  c02179436571 Download complete 
Web Tests (4)	UNKNOWN STEP	2026-02-25T19:48:44.7141826Z  686599c79c87 Extracting [================>                                  ]  3.801MB/11.8MB
Web Tests (4)	UNKNOWN STEP	2026-02-25T19:48:44.7578521Z  7ad54b3c4cef Extracting [==============================================>    ]  11.53MB/12.41MB
Web Tests (4)	UNKNOWN STEP	2026-02-25T19:48:44.7710384Z  7ad54b3c4cef Extracting [==================================================>]  12.41MB/12.41MB
Web Tests (4)	UNKNOWN STEP	2026-02-25T19:48:44.8028282Z  7ad54b3c4cef Pull complete 
Web Tests (4)	UNKNOWN STEP	2026-02-25T19:48:44.8033231Z  2a97533d89ca Extracting [==================================================>]     100B/100B
Web Tests (4)	UNKNOWN STEP	2026-02-25T19:48:44.8044480Z  2a97533d89ca Extracting [==================================================>]     100B/100B
Web Tests (4)	UNKNOWN STEP	2026-02-25T19:48:44.8045846Z  b4403f29458a Downloading [=======================>                           ]  50.15MB/105.2MB
Web Tests (4)	UNKNOWN STEP	2026-02-25T19:48:44.8137417Z  2a97533d89ca Pull complete 
Web Tests (4)	UNKNOWN STEP	2026-02-25T19:48:44.8149150Z  4f4fb700ef54 Extracting [==================================================>]      32B/32B
Web Tests (4)	UNKNOWN STEP	2026-02-25T19:48:44.8155217Z  4f4fb700ef54 Extracting [==================================================>]      32B/32B
Web Tests (4)	UNKNOWN STEP	2026-02-25T19:48:44.8193334Z  686599c79c87 Extracting [=============================>                     ]  6.947MB/11.8MB
Web Tests (4)	UNKNOWN STEP	2026-02-25T19:48:44.8268155Z  4f4fb700ef54 Pull complete 
Web Tests (4)	UNKNOWN STEP	2026-02-25T19:48:44.8288996Z  1c2c8d1ee428 Extracting [==================================================>]     576B/576B
Web Tests (4)	UNKNOWN STEP	2026-02-25T19:48:44.8292182Z  1c2c8d1ee428 Extracting [==================================================>]     576B/576B
Web Tests (4)	UNKNOWN STEP	2026-02-25T19:48:44.8405590Z  1c2c8d1ee428 Pull complete 
Web Tests (4)	UNKNOWN STEP	2026-02-25T19:48:44.8474451Z  redis Pulled 
Web Tests (4)	UNKNOWN STEP	2026-02-25T19:48:44.9099978Z  8243369e9866 Downloading [==================================================>]     186B/186B
Web Tests (4)	UNKNOWN STEP	2026-02-25T19:48:44.9100672Z  8243369e9866 Verifying Checksum 
Web Tests (4)	UNKNOWN STEP	2026-02-25T19:48:44.9101011Z  8243369e9866 Download complete 
Web Tests (4)	UNKNOWN STEP	2026-02-25T19:48:44.9192649Z  686599c79c87 Extracting [=========================================>         ]   9.83MB/11.8MB
Web Tests (4)	UNKNOWN STEP	2026-02-25T19:48:44.9461122Z  d25f557d7f31 Downloading [>                                                  ]   36.9kB/3.622MB
Web Tests (4)	UNKNOWN STEP	2026-02-25T19:48:44.9799868Z  b4403f29458a Downloading [=========================>                         ]  52.84MB/105.2MB
Web Tests (4)	UNKNOWN STEP	2026-02-25T19:48:44.9938627Z  d25f557d7f31 Verifying Checksum 
Web Tests (4)	UNKNOWN STEP	2026-02-25T19:48:44.9939086Z  d25f557d7f31 Download complete 
Web Tests (4)	UNKNOWN STEP	2026-02-25T19:48:44.9947435Z  d25f557d7f31 Extracting [>                                                  ]  65.54kB/3.622MB
Web Tests (4)	UNKNOWN STEP	2026-02-25T19:48:45.0237114Z  686599c79c87 Extracting [===============================================>   ]  11.27MB/11.8MB
Web Tests (4)	UNKNOWN STEP	2026-02-25T19:48:45.0565146Z  686599c79c87 Extracting [==================================================>]   11.8MB/11.8MB
Web Tests (4)	UNKNOWN STEP	2026-02-25T19:48:45.0618499Z  d25f557d7f31 Extracting [==================================================>]  3.622MB/3.622MB
Web Tests (4)	UNKNOWN STEP	2026-02-25T19:48:45.0904409Z  b4403f29458a Downloading [=============================>                     ]  62.92MB/105.2MB
Web Tests (4)	UNKNOWN STEP	2026-02-25T19:48:45.1143271Z  d25f557d7f31 Pull complete 
Web Tests (4)	UNKNOWN STEP	2026-02-25T19:48:45.1155001Z  686599c79c87 Pull complete 
Web Tests (4)	UNKNOWN STEP	2026-02-25T19:48:45.1165590Z  f1cadbd7abd2 Extracting [==================================================>]     252B/252B
Web Tests (4)	UNKNOWN STEP	2026-02-25T19:48:45.1168648Z  f1cadbd7abd2 Extracting [==================================================>]     252B/252B
Web Tests (4)	UNKNOWN STEP	2026-02-25T19:48:45.1247706Z  f1cadbd7abd2 Pull complete 
Web Tests (4)	UNKNOWN STEP	2026-02-25T19:48:45.1258076Z  3ee96ea8e5d2 Extracting [==================================================>]     250B/250B
Web Tests (4)	UNKNOWN STEP	2026-02-25T19:48:45.1261549Z  3ee96ea8e5d2 Extracting [==================================================>]     250B/250B
Web Tests (4)	UNKNOWN STEP	2026-02-25T19:48:45.1331482Z  3ee96ea8e5d2 Pull complete 
Web Tests (4)	UNKNOWN STEP	2026-02-25T19:48:45.1361845Z  a954d256f742 Extracting [>                                                  ]  229.4kB/21.98MB
Web Tests (4)	UNKNOWN STEP	2026-02-25T19:48:45.1711173Z  9acd5b82521c Downloading [>                                                  ]  1.378kB/127.5kB
Web Tests (4)	UNKNOWN STEP	2026-02-25T19:48:45.1871263Z  9acd5b82521c Download complete 
Web Tests (4)	UNKNOWN STEP	2026-02-25T19:48:45.1877615Z  9acd5b82521c Extracting [============>                                      ]  32.77kB/127.5kB
Web Tests (4)	UNKNOWN STEP	2026-02-25T19:48:45.1894421Z  9acd5b82521c Extracting [==================================================>]  127.5kB/127.5kB
Web Tests (4)	UNKNOWN STEP	2026-02-25T19:48:45.1919544Z  b4403f29458a Downloading [=================================>                 ]  70.89MB/105.2MB
Web Tests (4)	UNKNOWN STEP	2026-02-25T19:48:45.2065087Z  9acd5b82521c Pull complete 
Web Tests (4)	UNKNOWN STEP	2026-02-25T19:48:45.2484408Z  a954d256f742 Extracting [=======>                                           ]  3.211MB/21.98MB
Web Tests (4)	UNKNOWN STEP	2026-02-25T19:48:45.2970983Z  10d78728ec4d Downloading [==================================================>]     122B/122B
Web Tests (4)	UNKNOWN STEP	2026-02-25T19:48:45.2972510Z  10d78728ec4d Verifying Checksum 
Web Tests (4)	UNKNOWN STEP	2026-02-25T19:48:45.2972914Z  10d78728ec4d Download complete 
Web Tests (4)	UNKNOWN STEP	2026-02-25T19:48:45.2980208Z  b4403f29458a Downloading [=====================================>             ]  79.43MB/105.2MB
Web Tests (4)	UNKNOWN STEP	2026-02-25T19:48:45.2991500Z  10d78728ec4d Extracting [==================================================>]     122B/122B
Web Tests (4)	UNKNOWN STEP	2026-02-25T19:48:45.2994295Z  10d78728ec4d Extracting [==================================================>]     122B/122B
Web Tests (4)	UNKNOWN STEP	2026-02-25T19:48:45.3128376Z  10d78728ec4d Pull complete 
Web Tests (4)	UNKNOWN STEP	2026-02-25T19:48:45.3504874Z  a954d256f742 Extracting [========================>                          ]  10.78MB/21.98MB
Web Tests (4)	UNKNOWN STEP	2026-02-25T19:48:45.4058686Z  b4403f29458a Downloading [=======================================>           ]   82.1MB/105.2MB
Web Tests (4)	UNKNOWN STEP	2026-02-25T19:48:45.4509747Z  a954d256f742 Extracting [===========================================>       ]  19.27MB/21.98MB
Web Tests (4)	UNKNOWN STEP	2026-02-25T19:48:45.4629257Z  e0d49f520b92 Downloading [==================================================>]     961B/961B
Web Tests (4)	UNKNOWN STEP	2026-02-25T19:48:45.4629949Z  e0d49f520b92 Verifying Checksum 
Web Tests (4)	UNKNOWN STEP	2026-02-25T19:48:45.4632975Z  e0d49f520b92 Download complete 
Web Tests (4)	UNKNOWN STEP	2026-02-25T19:48:45.4633582Z  e0d49f520b92 Extracting [==================================================>]     961B/961B
Web Tests (4)	UNKNOWN STEP	2026-02-25T19:48:45.4634310Z  e0d49f520b92 Extracting [==================================================>]     961B/961B
Web Tests (4)	UNKNOWN STEP	2026-02-25T19:48:45.4766994Z  e0d49f520b92 Pull complete 
Web Tests (4)	UNKNOWN STEP	2026-02-25T19:48:45.5070295Z  b4403f29458a Downloading [==============================================>    ]  97.52MB/105.2MB
Web Tests (4)	UNKNOWN STEP	2026-02-25T19:48:45.5272506Z  a954d256f742 Extracting [==================================================>]  21.98MB/21.98MB
Web Tests (4)	UNKNOWN STEP	2026-02-25T19:48:45.5474462Z  a954d256f742 Pull complete 
Web Tests (4)	UNKNOWN STEP	2026-02-25T19:48:45.5483806Z  c7ce85987d6d Extracting [==================================================>]  13.29kB/13.29kB
Web Tests (4)	UNKNOWN STEP	2026-02-25T19:48:45.5488088Z  c7ce85987d6d Extracting [==================================================>]  13.29kB/13.29kB
Web Tests (4)	UNKNOWN STEP	2026-02-25T19:48:45.5513988Z  b4403f29458a Verifying Checksum 
Web Tests (4)	UNKNOWN STEP	2026-02-25T19:48:45.5514470Z  b4403f29458a Download complete 
Web Tests (4)	UNKNOWN STEP	2026-02-25T19:48:45.5583921Z  b4403f29458a Extracting [>                                                  ]  557.1kB/105.2MB
Web Tests (4)	UNKNOWN STEP	2026-02-25T19:48:45.5685426Z  5de905603ac5 Downloading [====>                                              ]  1.378kB/17.03kB
Web Tests (4)	UNKNOWN STEP	2026-02-25T19:48:45.5691826Z  c7ce85987d6d Pull complete 
Web Tests (4)	UNKNOWN STEP	2026-02-25T19:48:45.5696745Z  5de905603ac5 Downloading [==================================================>]  17.03kB/17.03kB
Web Tests (4)	UNKNOWN STEP	2026-02-25T19:48:45.5699007Z  5de905603ac5 Verifying Checksum 
Web Tests (4)	UNKNOWN STEP	2026-02-25T19:48:45.5700262Z  5de905603ac5 Download complete 
Web Tests (4)	UNKNOWN STEP	2026-02-25T19:48:45.5716547Z  5de905603ac5 Extracting [==================================================>]  17.03kB/17.03kB
Web Tests (4)	UNKNOWN STEP	2026-02-25T19:48:45.5717674Z  5de905603ac5 Extracting [==================================================>]  17.03kB/17.03kB
Web Tests (4)	UNKNOWN STEP	2026-02-25T19:48:45.5888773Z  5de905603ac5 Pull complete 
Web Tests (4)	UNKNOWN STEP	2026-02-25T19:48:45.5980685Z  7807da78b90b Extracting [>                                                  ]  458.8kB/45.54MB
Web Tests (4)	UNKNOWN STEP	2026-02-25T19:48:45.6585537Z  b4403f29458a Extracting [=>                                                 ]  3.899MB/105.2MB
Web Tests (4)	UNKNOWN STEP	2026-02-25T19:48:45.7260073Z  7807da78b90b Extracting [===>                                               ]  2.753MB/45.54MB
Web Tests (4)	UNKNOWN STEP	2026-02-25T19:48:45.7484223Z  808bb02340fa Downloading [>                                                  ]  1.378kB/90.98kB
Web Tests (4)	UNKNOWN STEP	2026-02-25T19:48:45.7610286Z  b4403f29458a Extracting [=====>                                             ]  12.26MB/105.2MB
Web Tests (4)	UNKNOWN STEP	2026-02-25T19:48:45.7612024Z  808bb02340fa Download complete 
Web Tests (4)	UNKNOWN STEP	2026-02-25T19:48:45.7616643Z  808bb02340fa Extracting [==================================================>]  90.98kB/90.98kB
Web Tests (4)	UNKNOWN STEP	2026-02-25T19:48:45.7638734Z  808bb02340fa Extracting [==================================================>]  90.98kB/90.98kB
Web Tests (4)	UNKNOWN STEP	2026-02-25T19:48:45.8032514Z  808bb02340fa Pull complete 
Web Tests (4)	UNKNOWN STEP	2026-02-25T19:48:45.8304174Z  7807da78b90b Extracting [=======>                                           ]  6.423MB/45.54MB
Web Tests (4)	UNKNOWN STEP	2026-02-25T19:48:45.8654626Z  9de5f206730a Downloading [>                                                  ]  8.268kB/766.3kB
Web Tests (4)	UNKNOWN STEP	2026-02-25T19:48:45.8668778Z  b4403f29458a Extracting [=========>                                         ]  20.05MB/105.2MB
Web Tests (4)	UNKNOWN STEP	2026-02-25T19:48:45.8859368Z  c0970b69197c Downloading [>                                                  ]  163.8kB/14.88MB
Web Tests (4)	UNKNOWN STEP	2026-02-25T19:48:45.9003397Z  9de5f206730a Verifying Checksum 
Web Tests (4)	UNKNOWN STEP	2026-02-25T19:48:45.9009605Z  9de5f206730a Download complete 
Web Tests (4)	UNKNOWN STEP	2026-02-25T19:48:45.9698349Z  b4403f29458a Extracting [=============>                                     ]  28.41MB/105.2MB
Web Tests (4)	UNKNOWN STEP	2026-02-25T19:48:45.9957721Z  7807da78b90b Extracting [==========>                                        ]  9.175MB/45.54MB
Web Tests (4)	UNKNOWN STEP	2026-02-25T19:48:45.9958636Z  c0970b69197c Downloading [==============>                                    ]  4.387MB/14.88MB
Web Tests (4)	UNKNOWN STEP	2026-02-25T19:48:46.0484610Z  24e28b7dc0a2 Downloading [>                                                  ]  1.378kB/83.13kB
Web Tests (4)	UNKNOWN STEP	2026-02-25T19:48:46.0765695Z  b4403f29458a Extracting [=================>                                 ]  36.77MB/105.2MB
Web Tests (4)	UNKNOWN STEP	2026-02-25T19:48:46.0986408Z  7807da78b90b Extracting [===============>                                   ]  13.76MB/45.54MB
Web Tests (4)	UNKNOWN STEP	2026-02-25T19:48:46.1052953Z  24e28b7dc0a2 Downloading [==================================================>]  83.13kB/83.13kB
Web Tests (4)	UNKNOWN STEP	2026-02-25T19:48:46.1053719Z  24e28b7dc0a2 Verifying Checksum 
Web Tests (4)	UNKNOWN STEP	2026-02-25T19:48:46.1054168Z  24e28b7dc0a2 Download complete 
Web Tests (4)	UNKNOWN STEP	2026-02-25T19:48:46.1168779Z  c0970b69197c Downloading [=========================>                         ]  7.442MB/14.88MB
Web Tests (4)	UNKNOWN STEP	2026-02-25T19:48:46.1779504Z  b4403f29458a Extracting [=====================>                             ]  44.56MB/105.2MB
Web Tests (4)	UNKNOWN STEP	2026-02-25T19:48:46.2011843Z  7807da78b90b Extracting [====================>                              ]  18.35MB/45.54MB
Web Tests (4)	UNKNOWN STEP	2026-02-25T19:48:46.2161244Z  830180cf89a8 Downloading [>                                                  ]  147.5kB/14.63MB
Web Tests (4)	UNKNOWN STEP	2026-02-25T19:48:46.2386869Z  c0970b69197c Downloading [=======================================>           ]  11.78MB/14.88MB
Web Tests (4)	UNKNOWN STEP	2026-02-25T19:48:46.2993524Z  c0970b69197c Verifying Checksum 
Web Tests (4)	UNKNOWN STEP	2026-02-25T19:48:46.2994106Z  c0970b69197c Download complete 
Web Tests (4)	UNKNOWN STEP	2026-02-25T19:48:46.3035535Z  b4403f29458a Extracting [========================>                          ]  51.25MB/105.2MB
Web Tests (4)	UNKNOWN STEP	2026-02-25T19:48:46.3049679Z  c0970b69197c Extracting [>                                                  ]  163.8kB/14.88MB
Web Tests (4)	UNKNOWN STEP	2026-02-25T19:48:46.3163012Z  830180cf89a8 Downloading [========================>                          ]  7.251MB/14.63MB
Web Tests (4)	UNKNOWN STEP	2026-02-25T19:48:46.3453406Z  7807da78b90b Extracting [=====================>                             ]  19.27MB/45.54MB
Web Tests (4)	UNKNOWN STEP	2026-02-25T19:48:46.4072026Z  c0970b69197c Extracting [==================>                                ]  5.571MB/14.88MB
Web Tests (4)	UNKNOWN STEP	2026-02-25T19:48:46.4107864Z  b4403f29458a Extracting [=========================>                         ]  54.59MB/105.2MB
Web Tests (4)	UNKNOWN STEP	2026-02-25T19:48:46.4202251Z  830180cf89a8 Downloading [==============================================>    ]  13.64MB/14.63MB
Web Tests (4)	UNKNOWN STEP	2026-02-25T19:48:46.4355507Z  830180cf89a8 Verifying Checksum 
Web Tests (4)	UNKNOWN STEP	2026-02-25T19:48:46.4357146Z  830180cf89a8 Download complete 
Web Tests (4)	UNKNOWN STEP	2026-02-25T19:48:46.4587700Z  7807da78b90b Extracting [=======================>                           ]   21.1MB/45.54MB
Web Tests (4)	UNKNOWN STEP	2026-02-25T19:48:46.5082737Z  c0970b69197c Extracting [=======================================>           ]  11.63MB/14.88MB
Web Tests (4)	UNKNOWN STEP	2026-02-25T19:48:46.5148030Z  b4403f29458a Extracting [============================>                      ]  60.16MB/105.2MB
Web Tests (4)	UNKNOWN STEP	2026-02-25T19:48:46.5429687Z  c0970b69197c Extracting [==================================================>]  14.88MB/14.88MB
Web Tests (4)	UNKNOWN STEP	2026-02-25T19:48:46.5711551Z  7807da78b90b Extracting [=======================>                           ]  21.56MB/45.54MB
Web Tests (4)	UNKNOWN STEP	2026-02-25T19:48:46.6149822Z  b4403f29458a Extracting [===============================>                   ]  65.73MB/105.2MB
Web Tests (4)	UNKNOWN STEP	2026-02-25T19:48:46.7471310Z  b4403f29458a Extracting [================================>                  ]  68.52MB/105.2MB
Web Tests (4)	UNKNOWN STEP	2026-02-25T19:48:46.7535087Z  7807da78b90b Extracting [=============================>                     ]  27.07MB/45.54MB
Web Tests (4)	UNKNOWN STEP	2026-02-25T19:48:46.8470615Z  b4403f29458a Extracting [=================================>                 ]  70.19MB/105.2MB
Web Tests (4)	UNKNOWN STEP	2026-02-25T19:48:46.8953916Z  7807da78b90b Extracting [==============================>                    ]  27.53MB/45.54MB
Web Tests (4)	UNKNOWN STEP	2026-02-25T19:48:46.9452095Z  c0970b69197c Pull complete 
Web Tests (4)	UNKNOWN STEP	2026-02-25T19:48:46.9499286Z  9de5f206730a Extracting [==>                                                ]  32.77kB/766.3kB
Web Tests (4)	UNKNOWN STEP	2026-02-25T19:48:46.9620177Z  9de5f206730a Extracting [==================================================>]  766.3kB/766.3kB
Web Tests (4)	UNKNOWN STEP	2026-02-25T19:48:46.9626405Z  9de5f206730a Extracting [==================================================>]  766.3kB/766.3kB
Web Tests (4)	UNKNOWN STEP	2026-02-25T19:48:47.0575856Z  9de5f206730a Pull complete 
Web Tests (4)	UNKNOWN STEP	2026-02-25T19:48:47.0593486Z  24e28b7dc0a2 Extracting [===================>                               ]  32.77kB/83.13kB
Web Tests (4)	UNKNOWN STEP	2026-02-25T19:48:47.0600941Z  24e28b7dc0a2 Extracting [==================================================>]  83.13kB/83.13kB
Web Tests (4)	UNKNOWN STEP	2026-02-25T19:48:47.0602622Z  b4403f29458a Extracting [===================================>               ]   75.2MB/105.2MB
Web Tests (4)	UNKNOWN STEP	2026-02-25T19:48:47.0606996Z  24e28b7dc0a2 Extracting [==================================================>]  83.13kB/83.13kB
Web Tests (4)	UNKNOWN STEP	2026-02-25T19:48:47.0918413Z  24e28b7dc0a2 Pull complete 
Web Tests (4)	UNKNOWN STEP	2026-02-25T19:48:47.0968935Z  830180cf89a8 Extracting [>                                                  ]  163.8kB/14.63MB
Web Tests (4)	UNKNOWN STEP	2026-02-25T19:48:47.1694648Z  b4403f29458a Extracting [====================================>              ]  75.76MB/105.2MB
Web Tests (4)	UNKNOWN STEP	2026-02-25T19:48:47.1972965Z  830180cf89a8 Extracting [======================>                            ]  6.717MB/14.63MB
Web Tests (4)	UNKNOWN STEP	2026-02-25T19:48:47.2397468Z  7807da78b90b Extracting [=================================>                 ]  30.74MB/45.54MB
Web Tests (4)	UNKNOWN STEP	2026-02-25T19:48:47.2961555Z  b4403f29458a Extracting [====================================>              ]  77.43MB/105.2MB
Web Tests (4)	UNKNOWN STEP	2026-02-25T19:48:47.2987383Z  830180cf89a8 Extracting [=======================================>           ]  11.47MB/14.63MB
Web Tests (4)	UNKNOWN STEP	2026-02-25T19:48:47.3455764Z  830180cf89a8 Extracting [==================================================>]  14.63MB/14.63MB
Web Tests (4)	UNKNOWN STEP	2026-02-25T19:48:47.3510005Z  7807da78b90b Extracting [==================================>                ]  31.65MB/45.54MB
Web Tests (4)	UNKNOWN STEP	2026-02-25T19:48:47.3936719Z  830180cf89a8 Pull complete 
Web Tests (4)	UNKNOWN STEP	2026-02-25T19:48:47.4026773Z  b4403f29458a Extracting [=====================================>             ]  79.66MB/105.2MB
Web Tests (4)	UNKNOWN STEP	2026-02-25T19:48:47.4071872Z  dex Pulled 
Web Tests (4)	UNKNOWN STEP	2026-02-25T19:48:47.4947451Z  7807da78b90b Extracting [===================================>               ]  32.57MB/45.54MB
Web Tests (4)	UNKNOWN STEP	2026-02-25T19:48:47.5127595Z  b4403f29458a Extracting [========================================>          ]  84.67MB/105.2MB
Web Tests (4)	UNKNOWN STEP	2026-02-25T19:48:47.6071445Z  7807da78b90b Extracting [=====================================>             ]  33.95MB/45.54MB
Web Tests (4)	UNKNOWN STEP	2026-02-25T19:48:47.6231526Z  b4403f29458a Extracting [==========================================>        ]  90.24MB/105.2MB
Web Tests (4)	UNKNOWN STEP	2026-02-25T19:48:47.7254821Z  b4403f29458a Extracting [============================================>      ]  93.03MB/105.2MB
Web Tests (4)	UNKNOWN STEP	2026-02-25T19:48:47.7951494Z  7807da78b90b Extracting [======================================>            ]  34.87MB/45.54MB
Web Tests (4)	UNKNOWN STEP	2026-02-25T19:48:47.8332858Z  b4403f29458a Extracting [================================================>  ]  103.1MB/105.2MB
Web Tests (4)	UNKNOWN STEP	2026-02-25T19:48:47.8776625Z  b4403f29458a Extracting [==================================================>]  105.2MB/105.2MB
Web Tests (4)	UNKNOWN STEP	2026-02-25T19:48:47.9162046Z  7807da78b90b Extracting [============================================>      ]  40.83MB/45.54MB
Web Tests (4)	UNKNOWN STEP	2026-02-25T19:48:48.0518462Z  7807da78b90b Extracting [==============================================>    ]  42.21MB/45.54MB
Web Tests (4)	UNKNOWN STEP	2026-02-25T19:48:48.0529559Z  b4403f29458a Pull complete 
Web Tests (4)	UNKNOWN STEP	2026-02-25T19:48:48.0542586Z  40aaa75af6ce Extracting [==================================================>]   9.62kB/9.62kB
Web Tests (4)	UNKNOWN STEP	2026-02-25T19:48:48.0545297Z  40aaa75af6ce Extracting [==================================================>]   9.62kB/9.62kB
Web Tests (4)	UNKNOWN STEP	2026-02-25T19:48:48.0667272Z  40aaa75af6ce Pull complete 
Web Tests (4)	UNKNOWN STEP	2026-02-25T19:48:48.0678023Z  162bdab1e0a7 Extracting [==================================================>]     128B/128B
Web Tests (4)	UNKNOWN STEP	2026-02-25T19:48:48.0682304Z  162bdab1e0a7 Extracting [==================================================>]     128B/128B
Web Tests (4)	UNKNOWN STEP	2026-02-25T19:48:48.0773848Z  162bdab1e0a7 Pull complete 
Web Tests (4)	UNKNOWN STEP	2026-02-25T19:48:48.0785560Z  ebff7b0ec73e Extracting [==================================================>]     170B/170B
Web Tests (4)	UNKNOWN STEP	2026-02-25T19:48:48.0790153Z  ebff7b0ec73e Extracting [==================================================>]     170B/170B
Web Tests (4)	UNKNOWN STEP	2026-02-25T19:48:48.0869377Z  ebff7b0ec73e Pull complete 
Web Tests (4)	UNKNOWN STEP	2026-02-25T19:48:48.0881310Z  c02179436571 Extracting [==================================================>]   5.84kB/5.84kB
Web Tests (4)	UNKNOWN STEP	2026-02-25T19:48:48.0885941Z  c02179436571 Extracting [==================================================>]   5.84kB/5.84kB
Web Tests (4)	UNKNOWN STEP	2026-02-25T19:48:48.0974412Z  c02179436571 Pull complete 
Web Tests (4)	UNKNOWN STEP	2026-02-25T19:48:48.0986970Z  8243369e9866 Extracting [==================================================>]     186B/186B
Web Tests (4)	UNKNOWN STEP	2026-02-25T19:48:48.0997955Z  8243369e9866 Extracting [==================================================>]     186B/186B
Web Tests (4)	UNKNOWN STEP	2026-02-25T19:48:48.1091199Z  8243369e9866 Pull complete 
Web Tests (4)	UNKNOWN STEP	2026-02-25T19:48:48.1152972Z  postgres Pulled 
Web Tests (4)	UNKNOWN STEP	2026-02-25T19:48:48.1741761Z  7807da78b90b Extracting [===============================================>   ]  43.58MB/45.54MB
Web Tests (4)	UNKNOWN STEP	2026-02-25T19:48:48.2629367Z  7807da78b90b Extracting [==================================================>]  45.54MB/45.54MB
Web Tests (4)	UNKNOWN STEP	2026-02-25T19:48:48.3104888Z  7807da78b90b Pull complete 
Web Tests (4)	UNKNOWN STEP	2026-02-25T19:48:48.3116889Z  0478cd5c1079 Extracting [==================================================>]  3.507kB/3.507kB
Web Tests (4)	UNKNOWN STEP	2026-02-25T19:48:48.3120819Z  0478cd5c1079 Extracting [==================================================>]  3.507kB/3.507kB
Web Tests (4)	UNKNOWN STEP	2026-02-25T19:48:48.3193342Z  0478cd5c1079 Pull complete 
Web Tests (4)	UNKNOWN STEP	2026-02-25T19:48:48.3207798Z  3a02ac06be95 Extracting [==================================================>]  3.462kB/3.462kB
Web Tests (4)	UNKNOWN STEP	2026-02-25T19:48:48.3212109Z  3a02ac06be95 Extracting [==================================================>]  3.462kB/3.462kB
Web Tests (4)	UNKNOWN STEP	2026-02-25T19:48:48.3282184Z  3a02ac06be95 Pull complete 
Web Tests (4)	UNKNOWN STEP	2026-02-25T19:48:48.3343544Z  matrix-synapse Pulled 
Web Tests (4)	UNKNOWN STEP	2026-02-25T19:48:48.3363828Z  Network substitution_substitution_network  Creating
Web Tests (4)	UNKNOWN STEP	2026-02-25T19:48:48.3689024Z  Network substitution_substitution_network  Created
Web Tests (4)	UNKNOWN STEP	2026-02-25T19:48:48.3694274Z  Container substitution-redis-1  Creating
Web Tests (4)	UNKNOWN STEP	2026-02-25T19:48:48.3694774Z  Container substitution-dex-1  Creating
Web Tests (4)	UNKNOWN STEP	2026-02-25T19:48:48.3697587Z  Container substitution-postgres-1  Creating
Web Tests (4)	UNKNOWN STEP	2026-02-25T19:48:48.3912180Z  Container substitution-dex-1  Created
Web Tests (4)	UNKNOWN STEP	2026-02-25T19:48:48.3912979Z  Container substitution-postgres-1  Created
Web Tests (4)	UNKNOWN STEP	2026-02-25T19:48:48.3913278Z  Container substitution-redis-1  Created
Web Tests (4)	UNKNOWN STEP	2026-02-25T19:48:48.3913604Z  Container substitution-matrix-synapse-1  Creating
Web Tests (4)	UNKNOWN STEP	2026-02-25T19:48:48.4024292Z  Container substitution-matrix-synapse-1  Created
Web Tests (4)	UNKNOWN STEP	2026-02-25T19:48:48.4039152Z  Container substitution-dex-1  Starting
Web Tests (4)	UNKNOWN STEP	2026-02-25T19:48:48.4039662Z  Container substitution-redis-1  Starting
Web Tests (4)	UNKNOWN STEP	2026-02-25T19:48:48.4040131Z  Container substitution-postgres-1  Starting
Web Tests (4)	UNKNOWN STEP	2026-02-25T19:48:48.7331062Z  Container substitution-redis-1  Started
Web Tests (4)	UNKNOWN STEP	2026-02-25T19:48:48.7408782Z  Container substitution-dex-1  Started
Web Tests (4)	UNKNOWN STEP	2026-02-25T19:48:48.7452609Z  Container substitution-postgres-1  Started
Web Tests (4)	UNKNOWN STEP	2026-02-25T19:48:48.7454546Z  Container substitution-dex-1  Waiting
Web Tests (4)	UNKNOWN STEP	2026-02-25T19:48:48.7455069Z  Container substitution-postgres-1  Waiting
Web Tests (4)	UNKNOWN STEP	2026-02-25T19:48:54.2465171Z  Container substitution-dex-1  Healthy
Web Tests (4)	UNKNOWN STEP	2026-02-25T19:48:59.2470068Z  Container substitution-postgres-1  Healthy
Web Tests (4)	UNKNOWN STEP	2026-02-25T19:48:59.2470929Z  Container substitution-matrix-synapse-1  Starting
Web Tests (4)	UNKNOWN STEP	2026-02-25T19:48:59.3710892Z  Container substitution-matrix-synapse-1  Started
Web Tests (4)	UNKNOWN STEP	2026-02-25T19:49:09.4423795Z time="2026-02-25T19:49:09Z" level=warning msg="/home/runner/work/substitution/substitution/docker-compose.yml: the attribute `version` is obsolete, it will be ignored, please remove it to avoid potential confusion"
Web Tests (4)	UNKNOWN STEP	2026-02-25T19:49:09.4532011Z  Container substitution-postgres-1  Running
Web Tests (4)	UNKNOWN STEP	2026-02-25T19:49:09.4532556Z  Container substitution-dex-1  Running
Web Tests (4)	UNKNOWN STEP	2026-02-25T19:49:09.4533042Z  Container substitution-matrix-synapse-1  Running
Web Tests (4)	UNKNOWN STEP	2026-02-25T19:49:09.4546757Z  Container substitution-postgres-1  Waiting
Web Tests (4)	UNKNOWN STEP	2026-02-25T19:49:09.4547502Z  Container substitution-dex-1  Waiting
Web Tests (4)	UNKNOWN STEP	2026-02-25T19:49:09.9571167Z  Container substitution-dex-1  Healthy
Web Tests (4)	UNKNOWN STEP	2026-02-25T19:49:09.9571797Z  Container substitution-postgres-1  Healthy
Web Tests (4)	UNKNOWN STEP	2026-02-25T19:49:09.9585789Z  matrix-init Pulling 
Web Tests (4)	UNKNOWN STEP	2026-02-25T19:49:10.9814756Z  589002ba0eae Already exists 
Web Tests (4)	UNKNOWN STEP	2026-02-25T19:49:10.9829717Z  aca07fe076f1 Pulling fs layer 
Web Tests (4)	UNKNOWN STEP	2026-02-25T19:49:10.9830156Z  6dafe251d313 Pulling fs layer 
Web Tests (4)	UNKNOWN STEP	2026-02-25T19:49:10.9830549Z  fa340e77c336 Pulling fs layer 
Web Tests (4)	UNKNOWN STEP	2026-02-25T19:49:11.2430784Z  aca07fe076f1 Downloading [>                                                  ]  4.824kB/460.9kB
Web Tests (4)	UNKNOWN STEP	2026-02-25T19:49:11.2575665Z  fa340e77c336 Downloading [==================================================>]     247B/247B
Web Tests (4)	UNKNOWN STEP	2026-02-25T19:49:11.2576530Z  fa340e77c336 Verifying Checksum 
Web Tests (4)	UNKNOWN STEP	2026-02-25T19:49:11.2576988Z  fa340e77c336 Download complete 
Web Tests (4)	UNKNOWN STEP	2026-02-25T19:49:11.2896817Z  6dafe251d313 Downloading [>                                                  ]  163.7kB/16.02MB
Web Tests (4)	UNKNOWN STEP	2026-02-25T19:49:11.2929233Z  aca07fe076f1 Downloading [==================================================>]  460.9kB/460.9kB
Web Tests (4)	UNKNOWN STEP	2026-02-25T19:49:11.2929887Z  aca07fe076f1 Verifying Checksum 
Web Tests (4)	UNKNOWN STEP	2026-02-25T19:49:11.2930178Z  aca07fe076f1 Download complete 
Web Tests (4)	UNKNOWN STEP	2026-02-25T19:49:11.2930537Z  aca07fe076f1 Extracting [===>                                               ]  32.77kB/460.9kB
Web Tests (4)	UNKNOWN STEP	2026-02-25T19:49:11.3876540Z  aca07fe076f1 Extracting [==================================================>]  460.9kB/460.9kB
Web Tests (4)	UNKNOWN STEP	2026-02-25T19:49:11.3964050Z  6dafe251d313 Downloading [===============================>                   ]  10.07MB/16.02MB
Web Tests (4)	UNKNOWN STEP	2026-02-25T19:49:11.4246140Z  6dafe251d313 Verifying Checksum 
Web Tests (4)	UNKNOWN STEP	2026-02-25T19:49:11.4246716Z  6dafe251d313 Download complete 
Web Tests (4)	UNKNOWN STEP	2026-02-25T19:49:11.5021048Z  aca07fe076f1 Pull complete 
Web Tests (4)	UNKNOWN STEP	2026-02-25T19:49:11.5041395Z  6dafe251d313 Extracting [>                                                  ]  163.8kB/16.02MB
Web Tests (4)	UNKNOWN STEP	2026-02-25T19:49:11.6051809Z  6dafe251d313 Extracting [============>                                      ]  4.096MB/16.02MB
Web Tests (4)	UNKNOWN STEP	2026-02-25T19:49:11.7052301Z  6dafe251d313 Extracting [============================>                      ]  9.011MB/16.02MB
Web Tests (4)	UNKNOWN STEP	2026-02-25T19:49:11.8074716Z  6dafe251d313 Extracting [======================================>            ]  12.45MB/16.02MB
Web Tests (4)	UNKNOWN STEP	2026-02-25T19:49:11.9096014Z  6dafe251d313 Extracting [============================================>      ]  14.25MB/16.02MB
Web Tests (4)	UNKNOWN STEP	2026-02-25T19:49:12.0170566Z  6dafe251d313 Extracting [================================================>  ]   15.4MB/16.02MB
Web Tests (4)	UNKNOWN STEP	2026-02-25T19:49:12.0579548Z  6dafe251d313 Extracting [==================================================>]  16.02MB/16.02MB
Web Tests (4)	UNKNOWN STEP	2026-02-25T19:49:12.1081158Z  6dafe251d313 Pull complete 
Web Tests (4)	UNKNOWN STEP	2026-02-25T19:49:12.1089843Z  fa340e77c336 Extracting [==================================================>]     247B/247B
Web Tests (4)	UNKNOWN STEP	2026-02-25T19:49:12.1094412Z  fa340e77c336 Extracting [==================================================>]     247B/247B
Web Tests (4)	UNKNOWN STEP	2026-02-25T19:49:12.1175295Z  fa340e77c336 Pull complete 
Web Tests (4)	UNKNOWN STEP	2026-02-25T19:49:12.1234831Z  matrix-init Pulled 
Web Tests (4)	UNKNOWN STEP	2026-02-25T19:49:14.7323579Z Collecting requests
Web Tests (4)	UNKNOWN STEP	2026-02-25T19:49:14.7858664Z   Downloading requests-2.32.5-py3-none-any.whl.metadata (4.9 kB)
Web Tests (4)	UNKNOWN STEP	2026-02-25T19:49:14.9121092Z Collecting charset_normalizer<4,>=2 (from requests)
Web Tests (4)	UNKNOWN STEP	2026-02-25T19:49:14.9255973Z   Downloading charset_normalizer-3.4.4-cp311-cp311-musllinux_1_2_x86_64.whl.metadata (37 kB)
Web Tests (4)	UNKNOWN STEP	2026-02-25T19:49:14.9605340Z Collecting idna<4,>=2.5 (from requests)
Web Tests (4)	UNKNOWN STEP	2026-02-25T19:49:14.9712700Z   Downloading idna-3.11-py3-none-any.whl.metadata (8.4 kB)
Web Tests (4)	UNKNOWN STEP	2026-02-25T19:49:15.0251904Z Collecting urllib3<3,>=1.21.1 (from requests)
Web Tests (4)	UNKNOWN STEP	2026-02-25T19:49:15.0371936Z   Downloading urllib3-2.6.3-py3-none-any.whl.metadata (6.9 kB)
Web Tests (4)	UNKNOWN STEP	2026-02-25T19:49:15.0717817Z Collecting certifi>=2017.4.17 (from requests)
Web Tests (4)	UNKNOWN STEP	2026-02-25T19:49:15.0827028Z   Downloading certifi-2026.2.25-py3-none-any.whl.metadata (2.5 kB)
Web Tests (4)	UNKNOWN STEP	2026-02-25T19:49:15.1085128Z Downloading requests-2.32.5-py3-none-any.whl (64 kB)
Web Tests (4)	UNKNOWN STEP	2026-02-25T19:49:15.1168106Z    ━━━━━━━━━━━━━━━━━━━━━━━━━━━━━━━━━━━━━━━━ 64.7/64.7 kB 10.2 MB/s eta 0:00:00
Web Tests (4)	UNKNOWN STEP	2026-02-25T19:49:15.1284248Z Downloading certifi-2026.2.25-py3-none-any.whl (153 kB)
Web Tests (4)	UNKNOWN STEP	2026-02-25T19:49:15.1398946Z    ━━━━━━━━━━━━━━━━━━━━━━━━━━━━━━━━━━━━━━━━ 153.7/153.7 kB 15.4 MB/s eta 0:00:00
Web Tests (4)	UNKNOWN STEP	2026-02-25T19:49:15.1526788Z Downloading charset_normalizer-3.4.4-cp311-cp311-musllinux_1_2_x86_64.whl (152 kB)
Web Tests (4)	UNKNOWN STEP	2026-02-25T19:49:15.1579792Z    ━━━━━━━━━━━━━━━━━━━━━━━━━━━━━━━━━━━━━━━━ 153.0/153.0 kB 47.6 MB/s eta 0:00:00
Web Tests (4)	UNKNOWN STEP	2026-02-25T19:49:15.1685264Z Downloading idna-3.11-py3-none-any.whl (71 kB)
Web Tests (4)	UNKNOWN STEP	2026-02-25T19:49:15.1736513Z    ━━━━━━━━━━━━━━━━━━━━━━━━━━━━━━━━━━━━━━━━ 71.0/71.0 kB 21.8 MB/s eta 0:00:00
Web Tests (4)	UNKNOWN STEP	2026-02-25T19:49:15.1842105Z Downloading urllib3-2.6.3-py3-none-any.whl (131 kB)
Web Tests (4)	UNKNOWN STEP	2026-02-25T19:49:15.1892359Z    ━━━━━━━━━━━━━━━━━━━━━━━━━━━━━━━━━━━━━━━━ 131.6/131.6 kB 42.2 MB/s eta 0:00:00
Web Tests (4)	UNKNOWN STEP	2026-02-25T19:49:15.2510127Z Installing collected packages: urllib3, idna, charset_normalizer, certifi, requests
Web Tests (4)	UNKNOWN STEP	2026-02-25T19:49:15.5479944Z Successfully installed certifi-2026.2.25 charset_normalizer-3.4.4 idna-3.11 requests-2.32.5 urllib3-2.6.3
Web Tests (4)	UNKNOWN STEP	2026-02-25T19:49:15.5481892Z WARNING: Running pip as the 'root' user can result in broken permissions and conflicting behaviour with the system package manager. It is recommended to use a virtual environment instead: https://pip.pypa.io/warnings/venv
Web Tests (4)	UNKNOWN STEP	2026-02-25T19:49:15.6419089Z 
Web Tests (4)	UNKNOWN STEP	2026-02-25T19:49:15.6420019Z [notice] A new release of pip is available: 24.0 -> 26.0.1
Web Tests (4)	UNKNOWN STEP	2026-02-25T19:49:15.6420595Z [notice] To update, run: pip install --upgrade pip
Web Tests (4)	UNKNOWN STEP	2026-02-25T19:49:22.4038751Z Initializing Matrix Synapse test server...
Web Tests (4)	UNKNOWN STEP	2026-02-25T19:49:22.4039169Z 
Web Tests (4)	UNKNOWN STEP	2026-02-25T19:49:22.4039525Z ✓ Synapse server is ready
Web Tests (4)	UNKNOWN STEP	2026-02-25T19:49:22.4039752Z 
Web Tests (4)	UNKNOWN STEP	2026-02-25T19:49:22.4039861Z Creating test users...
Web Tests (4)	UNKNOWN STEP	2026-02-25T19:49:22.4040210Z ✓ Created user: testuser1
Web Tests (4)	UNKNOWN STEP	2026-02-25T19:49:22.4040580Z ✓ Created user: testuser2
Web Tests (4)	UNKNOWN STEP	2026-02-25T19:49:22.4040923Z ✓ Created admin user: testadmin
Web Tests (4)	UNKNOWN STEP	2026-02-25T19:49:22.4041174Z 
Web Tests (4)	UNKNOWN STEP	2026-02-25T19:49:22.4041377Z Creating test rooms and populating with data...
Web Tests (4)	UNKNOWN STEP	2026-02-25T19:49:22.4041979Z ✓ Logged in user: @testadmin:test.matrix.local
Web Tests (4)	UNKNOWN STEP	2026-02-25T19:49:22.4042474Z ✓ Admin token acquired
Web Tests (4)	UNKNOWN STEP	2026-02-25T19:49:22.4042807Z ✓ Logged in user: @testuser1:test.matrix.local
Web Tests (4)	UNKNOWN STEP	2026-02-25T19:49:22.4043222Z ✓ Created room: test_general (!nLHPUtfwHYiisGhOhu:test.matrix.local)
Web Tests (4)	UNKNOWN STEP	2026-02-25T19:49:22.4043640Z ✓ Logged in user: @testuser2:test.matrix.local
Web Tests (4)	UNKNOWN STEP	2026-02-25T19:49:22.4044243Z   ✓ User testuser2 joined room
Web Tests (4)	UNKNOWN STEP	2026-02-25T19:49:22.4044540Z ✓ Logged in user: @testadmin:test.matrix.local
Web Tests (4)	UNKNOWN STEP	2026-02-25T19:49:22.4044847Z   ✓ User testadmin joined room
Web Tests (4)	UNKNOWN STEP	2026-02-25T19:49:22.4045123Z   ✓ Published room to directory
Web Tests (4)	UNKNOWN STEP	2026-02-25T19:49:22.4045402Z   ✓ Posted 5 messages to room
Web Tests (4)	UNKNOWN STEP	2026-02-25T19:49:22.4045661Z   Seeding media messages (image, video, audio)...
Web Tests (4)	UNKNOWN STEP	2026-02-25T19:49:22.4046317Z   ✓ Uploaded media 'test_image.png': mxc://test.matrix.local/kYIQhtfigrwODhasvcVTFmnS
Web Tests (4)	UNKNOWN STEP	2026-02-25T19:49:22.4046774Z   ✓ Posted m.image message to room
Web Tests (4)	UNKNOWN STEP	2026-02-25T19:49:22.4047204Z   ✓ Uploaded media 'test_video.mp4': mxc://test.matrix.local/cdbMLWDgAnRmlGErkUsdoBWl
Web Tests (4)	UNKNOWN STEP	2026-02-25T19:49:22.4047630Z   ✓ Posted m.video message to room
Web Tests (4)	UNKNOWN STEP	2026-02-25T19:49:22.4048067Z   ✓ Uploaded media 'test_audio.mp3': mxc://test.matrix.local/YLeKBtjNcpRodUoQxVUDDaaQ
Web Tests (4)	UNKNOWN STEP	2026-02-25T19:49:22.4048487Z   ✓ Posted m.audio message to room
Web Tests (4)	UNKNOWN STEP	2026-02-25T19:49:22.4048868Z ✓ Created room: test_photos (!iCMZrsemBwYnJwehmU:test.matrix.local)
Web Tests (4)	UNKNOWN STEP	2026-02-25T19:49:22.4049281Z ✓ Logged in user: @testuser2:test.matrix.local
Web Tests (4)	UNKNOWN STEP	2026-02-25T19:49:22.4049578Z   ✓ User testuser2 joined room
Web Tests (4)	UNKNOWN STEP	2026-02-25T19:49:22.4050007Z ✓ Logged in user: @testadmin:test.matrix.local
Web Tests (4)	UNKNOWN STEP	2026-02-25T19:49:22.4050361Z   ✓ User testadmin joined room
Web Tests (4)	UNKNOWN STEP	2026-02-25T19:49:22.4050640Z   ✓ Published room to directory
Web Tests (4)	UNKNOWN STEP	2026-02-25T19:49:22.4050922Z   ✓ Posted 3 messages to room
Web Tests (4)	UNKNOWN STEP	2026-02-25T19:49:22.4051190Z   Seeding media messages (image, video, audio)...
Web Tests (4)	UNKNOWN STEP	2026-02-25T19:49:22.4051665Z   ✓ Uploaded media 'test_image.png': mxc://test.matrix.local/yBERKyFXGSmeFdjcHPKdlvjP
Web Tests (4)	UNKNOWN STEP	2026-02-25T19:49:22.4052096Z   ✓ Posted m.image message to room
Web Tests (4)	UNKNOWN STEP	2026-02-25T19:49:22.4052514Z   ✓ Uploaded media 'test_video.mp4': mxc://test.matrix.local/NsbxxXZdsULgDrfbxKrkULgE
Web Tests (4)	UNKNOWN STEP	2026-02-25T19:49:22.4052942Z   ✓ Posted m.video message to room
Web Tests (4)	UNKNOWN STEP	2026-02-25T19:49:22.4053555Z   ✓ Uploaded media 'test_audio.mp3': mxc://test.matrix.local/lHzFJHPbFsqOqirYyHemktHh
Web Tests (4)	UNKNOWN STEP	2026-02-25T19:49:22.4054217Z   ✓ Posted m.audio message to room
Web Tests (4)	UNKNOWN STEP	2026-02-25T19:49:22.4054679Z ✓ Created room: test_art (!ZZpwuKWZWUOVhUiDOs:test.matrix.local)
Web Tests (4)	UNKNOWN STEP	2026-02-25T19:49:22.4055083Z ✓ Logged in user: @testuser2:test.matrix.local
Web Tests (4)	UNKNOWN STEP	2026-02-25T19:49:22.4055386Z   ✓ User testuser2 joined room
Web Tests (4)	UNKNOWN STEP	2026-02-25T19:49:22.4055676Z ✓ Logged in user: @testadmin:test.matrix.local
Web Tests (4)	UNKNOWN STEP	2026-02-25T19:49:22.4055976Z   ✓ User testadmin joined room
Web Tests (4)	UNKNOWN STEP	2026-02-25T19:49:22.4056368Z   ✓ Published room to directory
Web Tests (4)	UNKNOWN STEP	2026-02-25T19:49:22.4056832Z ✓ Uploaded dummy avatar: mxc://test.matrix.local/XXAdtiyMafhkGMaFhwmtwLlx
Web Tests (4)	UNKNOWN STEP	2026-02-25T19:49:22.4057329Z   ✓ Set room avatar to mxc://test.matrix.local/XXAdtiyMafhkGMaFhwmtwLlx
Web Tests (4)	UNKNOWN STEP	2026-02-25T19:49:22.4057813Z ✓ Created room: test_invite_only (!WGVrNQEHrJwhOIhQzD:test.matrix.local)
Web Tests (4)	UNKNOWN STEP	2026-02-25T19:49:22.4058237Z   ℹ Skipping user invites for room (discovery test)
Web Tests (4)	UNKNOWN STEP	2026-02-25T19:49:22.4058552Z   ✓ Published room to directory
Web Tests (4)	UNKNOWN STEP	2026-02-25T19:49:22.4058817Z   ✓ Posted 2 messages to room
Web Tests (4)	UNKNOWN STEP	2026-02-25T19:49:22.4059174Z ✓ Created room: test_avatar (!WKKfDqMceZTijEIDVq:test.matrix.local)
Web Tests (4)	UNKNOWN STEP	2026-02-25T19:49:22.4059571Z ✓ Logged in user: @testuser2:test.matrix.local
Web Tests (4)	UNKNOWN STEP	2026-02-25T19:49:22.4059864Z   ✓ User testuser2 joined room
Web Tests (4)	UNKNOWN STEP	2026-02-25T19:49:22.4060154Z ✓ Logged in user: @testadmin:test.matrix.local
Web Tests (4)	UNKNOWN STEP	2026-02-25T19:49:22.4060453Z   ✓ User testadmin joined room
Web Tests (4)	UNKNOWN STEP	2026-02-25T19:49:22.4060713Z   ✓ Published room to directory
Web Tests (4)	UNKNOWN STEP	2026-02-25T19:49:22.4061105Z ✓ Uploaded dummy avatar: mxc://test.matrix.local/rfwIzArOUugVvSLlEgMULdom
Web Tests (4)	UNKNOWN STEP	2026-02-25T19:49:22.4061598Z   ✓ Set room avatar to mxc://test.matrix.local/rfwIzArOUugVvSLlEgMULdom
Web Tests (4)	UNKNOWN STEP	2026-02-25T19:49:22.4061851Z 
Web Tests (4)	UNKNOWN STEP	2026-02-25T19:49:22.4061964Z ============================================================
Web Tests (4)	UNKNOWN STEP	2026-02-25T19:49:22.4062304Z ✅ Matrix test server initialized successfully!
Web Tests (4)	UNKNOWN STEP	2026-02-25T19:49:22.4062585Z ============================================================
Web Tests (4)	UNKNOWN STEP	2026-02-25T19:49:22.4062767Z 
Web Tests (4)	UNKNOWN STEP	2026-02-25T19:49:22.4062874Z 📝 Test Users:
Web Tests (4)	UNKNOWN STEP	2026-02-25T19:49:22.4063059Z   testuser1
Web Tests (4)	UNKNOWN STEP	2026-02-25T19:49:22.4063254Z     ID: @testuser1:test.matrix.local
Web Tests (4)	UNKNOWN STEP	2026-02-25T19:49:22.4063690Z     Password: testpass123
Web Tests (4)	UNKNOWN STEP	2026-02-25T19:49:22.4063907Z   testuser2
Web Tests (4)	UNKNOWN STEP	2026-02-25T19:49:22.4064086Z     ID: @testuser2:test.matrix.local
Web Tests (4)	UNKNOWN STEP	2026-02-25T19:49:22.4064342Z     Password: testpass123
Web Tests (4)	UNKNOWN STEP	2026-02-25T19:49:22.4064550Z   testadmin
Web Tests (4)	UNKNOWN STEP	2026-02-25T19:49:22.4064748Z     ID: @testadmin:test.matrix.local
Web Tests (4)	UNKNOWN STEP	2026-02-25T19:49:22.4064991Z     Password: testpass123
Web Tests (4)	UNKNOWN STEP	2026-02-25T19:49:22.4065123Z 
Web Tests (4)	UNKNOWN STEP	2026-02-25T19:49:22.4065232Z 🏠 Test Rooms:
Web Tests (4)	UNKNOWN STEP	2026-02-25T19:49:22.4065420Z   test_general (with messages)
Web Tests (4)	UNKNOWN STEP	2026-02-25T19:49:22.4065675Z     ID: !nLHPUtfwHYiisGhOhu:test.matrix.local
Web Tests (4)	UNKNOWN STEP	2026-02-25T19:49:22.4065945Z   test_photos (with messages)
Web Tests (4)	UNKNOWN STEP	2026-02-25T19:49:22.4066388Z     ID: !iCMZrsemBwYnJwehmU:test.matrix.local
Web Tests (4)	UNKNOWN STEP	2026-02-25T19:49:22.4066750Z   test_art (empty)
Web Tests (4)	UNKNOWN STEP	2026-02-25T19:49:22.4066963Z     ID: !ZZpwuKWZWUOVhUiDOs:test.matrix.local
Web Tests (4)	UNKNOWN STEP	2026-02-25T19:49:22.4067232Z   test_invite_only (with messages)
Web Tests (4)	UNKNOWN STEP	2026-02-25T19:49:22.4067492Z     ID: !WGVrNQEHrJwhOIhQzD:test.matrix.local
Web Tests (4)	UNKNOWN STEP	2026-02-25T19:49:22.4067754Z   test_avatar (empty)
Web Tests (4)	UNKNOWN STEP	2026-02-25T19:49:22.4068062Z     ID: !WKKfDqMceZTijEIDVq:test.matrix.local
Web Tests (4)	UNKNOWN STEP	2026-02-25T19:49:22.4068261Z 
Web Tests (4)	UNKNOWN STEP	2026-02-25T19:49:22.4068539Z 🔑 Test Credentials for Integration Tests:
Web Tests (4)	UNKNOWN STEP	2026-02-25T19:49:22.4068894Z   Server:    http://matrix-synapse:8008
Web Tests (4)	UNKNOWN STEP	2026-02-25T19:49:22.4069144Z   Test User: testuser1
Web Tests (4)	UNKNOWN STEP	2026-02-25T19:49:22.4069353Z   Password:  testpass123
Web Tests (4)	UNKNOWN STEP	2026-02-25T19:49:22.4069492Z 
Web Tests (4)	UNKNOWN STEP	2026-02-25T19:49:22.4069562Z Room Status:
Web Tests (4)	UNKNOWN STEP	2026-02-25T19:49:22.4069928Z   test_general - 5 text + image/video/audio messages (for testing message lists and media rendering)
Web Tests (4)	UNKNOWN STEP	2026-02-25T19:49:22.4070487Z   test_photos  - 3 text + image/video/audio messages (for testing photo/media content)
Web Tests (4)	UNKNOWN STEP	2026-02-25T19:49:22.4070910Z   test_art     - 0 messages (for testing empty rooms)
Web Tests (4)	UNKNOWN STEP	2026-02-25T19:49:22.4071255Z ✓ Logged in user: @testuser1:test.matrix.local
Web Tests (4)	UNKNOWN STEP	2026-02-25T19:49:22.4071443Z 
Web Tests (4)	UNKNOWN STEP	2026-02-25T19:49:22.4071575Z   📋 Public room directory has 5 room(s):
Web Tests (4)	UNKNOWN STEP	2026-02-25T19:49:22.4071888Z     - test_general (!nLHPUtfwHYiisGhOhu:test.matrix.local)
Web Tests (4)	UNKNOWN STEP	2026-02-25T19:49:22.4072271Z     - test_photos (!iCMZrsemBwYnJwehmU:test.matrix.local)
Web Tests (4)	UNKNOWN STEP	2026-02-25T19:49:22.4072616Z     - test_art (!ZZpwuKWZWUOVhUiDOs:test.matrix.local)
Web Tests (4)	UNKNOWN STEP	2026-02-25T19:49:22.4072948Z     - test_avatar (!WKKfDqMceZTijEIDVq:test.matrix.local)
Web Tests (4)	UNKNOWN STEP	2026-02-25T19:49:22.4073301Z     - test_invite_only (!WGVrNQEHrJwhOIhQzD:test.matrix.local)
Web Tests (4)	UNKNOWN STEP	2026-02-25T19:49:22.4073519Z 
Web Tests (4)	UNKNOWN STEP	2026-02-25T19:49:22.5299155Z ##[group]Run ./scripts/test.sh web --no-docker --shard 4 --total-shards 7
Web Tests (4)	UNKNOWN STEP	2026-02-25T19:49:22.5299659Z [36;1m./scripts/test.sh web --no-docker --shard 4 --total-shards 7[0m
Web Tests (4)	UNKNOWN STEP	2026-02-25T19:49:22.5327839Z shell: /usr/bin/bash -e {0}
Web Tests (4)	UNKNOWN STEP	2026-02-25T19:49:22.5328102Z env:
Web Tests (4)	UNKNOWN STEP	2026-02-25T19:49:22.5328297Z   CACHE_VERSION: v1
Web Tests (4)	UNKNOWN STEP	2026-02-25T19:49:22.5328591Z   FLUTTER_ROOT: /opt/hostedtoolcache/flutter/stable-3.41.2-x64
Web Tests (4)	UNKNOWN STEP	2026-02-25T19:49:22.5328932Z   PUB_CACHE: /home/runner/.pub-cache
Web Tests (4)	UNKNOWN STEP	2026-02-25T19:49:22.5329220Z   MATRIX_SERVER: http://localhost:8008
Web Tests (4)	UNKNOWN STEP	2026-02-25T19:49:22.5329483Z   MATRIX_TEST_USER: testuser1
Web Tests (4)	UNKNOWN STEP	2026-02-25T19:49:22.5329730Z   MATRIX_TEST_PASSWORD: testpass123
Web Tests (4)	UNKNOWN STEP	2026-02-25T19:49:22.5329978Z ##[endgroup]
Web Tests (4)	UNKNOWN STEP	2026-02-25T19:49:22.5474311Z [1m
Web Tests (4)	UNKNOWN STEP	2026-02-25T19:49:22.5474653Z   Substitution Test Runner
Web Tests (4)	UNKNOWN STEP	2026-02-25T19:49:22.5485672Z   2026-02-25 19:49:22
Web Tests (4)	UNKNOWN STEP	2026-02-25T19:49:22.5485938Z   Targets: web
Web Tests (4)	UNKNOWN STEP	2026-02-25T19:49:22.5486384Z [0m
Web Tests (4)	UNKNOWN STEP	2026-02-25T19:49:22.5491139Z [0;34m[INFO][0m Fetching Flutter dependencies...
Web Tests (4)	UNKNOWN STEP	2026-02-25T19:49:23.4852237Z   unorm_dart 0.2.0 (0.3.2 available)
Web Tests (4)	UNKNOWN STEP	2026-02-25T19:49:23.4852664Z   win32 5.15.0 (6.0.0 available)
Web Tests (4)	UNKNOWN STEP	2026-02-25T19:49:23.4853024Z Got dependencies!
Web Tests (4)	UNKNOWN STEP	2026-02-25T19:49:23.4853507Z 7 packages have newer versions incompatible with dependency constraints.
Web Tests (4)	UNKNOWN STEP	2026-02-25T19:49:23.4854129Z Try `flutter pub outdated` for more information.
Web Tests (4)	UNKNOWN STEP	2026-02-25T19:49:23.4854855Z [0;32m[OK][0m Dependencies fetched
Web Tests (4)	UNKNOWN STEP	2026-02-25T19:49:23.4868998Z [0;34m[INFO][0m Target: web
Web Tests (4)	UNKNOWN STEP	2026-02-25T19:49:23.4869296Z 
Web Tests (4)	UNKNOWN STEP	2026-02-25T19:49:23.4869929Z [1m━━━ Web Tests (Chrome) ━━━[0m
Web Tests (4)	UNKNOWN STEP	2026-02-25T19:49:23.4870200Z 
Web Tests (4)	UNKNOWN STEP	2026-02-25T19:49:23.4871065Z [0;34m[INFO][0m Starting run_web_tests sequence... (Shard: 4, Total: 7)
Web Tests (4)	UNKNOWN STEP	2026-02-25T19:49:23.4876018Z [0;34m[INFO][0m Validating Chrome/Chromium...
Web Tests (4)	UNKNOWN STEP	2026-02-25T19:49:23.4882975Z [0;32m[OK][0m Chrome found: /usr/bin/google-chrome
Web Tests (4)	UNKNOWN STEP	2026-02-25T19:49:25.3382437Z [0;34m[INFO][0m Skipping web unit tests (shard 4 > 0)
Web Tests (4)	UNKNOWN STEP	2026-02-25T19:49:25.3383396Z [0;34m[INFO][0m Phase 2: web integration tests via flutter drive on Chrome
Web Tests (4)	UNKNOWN STEP	2026-02-25T19:49:25.3422382Z [0;34m[INFO][0m Found ChromeDriver at: /usr/local/share/chromedriver-linux64
Web Tests (4)	UNKNOWN STEP	2026-02-25T19:49:25.3902922Z [0;34m[INFO][0m Shard 4/7: running 4 of 32 files
Web Tests (4)	UNKNOWN STEP	2026-02-25T19:49:25.3904528Z [0;34m[INFO][0m Files in this shard: integration_test/discovery_flow_test.dart integration_test/key_verification_test.dart integration_test/onboarding_and_login_test.dart integration_test/registration_button_test.dart
Web Tests (4)	UNKNOWN STEP	2026-02-25T19:49:25.3942084Z [0;34m[INFO][0m Starting chromedriver on port 4444...
Web Tests (4)	UNKNOWN STEP	2026-02-25T19:49:27.3977024Z [0;34m[INFO][0m   Running: integration_test/discovery_flow_test.dart
Web Tests (4)	UNKNOWN STEP	2026-02-25T19:49:27.5870506Z Resolving dependencies...
Web Tests (4)	UNKNOWN STEP	2026-02-25T19:49:27.8000404Z Downloading packages...
Web Tests (4)	UNKNOWN STEP	2026-02-25T19:49:27.8583607Z   _fe_analyzer_shared 91.0.0 (96.0.0 available)
Web Tests (4)	UNKNOWN STEP	2026-02-25T19:49:27.8584178Z   analyzer 8.4.1 (10.2.0 available)
Web Tests (4)	UNKNOWN STEP	2026-02-25T19:49:27.8584613Z   meta 1.17.0 (1.18.1 available)
Web Tests (4)	UNKNOWN STEP	2026-02-25T19:49:27.8585100Z   sqflite_common_ffi 2.3.7+1 (2.4.0+2 available)
Web Tests (4)	UNKNOWN STEP	2026-02-25T19:49:27.8585589Z   sqlite3 2.9.4 (3.1.6 available)
Web Tests (4)	UNKNOWN STEP	2026-02-25T19:49:27.8585971Z   unorm_dart 0.2.0 (0.3.2 available)
Web Tests (4)	UNKNOWN STEP	2026-02-25T19:49:27.8586346Z   win32 5.15.0 (6.0.0 available)
Web Tests (4)	UNKNOWN STEP	2026-02-25T19:49:27.8586572Z Got dependencies!
Web Tests (4)	UNKNOWN STEP	2026-02-25T19:49:27.8592920Z 7 packages have newer versions incompatible with dependency constraints.
Web Tests (4)	UNKNOWN STEP	2026-02-25T19:49:27.8593414Z Try `flutter pub outdated` for more information.
Web Tests (4)	UNKNOWN STEP	2026-02-25T19:49:28.3974635Z Launching integration_test/discovery_flow_test.dart on Chrome in debug mode...
Web Tests (4)	UNKNOWN STEP	2026-02-25T19:50:12.4922273Z Waiting for connection from debug service on Chrome...             42.9s
Web Tests (4)	UNKNOWN STEP	2026-02-25T19:50:35.0155576Z Debug service listening on ws://127.0.0.1:35213/UbUeW3PgRGs=/ws
Web Tests (4)	UNKNOWN STEP	2026-02-25T19:50:35.0159787Z A Dart VM Service on Chrome is available at: http://127.0.0.1:35213/UbUeW3PgRGs=
Web Tests (4)	UNKNOWN STEP	2026-02-25T19:50:35.0165094Z The Flutter DevTools debugger and profiler on Chrome is available at: http://127.0.0.1:35213/UbUeW3PgRGs=/devtools/?uri=ws://127.0.0.1:35213/UbUeW3PgRGs=/ws
Web Tests (4)	UNKNOWN STEP	2026-02-25T19:50:35.0245342Z Starting application from main method in: org-dartlang-app:/web_entrypoint.dart.
Web Tests (4)	UNKNOWN STEP	2026-02-25T19:50:35.3347089Z Found an existing <meta name="viewport"> tag. Flutter Web uses its own viewport configuration for better compatibility with Flutter. This tag will be replaced.
Web Tests (4)	UNKNOWN STEP	2026-02-25T19:50:35.4806959Z 00:00 +0: Discovery Flow Integration Tests Navigate to follow feeds -> add server -> search rooms -> see results
Web Tests (4)	UNKNOWN STEP	2026-02-25T19:50:35.8477621Z [90m[🌎 Easy Localization] [DEBUG] Localization initialized[0m
Web Tests (4)	UNKNOWN STEP	2026-02-25T19:50:35.8478421Z [Matrix] Initialize client Substitution
Web Tests (4)	UNKNOWN STEP	2026-02-25T19:50:35.8515080Z [Matrix] User is not logged in.
Web Tests (4)	UNKNOWN STEP	2026-02-25T19:50:35.8636976Z [90m[🌎 Easy Localization] [DEBUG] Start[0m
Web Tests (4)	UNKNOWN STEP	2026-02-25T19:50:36.2134475Z [90m[🌎 Easy Localization] [DEBUG] Init state[0m
Web Tests (4)	UNKNOWN STEP	2026-02-25T19:50:36.2152563Z [90m[🌎 Easy Localization] [DEBUG] Build[0m
Web Tests (4)	UNKNOWN STEP	2026-02-25T19:50:36.2156949Z [90m[🌎 Easy Localization] [DEBUG] Init Localization Delegate[0m
Web Tests (4)	UNKNOWN STEP	2026-02-25T19:50:36.2167472Z [90m[🌎 Easy Localization] [DEBUG] Init provider[0m
Web Tests (4)	UNKNOWN STEP	2026-02-25T19:50:36.3722534Z [90m[🌎 Easy Localization] [DEBUG] Load Localization Delegate[0m
Web Tests (4)	UNKNOWN STEP	2026-02-25T19:50:36.3752573Z [90m[🌎 Easy Localization] [DEBUG] Load asset from assets/translations[0m
Web Tests (4)	UNKNOWN STEP	2026-02-25T19:50:36.9423947Z [90m[🌎 Easy Localization] [DEBUG] Build[0m
Web Tests (4)	UNKNOWN STEP	2026-02-25T19:50:36.9426028Z [90m[🌎 Easy Localization] [DEBUG] Init Localization Delegate[0m
Web Tests (4)	UNKNOWN STEP	2026-02-25T19:50:36.9426959Z [90m[🌎 Easy Localization] [DEBUG] Init provider[0m
Web Tests (4)	UNKNOWN STEP	2026-02-25T19:50:47.0754795Z ✓ Discovery flow: app running
Web Tests (4)	UNKNOWN STEP	2026-02-25T19:50:47.1168286Z 00:11 +1: Discovery Flow Integration Tests Search multiple servers and results merge correctly
Web Tests (4)	UNKNOWN STEP	2026-02-25T19:50:47.1376012Z [90m[🌎 Easy Localization] [DEBUG] Localization initialized[0m
Web Tests (4)	UNKNOWN STEP	2026-02-25T19:50:47.1385544Z [Matrix] Initialize client Substitution
Web Tests (4)	UNKNOWN STEP	2026-02-25T19:50:47.1389505Z [Matrix] User is not logged in.
Web Tests (4)	UNKNOWN STEP	2026-02-25T19:50:47.1398613Z [90m[🌎 Easy Localization] [DEBUG] Start[0m
Web Tests (4)	UNKNOWN STEP	2026-02-25T19:50:47.6432110Z 00:12 +1: Discovery Flow Integration Tests Navigate to follow feeds -> add server -> search rooms -> see results
Web Tests (4)	UNKNOWN STEP	2026-02-25T19:50:47.6439259Z [90m[🌎 Easy Localization] [DEBUG] Init state[0m
Web Tests (4)	UNKNOWN STEP	2026-02-25T19:50:47.6440841Z [90m[🌎 Easy Localization] [DEBUG] Build[0m
Web Tests (4)	UNKNOWN STEP	2026-02-25T19:50:47.6442256Z [90m[🌎 Easy Localization] [DEBUG] Init Localization Delegate[0m
Web Tests (4)	UNKNOWN STEP	2026-02-25T19:50:47.6442949Z [90m[🌎 Easy Localization] [DEBUG] Init provider[0m
Web Tests (4)	UNKNOWN STEP	2026-02-25T19:50:47.6607318Z [90m[🌎 Easy Localization] [DEBUG] Load Localization Delegate[0m
Web Tests (4)	UNKNOWN STEP	2026-02-25T19:50:47.6612742Z [90m[🌎 Easy Localization] [DEBUG] Load asset from assets/translations[0m
Web Tests (4)	UNKNOWN STEP	2026-02-25T19:50:48.1740762Z [90m[🌎 Easy Localization] [DEBUG] Build[0m
Web Tests (4)	UNKNOWN STEP	2026-02-25T19:50:48.1741512Z [90m[🌎 Easy Localization] [DEBUG] Init Localization Delegate[0m
Web Tests (4)	UNKNOWN STEP	2026-02-25T19:50:48.1742717Z [90m[🌎 Easy Localization] [DEBUG] Init provider[0m
Web Tests (4)	UNKNOWN STEP	2026-02-25T19:50:57.5164633Z 00:22 +1: Discovery Flow Integration Tests Search multiple servers and results merge correctly
Web Tests (4)	UNKNOWN STEP	2026-02-25T19:50:57.5165632Z ✓ Multi-server search: app running
Web Tests (4)	UNKNOWN STEP	2026-02-25T19:50:57.5444156Z 00:22 +2: Discovery Flow Integration Tests Join room and verify it appears in main feed
Web Tests (4)	UNKNOWN STEP	2026-02-25T19:50:57.5632349Z [90m[🌎 Easy Localization] [DEBUG] Localization initialized[0m
Web Tests (4)	UNKNOWN STEP	2026-02-25T19:50:57.5633294Z [Matrix] Initialize client Substitution
Web Tests (4)	UNKNOWN STEP	2026-02-25T19:50:57.5648356Z [Matrix] User is not logged in.
Web Tests (4)	UNKNOWN STEP	2026-02-25T19:50:57.5656145Z [90m[🌎 Easy Localization] [DEBUG] Start[0m
Web Tests (4)	UNKNOWN STEP	2026-02-25T19:50:58.0754663Z 00:22 +2: Discovery Flow Integration Tests Navigate to follow feeds -> add server -> search rooms -> see results
Web Tests (4)	UNKNOWN STEP	2026-02-25T19:50:58.0757327Z [90m[🌎 Easy Localization] [DEBUG] Init state[0m
Web Tests (4)	UNKNOWN STEP	2026-02-25T19:50:58.0759210Z [90m[🌎 Easy Localization] [DEBUG] Build[0m
Web Tests (4)	UNKNOWN STEP	2026-02-25T19:50:58.0768913Z [90m[🌎 Easy Localization] [DEBUG] Init Localization Delegate[0m
Web Tests (4)	UNKNOWN STEP	2026-02-25T19:50:58.0770944Z [90m[🌎 Easy Localization] [DEBUG] Init provider[0m
Web Tests (4)	UNKNOWN STEP	2026-02-25T19:50:58.0923641Z [90m[🌎 Easy Localization] [DEBUG] Load Localization Delegate[0m
Web Tests (4)	UNKNOWN STEP	2026-02-25T19:50:58.0926406Z [90m[🌎 Easy Localization] [DEBUG] Load asset from assets/translations[0m
Web Tests (4)	UNKNOWN STEP	2026-02-25T19:50:58.6069922Z [90m[🌎 Easy Localization] [DEBUG] Build[0m
Web Tests (4)	UNKNOWN STEP	2026-02-25T19:50:58.6070675Z [90m[🌎 Easy Localization] [DEBUG] Init Localization Delegate[0m
Web Tests (4)	UNKNOWN STEP	2026-02-25T19:50:58.6071344Z [90m[🌎 Easy Localization] [DEBUG] Init provider[0m
Web Tests (4)	UNKNOWN STEP	2026-02-25T19:51:07.9515376Z 00:32 +2: Discovery Flow Integration Tests Join room and verify it appears in main feed
Web Tests (4)	UNKNOWN STEP	2026-02-25T19:51:07.9516537Z ✓ Join room: app running
Web Tests (4)	UNKNOWN STEP	2026-02-25T19:51:07.9820920Z 00:32 +3: Discovery Flow Integration Tests Leave room and verify it disappears from main feed
Web Tests (4)	UNKNOWN STEP	2026-02-25T19:51:07.9997991Z [90m[🌎 Easy Localization] [DEBUG] Localization initialized[0m
Web Tests (4)	UNKNOWN STEP	2026-02-25T19:51:08.0000823Z [Matrix] Initialize client Substitution
Web Tests (4)	UNKNOWN STEP	2026-02-25T19:51:08.0013200Z [Matrix] User is not logged in.
Web Tests (4)	UNKNOWN STEP	2026-02-25T19:51:08.0023291Z [90m[🌎 Easy Localization] [DEBUG] Start[0m
Web Tests (4)	UNKNOWN STEP	2026-02-25T19:51:08.5078996Z 00:33 +3: Discovery Flow Integration Tests Navigate to follow feeds -> add server -> search rooms -> see results
Web Tests (4)	UNKNOWN STEP	2026-02-25T19:51:08.5081674Z [90m[🌎 Easy Localization] [DEBUG] Init state[0m
Web Tests (4)	UNKNOWN STEP	2026-02-25T19:51:08.5082324Z [90m[🌎 Easy Localization] [DEBUG] Build[0m
Web Tests (4)	UNKNOWN STEP	2026-02-25T19:51:08.5091988Z [90m[🌎 Easy Localization] [DEBUG] Init Localization Delegate[0m
Web Tests (4)	UNKNOWN STEP	2026-02-25T19:51:08.5093364Z [90m[🌎 Easy Localization] [DEBUG] Init provider[0m
Web Tests (4)	UNKNOWN STEP	2026-02-25T19:51:08.5219195Z [90m[🌎 Easy Localization] [DEBUG] Load Localization Delegate[0m
Web Tests (4)	UNKNOWN STEP	2026-02-25T19:51:08.5221070Z [90m[🌎 Easy Localization] [DEBUG] Load asset from assets/translations[0m
Web Tests (4)	UNKNOWN STEP	2026-02-25T19:51:09.0397684Z [90m[🌎 Easy Localization] [DEBUG] Build[0m
Web Tests (4)	UNKNOWN STEP	2026-02-25T19:51:09.0399451Z [90m[🌎 Easy Localization] [DEBUG] Init Localization Delegate[0m
Web Tests (4)	UNKNOWN STEP	2026-02-25T19:51:09.0400247Z [90m[🌎 Easy Localization] [DEBUG] Init provider[0m
Web Tests (4)	UNKNOWN STEP	2026-02-25T19:51:18.3713195Z 00:42 +3: Discovery Flow Integration Tests Leave room and verify it disappears from main feed
Web Tests (4)	UNKNOWN STEP	2026-02-25T19:51:18.3713864Z ✓ Leave room: app running
Web Tests (4)	UNKNOWN STEP	2026-02-25T19:51:18.3988969Z 00:42 +4: Discovery Flow Integration Tests Join room and verify it appears in main feed
Web Tests (4)	UNKNOWN STEP	2026-02-25T19:51:18.4155437Z [90m[🌎 Easy Localization] [DEBUG] Localization initialized[0m
Web Tests (4)	UNKNOWN STEP	2026-02-25T19:51:18.4157265Z [Matrix] Initialize client Substitution
Web Tests (4)	UNKNOWN STEP	2026-02-25T19:51:18.4173885Z [Matrix] User is not logged in.
Web Tests (4)	UNKNOWN STEP	2026-02-25T19:51:18.4175670Z [90m[🌎 Easy Localization] [DEBUG] Start[0m
Web Tests (4)	UNKNOWN STEP	2026-02-25T19:51:18.9241585Z 00:43 +4: Discovery Flow Integration Tests Navigate to follow feeds -> add server -> search rooms -> see results
Web Tests (4)	UNKNOWN STEP	2026-02-25T19:51:18.9246836Z [90m[🌎 Easy Localization] [DEBUG] Init state[0m
Web Tests (4)	UNKNOWN STEP	2026-02-25T19:51:18.9248597Z [90m[🌎 Easy Localization] [DEBUG] Build[0m
Web Tests (4)	UNKNOWN STEP	2026-02-25T19:51:18.9284820Z [90m[🌎 Easy Localization] [DEBUG] Init Localization Delegate[0m
Web Tests (4)	UNKNOWN STEP	2026-02-25T19:51:18.9285512Z [90m[🌎 Easy Localization] [DEBUG] Init provider[0m
Web Tests (4)	UNKNOWN STEP	2026-02-25T19:51:18.9418776Z [90m[🌎 Easy Localization] [DEBUG] Load Localization Delegate[0m
Web Tests (4)	UNKNOWN STEP	2026-02-25T19:51:18.9422657Z [90m[🌎 Easy Localization] [DEBUG] Load asset from assets/translations[0m
Web Tests (4)	UNKNOWN STEP	2026-02-25T19:51:19.4567248Z [90m[🌎 Easy Localization] [DEBUG] Build[0m
Web Tests (4)	UNKNOWN STEP	2026-02-25T19:51:19.4569127Z [90m[🌎 Easy Localization] [DEBUG] Init Localization Delegate[0m
Web Tests (4)	UNKNOWN STEP	2026-02-25T19:51:19.4570712Z [90m[🌎 Easy Localization] [DEBUG] Init provider[0m
Web Tests (4)	UNKNOWN STEP	2026-02-25T19:51:28.8009211Z 00:53 +4: Discovery Flow Integration Tests Join room and verify it appears in main feed
Web Tests (4)	UNKNOWN STEP	2026-02-25T19:51:28.8010704Z ✓ Join room: app running
Web Tests (4)	UNKNOWN STEP	2026-02-25T19:51:28.8255355Z 00:53 +5: Discovery Flow Integration Tests Leave room and verify it disappears from main feed
Web Tests (4)	UNKNOWN STEP	2026-02-25T19:51:28.8398732Z [90m[🌎 Easy Localization] [DEBUG] Localization initialized[0m
Web Tests (4)	UNKNOWN STEP	2026-02-25T19:51:28.8400420Z [Matrix] Initialize client Substitution
Web Tests (4)	UNKNOWN STEP	2026-02-25T19:51:28.8413682Z [Matrix] User is not logged in.
Web Tests (4)	UNKNOWN STEP	2026-02-25T19:51:28.8421048Z [90m[🌎 Easy Localization] [DEBUG] Start[0m
Web Tests (4)	UNKNOWN STEP	2026-02-25T19:51:29.3404437Z 00:53 +5: Discovery Flow Integration Tests Navigate to follow feeds -> add server -> search rooms -> see results
Web Tests (4)	UNKNOWN STEP	2026-02-25T19:51:29.3405708Z [90m[🌎 Easy Localization] [DEBUG] Init state[0m
Web Tests (4)	UNKNOWN STEP	2026-02-25T19:51:29.3416113Z [90m[🌎 Easy Localization] [DEBUG] Build[0m
Web Tests (4)	UNKNOWN STEP	2026-02-25T19:51:29.3417098Z [90m[🌎 Easy Localization] [DEBUG] Init Localization Delegate[0m
Web Tests (4)	UNKNOWN STEP	2026-02-25T19:51:29.3418044Z [90m[🌎 Easy Localization] [DEBUG] Init provider[0m
Web Tests (4)	UNKNOWN STEP	2026-02-25T19:51:29.3514866Z [90m[🌎 Easy Localization] [DEBUG] Load Localization Delegate[0m
Web Tests (4)	UNKNOWN STEP	2026-02-25T19:51:29.3516482Z [90m[🌎 Easy Localization] [DEBUG] Load asset from assets/translations[0m
Web Tests (4)	UNKNOWN STEP	2026-02-25T19:51:29.8720978Z [90m[🌎 Easy Localization] [DEBUG] Build[0m
Web Tests (4)	UNKNOWN STEP	2026-02-25T19:51:29.8722488Z [90m[🌎 Easy Localization] [DEBUG] Init Localization Delegate[0m
Web Tests (4)	UNKNOWN STEP	2026-02-25T19:51:29.8723076Z [90m[🌎 Easy Localization] [DEBUG] Init provider[0m
Web Tests (4)	UNKNOWN STEP	2026-02-25T19:51:39.1757088Z 01:03 +5: Discovery Flow Integration Tests Leave room and verify it disappears from main feed
Web Tests (4)	UNKNOWN STEP	2026-02-25T19:51:39.1757765Z ✓ Leave room: app running
Web Tests (4)	UNKNOWN STEP	2026-02-25T19:51:39.2009372Z 01:03 +6: (tearDownAll)
Web Tests (4)	UNKNOWN STEP	2026-02-25T19:51:39.2054468Z 01:03 +7: All tests passed!
Web Tests (4)	UNKNOWN STEP	2026-02-25T19:59:27.5847128Z [1;33m[WARN][0m Timed out after 600s but 7 tests passed, 0 failed — treating as success
Web Tests (4)	UNKNOWN STEP	2026-02-25T19:59:27.5848059Z [0;34m[INFO][0m   Running: integration_test/key_verification_test.dart
Web Tests (4)	UNKNOWN STEP	2026-02-25T19:59:27.7689685Z Resolving dependencies...
Web Tests (4)	UNKNOWN STEP	2026-02-25T19:59:27.9812958Z Downloading packages...
Web Tests (4)	UNKNOWN STEP	2026-02-25T19:59:28.0417168Z   _fe_analyzer_shared 91.0.0 (96.0.0 available)
Web Tests (4)	UNKNOWN STEP	2026-02-25T19:59:28.0417666Z   analyzer 8.4.1 (10.2.0 available)
Web Tests (4)	UNKNOWN STEP	2026-02-25T19:59:28.0418289Z   meta 1.17.0 (1.18.1 available)
Web Tests (4)	UNKNOWN STEP	2026-02-25T19:59:28.0418639Z   sqflite_common_ffi 2.3.7+1 (2.4.0+2 available)
Web Tests (4)	UNKNOWN STEP	2026-02-25T19:59:28.0419055Z   sqlite3 2.9.4 (3.1.6 available)
Web Tests (4)	UNKNOWN STEP	2026-02-25T19:59:28.0419385Z   unorm_dart 0.2.0 (0.3.2 available)
Web Tests (4)	UNKNOWN STEP	2026-02-25T19:59:28.0419714Z   win32 5.15.0 (6.0.0 available)
Web Tests (4)	UNKNOWN STEP	2026-02-25T19:59:28.0420043Z Got dependencies!
Web Tests (4)	UNKNOWN STEP	2026-02-25T19:59:28.0429348Z 7 packages have newer versions incompatible with dependency constraints.
Web Tests (4)	UNKNOWN STEP	2026-02-25T19:59:28.0430135Z Try `flutter pub outdated` for more information.
Web Tests (4)	UNKNOWN STEP	2026-02-25T19:59:28.5730512Z Launching integration_test/key_verification_test.dart on Chrome in debug mode...
Web Tests (4)	UNKNOWN STEP	2026-02-25T19:59:45.5834826Z Waiting for connection from debug service on Chrome...             16.7s
Web Tests (4)	UNKNOWN STEP	2026-02-25T19:59:53.5928980Z Debug service listening on ws://127.0.0.1:36033/TJUXPbS_1Dc=/ws
Web Tests (4)	UNKNOWN STEP	2026-02-25T19:59:53.5933894Z A Dart VM Service on Chrome is available at: http://127.0.0.1:36033/TJUXPbS_1Dc=
Web Tests (4)	UNKNOWN STEP	2026-02-25T19:59:53.5941620Z The Flutter DevTools debugger and profiler on Chrome is available at: http://127.0.0.1:36033/TJUXPbS_1Dc=/devtools/?uri=ws://127.0.0.1:36033/TJUXPbS_1Dc=/ws
Web Tests (4)	UNKNOWN STEP	2026-02-25T19:59:53.6055012Z Starting application from main method in: org-dartlang-app:/web_entrypoint.dart.
Web Tests (4)	UNKNOWN STEP	2026-02-25T19:59:53.8426924Z Found an existing <meta name="viewport"> tag. Flutter Web uses its own viewport configuration for better compatibility with Flutter. This tag will be replaced.
Web Tests (4)	UNKNOWN STEP	2026-02-25T19:59:53.9751008Z 00:00 +0: Key Verification Integration Tests Menu -> Security -> see devices -> start verification -> complete flow
Web Tests (4)	UNKNOWN STEP	2026-02-25T19:59:54.1730589Z 00:00 +1: (tearDownAll)
Web Tests (4)	UNKNOWN STEP	2026-02-25T19:59:54.1771596Z 00:00 +2: All tests passed!
Web Tests (4)	UNKNOWN STEP	2026-02-25T20:09:27.7182412Z [1;33m[WARN][0m Timed out after 600s but 2 tests passed, 0 failed — treating as success
Web Tests (4)	UNKNOWN STEP	2026-02-25T20:09:27.7184084Z [0;34m[INFO][0m   Running: integration_test/onboarding_and_login_test.dart
Web Tests (4)	UNKNOWN STEP	2026-02-25T20:09:27.9001501Z Resolving dependencies...
Web Tests (4)	UNKNOWN STEP	2026-02-25T20:09:28.1105567Z Downloading packages...
Web Tests (4)	UNKNOWN STEP	2026-02-25T20:09:28.1682720Z   _fe_analyzer_shared 91.0.0 (96.0.0 available)
Web Tests (4)	UNKNOWN STEP	2026-02-25T20:09:28.1683242Z   analyzer 8.4.1 (10.2.0 available)
Web Tests (4)	UNKNOWN STEP	2026-02-25T20:09:28.1683656Z   meta 1.17.0 (1.18.1 available)
Web Tests (4)	UNKNOWN STEP	2026-02-25T20:09:28.1683985Z   sqflite_common_ffi 2.3.7+1 (2.4.0+2 available)
Web Tests (4)	UNKNOWN STEP	2026-02-25T20:09:28.1684258Z   sqlite3 2.9.4 (3.1.6 available)
Web Tests (4)	UNKNOWN STEP	2026-02-25T20:09:28.1684705Z   unorm_dart 0.2.0 (0.3.2 available)
Web Tests (4)	UNKNOWN STEP	2026-02-25T20:09:28.1684944Z   win32 5.15.0 (6.0.0 available)
Web Tests (4)	UNKNOWN STEP	2026-02-25T20:09:28.1685184Z Got dependencies!
Web Tests (4)	UNKNOWN STEP	2026-02-25T20:09:28.1692665Z 7 packages have newer versions incompatible with dependency constraints.
Web Tests (4)	UNKNOWN STEP	2026-02-25T20:09:28.1693233Z Try `flutter pub outdated` for more information.
Web Tests (4)	UNKNOWN STEP	2026-02-25T20:09:28.7046745Z Launching integration_test/onboarding_and_login_test.dart on Chrome in debug mode...
Web Tests (4)	UNKNOWN STEP	2026-02-25T20:10:03.4089794Z Waiting for connection from debug service on Chrome...             34.4s
Web Tests (4)	UNKNOWN STEP	2026-02-25T20:10:17.2560986Z Debug service listening on ws://127.0.0.1:39869/1tn3CDlNqhA=/ws
Web Tests (4)	UNKNOWN STEP	2026-02-25T20:10:17.2565870Z A Dart VM Service on Chrome is available at: http://127.0.0.1:39869/1tn3CDlNqhA=
Web Tests (4)	UNKNOWN STEP	2026-02-25T20:10:17.2571626Z The Flutter DevTools debugger and profiler on Chrome is available at: http://127.0.0.1:39869/1tn3CDlNqhA=/devtools/?uri=ws://127.0.0.1:39869/1tn3CDlNqhA=/ws
Web Tests (4)	UNKNOWN STEP	2026-02-25T20:10:17.2651603Z Starting application from main method in: org-dartlang-app:/web_entrypoint.dart.
Web Tests (4)	UNKNOWN STEP	2026-02-25T20:10:17.4657456Z Found an existing <meta name="viewport"> tag. Flutter Web uses its own viewport configuration for better compatibility with Flutter. This tag will be replaced.
Web Tests (4)	UNKNOWN STEP	2026-02-25T20:10:17.6046905Z 00:00 +0: Onboarding & Login Flow with Real Matrix Server Complete onboarding: host selection -> login -> view feed
Web Tests (4)	UNKNOWN STEP	2026-02-25T20:10:17.7852891Z Waiting for globalMatrixClient to be initialized...
Web Tests (4)	UNKNOWN STEP	2026-02-25T20:10:17.8434968Z [90m[🌎 Easy Localization] [DEBUG] Localization initialized[0m
Web Tests (4)	UNKNOWN STEP	2026-02-25T20:10:17.8458278Z [Matrix] Initialize client Substitution
Web Tests (4)	UNKNOWN STEP	2026-02-25T20:10:17.8501532Z [Matrix] User is not logged in.
Web Tests (4)	UNKNOWN STEP	2026-02-25T20:10:17.8510372Z [90m[🌎 Easy Localization] [DEBUG] Start[0m
Web Tests (4)	UNKNOWN STEP	2026-02-25T20:10:18.2985599Z [90m[🌎 Easy Localization] [DEBUG] Init state[0m
Web Tests (4)	UNKNOWN STEP	2026-02-25T20:10:18.2999474Z [90m[🌎 Easy Localization] [DEBUG] Build[0m
Web Tests (4)	UNKNOWN STEP	2026-02-25T20:10:18.3005521Z [90m[🌎 Easy Localization] [DEBUG] Init Localization Delegate[0m
Web Tests (4)	UNKNOWN STEP	2026-02-25T20:10:18.3006760Z [90m[🌎 Easy Localization] [DEBUG] Init provider[0m
Web Tests (4)	UNKNOWN STEP	2026-02-25T20:10:18.4173846Z [90m[🌎 Easy Localization] [DEBUG] Load Localization Delegate[0m
Web Tests (4)	UNKNOWN STEP	2026-02-25T20:10:18.4194318Z [90m[🌎 Easy Localization] [DEBUG] Load asset from assets/translations[0m
Web Tests (4)	UNKNOWN STEP	2026-02-25T20:10:18.4725229Z globalMatrixClient initialized!
Web Tests (4)	UNKNOWN STEP	2026-02-25T20:10:18.7776562Z [90m[🌎 Easy Localization] [DEBUG] Build[0m
Web Tests (4)	UNKNOWN STEP	2026-02-25T20:10:18.7777679Z [90m[🌎 Easy Localization] [DEBUG] Init Localization Delegate[0m
Web Tests (4)	UNKNOWN STEP	2026-02-25T20:10:18.7778389Z [90m[🌎 Easy Localization] [DEBUG] Init provider[0m
Web Tests (4)	UNKNOWN STEP	2026-02-25T20:10:22.3305041Z No Age Gate detected (or already passed).
Web Tests (4)	UNKNOWN STEP	2026-02-25T20:10:49.4722065Z Debug: Checking for fields...
Web Tests (4)	UNKNOWN STEP	2026-02-25T20:10:49.4769359Z Fields count: 2
Web Tests (4)	UNKNOWN STEP	2026-02-25T20:10:49.4783432Z Username field found: true
Web Tests (4)	UNKNOWN STEP	2026-02-25T20:10:49.4801774Z Password field found: true
Web Tests (4)	UNKNOWN STEP	2026-02-25T20:11:00.1690866Z 
Web Tests (4)	UNKNOWN STEP	2026-02-25T20:11:00.1693147Z Warning: A call to tap() with finder "Found 1 widget with type "ElevatedButton" (ignoring all but first): [
Web Tests (4)	UNKNOWN STEP	2026-02-25T20:11:00.1696948Z   ElevatedButton-[<'loginSubmitButton'>](style: ButtonStyle#61508(textStyle: WidgetStatePropertyAll(TextStyle(inherit: true, size: 18.0)), padding: WidgetStatePropertyAll(EdgeInsets.all(14.0)), mouseCursor: WidgetStateMapper<MouseCursor?>({WidgetState.disabled: null, WidgetState.any: null})), dependencies: [IconTheme, InheritedCupertinoTheme, MediaQuery, _InheritedTheme, _LocalizationsScope-[GlobalKey#27521]], state: _ButtonStyleState#5efa3),
Web Tests (4)	UNKNOWN STEP	2026-02-25T20:11:00.1730616Z ]" derived an Offset (Offset(390.0, 307.5)) that would not hit test on the specified widget.
Web Tests (4)	UNKNOWN STEP	2026-02-25T20:11:00.1731709Z Maybe the widget is actually off-screen, or another widget is obscuring it, or the widget cannot receive pointer events.
Web Tests (4)	UNKNOWN STEP	2026-02-25T20:11:00.1732842Z The finder corresponds to this RenderBox: RenderSemanticsAnnotations#5eb92 relayoutBoundary=up33
Web Tests (4)	UNKNOWN STEP	2026-02-25T20:11:00.1744840Z The hit test result at that offset is: HitTestResult(RenderPointerListener#1cdca@Offset(374.0, 235.5), RenderSemanticsGestureHandler#c0282@Offset(374.0, 235.5), RenderPointerListener#2295b@Offset(374.0, 235.5), _RenderScrollSemantics#329f4@Offset(374.0, 235.5), RenderStack#1dbde@Offset(374.0, 235.5), RenderCustomMultiChildLayoutBox#c749e@Offset(374.0, 235.5), _RenderInkFeatures#19e19@Offset(374.0, 235.5), RenderPhysicalModel#45ed2@Offset(374.0, 235.5), RenderPadding#76ba3@Offset(374.0, 235.5), RenderPadding#b0074@Offset(390.0, 251.5), RenderPadding#e7335@Offset(390.0, 251.5), RenderCustomMultiChildLayoutBox#0da8c@Offset(390.0, 307.5), _RenderInkFeatures#ddf85@Offset(390.0, 307.5), RenderPhysicalModel#cc341@Offset(390.0, 307.5), RenderSemanticsAnnotations#be87b@Offset(390.0, 307.5), RenderRepaintBoundary#d16e3@Offset(390.0, 307.5), RenderIgnorePointer#c6f37@Offset(390.0, 307.5), _RenderSnapshotWidget#cc1e1@Offset(390.0, 307.5), _RenderSnapshotWidget#96796@Offset(390.0, 307.5), _RenderSnapshotWidget#534f6@Offset(390.0, 307.5), _RenderSnapshotWidget#cb8d0@Offset(390.0, 307.5), RenderRepaintBoundary#6acc1@Offset(390.0, 307.5), RenderSemanticsAnnotations#53075@Offset(390.0, 307.5), RenderOffstage#074d9@Offset(390.0, 307.5), RenderSemanticsAnnotations#4a8c1@Offset(390.0, 307.5), _RenderTheater#5862a@Offset(390.0, 307.5), RenderAbsorbPointer#ef463@Offset(390.0, 307.5), RenderPointerListener#a003b@Offset(390.0, 307.5), RenderCustomPaint#735fd@Offset(390.0, 307.5), RenderSemanticsAnnotations#01b4f@Offset(390.0, 307.5), RenderSemanticsAnnotations#9ba30@Offset(390.0, 307.5), RenderSemanticsAnnotations#33f08@Offset(390.0, 307.5), RenderTapRegionSurface#18d96@Offset(390.0, 307.5), RenderSemanticsAnnotations#f513f@Offset(390.0, 307.5), RenderSemanticsAnnotations#f6fd1@Offset(390.0, 307.5), RenderSemanticsAnnotations#f526c@Offset(390.0, 307.5), HitTestEntry<HitTestTarget>#be267(_ReusableRenderView#34526), HitTestEntry<HitTestTarget>#582f1(<IntegrationTestWidgetsFlutterBinding>))
Web Tests (4)	UNKNOWN STEP	2026-02-25T20:11:00.1779629Z dart-sdk/lib/_internal/js_dev_runtime/patch/core_patch.dart 749:28                get current
Web Tests (4)	UNKNOWN STEP	2026-02-25T20:11:00.1780886Z package:flutter_test/src/controller.dart 2144:25                                  [_getElementPoint]
Web Tests (4)	UNKNOWN STEP	2026-02-25T20:11:00.1781970Z package:flutter_test/src/controller.dart 1928:12                                  getCenter
Web Tests (4)	UNKNOWN STEP	2026-02-25T20:11:00.1783021Z package:flutter_test/src/controller.dart 1061:7                                   tap
Web Tests (4)	UNKNOWN STEP	2026-02-25T20:11:00.1783933Z onboarding_and_login_test.dart 169:21                                             <fn>
Web Tests (4)	UNKNOWN STEP	2026-02-25T20:11:00.1784883Z dart-sdk/lib/_internal/js_dev_runtime/patch/async_patch.dart 623:19               <fn>
Web Tests (4)	UNKNOWN STEP	2026-02-25T20:11:00.1785844Z dart-sdk/lib/_internal/js_dev_runtime/patch/async_patch.dart 648:23               <fn>
Web Tests (4)	UNKNOWN STEP	2026-02-25T20:11:00.1786957Z dart-sdk/lib/_internal/js_dev_runtime/patch/async_patch.dart 594:19               <fn>
Web Tests (4)	UNKNOWN STEP	2026-02-25T20:11:00.1787796Z dart-sdk/lib/async/zone_root.dart 48:47                                           _rootRunUnary
Web Tests (4)	UNKNOWN STEP	2026-02-25T20:11:00.1788741Z dart-sdk/lib/_internal/js_dev_runtime/private/ddc_runtime/operations.dart 118:77  tear
Web Tests (4)	UNKNOWN STEP	2026-02-25T20:11:00.1789586Z dart-sdk/lib/async/zone.dart 733:19                                               runUnary
Web Tests (4)	UNKNOWN STEP	2026-02-25T20:11:00.1790430Z dart-sdk/lib/async/future_impl.dart 222:18                                        handleValue
Web Tests (4)	UNKNOWN STEP	2026-02-25T20:11:00.1791469Z dart-sdk/lib/async/future_impl.dart 948:44                                        handleValueCallback
Web Tests (4)	UNKNOWN STEP	2026-02-25T20:11:00.1792520Z dart-sdk/lib/async/future_impl.dart 977:13                                        _propagateToListeners
Web Tests (4)	UNKNOWN STEP	2026-02-25T20:11:00.1793561Z dart-sdk/lib/async/future_impl.dart 720:5                                         [_completeWithValue]
Web Tests (4)	UNKNOWN STEP	2026-02-25T20:11:00.1794548Z dart-sdk/lib/async/future_impl.dart 804:7                                         <fn>
Web Tests (4)	UNKNOWN STEP	2026-02-25T20:11:00.1795464Z dart-sdk/lib/async/zone_root.dart 35:13                                           _rootRun
Web Tests (4)	UNKNOWN STEP	2026-02-25T20:11:00.1796683Z dart-sdk/lib/_internal/js_dev_runtime/private/ddc_runtime/operations.dart 118:77  tear
Web Tests (4)	UNKNOWN STEP	2026-02-25T20:11:00.1797763Z dart-sdk/lib/async/zone.dart 726:19                                               run
Web Tests (4)	UNKNOWN STEP	2026-02-25T20:11:00.1798540Z dart-sdk/lib/async/zone.dart 625:7                                                runGuarded
Web Tests (4)	UNKNOWN STEP	2026-02-25T20:11:00.1799274Z dart-sdk/lib/async/zone.dart 666:23                                               <fn>
Web Tests (4)	UNKNOWN STEP	2026-02-25T20:11:00.1800060Z dart-sdk/lib/async/schedule_microtask.dart 40:34                                  _microtaskLoop
Web Tests (4)	UNKNOWN STEP	2026-02-25T20:11:00.1800974Z dart-sdk/lib/async/schedule_microtask.dart 49:5                                   _startMicrotaskLoop
Web Tests (4)	UNKNOWN STEP	2026-02-25T20:11:00.1801848Z dart-sdk/lib/_internal/js_dev_runtime/private/ddc_runtime/operations.dart 118:77  tear
Web Tests (4)	UNKNOWN STEP	2026-02-25T20:11:00.1802710Z dart-sdk/lib/_internal/js_dev_runtime/patch/async_patch.dart 188:69               <fn>
Web Tests (4)	UNKNOWN STEP	2026-02-25T20:11:00.1803453Z To silence this warning, pass "warnIfMissed: false" to "tap()".
Web Tests (4)	UNKNOWN STEP	2026-02-25T20:11:00.1804165Z To make this warning fatal, set WidgetController.hitTestWarningShouldBeFatal to true.
Web Tests (4)	UNKNOWN STEP	2026-02-25T20:11:00.1804681Z 
Web Tests (4)	UNKNOWN STEP	2026-02-25T20:11:05.2894213Z ✓ Onboarding and login completed successfully
Web Tests (4)	UNKNOWN STEP	2026-02-25T20:11:05.3345335Z 00:47 +1: Onboarding & Login Flow with Real Matrix Server Login with invalid credentials shows error
Web Tests (4)	UNKNOWN STEP	2026-02-25T20:11:05.3474682Z Waiting for globalMatrixClient to be initialized...
Web Tests (4)	UNKNOWN STEP	2026-02-25T20:11:05.3475318Z globalMatrixClient initialized!
Web Tests (4)	UNKNOWN STEP	2026-02-25T20:11:05.3536843Z [90m[🌎 Easy Localization] [DEBUG] Localization initialized[0m
Web Tests (4)	UNKNOWN STEP	2026-02-25T20:11:05.3537856Z [Matrix] Initialize client Substitution
Web Tests (4)	UNKNOWN STEP	2026-02-25T20:11:05.3555286Z [Matrix] User is not logged in.
Web Tests (4)	UNKNOWN STEP	2026-02-25T20:11:05.3563275Z [90m[🌎 Easy Localization] [DEBUG] Start[0m
Web Tests (4)	UNKNOWN STEP	2026-02-25T20:11:05.6601532Z 00:48 +1: Onboarding & Login Flow with Real Matrix Server Complete onboarding: host selection -> login -> view feed
Web Tests (4)	UNKNOWN STEP	2026-02-25T20:11:05.6610761Z [90m[🌎 Easy Localization] [DEBUG] Init state[0m
Web Tests (4)	UNKNOWN STEP	2026-02-25T20:11:05.6617491Z [90m[🌎 Easy Localization] [DEBUG] Build[0m
Web Tests (4)	UNKNOWN STEP	2026-02-25T20:11:05.6618181Z [90m[🌎 Easy Localization] [DEBUG] Init Localization Delegate[0m
Web Tests (4)	UNKNOWN STEP	2026-02-25T20:11:05.6618896Z [90m[🌎 Easy Localization] [DEBUG] Init provider[0m
Web Tests (4)	UNKNOWN STEP	2026-02-25T20:11:05.6791220Z [90m[🌎 Easy Localization] [DEBUG] Load Localization Delegate[0m
Web Tests (4)	UNKNOWN STEP	2026-02-25T20:11:05.6794940Z [90m[🌎 Easy Localization] [DEBUG] Load asset from assets/translations[0m
Web Tests (4)	UNKNOWN STEP	2026-02-25T20:11:05.9913260Z [90m[🌎 Easy Localization] [DEBUG] Build[0m
Web Tests (4)	UNKNOWN STEP	2026-02-25T20:11:05.9923290Z [90m[🌎 Easy Localization] [DEBUG] Init Localization Delegate[0m
Web Tests (4)	UNKNOWN STEP	2026-02-25T20:11:05.9924183Z [90m[🌎 Easy Localization] [DEBUG] Init provider[0m
Web Tests (4)	UNKNOWN STEP	2026-02-25T20:11:08.6420910Z 00:51 +1: Onboarding & Login Flow with Real Matrix Server Login with invalid credentials shows error
Web Tests (4)	UNKNOWN STEP	2026-02-25T20:11:08.6421736Z No Age Gate detected (or already passed).
Web Tests (4)	UNKNOWN STEP	2026-02-25T20:11:16.9746719Z Debug: Checking for fields (Invalid login test)...
Web Tests (4)	UNKNOWN STEP	2026-02-25T20:11:16.9773881Z Fields count: 2
Web Tests (4)	UNKNOWN STEP	2026-02-25T20:11:17.6229946Z 
Web Tests (4)	UNKNOWN STEP	2026-02-25T20:11:17.6231233Z Warning: A call to tap() with finder "Found 1 widget with type "ElevatedButton" (ignoring all but first): [
Web Tests (4)	UNKNOWN STEP	2026-02-25T20:11:17.6235705Z   ElevatedButton-[<'loginSubmitButton'>](style: ButtonStyle#61508(textStyle: WidgetStatePropertyAll(TextStyle(inherit: true, size: 18.0)), padding: WidgetStatePropertyAll(EdgeInsets.all(14.0)), mouseCursor: WidgetStateMapper<MouseCursor?>({WidgetState.disabled: null, WidgetState.any: null})), dependencies: [IconTheme, InheritedCupertinoTheme, MediaQuery, _InheritedTheme, _LocalizationsScope-[GlobalKey#14ff0]], state: _ButtonStyleState#a0329),
Web Tests (4)	UNKNOWN STEP	2026-02-25T20:11:17.6238909Z ]" derived an Offset (Offset(390.0, 307.5)) that would not hit test on the specified widget.
Web Tests (4)	UNKNOWN STEP	2026-02-25T20:11:17.6239976Z Maybe the widget is actually off-screen, or another widget is obscuring it, or the widget cannot receive pointer events.
Web Tests (4)	UNKNOWN STEP	2026-02-25T20:11:17.6241260Z The finder corresponds to this RenderBox: RenderSemanticsAnnotations#76c56 relayoutBoundary=up33
Web Tests (4)	UNKNOWN STEP	2026-02-25T20:11:17.6254752Z The hit test result at that offset is: HitTestResult(RenderPointerListener#d105a@Offset(374.0, 235.5), RenderSemanticsGestureHandler#dcd35@Offset(374.0, 235.5), RenderPointerListener#5eeda@Offset(374.0, 235.5), _RenderScrollSemantics#6376a@Offset(374.0, 235.5), RenderStack#71a0e@Offset(374.0, 235.5), RenderCustomMultiChildLayoutBox#d4f2e@Offset(374.0, 235.5), _RenderInkFeatures#3f216@Offset(374.0, 235.5), RenderPhysicalModel#b0419@Offset(374.0, 235.5), RenderPadding#ce668@Offset(374.0, 235.5), RenderPadding#75d78@Offset(390.0, 251.5), RenderPadding#2be7f@Offset(390.0, 251.5), RenderCustomMultiChildLayoutBox#6a695@Offset(390.0, 307.5), _RenderInkFeatures#4e5e2@Offset(390.0, 307.5), RenderPhysicalModel#68ab4@Offset(390.0, 307.5), RenderSemanticsAnnotations#9533d@Offset(390.0, 307.5), RenderRepaintBoundary#dba31@Offset(390.0, 307.5), RenderIgnorePointer#394af@Offset(390.0, 307.5), _RenderSnapshotWidget#386be@Offset(390.0, 307.5), _RenderSnapshotWidget#edc10@Offset(390.0, 307.5), _RenderSnapshotWidget#cb88d@Offset(390.0, 307.5), _RenderSnapshotWidget#5cdf3@Offset(390.0, 307.5), RenderRepaintBoundary#aff40@Offset(390.0, 307.5), RenderSemanticsAnnotations#6dc59@Offset(390.0, 307.5), RenderOffstage#99b1d@Offset(390.0, 307.5), RenderSemanticsAnnotations#c7620@Offset(390.0, 307.5), _RenderTheater#5c2c9@Offset(390.0, 307.5), RenderAbsorbPointer#29afc@Offset(390.0, 307.5), RenderPointerListener#136e3@Offset(390.0, 307.5), RenderCustomPaint#bce15@Offset(390.0, 307.5), RenderSemanticsAnnotations#a2e57@Offset(390.0, 307.5), RenderSemanticsAnnotations#b72b8@Offset(390.0, 307.5), RenderSemanticsAnnotations#ed9d9@Offset(390.0, 307.5), RenderTapRegionSurface#894bf@Offset(390.0, 307.5), RenderSemanticsAnnotations#07fe4@Offset(390.0, 307.5), RenderSemanticsAnnotations#d54b3@Offset(390.0, 307.5), RenderSemanticsAnnotations#dc603@Offset(390.0, 307.5), HitTestEntry<HitTestTarget>#d9e9a(_ReusableRenderView#34526), HitTestEntry<HitTestTarget>#0c33b(<IntegrationTestWidgetsFlutterBinding>))
Web Tests (4)	UNKNOWN STEP	2026-02-25T20:11:17.6267554Z dart-sdk/lib/_internal/js_dev_runtime/patch/core_patch.dart 749:28                get current
Web Tests (4)	UNKNOWN STEP	2026-02-25T20:11:17.6268441Z package:flutter_test/src/controller.dart 2144:25                                  [_getElementPoint]
Web Tests (4)	UNKNOWN STEP	2026-02-25T20:11:17.6269374Z package:flutter_test/src/controller.dart 1928:12                                  getCenter
Web Tests (4)	UNKNOWN STEP	2026-02-25T20:11:17.6270272Z package:flutter_test/src/controller.dart 1061:7                                   tap
Web Tests (4)	UNKNOWN STEP	2026-02-25T20:11:17.6271120Z onboarding_and_login_test.dart 268:21                                             <fn>
Web Tests (4)	UNKNOWN STEP	2026-02-25T20:11:17.6271941Z dart-sdk/lib/_internal/js_dev_runtime/patch/async_patch.dart 623:19               <fn>
Web Tests (4)	UNKNOWN STEP	2026-02-25T20:11:17.6272717Z dart-sdk/lib/_internal/js_dev_runtime/patch/async_patch.dart 648:23               <fn>
Web Tests (4)	UNKNOWN STEP	2026-02-25T20:11:17.6273544Z dart-sdk/lib/_internal/js_dev_runtime/patch/async_patch.dart 594:19               <fn>
Web Tests (4)	UNKNOWN STEP	2026-02-25T20:11:17.6274338Z dart-sdk/lib/async/zone_root.dart 48:47                                           _rootRunUnary
Web Tests (4)	UNKNOWN STEP	2026-02-25T20:11:17.6274848Z dart-sdk/lib/_internal/js_dev_runtime/private/ddc_runtime/operations.dart 118:77  tear
Web Tests (4)	UNKNOWN STEP	2026-02-25T20:11:17.6275336Z dart-sdk/lib/async/zone.dart 733:19                                               runUnary
Web Tests (4)	UNKNOWN STEP	2026-02-25T20:11:17.6275828Z dart-sdk/lib/async/future_impl.dart 222:18                                        handleValue
Web Tests (4)	UNKNOWN STEP	2026-02-25T20:11:17.6276532Z dart-sdk/lib/async/future_impl.dart 948:44                                        handleValueCallback
Web Tests (4)	UNKNOWN STEP	2026-02-25T20:11:17.6277065Z dart-sdk/lib/async/future_impl.dart 977:13                                        _propagateToListeners
Web Tests (4)	UNKNOWN STEP	2026-02-25T20:11:17.6277595Z dart-sdk/lib/async/future_impl.dart 720:5                                         [_completeWithValue]
Web Tests (4)	UNKNOWN STEP	2026-02-25T20:11:17.6278134Z dart-sdk/lib/async/future_impl.dart 804:7                                         <fn>
Web Tests (4)	UNKNOWN STEP	2026-02-25T20:11:17.6278607Z dart-sdk/lib/async/zone_root.dart 35:13                                           _rootRun
Web Tests (4)	UNKNOWN STEP	2026-02-25T20:11:17.6279088Z dart-sdk/lib/_internal/js_dev_runtime/private/ddc_runtime/operations.dart 118:77  tear
Web Tests (4)	UNKNOWN STEP	2026-02-25T20:11:17.6279737Z dart-sdk/lib/async/zone.dart 726:19                                               run
Web Tests (4)	UNKNOWN STEP	2026-02-25T20:11:17.6280197Z dart-sdk/lib/async/zone.dart 625:7                                                runGuarded
Web Tests (4)	UNKNOWN STEP	2026-02-25T20:11:17.6280649Z dart-sdk/lib/async/zone.dart 666:23                                               <fn>
Web Tests (4)	UNKNOWN STEP	2026-02-25T20:11:17.6281149Z dart-sdk/lib/async/schedule_microtask.dart 40:34                                  _microtaskLoop
Web Tests (4)	UNKNOWN STEP	2026-02-25T20:11:17.6281701Z dart-sdk/lib/async/schedule_microtask.dart 49:5                                   _startMicrotaskLoop
Web Tests (4)	UNKNOWN STEP	2026-02-25T20:11:17.6282238Z dart-sdk/lib/_internal/js_dev_runtime/private/ddc_runtime/operations.dart 118:77  tear
Web Tests (4)	UNKNOWN STEP	2026-02-25T20:11:17.6282742Z dart-sdk/lib/_internal/js_dev_runtime/patch/async_patch.dart 188:69               <fn>
Web Tests (4)	UNKNOWN STEP	2026-02-25T20:11:17.6283194Z To silence this warning, pass "warnIfMissed: false" to "tap()".
Web Tests (4)	UNKNOWN STEP	2026-02-25T20:11:17.6283674Z To make this warning fatal, set WidgetController.hitTestWarningShouldBeFatal to true.
Web Tests (4)	UNKNOWN STEP	2026-02-25T20:11:17.6284010Z 
Web Tests (4)	UNKNOWN STEP	2026-02-25T20:11:20.7094338Z ⚠ AlertDialog not found - error may be shown differently
Web Tests (4)	UNKNOWN STEP	2026-02-25T20:11:20.7450925Z 01:03 +2: Onboarding & Login Flow with Real Matrix Server User can choose different homeserver
Web Tests (4)	UNKNOWN STEP	2026-02-25T20:11:20.7560901Z Waiting for globalMatrixClient to be initialized...
Web Tests (4)	UNKNOWN STEP	2026-02-25T20:11:20.7561530Z globalMatrixClient initialized!
Web Tests (4)	UNKNOWN STEP	2026-02-25T20:11:20.7619461Z [90m[🌎 Easy Localization] [DEBUG] Localization initialized[0m
Web Tests (4)	UNKNOWN STEP	2026-02-25T20:11:20.7621006Z [Matrix] Initialize client Substitution
Web Tests (4)	UNKNOWN STEP	2026-02-25T20:11:20.7635074Z [Matrix] User is not logged in.
Web Tests (4)	UNKNOWN STEP	2026-02-25T20:11:20.7642788Z [90m[🌎 Easy Localization] [DEBUG] Start[0m
Web Tests (4)	UNKNOWN STEP	2026-02-25T20:11:21.0760013Z 01:03 +2: Onboarding & Login Flow with Real Matrix Server Complete onboarding: host selection -> login -> view feed
Web Tests (4)	UNKNOWN STEP	2026-02-25T20:11:21.0761239Z [90m[🌎 Easy Localization] [DEBUG] Init state[0m
Web Tests (4)	UNKNOWN STEP	2026-02-25T20:11:21.0762844Z [90m[🌎 Easy Localization] [DEBUG] Build[0m
Web Tests (4)	UNKNOWN STEP	2026-02-25T20:11:21.0772761Z [90m[🌎 Easy Localization] [DEBUG] Init Localization Delegate[0m
Web Tests (4)	UNKNOWN STEP	2026-02-25T20:11:21.0773574Z [90m[🌎 Easy Localization] [DEBUG] Init provider[0m
Web Tests (4)	UNKNOWN STEP	2026-02-25T20:11:21.0883994Z [90m[🌎 Easy Localization] [DEBUG] Load Localization Delegate[0m
Web Tests (4)	UNKNOWN STEP	2026-02-25T20:11:21.0884953Z [90m[🌎 Easy Localization] [DEBUG] Load asset from assets/translations[0m
Web Tests (4)	UNKNOWN STEP	2026-02-25T20:11:21.4079692Z [90m[🌎 Easy Localization] [DEBUG] Build[0m
Web Tests (4)	UNKNOWN STEP	2026-02-25T20:11:21.4080965Z [90m[🌎 Easy Localization] [DEBUG] Init Localization Delegate[0m
Web Tests (4)	UNKNOWN STEP	2026-02-25T20:11:21.4084371Z [90m[🌎 Easy Localization] [DEBUG] Init provider[0m
Web Tests (4)	UNKNOWN STEP	2026-02-25T20:11:24.0334657Z 01:06 +2: Onboarding & Login Flow with Real Matrix Server User can choose different homeserver
Web Tests (4)	UNKNOWN STEP	2026-02-25T20:11:24.0335167Z No Age Gate detected (or already passed).
Web Tests (4)	UNKNOWN STEP	2026-02-25T20:11:28.9865200Z ✓ Homeserver selection working
Web Tests (4)	UNKNOWN STEP	2026-02-25T20:11:29.0152682Z 01:11 +3: (tearDownAll)
Web Tests (4)	UNKNOWN STEP	2026-02-25T20:11:29.0196976Z 01:11 +4: All tests passed!
Web Tests (4)	UNKNOWN STEP	2026-02-25T20:19:27.9074686Z [1;33m[WARN][0m Timed out after 600s but 4 tests passed, 0 failed — treating as success
Web Tests (4)	UNKNOWN STEP	2026-02-25T20:19:27.9075641Z [0;34m[INFO][0m   Running: integration_test/registration_button_test.dart
Web Tests (4)	UNKNOWN STEP	2026-02-25T20:19:28.0914941Z Resolving dependencies...
Web Tests (4)	UNKNOWN STEP	2026-02-25T20:19:28.3046944Z Downloading packages...
Web Tests (4)	UNKNOWN STEP	2026-02-25T20:19:28.3769538Z   _fe_analyzer_shared 91.0.0 (96.0.0 available)
Web Tests (4)	UNKNOWN STEP	2026-02-25T20:19:28.3770020Z   analyzer 8.4.1 (10.2.0 available)
Web Tests (4)	UNKNOWN STEP	2026-02-25T20:19:28.3770361Z   meta 1.17.0 (1.18.1 available)
Web Tests (4)	UNKNOWN STEP	2026-02-25T20:19:28.3770764Z   sqflite_common_ffi 2.3.7+1 (2.4.0+2 available)
Web Tests (4)	UNKNOWN STEP	2026-02-25T20:19:28.3771202Z   sqlite3 2.9.4 (3.1.6 available)
Web Tests (4)	UNKNOWN STEP	2026-02-25T20:19:28.3771609Z   unorm_dart 0.2.0 (0.3.2 available)
Web Tests (4)	UNKNOWN STEP	2026-02-25T20:19:28.3771998Z   win32 5.15.0 (6.0.0 available)
Web Tests (4)	UNKNOWN STEP	2026-02-25T20:19:28.3772389Z Got dependencies!
Web Tests (4)	UNKNOWN STEP	2026-02-25T20:19:28.3780980Z 7 packages have newer versions incompatible with dependency constraints.
Web Tests (4)	UNKNOWN STEP	2026-02-25T20:19:28.3781640Z Try `flutter pub outdated` for more information.
Web Tests (4)	UNKNOWN STEP	2026-02-25T20:19:28.9536845Z Launching integration_test/registration_button_test.dart on Chrome in debug mode...
Web Tests (4)	UNKNOWN STEP	2026-02-25T20:19:58.4954116Z Waiting for connection from debug service on Chrome...             29.2s
Web Tests (4)	UNKNOWN STEP	2026-02-25T20:20:12.2665713Z Debug service listening on ws://127.0.0.1:38591/W-3q4Or710k=/ws
Web Tests (4)	UNKNOWN STEP	2026-02-25T20:20:12.2670172Z A Dart VM Service on Chrome is available at: http://127.0.0.1:38591/W-3q4Or710k=
Web Tests (4)	UNKNOWN STEP	2026-02-25T20:20:12.2675005Z The Flutter DevTools debugger and profiler on Chrome is available at: http://127.0.0.1:38591/W-3q4Or710k=/devtools/?uri=ws://127.0.0.1:38591/W-3q4Or710k=/ws
Web Tests (4)	UNKNOWN STEP	2026-02-25T20:20:12.2756270Z Starting application from main method in: org-dartlang-app:/web_entrypoint.dart.
Web Tests (4)	UNKNOWN STEP	2026-02-25T20:20:12.4744703Z Found an existing <meta name="viewport"> tag. Flutter Web uses its own viewport configuration for better compatibility with Flutter. This tag will be replaced.
Web Tests (4)	UNKNOWN STEP	2026-02-25T20:20:12.6150618Z 00:00 +0: Registration Options Test with Real Matrix Server Login page shows SSO and Web Register buttons
Web Tests (4)	UNKNOWN STEP	2026-02-25T20:20:12.8475484Z [90m[🌎 Easy Localization] [DEBUG] Localization initialized[0m
Web Tests (4)	UNKNOWN STEP	2026-02-25T20:20:12.8499612Z [Matrix] Initialize client Substitution
Web Tests (4)	UNKNOWN STEP	2026-02-25T20:20:12.8545353Z [Matrix] User is not logged in.
Web Tests (4)	UNKNOWN STEP	2026-02-25T20:20:12.8554858Z [90m[🌎 Easy Localization] [DEBUG] Start[0m
Web Tests (4)	UNKNOWN STEP	2026-02-25T20:20:13.3106510Z [90m[🌎 Easy Localization] [DEBUG] Init state[0m
Web Tests (4)	UNKNOWN STEP	2026-02-25T20:20:13.3116526Z [90m[🌎 Easy Localization] [DEBUG] Build[0m
Web Tests (4)	UNKNOWN STEP	2026-02-25T20:20:13.3122615Z [90m[🌎 Easy Localization] [DEBUG] Init Localization Delegate[0m
Web Tests (4)	UNKNOWN STEP	2026-02-25T20:20:13.3123926Z [90m[🌎 Easy Localization] [DEBUG] Init provider[0m
Web Tests (4)	UNKNOWN STEP	2026-02-25T20:20:13.4200818Z [90m[🌎 Easy Localization] [DEBUG] Load Localization Delegate[0m
Web Tests (4)	UNKNOWN STEP	2026-02-25T20:20:13.4218319Z [90m[🌎 Easy Localization] [DEBUG] Load asset from assets/translations[0m
Web Tests (4)	UNKNOWN STEP	2026-02-25T20:20:13.9868986Z [90m[🌎 Easy Localization] [DEBUG] Build[0m
Web Tests (4)	UNKNOWN STEP	2026-02-25T20:20:13.9875743Z [90m[🌎 Easy Localization] [DEBUG] Init Localization Delegate[0m
Web Tests (4)	UNKNOWN STEP	2026-02-25T20:20:13.9876670Z [90m[🌎 Easy Localization] [DEBUG] Init provider[0m
Web Tests (4)	UNKNOWN STEP	2026-02-25T20:20:33.1455285Z ══╡ EXCEPTION CAUGHT BY FLUTTER TEST FRAMEWORK ╞════════════════════════════════════════════════════
Web Tests (4)	UNKNOWN STEP	2026-02-25T20:20:33.1456377Z The following TestFailure was thrown running a test:
Web Tests (4)	UNKNOWN STEP	2026-02-25T20:20:33.1456894Z Expected: exactly one matching candidate
Web Tests (4)	UNKNOWN STEP	2026-02-25T20:20:33.1457638Z   Actual: _KeyWidgetFinder:<Found 0 widgets with key [<'registerWebButton'>]: []>
Web Tests (4)	UNKNOWN STEP	2026-02-25T20:20:33.1458395Z    Which: means none were found but one was expected
Web Tests (4)	UNKNOWN STEP	2026-02-25T20:20:33.1458777Z 
Web Tests (4)	UNKNOWN STEP	2026-02-25T20:20:33.1459006Z When the exception was thrown, this was the stack:
Web Tests (4)	UNKNOWN STEP	2026-02-25T20:20:33.1459801Z ../dart-sdk/lib/_internal/js_dev_runtime/private/ddc_runtime/errors.dart 274:3       throw_
Web Tests (4)	UNKNOWN STEP	2026-02-25T20:20:33.1460805Z package:matcher/src/expect/expect.dart 187:31                                        fail
Web Tests (4)	UNKNOWN STEP	2026-02-25T20:20:33.1461792Z package:matcher/src/expect/expect.dart 182:3                                         _expect
Web Tests (4)	UNKNOWN STEP	2026-02-25T20:20:33.1462752Z package:matcher/src/expect/expect.dart 65:3                                          expect$
Web Tests (4)	UNKNOWN STEP	2026-02-25T20:20:33.1463763Z package:flutter_test/src/widget_tester.dart 473:18                                   expect$
Web Tests (4)	UNKNOWN STEP	2026-02-25T20:20:33.1547181Z ../registration_button_test.dart 116:9                                               <fn>
Web Tests (4)	UNKNOWN STEP	2026-02-25T20:20:33.1550245Z ../dart-sdk/lib/_internal/js_dev_runtime/patch/async_patch.dart 623:19               <fn>
Web Tests (4)	UNKNOWN STEP	2026-02-25T20:20:33.1556590Z ../dart-sdk/lib/_internal/js_dev_runtime/patch/async_patch.dart 648:23               <fn>
Web Tests (4)	UNKNOWN STEP	2026-02-25T20:20:33.1557390Z ../dart-sdk/lib/_internal/js_dev_runtime/patch/async_patch.dart 594:19               <fn>
Web Tests (4)	UNKNOWN STEP	2026-02-25T20:20:33.1558223Z ../dart-sdk/lib/async/zone_root.dart 48:47                                           _rootRunUnary
Web Tests (4)	UNKNOWN STEP	2026-02-25T20:20:33.1559017Z ../dart-sdk/lib/_internal/js_dev_runtime/private/ddc_runtime/operations.dart 118:77  tear
Web Tests (4)	UNKNOWN STEP	2026-02-25T20:20:33.1560560Z ../dart-sdk/lib/async/zone.dart 733:19                                               runUnary
Web Tests (4)	UNKNOWN STEP	2026-02-25T20:20:33.1561741Z ../dart-sdk/lib/async/future_impl.dart 222:18                                        handleValue
Web Tests (4)	UNKNOWN STEP	2026-02-25T20:20:33.1562505Z ../dart-sdk/lib/async/future_impl.dart 948:44                                        handleValueCallback
Web Tests (4)	UNKNOWN STEP	2026-02-25T20:20:33.1563056Z ../dart-sdk/lib/async/future_impl.dart 977:13                                        _propagateToListeners
Web Tests (4)	UNKNOWN STEP	2026-02-25T20:20:33.1563604Z ../dart-sdk/lib/async/future_impl.dart 720:5                                         [_completeWithValue]
Web Tests (4)	UNKNOWN STEP	2026-02-25T20:20:33.1564113Z ../dart-sdk/lib/async/future_impl.dart 804:7                                         <fn>
Web Tests (4)	UNKNOWN STEP	2026-02-25T20:20:33.1564613Z ../dart-sdk/lib/async/zone_root.dart 35:13                                           _rootRun
Web Tests (4)	UNKNOWN STEP	2026-02-25T20:20:33.1565120Z ../dart-sdk/lib/_internal/js_dev_runtime/private/ddc_runtime/operations.dart 118:77  tear
Web Tests (4)	UNKNOWN STEP	2026-02-25T20:20:33.1565617Z ../dart-sdk/lib/async/zone.dart 726:19                                               run
Web Tests (4)	UNKNOWN STEP	2026-02-25T20:20:33.1566097Z ../dart-sdk/lib/async/zone.dart 625:7                                                runGuarded
Web Tests (4)	UNKNOWN STEP	2026-02-25T20:20:33.1566758Z ../dart-sdk/lib/async/zone.dart 666:23                                               <fn>
Web Tests (4)	UNKNOWN STEP	2026-02-25T20:20:33.1567275Z ../dart-sdk/lib/async/schedule_microtask.dart 40:34                                  _microtaskLoop
Web Tests (4)	UNKNOWN STEP	2026-02-25T20:20:33.1567843Z ../dart-sdk/lib/async/schedule_microtask.dart 49:5                                   _startMicrotaskLoop
Web Tests (4)	UNKNOWN STEP	2026-02-25T20:20:33.1568377Z ../dart-sdk/lib/_internal/js_dev_runtime/private/ddc_runtime/operations.dart 118:77  tear
Web Tests (4)	UNKNOWN STEP	2026-02-25T20:20:33.1569059Z ../dart-sdk/lib/_internal/js_dev_runtime/patch/async_patch.dart 188:69               <fn>
Web Tests (4)	UNKNOWN STEP	2026-02-25T20:20:33.1569370Z 
Web Tests (4)	UNKNOWN STEP	2026-02-25T20:20:33.1569460Z The test description was:
Web Tests (4)	UNKNOWN STEP	2026-02-25T20:20:33.1569722Z   Login page shows SSO and Web Register buttons
Web Tests (4)	UNKNOWN STEP	2026-02-25T20:20:33.1570471Z ════════════════════════════════════════════════════════════════════════════════════════════════════
Web Tests (4)	UNKNOWN STEP	2026-02-25T20:20:33.1571297Z 00:20 +0: Registration Options Test with Real Matrix Server Login page shows SSO and Web Register buttons [E]
Web Tests (4)	UNKNOWN STEP	2026-02-25T20:20:33.1572022Z   Test failed. See exception logs above.
Web Tests (4)	UNKNOWN STEP	2026-02-25T20:20:33.1572578Z   The test description was: Login page shows SSO and Web Register buttons
Web Tests (4)	UNKNOWN STEP	2026-02-25T20:20:33.1573022Z 
Web Tests (4)	UNKNOWN STEP	2026-02-25T20:20:33.1584029Z 00:20 +0 -1: (tearDownAll)
Web Tests (4)	UNKNOWN STEP	2026-02-25T20:20:33.1659718Z 00:20 +1 -1: Some tests failed.
Web Tests (4)	UNKNOWN STEP	2026-02-25T20:29:28.1025342Z [0;31m[ERROR][0m Timed out and had failures: integration_test/registration_button_test.dart (1 failed)
Web Tests (4)	UNKNOWN STEP	2026-02-25T20:29:28.1040957Z [0;31m[ERROR][0m Web integration tests failed
Web Tests (4)	UNKNOWN STEP	2026-02-25T20:29:28.1041559Z [0;31m[ERROR][0m Web tests failed
Web Tests (4)	UNKNOWN STEP	2026-02-25T20:29:28.1047764Z 
Web Tests (4)	UNKNOWN STEP	2026-02-25T20:29:28.1049026Z [1m══════════════════════════════════════════════════════════[0m
Web Tests (4)	UNKNOWN STEP	2026-02-25T20:29:28.1049842Z [1m  Test Results Summary[0m
Web Tests (4)	UNKNOWN STEP	2026-02-25T20:29:28.1050318Z [1m══════════════════════════════════════════════════════════[0m
Web Tests (4)	UNKNOWN STEP	2026-02-25T20:29:28.1050608Z 
Web Tests (4)	UNKNOWN STEP	2026-02-25T20:29:28.1050783Z   TARGET             PASSED   FAILED  SKIPPED   DURATION
Web Tests (4)	UNKNOWN STEP	2026-02-25T20:29:28.1051243Z   ──────────────── ──────── ──────── ──────── ──────────
Web Tests (4)	UNKNOWN STEP	2026-02-25T20:29:28.1051719Z   [0;31mweb-integration [0m       14        1        0     40m 1s
Web Tests (4)	UNKNOWN STEP	2026-02-25T20:29:28.1052019Z 
Web Tests (4)	UNKNOWN STEP	2026-02-25T20:29:28.1052192Z   ──────────────── ──────── ──────── ────────
Web Tests (4)	UNKNOWN STEP	2026-02-25T20:29:28.1052585Z   [0;31mTOTAL                  14        1        0[0m
Web Tests (4)	UNKNOWN STEP	2026-02-25T20:29:28.1052830Z 
Web Tests (4)	UNKNOWN STEP	2026-02-25T20:29:28.1052960Z   [0;31m[1mRESULT: FAILED[0m
Web Tests (4)	UNKNOWN STEP	2026-02-25T20:29:28.1053134Z 
Web Tests (4)	UNKNOWN STEP	2026-02-25T20:29:28.1053401Z [1m══════════════════════════════════════════════════════════[0m
Web Tests (4)	UNKNOWN STEP	2026-02-25T20:29:28.1053656Z 
Web Tests (4)	UNKNOWN STEP	2026-02-25T20:29:28.1053791Z [0;34m[INFO][0m Cleaning up...
Web Tests (4)	UNKNOWN STEP	2026-02-25T20:29:28.1368718Z [0;34m[INFO][0m Cleanup complete
Web Tests (4)	UNKNOWN STEP	2026-02-25T20:29:28.1422433Z ##[error]Process completed with exit code 1.
Web Tests (4)	UNKNOWN STEP	2026-02-25T20:29:28.1513549Z ##[group]Run echo "=== test-results/ ==="
Web Tests (4)	UNKNOWN STEP	2026-02-25T20:29:28.1514067Z [36;1mecho "=== test-results/ ==="[0m
Web Tests (4)	UNKNOWN STEP	2026-02-25T20:29:28.1514616Z [36;1mls -la test-results/ 2>/dev/null || echo "(no test-results dir)"[0m
Web Tests (4)	UNKNOWN STEP	2026-02-25T20:29:28.1515257Z [36;1mfor f in test-results/*.log; do[0m
Web Tests (4)	UNKNOWN STEP	2026-02-25T20:29:28.1515701Z [36;1m  [ -f "$f" ] || continue[0m
Web Tests (4)	UNKNOWN STEP	2026-02-25T20:29:28.1516097Z [36;1m  echo ""[0m
Web Tests (4)	UNKNOWN STEP	2026-02-25T20:29:28.1516576Z [36;1m  echo "=== $f ==="[0m
Web Tests (4)	UNKNOWN STEP	2026-02-25T20:29:28.1516951Z [36;1m  tail -100 "$f"[0m
Web Tests (4)	UNKNOWN STEP	2026-02-25T20:29:28.1517299Z [36;1mdone[0m
Web Tests (4)	UNKNOWN STEP	2026-02-25T20:29:28.1784859Z shell: /usr/bin/bash -e {0}
Web Tests (4)	UNKNOWN STEP	2026-02-25T20:29:28.1785299Z env:
Web Tests (4)	UNKNOWN STEP	2026-02-25T20:29:28.1785850Z   CACHE_VERSION: v1
Web Tests (4)	UNKNOWN STEP	2026-02-25T20:29:28.1786503Z   FLUTTER_ROOT: /opt/hostedtoolcache/flutter/stable-3.41.2-x64
Web Tests (4)	UNKNOWN STEP	2026-02-25T20:29:28.1787088Z   PUB_CACHE: /home/runner/.pub-cache
Web Tests (4)	UNKNOWN STEP	2026-02-25T20:29:28.1787502Z ##[endgroup]
Web Tests (4)	UNKNOWN STEP	2026-02-25T20:29:28.1982090Z === test-results/ ===
Web Tests (4)	UNKNOWN STEP	2026-02-25T20:29:28.2018976Z total 45412
Web Tests (4)	UNKNOWN STEP	2026-02-25T20:29:28.2019718Z drwxr-xr-x  2 runner runner     4096 Feb 25 20:29 .
Web Tests (4)	UNKNOWN STEP	2026-02-25T20:29:28.2022684Z drwxr-xr-x 24 runner runner     4096 Feb 25 19:49 ..
Web Tests (4)	UNKNOWN STEP	2026-02-25T20:29:28.2061443Z -rw-r--r--  1 runner runner      233 Feb 25 19:48 ios-device-info.txt
Web Tests (4)	UNKNOWN STEP	2026-02-25T20:29:28.2062165Z -rw-r--r--  1 runner runner 34795326 Feb 25 19:48 ios-test-results.txt
Web Tests (4)	UNKNOWN STEP	2026-02-25T20:29:28.2062827Z -rw-r--r--  1 runner runner 11471554 Feb 25 19:48 test-results.txt
Web Tests (4)	UNKNOWN STEP	2026-02-25T20:29:28.2063511Z -rw-r--r--  1 runner runner    29787 Feb 25 20:20 web-integration-tests.log
Web Tests (4)	UNKNOWN STEP	2026-02-25T20:29:28.2064217Z -rw-r--r--  1 runner runner   181872 Feb 25 19:48 web-test-results.txt
Web Tests (4)	UNKNOWN STEP	2026-02-25T20:29:28.2064631Z 
Web Tests (4)	UNKNOWN STEP	2026-02-25T20:29:28.2064841Z === test-results/web-integration-tests.log ===
Web Tests (4)	UNKNOWN STEP	2026-02-25T20:29:28.2065168Z 
Web Tests (4)	UNKNOWN STEP	2026-02-25T20:29:28.2065678Z ⚠ AlertDialog not found - error may be shown differently
Web Tests (4)	UNKNOWN STEP	2026-02-25T20:29:28.2067195Z 01:03 +2: Onboarding & Login Flow with Real Matrix Server User can choose different homeserver
Web Tests (4)	UNKNOWN STEP	2026-02-25T20:29:28.2068012Z Waiting for globalMatrixClient to be initialized...
Web Tests (4)	UNKNOWN STEP	2026-02-25T20:29:28.2068538Z globalMatrixClient initialized!
Web Tests (4)	UNKNOWN STEP	2026-02-25T20:29:28.2069186Z [90m[🌎 Easy Localization] [DEBUG] Localization initialized[0m
Web Tests (4)	UNKNOWN STEP	2026-02-25T20:29:28.2069803Z [Matrix] Initialize client Substitution
Web Tests (4)	UNKNOWN STEP	2026-02-25T20:29:28.2070278Z [Matrix] User is not logged in.
Web Tests (4)	UNKNOWN STEP	2026-02-25T20:29:28.2070803Z [90m[🌎 Easy Localization] [DEBUG] Start[0m
Web Tests (4)	UNKNOWN STEP	2026-02-25T20:29:28.2071714Z 01:03 +2: Onboarding & Login Flow with Real Matrix Server Complete onboarding: host selection -> login -> view feed
Web Tests (4)	UNKNOWN STEP	2026-02-25T20:29:28.2072625Z [90m[🌎 Easy Localization] [DEBUG] Init state[0m
Web Tests (4)	UNKNOWN STEP	2026-02-25T20:29:28.2073177Z [90m[🌎 Easy Localization] [DEBUG] Build[0m
Web Tests (4)	UNKNOWN STEP	2026-02-25T20:29:28.2073869Z [90m[🌎 Easy Localization] [DEBUG] Init Localization Delegate[0m
Web Tests (4)	UNKNOWN STEP	2026-02-25T20:29:28.2074612Z [90m[🌎 Easy Localization] [DEBUG] Init provider[0m
Web Tests (4)	UNKNOWN STEP	2026-02-25T20:29:28.2075298Z [90m[🌎 Easy Localization] [DEBUG] Load Localization Delegate[0m
Web Tests (4)	UNKNOWN STEP	2026-02-25T20:29:28.2075962Z [90m[🌎 Easy Localization] [DEBUG] Load asset from assets/translations[0m
Web Tests (4)	UNKNOWN STEP	2026-02-25T20:29:28.2076653Z [90m[🌎 Easy Localization] [DEBUG] Build[0m
Web Tests (4)	UNKNOWN STEP	2026-02-25T20:29:28.2077207Z [90m[🌎 Easy Localization] [DEBUG] Init Localization Delegate[0m
Web Tests (4)	UNKNOWN STEP	2026-02-25T20:29:28.2077873Z [90m[🌎 Easy Localization] [DEBUG] Init provider[0m
Web Tests (4)	UNKNOWN STEP	2026-02-25T20:29:28.2078663Z 01:06 +2: Onboarding & Login Flow with Real Matrix Server User can choose different homeserver
Web Tests (4)	UNKNOWN STEP	2026-02-25T20:29:28.2079447Z No Age Gate detected (or already passed).
Web Tests (4)	UNKNOWN STEP	2026-02-25T20:29:28.2079978Z ✓ Homeserver selection working
Web Tests (4)	UNKNOWN STEP	2026-02-25T20:29:28.2080369Z 01:11 +3: (tearDownAll)
Web Tests (4)	UNKNOWN STEP	2026-02-25T20:29:28.2080684Z 01:11 +4: All tests passed!
Web Tests (4)	UNKNOWN STEP	2026-02-25T20:29:28.2081022Z Resolving dependencies...
Web Tests (4)	UNKNOWN STEP	2026-02-25T20:29:28.2081414Z Downloading packages...
Web Tests (4)	UNKNOWN STEP	2026-02-25T20:29:28.2081784Z   _fe_analyzer_shared 91.0.0 (96.0.0 available)
Web Tests (4)	UNKNOWN STEP	2026-02-25T20:29:28.2082233Z   analyzer 8.4.1 (10.2.0 available)
Web Tests (4)	UNKNOWN STEP	2026-02-25T20:29:28.2082631Z   meta 1.17.0 (1.18.1 available)
Web Tests (4)	UNKNOWN STEP	2026-02-25T20:29:28.2083473Z   sqflite_common_ffi 2.3.7+1 (2.4.0+2 available)
Web Tests (4)	UNKNOWN STEP	2026-02-25T20:29:28.2083906Z   sqlite3 2.9.4 (3.1.6 available)
Web Tests (4)	UNKNOWN STEP	2026-02-25T20:29:28.2084263Z   unorm_dart 0.2.0 (0.3.2 available)
Web Tests (4)	UNKNOWN STEP	2026-02-25T20:29:28.2084648Z   win32 5.15.0 (6.0.0 available)
Web Tests (4)	UNKNOWN STEP	2026-02-25T20:29:28.2084992Z Got dependencies!
Web Tests (4)	UNKNOWN STEP	2026-02-25T20:29:28.2085491Z 7 packages have newer versions incompatible with dependency constraints.
Web Tests (4)	UNKNOWN STEP	2026-02-25T20:29:28.2086120Z Try `flutter pub outdated` for more information.
Web Tests (4)	UNKNOWN STEP	2026-02-25T20:29:28.2110572Z Launching integration_test/registration_button_test.dart on Chrome in debug mode...
Web Tests (4)	UNKNOWN STEP	2026-02-25T20:29:28.2113593Z Waiting for connection from debug service on Chrome...             29.2s
Web Tests (4)	UNKNOWN STEP	2026-02-25T20:29:28.2121420Z Debug service listening on ws://127.0.0.1:38591/W-3q4Or710k=/ws
Web Tests (4)	UNKNOWN STEP	2026-02-25T20:29:28.2123806Z A Dart VM Service on Chrome is available at: http://127.0.0.1:38591/W-3q4Or710k=
Web Tests (4)	UNKNOWN STEP	2026-02-25T20:29:28.2127621Z The Flutter DevTools debugger and profiler on Chrome is available at: http://127.0.0.1:38591/W-3q4Or710k=/devtools/?uri=ws://127.0.0.1:38591/W-3q4Or710k=/ws
Web Tests (4)	UNKNOWN STEP	2026-02-25T20:29:28.2129847Z Starting application from main method in: org-dartlang-app:/web_entrypoint.dart.
Web Tests (4)	UNKNOWN STEP	2026-02-25T20:29:28.2132916Z Found an existing <meta name="viewport"> tag. Flutter Web uses its own viewport configuration for better compatibility with Flutter. This tag will be replaced.
Web Tests (4)	UNKNOWN STEP	2026-02-25T20:29:28.2136916Z 00:00 +0: Registration Options Test with Real Matrix Server Login page shows SSO and Web Register buttons
Web Tests (4)	UNKNOWN STEP	2026-02-25T20:29:28.2138138Z [90m[🌎 Easy Localization] [DEBUG] Localization initialized[0m
Web Tests (4)	UNKNOWN STEP	2026-02-25T20:29:28.2142599Z [Matrix] Initialize client Substitution
Web Tests (4)	UNKNOWN STEP	2026-02-25T20:29:28.2143038Z [Matrix] User is not logged in.
Web Tests (4)	UNKNOWN STEP	2026-02-25T20:29:28.2143565Z [90m[🌎 Easy Localization] [DEBUG] Start[0m
Web Tests (4)	UNKNOWN STEP	2026-02-25T20:29:28.2144122Z [90m[🌎 Easy Localization] [DEBUG] Init state[0m
Web Tests (4)	UNKNOWN STEP	2026-02-25T20:29:28.2144678Z [90m[🌎 Easy Localization] [DEBUG] Build[0m
Web Tests (4)	UNKNOWN STEP	2026-02-25T20:29:28.2145344Z [90m[🌎 Easy Localization] [DEBUG] Init Localization Delegate[0m
Web Tests (4)	UNKNOWN STEP	2026-02-25T20:29:28.2146030Z [90m[🌎 Easy Localization] [DEBUG] Init provider[0m
Web Tests (4)	UNKNOWN STEP	2026-02-25T20:29:28.2150034Z [90m[🌎 Easy Localization] [DEBUG] Load Localization Delegate[0m
Web Tests (4)	UNKNOWN STEP	2026-02-25T20:29:28.2150870Z [90m[🌎 Easy Localization] [DEBUG] Load asset from assets/translations[0m
Web Tests (4)	UNKNOWN STEP	2026-02-25T20:29:28.2151566Z [90m[🌎 Easy Localization] [DEBUG] Build[0m
Web Tests (4)	UNKNOWN STEP	2026-02-25T20:29:28.2152214Z [90m[🌎 Easy Localization] [DEBUG] Init Localization Delegate[0m
Web Tests (4)	UNKNOWN STEP	2026-02-25T20:29:28.2152884Z [90m[🌎 Easy Localization] [DEBUG] Init provider[0m
Web Tests (4)	UNKNOWN STEP	2026-02-25T20:29:28.2153832Z ══╡ EXCEPTION CAUGHT BY FLUTTER TEST FRAMEWORK ╞════════════════════════════════════════════════════
Web Tests (4)	UNKNOWN STEP	2026-02-25T20:29:28.2154632Z The following TestFailure was thrown running a test:
Web Tests (4)	UNKNOWN STEP	2026-02-25T20:29:28.2155138Z Expected: exactly one matching candidate
Web Tests (4)	UNKNOWN STEP	2026-02-25T20:29:28.2155787Z   Actual: _KeyWidgetFinder:<Found 0 widgets with key [<'registerWebButton'>]: []>
Web Tests (4)	UNKNOWN STEP	2026-02-25T20:29:28.2156572Z    Which: means none were found but one was expected
Web Tests (4)	UNKNOWN STEP	2026-02-25T20:29:28.2156920Z 
Web Tests (4)	UNKNOWN STEP	2026-02-25T20:29:28.2157108Z When the exception was thrown, this was the stack:
Web Tests (4)	UNKNOWN STEP	2026-02-25T20:29:28.2157832Z ../dart-sdk/lib/_internal/js_dev_runtime/private/ddc_runtime/errors.dart 274:3       throw_
Web Tests (4)	UNKNOWN STEP	2026-02-25T20:29:28.2158736Z package:matcher/src/expect/expect.dart 187:31                                        fail
Web Tests (4)	UNKNOWN STEP	2026-02-25T20:29:28.2159627Z package:matcher/src/expect/expect.dart 182:3                                         _expect
Web Tests (4)	UNKNOWN STEP	2026-02-25T20:29:28.2160513Z package:matcher/src/expect/expect.dart 65:3                                          expect$
Web Tests (4)	UNKNOWN STEP	2026-02-25T20:29:28.2161414Z package:flutter_test/src/widget_tester.dart 473:18                                   expect$
Web Tests (4)	UNKNOWN STEP	2026-02-25T20:29:28.2162283Z ../registration_button_test.dart 116:9                                               <fn>
Web Tests (4)	UNKNOWN STEP	2026-02-25T20:29:28.2163203Z ../dart-sdk/lib/_internal/js_dev_runtime/patch/async_patch.dart 623:19               <fn>
Web Tests (4)	UNKNOWN STEP	2026-02-25T20:29:28.2164421Z ../dart-sdk/lib/_internal/js_dev_runtime/patch/async_patch.dart 648:23               <fn>
Web Tests (4)	UNKNOWN STEP	2026-02-25T20:29:28.2165306Z ../dart-sdk/lib/_internal/js_dev_runtime/patch/async_patch.dart 594:19               <fn>
Web Tests (4)	UNKNOWN STEP	2026-02-25T20:29:28.2207778Z ../dart-sdk/lib/async/zone_root.dart 48:47                                           _rootRunUnary
Web Tests (4)	UNKNOWN STEP	2026-02-25T20:29:28.2209075Z ../dart-sdk/lib/_internal/js_dev_runtime/private/ddc_runtime/operations.dart 118:77  tear
Web Tests (4)	UNKNOWN STEP	2026-02-25T20:29:28.2209903Z ../dart-sdk/lib/async/zone.dart 733:19                                               runUnary
Web Tests (4)	UNKNOWN STEP	2026-02-25T20:29:28.2210683Z ../dart-sdk/lib/async/future_impl.dart 222:18                                        handleValue
Web Tests (4)	UNKNOWN STEP	2026-02-25T20:29:28.2211545Z ../dart-sdk/lib/async/future_impl.dart 948:44                                        handleValueCallback
Web Tests (4)	UNKNOWN STEP	2026-02-25T20:29:28.2212841Z ../dart-sdk/lib/async/future_impl.dart 977:13                                        _propagateToListeners
Web Tests (4)	UNKNOWN STEP	2026-02-25T20:29:28.2213798Z ../dart-sdk/lib/async/future_impl.dart 720:5                                         [_completeWithValue]
Web Tests (4)	UNKNOWN STEP	2026-02-25T20:29:28.2214677Z ../dart-sdk/lib/async/future_impl.dart 804:7                                         <fn>
Web Tests (4)	UNKNOWN STEP	2026-02-25T20:29:28.2215491Z ../dart-sdk/lib/async/zone_root.dart 35:13                                           _rootRun
Web Tests (4)	UNKNOWN STEP	2026-02-25T20:29:28.2236784Z ../dart-sdk/lib/_internal/js_dev_runtime/private/ddc_runtime/operations.dart 118:77  tear
Web Tests (4)	UNKNOWN STEP	2026-02-25T20:29:28.2237679Z ../dart-sdk/lib/async/zone.dart 726:19                                               run
Web Tests (4)	UNKNOWN STEP	2026-02-25T20:29:28.2238368Z ../dart-sdk/lib/async/zone.dart 625:7                                                runGuarded
Web Tests (4)	UNKNOWN STEP	2026-02-25T20:29:28.2239031Z ../dart-sdk/lib/async/zone.dart 666:23                                               <fn>
Web Tests (4)	UNKNOWN STEP	2026-02-25T20:29:28.2239834Z ../dart-sdk/lib/async/schedule_microtask.dart 40:34                                  _microtaskLoop
Web Tests (4)	UNKNOWN STEP	2026-02-25T20:29:28.2240690Z ../dart-sdk/lib/async/schedule_microtask.dart 49:5                                   _startMicrotaskLoop
Web Tests (4)	UNKNOWN STEP	2026-02-25T20:29:28.2241599Z ../dart-sdk/lib/_internal/js_dev_runtime/private/ddc_runtime/operations.dart 118:77  tear
Web Tests (4)	UNKNOWN STEP	2026-02-25T20:29:28.2242484Z ../dart-sdk/lib/_internal/js_dev_runtime/patch/async_patch.dart 188:69               <fn>
Web Tests (4)	UNKNOWN STEP	2026-02-25T20:29:28.2243163Z 
Web Tests (4)	UNKNOWN STEP	2026-02-25T20:29:28.2243276Z The test description was:
Web Tests (4)	UNKNOWN STEP	2026-02-25T20:29:28.2243638Z   Login page shows SSO and Web Register buttons
Web Tests (4)	UNKNOWN STEP	2026-02-25T20:29:28.2244582Z ════════════════════════════════════════════════════════════════════════════════════════════════════
Web Tests (4)	UNKNOWN STEP	2026-02-25T20:29:28.2245583Z 00:20 +0: Registration Options Test with Real Matrix Server Login page shows SSO and Web Register buttons [E]
Web Tests (4)	UNKNOWN STEP	2026-02-25T20:29:28.2246581Z   Test failed. See exception logs above.
Web Tests (4)	UNKNOWN STEP	2026-02-25T20:29:28.2247201Z   The test description was: Login page shows SSO and Web Register buttons
Web Tests (4)	UNKNOWN STEP	2026-02-25T20:29:28.2247624Z 
Web Tests (4)	UNKNOWN STEP	2026-02-25T20:29:28.2247753Z 00:20 +0 -1: (tearDownAll)
Web Tests (4)	UNKNOWN STEP	2026-02-25T20:29:28.2248089Z 00:20 +1 -1: Some tests failed.
Web Tests (4)	UNKNOWN STEP	2026-02-25T20:29:28.2282544Z ##[group]Run docker compose down -v
Web Tests (4)	UNKNOWN STEP	2026-02-25T20:29:28.2283022Z [36;1mdocker compose down -v[0m
Web Tests (4)	UNKNOWN STEP	2026-02-25T20:29:28.2322908Z shell: /usr/bin/bash -e {0}
Web Tests (4)	UNKNOWN STEP	2026-02-25T20:29:28.2323315Z env:
Web Tests (4)	UNKNOWN STEP	2026-02-25T20:29:28.2323599Z   CACHE_VERSION: v1
Web Tests (4)	UNKNOWN STEP	2026-02-25T20:29:28.2324071Z   FLUTTER_ROOT: /opt/hostedtoolcache/flutter/stable-3.41.2-x64
Web Tests (4)	UNKNOWN STEP	2026-02-25T20:29:28.2324673Z   PUB_CACHE: /home/runner/.pub-cache
Web Tests (4)	UNKNOWN STEP	2026-02-25T20:29:28.2325097Z ##[endgroup]
Web Tests (4)	UNKNOWN STEP	2026-02-25T20:29:28.3090468Z time="2026-02-25T20:29:28Z" level=warning msg="/home/runner/work/substitution/substitution/docker-compose.yml: the attribute `version` is obsolete, it will be ignored, please remove it to avoid potential confusion"
Web Tests (4)	UNKNOWN STEP	2026-02-25T20:29:28.3127974Z  Container substitution-redis-1  Stopping
Web Tests (4)	UNKNOWN STEP	2026-02-25T20:29:28.3128532Z  Container substitution-matrix-synapse-1  Stopping
Web Tests (4)	UNKNOWN STEP	2026-02-25T20:29:28.4669944Z  Container substitution-redis-1  Stopped
Web Tests (4)	UNKNOWN STEP	2026-02-25T20:29:28.4670517Z  Container substitution-redis-1  Removing
Web Tests (4)	UNKNOWN STEP	2026-02-25T20:29:28.4767614Z  Container substitution-redis-1  Removed
Web Tests (4)	UNKNOWN STEP	2026-02-25T20:29:28.5170749Z  Container substitution-matrix-synapse-1  Stopped
Web Tests (4)	UNKNOWN STEP	2026-02-25T20:29:28.5172205Z  Container substitution-matrix-synapse-1  Removing
Web Tests (4)	UNKNOWN STEP	2026-02-25T20:29:28.5515586Z  Container substitution-matrix-synapse-1  Removed
Web Tests (4)	UNKNOWN STEP	2026-02-25T20:29:28.5516308Z  Container substitution-dex-1  Stopping
Web Tests (4)	UNKNOWN STEP	2026-02-25T20:29:28.5516750Z  Container substitution-postgres-1  Stopping
Web Tests (4)	UNKNOWN STEP	2026-02-25T20:29:28.6753071Z  Container substitution-dex-1  Stopped
Web Tests (4)	UNKNOWN STEP	2026-02-25T20:29:28.6753618Z  Container substitution-dex-1  Removing
Web Tests (4)	UNKNOWN STEP	2026-02-25T20:29:28.6794821Z  Container substitution-postgres-1  Stopped
Web Tests (4)	UNKNOWN STEP	2026-02-25T20:29:28.6796825Z  Container substitution-postgres-1  Removing
Web Tests (4)	UNKNOWN STEP	2026-02-25T20:29:28.6803509Z  Container substitution-dex-1  Removed
Web Tests (4)	UNKNOWN STEP	2026-02-25T20:29:28.7184974Z  Container substitution-postgres-1  Removed
Web Tests (4)	UNKNOWN STEP	2026-02-25T20:29:28.7192152Z  Network substitution_substitution_network  Removing
Web Tests (4)	UNKNOWN STEP	2026-02-25T20:29:28.8228217Z  Network substitution_substitution_network  Removed
Web Tests (4)	UNKNOWN STEP	2026-02-25T20:29:28.8386833Z Post job cleanup.
Web Tests (4)	UNKNOWN STEP	2026-02-25T20:29:28.8445109Z Post job cleanup.
Web Tests (4)	UNKNOWN STEP	2026-02-25T20:29:28.9375159Z [command]/usr/bin/git version
Web Tests (4)	UNKNOWN STEP	2026-02-25T20:29:28.9413801Z git version 2.53.0
Web Tests (4)	UNKNOWN STEP	2026-02-25T20:29:28.9464704Z Temporarily overriding HOME='/home/runner/work/_temp/3ca1dc6e-b87d-4925-abd0-e2c94147de4c' before making global git config changes
Web Tests (4)	UNKNOWN STEP	2026-02-25T20:29:28.9465872Z Adding repository directory to the temporary git global config as a safe directory
Web Tests (4)	UNKNOWN STEP	2026-02-25T20:29:28.9471697Z [command]/usr/bin/git config --global --add safe.directory /home/runner/work/substitution/substitution
Web Tests (4)	UNKNOWN STEP	2026-02-25T20:29:28.9508550Z [command]/usr/bin/git config --local --name-only --get-regexp core\.sshCommand
Web Tests (4)	UNKNOWN STEP	2026-02-25T20:29:28.9542812Z [command]/usr/bin/git submodule foreach --recursive sh -c "git config --local --name-only --get-regexp 'core\.sshCommand' && git config --local --unset-all 'core.sshCommand' || :"
Web Tests (4)	UNKNOWN STEP	2026-02-25T20:29:28.9762299Z [command]/usr/bin/git config --local --name-only --get-regexp http\.https\:\/\/github\.com\/\.extraheader
Web Tests (4)	UNKNOWN STEP	2026-02-25T20:29:28.9788634Z http.https://github.com/.extraheader
Web Tests (4)	UNKNOWN STEP	2026-02-25T20:29:28.9806127Z [command]/usr/bin/git config --local --unset-all http.https://github.com/.extraheader
Web Tests (4)	UNKNOWN STEP	2026-02-25T20:29:28.9841227Z [command]/usr/bin/git submodule foreach --recursive sh -c "git config --local --name-only --get-regexp 'http\.https\:\/\/github\.com\/\.extraheader' && git config --local --unset-all 'http.https://github.com/.extraheader' || :"
Web Tests (4)	UNKNOWN STEP	2026-02-25T20:29:29.0052758Z [command]/usr/bin/git config --local --name-only --get-regexp ^includeIf\.gitdir:
Web Tests (4)	UNKNOWN STEP	2026-02-25T20:29:29.0082677Z [command]/usr/bin/git submodule foreach --recursive git config --local --show-origin --name-only --get-regexp remote.origin.url
Web Tests (4)	UNKNOWN STEP	2026-02-25T20:29:29.0378041Z Cleaning up orphan processes
Android Tests (6)	UNKNOWN STEP	﻿2026-02-25T19:48:13.9097583Z Current runner version: '2.331.0'
Android Tests (6)	UNKNOWN STEP	2026-02-25T19:48:13.9120931Z ##[group]Runner Image Provisioner
Android Tests (6)	UNKNOWN STEP	2026-02-25T19:48:13.9121755Z Hosted Compute Agent
Android Tests (6)	UNKNOWN STEP	2026-02-25T19:48:13.9122270Z Version: 20260213.493
Android Tests (6)	UNKNOWN STEP	2026-02-25T19:48:13.9123039Z Commit: 5c115507f6dd24b8de37d8bbe0bb4509d0cc0fa3
Android Tests (6)	UNKNOWN STEP	2026-02-25T19:48:13.9123738Z Build Date: 2026-02-13T00:28:41Z
Android Tests (6)	UNKNOWN STEP	2026-02-25T19:48:13.9124386Z Worker ID: {27218c45-09b3-4709-9bd3-d8b8a3e03856}
Android Tests (6)	UNKNOWN STEP	2026-02-25T19:48:13.9125099Z Azure Region: westus3
Android Tests (6)	UNKNOWN STEP	2026-02-25T19:48:13.9125658Z ##[endgroup]
Android Tests (6)	UNKNOWN STEP	2026-02-25T19:48:13.9127722Z ##[group]Operating System
Android Tests (6)	UNKNOWN STEP	2026-02-25T19:48:13.9128451Z Ubuntu
Android Tests (6)	UNKNOWN STEP	2026-02-25T19:48:13.9128933Z 24.04.3
Android Tests (6)	UNKNOWN STEP	2026-02-25T19:48:13.9129363Z LTS
Android Tests (6)	UNKNOWN STEP	2026-02-25T19:48:13.9129882Z ##[endgroup]
Android Tests (6)	UNKNOWN STEP	2026-02-25T19:48:13.9130354Z ##[group]Runner Image
Android Tests (6)	UNKNOWN STEP	2026-02-25T19:48:13.9130911Z Image: ubuntu-24.04
Android Tests (6)	UNKNOWN STEP	2026-02-25T19:48:13.9131434Z Version: 20260224.36.1
Android Tests (6)	UNKNOWN STEP	2026-02-25T19:48:13.9132666Z Included Software: https://github.com/actions/runner-images/blob/ubuntu24/20260224.36/images/ubuntu/Ubuntu2404-Readme.md
Android Tests (6)	UNKNOWN STEP	2026-02-25T19:48:13.9134127Z Image Release: https://github.com/actions/runner-images/releases/tag/ubuntu24%2F20260224.36
Android Tests (6)	UNKNOWN STEP	2026-02-25T19:48:13.9135024Z ##[endgroup]
Android Tests (6)	UNKNOWN STEP	2026-02-25T19:48:13.9136052Z ##[group]GITHUB_TOKEN Permissions
Android Tests (6)	UNKNOWN STEP	2026-02-25T19:48:13.9138113Z Contents: read
Android Tests (6)	UNKNOWN STEP	2026-02-25T19:48:13.9138678Z Metadata: read
Android Tests (6)	UNKNOWN STEP	2026-02-25T19:48:13.9139267Z Packages: read
Android Tests (6)	UNKNOWN STEP	2026-02-25T19:48:13.9139764Z ##[endgroup]
Android Tests (6)	UNKNOWN STEP	2026-02-25T19:48:13.9141725Z Secret source: Actions
Android Tests (6)	UNKNOWN STEP	2026-02-25T19:48:13.9142361Z Prepare workflow directory
Android Tests (6)	UNKNOWN STEP	2026-02-25T19:48:13.9539965Z Prepare all required actions
Android Tests (6)	UNKNOWN STEP	2026-02-25T19:48:13.9577437Z Getting action download info
Android Tests (6)	UNKNOWN STEP	2026-02-25T19:48:14.4283000Z Download action repository 'actions/checkout@v4' (SHA:34e114876b0b11c390a56381ad16ebd13914f8d5)
Android Tests (6)	UNKNOWN STEP	2026-02-25T19:48:14.5458737Z Download action repository 'actions/setup-java@v4' (SHA:c1e323688fd81a25caa38c78aa6df2d33d3e20d9)
Android Tests (6)	UNKNOWN STEP	2026-02-25T19:48:15.4951166Z Download action repository 'subosito/flutter-action@v2' (SHA:fd55f4c5af5b953cc57a2be44cb082c8f6635e8e)
Android Tests (6)	UNKNOWN STEP	2026-02-25T19:48:16.0800663Z Download action repository 'reactivecircus/android-emulator-runner@v2' (SHA:b530d96654c385303d652368551fb075bc2f0b6b)
Android Tests (6)	UNKNOWN STEP	2026-02-25T19:48:17.0788234Z Getting action download info
Android Tests (6)	UNKNOWN STEP	2026-02-25T19:48:17.2378090Z Download action repository 'actions/cache@v4' (SHA:0057852bfaa89a56745cba8c7296529d2fc39830)
Android Tests (6)	UNKNOWN STEP	2026-02-25T19:48:17.4073328Z Complete job name: Android Tests (6)
Android Tests (6)	UNKNOWN STEP	2026-02-25T19:48:17.4766619Z ##[group]Run actions/checkout@v4
Android Tests (6)	UNKNOWN STEP	2026-02-25T19:48:17.4767607Z with:
Android Tests (6)	UNKNOWN STEP	2026-02-25T19:48:17.4767946Z   repository: floffel/substitution
Android Tests (6)	UNKNOWN STEP	2026-02-25T19:48:17.4768484Z   token: ***
Android Tests (6)	UNKNOWN STEP	2026-02-25T19:48:17.4768784Z   ssh-strict: true
Android Tests (6)	UNKNOWN STEP	2026-02-25T19:48:17.4831549Z   ssh-user: git
Android Tests (6)	UNKNOWN STEP	2026-02-25T19:48:17.4831864Z   persist-credentials: true
Android Tests (6)	UNKNOWN STEP	2026-02-25T19:48:17.4832102Z   clean: true
Android Tests (6)	UNKNOWN STEP	2026-02-25T19:48:17.4832310Z   sparse-checkout-cone-mode: true
Android Tests (6)	UNKNOWN STEP	2026-02-25T19:48:17.4832548Z   fetch-depth: 1
Android Tests (6)	UNKNOWN STEP	2026-02-25T19:48:17.4832727Z   fetch-tags: false
Android Tests (6)	UNKNOWN STEP	2026-02-25T19:48:17.4832939Z   show-progress: true
Android Tests (6)	UNKNOWN STEP	2026-02-25T19:48:17.4833158Z   lfs: false
Android Tests (6)	UNKNOWN STEP	2026-02-25T19:48:17.4833358Z   submodules: false
Android Tests (6)	UNKNOWN STEP	2026-02-25T19:48:17.4833557Z   set-safe-directory: true
Android Tests (6)	UNKNOWN STEP	2026-02-25T19:48:17.4834558Z env:
Android Tests (6)	UNKNOWN STEP	2026-02-25T19:48:17.4834741Z   CACHE_VERSION: v1
Android Tests (6)	UNKNOWN STEP	2026-02-25T19:48:17.4834965Z ##[endgroup]
Android Tests (6)	UNKNOWN STEP	2026-02-25T19:48:17.5965469Z Syncing repository: floffel/substitution
Android Tests (6)	UNKNOWN STEP	2026-02-25T19:48:17.5967347Z ##[group]Getting Git version info
Android Tests (6)	UNKNOWN STEP	2026-02-25T19:48:17.5968112Z Working directory is '/home/runner/work/substitution/substitution'
Android Tests (6)	UNKNOWN STEP	2026-02-25T19:48:17.5969146Z [command]/usr/bin/git version
Android Tests (6)	UNKNOWN STEP	2026-02-25T19:48:17.6074265Z git version 2.53.0
Android Tests (6)	UNKNOWN STEP	2026-02-25T19:48:17.6101024Z ##[endgroup]
Android Tests (6)	UNKNOWN STEP	2026-02-25T19:48:17.6117042Z Temporarily overriding HOME='/home/runner/work/_temp/ee587732-a2a4-4a46-bae5-f8961c44c5bc' before making global git config changes
Android Tests (6)	UNKNOWN STEP	2026-02-25T19:48:17.6118477Z Adding repository directory to the temporary git global config as a safe directory
Android Tests (6)	UNKNOWN STEP	2026-02-25T19:48:17.6123627Z [command]/usr/bin/git config --global --add safe.directory /home/runner/work/substitution/substitution
Android Tests (6)	UNKNOWN STEP	2026-02-25T19:48:17.6167645Z Deleting the contents of '/home/runner/work/substitution/substitution'
Android Tests (6)	UNKNOWN STEP	2026-02-25T19:48:17.6171442Z ##[group]Initializing the repository
Android Tests (6)	UNKNOWN STEP	2026-02-25T19:48:17.6176178Z [command]/usr/bin/git init /home/runner/work/substitution/substitution
Android Tests (6)	UNKNOWN STEP	2026-02-25T19:48:17.6310436Z hint: Using 'master' as the name for the initial branch. This default branch name
Android Tests (6)	UNKNOWN STEP	2026-02-25T19:48:17.6311592Z hint: will change to "main" in Git 3.0. To configure the initial branch name
Android Tests (6)	UNKNOWN STEP	2026-02-25T19:48:17.6312116Z hint: to use in all of your new repositories, which will suppress this warning,
Android Tests (6)	UNKNOWN STEP	2026-02-25T19:48:17.6312660Z hint: call:
Android Tests (6)	UNKNOWN STEP	2026-02-25T19:48:17.6312832Z hint:
Android Tests (6)	UNKNOWN STEP	2026-02-25T19:48:17.6313184Z hint: 	git config --global init.defaultBranch <name>
Android Tests (6)	UNKNOWN STEP	2026-02-25T19:48:17.6313730Z hint:
Android Tests (6)	UNKNOWN STEP	2026-02-25T19:48:17.6314272Z hint: Names commonly chosen instead of 'master' are 'main', 'trunk' and
Android Tests (6)	UNKNOWN STEP	2026-02-25T19:48:17.6314893Z hint: 'development'. The just-created branch can be renamed via this command:
Android Tests (6)	UNKNOWN STEP	2026-02-25T19:48:17.6315271Z hint:
Android Tests (6)	UNKNOWN STEP	2026-02-25T19:48:17.6315485Z hint: 	git branch -m <name>
Android Tests (6)	UNKNOWN STEP	2026-02-25T19:48:17.6315860Z hint:
Android Tests (6)	UNKNOWN STEP	2026-02-25T19:48:17.6316422Z hint: Disable this message with "git config set advice.defaultBranchName false"
Android Tests (6)	UNKNOWN STEP	2026-02-25T19:48:17.6317719Z Initialized empty Git repository in /home/runner/work/substitution/substitution/.git/
Android Tests (6)	UNKNOWN STEP	2026-02-25T19:48:17.6328348Z [command]/usr/bin/git remote add origin https://github.com/floffel/substitution
Android Tests (6)	UNKNOWN STEP	2026-02-25T19:48:17.6364009Z ##[endgroup]
Android Tests (6)	UNKNOWN STEP	2026-02-25T19:48:17.6364620Z ##[group]Disabling automatic garbage collection
Android Tests (6)	UNKNOWN STEP	2026-02-25T19:48:17.6369487Z [command]/usr/bin/git config --local gc.auto 0
Android Tests (6)	UNKNOWN STEP	2026-02-25T19:48:17.6398911Z ##[endgroup]
Android Tests (6)	UNKNOWN STEP	2026-02-25T19:48:17.6399532Z ##[group]Setting up auth
Android Tests (6)	UNKNOWN STEP	2026-02-25T19:48:17.6407057Z [command]/usr/bin/git config --local --name-only --get-regexp core\.sshCommand
Android Tests (6)	UNKNOWN STEP	2026-02-25T19:48:17.6438207Z [command]/usr/bin/git submodule foreach --recursive sh -c "git config --local --name-only --get-regexp 'core\.sshCommand' && git config --local --unset-all 'core.sshCommand' || :"
Android Tests (6)	UNKNOWN STEP	2026-02-25T19:48:17.6825752Z [command]/usr/bin/git config --local --name-only --get-regexp http\.https\:\/\/github\.com\/\.extraheader
Android Tests (6)	UNKNOWN STEP	2026-02-25T19:48:17.6855971Z [command]/usr/bin/git submodule foreach --recursive sh -c "git config --local --name-only --get-regexp 'http\.https\:\/\/github\.com\/\.extraheader' && git config --local --unset-all 'http.https://github.com/.extraheader' || :"
Android Tests (6)	UNKNOWN STEP	2026-02-25T19:48:17.7089042Z [command]/usr/bin/git config --local --name-only --get-regexp ^includeIf\.gitdir:
Android Tests (6)	UNKNOWN STEP	2026-02-25T19:48:17.7133315Z [command]/usr/bin/git submodule foreach --recursive git config --local --show-origin --name-only --get-regexp remote.origin.url
Android Tests (6)	UNKNOWN STEP	2026-02-25T19:48:17.7366323Z [command]/usr/bin/git config --local http.https://github.com/.extraheader AUTHORIZATION: basic ***
Android Tests (6)	UNKNOWN STEP	2026-02-25T19:48:17.7401488Z ##[endgroup]
Android Tests (6)	UNKNOWN STEP	2026-02-25T19:48:17.7402081Z ##[group]Fetching the repository
Android Tests (6)	UNKNOWN STEP	2026-02-25T19:48:17.7410021Z [command]/usr/bin/git -c protocol.version=2 fetch --no-tags --prune --no-recurse-submodules --depth=1 origin +0408461b08eee1bbe2c516702bd1813b916d3e4c:refs/remotes/pull/1/merge
Android Tests (6)	UNKNOWN STEP	2026-02-25T19:48:19.1330625Z From https://github.com/floffel/substitution
Android Tests (6)	UNKNOWN STEP	2026-02-25T19:48:19.1331926Z  * [new ref]         0408461b08eee1bbe2c516702bd1813b916d3e4c -> pull/1/merge
Android Tests (6)	UNKNOWN STEP	2026-02-25T19:48:19.1368148Z ##[endgroup]
Android Tests (6)	UNKNOWN STEP	2026-02-25T19:48:19.1368753Z ##[group]Determining the checkout info
Android Tests (6)	UNKNOWN STEP	2026-02-25T19:48:19.1369580Z ##[endgroup]
Android Tests (6)	UNKNOWN STEP	2026-02-25T19:48:19.1375183Z [command]/usr/bin/git sparse-checkout disable
Android Tests (6)	UNKNOWN STEP	2026-02-25T19:48:19.1422918Z [command]/usr/bin/git config --local --unset-all extensions.worktreeConfig
Android Tests (6)	UNKNOWN STEP	2026-02-25T19:48:19.1453064Z ##[group]Checking out the ref
Android Tests (6)	UNKNOWN STEP	2026-02-25T19:48:19.1458742Z [command]/usr/bin/git checkout --progress --force refs/remotes/pull/1/merge
Android Tests (6)	UNKNOWN STEP	2026-02-25T19:48:19.4312225Z Note: switching to 'refs/remotes/pull/1/merge'.
Android Tests (6)	UNKNOWN STEP	2026-02-25T19:48:19.4312700Z 
Android Tests (6)	UNKNOWN STEP	2026-02-25T19:48:19.4313063Z You are in 'detached HEAD' state. You can look around, make experimental
Android Tests (6)	UNKNOWN STEP	2026-02-25T19:48:19.4313947Z changes and commit them, and you can discard any commits you make in this
Android Tests (6)	UNKNOWN STEP	2026-02-25T19:48:19.4315149Z state without impacting any branches by switching back to a branch.
Android Tests (6)	UNKNOWN STEP	2026-02-25T19:48:19.4315689Z 
Android Tests (6)	UNKNOWN STEP	2026-02-25T19:48:19.4316056Z If you want to create a new branch to retain commits you create, you may
Android Tests (6)	UNKNOWN STEP	2026-02-25T19:48:19.4316592Z do so (now or later) by using -c with the switch command. Example:
Android Tests (6)	UNKNOWN STEP	2026-02-25T19:48:19.4317247Z 
Android Tests (6)	UNKNOWN STEP	2026-02-25T19:48:19.4317427Z   git switch -c <new-branch-name>
Android Tests (6)	UNKNOWN STEP	2026-02-25T19:48:19.4317749Z 
Android Tests (6)	UNKNOWN STEP	2026-02-25T19:48:19.4317929Z Or undo this operation with:
Android Tests (6)	UNKNOWN STEP	2026-02-25T19:48:19.4318218Z 
Android Tests (6)	UNKNOWN STEP	2026-02-25T19:48:19.4318359Z   git switch -
Android Tests (6)	UNKNOWN STEP	2026-02-25T19:48:19.4318642Z 
Android Tests (6)	UNKNOWN STEP	2026-02-25T19:48:19.4319021Z Turn off this advice by setting config variable advice.detachedHead to false
Android Tests (6)	UNKNOWN STEP	2026-02-25T19:48:19.4319600Z 
Android Tests (6)	UNKNOWN STEP	2026-02-25T19:48:19.4320247Z HEAD is now at 0408461 Merge 86c2f4a4443179a61e99b4f5d2c467a0f9c43a72 into 74cc852017b0f1fdeb37326726f5fee7effe2248
Android Tests (6)	UNKNOWN STEP	2026-02-25T19:48:19.4333981Z ##[endgroup]
Android Tests (6)	UNKNOWN STEP	2026-02-25T19:48:19.4377764Z [command]/usr/bin/git log -1 --format=%H
Android Tests (6)	UNKNOWN STEP	2026-02-25T19:48:19.4401337Z 0408461b08eee1bbe2c516702bd1813b916d3e4c
Android Tests (6)	UNKNOWN STEP	2026-02-25T19:48:19.4655623Z ##[group]Run actions/setup-java@v4
Android Tests (6)	UNKNOWN STEP	2026-02-25T19:48:19.4655908Z with:
Android Tests (6)	UNKNOWN STEP	2026-02-25T19:48:19.4656090Z   java-version: 17
Android Tests (6)	UNKNOWN STEP	2026-02-25T19:48:19.4656285Z   distribution: temurin
Android Tests (6)	UNKNOWN STEP	2026-02-25T19:48:19.4656485Z   java-package: jdk
Android Tests (6)	UNKNOWN STEP	2026-02-25T19:48:19.4656672Z   check-latest: false
Android Tests (6)	UNKNOWN STEP	2026-02-25T19:48:19.4657095Z   server-id: github
Android Tests (6)	UNKNOWN STEP	2026-02-25T19:48:19.4657320Z   server-username: GITHUB_ACTOR
Android Tests (6)	UNKNOWN STEP	2026-02-25T19:48:19.4657555Z   server-password: GITHUB_TOKEN
Android Tests (6)	UNKNOWN STEP	2026-02-25T19:48:19.4657778Z   overwrite-settings: true
Android Tests (6)	UNKNOWN STEP	2026-02-25T19:48:19.4657993Z   job-status: success
Android Tests (6)	UNKNOWN STEP	2026-02-25T19:48:19.4658299Z   token: ***
Android Tests (6)	UNKNOWN STEP	2026-02-25T19:48:19.4658476Z env:
Android Tests (6)	UNKNOWN STEP	2026-02-25T19:48:19.4658630Z   CACHE_VERSION: v1
Android Tests (6)	UNKNOWN STEP	2026-02-25T19:48:19.4658865Z ##[endgroup]
Android Tests (6)	UNKNOWN STEP	2026-02-25T19:48:19.6650471Z ##[group]Installed distributions
Android Tests (6)	UNKNOWN STEP	2026-02-25T19:48:19.6805216Z Resolved Java 17.0.18+8 from tool-cache
Android Tests (6)	UNKNOWN STEP	2026-02-25T19:48:19.6806988Z Setting Java 17.0.18+8 as the default
Android Tests (6)	UNKNOWN STEP	2026-02-25T19:48:19.6819904Z Creating toolchains.xml for JDK version 17 from temurin
Android Tests (6)	UNKNOWN STEP	2026-02-25T19:48:19.6897595Z Writing to /home/runner/.m2/toolchains.xml
Android Tests (6)	UNKNOWN STEP	2026-02-25T19:48:19.6898328Z 
Android Tests (6)	UNKNOWN STEP	2026-02-25T19:48:19.6898695Z Java configuration:
Android Tests (6)	UNKNOWN STEP	2026-02-25T19:48:19.6899438Z   Distribution: temurin
Android Tests (6)	UNKNOWN STEP	2026-02-25T19:48:19.6899855Z   Version: 17.0.18+8
Android Tests (6)	UNKNOWN STEP	2026-02-25T19:48:19.6900893Z   Path: /opt/hostedtoolcache/Java_Temurin-Hotspot_jdk/17.0.18-8/x64
Android Tests (6)	UNKNOWN STEP	2026-02-25T19:48:19.6901422Z 
Android Tests (6)	UNKNOWN STEP	2026-02-25T19:48:19.6902082Z ##[endgroup]
Android Tests (6)	UNKNOWN STEP	2026-02-25T19:48:19.6917741Z Creating settings.xml with server-id: github
Android Tests (6)	UNKNOWN STEP	2026-02-25T19:48:19.6926519Z Writing to /home/runner/.m2/settings.xml
Android Tests (6)	UNKNOWN STEP	2026-02-25T19:48:19.7166566Z ##[group]Run subosito/flutter-action@v2
Android Tests (6)	UNKNOWN STEP	2026-02-25T19:48:19.7167077Z with:
Android Tests (6)	UNKNOWN STEP	2026-02-25T19:48:19.7167250Z   channel: stable
Android Tests (6)	UNKNOWN STEP	2026-02-25T19:48:19.7167428Z   cache: true
Android Tests (6)	UNKNOWN STEP	2026-02-25T19:48:19.7167595Z   architecture: X64
Android Tests (6)	UNKNOWN STEP	2026-02-25T19:48:19.7167796Z   pub-cache-path: default
Android Tests (6)	UNKNOWN STEP	2026-02-25T19:48:19.7168002Z   dry-run: false
Android Tests (6)	UNKNOWN STEP	2026-02-25T19:48:19.7168253Z   git-source: https://github.com/flutter/flutter.git
Android Tests (6)	UNKNOWN STEP	2026-02-25T19:48:19.7168544Z env:
Android Tests (6)	UNKNOWN STEP	2026-02-25T19:48:19.7168703Z   CACHE_VERSION: v1
Android Tests (6)	UNKNOWN STEP	2026-02-25T19:48:19.7168995Z   JAVA_HOME: /opt/hostedtoolcache/Java_Temurin-Hotspot_jdk/17.0.18-8/x64
Android Tests (6)	UNKNOWN STEP	2026-02-25T19:48:19.7169447Z   JAVA_HOME_17_X64: /opt/hostedtoolcache/Java_Temurin-Hotspot_jdk/17.0.18-8/x64
Android Tests (6)	UNKNOWN STEP	2026-02-25T19:48:19.7169804Z ##[endgroup]
Android Tests (6)	UNKNOWN STEP	2026-02-25T19:48:19.7262366Z ##[group]Run chmod +x "$GITHUB_ACTION_PATH/setup.sh"
Android Tests (6)	UNKNOWN STEP	2026-02-25T19:48:19.7262746Z [36;1mchmod +x "$GITHUB_ACTION_PATH/setup.sh"[0m
Android Tests (6)	UNKNOWN STEP	2026-02-25T19:48:19.7315665Z shell: /usr/bin/bash --noprofile --norc -e -o pipefail {0}
Android Tests (6)	UNKNOWN STEP	2026-02-25T19:48:19.7316035Z env:
Android Tests (6)	UNKNOWN STEP	2026-02-25T19:48:19.7316202Z   CACHE_VERSION: v1
Android Tests (6)	UNKNOWN STEP	2026-02-25T19:48:19.7316506Z   JAVA_HOME: /opt/hostedtoolcache/Java_Temurin-Hotspot_jdk/17.0.18-8/x64
Android Tests (6)	UNKNOWN STEP	2026-02-25T19:48:19.7317162Z   JAVA_HOME_17_X64: /opt/hostedtoolcache/Java_Temurin-Hotspot_jdk/17.0.18-8/x64
Android Tests (6)	UNKNOWN STEP	2026-02-25T19:48:19.7317516Z ##[endgroup]
Android Tests (6)	UNKNOWN STEP	2026-02-25T19:48:19.7472321Z ##[group]Run $GITHUB_ACTION_PATH/setup.sh -p \
Android Tests (6)	UNKNOWN STEP	2026-02-25T19:48:19.7472850Z [36;1m$GITHUB_ACTION_PATH/setup.sh -p \[0m
Android Tests (6)	UNKNOWN STEP	2026-02-25T19:48:19.7473131Z [36;1m  -n '' \[0m
Android Tests (6)	UNKNOWN STEP	2026-02-25T19:48:19.7473320Z [36;1m  -f '' \[0m
Android Tests (6)	UNKNOWN STEP	2026-02-25T19:48:19.7473503Z [36;1m  -a 'X64' \[0m
Android Tests (6)	UNKNOWN STEP	2026-02-25T19:48:19.7473691Z [36;1m  -k '' \[0m
Android Tests (6)	UNKNOWN STEP	2026-02-25T19:48:19.7473874Z [36;1m  -c '' \[0m
Android Tests (6)	UNKNOWN STEP	2026-02-25T19:48:19.7474041Z [36;1m  -l '' \[0m
Android Tests (6)	UNKNOWN STEP	2026-02-25T19:48:19.7474225Z [36;1m  -d 'default' \[0m
Android Tests (6)	UNKNOWN STEP	2026-02-25T19:48:19.7474515Z [36;1m  -g 'https://github.com/flutter/flutter.git' \[0m
Android Tests (6)	UNKNOWN STEP	2026-02-25T19:48:19.7474818Z [36;1m  stable[0m
Android Tests (6)	UNKNOWN STEP	2026-02-25T19:48:19.7518758Z shell: /usr/bin/bash --noprofile --norc -e -o pipefail {0}
Android Tests (6)	UNKNOWN STEP	2026-02-25T19:48:19.7519086Z env:
Android Tests (6)	UNKNOWN STEP	2026-02-25T19:48:19.7519262Z   CACHE_VERSION: v1
Android Tests (6)	UNKNOWN STEP	2026-02-25T19:48:19.7519575Z   JAVA_HOME: /opt/hostedtoolcache/Java_Temurin-Hotspot_jdk/17.0.18-8/x64
Android Tests (6)	UNKNOWN STEP	2026-02-25T19:48:19.7520043Z   JAVA_HOME_17_X64: /opt/hostedtoolcache/Java_Temurin-Hotspot_jdk/17.0.18-8/x64
Android Tests (6)	UNKNOWN STEP	2026-02-25T19:48:19.7520401Z ##[endgroup]
Android Tests (6)	UNKNOWN STEP	2026-02-25T19:48:19.9795652Z ##[group]Run actions/cache@v4
Android Tests (6)	UNKNOWN STEP	2026-02-25T19:48:19.9795873Z with:
Android Tests (6)	UNKNOWN STEP	2026-02-25T19:48:19.9796099Z   path: /opt/hostedtoolcache/flutter/stable-3.41.2-x64
Android Tests (6)	UNKNOWN STEP	2026-02-25T19:48:19.9796538Z   key: flutter-linux-stable-3.41.2-x64-90673a4eef275d1a6692c26ac80d6d746d41a73a
Android Tests (6)	UNKNOWN STEP	2026-02-25T19:48:19.9797225Z   enableCrossOsArchive: false
Android Tests (6)	UNKNOWN STEP	2026-02-25T19:48:19.9797458Z   fail-on-cache-miss: false
Android Tests (6)	UNKNOWN STEP	2026-02-25T19:48:19.9797667Z   lookup-only: false
Android Tests (6)	UNKNOWN STEP	2026-02-25T19:48:19.9797854Z   save-always: false
Android Tests (6)	UNKNOWN STEP	2026-02-25T19:48:19.9798025Z env:
Android Tests (6)	UNKNOWN STEP	2026-02-25T19:48:19.9798187Z   CACHE_VERSION: v1
Android Tests (6)	UNKNOWN STEP	2026-02-25T19:48:19.9798491Z   JAVA_HOME: /opt/hostedtoolcache/Java_Temurin-Hotspot_jdk/17.0.18-8/x64
Android Tests (6)	UNKNOWN STEP	2026-02-25T19:48:19.9798948Z   JAVA_HOME_17_X64: /opt/hostedtoolcache/Java_Temurin-Hotspot_jdk/17.0.18-8/x64
Android Tests (6)	UNKNOWN STEP	2026-02-25T19:48:19.9799295Z ##[endgroup]
Android Tests (6)	UNKNOWN STEP	2026-02-25T19:48:20.3441225Z Cache hit for: flutter-linux-stable-3.41.2-x64-90673a4eef275d1a6692c26ac80d6d746d41a73a
Android Tests (6)	UNKNOWN STEP	2026-02-25T19:48:21.5714695Z Received 41943040 of 1665993529 (2.5%), 39.9 MBs/sec
Android Tests (6)	UNKNOWN STEP	2026-02-25T19:48:22.5723228Z Received 184549376 of 1665993529 (11.1%), 87.9 MBs/sec
Android Tests (6)	UNKNOWN STEP	2026-02-25T19:48:23.5729947Z Received 331350016 of 1665993529 (19.9%), 105.2 MBs/sec
Android Tests (6)	UNKNOWN STEP	2026-02-25T19:48:24.5741787Z Received 482344960 of 1665993529 (29.0%), 114.9 MBs/sec
Android Tests (6)	UNKNOWN STEP	2026-02-25T19:48:25.5750682Z Received 637534208 of 1665993529 (38.3%), 121.5 MBs/sec
Android Tests (6)	UNKNOWN STEP	2026-02-25T19:48:26.5753619Z Received 796917760 of 1665993529 (47.8%), 126.5 MBs/sec
Android Tests (6)	UNKNOWN STEP	2026-02-25T19:48:27.5757253Z Received 939524096 of 1665993529 (56.4%), 127.9 MBs/sec
Android Tests (6)	UNKNOWN STEP	2026-02-25T19:48:28.5754471Z Received 1090519040 of 1665993529 (65.5%), 129.9 MBs/sec
Android Tests (6)	UNKNOWN STEP	2026-02-25T19:48:29.5759280Z Received 1241513984 of 1665993529 (74.5%), 131.5 MBs/sec
Android Tests (6)	UNKNOWN STEP	2026-02-25T19:48:30.5785800Z Received 1392508928 of 1665993529 (83.6%), 132.7 MBs/sec
Android Tests (6)	UNKNOWN STEP	2026-02-25T19:48:31.5788486Z Received 1539309568 of 1665993529 (92.4%), 133.3 MBs/sec
Android Tests (6)	UNKNOWN STEP	2026-02-25T19:48:32.4594238Z Received 1665993529 of 1665993529 (100.0%), 133.6 MBs/sec
Android Tests (6)	UNKNOWN STEP	2026-02-25T19:48:32.4597212Z Cache Size: ~1589 MB (1665993529 B)
Android Tests (6)	UNKNOWN STEP	2026-02-25T19:48:32.4705621Z [command]/usr/bin/tar -xf /home/runner/work/_temp/0d72cc51-ab90-4629-96dd-cd5cbf026926/cache.tzst -P -C /home/runner/work/substitution/substitution --use-compress-program unzstd
Android Tests (6)	UNKNOWN STEP	2026-02-25T19:48:37.1787004Z Cache restored successfully
Android Tests (6)	UNKNOWN STEP	2026-02-25T19:48:37.4842552Z Cache restored from key: flutter-linux-stable-3.41.2-x64-90673a4eef275d1a6692c26ac80d6d746d41a73a
Android Tests (6)	UNKNOWN STEP	2026-02-25T19:48:37.6061463Z ##[group]Run actions/cache@v4
Android Tests (6)	UNKNOWN STEP	2026-02-25T19:48:37.6061702Z with:
Android Tests (6)	UNKNOWN STEP	2026-02-25T19:48:37.6061894Z   path: /home/runner/.pub-cache
Android Tests (6)	UNKNOWN STEP	2026-02-25T19:48:37.6062612Z   key: flutter-pub-linux-stable-3.41.2-x64-90673a4eef275d1a6692c26ac80d6d746d41a73a-fabacfc13d2b7e18a7fb2822593662b03764f624bf41fd351cdabec60fb27783
Android Tests (6)	UNKNOWN STEP	2026-02-25T19:48:37.6063338Z   enableCrossOsArchive: false
Android Tests (6)	UNKNOWN STEP	2026-02-25T19:48:37.6063580Z   fail-on-cache-miss: false
Android Tests (6)	UNKNOWN STEP	2026-02-25T19:48:37.6063790Z   lookup-only: false
Android Tests (6)	UNKNOWN STEP	2026-02-25T19:48:37.6063985Z   save-always: false
Android Tests (6)	UNKNOWN STEP	2026-02-25T19:48:37.6064166Z env:
Android Tests (6)	UNKNOWN STEP	2026-02-25T19:48:37.6064321Z   CACHE_VERSION: v1
Android Tests (6)	UNKNOWN STEP	2026-02-25T19:48:37.6064857Z   JAVA_HOME: /opt/hostedtoolcache/Java_Temurin-Hotspot_jdk/17.0.18-8/x64
Android Tests (6)	UNKNOWN STEP	2026-02-25T19:48:37.6065325Z   JAVA_HOME_17_X64: /opt/hostedtoolcache/Java_Temurin-Hotspot_jdk/17.0.18-8/x64
Android Tests (6)	UNKNOWN STEP	2026-02-25T19:48:37.6065683Z ##[endgroup]
Android Tests (6)	UNKNOWN STEP	2026-02-25T19:48:37.9693131Z Cache hit for: flutter-pub-linux-stable-3.41.2-x64-90673a4eef275d1a6692c26ac80d6d746d41a73a-fabacfc13d2b7e18a7fb2822593662b03764f624bf41fd351cdabec60fb27783
Android Tests (6)	UNKNOWN STEP	2026-02-25T19:48:39.2193311Z Received 29360128 of 133563121 (22.0%), 28.0 MBs/sec
Android Tests (6)	UNKNOWN STEP	2026-02-25T19:48:39.9938202Z Received 133563121 of 133563121 (100.0%), 71.8 MBs/sec
Android Tests (6)	UNKNOWN STEP	2026-02-25T19:48:39.9940820Z Cache Size: ~127 MB (133563121 B)
Android Tests (6)	UNKNOWN STEP	2026-02-25T19:48:39.9984035Z [command]/usr/bin/tar -xf /home/runner/work/_temp/08091b6a-2c22-4d57-8c71-a963461c0983/cache.tzst -P -C /home/runner/work/substitution/substitution --use-compress-program unzstd
Android Tests (6)	UNKNOWN STEP	2026-02-25T19:48:41.8314298Z Cache restored successfully
Android Tests (6)	UNKNOWN STEP	2026-02-25T19:48:41.8663928Z Cache restored from key: flutter-pub-linux-stable-3.41.2-x64-90673a4eef275d1a6692c26ac80d6d746d41a73a-fabacfc13d2b7e18a7fb2822593662b03764f624bf41fd351cdabec60fb27783
Android Tests (6)	UNKNOWN STEP	2026-02-25T19:48:41.8783946Z ##[group]Run $GITHUB_ACTION_PATH/setup.sh \
Android Tests (6)	UNKNOWN STEP	2026-02-25T19:48:41.8784292Z [36;1m$GITHUB_ACTION_PATH/setup.sh \[0m
Android Tests (6)	UNKNOWN STEP	2026-02-25T19:48:41.8784562Z [36;1m  -n '3.41.2' \[0m
Android Tests (6)	UNKNOWN STEP	2026-02-25T19:48:41.8784793Z [36;1m  -a 'x64' \[0m
Android Tests (6)	UNKNOWN STEP	2026-02-25T19:48:41.8785096Z [36;1m  -c '/opt/hostedtoolcache/flutter/stable-3.41.2-x64' \[0m
Android Tests (6)	UNKNOWN STEP	2026-02-25T19:48:41.8785465Z [36;1m  -d '/home/runner/.pub-cache' \[0m
Android Tests (6)	UNKNOWN STEP	2026-02-25T19:48:41.8785724Z [36;1m  stable[0m
Android Tests (6)	UNKNOWN STEP	2026-02-25T19:48:41.8834547Z shell: /usr/bin/bash --noprofile --norc -e -o pipefail {0}
Android Tests (6)	UNKNOWN STEP	2026-02-25T19:48:41.8834885Z env:
Android Tests (6)	UNKNOWN STEP	2026-02-25T19:48:41.8835062Z   CACHE_VERSION: v1
Android Tests (6)	UNKNOWN STEP	2026-02-25T19:48:41.8835375Z   JAVA_HOME: /opt/hostedtoolcache/Java_Temurin-Hotspot_jdk/17.0.18-8/x64
Android Tests (6)	UNKNOWN STEP	2026-02-25T19:48:41.8835860Z   JAVA_HOME_17_X64: /opt/hostedtoolcache/Java_Temurin-Hotspot_jdk/17.0.18-8/x64
Android Tests (6)	UNKNOWN STEP	2026-02-25T19:48:41.8836242Z ##[endgroup]
Android Tests (6)	UNKNOWN STEP	2026-02-25T19:48:42.0767815Z ##[group]Run flutter precache --android
Android Tests (6)	UNKNOWN STEP	2026-02-25T19:48:42.0768176Z [36;1mflutter precache --android[0m
Android Tests (6)	UNKNOWN STEP	2026-02-25T19:48:42.0768440Z [36;1mflutter pub get[0m
Android Tests (6)	UNKNOWN STEP	2026-02-25T19:48:42.0818916Z shell: /usr/bin/bash -e {0}
Android Tests (6)	UNKNOWN STEP	2026-02-25T19:48:42.0819175Z env:
Android Tests (6)	UNKNOWN STEP	2026-02-25T19:48:42.0819361Z   CACHE_VERSION: v1
Android Tests (6)	UNKNOWN STEP	2026-02-25T19:48:42.0819706Z   JAVA_HOME: /opt/hostedtoolcache/Java_Temurin-Hotspot_jdk/17.0.18-8/x64
Android Tests (6)	UNKNOWN STEP	2026-02-25T19:48:42.0820230Z   JAVA_HOME_17_X64: /opt/hostedtoolcache/Java_Temurin-Hotspot_jdk/17.0.18-8/x64
Android Tests (6)	UNKNOWN STEP	2026-02-25T19:48:42.0820721Z   FLUTTER_ROOT: /opt/hostedtoolcache/flutter/stable-3.41.2-x64
Android Tests (6)	UNKNOWN STEP	2026-02-25T19:48:42.0821072Z   PUB_CACHE: /home/runner/.pub-cache
Android Tests (6)	UNKNOWN STEP	2026-02-25T19:48:42.0821335Z ##[endgroup]
Android Tests (6)	UNKNOWN STEP	2026-02-25T19:48:42.6674584Z Resolving dependencies...
Android Tests (6)	UNKNOWN STEP	2026-02-25T19:48:42.9808427Z Downloading packages...
Android Tests (6)	UNKNOWN STEP	2026-02-25T19:48:43.0482601Z   _fe_analyzer_shared 91.0.0 (96.0.0 available)
Android Tests (6)	UNKNOWN STEP	2026-02-25T19:48:43.0483402Z   analyzer 8.4.1 (10.2.0 available)
Android Tests (6)	UNKNOWN STEP	2026-02-25T19:48:43.0484021Z > characters 1.4.1 (was 1.4.0)
Android Tests (6)	UNKNOWN STEP	2026-02-25T19:48:43.0484424Z > matcher 0.12.18 (was 0.12.17)
Android Tests (6)	UNKNOWN STEP	2026-02-25T19:48:43.0484845Z > material_color_utilities 0.13.0 (was 0.11.1)
Android Tests (6)	UNKNOWN STEP	2026-02-25T19:48:43.0485356Z   meta 1.17.0 (1.18.1 available)
Android Tests (6)	UNKNOWN STEP	2026-02-25T19:48:43.0485840Z   sqflite_common_ffi 2.3.7+1 (2.4.0+2 available)
Android Tests (6)	UNKNOWN STEP	2026-02-25T19:48:43.0486320Z   sqlite3 2.9.4 (3.1.6 available)
Android Tests (6)	UNKNOWN STEP	2026-02-25T19:48:43.0486724Z > test_api 0.7.9 (was 0.7.7)
Android Tests (6)	UNKNOWN STEP	2026-02-25T19:48:43.0487400Z > test_core 0.6.15 (was 0.6.12)
Android Tests (6)	UNKNOWN STEP	2026-02-25T19:48:43.0487769Z   unorm_dart 0.2.0 (0.3.2 available)
Android Tests (6)	UNKNOWN STEP	2026-02-25T19:48:43.0488205Z   win32 5.15.0 (6.0.0 available)
Android Tests (6)	UNKNOWN STEP	2026-02-25T19:48:43.0488756Z Changed 5 dependencies!
Android Tests (6)	UNKNOWN STEP	2026-02-25T19:48:43.0492677Z 7 packages have newer versions incompatible with dependency constraints.
Android Tests (6)	UNKNOWN STEP	2026-02-25T19:48:43.0493424Z Try `flutter pub outdated` for more information.
Android Tests (6)	UNKNOWN STEP	2026-02-25T19:48:43.6879726Z ##[group]Run docker compose up -d postgres matrix-synapse redis
Android Tests (6)	UNKNOWN STEP	2026-02-25T19:48:43.6880272Z [36;1mdocker compose up -d postgres matrix-synapse redis[0m
Android Tests (6)	UNKNOWN STEP	2026-02-25T19:48:43.6880815Z [36;1msleep 10[0m
Android Tests (6)	UNKNOWN STEP	2026-02-25T19:48:43.6881050Z [36;1mdocker compose run --rm matrix-init[0m
Android Tests (6)	UNKNOWN STEP	2026-02-25T19:48:43.6881636Z [36;1mtimeout 60 bash -c 'until curl -sf http://localhost:8008/_matrix/client/versions > /dev/null 2>&1; do sleep 2; done'[0m
Android Tests (6)	UNKNOWN STEP	2026-02-25T19:48:43.6931372Z shell: /usr/bin/bash -e {0}
Android Tests (6)	UNKNOWN STEP	2026-02-25T19:48:43.6931640Z env:
Android Tests (6)	UNKNOWN STEP	2026-02-25T19:48:43.6931835Z   CACHE_VERSION: v1
Android Tests (6)	UNKNOWN STEP	2026-02-25T19:48:43.6932202Z   JAVA_HOME: /opt/hostedtoolcache/Java_Temurin-Hotspot_jdk/17.0.18-8/x64
Android Tests (6)	UNKNOWN STEP	2026-02-25T19:48:43.6932779Z   JAVA_HOME_17_X64: /opt/hostedtoolcache/Java_Temurin-Hotspot_jdk/17.0.18-8/x64
Android Tests (6)	UNKNOWN STEP	2026-02-25T19:48:43.6933308Z   FLUTTER_ROOT: /opt/hostedtoolcache/flutter/stable-3.41.2-x64
Android Tests (6)	UNKNOWN STEP	2026-02-25T19:48:43.6933692Z   PUB_CACHE: /home/runner/.pub-cache
Android Tests (6)	UNKNOWN STEP	2026-02-25T19:48:43.6933972Z ##[endgroup]
Android Tests (6)	UNKNOWN STEP	2026-02-25T19:48:45.4905463Z time="2026-02-25T19:48:45Z" level=warning msg="/home/runner/work/substitution/substitution/docker-compose.yml: the attribute `version` is obsolete, it will be ignored, please remove it to avoid potential confusion"
Android Tests (6)	UNKNOWN STEP	2026-02-25T19:48:45.5248578Z  redis Pulling 
Android Tests (6)	UNKNOWN STEP	2026-02-25T19:48:45.5249091Z  postgres Pulling 
Android Tests (6)	UNKNOWN STEP	2026-02-25T19:48:45.5249593Z  dex Pulling 
Android Tests (6)	UNKNOWN STEP	2026-02-25T19:48:45.5250078Z  matrix-synapse Pulling 
Android Tests (6)	UNKNOWN STEP	2026-02-25T19:48:46.4861214Z  d25f557d7f31 Pulling fs layer 
Android Tests (6)	UNKNOWN STEP	2026-02-25T19:48:46.4861851Z  9acd5b82521c Pulling fs layer 
Android Tests (6)	UNKNOWN STEP	2026-02-25T19:48:46.4862377Z  10d78728ec4d Pulling fs layer 
Android Tests (6)	UNKNOWN STEP	2026-02-25T19:48:46.4862702Z  e0d49f520b92 Pulling fs layer 
Android Tests (6)	UNKNOWN STEP	2026-02-25T19:48:46.4863042Z  5de905603ac5 Pulling fs layer 
Android Tests (6)	UNKNOWN STEP	2026-02-25T19:48:46.4863424Z  808bb02340fa Pulling fs layer 
Android Tests (6)	UNKNOWN STEP	2026-02-25T19:48:46.4863727Z  c0970b69197c Pulling fs layer 
Android Tests (6)	UNKNOWN STEP	2026-02-25T19:48:46.4864130Z  9de5f206730a Pulling fs layer 
Android Tests (6)	UNKNOWN STEP	2026-02-25T19:48:46.4864445Z  24e28b7dc0a2 Pulling fs layer 
Android Tests (6)	UNKNOWN STEP	2026-02-25T19:48:46.4864875Z  830180cf89a8 Pulling fs layer 
Android Tests (6)	UNKNOWN STEP	2026-02-25T19:48:46.4865180Z  5de905603ac5 Waiting 
Android Tests (6)	UNKNOWN STEP	2026-02-25T19:48:46.4865446Z  808bb02340fa Waiting 
Android Tests (6)	UNKNOWN STEP	2026-02-25T19:48:46.4865794Z  c0970b69197c Waiting 
Android Tests (6)	UNKNOWN STEP	2026-02-25T19:48:46.4866053Z  9de5f206730a Waiting 
Android Tests (6)	UNKNOWN STEP	2026-02-25T19:48:46.4866325Z  24e28b7dc0a2 Waiting 
Android Tests (6)	UNKNOWN STEP	2026-02-25T19:48:46.4866654Z  830180cf89a8 Waiting 
Android Tests (6)	UNKNOWN STEP	2026-02-25T19:48:46.4867350Z  e0d49f520b92 Waiting 
Android Tests (6)	UNKNOWN STEP	2026-02-25T19:48:46.5239840Z  589002ba0eae Pulling fs layer 
Android Tests (6)	UNKNOWN STEP	2026-02-25T19:48:46.5240515Z  5ffb427686b6 Pulling fs layer 
Android Tests (6)	UNKNOWN STEP	2026-02-25T19:48:46.5241026Z  630177b00352 Pulling fs layer 
Android Tests (6)	UNKNOWN STEP	2026-02-25T19:48:46.5241371Z  6c18ff1f33d0 Pulling fs layer 
Android Tests (6)	UNKNOWN STEP	2026-02-25T19:48:46.5241817Z  13e46e455d3b Pulling fs layer 
Android Tests (6)	UNKNOWN STEP	2026-02-25T19:48:46.5242151Z  b4403f29458a Pulling fs layer 
Android Tests (6)	UNKNOWN STEP	2026-02-25T19:48:46.5242670Z  40aaa75af6ce Pulling fs layer 
Android Tests (6)	UNKNOWN STEP	2026-02-25T19:48:46.5243024Z  162bdab1e0a7 Pulling fs layer 
Android Tests (6)	UNKNOWN STEP	2026-02-25T19:48:46.5243458Z  ebff7b0ec73e Pulling fs layer 
Android Tests (6)	UNKNOWN STEP	2026-02-25T19:48:46.5243813Z  c02179436571 Pulling fs layer 
Android Tests (6)	UNKNOWN STEP	2026-02-25T19:48:46.5244269Z  8243369e9866 Pulling fs layer 
Android Tests (6)	UNKNOWN STEP	2026-02-25T19:48:46.5244691Z  13e46e455d3b Waiting 
Android Tests (6)	UNKNOWN STEP	2026-02-25T19:48:46.5245073Z  b4403f29458a Waiting 
Android Tests (6)	UNKNOWN STEP	2026-02-25T19:48:46.5245422Z  589002ba0eae Waiting 
Android Tests (6)	UNKNOWN STEP	2026-02-25T19:48:46.5245741Z  5ffb427686b6 Waiting 
Android Tests (6)	UNKNOWN STEP	2026-02-25T19:48:46.5246025Z  630177b00352 Waiting 
Android Tests (6)	UNKNOWN STEP	2026-02-25T19:48:46.5246439Z  40aaa75af6ce Waiting 
Android Tests (6)	UNKNOWN STEP	2026-02-25T19:48:46.5247046Z  162bdab1e0a7 Waiting 
Android Tests (6)	UNKNOWN STEP	2026-02-25T19:48:46.5247458Z  8243369e9866 Waiting 
Android Tests (6)	UNKNOWN STEP	2026-02-25T19:48:46.5247836Z  ebff7b0ec73e Waiting 
Android Tests (6)	UNKNOWN STEP	2026-02-25T19:48:46.5248230Z  c02179436571 Waiting 
Android Tests (6)	UNKNOWN STEP	2026-02-25T19:48:46.5248480Z  6c18ff1f33d0 Waiting 
Android Tests (6)	UNKNOWN STEP	2026-02-25T19:48:46.5288461Z  bc1da058f299 Pulling fs layer 
Android Tests (6)	UNKNOWN STEP	2026-02-25T19:48:46.5289252Z  09a5a0c32a23 Pulling fs layer 
Android Tests (6)	UNKNOWN STEP	2026-02-25T19:48:46.5289948Z  bd53938b1271 Pulling fs layer 
Android Tests (6)	UNKNOWN STEP	2026-02-25T19:48:46.5290310Z  9fe3744a2eac Pulling fs layer 
Android Tests (6)	UNKNOWN STEP	2026-02-25T19:48:46.5290769Z  7ad54b3c4cef Pulling fs layer 
Android Tests (6)	UNKNOWN STEP	2026-02-25T19:48:46.5291204Z  2a97533d89ca Pulling fs layer 
Android Tests (6)	UNKNOWN STEP	2026-02-25T19:48:46.5291616Z  4f4fb700ef54 Pulling fs layer 
Android Tests (6)	UNKNOWN STEP	2026-02-25T19:48:46.5292255Z  1c2c8d1ee428 Pulling fs layer 
Android Tests (6)	UNKNOWN STEP	2026-02-25T19:48:46.5292577Z  09a5a0c32a23 Waiting 
Android Tests (6)	UNKNOWN STEP	2026-02-25T19:48:46.5292839Z  9fe3744a2eac Waiting 
Android Tests (6)	UNKNOWN STEP	2026-02-25T19:48:46.5293228Z  bd53938b1271 Waiting 
Android Tests (6)	UNKNOWN STEP	2026-02-25T19:48:46.5293856Z  7ad54b3c4cef Waiting 
Android Tests (6)	UNKNOWN STEP	2026-02-25T19:48:46.5294247Z  4f4fb700ef54 Waiting 
Android Tests (6)	UNKNOWN STEP	2026-02-25T19:48:46.5294539Z  bc1da058f299 Waiting 
Android Tests (6)	UNKNOWN STEP	2026-02-25T19:48:46.5294801Z  1c2c8d1ee428 Waiting 
Android Tests (6)	UNKNOWN STEP	2026-02-25T19:48:46.5295126Z  2a97533d89ca Waiting 
Android Tests (6)	UNKNOWN STEP	2026-02-25T19:48:46.5347360Z  0c8d55a45c0d Pulling fs layer 
Android Tests (6)	UNKNOWN STEP	2026-02-25T19:48:46.5348268Z  03af238a5946 Pulling fs layer 
Android Tests (6)	UNKNOWN STEP	2026-02-25T19:48:46.5348742Z  686599c79c87 Pulling fs layer 
Android Tests (6)	UNKNOWN STEP	2026-02-25T19:48:46.5349181Z  f1cadbd7abd2 Pulling fs layer 
Android Tests (6)	UNKNOWN STEP	2026-02-25T19:48:46.5349607Z  3ee96ea8e5d2 Pulling fs layer 
Android Tests (6)	UNKNOWN STEP	2026-02-25T19:48:46.5350019Z  a954d256f742 Pulling fs layer 
Android Tests (6)	UNKNOWN STEP	2026-02-25T19:48:46.5351382Z  c7ce85987d6d Pulling fs layer 
Android Tests (6)	UNKNOWN STEP	2026-02-25T19:48:46.5351779Z  7807da78b90b Pulling fs layer 
Android Tests (6)	UNKNOWN STEP	2026-02-25T19:48:46.5352043Z  0478cd5c1079 Pulling fs layer 
Android Tests (6)	UNKNOWN STEP	2026-02-25T19:48:46.5352277Z  3a02ac06be95 Pulling fs layer 
Android Tests (6)	UNKNOWN STEP	2026-02-25T19:48:46.5352635Z  0c8d55a45c0d Waiting 
Android Tests (6)	UNKNOWN STEP	2026-02-25T19:48:46.5352875Z  03af238a5946 Waiting 
Android Tests (6)	UNKNOWN STEP	2026-02-25T19:48:46.5353063Z  686599c79c87 Waiting 
Android Tests (6)	UNKNOWN STEP	2026-02-25T19:48:46.5353262Z  f1cadbd7abd2 Waiting 
Android Tests (6)	UNKNOWN STEP	2026-02-25T19:48:46.5353612Z  a954d256f742 Waiting 
Android Tests (6)	UNKNOWN STEP	2026-02-25T19:48:46.5353899Z  c7ce85987d6d Waiting 
Android Tests (6)	UNKNOWN STEP	2026-02-25T19:48:46.5354095Z  3a02ac06be95 Waiting 
Android Tests (6)	UNKNOWN STEP	2026-02-25T19:48:46.5354386Z  7807da78b90b Waiting 
Android Tests (6)	UNKNOWN STEP	2026-02-25T19:48:46.5354587Z  0478cd5c1079 Waiting 
Android Tests (6)	UNKNOWN STEP	2026-02-25T19:48:46.5354881Z  3ee96ea8e5d2 Waiting 
Android Tests (6)	UNKNOWN STEP	2026-02-25T19:48:46.7001227Z  9acd5b82521c Downloading [>                                                  ]  1.378kB/127.5kB
Android Tests (6)	UNKNOWN STEP	2026-02-25T19:48:46.7059261Z  10d78728ec4d Downloading [==================================================>]     122B/122B
Android Tests (6)	UNKNOWN STEP	2026-02-25T19:48:46.7060207Z  10d78728ec4d Download complete 
Android Tests (6)	UNKNOWN STEP	2026-02-25T19:48:46.7216071Z  9acd5b82521c Download complete 
Android Tests (6)	UNKNOWN STEP	2026-02-25T19:48:46.7305067Z  d25f557d7f31 Downloading [>                                                  ]  49.15kB/3.622MB
Android Tests (6)	UNKNOWN STEP	2026-02-25T19:48:46.7878166Z  d25f557d7f31 Verifying Checksum 
Android Tests (6)	UNKNOWN STEP	2026-02-25T19:48:46.7878819Z  d25f557d7f31 Download complete 
Android Tests (6)	UNKNOWN STEP	2026-02-25T19:48:46.8501522Z  d25f557d7f31 Extracting [>                                                  ]  65.54kB/3.622MB
Android Tests (6)	UNKNOWN STEP	2026-02-25T19:48:46.9263842Z  e0d49f520b92 Downloading [==================================================>]     961B/961B
Android Tests (6)	UNKNOWN STEP	2026-02-25T19:48:46.9264957Z  e0d49f520b92 Verifying Checksum 
Android Tests (6)	UNKNOWN STEP	2026-02-25T19:48:46.9265710Z  e0d49f520b92 Download complete 
Android Tests (6)	UNKNOWN STEP	2026-02-25T19:48:46.9506975Z  d25f557d7f31 Extracting [=====================================>             ]  2.687MB/3.622MB
Android Tests (6)	UNKNOWN STEP	2026-02-25T19:48:46.9508273Z  5de905603ac5 Downloading [====>                                              ]  1.378kB/17.03kB
Android Tests (6)	UNKNOWN STEP	2026-02-25T19:48:46.9526659Z  5de905603ac5 Downloading [==================================================>]  17.03kB/17.03kB
Android Tests (6)	UNKNOWN STEP	2026-02-25T19:48:46.9528882Z  5de905603ac5 Verifying Checksum 
Android Tests (6)	UNKNOWN STEP	2026-02-25T19:48:46.9529399Z  5de905603ac5 Download complete 
Android Tests (6)	UNKNOWN STEP	2026-02-25T19:48:46.9640850Z  d25f557d7f31 Extracting [==================================================>]  3.622MB/3.622MB
Android Tests (6)	UNKNOWN STEP	2026-02-25T19:48:46.9907274Z  808bb02340fa Downloading [>                                                  ]  1.378kB/90.98kB
Android Tests (6)	UNKNOWN STEP	2026-02-25T19:48:47.0010680Z  808bb02340fa Downloading [==================================================>]  90.98kB/90.98kB
Android Tests (6)	UNKNOWN STEP	2026-02-25T19:48:47.0011419Z  808bb02340fa Verifying Checksum 
Android Tests (6)	UNKNOWN STEP	2026-02-25T19:48:47.0011899Z  808bb02340fa Download complete 
Android Tests (6)	UNKNOWN STEP	2026-02-25T19:48:47.0049032Z  d25f557d7f31 Pull complete 
Android Tests (6)	UNKNOWN STEP	2026-02-25T19:48:47.0064422Z  9acd5b82521c Extracting [============>                                      ]  32.77kB/127.5kB
Android Tests (6)	UNKNOWN STEP	2026-02-25T19:48:47.0076134Z  9acd5b82521c Extracting [==================================================>]  127.5kB/127.5kB
Android Tests (6)	UNKNOWN STEP	2026-02-25T19:48:47.1592348Z  9de5f206730a Downloading [>                                                  ]  8.268kB/766.3kB
Android Tests (6)	UNKNOWN STEP	2026-02-25T19:48:47.1852397Z  c0970b69197c Downloading [>                                                  ]    162kB/14.88MB
Android Tests (6)	UNKNOWN STEP	2026-02-25T19:48:47.1986449Z  9de5f206730a Downloading [==================================================>]  766.3kB/766.3kB
Android Tests (6)	UNKNOWN STEP	2026-02-25T19:48:47.1987688Z  9de5f206730a Download complete 
Android Tests (6)	UNKNOWN STEP	2026-02-25T19:48:47.2399702Z  24e28b7dc0a2 Downloading [=========>                                         ]  16.38kB/83.13kB
Android Tests (6)	UNKNOWN STEP	2026-02-25T19:48:47.2488506Z  24e28b7dc0a2 Downloading [==================================================>]  83.13kB/83.13kB
Android Tests (6)	UNKNOWN STEP	2026-02-25T19:48:47.2489462Z  24e28b7dc0a2 Verifying Checksum 
Android Tests (6)	UNKNOWN STEP	2026-02-25T19:48:47.2490131Z  24e28b7dc0a2 Download complete 
Android Tests (6)	UNKNOWN STEP	2026-02-25T19:48:47.2689531Z  c0970b69197c Verifying Checksum 
Android Tests (6)	UNKNOWN STEP	2026-02-25T19:48:47.2690037Z  c0970b69197c Download complete 
Android Tests (6)	UNKNOWN STEP	2026-02-25T19:48:47.4540574Z  830180cf89a8 Downloading [>                                                  ]  147.5kB/14.63MB
Android Tests (6)	UNKNOWN STEP	2026-02-25T19:48:47.5211584Z  589002ba0eae Downloading [>                                                  ]  39.53kB/3.862MB
Android Tests (6)	UNKNOWN STEP	2026-02-25T19:48:47.5380445Z  830180cf89a8 Verifying Checksum 
Android Tests (6)	UNKNOWN STEP	2026-02-25T19:48:47.5380950Z  830180cf89a8 Download complete 
Android Tests (6)	UNKNOWN STEP	2026-02-25T19:48:47.5401762Z  5ffb427686b6 Downloading [=====================================>             ]     721B/972B
Android Tests (6)	UNKNOWN STEP	2026-02-25T19:48:47.5402981Z  5ffb427686b6 Downloading [==================================================>]     972B/972B
Android Tests (6)	UNKNOWN STEP	2026-02-25T19:48:47.5403714Z  5ffb427686b6 Verifying Checksum 
Android Tests (6)	UNKNOWN STEP	2026-02-25T19:48:47.5404166Z  5ffb427686b6 Download complete 
Android Tests (6)	UNKNOWN STEP	2026-02-25T19:48:47.6213431Z  589002ba0eae Downloading [==========================================>        ]  3.309MB/3.862MB
Android Tests (6)	UNKNOWN STEP	2026-02-25T19:48:47.6252125Z  589002ba0eae Download complete 
Android Tests (6)	UNKNOWN STEP	2026-02-25T19:48:47.6263441Z  589002ba0eae Extracting [>                                                  ]  65.54kB/3.862MB
Android Tests (6)	UNKNOWN STEP	2026-02-25T19:48:47.7737981Z  589002ba0eae Extracting [===>                                               ]  262.1kB/3.862MB
Android Tests (6)	UNKNOWN STEP	2026-02-25T19:48:47.7907068Z  630177b00352 Downloading [>                                                  ]  10.28kB/922.9kB
Android Tests (6)	UNKNOWN STEP	2026-02-25T19:48:47.7979166Z  6c18ff1f33d0 Downloading [==================================================>]     173B/173B
Android Tests (6)	UNKNOWN STEP	2026-02-25T19:48:47.7979945Z  6c18ff1f33d0 Verifying Checksum 
Android Tests (6)	UNKNOWN STEP	2026-02-25T19:48:47.7980411Z  6c18ff1f33d0 Download complete 
Android Tests (6)	UNKNOWN STEP	2026-02-25T19:48:47.8955748Z  13e46e455d3b Downloading [==================================================>]     116B/116B
Android Tests (6)	UNKNOWN STEP	2026-02-25T19:48:47.9028291Z  13e46e455d3b Verifying Checksum 
Android Tests (6)	UNKNOWN STEP	2026-02-25T19:48:47.9029018Z  630177b00352 Downloading [=========>                                         ]  171.6kB/922.9kB
Android Tests (6)	UNKNOWN STEP	2026-02-25T19:48:47.9029730Z  13e46e455d3b Download complete 
Android Tests (6)	UNKNOWN STEP	2026-02-25T19:48:47.9047190Z  630177b00352 Download complete 
Android Tests (6)	UNKNOWN STEP	2026-02-25T19:48:47.9164276Z  589002ba0eae Extracting [=================>                                 ]  1.376MB/3.862MB
Android Tests (6)	UNKNOWN STEP	2026-02-25T19:48:47.9526667Z  589002ba0eae Extracting [==================================================>]  3.862MB/3.862MB
Android Tests (6)	UNKNOWN STEP	2026-02-25T19:48:47.9534476Z  589002ba0eae Extracting [==================================================>]  3.862MB/3.862MB
Android Tests (6)	UNKNOWN STEP	2026-02-25T19:48:48.1153678Z  b4403f29458a Downloading [>                                                  ]  526.2kB/105.2MB
Android Tests (6)	UNKNOWN STEP	2026-02-25T19:48:48.1698428Z  162bdab1e0a7 Downloading [==================================================>]     128B/128B
Android Tests (6)	UNKNOWN STEP	2026-02-25T19:48:48.1699143Z  162bdab1e0a7 Verifying Checksum 
Android Tests (6)	UNKNOWN STEP	2026-02-25T19:48:48.1699474Z  162bdab1e0a7 Download complete 
Android Tests (6)	UNKNOWN STEP	2026-02-25T19:48:48.1754806Z  40aaa75af6ce Downloading [===>                                               ]     700B/9.62kB
Android Tests (6)	UNKNOWN STEP	2026-02-25T19:48:48.1756269Z  40aaa75af6ce Downloading [==================================================>]   9.62kB/9.62kB
Android Tests (6)	UNKNOWN STEP	2026-02-25T19:48:48.1757360Z  40aaa75af6ce Verifying Checksum 
Android Tests (6)	UNKNOWN STEP	2026-02-25T19:48:48.1757742Z  40aaa75af6ce Download complete 
Android Tests (6)	UNKNOWN STEP	2026-02-25T19:48:48.2572902Z  b4403f29458a Downloading [>                                                  ]  1.064MB/105.2MB
Android Tests (6)	UNKNOWN STEP	2026-02-25T19:48:48.2628978Z  589002ba0eae Pull complete 
Android Tests (6)	UNKNOWN STEP	2026-02-25T19:48:48.2642392Z  5ffb427686b6 Extracting [==================================================>]     972B/972B
Android Tests (6)	UNKNOWN STEP	2026-02-25T19:48:48.2650281Z  5ffb427686b6 Extracting [==================================================>]     972B/972B
Android Tests (6)	UNKNOWN STEP	2026-02-25T19:48:48.3591312Z  b4403f29458a Downloading [=======>                                           ]  14.97MB/105.2MB
Android Tests (6)	UNKNOWN STEP	2026-02-25T19:48:48.4599097Z  b4403f29458a Downloading [=================>                                 ]  36.87MB/105.2MB
Android Tests (6)	UNKNOWN STEP	2026-02-25T19:48:48.5114868Z  c02179436571 Downloading [=====>                                             ]     700B/5.84kB
Android Tests (6)	UNKNOWN STEP	2026-02-25T19:48:48.5121915Z  c02179436571 Downloading [==================================================>]   5.84kB/5.84kB
Android Tests (6)	UNKNOWN STEP	2026-02-25T19:48:48.5123201Z  c02179436571 Verifying Checksum 
Android Tests (6)	UNKNOWN STEP	2026-02-25T19:48:48.5124682Z  c02179436571 Download complete 
Android Tests (6)	UNKNOWN STEP	2026-02-25T19:48:48.5269091Z  ebff7b0ec73e Downloading [==================================================>]     170B/170B
Android Tests (6)	UNKNOWN STEP	2026-02-25T19:48:48.5274664Z  ebff7b0ec73e Verifying Checksum 
Android Tests (6)	UNKNOWN STEP	2026-02-25T19:48:48.5276414Z  ebff7b0ec73e Download complete 
Android Tests (6)	UNKNOWN STEP	2026-02-25T19:48:48.5606047Z  b4403f29458a Downloading [==========================>                        ]  54.97MB/105.2MB
Android Tests (6)	UNKNOWN STEP	2026-02-25T19:48:48.6612349Z  b4403f29458a Downloading [==================================>                ]  73.11MB/105.2MB
Android Tests (6)	UNKNOWN STEP	2026-02-25T19:48:48.7753200Z  b4403f29458a Downloading [=============================================>     ]  94.95MB/105.2MB
Android Tests (6)	UNKNOWN STEP	2026-02-25T19:48:48.7925926Z  8243369e9866 Downloading [==================================================>]     186B/186B
Android Tests (6)	UNKNOWN STEP	2026-02-25T19:48:48.7929485Z  8243369e9866 Verifying Checksum 
Android Tests (6)	UNKNOWN STEP	2026-02-25T19:48:48.7930105Z  8243369e9866 Download complete 
Android Tests (6)	UNKNOWN STEP	2026-02-25T19:48:48.8492143Z  b4403f29458a Verifying Checksum 
Android Tests (6)	UNKNOWN STEP	2026-02-25T19:48:48.8493205Z  b4403f29458a Download complete 
Android Tests (6)	UNKNOWN STEP	2026-02-25T19:48:48.8494042Z  bc1da058f299 Downloading [>                                                  ]  36.75kB/3.644MB
Android Tests (6)	UNKNOWN STEP	2026-02-25T19:48:48.9497656Z  bc1da058f299 Downloading [========================>                          ]  1.799MB/3.644MB
Android Tests (6)	UNKNOWN STEP	2026-02-25T19:48:48.9874551Z  bc1da058f299 Verifying Checksum 
Android Tests (6)	UNKNOWN STEP	2026-02-25T19:48:48.9875541Z  bc1da058f299 Download complete 
Android Tests (6)	UNKNOWN STEP	2026-02-25T19:48:48.9888720Z  bc1da058f299 Extracting [>                                                  ]  65.54kB/3.644MB
Android Tests (6)	UNKNOWN STEP	2026-02-25T19:48:49.0542275Z  09a5a0c32a23 Verifying Checksum 
Android Tests (6)	UNKNOWN STEP	2026-02-25T19:48:49.0895566Z  09a5a0c32a23 Download complete 
Android Tests (6)	UNKNOWN STEP	2026-02-25T19:48:49.0896438Z  bc1da058f299 Extracting [==========>                                        ]  786.4kB/3.644MB
Android Tests (6)	UNKNOWN STEP	2026-02-25T19:48:49.1210079Z  bd53938b1271 Downloading [>                                                  ]  2.087kB/173.4kB
Android Tests (6)	UNKNOWN STEP	2026-02-25T19:48:49.1502906Z  bc1da058f299 Extracting [==================================================>]  3.644MB/3.644MB
Android Tests (6)	UNKNOWN STEP	2026-02-25T19:48:49.1508994Z  bc1da058f299 Extracting [==================================================>]  3.644MB/3.644MB
Android Tests (6)	UNKNOWN STEP	2026-02-25T19:48:49.1559645Z  bd53938b1271 Download complete 
Android Tests (6)	UNKNOWN STEP	2026-02-25T19:48:49.2027690Z  bc1da058f299 Pull complete 
Android Tests (6)	UNKNOWN STEP	2026-02-25T19:48:49.2041074Z  09a5a0c32a23 Extracting [==================================================>]     948B/948B
Android Tests (6)	UNKNOWN STEP	2026-02-25T19:48:49.2048463Z  09a5a0c32a23 Extracting [==================================================>]     948B/948B
Android Tests (6)	UNKNOWN STEP	2026-02-25T19:48:49.2561708Z  9fe3744a2eac Downloading [>                                                  ]   10.3kB/1.003MB
Android Tests (6)	UNKNOWN STEP	2026-02-25T19:48:49.3259016Z  7ad54b3c4cef Downloading [>                                                  ]  126.3kB/12.41MB
Android Tests (6)	UNKNOWN STEP	2026-02-25T19:48:49.3262426Z  9fe3744a2eac Verifying Checksum 
Android Tests (6)	UNKNOWN STEP	2026-02-25T19:48:49.3262921Z  9fe3744a2eac Download complete 
Android Tests (6)	UNKNOWN STEP	2026-02-25T19:48:49.4214825Z  2a97533d89ca Downloading [==================================================>]     100B/100B
Android Tests (6)	UNKNOWN STEP	2026-02-25T19:48:49.4215581Z  2a97533d89ca Verifying Checksum 
Android Tests (6)	UNKNOWN STEP	2026-02-25T19:48:49.4216033Z  2a97533d89ca Download complete 
Android Tests (6)	UNKNOWN STEP	2026-02-25T19:48:49.4261402Z  7ad54b3c4cef Downloading [==============================>                    ]  7.471MB/12.41MB
Android Tests (6)	UNKNOWN STEP	2026-02-25T19:48:49.4447710Z  7ad54b3c4cef Verifying Checksum 
Android Tests (6)	UNKNOWN STEP	2026-02-25T19:48:49.4448233Z  7ad54b3c4cef Download complete 
Android Tests (6)	UNKNOWN STEP	2026-02-25T19:48:49.5916274Z  4f4fb700ef54 Downloading [==================================================>]      32B/32B
Android Tests (6)	UNKNOWN STEP	2026-02-25T19:48:49.5917591Z  4f4fb700ef54 Verifying Checksum 
Android Tests (6)	UNKNOWN STEP	2026-02-25T19:48:49.5918141Z  4f4fb700ef54 Download complete 
Android Tests (6)	UNKNOWN STEP	2026-02-25T19:48:49.6952314Z  1c2c8d1ee428 Downloading [==================================================>]     576B/576B
Android Tests (6)	UNKNOWN STEP	2026-02-25T19:48:49.6953181Z  1c2c8d1ee428 Verifying Checksum 
Android Tests (6)	UNKNOWN STEP	2026-02-25T19:48:49.6956250Z  1c2c8d1ee428 Download complete 
Android Tests (6)	UNKNOWN STEP	2026-02-25T19:48:49.8302651Z  0c8d55a45c0d Downloading [>                                                  ]  298.8kB/29.78MB
Android Tests (6)	UNKNOWN STEP	2026-02-25T19:48:49.8576393Z  9acd5b82521c Pull complete 
Android Tests (6)	UNKNOWN STEP	2026-02-25T19:48:49.8592539Z  10d78728ec4d Extracting [==================================================>]     122B/122B
Android Tests (6)	UNKNOWN STEP	2026-02-25T19:48:49.8597753Z  10d78728ec4d Extracting [==================================================>]     122B/122B
Android Tests (6)	UNKNOWN STEP	2026-02-25T19:48:49.8618941Z  5ffb427686b6 Pull complete 
Android Tests (6)	UNKNOWN STEP	2026-02-25T19:48:49.8622623Z  09a5a0c32a23 Pull complete 
Android Tests (6)	UNKNOWN STEP	2026-02-25T19:48:49.8645422Z  630177b00352 Extracting [=>                                                 ]  32.77kB/922.9kB
Android Tests (6)	UNKNOWN STEP	2026-02-25T19:48:49.8679458Z  bd53938b1271 Extracting [=========>                                         ]  32.77kB/173.4kB
Android Tests (6)	UNKNOWN STEP	2026-02-25T19:48:49.8718958Z  bd53938b1271 Extracting [==================================================>]  173.4kB/173.4kB
Android Tests (6)	UNKNOWN STEP	2026-02-25T19:48:49.8747692Z  03af238a5946 Downloading [>                                                  ]  14.23kB/1.293MB
Android Tests (6)	UNKNOWN STEP	2026-02-25T19:48:49.8817544Z  10d78728ec4d Pull complete 
Android Tests (6)	UNKNOWN STEP	2026-02-25T19:48:49.8833469Z  e0d49f520b92 Extracting [==================================================>]     961B/961B
Android Tests (6)	UNKNOWN STEP	2026-02-25T19:48:49.8838296Z  e0d49f520b92 Extracting [==================================================>]     961B/961B
Android Tests (6)	UNKNOWN STEP	2026-02-25T19:48:49.8990274Z  e0d49f520b92 Pull complete 
Android Tests (6)	UNKNOWN STEP	2026-02-25T19:48:49.9011636Z  5de905603ac5 Extracting [==================================================>]  17.03kB/17.03kB
Android Tests (6)	UNKNOWN STEP	2026-02-25T19:48:49.9025026Z  5de905603ac5 Extracting [==================================================>]  17.03kB/17.03kB
Android Tests (6)	UNKNOWN STEP	2026-02-25T19:48:49.9079209Z  630177b00352 Extracting [==================================================>]  922.9kB/922.9kB
Android Tests (6)	UNKNOWN STEP	2026-02-25T19:48:49.9193319Z  5de905603ac5 Pull complete 
Android Tests (6)	UNKNOWN STEP	2026-02-25T19:48:49.9203236Z  630177b00352 Pull complete 
Android Tests (6)	UNKNOWN STEP	2026-02-25T19:48:49.9216174Z  808bb02340fa Extracting [==================>                                ]  32.77kB/90.98kB
Android Tests (6)	UNKNOWN STEP	2026-02-25T19:48:49.9222695Z  808bb02340fa Extracting [==================================================>]  90.98kB/90.98kB
Android Tests (6)	UNKNOWN STEP	2026-02-25T19:48:49.9223817Z  808bb02340fa Extracting [==================================================>]  90.98kB/90.98kB
Android Tests (6)	UNKNOWN STEP	2026-02-25T19:48:49.9232418Z  6c18ff1f33d0 Extracting [==================================================>]     173B/173B
Android Tests (6)	UNKNOWN STEP	2026-02-25T19:48:49.9233749Z  6c18ff1f33d0 Extracting [==================================================>]     173B/173B
Android Tests (6)	UNKNOWN STEP	2026-02-25T19:48:49.9241856Z  bd53938b1271 Extracting [==================================================>]  173.4kB/173.4kB
Android Tests (6)	UNKNOWN STEP	2026-02-25T19:48:49.9310171Z  0c8d55a45c0d Downloading [=======>                                           ]  4.643MB/29.78MB
Android Tests (6)	UNKNOWN STEP	2026-02-25T19:48:49.9378414Z  6c18ff1f33d0 Pull complete 
Android Tests (6)	UNKNOWN STEP	2026-02-25T19:48:49.9397318Z  13e46e455d3b Extracting [==================================================>]     116B/116B
Android Tests (6)	UNKNOWN STEP	2026-02-25T19:48:49.9400766Z  13e46e455d3b Extracting [==================================================>]     116B/116B
Android Tests (6)	UNKNOWN STEP	2026-02-25T19:48:49.9409301Z  808bb02340fa Pull complete 
Android Tests (6)	UNKNOWN STEP	2026-02-25T19:48:49.9446762Z  c0970b69197c Extracting [>                                                  ]  163.8kB/14.88MB
Android Tests (6)	UNKNOWN STEP	2026-02-25T19:48:49.9678093Z  13e46e455d3b Pull complete 
Android Tests (6)	UNKNOWN STEP	2026-02-25T19:48:49.9752759Z  03af238a5946 Downloading [==============================================>    ]  1.191MB/1.293MB
Android Tests (6)	UNKNOWN STEP	2026-02-25T19:48:49.9777744Z  03af238a5946 Verifying Checksum 
Android Tests (6)	UNKNOWN STEP	2026-02-25T19:48:49.9778802Z  03af238a5946 Download complete 
Android Tests (6)	UNKNOWN STEP	2026-02-25T19:48:49.9871034Z  b4403f29458a Extracting [>                                                  ]  557.1kB/105.2MB
Android Tests (6)	UNKNOWN STEP	2026-02-25T19:48:49.9987413Z  686599c79c87 Downloading [>                                                  ]  118.1kB/11.8MB
Android Tests (6)	UNKNOWN STEP	2026-02-25T19:48:50.0328389Z  0c8d55a45c0d Downloading [===================================>               ]  20.94MB/29.78MB
Android Tests (6)	UNKNOWN STEP	2026-02-25T19:48:50.0448035Z  c0970b69197c Extracting [============>                                      ]  3.604MB/14.88MB
Android Tests (6)	UNKNOWN STEP	2026-02-25T19:48:50.0861765Z  0c8d55a45c0d Verifying Checksum 
Android Tests (6)	UNKNOWN STEP	2026-02-25T19:48:50.0863646Z  0c8d55a45c0d Download complete 
Android Tests (6)	UNKNOWN STEP	2026-02-25T19:48:50.0990061Z  686599c79c87 Downloading [============================>                      ]   6.71MB/11.8MB
Android Tests (6)	UNKNOWN STEP	2026-02-25T19:48:50.1012603Z  b4403f29458a Extracting [>                                                  ]  1.114MB/105.2MB
Android Tests (6)	UNKNOWN STEP	2026-02-25T19:48:50.1210863Z  686599c79c87 Verifying Checksum 
Android Tests (6)	UNKNOWN STEP	2026-02-25T19:48:50.1212270Z  686599c79c87 Download complete 
Android Tests (6)	UNKNOWN STEP	2026-02-25T19:48:50.1469014Z  c0970b69197c Extracting [===========================>                       ]  8.192MB/14.88MB
Android Tests (6)	UNKNOWN STEP	2026-02-25T19:48:50.1506063Z  0c8d55a45c0d Extracting [>                                                  ]  327.7kB/29.78MB
Android Tests (6)	UNKNOWN STEP	2026-02-25T19:48:50.2092177Z  b4403f29458a Extracting [==>                                                ]  4.456MB/105.2MB
Android Tests (6)	UNKNOWN STEP	2026-02-25T19:48:50.2407732Z  f1cadbd7abd2 Downloading [==================================================>]     252B/252B
Android Tests (6)	UNKNOWN STEP	2026-02-25T19:48:50.2416412Z  f1cadbd7abd2 Verifying Checksum 
Android Tests (6)	UNKNOWN STEP	2026-02-25T19:48:50.2417501Z  f1cadbd7abd2 Download complete 
Android Tests (6)	UNKNOWN STEP	2026-02-25T19:48:50.2432219Z  bd53938b1271 Pull complete 
Android Tests (6)	UNKNOWN STEP	2026-02-25T19:48:50.2449496Z  9fe3744a2eac Extracting [=>                                                 ]  32.77kB/1.003MB
Android Tests (6)	UNKNOWN STEP	2026-02-25T19:48:50.2484044Z  c0970b69197c Extracting [==========================================>        ]  12.62MB/14.88MB
Android Tests (6)	UNKNOWN STEP	2026-02-25T19:48:50.2594093Z  0c8d55a45c0d Extracting [======>                                            ]  3.604MB/29.78MB
Android Tests (6)	UNKNOWN STEP	2026-02-25T19:48:50.2742718Z  9fe3744a2eac Extracting [==================================================>]  1.003MB/1.003MB
Android Tests (6)	UNKNOWN STEP	2026-02-25T19:48:50.2753958Z  9fe3744a2eac Extracting [==================================================>]  1.003MB/1.003MB
Android Tests (6)	UNKNOWN STEP	2026-02-25T19:48:50.2902156Z  9fe3744a2eac Pull complete 
Android Tests (6)	UNKNOWN STEP	2026-02-25T19:48:50.2934784Z  7ad54b3c4cef Extracting [>                                                  ]  131.1kB/12.41MB
Android Tests (6)	UNKNOWN STEP	2026-02-25T19:48:50.3011926Z  c0970b69197c Extracting [==================================================>]  14.88MB/14.88MB
Android Tests (6)	UNKNOWN STEP	2026-02-25T19:48:50.3141657Z  b4403f29458a Extracting [===>                                               ]  8.356MB/105.2MB
Android Tests (6)	UNKNOWN STEP	2026-02-25T19:48:50.3169924Z  c0970b69197c Pull complete 
Android Tests (6)	UNKNOWN STEP	2026-02-25T19:48:50.3192489Z  9de5f206730a Extracting [==>                                                ]  32.77kB/766.3kB
Android Tests (6)	UNKNOWN STEP	2026-02-25T19:48:50.3389435Z  9de5f206730a Extracting [==================================================>]  766.3kB/766.3kB
Android Tests (6)	UNKNOWN STEP	2026-02-25T19:48:50.3398053Z  9de5f206730a Extracting [==================================================>]  766.3kB/766.3kB
Android Tests (6)	UNKNOWN STEP	2026-02-25T19:48:50.3554427Z  9de5f206730a Pull complete 
Android Tests (6)	UNKNOWN STEP	2026-02-25T19:48:50.3589075Z  24e28b7dc0a2 Extracting [===================>                               ]  32.77kB/83.13kB
Android Tests (6)	UNKNOWN STEP	2026-02-25T19:48:50.3590158Z  24e28b7dc0a2 Extracting [==================================================>]  83.13kB/83.13kB
Android Tests (6)	UNKNOWN STEP	2026-02-25T19:48:50.3601044Z  24e28b7dc0a2 Extracting [==================================================>]  83.13kB/83.13kB
Android Tests (6)	UNKNOWN STEP	2026-02-25T19:48:50.3687934Z  0c8d55a45c0d Extracting [===========>                                       ]  6.554MB/29.78MB
Android Tests (6)	UNKNOWN STEP	2026-02-25T19:48:50.3710706Z  3ee96ea8e5d2 Downloading [==================================================>]     250B/250B
Android Tests (6)	UNKNOWN STEP	2026-02-25T19:48:50.3712067Z  3ee96ea8e5d2 Verifying Checksum 
Android Tests (6)	UNKNOWN STEP	2026-02-25T19:48:50.3725229Z  3ee96ea8e5d2 Download complete 
Android Tests (6)	UNKNOWN STEP	2026-02-25T19:48:50.3992862Z  7ad54b3c4cef Extracting [========>                                          ]  2.097MB/12.41MB
Android Tests (6)	UNKNOWN STEP	2026-02-25T19:48:50.4039640Z  24e28b7dc0a2 Pull complete 
Android Tests (6)	UNKNOWN STEP	2026-02-25T19:48:50.4087919Z  830180cf89a8 Extracting [>                                                  ]  163.8kB/14.63MB
Android Tests (6)	UNKNOWN STEP	2026-02-25T19:48:50.4173837Z  b4403f29458a Extracting [======>                                            ]  12.81MB/105.2MB
Android Tests (6)	UNKNOWN STEP	2026-02-25T19:48:50.4317047Z  a954d256f742 Downloading [>                                                  ]  223.4kB/21.98MB
Android Tests (6)	UNKNOWN STEP	2026-02-25T19:48:50.4837980Z  0c8d55a45c0d Extracting [===============>                                   ]  9.175MB/29.78MB
Android Tests (6)	UNKNOWN STEP	2026-02-25T19:48:50.5008255Z  7ad54b3c4cef Extracting [======================>                            ]  5.505MB/12.41MB
Android Tests (6)	UNKNOWN STEP	2026-02-25T19:48:50.5089425Z  c7ce85987d6d Downloading [==>                                                ]     719B/13.29kB
Android Tests (6)	UNKNOWN STEP	2026-02-25T19:48:50.5108139Z  c7ce85987d6d Downloading [==================================================>]  13.29kB/13.29kB
Android Tests (6)	UNKNOWN STEP	2026-02-25T19:48:50.5124292Z  c7ce85987d6d Verifying Checksum 
Android Tests (6)	UNKNOWN STEP	2026-02-25T19:48:50.5124967Z  c7ce85987d6d Download complete 
Android Tests (6)	UNKNOWN STEP	2026-02-25T19:48:50.5188034Z  830180cf89a8 Extracting [============>                                      ]  3.604MB/14.63MB
Android Tests (6)	UNKNOWN STEP	2026-02-25T19:48:50.5191949Z  b4403f29458a Extracting [=======>                                           ]  16.71MB/105.2MB
Android Tests (6)	UNKNOWN STEP	2026-02-25T19:48:50.5318948Z  a954d256f742 Downloading [===================>                               ]  8.481MB/21.98MB
Android Tests (6)	UNKNOWN STEP	2026-02-25T19:48:50.6012602Z  7ad54b3c4cef Extracting [====================================>              ]  9.175MB/12.41MB
Android Tests (6)	UNKNOWN STEP	2026-02-25T19:48:50.6047459Z  0c8d55a45c0d Extracting [=================>                                 ]  10.16MB/29.78MB
Android Tests (6)	UNKNOWN STEP	2026-02-25T19:48:50.6061736Z  a954d256f742 Downloading [==================================================>]  21.98MB/21.98MB
Android Tests (6)	UNKNOWN STEP	2026-02-25T19:48:50.6065030Z  a954d256f742 Verifying Checksum 
Android Tests (6)	UNKNOWN STEP	2026-02-25T19:48:50.6065650Z  a954d256f742 Download complete 
Android Tests (6)	UNKNOWN STEP	2026-02-25T19:48:50.6207205Z  830180cf89a8 Extracting [=====================>                             ]  6.226MB/14.63MB
Android Tests (6)	UNKNOWN STEP	2026-02-25T19:48:50.6313118Z  b4403f29458a Extracting [==========>                                        ]  21.17MB/105.2MB
Android Tests (6)	UNKNOWN STEP	2026-02-25T19:48:50.6883397Z  7ad54b3c4cef Extracting [==================================================>]  12.41MB/12.41MB
Android Tests (6)	UNKNOWN STEP	2026-02-25T19:48:50.6922690Z  7807da78b90b Downloading [>                                                  ]  456.9kB/45.54MB
Android Tests (6)	UNKNOWN STEP	2026-02-25T19:48:50.7384158Z  b4403f29458a Extracting [============>                                      ]  25.62MB/105.2MB
Android Tests (6)	UNKNOWN STEP	2026-02-25T19:48:50.7409451Z  0c8d55a45c0d Extracting [===================>                               ]   11.8MB/29.78MB
Android Tests (6)	UNKNOWN STEP	2026-02-25T19:48:50.7483185Z  830180cf89a8 Extracting [=================================>                 ]  9.667MB/14.63MB
Android Tests (6)	UNKNOWN STEP	2026-02-25T19:48:50.7546412Z  7ad54b3c4cef Pull complete 
Android Tests (6)	UNKNOWN STEP	2026-02-25T19:48:50.7586740Z  2a97533d89ca Extracting [==================================================>]     100B/100B
Android Tests (6)	UNKNOWN STEP	2026-02-25T19:48:50.7588107Z  2a97533d89ca Extracting [==================================================>]     100B/100B
Android Tests (6)	UNKNOWN STEP	2026-02-25T19:48:50.7818196Z  0478cd5c1079 Downloading [==========>                                        ]     720B/3.507kB
Android Tests (6)	UNKNOWN STEP	2026-02-25T19:48:50.7837665Z  0478cd5c1079 Downloading [==================================================>]  3.507kB/3.507kB
Android Tests (6)	UNKNOWN STEP	2026-02-25T19:48:50.7838695Z  0478cd5c1079 Verifying Checksum 
Android Tests (6)	UNKNOWN STEP	2026-02-25T19:48:50.7839482Z  0478cd5c1079 Download complete 
Android Tests (6)	UNKNOWN STEP	2026-02-25T19:48:50.7880149Z  2a97533d89ca Pull complete 
Android Tests (6)	UNKNOWN STEP	2026-02-25T19:48:50.7913892Z  4f4fb700ef54 Extracting [==================================================>]      32B/32B
Android Tests (6)	UNKNOWN STEP	2026-02-25T19:48:50.7934872Z  4f4fb700ef54 Extracting [==================================================>]      32B/32B
Android Tests (6)	UNKNOWN STEP	2026-02-25T19:48:50.7969577Z  7807da78b90b Downloading [=============>                                     ]  12.02MB/45.54MB
Android Tests (6)	UNKNOWN STEP	2026-02-25T19:48:50.8261641Z  4f4fb700ef54 Pull complete 
Android Tests (6)	UNKNOWN STEP	2026-02-25T19:48:50.8385784Z  b4403f29458a Extracting [=============>                                     ]  28.97MB/105.2MB
Android Tests (6)	UNKNOWN STEP	2026-02-25T19:48:50.8433909Z  0c8d55a45c0d Extracting [=======================>                           ]  14.09MB/29.78MB
Android Tests (6)	UNKNOWN STEP	2026-02-25T19:48:50.8456489Z  1c2c8d1ee428 Extracting [==================================================>]     576B/576B
Android Tests (6)	UNKNOWN STEP	2026-02-25T19:48:50.8458639Z  1c2c8d1ee428 Extracting [==================================================>]     576B/576B
Android Tests (6)	UNKNOWN STEP	2026-02-25T19:48:50.8486291Z  830180cf89a8 Extracting [========================================>          ]  11.96MB/14.63MB
Android Tests (6)	UNKNOWN STEP	2026-02-25T19:48:50.8770781Z  1c2c8d1ee428 Pull complete 
Android Tests (6)	UNKNOWN STEP	2026-02-25T19:48:50.8888982Z  redis Pulled 
Android Tests (6)	UNKNOWN STEP	2026-02-25T19:48:50.8930255Z  3a02ac06be95 Downloading [==========>                                        ]     720B/3.462kB
Android Tests (6)	UNKNOWN STEP	2026-02-25T19:48:50.8936596Z  3a02ac06be95 Verifying Checksum 
Android Tests (6)	UNKNOWN STEP	2026-02-25T19:48:50.8939230Z  3a02ac06be95 Download complete 
Android Tests (6)	UNKNOWN STEP	2026-02-25T19:48:50.8976744Z  7807da78b90b Downloading [==================================>                ]  31.47MB/45.54MB
Android Tests (6)	UNKNOWN STEP	2026-02-25T19:48:50.9371260Z  830180cf89a8 Extracting [==================================================>]  14.63MB/14.63MB
Android Tests (6)	UNKNOWN STEP	2026-02-25T19:48:50.9398842Z  b4403f29458a Extracting [===============>                                   ]  32.87MB/105.2MB
Android Tests (6)	UNKNOWN STEP	2026-02-25T19:48:50.9435390Z  0c8d55a45c0d Extracting [============================>                      ]  16.71MB/29.78MB
Android Tests (6)	UNKNOWN STEP	2026-02-25T19:48:50.9665366Z  830180cf89a8 Pull complete 
Android Tests (6)	UNKNOWN STEP	2026-02-25T19:48:50.9761011Z  dex Pulled 
Android Tests (6)	UNKNOWN STEP	2026-02-25T19:48:50.9787491Z  7807da78b90b Verifying Checksum 
Android Tests (6)	UNKNOWN STEP	2026-02-25T19:48:50.9787991Z  7807da78b90b Download complete 
Android Tests (6)	UNKNOWN STEP	2026-02-25T19:48:51.0436378Z  b4403f29458a Extracting [==================>                                ]  38.99MB/105.2MB
Android Tests (6)	UNKNOWN STEP	2026-02-25T19:48:51.0462530Z  0c8d55a45c0d Extracting [=====================================>             ]  22.28MB/29.78MB
Android Tests (6)	UNKNOWN STEP	2026-02-25T19:48:51.1499403Z  b4403f29458a Extracting [======================>                            ]  47.35MB/105.2MB
Android Tests (6)	UNKNOWN STEP	2026-02-25T19:48:51.2578409Z  b4403f29458a Extracting [========================>                          ]  52.36MB/105.2MB
Android Tests (6)	UNKNOWN STEP	2026-02-25T19:48:51.2966432Z  0c8d55a45c0d Extracting [============================================>      ]  26.21MB/29.78MB
Android Tests (6)	UNKNOWN STEP	2026-02-25T19:48:51.3587658Z  b4403f29458a Extracting [===========================>                       ]  57.93MB/105.2MB
Android Tests (6)	UNKNOWN STEP	2026-02-25T19:48:51.4159959Z  0c8d55a45c0d Extracting [===============================================>   ]  28.51MB/29.78MB
Android Tests (6)	UNKNOWN STEP	2026-02-25T19:48:51.4640770Z  b4403f29458a Extracting [==============================>                    ]  65.18MB/105.2MB
Android Tests (6)	UNKNOWN STEP	2026-02-25T19:48:51.5701471Z  b4403f29458a Extracting [==================================>                ]  72.97MB/105.2MB
Android Tests (6)	UNKNOWN STEP	2026-02-25T19:48:51.6175457Z  0c8d55a45c0d Extracting [================================================>  ]  29.16MB/29.78MB
Android Tests (6)	UNKNOWN STEP	2026-02-25T19:48:51.7254668Z  b4403f29458a Extracting [===================================>               ]   75.2MB/105.2MB
Android Tests (6)	UNKNOWN STEP	2026-02-25T19:48:51.7599715Z  0c8d55a45c0d Extracting [==================================================>]  29.78MB/29.78MB
Android Tests (6)	UNKNOWN STEP	2026-02-25T19:48:51.7832011Z  0c8d55a45c0d Pull complete 
Android Tests (6)	UNKNOWN STEP	2026-02-25T19:48:51.7844754Z  03af238a5946 Extracting [=>                                                 ]  32.77kB/1.293MB
Android Tests (6)	UNKNOWN STEP	2026-02-25T19:48:51.8498304Z  b4403f29458a Extracting [====================================>              ]  75.76MB/105.2MB
Android Tests (6)	UNKNOWN STEP	2026-02-25T19:48:51.9016350Z  03af238a5946 Extracting [==================================>                ]  884.7kB/1.293MB
Android Tests (6)	UNKNOWN STEP	2026-02-25T19:48:51.9390216Z  03af238a5946 Extracting [==================================================>]  1.293MB/1.293MB
Android Tests (6)	UNKNOWN STEP	2026-02-25T19:48:51.9538410Z  b4403f29458a Extracting [====================================>              ]  76.32MB/105.2MB
Android Tests (6)	UNKNOWN STEP	2026-02-25T19:48:52.0675693Z  b4403f29458a Extracting [=====================================>             ]   79.1MB/105.2MB
Android Tests (6)	UNKNOWN STEP	2026-02-25T19:48:52.1642158Z  03af238a5946 Pull complete 
Android Tests (6)	UNKNOWN STEP	2026-02-25T19:48:52.1669247Z  686599c79c87 Extracting [>                                                  ]  131.1kB/11.8MB
Android Tests (6)	UNKNOWN STEP	2026-02-25T19:48:52.1848529Z  b4403f29458a Extracting [=======================================>           ]     83MB/105.2MB
Android Tests (6)	UNKNOWN STEP	2026-02-25T19:48:52.2844532Z  686599c79c87 Extracting [===>                                               ]  917.5kB/11.8MB
Android Tests (6)	UNKNOWN STEP	2026-02-25T19:48:52.2943937Z  b4403f29458a Extracting [========================================>          ]  85.79MB/105.2MB
Android Tests (6)	UNKNOWN STEP	2026-02-25T19:48:52.3867472Z  686599c79c87 Extracting [==============>                                    ]  3.539MB/11.8MB
Android Tests (6)	UNKNOWN STEP	2026-02-25T19:48:52.3981880Z  b4403f29458a Extracting [==========================================>        ]  90.24MB/105.2MB
Android Tests (6)	UNKNOWN STEP	2026-02-25T19:48:52.4902273Z  686599c79c87 Extracting [==========================>                        ]   6.16MB/11.8MB
Android Tests (6)	UNKNOWN STEP	2026-02-25T19:48:52.5309604Z  b4403f29458a Extracting [===========================================>       ]  92.47MB/105.2MB
Android Tests (6)	UNKNOWN STEP	2026-02-25T19:48:52.6066345Z  686599c79c87 Extracting [======================================>            ]  9.175MB/11.8MB
Android Tests (6)	UNKNOWN STEP	2026-02-25T19:48:52.6328913Z  b4403f29458a Extracting [================================================>  ]  101.4MB/105.2MB
Android Tests (6)	UNKNOWN STEP	2026-02-25T19:48:52.7034149Z  b4403f29458a Extracting [==================================================>]  105.2MB/105.2MB
Android Tests (6)	UNKNOWN STEP	2026-02-25T19:48:52.7136399Z  686599c79c87 Extracting [===========================================>       ]  10.35MB/11.8MB
Android Tests (6)	UNKNOWN STEP	2026-02-25T19:48:52.8154570Z  686599c79c87 Extracting [===============================================>   ]  11.14MB/11.8MB
Android Tests (6)	UNKNOWN STEP	2026-02-25T19:48:52.8676961Z  686599c79c87 Extracting [==================================================>]   11.8MB/11.8MB
Android Tests (6)	UNKNOWN STEP	2026-02-25T19:48:52.9531519Z  b4403f29458a Pull complete 
Android Tests (6)	UNKNOWN STEP	2026-02-25T19:48:52.9533584Z  686599c79c87 Pull complete 
Android Tests (6)	UNKNOWN STEP	2026-02-25T19:48:52.9543967Z  40aaa75af6ce Extracting [==================================================>]   9.62kB/9.62kB
Android Tests (6)	UNKNOWN STEP	2026-02-25T19:48:52.9549386Z  40aaa75af6ce Extracting [==================================================>]   9.62kB/9.62kB
Android Tests (6)	UNKNOWN STEP	2026-02-25T19:48:52.9558302Z  f1cadbd7abd2 Extracting [==================================================>]     252B/252B
Android Tests (6)	UNKNOWN STEP	2026-02-25T19:48:52.9562272Z  f1cadbd7abd2 Extracting [==================================================>]     252B/252B
Android Tests (6)	UNKNOWN STEP	2026-02-25T19:48:52.9668108Z  f1cadbd7abd2 Pull complete 
Android Tests (6)	UNKNOWN STEP	2026-02-25T19:48:52.9675590Z  40aaa75af6ce Pull complete 
Android Tests (6)	UNKNOWN STEP	2026-02-25T19:48:52.9680267Z  3ee96ea8e5d2 Extracting [==================================================>]     250B/250B
Android Tests (6)	UNKNOWN STEP	2026-02-25T19:48:52.9683961Z  3ee96ea8e5d2 Extracting [==================================================>]     250B/250B
Android Tests (6)	UNKNOWN STEP	2026-02-25T19:48:52.9694575Z  162bdab1e0a7 Extracting [==================================================>]     128B/128B
Android Tests (6)	UNKNOWN STEP	2026-02-25T19:48:52.9698203Z  162bdab1e0a7 Extracting [==================================================>]     128B/128B
Android Tests (6)	UNKNOWN STEP	2026-02-25T19:48:52.9805978Z  3ee96ea8e5d2 Pull complete 
Android Tests (6)	UNKNOWN STEP	2026-02-25T19:48:52.9809221Z  162bdab1e0a7 Pull complete 
Android Tests (6)	UNKNOWN STEP	2026-02-25T19:48:52.9837867Z  ebff7b0ec73e Extracting [==================================================>]     170B/170B
Android Tests (6)	UNKNOWN STEP	2026-02-25T19:48:52.9838822Z  ebff7b0ec73e Extracting [==================================================>]     170B/170B
Android Tests (6)	UNKNOWN STEP	2026-02-25T19:48:52.9852853Z  a954d256f742 Extracting [>                                                  ]  229.4kB/21.98MB
Android Tests (6)	UNKNOWN STEP	2026-02-25T19:48:52.9941603Z  ebff7b0ec73e Pull complete 
Android Tests (6)	UNKNOWN STEP	2026-02-25T19:48:52.9960515Z  c02179436571 Extracting [==================================================>]   5.84kB/5.84kB
Android Tests (6)	UNKNOWN STEP	2026-02-25T19:48:52.9962086Z  c02179436571 Extracting [==================================================>]   5.84kB/5.84kB
Android Tests (6)	UNKNOWN STEP	2026-02-25T19:48:53.0105596Z  c02179436571 Pull complete 
Android Tests (6)	UNKNOWN STEP	2026-02-25T19:48:53.0119803Z  8243369e9866 Extracting [==================================================>]     186B/186B
Android Tests (6)	UNKNOWN STEP	2026-02-25T19:48:53.0122530Z  8243369e9866 Extracting [==================================================>]     186B/186B
Android Tests (6)	UNKNOWN STEP	2026-02-25T19:48:53.0225830Z  8243369e9866 Pull complete 
Android Tests (6)	UNKNOWN STEP	2026-02-25T19:48:53.0297216Z  postgres Pulled 
Android Tests (6)	UNKNOWN STEP	2026-02-25T19:48:53.0922452Z  a954d256f742 Extracting [=====>                                             ]  2.523MB/21.98MB
Android Tests (6)	UNKNOWN STEP	2026-02-25T19:48:53.1958259Z  a954d256f742 Extracting [====================>                              ]  8.946MB/21.98MB
Android Tests (6)	UNKNOWN STEP	2026-02-25T19:48:53.2967202Z  a954d256f742 Extracting [=======================================>           ]  17.43MB/21.98MB
Android Tests (6)	UNKNOWN STEP	2026-02-25T19:48:53.4029026Z  a954d256f742 Extracting [==================================================>]  21.98MB/21.98MB
Android Tests (6)	UNKNOWN STEP	2026-02-25T19:48:53.4478735Z  a954d256f742 Pull complete 
Android Tests (6)	UNKNOWN STEP	2026-02-25T19:48:53.4490810Z  c7ce85987d6d Extracting [==================================================>]  13.29kB/13.29kB
Android Tests (6)	UNKNOWN STEP	2026-02-25T19:48:53.4494731Z  c7ce85987d6d Extracting [==================================================>]  13.29kB/13.29kB
Android Tests (6)	UNKNOWN STEP	2026-02-25T19:48:53.4714940Z  c7ce85987d6d Pull complete 
Android Tests (6)	UNKNOWN STEP	2026-02-25T19:48:53.4918911Z  7807da78b90b Extracting [>                                                  ]  458.8kB/45.54MB
Android Tests (6)	UNKNOWN STEP	2026-02-25T19:48:53.6254561Z  7807da78b90b Extracting [===>                                               ]  2.753MB/45.54MB
Android Tests (6)	UNKNOWN STEP	2026-02-25T19:48:53.7311211Z  7807da78b90b Extracting [========>                                          ]   7.34MB/45.54MB
Android Tests (6)	UNKNOWN STEP	2026-02-25T19:48:53.8852045Z  7807da78b90b Extracting [==========>                                        ]  9.175MB/45.54MB
Android Tests (6)	UNKNOWN STEP	2026-02-25T19:48:53.9962775Z  7807da78b90b Extracting [================>                                  ]  14.68MB/45.54MB
Android Tests (6)	UNKNOWN STEP	2026-02-25T19:48:54.1990892Z  7807da78b90b Extracting [=====================>                             ]  19.27MB/45.54MB
Android Tests (6)	UNKNOWN STEP	2026-02-25T19:48:54.3487872Z  7807da78b90b Extracting [=======================>                           ]  21.56MB/45.54MB
Android Tests (6)	UNKNOWN STEP	2026-02-25T19:48:54.4956035Z  7807da78b90b Extracting [==============================>                    ]  27.53MB/45.54MB
Android Tests (6)	UNKNOWN STEP	2026-02-25T19:48:54.7535742Z  7807da78b90b Extracting [=================================>                 ]  30.74MB/45.54MB
Android Tests (6)	UNKNOWN STEP	2026-02-25T19:48:54.9160844Z  7807da78b90b Extracting [===================================>               ]  32.11MB/45.54MB
Android Tests (6)	UNKNOWN STEP	2026-02-25T19:48:55.0369358Z  7807da78b90b Extracting [====================================>              ]  33.03MB/45.54MB
Android Tests (6)	UNKNOWN STEP	2026-02-25T19:48:55.1735246Z  7807da78b90b Extracting [=====================================>             ]  34.41MB/45.54MB
Android Tests (6)	UNKNOWN STEP	2026-02-25T19:48:55.3144445Z  7807da78b90b Extracting [======================================>            ]  34.87MB/45.54MB
Android Tests (6)	UNKNOWN STEP	2026-02-25T19:48:55.4238416Z  7807da78b90b Extracting [============================================>      ]  40.83MB/45.54MB
Android Tests (6)	UNKNOWN STEP	2026-02-25T19:48:55.5611628Z  7807da78b90b Extracting [==============================================>    ]  42.21MB/45.54MB
Android Tests (6)	UNKNOWN STEP	2026-02-25T19:48:55.6977182Z  7807da78b90b Extracting [===============================================>   ]  43.58MB/45.54MB
Android Tests (6)	UNKNOWN STEP	2026-02-25T19:48:55.8000434Z  7807da78b90b Extracting [=================================================> ]  44.96MB/45.54MB
Android Tests (6)	UNKNOWN STEP	2026-02-25T19:48:55.8147594Z  7807da78b90b Extracting [==================================================>]  45.54MB/45.54MB
Android Tests (6)	UNKNOWN STEP	2026-02-25T19:48:56.0500465Z  7807da78b90b Pull complete 
Android Tests (6)	UNKNOWN STEP	2026-02-25T19:48:56.0510826Z  0478cd5c1079 Extracting [==================================================>]  3.507kB/3.507kB
Android Tests (6)	UNKNOWN STEP	2026-02-25T19:48:56.0515689Z  0478cd5c1079 Extracting [==================================================>]  3.507kB/3.507kB
Android Tests (6)	UNKNOWN STEP	2026-02-25T19:48:56.0590045Z  0478cd5c1079 Pull complete 
Android Tests (6)	UNKNOWN STEP	2026-02-25T19:48:56.0600089Z  3a02ac06be95 Extracting [==================================================>]  3.462kB/3.462kB
Android Tests (6)	UNKNOWN STEP	2026-02-25T19:48:56.0604351Z  3a02ac06be95 Extracting [==================================================>]  3.462kB/3.462kB
Android Tests (6)	UNKNOWN STEP	2026-02-25T19:48:56.0730904Z  3a02ac06be95 Pull complete 
Android Tests (6)	UNKNOWN STEP	2026-02-25T19:48:56.0797025Z  matrix-synapse Pulled 
Android Tests (6)	UNKNOWN STEP	2026-02-25T19:48:56.0818016Z  Network substitution_substitution_network  Creating
Android Tests (6)	UNKNOWN STEP	2026-02-25T19:48:56.1209117Z  Network substitution_substitution_network  Created
Android Tests (6)	UNKNOWN STEP	2026-02-25T19:48:56.1214415Z  Container substitution-dex-1  Creating
Android Tests (6)	UNKNOWN STEP	2026-02-25T19:48:56.1215363Z  Container substitution-postgres-1  Creating
Android Tests (6)	UNKNOWN STEP	2026-02-25T19:48:56.1216340Z  Container substitution-redis-1  Creating
Android Tests (6)	UNKNOWN STEP	2026-02-25T19:48:56.1451493Z  Container substitution-dex-1  Created
Android Tests (6)	UNKNOWN STEP	2026-02-25T19:48:56.1460092Z  Container substitution-redis-1  Created
Android Tests (6)	UNKNOWN STEP	2026-02-25T19:48:56.1463961Z  Container substitution-postgres-1  Created
Android Tests (6)	UNKNOWN STEP	2026-02-25T19:48:56.1464583Z  Container substitution-matrix-synapse-1  Creating
Android Tests (6)	UNKNOWN STEP	2026-02-25T19:48:56.1584108Z  Container substitution-matrix-synapse-1  Created
Android Tests (6)	UNKNOWN STEP	2026-02-25T19:48:56.1596618Z  Container substitution-redis-1  Starting
Android Tests (6)	UNKNOWN STEP	2026-02-25T19:48:56.1597589Z  Container substitution-postgres-1  Starting
Android Tests (6)	UNKNOWN STEP	2026-02-25T19:48:56.1598145Z  Container substitution-dex-1  Starting
Android Tests (6)	UNKNOWN STEP	2026-02-25T19:48:56.5041334Z  Container substitution-dex-1  Started
Android Tests (6)	UNKNOWN STEP	2026-02-25T19:48:56.5171993Z  Container substitution-redis-1  Started
Android Tests (6)	UNKNOWN STEP	2026-02-25T19:48:56.5303623Z  Container substitution-postgres-1  Started
Android Tests (6)	UNKNOWN STEP	2026-02-25T19:48:56.5306089Z  Container substitution-postgres-1  Waiting
Android Tests (6)	UNKNOWN STEP	2026-02-25T19:48:56.5307090Z  Container substitution-dex-1  Waiting
Android Tests (6)	UNKNOWN STEP	2026-02-25T19:49:02.0329694Z  Container substitution-dex-1  Healthy
Android Tests (6)	UNKNOWN STEP	2026-02-25T19:49:07.0321622Z  Container substitution-postgres-1  Healthy
Android Tests (6)	UNKNOWN STEP	2026-02-25T19:49:07.0322533Z  Container substitution-matrix-synapse-1  Starting
Android Tests (6)	UNKNOWN STEP	2026-02-25T19:49:07.1794047Z  Container substitution-matrix-synapse-1  Started
Android Tests (6)	UNKNOWN STEP	2026-02-25T19:49:17.2535299Z time="2026-02-25T19:49:17Z" level=warning msg="/home/runner/work/substitution/substitution/docker-compose.yml: the attribute `version` is obsolete, it will be ignored, please remove it to avoid potential confusion"
Android Tests (6)	UNKNOWN STEP	2026-02-25T19:49:17.2613670Z  Container substitution-postgres-1  Running
Android Tests (6)	UNKNOWN STEP	2026-02-25T19:49:17.2614305Z  Container substitution-dex-1  Running
Android Tests (6)	UNKNOWN STEP	2026-02-25T19:49:17.2615158Z  Container substitution-matrix-synapse-1  Running
Android Tests (6)	UNKNOWN STEP	2026-02-25T19:49:17.2628362Z  Container substitution-dex-1  Waiting
Android Tests (6)	UNKNOWN STEP	2026-02-25T19:49:17.2628790Z  Container substitution-postgres-1  Waiting
Android Tests (6)	UNKNOWN STEP	2026-02-25T19:49:17.7651360Z  Container substitution-dex-1  Healthy
Android Tests (6)	UNKNOWN STEP	2026-02-25T19:49:17.7652086Z  Container substitution-postgres-1  Healthy
Android Tests (6)	UNKNOWN STEP	2026-02-25T19:49:17.7667308Z  matrix-init Pulling 
Android Tests (6)	UNKNOWN STEP	2026-02-25T19:49:18.7454265Z  589002ba0eae Already exists 
Android Tests (6)	UNKNOWN STEP	2026-02-25T19:49:18.7466515Z  aca07fe076f1 Pulling fs layer 
Android Tests (6)	UNKNOWN STEP	2026-02-25T19:49:18.7467411Z  6dafe251d313 Pulling fs layer 
Android Tests (6)	UNKNOWN STEP	2026-02-25T19:49:18.7467863Z  fa340e77c336 Pulling fs layer 
Android Tests (6)	UNKNOWN STEP	2026-02-25T19:49:19.0062756Z  aca07fe076f1 Downloading [>                                                  ]  4.824kB/460.9kB
Android Tests (6)	UNKNOWN STEP	2026-02-25T19:49:19.0102879Z  fa340e77c336 Downloading [==================================================>]     247B/247B
Android Tests (6)	UNKNOWN STEP	2026-02-25T19:49:19.0103770Z  fa340e77c336 Download complete 
Android Tests (6)	UNKNOWN STEP	2026-02-25T19:49:19.0438351Z  6dafe251d313 Downloading [>                                                  ]    163kB/16.02MB
Android Tests (6)	UNKNOWN STEP	2026-02-25T19:49:19.0639474Z  aca07fe076f1 Downloading [==================================================>]  460.9kB/460.9kB
Android Tests (6)	UNKNOWN STEP	2026-02-25T19:49:19.0640476Z  aca07fe076f1 Verifying Checksum 
Android Tests (6)	UNKNOWN STEP	2026-02-25T19:49:19.0641057Z  aca07fe076f1 Download complete 
Android Tests (6)	UNKNOWN STEP	2026-02-25T19:49:19.0641660Z  aca07fe076f1 Extracting [===>                                               ]  32.77kB/460.9kB
Android Tests (6)	UNKNOWN STEP	2026-02-25T19:49:19.1440869Z  6dafe251d313 Downloading [=====================>                             ]  6.759MB/16.02MB
Android Tests (6)	UNKNOWN STEP	2026-02-25T19:49:19.1848027Z  6dafe251d313 Downloading [==================================================>]  16.02MB/16.02MB
Android Tests (6)	UNKNOWN STEP	2026-02-25T19:49:19.1848804Z  6dafe251d313 Download complete 
Android Tests (6)	UNKNOWN STEP	2026-02-25T19:49:19.1919961Z  aca07fe076f1 Extracting [==================================================>]  460.9kB/460.9kB
Android Tests (6)	UNKNOWN STEP	2026-02-25T19:49:19.3421805Z  aca07fe076f1 Pull complete 
Android Tests (6)	UNKNOWN STEP	2026-02-25T19:49:19.3444846Z  6dafe251d313 Extracting [>                                                  ]  163.8kB/16.02MB
Android Tests (6)	UNKNOWN STEP	2026-02-25T19:49:19.4544760Z  6dafe251d313 Extracting [=========>                                         ]  2.949MB/16.02MB
Android Tests (6)	UNKNOWN STEP	2026-02-25T19:49:19.5570501Z  6dafe251d313 Extracting [=================>                                 ]  5.734MB/16.02MB
Android Tests (6)	UNKNOWN STEP	2026-02-25T19:49:19.6616260Z  6dafe251d313 Extracting [=================================>                 ]  10.81MB/16.02MB
Android Tests (6)	UNKNOWN STEP	2026-02-25T19:49:19.7810194Z  6dafe251d313 Extracting [========================================>          ]  12.94MB/16.02MB
Android Tests (6)	UNKNOWN STEP	2026-02-25T19:49:19.8813515Z  6dafe251d313 Extracting [=============================================>     ]  14.42MB/16.02MB
Android Tests (6)	UNKNOWN STEP	2026-02-25T19:49:19.9896182Z  6dafe251d313 Extracting [===============================================>   ]  15.24MB/16.02MB
Android Tests (6)	UNKNOWN STEP	2026-02-25T19:49:20.0570390Z  6dafe251d313 Extracting [==================================================>]  16.02MB/16.02MB
Android Tests (6)	UNKNOWN STEP	2026-02-25T19:49:20.1315602Z  6dafe251d313 Pull complete 
Android Tests (6)	UNKNOWN STEP	2026-02-25T19:49:20.1328659Z  fa340e77c336 Extracting [==================================================>]     247B/247B
Android Tests (6)	UNKNOWN STEP	2026-02-25T19:49:20.1334059Z  fa340e77c336 Extracting [==================================================>]     247B/247B
Android Tests (6)	UNKNOWN STEP	2026-02-25T19:49:20.1437656Z  fa340e77c336 Pull complete 
Android Tests (6)	UNKNOWN STEP	2026-02-25T19:49:20.1498541Z  matrix-init Pulled 
Android Tests (6)	UNKNOWN STEP	2026-02-25T19:49:22.9535749Z Collecting requests
Android Tests (6)	UNKNOWN STEP	2026-02-25T19:49:23.0064463Z   Downloading requests-2.32.5-py3-none-any.whl.metadata (4.9 kB)
Android Tests (6)	UNKNOWN STEP	2026-02-25T19:49:23.1453274Z Collecting charset_normalizer<4,>=2 (from requests)
Android Tests (6)	UNKNOWN STEP	2026-02-25T19:49:23.1592657Z   Downloading charset_normalizer-3.4.4-cp311-cp311-musllinux_1_2_x86_64.whl.metadata (37 kB)
Android Tests (6)	UNKNOWN STEP	2026-02-25T19:49:23.2012124Z Collecting idna<4,>=2.5 (from requests)
Android Tests (6)	UNKNOWN STEP	2026-02-25T19:49:23.2142738Z   Downloading idna-3.11-py3-none-any.whl.metadata (8.4 kB)
Android Tests (6)	UNKNOWN STEP	2026-02-25T19:49:23.2761381Z Collecting urllib3<3,>=1.21.1 (from requests)
Android Tests (6)	UNKNOWN STEP	2026-02-25T19:49:23.2894067Z   Downloading urllib3-2.6.3-py3-none-any.whl.metadata (6.9 kB)
Android Tests (6)	UNKNOWN STEP	2026-02-25T19:49:23.3283053Z Collecting certifi>=2017.4.17 (from requests)
Android Tests (6)	UNKNOWN STEP	2026-02-25T19:49:23.3412312Z   Downloading certifi-2026.2.25-py3-none-any.whl.metadata (2.5 kB)
Android Tests (6)	UNKNOWN STEP	2026-02-25T19:49:23.3711323Z Downloading requests-2.32.5-py3-none-any.whl (64 kB)
Android Tests (6)	UNKNOWN STEP	2026-02-25T19:49:23.3783573Z    ━━━━━━━━━━━━━━━━━━━━━━━━━━━━━━━━━━━━━━━━ 64.7/64.7 kB 13.2 MB/s eta 0:00:00
Android Tests (6)	UNKNOWN STEP	2026-02-25T19:49:23.3914469Z Downloading certifi-2026.2.25-py3-none-any.whl (153 kB)
Android Tests (6)	UNKNOWN STEP	2026-02-25T19:49:23.4057564Z    ━━━━━━━━━━━━━━━━━━━━━━━━━━━━━━━━━━━━━━━━ 153.7/153.7 kB 12.0 MB/s eta 0:00:00
Android Tests (6)	UNKNOWN STEP	2026-02-25T19:49:23.4200844Z Downloading charset_normalizer-3.4.4-cp311-cp311-musllinux_1_2_x86_64.whl (152 kB)
Android Tests (6)	UNKNOWN STEP	2026-02-25T19:49:23.4256510Z    ━━━━━━━━━━━━━━━━━━━━━━━━━━━━━━━━━━━━━━━━ 153.0/153.0 kB 40.1 MB/s eta 0:00:00
Android Tests (6)	UNKNOWN STEP	2026-02-25T19:49:23.4387401Z Downloading idna-3.11-py3-none-any.whl (71 kB)
Android Tests (6)	UNKNOWN STEP	2026-02-25T19:49:23.4437368Z    ━━━━━━━━━━━━━━━━━━━━━━━━━━━━━━━━━━━━━━━━ 71.0/71.0 kB 22.1 MB/s eta 0:00:00
Android Tests (6)	UNKNOWN STEP	2026-02-25T19:49:23.4566376Z Downloading urllib3-2.6.3-py3-none-any.whl (131 kB)
Android Tests (6)	UNKNOWN STEP	2026-02-25T19:49:23.4618638Z    ━━━━━━━━━━━━━━━━━━━━━━━━━━━━━━━━━━━━━━━━ 131.6/131.6 kB 39.3 MB/s eta 0:00:00
Android Tests (6)	UNKNOWN STEP	2026-02-25T19:49:23.5322962Z Installing collected packages: urllib3, idna, charset_normalizer, certifi, requests
Android Tests (6)	UNKNOWN STEP	2026-02-25T19:49:23.8653791Z Successfully installed certifi-2026.2.25 charset_normalizer-3.4.4 idna-3.11 requests-2.32.5 urllib3-2.6.3
Android Tests (6)	UNKNOWN STEP	2026-02-25T19:49:23.8657549Z WARNING: Running pip as the 'root' user can result in broken permissions and conflicting behaviour with the system package manager. It is recommended to use a virtual environment instead: https://pip.pypa.io/warnings/venv
Android Tests (6)	UNKNOWN STEP	2026-02-25T19:49:23.9813707Z 
Android Tests (6)	UNKNOWN STEP	2026-02-25T19:49:23.9814313Z [notice] A new release of pip is available: 24.0 -> 26.0.1
Android Tests (6)	UNKNOWN STEP	2026-02-25T19:49:23.9814958Z [notice] To update, run: pip install --upgrade pip
Android Tests (6)	UNKNOWN STEP	2026-02-25T19:49:31.0363254Z Initializing Matrix Synapse test server...
Android Tests (6)	UNKNOWN STEP	2026-02-25T19:49:31.0363659Z 
Android Tests (6)	UNKNOWN STEP	2026-02-25T19:49:31.0364094Z ✓ Synapse server is ready
Android Tests (6)	UNKNOWN STEP	2026-02-25T19:49:31.0364361Z 
Android Tests (6)	UNKNOWN STEP	2026-02-25T19:49:31.0364508Z Creating test users...
Android Tests (6)	UNKNOWN STEP	2026-02-25T19:49:31.0364969Z ✓ Created user: testuser1
Android Tests (6)	UNKNOWN STEP	2026-02-25T19:49:31.0365409Z ✓ Created user: testuser2
Android Tests (6)	UNKNOWN STEP	2026-02-25T19:49:31.0365894Z ✓ Created admin user: testadmin
Android Tests (6)	UNKNOWN STEP	2026-02-25T19:49:31.0366171Z 
Android Tests (6)	UNKNOWN STEP	2026-02-25T19:49:31.0366386Z Creating test rooms and populating with data...
Android Tests (6)	UNKNOWN STEP	2026-02-25T19:49:31.0367666Z ✓ Logged in user: @testadmin:test.matrix.local
Android Tests (6)	UNKNOWN STEP	2026-02-25T19:49:31.0368052Z ✓ Admin token acquired
Android Tests (6)	UNKNOWN STEP	2026-02-25T19:49:31.0368355Z ✓ Logged in user: @testuser1:test.matrix.local
Android Tests (6)	UNKNOWN STEP	2026-02-25T19:49:31.0368809Z ✓ Created room: test_general (!IYJzZvyOPgzeLecoJL:test.matrix.local)
Android Tests (6)	UNKNOWN STEP	2026-02-25T19:49:31.0369437Z ✓ Logged in user: @testuser2:test.matrix.local
Android Tests (6)	UNKNOWN STEP	2026-02-25T19:49:31.0369763Z   ✓ User testuser2 joined room
Android Tests (6)	UNKNOWN STEP	2026-02-25T19:49:31.0370084Z ✓ Logged in user: @testadmin:test.matrix.local
Android Tests (6)	UNKNOWN STEP	2026-02-25T19:49:31.0370404Z   ✓ User testadmin joined room
Android Tests (6)	UNKNOWN STEP	2026-02-25T19:49:31.0370673Z   ✓ Published room to directory
Android Tests (6)	UNKNOWN STEP	2026-02-25T19:49:31.0370949Z   ✓ Posted 5 messages to room
Android Tests (6)	UNKNOWN STEP	2026-02-25T19:49:31.0371214Z   Seeding media messages (image, video, audio)...
Android Tests (6)	UNKNOWN STEP	2026-02-25T19:49:31.0371752Z   ✓ Uploaded media 'test_image.png': mxc://test.matrix.local/OVXlvmpErkBypRyEesgQJYAb
Android Tests (6)	UNKNOWN STEP	2026-02-25T19:49:31.0372232Z   ✓ Posted m.image message to room
Android Tests (6)	UNKNOWN STEP	2026-02-25T19:49:31.0372711Z   ✓ Uploaded media 'test_video.mp4': mxc://test.matrix.local/ekGczQONMZCemGMHxETmcnwC
Android Tests (6)	UNKNOWN STEP	2026-02-25T19:49:31.0373189Z   ✓ Posted m.video message to room
Android Tests (6)	UNKNOWN STEP	2026-02-25T19:49:31.0373640Z   ✓ Uploaded media 'test_audio.mp3': mxc://test.matrix.local/pzNvygekRAOAYVPQAKQzkXHN
Android Tests (6)	UNKNOWN STEP	2026-02-25T19:49:31.0374084Z   ✓ Posted m.audio message to room
Android Tests (6)	UNKNOWN STEP	2026-02-25T19:49:31.0374476Z ✓ Created room: test_photos (!mNssixUEZrfPjnCvFR:test.matrix.local)
Android Tests (6)	UNKNOWN STEP	2026-02-25T19:49:31.0374909Z ✓ Logged in user: @testuser2:test.matrix.local
Android Tests (6)	UNKNOWN STEP	2026-02-25T19:49:31.0375223Z   ✓ User testuser2 joined room
Android Tests (6)	UNKNOWN STEP	2026-02-25T19:49:31.0375548Z ✓ Logged in user: @testadmin:test.matrix.local
Android Tests (6)	UNKNOWN STEP	2026-02-25T19:49:31.0375852Z   ✓ User testadmin joined room
Android Tests (6)	UNKNOWN STEP	2026-02-25T19:49:31.0376115Z   ✓ Published room to directory
Android Tests (6)	UNKNOWN STEP	2026-02-25T19:49:31.0376380Z   ✓ Posted 3 messages to room
Android Tests (6)	UNKNOWN STEP	2026-02-25T19:49:31.0376644Z   Seeding media messages (image, video, audio)...
Android Tests (6)	UNKNOWN STEP	2026-02-25T19:49:31.0377410Z   ✓ Uploaded media 'test_image.png': mxc://test.matrix.local/zXIVnBoFOBdSMbfFncnHNkOI
Android Tests (6)	UNKNOWN STEP	2026-02-25T19:49:31.0377880Z   ✓ Posted m.image message to room
Android Tests (6)	UNKNOWN STEP	2026-02-25T19:49:31.0378341Z   ✓ Uploaded media 'test_video.mp4': mxc://test.matrix.local/wbztDzRUwGieIETZvUXdmwRA
Android Tests (6)	UNKNOWN STEP	2026-02-25T19:49:31.0378793Z   ✓ Posted m.video message to room
Android Tests (6)	UNKNOWN STEP	2026-02-25T19:49:31.0379237Z   ✓ Uploaded media 'test_audio.mp3': mxc://test.matrix.local/WyZQegdFYEHyzcfDYZNnmQpv
Android Tests (6)	UNKNOWN STEP	2026-02-25T19:49:31.0379687Z   ✓ Posted m.audio message to room
Android Tests (6)	UNKNOWN STEP	2026-02-25T19:49:31.0380064Z ✓ Created room: test_art (!iMdwaDdvnWIxayYkoT:test.matrix.local)
Android Tests (6)	UNKNOWN STEP	2026-02-25T19:49:31.0380494Z ✓ Logged in user: @testuser2:test.matrix.local
Android Tests (6)	UNKNOWN STEP	2026-02-25T19:49:31.0380831Z   ✓ User testuser2 joined room
Android Tests (6)	UNKNOWN STEP	2026-02-25T19:49:31.0381135Z ✓ Logged in user: @testadmin:test.matrix.local
Android Tests (6)	UNKNOWN STEP	2026-02-25T19:49:31.0381448Z   ✓ User testadmin joined room
Android Tests (6)	UNKNOWN STEP	2026-02-25T19:49:31.0381715Z   ✓ Published room to directory
Android Tests (6)	UNKNOWN STEP	2026-02-25T19:49:31.0382136Z ✓ Uploaded dummy avatar: mxc://test.matrix.local/yzVDawYbSOZsyMpARePHnWBc
Android Tests (6)	UNKNOWN STEP	2026-02-25T19:49:31.0382679Z   ✓ Set room avatar to mxc://test.matrix.local/yzVDawYbSOZsyMpARePHnWBc
Android Tests (6)	UNKNOWN STEP	2026-02-25T19:49:31.0383219Z ✓ Created room: test_invite_only (!tTMUeBLLJWdcynmEMc:test.matrix.local)
Android Tests (6)	UNKNOWN STEP	2026-02-25T19:49:31.0383671Z   ℹ Skipping user invites for room (discovery test)
Android Tests (6)	UNKNOWN STEP	2026-02-25T19:49:31.0384002Z   ✓ Published room to directory
Android Tests (6)	UNKNOWN STEP	2026-02-25T19:49:31.0384271Z   ✓ Posted 2 messages to room
Android Tests (6)	UNKNOWN STEP	2026-02-25T19:49:31.0384662Z ✓ Created room: test_avatar (!PqaoqubENSmPirKoAO:test.matrix.local)
Android Tests (6)	UNKNOWN STEP	2026-02-25T19:49:31.0385080Z ✓ Logged in user: @testuser2:test.matrix.local
Android Tests (6)	UNKNOWN STEP	2026-02-25T19:49:31.0385397Z   ✓ User testuser2 joined room
Android Tests (6)	UNKNOWN STEP	2026-02-25T19:49:31.0385694Z ✓ Logged in user: @testadmin:test.matrix.local
Android Tests (6)	UNKNOWN STEP	2026-02-25T19:49:31.0386003Z   ✓ User testadmin joined room
Android Tests (6)	UNKNOWN STEP	2026-02-25T19:49:31.0386265Z   ✓ Published room to directory
Android Tests (6)	UNKNOWN STEP	2026-02-25T19:49:31.0386665Z ✓ Uploaded dummy avatar: mxc://test.matrix.local/WIONoPjygDmSFvZvJNssThjh
Android Tests (6)	UNKNOWN STEP	2026-02-25T19:49:31.0387417Z   ✓ Set room avatar to mxc://test.matrix.local/WIONoPjygDmSFvZvJNssThjh
Android Tests (6)	UNKNOWN STEP	2026-02-25T19:49:31.0387701Z 
Android Tests (6)	UNKNOWN STEP	2026-02-25T19:49:31.0387804Z ============================================================
Android Tests (6)	UNKNOWN STEP	2026-02-25T19:49:31.0388335Z ✅ Matrix test server initialized successfully!
Android Tests (6)	UNKNOWN STEP	2026-02-25T19:49:31.0388643Z ============================================================
Android Tests (6)	UNKNOWN STEP	2026-02-25T19:49:31.0388846Z 
Android Tests (6)	UNKNOWN STEP	2026-02-25T19:49:31.0388955Z 📝 Test Users:
Android Tests (6)	UNKNOWN STEP	2026-02-25T19:49:31.0390053Z   testuser1
Android Tests (6)	UNKNOWN STEP	2026-02-25T19:49:31.0390256Z     ID: @testuser1:test.matrix.local
Android Tests (6)	UNKNOWN STEP	2026-02-25T19:49:31.0390535Z     Password: testpass123
Android Tests (6)	UNKNOWN STEP	2026-02-25T19:49:31.0390821Z   testuser2
Android Tests (6)	UNKNOWN STEP	2026-02-25T19:49:31.0391033Z     ID: @testuser2:test.matrix.local
Android Tests (6)	UNKNOWN STEP	2026-02-25T19:49:31.0391295Z     Password: testpass123
Android Tests (6)	UNKNOWN STEP	2026-02-25T19:49:31.0391502Z   testadmin
Android Tests (6)	UNKNOWN STEP	2026-02-25T19:49:31.0391685Z     ID: @testadmin:test.matrix.local
Android Tests (6)	UNKNOWN STEP	2026-02-25T19:49:31.0391934Z     Password: testpass123
Android Tests (6)	UNKNOWN STEP	2026-02-25T19:49:31.0392067Z 
Android Tests (6)	UNKNOWN STEP	2026-02-25T19:49:31.0392200Z 🏠 Test Rooms:
Android Tests (6)	UNKNOWN STEP	2026-02-25T19:49:31.0392390Z   test_general (with messages)
Android Tests (6)	UNKNOWN STEP	2026-02-25T19:49:31.0392657Z     ID: !IYJzZvyOPgzeLecoJL:test.matrix.local
Android Tests (6)	UNKNOWN STEP	2026-02-25T19:49:31.0392943Z   test_photos (with messages)
Android Tests (6)	UNKNOWN STEP	2026-02-25T19:49:31.0393198Z     ID: !mNssixUEZrfPjnCvFR:test.matrix.local
Android Tests (6)	UNKNOWN STEP	2026-02-25T19:49:31.0393477Z   test_art (empty)
Android Tests (6)	UNKNOWN STEP	2026-02-25T19:49:31.0393693Z     ID: !iMdwaDdvnWIxayYkoT:test.matrix.local
Android Tests (6)	UNKNOWN STEP	2026-02-25T19:49:31.0393963Z   test_invite_only (with messages)
Android Tests (6)	UNKNOWN STEP	2026-02-25T19:49:31.0394777Z     ID: !tTMUeBLLJWdcynmEMc:test.matrix.local
Android Tests (6)	UNKNOWN STEP	2026-02-25T19:49:31.0395072Z   test_avatar (empty)
Android Tests (6)	UNKNOWN STEP	2026-02-25T19:49:31.0395303Z     ID: !PqaoqubENSmPirKoAO:test.matrix.local
Android Tests (6)	UNKNOWN STEP	2026-02-25T19:49:31.0395496Z 
Android Tests (6)	UNKNOWN STEP	2026-02-25T19:49:31.0395659Z 🔑 Test Credentials for Integration Tests:
Android Tests (6)	UNKNOWN STEP	2026-02-25T19:49:31.0395954Z   Server:    http://matrix-synapse:8008
Android Tests (6)	UNKNOWN STEP	2026-02-25T19:49:31.0396222Z   Test User: testuser1
Android Tests (6)	UNKNOWN STEP	2026-02-25T19:49:31.0396426Z   Password:  testpass123
Android Tests (6)	UNKNOWN STEP	2026-02-25T19:49:31.0396570Z 
Android Tests (6)	UNKNOWN STEP	2026-02-25T19:49:31.0396640Z Room Status:
Android Tests (6)	UNKNOWN STEP	2026-02-25T19:49:31.0397348Z   test_general - 5 text + image/video/audio messages (for testing message lists and media rendering)
Android Tests (6)	UNKNOWN STEP	2026-02-25T19:49:31.0397964Z   test_photos  - 3 text + image/video/audio messages (for testing photo/media content)
Android Tests (6)	UNKNOWN STEP	2026-02-25T19:49:31.0398421Z   test_art     - 0 messages (for testing empty rooms)
Android Tests (6)	UNKNOWN STEP	2026-02-25T19:49:31.0398805Z ✓ Logged in user: @testuser1:test.matrix.local
Android Tests (6)	UNKNOWN STEP	2026-02-25T19:49:31.0399017Z 
Android Tests (6)	UNKNOWN STEP	2026-02-25T19:49:31.0399161Z   📋 Public room directory has 5 room(s):
Android Tests (6)	UNKNOWN STEP	2026-02-25T19:49:31.0399493Z     - test_photos (!mNssixUEZrfPjnCvFR:test.matrix.local)
Android Tests (6)	UNKNOWN STEP	2026-02-25T19:49:31.0399911Z     - test_art (!iMdwaDdvnWIxayYkoT:test.matrix.local)
Android Tests (6)	UNKNOWN STEP	2026-02-25T19:49:31.0400289Z     - test_avatar (!PqaoqubENSmPirKoAO:test.matrix.local)
Android Tests (6)	UNKNOWN STEP	2026-02-25T19:49:31.0400649Z     - test_general (!IYJzZvyOPgzeLecoJL:test.matrix.local)
Android Tests (6)	UNKNOWN STEP	2026-02-25T19:49:31.0401023Z     - test_invite_only (!tTMUeBLLJWdcynmEMc:test.matrix.local)
Android Tests (6)	UNKNOWN STEP	2026-02-25T19:49:31.0401277Z 
Android Tests (6)	UNKNOWN STEP	2026-02-25T19:49:31.2002773Z ##[group]Run reactivecircus/android-emulator-runner@v2
Android Tests (6)	UNKNOWN STEP	2026-02-25T19:49:31.2003120Z with:
Android Tests (6)	UNKNOWN STEP	2026-02-25T19:49:31.2003301Z   api-level: 29
Android Tests (6)	UNKNOWN STEP	2026-02-25T19:49:31.2003491Z   target: default
Android Tests (6)	UNKNOWN STEP	2026-02-25T19:49:31.2003670Z   arch: x86_64
Android Tests (6)	UNKNOWN STEP	2026-02-25T19:49:31.2003853Z   profile: pixel_4
Android Tests (6)	UNKNOWN STEP	2026-02-25T19:49:31.2004046Z   ram-size: 2048M
Android Tests (6)	UNKNOWN STEP	2026-02-25T19:49:31.2004238Z   heap-size: 512M
Android Tests (6)	UNKNOWN STEP	2026-02-25T19:49:31.2004577Z   emulator-options: -no-window -no-audio -no-boot-anim -gpu swiftshader_indirect
Android Tests (6)	UNKNOWN STEP	2026-02-25T19:49:31.2005006Z   emulator-boot-timeout: 900
Android Tests (6)	UNKNOWN STEP	2026-02-25T19:49:31.2005264Z   disable-animations: true
Android Tests (6)	UNKNOWN STEP	2026-02-25T19:49:31.2005601Z   script: ./scripts/test.sh android --no-docker --shard 6 --total-shards 7
Android Tests (6)	UNKNOWN STEP	2026-02-25T19:49:31.2005960Z   cores: 2
Android Tests (6)	UNKNOWN STEP	2026-02-25T19:49:31.2006136Z   avd-name: test
Android Tests (6)	UNKNOWN STEP	2026-02-25T19:49:31.2006332Z   force-avd-creation: true
Android Tests (6)	UNKNOWN STEP	2026-02-25T19:49:31.2006559Z   emulator-port: 5554
Android Tests (6)	UNKNOWN STEP	2026-02-25T19:49:31.2006770Z   disable-spellchecker: false
Android Tests (6)	UNKNOWN STEP	2026-02-25T19:49:31.2007268Z   disable-linux-hw-accel: auto
Android Tests (6)	UNKNOWN STEP	2026-02-25T19:49:31.2007512Z   enable-hw-keyboard: false
Android Tests (6)	UNKNOWN STEP	2026-02-25T19:49:31.2007732Z   channel: stable
Android Tests (6)	UNKNOWN STEP	2026-02-25T19:49:31.2007917Z env:
Android Tests (6)	UNKNOWN STEP	2026-02-25T19:49:31.2008084Z   CACHE_VERSION: v1
Android Tests (6)	UNKNOWN STEP	2026-02-25T19:49:31.2008395Z   JAVA_HOME: /opt/hostedtoolcache/Java_Temurin-Hotspot_jdk/17.0.18-8/x64
Android Tests (6)	UNKNOWN STEP	2026-02-25T19:49:31.2008897Z   JAVA_HOME_17_X64: /opt/hostedtoolcache/Java_Temurin-Hotspot_jdk/17.0.18-8/x64
Android Tests (6)	UNKNOWN STEP	2026-02-25T19:49:31.2009364Z   FLUTTER_ROOT: /opt/hostedtoolcache/flutter/stable-3.41.2-x64
Android Tests (6)	UNKNOWN STEP	2026-02-25T19:49:31.2009698Z   PUB_CACHE: /home/runner/.pub-cache
Android Tests (6)	UNKNOWN STEP	2026-02-25T19:49:31.2010180Z   MATRIX_SERVER: http://localhost:8008
Android Tests (6)	UNKNOWN STEP	2026-02-25T19:49:31.2010447Z   MATRIX_TEST_USER: testuser1
Android Tests (6)	UNKNOWN STEP	2026-02-25T19:49:31.2010690Z   MATRIX_TEST_PASSWORD: testpass123
Android Tests (6)	UNKNOWN STEP	2026-02-25T19:49:31.2010931Z ##[endgroup]
Android Tests (6)	UNKNOWN STEP	2026-02-25T19:49:31.2623565Z ##[group]Configure emulator
Android Tests (6)	UNKNOWN STEP	2026-02-25T19:49:31.2629940Z You're running a Linux VM where hardware acceleration is not available. Please consider using a macOS VM instead to take advantage of native hardware acceleration support provided by HAXM.
Android Tests (6)	UNKNOWN STEP	2026-02-25T19:49:31.2631403Z API level: 29
Android Tests (6)	UNKNOWN STEP	2026-02-25T19:49:31.2631775Z System image API level: 29
Android Tests (6)	UNKNOWN STEP	2026-02-25T19:49:31.2632186Z target: default
Android Tests (6)	UNKNOWN STEP	2026-02-25T19:49:31.2632553Z CPU architecture: x86_64
Android Tests (6)	UNKNOWN STEP	2026-02-25T19:49:31.2632967Z Hardware profile: pixel_4
Android Tests (6)	UNKNOWN STEP	2026-02-25T19:49:31.2633362Z Cores: 2
Android Tests (6)	UNKNOWN STEP	2026-02-25T19:49:31.2633663Z RAM size: 2048M
Android Tests (6)	UNKNOWN STEP	2026-02-25T19:49:31.2634013Z Heap size: 512M
Android Tests (6)	UNKNOWN STEP	2026-02-25T19:49:31.2634367Z SD card path or size: 
Android Tests (6)	UNKNOWN STEP	2026-02-25T19:49:31.2635745Z Disk size: 
Android Tests (6)	UNKNOWN STEP	2026-02-25T19:49:31.2636333Z AVD name: test
Android Tests (6)	UNKNOWN STEP	2026-02-25T19:49:31.2637621Z force avd creation: true
Android Tests (6)	UNKNOWN STEP	2026-02-25T19:49:31.2639303Z Emulator boot timeout: 900
Android Tests (6)	UNKNOWN STEP	2026-02-25T19:49:31.2640927Z emulator port: 5554
Android Tests (6)	UNKNOWN STEP	2026-02-25T19:49:31.2641610Z emulator options: -no-window -no-audio -no-boot-anim -gpu swiftshader_indirect
Android Tests (6)	UNKNOWN STEP	2026-02-25T19:49:31.2642822Z disable animations: true
Android Tests (6)	UNKNOWN STEP	2026-02-25T19:49:31.2643258Z disable spellchecker: false
Android Tests (6)	UNKNOWN STEP	2026-02-25T19:49:31.2644431Z disable Linux hardware acceleration: true
Android Tests (6)	UNKNOWN STEP	2026-02-25T19:49:31.2645965Z enable hardware keyboard: false
Android Tests (6)	UNKNOWN STEP	2026-02-25T19:49:31.2647869Z Channel: 0 (stable)
Android Tests (6)	UNKNOWN STEP	2026-02-25T19:49:31.2649525Z Script:
Android Tests (6)	UNKNOWN STEP	2026-02-25T19:49:31.2650056Z ./scripts/test.sh android --no-docker --shard 6 --total-shards 7
Android Tests (6)	UNKNOWN STEP	2026-02-25T19:49:31.2651269Z Pre emulator launch script:
Android Tests (6)	UNKNOWN STEP	2026-02-25T19:49:31.2651956Z ##[endgroup]
Android Tests (6)	UNKNOWN STEP	2026-02-25T19:49:31.2653605Z ##[group]Install Android SDK
Android Tests (6)	UNKNOWN STEP	2026-02-25T19:49:31.2792596Z [command]/usr/bin/sh -c \yes | sdkmanager --licenses > /dev/null
Android Tests (6)	UNKNOWN STEP	2026-02-25T19:49:47.3267426Z Installing latest build tools, platform tools, and platform.
Android Tests (6)	UNKNOWN STEP	2026-02-25T19:49:47.3295037Z [command]/usr/bin/sh -c \sdkmanager --install 'build-tools;35.0.0' platform-tools 'platforms;android-29'> /dev/null
Android Tests (6)	UNKNOWN STEP	2026-02-25T19:49:54.2597055Z Installing latest emulator.
Android Tests (6)	UNKNOWN STEP	2026-02-25T19:49:54.2613294Z [command]/usr/bin/sh -c \sdkmanager --install emulator --channel=0 > /dev/null
Android Tests (6)	UNKNOWN STEP	2026-02-25T19:50:03.6024631Z Installing system images.
Android Tests (6)	UNKNOWN STEP	2026-02-25T19:50:03.6044576Z [command]/usr/bin/sh -c \sdkmanager --install 'system-images;android-29;default;x86_64' --channel=0 > /dev/null
Android Tests (6)	UNKNOWN STEP	2026-02-25T19:50:30.6534104Z ##[endgroup]
Android Tests (6)	UNKNOWN STEP	2026-02-25T19:50:30.6536388Z ##[group]Create AVD
Android Tests (6)	UNKNOWN STEP	2026-02-25T19:50:30.6537874Z Creating AVD.
Android Tests (6)	UNKNOWN STEP	2026-02-25T19:50:30.6563810Z [command]/usr/bin/sh -c \echo no | avdmanager create avd --force -n test --abi 'default/x86_64' --package 'system-images;android-29;default;x86_64' --device 'pixel_4'
Android Tests (6)	UNKNOWN STEP	2026-02-25T19:50:31.4271188Z Loading local repository...                                                     
Android Tests (6)	UNKNOWN STEP	2026-02-25T19:50:31.4272025Z [=========                              ] 25% Loading local repository...       
Android Tests (6)	UNKNOWN STEP	2026-02-25T19:50:31.4272733Z [=========                              ] 25% Fetch remote repository...        
Android Tests (6)	UNKNOWN STEP	2026-02-25T19:50:31.4273374Z [=======================================] 100% Fetch remote repository...       
Android Tests (6)	UNKNOWN STEP	2026-02-25T19:50:32.2020466Z [command]/usr/bin/sh -c \printf 'hw.cpu.ncore=2\nhw.ramSize=2048M\nhw.heapSize=512M\n' >> /home/runner/.android/avd/test.avd/config.ini
Android Tests (6)	UNKNOWN STEP	2026-02-25T19:50:32.2042466Z ##[endgroup]
Android Tests (6)	UNKNOWN STEP	2026-02-25T19:50:32.2044924Z ##[group]Launch Emulator
Android Tests (6)	UNKNOWN STEP	2026-02-25T19:50:32.2045320Z Disabling Linux hardware acceleration.
Android Tests (6)	UNKNOWN STEP	2026-02-25T19:50:32.2045615Z Starting emulator.
Android Tests (6)	UNKNOWN STEP	2026-02-25T19:50:32.2066717Z [command]/usr/bin/sh -c \/usr/local/lib/android/sdk/emulator/emulator -port 5554 -avd test -no-window -no-audio -no-boot-anim -gpu swiftshader_indirect -accel off &
Android Tests (6)	UNKNOWN STEP	2026-02-25T19:50:32.2204056Z INFO         | Android emulator version 36.4.9.0 (build_id 14788078) (CL:N/A)
Android Tests (6)	UNKNOWN STEP	2026-02-25T19:50:32.2204687Z INFO         | Graphics backend: gfxstream
Android Tests (6)	UNKNOWN STEP	2026-02-25T19:50:32.2205824Z INFO         | Found systemPath /usr/local/lib/android/sdk/system-images/android-29/default/x86_64/
Android Tests (6)	UNKNOWN STEP	2026-02-25T19:50:32.4464964Z ProbeKVM: This user doesn't have permissions to use KVM (/dev/kvm).
Android Tests (6)	UNKNOWN STEP	2026-02-25T19:50:32.4465849Z The KVM line in /etc/group is: [kvm:x:993:]
Android Tests (6)	UNKNOWN STEP	2026-02-25T19:50:32.4466258Z 
Android Tests (6)	UNKNOWN STEP	2026-02-25T19:50:32.4466480Z If the current user has KVM permissions,
Android Tests (6)	UNKNOWN STEP	2026-02-25T19:50:32.4467585Z the KVM line in /etc/group should end with ":" followed by your username.
Android Tests (6)	UNKNOWN STEP	2026-02-25T19:50:32.4468188Z 
Android Tests (6)	UNKNOWN STEP	2026-02-25T19:50:32.4468688Z If we see LINE_NOT_FOUND, the kvm group may need to be created along with permissions:
Android Tests (6)	UNKNOWN STEP	2026-02-25T19:50:32.4469605Z     sudo groupadd -r kvm
Android Tests (6)	UNKNOWN STEP	2026-02-25T19:50:32.4470085Z     # Then ensure /lib/udev/rules.d/50-udev-default.rules contains something like:
Android Tests (6)	UNKNOWN STEP	2026-02-25T19:50:32.4470589Z     # KERNEL=="kvm", GROUP="kvm", MODE="0660"
Android Tests (6)	UNKNOWN STEP	2026-02-25T19:50:32.4470927Z     # and then run:
Android Tests (6)	UNKNOWN STEP	2026-02-25T19:50:32.4471192Z     sudo gpasswd -a $USER kvm
Android Tests (6)	UNKNOWN STEP	2026-02-25T19:50:32.4471460Z 
Android Tests (6)	UNKNOWN STEP	2026-02-25T19:50:32.4471847Z If we see kvm:... but no username at the end, running the following command may allow KVM access:
Android Tests (6)	UNKNOWN STEP	2026-02-25T19:50:32.4472493Z     sudo gpasswd -a $USER kvm
Android Tests (6)	UNKNOWN STEP	2026-02-25T19:50:32.4472713Z 
Android Tests (6)	UNKNOWN STEP	2026-02-25T19:50:32.4472939Z You may need to log out and back in for changes to take effect.
Android Tests (6)	UNKNOWN STEP	2026-02-25T19:50:32.4473305Z 
Android Tests (6)	UNKNOWN STEP	2026-02-25T19:50:33.3079102Z INFO         | Increasing RAM size to 2048MB
Android Tests (6)	UNKNOWN STEP	2026-02-25T19:50:33.3079724Z ##############################################################################
Android Tests (6)	UNKNOWN STEP	2026-02-25T19:50:33.3080365Z ##                        WARNING - ACTION REQUIRED                         ##
Android Tests (6)	UNKNOWN STEP	2026-02-25T19:50:33.3081121Z ##  Consider using the '-metrics-collection' flag to help improve the       ##
Android Tests (6)	UNKNOWN STEP	2026-02-25T19:50:33.3081976Z ##  emulator by sending anonymized usage data. Or use the '-no-metrics'     ##
Android Tests (6)	UNKNOWN STEP	2026-02-25T19:50:33.3082879Z ##  flag to bypass this warning and turn off the metrics collection.        ##
Android Tests (6)	UNKNOWN STEP	2026-02-25T19:50:33.3083708Z ##  In a future release this warning will turn into a one-time blocking     ##
Android Tests (6)	UNKNOWN STEP	2026-02-25T19:50:33.3084570Z ##  prompt to ask for explicit user input regarding metrics collection.     ##
Android Tests (6)	UNKNOWN STEP	2026-02-25T19:50:33.3085282Z ##                                                                          ##
Android Tests (6)	UNKNOWN STEP	2026-02-25T19:50:33.3085916Z ##  Please see '-help-metrics-collection' for more details. You can use     ##
Android Tests (6)	UNKNOWN STEP	2026-02-25T19:50:33.3087201Z ##  '-metrics-to-file' or '-metrics-to-console' flags to see what type of   ##
Android Tests (6)	UNKNOWN STEP	2026-02-25T19:50:33.3087748Z ##  data is being collected by emulator as part of usage statistics.        ##
Android Tests (6)	UNKNOWN STEP	2026-02-25T19:50:33.3088147Z ##############################################################################
Android Tests (6)	UNKNOWN STEP	2026-02-25T19:50:33.3088472Z INFO         | Guest GLES Driver: Auto (ext controls)
Android Tests (6)	UNKNOWN STEP	2026-02-25T19:50:33.3088914Z INFO         | emuglConfig_init: vulkan_mode_selected:swiftshader gles_mode_selected:swiftshader
Android Tests (6)	UNKNOWN STEP	2026-02-25T19:50:33.3089417Z WARNING      | FeatureControl is requesting a non existing feature.
Android Tests (6)	UNKNOWN STEP	2026-02-25T19:50:33.3089790Z INFO         | Checking system compatibility:
Android Tests (6)	UNKNOWN STEP	2026-02-25T19:50:33.3090101Z INFO         |   Checking: hasSufficientDiskSpace
Android Tests (6)	UNKNOWN STEP	2026-02-25T19:50:33.3090466Z INFO         |      Ok: Disk space requirements to run avd: `test` are met
Android Tests (6)	UNKNOWN STEP	2026-02-25T19:50:33.3090816Z INFO         |   Checking: hasSufficientHwGpu
Android Tests (6)	UNKNOWN STEP	2026-02-25T19:50:33.3091149Z INFO         |      Ok: Hardware GPU compatibility checks are not required
Android Tests (6)	UNKNOWN STEP	2026-02-25T19:50:33.3091497Z INFO         |   Checking: hasSufficientSystem
Android Tests (6)	UNKNOWN STEP	2026-02-25T19:50:33.3091823Z INFO         |      Ok: System requirements to run avd: `test` are met
Android Tests (6)	UNKNOWN STEP	2026-02-25T19:50:33.3092234Z WARNING      | x86_64 emulation may not work without hardware acceleration!
Android Tests (6)	UNKNOWN STEP	2026-02-25T19:50:33.3092660Z WARNING      | FeatureControl is requesting a non existing feature.
Android Tests (6)	UNKNOWN STEP	2026-02-25T19:50:33.3093048Z ERROR        | Unable to connect to adb daemon on port: 5037
Android Tests (6)	UNKNOWN STEP	2026-02-25T19:50:33.3093596Z INFO         | Storing crashdata in: /tmp/android-runner/emu-crash-36.4.9.db, detection is enabled for process: 4951
Android Tests (6)	UNKNOWN STEP	2026-02-25T19:50:33.3094263Z INFO         | Initializing gfxstream backend
Android Tests (6)	UNKNOWN STEP	2026-02-25T19:50:33.3094568Z INFO         | android_startOpenglesRenderer: gpu info
Android Tests (6)	UNKNOWN STEP	2026-02-25T19:50:33.3094846Z INFO         | 
Android Tests (6)	UNKNOWN STEP	2026-02-25T19:50:33.3095130Z INFO         | initIcdPaths: ICD set to 'swiftshader', using Swiftshader ICD
Android Tests (6)	UNKNOWN STEP	2026-02-25T19:50:33.3095745Z INFO         | Setting ICD filenames for the loader = /usr/local/lib/android/sdk/emulator/lib64/vulkan/vk_swiftshader_icd.json
Android Tests (6)	UNKNOWN STEP	2026-02-25T19:50:33.3096539Z INFO         | SharedLibrary::open for [/usr/local/lib/android/sdk/emulator/qemu/linux-x86_64/lib64/vulkan/libvulkan.so]
Android Tests (6)	UNKNOWN STEP	2026-02-25T19:50:33.3097408Z INFO         | SharedLibrary::open for [/usr/local/lib/android/sdk/emulator/qemu/linux-x86_64/lib64/vulkan/libvulkan.so.1]
Android Tests (6)	UNKNOWN STEP	2026-02-25T19:50:33.3098081Z INFO         | SharedLibrary::open for [/usr/local/lib/android/sdk/emulator/lib64/vulkan/libvulkan.so]
Android Tests (6)	UNKNOWN STEP	2026-02-25T19:50:33.3098674Z INFO         | Added library: /usr/local/lib/android/sdk/emulator/lib64/vulkan/libvulkan.so
Android Tests (6)	UNKNOWN STEP	2026-02-25T19:50:33.3099199Z INFO         | Selecting Vulkan device: SwiftShader Device (Subzero), Version: 1.3.0
Android Tests (6)	UNKNOWN STEP	2026-02-25T19:50:33.3099603Z INFO         | SharedLibrary::open for [libX11]
Android Tests (6)	UNKNOWN STEP	2026-02-25T19:50:33.3099928Z WARNING      | Could not open libX11.so, try libX11.so.6
Android Tests (6)	UNKNOWN STEP	2026-02-25T19:50:33.3100261Z INFO         | SharedLibrary::open for [libX11.so.6]
Android Tests (6)	UNKNOWN STEP	2026-02-25T19:50:33.3100569Z INFO         | SharedLibrary::open for [libX11-xcb]
Android Tests (6)	UNKNOWN STEP	2026-02-25T19:50:33.3100921Z WARNING      | Could not open libX11-xcb.so, try libX11-xcb.so.1
Android Tests (6)	UNKNOWN STEP	2026-02-25T19:50:33.3101286Z INFO         | SharedLibrary::open for [libX11-xcb.so.1]
Android Tests (6)	UNKNOWN STEP	2026-02-25T19:50:33.3101598Z INFO         | Initializing VkEmulation features:
Android Tests (6)	UNKNOWN STEP	2026-02-25T19:50:33.3101917Z INFO         |     glInteropSupported: false
Android Tests (6)	UNKNOWN STEP	2026-02-25T19:50:33.3102195Z INFO         |     useDeferredCommands: true
Android Tests (6)	UNKNOWN STEP	2026-02-25T19:50:33.3102498Z INFO         |     createResourceWithRequirements: true
Android Tests (6)	UNKNOWN STEP	2026-02-25T19:50:33.3102809Z INFO         |     useVulkanComposition: false
Android Tests (6)	UNKNOWN STEP	2026-02-25T19:50:33.3103113Z INFO         |     useVulkanNativeSwapchain: false
Android Tests (6)	UNKNOWN STEP	2026-02-25T19:50:33.3103407Z INFO         |     enable guestRenderDoc: false
Android Tests (6)	UNKNOWN STEP	2026-02-25T19:50:33.3103689Z INFO         |     ASTC LDR emulation mode: Gpu
Android Tests (6)	UNKNOWN STEP	2026-02-25T19:50:33.3103963Z INFO         |     enable ETC2 emulation: true
Android Tests (6)	UNKNOWN STEP	2026-02-25T19:50:33.3104239Z INFO         |     enable Ycbcr emulation: false
Android Tests (6)	UNKNOWN STEP	2026-02-25T19:50:33.3104514Z INFO         |     guestVulkanOnly: false
Android Tests (6)	UNKNOWN STEP	2026-02-25T19:50:33.3104911Z INFO         |     useDedicatedAllocations: false
Android Tests (6)	UNKNOWN STEP	2026-02-25T19:50:33.3105241Z INFO         | Graphics Adapter Vendor Google (Google Inc.)
Android Tests (6)	UNKNOWN STEP	2026-02-25T19:50:33.3105671Z INFO         | Graphics Adapter Android Emulator OpenGL ES Translator (Google SwiftShader)
Android Tests (6)	UNKNOWN STEP	2026-02-25T19:50:33.3106184Z INFO         | Graphics API Version OpenGL ES 3.0 (OpenGL ES 3.0 SwiftShader 4.0.0.1)
Android Tests (6)	UNKNOWN STEP	2026-02-25T19:50:33.3315607Z INFO         | Graphics API Extensions GL_OES_EGL_sync GL_OES_EGL_image GL_OES_EGL_image_external GL_OES_depth24 GL_OES_depth32 GL_OES_element_index_uint GL_OESWARNING: cannnot unmap ptr 0x7f43aca01000 as it is in the protected range from 0x7f432ca00000 to 0x7f43acc00000
Android Tests (6)	UNKNOWN STEP	2026-02-25T19:50:33.3457403Z _texture_float GL_OES_texture_float_linear GL_OES_compressed_paletted_texture GL_OES_compressed_ETC1_RGB8_texture GL_OES_depth_texture GL_OES_texture_half_float GL_OES_texture_half_float_linear GL_OES_packed_depth_stencil GL_OES_vertex_half_float GL_OES_standard_derivatives GL_OES_texture_npot GL_OES_rgb8_rgba8 GL_EXT_color_buffer_float GL_EXT_color_buffer_half_float GL_EXT_texture_format_BGRA8888 GL_APPLE_texture_format_BGRA8888 
Android Tests (6)	UNKNOWN STEP	2026-02-25T19:50:33.3461093Z INFO         | Graphics Device Extensions N/A
Android Tests (6)	UNKNOWN STEP	2026-02-25T19:50:33.3461836Z INFO         | Disabling sparse binding feature support
Android Tests (6)	UNKNOWN STEP	2026-02-25T19:50:33.3462579Z INFO         | Userspace boot properties:
Android Tests (6)	UNKNOWN STEP	2026-02-25T19:50:33.3463111Z INFO         |   android.bootanim=0
Android Tests (6)	UNKNOWN STEP	2026-02-25T19:50:33.3463572Z INFO         |   android.qemud=1
Android Tests (6)	UNKNOWN STEP	2026-02-25T19:50:33.3464264Z INFO         |   androidboot.boot_devices=pci0000:00/0000:00:03.0 pci0000:00/0000:00:06.0
Android Tests (6)	UNKNOWN STEP	2026-02-25T19:50:33.3465154Z INFO         |   androidboot.hardware=ranchu
Android Tests (6)	UNKNOWN STEP	2026-02-25T19:50:33.3465522Z INFO         |   androidboot.hardware.vulkan=ranchu
Android Tests (6)	UNKNOWN STEP	2026-02-25T19:50:33.3465908Z INFO         |   androidboot.serialno=EMULATOR36X4X9X0
Android Tests (6)	UNKNOWN STEP	2026-02-25T19:50:33.3466523Z INFO         |   androidboot.vbmeta.digest=0893f0f3bac935802e7658f39b766acd7344cd0553606784a98cb6a38c2a8629
Android Tests (6)	UNKNOWN STEP	2026-02-25T19:50:33.3467349Z INFO         |   androidboot.vbmeta.hash_alg=sha256
Android Tests (6)	UNKNOWN STEP	2026-02-25T19:50:33.3467774Z INFO         |   androidboot.vbmeta.size=4352
Android Tests (6)	UNKNOWN STEP	2026-02-25T19:50:33.3468138Z INFO         |   qemu=1
Android Tests (6)	UNKNOWN STEP	2026-02-25T19:50:33.3468350Z INFO         |   qemu.avd_name=test
Android Tests (6)	UNKNOWN STEP	2026-02-25T19:50:33.3468612Z INFO         |   qemu.camera_hq_edge_processing=0
Android Tests (6)	UNKNOWN STEP	2026-02-25T19:50:33.3468906Z INFO         |   qemu.dalvik.vm.heapsize=512m
Android Tests (6)	UNKNOWN STEP	2026-02-25T19:50:33.3469174Z INFO         |   qemu.encrypt=1
Android Tests (6)	UNKNOWN STEP	2026-02-25T19:50:33.3469414Z INFO         |   qemu.gles=1
Android Tests (6)	UNKNOWN STEP	2026-02-25T19:50:33.3469651Z INFO         |   qemu.gltransport=pipe
Android Tests (6)	UNKNOWN STEP	2026-02-25T19:50:33.3469973Z INFO         |   qemu.gltransport.drawFlushInterval=800
Android Tests (6)	UNKNOWN STEP	2026-02-25T19:50:33.3470296Z INFO         |   qemu.opengles.version=196608
Android Tests (6)	UNKNOWN STEP	2026-02-25T19:50:33.3470639Z INFO         |   qemu.settings.system.screen_off_timeout=2147483647
Android Tests (6)	UNKNOWN STEP	2026-02-25T19:50:33.3470976Z INFO         |   qemu.skin=1080x2280
Android Tests (6)	UNKNOWN STEP	2026-02-25T19:50:33.3471229Z INFO         |   qemu.uirenderer=skiagl
Android Tests (6)	UNKNOWN STEP	2026-02-25T19:50:33.3471480Z INFO         |   qemu.vsync=60
Android Tests (6)	UNKNOWN STEP	2026-02-25T19:50:33.3471708Z INFO         |   qemu.wifi=1
Android Tests (6)	UNKNOWN STEP	2026-02-25T19:50:33.3472013Z TCG doesn't support requested feature: CPUID.01H:ECX.avx [bit 28]
Android Tests (6)	UNKNOWN STEP	2026-02-25T19:50:33.3472421Z TCG doesn't support requested feature: CPUID.01H:ECX.f16c [bit 29]
Android Tests (6)	UNKNOWN STEP	2026-02-25T19:50:33.3472821Z TCG doesn't support requested feature: CPUID.01H:ECX.avx [bit 28]
Android Tests (6)	UNKNOWN STEP	2026-02-25T19:50:33.3473210Z TCG doesn't support requested feature: CPUID.01H:ECX.f16c [bit 29]
Android Tests (6)	UNKNOWN STEP	2026-02-25T19:50:33.3473572Z INFO         | Monitoring duration of emulator setup.
Android Tests (6)	UNKNOWN STEP	2026-02-25T19:50:33.3636562Z INFO         | Setting display: 0 configuration to: 1080x2280, dpi: 440x440 
Android Tests (6)	UNKNOWN STEP	2026-02-25T19:50:33.3637515Z INFO         | setDisplayActiveConfig 0
Android Tests (6)	UNKNOWN STEP	2026-02-25T19:50:33.3729932Z INFO         | Loading snapshot 'default_boot'...
Android Tests (6)	UNKNOWN STEP	2026-02-25T19:50:33.3731828Z WARNING      | Failed to process .ini file /home/runner/.android/emu-update-last-check.ini for reading.
Android Tests (6)	UNKNOWN STEP	2026-02-25T19:50:33.3852310Z WARNING      | Device 'cache' does not have the requested snapshot 'default_boot'
Android Tests (6)	UNKNOWN STEP	2026-02-25T19:50:33.3853229Z 
Android Tests (6)	UNKNOWN STEP	2026-02-25T19:50:33.3853505Z WARNING      | Failed to load snapshot 'default_boot'
Android Tests (6)	UNKNOWN STEP	2026-02-25T19:50:33.3854719Z USER_INFO    | The emulator is performing a cold boot without a saved state because there's no snapshot and you have configured it not to save on exit.
Android Tests (6)	UNKNOWN STEP	2026-02-25T19:50:34.4843064Z WARNING      | Failed to process .ini file /home/runner/.android/emu-update-last-check.ini for reading.
Android Tests (6)	UNKNOWN STEP	2026-02-25T19:50:42.2139484Z [command]/usr/local/lib/android/sdk/platform-tools/adb -s emulator-5554 shell getprop sys.boot_completed
Android Tests (6)	UNKNOWN STEP	2026-02-25T19:50:42.2322133Z * daemon not running; starting now at tcp:5037
Android Tests (6)	UNKNOWN STEP	2026-02-25T19:50:42.4099328Z * daemon started successfully
Android Tests (6)	UNKNOWN STEP	2026-02-25T19:50:42.4626177Z adb: device offline
Android Tests (6)	UNKNOWN STEP	2026-02-25T19:50:42.4635546Z The process '/usr/local/lib/android/sdk/platform-tools/adb' failed with exit code 1
Android Tests (6)	UNKNOWN STEP	2026-02-25T19:50:44.4684527Z [command]/usr/local/lib/android/sdk/platform-tools/adb -s emulator-5554 shell getprop sys.boot_completed
Android Tests (6)	UNKNOWN STEP	2026-02-25T19:50:44.4721684Z adb: device offline
Android Tests (6)	UNKNOWN STEP	2026-02-25T19:50:44.4730417Z The process '/usr/local/lib/android/sdk/platform-tools/adb' failed with exit code 1
Android Tests (6)	UNKNOWN STEP	2026-02-25T19:50:46.4779007Z [command]/usr/local/lib/android/sdk/platform-tools/adb -s emulator-5554 shell getprop sys.boot_completed
Android Tests (6)	UNKNOWN STEP	2026-02-25T19:50:46.4813230Z adb: device offline
Android Tests (6)	UNKNOWN STEP	2026-02-25T19:50:46.4819562Z The process '/usr/local/lib/android/sdk/platform-tools/adb' failed with exit code 1
Android Tests (6)	UNKNOWN STEP	2026-02-25T19:50:48.4864525Z [command]/usr/local/lib/android/sdk/platform-tools/adb -s emulator-5554 shell getprop sys.boot_completed
Android Tests (6)	UNKNOWN STEP	2026-02-25T19:50:48.4897027Z adb: device offline
Android Tests (6)	UNKNOWN STEP	2026-02-25T19:50:48.4904184Z The process '/usr/local/lib/android/sdk/platform-tools/adb' failed with exit code 1
Android Tests (6)	UNKNOWN STEP	2026-02-25T19:50:50.4950529Z [command]/usr/local/lib/android/sdk/platform-tools/adb -s emulator-5554 shell getprop sys.boot_completed
Android Tests (6)	UNKNOWN STEP	2026-02-25T19:50:50.4982789Z adb: device offline
Android Tests (6)	UNKNOWN STEP	2026-02-25T19:50:50.4988556Z The process '/usr/local/lib/android/sdk/platform-tools/adb' failed with exit code 1
Android Tests (6)	UNKNOWN STEP	2026-02-25T19:50:52.5034304Z [command]/usr/local/lib/android/sdk/platform-tools/adb -s emulator-5554 shell getprop sys.boot_completed
Android Tests (6)	UNKNOWN STEP	2026-02-25T19:50:52.5067307Z adb: device offline
Android Tests (6)	UNKNOWN STEP	2026-02-25T19:50:52.5074714Z The process '/usr/local/lib/android/sdk/platform-tools/adb' failed with exit code 1
Android Tests (6)	UNKNOWN STEP	2026-02-25T19:50:54.5112874Z [command]/usr/local/lib/android/sdk/platform-tools/adb -s emulator-5554 shell getprop sys.boot_completed
Android Tests (6)	UNKNOWN STEP	2026-02-25T19:50:54.5147320Z adb: device offline
Android Tests (6)	UNKNOWN STEP	2026-02-25T19:50:54.5153862Z The process '/usr/local/lib/android/sdk/platform-tools/adb' failed with exit code 1
Android Tests (6)	UNKNOWN STEP	2026-02-25T19:50:56.5203167Z [command]/usr/local/lib/android/sdk/platform-tools/adb -s emulator-5554 shell getprop sys.boot_completed
Android Tests (6)	UNKNOWN STEP	2026-02-25T19:50:56.5237698Z adb: device offline
Android Tests (6)	UNKNOWN STEP	2026-02-25T19:50:56.5243939Z The process '/usr/local/lib/android/sdk/platform-tools/adb' failed with exit code 1
Android Tests (6)	UNKNOWN STEP	2026-02-25T19:50:58.5289021Z [command]/usr/local/lib/android/sdk/platform-tools/adb -s emulator-5554 shell getprop sys.boot_completed
Android Tests (6)	UNKNOWN STEP	2026-02-25T19:50:58.5323625Z adb: device offline
Android Tests (6)	UNKNOWN STEP	2026-02-25T19:50:58.5331005Z The process '/usr/local/lib/android/sdk/platform-tools/adb' failed with exit code 1
Android Tests (6)	UNKNOWN STEP	2026-02-25T19:51:00.5374592Z [command]/usr/local/lib/android/sdk/platform-tools/adb -s emulator-5554 shell getprop sys.boot_completed
Android Tests (6)	UNKNOWN STEP	2026-02-25T19:51:00.5407715Z adb: device offline
Android Tests (6)	UNKNOWN STEP	2026-02-25T19:51:00.5414300Z The process '/usr/local/lib/android/sdk/platform-tools/adb' failed with exit code 1
Android Tests (6)	UNKNOWN STEP	2026-02-25T19:51:02.5457344Z [command]/usr/local/lib/android/sdk/platform-tools/adb -s emulator-5554 shell getprop sys.boot_completed
Android Tests (6)	UNKNOWN STEP	2026-02-25T19:51:02.5490262Z adb: device offline
Android Tests (6)	UNKNOWN STEP	2026-02-25T19:51:02.5497342Z The process '/usr/local/lib/android/sdk/platform-tools/adb' failed with exit code 1
Android Tests (6)	UNKNOWN STEP	2026-02-25T19:51:04.5545499Z [command]/usr/local/lib/android/sdk/platform-tools/adb -s emulator-5554 shell getprop sys.boot_completed
Android Tests (6)	UNKNOWN STEP	2026-02-25T19:51:07.1571994Z 
Android Tests (6)	UNKNOWN STEP	2026-02-25T19:51:09.2503462Z [command]/usr/local/lib/android/sdk/platform-tools/adb -s emulator-5554 shell getprop sys.boot_completed
Android Tests (6)	UNKNOWN STEP	2026-02-25T19:51:11.2853285Z 
Android Tests (6)	UNKNOWN STEP	2026-02-25T19:51:13.3430553Z [command]/usr/local/lib/android/sdk/platform-tools/adb -s emulator-5554 shell getprop sys.boot_completed
Android Tests (6)	UNKNOWN STEP	2026-02-25T19:51:15.8732135Z 
Android Tests (6)	UNKNOWN STEP	2026-02-25T19:51:17.8788569Z [command]/usr/local/lib/android/sdk/platform-tools/adb -s emulator-5554 shell getprop sys.boot_completed
Android Tests (6)	UNKNOWN STEP	2026-02-25T19:51:19.3164298Z 
Android Tests (6)	UNKNOWN STEP	2026-02-25T19:51:21.3215477Z [command]/usr/local/lib/android/sdk/platform-tools/adb -s emulator-5554 shell getprop sys.boot_completed
Android Tests (6)	UNKNOWN STEP	2026-02-25T19:51:22.0274514Z 
Android Tests (6)	UNKNOWN STEP	2026-02-25T19:51:24.0388312Z [command]/usr/local/lib/android/sdk/platform-tools/adb -s emulator-5554 shell getprop sys.boot_completed
Android Tests (6)	UNKNOWN STEP	2026-02-25T19:51:24.5962196Z 
Android Tests (6)	UNKNOWN STEP	2026-02-25T19:51:26.6015604Z [command]/usr/local/lib/android/sdk/platform-tools/adb -s emulator-5554 shell getprop sys.boot_completed
Android Tests (6)	UNKNOWN STEP	2026-02-25T19:51:26.9104005Z 
Android Tests (6)	UNKNOWN STEP	2026-02-25T19:51:28.9183155Z [command]/usr/local/lib/android/sdk/platform-tools/adb -s emulator-5554 shell getprop sys.boot_completed
Android Tests (6)	UNKNOWN STEP	2026-02-25T19:51:29.1843996Z 
Android Tests (6)	UNKNOWN STEP	2026-02-25T19:51:31.1968339Z [command]/usr/local/lib/android/sdk/platform-tools/adb -s emulator-5554 shell getprop sys.boot_completed
Android Tests (6)	UNKNOWN STEP	2026-02-25T19:51:31.5626130Z 
Android Tests (6)	UNKNOWN STEP	2026-02-25T19:51:33.5774376Z [command]/usr/local/lib/android/sdk/platform-tools/adb -s emulator-5554 shell getprop sys.boot_completed
Android Tests (6)	UNKNOWN STEP	2026-02-25T19:51:33.9256971Z 
Android Tests (6)	UNKNOWN STEP	2026-02-25T19:51:35.9329689Z [command]/usr/local/lib/android/sdk/platform-tools/adb -s emulator-5554 shell getprop sys.boot_completed
Android Tests (6)	UNKNOWN STEP	2026-02-25T19:51:36.2995974Z 
Android Tests (6)	UNKNOWN STEP	2026-02-25T19:51:38.3055902Z [command]/usr/local/lib/android/sdk/platform-tools/adb -s emulator-5554 shell getprop sys.boot_completed
Android Tests (6)	UNKNOWN STEP	2026-02-25T19:51:38.8033988Z 
Android Tests (6)	UNKNOWN STEP	2026-02-25T19:51:40.8094647Z [command]/usr/local/lib/android/sdk/platform-tools/adb -s emulator-5554 shell getprop sys.boot_completed
Android Tests (6)	UNKNOWN STEP	2026-02-25T19:51:41.2862970Z 
Android Tests (6)	UNKNOWN STEP	2026-02-25T19:51:43.2911472Z [command]/usr/local/lib/android/sdk/platform-tools/adb -s emulator-5554 shell getprop sys.boot_completed
Android Tests (6)	UNKNOWN STEP	2026-02-25T19:51:43.7512862Z 
Android Tests (6)	UNKNOWN STEP	2026-02-25T19:51:45.7565738Z [command]/usr/local/lib/android/sdk/platform-tools/adb -s emulator-5554 shell getprop sys.boot_completed
Android Tests (6)	UNKNOWN STEP	2026-02-25T19:51:46.2148576Z 
Android Tests (6)	UNKNOWN STEP	2026-02-25T19:51:48.2194237Z [command]/usr/local/lib/android/sdk/platform-tools/adb -s emulator-5554 shell getprop sys.boot_completed
Android Tests (6)	UNKNOWN STEP	2026-02-25T19:51:49.1744385Z 
Android Tests (6)	UNKNOWN STEP	2026-02-25T19:51:51.1983334Z [command]/usr/local/lib/android/sdk/platform-tools/adb -s emulator-5554 shell getprop sys.boot_completed
Android Tests (6)	UNKNOWN STEP	2026-02-25T19:51:51.7843091Z 
Android Tests (6)	UNKNOWN STEP	2026-02-25T19:51:53.7886738Z [command]/usr/local/lib/android/sdk/platform-tools/adb -s emulator-5554 shell getprop sys.boot_completed
Android Tests (6)	UNKNOWN STEP	2026-02-25T19:51:54.3041596Z 
Android Tests (6)	UNKNOWN STEP	2026-02-25T19:51:56.3298136Z [command]/usr/local/lib/android/sdk/platform-tools/adb -s emulator-5554 shell getprop sys.boot_completed
Android Tests (6)	UNKNOWN STEP	2026-02-25T19:51:56.6885252Z 
Android Tests (6)	UNKNOWN STEP	2026-02-25T19:51:58.6936693Z [command]/usr/local/lib/android/sdk/platform-tools/adb -s emulator-5554 shell getprop sys.boot_completed
Android Tests (6)	UNKNOWN STEP	2026-02-25T19:51:59.0043213Z 
Android Tests (6)	UNKNOWN STEP	2026-02-25T19:52:01.0091693Z [command]/usr/local/lib/android/sdk/platform-tools/adb -s emulator-5554 shell getprop sys.boot_completed
Android Tests (6)	UNKNOWN STEP	2026-02-25T19:52:01.4257530Z 
Android Tests (6)	UNKNOWN STEP	2026-02-25T19:52:03.4289739Z [command]/usr/local/lib/android/sdk/platform-tools/adb -s emulator-5554 shell getprop sys.boot_completed
Android Tests (6)	UNKNOWN STEP	2026-02-25T19:52:03.9254913Z 
Android Tests (6)	UNKNOWN STEP	2026-02-25T19:52:05.9304171Z [command]/usr/local/lib/android/sdk/platform-tools/adb -s emulator-5554 shell getprop sys.boot_completed
Android Tests (6)	UNKNOWN STEP	2026-02-25T19:52:06.5536135Z 
Android Tests (6)	UNKNOWN STEP	2026-02-25T19:52:08.5570949Z [command]/usr/local/lib/android/sdk/platform-tools/adb -s emulator-5554 shell getprop sys.boot_completed
Android Tests (6)	UNKNOWN STEP	2026-02-25T19:52:09.2208606Z 
Android Tests (6)	UNKNOWN STEP	2026-02-25T19:52:11.2310494Z [command]/usr/local/lib/android/sdk/platform-tools/adb -s emulator-5554 shell getprop sys.boot_completed
Android Tests (6)	UNKNOWN STEP	2026-02-25T19:52:11.6089644Z 
Android Tests (6)	UNKNOWN STEP	2026-02-25T19:52:13.6140470Z [command]/usr/local/lib/android/sdk/platform-tools/adb -s emulator-5554 shell getprop sys.boot_completed
Android Tests (6)	UNKNOWN STEP	2026-02-25T19:52:14.1361650Z 
Android Tests (6)	UNKNOWN STEP	2026-02-25T19:52:16.1413017Z [command]/usr/local/lib/android/sdk/platform-tools/adb -s emulator-5554 shell getprop sys.boot_completed
Android Tests (6)	UNKNOWN STEP	2026-02-25T19:52:16.7478631Z 
Android Tests (6)	UNKNOWN STEP	2026-02-25T19:52:18.7819584Z [command]/usr/local/lib/android/sdk/platform-tools/adb -s emulator-5554 shell getprop sys.boot_completed
Android Tests (6)	UNKNOWN STEP	2026-02-25T19:52:19.8565479Z 
Android Tests (6)	UNKNOWN STEP	2026-02-25T19:52:21.8821030Z [command]/usr/local/lib/android/sdk/platform-tools/adb -s emulator-5554 shell getprop sys.boot_completed
Android Tests (6)	UNKNOWN STEP	2026-02-25T19:52:25.0841695Z 
Android Tests (6)	UNKNOWN STEP	2026-02-25T19:52:27.0900334Z [command]/usr/local/lib/android/sdk/platform-tools/adb -s emulator-5554 shell getprop sys.boot_completed
Android Tests (6)	UNKNOWN STEP	2026-02-25T19:52:28.2120646Z 
Android Tests (6)	UNKNOWN STEP	2026-02-25T19:52:30.2565419Z [command]/usr/local/lib/android/sdk/platform-tools/adb -s emulator-5554 shell getprop sys.boot_completed
Android Tests (6)	UNKNOWN STEP	2026-02-25T19:52:31.1534213Z 
Android Tests (6)	UNKNOWN STEP	2026-02-25T19:52:33.2095327Z [command]/usr/local/lib/android/sdk/platform-tools/adb -s emulator-5554 shell getprop sys.boot_completed
Android Tests (6)	UNKNOWN STEP	2026-02-25T19:52:35.2845684Z 
Android Tests (6)	UNKNOWN STEP	2026-02-25T19:52:37.3129059Z [command]/usr/local/lib/android/sdk/platform-tools/adb -s emulator-5554 shell getprop sys.boot_completed
Android Tests (6)	UNKNOWN STEP	2026-02-25T19:52:38.0230185Z 
Android Tests (6)	UNKNOWN STEP	2026-02-25T19:52:40.0283838Z [command]/usr/local/lib/android/sdk/platform-tools/adb -s emulator-5554 shell getprop sys.boot_completed
Android Tests (6)	UNKNOWN STEP	2026-02-25T19:52:41.1891941Z 
Android Tests (6)	UNKNOWN STEP	2026-02-25T19:52:43.2047358Z [command]/usr/local/lib/android/sdk/platform-tools/adb -s emulator-5554 shell getprop sys.boot_completed
Android Tests (6)	UNKNOWN STEP	2026-02-25T19:52:43.8357163Z 
Android Tests (6)	UNKNOWN STEP	2026-02-25T19:52:45.8405486Z [command]/usr/local/lib/android/sdk/platform-tools/adb -s emulator-5554 shell getprop sys.boot_completed
Android Tests (6)	UNKNOWN STEP	2026-02-25T19:52:47.5936584Z 1
Android Tests (6)	UNKNOWN STEP	2026-02-25T19:52:47.5943165Z Emulator booted.
Android Tests (6)	UNKNOWN STEP	2026-02-25T19:52:47.5969690Z [command]/usr/local/lib/android/sdk/platform-tools/adb -s emulator-5554 shell input keyevent 82
Android Tests (6)	UNKNOWN STEP	2026-02-25T19:52:54.2531617Z INFO         | Boot completed in 141990 ms
Android Tests (6)	UNKNOWN STEP	2026-02-25T19:52:54.2532756Z INFO         | Increasing screen off timeout, logcat buffer size to 2M.
Android Tests (6)	UNKNOWN STEP	2026-02-25T19:53:06.9473687Z Disabling animations.
Android Tests (6)	UNKNOWN STEP	2026-02-25T19:53:06.9490727Z [command]/usr/local/lib/android/sdk/platform-tools/adb -s emulator-5554 shell settings put global window_animation_scale 0.0
Android Tests (6)	UNKNOWN STEP	2026-02-25T19:53:09.9937251Z [command]/usr/local/lib/android/sdk/platform-tools/adb -s emulator-5554 shell settings put global transition_animation_scale 0.0
Android Tests (6)	UNKNOWN STEP	2026-02-25T19:53:12.9153428Z [command]/usr/local/lib/android/sdk/platform-tools/adb -s emulator-5554 shell settings put global animator_duration_scale 0.0
Android Tests (6)	UNKNOWN STEP	2026-02-25T19:53:18.5332898Z ##[endgroup]
Android Tests (6)	UNKNOWN STEP	2026-02-25T19:53:18.5357764Z [command]/usr/bin/sh -c ./scripts/test.sh android --no-docker --shard 6 --total-shards 7
Android Tests (6)	UNKNOWN STEP	2026-02-25T19:53:18.5492550Z [1m
Android Tests (6)	UNKNOWN STEP	2026-02-25T19:53:18.5495850Z   Substitution Test Runner
Android Tests (6)	UNKNOWN STEP	2026-02-25T19:53:18.5508442Z   2026-02-25 19:53:18
Android Tests (6)	UNKNOWN STEP	2026-02-25T19:53:18.5509127Z   Targets: android
Android Tests (6)	UNKNOWN STEP	2026-02-25T19:53:18.5509814Z [0m
Android Tests (6)	UNKNOWN STEP	2026-02-25T19:53:18.5525207Z [0;34m[INFO][0m Fetching Flutter dependencies...
Android Tests (6)	UNKNOWN STEP	2026-02-25T19:53:19.8495442Z   unorm_dart 0.2.0 (0.3.2 available)
Android Tests (6)	UNKNOWN STEP	2026-02-25T19:53:19.8498178Z   win32 5.15.0 (6.0.0 available)
Android Tests (6)	UNKNOWN STEP	2026-02-25T19:53:19.8499050Z Got dependencies!
Android Tests (6)	UNKNOWN STEP	2026-02-25T19:53:19.8504008Z 7 packages have newer versions incompatible with dependency constraints.
Android Tests (6)	UNKNOWN STEP	2026-02-25T19:53:19.8504768Z Try `flutter pub outdated` for more information.
Android Tests (6)	UNKNOWN STEP	2026-02-25T19:53:19.8505569Z [0;32m[OK][0m Dependencies fetched
Android Tests (6)	UNKNOWN STEP	2026-02-25T19:53:19.8521662Z [0;34m[INFO][0m Target: android
Android Tests (6)	UNKNOWN STEP	2026-02-25T19:53:19.8523144Z 
Android Tests (6)	UNKNOWN STEP	2026-02-25T19:53:19.8523973Z [1m━━━ Android Tests (Emulator) ━━━[0m
Android Tests (6)	UNKNOWN STEP	2026-02-25T19:53:19.8524342Z 
Android Tests (6)	UNKNOWN STEP	2026-02-25T19:53:19.8576026Z [0;34m[INFO][0m Starting Xvfb virtual display...
Android Tests (6)	UNKNOWN STEP	2026-02-25T19:53:21.8633749Z [0;34m[INFO][0m Detected an already running Android device/emulator. Skipping start.
Android Tests (6)	UNKNOWN STEP	2026-02-25T19:53:21.8635338Z [0;34m[INFO][0m Waiting for emulator boot (timeout: 900s)...
Android Tests (6)	UNKNOWN STEP	2026-02-25T19:53:26.2608256Z [0;32m[OK][0m Emulator is ready
Android Tests (6)	UNKNOWN STEP	2026-02-25T19:53:26.2644356Z [0;34m[INFO][0m Running integration tests on Android (timeout: 2400s)...
Android Tests (6)	UNKNOWN STEP	2026-02-25T19:53:31.0401950Z -j/--concurrency was parsed but will be ignored, this option is not supported when running Integration Tests or web tests.
Android Tests (6)	UNKNOWN STEP	2026-02-25T19:53:31.4943800Z 00:00 +0: loading /home/runner/work/substitution/substitution/integration_test/refresh_logic_test.dart
Android Tests (6)	UNKNOWN STEP	2026-02-25T19:58:42.3028795Z Running Gradle task 'assembleDebug'...                          
Android Tests (6)	UNKNOWN STEP	2026-02-25T19:58:42.3029972Z Checking the license for package NDK (Side by side) 27.0.12077973 in /usr/local/lib/android/sdk/licenses
Android Tests (6)	UNKNOWN STEP	2026-02-25T19:58:42.3031465Z License for package NDK (Side by side) 27.0.12077973 accepted.
Android Tests (6)	UNKNOWN STEP	2026-02-25T19:58:42.3034404Z Preparing "Install NDK (Side by side) 27.0.12077973 v.27.0.12077973".
Android Tests (6)	UNKNOWN STEP	2026-02-25T19:59:01.1969042Z "Install NDK (Side by side) 27.0.12077973 v.27.0.12077973" ready.
Android Tests (6)	UNKNOWN STEP	2026-02-25T19:59:01.1969987Z Installing NDK (Side by side) 27.0.12077973 in /usr/local/lib/android/sdk/ndk/27.0.12077973
Android Tests (6)	UNKNOWN STEP	2026-02-25T19:59:01.1970882Z "Install NDK (Side by side) 27.0.12077973 v.27.0.12077973" complete.
Android Tests (6)	UNKNOWN STEP	2026-02-25T19:59:01.3976139Z "Install NDK (Side by side) 27.0.12077973 v.27.0.12077973" finished.
Android Tests (6)	UNKNOWN STEP	2026-02-25T19:59:45.3961041Z Checking the license for package Android SDK Platform 33 in /usr/local/lib/android/sdk/licenses
Android Tests (6)	UNKNOWN STEP	2026-02-25T19:59:45.3967672Z License for package Android SDK Platform 33 accepted.
Android Tests (6)	UNKNOWN STEP	2026-02-25T19:59:45.3972632Z Preparing "Install Android SDK Platform 33 (revision 3)".
Android Tests (6)	UNKNOWN STEP	2026-02-25T19:59:48.3977195Z "Install Android SDK Platform 33 (revision 3)" ready.
Android Tests (6)	UNKNOWN STEP	2026-02-25T19:59:48.3999921Z Installing Android SDK Platform 33 in /usr/local/lib/android/sdk/platforms/android-33
Android Tests (6)	UNKNOWN STEP	2026-02-25T19:59:48.4001038Z "Install Android SDK Platform 33 (revision 3)" complete.
Android Tests (6)	UNKNOWN STEP	2026-02-25T19:59:48.4003013Z "Install Android SDK Platform 33 (revision 3)" finished.
Android Tests (6)	UNKNOWN STEP	2026-02-25T20:02:42.5959134Z Checking the license for package CMake 3.22.1 in /usr/local/lib/android/sdk/licenses
Android Tests (6)	UNKNOWN STEP	2026-02-25T20:02:42.5961188Z License for package CMake 3.22.1 accepted.
Android Tests (6)	UNKNOWN STEP	2026-02-25T20:02:42.5965888Z Preparing "Install CMake 3.22.1 v.3.22.1".
Android Tests (6)	UNKNOWN STEP	2026-02-25T20:02:43.7956593Z "Install CMake 3.22.1 v.3.22.1" ready.
Android Tests (6)	UNKNOWN STEP	2026-02-25T20:02:43.7957897Z Installing CMake 3.22.1 in /usr/local/lib/android/sdk/cmake/3.22.1
Android Tests (6)	UNKNOWN STEP	2026-02-25T20:02:43.7958733Z "Install CMake 3.22.1 v.3.22.1" complete.
Android Tests (6)	UNKNOWN STEP	2026-02-25T20:02:43.7959229Z "Install CMake 3.22.1 v.3.22.1" finished.
Android Tests (6)	UNKNOWN STEP	2026-02-25T20:03:20.4918945Z Running Gradle task 'assembleDebug'...                            588.8s
Android Tests (6)	UNKNOWN STEP	2026-02-25T20:03:21.4719210Z ✓ Built build/app/outputs/flutter-apk/app-debug.apk
Android Tests (6)	UNKNOWN STEP	2026-02-25T20:03:36.2309435Z Installing build/app/outputs/flutter-apk/app-debug.apk...          14.1s
Android Tests (6)	UNKNOWN STEP	2026-02-25T20:04:24.3758411Z 00:00 +0: loading /home/runner/work/substitution/substitution/integration_test/room_discovery_with_matrix_test.dart
Android Tests (6)	UNKNOWN STEP	2026-02-25T20:04:56.1200796Z Running Gradle task 'assembleDebug'...                             31.7s
Android Tests (6)	UNKNOWN STEP	2026-02-25T20:04:57.2301749Z ✓ Built build/app/outputs/flutter-apk/app-debug.apk
Android Tests (6)	UNKNOWN STEP	2026-02-25T20:05:14.0548568Z Installing build/app/outputs/flutter-apk/app-debug.apk...          16.1s
Android Tests (6)	UNKNOWN STEP	2026-02-25T20:05:57.3755117Z 00:00 +0: /home/runner/work/substitution/substitution/integration_test/room_discovery_with_matrix_test.dart: (setUpAll)
Android Tests (6)	UNKNOWN STEP	2026-02-25T20:05:57.8568512Z 00:00 +0: /home/runner/work/substitution/substitution/integration_test/room_discovery_with_matrix_test.dart: Room Discovery & Subscription with Real Matrix Server Multiple test users can see the same rooms
Android Tests (6)	UNKNOWN STEP	2026-02-25T20:06:15.0554035Z [90m[🌎 Easy Localization] [DEBUG] Localization initialized[0m
Android Tests (6)	UNKNOWN STEP	2026-02-25T20:06:15.1539261Z [Matrix] [32mInitialize client Substitution[0m
Android Tests (6)	UNKNOWN STEP	2026-02-25T20:06:15.7092458Z Waiting for globalMatrixClient to be initialized...
Android Tests (6)	UNKNOWN STEP	2026-02-25T20:06:15.7442818Z globalMatrixClient initialized!
Android Tests (6)	UNKNOWN STEP	2026-02-25T20:06:15.7952350Z Android detected: Translated localhost to http://10.0.2.2:8008
Android Tests (6)	UNKNOWN STEP	2026-02-25T20:06:15.8019362Z Step 1: Checking for Age Gate, Intro, or Login fields...
Android Tests (6)	UNKNOWN STEP	2026-02-25T20:06:15.8830168Z [Matrix] [32mUser is not logged in.[0m
Android Tests (6)	UNKNOWN STEP	2026-02-25T20:06:16.1099767Z [90m[🌎 Easy Localization] [DEBUG] Start[0m
Android Tests (6)	UNKNOWN STEP	2026-02-25T20:06:16.6476591Z [90m[🌎 Easy Localization] [DEBUG] Init state[0m
Android Tests (6)	UNKNOWN STEP	2026-02-25T20:06:16.7032004Z [90m[🌎 Easy Localization] [DEBUG] Build[0m
Android Tests (6)	UNKNOWN STEP	2026-02-25T20:06:16.7426602Z [90m[🌎 Easy Localization] [DEBUG] Init Localization Delegate[0m
Android Tests (6)	UNKNOWN STEP	2026-02-25T20:06:16.7427672Z [90m[🌎 Easy Localization] [DEBUG] Init provider[0m
Android Tests (6)	UNKNOWN STEP	2026-02-25T20:06:21.7515796Z [90m[🌎 Easy Localization] [DEBUG] Load Localization Delegate[0m
Android Tests (6)	UNKNOWN STEP	2026-02-25T20:06:21.8035156Z [90m[🌎 Easy Localization] [DEBUG] Load asset from assets/translations[0m
Android Tests (6)	UNKNOWN STEP	2026-02-25T20:06:26.5918788Z [90m[🌎 Easy Localization] [DEBUG] Build[0m
Android Tests (6)	UNKNOWN STEP	2026-02-25T20:06:26.6045838Z [90m[🌎 Easy Localization] [DEBUG] Init Localization Delegate[0m
Android Tests (6)	UNKNOWN STEP	2026-02-25T20:06:26.6268187Z [90m[🌎 Easy Localization] [DEBUG] Init provider[0m
Android Tests (6)	UNKNOWN STEP	2026-02-25T20:06:46.3324401Z Found screen! AgeGate: false, Intro: true, Username: false, Host: false
Android Tests (6)	UNKNOWN STEP	2026-02-25T20:06:46.3662649Z Step 2: Navigating through onboarding...
Android Tests (6)	UNKNOWN STEP	2026-02-25T20:06:50.1358320Z Tapping Next button at step 0...
Android Tests (6)	UNKNOWN STEP	2026-02-25T20:06:58.9271210Z Tapping Next button at step 1...
Android Tests (6)	UNKNOWN STEP	2026-02-25T20:07:08.1426658Z Reached target page at step 2. Host: true, Username: false
Android Tests (6)	UNKNOWN STEP	2026-02-25T20:07:08.1514972Z Onboarding navigation complete.
Android Tests (6)	UNKNOWN STEP	2026-02-25T20:07:08.1657281Z Step 3: Entering host URL: http://10.0.2.2:8008
Android Tests (6)	UNKNOWN STEP	2026-02-25T20:07:14.4205861Z Tapping host submit button...
Android Tests (6)	UNKNOWN STEP	2026-02-25T20:07:18.7813251Z Waiting for login page to appear...
Android Tests (6)	UNKNOWN STEP	2026-02-25T20:07:29.2532676Z Login page reached.
Android Tests (6)	UNKNOWN STEP	2026-02-25T20:07:29.2536575Z Step 4: Looking for login fields...
Android Tests (6)	UNKNOWN STEP	2026-02-25T20:07:29.3311651Z Entering username: testuser1
Android Tests (6)	UNKNOWN STEP	2026-02-25T20:07:33.1268072Z Entering password...
Android Tests (6)	UNKNOWN STEP	2026-02-25T20:07:36.8862827Z Tapping login submit button...
Android Tests (6)	UNKNOWN STEP	2026-02-25T20:07:39.4736456Z Step 5: Waiting for finished page (introGoButton)...
Android Tests (6)	UNKNOWN STEP	2026-02-25T20:07:40.4038250Z [Matrix] [32mInitialize client Substitution[0m
Android Tests (6)	UNKNOWN STEP	2026-02-25T20:07:43.4079554Z [Matrix] [32mSuccessfully connected as testuser1 with http://10.0.2.2:8008[0m
Android Tests (6)	UNKNOWN STEP	2026-02-25T20:07:54.2641935Z Finished page reached.
Android Tests (6)	UNKNOWN STEP	2026-02-25T20:07:54.2645826Z Tapping Go button...
Android Tests (6)	UNKNOWN STEP	2026-02-25T20:07:54.4599905Z Waiting for feed (Scrollable)...
Android Tests (6)	UNKNOWN STEP	2026-02-25T20:07:58.4798434Z Feed reached.
Android Tests (6)	UNKNOWN STEP	2026-02-25T20:07:59.9735307Z 02:02 +0 -1: /home/runner/work/substitution/substitution/integration_test/room_discovery_with_matrix_test.dart: Room Discovery & Subscription with Real Matrix Server Multiple test users can see the same rooms [E]
Android Tests (6)	UNKNOWN STEP	2026-02-25T20:07:59.9741415Z   TimeoutException after 0:02:00.000000: Test timed out after 2 minutes.
Android Tests (6)	UNKNOWN STEP	2026-02-25T20:07:59.9766662Z   dart:isolate  _RawReceivePort._handleMessage
Android Tests (6)	UNKNOWN STEP	2026-02-25T20:07:59.9772215Z   
Android Tests (6)	UNKNOWN STEP	2026-02-25T20:08:00.7368783Z   'package:flutter_test/src/binding.dart': Failed assertion: line 2781 pos 12: '_pendingFrame == null': is not true.
Android Tests (6)	UNKNOWN STEP	2026-02-25T20:08:00.7372391Z   dart:core                                                                  _AssertionError._throwNew
Android Tests (6)	UNKNOWN STEP	2026-02-25T20:08:00.7373715Z   package:flutter_test/src/binding.dart 2781:12                              LiveTestWidgetsFlutterBinding.postTest
Android Tests (6)	UNKNOWN STEP	2026-02-25T20:08:00.7377043Z   ===== asynchronous gap ===========================
Android Tests (6)	UNKNOWN STEP	2026-02-25T20:08:00.7380596Z   package:stream_channel                                                     _GuaranteeSink.add
Android Tests (6)	UNKNOWN STEP	2026-02-25T20:08:00.7381820Z   tmp/flutter_tools.OYIFMT/flutter_test_listener.MJKVAV/listener.dart 56:22  main.<fn>
Android Tests (6)	UNKNOWN STEP	2026-02-25T20:08:00.7385574Z   
Android Tests (6)	UNKNOWN STEP	2026-02-25T20:08:01.8392220Z checking room test_invite_only id: !tTMUeBLLJWdcynmEMc:test.matrix.local
Android Tests (6)	UNKNOWN STEP	2026-02-25T20:08:01.8507783Z checking room test_photos id: !mNssixUEZrfPjnCvFR:test.matrix.local
Android Tests (6)	UNKNOWN STEP	2026-02-25T20:08:01.8583250Z checking room test_art id: !iMdwaDdvnWIxayYkoT:test.matrix.local
Android Tests (6)	UNKNOWN STEP	2026-02-25T20:08:01.8703528Z checking room test_general id: !IYJzZvyOPgzeLecoJL:test.matrix.local
Android Tests (6)	UNKNOWN STEP	2026-02-25T20:08:01.8895342Z checking room test_avatar id: !PqaoqubENSmPirKoAO:test.matrix.local
Android Tests (6)	UNKNOWN STEP	2026-02-25T20:08:01.9019424Z start quering new events...
Android Tests (6)	UNKNOWN STEP	2026-02-25T20:08:01.9020224Z finished...
Android Tests (6)	UNKNOWN STEP	2026-02-25T20:08:01.9133850Z ret is empty...
Android Tests (6)	UNKNOWN STEP	2026-02-25T20:08:01.9145227Z no new things to append...
Android Tests (6)	UNKNOWN STEP	2026-02-25T20:08:02.3257194Z 02:04 +0 -1: /home/runner/work/substitution/substitution/integration_test/room_discovery_with_matrix_test.dart: (tearDownAll)
Android Tests (6)	UNKNOWN STEP	2026-02-25T20:08:08.7001331Z 02:11 +0 -1: loading /home/runner/work/substitution/substitution/integration_test/multi_user_correspondence_test.dart
Android Tests (6)	UNKNOWN STEP	2026-02-25T20:08:38.8503505Z Running Gradle task 'assembleDebug'...                             30.1s
Android Tests (6)	UNKNOWN STEP	2026-02-25T20:08:39.9895458Z ✓ Built build/app/outputs/flutter-apk/app-debug.apk
Android Tests (6)	UNKNOWN STEP	2026-02-25T20:08:57.0433527Z Installing build/app/outputs/flutter-apk/app-debug.apk...          16.5s
Android Tests (6)	UNKNOWN STEP	2026-02-25T20:09:36.1759975Z 03:38 +0 -1: /home/runner/work/substitution/substitution/integration_test/multi_user_correspondence_test.dart: (setUpAll)
Android Tests (6)	UNKNOWN STEP	2026-02-25T20:09:36.8652070Z 03:39 +0 -1: /home/runner/work/substitution/substitution/integration_test/multi_user_correspondence_test.dart: Multi-User Correspondence with Real Matrix Server STRICT: Reactions/replies preserve multi-user context
Android Tests (6)	UNKNOWN STEP	2026-02-25T20:09:48.3190640Z Waiting for globalMatrixClient to be initialized...
Android Tests (6)	UNKNOWN STEP	2026-02-25T20:09:51.2301845Z [90m[🌎 Easy Localization] [DEBUG] Localization initialized[0m
Android Tests (6)	UNKNOWN STEP	2026-02-25T20:09:51.3500245Z [Matrix] [32mInitialize client Substitution[0m
Android Tests (6)	UNKNOWN STEP	2026-02-25T20:09:51.9200092Z [Matrix] [32mUser is not logged in.[0m
Android Tests (6)	UNKNOWN STEP	2026-02-25T20:09:52.1236256Z [90m[🌎 Easy Localization] [DEBUG] Start[0m
Android Tests (6)	UNKNOWN STEP	2026-02-25T20:09:52.9277539Z [90m[🌎 Easy Localization] [DEBUG] Init state[0m
Android Tests (6)	UNKNOWN STEP	2026-02-25T20:09:52.9983713Z [90m[🌎 Easy Localization] [DEBUG] Build[0m
Android Tests (6)	UNKNOWN STEP	2026-02-25T20:09:53.0540617Z [90m[🌎 Easy Localization] [DEBUG] Init Localization Delegate[0m
Android Tests (6)	UNKNOWN STEP	2026-02-25T20:09:53.0964453Z [90m[🌎 Easy Localization] [DEBUG] Init provider[0m
Android Tests (6)	UNKNOWN STEP	2026-02-25T20:09:57.6932854Z [90m[🌎 Easy Localization] [DEBUG] Load Localization Delegate[0m
Android Tests (6)	UNKNOWN STEP	2026-02-25T20:09:57.7566697Z [90m[🌎 Easy Localization] [DEBUG] Load asset from assets/translations[0m
Android Tests (6)	UNKNOWN STEP	2026-02-25T20:10:01.9197373Z globalMatrixClient initialized!
Android Tests (6)	UNKNOWN STEP	2026-02-25T20:10:01.9922553Z Android detected: Translated localhost to http://10.0.2.2:8008
Android Tests (6)	UNKNOWN STEP	2026-02-25T20:10:02.0200117Z Step 1: Checking for Age Gate, Intro, or Login fields...
Android Tests (6)	UNKNOWN STEP	2026-02-25T20:10:02.5927786Z [90m[🌎 Easy Localization] [DEBUG] Build[0m
Android Tests (6)	UNKNOWN STEP	2026-02-25T20:10:02.6200003Z [90m[🌎 Easy Localization] [DEBUG] Init Localization Delegate[0m
Android Tests (6)	UNKNOWN STEP	2026-02-25T20:10:02.6202623Z [90m[🌎 Easy Localization] [DEBUG] Init provider[0m
Android Tests (6)	UNKNOWN STEP	2026-02-25T20:10:22.7625033Z Found screen! AgeGate: false, Intro: true, Username: false, Host: false
Android Tests (6)	UNKNOWN STEP	2026-02-25T20:10:22.8019955Z Step 2: Navigating through onboarding...
Android Tests (6)	UNKNOWN STEP	2026-02-25T20:10:26.4859674Z Tapping Next button at step 0...
Android Tests (6)	UNKNOWN STEP	2026-02-25T20:10:35.3011362Z Tapping Next button at step 1...
Android Tests (6)	UNKNOWN STEP	2026-02-25T20:10:45.3160034Z Reached target page at step 2. Host: true, Username: false
Android Tests (6)	UNKNOWN STEP	2026-02-25T20:10:45.3228610Z Onboarding navigation complete.
Android Tests (6)	UNKNOWN STEP	2026-02-25T20:10:45.3575650Z Step 3: Entering host URL: http://10.0.2.2:8008
Android Tests (6)	UNKNOWN STEP	2026-02-25T20:10:52.5111239Z Tapping host submit button...
Android Tests (6)	UNKNOWN STEP	2026-02-25T20:10:56.6237040Z Waiting for login page to appear...
Android Tests (6)	UNKNOWN STEP	2026-02-25T20:11:05.5094383Z Login page reached.
Android Tests (6)	UNKNOWN STEP	2026-02-25T20:11:05.5094807Z Step 4: Looking for login fields...
Android Tests (6)	UNKNOWN STEP	2026-02-25T20:11:05.6919418Z Entering username: testuser1
Android Tests (6)	UNKNOWN STEP	2026-02-25T20:11:10.7331861Z Entering password...
Android Tests (6)	UNKNOWN STEP	2026-02-25T20:11:14.3879001Z Tapping login submit button...
Android Tests (6)	UNKNOWN STEP	2026-02-25T20:11:17.1408708Z Step 5: Waiting for finished page (introGoButton)...
Android Tests (6)	UNKNOWN STEP	2026-02-25T20:11:17.9548249Z [Matrix] [32mInitialize client Substitution[0m
Android Tests (6)	UNKNOWN STEP	2026-02-25T20:11:21.0553693Z [Matrix] [32mSuccessfully connected as testuser1 with http://10.0.2.2:8008[0m
Android Tests (6)	UNKNOWN STEP	2026-02-25T20:11:31.6092054Z Finished page reached.
Android Tests (6)	UNKNOWN STEP	2026-02-25T20:11:31.6526569Z Tapping Go button...
Android Tests (6)	UNKNOWN STEP	2026-02-25T20:11:31.7792843Z Waiting for feed (Scrollable)...
Android Tests (6)	UNKNOWN STEP	2026-02-25T20:11:35.8491211Z Feed reached.
Android Tests (6)	UNKNOWN STEP	2026-02-25T20:11:35.8591994Z ⚠ listItems not found (MUST show messages as list items) - skipping
Android Tests (6)	UNKNOWN STEP	2026-02-25T20:11:37.3266604Z 05:39 +1 -1: /home/runner/work/substitution/substitution/integration_test/multi_user_correspondence_test.dart: (tearDownAll)
Android Tests (6)	UNKNOWN STEP	2026-02-25T20:11:41.6943823Z 05:44 +1 -1: loading /home/runner/work/substitution/substitution/integration_test/feed_merging_test.dart
Android Tests (6)	UNKNOWN STEP	2026-02-25T20:12:11.7521379Z Running Gradle task 'assembleDebug'...                             30.0s
Android Tests (6)	UNKNOWN STEP	2026-02-25T20:12:12.6158916Z ✓ Built build/app/outputs/flutter-apk/app-debug.apk
Android Tests (6)	UNKNOWN STEP	2026-02-25T20:12:25.7949445Z Installing build/app/outputs/flutter-apk/app-debug.apk...          12.7s
Android Tests (6)	UNKNOWN STEP	2026-02-25T20:13:08.6212281Z 07:11 +1 -1: loading /home/runner/work/substitution/substitution/integration_test/followfeeds_with_matrix_test.dart
Android Tests (6)	UNKNOWN STEP	2026-02-25T20:13:38.0441962Z Running Gradle task 'assembleDebug'...                             29.4s
Android Tests (6)	UNKNOWN STEP	2026-02-25T20:13:38.9164250Z ✓ Built build/app/outputs/flutter-apk/app-debug.apk
Android Tests (6)	UNKNOWN STEP	2026-02-25T20:13:52.2296664Z Installing build/app/outputs/flutter-apk/app-debug.apk...          12.6s
Android Tests (6)	UNKNOWN STEP	2026-02-25T20:14:40.7996252Z 08:43 +1 -1: loading /home/runner/work/substitution/substitution/integration_test/onboarding_and_login_test.dart
Android Tests (6)	UNKNOWN STEP	2026-02-25T20:15:10.1083467Z Running Gradle task 'assembleDebug'...                             29.3s
Android Tests (6)	UNKNOWN STEP	2026-02-25T20:15:11.0015037Z ✓ Built build/app/outputs/flutter-apk/app-debug.apk
Android Tests (6)	UNKNOWN STEP	2026-02-25T20:15:24.0613619Z Installing build/app/outputs/flutter-apk/app-debug.apk...          12.6s
Android Tests (6)	UNKNOWN STEP	2026-02-25T20:16:12.5179393Z 10:15 +1 -1: loading /home/runner/work/substitution/substitution/integration_test/profile_edit_test.dart
Android Tests (6)	UNKNOWN STEP	2026-02-25T20:16:32.6935032Z Running Gradle task 'assembleDebug'...                             20.2s
Android Tests (6)	UNKNOWN STEP	2026-02-25T20:16:33.5437227Z ✓ Built build/app/outputs/flutter-apk/app-debug.apk
Android Tests (6)	UNKNOWN STEP	2026-02-25T20:16:46.8577470Z Installing build/app/outputs/flutter-apk/app-debug.apk...          12.8s
Android Tests (6)	UNKNOWN STEP	2026-02-25T20:17:28.2082886Z 11:30 +1 -1: loading /home/runner/work/substitution/substitution/integration_test/feed_with_matrix_test.dart
Android Tests (6)	UNKNOWN STEP	2026-02-25T20:17:57.2387210Z Running Gradle task 'assembleDebug'...                             29.0s
Android Tests (6)	UNKNOWN STEP	2026-02-25T20:17:58.4019927Z ✓ Built build/app/outputs/flutter-apk/app-debug.apk
Android Tests (6)	UNKNOWN STEP	2026-02-25T20:18:15.5699760Z Installing build/app/outputs/flutter-apk/app-debug.apk...          16.7s
Android Tests (6)	UNKNOWN STEP	2026-02-25T20:18:58.0670745Z 13:00 +1 -1: /home/runner/work/substitution/substitution/integration_test/feed_with_matrix_test.dart: (setUpAll)
Android Tests (6)	UNKNOWN STEP	2026-02-25T20:18:58.6662236Z 13:01 +1 -1: /home/runner/work/substitution/substitution/integration_test/feed_with_matrix_test.dart: Feed with Real Matrix Server Feed excludes test_art room (empty room)
Android Tests (6)	UNKNOWN STEP	2026-02-25T20:19:12.4689508Z Waiting for globalMatrixClient to be initialized...
Android Tests (6)	UNKNOWN STEP	2026-02-25T20:19:15.4945271Z [90m[🌎 Easy Localization] [DEBUG] Localization initialized[0m
Android Tests (6)	UNKNOWN STEP	2026-02-25T20:19:15.6488261Z [Matrix] [32mInitialize client Substitution[0m
Android Tests (6)	UNKNOWN STEP	2026-02-25T20:19:15.8795528Z [Matrix] [32mUser is not logged in.[0m
Android Tests (6)	UNKNOWN STEP	2026-02-25T20:19:16.1340560Z [90m[🌎 Easy Localization] [DEBUG] Start[0m
Android Tests (6)	UNKNOWN STEP	2026-02-25T20:19:16.5684145Z [90m[🌎 Easy Localization] [DEBUG] Init state[0m
Android Tests (6)	UNKNOWN STEP	2026-02-25T20:19:16.6369524Z [90m[🌎 Easy Localization] [DEBUG] Build[0m
Android Tests (6)	UNKNOWN STEP	2026-02-25T20:19:16.6549767Z [90m[🌎 Easy Localization] [DEBUG] Init Localization Delegate[0m
Android Tests (6)	UNKNOWN STEP	2026-02-25T20:19:16.6820927Z [90m[🌎 Easy Localization] [DEBUG] Init provider[0m
Android Tests (6)	UNKNOWN STEP	2026-02-25T20:19:21.9977299Z [90m[🌎 Easy Localization] [DEBUG] Load Localization Delegate[0m
Android Tests (6)	UNKNOWN STEP	2026-02-25T20:19:22.0173084Z [90m[🌎 Easy Localization] [DEBUG] Load asset from assets/translations[0m
Android Tests (6)	UNKNOWN STEP	2026-02-25T20:19:26.3777682Z globalMatrixClient initialized!
Android Tests (6)	UNKNOWN STEP	2026-02-25T20:19:26.4123210Z Android detected: Translated localhost to http://10.0.2.2:8008
Android Tests (6)	UNKNOWN STEP	2026-02-25T20:19:26.4123964Z Step 1: Checking for Age Gate, Intro, or Login fields...
Android Tests (6)	UNKNOWN STEP	2026-02-25T20:19:27.0748755Z [90m[🌎 Easy Localization] [DEBUG] Build[0m
Android Tests (6)	UNKNOWN STEP	2026-02-25T20:19:27.0749632Z [90m[🌎 Easy Localization] [DEBUG] Init Localization Delegate[0m
Android Tests (6)	UNKNOWN STEP	2026-02-25T20:19:27.1348119Z [90m[🌎 Easy Localization] [DEBUG] Init provider[0m
Android Tests (6)	UNKNOWN STEP	2026-02-25T20:19:47.5372286Z Found screen! AgeGate: false, Intro: true, Username: false, Host: false
Android Tests (6)	UNKNOWN STEP	2026-02-25T20:19:47.5879646Z Step 2: Navigating through onboarding...
Android Tests (6)	UNKNOWN STEP	2026-02-25T20:19:51.3629401Z Tapping Next button at step 0...
Android Tests (6)	UNKNOWN STEP	2026-02-25T20:20:00.1835363Z Tapping Next button at step 1...
Android Tests (6)	UNKNOWN STEP	2026-02-25T20:20:10.2110014Z Reached target page at step 2. Host: true, Username: false
Android Tests (6)	UNKNOWN STEP	2026-02-25T20:20:10.2871986Z Onboarding navigation complete.
Android Tests (6)	UNKNOWN STEP	2026-02-25T20:20:10.3591333Z Step 3: Entering host URL: http://10.0.2.2:8008
Android Tests (6)	UNKNOWN STEP	2026-02-25T20:20:17.9192504Z Tapping host submit button...
Android Tests (6)	UNKNOWN STEP	2026-02-25T20:20:21.5730852Z Waiting for login page to appear...
Android Tests (6)	UNKNOWN STEP	2026-02-25T20:20:33.8328374Z Login page reached.
Android Tests (6)	UNKNOWN STEP	2026-02-25T20:20:33.8329289Z Step 4: Looking for login fields...
Android Tests (6)	UNKNOWN STEP	2026-02-25T20:20:33.9546025Z Entering username: testuser1
Android Tests (6)	UNKNOWN STEP	2026-02-25T20:20:38.6283787Z Entering password...
Android Tests (6)	UNKNOWN STEP	2026-02-25T20:20:42.1524183Z Tapping login submit button...
Android Tests (6)	UNKNOWN STEP	2026-02-25T20:20:44.8465474Z Step 5: Waiting for finished page (introGoButton)...
Android Tests (6)	UNKNOWN STEP	2026-02-25T20:20:46.0040851Z [Matrix] [32mInitialize client Substitution[0m
Android Tests (6)	UNKNOWN STEP	2026-02-25T20:20:49.1863578Z [Matrix] [32mSuccessfully connected as testuser1 with http://10.0.2.2:8008[0m
Android Tests (6)	UNKNOWN STEP	2026-02-25T20:21:01.1698423Z 15:03 +1 -2: /home/runner/work/substitution/substitution/integration_test/feed_with_matrix_test.dart: Feed with Real Matrix Server Feed excludes test_art room (empty room) [E]
Android Tests (6)	UNKNOWN STEP	2026-02-25T20:21:01.1700538Z   TimeoutException after 0:02:00.000000: Test timed out after 2 minutes.
Android Tests (6)	UNKNOWN STEP	2026-02-25T20:21:01.1701594Z   dart:isolate  _RawReceivePort._handleMessage
Android Tests (6)	UNKNOWN STEP	2026-02-25T20:21:01.1702097Z   
Android Tests (6)	UNKNOWN STEP	2026-02-25T20:21:01.7017242Z   'package:flutter_test/src/binding.dart': Failed assertion: line 2781 pos 12: '_pendingFrame == null': is not true.
Android Tests (6)	UNKNOWN STEP	2026-02-25T20:21:01.7019113Z   dart:core                                                                  _AssertionError._throwNew
Android Tests (6)	UNKNOWN STEP	2026-02-25T20:21:01.7020290Z   package:flutter_test/src/binding.dart 2781:12                              LiveTestWidgetsFlutterBinding.postTest
Android Tests (6)	UNKNOWN STEP	2026-02-25T20:21:01.7021610Z   ===== asynchronous gap ===========================
Android Tests (6)	UNKNOWN STEP	2026-02-25T20:21:01.7022354Z   package:stream_channel                                                     _GuaranteeSink.add
Android Tests (6)	UNKNOWN STEP	2026-02-25T20:21:01.7023364Z   tmp/flutter_tools.OYIFMT/flutter_test_listener.EOHXXN/listener.dart 56:22  main.<fn>
Android Tests (6)	UNKNOWN STEP	2026-02-25T20:21:01.7024101Z   
Android Tests (6)	UNKNOWN STEP	2026-02-25T20:21:03.5183785Z Finished page reached.
Android Tests (6)	UNKNOWN STEP	2026-02-25T20:21:03.5311486Z Tapping Go button...
Android Tests (6)	UNKNOWN STEP	2026-02-25T20:21:03.8194353Z Waiting for feed (Scrollable)...
Android Tests (6)	UNKNOWN STEP	2026-02-25T20:21:19.4178006Z   'package:flutter_test/src/binding.dart': Failed assertion: line 1639 pos 14: '_parentZone != null': is not true.
Android Tests (6)	UNKNOWN STEP	2026-02-25T20:21:19.4196747Z   dart:core                                                   _AssertionError._throwNew
Android Tests (6)	UNKNOWN STEP	2026-02-25T20:21:19.4198311Z   package:flutter_test/src/binding.dart 1639:14               TestWidgetsFlutterBinding._runTest.handleUncaughtError
Android Tests (6)	UNKNOWN STEP	2026-02-25T20:21:19.4199649Z   package:flutter_test/src/binding.dart 1650:13               TestWidgetsFlutterBinding._runTest.<fn>
Android Tests (6)	UNKNOWN STEP	2026-02-25T20:21:19.4200547Z   ===== asynchronous gap ===========================
Android Tests (6)	UNKNOWN STEP	2026-02-25T20:21:19.4201141Z   dart:async                                                  scheduleMicrotask
Android Tests (6)	UNKNOWN STEP	2026-02-25T20:21:19.4202018Z   package:flutter/src/widgets/focus_manager.dart 1931:5       FocusManager._markNeedsUpdate
Android Tests (6)	UNKNOWN STEP	2026-02-25T20:21:19.4203103Z   package:flutter/src/widgets/focus_manager.dart 1908:7       FocusManager._markNextFocus
Android Tests (6)	UNKNOWN STEP	2026-02-25T20:21:19.4204137Z   package:flutter/src/widgets/focus_manager.dart 994:17       FocusNode._markNextFocus
Android Tests (6)	UNKNOWN STEP	2026-02-25T20:21:19.4205195Z   package:flutter/src/widgets/focus_manager.dart 1510:9       FocusScopeNode._doRequestFocus
Android Tests (6)	UNKNOWN STEP	2026-02-25T20:21:19.4206220Z   package:flutter/src/widgets/focus_manager.dart 1457:13      FocusScopeNode.setFirstFocus
Android Tests (6)	UNKNOWN STEP	2026-02-25T20:21:19.4207438Z   package:flutter/src/widgets/routes.dart 1140:50             _ModalScopeState._updateFocusScopeNode
Android Tests (6)	UNKNOWN STEP	2026-02-25T20:21:19.4208468Z   package:flutter/src/widgets/routes.dart 1119:5              _ModalScopeState.didChangeDependencies
Android Tests (6)	UNKNOWN STEP	2026-02-25T20:21:19.4209469Z   package:flutter/src/widgets/framework.dart 5968:11          StatefulElement._firstBuild
Android Tests (6)	UNKNOWN STEP	2026-02-25T20:21:19.4210489Z   package:flutter/src/widgets/framework.dart 5793:5           ComponentElement.mount
Android Tests (6)	UNKNOWN STEP	2026-02-25T20:21:19.4211470Z   package:flutter/src/widgets/framework.dart 4587:20          Element.inflateWidget
Android Tests (6)	UNKNOWN STEP	2026-02-25T20:21:19.4212756Z   package:flutter/src/widgets/framework.dart 4059:18          Element.updateChild
Android Tests (6)	UNKNOWN STEP	2026-02-25T20:21:19.4213772Z   package:flutter/src/widgets/framework.dart 7115:14          SingleChildRenderObjectElement.mount
Android Tests (6)	UNKNOWN STEP	2026-02-25T20:21:19.4214838Z   package:flutter/src/widgets/framework.dart 4587:20          Element.inflateWidget
Android Tests (6)	UNKNOWN STEP	2026-02-25T20:21:19.4215798Z   package:flutter/src/widgets/framework.dart 4059:18          Element.updateChild
Android Tests (6)	UNKNOWN STEP	2026-02-25T20:21:19.4217031Z   package:flutter/src/widgets/framework.dart 5841:16          ComponentElement.performRebuild
Android Tests (6)	UNKNOWN STEP	2026-02-25T20:21:19.4218098Z   package:flutter/src/widgets/framework.dart 5529:7           Element.rebuild
Android Tests (6)	UNKNOWN STEP	2026-02-25T20:21:19.4219055Z   package:flutter/src/widgets/framework.dart 5799:5           ComponentElement._firstBuild
Android Tests (6)	UNKNOWN STEP	2026-02-25T20:21:19.4219964Z   package:flutter/src/widgets/framework.dart 5793:5           ComponentElement.mount
Android Tests (6)	UNKNOWN STEP	2026-02-25T20:21:19.4220948Z   package:flutter/src/widgets/framework.dart 4587:20          Element.inflateWidget
Android Tests (6)	UNKNOWN STEP	2026-02-25T20:21:19.4221934Z   package:flutter/src/widgets/framework.dart 4059:18          Element.updateChild
Android Tests (6)	UNKNOWN STEP	2026-02-25T20:21:19.4222926Z   package:flutter/src/widgets/framework.dart 5841:16          ComponentElement.performRebuild
Android Tests (6)	UNKNOWN STEP	2026-02-25T20:21:19.4223873Z   package:flutter/src/widgets/framework.dart 5529:7           Element.rebuild
Android Tests (6)	UNKNOWN STEP	2026-02-25T20:21:19.4224749Z   package:flutter/src/widgets/framework.dart 5799:5           ComponentElement._firstBuild
Android Tests (6)	UNKNOWN STEP	2026-02-25T20:21:19.4225675Z   package:flutter/src/widgets/framework.dart 5793:5           ComponentElement.mount
Android Tests (6)	UNKNOWN STEP	2026-02-25T20:21:19.4227117Z   package:flutter/src/widgets/framework.dart 4587:20          Element.inflateWidget
Android Tests (6)	UNKNOWN STEP	2026-02-25T20:21:19.4228010Z   package:flutter/src/widgets/framework.dart 4059:18          Element.updateChild
Android Tests (6)	UNKNOWN STEP	2026-02-25T20:21:19.4228976Z   package:flutter/src/widgets/framework.dart 5841:16          ComponentElement.performRebuild
Android Tests (6)	UNKNOWN STEP	2026-02-25T20:21:19.4229945Z   package:flutter/src/widgets/framework.dart 5529:7           Element.rebuild
Android Tests (6)	UNKNOWN STEP	2026-02-25T20:21:19.4230859Z   package:flutter/src/widgets/framework.dart 5799:5           ComponentElement._firstBuild
Android Tests (6)	UNKNOWN STEP	2026-02-25T20:21:19.4231833Z   package:flutter/src/widgets/framework.dart 5793:5           ComponentElement.mount
Android Tests (6)	UNKNOWN STEP	2026-02-25T20:21:19.4232758Z   package:flutter/src/widgets/framework.dart 4587:20          Element.inflateWidget
Android Tests (6)	UNKNOWN STEP	2026-02-25T20:21:19.4233697Z   package:flutter/src/widgets/framework.dart 4059:18          Element.updateChild
Android Tests (6)	UNKNOWN STEP	2026-02-25T20:21:19.4234674Z   package:flutter/src/widgets/framework.dart 5841:16          ComponentElement.performRebuild
Android Tests (6)	UNKNOWN STEP	2026-02-25T20:21:19.4235773Z   package:flutter/src/widgets/framework.dart 5982:11          StatefulElement.performRebuild
Android Tests (6)	UNKNOWN STEP	2026-02-25T20:21:19.4236736Z   package:flutter/src/widgets/framework.dart 5529:7           Element.rebuild
Android Tests (6)	UNKNOWN STEP	2026-02-25T20:21:19.4237891Z   package:flutter/src/widgets/framework.dart 5799:5           ComponentElement._firstBuild
Android Tests (6)	UNKNOWN STEP	2026-02-25T20:21:19.4238899Z   package:flutter/src/widgets/framework.dart 5973:11          StatefulElement._firstBuild
Android Tests (6)	UNKNOWN STEP	2026-02-25T20:21:19.4239859Z   package:flutter/src/widgets/framework.dart 5793:5           ComponentElement.mount
Android Tests (6)	UNKNOWN STEP	2026-02-25T20:21:19.4240773Z   package:flutter/src/widgets/framework.dart 4587:20          Element.inflateWidget
Android Tests (6)	UNKNOWN STEP	2026-02-25T20:21:19.4241688Z   package:flutter/src/widgets/framework.dart 4059:18          Element.updateChild
Android Tests (6)	UNKNOWN STEP	2026-02-25T20:21:19.4242628Z   package:flutter/src/widgets/framework.dart 5841:16          ComponentElement.performRebuild
Android Tests (6)	UNKNOWN STEP	2026-02-25T20:21:19.4243691Z   package:flutter/src/widgets/framework.dart 5982:11          StatefulElement.performRebuild
Android Tests (6)	UNKNOWN STEP	2026-02-25T20:21:19.4244626Z   package:flutter/src/widgets/framework.dart 5529:7           Element.rebuild
Android Tests (6)	UNKNOWN STEP	2026-02-25T20:21:19.4245569Z   package:flutter/src/widgets/framework.dart 5799:5           ComponentElement._firstBuild
Android Tests (6)	UNKNOWN STEP	2026-02-25T20:21:19.4246617Z   package:flutter/src/widgets/framework.dart 5973:11          StatefulElement._firstBuild
Android Tests (6)	UNKNOWN STEP	2026-02-25T20:21:19.4248018Z   package:flutter/src/widgets/framework.dart 5793:5           ComponentElement.mount
Android Tests (6)	UNKNOWN STEP	2026-02-25T20:21:19.4248972Z   package:flutter/src/widgets/framework.dart 4587:20          Element.inflateWidget
Android Tests (6)	UNKNOWN STEP	2026-02-25T20:21:19.4249989Z   package:flutter/src/widgets/framework.dart 7264:36          MultiChildRenderObjectElement.inflateWidget
Android Tests (6)	UNKNOWN STEP	2026-02-25T20:21:19.4250974Z   package:flutter/src/widgets/framework.dart 4059:18          Element.updateChild
Android Tests (6)	UNKNOWN STEP	2026-02-25T20:21:19.4251829Z   package:flutter/src/widgets/framework.dart 4255:32          Element.updateChildren
Android Tests (6)	UNKNOWN STEP	2026-02-25T20:21:19.4252817Z   package:flutter/src/widgets/framework.dart 7295:17          MultiChildRenderObjectElement.update
Android Tests (6)	UNKNOWN STEP	2026-02-25T20:21:19.4253882Z   package:flutter/src/widgets/framework.dart 4037:15          Element.updateChild
Android Tests (6)	UNKNOWN STEP	2026-02-25T20:21:19.4254875Z   package:flutter/src/widgets/framework.dart 5841:16          ComponentElement.performRebuild
Android Tests (6)	UNKNOWN STEP	2026-02-25T20:21:19.4255990Z   package:flutter/src/widgets/framework.dart 5982:11          StatefulElement.performRebuild
Android Tests (6)	UNKNOWN STEP	2026-02-25T20:21:19.4257159Z   package:flutter/src/widgets/framework.dart 5529:7           Element.rebuild
Android Tests (6)	UNKNOWN STEP	2026-02-25T20:21:19.4258101Z   package:flutter/src/widgets/framework.dart 6007:5           StatefulElement.update
Android Tests (6)	UNKNOWN STEP	2026-02-25T20:21:19.4259063Z   package:flutter/src/widgets/framework.dart 4037:15          Element.updateChild
Android Tests (6)	UNKNOWN STEP	2026-02-25T20:21:19.4260086Z   package:flutter/src/widgets/framework.dart 5841:16          ComponentElement.performRebuild
Android Tests (6)	UNKNOWN STEP	2026-02-25T20:21:19.4261063Z   package:flutter/src/widgets/framework.dart 5529:7           Element.rebuild
Android Tests (6)	UNKNOWN STEP	2026-02-25T20:21:19.4261976Z   package:flutter/src/widgets/framework.dart 6149:5           ProxyElement.update
Android Tests (6)	UNKNOWN STEP	2026-02-25T20:21:19.4263218Z   package:flutter/src/widgets/framework.dart 4037:15          Element.updateChild
Android Tests (6)	UNKNOWN STEP	2026-02-25T20:21:19.4264281Z   package:flutter/src/widgets/framework.dart 5841:16          ComponentElement.performRebuild
Android Tests (6)	UNKNOWN STEP	2026-02-25T20:21:19.4265246Z   package:flutter/src/widgets/framework.dart 5529:7           Element.rebuild
Android Tests (6)	UNKNOWN STEP	2026-02-25T20:21:19.4266075Z   package:flutter/src/widgets/framework.dart 6149:5           ProxyElement.update
Android Tests (6)	UNKNOWN STEP	2026-02-25T20:21:19.4267194Z   package:flutter/src/widgets/inherited_notifier.dart 108:11  _InheritedNotifierElement.update
Android Tests (6)	UNKNOWN STEP	2026-02-25T20:21:19.4268223Z   package:flutter/src/widgets/framework.dart 4037:15          Element.updateChild
Android Tests (6)	UNKNOWN STEP	2026-02-25T20:21:19.4269274Z   package:flutter/src/widgets/framework.dart 5841:16          ComponentElement.performRebuild
Android Tests (6)	UNKNOWN STEP	2026-02-25T20:21:19.4270383Z   package:flutter/src/widgets/framework.dart 5982:11          StatefulElement.performRebuild
Android Tests (6)	UNKNOWN STEP	2026-02-25T20:21:19.4271292Z   package:flutter/src/widgets/framework.dart 5529:7           Element.rebuild
Android Tests (6)	UNKNOWN STEP	2026-02-25T20:21:19.4272115Z   package:flutter/src/widgets/framework.dart 6007:5           StatefulElement.update
Android Tests (6)	UNKNOWN STEP	2026-02-25T20:21:19.4272985Z   package:flutter/src/widgets/framework.dart 4037:15          Element.updateChild
Android Tests (6)	UNKNOWN STEP	2026-02-25T20:21:19.4273914Z   package:flutter/src/widgets/framework.dart 5841:16          ComponentElement.performRebuild
Android Tests (6)	UNKNOWN STEP	2026-02-25T20:21:19.4274813Z   package:flutter/src/widgets/framework.dart 5529:7           Element.rebuild
Android Tests (6)	UNKNOWN STEP	2026-02-25T20:21:19.4275669Z   package:flutter/src/widgets/framework.dart 6149:5           ProxyElement.update
Android Tests (6)	UNKNOWN STEP	2026-02-25T20:21:19.4276631Z   package:flutter/src/widgets/inherited_notifier.dart 108:11  _InheritedNotifierElement.update
Android Tests (6)	UNKNOWN STEP	2026-02-25T20:21:19.4277700Z   package:flutter/src/widgets/framework.dart 4037:15          Element.updateChild
Android Tests (6)	UNKNOWN STEP	2026-02-25T20:21:19.4278557Z   package:flutter/src/widgets/framework.dart 5841:16          ComponentElement.performRebuild
Android Tests (6)	UNKNOWN STEP	2026-02-25T20:21:19.4279568Z   package:flutter/src/widgets/framework.dart 5982:11          StatefulElement.performRebuild
Android Tests (6)	UNKNOWN STEP	2026-02-25T20:21:19.4280453Z   package:flutter/src/widgets/framework.dart 5529:7           Element.rebuild
Android Tests (6)	UNKNOWN STEP	2026-02-25T20:21:19.4281281Z   package:flutter/src/widgets/framework.dart 6007:5           StatefulElement.update
Android Tests (6)	UNKNOWN STEP	2026-02-25T20:21:19.4282222Z   package:flutter/src/widgets/framework.dart 4037:15          Element.updateChild
Android Tests (6)	UNKNOWN STEP	2026-02-25T20:21:19.4283425Z   package:flutter/src/widgets/framework.dart 5841:16          ComponentElement.performRebuild
Android Tests (6)	UNKNOWN STEP	2026-02-25T20:21:19.4284538Z   package:flutter/src/widgets/framework.dart 5982:11          StatefulElement.performRebuild
Android Tests (6)	UNKNOWN STEP	2026-02-25T20:21:19.4285516Z   package:flutter/src/widgets/framework.dart 5529:7           Element.rebuild
Android Tests (6)	UNKNOWN STEP	2026-02-25T20:21:19.4286413Z   package:flutter/src/widgets/framework.dart 6007:5           StatefulElement.update
Android Tests (6)	UNKNOWN STEP	2026-02-25T20:21:19.4287610Z   package:flutter/src/widgets/framework.dart 4037:15          Element.updateChild
Android Tests (6)	UNKNOWN STEP	2026-02-25T20:21:19.4288568Z   package:flutter/src/widgets/framework.dart 7122:14          SingleChildRenderObjectElement.update
Android Tests (6)	UNKNOWN STEP	2026-02-25T20:21:19.4289554Z   package:flutter/src/widgets/framework.dart 4037:15          Element.updateChild
Android Tests (6)	UNKNOWN STEP	2026-02-25T20:21:19.4290523Z   package:flutter/src/widgets/framework.dart 7122:14          SingleChildRenderObjectElement.update
Android Tests (6)	UNKNOWN STEP	2026-02-25T20:21:19.4291568Z   package:flutter/src/widgets/framework.dart 4037:15          Element.updateChild
Android Tests (6)	UNKNOWN STEP	2026-02-25T20:21:19.4292575Z   package:flutter/src/widgets/framework.dart 5841:16          ComponentElement.performRebuild
Android Tests (6)	UNKNOWN STEP	2026-02-25T20:21:19.4293543Z   package:flutter/src/widgets/framework.dart 5529:7           Element.rebuild
Android Tests (6)	UNKNOWN STEP	2026-02-25T20:21:19.4294422Z   package:flutter/src/widgets/framework.dart 6149:5           ProxyElement.update
Android Tests (6)	UNKNOWN STEP	2026-02-25T20:21:19.4295350Z   package:flutter/src/widgets/framework.dart 4037:15          Element.updateChild
Android Tests (6)	UNKNOWN STEP	2026-02-25T20:21:19.4296360Z   package:flutter/src/widgets/framework.dart 5841:16          ComponentElement.performRebuild
Android Tests (6)	UNKNOWN STEP	2026-02-25T20:21:19.4297739Z   package:flutter/src/widgets/framework.dart 5529:7           Element.rebuild
Android Tests (6)	UNKNOWN STEP	2026-02-25T20:21:19.4298588Z   package:flutter/src/widgets/framework.dart 6149:5           ProxyElement.update
Android Tests (6)	UNKNOWN STEP	2026-02-25T20:21:19.4299451Z   package:flutter/src/widgets/framework.dart 4037:15          Element.updateChild
Android Tests (6)	UNKNOWN STEP	2026-02-25T20:21:19.4300368Z   package:flutter/src/widgets/framework.dart 5841:16          ComponentElement.performRebuild
Android Tests (6)	UNKNOWN STEP	2026-02-25T20:21:19.4301366Z   package:flutter/src/widgets/framework.dart 5982:11          StatefulElement.performRebuild
Android Tests (6)	UNKNOWN STEP	2026-02-25T20:21:19.4302283Z   package:flutter/src/widgets/framework.dart 5529:7           Element.rebuild
Android Tests (6)	UNKNOWN STEP	2026-02-25T20:21:19.4303135Z   package:flutter/src/widgets/framework.dart 6007:5           StatefulElement.update
Android Tests (6)	UNKNOWN STEP	2026-02-25T20:21:19.4304024Z   package:flutter/src/widgets/framework.dart 4037:15          Element.updateChild
Android Tests (6)	UNKNOWN STEP	2026-02-25T20:21:19.4304976Z   package:flutter/src/widgets/framework.dart 5841:16          ComponentElement.performRebuild
Android Tests (6)	UNKNOWN STEP	2026-02-25T20:21:19.4305907Z   package:flutter/src/widgets/framework.dart 5529:7           Element.rebuild
Android Tests (6)	UNKNOWN STEP	2026-02-25T20:21:19.4306969Z   package:flutter/src/widgets/framework.dart 6149:5           ProxyElement.update
Android Tests (6)	UNKNOWN STEP	2026-02-25T20:21:19.4307886Z   package:flutter/src/widgets/framework.dart 4037:15          Element.updateChild
Android Tests (6)	UNKNOWN STEP	2026-02-25T20:21:19.4308938Z   package:flutter/src/widgets/framework.dart 5841:16          ComponentElement.performRebuild
Android Tests (6)	UNKNOWN STEP	2026-02-25T20:21:19.4309948Z   package:flutter/src/widgets/framework.dart 5529:7           Element.rebuild
Android Tests (6)	UNKNOWN STEP	2026-02-25T20:21:19.4310832Z   package:flutter/src/widgets/framework.dart 6149:5           ProxyElement.update
Android Tests (6)	UNKNOWN STEP	2026-02-25T20:21:19.4311808Z   package:flutter/src/widgets/inherited_notifier.dart 108:11  _InheritedNotifierElement.update
Android Tests (6)	UNKNOWN STEP	2026-02-25T20:21:19.4312834Z   package:flutter/src/widgets/framework.dart 4037:15          Element.updateChild
Android Tests (6)	UNKNOWN STEP	2026-02-25T20:21:19.4313842Z   package:flutter/src/widgets/framework.dart 5841:16          ComponentElement.performRebuild
Android Tests (6)	UNKNOWN STEP	2026-02-25T20:21:19.4314888Z   package:flutter/src/widgets/framework.dart 5982:11          StatefulElement.performRebuild
Android Tests (6)	UNKNOWN STEP	2026-02-25T20:21:19.4315833Z   package:flutter/src/widgets/framework.dart 5529:7           Element.rebuild
Android Tests (6)	UNKNOWN STEP	2026-02-25T20:21:19.4316712Z   package:flutter/src/widgets/framework.dart 6007:5           StatefulElement.update
Android Tests (6)	UNKNOWN STEP	2026-02-25T20:21:19.4318048Z   package:flutter/src/widgets/framework.dart 4037:15          Element.updateChild
Android Tests (6)	UNKNOWN STEP	2026-02-25T20:21:19.4319012Z   package:flutter/src/widgets/framework.dart 5841:16          ComponentElement.performRebuild
Android Tests (6)	UNKNOWN STEP	2026-02-25T20:21:19.4319950Z   package:flutter/src/widgets/framework.dart 5529:7           Element.rebuild
Android Tests (6)	UNKNOWN STEP	2026-02-25T20:21:19.4320832Z   package:flutter/src/widgets/framework.dart 6149:5           ProxyElement.update
Android Tests (6)	UNKNOWN STEP	2026-02-25T20:21:19.4321746Z   package:flutter/src/widgets/framework.dart 4037:15          Element.updateChild
Android Tests (6)	UNKNOWN STEP	2026-02-25T20:21:19.4322748Z   package:flutter/src/widgets/framework.dart 5841:16          ComponentElement.performRebuild
Android Tests (6)	UNKNOWN STEP	2026-02-25T20:21:19.4323726Z   package:flutter/src/widgets/framework.dart 5529:7           Element.rebuild
Android Tests (6)	UNKNOWN STEP	2026-02-25T20:21:19.4324684Z   package:flutter/src/widgets/framework.dart 5895:5           StatelessElement.update
Android Tests (6)	UNKNOWN STEP	2026-02-25T20:21:19.4325655Z   package:flutter/src/widgets/framework.dart 4037:15          Element.updateChild
Android Tests (6)	UNKNOWN STEP	2026-02-25T20:21:19.4326655Z   package:flutter/src/widgets/framework.dart 5841:16          ComponentElement.performRebuild
Android Tests (6)	UNKNOWN STEP	2026-02-25T20:21:19.4327877Z   package:flutter/src/widgets/framework.dart 5529:7           Element.rebuild
Android Tests (6)	UNKNOWN STEP	2026-02-25T20:21:19.4328746Z   package:flutter/src/widgets/framework.dart 6149:5           ProxyElement.update
Android Tests (6)	UNKNOWN STEP	2026-02-25T20:21:19.4329677Z   package:flutter/src/widgets/framework.dart 4037:15          Element.updateChild
Android Tests (6)	UNKNOWN STEP	2026-02-25T20:21:19.4330638Z   package:flutter/src/widgets/framework.dart 5841:16          ComponentElement.performRebuild
Android Tests (6)	UNKNOWN STEP	2026-02-25T20:21:19.4331587Z   package:flutter/src/widgets/framework.dart 5529:7           Element.rebuild
Android Tests (6)	UNKNOWN STEP	2026-02-25T20:21:19.4332628Z   package:flutter/src/widgets/framework.dart 6149:5           ProxyElement.update
Android Tests (6)	UNKNOWN STEP	2026-02-25T20:21:19.4333579Z   package:flutter/src/widgets/framework.dart 4037:15          Element.updateChild
Android Tests (6)	UNKNOWN STEP	2026-02-25T20:21:19.4334608Z   package:flutter/src/widgets/framework.dart 5841:16          ComponentElement.performRebuild
Android Tests (6)	UNKNOWN STEP	2026-02-25T20:21:19.4335698Z   package:flutter/src/widgets/framework.dart 5982:11          StatefulElement.performRebuild
Android Tests (6)	UNKNOWN STEP	2026-02-25T20:21:19.4336657Z   package:flutter/src/widgets/framework.dart 5529:7           Element.rebuild
Android Tests (6)	UNKNOWN STEP	2026-02-25T20:21:19.4337746Z   package:flutter/src/widgets/framework.dart 2750:15          BuildScope._tryRebuild
Android Tests (6)	UNKNOWN STEP	2026-02-25T20:21:19.4338757Z   package:flutter/src/widgets/framework.dart 2807:11          BuildScope._flushDirtyElements
Android Tests (6)	UNKNOWN STEP	2026-02-25T20:21:19.4339777Z   package:flutter/src/widgets/framework.dart 3111:18          BuildOwner.buildScope
Android Tests (6)	UNKNOWN STEP	2026-02-25T20:21:19.4340757Z   package:flutter/src/widgets/binding.dart 1302:21            WidgetsBinding.drawFrame
Android Tests (6)	UNKNOWN STEP	2026-02-25T20:21:19.4341886Z   package:flutter/src/rendering/binding.dart 495:5            RendererBinding._handlePersistentFrameCallback
Android Tests (6)	UNKNOWN STEP	2026-02-25T20:21:19.4343099Z   package:flutter/src/scheduler/binding.dart 1430:15          SchedulerBinding._invokeFrameCallback
Android Tests (6)	UNKNOWN STEP	2026-02-25T20:21:19.4344213Z   package:flutter/src/scheduler/binding.dart 1345:9           SchedulerBinding.handleDrawFrame
Android Tests (6)	UNKNOWN STEP	2026-02-25T20:21:19.4345421Z   package:flutter_test/src/binding.dart 2511:13               LiveTestWidgetsFlutterBinding.handleDrawFrame
Android Tests (6)	UNKNOWN STEP	2026-02-25T20:21:19.4346528Z   package:flutter/src/scheduler/binding.dart 1198:5           SchedulerBinding._handleDrawFrame
Android Tests (6)	UNKNOWN STEP	2026-02-25T20:21:19.4347481Z   
Android Tests (6)	UNKNOWN STEP	2026-02-25T20:21:20.1383210Z 15:22 +1 -2: /home/runner/work/substitution/substitution/integration_test/feed_with_matrix_test.dart: (tearDownAll)
Android Tests (6)	UNKNOWN STEP	2026-02-25T20:21:20.5803768Z 15:23 +1 -2: /home/runner/work/substitution/substitution/integration_test/feed_with_matrix_test.dart: Feed with Real Matrix Server Feed excludes test_art room (empty room)
Android Tests (6)	UNKNOWN STEP	2026-02-25T20:21:20.5805305Z checking room test_invite_only id: !tTMUeBLLJWdcynmEMc:test.matrix.local
Android Tests (6)	UNKNOWN STEP	2026-02-25T20:21:20.5990156Z checking room test_photos id: !mNssixUEZrfPjnCvFR:test.matrix.local
Android Tests (6)	UNKNOWN STEP	2026-02-25T20:21:20.6185187Z checking room test_art id: !iMdwaDdvnWIxayYkoT:test.matrix.local
Android Tests (6)	UNKNOWN STEP	2026-02-25T20:21:20.6757896Z checking room test_general id: !IYJzZvyOPgzeLecoJL:test.matrix.local
Android Tests (6)	UNKNOWN STEP	2026-02-25T20:21:20.6759068Z checking room test_avatar id: !PqaoqubENSmPirKoAO:test.matrix.local
Android Tests (6)	UNKNOWN STEP	2026-02-25T20:21:20.6922350Z start quering new events...
Android Tests (6)	UNKNOWN STEP	2026-02-25T20:21:20.7204387Z finished...
Android Tests (6)	UNKNOWN STEP	2026-02-25T20:21:20.7205081Z ret is empty...
Android Tests (6)	UNKNOWN STEP	2026-02-25T20:21:20.7205511Z no new things to append...
Android Tests (6)	UNKNOWN STEP	2026-02-25T20:21:27.4790024Z 15:30 +1 -2: loading /home/runner/work/substitution/substitution/integration_test/login_debug_test.dart
Android Tests (6)	UNKNOWN STEP	2026-02-25T20:21:56.6108972Z Running Gradle task 'assembleDebug'...                             29.1s
Android Tests (6)	UNKNOWN STEP	2026-02-25T20:21:57.5007034Z ✓ Built build/app/outputs/flutter-apk/app-debug.apk
Android Tests (6)	UNKNOWN STEP	2026-02-25T20:22:10.9467899Z Installing build/app/outputs/flutter-apk/app-debug.apk...          13.0s
Android Tests (6)	UNKNOWN STEP	2026-02-25T20:22:53.3246674Z 16:55 +1 -2: loading /home/runner/work/substitution/substitution/integration_test/profile_view_test.dart
Android Tests (6)	UNKNOWN STEP	2026-02-25T20:23:13.5861107Z Running Gradle task 'assembleDebug'...                             20.2s
Android Tests (6)	UNKNOWN STEP	2026-02-25T20:23:14.4411557Z ✓ Built build/app/outputs/flutter-apk/app-debug.apk
Android Tests (6)	UNKNOWN STEP	2026-02-25T20:23:28.0469917Z Installing build/app/outputs/flutter-apk/app-debug.apk...          13.2s
Android Tests (6)	UNKNOWN STEP	2026-02-25T20:24:03.4658353Z Warning: A tag was used that wasn't specified in dart_test.yaml.
Android Tests (6)	UNKNOWN STEP	2026-02-25T20:24:03.4659031Z   integration was used in the suite itself
Android Tests (6)	UNKNOWN STEP	2026-02-25T20:24:03.4659364Z 
Android Tests (6)	UNKNOWN STEP	2026-02-25T20:24:06.4726029Z 18:09 +1 -2: loading /home/runner/work/substitution/substitution/integration_test/offline_test.dart
Android Tests (6)	UNKNOWN STEP	2026-02-25T20:24:26.1395239Z Running Gradle task 'assembleDebug'...                             19.6s
Android Tests (6)	UNKNOWN STEP	2026-02-25T20:24:27.0658477Z ✓ Built build/app/outputs/flutter-apk/app-debug.apk
Android Tests (6)	UNKNOWN STEP	2026-02-25T20:24:39.8458484Z Installing build/app/outputs/flutter-apk/app-debug.apk...          12.3s
Android Tests (6)	UNKNOWN STEP	2026-02-25T20:25:14.8471453Z Warning: A tag was used that wasn't specified in dart_test.yaml.
Android Tests (6)	UNKNOWN STEP	2026-02-25T20:25:14.8472376Z   integration was used in the suite itself
Android Tests (6)	UNKNOWN STEP	2026-02-25T20:25:14.8472761Z 
Android Tests (6)	UNKNOWN STEP	2026-02-25T20:25:18.5677339Z 19:21 +1 -2: loading /home/runner/work/substitution/substitution/integration_test/comment_nesting_test.dart
Android Tests (6)	UNKNOWN STEP	2026-02-25T20:25:46.6312869Z Running Gradle task 'assembleDebug'...                             28.0s
Android Tests (6)	UNKNOWN STEP	2026-02-25T20:25:47.7793241Z ✓ Built build/app/outputs/flutter-apk/app-debug.apk
Android Tests (6)	UNKNOWN STEP	2026-02-25T20:26:03.8663309Z Installing build/app/outputs/flutter-apk/app-debug.apk...          15.7s
Android Tests (6)	UNKNOWN STEP	2026-02-25T20:26:47.6832166Z 20:50 +1 -2: loading /home/runner/work/substitution/substitution/integration_test/refresh_logic_with_matrix_test.dart
Android Tests (6)	UNKNOWN STEP	2026-02-25T20:27:16.5233626Z Running Gradle task 'assembleDebug'...                             28.8s
Android Tests (6)	UNKNOWN STEP	2026-02-25T20:27:17.6678559Z ✓ Built build/app/outputs/flutter-apk/app-debug.apk
Android Tests (6)	UNKNOWN STEP	2026-02-25T20:27:34.2345773Z Installing build/app/outputs/flutter-apk/app-debug.apk...          16.1s
Android Tests (6)	UNKNOWN STEP	2026-02-25T20:28:16.0885523Z 22:18 +1 -2: loading /home/runner/work/substitution/substitution/integration_test/logout_test.dart
Android Tests (6)	UNKNOWN STEP	2026-02-25T20:28:44.3195817Z Running Gradle task 'assembleDebug'...                             28.2s
Android Tests (6)	UNKNOWN STEP	2026-02-25T20:28:45.1763271Z ✓ Built build/app/outputs/flutter-apk/app-debug.apk
Android Tests (6)	UNKNOWN STEP	2026-02-25T20:28:58.0606353Z Installing build/app/outputs/flutter-apk/app-debug.apk...          12.5s
Android Tests (6)	UNKNOWN STEP	2026-02-25T20:29:40.2286427Z 23:42 +1 -2: loading /home/runner/work/substitution/substitution/integration_test/registration_button_test.dart
Android Tests (6)	UNKNOWN STEP	2026-02-25T20:30:08.5342213Z Running Gradle task 'assembleDebug'...                             28.3s
Android Tests (6)	UNKNOWN STEP	2026-02-25T20:30:09.4141360Z ✓ Built build/app/outputs/flutter-apk/app-debug.apk
Android Tests (6)	UNKNOWN STEP	2026-02-25T20:30:22.8551577Z Installing build/app/outputs/flutter-apk/app-debug.apk...          13.0s
Android Tests (6)	UNKNOWN STEP	2026-02-25T20:31:06.7736338Z 25:09 +1 -2: loading /home/runner/work/substitution/substitution/integration_test/room_feed_test.dart
Android Tests (6)	UNKNOWN STEP	2026-02-25T20:31:26.8426128Z Running Gradle task 'assembleDebug'...                             20.0s
Android Tests (6)	UNKNOWN STEP	2026-02-25T20:31:27.6982803Z ✓ Built build/app/outputs/flutter-apk/app-debug.apk
Android Tests (6)	UNKNOWN STEP	2026-02-25T20:31:40.7616343Z Installing build/app/outputs/flutter-apk/app-debug.apk...          12.6s
Android Tests (6)	UNKNOWN STEP	2026-02-25T20:32:17.5788224Z Warning: A tag was used that wasn't specified in dart_test.yaml.
Android Tests (6)	UNKNOWN STEP	2026-02-25T20:32:17.5788898Z   integration was used in the suite itself
Android Tests (6)	UNKNOWN STEP	2026-02-25T20:32:17.5789123Z 
Android Tests (6)	UNKNOWN STEP	2026-02-25T20:32:21.5690182Z 26:24 +1 -2: loading /home/runner/work/substitution/substitution/integration_test/room_permissions_test.dart
Android Tests (6)	UNKNOWN STEP	2026-02-25T20:32:41.2850805Z Running Gradle task 'assembleDebug'...                             19.7s
Android Tests (6)	UNKNOWN STEP	2026-02-25T20:32:42.1936777Z ✓ Built build/app/outputs/flutter-apk/app-debug.apk
Android Tests (6)	UNKNOWN STEP	2026-02-25T20:32:55.0968101Z Installing build/app/outputs/flutter-apk/app-debug.apk...          12.5s
Android Tests (6)	UNKNOWN STEP	2026-02-25T20:33:27.2853631Z Running Gradle task 'assembleDebug'...                          Waiting for current test(s) to finish.
Android Tests (6)	UNKNOWN STEP	2026-02-25T20:33:27.2854575Z Press Control-C again to terminate immediately.
Android Tests (6)	UNKNOWN STEP	2026-02-25T20:33:37.8260040Z 
Android Tests (6)	UNKNOWN STEP	2026-02-25T20:33:37.8260642Z unhandled error during finalization of test:
Android Tests (6)	UNKNOWN STEP	2026-02-25T20:33:37.8261558Z /home/runner/work/substitution/substitution/integration_test/room_permissions_test.dart
Android Tests (6)	UNKNOWN STEP	2026-02-25T20:33:37.8263009Z PathNotFoundException: Deletion failed, path = '/tmp/flutter_tools.OYIFMT/flutter_test_listener.VREJLG' (OS Error: No such file or directory, errno = 2)
Android Tests (6)	UNKNOWN STEP	2026-02-25T20:33:37.8264268Z #0      _Directory._deleteSync (dart:io/directory_impl.dart:216:7)
Android Tests (6)	UNKNOWN STEP	2026-02-25T20:33:37.8265014Z #1      FileSystemEntity.deleteSync (dart:io/file_system_entity.dart:425:7)
Android Tests (6)	UNKNOWN STEP	2026-02-25T20:33:37.8266099Z #2      ForwardingFileSystemEntity.deleteSync (package:file/src/forwarding/forwarding_file_system_entity.dart:70:16)
Android Tests (6)	UNKNOWN STEP	2026-02-25T20:33:37.8267945Z #3      ErrorHandlingDirectory.deleteSync.<anonymous closure> (package:flutter_tools/src/base/error_handling_io.dart:451:22)
Android Tests (6)	UNKNOWN STEP	2026-02-25T20:33:37.8269689Z #4      _runSync (package:flutter_tools/src/base/error_handling_io.dart:552:14)
Android Tests (6)	UNKNOWN STEP	2026-02-25T20:33:37.8270704Z #5      ErrorHandlingDirectory.deleteSync (package:flutter_tools/src/base/error_handling_io.dart:450:12)
Android Tests (6)	UNKNOWN STEP	2026-02-25T20:33:37.8272281Z #6      FlutterPlatform._createListenerDart.<anonymous closure> (package:flutter_tools/src/test/flutter_platform.dart:787:15)
Android Tests (6)	UNKNOWN STEP	2026-02-25T20:33:37.8273797Z #7      FlutterPlatform._startTest.finalize (package:flutter_tools/src/test/flutter_platform.dart:592:26)
Android Tests (6)	UNKNOWN STEP	2026-02-25T20:33:37.8274800Z <asynchronous suspension>
Android Tests (6)	UNKNOWN STEP	2026-02-25T20:33:37.8275637Z #8      asyncGuard.<anonymous closure> (package:flutter_tools/src/base/async_guard.dart:108:24)
Android Tests (6)	UNKNOWN STEP	2026-02-25T20:33:37.8276561Z <asynchronous suspension>
Android Tests (6)	UNKNOWN STEP	2026-02-25T20:33:37.8277697Z 
Android Tests (6)	UNKNOWN STEP	2026-02-25T20:33:47.8354125Z [0;31m[ERROR][0m Android tests failed (exit 124, 2 failed)
Android Tests (6)	UNKNOWN STEP	2026-02-25T20:33:47.8361178Z [0;31m[ERROR][0m Android tests had failures
Android Tests (6)	UNKNOWN STEP	2026-02-25T20:33:47.8362205Z 
Android Tests (6)	UNKNOWN STEP	2026-02-25T20:33:47.8365505Z [1m══════════════════════════════════════════════════════════[0m
Android Tests (6)	UNKNOWN STEP	2026-02-25T20:33:47.8380153Z [1m  Test Results Summary[0m
Android Tests (6)	UNKNOWN STEP	2026-02-25T20:33:47.8381014Z [1m══════════════════════════════════════════════════════════[0m
Android Tests (6)	UNKNOWN STEP	2026-02-25T20:33:47.8381412Z 
Android Tests (6)	UNKNOWN STEP	2026-02-25T20:33:47.8381657Z   TARGET             PASSED   FAILED  SKIPPED   DURATION
Android Tests (6)	UNKNOWN STEP	2026-02-25T20:33:47.8382416Z   ──────────────── ──────── ──────── ──────── ──────────
Android Tests (6)	UNKNOWN STEP	2026-02-25T20:33:47.8383139Z   [0;31mandroid         [0m        1        2        0    40m 11s
Android Tests (6)	UNKNOWN STEP	2026-02-25T20:33:47.8383570Z 
Android Tests (6)	UNKNOWN STEP	2026-02-25T20:33:47.8383858Z   ──────────────── ──────── ──────── ────────
Android Tests (6)	UNKNOWN STEP	2026-02-25T20:33:47.8384492Z   [0;31mTOTAL                   1        2        0[0m
Android Tests (6)	UNKNOWN STEP	2026-02-25T20:33:47.8384861Z 
Android Tests (6)	UNKNOWN STEP	2026-02-25T20:33:47.8385092Z   [0;31m[1mRESULT: FAILED[0m
Android Tests (6)	UNKNOWN STEP	2026-02-25T20:33:47.8385371Z 
Android Tests (6)	UNKNOWN STEP	2026-02-25T20:33:47.8385796Z [1m══════════════════════════════════════════════════════════[0m
Android Tests (6)	UNKNOWN STEP	2026-02-25T20:33:47.8386242Z 
Android Tests (6)	UNKNOWN STEP	2026-02-25T20:33:47.8386482Z [0;34m[INFO][0m Cleaning up...
Android Tests (6)	UNKNOWN STEP	2026-02-25T20:33:47.9461950Z ##[group]Run echo "=== test-results/ ==="
Android Tests (6)	UNKNOWN STEP	2026-02-25T20:33:47.9462587Z [36;1mecho "=== test-results/ ==="[0m
Android Tests (6)	UNKNOWN STEP	2026-02-25T20:33:47.9463205Z [36;1mls -la test-results/ 2>/dev/null || echo "(no test-results dir)"[0m
Android Tests (6)	UNKNOWN STEP	2026-02-25T20:33:47.9463821Z [36;1mfor f in test-results/*.log; do[0m
Android Tests (6)	UNKNOWN STEP	2026-02-25T20:33:47.9464244Z [36;1m  [ -f "$f" ] || continue[0m
Android Tests (6)	UNKNOWN STEP	2026-02-25T20:33:47.9464621Z [36;1m  echo ""[0m
Android Tests (6)	UNKNOWN STEP	2026-02-25T20:33:47.9464928Z [36;1m  echo "=== $f ==="[0m
Android Tests (6)	UNKNOWN STEP	2026-02-25T20:33:47.9465282Z [36;1m  tail -100 "$f"[0m
Android Tests (6)	UNKNOWN STEP	2026-02-25T20:33:47.9465605Z [36;1mdone[0m
Android Tests (6)	UNKNOWN STEP	2026-02-25T20:33:48.0249585Z shell: /usr/bin/bash -e {0}
Android Tests (6)	UNKNOWN STEP	2026-02-25T20:33:48.0250000Z env:
Android Tests (6)	UNKNOWN STEP	2026-02-25T20:33:48.0250286Z   CACHE_VERSION: v1
Android Tests (6)	UNKNOWN STEP	2026-02-25T20:33:48.0250798Z   JAVA_HOME: /opt/hostedtoolcache/Java_Temurin-Hotspot_jdk/17.0.18-8/x64
Android Tests (6)	UNKNOWN STEP	2026-02-25T20:33:48.0251594Z   JAVA_HOME_17_X64: /opt/hostedtoolcache/Java_Temurin-Hotspot_jdk/17.0.18-8/x64
Android Tests (6)	UNKNOWN STEP	2026-02-25T20:33:48.0252725Z   FLUTTER_ROOT: /opt/hostedtoolcache/flutter/stable-3.41.2-x64
Android Tests (6)	UNKNOWN STEP	2026-02-25T20:33:48.0253301Z   PUB_CACHE: /home/runner/.pub-cache
Android Tests (6)	UNKNOWN STEP	2026-02-25T20:33:48.0253749Z   ANDROID_AVD_HOME: /home/runner/.android/avd
Android Tests (6)	UNKNOWN STEP	2026-02-25T20:33:48.0254184Z ##[endgroup]
Android Tests (6)	UNKNOWN STEP	2026-02-25T20:33:48.0399096Z === test-results/ ===
Android Tests (6)	UNKNOWN STEP	2026-02-25T20:33:48.0418425Z total 47372
Android Tests (6)	UNKNOWN STEP	2026-02-25T20:33:48.0419742Z drwxr-xr-x  2 runner runner     4096 Feb 25 20:33 .
Android Tests (6)	UNKNOWN STEP	2026-02-25T20:33:48.0420317Z drwxr-xr-x 24 runner runner     4096 Feb 25 19:53 ..
Android Tests (6)	UNKNOWN STEP	2026-02-25T20:33:48.0420918Z -rw-r--r--  1 runner runner  2003887 Feb 25 20:33 android-device.log
Android Tests (6)	UNKNOWN STEP	2026-02-25T20:33:48.0421604Z -rw-r--r--  1 runner runner    31120 Feb 25 20:33 android-tests.log
Android Tests (6)	UNKNOWN STEP	2026-02-25T20:33:48.0422274Z -rw-r--r--  1 runner runner      233 Feb 25 19:48 ios-device-info.txt
Android Tests (6)	UNKNOWN STEP	2026-02-25T20:33:48.0423095Z -rw-r--r--  1 runner runner 34795326 Feb 25 19:48 ios-test-results.txt
Android Tests (6)	UNKNOWN STEP	2026-02-25T20:33:48.0423754Z -rw-r--r--  1 runner runner 11471554 Feb 25 19:48 test-results.txt
Android Tests (6)	UNKNOWN STEP	2026-02-25T20:33:48.0425248Z -rw-r--r--  1 runner runner   181872 Feb 25 19:48 web-test-results.txt
Android Tests (6)	UNKNOWN STEP	2026-02-25T20:33:48.0425670Z 
Android Tests (6)	UNKNOWN STEP	2026-02-25T20:33:48.0425860Z === test-results/android-device.log ===
Android Tests (6)	UNKNOWN STEP	2026-02-25T20:33:48.0439655Z 02-25 20:33:33.468  1946  1969 W WindowManager: Failed looking up window callers=com.android.server.wm.WindowManagerService.windowForClientLocked:5281 com.android.server.wm.WindowManagerService.removeWindow:1753 com.android.server.wm.Session.remove:176 
Android Tests (6)	UNKNOWN STEP	2026-02-25T20:33:48.0443506Z 02-25 20:33:33.661  1946  1966 W system_server: Long monitor contention with owner Binder:1946_11 (3945) at void com.android.server.am.ActivityManagerService.forceStopPackage(java.lang.String, int)(ActivityManagerService.java:4245) waiters=0 in void com.android.server.am.ActivityManagerService.dispatchUidsChanged() for 1.331s
Android Tests (6)	UNKNOWN STEP	2026-02-25T20:33:48.0448879Z 02-25 20:33:33.677  1946  1968 W system_server: Long monitor contention with owner Binder:1946_11 (3945) at void com.android.server.am.ActivityManagerService.forceStopPackage(java.lang.String, int)(ActivityManagerService.java:4245) waiters=1 in void com.android.server.am.ActivityManagerService$LocalService.updateActivityUsageStats(android.content.ComponentName, int, int, android.os.IBinder, android.content.ComponentName) for 180ms
Android Tests (6)	UNKNOWN STEP	2026-02-25T20:33:48.0458302Z 02-25 20:33:33.786  1946  1969 W system_server: Long monitor contention with owner Binder:1946_10 (3790) at int com.android.server.wm.WindowManagerService.relayoutWindow(com.android.server.wm.Session, android.view.IWindow, int, android.view.WindowManager$LayoutParams, int, int, int, int, long, android.graphics.Rect, android.graphics.Rect, android.graphics.Rect, android.graphics.Rect, android.graphics.Rect, android.graphics.Rect, android.graphics.Rect, android.view.DisplayCutout$ParcelableWrapper, android.util.MergedConfiguration, android.view.SurfaceControl, android.view.InsetsState)(WindowManagerService.java:1982) waiters=0 in void com.android.server.wm.InputMonitor$1.run() for 132ms
Android Tests (6)	UNKNOWN STEP	2026-02-25T20:33:48.0463379Z 02-25 20:33:33.869  1711  1769 D gralloc_ranchu: gralloc_alloc: Creating ashmem region of size 9850880
Android Tests (6)	UNKNOWN STEP	2026-02-25T20:33:48.0464299Z 02-25 20:33:33.914  1690  1690 I Zygote  : Process 5316 exited due to signal 9 (Killed)
Android Tests (6)	UNKNOWN STEP	2026-02-25T20:33:48.0465354Z 02-25 20:33:33.957  1946  1965 W Looper  : Slow dispatch took 272ms android.fg h=com.android.server.AppStateTracker$MyHandler c=null m=0
Android Tests (6)	UNKNOWN STEP	2026-02-25T20:33:48.0466723Z 02-25 20:33:33.957  1946  1965 W Looper  : Slow delivery took 273ms android.fg h=com.android.server.AppStateTracker$MyHandler c=null m=1
Android Tests (6)	UNKNOWN STEP	2026-02-25T20:33:48.0468376Z 02-25 20:33:33.963  1946  1946 W Looper  : Slow dispatch took 300ms main h=com.android.server.job.JobSchedulerService$JobHandler c=null m=7
Android Tests (6)	UNKNOWN STEP	2026-02-25T20:33:48.0469799Z 02-25 20:33:33.964  1946  1946 W Looper  : Slow delivery took 281ms main h=com.android.server.job.JobSchedulerService$JobHandler c=null m=5
Android Tests (6)	UNKNOWN STEP	2026-02-25T20:33:48.0470975Z 02-25 20:33:33.965  1711  1769 D gralloc_ranchu: gralloc_alloc: Creating ashmem region of size 9850880
Android Tests (6)	UNKNOWN STEP	2026-02-25T20:33:48.0472154Z 02-25 20:33:33.968  1711  1769 D gralloc_ranchu: gralloc_alloc: Creating ashmem region of size 9850880
Android Tests (6)	UNKNOWN STEP	2026-02-25T20:33:48.0474356Z 02-25 20:33:33.997  1946  1966 W system_server: Long monitor contention with owner ActivityManager (1975) at void com.android.server.am.BroadcastQueue.processNextBroadcast(boolean)(BroadcastQueue.java:948) waiters=0 in void com.android.server.am.ActivityManagerService.dispatchUidsChanged() for 273ms
Android Tests (6)	UNKNOWN STEP	2026-02-25T20:33:48.0476348Z 02-25 20:33:34.000  1946  1946 W Looper  : Drained
Android Tests (6)	UNKNOWN STEP	2026-02-25T20:33:48.0477540Z 02-25 20:33:34.046  1946  1966 W Looper  : Slow dispatch took 1717ms android.ui h=com.android.server.am.ActivityManagerService$UiHandler c=null m=53
Android Tests (6)	UNKNOWN STEP	2026-02-25T20:33:48.0479043Z 02-25 20:33:34.047  1946  1966 W Looper  : Slow delivery took 1646ms android.ui h=com.android.server.am.ActivityManagerService$UiHandler c=null m=32
Android Tests (6)	UNKNOWN STEP	2026-02-25T20:33:48.0481581Z 02-25 20:33:34.052  1946  2031 W system_server: Long monitor contention with owner ActivityManager (1975) at void com.android.server.am.BroadcastQueue.processNextBroadcast(boolean)(BroadcastQueue.java:948) waiters=1 in boolean com.android.server.am.ActivityManagerService.isUidActive(int, java.lang.String) for 142ms
Android Tests (6)	UNKNOWN STEP	2026-02-25T20:33:48.0484015Z 02-25 20:33:34.066  2838  2905 D EGL_emulation: eglMakeCurrent: 0x7dbe4ab93d40: ver 3 0 (tinfo 0x7dbe95bb5460)
Android Tests (6)	UNKNOWN STEP	2026-02-25T20:33:48.0486130Z 02-25 20:33:34.070  1946  1968 W system_server: Long monitor contention with owner android.anim (1969) at void com.android.server.wm.WindowAnimator.animate(long)(WindowAnimator.java:141) waiters=1 in void com.android.server.wm.WindowManagerService$H.handleMessage(android.os.Message) for 184ms
Android Tests (6)	UNKNOWN STEP	2026-02-25T20:33:48.0488348Z 02-25 20:33:34.191  1946  1968 W ActivityManager: setHasOverlayUi called on unknown pid: 5316
Android Tests (6)	UNKNOWN STEP	2026-02-25T20:33:48.0489174Z 02-25 20:33:34.202  2383  2383 D CarrierSvcBindHelper: No carrier app for: 0
Android Tests (6)	UNKNOWN STEP	2026-02-25T20:33:48.0490098Z 02-25 20:33:34.277  1946  1977 I libprocessgroup: Successfully killed process cgroup uid 10132 pid 5316 in 1398ms
Android Tests (6)	UNKNOWN STEP	2026-02-25T20:33:48.0493601Z 02-25 20:33:34.390  2838  2905 I OpenGLRenderer: Davey! duration=744ms; Flags=1, IntendedVsync=2580084974427, Vsync=2580101641093, OldestInputEvent=9223372036854775807, NewestInputEvent=0, HandleInputStart=2580112451768, AnimationStart=2580112525576, PerformTraversalsStart=2580112534764, DrawStart=2580416290340, SyncQueued=2580508313833, SyncStart=2580532770341, IssueDrawCommandsStart=2580566692154, SwapBuffers=2580765249575, FrameCompleted=2580853795131, DequeueBufferDuration=22624000, QueueBufferDuration=16104000, 
Android Tests (6)	UNKNOWN STEP	2026-02-25T20:33:48.0496778Z 02-25 20:33:34.470  1946  1966 W Looper  : Drained
Android Tests (6)	UNKNOWN STEP	2026-02-25T20:33:48.0497382Z 02-25 20:33:34.552  1946  1965 W Looper  : Drained
Android Tests (6)	UNKNOWN STEP	2026-02-25T20:33:48.0499404Z 02-25 20:33:34.581  1946  1968 W system_server: Long monitor contention with owner android.anim (1969) at void com.android.server.wm.WindowSurfacePlacer.lambda$new$0$WindowSurfacePlacer()(WindowSurfacePlacer.java:61) waiters=1 in void com.android.server.wm.WindowManagerService$H.handleMessage(android.os.Message) for 136ms
Android Tests (6)	UNKNOWN STEP	2026-02-25T20:33:48.0502069Z 02-25 20:33:35.420  1946  1974 I ActivityTaskManager: Displayed art.substitution.substitution/.MainActivity: +37s27ms
Android Tests (6)	UNKNOWN STEP	2026-02-25T20:33:48.0503270Z 02-25 20:33:35.847  1946  2739 E TaskPersister: File error accessing recents directory (directory doesn't exist?).
Android Tests (6)	UNKNOWN STEP	2026-02-25T20:33:48.0504489Z 02-25 20:33:35.908  1946  1975 I ActivityManager: Force stopping art.substitution.substitution appid=10132 user=-1: deletePackageX
Android Tests (6)	UNKNOWN STEP	2026-02-25T20:33:48.0506252Z 02-25 20:33:36.431  1946  1990 I PackageManager: Removing old permission tree: art.substitution.substitution.DYNAMIC_RECEIVER_NOT_EXPORTED_PERMISSION from package art.substitution.substitution
Android Tests (6)	UNKNOWN STEP	2026-02-25T20:33:48.0508410Z 02-25 20:33:36.443  1946  1990 I PackageManager: Un-granting permission android.permission.GLOBAL_SEARCH from package com.android.quicksearchbox (protectionLevel=18 flags=0x3088be45)
Android Tests (6)	UNKNOWN STEP	2026-02-25T20:33:48.0510318Z 02-25 20:33:36.450  1946  1990 I PackageManager: Un-granting permission android.permission.BIND_WALLPAPER from package com.android.camera2 (protectionLevel=18 flags=0x20d8bc45)
Android Tests (6)	UNKNOWN STEP	2026-02-25T20:33:48.0512641Z 02-25 20:33:36.498  1946  1990 I PackageManager: Un-granting permission android.permission.CONNECTIVITY_USE_RESTRICTED_NETWORKS from package com.android.captiveportallogin (protectionLevel=18 flags=0x38c8be45)
Android Tests (6)	UNKNOWN STEP	2026-02-25T20:33:48.0514908Z 02-25 20:33:36.498  1946  1990 I PackageManager: Un-granting permission android.permission.NETWORK_BYPASS_PRIVATE_DNS from package com.android.captiveportallogin (protectionLevel=2 flags=0x38c8be45)
Android Tests (6)	UNKNOWN STEP	2026-02-25T20:33:48.0516308Z 02-25 20:33:36.848  1764  1764 I keystore: clear_uid 10132
Android Tests (6)	UNKNOWN STEP	2026-02-25T20:33:48.0517431Z 02-25 20:33:36.860  1946  1990 D PackageManager: Instant App installer not found with android.intent.action.INSTALL_INSTANT_APP_PACKAGE
Android Tests (6)	UNKNOWN STEP	2026-02-25T20:33:48.0518534Z 02-25 20:33:36.860  1946  1990 D PackageManager: Clear ephemeral installer activity
Android Tests (6)	UNKNOWN STEP	2026-02-25T20:33:48.0519390Z 02-25 20:33:36.861  1946  1990 E PermissionMonitor: unknown permission type: -1for uid: 10132
Android Tests (6)	UNKNOWN STEP	2026-02-25T20:33:48.0520422Z 02-25 20:33:36.868  1689  1689 E TrafficController: Failed to clean up the permission for 10132: No such file or directory
Android Tests (6)	UNKNOWN STEP	2026-02-25T20:33:48.0521413Z 02-25 20:33:36.871  1689  1689 I netd    : trafficSetNetPermForUids(-1, [10132]) <1.78ms>
Android Tests (6)	UNKNOWN STEP	2026-02-25T20:33:48.0522372Z 02-25 20:33:36.900  1946  2739 E TaskPersister: File error accessing recents directory (directory doesn't exist?).
Android Tests (6)	UNKNOWN STEP	2026-02-25T20:33:48.0523866Z 02-25 20:33:37.112  1946  1990 I system_server: Explicit concurrent copying GC freed 47003(2412KB) AllocSpace objects, 21(804KB) LOS objects, 42% free, 7362KB/12MB, paused 180us total 231.976ms
Android Tests (6)	UNKNOWN STEP	2026-02-25T20:33:48.0525521Z 02-25 20:33:37.244  1946  1990 I ActivityManager: Force stopping art.substitution.substitution appid=10132 user=0: pkg removed
Android Tests (6)	UNKNOWN STEP	2026-02-25T20:33:48.0526604Z 02-25 20:33:37.270  1946  1990 E HistoricalRegistry: Interaction before persistence initialized
Android Tests (6)	UNKNOWN STEP	2026-02-25T20:33:48.0528730Z 02-25 20:33:37.408  1946  1975 W BroadcastQueue: Background execution not allowed: receiving Intent { act=android.intent.action.PACKAGE_REMOVED dat=package:art.substitution.substitution flg=0x4000010 (has extras) } to com.android.gallery3d/.app.PackagesMonitor
Android Tests (6)	UNKNOWN STEP	2026-02-25T20:33:48.0531663Z 02-25 20:33:37.409  1946  1975 W BroadcastQueue: Background execution not allowed: receiving Intent { act=android.intent.action.PACKAGE_REMOVED dat=package:art.substitution.substitution flg=0x4000010 (has extras) } to com.android.musicfx/.Compatibility$Receiver
Android Tests (6)	UNKNOWN STEP	2026-02-25T20:33:48.0533484Z 02-25 20:33:37.543  1946  1946 I RoleManagerService: Granting default permissions...
Android Tests (6)	UNKNOWN STEP	2026-02-25T20:33:48.0534968Z 02-25 20:33:37.552  1946  1946 W Looper  : Slow dispatch took 227ms main h=android.app.ActivityThread$H c=android.app.-$$Lambda$LoadedApk$ReceiverDispatcher$Args$_BumDX2UKsnxLVrE6UJsJZkotuA@de4de8a m=0
Android Tests (6)	UNKNOWN STEP	2026-02-25T20:33:48.0536432Z 02-25 20:33:37.564  1689  1689 I netd    : trafficSwapActiveStatsMap() <68.34ms>
Android Tests (6)	UNKNOWN STEP	2026-02-25T20:33:48.0538179Z 02-25 20:33:37.677  1946  1946 W Looper  : Slow delivery took 228ms main h=android.app.ActivityThread$H c=android.app.-$$Lambda$LoadedApk$ReceiverDispatcher$Args$_BumDX2UKsnxLVrE6UJsJZkotuA@9f476c4 m=0
Android Tests (6)	UNKNOWN STEP	2026-02-25T20:33:48.0540369Z 02-25 20:33:37.677  1946  1946 W Looper  : Slow dispatch took 120ms main h=android.app.ActivityThread$H c=android.app.-$$Lambda$LoadedApk$ReceiverDispatcher$Args$_BumDX2UKsnxLVrE6UJsJZkotuA@9f476c4 m=0
Android Tests (6)	UNKNOWN STEP	2026-02-25T20:33:48.0544244Z 02-25 20:33:37.714  1946  1966 W system_server: Long monitor contention with owner android.fg (1965) at int com.android.server.am.ActivityManagerService.bindIsolatedService(android.app.IApplicationThread, android.os.IBinder, android.content.Intent, java.lang.String, android.app.IServiceConnection, int, java.lang.String, java.lang.String, int)(ActivityManagerService.java:14067) waiters=0 in void com.android.server.am.ActivityManagerService.dispatchUidsChanged() for 138ms
Android Tests (6)	UNKNOWN STEP	2026-02-25T20:33:48.0548718Z 02-25 20:33:37.723  1946  1966 W Looper  : Slow dispatch took 187ms android.ui h=com.android.server.am.ActivityManagerService$UiHandler c=null m=53
Android Tests (6)	UNKNOWN STEP	2026-02-25T20:33:48.0550338Z 02-25 20:33:37.726  1946  1965 W Looper  : Slow dispatch took 160ms android.fg h=android.os.Handler c=<recycled PooledLambda@7bc1c75> m=0
Android Tests (6)	UNKNOWN STEP	2026-02-25T20:33:48.0553875Z 02-25 20:33:37.766  1946  1974 W system_server: Long monitor contention with owner android.display (1968) at android.content.res.Resources android.app.ResourcesManager.getOrCreateResources(android.os.IBinder, android.content.res.ResourcesKey, java.lang.ClassLoader)(ResourcesManager.java:762) waiters=0 in android.content.res.Resources android.app.ResourcesManager.getOrCreateResources(android.os.IBinder, android.content.res.ResourcesKey, java.lang.ClassLoader) for 242ms
Android Tests (6)	UNKNOWN STEP	2026-02-25T20:33:48.0557369Z 02-25 20:33:37.796  1946  1965 E PackageManager: failed to find package art.substitution.substitution
Android Tests (6)	UNKNOWN STEP	2026-02-25T20:33:48.0558484Z 02-25 20:33:37.797  1946  1965 E OverlayManager: Failed to change enabled overlays for art.substitution.substitution user 0
Android Tests (6)	UNKNOWN STEP	2026-02-25T20:33:48.0559721Z 02-25 20:33:37.814  2462  2503 I LatinIME:LogUtils: Dictionary info: dictionary = main:en ; version = 54 ; date = 1414726273
Android Tests (6)	UNKNOWN STEP	2026-02-25T20:33:48.0561079Z 02-25 20:33:37.864  1946  1966 W Looper  : Slow dispatch took 112ms android.ui h=com.android.server.am.ActivityManagerService$UiHandler c=null m=53
Android Tests (6)	UNKNOWN STEP	2026-02-25T20:33:48.0562900Z 02-25 20:33:37.882  1946  1946 W Looper  : Slow dispatch took 205ms main h=android.app.ActivityThread$H c=android.app.-$$Lambda$LoadedApk$ReceiverDispatcher$Args$_BumDX2UKsnxLVrE6UJsJZkotuA@89ab4e2 m=0
Android Tests (6)	UNKNOWN STEP	2026-02-25T20:33:48.0565105Z 02-25 20:33:37.893  1946  1965 W Looper  : Slow dispatch took 144ms android.fg h=android.os.Handler c=com.android.server.om.-$$Lambda$OverlayManagerService$OverlayChangeListener$u9oeN2C0PDMo0pYiLqfMBkwuMNA@5c81073 m=0
Android Tests (6)	UNKNOWN STEP	2026-02-25T20:33:48.0566532Z 02-25 20:33:37.923  1689  1689 I netd    : tetherGetStats() <226.03ms>
Android Tests (6)	UNKNOWN STEP	2026-02-25T20:33:48.0568071Z 02-25 20:33:38.000  1946  1946 W Looper  : Slow dispatch took 118ms main h=android.app.ActivityThread$H c=android.app.-$$Lambda$LoadedApk$ReceiverDispatcher$Args$_BumDX2UKsnxLVrE6UJsJZkotuA@1b33d2e m=0
Android Tests (6)	UNKNOWN STEP	2026-02-25T20:33:48.0569586Z 02-25 20:33:38.006  1946  2053 I InputReader: Reconfiguring input devices.  changes=0x00000010
Android Tests (6)	UNKNOWN STEP	2026-02-25T20:33:48.0570401Z 02-25 20:33:38.139  2383  2383 D CarrierSvcBindHelper: No carrier app for: 0
Android Tests (6)	UNKNOWN STEP	2026-02-25T20:33:48.0571445Z 02-25 20:33:38.162  1946  1965 W Looper  : Slow dispatch took 269ms android.fg h=android.os.Handler c=<recycled PooledLambda@d1d7856> m=0
Android Tests (6)	UNKNOWN STEP	2026-02-25T20:33:48.0572793Z 02-25 20:33:38.248  1946  1965 W Looper  : Slow delivery took 446ms android.fg h=android.os.Handler c=<recycled PooledLambda@84efe35> m=0
Android Tests (6)	UNKNOWN STEP	2026-02-25T20:33:48.0574139Z 02-25 20:33:38.277  1946  2076 D WifiConfigManager: Remove all networks for app ApplicationInfo{1b9fe3a art.substitution.substitution}
Android Tests (6)	UNKNOWN STEP	2026-02-25T20:33:48.0575429Z 02-25 20:33:38.333  1946  1946 I ConditionProviders: Disallowing condition provider art.substitution.substitution
Android Tests (6)	UNKNOWN STEP	2026-02-25T20:33:48.0577616Z 02-25 20:33:38.391  3330  5374 I MediaProvider: Begin Intent { act=android.intent.action.PACKAGE_FULLY_REMOVED dat=package:art.substitution.substitution flg=0x5000010 cmp=com.android.providers.media/.MediaService (has extras) }
Android Tests (6)	UNKNOWN STEP	2026-02-25T20:33:48.0579728Z 02-25 20:33:38.420  1946  1946 W Looper  : Slow dispatch took 112ms main h=com.android.server.notification.NotificationManagerService$WorkerHandler c=null m=8
Android Tests (6)	UNKNOWN STEP	2026-02-25T20:33:48.0581744Z 02-25 20:33:38.466  3330  5374 I MediaProvider: End Intent { act=android.intent.action.PACKAGE_FULLY_REMOVED dat=package:art.substitution.substitution flg=0x5000010 cmp=com.android.providers.media/.MediaService (has extras) }
Android Tests (6)	UNKNOWN STEP	2026-02-25T20:33:48.0583661Z 02-25 20:33:38.507  1946  1965 W Looper  : Slow dispatch took 125ms android.fg h=android.os.Handler c=<recycled PooledLambda@65f000> m=0
Android Tests (6)	UNKNOWN STEP	2026-02-25T20:33:48.0587035Z 02-25 20:33:38.582  1946  2086 W system_server: Long monitor contention with owner android.io (1967) at void com.android.server.notification.PreferencesHelper.writeXml(org.xmlpull.v1.XmlSerializer, boolean, int)(PreferencesHelper.java:400) waiters=0 in android.app.NotificationChannel com.android.server.notification.PreferencesHelper.getNotificationChannel(java.lang.String, int, java.lang.String, boolean) for 139ms
Android Tests (6)	UNKNOWN STEP	2026-02-25T20:33:48.0590349Z 02-25 20:33:38.709  1946  1965 W Looper  : Slow dispatch took 197ms android.fg h=android.os.Handler c=<recycled PooledLambda@816888e> m=0
Android Tests (6)	UNKNOWN STEP	2026-02-25T20:33:48.0591577Z 02-25 20:33:38.773  1946  1946 W Looper  : Slow dispatch took 353ms main h=android.app.ActivityThread$H c=null m=113
Android Tests (6)	UNKNOWN STEP	2026-02-25T20:33:48.0592783Z 02-25 20:33:38.910  1946  1946 W Looper  : Slow dispatch took 137ms main h=com.android.server.notification.ZenModeHelper$H c=null m=4
Android Tests (6)	UNKNOWN STEP	2026-02-25T20:33:48.0593892Z 02-25 20:33:38.948  1729  1913 D AF::TrackHandle: OpPlayAudio: track:55 usage:13 not muted
Android Tests (6)	UNKNOWN STEP	2026-02-25T20:33:48.0594715Z 02-25 20:33:38.959  1729  1729 D AF::TrackHandle: OpPlayAudio: track:55 usage:13 not muted
Android Tests (6)	UNKNOWN STEP	2026-02-25T20:33:48.0595609Z 02-25 20:33:39.123  1729  1729 I chatty  : uid=1041(audioserver) /system/bin/audioserver identical 2 lines
Android Tests (6)	UNKNOWN STEP	2026-02-25T20:33:48.0596507Z 02-25 20:33:39.132  1729  1729 D AF::TrackHandle: OpPlayAudio: track:55 usage:13 not muted
Android Tests (6)	UNKNOWN STEP	2026-02-25T20:33:48.0597513Z 02-25 20:33:39.153  1946  2076 D WifiConfigStore: Writing to stores completed in 832 ms.
Android Tests (6)	UNKNOWN STEP	2026-02-25T20:33:48.0598501Z 02-25 20:33:39.157  1946  2076 E PasspointManager: No app ops listener found for art.substitution.substitution
Android Tests (6)	UNKNOWN STEP	2026-02-25T20:33:48.0599643Z 02-25 20:33:39.163  1946  2076 I DropBoxManagerService: add tag=system_server_wtf isTagEnabled=true flags=0x2
Android Tests (6)	UNKNOWN STEP	2026-02-25T20:33:48.0600609Z 02-25 20:33:39.228  1729  1913 D AF::TrackHandle: OpPlayAudio: track:55 usage:13 not muted
Android Tests (6)	UNKNOWN STEP	2026-02-25T20:33:48.0601427Z 02-25 20:33:39.242  1729  1913 D AF::TrackHandle: OpPlayAudio: track:55 usage:13 not muted
Android Tests (6)	UNKNOWN STEP	2026-02-25T20:33:48.0602252Z 02-25 20:33:39.253  1729  1729 D AF::TrackHandle: OpPlayAudio: track:55 usage:13 not muted
Android Tests (6)	UNKNOWN STEP	2026-02-25T20:33:48.0603067Z 02-25 20:33:39.320  1729  1729 D AF::TrackHandle: OpPlayAudio: track:55 usage:13 not muted
Android Tests (6)	UNKNOWN STEP	2026-02-25T20:33:48.0603854Z 02-25 20:33:39.352  1729  1913 D AF::TrackHandle: OpPlayAudio: track:55 usage:13 not muted
Android Tests (6)	UNKNOWN STEP	2026-02-25T20:33:48.0604640Z 02-25 20:33:39.363  1729  1729 D AF::TrackHandle: OpPlayAudio: track:55 usage:13 not muted
Android Tests (6)	UNKNOWN STEP	2026-02-25T20:33:48.0605536Z 02-25 20:33:39.374  1729  1729 I chatty  : uid=1041(audioserver) /system/bin/audioserver identical 1 line
Android Tests (6)	UNKNOWN STEP	2026-02-25T20:33:48.0606433Z 02-25 20:33:39.390  1729  1729 D AF::TrackHandle: OpPlayAudio: track:55 usage:13 not muted
Android Tests (6)	UNKNOWN STEP	2026-02-25T20:33:48.0607395Z 02-25 20:33:39.401  1729  1913 D AF::TrackHandle: OpPlayAudio: track:55 usage:13 not muted
Android Tests (6)	UNKNOWN STEP	2026-02-25T20:33:48.0608045Z 02-25 20:33:39.546  1946  1965 W Looper  : Drained
Android Tests (6)	UNKNOWN STEP	2026-02-25T20:33:48.0608527Z 02-25 20:33:39.596  1946  1946 W Looper  : Drained
Android Tests (6)	UNKNOWN STEP	2026-02-25T20:33:48.0609192Z 02-25 20:33:39.419  1729  1913 I chatty  : uid=1041(audioserver) Binder:1729_1 identical 1 line
Android Tests (6)	UNKNOWN STEP	2026-02-25T20:33:48.0610030Z 02-25 20:33:39.430  1729  1913 D AF::TrackHandle: OpPlayAudio: track:55 usage:13 not muted
Android Tests (6)	UNKNOWN STEP	2026-02-25T20:33:48.0611629Z 02-25 20:33:40.333  2136  2158 I ssioncontrolle: Background young concurrent copying GC freed 2738(237KB) AllocSpace objects, 2(40KB) LOS objects, 4% free, 1548KB/1625KB, paused 66us total 145.588ms
Android Tests (6)	UNKNOWN STEP	2026-02-25T20:33:48.0613669Z 02-25 20:33:40.732  2136  2158 I ssioncontrolle: Background concurrent copying GC freed 7366(455KB) AllocSpace objects, 0(0B) LOS objects, 57% free, 1140KB/2676KB, paused 64us total 200.805ms
Android Tests (6)	UNKNOWN STEP	2026-02-25T20:33:48.0615027Z 02-25 20:33:41.352  1946  1974 I RoleUserState: Wrote roles.xml successfully
Android Tests (6)	UNKNOWN STEP	2026-02-25T20:33:48.0615472Z 
Android Tests (6)	UNKNOWN STEP	2026-02-25T20:33:48.0615638Z === test-results/android-tests.log ===
Android Tests (6)	UNKNOWN STEP	2026-02-25T20:33:48.0616266Z   package:flutter/src/widgets/framework.dart 4037:15          Element.updateChild
Android Tests (6)	UNKNOWN STEP	2026-02-25T20:33:48.0617339Z   package:flutter/src/widgets/framework.dart 5841:16          ComponentElement.performRebuild
Android Tests (6)	UNKNOWN STEP	2026-02-25T20:33:48.0618270Z   package:flutter/src/widgets/framework.dart 5529:7           Element.rebuild
Android Tests (6)	UNKNOWN STEP	2026-02-25T20:33:48.0619307Z   package:flutter/src/widgets/framework.dart 5895:5           StatelessElement.update
Android Tests (6)	UNKNOWN STEP	2026-02-25T20:33:48.0620207Z   package:flutter/src/widgets/framework.dart 4037:15          Element.updateChild
Android Tests (6)	UNKNOWN STEP	2026-02-25T20:33:48.0621164Z   package:flutter/src/widgets/framework.dart 5841:16          ComponentElement.performRebuild
Android Tests (6)	UNKNOWN STEP	2026-02-25T20:33:48.0622075Z   package:flutter/src/widgets/framework.dart 5529:7           Element.rebuild
Android Tests (6)	UNKNOWN STEP	2026-02-25T20:33:48.0622913Z   package:flutter/src/widgets/framework.dart 6149:5           ProxyElement.update
Android Tests (6)	UNKNOWN STEP	2026-02-25T20:33:48.0623773Z   package:flutter/src/widgets/framework.dart 4037:15          Element.updateChild
Android Tests (6)	UNKNOWN STEP	2026-02-25T20:33:48.0624706Z   package:flutter/src/widgets/framework.dart 5841:16          ComponentElement.performRebuild
Android Tests (6)	UNKNOWN STEP	2026-02-25T20:33:48.0625617Z   package:flutter/src/widgets/framework.dart 5529:7           Element.rebuild
Android Tests (6)	UNKNOWN STEP	2026-02-25T20:33:48.0626430Z   package:flutter/src/widgets/framework.dart 6149:5           ProxyElement.update
Android Tests (6)	UNKNOWN STEP	2026-02-25T20:33:48.0627434Z   package:flutter/src/widgets/framework.dart 4037:15          Element.updateChild
Android Tests (6)	UNKNOWN STEP	2026-02-25T20:33:48.0628345Z   package:flutter/src/widgets/framework.dart 5841:16          ComponentElement.performRebuild
Android Tests (6)	UNKNOWN STEP	2026-02-25T20:33:48.0629303Z   package:flutter/src/widgets/framework.dart 5982:11          StatefulElement.performRebuild
Android Tests (6)	UNKNOWN STEP	2026-02-25T20:33:48.0630173Z   package:flutter/src/widgets/framework.dart 5529:7           Element.rebuild
Android Tests (6)	UNKNOWN STEP	2026-02-25T20:33:48.0631010Z   package:flutter/src/widgets/framework.dart 2750:15          BuildScope._tryRebuild
Android Tests (6)	UNKNOWN STEP	2026-02-25T20:33:48.0631887Z   package:flutter/src/widgets/framework.dart 2807:11          BuildScope._flushDirtyElements
Android Tests (6)	UNKNOWN STEP	2026-02-25T20:33:48.0632782Z   package:flutter/src/widgets/framework.dart 3111:18          BuildOwner.buildScope
Android Tests (6)	UNKNOWN STEP	2026-02-25T20:33:48.0633696Z   package:flutter/src/widgets/binding.dart 1302:21            WidgetsBinding.drawFrame
Android Tests (6)	UNKNOWN STEP	2026-02-25T20:33:48.0634696Z   package:flutter/src/rendering/binding.dart 495:5            RendererBinding._handlePersistentFrameCallback
Android Tests (6)	UNKNOWN STEP	2026-02-25T20:33:48.0635757Z   package:flutter/src/scheduler/binding.dart 1430:15          SchedulerBinding._invokeFrameCallback
Android Tests (6)	UNKNOWN STEP	2026-02-25T20:33:48.0636767Z   package:flutter/src/scheduler/binding.dart 1345:9           SchedulerBinding.handleDrawFrame
Android Tests (6)	UNKNOWN STEP	2026-02-25T20:33:48.0637924Z   package:flutter_test/src/binding.dart 2511:13               LiveTestWidgetsFlutterBinding.handleDrawFrame
Android Tests (6)	UNKNOWN STEP	2026-02-25T20:33:48.0638953Z   package:flutter/src/scheduler/binding.dart 1198:5           SchedulerBinding._handleDrawFrame
Android Tests (6)	UNKNOWN STEP	2026-02-25T20:33:48.0639628Z   
Android Tests (6)	UNKNOWN STEP	2026-02-25T20:33:48.0640289Z 15:22 +1 -2: /home/runner/work/substitution/substitution/integration_test/feed_with_matrix_test.dart: (tearDownAll)
Android Tests (6)	UNKNOWN STEP	2026-02-25T20:33:48.0641826Z 15:23 +1 -2: /home/runner/work/substitution/substitution/integration_test/feed_with_matrix_test.dart: Feed with Real Matrix Server Feed excludes test_art room (empty room)
Android Tests (6)	UNKNOWN STEP	2026-02-25T20:33:48.0643095Z checking room test_invite_only id: !tTMUeBLLJWdcynmEMc:test.matrix.local
Android Tests (6)	UNKNOWN STEP	2026-02-25T20:33:48.0643981Z checking room test_photos id: !mNssixUEZrfPjnCvFR:test.matrix.local
Android Tests (6)	UNKNOWN STEP	2026-02-25T20:33:48.0644687Z checking room test_art id: !iMdwaDdvnWIxayYkoT:test.matrix.local
Android Tests (6)	UNKNOWN STEP	2026-02-25T20:33:48.0645342Z checking room test_general id: !IYJzZvyOPgzeLecoJL:test.matrix.local
Android Tests (6)	UNKNOWN STEP	2026-02-25T20:33:48.0646035Z checking room test_avatar id: !PqaoqubENSmPirKoAO:test.matrix.local
Android Tests (6)	UNKNOWN STEP	2026-02-25T20:33:48.0646591Z start quering new events...
Android Tests (6)	UNKNOWN STEP	2026-02-25T20:33:48.0647078Z finished...
Android Tests (6)	UNKNOWN STEP	2026-02-25T20:33:48.0647320Z ret is empty...
Android Tests (6)	UNKNOWN STEP	2026-02-25T20:33:48.0647603Z no new things to append...
Android Tests (6)	UNKNOWN STEP	2026-02-25T20:33:48.0648277Z 15:30 +1 -2: loading /home/runner/work/substitution/substitution/integration_test/login_debug_test.dart
Android Tests (6)	UNKNOWN STEP	2026-02-25T20:33:48.0649167Z Running Gradle task 'assembleDebug'...                             29.1s
Android Tests (6)	UNKNOWN STEP	2026-02-25T20:33:48.0650111Z ✓ Built build/app/outputs/flutter-apk/app-debug.apk
Android Tests (6)	UNKNOWN STEP	2026-02-25T20:33:48.0650772Z Installing build/app/outputs/flutter-apk/app-debug.apk...          13.0s
Android Tests (6)	UNKNOWN STEP	2026-02-25T20:33:48.0651885Z 16:55 +1 -2: loading /home/runner/work/substitution/substitution/integration_test/profile_view_test.dart
Android Tests (6)	UNKNOWN STEP	2026-02-25T20:33:48.0652789Z Running Gradle task 'assembleDebug'...                             20.2s
Android Tests (6)	UNKNOWN STEP	2026-02-25T20:33:48.0653477Z ✓ Built build/app/outputs/flutter-apk/app-debug.apk
Android Tests (6)	UNKNOWN STEP	2026-02-25T20:33:48.0654107Z Installing build/app/outputs/flutter-apk/app-debug.apk...          13.2s
Android Tests (6)	UNKNOWN STEP	2026-02-25T20:33:48.0654819Z Warning: A tag was used that wasn't specified in dart_test.yaml.
Android Tests (6)	UNKNOWN STEP	2026-02-25T20:33:48.0655392Z   integration was used in the suite itself
Android Tests (6)	UNKNOWN STEP	2026-02-25T20:33:48.0655691Z 
Android Tests (6)	UNKNOWN STEP	2026-02-25T20:33:48.0656134Z 18:09 +1 -2: loading /home/runner/work/substitution/substitution/integration_test/offline_test.dart
Android Tests (6)	UNKNOWN STEP	2026-02-25T20:33:48.0657190Z Running Gradle task 'assembleDebug'...                             19.6s
Android Tests (6)	UNKNOWN STEP	2026-02-25T20:33:48.0657900Z ✓ Built build/app/outputs/flutter-apk/app-debug.apk
Android Tests (6)	UNKNOWN STEP	2026-02-25T20:33:48.0658533Z Installing build/app/outputs/flutter-apk/app-debug.apk...          12.3s
Android Tests (6)	UNKNOWN STEP	2026-02-25T20:33:48.0659256Z Warning: A tag was used that wasn't specified in dart_test.yaml.
Android Tests (6)	UNKNOWN STEP	2026-02-25T20:33:48.0659801Z   integration was used in the suite itself
Android Tests (6)	UNKNOWN STEP	2026-02-25T20:33:48.0660114Z 
Android Tests (6)	UNKNOWN STEP	2026-02-25T20:33:48.0660587Z 19:21 +1 -2: loading /home/runner/work/substitution/substitution/integration_test/comment_nesting_test.dart
Android Tests (6)	UNKNOWN STEP	2026-02-25T20:33:48.0661517Z Running Gradle task 'assembleDebug'...                             28.0s
Android Tests (6)	UNKNOWN STEP	2026-02-25T20:33:48.0662207Z ✓ Built build/app/outputs/flutter-apk/app-debug.apk
Android Tests (6)	UNKNOWN STEP	2026-02-25T20:33:48.0662829Z Installing build/app/outputs/flutter-apk/app-debug.apk...          15.7s
Android Tests (6)	UNKNOWN STEP	2026-02-25T20:33:48.0663827Z 20:50 +1 -2: loading /home/runner/work/substitution/substitution/integration_test/refresh_logic_with_matrix_test.dart
Android Tests (6)	UNKNOWN STEP	2026-02-25T20:33:48.0664856Z Running Gradle task 'assembleDebug'...                             28.8s
Android Tests (6)	UNKNOWN STEP	2026-02-25T20:33:48.0665539Z ✓ Built build/app/outputs/flutter-apk/app-debug.apk
Android Tests (6)	UNKNOWN STEP	2026-02-25T20:33:48.0666185Z Installing build/app/outputs/flutter-apk/app-debug.apk...          16.1s
Android Tests (6)	UNKNOWN STEP	2026-02-25T20:33:48.0667173Z 22:18 +1 -2: loading /home/runner/work/substitution/substitution/integration_test/logout_test.dart
Android Tests (6)	UNKNOWN STEP	2026-02-25T20:33:48.0668001Z Running Gradle task 'assembleDebug'...                             28.2s
Android Tests (6)	UNKNOWN STEP	2026-02-25T20:33:48.0668674Z ✓ Built build/app/outputs/flutter-apk/app-debug.apk
Android Tests (6)	UNKNOWN STEP	2026-02-25T20:33:48.0669295Z Installing build/app/outputs/flutter-apk/app-debug.apk...          12.5s
Android Tests (6)	UNKNOWN STEP	2026-02-25T20:33:48.0670246Z 23:42 +1 -2: loading /home/runner/work/substitution/substitution/integration_test/registration_button_test.dart
Android Tests (6)	UNKNOWN STEP	2026-02-25T20:33:48.0671202Z Running Gradle task 'assembleDebug'...                             28.3s
Android Tests (6)	UNKNOWN STEP	2026-02-25T20:33:48.0671889Z ✓ Built build/app/outputs/flutter-apk/app-debug.apk
Android Tests (6)	UNKNOWN STEP	2026-02-25T20:33:48.0672521Z Installing build/app/outputs/flutter-apk/app-debug.apk...          13.0s
Android Tests (6)	UNKNOWN STEP	2026-02-25T20:33:48.0673371Z 25:09 +1 -2: loading /home/runner/work/substitution/substitution/integration_test/room_feed_test.dart
Android Tests (6)	UNKNOWN STEP	2026-02-25T20:33:48.0674403Z Running Gradle task 'assembleDebug'...                             20.0s
Android Tests (6)	UNKNOWN STEP	2026-02-25T20:33:48.0675097Z ✓ Built build/app/outputs/flutter-apk/app-debug.apk
Android Tests (6)	UNKNOWN STEP	2026-02-25T20:33:48.0675717Z Installing build/app/outputs/flutter-apk/app-debug.apk...          12.6s
Android Tests (6)	UNKNOWN STEP	2026-02-25T20:33:48.0676419Z Warning: A tag was used that wasn't specified in dart_test.yaml.
Android Tests (6)	UNKNOWN STEP	2026-02-25T20:33:48.0677112Z   integration was used in the suite itself
Android Tests (6)	UNKNOWN STEP	2026-02-25T20:33:48.0677424Z 
Android Tests (6)	UNKNOWN STEP	2026-02-25T20:33:48.0677887Z 26:24 +1 -2: loading /home/runner/work/substitution/substitution/integration_test/room_permissions_test.dart
Android Tests (6)	UNKNOWN STEP	2026-02-25T20:33:48.0678788Z Running Gradle task 'assembleDebug'...                             19.7s
Android Tests (6)	UNKNOWN STEP	2026-02-25T20:33:48.0679460Z ✓ Built build/app/outputs/flutter-apk/app-debug.apk
Android Tests (6)	UNKNOWN STEP	2026-02-25T20:33:48.0680077Z Installing build/app/outputs/flutter-apk/app-debug.apk...          12.5s
Android Tests (6)	UNKNOWN STEP	2026-02-25T20:33:48.0680872Z Running Gradle task 'assembleDebug'...                          Waiting for current test(s) to finish.
Android Tests (6)	UNKNOWN STEP	2026-02-25T20:33:48.0681769Z Press Control-C again to terminate immediately.
Android Tests (6)	UNKNOWN STEP	2026-02-25T20:33:48.0682087Z 
Android Tests (6)	UNKNOWN STEP	2026-02-25T20:33:48.0682248Z unhandled error during finalization of test:
Android Tests (6)	UNKNOWN STEP	2026-02-25T20:33:48.0682934Z /home/runner/work/substitution/substitution/integration_test/room_permissions_test.dart
Android Tests (6)	UNKNOWN STEP	2026-02-25T20:33:48.0684248Z PathNotFoundException: Deletion failed, path = '/tmp/flutter_tools.OYIFMT/flutter_test_listener.VREJLG' (OS Error: No such file or directory, errno = 2)
Android Tests (6)	UNKNOWN STEP	2026-02-25T20:33:48.0685430Z #0      _Directory._deleteSync (dart:io/directory_impl.dart:216:7)
Android Tests (6)	UNKNOWN STEP	2026-02-25T20:33:48.0686130Z #1      FileSystemEntity.deleteSync (dart:io/file_system_entity.dart:425:7)
Android Tests (6)	UNKNOWN STEP	2026-02-25T20:33:48.0687357Z #2      ForwardingFileSystemEntity.deleteSync (package:file/src/forwarding/forwarding_file_system_entity.dart:70:16)
Android Tests (6)	UNKNOWN STEP	2026-02-25T20:33:48.0688735Z #3      ErrorHandlingDirectory.deleteSync.<anonymous closure> (package:flutter_tools/src/base/error_handling_io.dart:451:22)
Android Tests (6)	UNKNOWN STEP	2026-02-25T20:33:48.0689832Z #4      _runSync (package:flutter_tools/src/base/error_handling_io.dart:552:14)
Android Tests (6)	UNKNOWN STEP	2026-02-25T20:33:48.0690793Z #5      ErrorHandlingDirectory.deleteSync (package:flutter_tools/src/base/error_handling_io.dart:450:12)
Android Tests (6)	UNKNOWN STEP	2026-02-25T20:33:48.0692070Z #6      FlutterPlatform._createListenerDart.<anonymous closure> (package:flutter_tools/src/test/flutter_platform.dart:787:15)
Android Tests (6)	UNKNOWN STEP	2026-02-25T20:33:48.0693338Z #7      FlutterPlatform._startTest.finalize (package:flutter_tools/src/test/flutter_platform.dart:592:26)
Android Tests (6)	UNKNOWN STEP	2026-02-25T20:33:48.0694126Z <asynchronous suspension>
Android Tests (6)	UNKNOWN STEP	2026-02-25T20:33:48.0694762Z #8      asyncGuard.<anonymous closure> (package:flutter_tools/src/base/async_guard.dart:108:24)
Android Tests (6)	UNKNOWN STEP	2026-02-25T20:33:48.0695467Z <asynchronous suspension>
Android Tests (6)	UNKNOWN STEP	2026-02-25T20:33:48.0695696Z 
Android Tests (6)	UNKNOWN STEP	2026-02-25T20:33:48.0737456Z ##[group]Run docker compose down -v
Android Tests (6)	UNKNOWN STEP	2026-02-25T20:33:48.0737954Z [36;1mdocker compose down -v[0m
Android Tests (6)	UNKNOWN STEP	2026-02-25T20:33:48.0799825Z shell: /usr/bin/bash -e {0}
Android Tests (6)	UNKNOWN STEP	2026-02-25T20:33:48.0800086Z env:
Android Tests (6)	UNKNOWN STEP	2026-02-25T20:33:48.0800279Z   CACHE_VERSION: v1
Android Tests (6)	UNKNOWN STEP	2026-02-25T20:33:48.0800610Z   JAVA_HOME: /opt/hostedtoolcache/Java_Temurin-Hotspot_jdk/17.0.18-8/x64
Android Tests (6)	UNKNOWN STEP	2026-02-25T20:33:48.0801147Z   JAVA_HOME_17_X64: /opt/hostedtoolcache/Java_Temurin-Hotspot_jdk/17.0.18-8/x64
Android Tests (6)	UNKNOWN STEP	2026-02-25T20:33:48.0801629Z   FLUTTER_ROOT: /opt/hostedtoolcache/flutter/stable-3.41.2-x64
Android Tests (6)	UNKNOWN STEP	2026-02-25T20:33:48.0801980Z   PUB_CACHE: /home/runner/.pub-cache
Android Tests (6)	UNKNOWN STEP	2026-02-25T20:33:48.0802280Z   ANDROID_AVD_HOME: /home/runner/.android/avd
Android Tests (6)	UNKNOWN STEP	2026-02-25T20:33:48.0802548Z ##[endgroup]
Android Tests (6)	UNKNOWN STEP	2026-02-25T20:33:48.2516536Z time="2026-02-25T20:33:48Z" level=warning msg="/home/runner/work/substitution/substitution/docker-compose.yml: the attribute `version` is obsolete, it will be ignored, please remove it to avoid potential confusion"
Android Tests (6)	UNKNOWN STEP	2026-02-25T20:33:48.2595066Z  Container substitution-redis-1  Stopping
Android Tests (6)	UNKNOWN STEP	2026-02-25T20:33:48.2601061Z  Container substitution-matrix-synapse-1  Stopping
Android Tests (6)	UNKNOWN STEP	2026-02-25T20:33:48.5251374Z  Container substitution-matrix-synapse-1  Stopped
Android Tests (6)	UNKNOWN STEP	2026-02-25T20:33:48.5252157Z  Container substitution-matrix-synapse-1  Removing
Android Tests (6)	UNKNOWN STEP	2026-02-25T20:33:48.5255209Z  Container substitution-redis-1  Stopped
Android Tests (6)	UNKNOWN STEP	2026-02-25T20:33:48.5256731Z  Container substitution-redis-1  Removing
Android Tests (6)	UNKNOWN STEP	2026-02-25T20:33:48.5384514Z  Container substitution-redis-1  Removed
Android Tests (6)	UNKNOWN STEP	2026-02-25T20:33:48.6148916Z  Container substitution-matrix-synapse-1  Removed
Android Tests (6)	UNKNOWN STEP	2026-02-25T20:33:48.6157531Z  Container substitution-dex-1  Stopping
Android Tests (6)	UNKNOWN STEP	2026-02-25T20:33:48.6158261Z  Container substitution-postgres-1  Stopping
Android Tests (6)	UNKNOWN STEP	2026-02-25T20:33:48.7722961Z  Container substitution-dex-1  Stopped
Android Tests (6)	UNKNOWN STEP	2026-02-25T20:33:48.7727288Z  Container substitution-dex-1  Removing
Android Tests (6)	UNKNOWN STEP	2026-02-25T20:33:48.7844908Z  Container substitution-dex-1  Removed
Android Tests (6)	UNKNOWN STEP	2026-02-25T20:33:48.7945114Z  Container substitution-postgres-1  Stopped
Android Tests (6)	UNKNOWN STEP	2026-02-25T20:33:48.7946234Z  Container substitution-postgres-1  Removing
Android Tests (6)	UNKNOWN STEP	2026-02-25T20:33:48.8600631Z  Container substitution-postgres-1  Removed
Android Tests (6)	UNKNOWN STEP	2026-02-25T20:33:48.8609059Z  Network substitution_substitution_network  Removing
Android Tests (6)	UNKNOWN STEP	2026-02-25T20:33:48.9769628Z  Network substitution_substitution_network  Removed
Android Tests (6)	UNKNOWN STEP	2026-02-25T20:33:49.0164314Z Post job cleanup.
Android Tests (6)	UNKNOWN STEP	2026-02-25T20:33:49.0251426Z Post job cleanup.
Android Tests (6)	UNKNOWN STEP	2026-02-25T20:33:49.3031606Z Post job cleanup.
Android Tests (6)	UNKNOWN STEP	2026-02-25T20:33:49.4197730Z [command]/usr/bin/git version
Android Tests (6)	UNKNOWN STEP	2026-02-25T20:33:49.4245987Z git version 2.53.0
Android Tests (6)	UNKNOWN STEP	2026-02-25T20:33:49.4313256Z Temporarily overriding HOME='/home/runner/work/_temp/5734788d-155d-4b00-b25a-e6645a1982dd' before making global git config changes
Android Tests (6)	UNKNOWN STEP	2026-02-25T20:33:49.4315148Z Adding repository directory to the temporary git global config as a safe directory
Android Tests (6)	UNKNOWN STEP	2026-02-25T20:33:49.4322183Z [command]/usr/bin/git config --global --add safe.directory /home/runner/work/substitution/substitution
Android Tests (6)	UNKNOWN STEP	2026-02-25T20:33:49.4377898Z [command]/usr/bin/git config --local --name-only --get-regexp core\.sshCommand
Android Tests (6)	UNKNOWN STEP	2026-02-25T20:33:49.4420896Z [command]/usr/bin/git submodule foreach --recursive sh -c "git config --local --name-only --get-regexp 'core\.sshCommand' && git config --local --unset-all 'core.sshCommand' || :"
Android Tests (6)	UNKNOWN STEP	2026-02-25T20:33:49.4839065Z [command]/usr/bin/git config --local --name-only --get-regexp http\.https\:\/\/github\.com\/\.extraheader
Android Tests (6)	UNKNOWN STEP	2026-02-25T20:33:49.4868487Z http.https://github.com/.extraheader
Android Tests (6)	UNKNOWN STEP	2026-02-25T20:33:49.4884049Z [command]/usr/bin/git config --local --unset-all http.https://github.com/.extraheader
Android Tests (6)	UNKNOWN STEP	2026-02-25T20:33:49.4942928Z [command]/usr/bin/git submodule foreach --recursive sh -c "git config --local --name-only --get-regexp 'http\.https\:\/\/github\.com\/\.extraheader' && git config --local --unset-all 'http.https://github.com/.extraheader' || :"
Android Tests (6)	UNKNOWN STEP	2026-02-25T20:33:49.5335528Z [command]/usr/bin/git config --local --name-only --get-regexp ^includeIf\.gitdir:
Android Tests (6)	UNKNOWN STEP	2026-02-25T20:33:49.5394307Z [command]/usr/bin/git submodule foreach --recursive git config --local --show-origin --name-only --get-regexp remote.origin.url
Android Tests (6)	UNKNOWN STEP	2026-02-25T20:33:49.5883656Z Cleaning up orphan processes
Android Tests (6)	UNKNOWN STEP	2026-02-25T20:33:49.6452970Z Terminate orphan process: pid (7540) (java)
Android Tests (6)	UNKNOWN STEP	2026-02-25T20:33:49.6594919Z Terminate orphan process: pid (8449) (java)
Android Tests (6)	UNKNOWN STEP	2026-02-25T20:33:49.6784472Z Terminate orphan process: pid (13351) (java)
Android Tests (6)	UNKNOWN STEP	2026-02-25T20:33:49.7000198Z Terminate orphan process: pid (40052) (java)
Android Tests (6)	UNKNOWN STEP	2026-02-25T20:33:49.7205813Z Terminate orphan process: pid (40163) (dart:flutter_to)
Web Tests (5)	UNKNOWN STEP	﻿2026-02-25T19:48:13.8333427Z Current runner version: '2.331.0'
Web Tests (5)	UNKNOWN STEP	2026-02-25T19:48:13.8356547Z ##[group]Runner Image Provisioner
Web Tests (5)	UNKNOWN STEP	2026-02-25T19:48:13.8357309Z Hosted Compute Agent
Web Tests (5)	UNKNOWN STEP	2026-02-25T19:48:13.8357775Z Version: 20260213.493
Web Tests (5)	UNKNOWN STEP	2026-02-25T19:48:13.8358358Z Commit: 5c115507f6dd24b8de37d8bbe0bb4509d0cc0fa3
Web Tests (5)	UNKNOWN STEP	2026-02-25T19:48:13.8358954Z Build Date: 2026-02-13T00:28:41Z
Web Tests (5)	UNKNOWN STEP	2026-02-25T19:48:13.8359533Z Worker ID: {d15d5e0d-9808-488c-a120-bec3fad49b8f}
Web Tests (5)	UNKNOWN STEP	2026-02-25T19:48:13.8360101Z Azure Region: westcentralus
Web Tests (5)	UNKNOWN STEP	2026-02-25T19:48:13.8360653Z ##[endgroup]
Web Tests (5)	UNKNOWN STEP	2026-02-25T19:48:13.8361877Z ##[group]Operating System
Web Tests (5)	UNKNOWN STEP	2026-02-25T19:48:13.8362405Z Ubuntu
Web Tests (5)	UNKNOWN STEP	2026-02-25T19:48:13.8362868Z 24.04.3
Web Tests (5)	UNKNOWN STEP	2026-02-25T19:48:13.8363239Z LTS
Web Tests (5)	UNKNOWN STEP	2026-02-25T19:48:13.8363627Z ##[endgroup]
Web Tests (5)	UNKNOWN STEP	2026-02-25T19:48:13.8364069Z ##[group]Runner Image
Web Tests (5)	UNKNOWN STEP	2026-02-25T19:48:13.8364723Z Image: ubuntu-24.04
Web Tests (5)	UNKNOWN STEP	2026-02-25T19:48:13.8365167Z Version: 20260224.36.1
Web Tests (5)	UNKNOWN STEP	2026-02-25T19:48:13.8366240Z Included Software: https://github.com/actions/runner-images/blob/ubuntu24/20260224.36/images/ubuntu/Ubuntu2404-Readme.md
Web Tests (5)	UNKNOWN STEP	2026-02-25T19:48:13.8367460Z Image Release: https://github.com/actions/runner-images/releases/tag/ubuntu24%2F20260224.36
Web Tests (5)	UNKNOWN STEP	2026-02-25T19:48:13.8368278Z ##[endgroup]
Web Tests (5)	UNKNOWN STEP	2026-02-25T19:48:13.8369212Z ##[group]GITHUB_TOKEN Permissions
Web Tests (5)	UNKNOWN STEP	2026-02-25T19:48:13.8370996Z Contents: read
Web Tests (5)	UNKNOWN STEP	2026-02-25T19:48:13.8371473Z Metadata: read
Web Tests (5)	UNKNOWN STEP	2026-02-25T19:48:13.8371887Z Packages: read
Web Tests (5)	UNKNOWN STEP	2026-02-25T19:48:13.8372329Z ##[endgroup]
Web Tests (5)	UNKNOWN STEP	2026-02-25T19:48:13.8374234Z Secret source: Actions
Web Tests (5)	UNKNOWN STEP	2026-02-25T19:48:13.8375121Z Prepare workflow directory
Web Tests (5)	UNKNOWN STEP	2026-02-25T19:48:13.8792618Z Prepare all required actions
Web Tests (5)	UNKNOWN STEP	2026-02-25T19:48:13.8830487Z Getting action download info
Web Tests (5)	UNKNOWN STEP	2026-02-25T19:48:14.2370872Z Download action repository 'actions/checkout@v4' (SHA:34e114876b0b11c390a56381ad16ebd13914f8d5)
Web Tests (5)	UNKNOWN STEP	2026-02-25T19:48:14.3489618Z Download action repository 'subosito/flutter-action@v2' (SHA:fd55f4c5af5b953cc57a2be44cb082c8f6635e8e)
Web Tests (5)	UNKNOWN STEP	2026-02-25T19:48:15.0226017Z Getting action download info
Web Tests (5)	UNKNOWN STEP	2026-02-25T19:48:15.2079189Z Download action repository 'actions/cache@v4' (SHA:0057852bfaa89a56745cba8c7296529d2fc39830)
Web Tests (5)	UNKNOWN STEP	2026-02-25T19:48:15.3919880Z Complete job name: Web Tests (5)
Web Tests (5)	UNKNOWN STEP	2026-02-25T19:48:15.4788630Z ##[group]Run actions/checkout@v4
Web Tests (5)	UNKNOWN STEP	2026-02-25T19:48:15.4789837Z with:
Web Tests (5)	UNKNOWN STEP	2026-02-25T19:48:15.4790574Z   repository: floffel/substitution
Web Tests (5)	UNKNOWN STEP	2026-02-25T19:48:15.4791651Z   token: ***
Web Tests (5)	UNKNOWN STEP	2026-02-25T19:48:15.4792405Z   ssh-strict: true
Web Tests (5)	UNKNOWN STEP	2026-02-25T19:48:15.4793316Z   ssh-user: git
Web Tests (5)	UNKNOWN STEP	2026-02-25T19:48:15.4793987Z   persist-credentials: true
Web Tests (5)	UNKNOWN STEP	2026-02-25T19:48:15.4794821Z   clean: true
Web Tests (5)	UNKNOWN STEP	2026-02-25T19:48:15.4795504Z   sparse-checkout-cone-mode: true
Web Tests (5)	UNKNOWN STEP	2026-02-25T19:48:15.4796268Z   fetch-depth: 1
Web Tests (5)	UNKNOWN STEP	2026-02-25T19:48:15.4796934Z   fetch-tags: false
Web Tests (5)	UNKNOWN STEP	2026-02-25T19:48:15.4797610Z   show-progress: true
Web Tests (5)	UNKNOWN STEP	2026-02-25T19:48:15.4798295Z   lfs: false
Web Tests (5)	UNKNOWN STEP	2026-02-25T19:48:15.4798928Z   submodules: false
Web Tests (5)	UNKNOWN STEP	2026-02-25T19:48:15.4799601Z   set-safe-directory: true
Web Tests (5)	UNKNOWN STEP	2026-02-25T19:48:15.4800667Z env:
Web Tests (5)	UNKNOWN STEP	2026-02-25T19:48:15.4801295Z   CACHE_VERSION: v1
Web Tests (5)	UNKNOWN STEP	2026-02-25T19:48:15.4801961Z ##[endgroup]
Web Tests (5)	UNKNOWN STEP	2026-02-25T19:48:15.5868483Z Syncing repository: floffel/substitution
Web Tests (5)	UNKNOWN STEP	2026-02-25T19:48:15.5871307Z ##[group]Getting Git version info
Web Tests (5)	UNKNOWN STEP	2026-02-25T19:48:15.5872832Z Working directory is '/home/runner/work/substitution/substitution'
Web Tests (5)	UNKNOWN STEP	2026-02-25T19:48:15.5875457Z [command]/usr/bin/git version
Web Tests (5)	UNKNOWN STEP	2026-02-25T19:48:15.5931827Z git version 2.53.0
Web Tests (5)	UNKNOWN STEP	2026-02-25T19:48:15.5957335Z ##[endgroup]
Web Tests (5)	UNKNOWN STEP	2026-02-25T19:48:15.5973899Z Temporarily overriding HOME='/home/runner/work/_temp/226927f3-0aa1-4c8d-989e-dcdf470db2ca' before making global git config changes
Web Tests (5)	UNKNOWN STEP	2026-02-25T19:48:15.5980764Z Adding repository directory to the temporary git global config as a safe directory
Web Tests (5)	UNKNOWN STEP	2026-02-25T19:48:15.5983430Z [command]/usr/bin/git config --global --add safe.directory /home/runner/work/substitution/substitution
Web Tests (5)	UNKNOWN STEP	2026-02-25T19:48:15.6023804Z Deleting the contents of '/home/runner/work/substitution/substitution'
Web Tests (5)	UNKNOWN STEP	2026-02-25T19:48:15.6027496Z ##[group]Initializing the repository
Web Tests (5)	UNKNOWN STEP	2026-02-25T19:48:15.6032834Z [command]/usr/bin/git init /home/runner/work/substitution/substitution
Web Tests (5)	UNKNOWN STEP	2026-02-25T19:48:15.6127093Z hint: Using 'master' as the name for the initial branch. This default branch name
Web Tests (5)	UNKNOWN STEP	2026-02-25T19:48:15.6128949Z hint: will change to "main" in Git 3.0. To configure the initial branch name
Web Tests (5)	UNKNOWN STEP	2026-02-25T19:48:15.6130452Z hint: to use in all of your new repositories, which will suppress this warning,
Web Tests (5)	UNKNOWN STEP	2026-02-25T19:48:15.6131437Z hint: call:
Web Tests (5)	UNKNOWN STEP	2026-02-25T19:48:15.6132052Z hint:
Web Tests (5)	UNKNOWN STEP	2026-02-25T19:48:15.6132934Z hint: 	git config --global init.defaultBranch <name>
Web Tests (5)	UNKNOWN STEP	2026-02-25T19:48:15.6133805Z hint:
Web Tests (5)	UNKNOWN STEP	2026-02-25T19:48:15.6134772Z hint: Names commonly chosen instead of 'master' are 'main', 'trunk' and
Web Tests (5)	UNKNOWN STEP	2026-02-25T19:48:15.6135962Z hint: 'development'. The just-created branch can be renamed via this command:
Web Tests (5)	UNKNOWN STEP	2026-02-25T19:48:15.6136917Z hint:
Web Tests (5)	UNKNOWN STEP	2026-02-25T19:48:15.6137554Z hint: 	git branch -m <name>
Web Tests (5)	UNKNOWN STEP	2026-02-25T19:48:15.6138246Z hint:
Web Tests (5)	UNKNOWN STEP	2026-02-25T19:48:15.6139233Z hint: Disable this message with "git config set advice.defaultBranchName false"
Web Tests (5)	UNKNOWN STEP	2026-02-25T19:48:15.6140789Z Initialized empty Git repository in /home/runner/work/substitution/substitution/.git/
Web Tests (5)	UNKNOWN STEP	2026-02-25T19:48:15.6143222Z [command]/usr/bin/git remote add origin https://github.com/floffel/substitution
Web Tests (5)	UNKNOWN STEP	2026-02-25T19:48:15.6176618Z ##[endgroup]
Web Tests (5)	UNKNOWN STEP	2026-02-25T19:48:15.6177793Z ##[group]Disabling automatic garbage collection
Web Tests (5)	UNKNOWN STEP	2026-02-25T19:48:15.6180243Z [command]/usr/bin/git config --local gc.auto 0
Web Tests (5)	UNKNOWN STEP	2026-02-25T19:48:15.6208258Z ##[endgroup]
Web Tests (5)	UNKNOWN STEP	2026-02-25T19:48:15.6209369Z ##[group]Setting up auth
Web Tests (5)	UNKNOWN STEP	2026-02-25T19:48:15.6217353Z [command]/usr/bin/git config --local --name-only --get-regexp core\.sshCommand
Web Tests (5)	UNKNOWN STEP	2026-02-25T19:48:15.6247938Z [command]/usr/bin/git submodule foreach --recursive sh -c "git config --local --name-only --get-regexp 'core\.sshCommand' && git config --local --unset-all 'core.sshCommand' || :"
Web Tests (5)	UNKNOWN STEP	2026-02-25T19:48:15.6547742Z [command]/usr/bin/git config --local --name-only --get-regexp http\.https\:\/\/github\.com\/\.extraheader
Web Tests (5)	UNKNOWN STEP	2026-02-25T19:48:15.6577156Z [command]/usr/bin/git submodule foreach --recursive sh -c "git config --local --name-only --get-regexp 'http\.https\:\/\/github\.com\/\.extraheader' && git config --local --unset-all 'http.https://github.com/.extraheader' || :"
Web Tests (5)	UNKNOWN STEP	2026-02-25T19:48:15.6759968Z [command]/usr/bin/git config --local --name-only --get-regexp ^includeIf\.gitdir:
Web Tests (5)	UNKNOWN STEP	2026-02-25T19:48:15.6789867Z [command]/usr/bin/git submodule foreach --recursive git config --local --show-origin --name-only --get-regexp remote.origin.url
Web Tests (5)	UNKNOWN STEP	2026-02-25T19:48:15.6969166Z [command]/usr/bin/git config --local http.https://github.com/.extraheader AUTHORIZATION: basic ***
Web Tests (5)	UNKNOWN STEP	2026-02-25T19:48:15.7000043Z ##[endgroup]
Web Tests (5)	UNKNOWN STEP	2026-02-25T19:48:15.7002045Z ##[group]Fetching the repository
Web Tests (5)	UNKNOWN STEP	2026-02-25T19:48:15.7010182Z [command]/usr/bin/git -c protocol.version=2 fetch --no-tags --prune --no-recurse-submodules --depth=1 origin +0408461b08eee1bbe2c516702bd1813b916d3e4c:refs/remotes/pull/1/merge
Web Tests (5)	UNKNOWN STEP	2026-02-25T19:48:17.0353134Z From https://github.com/floffel/substitution
Web Tests (5)	UNKNOWN STEP	2026-02-25T19:48:17.0355772Z  * [new ref]         0408461b08eee1bbe2c516702bd1813b916d3e4c -> pull/1/merge
Web Tests (5)	UNKNOWN STEP	2026-02-25T19:48:17.0381895Z ##[endgroup]
Web Tests (5)	UNKNOWN STEP	2026-02-25T19:48:17.0383039Z ##[group]Determining the checkout info
Web Tests (5)	UNKNOWN STEP	2026-02-25T19:48:17.0384103Z ##[endgroup]
Web Tests (5)	UNKNOWN STEP	2026-02-25T19:48:17.0388200Z [command]/usr/bin/git sparse-checkout disable
Web Tests (5)	UNKNOWN STEP	2026-02-25T19:48:17.0427030Z [command]/usr/bin/git config --local --unset-all extensions.worktreeConfig
Web Tests (5)	UNKNOWN STEP	2026-02-25T19:48:17.0450907Z ##[group]Checking out the ref
Web Tests (5)	UNKNOWN STEP	2026-02-25T19:48:17.0455213Z [command]/usr/bin/git checkout --progress --force refs/remotes/pull/1/merge
Web Tests (5)	UNKNOWN STEP	2026-02-25T19:48:17.3311456Z Note: switching to 'refs/remotes/pull/1/merge'.
Web Tests (5)	UNKNOWN STEP	2026-02-25T19:48:17.3311995Z 
Web Tests (5)	UNKNOWN STEP	2026-02-25T19:48:17.3312213Z You are in 'detached HEAD' state. You can look around, make experimental
Web Tests (5)	UNKNOWN STEP	2026-02-25T19:48:17.3312717Z changes and commit them, and you can discard any commits you make in this
Web Tests (5)	UNKNOWN STEP	2026-02-25T19:48:17.3313218Z state without impacting any branches by switching back to a branch.
Web Tests (5)	UNKNOWN STEP	2026-02-25T19:48:17.3313542Z 
Web Tests (5)	UNKNOWN STEP	2026-02-25T19:48:17.3313778Z If you want to create a new branch to retain commits you create, you may
Web Tests (5)	UNKNOWN STEP	2026-02-25T19:48:17.3314672Z do so (now or later) by using -c with the switch command. Example:
Web Tests (5)	UNKNOWN STEP	2026-02-25T19:48:17.3314953Z 
Web Tests (5)	UNKNOWN STEP	2026-02-25T19:48:17.3315077Z   git switch -c <new-branch-name>
Web Tests (5)	UNKNOWN STEP	2026-02-25T19:48:17.3315275Z 
Web Tests (5)	UNKNOWN STEP	2026-02-25T19:48:17.3315408Z Or undo this operation with:
Web Tests (5)	UNKNOWN STEP	2026-02-25T19:48:17.3315588Z 
Web Tests (5)	UNKNOWN STEP	2026-02-25T19:48:17.3315681Z   git switch -
Web Tests (5)	UNKNOWN STEP	2026-02-25T19:48:17.3315845Z 
Web Tests (5)	UNKNOWN STEP	2026-02-25T19:48:17.3316058Z Turn off this advice by setting config variable advice.detachedHead to false
Web Tests (5)	UNKNOWN STEP	2026-02-25T19:48:17.3316412Z 
Web Tests (5)	UNKNOWN STEP	2026-02-25T19:48:17.3316855Z HEAD is now at 0408461 Merge 86c2f4a4443179a61e99b4f5d2c467a0f9c43a72 into 74cc852017b0f1fdeb37326726f5fee7effe2248
Web Tests (5)	UNKNOWN STEP	2026-02-25T19:48:17.3323246Z ##[endgroup]
Web Tests (5)	UNKNOWN STEP	2026-02-25T19:48:17.3358485Z [command]/usr/bin/git log -1 --format=%H
Web Tests (5)	UNKNOWN STEP	2026-02-25T19:48:17.3378925Z 0408461b08eee1bbe2c516702bd1813b916d3e4c
Web Tests (5)	UNKNOWN STEP	2026-02-25T19:48:17.3697509Z ##[group]Run subosito/flutter-action@v2
Web Tests (5)	UNKNOWN STEP	2026-02-25T19:48:17.3697843Z with:
Web Tests (5)	UNKNOWN STEP	2026-02-25T19:48:17.3698059Z   channel: stable
Web Tests (5)	UNKNOWN STEP	2026-02-25T19:48:17.3698284Z   cache: true
Web Tests (5)	UNKNOWN STEP	2026-02-25T19:48:17.3698510Z   architecture: X64
Web Tests (5)	UNKNOWN STEP	2026-02-25T19:48:17.3698747Z   pub-cache-path: default
Web Tests (5)	UNKNOWN STEP	2026-02-25T19:48:17.3698991Z   dry-run: false
Web Tests (5)	UNKNOWN STEP	2026-02-25T19:48:17.3699325Z   git-source: https://github.com/flutter/flutter.git
Web Tests (5)	UNKNOWN STEP	2026-02-25T19:48:17.3699637Z env:
Web Tests (5)	UNKNOWN STEP	2026-02-25T19:48:17.3699828Z   CACHE_VERSION: v1
Web Tests (5)	UNKNOWN STEP	2026-02-25T19:48:17.3700055Z ##[endgroup]
Web Tests (5)	UNKNOWN STEP	2026-02-25T19:48:17.3820412Z ##[group]Run chmod +x "$GITHUB_ACTION_PATH/setup.sh"
Web Tests (5)	UNKNOWN STEP	2026-02-25T19:48:17.3820955Z [36;1mchmod +x "$GITHUB_ACTION_PATH/setup.sh"[0m
Web Tests (5)	UNKNOWN STEP	2026-02-25T19:48:17.3853483Z shell: /usr/bin/bash --noprofile --norc -e -o pipefail {0}
Web Tests (5)	UNKNOWN STEP	2026-02-25T19:48:17.3853857Z env:
Web Tests (5)	UNKNOWN STEP	2026-02-25T19:48:17.3854084Z   CACHE_VERSION: v1
Web Tests (5)	UNKNOWN STEP	2026-02-25T19:48:17.3854314Z ##[endgroup]
Web Tests (5)	UNKNOWN STEP	2026-02-25T19:48:17.3989621Z ##[group]Run $GITHUB_ACTION_PATH/setup.sh -p \
Web Tests (5)	UNKNOWN STEP	2026-02-25T19:48:17.3990103Z [36;1m$GITHUB_ACTION_PATH/setup.sh -p \[0m
Web Tests (5)	UNKNOWN STEP	2026-02-25T19:48:17.3990396Z [36;1m  -n '' \[0m
Web Tests (5)	UNKNOWN STEP	2026-02-25T19:48:17.3990638Z [36;1m  -f '' \[0m
Web Tests (5)	UNKNOWN STEP	2026-02-25T19:48:17.3990855Z [36;1m  -a 'X64' \[0m
Web Tests (5)	UNKNOWN STEP	2026-02-25T19:48:17.3991108Z [36;1m  -k '' \[0m
Web Tests (5)	UNKNOWN STEP	2026-02-25T19:48:17.3991313Z [36;1m  -c '' \[0m
Web Tests (5)	UNKNOWN STEP	2026-02-25T19:48:17.3991530Z [36;1m  -l '' \[0m
Web Tests (5)	UNKNOWN STEP	2026-02-25T19:48:17.3991749Z [36;1m  -d 'default' \[0m
Web Tests (5)	UNKNOWN STEP	2026-02-25T19:48:17.3992088Z [36;1m  -g 'https://github.com/flutter/flutter.git' \[0m
Web Tests (5)	UNKNOWN STEP	2026-02-25T19:48:17.3992424Z [36;1m  stable[0m
Web Tests (5)	UNKNOWN STEP	2026-02-25T19:48:17.4019990Z shell: /usr/bin/bash --noprofile --norc -e -o pipefail {0}
Web Tests (5)	UNKNOWN STEP	2026-02-25T19:48:17.4020338Z env:
Web Tests (5)	UNKNOWN STEP	2026-02-25T19:48:17.4020543Z   CACHE_VERSION: v1
Web Tests (5)	UNKNOWN STEP	2026-02-25T19:48:17.4020765Z ##[endgroup]
Web Tests (5)	UNKNOWN STEP	2026-02-25T19:48:17.6701592Z ##[group]Run actions/cache@v4
Web Tests (5)	UNKNOWN STEP	2026-02-25T19:48:17.6701822Z with:
Web Tests (5)	UNKNOWN STEP	2026-02-25T19:48:17.6702050Z   path: /opt/hostedtoolcache/flutter/stable-3.41.2-x64
Web Tests (5)	UNKNOWN STEP	2026-02-25T19:48:17.6702484Z   key: flutter-linux-stable-3.41.2-x64-90673a4eef275d1a6692c26ac80d6d746d41a73a
Web Tests (5)	UNKNOWN STEP	2026-02-25T19:48:17.6702875Z   enableCrossOsArchive: false
Web Tests (5)	UNKNOWN STEP	2026-02-25T19:48:17.6703241Z   fail-on-cache-miss: false
Web Tests (5)	UNKNOWN STEP	2026-02-25T19:48:17.6703613Z   lookup-only: false
Web Tests (5)	UNKNOWN STEP	2026-02-25T19:48:17.6703820Z   save-always: false
Web Tests (5)	UNKNOWN STEP	2026-02-25T19:48:17.6703984Z env:
Web Tests (5)	UNKNOWN STEP	2026-02-25T19:48:17.6704141Z   CACHE_VERSION: v1
Web Tests (5)	UNKNOWN STEP	2026-02-25T19:48:17.6704307Z ##[endgroup]
Web Tests (5)	UNKNOWN STEP	2026-02-25T19:48:18.0128182Z Cache hit for: flutter-linux-stable-3.41.2-x64-90673a4eef275d1a6692c26ac80d6d746d41a73a
Web Tests (5)	UNKNOWN STEP	2026-02-25T19:48:19.2239035Z Received 46137344 of 1665993529 (2.8%), 44.0 MBs/sec
Web Tests (5)	UNKNOWN STEP	2026-02-25T19:48:20.2242554Z Received 230686720 of 1665993529 (13.8%), 109.9 MBs/sec
Web Tests (5)	UNKNOWN STEP	2026-02-25T19:48:21.2788980Z Received 402653184 of 1665993529 (24.2%), 125.7 MBs/sec
Web Tests (5)	UNKNOWN STEP	2026-02-25T19:48:22.2793345Z Received 532676608 of 1665993529 (32.0%), 125.3 MBs/sec
Web Tests (5)	UNKNOWN STEP	2026-02-25T19:48:23.2796084Z Received 658505728 of 1665993529 (39.5%), 124.2 MBs/sec
Web Tests (5)	UNKNOWN STEP	2026-02-25T19:48:24.2794589Z Received 805306368 of 1665993529 (48.3%), 126.8 MBs/sec
Web Tests (5)	UNKNOWN STEP	2026-02-25T19:48:25.2791788Z Received 1002438656 of 1665993529 (60.2%), 135.5 MBs/sec
Web Tests (5)	UNKNOWN STEP	2026-02-25T19:48:26.2855797Z Received 1178599424 of 1665993529 (70.7%), 139.4 MBs/sec
Web Tests (5)	UNKNOWN STEP	2026-02-25T19:48:27.2869477Z Received 1342177280 of 1665993529 (80.6%), 141.2 MBs/sec
Web Tests (5)	UNKNOWN STEP	2026-02-25T19:48:28.2870297Z Received 1505755136 of 1665993529 (90.4%), 142.7 MBs/sec
Web Tests (5)	UNKNOWN STEP	2026-02-25T19:48:29.2909486Z Received 1665993529 of 1665993529 (100.0%), 143.6 MBs/sec
Web Tests (5)	UNKNOWN STEP	2026-02-25T19:48:29.2910342Z Cache Size: ~1589 MB (1665993529 B)
Web Tests (5)	UNKNOWN STEP	2026-02-25T19:48:29.2978704Z [command]/usr/bin/tar -xf /home/runner/work/_temp/eb060dfe-4529-4ae7-a9c4-3304870954a0/cache.tzst -P -C /home/runner/work/substitution/substitution --use-compress-program unzstd
Web Tests (5)	UNKNOWN STEP	2026-02-25T19:48:33.9446377Z Cache restored successfully
Web Tests (5)	UNKNOWN STEP	2026-02-25T19:48:34.1225386Z Cache restored from key: flutter-linux-stable-3.41.2-x64-90673a4eef275d1a6692c26ac80d6d746d41a73a
Web Tests (5)	UNKNOWN STEP	2026-02-25T19:48:34.2225980Z ##[group]Run actions/cache@v4
Web Tests (5)	UNKNOWN STEP	2026-02-25T19:48:34.2226201Z with:
Web Tests (5)	UNKNOWN STEP	2026-02-25T19:48:34.2226388Z   path: /home/runner/.pub-cache
Web Tests (5)	UNKNOWN STEP	2026-02-25T19:48:34.2227252Z   key: flutter-pub-linux-stable-3.41.2-x64-90673a4eef275d1a6692c26ac80d6d746d41a73a-fabacfc13d2b7e18a7fb2822593662b03764f624bf41fd351cdabec60fb27783
Web Tests (5)	UNKNOWN STEP	2026-02-25T19:48:34.2227937Z   enableCrossOsArchive: false
Web Tests (5)	UNKNOWN STEP	2026-02-25T19:48:34.2228170Z   fail-on-cache-miss: false
Web Tests (5)	UNKNOWN STEP	2026-02-25T19:48:34.2228391Z   lookup-only: false
Web Tests (5)	UNKNOWN STEP	2026-02-25T19:48:34.2228586Z   save-always: false
Web Tests (5)	UNKNOWN STEP	2026-02-25T19:48:34.2228761Z env:
Web Tests (5)	UNKNOWN STEP	2026-02-25T19:48:34.2228922Z   CACHE_VERSION: v1
Web Tests (5)	UNKNOWN STEP	2026-02-25T19:48:34.2229097Z ##[endgroup]
Web Tests (5)	UNKNOWN STEP	2026-02-25T19:48:34.5635902Z Cache hit for: flutter-pub-linux-stable-3.41.2-x64-90673a4eef275d1a6692c26ac80d6d746d41a73a-fabacfc13d2b7e18a7fb2822593662b03764f624bf41fd351cdabec60fb27783
Web Tests (5)	UNKNOWN STEP	2026-02-25T19:48:35.7953826Z Received 41943040 of 133563121 (31.4%), 40.0 MBs/sec
Web Tests (5)	UNKNOWN STEP	2026-02-25T19:48:36.3367366Z Received 133563121 of 133563121 (100.0%), 82.6 MBs/sec
Web Tests (5)	UNKNOWN STEP	2026-02-25T19:48:36.3367835Z Cache Size: ~127 MB (133563121 B)
Web Tests (5)	UNKNOWN STEP	2026-02-25T19:48:36.3428771Z [command]/usr/bin/tar -xf /home/runner/work/_temp/ff4ef1a7-f0a2-4e87-9740-aa3a38dbf9ed/cache.tzst -P -C /home/runner/work/substitution/substitution --use-compress-program unzstd
Web Tests (5)	UNKNOWN STEP	2026-02-25T19:48:37.2389891Z Cache restored successfully
Web Tests (5)	UNKNOWN STEP	2026-02-25T19:48:37.2617262Z Cache restored from key: flutter-pub-linux-stable-3.41.2-x64-90673a4eef275d1a6692c26ac80d6d746d41a73a-fabacfc13d2b7e18a7fb2822593662b03764f624bf41fd351cdabec60fb27783
Web Tests (5)	UNKNOWN STEP	2026-02-25T19:48:37.2706408Z ##[group]Run $GITHUB_ACTION_PATH/setup.sh \
Web Tests (5)	UNKNOWN STEP	2026-02-25T19:48:37.2706727Z [36;1m$GITHUB_ACTION_PATH/setup.sh \[0m
Web Tests (5)	UNKNOWN STEP	2026-02-25T19:48:37.2706993Z [36;1m  -n '3.41.2' \[0m
Web Tests (5)	UNKNOWN STEP	2026-02-25T19:48:37.2707200Z [36;1m  -a 'x64' \[0m
Web Tests (5)	UNKNOWN STEP	2026-02-25T19:48:37.2707483Z [36;1m  -c '/opt/hostedtoolcache/flutter/stable-3.41.2-x64' \[0m
Web Tests (5)	UNKNOWN STEP	2026-02-25T19:48:37.2707808Z [36;1m  -d '/home/runner/.pub-cache' \[0m
Web Tests (5)	UNKNOWN STEP	2026-02-25T19:48:37.2708041Z [36;1m  stable[0m
Web Tests (5)	UNKNOWN STEP	2026-02-25T19:48:37.2733828Z shell: /usr/bin/bash --noprofile --norc -e -o pipefail {0}
Web Tests (5)	UNKNOWN STEP	2026-02-25T19:48:37.2734144Z env:
Web Tests (5)	UNKNOWN STEP	2026-02-25T19:48:37.2734311Z   CACHE_VERSION: v1
Web Tests (5)	UNKNOWN STEP	2026-02-25T19:48:37.2734746Z ##[endgroup]
Web Tests (5)	UNKNOWN STEP	2026-02-25T19:48:37.4524228Z ##[group]Run flutter pub get
Web Tests (5)	UNKNOWN STEP	2026-02-25T19:48:37.4524676Z [36;1mflutter pub get[0m
Web Tests (5)	UNKNOWN STEP	2026-02-25T19:48:37.4553817Z shell: /usr/bin/bash -e {0}
Web Tests (5)	UNKNOWN STEP	2026-02-25T19:48:37.4554089Z env:
Web Tests (5)	UNKNOWN STEP	2026-02-25T19:48:37.4554261Z   CACHE_VERSION: v1
Web Tests (5)	UNKNOWN STEP	2026-02-25T19:48:37.4554703Z   FLUTTER_ROOT: /opt/hostedtoolcache/flutter/stable-3.41.2-x64
Web Tests (5)	UNKNOWN STEP	2026-02-25T19:48:37.4555047Z   PUB_CACHE: /home/runner/.pub-cache
Web Tests (5)	UNKNOWN STEP	2026-02-25T19:48:37.4555282Z ##[endgroup]
Web Tests (5)	UNKNOWN STEP	2026-02-25T19:48:38.4490591Z Resolving dependencies...
Web Tests (5)	UNKNOWN STEP	2026-02-25T19:48:38.8199776Z Downloading packages...
Web Tests (5)	UNKNOWN STEP	2026-02-25T19:48:38.8969107Z   _fe_analyzer_shared 91.0.0 (96.0.0 available)
Web Tests (5)	UNKNOWN STEP	2026-02-25T19:48:38.8969642Z   analyzer 8.4.1 (10.2.0 available)
Web Tests (5)	UNKNOWN STEP	2026-02-25T19:48:38.8970056Z > characters 1.4.1 (was 1.4.0)
Web Tests (5)	UNKNOWN STEP	2026-02-25T19:48:38.8970430Z > matcher 0.12.18 (was 0.12.17)
Web Tests (5)	UNKNOWN STEP	2026-02-25T19:48:38.8970856Z > material_color_utilities 0.13.0 (was 0.11.1)
Web Tests (5)	UNKNOWN STEP	2026-02-25T19:48:38.8971302Z   meta 1.17.0 (1.18.1 available)
Web Tests (5)	UNKNOWN STEP	2026-02-25T19:48:38.8971804Z   sqflite_common_ffi 2.3.7+1 (2.4.0+2 available)
Web Tests (5)	UNKNOWN STEP	2026-02-25T19:48:38.8972347Z   sqlite3 2.9.4 (3.1.6 available)
Web Tests (5)	UNKNOWN STEP	2026-02-25T19:48:38.8972740Z > test_api 0.7.9 (was 0.7.7)
Web Tests (5)	UNKNOWN STEP	2026-02-25T19:48:38.8972983Z > test_core 0.6.15 (was 0.6.12)
Web Tests (5)	UNKNOWN STEP	2026-02-25T19:48:38.8973424Z   unorm_dart 0.2.0 (0.3.2 available)
Web Tests (5)	UNKNOWN STEP	2026-02-25T19:48:38.8973673Z   win32 5.15.0 (6.0.0 available)
Web Tests (5)	UNKNOWN STEP	2026-02-25T19:48:38.8973929Z Changed 5 dependencies!
Web Tests (5)	UNKNOWN STEP	2026-02-25T19:48:38.8981393Z 7 packages have newer versions incompatible with dependency constraints.
Web Tests (5)	UNKNOWN STEP	2026-02-25T19:48:38.8982098Z Try `flutter pub outdated` for more information.
Web Tests (5)	UNKNOWN STEP	2026-02-25T19:48:39.4096563Z ##[group]Run flutter config --enable-web
Web Tests (5)	UNKNOWN STEP	2026-02-25T19:48:39.4097113Z [36;1mflutter config --enable-web[0m
Web Tests (5)	UNKNOWN STEP	2026-02-25T19:48:39.4126216Z shell: /usr/bin/bash -e {0}
Web Tests (5)	UNKNOWN STEP	2026-02-25T19:48:39.4126465Z env:
Web Tests (5)	UNKNOWN STEP	2026-02-25T19:48:39.4126652Z   CACHE_VERSION: v1
Web Tests (5)	UNKNOWN STEP	2026-02-25T19:48:39.4126938Z   FLUTTER_ROOT: /opt/hostedtoolcache/flutter/stable-3.41.2-x64
Web Tests (5)	UNKNOWN STEP	2026-02-25T19:48:39.4127275Z   PUB_CACHE: /home/runner/.pub-cache
Web Tests (5)	UNKNOWN STEP	2026-02-25T19:48:39.4127516Z ##[endgroup]
Web Tests (5)	UNKNOWN STEP	2026-02-25T19:48:39.5128482Z Setting "enable-web" value to "true".
Web Tests (5)	UNKNOWN STEP	2026-02-25T19:48:39.5129168Z 
Web Tests (5)	UNKNOWN STEP	2026-02-25T19:48:39.5129446Z You may need to restart any open editors for them to read new settings.
Web Tests (5)	UNKNOWN STEP	2026-02-25T19:48:39.5179448Z ##[group]Run docker compose up -d postgres matrix-synapse redis
Web Tests (5)	UNKNOWN STEP	2026-02-25T19:48:39.5179902Z [36;1mdocker compose up -d postgres matrix-synapse redis[0m
Web Tests (5)	UNKNOWN STEP	2026-02-25T19:48:39.5180219Z [36;1msleep 10[0m
Web Tests (5)	UNKNOWN STEP	2026-02-25T19:48:39.5180441Z [36;1mdocker compose run --rm matrix-init[0m
Web Tests (5)	UNKNOWN STEP	2026-02-25T19:48:39.5180978Z [36;1mtimeout 60 bash -c 'until curl -sf http://localhost:8008/_matrix/client/versions > /dev/null 2>&1; do sleep 2; done'[0m
Web Tests (5)	UNKNOWN STEP	2026-02-25T19:48:39.5208241Z shell: /usr/bin/bash -e {0}
Web Tests (5)	UNKNOWN STEP	2026-02-25T19:48:39.5208489Z env:
Web Tests (5)	UNKNOWN STEP	2026-02-25T19:48:39.5208668Z   CACHE_VERSION: v1
Web Tests (5)	UNKNOWN STEP	2026-02-25T19:48:39.5208949Z   FLUTTER_ROOT: /opt/hostedtoolcache/flutter/stable-3.41.2-x64
Web Tests (5)	UNKNOWN STEP	2026-02-25T19:48:39.5209280Z   PUB_CACHE: /home/runner/.pub-cache
Web Tests (5)	UNKNOWN STEP	2026-02-25T19:48:39.5209522Z ##[endgroup]
Web Tests (5)	UNKNOWN STEP	2026-02-25T19:48:45.6730907Z time="2026-02-25T19:48:45Z" level=warning msg="/home/runner/work/substitution/substitution/docker-compose.yml: the attribute `version` is obsolete, it will be ignored, please remove it to avoid potential confusion"
Web Tests (5)	UNKNOWN STEP	2026-02-25T19:48:45.7106707Z  postgres Pulling 
Web Tests (5)	UNKNOWN STEP	2026-02-25T19:48:45.7107113Z  matrix-synapse Pulling 
Web Tests (5)	UNKNOWN STEP	2026-02-25T19:48:45.7107495Z  redis Pulling 
Web Tests (5)	UNKNOWN STEP	2026-02-25T19:48:45.7107790Z  dex Pulling 
Web Tests (5)	UNKNOWN STEP	2026-02-25T19:48:46.6149405Z  bc1da058f299 Pulling fs layer 
Web Tests (5)	UNKNOWN STEP	2026-02-25T19:48:46.6152904Z  589002ba0eae Pulling fs layer 
Web Tests (5)	UNKNOWN STEP	2026-02-25T19:48:46.6171282Z  09a5a0c32a23 Pulling fs layer 
Web Tests (5)	UNKNOWN STEP	2026-02-25T19:48:46.6171737Z  bd53938b1271 Pulling fs layer 
Web Tests (5)	UNKNOWN STEP	2026-02-25T19:48:46.6172131Z  9fe3744a2eac Pulling fs layer 
Web Tests (5)	UNKNOWN STEP	2026-02-25T19:48:46.6172508Z  5ffb427686b6 Pulling fs layer 
Web Tests (5)	UNKNOWN STEP	2026-02-25T19:48:46.6172873Z  7ad54b3c4cef Pulling fs layer 
Web Tests (5)	UNKNOWN STEP	2026-02-25T19:48:46.6173249Z  2a97533d89ca Pulling fs layer 
Web Tests (5)	UNKNOWN STEP	2026-02-25T19:48:46.6173619Z  630177b00352 Pulling fs layer 
Web Tests (5)	UNKNOWN STEP	2026-02-25T19:48:46.6173964Z  4f4fb700ef54 Pulling fs layer 
Web Tests (5)	UNKNOWN STEP	2026-02-25T19:48:46.6174181Z  6c18ff1f33d0 Pulling fs layer 
Web Tests (5)	UNKNOWN STEP	2026-02-25T19:48:46.6174574Z  1c2c8d1ee428 Pulling fs layer 
Web Tests (5)	UNKNOWN STEP	2026-02-25T19:48:46.6174790Z  13e46e455d3b Pulling fs layer 
Web Tests (5)	UNKNOWN STEP	2026-02-25T19:48:46.6175051Z  bc1da058f299 Waiting 
Web Tests (5)	UNKNOWN STEP	2026-02-25T19:48:46.6175262Z  b4403f29458a Pulling fs layer 
Web Tests (5)	UNKNOWN STEP	2026-02-25T19:48:46.6175472Z  1c2c8d1ee428 Waiting 
Web Tests (5)	UNKNOWN STEP	2026-02-25T19:48:46.6175672Z  6c18ff1f33d0 Waiting 
Web Tests (5)	UNKNOWN STEP	2026-02-25T19:48:46.6175856Z  09a5a0c32a23 Waiting 
Web Tests (5)	UNKNOWN STEP	2026-02-25T19:48:46.6176038Z  13e46e455d3b Waiting 
Web Tests (5)	UNKNOWN STEP	2026-02-25T19:48:46.6176220Z  bd53938b1271 Waiting 
Web Tests (5)	UNKNOWN STEP	2026-02-25T19:48:46.6176412Z  40aaa75af6ce Pulling fs layer 
Web Tests (5)	UNKNOWN STEP	2026-02-25T19:48:46.6176626Z  9fe3744a2eac Waiting 
Web Tests (5)	UNKNOWN STEP	2026-02-25T19:48:46.6176824Z  162bdab1e0a7 Pulling fs layer 
Web Tests (5)	UNKNOWN STEP	2026-02-25T19:48:46.6177028Z  7ad54b3c4cef Waiting 
Web Tests (5)	UNKNOWN STEP	2026-02-25T19:48:46.6177230Z  ebff7b0ec73e Pulling fs layer 
Web Tests (5)	UNKNOWN STEP	2026-02-25T19:48:46.6177438Z  2a97533d89ca Waiting 
Web Tests (5)	UNKNOWN STEP	2026-02-25T19:48:46.6177636Z  c02179436571 Pulling fs layer 
Web Tests (5)	UNKNOWN STEP	2026-02-25T19:48:46.6177848Z  4f4fb700ef54 Waiting 
Web Tests (5)	UNKNOWN STEP	2026-02-25T19:48:46.6178042Z  8243369e9866 Pulling fs layer 
Web Tests (5)	UNKNOWN STEP	2026-02-25T19:48:46.6178242Z  b4403f29458a Waiting 
Web Tests (5)	UNKNOWN STEP	2026-02-25T19:48:46.6178429Z  40aaa75af6ce Waiting 
Web Tests (5)	UNKNOWN STEP	2026-02-25T19:48:46.6178844Z  162bdab1e0a7 Waiting 
Web Tests (5)	UNKNOWN STEP	2026-02-25T19:48:46.6179039Z  ebff7b0ec73e Waiting 
Web Tests (5)	UNKNOWN STEP	2026-02-25T19:48:46.6179232Z  c02179436571 Waiting 
Web Tests (5)	UNKNOWN STEP	2026-02-25T19:48:46.6179408Z  8243369e9866 Waiting 
Web Tests (5)	UNKNOWN STEP	2026-02-25T19:48:46.6790356Z  d25f557d7f31 Pulling fs layer 
Web Tests (5)	UNKNOWN STEP	2026-02-25T19:48:46.6790794Z  9acd5b82521c Pulling fs layer 
Web Tests (5)	UNKNOWN STEP	2026-02-25T19:48:46.6791162Z  10d78728ec4d Pulling fs layer 
Web Tests (5)	UNKNOWN STEP	2026-02-25T19:48:46.6791546Z  e0d49f520b92 Pulling fs layer 
Web Tests (5)	UNKNOWN STEP	2026-02-25T19:48:46.6791894Z  5de905603ac5 Pulling fs layer 
Web Tests (5)	UNKNOWN STEP	2026-02-25T19:48:46.6792228Z  808bb02340fa Pulling fs layer 
Web Tests (5)	UNKNOWN STEP	2026-02-25T19:48:46.6792545Z  c0970b69197c Pulling fs layer 
Web Tests (5)	UNKNOWN STEP	2026-02-25T19:48:46.6792884Z  9de5f206730a Pulling fs layer 
Web Tests (5)	UNKNOWN STEP	2026-02-25T19:48:46.6793247Z  24e28b7dc0a2 Pulling fs layer 
Web Tests (5)	UNKNOWN STEP	2026-02-25T19:48:46.6793587Z  830180cf89a8 Pulling fs layer 
Web Tests (5)	UNKNOWN STEP	2026-02-25T19:48:46.6793929Z  d25f557d7f31 Waiting 
Web Tests (5)	UNKNOWN STEP	2026-02-25T19:48:46.6794231Z  9acd5b82521c Waiting 
Web Tests (5)	UNKNOWN STEP	2026-02-25T19:48:46.6794697Z  10d78728ec4d Waiting 
Web Tests (5)	UNKNOWN STEP	2026-02-25T19:48:46.6794976Z  e0d49f520b92 Waiting 
Web Tests (5)	UNKNOWN STEP	2026-02-25T19:48:46.6795580Z  5de905603ac5 Waiting 
Web Tests (5)	UNKNOWN STEP	2026-02-25T19:48:46.6795886Z  808bb02340fa Waiting 
Web Tests (5)	UNKNOWN STEP	2026-02-25T19:48:46.6796171Z  c0970b69197c Waiting 
Web Tests (5)	UNKNOWN STEP	2026-02-25T19:48:46.6796451Z  24e28b7dc0a2 Waiting 
Web Tests (5)	UNKNOWN STEP	2026-02-25T19:48:46.6796742Z  830180cf89a8 Waiting 
Web Tests (5)	UNKNOWN STEP	2026-02-25T19:48:46.6798821Z  9de5f206730a Waiting 
Web Tests (5)	UNKNOWN STEP	2026-02-25T19:48:46.6799310Z  0c8d55a45c0d Pulling fs layer 
Web Tests (5)	UNKNOWN STEP	2026-02-25T19:48:46.6799734Z  03af238a5946 Pulling fs layer 
Web Tests (5)	UNKNOWN STEP	2026-02-25T19:48:46.6800130Z  686599c79c87 Pulling fs layer 
Web Tests (5)	UNKNOWN STEP	2026-02-25T19:48:46.6800483Z  f1cadbd7abd2 Pulling fs layer 
Web Tests (5)	UNKNOWN STEP	2026-02-25T19:48:46.6800890Z  3ee96ea8e5d2 Pulling fs layer 
Web Tests (5)	UNKNOWN STEP	2026-02-25T19:48:46.6801301Z  a954d256f742 Pulling fs layer 
Web Tests (5)	UNKNOWN STEP	2026-02-25T19:48:46.6801706Z  c7ce85987d6d Pulling fs layer 
Web Tests (5)	UNKNOWN STEP	2026-02-25T19:48:46.6802060Z  7807da78b90b Pulling fs layer 
Web Tests (5)	UNKNOWN STEP	2026-02-25T19:48:46.6802397Z  0478cd5c1079 Pulling fs layer 
Web Tests (5)	UNKNOWN STEP	2026-02-25T19:48:46.6802767Z  3a02ac06be95 Pulling fs layer 
Web Tests (5)	UNKNOWN STEP	2026-02-25T19:48:46.6803325Z  a954d256f742 Waiting 
Web Tests (5)	UNKNOWN STEP	2026-02-25T19:48:46.6803648Z  c7ce85987d6d Waiting 
Web Tests (5)	UNKNOWN STEP	2026-02-25T19:48:46.6803960Z  0478cd5c1079 Waiting 
Web Tests (5)	UNKNOWN STEP	2026-02-25T19:48:46.6804278Z  7807da78b90b Waiting 
Web Tests (5)	UNKNOWN STEP	2026-02-25T19:48:46.6804722Z  3a02ac06be95 Waiting 
Web Tests (5)	UNKNOWN STEP	2026-02-25T19:48:46.6805029Z  0c8d55a45c0d Waiting 
Web Tests (5)	UNKNOWN STEP	2026-02-25T19:48:46.6805325Z  03af238a5946 Waiting 
Web Tests (5)	UNKNOWN STEP	2026-02-25T19:48:46.6805629Z  686599c79c87 Waiting 
Web Tests (5)	UNKNOWN STEP	2026-02-25T19:48:46.6805934Z  3ee96ea8e5d2 Waiting 
Web Tests (5)	UNKNOWN STEP	2026-02-25T19:48:46.6806234Z  f1cadbd7abd2 Waiting 
Web Tests (5)	UNKNOWN STEP	2026-02-25T19:48:46.8635699Z  589002ba0eae Downloading [>                                                  ]  39.51kB/3.862MB
Web Tests (5)	UNKNOWN STEP	2026-02-25T19:48:46.8763659Z  630177b00352 Downloading [>                                                  ]  10.28kB/922.9kB
Web Tests (5)	UNKNOWN STEP	2026-02-25T19:48:46.8899908Z  5ffb427686b6 Downloading [=====================================>             ]     721B/972B
Web Tests (5)	UNKNOWN STEP	2026-02-25T19:48:46.8901535Z  5ffb427686b6 Downloading [==================================================>]     972B/972B
Web Tests (5)	UNKNOWN STEP	2026-02-25T19:48:46.8902112Z  5ffb427686b6 Verifying Checksum 
Web Tests (5)	UNKNOWN STEP	2026-02-25T19:48:46.8902357Z  5ffb427686b6 Download complete 
Web Tests (5)	UNKNOWN STEP	2026-02-25T19:48:46.9511087Z  630177b00352 Verifying Checksum 
Web Tests (5)	UNKNOWN STEP	2026-02-25T19:48:46.9511514Z  630177b00352 Download complete 
Web Tests (5)	UNKNOWN STEP	2026-02-25T19:48:46.9636466Z  589002ba0eae Downloading [===============================>                   ]  2.417MB/3.862MB
Web Tests (5)	UNKNOWN STEP	2026-02-25T19:48:46.9756996Z  589002ba0eae Verifying Checksum 
Web Tests (5)	UNKNOWN STEP	2026-02-25T19:48:46.9757421Z  589002ba0eae Download complete 
Web Tests (5)	UNKNOWN STEP	2026-02-25T19:48:46.9817582Z  589002ba0eae Extracting [>                                                  ]  65.54kB/3.862MB
Web Tests (5)	UNKNOWN STEP	2026-02-25T19:48:47.0657072Z  589002ba0eae Extracting [==================================================>]  3.862MB/3.862MB
Web Tests (5)	UNKNOWN STEP	2026-02-25T19:48:47.0660806Z  589002ba0eae Extracting [==================================================>]  3.862MB/3.862MB
Web Tests (5)	UNKNOWN STEP	2026-02-25T19:48:47.1209256Z  6c18ff1f33d0 Downloading [==================================================>]     173B/173B
Web Tests (5)	UNKNOWN STEP	2026-02-25T19:48:47.1571455Z  6c18ff1f33d0 Verifying Checksum 
Web Tests (5)	UNKNOWN STEP	2026-02-25T19:48:47.1571878Z  6c18ff1f33d0 Download complete 
Web Tests (5)	UNKNOWN STEP	2026-02-25T19:48:47.1583937Z  589002ba0eae Pull complete 
Web Tests (5)	UNKNOWN STEP	2026-02-25T19:48:47.1664129Z  5ffb427686b6 Extracting [==================================================>]     972B/972B
Web Tests (5)	UNKNOWN STEP	2026-02-25T19:48:47.1667465Z  5ffb427686b6 Extracting [==================================================>]     972B/972B
Web Tests (5)	UNKNOWN STEP	2026-02-25T19:48:47.1935303Z  13e46e455d3b Downloading [==================================================>]     116B/116B
Web Tests (5)	UNKNOWN STEP	2026-02-25T19:48:47.1936003Z  13e46e455d3b Download complete 
Web Tests (5)	UNKNOWN STEP	2026-02-25T19:48:47.2553362Z  bc1da058f299 Downloading [>                                                  ]  36.77kB/3.644MB
Web Tests (5)	UNKNOWN STEP	2026-02-25T19:48:47.3553584Z  bc1da058f299 Downloading [==============================>                    ]  2.226MB/3.644MB
Web Tests (5)	UNKNOWN STEP	2026-02-25T19:48:47.3715343Z  bc1da058f299 Verifying Checksum 
Web Tests (5)	UNKNOWN STEP	2026-02-25T19:48:47.3716381Z  bc1da058f299 Download complete 
Web Tests (5)	UNKNOWN STEP	2026-02-25T19:48:47.3721385Z  bc1da058f299 Extracting [>                                                  ]  65.54kB/3.644MB
Web Tests (5)	UNKNOWN STEP	2026-02-25T19:48:47.4163277Z  09a5a0c32a23 Downloading [======================================>            ]     721B/948B
Web Tests (5)	UNKNOWN STEP	2026-02-25T19:48:47.4164247Z  09a5a0c32a23 Downloading [==================================================>]     948B/948B
Web Tests (5)	UNKNOWN STEP	2026-02-25T19:48:47.4165046Z  09a5a0c32a23 Verifying Checksum 
Web Tests (5)	UNKNOWN STEP	2026-02-25T19:48:47.4165473Z  09a5a0c32a23 Download complete 
Web Tests (5)	UNKNOWN STEP	2026-02-25T19:48:47.4448356Z  bd53938b1271 Downloading [>                                                  ]  2.087kB/173.4kB
Web Tests (5)	UNKNOWN STEP	2026-02-25T19:48:47.4473798Z  bc1da058f299 Extracting [==================================================>]  3.644MB/3.644MB
Web Tests (5)	UNKNOWN STEP	2026-02-25T19:48:47.4479184Z  bc1da058f299 Extracting [==================================================>]  3.644MB/3.644MB
Web Tests (5)	UNKNOWN STEP	2026-02-25T19:48:47.4656677Z  bc1da058f299 Pull complete 
Web Tests (5)	UNKNOWN STEP	2026-02-25T19:48:47.4667732Z  09a5a0c32a23 Extracting [==================================================>]     948B/948B
Web Tests (5)	UNKNOWN STEP	2026-02-25T19:48:47.4673186Z  09a5a0c32a23 Extracting [==================================================>]     948B/948B
Web Tests (5)	UNKNOWN STEP	2026-02-25T19:48:47.4793341Z  bd53938b1271 Verifying Checksum 
Web Tests (5)	UNKNOWN STEP	2026-02-25T19:48:47.6091190Z  bd53938b1271 Download complete 
Web Tests (5)	UNKNOWN STEP	2026-02-25T19:48:47.6091620Z  9fe3744a2eac Downloading [>                                                  ]   10.3kB/1.003MB
Web Tests (5)	UNKNOWN STEP	2026-02-25T19:48:47.6877200Z  9fe3744a2eac Verifying Checksum 
Web Tests (5)	UNKNOWN STEP	2026-02-25T19:48:47.6878701Z  9fe3744a2eac Download complete 
Web Tests (5)	UNKNOWN STEP	2026-02-25T19:48:47.7165479Z  7ad54b3c4cef Downloading [>                                                  ]  126.4kB/12.41MB
Web Tests (5)	UNKNOWN STEP	2026-02-25T19:48:47.7340393Z  2a97533d89ca Downloading [==================================================>]     100B/100B
Web Tests (5)	UNKNOWN STEP	2026-02-25T19:48:47.7341038Z  2a97533d89ca Verifying Checksum 
Web Tests (5)	UNKNOWN STEP	2026-02-25T19:48:47.7341398Z  2a97533d89ca Download complete 
Web Tests (5)	UNKNOWN STEP	2026-02-25T19:48:47.8167328Z  7ad54b3c4cef Downloading [=====================>                             ]   5.23MB/12.41MB
Web Tests (5)	UNKNOWN STEP	2026-02-25T19:48:47.8700275Z  7ad54b3c4cef Verifying Checksum 
Web Tests (5)	UNKNOWN STEP	2026-02-25T19:48:47.8700722Z  7ad54b3c4cef Download complete 
Web Tests (5)	UNKNOWN STEP	2026-02-25T19:48:47.9424005Z  4f4fb700ef54 Downloading [==================================================>]      32B/32B
Web Tests (5)	UNKNOWN STEP	2026-02-25T19:48:47.9424932Z  4f4fb700ef54 Verifying Checksum 
Web Tests (5)	UNKNOWN STEP	2026-02-25T19:48:47.9425649Z  4f4fb700ef54 Download complete 
Web Tests (5)	UNKNOWN STEP	2026-02-25T19:48:48.0021560Z  1c2c8d1ee428 Downloading [==================================================>]     576B/576B
Web Tests (5)	UNKNOWN STEP	2026-02-25T19:48:48.0022179Z  1c2c8d1ee428 Verifying Checksum 
Web Tests (5)	UNKNOWN STEP	2026-02-25T19:48:48.0022667Z  1c2c8d1ee428 Download complete 
Web Tests (5)	UNKNOWN STEP	2026-02-25T19:48:48.1574244Z  5ffb427686b6 Pull complete 
Web Tests (5)	UNKNOWN STEP	2026-02-25T19:48:48.1574864Z  09a5a0c32a23 Pull complete 
Web Tests (5)	UNKNOWN STEP	2026-02-25T19:48:48.1582189Z  630177b00352 Extracting [=>                                                 ]  32.77kB/922.9kB
Web Tests (5)	UNKNOWN STEP	2026-02-25T19:48:48.1593216Z  bd53938b1271 Extracting [=========>                                         ]  32.77kB/173.4kB
Web Tests (5)	UNKNOWN STEP	2026-02-25T19:48:48.1595722Z  b4403f29458a Downloading [>                                                  ]  535.8kB/105.2MB
Web Tests (5)	UNKNOWN STEP	2026-02-25T19:48:48.1610652Z  bd53938b1271 Extracting [==================================================>]  173.4kB/173.4kB
Web Tests (5)	UNKNOWN STEP	2026-02-25T19:48:48.1822502Z  630177b00352 Extracting [==================================================>]  922.9kB/922.9kB
Web Tests (5)	UNKNOWN STEP	2026-02-25T19:48:48.1873238Z  bd53938b1271 Extracting [==================================================>]  173.4kB/173.4kB
Web Tests (5)	UNKNOWN STEP	2026-02-25T19:48:48.1900550Z  630177b00352 Pull complete 
Web Tests (5)	UNKNOWN STEP	2026-02-25T19:48:48.1911270Z  6c18ff1f33d0 Extracting [==================================================>]     173B/173B
Web Tests (5)	UNKNOWN STEP	2026-02-25T19:48:48.1914063Z  6c18ff1f33d0 Extracting [==================================================>]     173B/173B
Web Tests (5)	UNKNOWN STEP	2026-02-25T19:48:48.1998673Z  6c18ff1f33d0 Pull complete 
Web Tests (5)	UNKNOWN STEP	2026-02-25T19:48:48.2011537Z  13e46e455d3b Extracting [==================================================>]     116B/116B
Web Tests (5)	UNKNOWN STEP	2026-02-25T19:48:48.2014145Z  13e46e455d3b Extracting [==================================================>]     116B/116B
Web Tests (5)	UNKNOWN STEP	2026-02-25T19:48:48.2099710Z  13e46e455d3b Pull complete 
Web Tests (5)	UNKNOWN STEP	2026-02-25T19:48:48.2288439Z  40aaa75af6ce Downloading [===>                                               ]     700B/9.62kB
Web Tests (5)	UNKNOWN STEP	2026-02-25T19:48:48.2293374Z  40aaa75af6ce Downloading [==================================================>]   9.62kB/9.62kB
Web Tests (5)	UNKNOWN STEP	2026-02-25T19:48:48.2294630Z  40aaa75af6ce Verifying Checksum 
Web Tests (5)	UNKNOWN STEP	2026-02-25T19:48:48.2295711Z  40aaa75af6ce Download complete 
Web Tests (5)	UNKNOWN STEP	2026-02-25T19:48:48.2410354Z  162bdab1e0a7 Downloading [==================================================>]     128B/128B
Web Tests (5)	UNKNOWN STEP	2026-02-25T19:48:48.2411474Z  162bdab1e0a7 Verifying Checksum 
Web Tests (5)	UNKNOWN STEP	2026-02-25T19:48:48.2412076Z  162bdab1e0a7 Download complete 
Web Tests (5)	UNKNOWN STEP	2026-02-25T19:48:48.2602912Z  b4403f29458a Downloading [======>                                            ]  13.91MB/105.2MB
Web Tests (5)	UNKNOWN STEP	2026-02-25T19:48:48.2898789Z  bd53938b1271 Pull complete 
Web Tests (5)	UNKNOWN STEP	2026-02-25T19:48:48.2907004Z  9fe3744a2eac Extracting [=>                                                 ]  32.77kB/1.003MB
Web Tests (5)	UNKNOWN STEP	2026-02-25T19:48:48.3063183Z  9fe3744a2eac Extracting [==================================================>]  1.003MB/1.003MB
Web Tests (5)	UNKNOWN STEP	2026-02-25T19:48:48.3064100Z  9fe3744a2eac Extracting [==================================================>]  1.003MB/1.003MB
Web Tests (5)	UNKNOWN STEP	2026-02-25T19:48:48.3132628Z  9fe3744a2eac Pull complete 
Web Tests (5)	UNKNOWN STEP	2026-02-25T19:48:48.3152751Z  7ad54b3c4cef Extracting [>                                                  ]  131.1kB/12.41MB
Web Tests (5)	UNKNOWN STEP	2026-02-25T19:48:48.3624528Z  b4403f29458a Downloading [===============>                                   ]  32.59MB/105.2MB
Web Tests (5)	UNKNOWN STEP	2026-02-25T19:48:48.4160428Z  7ad54b3c4cef Extracting [==============================>                    ]  7.471MB/12.41MB
Web Tests (5)	UNKNOWN STEP	2026-02-25T19:48:48.4632213Z  b4403f29458a Downloading [========================>                          ]  50.71MB/105.2MB
Web Tests (5)	UNKNOWN STEP	2026-02-25T19:48:48.4754888Z  ebff7b0ec73e Downloading [==================================================>]     170B/170B
Web Tests (5)	UNKNOWN STEP	2026-02-25T19:48:48.4755807Z  ebff7b0ec73e Verifying Checksum 
Web Tests (5)	UNKNOWN STEP	2026-02-25T19:48:48.4756246Z  ebff7b0ec73e Download complete 
Web Tests (5)	UNKNOWN STEP	2026-02-25T19:48:48.4780870Z  7ad54b3c4cef Extracting [==================================================>]  12.41MB/12.41MB
Web Tests (5)	UNKNOWN STEP	2026-02-25T19:48:48.4930253Z  c02179436571 Downloading [=====>                                             ]     700B/5.84kB
Web Tests (5)	UNKNOWN STEP	2026-02-25T19:48:48.4940573Z  c02179436571 Downloading [==================================================>]   5.84kB/5.84kB
Web Tests (5)	UNKNOWN STEP	2026-02-25T19:48:48.4941454Z  c02179436571 Download complete 
Web Tests (5)	UNKNOWN STEP	2026-02-25T19:48:48.4999144Z  7ad54b3c4cef Pull complete 
Web Tests (5)	UNKNOWN STEP	2026-02-25T19:48:48.5010485Z  2a97533d89ca Extracting [==================================================>]     100B/100B
Web Tests (5)	UNKNOWN STEP	2026-02-25T19:48:48.5016226Z  2a97533d89ca Extracting [==================================================>]     100B/100B
Web Tests (5)	UNKNOWN STEP	2026-02-25T19:48:48.5080540Z  2a97533d89ca Pull complete 
Web Tests (5)	UNKNOWN STEP	2026-02-25T19:48:48.5089074Z  4f4fb700ef54 Extracting [==================================================>]      32B/32B
Web Tests (5)	UNKNOWN STEP	2026-02-25T19:48:48.5091869Z  4f4fb700ef54 Extracting [==================================================>]      32B/32B
Web Tests (5)	UNKNOWN STEP	2026-02-25T19:48:48.5138719Z  4f4fb700ef54 Pull complete 
Web Tests (5)	UNKNOWN STEP	2026-02-25T19:48:48.5219769Z  1c2c8d1ee428 Extracting [==================================================>]     576B/576B
Web Tests (5)	UNKNOWN STEP	2026-02-25T19:48:48.5223921Z  1c2c8d1ee428 Extracting [==================================================>]     576B/576B
Web Tests (5)	UNKNOWN STEP	2026-02-25T19:48:48.5295406Z  1c2c8d1ee428 Pull complete 
Web Tests (5)	UNKNOWN STEP	2026-02-25T19:48:48.5343061Z  redis Pulled 
Web Tests (5)	UNKNOWN STEP	2026-02-25T19:48:48.5660234Z  b4403f29458a Downloading [=================================>                 ]  71.52MB/105.2MB
Web Tests (5)	UNKNOWN STEP	2026-02-25T19:48:48.6668956Z  b4403f29458a Downloading [==========================================>        ]   90.2MB/105.2MB
Web Tests (5)	UNKNOWN STEP	2026-02-25T19:48:48.7314971Z  b4403f29458a Verifying Checksum 
Web Tests (5)	UNKNOWN STEP	2026-02-25T19:48:48.7315434Z  b4403f29458a Download complete 
Web Tests (5)	UNKNOWN STEP	2026-02-25T19:48:48.7385093Z  b4403f29458a Extracting [>                                                  ]  557.1kB/105.2MB
Web Tests (5)	UNKNOWN STEP	2026-02-25T19:48:48.7414817Z  8243369e9866 Downloading [==================================================>]     186B/186B
Web Tests (5)	UNKNOWN STEP	2026-02-25T19:48:48.7415475Z  8243369e9866 Verifying Checksum 
Web Tests (5)	UNKNOWN STEP	2026-02-25T19:48:48.7415891Z  8243369e9866 Download complete 
Web Tests (5)	UNKNOWN STEP	2026-02-25T19:48:48.7424449Z  d25f557d7f31 Downloading [>                                                  ]   36.9kB/3.622MB
Web Tests (5)	UNKNOWN STEP	2026-02-25T19:48:48.8398545Z  b4403f29458a Extracting [==>                                                ]  6.128MB/105.2MB
Web Tests (5)	UNKNOWN STEP	2026-02-25T19:48:48.8425509Z  d25f557d7f31 Downloading [==============================================>    ]  3.386MB/3.622MB
Web Tests (5)	UNKNOWN STEP	2026-02-25T19:48:48.8446347Z  d25f557d7f31 Downloading [==================================================>]  3.622MB/3.622MB
Web Tests (5)	UNKNOWN STEP	2026-02-25T19:48:48.8447150Z  d25f557d7f31 Verifying Checksum 
Web Tests (5)	UNKNOWN STEP	2026-02-25T19:48:48.8450145Z  d25f557d7f31 Download complete 
Web Tests (5)	UNKNOWN STEP	2026-02-25T19:48:48.8460205Z  d25f557d7f31 Extracting [>                                                  ]  65.54kB/3.622MB
Web Tests (5)	UNKNOWN STEP	2026-02-25T19:48:48.9099133Z  d25f557d7f31 Extracting [==================================================>]  3.622MB/3.622MB
Web Tests (5)	UNKNOWN STEP	2026-02-25T19:48:48.9431151Z  b4403f29458a Extracting [======>                                            ]  13.93MB/105.2MB
Web Tests (5)	UNKNOWN STEP	2026-02-25T19:48:48.9453099Z  d25f557d7f31 Pull complete 
Web Tests (5)	UNKNOWN STEP	2026-02-25T19:48:48.9729857Z  9acd5b82521c Downloading [>                                                  ]  1.378kB/127.5kB
Web Tests (5)	UNKNOWN STEP	2026-02-25T19:48:48.9911537Z  10d78728ec4d Downloading [==================================================>]     122B/122B
Web Tests (5)	UNKNOWN STEP	2026-02-25T19:48:48.9912252Z  10d78728ec4d Verifying Checksum 
Web Tests (5)	UNKNOWN STEP	2026-02-25T19:48:48.9912657Z  10d78728ec4d Download complete 
Web Tests (5)	UNKNOWN STEP	2026-02-25T19:48:49.0065007Z  9acd5b82521c Downloading [==================================================>]  127.5kB/127.5kB
Web Tests (5)	UNKNOWN STEP	2026-02-25T19:48:49.0065850Z  9acd5b82521c Download complete 
Web Tests (5)	UNKNOWN STEP	2026-02-25T19:48:49.0066500Z  9acd5b82521c Extracting [============>                                      ]  32.77kB/127.5kB
Web Tests (5)	UNKNOWN STEP	2026-02-25T19:48:49.0076121Z  9acd5b82521c Extracting [==================================================>]  127.5kB/127.5kB
Web Tests (5)	UNKNOWN STEP	2026-02-25T19:48:49.0079344Z  9acd5b82521c Extracting [==================================================>]  127.5kB/127.5kB
Web Tests (5)	UNKNOWN STEP	2026-02-25T19:48:49.0475692Z  9acd5b82521c Pull complete 
Web Tests (5)	UNKNOWN STEP	2026-02-25T19:48:49.0483855Z  10d78728ec4d Extracting [==================================================>]     122B/122B
Web Tests (5)	UNKNOWN STEP	2026-02-25T19:48:49.0488024Z  10d78728ec4d Extracting [==================================================>]     122B/122B
Web Tests (5)	UNKNOWN STEP	2026-02-25T19:48:49.0491563Z  b4403f29458a Extracting [==========>                                        ]  22.84MB/105.2MB
Web Tests (5)	UNKNOWN STEP	2026-02-25T19:48:49.0556999Z  10d78728ec4d Pull complete 
Web Tests (5)	UNKNOWN STEP	2026-02-25T19:48:49.0788034Z  e0d49f520b92 Downloading [==================================================>]     961B/961B
Web Tests (5)	UNKNOWN STEP	2026-02-25T19:48:49.0788891Z  e0d49f520b92 Verifying Checksum 
Web Tests (5)	UNKNOWN STEP	2026-02-25T19:48:49.0790622Z  e0d49f520b92 Extracting [==================================================>]     961B/961B
Web Tests (5)	UNKNOWN STEP	2026-02-25T19:48:49.0797300Z  e0d49f520b92 Extracting [==================================================>]     961B/961B
Web Tests (5)	UNKNOWN STEP	2026-02-25T19:48:49.0889682Z  e0d49f520b92 Pull complete 
Web Tests (5)	UNKNOWN STEP	2026-02-25T19:48:49.1509705Z  b4403f29458a Extracting [===============>                                   ]  31.75MB/105.2MB
Web Tests (5)	UNKNOWN STEP	2026-02-25T19:48:49.2427021Z  808bb02340fa Downloading [>                                                  ]  1.378kB/90.98kB
Web Tests (5)	UNKNOWN STEP	2026-02-25T19:48:49.2516886Z  b4403f29458a Extracting [===================>                               ]  40.67MB/105.2MB
Web Tests (5)	UNKNOWN STEP	2026-02-25T19:48:49.2621982Z  5de905603ac5 Downloading [====>                                              ]  1.378kB/17.03kB
Web Tests (5)	UNKNOWN STEP	2026-02-25T19:48:49.2647924Z  5de905603ac5 Downloading [==================================================>]  17.03kB/17.03kB
Web Tests (5)	UNKNOWN STEP	2026-02-25T19:48:49.2657989Z  5de905603ac5 Verifying Checksum 
Web Tests (5)	UNKNOWN STEP	2026-02-25T19:48:49.2658635Z  5de905603ac5 Download complete 
Web Tests (5)	UNKNOWN STEP	2026-02-25T19:48:49.2660947Z  5de905603ac5 Extracting [==================================================>]  17.03kB/17.03kB
Web Tests (5)	UNKNOWN STEP	2026-02-25T19:48:49.2661740Z  5de905603ac5 Extracting [==================================================>]  17.03kB/17.03kB
Web Tests (5)	UNKNOWN STEP	2026-02-25T19:48:49.2662504Z  808bb02340fa Downloading [==================================================>]  90.98kB/90.98kB
Web Tests (5)	UNKNOWN STEP	2026-02-25T19:48:49.2663694Z  808bb02340fa Verifying Checksum 
Web Tests (5)	UNKNOWN STEP	2026-02-25T19:48:49.2664202Z  808bb02340fa Download complete 
Web Tests (5)	UNKNOWN STEP	2026-02-25T19:48:49.2848492Z  5de905603ac5 Pull complete 
Web Tests (5)	UNKNOWN STEP	2026-02-25T19:48:49.2857293Z  808bb02340fa Extracting [==================>                                ]  32.77kB/90.98kB
Web Tests (5)	UNKNOWN STEP	2026-02-25T19:48:49.2861385Z  808bb02340fa Extracting [==================================================>]  90.98kB/90.98kB
Web Tests (5)	UNKNOWN STEP	2026-02-25T19:48:49.2865828Z  808bb02340fa Extracting [==================================================>]  90.98kB/90.98kB
Web Tests (5)	UNKNOWN STEP	2026-02-25T19:48:49.2967808Z  808bb02340fa Pull complete 
Web Tests (5)	UNKNOWN STEP	2026-02-25T19:48:49.3539950Z  b4403f29458a Extracting [=======================>                           ]  49.02MB/105.2MB
Web Tests (5)	UNKNOWN STEP	2026-02-25T19:48:49.3654983Z  c0970b69197c Downloading [>                                                  ]  163.8kB/14.88MB
Web Tests (5)	UNKNOWN STEP	2026-02-25T19:48:49.4622954Z  b4403f29458a Extracting [=========================>                         ]  54.59MB/105.2MB
Web Tests (5)	UNKNOWN STEP	2026-02-25T19:48:49.4656608Z  c0970b69197c Downloading [================================>                  ]  9.564MB/14.88MB
Web Tests (5)	UNKNOWN STEP	2026-02-25T19:48:49.4852411Z  c0970b69197c Verifying Checksum 
Web Tests (5)	UNKNOWN STEP	2026-02-25T19:48:49.4853609Z  c0970b69197c Download complete 
Web Tests (5)	UNKNOWN STEP	2026-02-25T19:48:49.4868544Z  c0970b69197c Extracting [>                                                  ]  163.8kB/14.88MB
Web Tests (5)	UNKNOWN STEP	2026-02-25T19:48:49.5002444Z  24e28b7dc0a2 Downloading [>                                                  ]  1.371kB/83.13kB
Web Tests (5)	UNKNOWN STEP	2026-02-25T19:48:49.5124468Z  9de5f206730a Downloading [>                                                  ]  8.268kB/766.3kB
Web Tests (5)	UNKNOWN STEP	2026-02-25T19:48:49.5224750Z  24e28b7dc0a2 Downloading [==================================================>]  83.13kB/83.13kB
Web Tests (5)	UNKNOWN STEP	2026-02-25T19:48:49.5225958Z  24e28b7dc0a2 Verifying Checksum 
Web Tests (5)	UNKNOWN STEP	2026-02-25T19:48:49.5226939Z  24e28b7dc0a2 Download complete 
Web Tests (5)	UNKNOWN STEP	2026-02-25T19:48:49.5675569Z  b4403f29458a Extracting [=============================>                     ]  61.28MB/105.2MB
Web Tests (5)	UNKNOWN STEP	2026-02-25T19:48:49.5828245Z  9de5f206730a Downloading [==================================================>]  766.3kB/766.3kB
Web Tests (5)	UNKNOWN STEP	2026-02-25T19:48:49.5829570Z  9de5f206730a Verifying Checksum 
Web Tests (5)	UNKNOWN STEP	2026-02-25T19:48:49.5830339Z  9de5f206730a Download complete 
Web Tests (5)	UNKNOWN STEP	2026-02-25T19:48:49.5880369Z  c0970b69197c Extracting [=======================>                           ]  6.881MB/14.88MB
Web Tests (5)	UNKNOWN STEP	2026-02-25T19:48:49.6730290Z  b4403f29458a Extracting [================================>                  ]  68.52MB/105.2MB
Web Tests (5)	UNKNOWN STEP	2026-02-25T19:48:49.6844882Z  c0970b69197c Extracting [==================================================>]  14.88MB/14.88MB
Web Tests (5)	UNKNOWN STEP	2026-02-25T19:48:49.7225465Z  c0970b69197c Pull complete 
Web Tests (5)	UNKNOWN STEP	2026-02-25T19:48:49.7234312Z  9de5f206730a Extracting [==>                                                ]  32.77kB/766.3kB
Web Tests (5)	UNKNOWN STEP	2026-02-25T19:48:49.7352168Z  9de5f206730a Extracting [==================================================>]  766.3kB/766.3kB
Web Tests (5)	UNKNOWN STEP	2026-02-25T19:48:49.7419288Z  9de5f206730a Pull complete 
Web Tests (5)	UNKNOWN STEP	2026-02-25T19:48:49.7428474Z  24e28b7dc0a2 Extracting [===================>                               ]  32.77kB/83.13kB
Web Tests (5)	UNKNOWN STEP	2026-02-25T19:48:49.7436272Z  24e28b7dc0a2 Extracting [==================================================>]  83.13kB/83.13kB
Web Tests (5)	UNKNOWN STEP	2026-02-25T19:48:49.7439021Z  24e28b7dc0a2 Extracting [==================================================>]  83.13kB/83.13kB
Web Tests (5)	UNKNOWN STEP	2026-02-25T19:48:49.7605254Z  24e28b7dc0a2 Pull complete 
Web Tests (5)	UNKNOWN STEP	2026-02-25T19:48:49.7651962Z  830180cf89a8 Downloading [>                                                  ]    162kB/14.63MB
Web Tests (5)	UNKNOWN STEP	2026-02-25T19:48:49.8016371Z  0c8d55a45c0d Downloading [>                                                  ]  298.8kB/29.78MB
Web Tests (5)	UNKNOWN STEP	2026-02-25T19:48:49.8261719Z  b4403f29458a Extracting [===================================>               ]   75.2MB/105.2MB
Web Tests (5)	UNKNOWN STEP	2026-02-25T19:48:49.8404658Z  03af238a5946 Downloading [>                                                  ]  13.04kB/1.293MB
Web Tests (5)	UNKNOWN STEP	2026-02-25T19:48:49.8654550Z  830180cf89a8 Downloading [=================================>                 ]  9.781MB/14.63MB
Web Tests (5)	UNKNOWN STEP	2026-02-25T19:48:49.8842451Z  830180cf89a8 Verifying Checksum 
Web Tests (5)	UNKNOWN STEP	2026-02-25T19:48:49.8855896Z  830180cf89a8 Download complete 
Web Tests (5)	UNKNOWN STEP	2026-02-25T19:48:49.8863823Z  830180cf89a8 Extracting [>                                                  ]  163.8kB/14.63MB
Web Tests (5)	UNKNOWN STEP	2026-02-25T19:48:49.9017080Z  0c8d55a45c0d Downloading [=================>                                 ]  10.15MB/29.78MB
Web Tests (5)	UNKNOWN STEP	2026-02-25T19:48:49.9223569Z  03af238a5946 Downloading [==================================================>]  1.293MB/1.293MB
Web Tests (5)	UNKNOWN STEP	2026-02-25T19:48:49.9228345Z  03af238a5946 Download complete 
Web Tests (5)	UNKNOWN STEP	2026-02-25T19:48:49.9672718Z  b4403f29458a Extracting [====================================>              ]  76.32MB/105.2MB
Web Tests (5)	UNKNOWN STEP	2026-02-25T19:48:49.9885940Z  830180cf89a8 Extracting [=====================>                             ]  6.226MB/14.63MB
Web Tests (5)	UNKNOWN STEP	2026-02-25T19:48:50.0022870Z  0c8d55a45c0d Downloading [====================================>              ]  21.56MB/29.78MB
Web Tests (5)	UNKNOWN STEP	2026-02-25T19:48:50.0701969Z  b4403f29458a Extracting [=====================================>             ]   79.1MB/105.2MB
Web Tests (5)	UNKNOWN STEP	2026-02-25T19:48:50.0732957Z  0c8d55a45c0d Verifying Checksum 
Web Tests (5)	UNKNOWN STEP	2026-02-25T19:48:50.0733555Z  0c8d55a45c0d Download complete 
Web Tests (5)	UNKNOWN STEP	2026-02-25T19:48:50.0896236Z  830180cf89a8 Extracting [====================================>              ]  10.81MB/14.63MB
Web Tests (5)	UNKNOWN STEP	2026-02-25T19:48:50.1119300Z  0c8d55a45c0d Extracting [>                                                  ]  327.7kB/29.78MB
Web Tests (5)	UNKNOWN STEP	2026-02-25T19:48:50.1525032Z  830180cf89a8 Extracting [==================================================>]  14.63MB/14.63MB
Web Tests (5)	UNKNOWN STEP	2026-02-25T19:48:50.1640342Z  686599c79c87 Downloading [>                                                  ]  122.2kB/11.8MB
Web Tests (5)	UNKNOWN STEP	2026-02-25T19:48:50.1669069Z  f1cadbd7abd2 Downloading [==================================================>]     252B/252B
Web Tests (5)	UNKNOWN STEP	2026-02-25T19:48:50.1670322Z  f1cadbd7abd2 Verifying Checksum 
Web Tests (5)	UNKNOWN STEP	2026-02-25T19:48:50.1670924Z  f1cadbd7abd2 Download complete 
Web Tests (5)	UNKNOWN STEP	2026-02-25T19:48:50.1724635Z  b4403f29458a Extracting [======================================>            ]  81.89MB/105.2MB
Web Tests (5)	UNKNOWN STEP	2026-02-25T19:48:50.2094871Z  830180cf89a8 Pull complete 
Web Tests (5)	UNKNOWN STEP	2026-02-25T19:48:50.2135027Z  0c8d55a45c0d Extracting [========>                                          ]  4.915MB/29.78MB
Web Tests (5)	UNKNOWN STEP	2026-02-25T19:48:50.2158247Z  dex Pulled 
Web Tests (5)	UNKNOWN STEP	2026-02-25T19:48:50.2645100Z  686599c79c87 Downloading [=====================>                             ]  5.186MB/11.8MB
Web Tests (5)	UNKNOWN STEP	2026-02-25T19:48:50.2832671Z  b4403f29458a Extracting [========================================>          ]  85.79MB/105.2MB
Web Tests (5)	UNKNOWN STEP	2026-02-25T19:48:50.2991170Z  686599c79c87 Verifying Checksum 
Web Tests (5)	UNKNOWN STEP	2026-02-25T19:48:50.2991653Z  686599c79c87 Download complete 
Web Tests (5)	UNKNOWN STEP	2026-02-25T19:48:50.3156221Z  0c8d55a45c0d Extracting [================>                                  ]   9.83MB/29.78MB
Web Tests (5)	UNKNOWN STEP	2026-02-25T19:48:50.3312015Z  3ee96ea8e5d2 Download complete 
Web Tests (5)	UNKNOWN STEP	2026-02-25T19:48:50.3913357Z  b4403f29458a Extracting [==========================================>        ]  90.24MB/105.2MB
Web Tests (5)	UNKNOWN STEP	2026-02-25T19:48:50.4203133Z  0c8d55a45c0d Extracting [=====================>                             ]  12.78MB/29.78MB
Web Tests (5)	UNKNOWN STEP	2026-02-25T19:48:50.4426182Z  a954d256f742 Downloading [>                                                  ]  222.2kB/21.98MB
Web Tests (5)	UNKNOWN STEP	2026-02-25T19:48:50.4946520Z  b4403f29458a Extracting [===========================================>       ]  92.47MB/105.2MB
Web Tests (5)	UNKNOWN STEP	2026-02-25T19:48:50.5253346Z  0c8d55a45c0d Extracting [==================================>                ]  20.64MB/29.78MB
Web Tests (5)	UNKNOWN STEP	2026-02-25T19:48:50.5337192Z  c7ce85987d6d Downloading [==>                                                ]     719B/13.29kB
Web Tests (5)	UNKNOWN STEP	2026-02-25T19:48:50.5342532Z  c7ce85987d6d Downloading [==================================================>]  13.29kB/13.29kB
Web Tests (5)	UNKNOWN STEP	2026-02-25T19:48:50.5345784Z  c7ce85987d6d Verifying Checksum 
Web Tests (5)	UNKNOWN STEP	2026-02-25T19:48:50.5346672Z  c7ce85987d6d Download complete 
Web Tests (5)	UNKNOWN STEP	2026-02-25T19:48:50.5482107Z  a954d256f742 Downloading [=============>                                     ]  5.938MB/21.98MB
Web Tests (5)	UNKNOWN STEP	2026-02-25T19:48:50.5951523Z  b4403f29458a Extracting [===============================================>   ]  100.3MB/105.2MB
Web Tests (5)	UNKNOWN STEP	2026-02-25T19:48:50.6277763Z  0c8d55a45c0d Extracting [==========================================>        ]  25.56MB/29.78MB
Web Tests (5)	UNKNOWN STEP	2026-02-25T19:48:50.6430675Z  7807da78b90b Downloading [>                                                  ]  462.7kB/45.54MB
Web Tests (5)	UNKNOWN STEP	2026-02-25T19:48:50.6482026Z  a954d256f742 Downloading [===============================================>   ]  20.81MB/21.98MB
Web Tests (5)	UNKNOWN STEP	2026-02-25T19:48:50.6667011Z  a954d256f742 Verifying Checksum 
Web Tests (5)	UNKNOWN STEP	2026-02-25T19:48:50.6667491Z  a954d256f742 Download complete 
Web Tests (5)	UNKNOWN STEP	2026-02-25T19:48:50.6818022Z  b4403f29458a Extracting [==================================================>]  105.2MB/105.2MB
Web Tests (5)	UNKNOWN STEP	2026-02-25T19:48:50.7431841Z  7807da78b90b Downloading [========>                                          ]  7.875MB/45.54MB
Web Tests (5)	UNKNOWN STEP	2026-02-25T19:48:50.7510055Z  0c8d55a45c0d Extracting [============================================>      ]  26.21MB/29.78MB
Web Tests (5)	UNKNOWN STEP	2026-02-25T19:48:50.7824949Z  0478cd5c1079 Downloading [==========>                                        ]     720B/3.507kB
Web Tests (5)	UNKNOWN STEP	2026-02-25T19:48:50.7825937Z  0478cd5c1079 Downloading [==================================================>]  3.507kB/3.507kB
Web Tests (5)	UNKNOWN STEP	2026-02-25T19:48:50.7826613Z  0478cd5c1079 Verifying Checksum 
Web Tests (5)	UNKNOWN STEP	2026-02-25T19:48:50.7827042Z  0478cd5c1079 Download complete 
Web Tests (5)	UNKNOWN STEP	2026-02-25T19:48:50.8469434Z  7807da78b90b Downloading [===========================>                       ]  25.04MB/45.54MB
Web Tests (5)	UNKNOWN STEP	2026-02-25T19:48:50.8942898Z  0c8d55a45c0d Extracting [================================================>  ]  28.84MB/29.78MB
Web Tests (5)	UNKNOWN STEP	2026-02-25T19:48:50.9152998Z  3a02ac06be95 Downloading [==========>                                        ]     720B/3.462kB
Web Tests (5)	UNKNOWN STEP	2026-02-25T19:48:50.9158528Z  3a02ac06be95 Verifying Checksum 
Web Tests (5)	UNKNOWN STEP	2026-02-25T19:48:50.9158996Z  3a02ac06be95 Download complete 
Web Tests (5)	UNKNOWN STEP	2026-02-25T19:48:50.9477799Z  7807da78b90b Downloading [================================================>  ]  44.04MB/45.54MB
Web Tests (5)	UNKNOWN STEP	2026-02-25T19:48:50.9536861Z  7807da78b90b Verifying Checksum 
Web Tests (5)	UNKNOWN STEP	2026-02-25T19:48:50.9537176Z  7807da78b90b Download complete 
Web Tests (5)	UNKNOWN STEP	2026-02-25T19:48:50.9673947Z  b4403f29458a Pull complete 
Web Tests (5)	UNKNOWN STEP	2026-02-25T19:48:50.9684321Z  40aaa75af6ce Extracting [==================================================>]   9.62kB/9.62kB
Web Tests (5)	UNKNOWN STEP	2026-02-25T19:48:50.9688296Z  40aaa75af6ce Extracting [==================================================>]   9.62kB/9.62kB
Web Tests (5)	UNKNOWN STEP	2026-02-25T19:48:51.0234177Z  40aaa75af6ce Pull complete 
Web Tests (5)	UNKNOWN STEP	2026-02-25T19:48:51.0243563Z  162bdab1e0a7 Extracting [==================================================>]     128B/128B
Web Tests (5)	UNKNOWN STEP	2026-02-25T19:48:51.0246938Z  162bdab1e0a7 Extracting [==================================================>]     128B/128B
Web Tests (5)	UNKNOWN STEP	2026-02-25T19:48:51.0313200Z  162bdab1e0a7 Pull complete 
Web Tests (5)	UNKNOWN STEP	2026-02-25T19:48:51.0321782Z  ebff7b0ec73e Extracting [==================================================>]     170B/170B
Web Tests (5)	UNKNOWN STEP	2026-02-25T19:48:51.0326759Z  ebff7b0ec73e Extracting [==================================================>]     170B/170B
Web Tests (5)	UNKNOWN STEP	2026-02-25T19:48:51.0393471Z  ebff7b0ec73e Pull complete 
Web Tests (5)	UNKNOWN STEP	2026-02-25T19:48:51.0406992Z  c02179436571 Extracting [==================================================>]   5.84kB/5.84kB
Web Tests (5)	UNKNOWN STEP	2026-02-25T19:48:51.0408360Z  c02179436571 Extracting [==================================================>]   5.84kB/5.84kB
Web Tests (5)	UNKNOWN STEP	2026-02-25T19:48:51.0427191Z  0c8d55a45c0d Extracting [================================================>  ]  29.16MB/29.78MB
Web Tests (5)	UNKNOWN STEP	2026-02-25T19:48:51.0510025Z  c02179436571 Pull complete 
Web Tests (5)	UNKNOWN STEP	2026-02-25T19:48:51.0522275Z  8243369e9866 Extracting [==================================================>]     186B/186B
Web Tests (5)	UNKNOWN STEP	2026-02-25T19:48:51.0525490Z  8243369e9866 Extracting [==================================================>]     186B/186B
Web Tests (5)	UNKNOWN STEP	2026-02-25T19:48:51.0605030Z  8243369e9866 Pull complete 
Web Tests (5)	UNKNOWN STEP	2026-02-25T19:48:51.0658693Z  postgres Pulled 
Web Tests (5)	UNKNOWN STEP	2026-02-25T19:48:51.1149929Z  0c8d55a45c0d Extracting [==================================================>]  29.78MB/29.78MB
Web Tests (5)	UNKNOWN STEP	2026-02-25T19:48:51.1303429Z  0c8d55a45c0d Pull complete 
Web Tests (5)	UNKNOWN STEP	2026-02-25T19:48:51.1311881Z  03af238a5946 Extracting [=>                                                 ]  32.77kB/1.293MB
Web Tests (5)	UNKNOWN STEP	2026-02-25T19:48:51.2025138Z  03af238a5946 Extracting [==================================================>]  1.293MB/1.293MB
Web Tests (5)	UNKNOWN STEP	2026-02-25T19:48:51.2027645Z  03af238a5946 Extracting [==================================================>]  1.293MB/1.293MB
Web Tests (5)	UNKNOWN STEP	2026-02-25T19:48:51.2236298Z  03af238a5946 Pull complete 
Web Tests (5)	UNKNOWN STEP	2026-02-25T19:48:51.2251874Z  686599c79c87 Extracting [>                                                  ]  131.1kB/11.8MB
Web Tests (5)	UNKNOWN STEP	2026-02-25T19:48:51.3270599Z  686599c79c87 Extracting [=============>                                     ]  3.277MB/11.8MB
Web Tests (5)	UNKNOWN STEP	2026-02-25T19:48:51.4294944Z  686599c79c87 Extracting [===============================>                   ]   7.34MB/11.8MB
Web Tests (5)	UNKNOWN STEP	2026-02-25T19:48:51.5372491Z  686599c79c87 Extracting [===========================================>       ]  10.35MB/11.8MB
Web Tests (5)	UNKNOWN STEP	2026-02-25T19:48:51.6230051Z  686599c79c87 Extracting [==================================================>]   11.8MB/11.8MB
Web Tests (5)	UNKNOWN STEP	2026-02-25T19:48:51.6653747Z  686599c79c87 Pull complete 
Web Tests (5)	UNKNOWN STEP	2026-02-25T19:48:51.6662541Z  f1cadbd7abd2 Extracting [==================================================>]     252B/252B
Web Tests (5)	UNKNOWN STEP	2026-02-25T19:48:51.6665464Z  f1cadbd7abd2 Extracting [==================================================>]     252B/252B
Web Tests (5)	UNKNOWN STEP	2026-02-25T19:48:51.6733008Z  f1cadbd7abd2 Pull complete 
Web Tests (5)	UNKNOWN STEP	2026-02-25T19:48:51.6741668Z  3ee96ea8e5d2 Extracting [==================================================>]     250B/250B
Web Tests (5)	UNKNOWN STEP	2026-02-25T19:48:51.6744870Z  3ee96ea8e5d2 Extracting [==================================================>]     250B/250B
Web Tests (5)	UNKNOWN STEP	2026-02-25T19:48:51.6802390Z  3ee96ea8e5d2 Pull complete 
Web Tests (5)	UNKNOWN STEP	2026-02-25T19:48:51.6830585Z  a954d256f742 Extracting [>                                                  ]  229.4kB/21.98MB
Web Tests (5)	UNKNOWN STEP	2026-02-25T19:48:51.7887126Z  a954d256f742 Extracting [=======>                                           ]  3.441MB/21.98MB
Web Tests (5)	UNKNOWN STEP	2026-02-25T19:48:51.8902038Z  a954d256f742 Extracting [=============================>                     ]  12.85MB/21.98MB
Web Tests (5)	UNKNOWN STEP	2026-02-25T19:48:51.9923767Z  a954d256f742 Extracting [================================================>  ]   21.1MB/21.98MB
Web Tests (5)	UNKNOWN STEP	2026-02-25T19:48:52.0245853Z  a954d256f742 Extracting [==================================================>]  21.98MB/21.98MB
Web Tests (5)	UNKNOWN STEP	2026-02-25T19:48:52.0623117Z  a954d256f742 Pull complete 
Web Tests (5)	UNKNOWN STEP	2026-02-25T19:48:52.0631278Z  c7ce85987d6d Extracting [==================================================>]  13.29kB/13.29kB
Web Tests (5)	UNKNOWN STEP	2026-02-25T19:48:52.0634903Z  c7ce85987d6d Extracting [==================================================>]  13.29kB/13.29kB
Web Tests (5)	UNKNOWN STEP	2026-02-25T19:48:52.0772744Z  c7ce85987d6d Pull complete 
Web Tests (5)	UNKNOWN STEP	2026-02-25T19:48:52.0924761Z  7807da78b90b Extracting [>                                                  ]  458.8kB/45.54MB
Web Tests (5)	UNKNOWN STEP	2026-02-25T19:48:52.1959236Z  7807da78b90b Extracting [===>                                               ]  2.753MB/45.54MB
Web Tests (5)	UNKNOWN STEP	2026-02-25T19:48:52.3001212Z  7807da78b90b Extracting [========>                                          ]  7.799MB/45.54MB
Web Tests (5)	UNKNOWN STEP	2026-02-25T19:48:52.4073829Z  7807da78b90b Extracting [==========>                                        ]  9.634MB/45.54MB
Web Tests (5)	UNKNOWN STEP	2026-02-25T19:48:52.5083413Z  7807da78b90b Extracting [=================>                                 ]  16.06MB/45.54MB
Web Tests (5)	UNKNOWN STEP	2026-02-25T19:48:52.6338652Z  7807da78b90b Extracting [=====================>                             ]  19.27MB/45.54MB
Web Tests (5)	UNKNOWN STEP	2026-02-25T19:48:52.7448024Z  7807da78b90b Extracting [=======================>                           ]  21.56MB/45.54MB
Web Tests (5)	UNKNOWN STEP	2026-02-25T19:48:52.8642299Z  7807da78b90b Extracting [==============================>                    ]  27.53MB/45.54MB
Web Tests (5)	UNKNOWN STEP	2026-02-25T19:48:53.0488335Z  7807da78b90b Extracting [=================================>                 ]  30.74MB/45.54MB
Web Tests (5)	UNKNOWN STEP	2026-02-25T19:48:53.1712173Z  7807da78b90b Extracting [===================================>               ]  32.11MB/45.54MB
Web Tests (5)	UNKNOWN STEP	2026-02-25T19:48:53.2883641Z  7807da78b90b Extracting [====================================>              ]  33.49MB/45.54MB
Web Tests (5)	UNKNOWN STEP	2026-02-25T19:48:53.4618456Z  7807da78b90b Extracting [======================================>            ]  34.87MB/45.54MB
Web Tests (5)	UNKNOWN STEP	2026-02-25T19:48:53.5826362Z  7807da78b90b Extracting [=============================================>     ]  41.29MB/45.54MB
Web Tests (5)	UNKNOWN STEP	2026-02-25T19:48:53.6831589Z  7807da78b90b Extracting [==============================================>    ]  42.66MB/45.54MB
Web Tests (5)	UNKNOWN STEP	2026-02-25T19:48:53.8147831Z  7807da78b90b Extracting [================================================>  ]   44.5MB/45.54MB
Web Tests (5)	UNKNOWN STEP	2026-02-25T19:48:53.8418134Z  7807da78b90b Extracting [==================================================>]  45.54MB/45.54MB
Web Tests (5)	UNKNOWN STEP	2026-02-25T19:48:54.0706841Z  7807da78b90b Pull complete 
Web Tests (5)	UNKNOWN STEP	2026-02-25T19:48:54.0715228Z  0478cd5c1079 Extracting [==================================================>]  3.507kB/3.507kB
Web Tests (5)	UNKNOWN STEP	2026-02-25T19:48:54.0719195Z  0478cd5c1079 Extracting [==================================================>]  3.507kB/3.507kB
Web Tests (5)	UNKNOWN STEP	2026-02-25T19:48:54.0780568Z  0478cd5c1079 Pull complete 
Web Tests (5)	UNKNOWN STEP	2026-02-25T19:48:54.0789800Z  3a02ac06be95 Extracting [==================================================>]  3.462kB/3.462kB
Web Tests (5)	UNKNOWN STEP	2026-02-25T19:48:54.0792454Z  3a02ac06be95 Extracting [==================================================>]  3.462kB/3.462kB
Web Tests (5)	UNKNOWN STEP	2026-02-25T19:48:54.0874572Z  3a02ac06be95 Pull complete 
Web Tests (5)	UNKNOWN STEP	2026-02-25T19:48:54.0922612Z  matrix-synapse Pulled 
Web Tests (5)	UNKNOWN STEP	2026-02-25T19:48:54.0948046Z  Network substitution_substitution_network  Creating
Web Tests (5)	UNKNOWN STEP	2026-02-25T19:48:54.1251991Z  Network substitution_substitution_network  Created
Web Tests (5)	UNKNOWN STEP	2026-02-25T19:48:54.1258115Z  Container substitution-dex-1  Creating
Web Tests (5)	UNKNOWN STEP	2026-02-25T19:48:54.1258668Z  Container substitution-postgres-1  Creating
Web Tests (5)	UNKNOWN STEP	2026-02-25T19:48:54.1260985Z  Container substitution-redis-1  Creating
Web Tests (5)	UNKNOWN STEP	2026-02-25T19:48:54.1746051Z  Container substitution-redis-1  Created
Web Tests (5)	UNKNOWN STEP	2026-02-25T19:48:54.1746628Z  Container substitution-postgres-1  Created
Web Tests (5)	UNKNOWN STEP	2026-02-25T19:48:54.1747139Z  Container substitution-dex-1  Created
Web Tests (5)	UNKNOWN STEP	2026-02-25T19:48:54.1747652Z  Container substitution-matrix-synapse-1  Creating
Web Tests (5)	UNKNOWN STEP	2026-02-25T19:48:54.1845644Z  Container substitution-matrix-synapse-1  Created
Web Tests (5)	UNKNOWN STEP	2026-02-25T19:48:54.1858515Z  Container substitution-postgres-1  Starting
Web Tests (5)	UNKNOWN STEP	2026-02-25T19:48:54.1862128Z  Container substitution-redis-1  Starting
Web Tests (5)	UNKNOWN STEP	2026-02-25T19:48:54.1862661Z  Container substitution-dex-1  Starting
Web Tests (5)	UNKNOWN STEP	2026-02-25T19:48:55.1630240Z  Container substitution-dex-1  Started
Web Tests (5)	UNKNOWN STEP	2026-02-25T19:48:55.1631680Z  Container substitution-redis-1  Started
Web Tests (5)	UNKNOWN STEP	2026-02-25T19:48:55.1684189Z  Container substitution-postgres-1  Started
Web Tests (5)	UNKNOWN STEP	2026-02-25T19:48:55.1684960Z  Container substitution-dex-1  Waiting
Web Tests (5)	UNKNOWN STEP	2026-02-25T19:48:55.1685446Z  Container substitution-postgres-1  Waiting
Web Tests (5)	UNKNOWN STEP	2026-02-25T19:49:00.6702878Z  Container substitution-dex-1  Healthy
Web Tests (5)	UNKNOWN STEP	2026-02-25T19:49:05.6695853Z  Container substitution-postgres-1  Healthy
Web Tests (5)	UNKNOWN STEP	2026-02-25T19:49:05.6696288Z  Container substitution-matrix-synapse-1  Starting
Web Tests (5)	UNKNOWN STEP	2026-02-25T19:49:05.7906099Z  Container substitution-matrix-synapse-1  Started
Web Tests (5)	UNKNOWN STEP	2026-02-25T19:49:15.8689272Z time="2026-02-25T19:49:15Z" level=warning msg="/home/runner/work/substitution/substitution/docker-compose.yml: the attribute `version` is obsolete, it will be ignored, please remove it to avoid potential confusion"
Web Tests (5)	UNKNOWN STEP	2026-02-25T19:49:15.8775266Z  Container substitution-postgres-1  Running
Web Tests (5)	UNKNOWN STEP	2026-02-25T19:49:15.8778182Z  Container substitution-dex-1  Running
Web Tests (5)	UNKNOWN STEP	2026-02-25T19:49:15.8778695Z  Container substitution-matrix-synapse-1  Running
Web Tests (5)	UNKNOWN STEP	2026-02-25T19:49:15.8794048Z  Container substitution-postgres-1  Waiting
Web Tests (5)	UNKNOWN STEP	2026-02-25T19:49:15.8794877Z  Container substitution-dex-1  Waiting
Web Tests (5)	UNKNOWN STEP	2026-02-25T19:49:16.3808273Z  Container substitution-postgres-1  Healthy
Web Tests (5)	UNKNOWN STEP	2026-02-25T19:49:16.3813576Z  Container substitution-dex-1  Healthy
Web Tests (5)	UNKNOWN STEP	2026-02-25T19:49:16.3823898Z  matrix-init Pulling 
Web Tests (5)	UNKNOWN STEP	2026-02-25T19:49:17.2600431Z  589002ba0eae Already exists 
Web Tests (5)	UNKNOWN STEP	2026-02-25T19:49:17.2611049Z  aca07fe076f1 Pulling fs layer 
Web Tests (5)	UNKNOWN STEP	2026-02-25T19:49:17.2611541Z  6dafe251d313 Pulling fs layer 
Web Tests (5)	UNKNOWN STEP	2026-02-25T19:49:17.2611879Z  fa340e77c336 Pulling fs layer 
Web Tests (5)	UNKNOWN STEP	2026-02-25T19:49:17.4907942Z  fa340e77c336 Downloading [==================================================>]     247B/247B
Web Tests (5)	UNKNOWN STEP	2026-02-25T19:49:17.4908465Z  fa340e77c336 Verifying Checksum 
Web Tests (5)	UNKNOWN STEP	2026-02-25T19:49:17.4908741Z  fa340e77c336 Download complete 
Web Tests (5)	UNKNOWN STEP	2026-02-25T19:49:17.5162188Z  aca07fe076f1 Downloading [>                                                  ]  5.302kB/460.9kB
Web Tests (5)	UNKNOWN STEP	2026-02-25T19:49:17.5405838Z  6dafe251d313 Downloading [>                                                  ]  160.9kB/16.02MB
Web Tests (5)	UNKNOWN STEP	2026-02-25T19:49:17.5738771Z  aca07fe076f1 Verifying Checksum 
Web Tests (5)	UNKNOWN STEP	2026-02-25T19:49:17.5739233Z  aca07fe076f1 Download complete 
Web Tests (5)	UNKNOWN STEP	2026-02-25T19:49:17.5739651Z  aca07fe076f1 Extracting [===>                                               ]  32.77kB/460.9kB
Web Tests (5)	UNKNOWN STEP	2026-02-25T19:49:17.6567589Z  aca07fe076f1 Extracting [==================================================>]  460.9kB/460.9kB
Web Tests (5)	UNKNOWN STEP	2026-02-25T19:49:17.6580709Z  6dafe251d313 Downloading [=========>                                         ]  2.967MB/16.02MB
Web Tests (5)	UNKNOWN STEP	2026-02-25T19:49:17.7333223Z  6dafe251d313 Verifying Checksum 
Web Tests (5)	UNKNOWN STEP	2026-02-25T19:49:17.7333736Z  6dafe251d313 Download complete 
Web Tests (5)	UNKNOWN STEP	2026-02-25T19:49:17.7727257Z  aca07fe076f1 Pull complete 
Web Tests (5)	UNKNOWN STEP	2026-02-25T19:49:17.7745387Z  6dafe251d313 Extracting [>                                                  ]  163.8kB/16.02MB
Web Tests (5)	UNKNOWN STEP	2026-02-25T19:49:17.8756735Z  6dafe251d313 Extracting [==============>                                    ]  4.588MB/16.02MB
Web Tests (5)	UNKNOWN STEP	2026-02-25T19:49:17.9812885Z  6dafe251d313 Extracting [=============================>                     ]  9.503MB/16.02MB
Web Tests (5)	UNKNOWN STEP	2026-02-25T19:49:18.0857752Z  6dafe251d313 Extracting [=======================================>           ]  12.78MB/16.02MB
Web Tests (5)	UNKNOWN STEP	2026-02-25T19:49:18.1965458Z  6dafe251d313 Extracting [==============================================>    ]  14.75MB/16.02MB
Web Tests (5)	UNKNOWN STEP	2026-02-25T19:49:18.2988888Z  6dafe251d313 Extracting [==================================================>]  16.02MB/16.02MB
Web Tests (5)	UNKNOWN STEP	2026-02-25T19:49:18.3476590Z  6dafe251d313 Pull complete 
Web Tests (5)	UNKNOWN STEP	2026-02-25T19:49:18.3484713Z  fa340e77c336 Extracting [==================================================>]     247B/247B
Web Tests (5)	UNKNOWN STEP	2026-02-25T19:49:18.3488472Z  fa340e77c336 Extracting [==================================================>]     247B/247B
Web Tests (5)	UNKNOWN STEP	2026-02-25T19:49:18.3559390Z  fa340e77c336 Pull complete 
Web Tests (5)	UNKNOWN STEP	2026-02-25T19:49:18.3601488Z  matrix-init Pulled 
Web Tests (5)	UNKNOWN STEP	2026-02-25T19:49:20.8126263Z Collecting requests
Web Tests (5)	UNKNOWN STEP	2026-02-25T19:49:20.8987962Z   Downloading requests-2.32.5-py3-none-any.whl.metadata (4.9 kB)
Web Tests (5)	UNKNOWN STEP	2026-02-25T19:49:21.0468849Z Collecting charset_normalizer<4,>=2 (from requests)
Web Tests (5)	UNKNOWN STEP	2026-02-25T19:49:21.0692388Z   Downloading charset_normalizer-3.4.4-cp311-cp311-musllinux_1_2_x86_64.whl.metadata (37 kB)
Web Tests (5)	UNKNOWN STEP	2026-02-25T19:49:21.1153752Z Collecting idna<4,>=2.5 (from requests)
Web Tests (5)	UNKNOWN STEP	2026-02-25T19:49:21.1343248Z   Downloading idna-3.11-py3-none-any.whl.metadata (8.4 kB)
Web Tests (5)	UNKNOWN STEP	2026-02-25T19:49:21.1960162Z Collecting urllib3<3,>=1.21.1 (from requests)
Web Tests (5)	UNKNOWN STEP	2026-02-25T19:49:21.2155968Z   Downloading urllib3-2.6.3-py3-none-any.whl.metadata (6.9 kB)
Web Tests (5)	UNKNOWN STEP	2026-02-25T19:49:21.2569114Z Collecting certifi>=2017.4.17 (from requests)
Web Tests (5)	UNKNOWN STEP	2026-02-25T19:49:21.2754981Z   Downloading certifi-2026.2.25-py3-none-any.whl.metadata (2.5 kB)
Web Tests (5)	UNKNOWN STEP	2026-02-25T19:49:21.3101296Z Downloading requests-2.32.5-py3-none-any.whl (64 kB)
Web Tests (5)	UNKNOWN STEP	2026-02-25T19:49:21.3216344Z    ━━━━━━━━━━━━━━━━━━━━━━━━━━━━━━━━━━━━━━━━ 64.7/64.7 kB 6.2 MB/s eta 0:00:00
Web Tests (5)	UNKNOWN STEP	2026-02-25T19:49:21.3404249Z Downloading certifi-2026.2.25-py3-none-any.whl (153 kB)
Web Tests (5)	UNKNOWN STEP	2026-02-25T19:49:21.3598323Z    ━━━━━━━━━━━━━━━━━━━━━━━━━━━━━━━━━━━━━━━━ 153.7/153.7 kB 8.3 MB/s eta 0:00:00
Web Tests (5)	UNKNOWN STEP	2026-02-25T19:49:21.3819282Z Downloading charset_normalizer-3.4.4-cp311-cp311-musllinux_1_2_x86_64.whl (152 kB)
Web Tests (5)	UNKNOWN STEP	2026-02-25T19:49:21.3871197Z    ━━━━━━━━━━━━━━━━━━━━━━━━━━━━━━━━━━━━━━━━ 153.0/153.0 kB 46.2 MB/s eta 0:00:00
Web Tests (5)	UNKNOWN STEP	2026-02-25T19:49:21.4059507Z Downloading idna-3.11-py3-none-any.whl (71 kB)
Web Tests (5)	UNKNOWN STEP	2026-02-25T19:49:21.4098305Z    ━━━━━━━━━━━━━━━━━━━━━━━━━━━━━━━━━━━━━━━━ 71.0/71.0 kB 31.7 MB/s eta 0:00:00
Web Tests (5)	UNKNOWN STEP	2026-02-25T19:49:21.4282779Z Downloading urllib3-2.6.3-py3-none-any.whl (131 kB)
Web Tests (5)	UNKNOWN STEP	2026-02-25T19:49:21.4351448Z    ━━━━━━━━━━━━━━━━━━━━━━━━━━━━━━━━━━━━━━━━ 131.6/131.6 kB 24.6 MB/s eta 0:00:00
Web Tests (5)	UNKNOWN STEP	2026-02-25T19:49:21.4957931Z Installing collected packages: urllib3, idna, charset_normalizer, certifi, requests
Web Tests (5)	UNKNOWN STEP	2026-02-25T19:49:21.7840408Z Successfully installed certifi-2026.2.25 charset_normalizer-3.4.4 idna-3.11 requests-2.32.5 urllib3-2.6.3
Web Tests (5)	UNKNOWN STEP	2026-02-25T19:49:21.7843948Z WARNING: Running pip as the 'root' user can result in broken permissions and conflicting behaviour with the system package manager. It is recommended to use a virtual environment instead: https://pip.pypa.io/warnings/venv
Web Tests (5)	UNKNOWN STEP	2026-02-25T19:49:21.9158674Z 
Web Tests (5)	UNKNOWN STEP	2026-02-25T19:49:21.9159250Z [notice] A new release of pip is available: 24.0 -> 26.0.1
Web Tests (5)	UNKNOWN STEP	2026-02-25T19:49:21.9159948Z [notice] To update, run: pip install --upgrade pip
Web Tests (5)	UNKNOWN STEP	2026-02-25T19:49:28.6088882Z Initializing Matrix Synapse test server...
Web Tests (5)	UNKNOWN STEP	2026-02-25T19:49:28.6089208Z 
Web Tests (5)	UNKNOWN STEP	2026-02-25T19:49:28.6089600Z ✓ Synapse server is ready
Web Tests (5)	UNKNOWN STEP	2026-02-25T19:49:28.6089823Z 
Web Tests (5)	UNKNOWN STEP	2026-02-25T19:49:28.6089951Z Creating test users...
Web Tests (5)	UNKNOWN STEP	2026-02-25T19:49:28.6090326Z ✓ Created user: testuser1
Web Tests (5)	UNKNOWN STEP	2026-02-25T19:49:28.6090714Z ✓ Created user: testuser2
Web Tests (5)	UNKNOWN STEP	2026-02-25T19:49:28.6091146Z ✓ Created admin user: testadmin
Web Tests (5)	UNKNOWN STEP	2026-02-25T19:49:28.6091386Z 
Web Tests (5)	UNKNOWN STEP	2026-02-25T19:49:28.6091556Z Creating test rooms and populating with data...
Web Tests (5)	UNKNOWN STEP	2026-02-25T19:49:28.6092184Z ✓ Logged in user: @testadmin:test.matrix.local
Web Tests (5)	UNKNOWN STEP	2026-02-25T19:49:28.6092699Z ✓ Admin token acquired
Web Tests (5)	UNKNOWN STEP	2026-02-25T19:49:28.6093138Z ✓ Logged in user: @testuser1:test.matrix.local
Web Tests (5)	UNKNOWN STEP	2026-02-25T19:49:28.6093603Z ✓ Created room: test_general (!UFCMlvPilclMcrBvRS:test.matrix.local)
Web Tests (5)	UNKNOWN STEP	2026-02-25T19:49:28.6094004Z ✓ Logged in user: @testuser2:test.matrix.local
Web Tests (5)	UNKNOWN STEP	2026-02-25T19:49:28.6094305Z   ✓ User testuser2 joined room
Web Tests (5)	UNKNOWN STEP	2026-02-25T19:49:28.6094809Z ✓ Logged in user: @testadmin:test.matrix.local
Web Tests (5)	UNKNOWN STEP	2026-02-25T19:49:28.6095113Z   ✓ User testadmin joined room
Web Tests (5)	UNKNOWN STEP	2026-02-25T19:49:28.6095366Z   ✓ Published room to directory
Web Tests (5)	UNKNOWN STEP	2026-02-25T19:49:28.6095637Z   ✓ Posted 5 messages to room
Web Tests (5)	UNKNOWN STEP	2026-02-25T19:49:28.6095905Z   Seeding media messages (image, video, audio)...
Web Tests (5)	UNKNOWN STEP	2026-02-25T19:49:28.6096415Z   ✓ Uploaded media 'test_image.png': mxc://test.matrix.local/yJhEHKXOoMLuLxuxXotYYlgj
Web Tests (5)	UNKNOWN STEP	2026-02-25T19:49:28.6096852Z   ✓ Posted m.image message to room
Web Tests (5)	UNKNOWN STEP	2026-02-25T19:49:28.6097297Z   ✓ Uploaded media 'test_video.mp4': mxc://test.matrix.local/ZOLtskdjXWNFKeLsuzRZxtBw
Web Tests (5)	UNKNOWN STEP	2026-02-25T19:49:28.6097753Z   ✓ Posted m.video message to room
Web Tests (5)	UNKNOWN STEP	2026-02-25T19:49:28.6098193Z   ✓ Uploaded media 'test_audio.mp3': mxc://test.matrix.local/GplBQjhxPYavEgWvptXWySsn
Web Tests (5)	UNKNOWN STEP	2026-02-25T19:49:28.6098629Z   ✓ Posted m.audio message to room
Web Tests (5)	UNKNOWN STEP	2026-02-25T19:49:28.6099006Z ✓ Created room: test_photos (!IonkVAXOtnlzTbYhCC:test.matrix.local)
Web Tests (5)	UNKNOWN STEP	2026-02-25T19:49:28.6099413Z ✓ Logged in user: @testuser2:test.matrix.local
Web Tests (5)	UNKNOWN STEP	2026-02-25T19:49:28.6099720Z   ✓ User testuser2 joined room
Web Tests (5)	UNKNOWN STEP	2026-02-25T19:49:28.6100009Z ✓ Logged in user: @testadmin:test.matrix.local
Web Tests (5)	UNKNOWN STEP	2026-02-25T19:49:28.6100299Z   ✓ User testadmin joined room
Web Tests (5)	UNKNOWN STEP	2026-02-25T19:49:28.6100556Z   ✓ Published room to directory
Web Tests (5)	UNKNOWN STEP	2026-02-25T19:49:28.6100824Z   ✓ Posted 3 messages to room
Web Tests (5)	UNKNOWN STEP	2026-02-25T19:49:28.6101082Z   Seeding media messages (image, video, audio)...
Web Tests (5)	UNKNOWN STEP	2026-02-25T19:49:28.6101560Z   ✓ Uploaded media 'test_image.png': mxc://test.matrix.local/zMeKPjgVXiYfyZHgFqBLZnbY
Web Tests (5)	UNKNOWN STEP	2026-02-25T19:49:28.6101978Z   ✓ Posted m.image message to room
Web Tests (5)	UNKNOWN STEP	2026-02-25T19:49:28.6103030Z   ✓ Uploaded media 'test_video.mp4': mxc://test.matrix.local/UHVevZIyTdNXuDrvmcHxrdjw
Web Tests (5)	UNKNOWN STEP	2026-02-25T19:49:28.6103615Z   ✓ Posted m.video message to room
Web Tests (5)	UNKNOWN STEP	2026-02-25T19:49:28.6104249Z   ✓ Uploaded media 'test_audio.mp3': mxc://test.matrix.local/LFTflPTlhGUpKudsCzKhGYaA
Web Tests (5)	UNKNOWN STEP	2026-02-25T19:49:28.6105091Z   ✓ Posted m.audio message to room
Web Tests (5)	UNKNOWN STEP	2026-02-25T19:49:28.6105644Z ✓ Created room: test_art (!yDTdqJvEswEncPZhMK:test.matrix.local)
Web Tests (5)	UNKNOWN STEP	2026-02-25T19:49:28.6106227Z ✓ Logged in user: @testuser2:test.matrix.local
Web Tests (5)	UNKNOWN STEP	2026-02-25T19:49:28.6106693Z   ✓ User testuser2 joined room
Web Tests (5)	UNKNOWN STEP	2026-02-25T19:49:28.6107135Z ✓ Logged in user: @testadmin:test.matrix.local
Web Tests (5)	UNKNOWN STEP	2026-02-25T19:49:28.6107589Z   ✓ User testadmin joined room
Web Tests (5)	UNKNOWN STEP	2026-02-25T19:49:28.6107960Z   ✓ Published room to directory
Web Tests (5)	UNKNOWN STEP	2026-02-25T19:49:28.6108506Z ✓ Uploaded dummy avatar: mxc://test.matrix.local/jvSZSJeuGEWLXtDcDovyheib
Web Tests (5)	UNKNOWN STEP	2026-02-25T19:49:28.6109120Z   ✓ Set room avatar to mxc://test.matrix.local/jvSZSJeuGEWLXtDcDovyheib
Web Tests (5)	UNKNOWN STEP	2026-02-25T19:49:28.6109839Z ✓ Created room: test_invite_only (!PIvsSjviEShDFYzgZA:test.matrix.local)
Web Tests (5)	UNKNOWN STEP	2026-02-25T19:49:28.6110300Z   ℹ Skipping user invites for room (discovery test)
Web Tests (5)	UNKNOWN STEP	2026-02-25T19:49:28.6110618Z   ✓ Published room to directory
Web Tests (5)	UNKNOWN STEP	2026-02-25T19:49:28.6110886Z   ✓ Posted 2 messages to room
Web Tests (5)	UNKNOWN STEP	2026-02-25T19:49:28.6111245Z ✓ Created room: test_avatar (!HVWYwIeqeTvaELDEkW:test.matrix.local)
Web Tests (5)	UNKNOWN STEP	2026-02-25T19:49:28.6111632Z ✓ Logged in user: @testuser2:test.matrix.local
Web Tests (5)	UNKNOWN STEP	2026-02-25T19:49:28.6111927Z   ✓ User testuser2 joined room
Web Tests (5)	UNKNOWN STEP	2026-02-25T19:49:28.6112205Z ✓ Logged in user: @testadmin:test.matrix.local
Web Tests (5)	UNKNOWN STEP	2026-02-25T19:49:28.6112500Z   ✓ User testadmin joined room
Web Tests (5)	UNKNOWN STEP	2026-02-25T19:49:28.6112751Z   ✓ Published room to directory
Web Tests (5)	UNKNOWN STEP	2026-02-25T19:49:28.6113138Z ✓ Uploaded dummy avatar: mxc://test.matrix.local/xubMvBOkRTTJPEXwtmvNzZiM
Web Tests (5)	UNKNOWN STEP	2026-02-25T19:49:28.6113629Z   ✓ Set room avatar to mxc://test.matrix.local/xubMvBOkRTTJPEXwtmvNzZiM
Web Tests (5)	UNKNOWN STEP	2026-02-25T19:49:28.6113881Z 
Web Tests (5)	UNKNOWN STEP	2026-02-25T19:49:28.6113993Z ============================================================
Web Tests (5)	UNKNOWN STEP	2026-02-25T19:49:28.6114514Z ✅ Matrix test server initialized successfully!
Web Tests (5)	UNKNOWN STEP	2026-02-25T19:49:28.6114906Z ============================================================
Web Tests (5)	UNKNOWN STEP	2026-02-25T19:49:28.6115100Z 
Web Tests (5)	UNKNOWN STEP	2026-02-25T19:49:28.6115218Z 📝 Test Users:
Web Tests (5)	UNKNOWN STEP	2026-02-25T19:49:28.6115400Z   testuser1
Web Tests (5)	UNKNOWN STEP	2026-02-25T19:49:28.6115590Z     ID: @testuser1:test.matrix.local
Web Tests (5)	UNKNOWN STEP	2026-02-25T19:49:28.6115843Z     Password: testpass123
Web Tests (5)	UNKNOWN STEP	2026-02-25T19:49:28.6116049Z   testuser2
Web Tests (5)	UNKNOWN STEP	2026-02-25T19:49:28.6116236Z     ID: @testuser2:test.matrix.local
Web Tests (5)	UNKNOWN STEP	2026-02-25T19:49:28.6116474Z     Password: testpass123
Web Tests (5)	UNKNOWN STEP	2026-02-25T19:49:28.6116682Z   testadmin
Web Tests (5)	UNKNOWN STEP	2026-02-25T19:49:28.6116867Z     ID: @testadmin:test.matrix.local
Web Tests (5)	UNKNOWN STEP	2026-02-25T19:49:28.6117105Z     Password: testpass123
Web Tests (5)	UNKNOWN STEP	2026-02-25T19:49:28.6117239Z 
Web Tests (5)	UNKNOWN STEP	2026-02-25T19:49:28.6117334Z 🏠 Test Rooms:
Web Tests (5)	UNKNOWN STEP	2026-02-25T19:49:28.6117523Z   test_general (with messages)
Web Tests (5)	UNKNOWN STEP	2026-02-25T19:49:28.6117774Z     ID: !UFCMlvPilclMcrBvRS:test.matrix.local
Web Tests (5)	UNKNOWN STEP	2026-02-25T19:49:28.6118043Z   test_photos (with messages)
Web Tests (5)	UNKNOWN STEP	2026-02-25T19:49:28.6118287Z     ID: !IonkVAXOtnlzTbYhCC:test.matrix.local
Web Tests (5)	UNKNOWN STEP	2026-02-25T19:49:28.6118563Z   test_art (empty)
Web Tests (5)	UNKNOWN STEP	2026-02-25T19:49:28.6118770Z     ID: !yDTdqJvEswEncPZhMK:test.matrix.local
Web Tests (5)	UNKNOWN STEP	2026-02-25T19:49:28.6119043Z   test_invite_only (with messages)
Web Tests (5)	UNKNOWN STEP	2026-02-25T19:49:28.6119298Z     ID: !PIvsSjviEShDFYzgZA:test.matrix.local
Web Tests (5)	UNKNOWN STEP	2026-02-25T19:49:28.6119560Z   test_avatar (empty)
Web Tests (5)	UNKNOWN STEP	2026-02-25T19:49:28.6119784Z     ID: !HVWYwIeqeTvaELDEkW:test.matrix.local
Web Tests (5)	UNKNOWN STEP	2026-02-25T19:49:28.6119961Z 
Web Tests (5)	UNKNOWN STEP	2026-02-25T19:49:28.6120113Z 🔑 Test Credentials for Integration Tests:
Web Tests (5)	UNKNOWN STEP	2026-02-25T19:49:28.6120395Z   Server:    http://matrix-synapse:8008
Web Tests (5)	UNKNOWN STEP	2026-02-25T19:49:28.6120644Z   Test User: testuser1
Web Tests (5)	UNKNOWN STEP	2026-02-25T19:49:28.6120854Z   Password:  testpass123
Web Tests (5)	UNKNOWN STEP	2026-02-25T19:49:28.6120988Z 
Web Tests (5)	UNKNOWN STEP	2026-02-25T19:49:28.6121070Z Room Status:
Web Tests (5)	UNKNOWN STEP	2026-02-25T19:49:28.6121438Z   test_general - 5 text + image/video/audio messages (for testing message lists and media rendering)
Web Tests (5)	UNKNOWN STEP	2026-02-25T19:49:28.6121978Z   test_photos  - 3 text + image/video/audio messages (for testing photo/media content)
Web Tests (5)	UNKNOWN STEP	2026-02-25T19:49:28.6122519Z   test_art     - 0 messages (for testing empty rooms)
Web Tests (5)	UNKNOWN STEP	2026-02-25T19:49:28.6122874Z ✓ Logged in user: @testuser1:test.matrix.local
Web Tests (5)	UNKNOWN STEP	2026-02-25T19:49:28.6123067Z 
Web Tests (5)	UNKNOWN STEP	2026-02-25T19:49:28.6123202Z   📋 Public room directory has 5 room(s):
Web Tests (5)	UNKNOWN STEP	2026-02-25T19:49:28.6123509Z     - test_art (!yDTdqJvEswEncPZhMK:test.matrix.local)
Web Tests (5)	UNKNOWN STEP	2026-02-25T19:49:28.6123872Z     - test_general (!UFCMlvPilclMcrBvRS:test.matrix.local)
Web Tests (5)	UNKNOWN STEP	2026-02-25T19:49:28.6124209Z     - test_photos (!IonkVAXOtnlzTbYhCC:test.matrix.local)
Web Tests (5)	UNKNOWN STEP	2026-02-25T19:49:28.6125026Z     - test_avatar (!HVWYwIeqeTvaELDEkW:test.matrix.local)
Web Tests (5)	UNKNOWN STEP	2026-02-25T19:49:28.6125373Z     - test_invite_only (!PIvsSjviEShDFYzgZA:test.matrix.local)
Web Tests (5)	UNKNOWN STEP	2026-02-25T19:49:28.6125602Z 
Web Tests (5)	UNKNOWN STEP	2026-02-25T19:49:28.7305246Z ##[group]Run ./scripts/test.sh web --no-docker --shard 5 --total-shards 7
Web Tests (5)	UNKNOWN STEP	2026-02-25T19:49:28.7305761Z [36;1m./scripts/test.sh web --no-docker --shard 5 --total-shards 7[0m
Web Tests (5)	UNKNOWN STEP	2026-02-25T19:49:28.7332456Z shell: /usr/bin/bash -e {0}
Web Tests (5)	UNKNOWN STEP	2026-02-25T19:49:28.7332714Z env:
Web Tests (5)	UNKNOWN STEP	2026-02-25T19:49:28.7332916Z   CACHE_VERSION: v1
Web Tests (5)	UNKNOWN STEP	2026-02-25T19:49:28.7333206Z   FLUTTER_ROOT: /opt/hostedtoolcache/flutter/stable-3.41.2-x64
Web Tests (5)	UNKNOWN STEP	2026-02-25T19:49:28.7333555Z   PUB_CACHE: /home/runner/.pub-cache
Web Tests (5)	UNKNOWN STEP	2026-02-25T19:49:28.7333839Z   MATRIX_SERVER: http://localhost:8008
Web Tests (5)	UNKNOWN STEP	2026-02-25T19:49:28.7334090Z   MATRIX_TEST_USER: testuser1
Web Tests (5)	UNKNOWN STEP	2026-02-25T19:49:28.7334322Z   MATRIX_TEST_PASSWORD: testpass123
Web Tests (5)	UNKNOWN STEP	2026-02-25T19:49:28.7334737Z ##[endgroup]
Web Tests (5)	UNKNOWN STEP	2026-02-25T19:49:28.7471004Z [1m
Web Tests (5)	UNKNOWN STEP	2026-02-25T19:49:28.7471350Z   Substitution Test Runner
Web Tests (5)	UNKNOWN STEP	2026-02-25T19:49:28.7482996Z   2026-02-25 19:49:28
Web Tests (5)	UNKNOWN STEP	2026-02-25T19:49:28.7483364Z   Targets: web
Web Tests (5)	UNKNOWN STEP	2026-02-25T19:49:28.7483745Z [0m
Web Tests (5)	UNKNOWN STEP	2026-02-25T19:49:28.7488787Z [0;34m[INFO][0m Fetching Flutter dependencies...
Web Tests (5)	UNKNOWN STEP	2026-02-25T19:49:29.7367583Z   unorm_dart 0.2.0 (0.3.2 available)
Web Tests (5)	UNKNOWN STEP	2026-02-25T19:49:29.7368023Z   win32 5.15.0 (6.0.0 available)
Web Tests (5)	UNKNOWN STEP	2026-02-25T19:49:29.7368266Z Got dependencies!
Web Tests (5)	UNKNOWN STEP	2026-02-25T19:49:29.7368587Z 7 packages have newer versions incompatible with dependency constraints.
Web Tests (5)	UNKNOWN STEP	2026-02-25T19:49:29.7369206Z Try `flutter pub outdated` for more information.
Web Tests (5)	UNKNOWN STEP	2026-02-25T19:49:29.7369858Z [0;32m[OK][0m Dependencies fetched
Web Tests (5)	UNKNOWN STEP	2026-02-25T19:49:29.7383836Z [0;34m[INFO][0m Target: web
Web Tests (5)	UNKNOWN STEP	2026-02-25T19:49:29.7384097Z 
Web Tests (5)	UNKNOWN STEP	2026-02-25T19:49:29.7384669Z [1m━━━ Web Tests (Chrome) ━━━[0m
Web Tests (5)	UNKNOWN STEP	2026-02-25T19:49:29.7384928Z 
Web Tests (5)	UNKNOWN STEP	2026-02-25T19:49:29.7385304Z [0;34m[INFO][0m Starting run_web_tests sequence... (Shard: 5, Total: 7)
Web Tests (5)	UNKNOWN STEP	2026-02-25T19:49:29.7390986Z [0;34m[INFO][0m Validating Chrome/Chromium...
Web Tests (5)	UNKNOWN STEP	2026-02-25T19:49:29.7397973Z [0;32m[OK][0m Chrome found: /usr/bin/google-chrome
Web Tests (5)	UNKNOWN STEP	2026-02-25T19:49:36.2906283Z [0;34m[INFO][0m Skipping web unit tests (shard 5 > 0)
Web Tests (5)	UNKNOWN STEP	2026-02-25T19:49:36.2906958Z [0;34m[INFO][0m Phase 2: web integration tests via flutter drive on Chrome
Web Tests (5)	UNKNOWN STEP	2026-02-25T19:49:36.2946368Z [0;34m[INFO][0m Found ChromeDriver at: /usr/local/share/chromedriver-linux64
Web Tests (5)	UNKNOWN STEP	2026-02-25T19:49:36.3443734Z [0;34m[INFO][0m Shard 5/7: running 4 of 32 files
Web Tests (5)	UNKNOWN STEP	2026-02-25T19:49:36.3445632Z [0;34m[INFO][0m Files in this shard: integration_test/feed_merging_test.dart integration_test/login_debug_test.dart integration_test/onboarding_flow_test.dart integration_test/room_discovery_strict_test.dart
Web Tests (5)	UNKNOWN STEP	2026-02-25T19:49:36.3480499Z [0;34m[INFO][0m Starting chromedriver on port 4444...
Web Tests (5)	UNKNOWN STEP	2026-02-25T19:49:38.3512104Z [0;34m[INFO][0m   Running: integration_test/feed_merging_test.dart
Web Tests (5)	UNKNOWN STEP	2026-02-25T19:49:38.5319209Z Resolving dependencies...
Web Tests (5)	UNKNOWN STEP	2026-02-25T19:49:38.7335695Z Downloading packages...
Web Tests (5)	UNKNOWN STEP	2026-02-25T19:49:38.8400896Z   _fe_analyzer_shared 91.0.0 (96.0.0 available)
Web Tests (5)	UNKNOWN STEP	2026-02-25T19:49:38.8401431Z   analyzer 8.4.1 (10.2.0 available)
Web Tests (5)	UNKNOWN STEP	2026-02-25T19:49:38.8401853Z   meta 1.17.0 (1.18.1 available)
Web Tests (5)	UNKNOWN STEP	2026-02-25T19:49:38.8402325Z   sqflite_common_ffi 2.3.7+1 (2.4.0+2 available)
Web Tests (5)	UNKNOWN STEP	2026-02-25T19:49:38.8402770Z   sqlite3 2.9.4 (3.1.6 available)
Web Tests (5)	UNKNOWN STEP	2026-02-25T19:49:38.8403119Z   unorm_dart 0.2.0 (0.3.2 available)
Web Tests (5)	UNKNOWN STEP	2026-02-25T19:49:38.8403447Z   win32 5.15.0 (6.0.0 available)
Web Tests (5)	UNKNOWN STEP	2026-02-25T19:49:38.8403775Z Got dependencies!
Web Tests (5)	UNKNOWN STEP	2026-02-25T19:49:38.8411106Z 7 packages have newer versions incompatible with dependency constraints.
Web Tests (5)	UNKNOWN STEP	2026-02-25T19:49:38.8412137Z Try `flutter pub outdated` for more information.
Web Tests (5)	UNKNOWN STEP	2026-02-25T19:49:39.3862894Z Launching integration_test/feed_merging_test.dart on Chrome in debug mode...
Web Tests (5)	UNKNOWN STEP	2026-02-25T19:50:21.6503865Z Waiting for connection from debug service on Chrome...             41.1s
Web Tests (5)	UNKNOWN STEP	2026-02-25T19:50:55.0850468Z Instance of 'AppConnectionException'
Web Tests (5)	UNKNOWN STEP	2026-02-25T19:50:55.0853797Z #0      DevHandler._startLocalDebugService (package:dwds/src/handlers/dev_handler.dart:221:7)
Web Tests (5)	UNKNOWN STEP	2026-02-25T19:50:55.0856835Z <asynchronous suspension>
Web Tests (5)	UNKNOWN STEP	2026-02-25T19:50:55.0859429Z #1      DevHandler._createChromeAppServices (package:dwds/src/handlers/dev_handler.dart:303:26)
Web Tests (5)	UNKNOWN STEP	2026-02-25T19:50:55.0862343Z <asynchronous suspension>
Web Tests (5)	UNKNOWN STEP	2026-02-25T19:50:55.0864289Z #2      DevHandler.loadAppServices (package:dwds/src/handlers/dev_handler.dart:273:23)
Web Tests (5)	UNKNOWN STEP	2026-02-25T19:50:55.0866425Z <asynchronous suspension>
Web Tests (5)	UNKNOWN STEP	2026-02-25T19:50:55.0868505Z #3      DevHandler.createDebugConnectionForChrome (package:dwds/src/handlers/dev_handler.dart:600:30)
Web Tests (5)	UNKNOWN STEP	2026-02-25T19:50:55.0870686Z <asynchronous suspension>
Web Tests (5)	UNKNOWN STEP	2026-02-25T19:50:55.0872362Z #4      Dwds.debugConnection (package:dwds/dart_web_debug_service.dart:68:14)
Web Tests (5)	UNKNOWN STEP	2026-02-25T19:50:55.0876574Z <asynchronous suspension>
Web Tests (5)	UNKNOWN STEP	2026-02-25T19:50:55.0877504Z #5      WebDevFS.connect.<anonymous closure> (package:flutter_tools/src/isolated/devfs_web.dart:160:17)
Web Tests (5)	UNKNOWN STEP	2026-02-25T19:50:55.0878383Z <asynchronous suspension>
Web Tests (5)	UNKNOWN STEP	2026-02-25T19:50:55.0878646Z 
Web Tests (5)	UNKNOWN STEP	2026-02-25T19:59:38.4076252Z [1;33m[WARN][0m Timed out with no tests running (possible AppConnectionException) — skipping: integration_test/feed_merging_test.dart
Web Tests (5)	UNKNOWN STEP	2026-02-25T19:59:38.4077415Z [0;34m[INFO][0m   Running: integration_test/login_debug_test.dart
Web Tests (5)	UNKNOWN STEP	2026-02-25T19:59:38.5760175Z Resolving dependencies...
Web Tests (5)	UNKNOWN STEP	2026-02-25T19:59:38.7781485Z Downloading packages...
Web Tests (5)	UNKNOWN STEP	2026-02-25T19:59:38.8824458Z   _fe_analyzer_shared 91.0.0 (96.0.0 available)
Web Tests (5)	UNKNOWN STEP	2026-02-25T19:59:38.8824949Z   analyzer 8.4.1 (10.2.0 available)
Web Tests (5)	UNKNOWN STEP	2026-02-25T19:59:38.8825304Z   meta 1.17.0 (1.18.1 available)
Web Tests (5)	UNKNOWN STEP	2026-02-25T19:59:38.8825696Z   sqflite_common_ffi 2.3.7+1 (2.4.0+2 available)
Web Tests (5)	UNKNOWN STEP	2026-02-25T19:59:38.8826079Z   sqlite3 2.9.4 (3.1.6 available)
Web Tests (5)	UNKNOWN STEP	2026-02-25T19:59:38.8826415Z   unorm_dart 0.2.0 (0.3.2 available)
Web Tests (5)	UNKNOWN STEP	2026-02-25T19:59:38.8826748Z   win32 5.15.0 (6.0.0 available)
Web Tests (5)	UNKNOWN STEP	2026-02-25T19:59:38.8827052Z Got dependencies!
Web Tests (5)	UNKNOWN STEP	2026-02-25T19:59:38.8835408Z 7 packages have newer versions incompatible with dependency constraints.
Web Tests (5)	UNKNOWN STEP	2026-02-25T19:59:38.8836253Z Try `flutter pub outdated` for more information.
Web Tests (5)	UNKNOWN STEP	2026-02-25T19:59:39.4017032Z Launching integration_test/login_debug_test.dart on Chrome in debug mode...
Web Tests (5)	UNKNOWN STEP	2026-02-25T20:00:07.4546998Z Waiting for connection from debug service on Chrome...             27.7s
Web Tests (5)	UNKNOWN STEP	2026-02-25T20:00:20.3459091Z Instance of 'AppConnectionException'
Web Tests (5)	UNKNOWN STEP	2026-02-25T20:00:20.3460120Z #0      DevHandler._startLocalDebugService (package:dwds/src/handlers/dev_handler.dart:221:7)
Web Tests (5)	UNKNOWN STEP	2026-02-25T20:00:20.3460834Z <asynchronous suspension>
Web Tests (5)	UNKNOWN STEP	2026-02-25T20:00:20.3461412Z #1      DevHandler._createChromeAppServices (package:dwds/src/handlers/dev_handler.dart:303:26)
Web Tests (5)	UNKNOWN STEP	2026-02-25T20:00:20.3462159Z <asynchronous suspension>
Web Tests (5)	UNKNOWN STEP	2026-02-25T20:00:20.3462775Z #2      DevHandler.loadAppServices (package:dwds/src/handlers/dev_handler.dart:273:23)
Web Tests (5)	UNKNOWN STEP	2026-02-25T20:00:20.3463308Z <asynchronous suspension>
Web Tests (5)	UNKNOWN STEP	2026-02-25T20:00:20.3463808Z #3      DevHandler.createDebugConnectionForChrome (package:dwds/src/handlers/dev_handler.dart:600:30)
Web Tests (5)	UNKNOWN STEP	2026-02-25T20:00:20.3464631Z <asynchronous suspension>
Web Tests (5)	UNKNOWN STEP	2026-02-25T20:00:20.3465153Z #4      Dwds.debugConnection (package:dwds/dart_web_debug_service.dart:68:14)
Web Tests (5)	UNKNOWN STEP	2026-02-25T20:00:20.3465770Z <asynchronous suspension>
Web Tests (5)	UNKNOWN STEP	2026-02-25T20:00:20.3466409Z #5      WebDevFS.connect.<anonymous closure> (package:flutter_tools/src/isolated/devfs_web.dart:160:17)
Web Tests (5)	UNKNOWN STEP	2026-02-25T20:00:20.3467110Z <asynchronous suspension>
Web Tests (5)	UNKNOWN STEP	2026-02-25T20:00:20.3467334Z 
Web Tests (5)	UNKNOWN STEP	2026-02-25T20:09:38.4728740Z [1;33m[WARN][0m Timed out with no tests running (possible AppConnectionException) — skipping: integration_test/login_debug_test.dart
Web Tests (5)	UNKNOWN STEP	2026-02-25T20:09:38.4730065Z [0;34m[INFO][0m   Running: integration_test/onboarding_flow_test.dart
Web Tests (5)	UNKNOWN STEP	2026-02-25T20:09:38.6602212Z Resolving dependencies...
Web Tests (5)	UNKNOWN STEP	2026-02-25T20:09:38.8755525Z Downloading packages...
Web Tests (5)	UNKNOWN STEP	2026-02-25T20:09:38.9845335Z   _fe_analyzer_shared 91.0.0 (96.0.0 available)
Web Tests (5)	UNKNOWN STEP	2026-02-25T20:09:38.9845763Z   analyzer 8.4.1 (10.2.0 available)
Web Tests (5)	UNKNOWN STEP	2026-02-25T20:09:38.9846013Z   meta 1.17.0 (1.18.1 available)
Web Tests (5)	UNKNOWN STEP	2026-02-25T20:09:38.9846410Z   sqflite_common_ffi 2.3.7+1 (2.4.0+2 available)
Web Tests (5)	UNKNOWN STEP	2026-02-25T20:09:38.9846817Z   sqlite3 2.9.4 (3.1.6 available)
Web Tests (5)	UNKNOWN STEP	2026-02-25T20:09:38.9847190Z   unorm_dart 0.2.0 (0.3.2 available)
Web Tests (5)	UNKNOWN STEP	2026-02-25T20:09:38.9847574Z   win32 5.15.0 (6.0.0 available)
Web Tests (5)	UNKNOWN STEP	2026-02-25T20:09:38.9848171Z Got dependencies!
Web Tests (5)	UNKNOWN STEP	2026-02-25T20:09:38.9856628Z 7 packages have newer versions incompatible with dependency constraints.
Web Tests (5)	UNKNOWN STEP	2026-02-25T20:09:38.9857362Z Try `flutter pub outdated` for more information.
Web Tests (5)	UNKNOWN STEP	2026-02-25T20:09:39.5102528Z Launching integration_test/onboarding_flow_test.dart on Chrome in debug mode...
Web Tests (5)	UNKNOWN STEP	2026-02-25T20:10:03.9570398Z Waiting for connection from debug service on Chrome...             24.1s
Web Tests (5)	UNKNOWN STEP	2026-02-25T20:10:14.8528847Z Debug service listening on ws://127.0.0.1:35949/8kXctCInUNA=/ws
Web Tests (5)	UNKNOWN STEP	2026-02-25T20:10:14.8532847Z A Dart VM Service on Chrome is available at: http://127.0.0.1:35949/8kXctCInUNA=
Web Tests (5)	UNKNOWN STEP	2026-02-25T20:10:14.8537810Z The Flutter DevTools debugger and profiler on Chrome is available at: http://127.0.0.1:35949/8kXctCInUNA=/devtools/?uri=ws://127.0.0.1:35949/8kXctCInUNA=/ws
Web Tests (5)	UNKNOWN STEP	2026-02-25T20:10:14.8625562Z Starting application from main method in: org-dartlang-app:/web_entrypoint.dart.
Web Tests (5)	UNKNOWN STEP	2026-02-25T20:10:15.0647616Z Found an existing <meta name="viewport"> tag. Flutter Web uses its own viewport configuration for better compatibility with Flutter. This tag will be replaced.
Web Tests (5)	UNKNOWN STEP	2026-02-25T20:10:15.1988708Z 00:00 +0: (setUpAll)
Web Tests (5)	UNKNOWN STEP	2026-02-25T20:10:15.2123525Z [90m[🌎 Easy Localization] [DEBUG] Localization initialized[0m
Web Tests (5)	UNKNOWN STEP	2026-02-25T20:10:15.2134092Z 00:00 +1: Onboarding Flow Integration (WI-1.1, WI-1.2, WI-1.3) 1. Start at introduction -> select homeserver -> login -> verify session persists
Web Tests (5)	UNKNOWN STEP	2026-02-25T20:10:15.2299640Z ✓ Step 2: User selects homeserver (mocked)
Web Tests (5)	UNKNOWN STEP	2026-02-25T20:10:15.2300238Z ✓ Step 3: User login flow verified (mocked)
Web Tests (5)	UNKNOWN STEP	2026-02-25T20:10:15.2343145Z 00:00 +2: (tearDownAll)
Web Tests (5)	UNKNOWN STEP	2026-02-25T20:10:15.2425773Z 00:00 +3: All tests passed!
Web Tests (5)	UNKNOWN STEP	2026-02-25T20:19:38.6247699Z [1;33m[WARN][0m Timed out after 600s but 3 tests passed, 0 failed — treating as success
Web Tests (5)	UNKNOWN STEP	2026-02-25T20:19:38.6248716Z [0;34m[INFO][0m   Running: integration_test/room_discovery_strict_test.dart
Web Tests (5)	UNKNOWN STEP	2026-02-25T20:19:38.7982243Z Resolving dependencies...
Web Tests (5)	UNKNOWN STEP	2026-02-25T20:19:39.0089901Z Downloading packages...
Web Tests (5)	UNKNOWN STEP	2026-02-25T20:19:39.1432573Z   _fe_analyzer_shared 91.0.0 (96.0.0 available)
Web Tests (5)	UNKNOWN STEP	2026-02-25T20:19:39.1433053Z   analyzer 8.4.1 (10.2.0 available)
Web Tests (5)	UNKNOWN STEP	2026-02-25T20:19:39.1433421Z   meta 1.17.0 (1.18.1 available)
Web Tests (5)	UNKNOWN STEP	2026-02-25T20:19:39.1433766Z   sqflite_common_ffi 2.3.7+1 (2.4.0+2 available)
Web Tests (5)	UNKNOWN STEP	2026-02-25T20:19:39.1434161Z   sqlite3 2.9.4 (3.1.6 available)
Web Tests (5)	UNKNOWN STEP	2026-02-25T20:19:39.1434694Z   unorm_dart 0.2.0 (0.3.2 available)
Web Tests (5)	UNKNOWN STEP	2026-02-25T20:19:39.1435041Z   win32 5.15.0 (6.0.0 available)
Web Tests (5)	UNKNOWN STEP	2026-02-25T20:19:39.1435361Z Got dependencies!
Web Tests (5)	UNKNOWN STEP	2026-02-25T20:19:39.1443803Z 7 packages have newer versions incompatible with dependency constraints.
Web Tests (5)	UNKNOWN STEP	2026-02-25T20:19:39.1444759Z Try `flutter pub outdated` for more information.
Web Tests (5)	UNKNOWN STEP	2026-02-25T20:19:39.6786898Z Launching integration_test/room_discovery_strict_test.dart on Chrome in debug mode...
Web Tests (5)	UNKNOWN STEP	2026-02-25T20:20:09.5316598Z Waiting for connection from debug service on Chrome...             29.5s
Web Tests (5)	UNKNOWN STEP	2026-02-25T20:20:22.4234319Z Instance of 'AppConnectionException'
Web Tests (5)	UNKNOWN STEP	2026-02-25T20:20:22.4236249Z #0      DevHandler._startLocalDebugService (package:dwds/src/handlers/dev_handler.dart:221:7)
Web Tests (5)	UNKNOWN STEP	2026-02-25T20:20:22.4237079Z <asynchronous suspension>
Web Tests (5)	UNKNOWN STEP	2026-02-25T20:20:22.4245435Z #1      DevHandler._createChromeAppServices (package:dwds/src/handlers/dev_handler.dart:303:26)
Web Tests (5)	UNKNOWN STEP	2026-02-25T20:20:22.4246545Z <asynchronous suspension>
Web Tests (5)	UNKNOWN STEP	2026-02-25T20:20:22.4247297Z #2      DevHandler.loadAppServices (package:dwds/src/handlers/dev_handler.dart:273:23)
Web Tests (5)	UNKNOWN STEP	2026-02-25T20:20:22.4248292Z <asynchronous suspension>
Web Tests (5)	UNKNOWN STEP	2026-02-25T20:20:22.4249086Z #3      DevHandler.createDebugConnectionForChrome (package:dwds/src/handlers/dev_handler.dart:600:30)
Web Tests (5)	UNKNOWN STEP	2026-02-25T20:20:22.4249884Z <asynchronous suspension>
Web Tests (5)	UNKNOWN STEP	2026-02-25T20:20:22.4250408Z #4      Dwds.debugConnection (package:dwds/dart_web_debug_service.dart:68:14)
Web Tests (5)	UNKNOWN STEP	2026-02-25T20:20:22.4251067Z <asynchronous suspension>
Web Tests (5)	UNKNOWN STEP	2026-02-25T20:20:22.4251759Z #5      WebDevFS.connect.<anonymous closure> (package:flutter_tools/src/isolated/devfs_web.dart:160:17)
Web Tests (5)	UNKNOWN STEP	2026-02-25T20:20:22.4252452Z <asynchronous suspension>
Web Tests (5)	UNKNOWN STEP	2026-02-25T20:20:22.4252733Z 
Web Tests (5)	UNKNOWN STEP	2026-02-25T20:29:38.6933149Z [1;33m[WARN][0m Timed out with no tests running (possible AppConnectionException) — skipping: integration_test/room_discovery_strict_test.dart
Web Tests (5)	UNKNOWN STEP	2026-02-25T20:29:38.6949912Z [0;32m[OK][0m Phase 2 passed
Web Tests (5)	UNKNOWN STEP	2026-02-25T20:29:38.6950635Z [0;32m[OK][0m Web tests passed
Web Tests (5)	UNKNOWN STEP	2026-02-25T20:29:38.6950938Z 
Web Tests (5)	UNKNOWN STEP	2026-02-25T20:29:38.6951437Z [1m══════════════════════════════════════════════════════════[0m
Web Tests (5)	UNKNOWN STEP	2026-02-25T20:29:38.6952593Z [1m  Test Results Summary[0m
Web Tests (5)	UNKNOWN STEP	2026-02-25T20:29:38.6953129Z [1m══════════════════════════════════════════════════════════[0m
Web Tests (5)	UNKNOWN STEP	2026-02-25T20:29:38.6953452Z 
Web Tests (5)	UNKNOWN STEP	2026-02-25T20:29:38.6953641Z   TARGET             PASSED   FAILED  SKIPPED   DURATION
Web Tests (5)	UNKNOWN STEP	2026-02-25T20:29:38.6954207Z   ──────────────── ──────── ──────── ──────── ──────────
Web Tests (5)	UNKNOWN STEP	2026-02-25T20:29:38.6954953Z   [0;32mweb-integration [0m        3        0        3     40m 0s
Web Tests (5)	UNKNOWN STEP	2026-02-25T20:29:38.6955299Z 
Web Tests (5)	UNKNOWN STEP	2026-02-25T20:29:38.6955526Z   ──────────────── ──────── ──────── ────────
Web Tests (5)	UNKNOWN STEP	2026-02-25T20:29:38.6956066Z   [0;32mTOTAL                   3        0        3[0m
Web Tests (5)	UNKNOWN STEP	2026-02-25T20:29:38.6956358Z 
Web Tests (5)	UNKNOWN STEP	2026-02-25T20:29:38.6956662Z   [0;32m[1mRESULT: PASSED[0m
Web Tests (5)	UNKNOWN STEP	2026-02-25T20:29:38.6956951Z 
Web Tests (5)	UNKNOWN STEP	2026-02-25T20:29:38.6957355Z [1m══════════════════════════════════════════════════════════[0m
Web Tests (5)	UNKNOWN STEP	2026-02-25T20:29:38.6957664Z 
Web Tests (5)	UNKNOWN STEP	2026-02-25T20:29:38.7271637Z [0;34m[INFO][0m Cleaning up...
Web Tests (5)	UNKNOWN STEP	2026-02-25T20:29:38.7272227Z [0;34m[INFO][0m Cleanup complete
Web Tests (5)	UNKNOWN STEP	2026-02-25T20:29:38.7367614Z ##[group]Run docker compose down -v
Web Tests (5)	UNKNOWN STEP	2026-02-25T20:29:38.7368063Z [36;1mdocker compose down -v[0m
Web Tests (5)	UNKNOWN STEP	2026-02-25T20:29:38.7406894Z shell: /usr/bin/bash -e {0}
Web Tests (5)	UNKNOWN STEP	2026-02-25T20:29:38.7407258Z env:
Web Tests (5)	UNKNOWN STEP	2026-02-25T20:29:38.7407539Z   CACHE_VERSION: v1
Web Tests (5)	UNKNOWN STEP	2026-02-25T20:29:38.7407971Z   FLUTTER_ROOT: /opt/hostedtoolcache/flutter/stable-3.41.2-x64
Web Tests (5)	UNKNOWN STEP	2026-02-25T20:29:38.7408507Z   PUB_CACHE: /home/runner/.pub-cache
Web Tests (5)	UNKNOWN STEP	2026-02-25T20:29:38.7408889Z ##[endgroup]
Web Tests (5)	UNKNOWN STEP	2026-02-25T20:29:38.8742322Z time="2026-02-25T20:29:38Z" level=warning msg="/home/runner/work/substitution/substitution/docker-compose.yml: the attribute `version` is obsolete, it will be ignored, please remove it to avoid potential confusion"
Web Tests (5)	UNKNOWN STEP	2026-02-25T20:29:38.8783940Z  Container substitution-redis-1  Stopping
Web Tests (5)	UNKNOWN STEP	2026-02-25T20:29:38.8784641Z  Container substitution-matrix-synapse-1  Stopping
Web Tests (5)	UNKNOWN STEP	2026-02-25T20:29:39.0567586Z  Container substitution-redis-1  Stopped
Web Tests (5)	UNKNOWN STEP	2026-02-25T20:29:39.0568722Z  Container substitution-redis-1  Removing
Web Tests (5)	UNKNOWN STEP	2026-02-25T20:29:39.0680000Z  Container substitution-redis-1  Removed
Web Tests (5)	UNKNOWN STEP	2026-02-25T20:29:39.0743439Z  Container substitution-matrix-synapse-1  Stopped
Web Tests (5)	UNKNOWN STEP	2026-02-25T20:29:39.0744054Z  Container substitution-matrix-synapse-1  Removing
Web Tests (5)	UNKNOWN STEP	2026-02-25T20:29:39.1242362Z  Container substitution-matrix-synapse-1  Removed
Web Tests (5)	UNKNOWN STEP	2026-02-25T20:29:39.1243565Z  Container substitution-postgres-1  Stopping
Web Tests (5)	UNKNOWN STEP	2026-02-25T20:29:39.1246515Z  Container substitution-dex-1  Stopping
Web Tests (5)	UNKNOWN STEP	2026-02-25T20:29:39.2633150Z  Container substitution-dex-1  Stopped
Web Tests (5)	UNKNOWN STEP	2026-02-25T20:29:39.2638574Z  Container substitution-dex-1  Removing
Web Tests (5)	UNKNOWN STEP	2026-02-25T20:29:39.2665963Z  Container substitution-postgres-1  Stopped
Web Tests (5)	UNKNOWN STEP	2026-02-25T20:29:39.2667550Z  Container substitution-postgres-1  Removing
Web Tests (5)	UNKNOWN STEP	2026-02-25T20:29:39.2684913Z  Container substitution-dex-1  Removed
Web Tests (5)	UNKNOWN STEP	2026-02-25T20:29:39.3052986Z  Container substitution-postgres-1  Removed
Web Tests (5)	UNKNOWN STEP	2026-02-25T20:29:39.3059929Z  Network substitution_substitution_network  Removing
Web Tests (5)	UNKNOWN STEP	2026-02-25T20:29:39.4386504Z  Network substitution_substitution_network  Removed
Web Tests (5)	UNKNOWN STEP	2026-02-25T20:29:39.4533857Z Post job cleanup.
Web Tests (5)	UNKNOWN STEP	2026-02-25T20:29:39.5817509Z Post job cleanup.
Web Tests (5)	UNKNOWN STEP	2026-02-25T20:29:39.7077914Z Cache hit occurred on the primary key flutter-pub-linux-stable-3.41.2-x64-90673a4eef275d1a6692c26ac80d6d746d41a73a-fabacfc13d2b7e18a7fb2822593662b03764f624bf41fd351cdabec60fb27783, not saving cache.
Web Tests (5)	UNKNOWN STEP	2026-02-25T20:29:39.7145434Z Post job cleanup.
Web Tests (5)	UNKNOWN STEP	2026-02-25T20:29:39.8427592Z Cache hit occurred on the primary key flutter-linux-stable-3.41.2-x64-90673a4eef275d1a6692c26ac80d6d746d41a73a, not saving cache.
Web Tests (5)	UNKNOWN STEP	2026-02-25T20:29:39.8542574Z Post job cleanup.
Web Tests (5)	UNKNOWN STEP	2026-02-25T20:29:39.9472877Z [command]/usr/bin/git version
Web Tests (5)	UNKNOWN STEP	2026-02-25T20:29:39.9508779Z git version 2.53.0
Web Tests (5)	UNKNOWN STEP	2026-02-25T20:29:39.9558676Z Temporarily overriding HOME='/home/runner/work/_temp/cdcaabbd-9e4f-4b59-b9ed-51e9d5c4e970' before making global git config changes
Web Tests (5)	UNKNOWN STEP	2026-02-25T20:29:39.9559837Z Adding repository directory to the temporary git global config as a safe directory
Web Tests (5)	UNKNOWN STEP	2026-02-25T20:29:39.9565315Z [command]/usr/bin/git config --global --add safe.directory /home/runner/work/substitution/substitution
Web Tests (5)	UNKNOWN STEP	2026-02-25T20:29:39.9600228Z [command]/usr/bin/git config --local --name-only --get-regexp core\.sshCommand
Web Tests (5)	UNKNOWN STEP	2026-02-25T20:29:39.9633554Z [command]/usr/bin/git submodule foreach --recursive sh -c "git config --local --name-only --get-regexp 'core\.sshCommand' && git config --local --unset-all 'core.sshCommand' || :"
Web Tests (5)	UNKNOWN STEP	2026-02-25T20:29:39.9835895Z [command]/usr/bin/git config --local --name-only --get-regexp http\.https\:\/\/github\.com\/\.extraheader
Web Tests (5)	UNKNOWN STEP	2026-02-25T20:29:39.9856727Z http.https://github.com/.extraheader
Web Tests (5)	UNKNOWN STEP	2026-02-25T20:29:39.9868946Z [command]/usr/bin/git config --local --unset-all http.https://github.com/.extraheader
Web Tests (5)	UNKNOWN STEP	2026-02-25T20:29:39.9898366Z [command]/usr/bin/git submodule foreach --recursive sh -c "git config --local --name-only --get-regexp 'http\.https\:\/\/github\.com\/\.extraheader' && git config --local --unset-all 'http.https://github.com/.extraheader' || :"
Web Tests (5)	UNKNOWN STEP	2026-02-25T20:29:40.0086603Z [command]/usr/bin/git config --local --name-only --get-regexp ^includeIf\.gitdir:
Web Tests (5)	UNKNOWN STEP	2026-02-25T20:29:40.0117133Z [command]/usr/bin/git submodule foreach --recursive git config --local --show-origin --name-only --get-regexp remote.origin.url
Web Tests (5)	UNKNOWN STEP	2026-02-25T20:29:40.0402187Z Cleaning up orphan processes
All Tests Passed	Set up job	﻿2026-02-25T21:39:41.4645300Z Current runner version: '2.331.0'
All Tests Passed	Set up job	2026-02-25T21:39:41.4682208Z ##[group]Runner Image Provisioner
All Tests Passed	Set up job	2026-02-25T21:39:41.4683496Z Hosted Compute Agent
All Tests Passed	Set up job	2026-02-25T21:39:41.4684446Z Version: 20260213.493
All Tests Passed	Set up job	2026-02-25T21:39:41.4685565Z Commit: 5c115507f6dd24b8de37d8bbe0bb4509d0cc0fa3
All Tests Passed	Set up job	2026-02-25T21:39:41.4686819Z Build Date: 2026-02-13T00:28:41Z
All Tests Passed	Set up job	2026-02-25T21:39:41.4687954Z Worker ID: {10d62460-0914-468b-88c0-d759c453fd24}
All Tests Passed	Set up job	2026-02-25T21:39:41.4689306Z Azure Region: eastus2
All Tests Passed	Set up job	2026-02-25T21:39:41.4690406Z ##[endgroup]
All Tests Passed	Set up job	2026-02-25T21:39:41.4693007Z ##[group]Operating System
All Tests Passed	Set up job	2026-02-25T21:39:41.4694106Z Ubuntu
All Tests Passed	Set up job	2026-02-25T21:39:41.4694966Z 24.04.3
All Tests Passed	Set up job	2026-02-25T21:39:41.4695736Z LTS
All Tests Passed	Set up job	2026-02-25T21:39:41.4696705Z ##[endgroup]
All Tests Passed	Set up job	2026-02-25T21:39:41.4697603Z ##[group]Runner Image
All Tests Passed	Set up job	2026-02-25T21:39:41.4698600Z Image: ubuntu-24.04
All Tests Passed	Set up job	2026-02-25T21:39:41.4699773Z Version: 20260224.36.1
All Tests Passed	Set up job	2026-02-25T21:39:41.4701852Z Included Software: https://github.com/actions/runner-images/blob/ubuntu24/20260224.36/images/ubuntu/Ubuntu2404-Readme.md
All Tests Passed	Set up job	2026-02-25T21:39:41.4704789Z Image Release: https://github.com/actions/runner-images/releases/tag/ubuntu24%2F20260224.36
All Tests Passed	Set up job	2026-02-25T21:39:41.4706456Z ##[endgroup]
All Tests Passed	Set up job	2026-02-25T21:39:41.4708392Z ##[group]GITHUB_TOKEN Permissions
All Tests Passed	Set up job	2026-02-25T21:39:41.4711488Z Contents: read
All Tests Passed	Set up job	2026-02-25T21:39:41.4712379Z Metadata: read
All Tests Passed	Set up job	2026-02-25T21:39:41.4713373Z Packages: read
All Tests Passed	Set up job	2026-02-25T21:39:41.4714135Z ##[endgroup]
All Tests Passed	Set up job	2026-02-25T21:39:41.4717030Z Secret source: Actions
All Tests Passed	Set up job	2026-02-25T21:39:41.4718256Z Prepare workflow directory
All Tests Passed	Set up job	2026-02-25T21:39:41.5267210Z Prepare all required actions
All Tests Passed	Set up job	2026-02-25T21:39:41.5344760Z Complete job name: All Tests Passed
All Tests Passed	Check all jobs passed	﻿2026-02-25T21:39:41.6454742Z ##[group]Run # Note: result is 'success', 'failure', 'cancelled', or 'skipped'
All Tests Passed	Check all jobs passed	2026-02-25T21:39:41.6456704Z [36;1m# Note: result is 'success', 'failure', 'cancelled', or 'skipped'[0m
All Tests Passed	Check all jobs passed	2026-02-25T21:39:41.6458434Z [36;1m# For matrix jobs, needs.JOB_NAME.result is 'success' only if ALL shards pass.[0m
All Tests Passed	Check all jobs passed	2026-02-25T21:39:41.6460001Z [36;1mif [ "success" != "success" ] || \[0m
All Tests Passed	Check all jobs passed	2026-02-25T21:39:41.6461695Z [36;1m   [ "failure" != "success" ] || \[0m
All Tests Passed	Check all jobs passed	2026-02-25T21:39:41.6462749Z [36;1m   [ "failure" != "success" ] || \[0m
All Tests Passed	Check all jobs passed	2026-02-25T21:39:41.6463871Z [36;1m   [ "failure" != "success" ] || \[0m
All Tests Passed	Check all jobs passed	2026-02-25T21:39:41.6464981Z [36;1m   [ "failure" != "success" ]; then[0m
All Tests Passed	Check all jobs passed	2026-02-25T21:39:41.6466142Z [36;1m  echo "One or more test jobs failed"[0m
All Tests Passed	Check all jobs passed	2026-02-25T21:39:41.6467295Z [36;1m  echo "  unit-tests:    success"[0m
All Tests Passed	Check all jobs passed	2026-02-25T21:39:41.6468392Z [36;1m  echo "  web-tests:     failure"[0m
All Tests Passed	Check all jobs passed	2026-02-25T21:39:41.6469484Z [36;1m  echo "  linux-tests:   failure"[0m
All Tests Passed	Check all jobs passed	2026-02-25T21:39:41.6470861Z [36;1m  echo "  ios-tests:     failure"[0m
All Tests Passed	Check all jobs passed	2026-02-25T21:39:41.6472191Z [36;1m  echo "  android-tests: failure"[0m
All Tests Passed	Check all jobs passed	2026-02-25T21:39:41.6473200Z [36;1m  exit 1[0m
All Tests Passed	Check all jobs passed	2026-02-25T21:39:41.6474086Z [36;1mfi[0m
All Tests Passed	Check all jobs passed	2026-02-25T21:39:41.6474893Z [36;1mecho "All test jobs passed"[0m
All Tests Passed	Check all jobs passed	2026-02-25T21:39:41.7307574Z shell: /usr/bin/bash -e {0}
All Tests Passed	Check all jobs passed	2026-02-25T21:39:41.7308619Z env:
All Tests Passed	Check all jobs passed	2026-02-25T21:39:41.7309287Z   CACHE_VERSION: v1
All Tests Passed	Check all jobs passed	2026-02-25T21:39:41.7309878Z ##[endgroup]
All Tests Passed	Check all jobs passed	2026-02-25T21:39:41.7584759Z One or more test jobs failed
All Tests Passed	Check all jobs passed	2026-02-25T21:39:41.7585692Z   unit-tests:    success
All Tests Passed	Check all jobs passed	2026-02-25T21:39:41.7586503Z   web-tests:     failure
All Tests Passed	Check all jobs passed	2026-02-25T21:39:41.7587300Z   linux-tests:   failure
All Tests Passed	Check all jobs passed	2026-02-25T21:39:41.7588064Z   ios-tests:     failure
All Tests Passed	Check all jobs passed	2026-02-25T21:39:41.7588863Z   android-tests: failure
All Tests Passed	Check all jobs passed	2026-02-25T21:39:41.7615191Z ##[error]Process completed with exit code 1.
All Tests Passed	Complete job	﻿2026-02-25T21:39:41.7722525Z Cleaning up orphan processes
